2026-03-03 23:24:46:700 [OUT] 25 A5 01 0A 31 05 D6 3D FF 00 00 53 ED (13)
                              [N10:HMI] HMILED '=' 255 0 0 (16711680)
2026-03-03 23:24:46:723 [OUT] 25 A5 01 03 31 02 D8 3F 4E CE (10)
                              [N3:X] INTERRUPT '?'
2026-03-03 23:24:47:025 [IN ] C8 24 0A 0D 25 A5 0A 01 31 05 D6 3A FF 00 00 50 EA 91 C8 24 03 0C 25 A5 03 01 31 04 D8 3A 01 01 4D 6A EA (35)
                              [N10:HMI] HMILED ':' 255 0 0 (16711680)
                              [N3:X] INTERRUPT ':' 1 1 (257)
2026-03-03 23:24:47:046 [OUT] 25 A5 01 09 31 03 C9 3D 09 4D 1C (11)
                              [N9:P] LFLAG '=' 9 (9)
2026-03-03 23:24:47:068 [OUT] 25 A5 01 04 31 02 D8 3F 4F D3 (10)
                              [N4:Y] INTERRUPT '?'
2026-03-03 23:24:47:369 [IN ] C8 24 09 0B 25 A5 09 01 31 03 C9 3A 09 4A 1E 6A C8 24 04 0C 25 A5 04 01 31 04 D8 3A 01 01 4E 72 EA (33)
                              [N9:P] LFLAG ':' 9 (9)
                              [N4:Y] INTERRUPT ':' 1 1 (257)
2026-03-03 23:24:47:391 [OUT] 25 A5 01 09 31 03 CA 3D 09 4E 1F (11)
                              [N9:P] RFLAG '=' 9 (9)
2026-03-03 23:24:47:412 [OUT] 25 A5 01 0C 31 02 D8 3F 57 FB (10)
                              [N12:Z] INTERRUPT '?'
2026-03-03 23:24:47:713 [IN ] C8 24 09 0B 25 A5 09 01 31 03 CA 3A 09 4B 21 72 C8 24 0C 0C 25 A5 0C 01 31 04 D8 3A 01 01 56 B2 EA (33)
                              [N9:P] RFLAG ':' 9 (9)
                              [N12:Z] INTERRUPT ':' 1 1 (257)
2026-03-03 23:24:47:735 [OUT] 25 A5 01 08 31 03 C9 3D 09 4C 16 (11)
                              [N8:R] LFLAG '=' 9 (9)
2026-03-03 23:24:47:759 [OUT] 25 A5 01 03 31 03 C9 3D 0B 49 FA (11)
                              [N3:X] LFLAG '=' 11 (11)
2026-03-03 23:24:47:782 [OUT] 25 A5 01 04 31 03 C9 3D 0B 4A 00 (11)
                              [N4:Y] LFLAG '=' 11 (11)
2026-03-03 23:24:47:805 [OUT] 25 A5 01 0C 31 03 C9 3D 0B 52 30 (11)
                              [N12:Z] LFLAG '=' 11 (11)
2026-03-03 23:24:47:890 [IN ] C8 24 08 0B 25 A5 08 01 31 03 C9 3A 09 49 17 B2 (16)
                              [N8:R] LFLAG ':' 9 (9)
2026-03-03 23:24:47:911 [OUT] 25 A5 01 08 31 03 CA 3D 09 4D 19 (11)
                              [N8:R] RFLAG '=' 9 (9)
2026-03-03 23:24:47:994 [IN ] C8 24 03 0B 25 A5 03 01 31 03 C9 3A 0B 46 F6 B2 (16)
                              [N3:X] LFLAG ':' 11 (11)
2026-03-03 23:24:48:017 [OUT] 25 A5 01 03 31 03 88 00 50 10 02 (11)
                              [N3:X] RUN 0 80 (80)
2026-03-03 23:24:48:123 [IN ] C8 24 04 0B 25 A5 04 01 31 03 C9 3A 0B 47 FD B2 (16)
                              [N4:Y] LFLAG ':' 11 (11)
2026-03-03 23:24:48:146 [OUT] 25 A5 01 04 31 03 88 00 50 11 08 (11)
                              [N4:Y] RUN 0 80 (80)
2026-03-03 23:24:48:230 [IN ] C8 24 0C 0B 25 A5 0C 01 31 03 C9 3A 0B 4F 35 B2 (16)
                              [N12:Z] LFLAG ':' 11 (11)
2026-03-03 23:24:48:251 [OUT] 25 A5 01 0C 31 03 88 00 50 19 38 (11)
                              [N12:Z] RUN 0 80 (80)
2026-03-03 23:24:48:336 [IN ] C8 24 08 0B 25 A5 08 01 31 03 CA 3A 09 4A 1A B2 (16)
                              [N8:R] RFLAG ':' 9 (9)
2026-03-03 23:24:48:440 [IN ] C8 24 03 0C 25 A5 03 01 31 04 88 53 00 50 64 C2 EA (17)
                              [N3:X] RUN 'S' 0 80 (80)
2026-03-03 23:24:48:565 [IN ] C8 24 04 0C 25 A5 04 01 31 04 88 53 00 50 65 CA EA (17)
                              [N4:Y] RUN 'S' 0 80 (80)
2026-03-03 23:24:48:649 [IN ] C8 24 0C 0C 25 A5 0C 01 31 04 88 53 00 50 (14)
2026-03-03 23:24:48:671 [IN ] 6D 0A EA (3)
                              [N12:Z] RUN 'S' 0 80 (80)
2026-03-03 23:24:55:093 [IN ] C8 24 04 0B 25 A5 04 01 31 03 81 5A 4C 60 A6 0A C8 24 04 0A 25 A5 04 01 31 02 81 49 02 32 A6 (31)
                              [N4:Y] TPOS 'Z' 76 (76)
                              [N4:Y] TPOS 'I'
2026-03-03 23:24:55:317 [OUT] 25 A5 01 09 31 02 D8 3F 54 EC (10)
                              [N9:P] INTERRUPT '?'
2026-03-03 23:24:55:618 [IN ] C8 24 09 0C 25 A5 09 01 31 04 D8 3A 01 01 53 9A EA (17)
                              [N9:P] INTERRUPT ':' 1 1 (257)
2026-03-03 23:24:55:640 [OUT] 25 A5 01 04 31 03 C9 3D 09 48 FE (11)
                              [N4:Y] LFLAG '=' 9 (9)
2026-03-03 23:24:55:663 [OUT] 25 A5 01 07 31 02 D8 3F 52 E2 (10)
                              [N7:N] INTERRUPT '?'
2026-03-03 23:24:55:965 [IN ] C8 24 04 0B 25 A5 04 01 31 03 C9 3A 09 45 FB 9A C8 24 07 0C 25 A5 07 01 31 04 D8 3A 01 01 51 8A EA (33)
                              [N4:Y] LFLAG ':' 9 (9)
                              [N7:N] INTERRUPT ':' 1 1 (257)
2026-03-03 23:24:55:987 [OUT] 25 A5 01 09 31 03 C9 3D 0B 4F 1E (11)
                              [N9:P] LFLAG '=' 11 (11)
2026-03-03 23:24:56:009 [OUT] 25 A5 01 07 31 03 C9 3D 0B 4D 12 (11)
                              [N7:N] LFLAG '=' 11 (11)
2026-03-03 23:24:56:158 [IN ] C8 24 09 0B 25 A5 09 01 31 03 C9 3A 0B 4C 20 8A (16)
                              [N9:P] LFLAG ':' 11 (11)
2026-03-03 23:24:56:181 [OUT] 25 A5 01 09 31 03 88 00 50 16 26 (11)
                              [N9:P] RUN 0 80 (80)
2026-03-03 23:24:56:265 [IN ] C8 24 07 0B 25 A5 07 01 31 03 C9 3A 0B 4A 12 8A (16)
                              [N7:N] LFLAG ':' 11 (11)
2026-03-03 23:24:56:287 [OUT] 25 A5 01 07 31 03 88 00 50 14 1A (11)
                              [N7:N] RUN 0 80 (80)
2026-03-03 23:24:56:369 [IN ] C8 24 09 0C 25 A5 09 01 31 04 88 53 00 50 6A F2 EA (17)
                              [N9:P] RUN 'S' 0 80 (80)
2026-03-03 23:24:56:433 [IN ] C8 24 09 0B 25 A5 09 01 31 03 81 5A 4C 65 C9 F2 (16)
                              [N9:P] TPOS 'Z' 76 (76)
2026-03-03 23:24:56:475 [IN ] C8 24 07 0C 25 A5 07 01 31 04 88 53 00 50 68 E2 EA C8 24 09 0A 25 A5 09 01 31 02 81 49 07 50 68 (32)
                              [N7:N] RUN 'S' 0 80 (80)
                              [N9:P] TPOS 'I'
2026-03-03 23:24:56:701 [OUT] 25 A5 01 09 31 03 C9 3D 09 4D 1C (11)
                              [N9:P] LFLAG '=' 9 (9)
2026-03-03 23:24:56:723 [OUT] 25 A5 01 04 31 05 81 FF EE 88 01 32 FA (13)
                              [N4:Y] TPOS 255 238 136 1 (-1144831)
2026-03-03 23:24:56:870 [IN ] C8 24 09 0B 25 A5 09 01 31 03 C9 3A 09 4A 1E E2 (16)
                              [N9:P] LFLAG ':' 9 (9)
2026-03-03 23:24:56:995 [IN ] C8 24 04 0E 25 A5 04 01 31 06 81 53 00 00 00 00 10 88 53 (19)
                              [N4:Y] TPOS 'S' 0 0 0 0 (0)
2026-03-03 23:24:57:399 [IN ] C8 24 03 0B 25 A5 03 01 31 03 81 5A 4C 5F 9F 00 C8 24 03 0A 25 A5 03 01 31 02 81 49 01 2C 9F (31)
                              [N3:X] TPOS 'Z' 76 (76)
                              [N3:X] TPOS 'I'
2026-03-03 23:24:57:623 [OUT] 25 A5 01 03 31 03 C9 3D 09 47 F8 (11)
                              [N3:X] LFLAG '=' 9 (9)
2026-03-03 23:24:57:790 [IN ] C8 24 03 0B 25 A5 03 01 31 03 C9 3A 09 44 F4 00 (16)
                              [N3:X] LFLAG ':' 9 (9)
2026-03-03 23:25:00:402 [IN ] C8 24 07 0B 25 A5 07 01 31 03 81 5A 4C 63 BB 00 C8 24 07 0A 25 A5 07 01 31 02 81 49 05 44 BB (31)
                              [N7:N] TPOS 'Z' 76 (76)
                              [N7:N] TPOS 'I'
2026-03-03 23:25:00:625 [OUT] 25 A5 01 07 31 03 C9 3D 09 4B 10 (11)
                              [N7:N] LFLAG '=' 9 (9)
2026-03-03 23:25:00:813 [IN ] C8 24 07 0B 25 A5 07 01 31 03 C9 3A 09 48 10 00 (16)
                              [N7:N] LFLAG ':' 9 (9)
2026-03-03 23:25:03:023 [IN ] C8 24 04 0E 25 A5 04 01 31 06 81 45 FF EE 85 A5 19 B7 53 (19)
                              [N4:Y] TPOS 'E' 255 238 133 165 (-1145435)
2026-03-03 23:25:03:247 [OUT] 25 A5 01 09 31 05 81 FF E7 5D 56 5A 0C (13)
                              [N9:P] TPOS 255 231 93 86 (-1614506)
2026-03-03 23:25:03:270 [OUT] 25 A5 01 04 31 05 81 FF FD 50 01 09 B7 (13)
                              [N4:Y] TPOS 255 253 80 1 (-176127)
2026-03-03 23:25:03:292 [OUT] 25 A5 01 07 31 05 81 FF AB 19 75 F7 DF (13)
                              [N7:N] TPOS 255 171 25 117 (-5564043)
2026-03-03 23:25:03:314 [OUT] 25 A5 01 03 31 05 81 FF EC 4A AB 9B 1A (13)
                              [N3:X] TPOS 255 236 74 171 (-1291605)
2026-03-03 23:25:03:336 [OUT] 25 A5 01 06 31 02 D8 3F 51 DD (10)
                              [N6:H] INTERRUPT '?'
2026-03-03 23:25:03:638 [IN ] C8 24 09 0E 25 A5 09 01 31 06 81 53 FF FF FF F6 08 A7 53 C8 24 04 0E 25 A5 04 01 31 06 81 53 FF EE 85 A5 27 FD 53 (38)
                              [N9:P] TPOS 'S' 255 255 255 246 (-10)
                              [N4:Y] TPOS 'S' 255 238 133 165 (-1145435)
2026-03-03 23:25:03:939 [IN ] C8 24 07 0E 25 A5 07 01 31 06 81 53 FF FF FF F9 09 96 53 C8 24 03 0E 25 A5 03 01 31 06 81 53 00 00 00 00 0F 7E 53 C8 24 06 0C 25 A5 06 01 31 04 D8 3A 01 01 50 82 0F (55)
                              [N7:N] TPOS 'S' 255 255 255 249 (-7)
                              [N3:X] TPOS 'S' 0 0 0 0 (0)
                              [N6:H] INTERRUPT ':' 1 1 (257)
2026-03-03 23:25:03:961 [OUT] 25 A5 01 06 31 03 C9 3D 0B 4C 0C (11)
                              [N6:H] LFLAG '=' 11 (11)
2026-03-03 23:25:04:129 [IN ] C8 24 06 0B 25 A5 06 01 31 03 C9 3A 0B 49 0B 82 (16)
                              [N6:H] LFLAG ':' 11 (11)
2026-03-03 23:25:04:151 [OUT] 25 A5 01 06 31 03 88 FF B0 72 72 (11)
                              [N6:H] RUN 255 176 (-80)
2026-03-03 23:25:04:320 [IN ] C8 24 06 0C 25 A5 06 01 31 04 88 53 FF B0 C6 38 0F (17)
                              [N6:H] RUN 'S' 255 176 (-80)
2026-03-03 23:25:07:734 [IN ] C8 24 0C 0B 25 A5 0C 01 31 03 81 5A 4C 68 DE 38 C8 24 0C 0A 25 A5 0C 01 31 02 81 49 0A 62 DE (31)
                              [N12:Z] TPOS 'Z' 76 (76)
                              [N12:Z] TPOS 'I'
2026-03-03 23:25:07:957 [OUT] 25 A5 01 0C 31 03 C9 3D 09 50 2E (11)
                              [N12:Z] LFLAG '=' 9 (9)
2026-03-03 23:25:08:125 [IN ] C8 24 0C 0B 25 A5 0C 01 31 03 C9 3A 09 4D 33 38 (16)
                              [N12:Z] LFLAG ':' 9 (9)
2026-03-03 23:25:08:146 [OUT] 25 A5 01 0C 31 05 81 FF BC D0 00 4F 33 (13)
                              [N12:Z] TPOS 255 188 208 0 (-4403200)
2026-03-03 23:25:08:230 [IN ] C8 24 06 0B 25 A5 06 01 31 03 81 5A 4C 62 B4 38 (16)
                              [N6:H] TPOS 'Z' 76 (76)
2026-03-03 23:25:08:274 [IN ] C8 24 06 0A 25 A5 06 01 31 02 81 49 04 3E B4 (15)
                              [N6:H] TPOS 'I'
2026-03-03 23:25:08:318 [OUT] 25 A5 01 06 31 03 C9 3D 09 4A 0A (11)
                              [N6:H] LFLAG '=' 9 (9)
2026-03-03 23:25:08:340 [IN ] C8 24 0C 0E 25 A5 0C 01 31 06 81 53 FF FF FF 7D 92 4C 53 (19)
                              [N12:Z] TPOS 'S' 255 255 255 125 (-131)
2026-03-03 23:25:08:487 [IN ] C8 24 06 0B 25 A5 06 01 31 03 C9 3A 09 47 09 7D (16)
                              [N6:H] LFLAG ':' 9 (9)
2026-03-03 23:25:08:509 [OUT] 25 A5 01 06 31 03 84 00 50 0F 08 (11)
                              [N6:H] VEL 0 80 (80)
2026-03-03 23:25:08:675 [IN ] C8 24 06 0C 25 A5 06 01 31 04 84 53 00 50 63 CA 92 (17)
                              [N6:H] VEL 'S' 0 80 (80)
2026-03-03 23:25:08:696 [OUT] 25 A5 01 06 31 05 81 00 19 82 3C 95 BE (13)
                              [N6:H] TPOS 0 25 130 60 (1671740)
2026-03-03 23:25:08:885 [IN ] C8 24 06 0E 25 A5 06 01 31 06 81 53 00 00 00 01 13 9D 53 (19)
                              [N6:H] TPOS 'S' 0 0 0 1 (1)
2026-03-03 23:25:10:090 [IN ] C8 24 03 0E 25 A5 03 01 31 06 81 45 FF EC 47 32 65 B8 53 (19)
                              [N3:X] TPOS 'E' 255 236 71 50 (-1292494)
2026-03-03 23:25:10:515 [OUT] 25 A5 01 03 31 05 81 FF FD 50 01 08 AF (13)
                              [N3:X] TPOS 255 253 80 1 (-176127)
2026-03-03 23:25:10:703 [IN ] C8 24 03 0E 25 A5 03 01 31 06 81 53 FF EC 47 32 73 FE 53 (19)
                              [N3:X] TPOS 'S' 255 236 71 50 (-1292494)
2026-03-03 23:25:11:908 [IN ] C8 24 04 0E 25 A5 04 01 31 06 81 45 FF FD 4F DF 2C B2 53 (19)
                              [N4:Y] TPOS 'E' 255 253 79 223 (-176161)
2026-03-03 23:25:13:316 [IN ] C8 24 09 0E 25 A5 09 01 31 06 81 45 FF E7 5B C1 09 9C 53 (19)
                              [N9:P] TPOS 'E' 255 231 91 193 (-1614911)
2026-03-03 23:25:13:740 [OUT] 25 A5 01 09 31 05 81 FF FF D9 C8 60 BE (13)
                              [N9:P] TPOS 255 255 217 200 (-9784)
2026-03-03 23:25:13:928 [IN ] C8 24 09 0E 25 A5 09 01 31 06 81 53 FF E7 5B CE 24 EF 53 (19)
                              [N9:P] TPOS 'S' 255 231 91 206 (-1614898)
2026-03-03 23:25:16:738 [IN ] C8 24 06 0E 25 A5 06 01 31 06 81 45 00 19 86 6D 10 1A 53 (19)
                              [N6:H] TPOS 'E' 0 25 134 109 (1672813)
2026-03-03 23:25:17:163 [OUT] 25 A5 01 06 31 05 81 00 0D 03 C1 8F 21 (13)
                              [N6:H] TPOS 0 13 3 193 (852929)
2026-03-03 23:25:17:351 [IN ] C8 24 06 0E 25 A5 06 01 31 06 81 53 00 19 86 6D 1E 60 53 (19)
                              [N6:H] TPOS 'S' 0 25 134 109 (1672813)
2026-03-03 23:25:19:558 [IN ] C8 24 03 0E 25 A5 03 01 31 06 81 45 FF FD 50 E6 33 B1 53 (19)
                              [N3:X] TPOS 'E' 255 253 80 230 (-175898)
2026-03-03 23:25:21:165 [IN ] C8 24 06 0E 25 A5 06 01 31 06 81 45 00 0C FE DD EB 53 53 (19)
                              [N6:H] TPOS 'E' 0 12 254 221 (851677)
2026-03-03 23:25:21:389 [OUT] 25 A5 01 05 31 02 D8 3F 50 D8 (10)
                              [N5:V] INTERRUPT '?'
2026-03-03 23:25:21:690 [IN ] C8 24 05 0C 25 A5 05 01 31 04 D8 3A 01 01 4F 7A EB (17)
                              [N5:V] INTERRUPT ':' 1 1 (257)
2026-03-03 23:25:21:711 [OUT] 25 A5 01 05 31 03 C9 3D 0B 4B 06 (11)
                              [N5:V] LFLAG '=' 11 (11)
2026-03-03 23:25:21:858 [IN ] C8 24 05 0B 25 A5 05 01 31 03 C9 3A 0B 48 04 7A (16)
                              [N5:V] LFLAG ':' 11 (11)
2026-03-03 23:25:21:881 [OUT] 25 A5 01 05 31 03 88 FF B0 71 6C (11)
                              [N5:V] RUN 255 176 (-80)
2026-03-03 23:25:22:048 [IN ] C8 24 05 0C 25 A5 05 01 31 04 88 53 FF B0 C5 30 EB (17)
                              [N5:V] RUN 'S' 255 176 (-80)
2026-03-03 23:25:23:655 [IN ] C8 24 09 0E 25 A5 09 01 31 06 81 45 FF FF DA AE 8D CF 53 (19)
                              [N9:P] TPOS 'E' 255 255 218 174 (-9554)
2026-03-03 23:25:23:879 [OUT] 25 A5 01 08 31 02 D8 3F 53 E7 (10)
                              [N8:R] INTERRUPT '?'
2026-03-03 23:25:24:180 [IN ] C8 24 08 0C 25 A5 08 01 31 04 D8 3A 01 01 52 92 8D (17)
                              [N8:R] INTERRUPT ':' 1 1 (257)
2026-03-03 23:25:24:201 [OUT] 25 A5 01 08 31 03 CA 3D 0B 4F 1B (11)
                              [N8:R] RFLAG '=' 11 (11)
2026-03-03 23:25:24:369 [IN ] C8 24 08 0B 25 A5 08 01 31 03 CA 3A 0B 4C 1C 92 (16)
                              [N8:R] RFLAG ':' 11 (11)
2026-03-03 23:25:24:390 [OUT] 25 A5 01 08 31 03 88 00 50 15 20 (11)
                              [N8:R] RUN 0 80 (80)
2026-03-03 23:25:24:557 [IN ] C8 24 (2)
2026-03-03 23:25:24:578 [IN ] 08 0C 25 A5 08 01 31 04 88 53 00 50 69 EA 8D (15)
                              [N8:R] RUN 'S' 0 80 (80)
2026-03-03 23:25:27:189 [IN ] C8 24 05 0B 25 A5 05 01 31 03 81 5A 4C 61 AD EA C8 24 05 0A 25 A5 05 01 31 02 81 49 03 38 AD (31)
                              [N5:V] TPOS 'Z' 76 (76)
                              [N5:V] TPOS 'I'
2026-03-03 23:25:27:414 [OUT] 25 A5 01 05 31 03 C9 3D 09 49 04 (11)
                              [N5:V] LFLAG '=' 9 (9)
2026-03-03 23:25:27:583 [IN ] C8 24 05 0B 25 A5 05 01 31 03 C9 3A 09 46 02 EA (16)
                              [N5:V] LFLAG ':' 9 (9)
2026-03-03 23:25:27:605 [OUT] 25 A5 01 05 31 03 84 00 50 0E 02 (11)
                              [N5:V] VEL 0 80 (80)
2026-03-03 23:25:27:772 [IN ] C8 24 05 0C 25 A5 05 01 31 04 84 53 00 50 62 C2 8D (17)
                              [N5:V] VEL 'S' 0 80 (80)
2026-03-03 23:25:27:794 [OUT] 25 A5 01 05 31 05 81 00 19 82 3C 94 B6 (13)
                              [N5:V] TPOS 0 25 130 60 (1671740)
2026-03-03 23:25:27:963 [IN ] C8 24 05 0E 25 A5 05 01 31 06 81 53 00 00 00 00 11 92 53 (19)
                              [N5:V] TPOS 'S' 0 0 0 0 (0)
2026-03-03 23:25:28:766 [IN ] C8 24 07 0E 25 A5 07 01 31 06 81 45 FF AB 14 AF 72 34 53 (19)
                              [N7:N] TPOS 'E' 255 171 20 175 (-5565265)
2026-03-03 23:25:29:191 [OUT] 25 A5 01 07 31 05 81 FF F3 35 BF A5 39 (13)
                              [N7:N] TPOS 255 243 53 191 (-838209)
2026-03-03 23:25:29:379 [IN ] C8 24 07 0E 25 A5 07 01 31 06 81 53 FF AB 14 AF 80 7A 53 (19)
                              [N7:N] TPOS 'S' 255 171 20 175 (-5565265)
2026-03-03 23:25:33:594 [IN ] C8 24 08 0B 25 A5 08 01 31 03 81 5A 52 6A C8 AF C8 24 08 0A 25 A5 08 01 31 02 81 49 06 4A C8 (31)
                              [N8:R] TPOS 'Z' 82 (82)
                              [N8:R] TPOS 'I'
2026-03-03 23:25:33:818 [OUT] 25 A5 01 08 31 03 CA 3D 09 4D 19 (11)
                              [N8:R] RFLAG '=' 9 (9)
2026-03-03 23:25:34:007 [IN ] C8 24 08 0B 25 A5 08 01 31 03 CA 3A 09 4A 1A AF (16)
                              [N8:R] RFLAG ':' 9 (9)
2026-03-03 23:25:34:028 [OUT] 25 A5 01 08 31 05 81 FF DC 77 1D 2F DE (13)
                              [N8:R] TPOS 255 220 119 29 (-2328803)
2026-03-03 23:25:34:195 [IN ] C8 24 08 0E 25 A5 08 01 31 06 81 53 FF FF FF E5 F6 8C 53 (19)
                              [N8:R] TPOS 'S' 255 255 255 229 (-27)
2026-03-03 23:25:36:002 [IN ] C8 24 05 0E 25 A5 05 01 31 06 81 45 00 19 85 AB 4C 4C 53 (19)
                              [N5:V] TPOS 'E' 0 25 133 171 (1672619)
2026-03-03 23:25:36:025 [OUT] 25 A5 01 0C 31 01 82 C1 4C (9)
                              [N12:Z] GETPOS
2026-03-03 23:25:36:048 [OUT] 25 A5 01 05 31 01 82 BA 30 (9)
                              [N5:V] GETPOS
2026-03-03 23:25:36:070 [OUT] 25 A5 01 07 31 01 82 BC 38 (9)
                              [N7:N] GETPOS
2026-03-03 23:25:36:092 [OUT] 25 A5 01 08 31 01 82 BD 3C (9)
                              [N8:R] GETPOS
2026-03-03 23:25:36:176 [IN ] C8 24 0C 0D 25 A5 0C 01 31 05 82 FF BC CF 2D 7C 6E 4C (18)
                              [N12:Z] GETPOS 255 188 207 45 (-4403411)
2026-03-03 23:25:36:239 [IN ] C8 24 0C 0E 25 A5 0C 01 31 06 81 45 FF BC CF E6 7A 46 53 (19)
                              [N12:Z] TPOS 'E' 255 188 207 230 (-4403226)
2026-03-03 23:25:36:262 [IN ] C8 24 05 0D 25 A5 05 01 31 05 82 00 19 85 AB 07 34 46 (18)
                              [N5:V] GETPOS 0 25 133 171 (1672619)
2026-03-03 23:25:36:283 [OUT] 25 A5 01 05 31 05 81 00 0D 03 C1 8E 19 (13)
                              [N5:V] TPOS 0 13 3 193 (852929)
2026-03-03 23:25:36:306 [OUT] 25 A5 01 0C 31 05 81 FF D1 1A 67 15 6D (13)
                              [N12:Z] TPOS 255 209 26 103 (-3073433)
2026-03-03 23:25:36:370 [IN ] C8 24 07 0D 25 A5 07 01 31 05 82 FF C2 D3 01 55 2F 46 (18)
                              [N7:N] GETPOS 255 194 211 1 (-4009215)
2026-03-03 23:25:36:434 [IN ] C8 24 08 0D 25 A5 08 01 31 05 82 FF FA EF B8 61 CF 46 (18)
                              [N8:R] GETPOS 255 250 239 184 (-331848)
2026-03-03 23:25:36:560 [IN ] C8 24 05 0E 25 A5 05 01 31 06 81 53 00 19 85 AB 5A 92 53 (19)
                              [N5:V] TPOS 'S' 0 25 133 171 (1672619)
2026-03-03 23:25:36:582 [OUT] 25 A5 01 05 31 01 82 BA 30 (9)
                              [N5:V] GETPOS
2026-03-03 23:25:36:708 [IN ] C8 24 0C 0E 25 A5 0C 01 31 06 81 53 FF BC CF E7 89 8D 53 (19)
                              [N12:Z] TPOS 'S' 255 188 207 231 (-4403225)
2026-03-03 23:25:36:792 [IN ] C8 24 05 0D 25 A5 05 01 31 05 82 00 19 04 BE 99 45 8D (18)
                              [N5:V] GETPOS 0 25 4 190 (1639614)
2026-03-03 23:25:41:811 [IN ] C8 24 05 0E 25 A5 05 01 31 06 81 45 00 0D 02 7F 91 F6 53 (19)
                              [N5:V] TPOS 'E' 0 13 2 127 (852607)
2026-03-03 23:25:42:034 [OUT] 25 A5 01 03 31 05 81 FF ED B1 30 88 70 (13)
                              [N3:X] TPOS 255 237 177 48 (-1199824)
2026-03-03 23:25:42:056 [OUT] 25 A5 01 04 31 05 81 FF F3 BD 0C 77 7E (13)
                              [N4:Y] TPOS 255 243 189 12 (-803572)
2026-03-03 23:25:42:224 [IN ] C8 24 03 0E 25 A5 03 01 31 06 81 53 FF FD 50 E6 41 F7 53 (19)
                              [N3:X] TPOS 'S' 255 253 80 230 (-175898)
2026-03-03 23:25:42:329 [IN ] C8 24 04 0E 25 A5 04 01 31 06 81 53 FF FD 4F DF 3A F8 53 (19)
                              [N4:Y] TPOS 'S' 255 253 79 223 (-176161)
2026-03-03 23:25:45:140 [IN ] C8 24 0C 0E 25 A5 0C 01 31 06 81 45 FF D1 1A AD A1 E2 53 (19)
                              [N12:Z] TPOS 'E' 255 209 26 173 (-3073363)
2026-03-03 23:25:45:743 [IN ] C8 24 04 0E 25 A5 04 01 31 06 81 45 FF F3 BA 1E CC A9 53 (19)
                              [N4:Y] TPOS 'E' 255 243 186 30 (-804322)
2026-03-03 23:25:47:147 [IN ] C8 24 03 0E 25 A5 03 01 31 06 81 45 FF ED AD 0B A5 60 53 (19)
                              [N3:X] TPOS 'E' 255 237 173 11 (-1200885)
2026-03-03 23:25:49:557 [IN ] C8 24 08 0E 25 A5 08 01 31 06 81 45 FF DC 74 25 7A 07 53 (19)
                              [N8:R] TPOS 'E' 255 220 116 37 (-2329563)
2026-03-03 23:25:49:981 [OUT] 25 A5 01 08 31 05 81 FF EE 15 56 18 89 (13)
                              [N8:R] TPOS 255 238 21 86 (-1174186)
2026-03-03 23:25:50:169 [IN ] C8 24 08 0E 25 A5 08 (7)
2026-03-03 23:25:50:191 [IN ] 01 31 06 81 53 FF DC 74 31 94 59 53 (12)
                              [N8:R] TPOS 'S' 255 220 116 49 (-2329551)
2026-03-03 23:25:50:594 [IN ] C8 24 07 0E 25 A5 07 01 31 06 81 45 FF F3 3A DA 0B 83 53 (19)
                              [N7:N] TPOS 'E' 255 243 58 218 (-836902)
2026-03-03 23:25:58:620 [IN ] C8 24 08 0E 25 A5 08 01 31 06 81 45 FF EE 17 3E 48 9C 53 (19)
                              [N8:R] TPOS 'E' 255 238 23 62 (-1173698)
