2026-04-26 13:23:41:309 [OUT] 25 A5 01 0A 31 05 D6 3D FF 00 00 53 ED (13)
                              [N10:HMI] HMILED '=' 255 0 0 (16711680)
2026-04-26 13:23:41:333 [OUT] 25 A5 01 03 31 02 D8 3F 4E CE (10)
                              [N3:X] INTERRUPT '?'
2026-04-26 13:23:41:635 [IN ] C8 24 0A 0D 25 A5 0A 01 31 05 D6 3A FF 00 00 50 EA 66 C8 24 03 0C 25 A5 03 01 31 04 D8 3A 01 01 4D 6A EA (35)
                              [N10:HMI] HMILED ':' 255 0 0 (16711680)
                              [N3:X] INTERRUPT ':' 1 1 (257)
2026-04-26 13:23:41:656 [OUT] 25 A5 01 09 31 03 C9 3D 09 4D 1C (11)
                              [N9:P] LFLAG '=' 9 (9)
2026-04-26 13:23:41:679 [OUT] 25 A5 01 04 31 02 D8 3F 4F D3 (10)
                              [N4:Y] INTERRUPT '?'
2026-04-26 13:23:41:981 [IN ] C8 24 09 0B 25 A5 09 01 31 03 C9 3A 09 4A 1E 6A C8 24 04 0C 25 A5 04 01 31 04 D8 3A 01 01 4E 72 EA (33)
                              [N9:P] LFLAG ':' 9 (9)
                              [N4:Y] INTERRUPT ':' 1 1 (257)
2026-04-26 13:23:42:003 [OUT] 25 A5 01 09 31 03 CA 3D 09 4E 1F (11)
                              [N9:P] RFLAG '=' 9 (9)
2026-04-26 13:23:42:025 [OUT] 25 A5 01 0C 31 02 D8 3F 57 FB (10)
                              [N12:Z] INTERRUPT '?'
2026-04-26 13:23:42:326 [IN ] C8 24 09 0B 25 A5 09 01 31 03 CA 3A 09 4B 21 72 C8 24 0C 0C 25 A5 0C 01 31 04 D8 3A 01 01 56 B2 EA (33)
                              [N9:P] RFLAG ':' 9 (9)
                              [N12:Z] INTERRUPT ':' 1 1 (257)
2026-04-26 13:23:42:348 [OUT] 25 A5 01 08 31 03 C9 3D 09 4C 16 (11)
                              [N8:R] LFLAG '=' 9 (9)
2026-04-26 13:23:42:371 [OUT] 25 A5 01 03 31 03 C9 3D 0B 49 FA (11)
                              [N3:X] LFLAG '=' 11 (11)
2026-04-26 13:23:42:393 [OUT] 25 A5 01 04 31 03 C9 3D 0B 4A 00 (11)
                              [N4:Y] LFLAG '=' 11 (11)
2026-04-26 13:23:42:416 [OUT] 25 A5 01 0C 31 03 C9 3D 0B 52 30 (11)
                              [N12:Z] LFLAG '=' 11 (11)
2026-04-26 13:23:42:518 [IN ] C8 24 08 0B 25 A5 08 01 31 03 C9 3A 09 49 17 B2 (16)
                              [N8:R] LFLAG ':' 9 (9)
2026-04-26 13:23:42:541 [OUT] 25 A5 01 08 31 03 CA 3D 09 4D 19 (11)
                              [N8:R] RFLAG '=' 9 (9)
2026-04-26 13:23:42:626 [IN ] C8 24 03 0B 25 A5 03 01 31 03 C9 3A 0B 46 F6 B2 (16)
                              [N3:X] LFLAG ':' 11 (11)
2026-04-26 13:23:42:648 [OUT] 25 A5 01 03 31 03 88 00 50 10 02 (11)
                              [N3:X] RUN 0 80 (80)
2026-04-26 13:23:42:731 [IN ] C8 24 04 0B 25 A5 04 01 31 03 C9 3A 0B 47 FD B2 (16)
                              [N4:Y] LFLAG ':' 11 (11)
2026-04-26 13:23:42:754 [OUT] 25 A5 01 04 31 03 88 00 50 11 08 (11)
                              [N4:Y] RUN 0 80 (80)
2026-04-26 13:23:42:839 [IN ] C8 24 0C 0B 25 A5 0C 01 31 03 C9 3A 0B 4F 35 B2 (16)
                              [N12:Z] LFLAG ':' 11 (11)
2026-04-26 13:23:42:861 [OUT] 25 A5 01 0C 31 03 88 00 50 19 38 (11)
                              [N12:Z] RUN 0 80 (80)
2026-04-26 13:23:42:945 [IN ] C8 24 08 0B 25 A5 08 01 31 03 CA 3A 09 4A 1A B2 (16)
                              [N8:R] RFLAG ':' 9 (9)
2026-04-26 13:23:43:050 [IN ] C8 24 03 0C 25 A5 03 01 31 04 88 53 00 50 64 C2 EA (17)
                              [N3:X] RUN 'S' 0 80 (80)
2026-04-26 13:23:43:176 [IN ] C8 24 04 0C 25 A5 04 01 31 04 88 53 00 50 65 CA EA (17)
                              [N4:Y] RUN 'S' 0 80 (80)
2026-04-26 13:23:43:281 [IN ] C8 24 0C 0C 25 A5 0C 01 31 04 88 53 00 50 6D 0A EA (17)
                              [N12:Z] RUN 'S' 0 80 (80)
2026-04-26 13:23:50:309 [IN ] C8 24 04 0B 25 A5 04 01 31 03 81 5A 4C 60 A6 0A C8 24 04 0A 25 A5 04 01 31 02 81 49 02 32 A6 (31)
                              [N4:Y] TPOS 'Z' 76 (76)
                              [N4:Y] TPOS 'I'
2026-04-26 13:23:50:533 [OUT] 25 A5 01 09 31 02 D8 3F 54 EC (10)
                              [N9:P] INTERRUPT '?'
2026-04-26 13:23:50:835 [IN ] C8 24 09 0C 25 A5 09 01 31 04 D8 3A 01 01 53 9A EA (17)
                              [N9:P] INTERRUPT ':' 1 1 (257)
2026-04-26 13:23:50:856 [OUT] 25 A5 01 04 31 03 C9 3D 09 48 FE (11)
                              [N4:Y] LFLAG '=' 9 (9)
2026-04-26 13:23:50:879 [OUT] 25 A5 01 07 31 02 D8 3F 52 E2 (10)
                              [N7:N] INTERRUPT '?'
2026-04-26 13:23:51:181 [IN ] C8 24 04 0B 25 A5 04 01 31 03 C9 3A 09 45 FB 9A C8 24 07 0C 25 A5 07 01 31 04 D8 3A 01 01 51 8A EA (33)
                              [N4:Y] LFLAG ':' 9 (9)
                              [N7:N] INTERRUPT ':' 1 1 (257)
2026-04-26 13:23:51:203 [OUT] 25 A5 01 09 31 03 C9 3D 0B 4F 1E (11)
                              [N9:P] LFLAG '=' 11 (11)
2026-04-26 13:23:51:224 [OUT] 25 A5 01 07 31 03 C9 3D 0B 4D 12 (11)
                              [N7:N] LFLAG '=' 11 (11)
2026-04-26 13:23:51:370 [IN ] C8 24 09 0B 25 A5 09 01 31 03 C9 3A 0B 4C 20 8A (16)
                              [N9:P] LFLAG ':' 11 (11)
2026-04-26 13:23:51:391 [OUT] 25 A5 01 09 31 03 88 00 50 16 26 (11)
                              [N9:P] RUN 0 80 (80)
2026-04-26 13:23:51:474 [IN ] C8 24 07 0B 25 A5 07 01 31 03 C9 3A 0B 4A 12 8A (16)
                              [N7:N] LFLAG ':' 11 (11)
2026-04-26 13:23:51:500 [OUT] 25 A5 01 07 31 03 88 00 50 14 1A (11)
                              [N7:N] RUN 0 80 (80)
2026-04-26 13:23:51:604 [IN ] C8 24 09 0C 25 A5 09 01 31 04 88 53 00 50 6A F2 EA (17)
                              [N9:P] RUN 'S' 0 80 (80)
2026-04-26 13:23:51:648 [IN ] C8 24 09 0B 25 A5 09 01 31 03 81 5A 4C 65 C9 F2 (16)
                              [N9:P] TPOS 'Z' 76 (76)
2026-04-26 13:23:51:693 [IN ] C8 24 07 0C 25 A5 07 01 31 04 88 53 00 50 68 E2 EA C8 24 09 0A 25 A5 09 01 31 02 81 49 07 50 68 (32)
                              [N7:N] RUN 'S' 0 80 (80)
                              [N9:P] TPOS 'I'
2026-04-26 13:23:51:917 [OUT] 25 A5 01 09 31 03 C9 3D 09 4D 1C (11)
                              [N9:P] LFLAG '=' 9 (9)
2026-04-26 13:23:51:940 [OUT] 25 A5 01 04 31 05 81 FF EE 88 01 32 FA (13)
                              [N4:Y] TPOS 255 238 136 1 (-1144831)
2026-04-26 13:23:52:066 [IN ] C8 24 09 0B 25 A5 09 01 31 03 C9 3A 09 4A 1E E2 (16)
                              [N9:P] LFLAG ':' 9 (9)
2026-04-26 13:23:52:213 [IN ] C8 24 04 0E 25 A5 04 01 31 06 81 53 00 00 00 00 10 88 31 (19)
                              [N4:Y] TPOS 'S' 0 0 0 0 (0)
2026-04-26 13:23:52:818 [IN ] C8 24 03 0B 25 A5 03 01 31 03 81 5A 4C 5F 9F 00 C8 24 03 0A 25 A5 03 01 31 02 81 49 01 2C 9F (31)
                              [N3:X] TPOS 'Z' 76 (76)
                              [N3:X] TPOS 'I'
2026-04-26 13:23:53:041 [OUT] 25 A5 01 03 31 03 C9 3D 09 47 F8 (11)
                              [N3:X] LFLAG '=' 9 (9)
2026-04-26 13:23:53:211 [IN ] C8 24 03 0B 25 A5 03 01 31 03 C9 3A 09 44 F4 00 (16)
                              [N3:X] LFLAG ':' 9 (9)
2026-04-26 13:23:55:421 [IN ] C8 24 07 0B 25 A5 07 01 31 03 81 5A 4C 63 BB 00 C8 24 07 0A 25 A5 07 01 31 02 81 49 05 44 BB (31)
                              [N7:N] TPOS 'Z' 76 (76)
                              [N7:N] TPOS 'I'
2026-04-26 13:23:55:644 [OUT] 25 A5 01 07 31 03 C9 3D 09 4B 10 (11)
                              [N7:N] LFLAG '=' 9 (9)
2026-04-26 13:23:55:813 [IN ] C8 24 07 0B 25 A5 07 01 31 03 C9 3A 09 48 10 00 (16)
                              [N7:N] LFLAG ':' 9 (9)
2026-04-26 13:23:58:022 [IN ] C8 24 04 0E 25 A5 04 01 31 06 81 45 FF EE 84 29 9C 39 31 (19)
                              [N4:Y] TPOS 'E' 255 238 132 41 (-1145815)
2026-04-26 13:23:58:252 [OUT] 25 A5 01 09 31 05 81 FF E7 5D 56 5A 0C (13)
                              [N9:P] TPOS 255 231 93 86 (-1614506)
2026-04-26 13:23:58:273 [OUT] 25 A5 01 04 31 05 81 FF FD 50 01 09 B7 (13)
                              [N4:Y] TPOS 255 253 80 1 (-176127)
2026-04-26 13:23:58:299 [OUT] 25 A5 01 07 31 05 81 FF AB 19 75 F7 DF (13)
                              [N7:N] TPOS 255 171 25 117 (-5564043)
2026-04-26 13:23:58:323 [OUT] 25 A5 01 03 31 05 81 FF EC 4A AB 9B 1A (13)
                              [N3:X] TPOS 255 236 74 171 (-1291605)
2026-04-26 13:23:58:346 [OUT] 25 A5 01 06 31 02 D8 3F 51 DD (10)
                              [N6:H] INTERRUPT '?'
2026-04-26 13:23:58:648 [IN ] C8 24 09 0E 25 A5 09 01 31 06 81 53 FF FF FF FD 0F AE 31 C8 24 04 0E 25 A5 04 01 31 06 81 53 FF EE 84 2A AB 80 31 (38)
                              [N9:P] TPOS 'S' 255 255 255 253 (-3)
                              [N4:Y] TPOS 'S' 255 238 132 42 (-1145814)
2026-04-26 13:23:58:950 [IN ] C8 24 07 0E 25 A5 07 01 31 06 81 53 FF FF FF FF 0F 9C 31 C8 24 03 0E 25 A5 03 01 31 06 81 53 FF FF FF FE 0A 73 31 C8 24 06 0C 25 A5 06 01 31 04 D8 3A 01 01 50 82 0A (55)
                              [N7:N] TPOS 'S' 255 255 255 255 (-1)
                              [N3:X] TPOS 'S' 255 255 255 254 (-2)
                              [N6:H] INTERRUPT ':' 1 1 (257)
2026-04-26 13:23:58:971 [OUT] 25 A5 01 06 31 03 C9 3D 0B 4C 0C (11)
                              [N6:H] LFLAG '=' 11 (11)
2026-04-26 13:23:59:139 [IN ] C8 24 06 0B 25 A5 06 01 31 03 C9 3A 0B 49 0B 82 (16)
                              [N6:H] LFLAG ':' 11 (11)
2026-04-26 13:23:59:160 [OUT] 25 A5 01 06 31 03 88 FF B0 72 72 (11)
                              [N6:H] RUN 255 176 (-80)
2026-04-26 13:23:59:247 [IN ] C8 24 0C 0B 25 A5 0C 01 31 03 81 5A 4C 68 DE 82 (16)
                              [N12:Z] TPOS 'Z' 76 (76)
2026-04-26 13:23:59:292 [IN ] C8 24 0C 0A 25 A5 0C 01 31 02 81 49 0A 62 DE (15)
                              [N12:Z] TPOS 'I'
2026-04-26 13:23:59:314 [IN ] C8 24 06 0C 25 A5 (6)
2026-04-26 13:23:59:335 [OUT] 25 A5 01 0C 31 03 C9 3D 09 50 2E (11)
                              [N12:Z] LFLAG '=' 9 (9)
2026-04-26 13:23:59:336 [IN ] 06 01 31 04 88 53 FF B0 C6 38 0A (11)
                              [N6:H] RUN 'S' 255 176 (-80)
2026-04-26 13:23:59:503 [IN ] C8 24 0C 0B 25 A5 0C 01 31 03 C9 3A 09 4D 33 38 (16)
                              [N12:Z] LFLAG ':' 9 (9)
2026-04-26 13:23:59:526 [OUT] 25 A5 01 0C 31 05 81 FF BC D0 00 4F 33 (13)
                              [N12:Z] TPOS 255 188 208 0 (-4403200)
2026-04-26 13:23:59:692 [IN ] C8 24 0C 0E 25 A5 0C 01 31 06 81 53 FF FF FF 87 9C 56 31 (19)
                              [N12:Z] TPOS 'S' 255 255 255 135 (-121)
2026-04-26 13:24:04:311 [IN ] C8 24 06 0B 25 A5 06 01 31 03 81 5A 4C 62 B4 87 C8 24 06 0A 25 A5 06 01 31 02 81 49 04 3E B4 (31)
                              [N6:H] TPOS 'Z' 76 (76)
                              [N6:H] TPOS 'I'
2026-04-26 13:24:04:534 [OUT] 25 A5 01 06 31 03 C9 3D 09 4A 0A (11)
                              [N6:H] LFLAG '=' 9 (9)
2026-04-26 13:24:04:705 [IN ] C8 24 06 0B 25 A5 06 01 31 03 C9 3A 09 47 09 87 (16)
                              [N6:H] LFLAG ':' 9 (9)
2026-04-26 13:24:04:728 [OUT] 25 A5 01 06 31 03 84 00 50 0F 08 (11)
                              [N6:H] VEL 0 80 (80)
2026-04-26 13:24:04:896 [IN ] C8 24 06 0C 25 A5 06 01 31 04 84 53 00 50 63 CA 9C (17)
                              [N6:H] VEL 'S' 0 80 (80)
2026-04-26 13:24:04:920 [OUT] 25 A5 01 06 31 05 81 00 19 82 3C 95 BE (13)
                              [N6:H] TPOS 0 25 130 60 (1671740)
2026-04-26 13:24:05:111 [IN ] C8 24 06 0E 25 A5 06 01 31 06 81 53 FF FF FF FF 0E 92 31 (19)
                              [N6:H] TPOS 'S' 255 255 255 255 (-1)
2026-04-26 13:24:05:514 [IN ] C8 24 03 0E 25 A5 03 01 31 06 81 45 FF EC 47 B5 E8 3B 31 (19)
                              [N3:X] TPOS 'E' 255 236 71 181 (-1292363)
2026-04-26 13:24:05:940 [OUT] 25 A5 01 03 31 05 81 FF FD 50 01 08 AF (13)
                              [N3:X] TPOS 255 253 80 1 (-176127)
2026-04-26 13:24:06:130 [IN ] C8 24 03 0E 25 A5 03 01 31 06 81 53 FF EC 47 B5 F6 81 31 (19)
                              [N3:X] TPOS 'S' 255 236 71 181 (-1292363)
2026-04-26 13:24:06:535 [IN ] C8 24 09 0E 25 A5 09 01 31 06 81 45 FF E7 59 C9 0F A0 31 (19)
                              [N9:P] TPOS 'E' 255 231 89 201 (-1615415)
2026-04-26 13:24:06:738 [IN ] C8 24 04 0E 25 A5 04 01 31 06 81 45 FF FD 4F C7 14 9A 31 (19)
                              [N4:Y] TPOS 'E' 255 253 79 199 (-176185)
2026-04-26 13:24:06:964 [OUT] 25 A5 01 09 31 05 81 FF FF D9 C8 60 BE (13)
                              [N9:P] TPOS 255 255 217 200 (-9784)
2026-04-26 13:24:07:154 [IN ] C8 24 09 0E 25 A5 09 01 31 06 81 53 FF E7 59 CA 1E E7 31 (19)
                              [N9:P] TPOS 'S' 255 231 89 202 (-1615414)
2026-04-26 13:24:15:181 [IN ] C8 24 09 0E 25 A5 09 01 31 06 81 45 FF FF DC 20 01 45 31 (19)
                              [N9:P] TPOS 'E' 255 255 220 32 (-9184)
2026-04-26 13:24:15:404 [OUT] 25 A5 01 08 31 02 D8 3F 53 E7 (10)
                              [N8:R] INTERRUPT '?'
2026-04-26 13:24:15:405 [IN ] C8 24 03 0E 25 A5 03 01 31 06 81 45 FF FD 50 4D 9A 18 31 (19)
                              [N3:X] TPOS 'E' 255 253 80 77 (-176051)
2026-04-26 13:24:15:706 [IN ] C8 24 08 0C 25 A5 08 01 31 04 D8 3A 01 01 52 92 9A (17)
                              [N8:R] INTERRUPT ':' 1 1 (257)
2026-04-26 13:24:15:727 [OUT] 25 A5 01 08 31 03 CA 3D 0B 4F 1B (11)
                              [N8:R] RFLAG '=' 11 (11)
2026-04-26 13:24:15:855 [IN ] C8 24 06 0E 25 A5 06 01 31 06 81 45 00 19 82 28 C7 CD 31 (19)
                              [N6:H] TPOS 'E' 0 25 130 40 (1671720)
2026-04-26 13:24:15:901 [IN ] C8 24 08 0B 25 A5 08 01 31 03 CA 3A 0B 4C 1C 28 (16)
                              [N8:R] RFLAG ':' 11 (11)
2026-04-26 13:24:15:923 [OUT] 25 A5 01 08 31 03 88 00 50 15 20 (11)
                              [N8:R] RUN 0 80 (80)
2026-04-26 13:24:15:946 [OUT] 25 A5 01 06 31 05 81 00 0D 03 C1 8F 21 (13)
                              [N6:H] TPOS 0 13 3 193 (852929)
2026-04-26 13:24:16:095 [IN ] C8 24 08 0C 25 A5 08 01 31 04 88 53 00 50 69 EA C7 (17)
                              [N8:R] RUN 'S' 0 80 (80)
2026-04-26 13:24:16:222 [IN ] C8 24 06 0E 25 A5 06 01 31 06 81 53 00 19 82 28 D5 13 31 (19)
                              [N6:H] TPOS 'S' 0 25 130 40 (1671720)
2026-04-26 13:24:21:041 [IN ] C8 24 06 0E 25 A5 06 01 31 06 81 45 00 0D 02 2D 40 AE 31 (19)
                              [N6:H] TPOS 'E' 0 13 2 45 (852525)
2026-04-26 13:24:21:266 [OUT] 25 A5 01 05 31 02 D8 3F 50 D8 (10)
                              [N5:V] INTERRUPT '?'
2026-04-26 13:24:21:568 [IN ] C8 24 05 0C 25 A5 05 01 31 04 D8 3A 01 01 4F 7A 40 (17)
                              [N5:V] INTERRUPT ':' 1 1 (257)
2026-04-26 13:24:21:589 [OUT] 25 A5 01 05 31 03 C9 3D 0B 4B 06 (11)
                              [N5:V] LFLAG '=' 11 (11)
2026-04-26 13:24:21:756 [IN ] C8 24 05 0B 25 A5 05 01 31 03 C9 3A 0B 48 04 7A (16)
                              [N5:V] LFLAG ':' 11 (11)
2026-04-26 13:24:21:778 [OUT] 25 A5 01 05 31 03 88 FF B0 71 6C (11)
                              [N5:V] RUN 255 176 (-80)
2026-04-26 13:24:21:924 [IN ] C8 24 05 0C 25 A5 05 01 31 (9)
2026-04-26 13:24:21:947 [IN ] 04 88 53 FF B0 C5 30 40 (8)
                              [N5:V] RUN 'S' 255 176 (-80)
2026-04-26 13:24:23:352 [IN ] C8 24 07 0E 25 A5 07 01 31 06 81 45 FF AB 14 44 07 C9 31 (19)
                              [N7:N] TPOS 'E' 255 171 20 68 (-5565372)
2026-04-26 13:24:23:778 [OUT] 25 A5 01 07 31 05 81 FF F3 35 BF A5 39 (13)
                              [N7:N] TPOS 255 243 53 191 (-838209)
2026-04-26 13:24:23:863 [IN ] C8 24 0C 0E 25 A5 0C 01 31 06 81 45 FF BC CD 9D 2F F9 31 (19)
                              [N12:Z] TPOS 'E' 255 188 205 157 (-4403811)
2026-04-26 13:24:23:929 [OUT] 25 A5 01 0C 31 05 81 FF D1 1A 67 15 6D (13)
                              [N12:Z] TPOS 255 209 26 103 (-3073433)
2026-04-26 13:24:23:972 [IN ] C8 24 07 0E 25 A5 07 01 31 06 81 53 FF AB 14 44 15 0F 31 (19)
                              [N7:N] TPOS 'S' 255 171 20 68 (-5565372)
2026-04-26 13:24:24:121 [IN ] C8 24 0C 0E 25 A5 0C 01 31 06 81 53 FF BC CD 9E 3E 40 31 (19)
                              [N12:Z] TPOS 'S' 255 188 205 158 (-4403810)
2026-04-26 13:24:26:731 [IN ] C8 24 05 0B 25 A5 05 01 31 03 81 5A 4C 61 AD 9E (16)
                              [N5:V] TPOS 'Z' 76 (76)
2026-04-26 13:24:26:934 [IN ] C8 24 05 0A 25 A5 05 01 31 02 81 49 03 38 AD (15)
                              [N5:V] TPOS 'I'
2026-04-26 13:24:27:157 [OUT] 25 A5 01 05 31 03 C9 3D 09 49 04 (11)
                              [N5:V] LFLAG '=' 9 (9)
2026-04-26 13:24:27:327 [IN ] C8 24 05 0B 25 A5 05 01 31 03 C9 3A 09 46 02 9E (16)
                              [N5:V] LFLAG ':' 9 (9)
2026-04-26 13:24:27:348 [OUT] 25 A5 01 05 31 03 84 00 50 0E 02 (11)
                              [N5:V] VEL 0 80 (80)
2026-04-26 13:24:27:537 [IN ] C8 24 05 0C 25 A5 05 01 31 04 84 53 00 50 62 C2 3E (17)
                              [N5:V] VEL 'S' 0 80 (80)
2026-04-26 13:24:27:559 [OUT] 25 A5 01 05 31 05 81 00 19 82 3C 94 B6 (13)
                              [N5:V] TPOS 0 25 130 60 (1671740)
2026-04-26 13:24:27:643 [IN ] C8 24 08 0B 25 A5 08 01 31 03 81 5A 52 6A C8 C2 (16)
                              [N8:R] TPOS 'Z' 82 (82)
2026-04-26 13:24:27:664 [IN ] C8 24 08 0A 25 A5 08 01 31 02 81 49 06 (13)
2026-04-26 13:24:27:687 [IN ] 4A C8 (2)
                              [N8:R] TPOS 'I'
2026-04-26 13:24:27:730 [OUT] 25 A5 01 08 31 03 CA 3D 09 4D 19 (11)
                              [N8:R] RFLAG '=' 9 (9)
2026-04-26 13:24:27:733 [IN ] C8 24 (2)
2026-04-26 13:24:27:755 [IN ] 05 0E 25 A5 05 01 31 06 81 53 00 00 00 01 12 93 31 (17)
                              [N5:V] TPOS 'S' 0 0 0 1 (1)
2026-04-26 13:24:27:901 [IN ] C8 24 08 0B 25 A5 08 01 31 03 CA 3A 09 4A 1A 01 (16)
                              [N8:R] RFLAG ':' 9 (9)
2026-04-26 13:24:27:923 [OUT] 25 A5 01 08 31 05 81 FF DC 77 1D 2F DE (13)
                              [N8:R] TPOS 255 220 119 29 (-2328803)
2026-04-26 13:24:28:111 [IN ] C8 24 08 0E 25 A5 08 01 31 06 81 53 FF FF FF DF F0 86 31 (19)
                              [N8:R] TPOS 'S' 255 255 255 223 (-33)
2026-04-26 13:24:30:924 [IN ] C8 24 0C 0E 25 A5 0C 01 31 06 81 45 FF D1 1C C5 BB FE 31 (19)
                              [N12:Z] TPOS 'E' 255 209 28 197 (-3072827)
2026-04-26 13:24:35:342 [IN ] C8 24 05 0E 25 A5 05 01 31 06 81 45 00 19 84 96 36 35 31 (19)
                              [N5:V] TPOS 'E' 0 25 132 150 (1672342)
2026-04-26 13:24:35:766 [OUT] 25 A5 01 05 31 05 81 00 0D 03 C1 8E 19 (13)
                              [N5:V] TPOS 0 13 3 193 (852929)
2026-04-26 13:24:35:957 [IN ] C8 24 05 0E 25 A5 05 01 31 06 81 53 00 19 84 96 44 7B 31 (19)
                              [N5:V] TPOS 'S' 0 25 132 150 (1672342)
2026-04-26 13:24:40:977 [IN ] C8 24 05 0E 25 A5 05 01 31 06 81 45 00 0D 01 97 A8 0C 31 (19)
                              [N5:V] TPOS 'E' 0 13 1 151 (852375)
2026-04-26 13:24:41:201 [OUT] 25 A5 01 03 31 05 81 FF ED B1 30 88 70 (13)
                              [N3:X] TPOS 255 237 177 48 (-1199824)
2026-04-26 13:24:41:224 [OUT] 25 A5 01 04 31 05 81 FF F3 BD 0C 77 7E (13)
                              [N4:Y] TPOS 255 243 189 12 (-803572)
2026-04-26 13:24:41:391 [IN ] C8 24 03 0E 25 A5 03 01 31 06 81 53 FF FD 50 49 A4 5A 31 (19)
                              [N3:X] TPOS 'S' 255 253 80 73 (-176055)
2026-04-26 13:24:41:517 [IN ] C8 24 04 0E 25 A5 04 01 31 06 81 53 FF FD (14)
2026-04-26 13:24:41:541 [IN ] 4F C7 22 E0 31 (5)
                              [N4:Y] TPOS 'S' 255 253 79 199 (-176185)
2026-04-26 13:24:44:752 [IN ] C8 24 07 0E 25 A5 07 01 31 06 81 45 FF F3 3A E0 11 89 31 C8 24 04 0E 25 A5 04 01 31 06 81 45 FF F3 B9 92 3F 1B 31 (38)
                              [N7:N] TPOS 'E' 255 243 58 224 (-836896)
                              [N4:Y] TPOS 'E' 255 243 185 146 (-804462)
2026-04-26 13:24:46:360 [IN ] C8 24 08 0E 25 A5 08 01 31 06 81 45 FF DC 75 86 DC 6A 31 (19)
                              [N8:R] TPOS 'E' 255 220 117 134 (-2329210)
2026-04-26 13:24:46:563 [IN ] C8 24 03 0E 25 A5 03 01 31 06 81 45 FF ED AE 63 FE BA 31 (19)
                              [N3:X] TPOS 'E' 255 237 174 99 (-1200541)
2026-04-26 13:24:46:786 [OUT] 25 A5 01 08 31 05 81 FF EE 15 56 18 89 (13)
                              [N8:R] TPOS 255 238 21 86 (-1174186)
2026-04-26 13:24:46:956 [IN ] C8 24 08 0E 25 A5 08 01 31 06 81 (11)
2026-04-26 13:24:46:979 [IN ] 53 FF DC 75 89 ED B3 31 (8)
                              [N8:R] TPOS 'S' 255 220 117 137 (-2329207)
2026-04-26 13:24:57:820 [IN ] C8 24 08 0E 25 A5 08 01 31 06 81 45 FF EE 13 EA F0 40 31 (19)
                              [N8:R] TPOS 'E' 255 238 19 234 (-1174550)
