2026-04-26 13:09:09:105 [OUT] 25 A5 01 0A 31 05 D6 3D FF 00 00 53 ED (13)
                              [N10:HMI] HMILED '=' 255 0 0 (16711680)
2026-04-26 13:09:09:129 [OUT] 25 A5 01 03 31 02 D8 3F 4E CE (10)
                              [N3:X] INTERRUPT '?'
2026-04-26 13:09:09:431 [IN ] C8 24 0A 0D 25 A5 0A 01 31 05 D6 3A FF 00 00 50 EA 69 C8 24 03 0C 25 A5 03 01 31 04 D8 3A 01 01 4D 6A EA (35)
                              [N10:HMI] HMILED ':' 255 0 0 (16711680)
                              [N3:X] INTERRUPT ':' 1 1 (257)
2026-04-26 13:09:09:452 [OUT] 25 A5 01 09 31 03 C9 3D 09 4D 1C (11)
                              [N9:P] LFLAG '=' 9 (9)
2026-04-26 13:09:09:475 [OUT] 25 A5 01 04 31 02 D8 3F 4F D3 (10)
                              [N4:Y] INTERRUPT '?'
2026-04-26 13:09:09:777 [IN ] C8 24 09 0B 25 A5 09 01 31 03 C9 3A 09 4A 1E 6A C8 24 04 0C 25 A5 04 01 31 04 D8 3A 01 01 4E 72 EA (33)
                              [N9:P] LFLAG ':' 9 (9)
                              [N4:Y] INTERRUPT ':' 1 1 (257)
2026-04-26 13:09:09:799 [OUT] 25 A5 01 09 31 03 CA 3D 09 4E 1F (11)
                              [N9:P] RFLAG '=' 9 (9)
2026-04-26 13:09:09:821 [OUT] 25 A5 01 0C 31 02 D8 3F 57 FB (10)
                              [N12:Z] INTERRUPT '?'
2026-04-26 13:09:10:122 [IN ] C8 24 09 0B 25 A5 09 01 31 03 CA 3A 09 4B 21 72 C8 24 0C 0C 25 A5 0C 01 31 04 D8 3A 01 01 56 B2 EA (33)
                              [N9:P] RFLAG ':' 9 (9)
                              [N12:Z] INTERRUPT ':' 1 1 (257)
2026-04-26 13:09:10:144 [OUT] 25 A5 01 08 31 03 C9 3D 09 4C 16 (11)
                              [N8:R] LFLAG '=' 9 (9)
2026-04-26 13:09:10:166 [OUT] 25 A5 01 03 31 03 C9 3D 0B 49 FA (11)
                              [N3:X] LFLAG '=' 11 (11)
2026-04-26 13:09:10:190 [OUT] 25 A5 01 04 31 03 C9 3D 0B 4A 00 (11)
                              [N4:Y] LFLAG '=' 11 (11)
2026-04-26 13:09:10:213 [OUT] 25 A5 01 0C 31 03 C9 3D 0B 52 30 (11)
                              [N12:Z] LFLAG '=' 11 (11)
2026-04-26 13:09:10:318 [IN ] C8 24 08 0B 25 A5 08 01 31 03 C9 3A 09 49 17 B2 (16)
                              [N8:R] LFLAG ':' 9 (9)
2026-04-26 13:09:10:340 [OUT] 25 A5 01 08 31 03 CA 3D 09 4D 19 (11)
                              [N8:R] RFLAG '=' 9 (9)
2026-04-26 13:09:10:404 [IN ] C8 24 03 0B 25 A5 03 01 31 03 C9 3A 0B 46 F6 B2 (16)
                              [N3:X] LFLAG ':' 11 (11)
2026-04-26 13:09:10:426 [OUT] 25 A5 01 03 31 03 88 00 50 10 02 (11)
                              [N3:X] RUN 0 80 (80)
2026-04-26 13:09:10:531 [IN ] C8 24 04 0B 25 A5 04 01 31 03 C9 3A 0B 47 FD B2 (16)
                              [N4:Y] LFLAG ':' 11 (11)
2026-04-26 13:09:10:555 [OUT] 25 A5 01 04 31 03 88 00 50 11 08 (11)
                              [N4:Y] RUN 0 80 (80)
2026-04-26 13:09:10:661 [IN ] C8 24 0C 0B 25 A5 0C 01 31 03 C9 3A 0B 4F 35 B2 (16)
                              [N12:Z] LFLAG ':' 11 (11)
2026-04-26 13:09:10:684 [OUT] 25 A5 01 0C 31 03 88 00 50 19 38 (11)
                              [N12:Z] RUN 0 80 (80)
2026-04-26 13:09:10:769 [IN ] C8 24 08 0B 25 A5 08 01 31 03 CA 3A 09 4A 1A B2 (16)
                              [N8:R] RFLAG ':' 9 (9)
2026-04-26 13:09:10:853 [IN ] C8 24 03 0C 25 A5 03 01 31 04 88 53 00 50 64 C2 EA (17)
                              [N3:X] RUN 'S' 0 80 (80)
2026-04-26 13:09:10:979 [IN ] C8 24 04 0C 25 A5 04 01 31 04 88 53 00 50 65 CA EA (17)
                              [N4:Y] RUN 'S' 0 80 (80)
2026-04-26 13:09:11:085 [IN ] C8 24 0C 0C 25 A5 0C 01 31 04 88 53 00 50 6D 0A EA (17)
                              [N12:Z] RUN 'S' 0 80 (80)
2026-04-26 13:09:18:112 [IN ] C8 24 04 0B 25 A5 04 01 31 03 81 5A 4C 60 A6 0A C8 24 04 0A 25 A5 04 01 31 02 81 49 02 32 A6 (31)
                              [N4:Y] TPOS 'Z' 76 (76)
                              [N4:Y] TPOS 'I'
2026-04-26 13:09:18:336 [OUT] 25 A5 01 09 31 02 D8 3F 54 EC (10)
                              [N9:P] INTERRUPT '?'
2026-04-26 13:09:18:637 [IN ] C8 24 09 0C 25 A5 09 01 31 04 D8 3A 01 01 53 9A EA (17)
                              [N9:P] INTERRUPT ':' 1 1 (257)
2026-04-26 13:09:18:659 [OUT] 25 A5 01 04 31 03 C9 3D 09 48 FE (11)
                              [N4:Y] LFLAG '=' 9 (9)
2026-04-26 13:09:18:682 [OUT] 25 A5 01 07 31 02 D8 3F 52 E2 (10)
                              [N7:N] INTERRUPT '?'
2026-04-26 13:09:18:983 [IN ] C8 24 04 0B 25 A5 04 01 31 03 C9 3A 09 45 FB 9A C8 24 07 0C 25 A5 07 01 31 04 D8 3A 01 01 51 8A EA (33)
                              [N4:Y] LFLAG ':' 9 (9)
                              [N7:N] INTERRUPT ':' 1 1 (257)
2026-04-26 13:09:19:004 [OUT] 25 A5 01 09 31 03 C9 3D 0B 4F 1E (11)
                              [N9:P] LFLAG '=' 11 (11)
2026-04-26 13:09:19:025 [OUT] 25 A5 01 07 31 03 C9 3D 0B 4D 12 (11)
                              [N7:N] LFLAG '=' 11 (11)
2026-04-26 13:09:19:171 [IN ] C8 24 09 0B 25 A5 09 01 31 03 C9 3A 0B 4C 20 8A (16)
                              [N9:P] LFLAG ':' 11 (11)
2026-04-26 13:09:19:192 [OUT] 25 A5 01 09 31 03 88 00 50 16 26 (11)
                              [N9:P] RUN 0 80 (80)
2026-04-26 13:09:19:301 [IN ] C8 24 07 0B 25 A5 07 01 31 03 C9 3A 0B 4A 12 8A (16)
                              [N7:N] LFLAG ':' 11 (11)
2026-04-26 13:09:19:324 [OUT] 25 A5 01 07 31 03 88 00 50 14 1A (11)
                              [N7:N] RUN 0 80 (80)
2026-04-26 13:09:19:387 [IN ] C8 24 09 0C 25 A5 09 01 31 04 88 53 00 50 6A F2 EA (17)
                              [N9:P] RUN 'S' 0 80 (80)
2026-04-26 13:09:19:453 [IN ] C8 24 09 0B 25 A5 09 01 31 03 81 5A 4C 65 C9 F2 (16)
                              [N9:P] TPOS 'Z' 76 (76)
2026-04-26 13:09:19:497 [IN ] C8 24 09 0A 25 A5 09 01 31 02 81 49 07 50 C9 C8 24 07 0C 25 A5 07 01 31 04 88 53 00 50 68 E2 EA (32)
                              [N9:P] TPOS 'I'
                              [N7:N] RUN 'S' 0 80 (80)
2026-04-26 13:09:19:720 [OUT] 25 A5 01 09 31 03 C9 3D 09 4D 1C (11)
                              [N9:P] LFLAG '=' 9 (9)
2026-04-26 13:09:19:742 [OUT] 25 A5 01 04 31 05 81 FF EE 88 01 32 FA (13)
                              [N4:Y] TPOS 255 238 136 1 (-1144831)
2026-04-26 13:09:19:888 [IN ] C8 24 09 0B 25 A5 09 01 31 03 C9 3A 09 4A 1E E2 (16)
                              [N9:P] LFLAG ':' 9 (9)
2026-04-26 13:09:20:013 [IN ] C8 24 04 0E 25 A5 04 01 31 06 81 53 00 00 00 00 10 88 31 (19)
                              [N4:Y] TPOS 'S' 0 0 0 0 (0)
2026-04-26 13:09:20:620 [IN ] C8 24 03 0B 25 A5 03 01 31 03 81 5A 4C 5F 9F 00 C8 24 03 0A 25 A5 03 01 31 02 81 49 01 2C 9F (31)
                              [N3:X] TPOS 'Z' 76 (76)
                              [N3:X] TPOS 'I'
2026-04-26 13:09:20:846 [OUT] 25 A5 01 03 31 03 C9 3D 09 47 F8 (11)
                              [N3:X] LFLAG '=' 9 (9)
2026-04-26 13:09:21:035 [IN ] C8 24 03 0B 25 A5 03 01 31 03 C9 3A 09 44 F4 00 (16)
                              [N3:X] LFLAG ':' 9 (9)
2026-04-26 13:09:23:244 [IN ] C8 24 07 0B 25 A5 07 01 31 03 81 5A 4C 63 BB 00 C8 24 07 0A 25 A5 07 01 31 02 81 49 05 44 BB (31)
                              [N7:N] TPOS 'Z' 76 (76)
                              [N7:N] TPOS 'I'
2026-04-26 13:09:23:467 [OUT] 25 A5 01 07 31 03 C9 3D 09 4B 10 (11)
                              [N7:N] LFLAG '=' 9 (9)
2026-04-26 13:09:23:633 [IN ] C8 24 07 0B 25 A5 07 01 31 03 C9 3A 09 48 10 00 (16)
                              [N7:N] LFLAG ':' 9 (9)
2026-04-26 13:09:25:843 [IN ] C8 24 04 0E 25 A5 04 01 31 06 81 45 FF EE 84 4B BE 5B 31 (19)
                              [N4:Y] TPOS 'E' 255 238 132 75 (-1145781)
2026-04-26 13:09:26:068 [OUT] 25 A5 01 09 31 05 81 FF E7 5D 56 5A 0C (13)
                              [N9:P] TPOS 255 231 93 86 (-1614506)
2026-04-26 13:09:26:089 [OUT] 25 A5 01 04 31 05 81 FF FD 50 01 09 B7 (13)
                              [N4:Y] TPOS 255 253 80 1 (-176127)
2026-04-26 13:09:26:112 [OUT] 25 A5 01 07 31 05 81 FF AB 19 75 F7 DF (13)
                              [N7:N] TPOS 255 171 25 117 (-5564043)
2026-04-26 13:09:26:134 [OUT] 25 A5 01 03 31 05 81 FF EC 4A AB 9B 1A (13)
                              [N3:X] TPOS 255 236 74 171 (-1291605)
2026-04-26 13:09:26:158 [OUT] 25 A5 01 06 31 02 D8 3F 51 DD (10)
                              [N6:H] INTERRUPT '?'
2026-04-26 13:09:26:462 [IN ] C8 24 09 0E 25 A5 09 01 31 06 81 53 FF FF FF FE 10 AF 31 C8 24 04 0E 25 A5 04 01 31 06 81 53 FF EE 84 4C CD A2 31 (38)
                              [N9:P] TPOS 'S' 255 255 255 254 (-2)
                              [N4:Y] TPOS 'S' 255 238 132 76 (-1145780)
2026-04-26 13:09:26:763 [IN ] C8 24 07 0E 25 A5 07 01 31 06 81 53 FF FF FF FF 0F 9C 31 C8 24 03 0E 25 A5 03 01 31 06 81 53 FF FF FF FF 0B 74 31 C8 24 06 0C 25 A5 06 01 31 04 D8 3A 01 01 50 82 0B (55)
                              [N7:N] TPOS 'S' 255 255 255 255 (-1)
                              [N3:X] TPOS 'S' 255 255 255 255 (-1)
                              [N6:H] INTERRUPT ':' 1 1 (257)
2026-04-26 13:09:26:784 [OUT] 25 A5 01 06 31 03 C9 3D 0B 4C 0C (11)
                              [N6:H] LFLAG '=' 11 (11)
2026-04-26 13:09:26:932 [IN ] C8 24 06 0B 25 A5 06 01 31 03 C9 3A 0B 49 0B 82 (16)
                              [N6:H] LFLAG ':' 11 (11)
2026-04-26 13:09:26:954 [OUT] 25 A5 01 06 31 03 88 FF B0 72 72 (11)
                              [N6:H] RUN 255 176 (-80)
2026-04-26 13:09:27:061 [IN ] C8 24 0C 0B 25 A5 0C 01 31 03 81 5A 4C 68 DE 82 (16)
                              [N12:Z] TPOS 'Z' 76 (76)
2026-04-26 13:09:27:106 [IN ] C8 24 0C 0A 25 A5 0C 01 31 02 81 49 0A 62 DE C8 24 06 0C 25 A5 06 01 31 04 88 53 FF B0 C6 38 0B (32)
                              [N12:Z] TPOS 'I'
                              [N6:H] RUN 'S' 255 176 (-80)
2026-04-26 13:09:27:329 [OUT] 25 A5 01 0C 31 03 C9 3D 09 50 2E (11)
                              [N12:Z] LFLAG '=' 9 (9)
2026-04-26 13:09:27:502 [IN ] C8 24 0C 0B 25 A5 0C 01 31 03 C9 3A 09 4D 33 38 (16)
                              [N12:Z] LFLAG ':' 9 (9)
2026-04-26 13:09:27:524 [OUT] 25 A5 01 0C 31 05 81 FF BC D0 00 4F 33 (13)
                              [N12:Z] TPOS 255 188 208 0 (-4403200)
2026-04-26 13:09:27:714 [IN ] C8 24 0C 0E 25 A5 0C 01 31 06 81 53 FF FF FF A3 B8 72 31 (19)
                              [N12:Z] TPOS 'S' 255 255 255 163 (-93)
2026-04-26 13:09:32:130 [IN ] C8 24 06 0B 25 A5 06 01 31 03 81 5A 4C 62 B4 A3 C8 24 06 0A 25 A5 06 01 31 02 81 49 04 3E B4 (31)
                              [N6:H] TPOS 'Z' 76 (76)
                              [N6:H] TPOS 'I'
2026-04-26 13:09:32:353 [OUT] 25 A5 01 06 31 03 C9 3D 09 4A 0A (11)
                              [N6:H] LFLAG '=' 9 (9)
2026-04-26 13:09:32:522 [IN ] C8 24 06 0B 25 A5 06 01 31 03 C9 3A 09 47 09 A3 (16)
                              [N6:H] LFLAG ':' 9 (9)
2026-04-26 13:09:32:544 [OUT] 25 A5 01 06 31 03 84 00 50 0F 08 (11)
                              [N6:H] VEL 0 80 (80)
2026-04-26 13:09:32:714 [IN ] C8 24 06 0C 25 A5 06 01 31 04 84 53 00 50 63 CA B8 (17)
                              [N6:H] VEL 'S' 0 80 (80)
2026-04-26 13:09:32:736 [OUT] 25 A5 01 06 31 05 81 00 19 82 3C 95 BE (13)
                              [N6:H] TPOS 0 25 130 60 (1671740)
2026-04-26 13:09:32:924 [IN ] C8 24 06 0E 25 A5 06 01 31 06 81 53 FF FF FF FF 0E 92 31 (19)
                              [N6:H] TPOS 'S' 255 255 255 255 (-1)
2026-04-26 13:09:33:327 [IN ] C8 24 03 0E 25 A5 03 01 31 06 81 45 FF EC 47 AB DE 31 31 (19)
                              [N3:X] TPOS 'E' 255 236 71 171 (-1292373)
2026-04-26 13:09:33:752 [OUT] 25 A5 01 03 31 05 81 FF FD 50 01 08 AF (13)
                              [N3:X] TPOS 255 253 80 1 (-176127)
2026-04-26 13:09:33:919 [IN ] C8 24 03 0E 25 A5 03 01 31 06 81 53 FF EC 47 AB EC 77 31 (19)
                              [N3:X] TPOS 'S' 255 236 71 171 (-1292373)
2026-04-26 13:09:34:321 [IN ] C8 24 09 0E 25 A5 09 01 31 06 81 45 FF E7 59 D6 1C AD 31 (19)
                              [N9:P] TPOS 'E' 255 231 89 214 (-1615402)
2026-04-26 13:09:34:526 [IN ] C8 24 04 0E 25 A5 04 01 31 06 81 45 FF FD 4F 9F EC 72 31 (19)
                              [N4:Y] TPOS 'E' 255 253 79 159 (-176225)
2026-04-26 13:09:34:750 [OUT] 25 A5 01 09 31 05 81 FF FF D9 C8 60 BE (13)
                              [N9:P] TPOS 255 255 217 200 (-9784)
2026-04-26 13:09:34:938 [IN ] C8 24 09 0E 25 A5 09 01 31 06 81 53 FF E7 59 D7 2B F4 31 (19)
                              [N9:P] TPOS 'S' 255 231 89 215 (-1615401)
2026-04-26 13:09:42:966 [IN ] C8 24 09 0E 25 A5 09 01 31 06 81 45 FF FF DC 26 07 4B 31 (19)
                              [N9:P] TPOS 'E' 255 255 220 38 (-9178)
2026-04-26 13:09:43:190 [OUT] 25 A5 01 08 31 02 D8 3F 53 E7 (10)
                              [N8:R] INTERRUPT '?'
2026-04-26 13:09:43:191 [IN ] C8 24 03 0E 25 A5 03 01 31 06 81 45 FF FD 50 3F 8C 0A 31 (19)
                              [N3:X] TPOS 'E' 255 253 80 63 (-176065)
2026-04-26 13:09:43:493 [IN ] C8 24 08 0C 25 A5 08 01 31 04 D8 3A 01 01 52 92 8C (17)
                              [N8:R] INTERRUPT ':' 1 1 (257)
2026-04-26 13:09:43:515 [OUT] 25 A5 01 08 31 03 CA 3D 0B 4F 1B (11)
                              [N8:R] RFLAG '=' 11 (11)
2026-04-26 13:09:43:682 [IN ] C8 24 08 0B 25 A5 08 01 31 03 CA 3A 0B 4C 1C 92 C8 24 06 0E 25 A5 06 01 31 06 81 45 00 19 82 1D BC C2 31 (35)
                              [N8:R] RFLAG ':' 11 (11)
                              [N6:H] TPOS 'E' 0 25 130 29 (1671709)
2026-04-26 13:09:43:704 [OUT] 25 A5 01 08 31 03 88 00 50 15 20 (11)
                              [N8:R] RUN 0 80 (80)
2026-04-26 13:09:43:748 [OUT] 25 A5 01 06 31 05 81 00 0D 03 C1 8F 21 (13)
                              [N6:H] TPOS 0 13 3 193 (852929)
2026-04-26 13:09:43:877 [IN ] C8 24 08 0C 25 A5 08 01 31 04 88 53 00 50 69 EA BC (17)
                              [N8:R] RUN 'S' 0 80 (80)
2026-04-26 13:09:44:004 [IN ] C8 24 06 0E 25 A5 06 01 31 06 81 53 00 19 82 1D CA 08 31 (19)
                              [N6:H] TPOS 'S' 0 25 130 29 (1671709)
2026-04-26 13:09:48:827 [IN ] C8 24 06 0E 25 A5 06 01 31 06 81 45 00 0D 02 2B 3E AC 31 (19)
                              [N6:H] TPOS 'E' 0 13 2 43 (852523)
2026-04-26 13:09:49:050 [OUT] 25 A5 01 05 31 02 D8 3F 50 D8 (10)
                              [N5:V] INTERRUPT '?'
2026-04-26 13:09:49:352 [IN ] C8 24 05 0C 25 A5 05 01 31 04 D8 3A 01 01 4F 7A 3E (17)
                              [N5:V] INTERRUPT ':' 1 1 (257)
2026-04-26 13:09:49:374 [OUT] 25 A5 01 05 31 03 C9 3D 0B 4B 06 (11)
                              [N5:V] LFLAG '=' 11 (11)
2026-04-26 13:09:49:542 [IN ] C8 24 05 0B 25 A5 05 01 31 03 C9 3A 0B 48 04 7A (16)
                              [N5:V] LFLAG ':' 11 (11)
2026-04-26 13:09:49:563 [OUT] 25 A5 01 05 31 03 88 FF B0 71 6C (11)
                              [N5:V] RUN 255 176 (-80)
2026-04-26 13:09:49:731 [IN ] C8 24 05 0C 25 A5 05 01 31 04 88 53 FF B0 C5 30 3E (17)
                              [N5:V] RUN 'S' 255 176 (-80)
2026-04-26 13:09:51:137 [IN ] C8 24 07 0E 25 A5 07 01 31 06 81 45 FF AB 14 4C 0F D1 31 (19)
                              [N7:N] TPOS 'E' 255 171 20 76 (-5565364)
2026-04-26 13:09:51:564 [OUT] 25 A5 01 07 31 05 81 FF F3 35 BF A5 39 (13)
                              [N7:N] TPOS 255 243 53 191 (-838209)
2026-04-26 13:09:51:754 [IN ] C8 24 07 0E 25 A5 07 01 31 06 81 53 FF AB 14 4C 1D 17 31 (19)
                              [N7:N] TPOS 'S' 255 171 20 76 (-5565364)
2026-04-26 13:09:51:956 [IN ] C8 24 0C 0E 25 A5 0C 01 31 06 81 45 FF BC CD 98 2A F4 31 (19)
                              [N12:Z] TPOS 'E' 255 188 205 152 (-4403816)
2026-04-26 13:09:52:381 [OUT] 25 A5 01 0C 31 05 81 FF D1 1A 67 15 6D (13)
                              [N12:Z] TPOS 255 209 26 103 (-3073433)
2026-04-26 13:09:52:571 [IN ] C8 24 0C 0E 25 A5 0C 01 31 06 81 53 FF BC CD 98 38 3A 31 (19)
                              [N12:Z] TPOS 'S' 255 188 205 152 (-4403816)
2026-04-26 13:09:54:582 [IN ] C8 24 05 0B 25 A5 05 01 31 03 81 5A 4C 61 AD 98 C8 24 05 0A 25 A5 05 01 31 02 81 49 03 38 AD (31)
                              [N5:V] TPOS 'Z' 76 (76)
                              [N5:V] TPOS 'I'
2026-04-26 13:09:54:805 [OUT] 25 A5 01 05 31 03 C9 3D 09 49 04 (11)
                              [N5:V] LFLAG '=' 9 (9)
2026-04-26 13:09:54:975 [IN ] C8 24 05 0B 25 A5 05 01 31 03 C9 3A 09 46 02 98 (16)
                              [N5:V] LFLAG ':' 9 (9)
2026-04-26 13:09:55:000 [OUT] 25 A5 01 05 31 03 84 00 50 0E 02 (11)
                              [N5:V] VEL 0 80 (80)
2026-04-26 13:09:55:147 [IN ] C8 24 05 0C 25 A5 05 01 31 04 84 53 00 50 62 C2 38 C8 24 08 0B 25 A5 08 01 (25)
                              [N5:V] VEL 'S' 0 80 (80)
2026-04-26 13:09:55:168 [OUT] 25 A5 01 05 31 05 81 00 19 82 3C 94 B6 (13)
                              [N5:V] TPOS 0 25 130 60 (1671740)
2026-04-26 13:09:55:169 [IN ] 31 03 81 5A 52 6A C8 C2 (8)
                              [N8:R] TPOS 'Z' 82 (82)
2026-04-26 13:09:55:212 [IN ] C8 24 08 0A 25 A5 08 01 31 02 81 49 06 4A C8 (15)
                              [N8:R] TPOS 'I'
2026-04-26 13:09:55:260 [OUT] 25 A5 01 08 31 03 CA 3D 09 4D 19 (11)
                              [N8:R] RFLAG '=' 9 (9)
2026-04-26 13:09:55:367 [IN ] C8 24 05 0E 25 A5 05 01 31 06 81 53 00 00 00 00 11 92 31 (19)
                              [N5:V] TPOS 'S' 0 0 0 0 (0)
2026-04-26 13:09:55:472 [IN ] C8 24 08 0B 25 A5 08 01 31 03 CA 3A 09 4A 1A 00 (16)
                              [N8:R] RFLAG ':' 9 (9)
2026-04-26 13:09:55:494 [OUT] 25 A5 01 08 31 05 81 FF DC 77 1D 2F DE (13)
                              [N8:R] TPOS 255 220 119 29 (-2328803)
2026-04-26 13:09:55:684 [IN ] C8 24 08 0E 25 A5 08 01 31 06 81 53 FF FF FF E4 F5 8B 31 (19)
                              [N8:R] TPOS 'S' 255 255 255 228 (-28)
2026-04-26 13:09:59:300 [IN ] C8 24 0C 0E 25 A5 0C 01 31 06 81 45 FF D1 1C C5 BB FE 31 (19)
                              [N12:Z] TPOS 'E' 255 209 28 197 (-3072827)
2026-04-26 13:10:02:915 [IN ] C8 24 05 0E 25 A5 05 01 31 06 81 45 00 19 84 85 25 24 31 (19)
                              [N5:V] TPOS 'E' 0 25 132 133 (1672325)
2026-04-26 13:10:03:339 [OUT] 25 A5 01 05 31 05 81 00 0D 03 C1 8E 19 (13)
                              [N5:V] TPOS 0 13 3 193 (852929)
2026-04-26 13:10:03:526 [IN ] C8 24 05 0E 25 A5 05 01 31 06 81 53 00 19 84 85 33 6A 31 (19)
                              [N5:V] TPOS 'S' 0 25 132 133 (1672325)
2026-04-26 13:10:08:545 [IN ] C8 24 05 0E 25 A5 05 01 31 06 81 45 00 0D 01 94 A5 09 31 (19)
                              [N5:V] TPOS 'E' 0 13 1 148 (852372)
2026-04-26 13:10:08:769 [OUT] 25 A5 01 03 31 05 81 FF ED B1 30 88 70 (13)
                              [N3:X] TPOS 255 237 177 48 (-1199824)
2026-04-26 13:10:08:791 [OUT] 25 A5 01 04 31 05 81 FF F3 BD 0C 77 7E (13)
                              [N4:Y] TPOS 255 243 189 12 (-803572)
2026-04-26 13:10:08:939 [IN ] C8 24 03 0E 25 A5 03 01 31 06 81 53 FF FD 50 39 94 4A 31 (19)
                              [N3:X] TPOS 'S' 255 253 80 57 (-176071)
2026-04-26 13:10:09:086 [IN ] C8 24 04 0E 25 A5 04 01 31 06 81 53 FF FD 4F 9F FA B8 31 (19)
                              [N4:Y] TPOS 'S' 255 253 79 159 (-176225)
2026-04-26 13:10:12:298 [IN ] C8 24 04 0E 25 A5 04 01 31 06 81 45 FF F3 B9 B8 65 41 31 (19)
                              [N4:Y] TPOS 'E' 255 243 185 184 (-804424)
2026-04-26 13:10:12:701 [IN ] C8 24 07 0E 25 A5 07 01 31 06 81 45 FF F3 3A C9 FA 72 31 (19)
                              [N7:N] TPOS 'E' 255 243 58 201 (-836919)
2026-04-26 13:10:13:707 [IN ] C8 24 08 0E 25 A5 08 01 31 06 81 45 FF DC 76 4A A1 30 31 (19)
                              [N8:R] TPOS 'E' 255 220 118 74 (-2329014)
2026-04-26 13:10:14:110 [IN ] C8 24 03 0E 25 A5 03 01 31 06 81 45 FF ED AE 60 FB B7 31 (19)
                              [N3:X] TPOS 'E' 255 237 174 96 (-1200544)
2026-04-26 13:10:14:132 [OUT] 25 A5 01 08 31 05 81 FF EE 15 56 18 89 (13)
                              [N8:R] TPOS 255 238 21 86 (-1174186)
2026-04-26 13:10:14:319 [IN ] C8 24 08 0E 25 A5 08 01 31 06 81 53 FF DC 76 4D B2 79 31 (19)
                              [N8:R] TPOS 'S' 255 220 118 77 (-2329011)
2026-04-26 13:10:25:159 [IN ] C8 24 08 0E 25 A5 08 01 31 06 81 45 FF EE 13 2C 32 82 31 (19)
                              [N8:R] TPOS 'E' 255 238 19 44 (-1174740)
