2026-04-26 13:32:26:324 [OUT] 25 A5 01 0A 31 05 D6 3D FF 00 00 53 ED (13)
                              [N10:HMI] HMILED '=' 255 0 0 (16711680)
2026-04-26 13:32:26:346 [OUT] 25 A5 01 03 31 02 D8 3F 4E CE (10)
                              [N3:X] INTERRUPT '?'
2026-04-26 13:32:26:647 [IN ] C8 24 0A 0D 25 A5 0A 01 31 05 D6 3A FF 00 00 50 EA 66 C8 24 03 0C 25 A5 03 01 31 04 D8 3A 01 01 4D 6A EA (35)
                              [N10:HMI] HMILED ':' 255 0 0 (16711680)
                              [N3:X] INTERRUPT ':' 1 1 (257)
2026-04-26 13:32:26:670 [OUT] 25 A5 01 09 31 03 C9 3D 09 4D 1C (11)
                              [N9:P] LFLAG '=' 9 (9)
2026-04-26 13:32:26:694 [OUT] 25 A5 01 04 31 02 D8 3F 4F D3 (10)
                              [N4:Y] INTERRUPT '?'
2026-04-26 13:32:26:996 [IN ] C8 24 09 0B 25 A5 09 01 31 03 C9 3A 09 4A 1E 6A C8 24 04 0C 25 A5 04 01 31 04 D8 3A 01 01 4E 72 EA (33)
                              [N9:P] LFLAG ':' 9 (9)
                              [N4:Y] INTERRUPT ':' 1 1 (257)
2026-04-26 13:32:27:017 [OUT] 25 A5 01 09 31 03 CA 3D 09 4E 1F (11)
                              [N9:P] RFLAG '=' 9 (9)
2026-04-26 13:32:27:039 [OUT] 25 A5 01 0C 31 02 D8 3F 57 FB (10)
                              [N12:Z] INTERRUPT '?'
2026-04-26 13:32:27:341 [IN ] C8 24 09 0B 25 A5 09 01 31 03 CA 3A 09 4B 21 72 C8 24 0C 0C 25 A5 0C 01 31 04 D8 3A 01 01 56 B2 EA (33)
                              [N9:P] RFLAG ':' 9 (9)
                              [N12:Z] INTERRUPT ':' 1 1 (257)
2026-04-26 13:32:27:362 [OUT] 25 A5 01 08 31 03 C9 3D 09 4C 16 (11)
                              [N8:R] LFLAG '=' 9 (9)
2026-04-26 13:32:27:385 [OUT] 25 A5 01 03 31 03 C9 3D 0B 49 FA (11)
                              [N3:X] LFLAG '=' 11 (11)
2026-04-26 13:32:27:409 [OUT] 25 A5 01 04 31 03 C9 3D 0B 4A 00 (11)
                              [N4:Y] LFLAG '=' 11 (11)
2026-04-26 13:32:27:431 [OUT] 25 A5 01 0C 31 03 C9 3D 0B 52 30 (11)
                              [N12:Z] LFLAG '=' 11 (11)
2026-04-26 13:32:27:537 [IN ] C8 24 08 0B 25 A5 08 01 31 03 C9 3A 09 49 17 B2 (16)
                              [N8:R] LFLAG ':' 9 (9)
2026-04-26 13:32:27:559 [OUT] 25 A5 01 08 31 03 CA 3D 09 4D 19 (11)
                              [N8:R] RFLAG '=' 9 (9)
2026-04-26 13:32:27:644 [IN ] C8 24 03 0B 25 A5 03 01 31 03 C9 3A 0B 46 F6 B2 (16)
                              [N3:X] LFLAG ':' 11 (11)
2026-04-26 13:32:27:669 [OUT] 25 A5 01 03 31 03 88 00 50 10 02 (11)
                              [N3:X] RUN 0 80 (80)
2026-04-26 13:32:27:755 [IN ] C8 24 04 0B 25 A5 04 01 31 03 C9 3A 0B 47 FD B2 (16)
                              [N4:Y] LFLAG ':' 11 (11)
2026-04-26 13:32:27:777 [OUT] 25 A5 01 04 31 03 88 00 50 11 08 (11)
                              [N4:Y] RUN 0 80 (80)
2026-04-26 13:32:27:861 [IN ] C8 24 0C 0B 25 A5 0C 01 31 03 C9 3A 0B 4F 35 B2 (16)
                              [N12:Z] LFLAG ':' 11 (11)
2026-04-26 13:32:27:884 [OUT] 25 A5 01 0C 31 03 88 00 50 19 38 (11)
                              [N12:Z] RUN 0 80 (80)
2026-04-26 13:32:27:971 [IN ] C8 24 08 0B 25 A5 08 01 31 03 CA 3A 09 4A 1A B2 (16)
                              [N8:R] RFLAG ':' 9 (9)
2026-04-26 13:32:28:075 [IN ] C8 24 03 0C 25 A5 03 01 31 04 88 53 00 50 64 C2 EA (17)
                              [N3:X] RUN 'S' 0 80 (80)
2026-04-26 13:32:28:179 [IN ] C8 24 04 0C 25 A5 04 01 31 04 88 53 00 50 65 CA EA (17)
                              [N4:Y] RUN 'S' 0 80 (80)
2026-04-26 13:32:28:305 [IN ] C8 24 0C 0C 25 A5 0C 01 31 04 88 53 00 50 6D 0A EA (17)
                              [N12:Z] RUN 'S' 0 80 (80)
2026-04-26 13:32:35:330 [IN ] C8 24 04 0B 25 A5 04 01 31 03 81 5A 4C 60 A6 0A C8 24 04 0A 25 A5 04 01 31 02 81 49 02 32 A6 (31)
                              [N4:Y] TPOS 'Z' 76 (76)
                              [N4:Y] TPOS 'I'
2026-04-26 13:32:35:555 [OUT] 25 A5 01 09 31 02 D8 3F 54 EC (10)
                              [N9:P] INTERRUPT '?'
2026-04-26 13:32:35:857 [IN ] C8 24 09 0C 25 A5 09 01 31 04 D8 3A 01 01 53 9A EA (17)
                              [N9:P] INTERRUPT ':' 1 1 (257)
2026-04-26 13:32:35:878 [OUT] 25 A5 01 04 31 03 C9 3D 09 48 FE (11)
                              [N4:Y] LFLAG '=' 9 (9)
2026-04-26 13:32:35:900 [OUT] 25 A5 01 07 31 02 D8 3F 52 E2 (10)
                              [N7:N] INTERRUPT '?'
2026-04-26 13:32:36:202 [IN ] C8 24 04 0B 25 A5 04 01 31 03 C9 3A 09 45 FB 9A C8 24 07 0C 25 A5 07 01 31 04 D8 3A 01 01 51 8A EA (33)
                              [N4:Y] LFLAG ':' 9 (9)
                              [N7:N] INTERRUPT ':' 1 1 (257)
2026-04-26 13:32:36:224 [OUT] 25 A5 01 09 31 03 C9 3D 0B 4F 1E (11)
                              [N9:P] LFLAG '=' 11 (11)
2026-04-26 13:32:36:247 [OUT] 25 A5 01 07 31 03 C9 3D 0B 4D 12 (11)
                              [N7:N] LFLAG '=' 11 (11)
2026-04-26 13:32:36:374 [IN ] C8 24 09 0B 25 A5 09 01 31 03 C9 3A 0B 4C 20 8A (16)
                              [N9:P] LFLAG ':' 11 (11)
2026-04-26 13:32:36:398 [OUT] 25 A5 01 09 31 03 88 00 50 16 26 (11)
                              [N9:P] RUN 0 80 (80)
2026-04-26 13:32:36:504 [IN ] C8 24 07 0B 25 A5 07 01 31 03 C9 3A 0B 4A 12 8A (16)
                              [N7:N] LFLAG ':' 11 (11)
2026-04-26 13:32:36:526 [OUT] 25 A5 01 07 31 03 88 00 50 14 1A (11)
                              [N7:N] RUN 0 80 (80)
2026-04-26 13:32:36:610 [IN ] C8 24 09 0C 25 A5 09 01 31 04 88 53 00 50 6A F2 EA (17)
                              [N9:P] RUN 'S' 0 80 (80)
2026-04-26 13:32:36:657 [IN ] C8 24 09 0B 25 A5 09 01 31 03 81 5A 4C 65 C9 F2 (16)
                              [N9:P] TPOS 'Z' 76 (76)
2026-04-26 13:32:36:720 [IN ] C8 24 09 0A 25 A5 09 01 31 02 81 49 07 50 C9 C8 24 07 0C 25 A5 07 01 (23)
                              [N9:P] TPOS 'I'
2026-04-26 13:32:36:744 [IN ] 31 04 88 53 00 50 68 E2 EA (9)
                              [N7:N] RUN 'S' 0 80 (80)
2026-04-26 13:32:36:766 [OUT] 25 A5 01 09 31 03 C9 3D 09 4D 1C (11)
                              [N9:P] LFLAG '=' 9 (9)
2026-04-26 13:32:36:788 [OUT] 25 A5 01 04 31 05 81 FF EE 88 01 32 FA (13)
                              [N4:Y] TPOS 255 238 136 1 (-1144831)
2026-04-26 13:32:36:935 [IN ] C8 24 09 0B 25 A5 09 01 31 03 C9 3A 09 4A 1E E2 (16)
                              [N9:P] LFLAG ':' 9 (9)
2026-04-26 13:32:37:080 [IN ] C8 24 04 0E 25 A5 04 01 31 06 81 53 00 00 00 00 10 88 31 (19)
                              [N4:Y] TPOS 'S' 0 0 0 0 (0)
2026-04-26 13:32:37:685 [IN ] C8 24 03 0B 25 A5 03 01 31 03 81 5A 4C 5F 9F 00 C8 24 03 0A 25 A5 03 01 31 02 81 49 01 2C 9F (31)
                              [N3:X] TPOS 'Z' 76 (76)
                              [N3:X] TPOS 'I'
2026-04-26 13:32:37:909 [OUT] 25 A5 01 03 31 03 C9 3D 09 47 F8 (11)
                              [N3:X] LFLAG '=' 9 (9)
2026-04-26 13:32:38:076 [IN ] C8 24 03 0B 25 A5 03 01 31 03 C9 3A 09 44 F4 00 (16)
                              [N3:X] LFLAG ':' 9 (9)
2026-04-26 13:32:40:488 [IN ] C8 24 07 0B 25 A5 07 01 31 03 81 5A 4C 63 BB 00 C8 24 07 0A 25 A5 07 01 31 02 81 49 05 44 BB (31)
                              [N7:N] TPOS 'Z' 76 (76)
                              [N7:N] TPOS 'I'
2026-04-26 13:32:40:712 [OUT] 25 A5 01 07 31 03 C9 3D 09 4B 10 (11)
                              [N7:N] LFLAG '=' 9 (9)
2026-04-26 13:32:40:902 [IN ] C8 24 07 0B 25 A5 07 01 31 03 C9 3A 09 48 10 00 (16)
                              [N7:N] LFLAG ':' 9 (9)
2026-04-26 13:32:42:910 [IN ] C8 24 04 0E 25 A5 04 01 31 06 81 45 FF EE 84 26 99 36 31 (19)
                              [N4:Y] TPOS 'E' 255 238 132 38 (-1145818)
2026-04-26 13:32:43:132 [OUT] 25 A5 01 09 31 05 81 FF E7 5D 56 5A 0C (13)
                              [N9:P] TPOS 255 231 93 86 (-1614506)
2026-04-26 13:32:43:154 [OUT] 25 A5 01 04 31 05 81 FF FD 50 01 09 B7 (13)
                              [N4:Y] TPOS 255 253 80 1 (-176127)
2026-04-26 13:32:43:176 [OUT] 25 A5 01 07 31 05 81 FF AB 19 75 F7 DF (13)
                              [N7:N] TPOS 255 171 25 117 (-5564043)
2026-04-26 13:32:43:200 [OUT] 25 A5 01 03 31 05 81 FF EC 4A AB 9B 1A (13)
                              [N3:X] TPOS 255 236 74 171 (-1291605)
2026-04-26 13:32:43:225 [OUT] 25 A5 01 06 31 02 D8 3F 51 DD (10)
                              [N6:H] INTERRUPT '?'
2026-04-26 13:32:43:527 [IN ] C8 24 09 0E 25 A5 09 01 31 06 81 53 FF FF FF FD 0F AE 31 C8 24 04 0E 25 A5 04 01 31 06 81 53 FF EE 84 27 A8 7D 31 (38)
                              [N9:P] TPOS 'S' 255 255 255 253 (-3)
                              [N4:Y] TPOS 'S' 255 238 132 39 (-1145817)
2026-04-26 13:32:43:828 [IN ] C8 24 07 0E 25 A5 07 01 31 06 81 53 00 00 00 00 13 A6 31 C8 24 03 0E 25 A5 03 01 31 06 81 53 FF FF FF FE 0A 73 31 C8 24 06 0C 25 A5 06 01 31 04 D8 3A 01 01 50 82 0A (55)
                              [N7:N] TPOS 'S' 0 0 0 0 (0)
                              [N3:X] TPOS 'S' 255 255 255 254 (-2)
                              [N6:H] INTERRUPT ':' 1 1 (257)
2026-04-26 13:32:43:850 [OUT] 25 A5 01 06 31 03 C9 3D 0B 4C 0C (11)
                              [N6:H] LFLAG '=' 11 (11)
2026-04-26 13:32:44:019 [IN ] C8 24 06 0B 25 A5 06 01 31 03 C9 3A 0B 49 0B 82 (16)
                              [N6:H] LFLAG ':' 11 (11)
2026-04-26 13:32:44:041 [OUT] 25 A5 01 06 31 03 88 FF B0 72 72 (11)
                              [N6:H] RUN 255 176 (-80)
2026-04-26 13:32:44:211 [IN ] C8 24 06 0C 25 A5 06 01 31 04 88 53 FF B0 C6 38 0A (17)
                              [N6:H] RUN 'S' 255 176 (-80)
2026-04-26 13:32:44:417 [IN ] C8 24 0C 0B 25 A5 0C 01 31 03 81 5A 4C 68 DE 38 C8 24 0C 0A 25 A5 0C 01 31 02 81 49 0A 62 DE (31)
                              [N12:Z] TPOS 'Z' 76 (76)
                              [N12:Z] TPOS 'I'
2026-04-26 13:32:44:640 [OUT] 25 A5 01 0C 31 03 C9 3D 09 50 2E (11)
                              [N12:Z] LFLAG '=' 9 (9)
2026-04-26 13:32:44:808 [IN ] C8 24 0C 0B 25 A5 0C 01 31 03 C9 3A 09 4D 33 38 (16)
                              [N12:Z] LFLAG ':' 9 (9)
2026-04-26 13:32:44:829 [OUT] 25 A5 01 0C 31 05 81 FF BC D0 00 4F 33 (13)
                              [N12:Z] TPOS 255 188 208 0 (-4403200)
2026-04-26 13:32:45:020 [IN ] C8 24 0C 0E 25 A5 0C 01 31 06 81 53 FF FF FF 87 9C 56 31 (19)
                              [N12:Z] TPOS 'S' 255 255 255 135 (-121)
2026-04-26 13:32:49:237 [IN ] C8 24 06 0B 25 A5 06 01 31 03 81 5A 4C 62 B4 87 C8 24 06 0A 25 A5 06 01 31 02 81 49 04 3E B4 (31)
                              [N6:H] TPOS 'Z' 76 (76)
                              [N6:H] TPOS 'I'
2026-04-26 13:32:49:460 [OUT] 25 A5 01 06 31 03 C9 3D 09 4A 0A (11)
                              [N6:H] LFLAG '=' 9 (9)
2026-04-26 13:32:49:629 [IN ] C8 24 06 0B 25 A5 06 01 31 03 C9 3A 09 47 09 87 (16)
                              [N6:H] LFLAG ':' 9 (9)
2026-04-26 13:32:49:651 [OUT] 25 A5 01 06 31 03 84 00 50 0F 08 (11)
                              [N6:H] VEL 0 80 (80)
2026-04-26 13:32:49:819 [IN ] C8 24 06 0C 25 A5 06 01 31 04 84 53 00 50 63 CA 9C (17)
                              [N6:H] VEL 'S' 0 80 (80)
2026-04-26 13:32:49:842 [OUT] 25 A5 01 06 31 05 81 00 19 82 3C 95 BE (13)
                              [N6:H] TPOS 0 25 130 60 (1671740)
2026-04-26 13:32:50:030 [IN ] C8 24 06 0E 25 A5 06 01 31 06 81 53 00 00 00 00 12 9C 31 (19)
                              [N6:H] TPOS 'S' 0 0 0 0 (0)
2026-04-26 13:32:50:435 [IN ] C8 24 03 0E 25 A5 03 01 31 06 81 45 FF EC 47 B8 EB 3E 31 (19)
                              [N3:X] TPOS 'E' 255 236 71 184 (-1292360)
2026-04-26 13:32:50:859 [OUT] 25 A5 01 03 31 05 81 FF FD 50 01 08 AF (13)
                              [N3:X] TPOS 255 253 80 1 (-176127)
2026-04-26 13:32:51:047 [IN ] C8 24 03 0E 25 A5 03 01 31 06 81 53 FF EC 47 B9 FA 85 31 (19)
                              [N3:X] TPOS 'S' 255 236 71 185 (-1292359)
2026-04-26 13:32:51:249 [IN ] C8 24 09 0E 25 A5 09 01 31 06 81 45 FF E7 59 CD 13 A4 31 (19)
                              [N9:P] TPOS 'E' 255 231 89 205 (-1615411)
2026-04-26 13:32:51:451 [IN ] C8 24 04 0E 25 A5 04 01 31 06 81 45 FF FD 4F AD FA 80 31 (19)
                              [N4:Y] TPOS 'E' 255 253 79 173 (-176211)
2026-04-26 13:32:51:674 [OUT] 25 A5 01 09 31 05 81 FF FF D9 C8 60 BE (13)
                              [N9:P] TPOS 255 255 217 200 (-9784)
2026-04-26 13:32:51:862 [IN ] C8 24 09 0E 25 A5 09 (7)
2026-04-26 13:32:51:884 [IN ] 01 31 06 81 53 FF E7 59 CE 22 EB 31 (12)
                              [N9:P] TPOS 'S' 255 231 89 206 (-1615410)
2026-04-26 13:32:59:915 [IN ] C8 24 09 0E 25 A5 09 01 31 06 81 45 FF FF DC 27 08 4C 31 (19)
                              [N9:P] TPOS 'E' 255 255 220 39 (-9177)
2026-04-26 13:33:00:141 [OUT] 25 A5 01 08 31 02 D8 3F 53 E7 (10)
                              [N8:R] INTERRUPT '?'
2026-04-26 13:33:00:442 [IN ] C8 24 03 0E 25 A5 03 01 31 06 81 45 FF FD 50 47 94 12 31 C8 24 08 0C 25 A5 08 01 31 04 D8 3A 01 01 52 92 94 (36)
                              [N3:X] TPOS 'E' 255 253 80 71 (-176057)
                              [N8:R] INTERRUPT ':' 1 1 (257)
2026-04-26 13:33:00:464 [OUT] 25 A5 01 08 31 03 CA 3D 0B 4F 1B (11)
                              [N8:R] RFLAG '=' 11 (11)
2026-04-26 13:33:00:634 [IN ] C8 24 08 0B 25 A5 08 01 31 03 CA 3A 0B 4C 1C 92 (16)
                              [N8:R] RFLAG ':' 11 (11)
2026-04-26 13:33:00:657 [OUT] 25 A5 01 08 31 03 88 00 50 15 20 (11)
                              [N8:R] RUN 0 80 (80)
2026-04-26 13:33:00:763 [IN ] C8 24 06 0E 25 A5 06 01 31 06 81 45 00 19 82 26 C5 CB 31 (19)
                              [N6:H] TPOS 'E' 0 25 130 38 (1671718)
2026-04-26 13:33:00:828 [OUT] 25 A5 01 06 31 05 81 00 0D 03 C1 8F 21 (13)
                              [N6:H] TPOS 0 13 3 193 (852929)
2026-04-26 13:33:00:830 [IN ] C8 24 08 0C 25 A5 08 01 31 04 88 53 00 50 69 EA C5 (17)
                              [N8:R] RUN 'S' 0 80 (80)
2026-04-26 13:33:00:997 [IN ] C8 24 06 0E 25 A5 06 01 31 06 81 53 (12)
2026-04-26 13:33:01:019 [IN ] 00 19 82 26 D3 11 31 (7)
                              [N6:H] TPOS 'S' 0 25 130 38 (1671718)
2026-04-26 13:33:05:835 [IN ] C8 24 06 0E 25 A5 06 01 31 06 81 45 00 0D 02 27 3A A8 31 (19)
                              [N6:H] TPOS 'E' 0 13 2 39 (852519)
2026-04-26 13:33:06:059 [OUT] 25 A5 01 05 31 02 D8 3F 50 D8 (10)
                              [N5:V] INTERRUPT '?'
2026-04-26 13:33:06:360 [IN ] C8 24 05 0C 25 A5 05 01 31 04 D8 3A 01 01 4F 7A 3A (17)
                              [N5:V] INTERRUPT ':' 1 1 (257)
2026-04-26 13:33:06:382 [OUT] 25 A5 01 05 31 03 C9 3D 0B 4B 06 (11)
                              [N5:V] LFLAG '=' 11 (11)
2026-04-26 13:33:06:531 [IN ] C8 24 05 0B 25 A5 05 01 31 03 C9 3A (12)
2026-04-26 13:33:06:555 [IN ] 0B 48 04 7A (4)
                              [N5:V] LFLAG ':' 11 (11)
2026-04-26 13:33:06:578 [OUT] 25 A5 01 05 31 03 88 FF B0 71 6C (11)
                              [N5:V] RUN 255 176 (-80)
2026-04-26 13:33:06:745 [IN ] C8 24 05 0C 25 A5 05 01 31 04 88 53 FF B0 C5 30 3A (17)
                              [N5:V] RUN 'S' 255 176 (-80)
2026-04-26 13:33:08:154 [IN ] C8 24 07 0E 25 A5 07 01 31 06 81 45 FF AB 14 4C 0F D1 31 (19)
                              [N7:N] TPOS 'E' 255 171 20 76 (-5565364)
2026-04-26 13:33:08:579 [OUT] 25 A5 01 07 31 05 81 FF F3 35 BF A5 39 (13)
                              [N7:N] TPOS 255 243 53 191 (-838209)
2026-04-26 13:33:08:767 [IN ] C8 24 07 0E 25 A5 07 01 31 06 81 53 FF AB 14 4B 1C 16 31 (19)
                              [N7:N] TPOS 'S' 255 171 20 75 (-5565365)
2026-04-26 13:33:09:172 [IN ] C8 24 0C 0E 25 A5 0C 01 31 06 81 45 FF BC CD 94 26 F0 31 (19)
                              [N12:Z] TPOS 'E' 255 188 205 148 (-4403820)
2026-04-26 13:33:09:601 [OUT] 25 A5 01 0C 31 05 81 FF D1 1A 67 15 6D (13)
                              [N12:Z] TPOS 255 209 26 103 (-3073433)
2026-04-26 13:33:09:793 [IN ] C8 24 0C 0E 25 A5 0C 01 31 06 81 53 FF BC CD 96 36 38 31 (19)
                              [N12:Z] TPOS 'S' 255 188 205 150 (-4403818)
2026-04-26 13:33:11:601 [IN ] C8 24 05 0B 25 A5 05 01 31 03 81 5A 4C 61 AD 96 C8 24 05 0A 25 A5 05 01 31 02 81 49 03 38 AD (31)
                              [N5:V] TPOS 'Z' 76 (76)
                              [N5:V] TPOS 'I'
2026-04-26 13:33:11:824 [OUT] 25 A5 01 05 31 03 C9 3D 09 49 04 (11)
                              [N5:V] LFLAG '=' 9 (9)
2026-04-26 13:33:11:990 [IN ] C8 24 05 0B 25 A5 05 01 31 03 C9 3A 09 46 02 96 (16)
                              [N5:V] LFLAG ':' 9 (9)
2026-04-26 13:33:12:013 [OUT] 25 A5 01 05 31 03 84 00 50 0E 02 (11)
                              [N5:V] VEL 0 80 (80)
2026-04-26 13:33:12:180 [IN ] C8 24 05 0C 25 A5 05 01 31 04 84 53 00 50 62 C2 36 (17)
                              [N5:V] VEL 'S' 0 80 (80)
2026-04-26 13:33:12:202 [OUT] 25 A5 01 05 31 05 81 00 19 82 3C 94 B6 (13)
                              [N5:V] TPOS 0 25 130 60 (1671740)
2026-04-26 13:33:12:392 [IN ] C8 24 05 0E 25 A5 05 01 31 06 81 53 00 00 00 00 11 92 31 (19)
                              [N5:V] TPOS 'S' 0 0 0 0 (0)
2026-04-26 13:33:12:796 [IN ] C8 24 08 0B 25 A5 08 01 31 03 81 5A 52 6A C8 00 C8 24 08 0A 25 A5 08 01 31 02 81 49 06 4A C8 (31)
                              [N8:R] TPOS 'Z' 82 (82)
                              [N8:R] TPOS 'I'
2026-04-26 13:33:13:019 [OUT] 25 A5 01 08 31 03 CA 3D 09 4D 19 (11)
                              [N8:R] RFLAG '=' 9 (9)
2026-04-26 13:33:13:188 [IN ] C8 24 08 0B 25 A5 08 01 31 03 CA 3A 09 4A 1A 00 (16)
                              [N8:R] RFLAG ':' 9 (9)
2026-04-26 13:33:13:211 [OUT] 25 A5 01 08 31 05 81 FF DC 77 1D 2F DE (13)
                              [N8:R] TPOS 255 220 119 29 (-2328803)
2026-04-26 13:33:13:398 [IN ] C8 24 08 0E 25 A5 08 01 31 06 81 53 FF FF FF E5 F6 8C 31 (19)
                              [N8:R] TPOS 'S' 255 255 255 229 (-27)
2026-04-26 13:33:16:609 [IN ] C8 24 0C 0E 25 A5 0C 01 31 06 81 45 FF D1 1C CF C5 08 31 (19)
                              [N12:Z] TPOS 'E' 255 209 28 207 (-3072817)
2026-04-26 13:33:20:022 [IN ] C8 24 05 0E 25 A5 05 01 31 06 81 45 00 19 84 A0 40 3F 31 (19)
                              [N5:V] TPOS 'E' 0 25 132 160 (1672352)
2026-04-26 13:33:20:449 [OUT] 25 A5 01 05 31 05 81 00 0D 03 C1 8E 19 (13)
                              [N5:V] TPOS 0 13 3 193 (852929)
2026-04-26 13:33:20:639 [IN ] C8 24 05 0E 25 A5 05 01 31 06 81 53 00 19 84 A0 4E 85 31 (19)
                              [N5:V] TPOS 'S' 0 25 132 160 (1672352)
2026-04-26 13:33:25:657 [IN ] C8 24 05 0E 25 A5 05 01 31 06 81 45 00 0D 01 95 A6 0A 31 (19)
                              [N5:V] TPOS 'E' 0 13 1 149 (852373)
2026-04-26 13:33:25:880 [OUT] 25 A5 01 03 31 05 81 FF ED B1 30 88 70 (13)
                              [N3:X] TPOS 255 237 177 48 (-1199824)
2026-04-26 13:33:25:904 [OUT] 25 A5 01 04 31 05 81 FF F3 BD 0C 77 7E (13)
                              [N4:Y] TPOS 255 243 189 12 (-803572)
2026-04-26 13:33:26:072 [IN ] C8 24 03 0E 25 A5 03 01 31 06 81 53 FF FD 50 45 A0 56 31 (19)
                              [N3:X] TPOS 'S' 255 253 80 69 (-176059)
2026-04-26 13:33:26:198 [IN ] C8 24 04 0E 25 A5 04 01 31 06 81 53 FF FD 4F AD 08 C6 31 (19)
                              [N4:Y] TPOS 'S' 255 253 79 173 (-176211)
2026-04-26 13:33:29:411 [IN ] C8 24 04 0E 25 A5 04 01 31 06 81 45 FF F3 B9 AC 59 35 31 (19)
                              [N4:Y] TPOS 'E' 255 243 185 172 (-804436)
2026-04-26 13:33:29:614 [IN ] C8 24 07 0E 25 A5 07 01 31 06 81 45 FF F3 3A C4 F5 6D 31 (19)
                              [N7:N] TPOS 'E' 255 243 58 196 (-836924)
2026-04-26 13:33:31:224 [IN ] C8 24 03 0E 25 A5 03 01 31 06 81 45 FF ED AE 53 EE AA 31 (19)
                              [N3:X] TPOS 'E' 255 237 174 83 (-1200557)
2026-04-26 13:33:31:426 [IN ] C8 24 08 0E 25 A5 08 01 31 06 81 45 FF DC 76 3C 93 22 31 (19)
                              [N8:R] TPOS 'E' 255 220 118 60 (-2329028)
2026-04-26 13:33:31:850 [OUT] 25 A5 01 08 31 05 81 FF EE 15 56 18 89 (13)
                              [N8:R] TPOS 255 238 21 86 (-1174186)
2026-04-26 13:33:32:038 [IN ] C8 24 08 0E 25 A5 08 01 31 06 81 53 FF DC 76 40 A5 6C 31 (19)
                              [N8:R] TPOS 'S' 255 220 118 64 (-2329024)
2026-04-26 13:33:43:076 [IN ] C8 24 08 0E 25 A5 08 01 31 06 81 45 FF EE 13 18 1E 6E 31 (19)
                              [N8:R] TPOS 'E' 255 238 19 24 (-1174760)
