2025-07-24 14:17:17:230 [IN ] C8 24 0C 0C 25 A5 0C 01 31 04 E4 3A 03 E8 4B CD D2 (17)
                              [N12:Z] LOGPOS ':' 3 232 (1000)
2025-07-24 14:17:17:257 [OUT] 25 A5 01 0A 31 05 D6 3D FF 00 00 53 ED (13)
                              [N10:HMI] HMILED '=' 255 0 0 (16711680)
2025-07-24 14:17:17:279 [OUT] 25 A5 01 0C 31 05 81 FF D0 90 CD F0 BC (13)
                              [N12:Z] TPOS 255 208 144 205 (-3108659)
2025-07-24 14:17:17:305 [OUT] 25 A5 01 03 31 05 81 FF EE 7D 45 6A 20 (13)
                              [N3:X] TPOS 255 238 125 69 (-1147579)
2025-07-24 14:17:17:329 [OUT] 25 A5 01 04 31 05 81 FF F3 F0 02 A0 DA (13)
                              [N4:Y] TPOS 255 243 240 2 (-790526)
2025-07-24 14:17:17:454 [IN ] C8 24 0A 0D 25 A5 0A 01 31 05 D6 3A FF 00 00 50 EA 9D (18)
                              [N10:HMI] HMILED ':' 255 0 0 (16711680)
2025-07-24 14:17:17:580 [IN ] C8 24 0C 0E 25 A5 0C 01 31 06 81 53 FF CC 86 F3 5C 37 0A (19)
                              [N12:Z] TPOS 'S' 255 204 134 243 (-3373325)
2025-07-24 14:17:17:706 [IN ] C8 24 03 0E 25 A5 03 01 31 06 81 53 FF EE C4 03 C3 CF 0A (19)
                              [N3:X] TPOS 'S' 255 238 196 3 (-1129469)
2025-07-24 14:17:17:832 [IN ] C8 24 04 0E 25 A5 04 01 31 06 81 53 FF F4 49 F1 3D E3 0A (19)
                              [N4:Y] TPOS 'S' 255 244 73 241 (-767503)
2025-07-24 14:17:18:033 [IN ] C8 24 03 0E 25 A5 03 01 31 06 81 45 FF EE 7B 48 B1 3C 0A (19)
                              [N3:X] TPOS 'E' 255 238 123 72 (-1148088)
2025-07-24 14:17:18:234 [IN ] C8 24 04 0E 25 A5 04 01 31 06 81 45 FF F3 ED 91 72 82 0A C8 24 0C 0D 25 A5 0C 01 31 05 82 FF CD C6 D0 27 32 82 (37)
                              [N4:Y] TPOS 'E' 255 243 237 145 (-791151)
                              [N12:Z] GETPOS 255 205 198 208 (-3291440)
2025-07-24 14:17:19:236 [IN ] C8 24 0C 0D 25 A5 0C 01 31 05 82 FF D0 62 B7 AD 5A 82 (18)
                              [N12:Z] GETPOS 255 208 98 183 (-3120457)
2025-07-24 14:17:19:437 [IN ] C8 24 0C 0E 25 A5 0C 01 31 06 81 45 FF D0 92 98 03 BA 0A (19)
                              [N12:Z] TPOS 'E' 255 208 146 152 (-3108200)
