2025-07-24 13:01:17:040 [OUT] 25 A5 01 0A 31 05 D6 3D FF 00 00 53 ED (13)
                              [N10:HMI] HMILED '=' 255 0 0 (16711680)
2025-07-24 13:01:17:062 [OUT] 25 A5 01 03 31 02 D8 3F 4E CE (10)
                              [N3:X] INTERRUPT '?'
2025-07-24 13:01:17:363 [IN ] C8 24 0A 0D 25 A5 0A 01 31 05 D6 3A FF 00 00 50 EA 11 C8 24 03 0C 25 A5 03 01 31 04 D8 3A 01 01 4D 6A EA (35)
                              [N10:HMI] HMILED ':' 255 0 0 (16711680)
                              [N3:X] INTERRUPT ':' 1 1 (257)
2025-07-24 13:01:17:385 [OUT] 25 A5 01 09 31 03 C9 3D 09 4D 1C (11)
                              [N9:P] LFLAG '=' 9 (9)
2025-07-24 13:01:17:408 [OUT] 25 A5 01 04 31 02 D8 3F 4F D3 (10)
                              [N4:Y] INTERRUPT '?'
2025-07-24 13:01:17:709 [IN ] C8 24 09 0B 25 A5 09 01 31 03 C9 3A 09 4A 1E 6A C8 24 04 0C 25 A5 04 01 31 04 D8 3A 01 01 4E 72 EA (33)
                              [N9:P] LFLAG ':' 9 (9)
                              [N4:Y] INTERRUPT ':' 1 1 (257)
2025-07-24 13:01:17:730 [OUT] 25 A5 01 09 31 03 CA 3D 09 4E 1F (11)
                              [N9:P] RFLAG '=' 9 (9)
2025-07-24 13:01:17:751 [OUT] 25 A5 01 0C 31 02 D8 3F 57 FB (10)
                              [N12:Z] INTERRUPT '?'
2025-07-24 13:01:18:053 [IN ] C8 24 09 0B 25 A5 09 01 31 03 CA 3A 09 4B 21 72 C8 24 0C 0C 25 A5 0C 01 31 04 D8 3A 01 01 56 B2 EA (33)
                              [N9:P] RFLAG ':' 9 (9)
                              [N12:Z] INTERRUPT ':' 1 1 (257)
2025-07-24 13:01:18:075 [OUT] 25 A5 01 08 31 03 C9 3D 09 4C 16 (11)
                              [N8:R] LFLAG '=' 9 (9)
2025-07-24 13:01:18:097 [OUT] 25 A5 01 03 31 03 C9 3D 0B 49 FA (11)
                              [N3:X] LFLAG '=' 11 (11)
2025-07-24 13:01:18:118 [OUT] 25 A5 01 04 31 03 C9 3D 0B 4A 00 (11)
                              [N4:Y] LFLAG '=' 11 (11)
2025-07-24 13:01:18:141 [OUT] 25 A5 01 0C 31 03 C9 3D 0B 52 30 (11)
                              [N12:Z] LFLAG '=' 11 (11)
2025-07-24 13:01:18:247 [IN ] C8 24 08 0B 25 A5 08 01 31 03 C9 3A 09 49 17 B2 (16)
                              [N8:R] LFLAG ':' 9 (9)
2025-07-24 13:01:18:268 [OUT] 25 A5 01 08 31 03 CA 3D 09 4D 19 (11)
                              [N8:R] RFLAG '=' 9 (9)
2025-07-24 13:01:18:374 [IN ] C8 24 03 0B 25 A5 03 01 31 03 C9 3A 0B 46 F6 B2 (16)
                              [N3:X] LFLAG ':' 11 (11)
2025-07-24 13:01:18:396 [OUT] 25 A5 01 03 31 03 88 00 50 10 02 (11)
                              [N3:X] RUN 0 80 (80)
2025-07-24 13:01:18:460 [IN ] C8 24 04 0B 25 A5 04 01 31 03 C9 3A 0B 47 FD B2 (16)
                              [N4:Y] LFLAG ':' 11 (11)
2025-07-24 13:01:18:481 [OUT] 25 A5 01 04 31 03 88 00 50 11 08 (11)
                              [N4:Y] RUN 0 80 (80)
2025-07-24 13:01:18:567 [IN ] C8 24 0C 0B 25 A5 0C 01 31 03 C9 3A 0B 4F 35 B2 (16)
                              [N12:Z] LFLAG ':' 11 (11)
2025-07-24 13:01:18:589 [OUT] 25 A5 01 0C 31 03 88 00 50 19 38 (11)
                              [N12:Z] RUN 0 80 (80)
2025-07-24 13:01:18:695 [IN ] C8 24 08 0B 25 A5 08 01 31 03 CA 3A 09 4A 1A B2 (16)
                              [N8:R] RFLAG ':' 9 (9)
2025-07-24 13:01:18:800 [IN ] C8 24 03 0C 25 A5 03 01 31 04 88 53 00 50 64 C2 EA (17)
                              [N3:X] RUN 'S' 0 80 (80)
2025-07-24 13:01:18:905 [IN ] C8 24 04 0C 25 A5 04 01 31 04 88 53 00 50 65 CA EA (17)
                              [N4:Y] RUN 'S' 0 80 (80)
2025-07-24 13:01:19:030 [IN ] C8 24 0C 0C 25 A5 0C 01 31 04 88 53 00 50 6D 0A EA (17)
                              [N12:Z] RUN 'S' 0 80 (80)
2025-07-24 13:01:25:652 [IN ] C8 24 04 0B 25 A5 04 01 31 03 81 5A 4C 60 A6 0A C8 24 04 0A 25 A5 04 01 31 02 81 49 02 32 A6 (31)
                              [N4:Y] TPOS 'Z' 76 (76)
                              [N4:Y] TPOS 'I'
2025-07-24 13:01:25:876 [OUT] 25 A5 01 09 31 02 D8 3F 54 EC (10)
                              [N9:P] INTERRUPT '?'
2025-07-24 13:01:26:177 [IN ] C8 24 09 0C 25 A5 09 01 31 04 D8 3A 01 01 53 9A EA (17)
                              [N9:P] INTERRUPT ':' 1 1 (257)
2025-07-24 13:01:26:198 [OUT] 25 A5 01 04 31 03 C9 3D 09 48 FE (11)
                              [N4:Y] LFLAG '=' 9 (9)
2025-07-24 13:01:26:221 [OUT] 25 A5 01 07 31 02 D8 3F 52 E2 (10)
                              [N7:N] INTERRUPT '?'
2025-07-24 13:01:26:522 [IN ] C8 24 04 0B 25 A5 04 01 31 03 C9 3A 09 45 FB 9A C8 24 07 0C 25 A5 07 01 31 04 D8 3A 01 01 51 8A EA (33)
                              [N4:Y] LFLAG ':' 9 (9)
                              [N7:N] INTERRUPT ':' 1 1 (257)
2025-07-24 13:01:26:543 [OUT] 25 A5 01 09 31 03 C9 3D 0B 4F 1E (11)
                              [N9:P] LFLAG '=' 11 (11)
2025-07-24 13:01:26:565 [OUT] 25 A5 01 07 31 03 C9 3D 0B 4D 12 (11)
                              [N7:N] LFLAG '=' 11 (11)
2025-07-24 13:01:26:733 [IN ] C8 24 09 0B 25 A5 09 01 31 03 C9 3A 0B 4C 20 8A (16)
                              [N9:P] LFLAG ':' 11 (11)
2025-07-24 13:01:26:755 [OUT] 25 A5 01 09 31 03 88 00 50 16 26 (11)
                              [N9:P] RUN 0 80 (80)
2025-07-24 13:01:26:819 [IN ] C8 24 07 0B 25 A5 07 01 31 03 C9 3A 0B 4A 12 8A (16)
                              [N7:N] LFLAG ':' 11 (11)
2025-07-24 13:01:26:841 [OUT] 25 A5 01 07 31 03 88 00 50 14 1A (11)
                              [N7:N] RUN 0 80 (80)
2025-07-24 13:01:26:925 [IN ] C8 24 09 0C 25 A5 09 01 31 04 88 53 00 50 6A F2 EA (17)
                              [N9:P] RUN 'S' 0 80 (80)
2025-07-24 13:01:27:010 [IN ] C8 24 09 0B 25 A5 09 01 31 03 81 5A 4C 65 C9 F2 (16)
                              [N9:P] TPOS 'Z' 76 (76)
2025-07-24 13:01:27:052 [IN ] C8 24 07 0C 25 A5 07 01 31 04 88 53 00 50 68 E2 EA C8 24 09 0A 25 A5 09 01 31 02 81 49 07 50 68 (32)
                              [N7:N] RUN 'S' 0 80 (80)
                              [N9:P] TPOS 'I'
2025-07-24 13:01:27:278 [OUT] 25 A5 01 09 31 03 C9 3D 09 4D 1C (11)
                              [N9:P] LFLAG '=' 9 (9)
2025-07-24 13:01:27:299 [OUT] 25 A5 01 04 31 05 81 FF EE 88 01 32 FA (13)
                              [N4:Y] TPOS 255 238 136 1 (-1144831)
2025-07-24 13:01:27:426 [IN ] C8 24 09 0B 25 A5 09 01 31 03 C9 3A (12)
2025-07-24 13:01:27:448 [IN ] 09 4A 1E E2 (4)
                              [N9:P] LFLAG ':' 9 (9)
2025-07-24 13:01:27:574 [IN ] C8 24 04 0E 25 A5 04 01 31 06 81 53 00 00 00 00 10 88 0A (19)
                              [N4:Y] TPOS 'S' 0 0 0 0 (0)
2025-07-24 13:01:29:984 [IN ] C8 24 03 0B 25 A5 03 01 31 03 81 5A 4C 5F 9F 00 C8 24 03 0A 25 A5 03 01 31 02 81 49 01 2C 9F (31)
                              [N3:X] TPOS 'Z' 76 (76)
                              [N3:X] TPOS 'I'
2025-07-24 13:01:30:207 [OUT] 25 A5 01 03 31 03 C9 3D 09 47 F8 (11)
                              [N3:X] LFLAG '=' 9 (9)
2025-07-24 13:01:30:375 [IN ] C8 24 03 0B 25 A5 03 01 31 03 C9 3A 09 44 F4 00 (16)
                              [N3:X] LFLAG ':' 9 (9)
2025-07-24 13:01:31:983 [IN ] C8 24 07 0B 25 A5 07 01 31 03 81 5A 4C 63 BB 00 C8 24 07 0A 25 A5 07 01 31 02 81 49 05 44 BB (31)
                              [N7:N] TPOS 'Z' 76 (76)
                              [N7:N] TPOS 'I'
2025-07-24 13:01:32:206 [OUT] 25 A5 01 07 31 03 C9 3D 09 4B 10 (11)
                              [N7:N] LFLAG '=' 9 (9)
2025-07-24 13:01:32:375 [IN ] C8 24 07 0B 25 A5 07 01 31 03 C9 3A 09 48 10 00 (16)
                              [N7:N] LFLAG ':' 9 (9)
2025-07-24 13:01:33:780 [IN ] C8 24 04 0E 25 A5 04 01 31 06 81 45 FF EE 85 74 E8 86 0A (19)
                              [N4:Y] TPOS 'E' 255 238 133 116 (-1145484)
2025-07-24 13:01:34:003 [OUT] 25 A5 01 09 31 05 81 FF E7 5D 56 5A 0C (13)
                              [N9:P] TPOS 255 231 93 86 (-1614506)
2025-07-24 13:01:34:025 [OUT] 25 A5 01 04 31 05 81 FF FD 50 01 09 B7 (13)
                              [N4:Y] TPOS 255 253 80 1 (-176127)
2025-07-24 13:01:34:051 [OUT] 25 A5 01 07 31 05 81 FF AB 19 75 F7 DF (13)
                              [N7:N] TPOS 255 171 25 117 (-5564043)
2025-07-24 13:01:34:074 [OUT] 25 A5 01 03 31 05 81 FF EC 4A AB 9B 1A (13)
                              [N3:X] TPOS 255 236 74 171 (-1291605)
2025-07-24 13:01:34:096 [OUT] 25 A5 01 06 31 02 D8 3F 51 DD (10)
                              [N6:H] INTERRUPT '?'
2025-07-24 13:01:34:397 [IN ] C8 24 09 0E 25 A5 09 01 31 06 81 53 FF FF FF FC 0E AD 0A C8 24 04 0E 25 A5 04 01 31 06 81 53 FF EE 85 74 F6 CC 0A (38)
                              [N9:P] TPOS 'S' 255 255 255 252 (-4)
                              [N4:Y] TPOS 'S' 255 238 133 116 (-1145484)
2025-07-24 13:01:34:698 [IN ] C8 24 07 0E 25 A5 07 01 31 06 81 53 FF FF FF FE 0E 9B 0A C8 24 03 0E 25 A5 03 01 31 06 81 53 FF FF FF FF 0B 74 0A C8 24 06 0C 25 A5 06 01 31 04 D8 3A 01 01 50 82 0B (55)
                              [N7:N] TPOS 'S' 255 255 255 254 (-2)
                              [N3:X] TPOS 'S' 255 255 255 255 (-1)
                              [N6:H] INTERRUPT ':' 1 1 (257)
2025-07-24 13:01:34:720 [OUT] 25 A5 01 06 31 03 C9 3D 0B 4C 0C (11)
                              [N6:H] LFLAG '=' 11 (11)
2025-07-24 13:01:34:867 [IN ] C8 24 06 0B 25 A5 06 01 (8)
2025-07-24 13:01:34:889 [IN ] 31 03 C9 3A 0B 49 0B 82 (8)
                              [N6:H] LFLAG ':' 11 (11)
2025-07-24 13:01:34:911 [OUT] 25 A5 01 06 31 03 88 FF B0 72 72 (11)
                              [N6:H] RUN 255 176 (-80)
2025-07-24 13:01:35:057 [IN ] C8 24 06 0C 25 A5 06 01 31 04 88 53 FF B0 C6 38 0B (17)
                              [N6:H] RUN 'S' 255 176 (-80)
2025-07-24 13:01:37:467 [IN ] C8 24 0C 0B 25 A5 0C 01 31 03 81 5A 4C 68 DE 38 C8 24 0C 0A 25 A5 0C 01 31 02 81 49 0A 62 DE (31)
                              [N12:Z] TPOS 'Z' 76 (76)
                              [N12:Z] TPOS 'I'
2025-07-24 13:01:37:690 [OUT] 25 A5 01 0C 31 03 C9 3D 09 50 2E (11)
                              [N12:Z] LFLAG '=' 9 (9)
2025-07-24 13:01:37:858 [IN ] C8 24 0C 0B 25 A5 0C 01 31 03 C9 3A 09 4D 33 38 (16)
                              [N12:Z] LFLAG ':' 9 (9)
2025-07-24 13:01:37:880 [OUT] 25 A5 01 0C 31 05 81 FF BC D0 00 4F 33 (13)
                              [N12:Z] TPOS 255 188 208 0 (-4403200)
2025-07-24 13:01:38:070 [IN ] C8 24 0C 0E 25 A5 0C 01 31 06 81 53 FF FF FF B7 CC 86 0A (19)
                              [N12:Z] TPOS 'S' 255 255 255 183 (-73)
2025-07-24 13:01:39:677 [IN ] C8 24 06 0B 25 A5 06 01 31 03 81 5A 4C 62 B4 B7 C8 24 06 0A 25 A5 06 01 31 02 81 49 04 3E B4 (31)
                              [N6:H] TPOS 'Z' 76 (76)
                              [N6:H] TPOS 'I'
2025-07-24 13:01:39:900 [OUT] 25 A5 01 06 31 03 C9 3D 09 4A 0A (11)
                              [N6:H] LFLAG '=' 9 (9)
2025-07-24 13:01:40:068 [IN ] C8 24 06 0B 25 A5 06 01 31 03 C9 3A 09 47 09 B7 (16)
                              [N6:H] LFLAG ':' 9 (9)
2025-07-24 13:01:40:089 [OUT] 25 A5 01 06 31 03 84 00 50 0F 08 (11)
                              [N6:H] VEL 0 80 (80)
2025-07-24 13:01:40:256 [IN ] C8 24 06 0C 25 A5 06 01 31 04 84 53 00 50 63 CA CC (17)
                              [N6:H] VEL 'S' 0 80 (80)
2025-07-24 13:01:40:277 [OUT] 25 A5 01 06 31 05 81 00 19 82 3C 95 BE (13)
                              [N6:H] TPOS 0 25 130 60 (1671740)
2025-07-24 13:01:40:487 [IN ] C8 24 06 0E 25 A5 06 01 31 06 81 53 00 00 00 00 12 9C 0A (19)
                              [N6:H] TPOS 'S' 0 0 0 0 (0)
2025-07-24 13:01:42:294 [IN ] C8 24 03 0E 25 A5 03 01 31 06 81 45 FF EC 49 36 6B C0 0A (19)
                              [N3:X] TPOS 'E' 255 236 73 54 (-1291978)
2025-07-24 13:01:42:719 [OUT] 25 A5 01 03 31 05 81 FF FD 50 01 08 AF (13)
                              [N3:X] TPOS 255 253 80 1 (-176127)
2025-07-24 13:01:42:887 [IN ] C8 24 04 0E 25 A5 04 01 31 06 81 45 FF FD 4F B3 00 86 0A (19)
                              [N4:Y] TPOS 'E' 255 253 79 179 (-176205)
2025-07-24 13:01:42:909 [IN ] C8 24 03 0E 25 A5 03 01 31 06 81 53 FF EC 49 36 79 06 0A (19)
                              [N3:X] TPOS 'S' 255 236 73 54 (-1291978)
2025-07-24 13:01:43:512 [IN ] C8 24 09 0E 25 A5 09 01 31 06 81 45 FF E7 5B 59 A1 34 0A (19)
                              [N9:P] TPOS 'E' 255 231 91 89 (-1615015)
2025-07-24 13:01:43:938 [OUT] 25 A5 01 09 31 05 81 FF FF D9 C8 60 BE (13)
                              [N9:P] TPOS 255 255 217 200 (-9784)
2025-07-24 13:01:44:147 [IN ] C8 24 09 0E 25 A5 09 01 31 06 81 53 FF E7 5B 5C B2 7D 0A (19)
                              [N9:P] TPOS 'S' 255 231 91 92 (-1615012)
2025-07-24 13:01:49:165 [IN ] C8 24 06 0E 25 A5 06 01 31 06 81 45 00 19 85 65 07 10 0A (19)
                              [N6:H] TPOS 'E' 0 25 133 101 (1672549)
2025-07-24 13:01:49:590 [OUT] 25 A5 01 06 31 05 81 00 0C 52 A3 BF 9E (13)
                              [N6:H] TPOS 0 12 82 163 (807587)
2025-07-24 13:01:49:778 [IN ] C8 24 06 0E 25 A5 06 01 31 06 81 53 00 19 85 65 15 56 0A (19)
                              [N6:H] TPOS 'S' 0 25 133 101 (1672549)
2025-07-24 13:01:53:392 [IN ] C8 24 09 0E 25 A5 09 01 31 06 81 45 FF FF DA 6E 4D 8F 0A (19)
                              [N9:P] TPOS 'E' 255 255 218 110 (-9618)
2025-07-24 13:01:53:615 [OUT] 25 A5 01 08 31 02 D8 3F 53 E7 (10)
                              [N8:R] INTERRUPT '?'
2025-07-24 13:01:53:917 [IN ] C8 24 06 0E 25 A5 06 01 31 06 81 45 00 0C 4D EB 48 FF 0A C8 24 08 0C 25 A5 08 01 31 04 D8 3A 01 01 52 92 48 (36)
                              [N6:H] TPOS 'E' 0 12 77 235 (806379)
                              [N8:R] INTERRUPT ':' 1 1 (257)
2025-07-24 13:01:53:938 [OUT] 25 A5 01 08 31 03 CA 3D 0B 4F 1B (11)
                              [N8:R] RFLAG '=' 11 (11)
2025-07-24 13:01:53:960 [OUT] 25 A5 01 05 31 02 D8 3F 50 D8 (10)
                              [N5:V] INTERRUPT '?'
2025-07-24 13:01:54:262 [IN ] C8 24 08 0B 25 A5 08 01 31 03 CA 3A 0B 4C 1C 92 C8 24 05 0C 25 A5 05 01 31 04 D8 3A 01 01 4F 7A 48 (33)
                              [N8:R] RFLAG ':' 11 (11)
                              [N5:V] INTERRUPT ':' 1 1 (257)
2025-07-24 13:01:54:283 [OUT] 25 A5 01 08 31 03 88 00 50 15 20 (11)
                              [N8:R] RUN 0 80 (80)
2025-07-24 13:01:54:304 [OUT] 25 A5 01 05 31 03 C9 3D 0B 4B 06 (11)
                              [N5:V] LFLAG '=' 11 (11)
2025-07-24 13:01:54:451 [IN ] C8 24 08 0C 25 A5 08 01 31 04 88 53 00 50 69 EA 48 (17)
                              [N8:R] RUN 'S' 0 80 (80)
2025-07-24 13:01:54:556 [IN ] C8 24 05 0B 25 A5 05 01 31 03 C9 3A 0B 48 04 EA (16)
                              [N5:V] LFLAG ':' 11 (11)
2025-07-24 13:01:54:577 [OUT] 25 A5 01 05 31 03 88 FF B0 71 6C (11)
                              [N5:V] RUN 255 176 (-80)
2025-07-24 13:01:54:620 [IN ] C8 24 03 0E 25 A5 03 01 31 06 81 45 FF FD 4F B8 04 81 0A (19)
                              [N3:X] TPOS 'E' 255 253 79 184 (-176200)
2025-07-24 13:01:54:746 [IN ] C8 24 05 0C 25 A5 05 01 31 04 88 53 FF B0 C5 30 04 (17)
                              [N5:V] RUN 'S' 255 176 (-80)
2025-07-24 13:01:59:765 [IN ] C8 24 05 0B 25 A5 05 01 31 03 81 5A 4C 61 AD 30 C8 24 05 0A 25 A5 05 01 31 02 81 49 03 38 AD (31)
                              [N5:V] TPOS 'Z' 76 (76)
                              [N5:V] TPOS 'I'
2025-07-24 13:01:59:967 [IN ] C8 24 07 0E 25 A5 07 01 31 06 81 45 FF AB 14 CB 8E 50 0A (19)
                              [N7:N] TPOS 'E' 255 171 20 203 (-5565237)
2025-07-24 13:01:59:988 [OUT] 25 A5 01 05 31 03 C9 3D 09 49 04 (11)
                              [N5:V] LFLAG '=' 9 (9)
2025-07-24 13:02:00:033 [OUT] 25 A5 01 07 31 05 81 FF F0 47 34 29 C9 (13)
                              [N7:N] TPOS 255 240 71 52 (-1030348)
2025-07-24 13:02:00:162 [IN ] C8 24 05 0B 25 A5 05 01 31 03 C9 3A 09 46 02 CB (16)
                              [N5:V] LFLAG ':' 9 (9)
2025-07-24 13:02:00:183 [OUT] 25 A5 01 05 31 03 84 00 50 0E 02 (11)
                              [N5:V] VEL 0 80 (80)
2025-07-24 13:02:00:288 [IN ] C8 24 07 0E 25 A5 07 01 31 06 81 53 FF AB 14 CB 9C 96 0A (19)
                              [N7:N] TPOS 'S' 255 171 20 203 (-5565237)
2025-07-24 13:02:00:393 [IN ] C8 24 05 0C 25 A5 05 01 31 04 84 53 00 50 62 C2 9C (17)
                              [N5:V] VEL 'S' 0 80 (80)
2025-07-24 13:02:00:415 [OUT] 25 A5 01 05 31 05 81 00 19 82 3C 94 B6 (13)
                              [N5:V] TPOS 0 25 130 60 (1671740)
2025-07-24 13:02:00:604 [IN ] C8 24 05 0E 25 A5 05 01 31 06 81 53 00 00 00 00 11 92 0A (19)
                              [N5:V] TPOS 'S' 0 0 0 0 (0)
2025-07-24 13:02:01:007 [IN ] C8 24 08 0B 25 A5 08 01 31 03 81 5A 52 6A C8 00 C8 24 08 0A 25 A5 08 01 31 02 81 49 06 4A C8 (31)
                              [N8:R] TPOS 'Z' 82 (82)
                              [N8:R] TPOS 'I'
2025-07-24 13:02:01:230 [OUT] 25 A5 01 08 31 03 CA 3D 09 4D 19 (11)
                              [N8:R] RFLAG '=' 9 (9)
2025-07-24 13:02:01:398 [IN ] C8 24 08 0B 25 A5 08 01 31 03 CA 3A 09 4A 1A 00 (16)
                              [N8:R] RFLAG ':' 9 (9)
2025-07-24 13:02:01:419 [OUT] 25 A5 01 08 31 05 81 FF DC 77 1D 2F DE (13)
                              [N8:R] TPOS 255 220 119 29 (-2328803)
2025-07-24 13:02:01:608 [IN ] C8 24 08 0E 25 A5 08 01 31 06 81 53 FF FF FF F4 05 9B 0A (19)
                              [N8:R] TPOS 'S' 255 255 255 244 (-12)
2025-07-24 13:02:04:018 [IN ] C8 24 0C 0E 25 A5 0C 01 31 06 81 45 FF BC CE C9 5C 27 0A (19)
                              [N12:Z] TPOS 'E' 255 188 206 201 (-4403511)
2025-07-24 13:02:04:442 [OUT] 25 A5 01 0C 31 05 81 FF D0 90 CD F0 BC (13)
                              [N12:Z] TPOS 255 208 144 205 (-3108659)
2025-07-24 13:02:04:650 [IN ] C8 24 0C 0E 25 A5 0C 01 31 06 81 53 FF BC CE D8 79 7C 0A (19)
                              [N12:Z] TPOS 'S' 255 188 206 216 (-4403496)
2025-07-24 13:02:08:463 [IN ] C8 24 05 0E 25 A5 05 01 31 06 81 45 00 19 86 0E B0 B1 0A (19)
                              [N5:V] TPOS 'E' 0 25 134 14 (1672718)
2025-07-24 13:02:08:887 [OUT] 25 A5 01 05 31 05 81 00 0C CB A9 3D 8E (13)
                              [N5:V] TPOS 0 12 203 169 (838569)
2025-07-24 13:02:09:058 [IN ] C8 24 05 0E 25 A5 05 01 31 06 81 53 00 19 86 0E BE F7 0A (19)
                              [N5:V] TPOS 'S' 0 25 134 14 (1672718)
2025-07-24 13:02:12:267 [IN ] C8 24 0C 0E 25 A5 0C 01 31 06 81 45 FF D0 92 C5 30 E7 0A (19)
                              [N12:Z] TPOS 'E' 255 208 146 197 (-3108155)
2025-07-24 13:02:13:673 [IN ] C8 24 08 0E 25 A5 08 01 31 06 81 45 FF DC 73 CA 1E AA 0A (19)
                              [N8:R] TPOS 'E' 255 220 115 202 (-2329654)
2025-07-24 13:02:14:098 [OUT] 25 A5 01 08 31 05 81 FF ED 5D DE E7 9E (13)
                              [N8:R] TPOS 255 237 93 222 (-1221154)
2025-07-24 13:02:14:287 [IN ] C8 24 08 0E 25 A5 08 01 31 06 81 53 FF DC 73 CC 2E F2 0A (19)
                              [N8:R] TPOS 'S' 255 220 115 204 (-2329652)
2025-07-24 13:02:14:489 [IN ] C8 24 05 0E 25 A5 05 01 31 06 81 45 00 0C CA 3B 14 3F 0A (19)
                              [N5:V] TPOS 'E' 0 12 202 59 (838203)
2025-07-24 13:02:14:713 [OUT] 25 A5 01 03 31 05 81 FF EE 7D 45 6A 20 (13)
                              [N3:X] TPOS 255 238 125 69 (-1147579)
2025-07-24 13:02:14:735 [OUT] 25 A5 01 04 31 05 81 FF F3 F0 02 A0 DA (13)
                              [N4:Y] TPOS 255 243 240 2 (-790526)
2025-07-24 13:02:14:903 [IN ] C8 24 03 0E 25 A5 03 01 31 06 81 53 FF FD 4F B8 12 C7 0A (19)
                              [N3:X] TPOS 'S' 255 253 79 184 (-176200)
2025-07-24 13:02:15:008 [IN ] C8 24 04 0E (4)
2025-07-24 13:02:15:029 [IN ] 25 A5 04 01 31 06 81 53 FF FD 4F B3 0E CC 0A (15)
                              [N4:Y] TPOS 'S' 255 253 79 179 (-176205)
2025-07-24 13:02:18:439 [IN ] C8 24 04 0E 25 A5 04 01 31 06 81 45 FF F3 ED 71 52 62 0A (19)
                              [N4:Y] TPOS 'E' 255 243 237 113 (-791183)
2025-07-24 13:02:20:448 [IN ] C8 24 08 0E 25 A5 08 01 31 06 81 45 FF ED 5F 88 D9 73 0A (19)
                              [N8:R] TPOS 'E' 255 237 95 136 (-1220728)
2025-07-24 13:02:20:650 [IN ] C8 24 03 0E 25 A5 03 01 31 06 81 45 FF EE 7B 56 BF 4A 0A (19)
                              [N3:X] TPOS 'E' 255 238 123 86 (-1148074)
2025-07-24 13:02:21:052 [IN ] C8 24 07 0E 25 A5 07 01 31 06 81 45 FF F0 4B 4B 8A 0D 0A (19)
                              [N7:N] TPOS 'E' 255 240 75 75 (-1029301)
