2025-07-24 16:00:40:486 [OUT] 25 A5 01 0A 31 05 D6 3D FF 00 00 53 ED (13)
                              [N10:HMI] HMILED '=' 255 0 0 (16711680)
2025-07-24 16:00:40:509 [OUT] 25 A5 01 0C 31 05 81 FF E3 61 53 5A 1D (13)
                              [N12:Z] TPOS 255 227 97 83 (-1875629)
2025-07-24 16:00:40:531 [OUT] 25 A5 01 05 31 05 81 00 0C CB A9 3D 8E (13)
                              [N5:V] TPOS 0 12 203 169 (838569)
2025-07-24 16:00:40:553 [OUT] 25 A5 01 06 31 05 81 00 0C 52 A3 BF 9E (13)
                              [N6:H] TPOS 0 12 82 163 (807587)
2025-07-24 16:00:40:679 [IN ] C8 24 0A 0D 25 A5 0A 01 31 05 D6 3A FF 00 00 50 EA 25 (18)
                              [N10:HMI] HMILED ':' 255 0 0 (16711680)
2025-07-24 16:00:40:784 [IN ] C8 24 0C 0E 25 A5 0C 01 31 06 81 53 FF CF 39 52 71 05 A5 (19)
                              [N12:Z] TPOS 'S' 255 207 57 82 (-3196590)
2025-07-24 16:00:40:932 [IN ] C8 24 05 0E 25 A5 05 01 31 06 81 53 00 0C CA 2C 13 76 A5 (19)
                              [N5:V] TPOS 'S' 0 12 202 44 (838188)
2025-07-24 16:00:41:037 [IN ] C8 24 05 0E 25 A5 05 01 31 06 81 45 00 0C CA 52 2B 56 A5 (19)
                              [N5:V] TPOS 'E' 0 12 202 82 (838226)
2025-07-24 16:00:41:059 [IN ] C8 24 06 0E 25 A5 06 01 31 06 81 53 00 0C 4E 13 7F 6F A5 (19)
                              [N6:H] TPOS 'S' 0 12 78 19 (806419)
2025-07-24 16:00:41:260 [IN ] C8 24 06 0E 25 A5 06 01 31 06 81 45 00 0C 53 B2 15 D2 A5 (19)
                              [N6:H] TPOS 'E' 0 12 83 178 (807858)
2025-07-24 16:00:48:890 [IN ] C8 24 0C 0E 25 A5 0C 01 31 06 81 45 FF E3 63 81 D0 7E A5 (19)
                              [N12:Z] TPOS 'E' 255 227 99 129 (-1875071)
2025-07-24 16:00:49:313 [OUT] 25 A5 01 04 31 05 81 FF F5 8B 2D 68 41 (13)
                              [N4:Y] TPOS 255 245 139 45 (-685267)
2025-07-24 16:00:49:335 [OUT] 25 A5 01 03 31 05 81 FF EC 8F BA EF B3 (13)
                              [N3:X] TPOS 255 236 143 186 (-1273926)
2025-07-24 16:00:49:502 [IN ] C8 24 04 0E 25 A5 04 01 31 06 81 53 FF F3 ED 88 77 BF A5 (19)
                              [N4:Y] TPOS 'S' 255 243 237 136 (-791160)
2025-07-24 16:00:49:629 [IN ] C8 24 03 0E 25 A5 03 01 31 06 81 53 FF EE 7B 3B B2 75 A5 (19)
                              [N3:X] TPOS 'S' 255 238 123 59 (-1148101)
2025-07-24 16:00:50:634 [IN ] C8 24 03 0E 25 A5 03 01 31 06 81 45 FF EC 8D D1 4A E3 A5 C8 24 04 0E 25 A5 04 01 31 06 81 45 FF F5 8A E7 67 18 A5 (38)
                              [N3:X] TPOS 'E' 255 236 141 209 (-1274415)
                              [N4:Y] TPOS 'E' 255 245 138 231 (-685337)
2025-07-24 16:00:51:059 [OUT] 25 A5 01 0C 31 05 81 FF CF 39 53 1E 91 (13)
                              [N12:Z] TPOS 255 207 57 83 (-3196589)
2025-07-24 16:00:51:247 [IN ] C8 24 0C 0E 25 A5 0C 01 31 06 81 53 FF E3 63 79 D6 BC A5 (19)
                              [N12:Z] TPOS 'S' 255 227 99 121 (-1875079)
2025-07-24 16:00:59:278 [IN ] C8 24 0C 0E 25 A5 0C 01 31 06 81 45 FF CF 37 A9 B8 12 A5 (19)
                              [N12:Z] TPOS 'E' 255 207 55 169 (-3197015)
2025-07-24 16:00:59:703 [OUT] 25 A5 01 09 31 05 81 FF ED F0 48 E5 36 (13)
                              [N9:P] TPOS 255 237 240 72 (-1183672)
2025-07-24 16:00:59:725 [OUT] 25 A5 01 05 31 05 81 00 0C 9D 5E C4 E7 (13)
                              [N5:V] TPOS 0 12 157 94 (826718)
2025-07-24 16:00:59:747 [OUT] 25 A5 01 06 31 05 81 00 07 81 7F C5 C9 (13)
                              [N6:H] TPOS 0 7 129 127 (491903)
2025-07-24 16:00:59:769 [OUT] 25 A5 01 07 31 05 81 FF CF 19 06 AC DC (13)
                              [N7:N] TPOS 255 207 25 6 (-3204858)
2025-07-24 16:00:59:875 [IN ] C8 24 09 0E 25 A5 09 01 31 06 81 53 FF F1 35 A3 DD 96 A5 (19)
                              [N9:P] TPOS 'S' 255 241 53 163 (-969309)
2025-07-24 16:01:00:022 [IN ] C8 24 05 0E 25 A5 05 01 31 06 81 53 00 0C CA 52 39 9C A5 (19)
                              [N5:V] TPOS 'S' 0 12 202 82 (838226)
2025-07-24 16:01:00:147 [IN ] C8 24 06 0E 25 A5 06 01 31 06 81 53 00 0C 53 B2 23 18 A5 (19)
                              [N6:H] TPOS 'S' 0 12 83 178 (807858)
2025-07-24 16:01:00:210 [IN ] C8 24 05 0E 25 A5 05 01 31 06 81 45 00 0C 9B FC A6 A2 A5 (19)
                              [N5:V] TPOS 'E' 0 12 155 252 (826364)
2025-07-24 16:01:00:273 [IN ] C8 24 07 0E 25 A5 07 01 31 06 81 53 FF F0 4B 38 85 40 A5 (19)
                              [N7:N] TPOS 'S' 255 240 75 56 (-1029320)
2025-07-24 16:01:01:278 [IN ] C8 24 09 0E 25 A5 09 01 31 06 81 45 FF ED ED 78 58 89 A5 (19)
                              [N9:P] TPOS 'E' 255 237 237 120 (-1184392)
2025-07-24 16:01:01:881 [IN ] C8 24 06 0E 25 A5 06 01 31 06 81 45 00 07 7E 01 8A 68 A5 (19)
                              [N6:H] TPOS 'E' 0 7 126 1 (491009)
2025-07-24 16:01:10:315 [IN ] C8 24 07 0E 25 A5 07 01 31 06 81 45 FF CF 14 9D 84 8E A5 (19)
                              [N7:N] TPOS 'E' 255 207 20 157 (-3205987)
