2025-07-24 16:34:30:112 [OUT] 25 A5 01 0A 31 05 D6 3D FF 00 00 53 ED (13)
                              [N10:HMI] HMILED '=' 255 0 0 (16711680)
2025-07-24 16:34:30:135 [OUT] 25 A5 01 05 31 05 81 00 0C CB A9 3D 8E (13)
                              [N5:V] TPOS 0 12 203 169 (838569)
2025-07-24 16:34:30:156 [OUT] 25 A5 01 06 31 05 81 00 0C 52 A3 BF 9E (13)
                              [N6:H] TPOS 0 12 82 163 (807587)
2025-07-24 16:34:30:281 [IN ] C8 24 0B 0A 25 A5 0B 01 31 02 DE 02 1F CF 80 (15)
                              [N11:NG] NGSWSTATE 2 (2)
2025-07-24 16:34:30:303 [IN ] C8 24 0A 0D 25 A5 0A 01 31 05 D6 3A FF 00 00 50 EA 7B C8 24 0B 0A 25 A5 0B 01 31 02 DE 02 1F CF 00 (33)
                              [N10:HMI] HMILED ':' 255 0 0 (16711680)
                              [N11:NG] NGSWSTATE 2 (2)
2025-07-24 16:34:30:388 [IN ] C8 24 0B 0A 25 A5 0B 01 31 02 DE 00 1D CD 00 (15)
                              [N11:NG] NGSWSTATE 0 (0)
2025-07-24 16:34:30:431 [IN ] C8 24 05 0E 25 A5 05 01 31 06 81 53 00 08 E7 7C 7C F4 31 (19)
                              [N5:V] TPOS 'S' 0 8 231 124 (583548)
2025-07-24 16:34:30:557 [IN ] C8 24 06 0E (4)
2025-07-24 16:34:30:579 [IN ] 25 A5 06 01 31 06 81 53 00 0F 17 CA 02 C1 31 (15)
                              [N6:H] TPOS 'S' 0 15 23 202 (989130)
2025-07-24 16:34:31:381 [IN ] C8 24 0B 0A 25 A5 0B 01 31 02 DE 00 1D CD 17 (15)
                              [N11:NG] NGSWSTATE 0 (0)
2025-07-24 16:34:31:583 [IN ] C8 24 06 0E 25 A5 06 01 31 06 81 45 00 0C 4D D8 35 EC 31 (19)
                              [N6:H] TPOS 'E' 0 12 77 216 (806360)
2025-07-24 16:34:31:784 [IN ] C8 24 05 0E 25 A5 05 01 31 06 81 45 00 0C CF A9 87 B7 31 (19)
                              [N5:V] TPOS 'E' 0 12 207 169 (839593)
