2025-07-24 16:02:21:647 [OUT] 25 A5 01 0A 31 05 D6 3D FF 00 00 53 ED (13)
                              [N10:HMI] HMILED '=' 255 0 0 (16711680)
2025-07-24 16:02:21:670 [OUT] 25 A5 01 09 31 05 81 FF E9 97 8B CB BB (13)
                              [N9:P] TPOS 255 233 151 139 (-1468533)
2025-07-24 16:02:21:692 [OUT] 25 A5 01 05 31 05 81 00 13 14 36 1A C2 (13)
                              [N5:V] TPOS 0 19 20 54 (1250358)
2025-07-24 16:02:21:714 [OUT] 25 A5 01 07 31 05 81 FF CF B3 A0 E0 AA (13)
                              [N7:N] TPOS 255 207 179 160 (-3165280)
2025-07-24 16:02:21:737 [OUT] 25 A5 01 08 31 05 81 FF E9 82 14 3E 12 (13)
                              [N8:R] TPOS 255 233 130 20 (-1474028)
2025-07-24 16:02:21:822 [IN ] C8 24 0A 0D 25 A5 0A 01 31 05 D6 3A FF 00 00 50 EA C4 (18)
                              [N10:HMI] HMILED ':' 255 0 0 (16711680)
2025-07-24 16:02:21:969 [IN ] C8 24 09 0E 25 A5 09 01 31 06 81 53 FF E9 B0 D0 7D A1 A5 (19)
                              [N9:P] TPOS 'S' 255 233 176 208 (-1462064)
2025-07-24 16:02:22:096 [IN ] C8 24 05 0E 25 A5 05 01 31 06 81 53 00 08 56 DB 4A 31 A5 C8 24 09 0E 25 A5 09 01 31 06 81 45 FF E9 95 35 B9 8A A5 (38)
                              [N5:V] TPOS 'S' 0 8 86 219 (546523)
                              [N9:P] TPOS 'E' 255 233 149 53 (-1469131)
2025-07-24 16:02:22:223 [IN ] C8 24 07 0E 25 A5 07 01 31 06 81 53 FF CD E9 2F F7 0A A5 (19)
                              [N7:N] TPOS 'S' 255 205 233 47 (-3282641)
2025-07-24 16:02:22:349 [IN ] C8 24 08 0E 25 A5 08 01 31 06 81 53 FF E6 1D 7F 95 17 A5 (19)
                              [N8:R] TPOS 'S' 255 230 29 127 (-1696385)
2025-07-24 16:02:22:954 [IN ] C8 24 07 0E 25 A5 07 01 31 06 81 45 FF CF B7 FD 87 34 A5 (19)
                              [N7:N] TPOS 'E' 255 207 183 253 (-3164163)
2025-07-24 16:02:23:757 [IN ] C8 24 08 0E 25 A5 08 01 31 06 81 45 FF E9 84 CC 3E F5 A5 (19)
                              [N8:R] TPOS 'E' 255 233 132 204 (-1473332)
2025-07-24 16:02:25:564 [IN ] C8 24 05 0E 25 A5 05 01 31 06 81 45 00 13 18 48 76 FD A5 (19)
                              [N5:V] TPOS 'E' 0 19 24 72 (1251400)
