2025-07-24 12:38:14:628 [OUT] 25 A5 01 0A 31 05 D6 3D FF 00 00 53 ED (13)
                              [N10:HMI] HMILED '=' 255 0 0 (16711680)
2025-07-24 12:38:14:655 [OUT] 25 A5 01 03 31 02 D8 3F 4E CE (10)
                              [N3:X] INTERRUPT '?'
2025-07-24 12:38:14:956 [IN ] C8 24 0A 0D 25 A5 0A 01 31 05 D6 3A FF 00 00 50 EA F8 C8 24 03 0C 25 A5 03 01 31 04 D8 3A 01 01 4D 6A EA (35)
                              [N10:HMI] HMILED ':' 255 0 0 (16711680)
                              [N3:X] INTERRUPT ':' 1 1 (257)
2025-07-24 12:38:14:978 [OUT] 25 A5 01 09 31 03 C9 3D 09 4D 1C (11)
                              [N9:P] LFLAG '=' 9 (9)
2025-07-24 12:38:15:002 [OUT] 25 A5 01 04 31 02 D8 3F 4F D3 (10)
                              [N4:Y] INTERRUPT '?'
2025-07-24 12:38:15:306 [IN ] C8 24 0B 0A 25 A5 0B 01 31 02 DE 03 20 D0 4D C8 24 09 0B 25 A5 09 01 31 03 C9 3A 09 4A 1E 6A C8 24 04 0C 25 A5 04 01 31 04 D8 3A 01 01 4E 72 EA (48)
                              [N11:NG] NGSWSTATE 3 (3)
                              [N9:P] LFLAG ':' 9 (9)
                              [N4:Y] INTERRUPT ':' 1 1 (257)
2025-07-24 12:38:15:328 [OUT] 25 A5 01 09 31 03 CA 3D 09 4E 1F (11)
                              [N9:P] RFLAG '=' 9 (9)
2025-07-24 12:38:15:350 [OUT] 25 A5 01 0C 31 02 D8 3F 57 FB (10)
                              [N12:Z] INTERRUPT '?'
2025-07-24 12:38:15:651 [IN ] C8 24 09 0B 25 A5 09 01 31 03 CA 3A 09 4B 21 72 C8 24 0C 0C 25 A5 0C 01 31 04 D8 3A 01 01 56 B2 EA (33)
                              [N9:P] RFLAG ':' 9 (9)
                              [N12:Z] INTERRUPT ':' 1 1 (257)
2025-07-24 12:38:15:672 [OUT] 25 A5 01 08 31 03 C9 3D 09 4C 16 (11)
                              [N8:R] LFLAG '=' 9 (9)
2025-07-24 12:38:15:694 [OUT] 25 A5 01 03 31 03 C9 3D 0B 49 FA (11)
                              [N3:X] LFLAG '=' 11 (11)
2025-07-24 12:38:15:717 [OUT] 25 A5 01 04 31 03 C9 3D 0B 4A 00 (11)
                              [N4:Y] LFLAG '=' 11 (11)
2025-07-24 12:38:15:739 [OUT] 25 A5 01 0C 31 03 C9 3D 0B 52 30 (11)
                              [N12:Z] LFLAG '=' 11 (11)
2025-07-24 12:38:15:824 [IN ] C8 24 08 0B 25 A5 08 01 31 03 C9 3A 09 49 17 B2 (16)
                              [N8:R] LFLAG ':' 9 (9)
2025-07-24 12:38:15:847 [OUT] 25 A5 01 08 31 03 CA 3D 09 4D 19 (11)
                              [N8:R] RFLAG '=' 9 (9)
2025-07-24 12:38:15:953 [IN ] C8 24 03 0B 25 A5 03 01 31 03 C9 3A 0B 46 F6 B2 (16)
                              [N3:X] LFLAG ':' 11 (11)
2025-07-24 12:38:15:974 [OUT] 25 A5 01 03 31 03 88 00 50 10 02 (11)
                              [N3:X] RUN 0 80 (80)
2025-07-24 12:38:16:017 [IN ] C8 24 0B 0A 25 A5 0B 01 31 02 DE 03 20 D0 F6 (15)
                              [N11:NG] NGSWSTATE 3 (3)
2025-07-24 12:38:16:081 [IN ] C8 24 04 0B 25 A5 04 01 31 03 C9 3A 0B 47 FD B2 (16)
                              [N4:Y] LFLAG ':' 11 (11)
2025-07-24 12:38:16:102 [OUT] 25 A5 01 04 31 03 88 00 50 11 08 (11)
                              [N4:Y] RUN 0 80 (80)
2025-07-24 12:38:16:187 [IN ] C8 24 0C 0B 25 A5 0C 01 31 03 C9 3A 0B 4F 35 B2 (16)
                              [N12:Z] LFLAG ':' 11 (11)
2025-07-24 12:38:16:208 [OUT] 25 A5 01 0C 31 03 88 00 50 19 38 (11)
                              [N12:Z] RUN 0 80 (80)
2025-07-24 12:38:16:271 [IN ] C8 24 08 0B 25 A5 08 01 31 03 CA 3A 09 4A 1A B2 (16)
                              [N8:R] RFLAG ':' 9 (9)
2025-07-24 12:38:16:396 [IN ] C8 24 03 0C 25 A5 03 01 31 04 88 53 00 50 64 C2 EA (17)
                              [N3:X] RUN 'S' 0 80 (80)
2025-07-24 12:38:16:523 [IN ] C8 24 04 0C 25 A5 04 01 31 04 88 53 00 50 65 CA EA (17)
                              [N4:Y] RUN 'S' 0 80 (80)
2025-07-24 12:38:16:607 [IN ] C8 (1)
2025-07-24 12:38:16:629 [IN ] 24 0C 0C 25 A5 0C 01 31 04 88 53 00 50 6D 0A EA (16)
                              [N12:Z] RUN 'S' 0 80 (80)
2025-07-24 12:38:17:031 [IN ] C8 24 0B 0A 25 A5 0B 01 31 02 DE 03 20 D0 6D (15)
                              [N11:NG] NGSWSTATE 3 (3)
2025-07-24 12:38:18:034 [IN ] C8 24 0B 0A 25 A5 0B 01 31 02 DE 03 20 D0 6D (15)
                              [N11:NG] NGSWSTATE 3 (3)
2025-07-24 12:38:19:240 [IN ] C8 24 0B 0A 25 A5 0B 01 31 02 DE 03 20 D0 6D (15)
                              [N11:NG] NGSWSTATE 3 (3)
2025-07-24 12:38:20:045 [IN ] C8 24 0B 0A 25 A5 0B 01 (8)
2025-07-24 12:38:20:246 [IN ] 31 02 DE 03 20 D0 6D (7)
                              [N11:NG] NGSWSTATE 3 (3)
2025-07-24 12:38:21:048 [IN ] C8 24 0B 0A 25 A5 0B 01 31 02 DE 03 20 D0 6D (15)
                              [N11:NG] NGSWSTATE 3 (3)
2025-07-24 12:38:22:252 [IN ] C8 24 0B 0A 25 A5 0B 01 31 02 DE 03 20 D0 6D (15)
                              [N11:NG] NGSWSTATE 3 (3)
2025-07-24 12:38:23:255 [IN ] C8 24 0B 0A 25 A5 0B 01 31 02 DE 03 20 D0 6D (15)
                              [N11:NG] NGSWSTATE 3 (3)
2025-07-24 12:38:23:457 [IN ] C8 24 04 0B 25 A5 04 01 31 03 81 5A 4C 60 A6 0A C8 24 04 0A 25 A5 04 01 31 02 81 49 02 32 A6 (31)
                              [N4:Y] TPOS 'Z' 76 (76)
                              [N4:Y] TPOS 'I'
2025-07-24 12:38:23:682 [OUT] 25 A5 01 09 31 02 D8 3F 54 EC (10)
                              [N9:P] INTERRUPT '?'
2025-07-24 12:38:23:984 [IN ] C8 24 09 0C 25 A5 09 01 31 04 D8 3A 01 01 53 9A EA (17)
                              [N9:P] INTERRUPT ':' 1 1 (257)
2025-07-24 12:38:24:006 [OUT] 25 A5 01 04 31 03 C9 3D 09 48 FE (11)
                              [N4:Y] LFLAG '=' 9 (9)
2025-07-24 12:38:24:027 [OUT] 25 A5 01 07 31 02 D8 3F 52 E2 (10)
                              [N7:N] INTERRUPT '?'
2025-07-24 12:38:24:328 [IN ] C8 24 0B 0A 25 A5 0B 01 31 02 DE 03 20 D0 53 C8 24 04 0B 25 A5 04 01 31 03 C9 3A 09 45 FB 9A C8 24 07 0C 25 A5 07 01 31 04 D8 3A 01 01 51 8A EA (48)
                              [N11:NG] NGSWSTATE 3 (3)
                              [N4:Y] LFLAG ':' 9 (9)
                              [N7:N] INTERRUPT ':' 1 1 (257)
2025-07-24 12:38:24:349 [OUT] 25 A5 01 09 31 03 C9 3D 0B 4F 1E (11)
                              [N9:P] LFLAG '=' 11 (11)
2025-07-24 12:38:24:372 [OUT] 25 A5 01 07 31 03 C9 3D 0B 4D 12 (11)
                              [N7:N] LFLAG '=' 11 (11)
2025-07-24 12:38:24:498 [IN ] C8 24 09 0B 25 A5 09 01 31 03 C9 3A 0B 4C 20 8A (16)
                              [N9:P] LFLAG ':' 11 (11)
2025-07-24 12:38:24:521 [OUT] 25 A5 01 09 31 03 88 00 50 16 26 (11)
                              [N9:P] RUN 0 80 (80)
2025-07-24 12:38:24:627 [IN ] C8 24 07 0B 25 A5 07 01 31 03 C9 3A 0B 4A 12 8A (16)
                              [N7:N] LFLAG ':' 11 (11)
2025-07-24 12:38:24:648 [OUT] 25 A5 01 07 31 03 88 00 50 14 1A (11)
                              [N7:N] RUN 0 80 (80)
2025-07-24 12:38:24:733 [IN ] C8 24 09 0C 25 A5 09 01 31 04 88 53 00 50 6A F2 EA (17)
                              [N9:P] RUN 'S' 0 80 (80)
2025-07-24 12:38:24:816 [IN ] C8 24 09 0B 25 A5 09 01 31 03 81 5A 4C 65 C9 F2 (16)
                              [N9:P] TPOS 'Z' 76 (76)
2025-07-24 12:38:24:838 [IN ] C8 24 07 0C 25 A5 07 01 31 04 88 53 00 50 68 E2 EA (17)
                              [N7:N] RUN 'S' 0 80 (80)
2025-07-24 12:38:25:042 [IN ] C8 24 09 0A 25 A5 09 01 31 02 81 49 07 50 68 (15)
                              [N9:P] TPOS 'I'
2025-07-24 12:38:25:246 [IN ] C8 24 0B 0A 25 A5 0B 01 31 02 DE 03 20 D0 68 (15)
                              [N11:NG] NGSWSTATE 3 (3)
2025-07-24 12:38:25:268 [OUT] 25 A5 01 09 31 03 C9 3D 09 4D 1C (11)
                              [N9:P] LFLAG '=' 9 (9)
2025-07-24 12:38:25:292 [OUT] 25 A5 01 04 31 05 81 FF EE 88 01 32 FA (13)
                              [N4:Y] TPOS 255 238 136 1 (-1144831)
2025-07-24 12:38:25:461 [IN ] C8 24 09 0B 25 A5 09 01 31 03 C9 3A 09 4A 1E E2 (16)
                              [N9:P] LFLAG ':' 9 (9)
2025-07-24 12:38:25:565 [IN ] C8 24 04 0E 25 A5 04 01 31 06 81 53 00 00 00 00 10 88 0A (19)
                              [N4:Y] TPOS 'S' 0 0 0 0 (0)
2025-07-24 12:38:26:167 [IN ] C8 24 0B 0A 25 A5 0B 01 31 02 DE 03 20 D0 00 (15)
                              [N11:NG] NGSWSTATE 3 (3)
2025-07-24 12:38:27:172 [IN ] C8 24 03 0B 25 A5 03 01 31 03 81 5A 4C 5F 9F 00 C8 24 03 0A 25 A5 03 01 31 02 81 49 01 2C 9F C8 24 0B 0A 25 A5 0B 01 31 02 DE 03 20 D0 9F (46)
                              [N3:X] TPOS 'Z' 76 (76)
                              [N3:X] TPOS 'I'
                              [N11:NG] NGSWSTATE 3 (3)
2025-07-24 12:38:27:395 [OUT] 25 A5 01 03 31 03 C9 3D 09 47 F8 (11)
                              [N3:X] LFLAG '=' 9 (9)
2025-07-24 12:38:27:563 [IN ] C8 24 03 0B 25 (5)
2025-07-24 12:38:27:585 [IN ] A5 03 01 31 03 C9 3A 09 44 F4 00 (11)
                              [N3:X] LFLAG ':' 9 (9)
2025-07-24 12:38:28:190 [IN ] C8 24 0B 0A 25 A5 0B 01 31 02 DE 03 20 D0 F4 (15)
                              [N11:NG] NGSWSTATE 3 (3)
2025-07-24 12:38:29:194 [IN ] C8 24 0B 0A 25 A5 0B 01 31 02 DE 03 20 D0 F4 (15)
                              [N11:NG] NGSWSTATE 3 (3)
2025-07-24 12:38:29:798 [IN ] C8 24 07 0B 25 A5 07 01 31 03 81 5A 4C 63 BB 00 C8 24 07 0A 25 A5 07 01 31 02 81 49 05 44 BB (31)
                              [N7:N] TPOS 'Z' 76 (76)
                              [N7:N] TPOS 'I'
2025-07-24 12:38:30:020 [OUT] 25 A5 01 07 31 03 C9 3D 09 4B 10 (11)
                              [N7:N] LFLAG '=' 9 (9)
2025-07-24 12:38:30:125 [IN ] C8 24 0B 0A 25 A5 0B 01 31 02 DE 03 20 D0 BB (15)
                              [N11:NG] NGSWSTATE 3 (3)
2025-07-24 12:38:30:189 [IN ] C8 24 07 0B 25 A5 07 01 31 03 C9 3A 09 48 10 00 (16)
                              [N7:N] LFLAG ':' 9 (9)
2025-07-24 12:38:31:195 [IN ] C8 24 0B 0A 25 A5 0B 01 31 02 DE 03 20 D0 10 (15)
                              [N11:NG] NGSWSTATE 3 (3)
2025-07-24 12:38:31:798 [IN ] C8 24 04 0E 25 A5 04 01 31 06 81 45 FF EE 85 89 FD 9B 0A (19)
                              [N4:Y] TPOS 'E' 255 238 133 137 (-1145463)
2025-07-24 12:38:32:022 [OUT] 25 A5 01 09 31 05 81 FF E7 5D 56 5A 0C (13)
                              [N9:P] TPOS 255 231 93 86 (-1614506)
2025-07-24 12:38:32:044 [OUT] 25 A5 01 04 31 05 81 FF FD 50 01 09 B7 (13)
                              [N4:Y] TPOS 255 253 80 1 (-176127)
2025-07-24 12:38:32:065 [OUT] 25 A5 01 07 31 05 81 FF AB 19 75 F7 DF (13)
                              [N7:N] TPOS 255 171 25 117 (-5564043)
2025-07-24 12:38:32:087 [OUT] 25 A5 01 03 31 05 81 FF EC 4A AB 9B 1A (13)
                              [N3:X] TPOS 255 236 74 171 (-1291605)
2025-07-24 12:38:32:109 [OUT] 25 A5 01 06 31 02 D8 3F 51 DD (10)
                              [N6:H] INTERRUPT '?'
2025-07-24 12:38:32:411 [IN ] C8 24 0B 0A 25 A5 0B 01 31 02 DE 03 20 D0 85 C8 24 09 0E 25 A5 09 01 31 06 81 53 FF FF FF FE 10 AF 0A C8 24 04 0E 25 A5 04 01 31 06 81 53 FF EE 85 89 0B E1 0A (53)
                              [N11:NG] NGSWSTATE 3 (3)
                              [N9:P] TPOS 'S' 255 255 255 254 (-2)
                              [N4:Y] TPOS 'S' 255 238 133 137 (-1145463)
2025-07-24 12:38:32:713 [IN ] C8 24 07 0E 25 A5 07 01 31 06 81 53 FF FF FF FC 0C 99 0A C8 24 03 0E 25 A5 03 01 31 06 81 53 00 00 00 00 0F 7E 0A C8 24 06 0C 25 A5 06 01 31 04 D8 3A 01 01 50 82 0F (55)
                              [N7:N] TPOS 'S' 255 255 255 252 (-4)
                              [N3:X] TPOS 'S' 0 0 0 0 (0)
                              [N6:H] INTERRUPT ':' 1 1 (257)
2025-07-24 12:38:32:734 [OUT] 25 A5 01 06 31 03 C9 3D 0B 4C 0C (11)
                              [N6:H] LFLAG '=' 11 (11)
2025-07-24 12:38:32:923 [IN ] C8 24 06 0B 25 A5 06 01 31 03 C9 3A 0B 49 0B 82 (16)
                              [N6:H] LFLAG ':' 11 (11)
2025-07-24 12:38:32:947 [OUT] 25 A5 01 06 31 03 88 FF B0 72 72 (11)
                              [N6:H] RUN 255 176 (-80)
2025-07-24 12:38:33:116 [IN ] C8 24 06 0C 25 A5 06 01 31 04 88 53 FF B0 C6 38 0F (17)
                              [N6:H] RUN 'S' 255 176 (-80)
2025-07-24 12:38:33:317 [IN ] C8 24 0B 0A 25 A5 0B 01 31 02 DE 03 20 D0 C6 (15)
                              [N11:NG] NGSWSTATE 3 (3)
2025-07-24 12:38:34:321 [IN ] C8 24 0B 0A 25 A5 0B 01 31 02 DE 03 20 D0 C6 (15)
                              [N11:NG] NGSWSTATE 3 (3)
2025-07-24 12:38:34:925 [IN ] C8 24 0C 0B 25 A5 0C 01 31 03 81 5A 4C 68 DE 38 C8 24 0C 0A 25 A5 0C 01 31 02 81 49 0A 62 DE (31)
                              [N12:Z] TPOS 'Z' 76 (76)
                              [N12:Z] TPOS 'I'
2025-07-24 12:38:35:148 [OUT] 25 A5 01 0C 31 03 C9 3D 09 50 2E (11)
                              [N12:Z] LFLAG '=' 9 (9)
2025-07-24 12:38:35:191 [IN ] C8 24 0B 0A 25 A5 0B 01 31 02 DE 03 20 D0 DE (15)
                              [N11:NG] NGSWSTATE 3 (3)
2025-07-24 12:38:35:316 [IN ] C8 24 0C 0B 25 A5 0C 01 31 03 C9 3A 09 4D 33 38 (16)
                              [N12:Z] LFLAG ':' 9 (9)
2025-07-24 12:38:35:338 [OUT] 25 A5 01 0C 31 05 81 FF BC D0 00 4F 33 (13)
                              [N12:Z] TPOS 255 188 208 0 (-4403200)
2025-07-24 12:38:35:527 [IN ] C8 24 0C 0E 25 A5 0C 01 31 06 81 53 FF FF FF DB F0 AA 0A (19)
                              [N12:Z] TPOS 'S' 255 255 255 219 (-37)
2025-07-24 12:38:36:331 [IN ] C8 24 0B 0A 25 A5 0B 01 31 02 DE 03 20 D0 FF (15)
                              [N11:NG] NGSWSTATE 3 (3)
2025-07-24 12:38:37:335 [IN ] C8 24 0B 0A 25 A5 0B 01 31 02 DE 03 20 D0 FF (15)
                              [N11:NG] NGSWSTATE 3 (3)
2025-07-24 12:38:37:738 [IN ] C8 24 06 0B 25 A5 06 01 31 03 81 5A 4C 62 B4 DB C8 24 06 0A 25 A5 06 01 31 02 81 49 04 3E B4 (31)
                              [N6:H] TPOS 'Z' 76 (76)
                              [N6:H] TPOS 'I'
2025-07-24 12:38:37:960 [OUT] 25 A5 01 06 31 03 C9 3D 09 4A 0A (11)
                              [N6:H] LFLAG '=' 9 (9)
2025-07-24 12:38:38:129 [IN ] C8 24 06 0B 25 A5 06 01 31 03 C9 3A 09 47 09 DB (16)
                              [N6:H] LFLAG ':' 9 (9)
2025-07-24 12:38:38:152 [OUT] 25 A5 01 06 31 03 84 00 50 0F 08 (11)
                              [N6:H] VEL 0 80 (80)
2025-07-24 12:38:38:195 [IN ] C8 24 0B 0A 25 A5 0B 01 31 02 DE 03 20 D0 09 (15)
                              [N11:NG] NGSWSTATE 3 (3)
2025-07-24 12:38:38:321 [IN ] C8 24 06 0C 25 A5 06 01 31 04 84 53 00 50 63 CA F0 (17)
                              [N6:H] VEL 'S' 0 80 (80)
2025-07-24 12:38:38:342 [OUT] 25 A5 01 06 31 05 81 00 19 82 3C 95 BE (13)
                              [N6:H] TPOS 0 25 130 60 (1671740)
2025-07-24 12:38:38:532 [IN ] C8 24 06 0E 25 A5 06 01 31 06 81 53 00 00 00 01 13 9D 0A (19)
                              [N6:H] TPOS 'S' 0 0 0 1 (1)
2025-07-24 12:38:39:334 [IN ] C8 24 0B 0A 25 A5 0B 01 31 02 DE 03 20 D0 00 (15)
                              [N11:NG] NGSWSTATE 3 (3)
2025-07-24 12:38:39:936 [IN ] C8 24 03 0E 25 A5 03 01 31 06 81 45 FF EC 49 21 56 AB 0A (19)
                              [N3:X] TPOS 'E' 255 236 73 33 (-1291999)
2025-07-24 12:38:40:340 [IN ] C8 24 0B 0A 25 A5 0B 01 31 02 DE 03 20 D0 49 (15)
                              [N11:NG] NGSWSTATE 3 (3)
2025-07-24 12:38:40:362 [OUT] 25 A5 01 03 31 05 81 FF FD 50 01 08 AF (13)
                              [N3:X] TPOS 255 253 80 1 (-176127)
2025-07-24 12:38:40:551 [IN ] C8 24 03 0E 25 A5 03 01 31 06 81 53 FF EC 49 21 64 F1 0A (19)
                              [N3:X] TPOS 'S' 255 236 73 33 (-1291999)
2025-07-24 12:38:40:954 [IN ] C8 24 04 0E 25 A5 04 01 31 06 81 45 FF FD 4F 76 C3 49 0A (19)
                              [N4:Y] TPOS 'E' 255 253 79 118 (-176266)
2025-07-24 12:38:41:356 [IN ] C8 24 0B 0A 25 A5 0B 01 31 02 DE 03 20 D0 4F (15)
                              [N11:NG] NGSWSTATE 3 (3)
2025-07-24 12:38:41:557 [IN ] C8 24 09 0E 25 A5 09 01 31 06 81 45 FF E7 5B 87 CF 62 0A (19)
                              [N9:P] TPOS 'E' 255 231 91 135 (-1614969)
2025-07-24 12:38:41:983 [OUT] 25 A5 01 09 31 05 81 FF FF D9 C8 60 BE (13)
                              [N9:P] TPOS 255 255 217 200 (-9784)
2025-07-24 12:38:42:173 [IN ] C8 24 09 0E 25 A5 09 01 31 06 81 53 FF E7 5B 8C E2 AD 0A (19)
                              [N9:P] TPOS 'S' 255 231 91 140 (-1614964)
2025-07-24 12:38:42:375 [IN ] C8 24 0B 0A 25 A5 0B 01 31 02 DE 03 20 D0 5B (15)
                              [N11:NG] NGSWSTATE 3 (3)
2025-07-24 12:38:43:378 [IN ] C8 24 0B 0A 25 A5 0B 01 31 02 DE 03 20 D0 5B (15)
                              [N11:NG] NGSWSTATE 3 (3)
2025-07-24 12:38:44:382 [IN ] C8 24 0B 0A 25 A5 0B 01 31 02 DE 03 20 D0 5B (15)
                              [N11:NG] NGSWSTATE 3 (3)
2025-07-24 12:38:45:386 [IN ] C8 24 0B 0A 25 A5 0B 01 31 02 DE 03 20 D0 5B (15)
                              [N11:NG] NGSWSTATE 3 (3)
2025-07-24 12:38:46:391 [IN ] C8 24 0B 0A 25 A5 0B 01 31 02 DE 03 20 D0 5B (15)
                              [N11:NG] NGSWSTATE 3 (3)
2025-07-24 12:38:47:396 [IN ] C8 24 06 0E 25 A5 06 01 31 06 81 45 00 19 85 6B 0D 16 0A C8 24 0B 0A 25 A5 0B 01 31 02 DE 03 20 D0 85 (34)
                              [N6:H] TPOS 'E' 0 25 133 107 (1672555)
                              [N11:NG] NGSWSTATE 3 (3)
2025-07-24 12:38:47:821 [OUT] 25 A5 01 06 31 05 81 00 0C 52 A3 BF 9E (13)
                              [N6:H] TPOS 0 12 82 163 (807587)
2025-07-24 12:38:48:012 [IN ] C8 24 06 0E 25 A5 06 01 31 06 81 53 00 19 85 6B 1B 5C 0A (19)
                              [N6:H] TPOS 'S' 0 25 133 107 (1672555)
2025-07-24 12:38:48:415 [IN ] C8 24 0B 0A 25 A5 0B 01 31 02 DE 03 20 D0 85 (15)
                              [N11:NG] NGSWSTATE 3 (3)
2025-07-24 12:38:49:419 [IN ] C8 24 0B 0A 25 A5 0B 01 31 02 DE 03 20 D0 85 (15)
                              [N11:NG] NGSWSTATE 3 (3)
2025-07-24 12:38:50:424 [IN ] C8 24 0B 0A 25 A5 0B 01 31 02 DE 03 20 D0 85 (15)
                              [N11:NG] NGSWSTATE 3 (3)
2025-07-24 12:38:51:428 [IN ] C8 24 03 0E 25 A5 03 01 31 06 81 45 FF FD 50 29 76 F4 0A C8 24 0B 0A 25 A5 0B 01 31 02 DE 03 20 D0 50 (34)
                              [N3:X] TPOS 'E' 255 253 80 41 (-176087)
                              [N11:NG] NGSWSTATE 3 (3)
2025-07-24 12:38:51:630 [IN ] C8 24 09 0E 25 A5 09 01 31 06 81 45 FF FF DA A0 7F C1 0A (19)
                              [N9:P] TPOS 'E' 255 255 218 160 (-9568)
2025-07-24 12:38:51:853 [OUT] 25 A5 01 08 31 02 D8 3F 53 E7 (10)
                              [N8:R] INTERRUPT '?'
2025-07-24 12:38:52:155 [IN ] C8 24 06 0E 25 A5 06 01 31 06 81 45 00 0C 4D F9 56 0D 0A C8 24 08 0C 25 A5 08 01 31 04 D8 3A 01 01 52 92 56 (36)
                              [N6:H] TPOS 'E' 0 12 77 249 (806393)
                              [N8:R] INTERRUPT ':' 1 1 (257)
2025-07-24 12:38:52:176 [OUT] 25 A5 01 08 31 03 CA 3D 0B 4F 1B (11)
                              [N8:R] RFLAG '=' 11 (11)
2025-07-24 12:38:52:198 [OUT] 25 A5 01 05 31 02 D8 3F 50 D8 (10)
                              [N5:V] INTERRUPT '?'
2025-07-24 12:38:52:499 [IN ] C8 24 0B 0A 25 A5 0B 01 31 02 DE 03 20 D0 52 C8 24 08 0B 25 A5 08 01 31 03 CA 3A 0B 4C 1C 92 C8 24 05 0C 25 A5 05 01 31 04 D8 3A 01 01 4F 7A 56 (48)
                              [N11:NG] NGSWSTATE 3 (3)
                              [N8:R] RFLAG ':' 11 (11)
                              [N5:V] INTERRUPT ':' 1 1 (257)
2025-07-24 12:38:52:520 [OUT] 25 A5 01 08 31 03 88 00 50 15 20 (11)
                              [N8:R] RUN 0 80 (80)
2025-07-24 12:38:52:542 [OUT] 25 A5 01 05 31 03 C9 3D 0B 4B 06 (11)
                              [N5:V] LFLAG '=' 11 (11)
2025-07-24 12:38:52:689 [IN ] C8 24 08 0C 25 A5 08 01 31 04 88 53 00 50 69 EA 56 (17)
                              [N8:R] RUN 'S' 0 80 (80)
2025-07-24 12:38:52:795 [IN ] C8 24 05 0B 25 A5 05 01 31 03 C9 3A 0B 48 04 EA (16)
                              [N5:V] LFLAG ':' 11 (11)
2025-07-24 12:38:52:816 [OUT] 25 A5 01 05 31 03 88 FF B0 71 6C (11)
                              [N5:V] RUN 255 176 (-80)
2025-07-24 12:38:52:985 [IN ] C8 24 05 0C 25 A5 05 01 31 04 88 53 FF B0 C5 30 56 (17)
                              [N5:V] RUN 'S' 255 176 (-80)
2025-07-24 12:38:53:386 [IN ] C8 24 0B 0A 25 A5 0B 01 31 02 DE 03 20 D0 C5 (15)
                              [N11:NG] NGSWSTATE 3 (3)
2025-07-24 12:38:54:391 [IN ] C8 24 0B 0A 25 A5 0B 01 31 02 DE 03 20 D0 C5 (15)
                              [N11:NG] NGSWSTATE 3 (3)
2025-07-24 12:38:55:395 [IN ] C8 24 0B 0A 25 A5 0B 01 31 02 DE 03 20 D0 C5 (15)
                              [N11:NG] NGSWSTATE 3 (3)
2025-07-24 12:38:56:399 [IN ] C8 24 0B 0A 25 A5 0B 01 31 02 DE 03 20 D0 C5 (15)
                              [N11:NG] NGSWSTATE 3 (3)
2025-07-24 12:38:57:405 [IN ] C8 24 0B 0A 25 A5 0B 01 31 02 DE 03 20 D0 C5 (15)
                              [N11:NG] NGSWSTATE 3 (3)
2025-07-24 12:38:58:010 [IN ] C8 24 05 0B 25 A5 05 01 31 03 81 5A 4C 61 AD 30 C8 24 07 0E 25 A5 07 01 31 06 81 45 FF AB 14 F3 B6 78 0A C8 24 05 0A 25 A5 05 01 31 02 81 49 03 38 14 (50)
                              [N5:V] TPOS 'Z' 76 (76)
                              [N7:N] TPOS 'E' 255 171 20 243 (-5565197)
                              [N5:V] TPOS 'I'
2025-07-24 12:38:58:235 [OUT] 25 A5 01 05 31 03 C9 3D 09 49 04 (11)
                              [N5:V] LFLAG '=' 9 (9)
2025-07-24 12:38:58:258 [OUT] 25 A5 01 07 31 05 81 FF F0 47 34 29 C9 (13)
                              [N7:N] TPOS 255 240 71 52 (-1030348)
2025-07-24 12:38:58:363 [IN ] C8 24 0B 0A 25 A5 0B 01 31 02 DE 03 20 D0 14 (15)
                              [N11:NG] NGSWSTATE 3 (3)
2025-07-24 12:38:58:406 [IN ] C8 24 05 0B 25 A5 05 01 31 03 C9 3A 09 46 02 F3 (16)
                              [N5:V] LFLAG ':' 9 (9)
2025-07-24 12:38:58:428 [OUT] 25 A5 01 05 31 03 84 00 50 0E 02 (11)
                              [N5:V] VEL 0 80 (80)
2025-07-24 12:38:58:533 [IN ] C8 24 07 0E 25 A5 07 01 31 06 81 53 FF AB 14 F3 C4 BE 0A (19)
                              [N7:N] TPOS 'S' 255 171 20 243 (-5565197)
2025-07-24 12:38:58:660 [IN ] C8 24 05 0C 25 A5 05 01 31 04 84 53 00 50 62 C2 C4 (17)
                              [N5:V] VEL 'S' 0 80 (80)
2025-07-24 12:38:58:681 [OUT] 25 A5 01 05 31 05 81 00 19 82 3C 94 B6 (13)
                              [N5:V] TPOS 0 25 130 60 (1671740)
2025-07-24 12:38:58:870 [IN ] C8 24 05 0E 25 A5 05 01 31 06 81 53 00 00 00 00 11 92 0A (19)
                              [N5:V] TPOS 'S' 0 0 0 0 (0)
2025-07-24 12:38:59:276 [IN ] C8 24 08 0B 25 A5 08 01 31 03 81 5A 52 6A C8 00 C8 24 08 0A 25 A5 08 01 31 02 81 49 06 4A C8 (31)
                              [N8:R] TPOS 'Z' 82 (82)
                              [N8:R] TPOS 'I'
2025-07-24 12:38:59:478 [IN ] C8 24 0B 0A 25 A5 0B 01 31 02 DE 03 20 D0 C8 (15)
                              [N11:NG] NGSWSTATE 3 (3)
2025-07-24 12:38:59:499 [OUT] 25 A5 01 08 31 03 CA 3D 09 4D 19 (11)
                              [N8:R] RFLAG '=' 9 (9)
2025-07-24 12:38:59:667 [IN ] C8 24 08 0B 25 A5 08 01 31 03 CA 3A 09 4A 1A 00 (16)
                              [N8:R] RFLAG ':' 9 (9)
2025-07-24 12:38:59:688 [OUT] 25 A5 01 08 31 05 81 FF DC 77 1D 2F DE (13)
                              [N8:R] TPOS 255 220 119 29 (-2328803)
2025-07-24 12:38:59:877 [IN ] C8 24 08 0E 25 A5 08 01 31 06 81 53 FF FF FF F2 03 99 0A (19)
                              [N8:R] TPOS 'S' 255 255 255 242 (-14)
2025-07-24 12:39:00:480 [IN ] C8 24 0B 0A 25 A5 0B 01 31 02 DE 03 20 D0 FF (15)
                              [N11:NG] NGSWSTATE 3 (3)
2025-07-24 12:39:01:484 [IN ] C8 24 0C 0E 25 A5 0C 01 31 06 81 45 FF BC CE E2 75 40 0A C8 24 0B 0A 25 A5 0B 01 31 02 DE 03 20 D0 CE (34)
                              [N12:Z] TPOS 'E' 255 188 206 226 (-4403486)
                              [N11:NG] NGSWSTATE 3 (3)
2025-07-24 12:39:01:910 [OUT] 25 A5 01 0C 31 05 81 FF D0 90 CD F0 BC (13)
                              [N12:Z] TPOS 255 208 144 205 (-3108659)
2025-07-24 12:39:02:098 [IN ] C8 24 0C 0E 25 A5 0C 01 31 06 81 53 FF BC CE EF 90 93 0A (19)
                              [N12:Z] TPOS 'S' 255 188 206 239 (-4403473)
2025-07-24 12:39:02:501 [IN ] C8 24 0B 0A 25 A5 0B 01 31 02 DE 03 20 D0 CE (15)
                              [N11:NG] NGSWSTATE 3 (3)
2025-07-24 12:39:03:505 [IN ] C8 24 0B 0A 25 A5 0B 01 31 02 DE 03 20 D0 CE (15)
                              [N11:NG] NGSWSTATE 3 (3)
2025-07-24 12:39:04:511 [IN ] C8 24 0B 0A 25 A5 0B 01 31 02 DE 03 20 D0 CE (15)
                              [N11:NG] NGSWSTATE 3 (3)
2025-07-24 12:39:05:516 [IN ] C8 24 0B 0A 25 A5 0B 01 31 02 DE 03 20 D0 CE (15)
                              [N11:NG] NGSWSTATE 3 (3)
2025-07-24 12:39:06:524 [IN ] C8 24 0B 0A 25 A5 0B 01 31 02 DE 03 20 D0 CE (15)
                              [N11:NG] NGSWSTATE 3 (3)
2025-07-24 12:39:06:927 [IN ] C8 24 05 0E 25 A5 05 01 31 06 81 45 00 19 85 EE 8F 8F 0A (19)
                              [N5:V] TPOS 'E' 0 25 133 238 (1672686)
2025-07-24 12:39:07:352 [OUT] 25 A5 01 05 31 05 81 00 0C CB A9 3D 8E (13)
                              [N5:V] TPOS 0 12 203 169 (838569)
2025-07-24 12:39:07:436 [IN ] C8 24 0B 0A 25 A5 0B 01 31 02 DE 03 20 D0 85 (15)
                              [N11:NG] NGSWSTATE 3 (3)
2025-07-24 12:39:07:521 [IN ] C8 24 05 0E 25 A5 05 01 31 06 81 53 00 19 85 EE 9D D5 0A (19)
                              [N5:V] TPOS 'S' 0 25 133 238 (1672686)
2025-07-24 12:39:08:525 [IN ] C8 24 0B 0A 25 A5 0B 01 31 02 DE 03 20 D0 85 (15)
                              [N11:NG] NGSWSTATE 3 (3)
2025-07-24 12:39:09:530 [IN ] C8 24 0B 0A 25 A5 0B 01 31 02 DE 03 20 D0 85 (15)
                              [N11:NG] NGSWSTATE 3 (3)
2025-07-24 12:39:09:731 [IN ] C8 24 0C 0E 25 A5 0C 01 31 06 81 45 FF D0 92 D8 43 FA 0A (19)
                              [N12:Z] TPOS 'E' 255 208 146 216 (-3108136)
2025-07-24 12:39:10:537 [IN ] C8 24 0B 0A 25 A5 0B 01 31 02 DE 03 20 D0 92 (15)
                              [N11:NG] NGSWSTATE 3 (3)
2025-07-24 12:39:11:542 [IN ] C8 24 0B 0A 25 A5 0B 01 31 02 DE 03 20 D0 92 (15)
                              [N11:NG] NGSWSTATE 3 (3)
2025-07-24 12:39:11:944 [IN ] C8 24 08 0E 25 A5 08 01 31 06 81 45 FF DC 74 31 86 13 0A (19)
                              [N8:R] TPOS 'E' 255 220 116 49 (-2329551)
2025-07-24 12:39:12:368 [OUT] 25 A5 01 08 31 05 81 FF ED 5D DE E7 9E (13)
                              [N8:R] TPOS 255 237 93 222 (-1221154)
2025-07-24 12:39:12:453 [IN ] C8 24 0B 0A 25 A5 0B 01 31 02 DE 03 20 D0 74 (15)
                              [N11:NG] NGSWSTATE 3 (3)
2025-07-24 12:39:12:577 [IN ] C8 24 08 0E 25 A5 08 01 31 06 81 53 FF DC 74 32 95 5A 0A (19)
                              [N8:R] TPOS 'S' 255 220 116 50 (-2329550)
2025-07-24 12:39:12:978 [IN ] C8 24 05 0E 25 A5 05 01 31 06 81 45 00 0C CA 29 02 2D 0A (19)
                              [N5:V] TPOS 'E' 0 12 202 41 (838185)
2025-07-24 12:39:13:202 [OUT] 25 A5 01 03 31 05 81 FF EE 7D 45 6A 20 (13)
                              [N3:X] TPOS 255 238 125 69 (-1147579)
2025-07-24 12:39:13:225 [OUT] 25 A5 01 04 31 05 81 FF F3 F0 02 A0 DA (13)
                              [N4:Y] TPOS 255 243 240 2 (-790526)
2025-07-24 12:39:13:392 [IN ] C8 24 03 0E 25 A5 03 01 31 06 81 53 FF FD 50 29 84 3A 0A (19)
                              [N3:X] TPOS 'S' 255 253 80 41 (-176087)
2025-07-24 12:39:13:477 [IN ] C8 24 0B 0A 25 A5 0B 01 31 02 DE 03 20 D0 50 (15)
                              [N11:NG] NGSWSTATE 3 (3)
2025-07-24 12:39:13:520 [IN ] C8 24 04 0E 25 A5 04 01 31 06 81 53 FF FD 4F 76 D1 8F 0A (19)
                              [N4:Y] TPOS 'S' 255 253 79 118 (-176266)
2025-07-24 12:39:14:525 [IN ] C8 24 0B 0A 25 A5 0B 01 31 02 DE 03 20 D0 4F (15)
                              [N11:NG] NGSWSTATE 3 (3)
2025-07-24 12:39:15:531 [IN ] C8 24 0B 0A 25 A5 0B 01 31 02 DE 03 20 D0 4F (15)
                              [N11:NG] NGSWSTATE 3 (3)
2025-07-24 12:39:16:535 [IN ] C8 24 0B 0A 25 A5 0B 01 31 02 DE 03 20 D0 4F (15)
                              [N11:NG] NGSWSTATE 3 (3)
2025-07-24 12:39:16:937 [IN ] C8 24 04 0E 25 A5 04 01 31 06 81 45 FF F3 ED 62 43 53 0A (19)
                              [N4:Y] TPOS 'E' 255 243 237 98 (-791198)
2025-07-24 12:39:17:540 [IN ] C8 24 0B 0A 25 A5 0B 01 31 02 DE 03 20 D0 ED (15)
                              [N11:NG] NGSWSTATE 3 (3)
2025-07-24 12:39:18:545 [IN ] C8 24 0B 0A 25 A5 0B 01 31 02 DE 03 20 D0 ED (15)
                              [N11:NG] NGSWSTATE 3 (3)
2025-07-24 12:39:18:746 [IN ] C8 24 08 0E 25 A5 08 01 31 06 81 45 FF ED 60 38 8A 25 0A (19)
                              [N8:R] TPOS 'E' 255 237 96 56 (-1220552)
2025-07-24 12:39:18:947 [IN ] C8 24 03 0E 25 A5 03 01 31 06 81 45 FF EE 7B 6D D6 61 0A (19)
                              [N3:X] TPOS 'E' 255 238 123 109 (-1148051)
2025-07-24 12:39:19:350 [IN ] C8 24 07 0E 25 A5 07 01 31 06 81 45 FF F0 4B 6A A9 2C 0A (19)
                              [N7:N] TPOS 'E' 255 240 75 106 (-1029270)
