2025-07-24 14:03:52:391 [OUT] 25 A5 01 0A 31 05 D6 3D FF 00 00 53 ED (13)
                              [N10:HMI] HMILED '=' 255 0 0 (16711680)
2025-07-24 14:03:52:419 [OUT] 25 A5 01 09 31 05 81 FF ED 78 68 8D 66 (13)
                              [N9:P] TPOS 255 237 120 104 (-1214360)
2025-07-24 14:03:52:440 [OUT] 25 A5 01 05 31 05 81 00 09 A0 F0 56 76 (13)
                              [N5:V] TPOS 0 9 160 240 (631024)
2025-07-24 14:03:52:463 [OUT] 25 A5 01 06 31 05 81 00 11 BB C3 4D 9F (13)
                              [N6:H] TPOS 0 17 187 195 (1162179)
2025-07-24 14:03:52:485 [OUT] 25 A5 01 07 31 05 81 FF D2 AD 00 3D 07 (13)
                              [N7:N] TPOS 255 210 173 0 (-2970368)
2025-07-24 14:03:52:589 [IN ] C8 24 0A 0D 25 A5 0A 01 31 05 D6 3A FF 00 00 50 EA 74 (18)
                              [N10:HMI] HMILED ':' 255 0 0 (16711680)
2025-07-24 14:03:52:716 [IN ] C8 24 09 0E 25 A5 09 01 31 06 81 53 FF EE 61 8C EF CE 0A (19)
                              [N9:P] TPOS 'S' 255 238 97 140 (-1154676)
2025-07-24 14:03:52:842 [IN ] C8 24 05 0E 25 A5 05 01 31 06 81 53 00 07 D6 99 87 EC 0A (19)
                              [N5:V] TPOS 'S' 0 7 214 153 (513689)
2025-07-24 14:03:52:969 [IN ] C8 24 06 0E 25 A5 06 01 31 06 81 53 00 0E 6C 07 93 A5 0A (19)
                              [N6:H] TPOS 'S' 0 14 108 7 (945159)
2025-07-24 14:03:53:096 [IN ] C8 24 07 0E 25 A5 07 01 31 06 81 53 FF CA 78 CA 1E BA 0A (19)
                              [N7:N] TPOS 'S' 255 202 120 202 (-3508022)
2025-07-24 14:03:53:297 [IN ] C8 24 09 0E 25 A5 09 01 31 06 81 45 FF ED 75 3E A6 5F 0A (19)
                              [N9:P] TPOS 'E' 255 237 117 62 (-1215170)
2025-07-24 14:03:53:499 [IN ] C8 24 05 0E 25 A5 05 01 31 06 81 45 00 09 A4 E3 93 92 0A (19)
                              [N5:V] TPOS 'E' 0 9 164 227 (632035)
2025-07-24 14:03:54:101 [IN ] C8 24 06 0E 25 A5 06 01 31 06 81 45 00 11 C0 94 69 9D 0A (19)
                              [N6:H] TPOS 'E' 0 17 192 148 (1163412)
2025-07-24 14:03:55:706 [IN ] C8 24 07 0E 25 A5 07 01 31 06 81 45 FF D2 B1 60 E7 94 0A (19)
                              [N7:N] TPOS 'E' 255 210 177 96 (-2969248)
