2025-07-24 14:49:59:818 [OUT] 25 A5 01 0A 31 05 D6 3D FF 00 00 53 ED (13)
                              [N10:HMI] HMILED '=' 255 0 0 (16711680)
2025-07-24 14:49:59:842 [OUT] 25 A5 01 05 31 05 81 00 12 FC AE 79 07 (13)
                              [N5:V] TPOS 0 18 252 174 (1244334)
2025-07-24 14:49:59:864 [OUT] 25 A5 01 06 31 05 81 00 0A D1 3A D3 2D (13)
                              [N6:H] TPOS 0 10 209 58 (708922)
2025-07-24 14:49:59:886 [OUT] 25 A5 01 07 31 05 81 FF D9 04 AB 46 75 (13)
                              [N7:N] TPOS 255 217 4 171 (-2554709)
2025-07-24 14:50:00:013 [IN ] C8 24 0A 0D 25 A5 0A 01 31 05 D6 3A FF 00 00 50 EA DC (18)
                              [N10:HMI] HMILED ':' 255 0 0 (16711680)
2025-07-24 14:50:00:139 [IN ] C8 24 05 0E 25 A5 05 01 31 06 81 53 00 13 39 45 A2 82 0A (19)
                              [N5:V] TPOS 'S' 0 19 57 69 (1259845)
2025-07-24 14:50:00:286 [IN ] C8 24 06 0E 25 A5 06 01 31 06 81 53 00 0B 27 91 D5 9C 0A (19)
                              [N6:H] TPOS 'S' 0 11 39 145 (731025)
2025-07-24 14:50:00:350 [IN ] C8 24 05 0E 25 A5 05 01 31 06 81 45 00 12 FB 32 42 AA 0A (19)
                              [N5:V] TPOS 'E' 0 18 251 50 (1243954)
2025-07-24 14:50:00:392 [IN ] C8 24 07 0E 25 A5 07 01 31 06 81 53 FF D9 26 A9 BA 22 0A (19)
                              [N7:N] TPOS 'S' 255 217 38 169 (-2546007)
2025-07-24 14:50:00:594 [IN ] C8 24 06 0E 25 A5 06 01 31 06 81 45 00 0A CC F1 CB FD 0A C8 24 07 0E 25 A5 07 01 31 06 81 45 FF D9 00 D2 AF B9 0A (38)
                              [N6:H] TPOS 'E' 0 10 204 241 (707825)
                              [N7:N] TPOS 'E' 255 217 0 210 (-2555694)
