2025-07-24 13:49:49:796 [OUT] 25 A5 01 0A 31 05 D6 3D FF 00 00 53 ED (13)
                              [N10:HMI] HMILED '=' 255 0 0 (16711680)
2025-07-24 13:49:49:819 [OUT] 25 A5 01 0C 31 05 81 FF E3 60 B7 BD 7F (13)
                              [N12:Z] TPOS 255 227 96 183 (-1875785)
2025-07-24 13:49:49:841 [OUT] 25 A5 01 05 31 05 81 00 0C CB A9 3D 8E (13)
                              [N5:V] TPOS 0 12 203 169 (838569)
2025-07-24 13:49:49:863 [OUT] 25 A5 01 06 31 05 81 00 0C 52 A3 BF 9E (13)
                              [N6:H] TPOS 0 12 82 163 (807587)
2025-07-24 13:49:49:971 [IN ] C8 24 0A 0D 25 A5 0A 01 31 05 D6 3A FF 00 00 50 EA 8B (18)
                              [N10:HMI] HMILED ':' 255 0 0 (16711680)
2025-07-24 13:49:50:117 [IN ] C8 24 0C 0E 25 A5 0C 01 31 06 81 53 FF CF 37 58 75 07 FF (19)
                              [N12:Z] TPOS 'S' 255 207 55 88 (-3197096)
2025-07-24 13:49:50:243 [IN ] C8 24 05 0E 25 A5 05 01 31 06 81 53 00 07 D5 D4 C1 25 FF (19)
                              [N5:V] TPOS 'S' 0 7 213 212 (513492)
2025-07-24 13:49:50:369 [IN ] C8 24 06 0E 25 A5 06 01 31 06 81 53 00 0E 13 E5 18 D1 FF (19)
                              [N6:H] TPOS 'S' 0 14 19 229 (922597)
2025-07-24 13:49:51:173 [IN ] C8 24 06 0E 25 A5 06 01 31 06 81 45 00 0C 4D F6 53 0A FF (19)
                              [N6:H] TPOS 'E' 0 12 77 246 (806390)
2025-07-24 13:49:51:977 [IN ] C8 24 05 0E 25 A5 05 01 31 06 81 45 00 0C CF 86 64 94 FF (19)
                              [N5:V] TPOS 'E' 0 12 207 134 (839558)
2025-07-24 13:49:58:192 [IN ] C8 24 0C 0E 25 A5 0C 01 31 06 81 45 FF E3 62 FC 4A F7 FF (19)
                              [N12:Z] TPOS 'E' 255 227 98 252 (-1875204)
2025-07-24 13:49:58:616 [OUT] 25 A5 01 04 31 05 81 FF F2 5B C5 CD 70 (13)
                              [N4:Y] TPOS 255 242 91 197 (-894011)
2025-07-24 13:49:58:638 [OUT] 25 A5 01 03 31 05 81 FF F0 6B C9 DE 86 (13)
                              [N3:X] TPOS 255 240 107 201 (-1020983)
2025-07-24 13:49:58:805 [IN ] C8 24 04 0E 25 A5 04 01 31 06 81 53 FF F5 8A DE 6C 55 FF (19)
                              [N4:Y] TPOS 'S' 255 245 138 222 (-685346)
2025-07-24 13:49:58:952 [IN ] C8 24 03 0E 25 A5 03 01 31 06 81 53 FF EC 8D F2 79 4A FF (19)
                              [N3:X] TPOS 'S' 255 236 141 242 (-1274382)
2025-07-24 13:50:00:159 [IN ] C8 24 04 0E 25 A5 04 01 31 06 81 45 FF F2 59 86 D2 4C FF (19)
                              [N4:Y] TPOS 'E' 255 242 89 134 (-894586)
2025-07-24 13:50:01:764 [IN ] C8 24 03 0E 25 A5 03 01 31 06 81 45 FF F0 6A 76 D0 4E FF (19)
                              [N3:X] TPOS 'E' 255 240 106 118 (-1021322)
2025-07-24 13:50:02:187 [OUT] 25 A5 01 0C 31 05 81 FF CF 38 B7 81 F3 (13)
                              [N12:Z] TPOS 255 207 56 183 (-3196745)
2025-07-24 13:50:02:376 [IN ] C8 24 0C 0E 25 A5 0C 01 31 06 81 53 FF E3 62 E4 40 25 FF (19)
                              [N12:Z] TPOS 'S' 255 227 98 228 (-1875228)
2025-07-24 13:50:10:404 [IN ] C8 24 0C 0E 25 A5 0C 01 31 06 81 45 FF CF 37 12 21 7B FF (19)
                              [N12:Z] TPOS 'E' 255 207 55 18 (-3197166)
2025-07-24 13:50:10:830 [OUT] 25 A5 01 09 31 05 81 FF EE A2 C5 15 1A (13)
                              [N9:P] TPOS 255 238 162 197 (-1137979)
2025-07-24 13:50:10:853 [OUT] 25 A5 01 05 31 05 81 00 08 C3 27 AF F0 (13)
                              [N5:V] TPOS 0 8 195 39 (574247)
2025-07-24 13:50:10:875 [OUT] 25 A5 01 06 31 05 81 00 0A D0 96 2E 87 (13)
                              [N6:H] TPOS 0 10 208 150 (708758)
2025-07-24 13:50:10:897 [OUT] 25 A5 01 07 31 05 81 FF C9 30 67 1E 59 (13)
                              [N7:N] TPOS 255 201 48 103 (-3592089)
2025-07-24 13:50:11:024 [IN ] C8 24 09 0E 25 A5 09 01 31 06 81 53 FF EE 93 ED 82 93 FF (19)
                              [N9:P] TPOS 'S' 255 238 147 237 (-1141779)
2025-07-24 13:50:11:149 [IN ] C8 24 05 0E 25 A5 05 01 31 06 81 53 00 0C CF 86 72 DA FF C8 24 09 0E 25 A5 09 01 31 06 81 45 FF EE A4 4F E7 D1 FF (38)
                              [N5:V] TPOS 'S' 0 12 207 134 (839558)
                              [N9:P] TPOS 'E' 255 238 164 79 (-1137585)
2025-07-24 13:50:11:276 [IN ] C8 24 06 0E 25 A5 06 01 31 06 81 53 00 0C 4D F6 61 50 FF (19)
                              [N6:H] TPOS 'S' 0 12 77 246 (806390)
2025-07-24 13:50:11:402 [IN ] C8 24 07 0E 25 A5 07 01 31 06 81 53 FF CA 74 92 E2 7A FF (19)
                              [N7:N] TPOS 'S' 255 202 116 146 (-3509102)
2025-07-24 13:50:12:004 [IN ] C8 24 06 0E 25 A5 06 01 31 06 81 45 00 0A CC 1A F4 26 FF C8 24 07 0E 25 A5 07 01 31 06 81 45 FF C9 2C 76 6F 85 FF (38)
                              [N6:H] TPOS 'E' 0 10 204 26 (707610)
                              [N7:N] TPOS 'E' 255 201 44 118 (-3593098)
2025-07-24 13:50:13:010 [IN ] C8 24 05 0E 25 A5 05 01 31 06 81 45 00 08 C1 80 4C 66 FF (19)
                              [N5:V] TPOS 'E' 0 8 193 128 (573824)
