2025-07-24 11:38:50:910 [OUT] 25 A5 01 0A 31 05 D6 3D FF 00 00 53 ED (13)
                              [N10:HMI] HMILED '=' 255 0 0 (16711680)
2025-07-24 11:38:50:934 [OUT] 25 A5 01 09 31 05 81 FF EC 46 77 69 0E (13)
                              [N9:P] TPOS 255 236 70 119 (-1292681)
2025-07-24 11:38:50:955 [OUT] 25 A5 01 06 31 05 81 00 0D 04 A1 70 03 (13)
                              [N6:H] TPOS 0 13 4 161 (853153)
2025-07-24 11:38:50:978 [OUT] 25 A5 01 07 31 05 81 FF EA 3E DD C3 4E (13)
                              [N7:N] TPOS 255 234 62 221 (-1425699)
2025-07-24 11:38:51:104 [IN ] C8 24 0A 0D 25 A5 0A 01 31 05 D6 3A FF 00 00 50 EA 01 (18)
                              [N10:HMI] HMILED ':' 255 0 0 (16711680)
2025-07-24 11:38:51:231 [IN ] C8 24 09 0E 25 A5 09 01 31 06 81 53 FF EF 1F 06 28 C7 A5 (19)
                              [N9:P] TPOS 'S' 255 239 31 6 (-1106170)
2025-07-24 11:38:51:357 [IN ] C8 24 06 0E 25 A5 06 01 31 06 81 53 00 08 FA 02 16 AA A5 (19)
                              [N6:H] TPOS 'S' 0 8 250 2 (588290)
2025-07-24 11:38:51:483 [IN ] C8 24 07 0E 25 A5 07 01 31 06 81 53 FF D3 80 2B 90 46 A5 (19)
                              [N7:N] TPOS 'S' 255 211 128 43 (-2916309)
2025-07-24 11:38:52:687 [IN ] C8 24 09 0E 25 A5 09 01 31 06 81 45 FF EC 44 A8 DE 64 A5 C8 24 06 0E 25 A5 06 01 31 06 81 45 00 0D 09 53 6D E2 A5 (38)
                              [N9:P] TPOS 'E' 255 236 68 168 (-1293144)
                              [N6:H] TPOS 'E' 0 13 9 83 (854355)
2025-07-24 11:38:58:506 [IN ] C8 24 07 0E 25 A5 07 01 31 06 81 45 FF EA 43 78 A9 18 A5 (19)
                              [N7:N] TPOS 'E' 255 234 67 120 (-1424520)
