2025-07-24 16:31:39:621 [OUT] 25 A5 01 0A 31 05 D6 3D FF 00 00 53 ED (13)
                              [N10:HMI] HMILED '=' 255 0 0 (16711680)
2025-07-24 16:31:39:645 [OUT] 25 A5 01 05 31 05 81 00 0B AE EB 61 93 (13)
                              [N5:V] TPOS 0 11 174 235 (765675)
2025-07-24 16:31:39:668 [OUT] 25 A5 01 06 31 05 81 00 09 48 A0 AF 7E (13)
                              [N6:H] TPOS 0 9 72 160 (608416)
2025-07-24 16:31:39:689 [OUT] 25 A5 01 07 31 05 81 FF C3 04 8C 11 14 (13)
                              [N7:N] TPOS 255 195 4 140 (-3996532)
2025-07-24 16:31:39:796 [IN ] C8 24 0A 0D 25 A5 0A 01 31 05 D6 3A FF 00 00 50 EA 12 (18)
                              [N10:HMI] HMILED ':' 255 0 0 (16711680)
2025-07-24 16:31:39:942 [IN ] C8 24 05 0E 25 A5 05 01 31 06 81 53 00 08 4D 65 CB A9 31 (19)
                              [N5:V] TPOS 'S' 0 8 77 101 (544101)
2025-07-24 16:31:40:069 [IN ] C8 24 06 0E 25 A5 06 01 31 06 81 53 00 08 06 98 B8 58 31 (19)
                              [N6:H] TPOS 'S' 0 8 6 152 (525976)
2025-07-24 16:31:40:195 [IN ] C8 24 07 0E 25 A5 07 01 31 06 81 53 FF C4 5A 4B 7B ED 31 (19)
                              [N7:N] TPOS 'S' 255 196 90 75 (-3909045)
2025-07-24 16:31:40:597 [IN ] C8 24 06 0E 25 A5 06 01 31 06 81 45 00 09 4B E2 3A E9 31 (19)
                              [N6:H] TPOS 'E' 0 9 75 226 (609250)
2025-07-24 16:31:40:798 [IN ] C8 24 07 0E 25 A5 07 01 31 06 81 45 FF C2 FF F7 BC 97 31 (19)
                              [N7:N] TPOS 'E' 255 194 255 247 (-3997705)
2025-07-24 16:31:41:201 [IN ] C8 24 05 0E 25 A5 05 01 31 06 81 45 00 0B B2 E7 A7 B8 31 (19)
                              [N5:V] TPOS 'E' 0 11 178 231 (766695)
