2025-07-24 14:22:07:191 [OUT] 25 A5 01 0A 31 05 D6 3D FF 00 00 53 ED (13)
                              [N10:HMI] HMILED '=' 255 0 0 (16711680)
2025-07-24 14:22:07:215 [OUT] 25 A5 01 09 31 05 81 FF ED 0C C1 7A E7 (13)
                              [N9:P] TPOS 255 237 12 193 (-1241919)
2025-07-24 14:22:07:236 [OUT] 25 A5 01 05 31 05 81 00 13 42 EE 00 D6 (13)
                              [N5:V] TPOS 0 19 66 238 (1262318)
2025-07-24 14:22:07:259 [OUT] 25 A5 01 06 31 05 81 00 0F 61 0E 3C 30 (13)
                              [N6:H] TPOS 0 15 97 14 (1007886)
2025-07-24 14:22:07:283 [OUT] 25 A5 01 07 31 05 81 FF D7 01 DB 71 99 (13)
                              [N7:N] TPOS 255 215 1 219 (-2686501)
2025-07-24 14:22:07:388 [IN ] C8 24 0A 0D 25 A5 0A 01 31 05 D6 3A FF 00 00 50 EA 35 (18)
                              [N10:HMI] HMILED ':' 255 0 0 (16711680)
2025-07-24 14:22:07:515 [IN ] C8 24 09 0E 25 A5 09 01 31 06 81 53 FF EC 48 1F 67 29 0A (19)
                              [N9:P] TPOS 'S' 255 236 72 31 (-1292257)
2025-07-24 14:22:07:620 [IN ] C8 24 05 0E (4)
2025-07-24 14:22:07:642 [IN ] 25 A5 05 01 31 06 81 53 00 09 56 0D 7D 66 0A (15)
                              [N5:V] TPOS 'S' 0 9 86 13 (611853)
2025-07-24 14:22:07:767 [IN ] C8 24 06 0E 25 A5 06 01 31 06 81 53 00 0F E1 F0 F2 7B 0A (19)
                              [N6:H] TPOS 'S' 0 15 225 240 (1040880)
2025-07-24 14:22:07:914 [IN ] C8 24 07 0E 25 A5 07 01 31 06 81 53 FF DC 74 E8 4A 06 0A C8 24 09 0E 25 A5 09 01 31 06 81 45 FF ED 0E 71 72 C4 0A (38)
                              [N7:N] TPOS 'S' 255 220 116 232 (-2329368)
                              [N9:P] TPOS 'E' 255 237 14 113 (-1241487)
2025-07-24 14:22:08:116 [IN ] C8 24 06 0E 25 A5 06 01 31 06 81 45 00 0F 5C 1D 8C 58 0A (19)
                              [N6:H] TPOS 'E' 0 15 92 29 (1006621)
2025-07-24 14:22:09:724 [IN ] C8 24 07 0E 25 A5 07 01 31 06 81 45 FF D6 FD 66 3D 3E 0A (19)
                              [N7:N] TPOS 'E' 255 214 253 102 (-2687642)
2025-07-24 14:22:10:930 [IN ] C8 24 05 0E 25 A5 05 01 31 06 81 45 00 13 46 C6 22 D7 0A (19)
                              [N5:V] TPOS 'E' 0 19 70 198 (1263302)
