2025-07-24 14:39:32:946 [OUT] 25 A5 01 0A 31 05 D6 3D FF 00 00 53 ED (13)
                              [N10:HMI] HMILED '=' 255 0 0 (16711680)
2025-07-24 14:39:32:969 [OUT] 25 A5 01 03 31 02 D8 3F 4E CE (10)
                              [N3:X] INTERRUPT '?'
2025-07-24 14:39:33:271 [IN ] C8 24 0A 0D 25 A5 0A 01 31 05 D6 3A FF 00 00 50 EA 0D C8 24 03 0C 25 A5 03 01 31 04 D8 3A 01 01 4D 6A EA (35)
                              [N10:HMI] HMILED ':' 255 0 0 (16711680)
                              [N3:X] INTERRUPT ':' 1 1 (257)
2025-07-24 14:39:33:292 [OUT] 25 A5 01 09 31 03 C9 3D 09 4D 1C (11)
                              [N9:P] LFLAG '=' 9 (9)
2025-07-24 14:39:33:315 [OUT] 25 A5 01 04 31 02 D8 3F 4F D3 (10)
                              [N4:Y] INTERRUPT '?'
2025-07-24 14:39:33:616 [IN ] C8 24 09 0B 25 A5 09 01 31 03 C9 3A 09 4A 1E 6A C8 24 04 0C 25 A5 04 01 31 04 D8 3A 01 01 4E 72 EA (33)
                              [N9:P] LFLAG ':' 9 (9)
                              [N4:Y] INTERRUPT ':' 1 1 (257)
2025-07-24 14:39:33:637 [OUT] 25 A5 01 09 31 03 CA 3D 09 4E 1F (11)
                              [N9:P] RFLAG '=' 9 (9)
2025-07-24 14:39:33:659 [OUT] 25 A5 01 0C 31 02 D8 3F 57 FB (10)
                              [N12:Z] INTERRUPT '?'
2025-07-24 14:39:33:960 [IN ] C8 24 0B 0A 25 A5 0B 01 31 02 DE 00 1D CD 4E C8 24 09 0B 25 A5 09 01 31 03 CA 3A 09 4B 21 72 C8 24 0C 0C 25 A5 0C 01 31 04 D8 3A 01 01 56 B2 EA (48)
                              [N11:NG] NGSWSTATE 0 (0)
                              [N9:P] RFLAG ':' 9 (9)
                              [N12:Z] INTERRUPT ':' 1 1 (257)
2025-07-24 14:39:33:982 [OUT] 25 A5 01 08 31 03 C9 3D 09 4C 16 (11)
                              [N8:R] LFLAG '=' 9 (9)
2025-07-24 14:39:34:004 [OUT] 25 A5 01 03 31 03 C9 3D 0B 49 FA (11)
                              [N3:X] LFLAG '=' 11 (11)
2025-07-24 14:39:34:026 [OUT] 25 A5 01 04 31 03 C9 3D 0B 4A 00 (11)
                              [N4:Y] LFLAG '=' 11 (11)
2025-07-24 14:39:34:050 [OUT] 25 A5 01 0C 31 03 C9 3D 0B 52 30 (11)
                              [N12:Z] LFLAG '=' 11 (11)
2025-07-24 14:39:34:135 [IN ] C8 24 08 0B 25 A5 08 01 31 03 C9 3A 09 49 17 B2 (16)
                              [N8:R] LFLAG ':' 9 (9)
2025-07-24 14:39:34:155 [OUT] 25 A5 01 08 31 03 CA 3D 09 4D 19 (11)
                              [N8:R] RFLAG '=' 9 (9)
2025-07-24 14:39:34:262 [IN ] C8 24 03 0B 25 A5 03 01 31 03 C9 3A 0B 46 F6 B2 (16)
                              [N3:X] LFLAG ':' 11 (11)
2025-07-24 14:39:34:285 [OUT] 25 A5 01 03 31 03 88 00 50 10 02 (11)
                              [N3:X] RUN 0 80 (80)
2025-07-24 14:39:34:370 [IN ] C8 24 04 0B 25 A5 04 01 31 03 C9 3A 0B 47 FD B2 (16)
                              [N4:Y] LFLAG ':' 11 (11)
2025-07-24 14:39:34:391 [OUT] 25 A5 01 04 31 03 88 00 50 11 08 (11)
                              [N4:Y] RUN 0 80 (80)
2025-07-24 14:39:34:476 [IN ] C8 24 0C 0B 25 A5 0C 01 31 03 C9 3A 0B 4F 35 B2 (16)
                              [N12:Z] LFLAG ':' 11 (11)
2025-07-24 14:39:34:498 [OUT] 25 A5 01 0C 31 03 88 00 50 19 38 (11)
                              [N12:Z] RUN 0 80 (80)
2025-07-24 14:39:34:583 [IN ] C8 24 08 0B 25 A5 08 01 31 03 CA 3A 09 4A 1A B2 (16)
                              [N8:R] RFLAG ':' 9 (9)
2025-07-24 14:39:34:666 [IN ] C8 24 0B 0A 25 A5 0B 01 31 02 DE 00 (12)
2025-07-24 14:39:34:688 [IN ] 1D CD 1A (3)
                              [N11:NG] NGSWSTATE 0 (0)
2025-07-24 14:39:34:709 [IN ] C8 24 03 0C 25 A5 03 01 31 04 88 53 00 50 64 C2 EA (17)
                              [N3:X] RUN 'S' 0 80 (80)
2025-07-24 14:39:34:814 [IN ] C8 24 04 0C 25 A5 04 01 31 04 88 53 00 50 65 CA EA (17)
                              [N4:Y] RUN 'S' 0 80 (80)
2025-07-24 14:39:34:919 [IN ] C8 24 0C 0C 25 A5 0C 01 31 04 88 53 00 50 6D 0A EA (17)
                              [N12:Z] RUN 'S' 0 80 (80)
2025-07-24 14:39:35:721 [IN ] C8 24 0B 0A 25 A5 0B 01 31 02 DE 00 1D CD 6D (15)
                              [N11:NG] NGSWSTATE 0 (0)
2025-07-24 14:39:36:724 [IN ] C8 24 0B 0A 25 A5 0B 01 31 02 DE 00 1D CD 6D (15)
                              [N11:NG] NGSWSTATE 0 (0)
2025-07-24 14:39:37:729 [IN ] C8 24 0B 0A 25 A5 0B 01 31 02 DE 00 1D CD 6D (15)
                              [N11:NG] NGSWSTATE 0 (0)
2025-07-24 14:39:38:734 [IN ] C8 24 0B 0A 25 A5 0B 01 31 02 DE 00 1D CD 6D (15)
                              [N11:NG] NGSWSTATE 0 (0)
2025-07-24 14:39:39:738 [IN ] C8 24 0B 0A 25 A5 0B 01 31 02 DE 00 1D CD 6D (15)
                              [N11:NG] NGSWSTATE 0 (0)
2025-07-24 14:39:40:742 [IN ] C8 24 0B 0A 25 A5 0B 01 31 02 DE 00 1D CD 6D (15)
                              [N11:NG] NGSWSTATE 0 (0)
2025-07-24 14:39:41:746 [IN ] C8 24 0B 0A 25 A5 0B 01 31 02 DE 00 1D CD 6D (15)
                              [N11:NG] NGSWSTATE 0 (0)
2025-07-24 14:39:42:553 [IN ] C8 24 04 0B 25 A5 04 01 31 03 81 5A 4C 60 A6 0A C8 24 04 0A 25 A5 04 01 31 02 81 49 02 32 A6 (31)
                              [N4:Y] TPOS 'Z' 76 (76)
                              [N4:Y] TPOS 'I'
2025-07-24 14:39:42:777 [OUT] 25 A5 01 09 31 02 D8 3F 54 EC (10)
                              [N9:P] INTERRUPT '?'
2025-07-24 14:39:42:778 [IN ] C8 24 0B 0A 25 A5 0B 01 31 02 DE 00 1D CD A6 (15)
                              [N11:NG] NGSWSTATE 0 (0)
2025-07-24 14:39:43:079 [IN ] C8 24 09 0C 25 A5 09 01 31 04 D8 3A 01 01 53 9A EA (17)
                              [N9:P] INTERRUPT ':' 1 1 (257)
2025-07-24 14:39:43:101 [OUT] 25 A5 01 04 31 03 C9 3D 09 48 FE (11)
                              [N4:Y] LFLAG '=' 9 (9)
2025-07-24 14:39:43:124 [OUT] 25 A5 01 07 31 02 D8 3F 52 E2 (10)
                              [N7:N] INTERRUPT '?'
2025-07-24 14:39:43:427 [IN ] C8 24 04 0B 25 A5 04 01 31 03 C9 3A 09 45 FB 9A C8 24 07 0C 25 A5 07 01 31 04 D8 3A 01 01 51 8A EA (33)
                              [N4:Y] LFLAG ':' 9 (9)
                              [N7:N] INTERRUPT ':' 1 1 (257)
2025-07-24 14:39:43:449 [OUT] 25 A5 01 09 31 03 C9 3D 0B 4F 1E (11)
                              [N9:P] LFLAG '=' 11 (11)
2025-07-24 14:39:43:471 [OUT] 25 A5 01 07 31 03 C9 3D 0B 4D 12 (11)
                              [N7:N] LFLAG '=' 11 (11)
2025-07-24 14:39:43:619 [IN ] C8 24 09 0B 25 A5 09 01 31 03 C9 3A 0B 4C 20 8A (16)
                              [N9:P] LFLAG ':' 11 (11)
2025-07-24 14:39:43:641 [OUT] 25 A5 01 09 31 03 88 00 50 16 26 (11)
                              [N9:P] RUN 0 80 (80)
2025-07-24 14:39:43:705 [IN ] C8 24 07 0B 25 A5 07 01 31 03 C9 3A 0B 4A 12 8A (16)
                              [N7:N] LFLAG ':' 11 (11)
2025-07-24 14:39:43:727 [OUT] 25 A5 01 07 31 03 88 00 50 14 1A (11)
                              [N7:N] RUN 0 80 (80)
2025-07-24 14:39:43:770 [IN ] C8 24 0B 0A 25 A5 0B 01 31 02 DE 00 1D CD 12 (15)
                              [N11:NG] NGSWSTATE 0 (0)
2025-07-24 14:39:43:834 [IN ] C8 24 09 0C 25 A5 09 01 31 04 88 53 00 50 6A F2 EA (17)
                              [N9:P] RUN 'S' 0 80 (80)
2025-07-24 14:39:43:938 [IN ] C8 24 07 0C 25 A5 07 01 31 04 88 53 00 50 68 E2 EA (17)
                              [N7:N] RUN 'S' 0 80 (80)
2025-07-24 14:39:44:141 [IN ] C8 24 03 0B 25 A5 03 01 31 03 81 5A 4C 5F 9F E2 (16)
                              [N3:X] TPOS 'Z' 76 (76)
2025-07-24 14:39:44:342 [IN ] C8 24 03 0A 25 A5 03 01 31 02 81 49 01 2C 9F (15)
                              [N3:X] TPOS 'I'
2025-07-24 14:39:44:566 [OUT] 25 A5 01 03 31 03 C9 3D 09 47 F8 (11)
                              [N3:X] LFLAG '=' 9 (9)
2025-07-24 14:39:44:733 [IN ] C8 24 03 0B 25 A5 03 01 31 03 C9 3A 09 44 F4 E2 (16)
                              [N3:X] LFLAG ':' 9 (9)
2025-07-24 14:39:44:935 [IN ] C8 24 0B 0A 25 A5 0B 01 31 02 DE 00 1D CD F4 (15)
                              [N11:NG] NGSWSTATE 0 (0)
2025-07-24 14:39:45:939 [IN ] C8 24 0B 0A 25 A5 0B 01 31 02 DE 00 1D CD F4 (15)
                              [N11:NG] NGSWSTATE 0 (0)
2025-07-24 14:39:46:944 [IN ] C8 24 0B 0A 25 A5 0B 01 31 02 DE 00 1D CD F4 (15)
                              [N11:NG] NGSWSTATE 0 (0)
2025-07-24 14:39:47:947 [IN ] C8 24 0B 0A 25 A5 0B 01 31 02 DE 00 1D CD F4 (15)
                              [N11:NG] NGSWSTATE 0 (0)
2025-07-24 14:39:48:951 [IN ] C8 24 0B 0A 25 A5 0B 01 31 02 DE 00 1D CD F4 (15)
                              [N11:NG] NGSWSTATE 0 (0)
2025-07-24 14:39:49:954 [IN ] C8 24 0B 0A 25 A5 0B 01 31 02 DE 00 1D CD F4 (15)
                              [N11:NG] NGSWSTATE 0 (0)
2025-07-24 14:39:50:559 [IN ] C8 24 09 0B 25 A5 09 01 31 03 81 5A 4C 65 C9 E2 (16)
                              [N9:P] TPOS 'Z' 76 (76)
2025-07-24 14:39:50:761 [IN ] C8 24 09 0A 25 A5 09 01 31 02 81 49 07 50 C9 (15)
                              [N9:P] TPOS 'I'
2025-07-24 14:39:50:963 [IN ] C8 24 0B 0A 25 A5 0B 01 31 02 DE 00 1D CD C9 (15)
                              [N11:NG] NGSWSTATE 0 (0)
2025-07-24 14:39:50:984 [OUT] 25 A5 01 09 31 03 C9 3D 09 4D 1C (11)
                              [N9:P] LFLAG '=' 9 (9)
2025-07-24 14:39:51:006 [OUT] 25 A5 01 04 31 05 81 FF EE 88 01 32 FA (13)
                              [N4:Y] TPOS 255 238 136 1 (-1144831)
2025-07-24 14:39:51:153 [IN ] C8 24 09 0B 25 A5 09 01 31 03 C9 3A 09 4A 1E E2 (16)
                              [N9:P] LFLAG ':' 9 (9)
2025-07-24 14:39:51:279 [IN ] C8 24 04 0E 25 A5 04 01 31 06 81 53 00 00 00 00 10 88 0A (19)
                              [N4:Y] TPOS 'S' 0 0 0 0 (0)
2025-07-24 14:39:51:883 [IN ] C8 24 0B 0A 25 A5 0B 01 31 02 DE 00 1D CD 00 (15)
                              [N11:NG] NGSWSTATE 0 (0)
2025-07-24 14:39:52:886 [IN ] C8 24 0B 0A 25 A5 0B 01 31 02 DE 00 1D CD 00 (15)
                              [N11:NG] NGSWSTATE 0 (0)
2025-07-24 14:39:53:890 [IN ] C8 24 0B 0A 25 A5 0B 01 31 02 DE 00 1D CD 00 (15)
                              [N11:NG] NGSWSTATE 0 (0)
2025-07-24 14:39:54:493 [IN ] C8 24 0C 0B 25 A5 0C 01 31 03 81 5A 4C 68 DE 00 C8 24 0C 0A 25 A5 0C 01 31 02 81 49 0A 62 DE (31)
                              [N12:Z] TPOS 'Z' 76 (76)
                              [N12:Z] TPOS 'I'
2025-07-24 14:39:54:717 [OUT] 25 A5 01 0C 31 03 C9 3D 09 50 2E (11)
                              [N12:Z] LFLAG '=' 9 (9)
2025-07-24 14:39:54:843 [IN ] C8 24 0B 0A 25 A5 0B 01 31 02 DE 00 1D CD DE (15)
                              [N11:NG] NGSWSTATE 0 (0)
2025-07-24 14:39:54:886 [IN ] C8 24 0C 0B 25 A5 0C 01 31 03 C9 3A 09 4D 33 00 (16)
                              [N12:Z] LFLAG ':' 9 (9)
2025-07-24 14:39:55:891 [IN ] C8 24 0B 0A 25 A5 0B 01 31 02 DE 00 1D CD 33 (15)
                              [N11:NG] NGSWSTATE 0 (0)
2025-07-24 14:39:56:894 [IN ] C8 24 0B 0A 25 A5 0B 01 31 02 DE 00 1D CD 33 (15)
                              [N11:NG] NGSWSTATE 0 (0)
2025-07-24 14:39:57:497 [IN ] C8 24 04 0E 25 A5 04 01 31 06 81 45 FF EE 85 77 EB 89 0A (19)
                              [N4:Y] TPOS 'E' 255 238 133 119 (-1145481)
2025-07-24 14:39:57:720 [OUT] 25 A5 01 0C 31 05 81 FF BC D0 00 4F 33 (13)
                              [N12:Z] TPOS 255 188 208 0 (-4403200)
2025-07-24 14:39:57:742 [OUT] 25 A5 01 04 31 05 81 FF FD 50 01 09 B7 (13)
                              [N4:Y] TPOS 255 253 80 1 (-176127)
2025-07-24 14:39:57:764 [OUT] 25 A5 01 09 31 05 81 FF E7 5D 56 5A 0C (13)
                              [N9:P] TPOS 255 231 93 86 (-1614506)
2025-07-24 14:39:57:788 [OUT] 25 A5 01 03 31 05 81 FF EC 4A AB 9B 1A (13)
                              [N3:X] TPOS 255 236 74 171 (-1291605)
2025-07-24 14:39:57:813 [OUT] 25 A5 01 06 31 02 D8 3F 51 DD (10)
                              [N6:H] INTERRUPT '?'
2025-07-24 14:39:58:115 [IN ] C8 24 0B 0A 25 A5 0B 01 31 02 DE 00 1D CD 85 C8 24 0C 0E 25 A5 0C 01 31 06 81 53 FF FF FF C4 D9 93 0A C8 24 04 0E 25 A5 04 01 31 06 81 53 FF EE 85 77 F9 CF 0A C8 24 07 0B 25 A5 07 01 31 03 81 
5A 4C 63 BB 77 (69)
                              [N11:NG] NGSWSTATE 0 (0)
                              [N12:Z] TPOS 'S' 255 255 255 196 (-60)
                              [N4:Y] TPOS 'S' 255 238 133 119 (-1145481)
                              [N7:N] TPOS 'Z' 76 (76)
2025-07-24 14:39:58:417 [IN ] C8 24 07 0A 25 A5 07 01 31 02 81 49 05 44 BB C8 24 09 0E 25 A5 09 01 31 06 81 53 FF FF FF FA 0C AB 0A C8 24 03 0E 25 A5 03 01 31 06 81 53 FF FF FF FF 0B 74 0A C8 24 06 0C 25 A5 06 01 31 04 D8 
3A 01 01 50 82 0B (70)
                              [N7:N] TPOS 'I'
                              [N9:P] TPOS 'S' 255 255 255 250 (-6)
                              [N3:X] TPOS 'S' 255 255 255 255 (-1)
                              [N6:H] INTERRUPT ':' 1 1 (257)
2025-07-24 14:39:58:439 [OUT] 25 A5 01 06 31 03 C9 3D 0B 4C 0C (11)
                              [N6:H] LFLAG '=' 11 (11)
2025-07-24 14:39:58:461 [OUT] 25 A5 01 07 31 03 C9 3D 09 4B 10 (11)
                              [N7:N] LFLAG '=' 9 (9)
2025-07-24 14:39:58:588 [IN ] C8 24 06 0B 25 A5 06 01 31 03 C9 3A 0B 49 0B 82 (16)
                              [N6:H] LFLAG ':' 11 (11)
2025-07-24 14:39:58:609 [OUT] 25 A5 01 06 31 03 88 FF B0 72 72 (11)
                              [N6:H] RUN 255 176 (-80)
2025-07-24 14:39:58:715 [IN ] C8 24 07 0B 25 A5 07 01 31 03 C9 3A 09 48 10 82 (16)
                              [N7:N] LFLAG ':' 9 (9)
2025-07-24 14:39:58:737 [OUT] 25 A5 01 07 31 05 81 FF AB 19 75 F7 DF (13)
                              [N7:N] TPOS 255 171 25 117 (-5564043)
2025-07-24 14:39:58:824 [IN ] C8 24 06 0C 25 A5 06 01 31 04 88 53 FF B0 C6 38 0B (17)
                              [N6:H] RUN 'S' 255 176 (-80)
2025-07-24 14:39:58:889 [IN ] C8 24 0B 0A 25 A5 0B 01 31 02 DE 00 1D CD C6 (15)
                              [N11:NG] NGSWSTATE 0 (0)
2025-07-24 14:39:58:953 [IN ] C8 24 07 0E 25 A5 07 01 31 06 81 53 FF FF FF FC 0C 99 0A (19)
                              [N7:N] TPOS 'S' 255 255 255 252 (-4)
2025-07-24 14:39:59:958 [IN ] C8 24 0B 0A 25 A5 0B 01 31 02 DE 00 1D CD FF (15)
                              [N11:NG] NGSWSTATE 0 (0)
2025-07-24 14:40:00:962 [IN ] C8 24 0B 0A 25 A5 0B 01 31 02 DE 00 1D CD FF (15)
                              [N11:NG] NGSWSTATE 0 (0)
2025-07-24 14:40:01:966 [IN ] C8 24 0B 0A 25 A5 0B 01 31 02 DE 00 1D CD FF (15)
                              [N11:NG] NGSWSTATE 0 (0)
2025-07-24 14:40:02:970 [IN ] C8 24 0B 0A 25 A5 0B 01 31 02 DE 00 1D CD FF (15)
                              [N11:NG] NGSWSTATE 0 (0)
2025-07-24 14:40:03:375 [IN ] C8 24 06 0B 25 A5 06 01 31 03 81 5A 4C 62 B4 FC C8 24 06 0A 25 A5 06 01 31 02 81 49 04 3E B4 (31)
                              [N6:H] TPOS 'Z' 76 (76)
                              [N6:H] TPOS 'I'
2025-07-24 14:40:03:598 [OUT] 25 A5 01 06 31 03 C9 3D 09 4A 0A (11)
                              [N6:H] LFLAG '=' 9 (9)
2025-07-24 14:40:03:766 [IN ] C8 24 06 0B 25 A5 06 01 31 03 C9 3A 09 47 09 FC (16)
                              [N6:H] LFLAG ':' 9 (9)
2025-07-24 14:40:03:787 [OUT] 25 A5 01 06 31 03 84 00 50 0F 08 (11)
                              [N6:H] VEL 0 80 (80)
2025-07-24 14:40:03:913 [IN ] C8 24 0B 0A 25 A5 0B 01 31 02 DE 00 1D CD 09 (15)
                              [N11:NG] NGSWSTATE 0 (0)
2025-07-24 14:40:03:956 [IN ] C8 24 06 0C 25 A5 06 01 31 04 84 53 00 50 63 CA 0C (17)
                              [N6:H] VEL 'S' 0 80 (80)
2025-07-24 14:40:03:978 [OUT] 25 A5 01 06 31 05 81 00 19 82 3C 95 BE (13)
                              [N6:H] TPOS 0 25 130 60 (1671740)
2025-07-24 14:40:04:146 [IN ] C8 24 06 0E 25 A5 06 01 31 06 81 53 00 00 00 00 12 9C 0A (19)
                              [N6:H] TPOS 'S' 0 0 0 0 (0)
2025-07-24 14:40:04:949 [IN ] C8 24 0B 0A 25 A5 0B 01 31 02 DE 00 1D CD 00 (15)
                              [N11:NG] NGSWSTATE 0 (0)
2025-07-24 14:40:05:552 [IN ] C8 24 03 0E 25 (5)
2025-07-24 14:40:05:754 [IN ] A5 03 01 31 06 81 45 FF EC 49 20 55 AA 0A (14)
                              [N3:X] TPOS 'E' 255 236 73 32 (-1292000)
2025-07-24 14:40:05:956 [IN ] C8 24 0B 0A 25 A5 0B 01 31 02 DE 00 1D CD 49 (15)
                              [N11:NG] NGSWSTATE 0 (0)
2025-07-24 14:40:06:178 [OUT] 25 A5 01 03 31 05 81 FF FD 50 01 08 AF (13)
                              [N3:X] TPOS 255 253 80 1 (-176127)
2025-07-24 14:40:06:350 [IN ] C8 24 03 (3)
2025-07-24 14:40:06:371 [IN ] 0E 25 A5 03 01 31 06 81 53 FF EC 49 20 63 F0 0A (16)
                              [N3:X] TPOS 'S' 255 236 73 32 (-1292000)
2025-07-24 14:40:06:572 [IN ] C8 24 04 0E 25 A5 04 01 31 06 81 45 FF FD 4F 8A D7 5D 0A (19)
                              [N4:Y] TPOS 'E' 255 253 79 138 (-176246)
2025-07-24 14:40:06:975 [IN ] C8 24 0B 0A 25 A5 0B 01 31 02 DE 00 1D CD 4F (15)
                              [N11:NG] NGSWSTATE 0 (0)
2025-07-24 14:40:07:177 [IN ] C8 24 09 0E 25 A5 09 01 31 06 81 45 FF E7 5B 54 9C 2F 0A (19)
                              [N9:P] TPOS 'E' 255 231 91 84 (-1615020)
2025-07-24 14:40:07:602 [OUT] 25 A5 01 09 31 05 81 FF FF D9 C8 60 BE (13)
                              [N9:P] TPOS 255 255 217 200 (-9784)
2025-07-24 14:40:07:790 [IN ] C8 24 09 0E 25 A5 09 01 31 06 81 53 FF E7 5B 5B B1 7C 0A (19)
                              [N9:P] TPOS 'S' 255 231 91 91 (-1615013)
2025-07-24 14:40:07:992 [IN ] C8 24 0B 0A 25 A5 0B 01 31 02 DE 00 1D CD 5B (15)
                              [N11:NG] NGSWSTATE 0 (0)
2025-07-24 14:40:08:995 [IN ] C8 24 0B 0A 25 A5 0B 01 31 02 DE 00 1D CD 5B (15)
                              [N11:NG] NGSWSTATE 0 (0)
2025-07-24 14:40:10:000 [IN ] C8 24 0B 0A 25 A5 0B 01 31 02 DE 00 1D CD 5B (15)
                              [N11:NG] NGSWSTATE 0 (0)
2025-07-24 14:40:11:006 [IN ] C8 24 0B 0A 25 A5 0B 01 31 02 DE 00 1D CD 5B (15)
                              [N11:NG] NGSWSTATE 0 (0)
2025-07-24 14:40:12:011 [IN ] C8 24 0B 0A 25 A5 0B 01 31 02 DE 00 1D CD 5B (15)
                              [N11:NG] NGSWSTATE 0 (0)
2025-07-24 14:40:13:013 [IN ] C8 24 06 0E 25 A5 06 01 31 06 81 45 00 19 85 75 17 20 0A C8 24 0B 0A 25 A5 0B 01 31 02 DE 00 1D CD 85 (34)
                              [N6:H] TPOS 'E' 0 25 133 117 (1672565)
                              [N11:NG] NGSWSTATE 0 (0)
2025-07-24 14:40:13:439 [OUT] 25 A5 01 06 31 05 81 00 0C 52 A3 BF 9E (13)
                              [N6:H] TPOS 0 12 82 163 (807587)
2025-07-24 14:40:13:628 [IN ] C8 24 06 0E 25 A5 06 01 31 06 81 53 00 19 85 74 24 65 0A (19)
                              [N6:H] TPOS 'S' 0 25 133 116 (1672564)
2025-07-24 14:40:14:030 [IN ] C8 24 0B 0A 25 A5 0B 01 31 02 DE 00 1D CD 85 (15)
                              [N11:NG] NGSWSTATE 0 (0)
2025-07-24 14:40:15:034 [IN ] C8 24 0B 0A 25 A5 0B 01 31 02 DE 00 1D CD 85 (15)
                              [N11:NG] NGSWSTATE 0 (0)
2025-07-24 14:40:16:041 [IN ] C8 24 0B 0A 25 A5 0B 01 31 02 DE 00 1D CD 85 (15)
                              [N11:NG] NGSWSTATE 0 (0)
2025-07-24 14:40:16:845 [IN ] C8 24 09 0E 25 A5 09 01 31 06 81 45 FF FF DA 82 61 A3 0A (19)
                              [N9:P] TPOS 'E' 255 255 218 130 (-9598)
2025-07-24 14:40:17:068 [OUT] 25 A5 01 08 31 02 D8 3F 53 E7 (10)
                              [N8:R] INTERRUPT '?'
2025-07-24 14:40:17:069 [IN ] C8 24 0B 0A 25 A5 0B 01 31 02 DE 00 1D CD DA (15)
                              [N11:NG] NGSWSTATE 0 (0)
2025-07-24 14:40:17:370 [IN ] C8 24 08 0C 25 A5 08 01 31 04 D8 3A 01 01 52 92 61 C8 24 03 0E 25 A5 03 01 31 06 81 45 FF FD 50 1F 6C EA 0A (36)
                              [N8:R] INTERRUPT ':' 1 1 (257)
                              [N3:X] TPOS 'E' 255 253 80 31 (-176097)
2025-07-24 14:40:17:391 [OUT] 25 A5 01 08 31 03 CA 3D 0B 4F 1B (11)
                              [N8:R] RFLAG '=' 11 (11)
2025-07-24 14:40:17:559 [IN ] C8 24 08 0B 25 A5 08 01 31 03 CA 3A 0B 4C 1C 1F (16)
                              [N8:R] RFLAG ':' 11 (11)
2025-07-24 14:40:17:581 [OUT] 25 A5 01 08 31 03 88 00 50 15 20 (11)
                              [N8:R] RUN 0 80 (80)
2025-07-24 14:40:17:583 [IN ] C8 24 06 0E 25 A5 06 01 31 06 81 45 00 0C 4E 21 7F 37 0A (19)
                              [N6:H] TPOS 'E' 0 12 78 33 (806433)
2025-07-24 14:40:17:627 [OUT] 25 A5 01 05 31 02 D8 3F 50 D8 (10)
                              [N5:V] INTERRUPT '?'
2025-07-24 14:40:17:930 [IN ] C8 24 08 0C 25 A5 08 01 31 04 88 53 00 50 69 EA 7F C8 24 05 0C 25 A5 05 01 31 04 D8 3A 01 01 4F 7A 7F (34)
                              [N8:R] RUN 'S' 0 80 (80)
                              [N5:V] INTERRUPT ':' 1 1 (257)
2025-07-24 14:40:17:951 [OUT] 25 A5 01 05 31 03 C9 3D 0B 4B 06 (11)
                              [N5:V] LFLAG '=' 11 (11)
2025-07-24 14:40:18:014 [IN ] C8 24 0B 0A 25 A5 0B 01 31 02 DE 00 1D CD 4F (15)
                              [N11:NG] NGSWSTATE 0 (0)
2025-07-24 14:40:18:120 [IN ] C8 24 05 0B 25 A5 05 01 31 03 C9 3A 0B 48 04 7A (16)
                              [N5:V] LFLAG ':' 11 (11)
2025-07-24 14:40:18:142 [OUT] 25 A5 01 05 31 03 88 FF B0 71 6C (11)
                              [N5:V] RUN 255 176 (-80)
2025-07-24 14:40:18:311 [IN ] C8 24 05 0C 25 A5 05 01 31 04 88 53 FF B0 C5 30 7F (17)
                              [N5:V] RUN 'S' 255 176 (-80)
2025-07-24 14:40:19:115 [IN ] C8 24 0B 0A 25 A5 0B 01 31 02 DE 00 1D CD C5 (15)
                              [N11:NG] NGSWSTATE 0 (0)
2025-07-24 14:40:20:118 [IN ] C8 24 0B 0A 25 A5 0B 01 31 02 DE 00 1D CD C5 (15)
                              [N11:NG] NGSWSTATE 0 (0)
2025-07-24 14:40:21:123 [IN ] C8 24 0B 0A 25 A5 0B 01 31 02 DE 00 1D CD C5 (15)
                              [N11:NG] NGSWSTATE 0 (0)
2025-07-24 14:40:22:127 [IN ] C8 24 0B 0A 25 A5 0B 01 31 02 DE 00 1D CD C5 (15)
                              [N11:NG] NGSWSTATE 0 (0)
2025-07-24 14:40:23:132 [IN ] C8 24 0B 0A 25 A5 0B 01 31 02 DE 00 1D CD C5 (15)
                              [N11:NG] NGSWSTATE 0 (0)
2025-07-24 14:40:23:335 [IN ] C8 24 05 0B 25 A5 05 01 31 03 81 5A 4C 61 AD 30 C8 24 05 0A 25 A5 05 01 31 02 81 49 03 38 AD (31)
                              [N5:V] TPOS 'Z' 76 (76)
                              [N5:V] TPOS 'I'
2025-07-24 14:40:23:558 [OUT] 25 A5 01 05 31 03 C9 3D 09 49 04 (11)
                              [N5:V] LFLAG '=' 9 (9)
2025-07-24 14:40:23:726 [IN ] C8 24 05 0B 25 A5 05 01 31 03 C9 3A 09 46 02 30 (16)
                              [N5:V] LFLAG ':' 9 (9)
2025-07-24 14:40:23:748 [OUT] 25 A5 01 05 31 03 84 00 50 0E 02 (11)
                              [N5:V] VEL 0 80 (80)
2025-07-24 14:40:23:832 [IN ] C8 24 0C 0E 25 A5 0C 01 31 06 81 45 FF BC CE AA 3D 08 0A (19)
                              [N12:Z] TPOS 'E' 255 188 206 170 (-4403542)
2025-07-24 14:40:23:898 [OUT] 25 A5 01 0C 31 05 81 FF D0 90 CD F0 BC (13)
                              [N12:Z] TPOS 255 208 144 205 (-3108659)
2025-07-24 14:40:23:922 [IN ] C8 24 05 0C 25 A5 05 01 31 04 84 53 00 50 62 C2 3D (17)
                              [N5:V] VEL 'S' 0 80 (80)
2025-07-24 14:40:23:944 [OUT] 25 A5 01 05 31 05 81 00 19 82 3C 94 B6 (13)
                              [N5:V] TPOS 0 25 130 60 (1671740)
2025-07-24 14:40:24:070 [IN ] C8 24 0B 0A 25 A5 0B 01 31 02 DE 00 1D CD 62 (15)
                              [N11:NG] NGSWSTATE 0 (0)
2025-07-24 14:40:24:091 [IN ] C8 24 0C 0E 25 A5 0C 01 31 06 81 53 FF BC CE B9 5A 5D 0A (19)
                              [N12:Z] TPOS 'S' 255 188 206 185 (-4403527)
2025-07-24 14:40:24:216 [IN ] C8 24 05 0E 25 A5 05 01 31 06 81 53 00 00 00 00 11 92 0A (19)
                              [N5:V] TPOS 'S' 0 0 0 0 (0)
2025-07-24 14:40:24:419 [IN ] C8 24 08 0B 25 A5 08 01 31 03 81 5A 52 6A C8 00 C8 24 08 0A 25 A5 08 01 31 02 81 49 06 4A C8 (31)
                              [N8:R] TPOS 'Z' 82 (82)
                              [N8:R] TPOS 'I'
2025-07-24 14:40:24:621 [IN ] C8 24 07 0E 25 A5 07 01 31 06 81 45 FF AB 14 D3 96 58 0A (19)
                              [N7:N] TPOS 'E' 255 171 20 211 (-5565229)
2025-07-24 14:40:24:642 [OUT] 25 A5 01 08 31 03 CA 3D 09 4D 19 (11)
                              [N8:R] RFLAG '=' 9 (9)
2025-07-24 14:40:24:687 [OUT] 25 A5 01 07 31 05 81 FF F0 47 34 29 C9 (13)
                              [N7:N] TPOS 255 240 71 52 (-1030348)
2025-07-24 14:40:24:792 [IN ] C8 24 08 0B 25 A5 08 01 31 03 CA 3A 09 4A 1A D3 (16)
                              [N8:R] RFLAG ':' 9 (9)
2025-07-24 14:40:24:814 [OUT] 25 A5 01 08 31 05 81 FF DC 77 1D 2F DE (13)
                              [N8:R] TPOS 255 220 119 29 (-2328803)
2025-07-24 14:40:24:941 [IN ] C8 24 07 0E 25 A5 07 01 31 06 81 53 FF AB 14 D3 A4 9E 0A (19)
                              [N7:N] TPOS 'S' 255 171 20 211 (-5565229)
2025-07-24 14:40:25:066 [IN ] C8 24 08 0E 25 A5 08 01 31 06 81 53 FF FF FF F3 04 9A 0A C8 24 0B 0A 25 (24)
                              [N8:R] TPOS 'S' 255 255 255 243 (-13)
2025-07-24 14:40:25:267 [IN ] A5 0B 01 31 02 DE 00 1D CD FF (10)
                              [N11:NG] NGSWSTATE 0 (0)
2025-07-24 14:40:26:071 [IN ] C8 24 0B 0A 25 A5 0B 01 31 02 DE 00 1D CD FF (15)
                              [N11:NG] NGSWSTATE 0 (0)
2025-07-24 14:40:27:275 [IN ] C8 24 0B 0A 25 A5 0B 01 31 02 DE 00 1D CD FF (15)
                              [N11:NG] NGSWSTATE 0 (0)
2025-07-24 14:40:28:279 [IN ] C8 24 0B 0A 25 A5 0B 01 31 02 DE 00 1D CD FF (15)
                              [N11:NG] NGSWSTATE 0 (0)
2025-07-24 14:40:29:282 [IN ] C8 24 0B 0A 25 A5 0B 01 31 02 DE 00 1D CD FF (15)
                              [N11:NG] NGSWSTATE 0 (0)
2025-07-24 14:40:30:286 [IN ] C8 24 0B 0A 25 A5 0B 01 31 02 DE 00 1D CD FF (15)
                              [N11:NG] NGSWSTATE 0 (0)
2025-07-24 14:40:31:290 [IN ] C8 24 0B 0A 25 A5 0B 01 31 02 DE 00 1D CD FF (15)
                              [N11:NG] NGSWSTATE 0 (0)
2025-07-24 14:40:31:691 [IN ] C8 24 0C 0E 25 A5 0C 01 31 06 81 45 FF D0 92 D4 3F F6 0A (19)
                              [N12:Z] TPOS 'E' 255 208 146 212 (-3108140)
2025-07-24 14:40:32:095 [IN ] C8 24 05 0E 25 A5 05 01 31 06 81 45 00 19 85 EE 8F 8F 0A (19)
                              [N5:V] TPOS 'E' 0 25 133 238 (1672686)
2025-07-24 14:40:32:297 [IN ] C8 24 0B 0A 25 A5 0B 01 31 02 DE 00 1D CD 85 (15)
                              [N11:NG] NGSWSTATE 0 (0)
2025-07-24 14:40:32:519 [OUT] 25 A5 01 05 31 05 81 00 0C CB A9 3D 8E (13)
                              [N5:V] TPOS 0 12 203 169 (838569)
2025-07-24 14:40:32:708 [IN ] C8 24 05 0E 25 A5 05 01 31 06 81 53 00 19 85 ED 9C D4 0A (19)
                              [N5:V] TPOS 'S' 0 25 133 237 (1672685)
2025-07-24 14:40:33:310 [IN ] C8 24 0B 0A 25 A5 0B 01 31 02 DE 00 1D CD 85 (15)
                              [N11:NG] NGSWSTATE 0 (0)
2025-07-24 14:40:34:313 [IN ] C8 24 0B 0A 25 A5 0B 01 31 02 DE 00 1D CD 85 (15)
                              [N11:NG] NGSWSTATE 0 (0)
2025-07-24 14:40:35:317 [IN ] C8 24 0B 0A 25 A5 0B 01 31 02 DE 00 1D CD 85 (15)
                              [N11:NG] NGSWSTATE 0 (0)
2025-07-24 14:40:36:322 [IN ] C8 24 0B 0A 25 A5 0B 01 31 02 DE 00 1D CD 85 (15)
                              [N11:NG] NGSWSTATE 0 (0)
2025-07-24 14:40:37:125 [IN ] C8 24 08 0E 25 A5 08 01 31 06 81 45 FF DC 73 89 DD 69 0A (19)
                              [N8:R] TPOS 'E' 255 220 115 137 (-2329719)
2025-07-24 14:40:37:327 [IN ] C8 24 0B 0A 25 A5 0B 01 31 02 DE 00 1D CD 73 (15)
                              [N11:NG] NGSWSTATE 0 (0)
2025-07-24 14:40:37:549 [OUT] 25 A5 01 08 31 05 81 FF ED 5D DE E7 9E (13)
                              [N8:R] TPOS 255 237 93 222 (-1221154)
2025-07-24 14:40:37:738 [IN ] C8 24 08 0E 25 A5 08 01 31 06 81 53 FF DC 73 8A EC B0 0A (19)
                              [N8:R] TPOS 'S' 255 220 115 138 (-2329718)
2025-07-24 14:40:38:140 [IN ] C8 24 05 0E 25 A5 05 01 31 06 81 45 00 0C CA 3E 17 42 0A (19)
                              [N5:V] TPOS 'E' 0 12 202 62 (838206)
2025-07-24 14:40:38:342 [IN ] C8 24 0B 0A 25 A5 0B 01 31 02 DE 00 1D CD CA (15)
                              [N11:NG] NGSWSTATE 0 (0)
2025-07-24 14:40:38:364 [OUT] 25 A5 01 03 31 05 81 FF EE 7D 45 6A 20 (13)
                              [N3:X] TPOS 255 238 125 69 (-1147579)
2025-07-24 14:40:38:387 [OUT] 25 A5 01 04 31 05 81 FF F3 F0 02 A0 DA (13)
                              [N4:Y] TPOS 255 243 240 2 (-790526)
2025-07-24 14:40:38:555 [IN ] C8 24 03 0E 25 A5 03 01 31 06 81 53 FF FD 50 1F 7A 30 0A (19)
                              [N3:X] TPOS 'S' 255 253 80 31 (-176097)
2025-07-24 14:40:38:659 [IN ] C8 24 04 0E 25 A5 04 01 31 06 81 53 FF FD 4F 8A E5 A3 0A (19)
                              [N4:Y] TPOS 'S' 255 253 79 138 (-176246)
2025-07-24 14:40:39:262 [IN ] C8 24 0B 0A 25 A5 0B 01 31 02 DE 00 1D CD 4F (15)
                              [N11:NG] NGSWSTATE 0 (0)
2025-07-24 14:40:40:266 [IN ] C8 24 0B 0A 25 A5 0B 01 31 02 DE 00 1D CD 4F (15)
                              [N11:NG] NGSWSTATE 0 (0)
2025-07-24 14:40:41:270 [IN ] C8 24 0B 0A 25 A5 0B 01 31 02 DE 00 1D CD 4F (15)
                              [N11:NG] NGSWSTATE 0 (0)
2025-07-24 14:40:42:073 [IN ] C8 24 04 0E 25 A5 04 01 31 06 81 45 FF F3 ED 90 71 81 0A (19)
                              [N4:Y] TPOS 'E' 255 243 237 144 (-791152)
2025-07-24 14:40:42:276 [IN ] C8 24 0B 0A 25 A5 0B 01 31 02 DE 00 1D CD ED (15)
                              [N11:NG] NGSWSTATE 0 (0)
2025-07-24 14:40:43:281 [IN ] C8 24 0B 0A 25 A5 0B 01 31 02 DE 00 1D CD ED (15)
                              [N11:NG] NGSWSTATE 0 (0)
2025-07-24 14:40:43:683 [IN ] C8 24 08 0E 25 A5 08 01 31 06 81 45 FF ED 60 E9 3B D6 0A (19)
                              [N8:R] TPOS 'E' 255 237 96 233 (-1220375)
2025-07-24 14:40:44:085 [IN ] C8 24 03 0E 25 A5 03 01 31 06 81 45 FF EE 7B 64 CD 58 0A (19)
                              [N3:X] TPOS 'E' 255 238 123 100 (-1148060)
2025-07-24 14:40:44:287 [IN ] C8 24 0B 0A 25 A5 0B 01 31 02 DE 00 1D CD 7B (15)
                              [N11:NG] NGSWSTATE 0 (0)
2025-07-24 14:40:45:291 [IN ] C8 24 0B 0A 25 A5 0B 01 31 02 DE 00 1D CD 7B (15)
                              [N11:NG] NGSWSTATE 0 (0)
2025-07-24 14:40:45:692 [IN ] C8 24 07 0E 25 A5 07 01 31 06 81 45 FF F0 4B 65 A4 27 0A (19)
                              [N7:N] TPOS 'E' 255 240 75 101 (-1029275)
