2025-07-24 13:51:10:865 [OUT] 25 A5 01 0A 31 05 D6 3D FF 00 00 53 ED (13)
                              [N10:HMI] HMILED '=' 255 0 0 (16711680)
2025-07-24 13:51:10:894 [OUT] 25 A5 01 09 31 05 81 FF E9 BC 4C B1 C6 (13)
                              [N9:P] TPOS 255 233 188 76 (-1459124)
2025-07-24 13:51:10:916 [OUT] 25 A5 01 05 31 05 81 00 15 80 18 6A 82 (13)
                              [N5:V] TPOS 0 21 128 24 (1409048)
2025-07-24 13:51:10:937 [OUT] 25 A5 01 06 31 05 81 00 09 51 70 88 60 (13)
                              [N6:H] TPOS 0 9 81 112 (610672)
2025-07-24 13:51:10:961 [OUT] 25 A5 01 07 31 05 81 FF D0 1D 72 1D 53 (13)
                              [N7:N] TPOS 255 208 29 114 (-3138190)
2025-07-24 13:51:11:046 [IN ] C8 24 0A 0D 25 A5 0A 01 31 05 D6 3A FF 00 00 50 EA E8 (18)
                              [N10:HMI] HMILED ':' 255 0 0 (16711680)
2025-07-24 13:51:11:171 [IN ] C8 24 09 0E 25 A5 09 01 31 06 81 53 FF EA 1C 85 9F 31 FF (19)
                              [N9:P] TPOS 'S' 255 234 28 133 (-1434491)
2025-07-24 13:51:11:319 [IN ] C8 24 05 0E 25 A5 05 01 31 06 81 53 00 15 8F 11 C6 00 FF (19)
                              [N5:V] TPOS 'S' 0 21 143 17 (1412881)
2025-07-24 13:51:11:403 [IN ] C8 24 09 0E 25 A5 09 01 31 06 81 45 FF E9 B9 59 01 F6 FF (19)
                              [N9:P] TPOS 'E' 255 233 185 89 (-1459879)
2025-07-24 13:51:11:427 [IN ] C8 24 05 0E 25 A5 05 01 31 06 81 45 00 15 7F 4E E5 D7 FF (19)
                              [N5:V] TPOS 'E' 0 21 127 78 (1408846)
2025-07-24 13:51:11:447 [IN ] C8 24 06 0E 25 A5 06 01 31 06 81 53 00 09 42 73 D0 AE FF (19)
                              [N6:H] TPOS 'S' 0 9 66 115 (606835)
2025-07-24 13:51:11:573 [IN ] C8 24 06 0E 25 A5 06 01 31 06 81 45 00 09 53 F2 52 09 FF C8 24 07 0E 25 A5 07 01 31 06 81 53 FF CE 7A 4D A7 4D FF (38)
                              [N6:H] TPOS 'E' 0 9 83 242 (611314)
                              [N7:N] TPOS 'S' 255 206 122 77 (-3245491)
2025-07-24 13:51:12:175 [IN ] C8 24 07 0E 25 A5 07 01 31 06 81 45 FF D0 21 76 6B 84 FF (19)
                              [N7:N] TPOS 'E' 255 208 33 118 (-3137162)
