2025-07-24 13:25:35:284 [OUT] 25 A5 01 0A 31 05 D6 3D FF 00 00 53 ED (13)
                              [N10:HMI] HMILED '=' 255 0 0 (16711680)
2025-07-24 13:25:35:305 [OUT] 25 A5 01 09 31 05 81 FF E9 85 98 C6 A4 (13)
                              [N9:P] TPOS 255 233 133 152 (-1473128)
2025-07-24 13:25:35:327 [OUT] 25 A5 01 08 31 05 81 FF ED 5D DE E7 9E (13)
                              [N8:R] TPOS 255 237 93 222 (-1221154)
2025-07-24 13:25:35:454 [IN ] C8 24 0A 0D 25 A5 0A 01 31 05 D6 3A FF 00 00 50 EA 3E (18)
                              [N10:HMI] HMILED ':' 255 0 0 (16711680)
2025-07-24 13:25:35:519 [IN ] C8 24 0B 0A 25 A5 0B 01 31 02 DE 03 20 D0 00 (15)
                              [N11:NG] NGSWSTATE 3 (3)
2025-07-24 13:25:35:605 [IN ] C8 24 09 0E 25 A5 09 01 31 06 81 53 FF FF DA BD AA 24 0A (19)
                              [N9:P] TPOS 'S' 255 255 218 189 (-9539)
2025-07-24 13:25:35:731 [IN ] C8 24 08 0E 25 A5 08 01 31 06 81 53 FF ED 60 98 F8 CB 0A (19)
                              [N8:R] TPOS 'S' 255 237 96 152 (-1220456)
2025-07-24 13:25:35:933 [IN ] C8 24 08 0E 25 A5 08 01 31 06 81 45 FF ED 5E 64 B4 4D 0A (19)
                              [N8:R] TPOS 'E' 255 237 94 100 (-1221020)
2025-07-24 13:25:36:536 [IN ] C8 24 0B 0A 25 A5 0B 01 31 02 DE 03 20 D0 5E (15)
                              [N11:NG] NGSWSTATE 3 (3)
2025-07-24 13:25:37:539 [IN ] C8 24 0B 0A 25 A5 0B 01 31 02 DE 03 20 D0 5E (15)
                              [N11:NG] NGSWSTATE 3 (3)
2025-07-24 13:25:38:543 [IN ] C8 24 0B 0A 25 A5 0B 01 31 02 DE 03 20 D0 5E (15)
                              [N11:NG] NGSWSTATE 3 (3)
2025-07-24 13:25:39:551 [IN ] C8 24 0B 0A 25 A5 0B 01 31 02 DE 03 20 D0 5E (15)
                              [N11:NG] NGSWSTATE 3 (3)
2025-07-24 13:25:40:555 [IN ] C8 24 0B 0A 25 A5 0B 01 31 02 DE 03 20 D0 5E (15)
                              [N11:NG] NGSWSTATE 3 (3)
2025-07-24 13:25:41:560 [IN ] C8 24 0B 0A 25 A5 0B 01 31 02 DE 03 20 D0 5E (15)
                              [N11:NG] NGSWSTATE 3 (3)
2025-07-24 13:25:42:564 [IN ] C8 24 0B 0A 25 A5 0B 01 31 02 DE 03 20 D0 5E (15)
                              [N11:NG] NGSWSTATE 3 (3)
2025-07-24 13:25:43:568 [IN ] C8 24 0B 0A 25 A5 0B 01 31 02 DE 03 20 D0 5E (15)
                              [N11:NG] NGSWSTATE 3 (3)
2025-07-24 13:25:43:770 [IN ] C8 24 09 0E 25 A5 09 01 31 06 81 45 FF E9 82 CE 3F FD 0A (19)
                              [N9:P] TPOS 'E' 255 233 130 206 (-1473842)
