2025-07-24 14:45:56:213 [OUT] 25 A5 01 0A 31 05 D6 3D FF 00 00 53 ED (13)
                              [N10:HMI] HMILED '=' 255 0 0 (16711680)
2025-07-24 14:45:56:238 [OUT] 25 A5 01 0C 31 05 81 FF E2 08 19 C6 2E (13)
                              [N12:Z] TPOS 255 226 8 25 (-1964007)
2025-07-24 14:45:56:263 [OUT] 25 A5 01 05 31 05 81 00 0C CB A9 3D 8E (13)
                              [N5:V] TPOS 0 12 203 169 (838569)
2025-07-24 14:45:56:284 [OUT] 25 A5 01 06 31 05 81 00 0C 52 A3 BF 9E (13)
                              [N6:H] TPOS 0 12 82 163 (807587)
2025-07-24 14:45:56:390 [IN ] C8 24 0A 0D 25 A5 0A 01 31 05 D6 3A FF 00 00 50 EA B1 (18)
                              [N10:HMI] HMILED ':' 255 0 0 (16711680)
2025-07-24 14:45:56:536 [IN ] C8 24 0C 0E 25 A5 0C 01 31 06 81 53 FF CD E0 19 DD 14 0A (19)
                              [N12:Z] TPOS 'S' 255 205 224 25 (-3284967)
2025-07-24 14:45:56:663 [IN ] C8 24 05 0E 25 A5 05 01 31 06 81 53 00 0C CA 3E 25 88 0A (19)
                              [N5:V] TPOS 'S' 0 12 202 62 (838206)
2025-07-24 14:45:56:768 [IN ] C8 24 05 0E 25 A5 05 01 31 06 81 45 00 0C CA 6C 45 70 0A C8 24 06 0E 25 A5 06 01 31 06 81 53 00 0C 4E 21 8D 7D 0A (38)
                              [N5:V] TPOS 'E' 0 12 202 108 (838252)
                              [N6:H] TPOS 'S' 0 12 78 33 (806433)
2025-07-24 14:45:56:969 [IN ] C8 24 06 0E 25 A5 06 01 31 06 81 45 00 0C 53 A2 05 C2 0A (19)
                              [N6:H] TPOS 'E' 0 12 83 162 (807842)
2025-07-24 14:46:04:396 [IN ] C8 24 0C 0E 25 A5 0C 01 31 06 81 45 FF E2 0A 3A 2F 82 0A (19)
                              [N12:Z] TPOS 'E' 255 226 10 58 (-1963462)
2025-07-24 14:46:04:820 [OUT] 25 A5 01 04 31 05 81 FF F2 5B DC E4 87 (13)
                              [N4:Y] TPOS 255 242 91 220 (-893988)
2025-07-24 14:46:04:841 [OUT] 25 A5 01 03 31 05 81 FF F0 6B D9 EE 96 (13)
                              [N3:X] TPOS 255 240 107 217 (-1020967)
2025-07-24 14:46:05:010 [IN ] C8 24 04 0E 25 A5 04 01 31 06 81 53 FF F3 ED 90 7F C7 0A (19)
                              [N4:Y] TPOS 'S' 255 243 237 144 (-791152)
2025-07-24 14:46:05:157 [IN ] C8 24 03 0E 25 A5 03 01 31 06 81 53 FF EE 7B 64 DB 9E 0A (19)
                              [N3:X] TPOS 'S' 255 238 123 100 (-1148060)
2025-07-24 14:46:05:761 [IN ] C8 24 04 0E 25 A5 04 01 31 06 81 45 FF F2 59 A8 F4 6E 0A (19)
                              [N4:Y] TPOS 'E' 255 242 89 168 (-894552)
2025-07-24 14:46:06:566 [IN ] C8 24 03 0E 25 A5 03 01 31 06 81 45 FF F0 6A F9 53 D1 0A (19)
                              [N3:X] TPOS 'E' 255 240 106 249 (-1021191)
2025-07-24 14:46:06:989 [OUT] 25 A5 01 0C 31 05 81 FF CD E0 19 89 9F (13)
                              [N12:Z] TPOS 255 205 224 25 (-3284967)
2025-07-24 14:46:07:176 [IN ] C8 24 0C 0E 25 A5 0C 01 31 06 81 53 FF E2 0A 1E 21 AC 0A (19)
                              [N12:Z] TPOS 'S' 255 226 10 30 (-1963490)
2025-07-24 14:46:15:009 [IN ] C8 24 0C 0E 25 A5 0C 01 31 06 81 45 FF CD DE 73 27 24 0A (19)
                              [N12:Z] TPOS 'E' 255 205 222 115 (-3285389)
2025-07-24 14:46:15:435 [OUT] 25 A5 01 09 31 05 81 FF EE 5D 93 9E 5E (13)
                              [N9:P] TPOS 255 238 93 147 (-1155693)
2025-07-24 14:46:15:457 [OUT] 25 A5 01 05 31 05 81 00 07 98 BF 1B 2F (13)
                              [N5:V] TPOS 0 7 152 191 (497855)
2025-07-24 14:46:15:478 [OUT] 25 A5 01 06 31 05 81 00 10 ED EC A7 29 (13)
                              [N6:H] TPOS 0 16 237 236 (1109484)
2025-07-24 14:46:15:501 [OUT] 25 A5 01 07 31 05 81 FF CB A0 63 8C 3B (13)
                              [N7:N] TPOS 255 203 160 99 (-3432349)
2025-07-24 14:46:15:628 [IN ] C8 24 09 0E 25 A5 09 01 31 06 81 53 FF F1 5C 52 B3 93 0A (19)
                              [N9:P] TPOS 'S' 255 241 92 82 (-959406)
2025-07-24 14:46:15:753 [IN ] C8 24 05 0E 25 A5 05 01 31 06 81 53 00 0C CA 6C 53 B6 0A (19)
                              [N5:V] TPOS 'S' 0 12 202 108 (838252)
2025-07-24 14:46:15:880 [IN ] C8 24 06 0E 25 A5 06 01 31 06 81 53 00 0C 53 A2 13 08 0A (19)
                              [N6:H] TPOS 'S' 0 12 83 162 (807842)
2025-07-24 14:46:16:026 [IN ] C8 24 07 0E 25 A5 07 01 31 06 81 53 FF F0 4B 65 B2 6D 0A (19)
                              [N7:N] TPOS 'S' 255 240 75 101 (-1029275)
2025-07-24 14:46:16:831 [IN ] C8 24 09 0E 25 A5 09 01 31 06 81 45 FF EE 5B AF FE 9F 0A (19)
                              [N9:P] TPOS 'E' 255 238 91 175 (-1156177)
2025-07-24 14:46:17:432 [IN ] C8 24 06 0E 25 A5 06 01 31 06 81 45 00 10 F2 70 76 DA 0A (19)
                              [N6:H] TPOS 'E' 0 16 242 112 (1110640)
2025-07-24 14:46:18:036 [IN ] C8 24 05 0E 25 A5 05 01 31 06 81 45 00 07 97 35 D6 C4 0A (19)
                              [N5:V] TPOS 'E' 0 7 151 53 (497461)
2025-07-24 14:46:27:066 [IN ] C8 24 07 0E 25 A5 07 01 31 06 81 45 FF CB 9C 1A 85 0F 0A (19)
                              [N7:N] TPOS 'E' 255 203 156 26 (-3433446)
