2025-07-24 16:18:07:531 [OUT] 25 A5 01 0A 31 05 D6 3D FF 00 00 53 ED (13)
                              [N10:HMI] HMILED '=' 255 0 0 (16711680)
2025-07-24 16:18:07:555 [OUT] 25 A5 01 09 31 05 81 FF EC D0 82 FE 2D (13)
                              [N9:P] TPOS 255 236 208 130 (-1257342)
2025-07-24 16:18:07:576 [OUT] 25 A5 01 05 31 05 81 00 0D 98 66 C8 E8 (13)
                              [N5:V] TPOS 0 13 152 102 (890982)
2025-07-24 16:18:07:598 [OUT] 25 A5 01 06 31 05 81 00 14 CB 92 2F 97 (13)
                              [N6:H] TPOS 0 20 203 146 (1362834)
2025-07-24 16:18:07:621 [OUT] 25 A5 01 07 31 05 81 FF DC 05 06 A5 DB (13)
                              [N7:N] TPOS 255 220 5 6 (-2358010)
2025-07-24 16:18:07:725 [IN ] C8 24 0A 0D 25 A5 0A 01 31 05 D6 3A FF 00 00 50 EA BB (18)
                              [N10:HMI] HMILED ':' 255 0 0 (16711680)
2025-07-24 16:18:07:852 [IN ] C8 24 09 0E 25 A5 09 01 31 06 81 53 FF EC 65 70 D5 B4 0A (19)
                              [N9:P] TPOS 'S' 255 236 101 112 (-1284752)
2025-07-24 16:18:07:978 [IN ] C8 24 05 0E 25 A5 05 01 31 06 81 53 00 05 B5 7C 47 87 0A (19)
                              [N5:V] TPOS 'S' 0 5 181 124 (374140)
2025-07-24 16:18:08:104 [IN ] C8 24 06 0E 25 A5 06 01 31 06 81 53 00 0C 85 37 DA 01 0A C8 24 09 0E 25 A5 09 01 31 06 81 45 FF EC D2 88 4C 60 0A (38)
                              [N6:H] TPOS 'S' 0 12 133 55 (820535)
                              [N9:P] TPOS 'E' 255 236 210 136 (-1256824)
2025-07-24 16:18:08:232 [IN ] C8 24 07 0E 25 A5 07 01 31 06 81 53 FF DD 69 1C 74 27 0A (19)
                              [N7:N] TPOS 'S' 255 221 105 28 (-2266852)
2025-07-24 16:18:08:836 [IN ] C8 24 07 0E 25 A5 07 01 31 06 81 45 FF DC 00 A6 86 96 0A (19)
                              [N7:N] TPOS 'E' 255 220 0 166 (-2359130)
2025-07-24 16:18:10:443 [IN ] C8 24 05 0E 25 A5 05 01 31 06 81 45 00 0D 9C 70 1C 1B 0A (19)
                              [N5:V] TPOS 'E' 0 13 156 112 (892016)
2025-07-24 16:18:10:645 [IN ] C8 24 06 0E 25 A5 06 01 31 06 81 45 00 14 D0 55 3D 87 0A (19)
                              [N6:H] TPOS 'E' 0 20 208 85 (1364053)
