2025-07-24 16:16:27:963 [OUT] 25 A5 01 0A 31 05 D6 3D FF 00 00 53 ED (13)
                              [N10:HMI] HMILED '=' 255 0 0 (16711680)
2025-07-24 16:16:27:987 [OUT] 25 A5 01 0C 31 05 81 FF E3 61 42 49 0C (13)
                              [N12:Z] TPOS 255 227 97 66 (-1875646)
2025-07-24 16:16:28:009 [OUT] 25 A5 01 05 31 05 81 00 0C CB A9 3D 8E (13)
                              [N5:V] TPOS 0 12 203 169 (838569)
2025-07-24 16:16:28:031 [OUT] 25 A5 01 06 31 05 81 00 0C 52 A3 BF 9E (13)
                              [N6:H] TPOS 0 12 82 163 (807587)
2025-07-24 16:16:28:157 [IN ] C8 24 0A 0D 25 A5 0A 01 31 05 D6 3A FF 00 00 50 EA 9A (18)
                              [N10:HMI] HMILED ':' 255 0 0 (16711680)
2025-07-24 16:16:28:282 [IN ] C8 24 0C 0E 25 A5 0C 01 31 06 81 (11)
2025-07-24 16:16:28:304 [IN ] 53 FF CF 39 43 62 F6 0A (8)
                              [N12:Z] TPOS 'S' 255 207 57 67 (-3196605)
2025-07-24 16:16:28:430 [IN ] C8 24 05 0E 25 A5 05 01 31 06 81 53 00 0C CA 4D 34 97 0A (19)
                              [N5:V] TPOS 'S' 0 12 202 77 (838221)
2025-07-24 16:16:28:515 [IN ] C8 24 05 0E 25 A5 05 01 31 06 81 45 00 0C CA 6B 44 6F 0A (19)
                              [N5:V] TPOS 'E' 0 12 202 107 (838251)
2025-07-24 16:16:28:558 [IN ] C8 24 06 0E 25 A5 06 01 31 06 81 53 00 0C 4D FC 67 56 0A (19)
                              [N6:H] TPOS 'S' 0 12 77 252 (806396)
2025-07-24 16:16:28:759 [IN ] C8 24 06 0E 25 A5 06 01 31 06 81 45 00 0C 53 B1 14 D1 0A (19)
                              [N6:H] TPOS 'E' 0 12 83 177 (807857)
2025-07-24 16:16:36:390 [IN ] C8 24 0C 0E 25 A5 0C 01 31 06 81 45 FF E3 63 4B 9A 48 0A (19)
                              [N12:Z] TPOS 'E' 255 227 99 75 (-1875125)
2025-07-24 16:16:36:812 [OUT] 25 A5 01 04 31 05 81 FF F2 5B D1 D9 7C (13)
                              [N4:Y] TPOS 255 242 91 209 (-893999)
2025-07-24 16:16:36:833 [OUT] 25 A5 01 03 31 05 81 FF F0 6B D1 E6 8E (13)
                              [N3:X] TPOS 255 240 107 209 (-1020975)
2025-07-24 16:16:37:002 [IN ] C8 24 04 0E 25 A5 04 01 31 06 81 53 FF F3 ED 88 77 BF 0A (19)
                              [N4:Y] TPOS 'S' 255 243 237 136 (-791160)
2025-07-24 16:16:37:109 [IN ] C8 24 03 0E 25 A5 03 01 31 06 81 53 FF (13)
2025-07-24 16:16:37:131 [IN ] EE 7B 59 D0 93 0A (6)
                              [N3:X] TPOS 'S' 255 238 123 89 (-1148071)
2025-07-24 16:16:37:733 [IN ] C8 24 04 0E 25 A5 04 01 31 06 81 45 FF F2 59 AC F8 72 0A (19)
                              [N4:Y] TPOS 'E' 255 242 89 172 (-894548)
2025-07-24 16:16:38:736 [IN ] C8 24 03 0E 25 A5 03 01 31 06 81 45 FF F0 6A C5 1F 9D 0A (19)
                              [N3:X] TPOS 'E' 255 240 106 197 (-1021243)
2025-07-24 16:16:39:161 [OUT] 25 A5 01 0C 31 05 81 FF CF 39 42 0D 80 (13)
                              [N12:Z] TPOS 255 207 57 66 (-3196606)
2025-07-24 16:16:39:330 [IN ] C8 24 0C 0E 25 A5 0C 01 31 06 81 53 FF E3 63 16 73 59 0A (19)
                              [N12:Z] TPOS 'S' 255 227 99 22 (-1875178)
2025-07-24 16:16:47:362 [IN ] C8 24 0C 0E 25 A5 0C 01 31 06 81 45 FF CF 37 A1 B0 0A 0A (19)
                              [N12:Z] TPOS 'E' 255 207 55 161 (-3197023)
2025-07-24 16:16:47:788 [OUT] 25 A5 01 09 31 05 81 FF EE 37 5A 3F D9 (13)
                              [N9:P] TPOS 255 238 55 90 (-1165478)
2025-07-24 16:16:47:810 [OUT] 25 A5 01 05 31 05 81 00 07 5B ED 0C E3 (13)
                              [N5:V] TPOS 0 7 91 237 (482285)
2025-07-24 16:16:47:832 [OUT] 25 A5 01 06 31 05 81 00 14 39 D4 DF B5 (13)
                              [N6:H] TPOS 0 20 57 212 (1325524)
2025-07-24 16:16:47:853 [OUT] 25 A5 01 07 31 05 81 FF D0 79 FA 01 93 (13)
                              [N7:N] TPOS 255 208 121 250 (-3114502)
2025-07-24 16:16:47:978 [IN ] C8 24 09 0E 25 A5 09 01 31 06 81 53 FF F1 21 F6 1C C1 0A (19)
                              [N9:P] TPOS 'S' 255 241 33 246 (-974346)
2025-07-24 16:16:48:103 [IN ] C8 24 05 0E 25 A5 05 01 31 06 81 53 00 0C CA 6B 52 B5 0A (19)
                              [N5:V] TPOS 'S' 0 12 202 107 (838251)
2025-07-24 16:16:48:229 [IN ] C8 24 06 0E 25 A5 06 01 31 06 81 53 00 0C 53 B2 23 18 0A (19)
                              [N6:H] TPOS 'S' 0 12 83 178 (807858)
2025-07-24 16:16:48:354 [IN ] C8 24 07 0E 25 A5 07 01 31 06 81 53 FF F0 4B 67 B4 6F 0A (19)
                              [N7:N] TPOS 'S' 255 240 75 103 (-1029273)
2025-07-24 16:16:49:158 [IN ] C8 24 09 0E 25 A5 09 01 31 06 81 45 FF EE 35 61 8A 05 0A (19)
                              [N9:P] TPOS 'E' 255 238 53 97 (-1165983)
2025-07-24 16:16:50:564 [IN ] C8 24 05 0E 25 A5 05 01 31 06 81 45 00 07 5A 6C D0 81 0A (19)
                              [N5:V] TPOS 'E' 0 7 90 108 (481900)
2025-07-24 16:16:50:766 [IN ] C8 24 06 0E 25 A5 06 01 31 06 81 45 00 14 3E 87 DD 95 0A (19)
                              [N6:H] TPOS 'E' 0 20 62 135 (1326727)
2025-07-24 16:16:57:994 [IN ] C8 24 07 0E 25 A5 07 01 31 06 81 45 FF D0 75 52 9B 08 0A (19)
                              [N7:N] TPOS 'E' 255 208 117 82 (-3115694)
