2025-07-24 16:03:48:118 [OUT] 25 A5 01 0A 31 05 D6 3D FF 00 00 53 ED (13)
                              [N10:HMI] HMILED '=' 255 0 0 (16711680)
2025-07-24 16:03:48:141 [OUT] 25 A5 01 0C 31 05 81 FF E3 61 53 5A 1D (13)
                              [N12:Z] TPOS 255 227 97 83 (-1875629)
2025-07-24 16:03:48:162 [OUT] 25 A5 01 05 31 05 81 00 0C CB A9 3D 8E (13)
                              [N5:V] TPOS 0 12 203 169 (838569)
2025-07-24 16:03:48:184 [OUT] 25 A5 01 06 31 05 81 00 0C 52 A3 BF 9E (13)
                              [N6:H] TPOS 0 12 82 163 (807587)
2025-07-24 16:03:48:311 [IN ] C8 24 0A 0D 25 A5 0A 01 31 05 D6 3A FF 00 00 50 EA 3A (18)
                              [N10:HMI] HMILED ':' 255 0 0 (16711680)
2025-07-24 16:03:48:438 [IN ] C8 24 0C 0E 25 A5 0C 01 31 06 81 53 FF CF 37 C3 E0 72 A5 (19)
                              [N12:Z] TPOS 'S' 255 207 55 195 (-3196989)
2025-07-24 16:03:48:585 [IN ] C8 24 05 0E 25 A5 05 01 31 06 81 53 00 07 FD F1 06 92 A5 (19)
                              [N5:V] TPOS 'S' 0 7 253 241 (523761)
2025-07-24 16:03:48:689 [IN ] C8 24 06 0E 25 A5 06 01 31 06 81 53 00 0E E2 F7 F9 81 A5 (19)
                              [N6:H] TPOS 'S' 0 14 226 247 (975607)
2025-07-24 16:03:49:693 [IN ] C8 24 06 0E 25 A5 06 01 31 06 81 45 00 0C 4E 02 60 18 A5 (19)
                              [N6:H] TPOS 'E' 0 12 78 2 (806402)
2025-07-24 16:03:50:296 [IN ] C8 24 05 0E 25 A5 05 01 31 06 81 45 00 0C CF A0 7E AE A5 (19)
                              [N5:V] TPOS 'E' 0 12 207 160 (839584)
2025-07-24 16:03:56:522 [IN ] C8 24 0C 0E 25 A5 0C 01 31 06 81 45 FF E3 63 81 D0 7E A5 (19)
                              [N12:Z] TPOS 'E' 255 227 99 129 (-1875071)
2025-07-24 16:03:56:946 [OUT] 25 A5 01 04 31 05 81 FF F2 5B C1 C9 6C (13)
                              [N4:Y] TPOS 255 242 91 193 (-894015)
2025-07-24 16:03:56:968 [OUT] 25 A5 01 03 31 05 81 FF F0 6B C7 DC 84 (13)
                              [N3:X] TPOS 255 240 107 199 (-1020985)
2025-07-24 16:03:57:115 [IN ] C8 24 04 0E 25 A5 04 01 31 06 81 53 FF F5 8A E7 75 5E A5 (19)
                              [N4:Y] TPOS 'S' 255 245 138 231 (-685337)
2025-07-24 16:03:57:263 [IN ] C8 24 03 0E 25 A5 03 01 31 06 81 53 FF EC 8D D2 59 2A A5 (19)
                              [N3:X] TPOS 'S' 255 236 141 210 (-1274414)
2025-07-24 16:03:58:469 [IN ] C8 24 04 0E 25 A5 04 01 31 06 81 45 FF F2 59 96 E2 5C A5 (19)
                              [N4:Y] TPOS 'E' 255 242 89 150 (-894570)
2025-07-24 16:04:00:076 [IN ] C8 24 03 0E 25 A5 03 01 31 06 81 45 FF F0 6A F0 4A C8 A5 (19)
                              [N3:X] TPOS 'E' 255 240 106 240 (-1021200)
2025-07-24 16:04:00:500 [OUT] 25 A5 01 0C 31 05 81 FF CF 39 53 1E 91 (13)
                              [N12:Z] TPOS 255 207 57 83 (-3196589)
2025-07-24 16:04:00:690 [IN ] C8 24 0C 0E 25 A5 0C 01 31 06 81 53 FF E3 63 76 D3 B9 A5 (19)
                              [N12:Z] TPOS 'S' 255 227 99 118 (-1875082)
2025-07-24 16:04:08:719 [IN ] C8 24 0C 0E 25 A5 0C 01 31 06 81 45 FF CF 37 AF BE 18 A5 (19)
                              [N12:Z] TPOS 'E' 255 207 55 175 (-3197009)
2025-07-24 16:04:09:145 [OUT] 25 A5 01 09 31 05 81 FF EE 1D 24 EF 6F (13)
                              [N9:P] TPOS 255 238 29 36 (-1172188)
2025-07-24 16:04:09:168 [OUT] 25 A5 01 05 31 05 81 00 07 90 65 B9 C5 (13)
                              [N5:V] TPOS 0 7 144 101 (495717)
2025-07-24 16:04:09:190 [OUT] 25 A5 01 06 31 05 81 00 0D 4A 2E 43 1C (13)
                              [N6:H] TPOS 0 13 74 46 (870958)
2025-07-24 16:04:09:211 [OUT] 25 A5 01 07 31 05 81 FF CE 2A D6 8C CB (13)
                              [N7:N] TPOS 255 206 42 214 (-3265834)
2025-07-24 16:04:09:337 [IN ] C8 24 09 0E 25 A5 09 01 31 06 81 53 FF EE 4A 43 8F 57 A5 (19)
                              [N9:P] TPOS 'S' 255 238 74 67 (-1160637)
2025-07-24 16:04:09:464 [IN ] C8 24 05 0E 25 A5 05 01 31 06 81 53 00 0C CF A0 8C F4 A5 (19)
                              [N5:V] TPOS 'S' 0 12 207 160 (839584)
2025-07-24 16:04:09:506 [IN ] C8 24 09 0E 25 A5 09 01 31 06 81 45 FF EE 1A FB 09 69 A5 (19)
                              [N9:P] TPOS 'E' 255 238 26 251 (-1172741)
2025-07-24 16:04:09:610 [IN ] C8 24 06 0E 25 A5 06 01 31 06 81 53 00 0C 4E 02 6E 5E A5 (19)
                              [N6:H] TPOS 'S' 0 12 78 2 (806402)
2025-07-24 16:04:09:715 [IN ] C8 24 07 0E 25 A5 07 01 31 06 81 53 FF CC 94 0E 80 3C A5 (19)
                              [N7:N] TPOS 'S' 255 204 148 14 (-3369970)
2025-07-24 16:04:10:117 [IN ] C8 24 06 0E 25 A5 06 01 31 06 81 45 00 0D 4E A8 07 C1 A5 (19)
                              [N6:H] TPOS 'E' 0 13 78 168 (872104)
2025-07-24 16:04:10:318 [IN ] C8 24 07 0E 25 A5 07 01 31 06 81 45 FF CE 2F 2F 30 53 A5 (19)
                              [N7:N] TPOS 'E' 255 206 47 47 (-3264721)
2025-07-24 16:04:11:723 [IN ] C8 24 05 0E 25 A5 05 01 31 06 81 45 00 07 8E A1 39 1E A5 (19)
                              [N5:V] TPOS 'E' 0 7 142 161 (495265)
