2025-10-27 12:39:10:131 [OUT] 25 A5 01 0A 31 05 D6 3D FF 00 00 53 ED (13)
                              [N10:HMI] HMILED '=' 255 0 0 (16711680)
2025-10-27 12:39:10:154 [OUT] 25 A5 01 03 31 02 D8 3F 4E CE (10)
                              [N3:X] INTERRUPT '?'
2025-10-27 12:39:10:456 [IN ] C8 24 0A 0D 25 A5 0A 01 31 05 D6 3A FF 00 00 50 EA 13 C8 24 03 0C 25 A5 03 01 31 04 D8 3A 01 01 4D 6A EA (35)
                              [N10:HMI] HMILED ':' 255 0 0 (16711680)
                              [N3:X] INTERRUPT ':' 1 1 (257)
2025-10-27 12:39:10:478 [OUT] 25 A5 01 09 31 03 C9 3D 09 4D 1C (11)
                              [N9:P] LFLAG '=' 9 (9)
2025-10-27 12:39:10:500 [OUT] 25 A5 01 04 31 02 D8 3F 4F D3 (10)
                              [N4:Y] INTERRUPT '?'
2025-10-27 12:39:10:801 [IN ] C8 24 09 0B 25 A5 09 01 31 03 C9 3A 09 4A 1E 6A C8 24 04 0C 25 A5 04 01 31 04 D8 3A 01 01 4E 72 EA (33)
                              [N9:P] LFLAG ':' 9 (9)
                              [N4:Y] INTERRUPT ':' 1 1 (257)
2025-10-27 12:39:10:822 [OUT] 25 A5 01 09 31 03 CA 3D 09 4E 1F (11)
                              [N9:P] RFLAG '=' 9 (9)
2025-10-27 12:39:10:845 [OUT] 25 A5 01 0C 31 02 D8 3F 57 FB (10)
                              [N12:Z] INTERRUPT '?'
2025-10-27 12:39:11:149 [IN ] C8 24 09 0B 25 A5 09 01 31 03 CA 3A 09 4B 21 72 C8 24 0C 0C 25 A5 0C 01 31 04 D8 3A 01 01 56 B2 EA (33)
                              [N9:P] RFLAG ':' 9 (9)
                              [N12:Z] INTERRUPT ':' 1 1 (257)
2025-10-27 12:39:11:170 [OUT] 25 A5 01 08 31 03 C9 3D 09 4C 16 (11)
                              [N8:R] LFLAG '=' 9 (9)
2025-10-27 12:39:11:192 [OUT] 25 A5 01 03 31 03 C9 3D 0B 49 FA (11)
                              [N3:X] LFLAG '=' 11 (11)
2025-10-27 12:39:11:215 [OUT] 25 A5 01 04 31 03 C9 3D 0B 4A 00 (11)
                              [N4:Y] LFLAG '=' 11 (11)
2025-10-27 12:39:11:237 [OUT] 25 A5 01 0C 31 03 C9 3D 0B 52 30 (11)
                              [N12:Z] LFLAG '=' 11 (11)
2025-10-27 12:39:11:342 [IN ] C8 24 08 0B 25 A5 08 01 31 03 C9 3A 09 49 17 B2 (16)
                              [N8:R] LFLAG ':' 9 (9)
2025-10-27 12:39:11:364 [OUT] 25 A5 01 08 31 03 CA 3D 09 4D 19 (11)
                              [N8:R] RFLAG '=' 9 (9)
2025-10-27 12:39:11:448 [IN ] C8 24 03 0B 25 A5 03 01 31 03 C9 3A 0B 46 F6 B2 (16)
                              [N3:X] LFLAG ':' 11 (11)
2025-10-27 12:39:11:472 [OUT] 25 A5 01 03 31 03 88 00 50 10 02 (11)
                              [N3:X] RUN 0 80 (80)
2025-10-27 12:39:11:537 [IN ] C8 24 04 0B 25 A5 04 01 31 03 C9 3A 0B 47 FD B2 (16)
                              [N4:Y] LFLAG ':' 11 (11)
2025-10-27 12:39:11:559 [OUT] 25 A5 01 04 31 03 88 00 50 11 08 (11)
                              [N4:Y] RUN 0 80 (80)
2025-10-27 12:39:11:663 [IN ] C8 24 0C 0B 25 A5 0C 01 31 03 C9 3A 0B 4F 35 B2 (16)
                              [N12:Z] LFLAG ':' 11 (11)
2025-10-27 12:39:11:685 [OUT] 25 A5 01 0C 31 03 88 00 50 19 38 (11)
                              [N12:Z] RUN 0 80 (80)
2025-10-27 12:39:11:770 [IN ] C8 24 08 0B 25 A5 08 01 31 03 CA 3A 09 4A 1A B2 (16)
                              [N8:R] RFLAG ':' 9 (9)
2025-10-27 12:39:11:873 [IN ] C8 24 03 0C 25 A5 03 01 31 04 88 53 00 50 64 (15)
2025-10-27 12:39:11:895 [IN ] C2 EA (2)
                              [N3:X] RUN 'S' 0 80 (80)
2025-10-27 12:39:11:981 [IN ] C8 24 04 0C 25 A5 04 01 31 04 88 53 00 50 65 CA EA (17)
                              [N4:Y] RUN 'S' 0 80 (80)
2025-10-27 12:39:12:106 [IN ] C8 24 0C 0C 25 A5 0C 01 31 04 88 53 00 50 6D 0A EA (17)
                              [N12:Z] RUN 'S' 0 80 (80)
2025-10-27 12:39:18:728 [IN ] C8 24 04 0B 25 A5 04 01 31 03 81 5A 4C 60 A6 0A C8 24 04 0A 25 A5 04 01 31 02 81 49 02 32 A6 (31)
                              [N4:Y] TPOS 'Z' 76 (76)
                              [N4:Y] TPOS 'I'
2025-10-27 12:39:18:951 [OUT] 25 A5 01 09 31 02 D8 3F 54 EC (10)
                              [N9:P] INTERRUPT '?'
2025-10-27 12:39:19:252 [IN ] C8 24 09 0C 25 A5 09 01 31 04 D8 3A 01 01 53 9A EA (17)
                              [N9:P] INTERRUPT ':' 1 1 (257)
2025-10-27 12:39:19:273 [OUT] 25 A5 01 04 31 03 C9 3D 09 48 FE (11)
                              [N4:Y] LFLAG '=' 9 (9)
2025-10-27 12:39:19:295 [OUT] 25 A5 01 07 31 02 D8 3F 52 E2 (10)
                              [N7:N] INTERRUPT '?'
2025-10-27 12:39:19:596 [IN ] C8 24 04 0B 25 A5 04 01 31 03 C9 3A 09 45 FB 9A C8 24 07 0C 25 A5 07 01 31 04 D8 3A 01 01 51 8A EA (33)
                              [N4:Y] LFLAG ':' 9 (9)
                              [N7:N] INTERRUPT ':' 1 1 (257)
2025-10-27 12:39:19:617 [OUT] 25 A5 01 09 31 03 C9 3D 0B 4F 1E (11)
                              [N9:P] LFLAG '=' 11 (11)
2025-10-27 12:39:19:640 [OUT] 25 A5 01 07 31 03 C9 3D 0B 4D 12 (11)
                              [N7:N] LFLAG '=' 11 (11)
2025-10-27 12:39:19:787 [IN ] C8 24 09 0B 25 A5 09 01 31 03 C9 3A 0B 4C 20 8A (16)
                              [N9:P] LFLAG ':' 11 (11)
2025-10-27 12:39:19:811 [OUT] 25 A5 01 09 31 03 88 00 50 16 26 (11)
                              [N9:P] RUN 0 80 (80)
2025-10-27 12:39:19:894 [IN ] C8 24 07 0B 25 A5 07 01 31 03 C9 3A 0B 4A 12 8A (16)
                              [N7:N] LFLAG ':' 11 (11)
2025-10-27 12:39:19:916 [OUT] 25 A5 01 07 31 03 88 00 50 14 1A (11)
                              [N7:N] RUN 0 80 (80)
2025-10-27 12:39:20:019 [IN ] C8 24 09 0C 25 A5 09 01 31 04 88 53 00 50 6A F2 EA (17)
                              [N9:P] RUN 'S' 0 80 (80)
2025-10-27 12:39:20:063 [IN ] C8 24 09 0B 25 A5 09 01 31 03 81 5A 4C 65 C9 F2 (16)
                              [N9:P] TPOS 'Z' 76 (76)
2025-10-27 12:39:20:106 [IN ] C8 24 09 0A 25 A5 09 01 31 02 81 49 07 50 C9 (15)
                              [N9:P] TPOS 'I'
2025-10-27 12:39:20:130 [IN ] C8 24 07 0C 25 A5 07 01 31 04 88 53 00 50 68 E2 EA (17)
                              [N7:N] RUN 'S' 0 80 (80)
2025-10-27 12:39:20:153 [OUT] 25 A5 01 09 31 03 C9 3D 09 4D 1C (11)
                              [N9:P] LFLAG '=' 9 (9)
2025-10-27 12:39:20:175 [OUT] 25 A5 01 04 31 05 81 FF EE 88 01 32 FA (13)
                              [N4:Y] TPOS 255 238 136 1 (-1144831)
2025-10-27 12:39:20:320 [IN ] C8 24 09 0B 25 A5 09 01 31 03 C9 3A 09 4A 1E E2 (16)
                              [N9:P] LFLAG ':' 9 (9)
2025-10-27 12:39:20:445 [IN ] C8 24 04 0E 25 A5 04 01 31 06 81 53 00 00 00 00 10 88 0A (19)
                              [N4:Y] TPOS 'S' 0 0 0 0 (0)
2025-10-27 12:39:21:852 [IN ] C8 24 03 0B 25 A5 03 01 31 03 81 5A 4C 5F 9F 00 C8 24 03 0A 25 A5 03 01 31 02 81 49 01 2C 9F (31)
                              [N3:X] TPOS 'Z' 76 (76)
                              [N3:X] TPOS 'I'
2025-10-27 12:39:22:075 [OUT] 25 A5 01 03 31 03 C9 3D 09 47 F8 (11)
                              [N3:X] LFLAG '=' 9 (9)
2025-10-27 12:39:22:240 [IN ] C8 24 03 0B 25 A5 03 01 31 03 C9 3A 09 44 F4 00 (16)
                              [N3:X] LFLAG ':' 9 (9)
2025-10-27 12:39:24:049 [IN ] C8 24 07 0B 25 A5 07 01 31 03 81 5A 4C 63 BB 00 C8 24 07 0A 25 A5 07 01 31 02 81 49 05 44 BB (31)
                              [N7:N] TPOS 'Z' 76 (76)
                              [N7:N] TPOS 'I'
2025-10-27 12:39:24:272 [OUT] 25 A5 01 07 31 03 C9 3D 09 4B 10 (11)
                              [N7:N] LFLAG '=' 9 (9)
2025-10-27 12:39:24:437 [IN ] C8 24 07 0B 25 A5 07 01 31 03 C9 3A 09 48 10 00 (16)
                              [N7:N] LFLAG ':' 9 (9)
2025-10-27 12:39:26:445 [IN ] C8 24 04 0E 25 A5 04 01 31 06 81 45 FF EE 85 C0 34 D2 0A C8 24 0C 0B 25 A5 0C 01 31 03 81 5A 4C 68 DE C0 (35)
                              [N4:Y] TPOS 'E' 255 238 133 192 (-1145408)
                              [N12:Z] TPOS 'Z' 76 (76)
2025-10-27 12:39:26:647 [IN ] C8 24 0C 0A 25 A5 0C 01 31 02 81 49 0A 62 DE (15)
                              [N12:Z] TPOS 'I'
2025-10-27 12:39:26:668 [OUT] 25 A5 01 09 31 05 81 FF E7 5D 56 5A 0C (13)
                              [N9:P] TPOS 255 231 93 86 (-1614506)
2025-10-27 12:39:26:691 [OUT] 25 A5 01 0C 31 03 C9 3D 09 50 2E (11)
                              [N12:Z] LFLAG '=' 9 (9)
2025-10-27 12:39:26:714 [OUT] 25 A5 01 04 31 05 81 FF FD 50 01 09 B7 (13)
                              [N4:Y] TPOS 255 253 80 1 (-176127)
2025-10-27 12:39:26:737 [OUT] 25 A5 01 07 31 05 81 FF AB 19 75 F7 DF (13)
                              [N7:N] TPOS 255 171 25 117 (-5564043)
2025-10-27 12:39:26:760 [OUT] 25 A5 01 03 31 05 81 FF EC 4A AB 9B 1A (13)
                              [N3:X] TPOS 255 236 74 171 (-1291605)
2025-10-27 12:39:26:782 [OUT] 25 A5 01 06 31 02 D8 3F 51 DD (10)
                              [N6:H] INTERRUPT '?'
2025-10-27 12:39:27:084 [IN ] C8 24 09 0E 25 A5 09 01 31 06 81 53 FF FF FF E6 F8 97 0A C8 24 0C 0B 25 A5 0C 01 31 03 C9 3A 09 4D 33 E6 C8 24 04 0E 25 A5 04 01 31 06 81 53 FF EE 85 C0 42 18 0A (54)
                              [N9:P] TPOS 'S' 255 255 255 230 (-26)
                              [N12:Z] LFLAG ':' 9 (9)
                              [N4:Y] TPOS 'S' 255 238 133 192 (-1145408)
2025-10-27 12:39:27:385 [IN ] C8 24 07 0E 25 A5 07 01 31 06 81 53 FF FF FF FA 0A 97 0A C8 24 03 0E 25 A5 03 01 31 06 81 53 00 00 00 00 0F 7E 0A (38)
                              [N7:N] TPOS 'S' 255 255 255 250 (-6)
                              [N3:X] TPOS 'S' 0 0 0 0 (0)
2025-10-27 12:39:27:686 [IN ] C8 24 06 0C 25 A5 06 01 31 04 D8 3A 01 01 50 82 0F (17)
                              [N6:H] INTERRUPT ':' 1 1 (257)
2025-10-27 12:39:27:709 [OUT] 25 A5 01 0C 31 05 81 FF BC D0 00 4F 33 (13)
                              [N12:Z] TPOS 255 188 208 0 (-4403200)
2025-10-27 12:39:27:730 [OUT] 25 A5 01 06 31 03 C9 3D 0B 4C 0C (11)
                              [N6:H] LFLAG '=' 11 (11)
2025-10-27 12:39:27:896 [IN ] C8 24 0C 0E 25 A5 0C 01 31 06 81 53 FF FF FF E5 FA B4 0A (19)
                              [N12:Z] TPOS 'S' 255 255 255 229 (-27)
2025-10-27 12:39:28:022 [IN ] C8 24 06 0B 25 A5 06 01 31 03 C9 3A 0B 49 0B E5 (16)
                              [N6:H] LFLAG ':' 11 (11)
2025-10-27 12:39:28:045 [OUT] 25 A5 01 06 31 03 88 FF B0 72 72 (11)
                              [N6:H] RUN 255 176 (-80)
2025-10-27 12:39:28:215 [IN ] C8 24 06 0C 25 A5 06 01 31 04 88 53 FF B0 C6 38 FA (17)
                              [N6:H] RUN 'S' 255 176 (-80)
2025-10-27 12:39:32:831 [IN ] C8 24 06 0B 25 A5 06 01 31 03 81 5A 4C 62 B4 38 (16)
                              [N6:H] TPOS 'Z' 76 (76)
2025-10-27 12:39:33:033 [IN ] C8 24 06 0A 25 A5 06 01 31 02 81 49 04 3E B4 (15)
                              [N6:H] TPOS 'I'
2025-10-27 12:39:33:255 [OUT] 25 A5 01 06 31 03 C9 3D 09 4A 0A (11)
                              [N6:H] LFLAG '=' 9 (9)
2025-10-27 12:39:33:421 [IN ] C8 24 06 0B 25 A5 06 01 31 03 C9 3A 09 47 09 38 (16)
                              [N6:H] LFLAG ':' 9 (9)
2025-10-27 12:39:33:442 [OUT] 25 A5 01 06 31 03 84 00 50 0F 08 (11)
                              [N6:H] VEL 0 80 (80)
2025-10-27 12:39:33:609 [IN ] C8 24 06 0C 25 A5 06 01 31 04 84 53 00 50 63 CA FA (17)
                              [N6:H] VEL 'S' 0 80 (80)
2025-10-27 12:39:33:631 [OUT] 25 A5 01 06 31 05 81 00 19 82 3C 95 BE (13)
                              [N6:H] TPOS 0 25 130 60 (1671740)
2025-10-27 12:39:33:838 [IN ] C8 24 06 0E 25 A5 06 01 31 06 81 53 00 00 00 00 12 9C 0A (19)
                              [N6:H] TPOS 'S' 0 0 0 0 (0)
2025-10-27 12:39:34:440 [IN ] C8 24 03 0E 25 A5 03 01 31 06 81 45 FF EC 48 9B CF 23 0A (19)
                              [N3:X] TPOS 'E' 255 236 72 155 (-1292133)
2025-10-27 12:39:34:844 [IN ] C8 24 09 0E 25 A5 09 01 31 06 81 45 FF E7 59 7A C0 51 0A (19)
                              [N9:P] TPOS 'E' 255 231 89 122 (-1615494)
2025-10-27 12:39:34:866 [OUT] 25 A5 01 03 31 05 81 FF FD 50 01 08 AF (13)
                              [N3:X] TPOS 255 253 80 1 (-176127)
2025-10-27 12:39:34:909 [OUT] 25 A5 01 09 31 05 81 FF FF D9 C8 60 BE (13)
                              [N9:P] TPOS 255 255 217 200 (-9784)
2025-10-27 12:39:35:055 [IN ] C8 24 03 0E 25 A5 03 01 31 06 81 53 FF EC 48 9B DD 69 0A (19)
                              [N3:X] TPOS 'S' 255 236 72 155 (-1292133)
2025-10-27 12:39:35:179 [IN ] C8 24 09 0E 25 A5 09 01 31 06 81 53 FF E7 59 7D D1 9A 0A (19)
                              [N9:P] TPOS 'S' 255 231 89 125 (-1615491)
2025-10-27 12:39:35:381 [IN ] C8 24 04 0E 25 A5 04 01 31 06 81 45 FF FD 4F FA 47 CD 0A (19)
                              [N4:Y] TPOS 'E' 255 253 79 250 (-176134)
2025-10-27 12:39:42:602 [IN ] C8 24 06 0E 25 A5 06 01 31 06 81 45 00 19 86 37 DA E4 0A (19)
                              [N6:H] TPOS 'E' 0 25 134 55 (1672759)
2025-10-27 12:39:43:006 [IN ] C8 24 09 0E 25 A5 09 01 31 06 81 45 FF FF DC A5 86 CA 0A (19)
                              [N9:P] TPOS 'E' 255 255 220 165 (-9051)
2025-10-27 12:39:43:028 [OUT] 25 A5 01 06 31 05 81 00 0D 03 C1 8F 21 (13)
                              [N6:H] TPOS 0 13 3 193 (852929)
2025-10-27 12:39:43:052 [OUT] 25 A5 01 08 31 02 D8 3F 53 E7 (10)
                              [N8:R] INTERRUPT '?'
2025-10-27 12:39:43:354 [IN ] C8 24 06 0E 25 A5 06 01 31 06 81 53 00 19 86 38 E9 2B 0A C8 24 08 0C 25 A5 08 01 31 04 D8 3A 01 01 52 92 E9 (36)
                              [N6:H] TPOS 'S' 0 25 134 56 (1672760)
                              [N8:R] INTERRUPT ':' 1 1 (257)
2025-10-27 12:39:43:374 [OUT] 25 A5 01 08 31 03 CA 3D 0B 4F 1B (11)
                              [N8:R] RFLAG '=' 11 (11)
2025-10-27 12:39:43:540 [IN ] C8 24 08 0B 25 A5 08 01 31 03 CA 3A 0B 4C 1C 92 (16)
                              [N8:R] RFLAG ':' 11 (11)
2025-10-27 12:39:43:561 [OUT] 25 A5 01 08 31 03 88 00 50 15 20 (11)
                              [N8:R] RUN 0 80 (80)
2025-10-27 12:39:43:728 [IN ] C8 24 08 0C 25 A5 08 01 31 04 88 53 00 50 69 EA E9 (17)
                              [N8:R] RUN 'S' 0 80 (80)
2025-10-27 12:39:44:932 [IN ] C8 24 03 0E 25 A5 03 01 31 06 81 45 FF FD 50 47 94 12 0A (19)
                              [N3:X] TPOS 'E' 255 253 80 71 (-176057)
2025-10-27 12:39:47:340 [IN ] C8 24 06 0E 25 A5 06 01 31 06 81 45 00 0D 01 9B AD 1A 0A (19)
                              [N6:H] TPOS 'E' 0 13 1 155 (852379)
2025-10-27 12:39:47:562 [OUT] 25 A5 01 05 31 02 D8 3F 50 D8 (10)
                              [N5:V] INTERRUPT '?'
2025-10-27 12:39:47:863 [IN ] C8 24 05 0C 25 A5 05 01 31 04 D8 3A 01 01 4F 7A AD (17)
                              [N5:V] INTERRUPT ':' 1 1 (257)
2025-10-27 12:39:47:884 [OUT] 25 A5 01 05 31 03 C9 3D 0B 4B 06 (11)
                              [N5:V] LFLAG '=' 11 (11)
2025-10-27 12:39:48:049 [IN ] C8 24 05 0B 25 A5 05 01 31 03 C9 3A 0B 48 04 7A (16)
                              [N5:V] LFLAG ':' 11 (11)
2025-10-27 12:39:48:071 [OUT] 25 A5 01 05 31 03 88 FF B0 71 6C (11)
                              [N5:V] RUN 255 176 (-80)
2025-10-27 12:39:48:236 [IN ] C8 24 05 0C 25 A5 05 01 31 04 88 53 FF B0 C5 30 AD (17)
                              [N5:V] RUN 'S' 255 176 (-80)
2025-10-27 12:39:48:838 [IN ] C8 24 0C 0E 25 A5 0C 01 31 06 81 45 FF BC CC 8F 20 E9 0A (19)
                              [N12:Z] TPOS 'E' 255 188 204 143 (-4404081)
2025-10-27 12:39:49:262 [OUT] 25 A5 01 0C 31 05 81 FF D1 1A 67 15 6D (13)
                              [N12:Z] TPOS 255 209 26 103 (-3073433)
2025-10-27 12:39:49:449 [IN ] C8 24 0C 0E 25 A5 0C 01 31 06 81 53 FF BC CC 93 32 33 0A (19)
                              [N12:Z] TPOS 'S' 255 188 204 147 (-4404077)
2025-10-27 12:39:50:854 [IN ] C8 24 08 0B 25 A5 08 01 31 03 81 5A 52 6A C8 93 (16)
                              [N8:R] TPOS 'Z' 82 (82)
2025-10-27 12:39:51:056 [IN ] C8 24 08 0A 25 A5 08 01 31 02 81 49 06 4A C8 (15)
                              [N8:R] TPOS 'I'
2025-10-27 12:39:51:279 [OUT] 25 A5 01 08 31 03 CA 3D 09 4D 19 (11)
                              [N8:R] RFLAG '=' 9 (9)
2025-10-27 12:39:51:446 [IN ] C8 24 08 0B 25 A5 08 01 31 03 CA 3A 09 4A 1A 93 (16)
                              [N8:R] RFLAG ':' 9 (9)
2025-10-27 12:39:51:468 [OUT] 25 A5 01 08 31 05 81 FF DC 77 1D 2F DE (13)
                              [N8:R] TPOS 255 220 119 29 (-2328803)
2025-10-27 12:39:51:654 [IN ] C8 24 08 0E 25 A5 08 01 31 06 81 53 FF FF FF D1 E2 78 0A (19)
                              [N8:R] TPOS 'S' 255 255 255 209 (-47)
2025-10-27 12:39:52:056 [IN ] C8 24 07 0E 25 A5 07 01 31 06 81 45 FF AB 14 95 58 1A 0A (19)
                              [N7:N] TPOS 'E' 255 171 20 149 (-5565291)
2025-10-27 12:39:52:481 [OUT] 25 A5 01 07 31 05 81 FF F3 35 BF A5 39 (13)
                              [N7:N] TPOS 255 243 53 191 (-838209)
2025-10-27 12:39:52:668 [IN ] C8 24 07 0E 25 A5 07 01 31 06 81 53 FF AB 14 95 66 60 0A (19)
                              [N7:N] TPOS 'S' 255 171 20 149 (-5565291)
2025-10-27 12:39:53:472 [IN ] C8 24 05 0B 25 A5 05 01 31 03 81 5A 4C 61 AD 95 C8 24 05 0A 25 A5 05 01 31 02 81 49 03 38 AD (31)
                              [N5:V] TPOS 'Z' 76 (76)
                              [N5:V] TPOS 'I'
2025-10-27 12:39:53:697 [OUT] 25 A5 01 05 31 03 C9 3D 09 49 04 (11)
                              [N5:V] LFLAG '=' 9 (9)
2025-10-27 12:39:53:865 [IN ] C8 24 05 0B 25 A5 05 01 31 03 C9 3A 09 46 02 95 (16)
                              [N5:V] LFLAG ':' 9 (9)
2025-10-27 12:39:53:886 [OUT] 25 A5 01 05 31 03 84 00 50 0E 02 (11)
                              [N5:V] VEL 0 80 (80)
2025-10-27 12:39:54:052 [IN ] C8 24 05 0C 25 A5 05 01 31 04 84 53 00 50 62 C2 66 (17)
                              [N5:V] VEL 'S' 0 80 (80)
2025-10-27 12:39:54:074 [OUT] 25 A5 01 05 31 05 81 00 19 82 3C 94 B6 (13)
                              [N5:V] TPOS 0 25 130 60 (1671740)
2025-10-27 12:39:54:260 [IN ] C8 24 05 0E 25 A5 05 01 31 06 81 53 00 00 00 00 11 92 0A (19)
                              [N5:V] TPOS 'S' 0 0 0 0 (0)
2025-10-27 12:39:55:866 [IN ] C8 24 0C 0E 25 A5 0C 01 31 06 81 45 FF D1 1E BC B4 F9 0A (19)
                              [N12:Z] TPOS 'E' 255 209 30 188 (-3072324)
2025-10-27 12:40:02:485 [IN ] C8 24 05 0E 25 A5 05 01 31 06 81 45 00 19 86 6B 0D 0E 0A (19)
                              [N5:V] TPOS 'E' 0 25 134 107 (1672811)
2025-10-27 12:40:02:910 [OUT] 25 A5 01 05 31 05 81 00 0D 03 C1 8E 19 (13)
                              [N5:V] TPOS 0 13 3 193 (852929)
2025-10-27 12:40:03:075 [IN ] C8 24 05 0E 25 A5 05 01 31 06 81 53 00 19 86 6B 1B 54 0A (19)
                              [N5:V] TPOS 'S' 0 25 134 107 (1672811)
2025-10-27 12:40:04:079 [IN ] C8 24 08 0E 25 A5 08 01 31 06 81 45 FF DC 75 71 C7 55 0A (19)
                              [N8:R] TPOS 'E' 255 220 117 113 (-2329231)
2025-10-27 12:40:04:503 [OUT] 25 A5 01 08 31 05 81 FF EE 15 56 18 89 (13)
                              [N8:R] TPOS 255 238 21 86 (-1174186)
2025-10-27 12:40:04:676 [IN ] C8 24 08 (3)
2025-10-27 12:40:04:697 [IN ] 0E 25 A5 08 01 31 06 81 53 FF DC 75 75 D9 9F 0A (16)
                              [N8:R] TPOS 'S' 255 220 117 117 (-2329227)
2025-10-27 12:40:08:309 [IN ] C8 24 05 0E 25 A5 05 01 31 06 81 45 00 0D 03 08 1B 81 0A (19)
                              [N5:V] TPOS 'E' 0 13 3 8 (852744)
2025-10-27 12:40:08:532 [OUT] 25 A5 01 03 31 05 81 FF ED B1 30 88 70 (13)
                              [N3:X] TPOS 255 237 177 48 (-1199824)
2025-10-27 12:40:08:555 [OUT] 25 A5 01 04 31 05 81 FF F3 BD 0C 77 7E (13)
                              [N4:Y] TPOS 255 243 189 12 (-803572)
2025-10-27 12:40:08:702 [IN ] C8 24 03 0E 25 A5 03 01 31 06 81 (11)
2025-10-27 12:40:08:724 [IN ] 53 FF FD 50 48 A3 59 0A (8)
                              [N3:X] TPOS 'S' 255 253 80 72 (-176056)
2025-10-27 12:40:08:851 [IN ] C8 24 04 0E 25 A5 04 01 31 06 81 53 FF FD 4F FA 55 13 0A (19)
                              [N4:Y] TPOS 'S' 255 253 79 250 (-176134)
2025-10-27 12:40:11:457 [IN ] C8 24 08 0E 25 A5 08 01 31 06 81 45 FF EE 16 71 7A CD 0A (19)
                              [N8:R] TPOS 'E' 255 238 22 113 (-1173903)
2025-10-27 12:40:12:262 [IN ] C8 24 04 0E 25 A5 04 01 31 06 81 45 FF F3 B9 C0 6D 49 0A (19)
                              [N4:Y] TPOS 'E' 255 243 185 192 (-804416)
2025-10-27 12:40:13:668 [IN ] C8 24 07 0E 25 A5 07 01 31 06 81 45 FF F3 3A B7 E8 60 0A (19)
                              [N7:N] TPOS 'E' 255 243 58 183 (-836937)
2025-10-27 12:40:14:271 [IN ] C8 24 03 0E 25 A5 03 01 31 06 81 45 FF ED AE A7 42 FE 0A (19)
                              [N3:X] TPOS 'E' 255 237 174 167 (-1200473)
