2025-10-27 12:24:09:027 [OUT] 25 A5 01 0A 31 05 D6 3D FF 00 00 53 ED (13)
                              [N10:HMI] HMILED '=' 255 0 0 (16711680)
2025-10-27 12:24:09:049 [OUT] 25 A5 01 03 31 02 D8 3F 4E CE (10)
                              [N3:X] INTERRUPT '?'
2025-10-27 12:24:09:350 [IN ] C8 24 0A 0D 25 A5 0A 01 31 05 D6 3A FF 00 00 50 EA 2A C8 24 03 0C 25 A5 03 01 31 04 D8 3A 01 01 4D 6A EA (35)
                              [N10:HMI] HMILED ':' 255 0 0 (16711680)
                              [N3:X] INTERRUPT ':' 1 1 (257)
2025-10-27 12:24:09:370 [OUT] 25 A5 01 09 31 03 C9 3D 09 4D 1C (11)
                              [N9:P] LFLAG '=' 9 (9)
2025-10-27 12:24:09:393 [OUT] 25 A5 01 04 31 02 D8 3F 4F D3 (10)
                              [N4:Y] INTERRUPT '?'
2025-10-27 12:24:09:695 [IN ] C8 24 09 0B 25 A5 09 01 31 03 C9 3A 09 4A 1E 6A C8 24 04 0C 25 A5 04 01 31 04 D8 3A 01 01 4E 72 EA (33)
                              [N9:P] LFLAG ':' 9 (9)
                              [N4:Y] INTERRUPT ':' 1 1 (257)
2025-10-27 12:24:09:716 [OUT] 25 A5 01 09 31 03 CA 3D 09 4E 1F (11)
                              [N9:P] RFLAG '=' 9 (9)
2025-10-27 12:24:09:738 [OUT] 25 A5 01 0C 31 02 D8 3F 57 FB (10)
                              [N12:Z] INTERRUPT '?'
2025-10-27 12:24:10:040 [IN ] C8 24 09 0B 25 A5 09 01 31 03 CA 3A 09 4B 21 72 C8 24 0C 0C 25 A5 0C 01 31 04 D8 3A 01 01 56 B2 EA (33)
                              [N9:P] RFLAG ':' 9 (9)
                              [N12:Z] INTERRUPT ':' 1 1 (257)
2025-10-27 12:24:10:061 [OUT] 25 A5 01 08 31 03 C9 3D 09 4C 16 (11)
                              [N8:R] LFLAG '=' 9 (9)
2025-10-27 12:24:10:083 [OUT] 25 A5 01 03 31 03 C9 3D 0B 49 FA (11)
                              [N3:X] LFLAG '=' 11 (11)
2025-10-27 12:24:10:105 [OUT] 25 A5 01 04 31 03 C9 3D 0B 4A 00 (11)
                              [N4:Y] LFLAG '=' 11 (11)
2025-10-27 12:24:10:127 [OUT] 25 A5 01 0C 31 03 C9 3D 0B 52 30 (11)
                              [N12:Z] LFLAG '=' 11 (11)
2025-10-27 12:24:10:232 [IN ] C8 24 08 0B 25 A5 08 01 31 03 C9 3A 09 49 17 B2 (16)
                              [N8:R] LFLAG ':' 9 (9)
2025-10-27 12:24:10:255 [OUT] 25 A5 01 08 31 03 CA 3D 09 4D 19 (11)
                              [N8:R] RFLAG '=' 9 (9)
2025-10-27 12:24:10:338 [IN ] C8 24 03 0B 25 A5 03 01 31 03 C9 3A 0B 46 F6 B2 (16)
                              [N3:X] LFLAG ':' 11 (11)
2025-10-27 12:24:10:360 [OUT] 25 A5 01 03 31 03 88 00 50 10 02 (11)
                              [N3:X] RUN 0 80 (80)
2025-10-27 12:24:10:464 [IN ] C8 24 04 0B 25 A5 04 01 31 03 C9 3A 0B 47 FD B2 (16)
                              [N4:Y] LFLAG ':' 11 (11)
2025-10-27 12:24:10:485 [OUT] 25 A5 01 04 31 03 88 00 50 11 08 (11)
                              [N4:Y] RUN 0 80 (80)
2025-10-27 12:24:10:547 [IN ] C8 24 0C 0B 25 A5 0C 01 31 03 C9 3A (12)
2025-10-27 12:24:10:568 [IN ] 0B 4F 35 B2 (4)
                              [N12:Z] LFLAG ':' 11 (11)
2025-10-27 12:24:10:590 [OUT] 25 A5 01 0C 31 03 88 00 50 19 38 (11)
                              [N12:Z] RUN 0 80 (80)
2025-10-27 12:24:10:674 [IN ] C8 24 08 0B 25 A5 08 01 31 03 CA 3A 09 4A 1A B2 (16)
                              [N8:R] RFLAG ':' 9 (9)
2025-10-27 12:24:10:780 [IN ] C8 24 03 0C 25 A5 03 01 31 04 88 53 00 50 64 C2 EA (17)
                              [N3:X] RUN 'S' 0 80 (80)
2025-10-27 12:24:10:882 [IN ] C8 24 04 0C 25 A5 04 01 31 04 88 53 00 50 65 CA EA (17)
                              [N4:Y] RUN 'S' 0 80 (80)
2025-10-27 12:24:11:007 [IN ] C8 24 0C 0C 25 A5 0C 01 31 04 88 53 00 50 6D 0A EA (17)
                              [N12:Z] RUN 'S' 0 80 (80)
2025-10-27 12:24:17:628 [IN ] C8 24 04 0B 25 A5 04 01 31 03 81 5A 4C 60 A6 0A C8 24 04 0A 25 A5 04 01 31 02 81 49 02 32 A6 (31)
                              [N4:Y] TPOS 'Z' 76 (76)
                              [N4:Y] TPOS 'I'
2025-10-27 12:24:17:851 [OUT] 25 A5 01 09 31 02 D8 3F 54 EC (10)
                              [N9:P] INTERRUPT '?'
2025-10-27 12:24:18:152 [IN ] C8 24 09 0C 25 A5 09 01 31 04 D8 3A 01 01 53 9A EA (17)
                              [N9:P] INTERRUPT ':' 1 1 (257)
2025-10-27 12:24:18:173 [OUT] 25 A5 01 04 31 03 C9 3D 09 48 FE (11)
                              [N4:Y] LFLAG '=' 9 (9)
2025-10-27 12:24:18:196 [OUT] 25 A5 01 07 31 02 D8 3F 52 E2 (10)
                              [N7:N] INTERRUPT '?'
2025-10-27 12:24:18:497 [IN ] C8 24 04 0B 25 A5 04 01 31 03 C9 3A 09 45 FB 9A C8 24 07 0C 25 A5 07 01 31 04 D8 3A 01 01 51 8A EA (33)
                              [N4:Y] LFLAG ':' 9 (9)
                              [N7:N] INTERRUPT ':' 1 1 (257)
2025-10-27 12:24:18:519 [OUT] 25 A5 01 09 31 03 C9 3D 0B 4F 1E (11)
                              [N9:P] LFLAG '=' 11 (11)
2025-10-27 12:24:18:540 [OUT] 25 A5 01 07 31 03 C9 3D 0B 4D 12 (11)
                              [N7:N] LFLAG '=' 11 (11)
2025-10-27 12:24:18:687 [IN ] C8 24 09 0B 25 A5 09 01 31 03 C9 3A 0B 4C 20 8A (16)
                              [N9:P] LFLAG ':' 11 (11)
2025-10-27 12:24:18:712 [OUT] 25 A5 01 09 31 03 88 00 50 16 26 (11)
                              [N9:P] RUN 0 80 (80)
2025-10-27 12:24:18:775 [IN ] C8 24 07 0B 25 A5 07 01 31 03 C9 3A 0B 4A 12 8A (16)
                              [N7:N] LFLAG ':' 11 (11)
2025-10-27 12:24:18:798 [OUT] 25 A5 01 07 31 03 88 00 50 14 1A (11)
                              [N7:N] RUN 0 80 (80)
2025-10-27 12:24:18:903 [IN ] C8 24 09 0C 25 A5 09 01 31 04 88 53 00 50 6A F2 EA (17)
                              [N9:P] RUN 'S' 0 80 (80)
2025-10-27 12:24:18:947 [IN ] C8 24 09 0B 25 A5 09 01 31 03 81 5A 4C 65 C9 F2 (16)
                              [N9:P] TPOS 'Z' 76 (76)
2025-10-27 12:24:18:989 [IN ] C8 24 09 0A 25 A5 09 01 31 02 81 49 07 50 C9 (15)
                              [N9:P] TPOS 'I'
2025-10-27 12:24:19:011 [IN ] C8 24 07 0C 25 A5 07 01 31 04 88 53 00 50 68 E2 EA (17)
                              [N7:N] RUN 'S' 0 80 (80)
2025-10-27 12:24:19:032 [OUT] 25 A5 01 09 31 03 C9 3D 09 4D 1C (11)
                              [N9:P] LFLAG '=' 9 (9)
2025-10-27 12:24:19:054 [OUT] 25 A5 01 04 31 05 81 FF EE 88 01 32 FA (13)
                              [N4:Y] TPOS 255 238 136 1 (-1144831)
2025-10-27 12:24:19:199 [IN ] C8 24 09 0B 25 A5 09 01 31 03 C9 3A 09 4A 1E E2 (16)
                              [N9:P] LFLAG ':' 9 (9)
2025-10-27 12:24:19:323 [IN ] C8 24 04 0E 25 A5 04 01 31 06 81 53 00 00 00 00 10 88 0A (19)
                              [N4:Y] TPOS 'S' 0 0 0 0 (0)
2025-10-27 12:24:20:929 [IN ] C8 24 03 0B 25 A5 03 01 31 03 81 5A 4C 5F 9F 00 C8 24 03 0A 25 A5 03 01 31 02 81 49 01 2C 9F (31)
                              [N3:X] TPOS 'Z' 76 (76)
                              [N3:X] TPOS 'I'
2025-10-27 12:24:21:151 [OUT] 25 A5 01 03 31 03 C9 3D 09 47 F8 (11)
                              [N3:X] LFLAG '=' 9 (9)
2025-10-27 12:24:21:317 [IN ] C8 24 03 0B 25 A5 03 01 31 03 C9 3A 09 44 F4 00 (16)
                              [N3:X] LFLAG ':' 9 (9)
2025-10-27 12:24:22:922 [IN ] C8 24 07 0B 25 A5 07 01 31 03 81 5A 4C 63 BB 00 C8 24 07 0A 25 A5 07 01 31 02 81 49 05 44 BB (31)
                              [N7:N] TPOS 'Z' 76 (76)
                              [N7:N] TPOS 'I'
2025-10-27 12:24:23:145 [OUT] 25 A5 01 07 31 03 C9 3D 09 4B 10 (11)
                              [N7:N] LFLAG '=' 9 (9)
2025-10-27 12:24:23:329 [IN ] C8 24 07 0B 25 A5 07 01 31 03 C9 3A 09 48 10 00 (16)
                              [N7:N] LFLAG ':' 9 (9)
2025-10-27 12:24:25:335 [IN ] C8 24 04 0E 25 A5 04 01 31 06 81 45 FF EE 85 C2 36 D4 0A (19)
                              [N4:Y] TPOS 'E' 255 238 133 194 (-1145406)
2025-10-27 12:24:25:538 [IN ] C8 24 0C 0B 25 A5 0C 01 31 03 81 5A 4C 68 DE C2 C8 24 0C 0A 25 A5 0C 01 31 02 81 49 0A 62 DE (31)
                              [N12:Z] TPOS 'Z' 76 (76)
                              [N12:Z] TPOS 'I'
2025-10-27 12:24:25:559 [OUT] 25 A5 01 09 31 05 81 FF E7 5D 56 5A 0C (13)
                              [N9:P] TPOS 255 231 93 86 (-1614506)
2025-10-27 12:24:25:581 [OUT] 25 A5 01 0C 31 03 C9 3D 09 50 2E (11)
                              [N12:Z] LFLAG '=' 9 (9)
2025-10-27 12:24:25:603 [OUT] 25 A5 01 04 31 05 81 FF FD 50 01 09 B7 (13)
                              [N4:Y] TPOS 255 253 80 1 (-176127)
2025-10-27 12:24:25:627 [OUT] 25 A5 01 07 31 05 81 FF AB 19 75 F7 DF (13)
                              [N7:N] TPOS 255 171 25 117 (-5564043)
2025-10-27 12:24:25:649 [OUT] 25 A5 01 03 31 05 81 FF EC 4A AB 9B 1A (13)
                              [N3:X] TPOS 255 236 74 171 (-1291605)
2025-10-27 12:24:25:673 [OUT] 25 A5 01 06 31 02 D8 3F 51 DD (10)
                              [N6:H] INTERRUPT '?'
2025-10-27 12:24:25:974 [IN ] C8 24 09 0E 25 A5 09 01 31 06 81 53 FF FF FF E5 F7 96 0A C8 24 0C 0B 25 A5 0C 01 31 03 C9 3A 09 4D 33 E5 (35)
                              [N9:P] TPOS 'S' 255 255 255 229 (-27)
                              [N12:Z] LFLAG ':' 9 (9)
2025-10-27 12:24:26:275 [IN ] C8 24 04 0E 25 A5 04 01 31 06 81 53 FF EE 85 C2 44 1A 0A C8 24 07 0E 25 A5 07 01 31 06 81 53 FF FF FF FB 0B 98 0A C8 24 03 0E 25 A5 03 01 31 06 81 53 00 00 00 00 0F 7E 0A (57)
                              [N4:Y] TPOS 'S' 255 238 133 194 (-1145406)
                              [N7:N] TPOS 'S' 255 255 255 251 (-5)
                              [N3:X] TPOS 'S' 0 0 0 0 (0)
2025-10-27 12:24:26:576 [IN ] C8 24 06 0C 25 A5 06 01 31 04 D8 3A 01 01 50 82 0F (17)
                              [N6:H] INTERRUPT ':' 1 1 (257)
2025-10-27 12:24:26:597 [OUT] 25 A5 01 0C 31 05 81 FF BC D0 00 4F 33 (13)
                              [N12:Z] TPOS 255 188 208 0 (-4403200)
2025-10-27 12:24:26:618 [OUT] 25 A5 01 06 31 03 C9 3D 0B 4C 0C (11)
                              [N6:H] LFLAG '=' 11 (11)
2025-10-27 12:24:26:785 [IN ] C8 24 0C 0E 25 A5 0C 01 31 06 81 53 FF FF FF E2 F7 B1 0A (19)
                              [N12:Z] TPOS 'S' 255 255 255 226 (-30)
2025-10-27 12:24:26:892 [IN ] C8 24 06 0B 25 A5 06 01 31 03 C9 3A 0B 49 0B E2 (16)
                              [N6:H] LFLAG ':' 11 (11)
2025-10-27 12:24:26:914 [OUT] 25 A5 01 06 31 03 88 FF B0 72 72 (11)
                              [N6:H] RUN 255 176 (-80)
2025-10-27 12:24:27:080 [IN ] C8 24 06 0C 25 A5 06 01 31 04 88 53 FF B0 C6 38 F7 (17)
                              [N6:H] RUN 'S' 255 176 (-80)
2025-10-27 12:24:31:694 [IN ] C8 24 06 0B 25 A5 06 01 31 03 81 5A 4C 62 B4 38 (16)
                              [N6:H] TPOS 'Z' 76 (76)
2025-10-27 12:24:31:897 [IN ] C8 24 06 0A 25 A5 06 01 31 02 81 49 04 3E B4 (15)
                              [N6:H] TPOS 'I'
2025-10-27 12:24:32:120 [OUT] 25 A5 01 06 31 03 C9 3D 09 4A 0A (11)
                              [N6:H] LFLAG '=' 9 (9)
2025-10-27 12:24:32:306 [IN ] C8 24 06 0B 25 A5 06 01 31 03 C9 3A 09 47 09 38 (16)
                              [N6:H] LFLAG ':' 9 (9)
2025-10-27 12:24:32:328 [OUT] 25 A5 01 06 31 03 84 00 50 0F 08 (11)
                              [N6:H] VEL 0 80 (80)
2025-10-27 12:24:32:492 [IN ] C8 24 06 0C 25 A5 06 01 31 04 84 53 00 50 63 CA F7 (17)
                              [N6:H] VEL 'S' 0 80 (80)
2025-10-27 12:24:32:514 [OUT] 25 A5 01 06 31 05 81 00 19 82 3C 95 BE (13)
                              [N6:H] TPOS 0 25 130 60 (1671740)
2025-10-27 12:24:32:700 [IN ] C8 24 06 0E 25 A5 06 01 31 06 81 53 00 00 00 00 12 9C 0A (19)
                              [N6:H] TPOS 'S' 0 0 0 0 (0)
2025-10-27 12:24:33:301 [IN ] C8 24 03 0E 25 A5 03 01 31 06 81 45 FF EC 48 97 CB 1F 0A (19)
                              [N3:X] TPOS 'E' 255 236 72 151 (-1292137)
2025-10-27 12:24:33:706 [IN ] C8 24 09 0E 25 A5 09 01 31 06 81 45 FF E7 59 74 BA 4B 0A (19)
                              [N9:P] TPOS 'E' 255 231 89 116 (-1615500)
2025-10-27 12:24:33:727 [OUT] 25 A5 01 03 31 05 81 FF FD 50 01 08 AF (13)
                              [N3:X] TPOS 255 253 80 1 (-176127)
2025-10-27 12:24:33:771 [OUT] 25 A5 01 09 31 05 81 FF FF D9 C8 60 BE (13)
                              [N9:P] TPOS 255 255 217 200 (-9784)
2025-10-27 12:24:33:917 [IN ] C8 24 03 0E 25 A5 03 01 31 06 81 53 FF EC 48 97 D9 65 0A (19)
                              [N3:X] TPOS 'S' 255 236 72 151 (-1292137)
2025-10-27 12:24:34:020 [IN ] C8 24 09 0E 25 A5 09 01 31 06 81 53 FF E7 59 77 CB 94 0A (19)
                              [N9:P] TPOS 'S' 255 231 89 119 (-1615497)
2025-10-27 12:24:34:624 [IN ] C8 24 04 0E 25 A5 04 01 31 06 81 45 FF FD 4F CA 17 9D 0A (19)
                              [N4:Y] TPOS 'E' 255 253 79 202 (-176182)
2025-10-27 12:24:41:443 [IN ] C8 24 06 0E 25 A5 06 01 31 06 81 45 00 19 86 26 C9 D3 0A (19)
                              [N6:H] TPOS 'E' 0 25 134 38 (1672742)
2025-10-27 12:24:41:846 [IN ] C8 24 09 0E 25 A5 09 01 31 06 81 45 FF FF DC 94 75 B9 0A (19)
                              [N9:P] TPOS 'E' 255 255 220 148 (-9068)
2025-10-27 12:24:41:867 [OUT] 25 A5 01 06 31 05 81 00 0D 03 C1 8F 21 (13)
                              [N6:H] TPOS 0 13 3 193 (852929)
2025-10-27 12:24:41:888 [OUT] 25 A5 01 08 31 02 D8 3F 53 E7 (10)
                              [N8:R] INTERRUPT '?'
2025-10-27 12:24:42:190 [IN ] C8 24 06 0E 25 A5 06 01 31 06 81 53 00 19 86 26 D7 19 0A C8 24 08 0C 25 A5 08 01 31 04 D8 3A 01 01 52 92 D7 (36)
                              [N6:H] TPOS 'S' 0 25 134 38 (1672742)
                              [N8:R] INTERRUPT ':' 1 1 (257)
2025-10-27 12:24:42:210 [OUT] 25 A5 01 08 31 03 CA 3D 0B 4F 1B (11)
                              [N8:R] RFLAG '=' 11 (11)
2025-10-27 12:24:42:377 [IN ] C8 24 08 0B 25 A5 08 01 31 03 CA 3A 0B 4C 1C 92 (16)
                              [N8:R] RFLAG ':' 11 (11)
2025-10-27 12:24:42:399 [OUT] 25 A5 01 08 31 03 88 00 50 15 20 (11)
                              [N8:R] RUN 0 80 (80)
2025-10-27 12:24:42:565 [IN ] C8 24 08 0C 25 A5 08 01 31 04 88 53 00 50 69 EA D7 (17)
                              [N8:R] RUN 'S' 0 80 (80)
2025-10-27 12:24:43:968 [IN ] C8 24 03 0E 25 A5 03 01 31 06 81 45 FF FD 50 29 76 F4 0A (19)
                              [N3:X] TPOS 'E' 255 253 80 41 (-176087)
2025-10-27 12:24:46:175 [IN ] C8 24 06 0E 25 A5 06 01 31 06 81 45 00 0D 01 96 A8 15 0A (19)
                              [N6:H] TPOS 'E' 0 13 1 150 (852374)
2025-10-27 12:24:46:400 [OUT] 25 A5 01 05 31 02 D8 3F 50 D8 (10)
                              [N5:V] INTERRUPT '?'
2025-10-27 12:24:46:701 [IN ] C8 24 05 0C 25 A5 05 01 31 04 D8 3A 01 01 4F 7A A8 (17)
                              [N5:V] INTERRUPT ':' 1 1 (257)
2025-10-27 12:24:46:722 [OUT] 25 A5 01 05 31 03 C9 3D 0B 4B 06 (11)
                              [N5:V] LFLAG '=' 11 (11)
2025-10-27 12:24:46:888 [IN ] C8 24 05 0B 25 A5 05 01 31 03 C9 3A 0B 48 04 7A (16)
                              [N5:V] LFLAG ':' 11 (11)
2025-10-27 12:24:46:909 [OUT] 25 A5 01 05 31 03 88 FF B0 71 6C (11)
                              [N5:V] RUN 255 176 (-80)
2025-10-27 12:24:47:074 [IN ] C8 24 05 0C 25 A5 05 01 31 04 88 53 FF B0 C5 30 A8 (17)
                              [N5:V] RUN 'S' 255 176 (-80)
2025-10-27 12:24:47:676 [IN ] C8 24 0C 0E 25 A5 0C 01 31 (9)
2025-10-27 12:24:47:878 [IN ] 06 81 45 FF BC CC 86 17 E0 0A (10)
                              [N12:Z] TPOS 'E' 255 188 204 134 (-4404090)
2025-10-27 12:24:48:303 [OUT] 25 A5 01 0C 31 05 81 FF D1 1A 67 15 6D (13)
                              [N12:Z] TPOS 255 209 26 103 (-3073433)
2025-10-27 12:24:48:490 [IN ] C8 24 0C 0E 25 A5 0C 01 31 06 81 53 FF BC CC 8A 29 2A 0A (19)
                              [N12:Z] TPOS 'S' 255 188 204 138 (-4404086)
2025-10-27 12:24:49:896 [IN ] C8 24 08 0B 25 A5 08 01 31 03 81 5A 52 6A C8 8A C8 24 08 0A 25 A5 08 01 31 02 81 49 06 4A C8 (31)
                              [N8:R] TPOS 'Z' 82 (82)
                              [N8:R] TPOS 'I'
2025-10-27 12:24:50:120 [OUT] 25 A5 01 08 31 03 CA 3D 09 4D 19 (11)
                              [N8:R] RFLAG '=' 9 (9)
2025-10-27 12:24:50:285 [IN ] C8 24 08 0B 25 A5 08 01 31 03 CA 3A 09 4A 1A 8A (16)
                              [N8:R] RFLAG ':' 9 (9)
2025-10-27 12:24:50:306 [OUT] 25 A5 01 08 31 05 81 FF DC 77 1D 2F DE (13)
                              [N8:R] TPOS 255 220 119 29 (-2328803)
2025-10-27 12:24:50:494 [IN ] C8 24 08 0E 25 A5 08 01 31 06 81 53 FF FF FF EE FF 95 0A (19)
                              [N8:R] TPOS 'S' 255 255 255 238 (-18)
2025-10-27 12:24:50:896 [IN ] C8 24 07 0E 25 A5 07 01 31 06 81 45 FF AB 14 8D 50 12 0A (19)
                              [N7:N] TPOS 'E' 255 171 20 141 (-5565299)
2025-10-27 12:24:51:323 [OUT] 25 A5 01 07 31 05 81 FF F3 35 BF A5 39 (13)
                              [N7:N] TPOS 255 243 53 191 (-838209)
2025-10-27 12:24:51:529 [IN ] C8 24 07 0E 25 A5 07 01 31 06 81 53 FF AB 14 8D 5E 58 0A (19)
                              [N7:N] TPOS 'S' 255 171 20 141 (-5565299)
2025-10-27 12:24:52:332 [IN ] C8 24 05 0B 25 A5 05 01 31 03 81 5A 4C 61 AD 8D C8 24 05 0A 25 A5 05 01 31 02 81 49 03 38 AD (31)
                              [N5:V] TPOS 'Z' 76 (76)
                              [N5:V] TPOS 'I'
2025-10-27 12:24:52:555 [OUT] 25 A5 01 05 31 03 C9 3D 09 49 04 (11)
                              [N5:V] LFLAG '=' 9 (9)
2025-10-27 12:24:52:724 [IN ] C8 24 05 0B 25 A5 05 01 31 03 C9 3A 09 46 02 8D (16)
                              [N5:V] LFLAG ':' 9 (9)
2025-10-27 12:24:52:747 [OUT] 25 A5 01 05 31 03 84 00 50 0E 02 (11)
                              [N5:V] VEL 0 80 (80)
2025-10-27 12:24:52:913 [IN ] C8 24 05 0C 25 A5 05 01 31 04 84 53 00 50 62 C2 5E (17)
                              [N5:V] VEL 'S' 0 80 (80)
2025-10-27 12:24:52:934 [OUT] 25 A5 01 05 31 05 81 00 19 82 3C 94 B6 (13)
                              [N5:V] TPOS 0 25 130 60 (1671740)
2025-10-27 12:24:53:120 [IN ] C8 24 05 0E 25 A5 05 01 31 06 81 53 00 00 00 00 11 92 0A (19)
                              [N5:V] TPOS 'S' 0 0 0 0 (0)
2025-10-27 12:24:54:728 [IN ] C8 24 0C 0E 25 A5 0C 01 31 06 81 45 FF D1 1E 91 89 CE 0A (19)
                              [N12:Z] TPOS 'E' 255 209 30 145 (-3072367)
2025-10-27 12:25:01:342 [IN ] C8 24 05 0E 25 A5 05 01 31 06 81 45 00 19 86 63 05 06 0A (19)
                              [N5:V] TPOS 'E' 0 25 134 99 (1672803)
2025-10-27 12:25:01:769 [OUT] 25 A5 01 05 31 05 81 00 0D 03 C1 8E 19 (13)
                              [N5:V] TPOS 0 13 3 193 (852929)
2025-10-27 12:25:01:955 [IN ] C8 24 05 0E 25 A5 05 01 31 06 81 53 00 19 86 62 12 4B 0A (19)
                              [N5:V] TPOS 'S' 0 25 134 98 (1672802)
2025-10-27 12:25:02:959 [IN ] C8 24 08 0E 25 A5 08 01 31 06 81 45 FF DC 75 7C D2 60 0A (19)
                              [N8:R] TPOS 'E' 255 220 117 124 (-2329220)
2025-10-27 12:25:03:382 [OUT] 25 A5 01 08 31 05 81 FF EE 15 56 18 89 (13)
                              [N8:R] TPOS 255 238 21 86 (-1174186)
2025-10-27 12:25:03:568 [IN ] C8 24 08 0E 25 A5 08 01 31 06 81 53 FF DC 75 80 E4 AA 0A (19)
                              [N8:R] TPOS 'S' 255 220 117 128 (-2329216)
2025-10-27 12:25:07:177 [IN ] C8 24 05 0E 25 A5 05 01 31 06 81 45 00 0D 02 F7 09 6E 0A (19)
                              [N5:V] TPOS 'E' 0 13 2 247 (852727)
2025-10-27 12:25:07:402 [OUT] 25 A5 01 03 31 05 81 FF ED B1 30 88 70 (13)
                              [N3:X] TPOS 255 237 177 48 (-1199824)
2025-10-27 12:25:07:425 [OUT] 25 A5 01 04 31 05 81 FF F3 BD 0C 77 7E (13)
                              [N4:Y] TPOS 255 243 189 12 (-803572)
2025-10-27 12:25:07:590 [IN ] C8 24 03 0E 25 A5 03 01 31 06 81 53 FF FD 50 29 84 3A 0A (19)
                              [N3:X] TPOS 'S' 255 253 80 41 (-176087)
2025-10-27 12:25:07:714 [IN ] C8 24 04 0E 25 A5 04 01 31 06 81 53 FF FD 4F CB 26 E4 0A (19)
                              [N4:Y] TPOS 'S' 255 253 79 203 (-176181)
2025-10-27 12:25:10:322 [IN ] C8 24 08 0E 25 A5 08 01 31 06 81 45 FF EE 16 A5 AE 01 0A (19)
                              [N8:R] TPOS 'E' 255 238 22 165 (-1173851)
2025-10-27 12:25:11:126 [IN ] C8 24 04 0E 25 A5 04 01 31 06 81 45 FF F3 B9 E5 92 6E 0A (19)
                              [N4:Y] TPOS 'E' 255 243 185 229 (-804379)
2025-10-27 12:25:12:530 [IN ] C8 24 07 0E 25 A5 07 01 31 06 81 45 FF F3 3A A7 D8 50 0A (19)
                              [N7:N] TPOS 'E' 255 243 58 167 (-836953)
2025-10-27 12:25:13:133 [IN ] C8 24 03 0E 25 A5 03 01 31 06 81 45 FF ED AE BD 58 14 0A (19)
                              [N3:X] TPOS 'E' 255 237 174 189 (-1200451)
