2025-10-27 11:58:59:334 [OUT] 25 A5 01 0A 31 05 D6 3D FF 00 00 53 ED (13)
                              [N10:HMI] HMILED '=' 255 0 0 (16711680)
2025-10-27 11:58:59:357 [OUT] 25 A5 01 03 31 02 D8 3F 4E CE (10)
                              [N3:X] INTERRUPT '?'
2025-10-27 11:58:59:658 [IN ] C8 24 0A 0D 25 A5 0A 01 31 05 D6 3A FF 00 00 50 EA 47 C8 24 03 0C 25 A5 03 01 31 04 D8 3A 01 01 4D 6A EA (35)
                              [N10:HMI] HMILED ':' 255 0 0 (16711680)
                              [N3:X] INTERRUPT ':' 1 1 (257)
2025-10-27 11:58:59:679 [OUT] 25 A5 01 09 31 03 C9 3D 09 4D 1C (11)
                              [N9:P] LFLAG '=' 9 (9)
2025-10-27 11:58:59:703 [OUT] 25 A5 01 04 31 02 D8 3F 4F D3 (10)
                              [N4:Y] INTERRUPT '?'
2025-10-27 11:59:00:004 [IN ] C8 24 09 0B 25 A5 09 01 31 03 C9 3A 09 4A 1E 6A C8 24 04 0C 25 A5 04 01 31 04 D8 3A 01 01 4E 72 EA (33)
                              [N9:P] LFLAG ':' 9 (9)
                              [N4:Y] INTERRUPT ':' 1 1 (257)
2025-10-27 11:59:00:025 [OUT] 25 A5 01 09 31 03 CA 3D 09 4E 1F (11)
                              [N9:P] RFLAG '=' 9 (9)
2025-10-27 11:59:00:047 [OUT] 25 A5 01 0C 31 02 D8 3F 57 FB (10)
                              [N12:Z] INTERRUPT '?'
2025-10-27 11:59:00:351 [IN ] C8 24 09 0B 25 A5 09 01 31 03 CA 3A 09 4B 21 72 C8 24 0C 0C 25 A5 0C 01 31 04 D8 3A 01 01 56 B2 EA (33)
                              [N9:P] RFLAG ':' 9 (9)
                              [N12:Z] INTERRUPT ':' 1 1 (257)
2025-10-27 11:59:00:373 [OUT] 25 A5 01 08 31 03 C9 3D 09 4C 16 (11)
                              [N8:R] LFLAG '=' 9 (9)
2025-10-27 11:59:00:394 [OUT] 25 A5 01 03 31 03 C9 3D 0B 49 FA (11)
                              [N3:X] LFLAG '=' 11 (11)
2025-10-27 11:59:00:415 [OUT] 25 A5 01 04 31 03 C9 3D 0B 4A 00 (11)
                              [N4:Y] LFLAG '=' 11 (11)
2025-10-27 11:59:00:438 [OUT] 25 A5 01 0C 31 03 C9 3D 0B 52 30 (11)
                              [N12:Z] LFLAG '=' 11 (11)
2025-10-27 11:59:00:563 [IN ] C8 24 08 0B 25 A5 08 01 31 03 C9 3A 09 49 17 B2 (16)
                              [N8:R] LFLAG ':' 9 (9)
2025-10-27 11:59:00:585 [OUT] 25 A5 01 08 31 03 CA 3D 09 4D 19 (11)
                              [N8:R] RFLAG '=' 9 (9)
2025-10-27 11:59:00:648 [IN ] C8 24 03 0B 25 A5 03 01 31 03 C9 3A 0B 46 F6 B2 (16)
                              [N3:X] LFLAG ':' 11 (11)
2025-10-27 11:59:00:670 [OUT] 25 A5 01 03 31 03 88 00 50 10 02 (11)
                              [N3:X] RUN 0 80 (80)
2025-10-27 11:59:00:755 [IN ] C8 24 04 0B 25 A5 04 01 31 03 C9 3A 0B 47 FD B2 (16)
                              [N4:Y] LFLAG ':' 11 (11)
2025-10-27 11:59:00:776 [OUT] 25 A5 01 04 31 03 88 00 50 11 08 (11)
                              [N4:Y] RUN 0 80 (80)
2025-10-27 11:59:00:881 [IN ] C8 24 0C 0B 25 A5 0C 01 31 03 C9 3A 0B 4F 35 B2 (16)
                              [N12:Z] LFLAG ':' 11 (11)
2025-10-27 11:59:00:903 [OUT] 25 A5 01 0C 31 03 88 00 50 19 38 (11)
                              [N12:Z] RUN 0 80 (80)
2025-10-27 11:59:00:966 [IN ] C8 24 08 0B 25 A5 08 01 31 03 CA 3A 09 4A 1A B2 (16)
                              [N8:R] RFLAG ':' 9 (9)
2025-10-27 11:59:01:091 [IN ] C8 24 03 0C 25 A5 03 01 31 04 88 53 00 50 64 C2 EA (17)
                              [N3:X] RUN 'S' 0 80 (80)
2025-10-27 11:59:01:217 [IN ] C8 24 04 0C 25 A5 04 01 31 04 88 53 00 50 65 CA EA (17)
                              [N4:Y] RUN 'S' 0 80 (80)
2025-10-27 11:59:01:319 [IN ] C8 24 0C 0C 25 A5 0C 01 31 04 88 53 00 50 6D 0A EA (17)
                              [N12:Z] RUN 'S' 0 80 (80)
2025-10-27 11:59:08:142 [IN ] C8 24 04 0B 25 A5 04 01 31 03 81 5A 4C 60 A6 0A C8 24 04 0A 25 A5 04 01 31 02 81 49 02 32 A6 (31)
                              [N4:Y] TPOS 'Z' 76 (76)
                              [N4:Y] TPOS 'I'
2025-10-27 11:59:08:364 [OUT] 25 A5 01 09 31 02 D8 3F 54 EC (10)
                              [N9:P] INTERRUPT '?'
2025-10-27 11:59:08:666 [IN ] C8 24 09 0C 25 A5 09 01 31 04 D8 3A 01 01 53 9A EA (17)
                              [N9:P] INTERRUPT ':' 1 1 (257)
2025-10-27 11:59:08:686 [OUT] 25 A5 01 04 31 03 C9 3D 09 48 FE (11)
                              [N4:Y] LFLAG '=' 9 (9)
2025-10-27 11:59:08:709 [OUT] 25 A5 01 07 31 02 D8 3F 52 E2 (10)
                              [N7:N] INTERRUPT '?'
2025-10-27 11:59:09:010 [IN ] C8 24 04 0B 25 A5 04 01 31 03 C9 3A 09 45 FB 9A C8 24 07 0C 25 A5 07 01 31 04 D8 3A 01 01 51 8A EA (33)
                              [N4:Y] LFLAG ':' 9 (9)
                              [N7:N] INTERRUPT ':' 1 1 (257)
2025-10-27 11:59:09:032 [OUT] 25 A5 01 09 31 03 C9 3D 0B 4F 1E (11)
                              [N9:P] LFLAG '=' 11 (11)
2025-10-27 11:59:09:054 [OUT] 25 A5 01 07 31 03 C9 3D 0B 4D 12 (11)
                              [N7:N] LFLAG '=' 11 (11)
2025-10-27 11:59:09:179 [IN ] C8 24 09 0B 25 A5 09 01 31 03 (10)
2025-10-27 11:59:09:201 [IN ] C9 3A 0B 4C 20 8A (6)
                              [N9:P] LFLAG ':' 11 (11)
2025-10-27 11:59:09:224 [OUT] 25 A5 01 09 31 03 88 00 50 16 26 (11)
                              [N9:P] RUN 0 80 (80)
2025-10-27 11:59:09:308 [IN ] C8 24 07 0B 25 A5 07 01 31 03 C9 3A 0B 4A 12 8A (16)
                              [N7:N] LFLAG ':' 11 (11)
2025-10-27 11:59:09:330 [OUT] 25 A5 01 07 31 03 88 00 50 14 1A (11)
                              [N7:N] RUN 0 80 (80)
2025-10-27 11:59:09:414 [IN ] C8 24 09 0C 25 A5 09 01 31 04 88 53 00 50 6A F2 EA (17)
                              [N9:P] RUN 'S' 0 80 (80)
2025-10-27 11:59:09:457 [IN ] C8 24 09 0B (4)
2025-10-27 11:59:09:479 [IN ] 25 A5 09 01 31 03 81 5A 4C 65 C9 F2 (12)
                              [N9:P] TPOS 'Z' 76 (76)
2025-10-27 11:59:09:521 [IN ] C8 24 09 0A 25 A5 09 01 31 02 81 49 07 50 C9 (15)
                              [N9:P] TPOS 'I'
2025-10-27 11:59:09:543 [IN ] C8 24 07 0C 25 A5 07 01 31 04 88 53 00 50 68 E2 EA (17)
                              [N7:N] RUN 'S' 0 80 (80)
2025-10-27 11:59:09:565 [OUT] 25 A5 01 09 31 03 C9 3D 09 4D 1C (11)
                              [N9:P] LFLAG '=' 9 (9)
2025-10-27 11:59:09:586 [OUT] 25 A5 01 04 31 05 81 FF EE 88 01 32 FA (13)
                              [N4:Y] TPOS 255 238 136 1 (-1144831)
2025-10-27 11:59:09:712 [IN ] C8 24 09 0B 25 A5 09 01 31 (9)
2025-10-27 11:59:09:733 [IN ] 03 C9 3A 09 4A 1E E2 (7)
                              [N9:P] LFLAG ':' 9 (9)
2025-10-27 11:59:09:858 [IN ] C8 24 04 0E 25 A5 04 01 31 06 81 53 00 00 00 00 10 88 0A (19)
                              [N4:Y] TPOS 'S' 0 0 0 0 (0)
2025-10-27 11:59:11:865 [IN ] C8 24 03 0B 25 A5 03 01 31 03 81 5A 4C 5F 9F 00 C8 24 03 0A 25 A5 03 01 31 02 81 49 01 2C 9F (31)
                              [N3:X] TPOS 'Z' 76 (76)
                              [N3:X] TPOS 'I'
2025-10-27 11:59:12:089 [OUT] 25 A5 01 03 31 03 C9 3D 09 47 F8 (11)
                              [N3:X] LFLAG '=' 9 (9)
2025-10-27 11:59:12:276 [IN ] C8 24 03 0B 25 A5 03 01 31 03 C9 3A 09 44 F4 00 (16)
                              [N3:X] LFLAG ':' 9 (9)
2025-10-27 11:59:13:481 [IN ] C8 24 07 0B 25 A5 07 01 31 03 81 5A 4C 63 BB 00 C8 24 07 0A 25 A5 07 01 31 02 81 49 05 44 BB (31)
                              [N7:N] TPOS 'Z' 76 (76)
                              [N7:N] TPOS 'I'
2025-10-27 11:59:13:703 [OUT] 25 A5 01 07 31 03 C9 3D 09 4B 10 (11)
                              [N7:N] LFLAG '=' 9 (9)
2025-10-27 11:59:13:868 [IN ] C8 24 07 0B 25 A5 07 01 31 03 C9 3A 09 48 10 00 (16)
                              [N7:N] LFLAG ':' 9 (9)
2025-10-27 11:59:15:678 [IN ] C8 24 0C 0B 25 A5 0C 01 31 03 81 5A 4C 68 DE 00 C8 24 0C 0A 25 A5 0C 01 31 02 81 49 0A 62 DE (31)
                              [N12:Z] TPOS 'Z' 76 (76)
                              [N12:Z] TPOS 'I'
2025-10-27 11:59:15:900 [OUT] 25 A5 01 0C 31 03 C9 3D 09 50 2E (11)
                              [N12:Z] LFLAG '=' 9 (9)
2025-10-27 11:59:15:962 [IN ] C8 24 04 0E 25 A5 04 01 31 06 81 45 FF EE 85 F7 6B 09 0A (19)
                              [N4:Y] TPOS 'E' 255 238 133 247 (-1145353)
2025-10-27 11:59:16:033 [OUT] 25 A5 01 04 31 05 81 FF FD 50 01 09 B7 (13)
                              [N4:Y] TPOS 255 253 80 1 (-176127)
2025-10-27 11:59:16:058 [OUT] 25 A5 01 09 31 05 81 FF E7 5D 56 5A 0C (13)
                              [N9:P] TPOS 255 231 93 86 (-1614506)
2025-10-27 11:59:16:080 [OUT] 25 A5 01 07 31 05 81 FF AB 19 75 F7 DF (13)
                              [N7:N] TPOS 255 171 25 117 (-5564043)
2025-10-27 11:59:16:082 [IN ] C8 24 0C 0B 25 A5 0C 01 31 03 C9 3A 09 4D 33 F7 (16)
                              [N12:Z] LFLAG ':' 9 (9)
2025-10-27 11:59:16:103 [OUT] 25 A5 01 0C 31 05 81 FF BC D0 00 4F 33 (13)
                              [N12:Z] TPOS 255 188 208 0 (-4403200)
2025-10-27 11:59:16:125 [OUT] 25 A5 01 06 31 02 D8 3F 51 DD (10)
                              [N6:H] INTERRUPT '?'
2025-10-27 11:59:16:425 [IN ] C8 24 04 0E 25 A5 04 01 31 06 81 53 FF EE 85 F7 79 4F 0A C8 24 09 0E 25 A5 09 01 31 06 81 53 FF FF FF EC FE 9D 0A (38)
                              [N4:Y] TPOS 'S' 255 238 133 247 (-1145353)
                              [N9:P] TPOS 'S' 255 255 255 236 (-20)
2025-10-27 11:59:16:727 [IN ] C8 24 07 0E 25 A5 07 01 31 06 81 53 FF FF FF FA 0A 97 0A C8 24 0C 0E 25 A5 0C 01 31 06 81 53 FF FF FF EC 01 BB 0A C8 24 06 0C 25 A5 06 01 31 04 D8 3A 01 01 50 82 01 (55)
                              [N7:N] TPOS 'S' 255 255 255 250 (-6)
                              [N12:Z] TPOS 'S' 255 255 255 236 (-20)
                              [N6:H] INTERRUPT ':' 1 1 (257)
2025-10-27 11:59:16:748 [OUT] 25 A5 01 03 31 05 81 FF EC 4A AB 9B 1A (13)
                              [N3:X] TPOS 255 236 74 171 (-1291605)
2025-10-27 11:59:16:770 [OUT] 25 A5 01 06 31 03 C9 3D 0B 4C 0C (11)
                              [N6:H] LFLAG '=' 11 (11)
2025-10-27 11:59:16:955 [IN ] C8 24 03 0E 25 A5 03 01 31 06 81 53 FF FF FF FF 0B 74 0A (19)
                              [N3:X] TPOS 'S' 255 255 255 255 (-1)
2025-10-27 11:59:17:038 [IN ] C8 24 06 0B 25 A5 06 01 31 03 C9 3A 0B 49 0B FF (16)
                              [N6:H] LFLAG ':' 11 (11)
2025-10-27 11:59:17:061 [OUT] 25 A5 01 06 31 03 88 FF B0 72 72 (11)
                              [N6:H] RUN 255 176 (-80)
2025-10-27 11:59:17:227 [IN ] C8 24 06 0C 25 A5 06 01 31 04 88 53 FF B0 C6 38 0B (17)
                              [N6:H] RUN 'S' 255 176 (-80)
2025-10-27 11:59:22:041 [IN ] C8 24 06 0B 25 A5 06 01 31 03 81 5A 4C 62 B4 38 C8 24 06 0A 25 A5 06 01 31 02 81 49 04 3E B4 (31)
                              [N6:H] TPOS 'Z' 76 (76)
                              [N6:H] TPOS 'I'
2025-10-27 11:59:22:266 [OUT] 25 A5 01 06 31 03 C9 3D 09 4A 0A (11)
                              [N6:H] LFLAG '=' 9 (9)
2025-10-27 11:59:22:452 [IN ] C8 24 06 0B 25 A5 06 01 31 03 C9 3A 09 47 09 38 (16)
                              [N6:H] LFLAG ':' 9 (9)
2025-10-27 11:59:22:473 [OUT] 25 A5 01 06 31 03 84 00 50 0F 08 (11)
                              [N6:H] VEL 0 80 (80)
2025-10-27 11:59:22:639 [IN ] C8 24 06 0C 25 A5 06 01 31 04 84 53 00 50 63 CA 0B (17)
                              [N6:H] VEL 'S' 0 80 (80)
2025-10-27 11:59:22:660 [OUT] 25 A5 01 06 31 05 81 00 19 82 3C 95 BE (13)
                              [N6:H] TPOS 0 25 130 60 (1671740)
2025-10-27 11:59:22:847 [IN ] C8 24 06 0E 25 A5 06 01 31 06 81 53 00 00 00 00 12 9C 0A (19)
                              [N6:H] TPOS 'S' 0 0 0 0 (0)
2025-10-27 11:59:24:250 [IN ] C8 24 03 0E 25 A5 03 01 31 06 81 45 FF EC 48 FB 2F 83 0A (19)
                              [N3:X] TPOS 'E' 255 236 72 251 (-1292037)
2025-10-27 11:59:24:452 [IN ] C8 24 09 0E 25 A5 09 01 31 06 81 45 FF E7 59 91 D7 68 0A (19)
                              [N9:P] TPOS 'E' 255 231 89 145 (-1615471)
2025-10-27 11:59:24:675 [OUT] 25 A5 01 03 31 05 81 FF FD 50 01 08 AF (13)
                              [N3:X] TPOS 255 253 80 1 (-176127)
2025-10-27 11:59:24:697 [OUT] 25 A5 01 09 31 05 81 FF FF D9 C8 60 BE (13)
                              [N9:P] TPOS 255 255 217 200 (-9784)
2025-10-27 11:59:24:738 [IN ] C8 24 04 0E 25 A5 04 01 31 06 81 45 FF FD 4F D7 24 AA 0A (19)
                              [N4:Y] TPOS 'E' 255 253 79 215 (-176169)
2025-10-27 11:59:24:865 [IN ] C8 24 03 0E 25 A5 03 01 31 06 81 53 FF EC 48 FB 3D C9 0A (19)
                              [N3:X] TPOS 'S' 255 236 72 251 (-1292037)
2025-10-27 11:59:24:989 [IN ] C8 24 09 0E 25 A5 09 01 31 06 81 (11)
2025-10-27 11:59:25:012 [IN ] 53 FF E7 59 95 E9 B2 0A (8)
                              [N9:P] TPOS 'S' 255 231 89 149 (-1615467)
2025-10-27 11:59:31:830 [IN ] C8 24 06 0E 25 A5 06 01 31 06 81 45 00 19 86 03 A6 B0 0A (19)
                              [N6:H] TPOS 'E' 0 25 134 3 (1672707)
2025-10-27 11:59:32:254 [OUT] 25 A5 01 06 31 05 81 00 0D 03 C1 8F 21 (13)
                              [N6:H] TPOS 0 13 3 193 (852929)
2025-10-27 11:59:32:439 [IN ] C8 24 06 0E 25 A5 06 01 31 06 81 53 00 19 86 03 B4 F6 0A (19)
                              [N6:H] TPOS 'S' 0 25 134 3 (1672707)
2025-10-27 11:59:32:841 [IN ] C8 24 09 0E 25 A5 09 01 31 06 81 45 FF FF DC 0D EE 32 0A (19)
                              [N9:P] TPOS 'E' 255 255 220 13 (-9203)
2025-10-27 11:59:33:063 [OUT] 25 A5 01 08 31 02 D8 3F 53 E7 (10)
                              [N8:R] INTERRUPT '?'
2025-10-27 11:59:33:365 [IN ] C8 24 08 0C 25 A5 08 01 31 04 D8 3A 01 01 52 92 EE (17)
                              [N8:R] INTERRUPT ':' 1 1 (257)
2025-10-27 11:59:33:386 [OUT] 25 A5 01 08 31 03 CA 3D 0B 4F 1B (11)
                              [N8:R] RFLAG '=' 11 (11)
2025-10-27 11:59:33:571 [IN ] C8 24 08 0B 25 A5 08 01 31 03 CA 3A 0B 4C 1C 92 (16)
                              [N8:R] RFLAG ':' 11 (11)
2025-10-27 11:59:33:592 [OUT] 25 A5 01 08 31 03 88 00 50 15 20 (11)
                              [N8:R] RUN 0 80 (80)
2025-10-27 11:59:33:758 [IN ] C8 24 08 0C 25 A5 08 01 31 04 88 53 00 50 69 EA EE (17)
                              [N8:R] RUN 'S' 0 80 (80)
2025-10-27 11:59:35:362 [IN ] C8 24 03 0E 25 A5 03 01 31 06 81 45 FF FD 50 1C 69 E7 0A (19)
                              [N3:X] TPOS 'E' 255 253 80 28 (-176100)
2025-10-27 11:59:36:768 [IN ] C8 24 06 0E 25 A5 06 01 31 06 81 45 00 0D 01 B7 C9 36 0A (19)
                              [N6:H] TPOS 'E' 0 13 1 183 (852407)
2025-10-27 11:59:36:991 [OUT] 25 A5 01 05 31 02 D8 3F 50 D8 (10)
                              [N5:V] INTERRUPT '?'
2025-10-27 11:59:37:293 [IN ] C8 24 05 0C 25 A5 05 01 31 04 D8 3A 01 01 4F 7A C9 (17)
                              [N5:V] INTERRUPT ':' 1 1 (257)
2025-10-27 11:59:37:314 [OUT] 25 A5 01 05 31 03 C9 3D 0B 4B 06 (11)
                              [N5:V] LFLAG '=' 11 (11)
2025-10-27 11:59:37:479 [IN ] C8 24 05 0B 25 A5 05 01 31 03 C9 3A 0B 48 04 7A (16)
                              [N5:V] LFLAG ':' 11 (11)
2025-10-27 11:59:37:499 [OUT] 25 A5 01 05 31 03 88 FF B0 71 6C (11)
                              [N5:V] RUN 255 176 (-80)
2025-10-27 11:59:37:624 [IN ] C8 24 0C 0E 25 A5 0C 01 31 06 81 45 FF BC CC 82 13 DC 0A (19)
                              [N12:Z] TPOS 'E' 255 188 204 130 (-4404094)
2025-10-27 11:59:37:667 [IN ] C8 24 05 0C 25 A5 05 01 31 04 88 53 FF B0 C5 30 13 (17)
                              [N5:V] RUN 'S' 255 176 (-80)
2025-10-27 11:59:37:689 [OUT] 25 A5 01 0C 31 05 81 FF D1 1A 67 15 6D (13)
                              [N12:Z] TPOS 255 209 26 103 (-3073433)
2025-10-27 11:59:37:896 [IN ] C8 24 0C 0E 25 A5 0C 01 31 06 81 53 FF BC CC 87 26 27 0A (19)
                              [N12:Z] TPOS 'S' 255 188 204 135 (-4404089)
2025-10-27 11:59:41:306 [IN ] C8 24 08 0B 25 A5 08 01 31 03 81 5A 52 6A C8 87 C8 24 08 0A 25 A5 08 01 31 02 81 49 06 4A C8 C8 24 07 0E 25 A5 07 01 31 06 81 45 FF AB 14 96 59 1B 0A (50)
                              [N8:R] TPOS 'Z' 82 (82)
                              [N8:R] TPOS 'I'
                              [N7:N] TPOS 'E' 255 171 20 150 (-5565290)
2025-10-27 11:59:41:530 [OUT] 25 A5 01 08 31 03 CA 3D 09 4D 19 (11)
                              [N8:R] RFLAG '=' 9 (9)
2025-10-27 11:59:41:551 [OUT] 25 A5 01 07 31 05 81 FF F3 35 BF A5 39 (13)
                              [N7:N] TPOS 255 243 53 191 (-838209)
2025-10-27 11:59:41:698 [IN ] C8 24 08 0B 25 A5 08 01 31 03 CA 3A 09 4A 1A 96 (16)
                              [N8:R] RFLAG ':' 9 (9)
2025-10-27 11:59:41:720 [OUT] 25 A5 01 08 31 05 81 FF DC 77 1D 2F DE (13)
                              [N8:R] TPOS 255 220 119 29 (-2328803)
2025-10-27 11:59:41:824 [IN ] C8 24 07 0E 25 A5 07 01 31 06 81 53 FF AB 14 96 67 61 0A (19)
                              [N7:N] TPOS 'S' 255 171 20 150 (-5565290)
2025-10-27 11:59:41:947 [IN ] C8 24 08 0E 25 A5 08 01 31 06 81 53 FF FF FF D4 E5 7B 0A (19)
                              [N8:R] TPOS 'S' 255 255 255 212 (-44)
2025-10-27 11:59:42:951 [IN ] C8 24 05 0B 25 A5 05 01 31 03 81 5A 4C 61 AD D4 C8 24 05 0A 25 A5 05 01 31 02 81 49 03 38 AD (31)
                              [N5:V] TPOS 'Z' 76 (76)
                              [N5:V] TPOS 'I'
2025-10-27 11:59:43:175 [OUT] 25 A5 01 05 31 03 C9 3D 09 49 04 (11)
                              [N5:V] LFLAG '=' 9 (9)
2025-10-27 11:59:43:340 [IN ] C8 24 05 0B 25 A5 05 01 31 03 C9 3A 09 46 02 D4 (16)
                              [N5:V] LFLAG ':' 9 (9)
2025-10-27 11:59:43:362 [OUT] 25 A5 01 05 31 03 84 00 50 0E 02 (11)
                              [N5:V] VEL 0 80 (80)
2025-10-27 11:59:43:528 [IN ] C8 24 05 0C 25 A5 05 01 31 04 84 53 00 50 62 C2 E5 (17)
                              [N5:V] VEL 'S' 0 80 (80)
2025-10-27 11:59:43:550 [OUT] 25 A5 01 05 31 05 81 00 19 82 3C 94 B6 (13)
                              [N5:V] TPOS 0 25 130 60 (1671740)
2025-10-27 11:59:43:715 [IN ] C8 24 05 0E 25 A5 05 01 31 06 81 53 00 00 00 00 11 92 0A (19)
                              [N5:V] TPOS 'S' 0 0 0 0 (0)
2025-10-27 11:59:44:117 [IN ] C8 24 0C 0E 25 A5 0C 01 31 06 81 45 FF D1 1E 91 89 CE 0A (19)
                              [N12:Z] TPOS 'E' 255 209 30 145 (-3072367)
2025-10-27 11:59:51:939 [IN ] C8 24 05 0E 25 A5 05 01 31 06 81 45 00 19 86 2C CE CF 0A (19)
                              [N5:V] TPOS 'E' 0 25 134 44 (1672748)
2025-10-27 11:59:52:363 [OUT] 25 A5 01 05 31 05 81 00 0D 03 C1 8E 19 (13)
                              [N5:V] TPOS 0 13 3 193 (852929)
2025-10-27 11:59:52:549 [IN ] C8 24 05 0E 25 A5 05 01 31 06 81 53 00 19 86 2C DC 15 0A (19)
                              [N5:V] TPOS 'S' 0 25 134 44 (1672748)
2025-10-27 11:59:54:556 [IN ] C8 24 08 0E 25 A5 08 01 31 06 81 45 FF DC 75 C0 16 A4 0A (19)
                              [N8:R] TPOS 'E' 255 220 117 192 (-2329152)
2025-10-27 11:59:54:981 [OUT] 25 A5 01 08 31 05 81 FF EE 15 56 18 89 (13)
                              [N8:R] TPOS 255 238 21 86 (-1174186)
2025-10-27 11:59:55:166 [IN ] C8 24 08 0E 25 A5 08 01 31 06 81 53 FF DC 75 C5 29 EF 0A (19)
                              [N8:R] TPOS 'S' 255 220 117 197 (-2329147)
2025-10-27 11:59:57:773 [IN ] C8 24 05 0E 25 A5 05 01 31 06 81 45 00 0D 02 FF 11 76 0A (19)
                              [N5:V] TPOS 'E' 0 13 2 255 (852735)
2025-10-27 11:59:57:995 [OUT] 25 A5 01 03 31 05 81 FF ED B1 30 88 70 (13)
                              [N3:X] TPOS 255 237 177 48 (-1199824)
2025-10-27 11:59:58:018 [OUT] 25 A5 01 04 31 05 81 FF F3 BD 0C 77 7E (13)
                              [N4:Y] TPOS 255 243 189 12 (-803572)
2025-10-27 11:59:58:184 [IN ] C8 24 03 0E 25 A5 03 01 31 06 81 53 FF FD 50 1C 77 2D 0A (19)
                              [N3:X] TPOS 'S' 255 253 80 28 (-176100)
2025-10-27 11:59:58:308 [IN ] C8 24 04 0E 25 A5 04 01 31 06 81 53 FF FD 4F D7 32 F0 0A (19)
                              [N4:Y] TPOS 'S' 255 253 79 215 (-176169)
2025-10-27 12:00:01:716 [IN ] C8 24 04 0E 25 A5 04 01 31 06 81 45 FF F3 BA 7D 2B 08 0A (19)
                              [N4:Y] TPOS 'E' 255 243 186 125 (-804227)
2025-10-27 12:00:02:118 [IN ] C8 24 08 0E 25 A5 08 01 31 06 81 45 FF EE 16 99 A2 F5 0A (19)
                              [N8:R] TPOS 'E' 255 238 22 153 (-1173863)
2025-10-27 12:00:02:921 [IN ] C8 24 07 0E 25 A5 07 01 31 06 81 45 FF F3 3A 9B CC 44 0A (19)
                              [N7:N] TPOS 'E' 255 243 58 155 (-836965)
2025-10-27 12:00:03:925 [IN ] C8 24 03 0E 25 A5 03 01 31 06 81 45 FF ED AE DD 78 34 0A (19)
                              [N3:X] TPOS 'E' 255 237 174 221 (-1200419)
