2025-10-27 13:30:01:527 [OUT] 25 A5 01 0A 31 05 D6 3D FF 00 00 53 ED (13)
                              [N10:HMI] HMILED '=' 255 0 0 (16711680)
2025-10-27 13:30:01:549 [OUT] 25 A5 01 03 31 02 D8 3F 4E CE (10)
                              [N3:X] INTERRUPT '?'
2025-10-27 13:30:01:850 [IN ] C8 24 0A 0D 25 A5 0A 01 31 05 D6 3A FF 00 00 50 EA 56 C8 24 03 0C 25 A5 03 01 31 04 D8 3A 01 01 4D 6A EA (35)
                              [N10:HMI] HMILED ':' 255 0 0 (16711680)
                              [N3:X] INTERRUPT ':' 1 1 (257)
2025-10-27 13:30:01:871 [OUT] 25 A5 01 09 31 03 C9 3D 09 4D 1C (11)
                              [N9:P] LFLAG '=' 9 (9)
2025-10-27 13:30:01:894 [OUT] 25 A5 01 04 31 02 D8 3F 4F D3 (10)
                              [N4:Y] INTERRUPT '?'
2025-10-27 13:30:02:195 [IN ] C8 24 09 0B 25 A5 09 01 31 03 C9 3A 09 4A 1E 6A C8 24 04 0C 25 A5 04 01 31 04 D8 3A 01 01 4E 72 EA (33)
                              [N9:P] LFLAG ':' 9 (9)
                              [N4:Y] INTERRUPT ':' 1 1 (257)
2025-10-27 13:30:02:217 [OUT] 25 A5 01 09 31 03 CA 3D 09 4E 1F (11)
                              [N9:P] RFLAG '=' 9 (9)
2025-10-27 13:30:02:241 [OUT] 25 A5 01 0C 31 02 D8 3F 57 FB (10)
                              [N12:Z] INTERRUPT '?'
2025-10-27 13:30:02:543 [IN ] C8 24 09 0B 25 A5 09 01 31 03 CA 3A 09 4B 21 72 C8 24 0C 0C 25 A5 0C 01 31 04 D8 3A 01 01 56 B2 EA (33)
                              [N9:P] RFLAG ':' 9 (9)
                              [N12:Z] INTERRUPT ':' 1 1 (257)
2025-10-27 13:30:02:564 [OUT] 25 A5 01 08 31 03 C9 3D 09 4C 16 (11)
                              [N8:R] LFLAG '=' 9 (9)
2025-10-27 13:30:02:585 [OUT] 25 A5 01 03 31 03 C9 3D 0B 49 FA (11)
                              [N3:X] LFLAG '=' 11 (11)
2025-10-27 13:30:02:607 [OUT] 25 A5 01 04 31 03 C9 3D 0B 4A 00 (11)
                              [N4:Y] LFLAG '=' 11 (11)
2025-10-27 13:30:02:629 [OUT] 25 A5 01 0C 31 03 C9 3D 0B 52 30 (11)
                              [N12:Z] LFLAG '=' 11 (11)
2025-10-27 13:30:02:734 [IN ] C8 24 08 0B 25 A5 08 01 31 03 C9 3A 09 49 17 B2 (16)
                              [N8:R] LFLAG ':' 9 (9)
2025-10-27 13:30:02:756 [OUT] 25 A5 01 08 31 03 CA 3D 09 4D 19 (11)
                              [N8:R] RFLAG '=' 9 (9)
2025-10-27 13:30:02:860 [IN ] C8 24 03 0B 25 A5 03 01 31 03 C9 3A 0B 46 F6 B2 (16)
                              [N3:X] LFLAG ':' 11 (11)
2025-10-27 13:30:02:881 [OUT] 25 A5 01 03 31 03 88 00 50 10 02 (11)
                              [N3:X] RUN 0 80 (80)
2025-10-27 13:30:02:946 [IN ] C8 24 04 0B 25 A5 04 01 31 03 C9 3A 0B 47 FD B2 (16)
                              [N4:Y] LFLAG ':' 11 (11)
2025-10-27 13:30:02:968 [OUT] 25 A5 01 04 31 03 88 00 50 11 08 (11)
                              [N4:Y] RUN 0 80 (80)
2025-10-27 13:30:03:072 [IN ] C8 24 0C 0B 25 A5 0C 01 31 03 C9 3A 0B 4F 35 B2 (16)
                              [N12:Z] LFLAG ':' 11 (11)
2025-10-27 13:30:03:095 [OUT] 25 A5 01 0C 31 03 88 00 50 19 38 (11)
                              [N12:Z] RUN 0 80 (80)
2025-10-27 13:30:03:178 [IN ] C8 24 08 0B 25 A5 08 01 31 03 CA 3A 09 4A 1A B2 (16)
                              [N8:R] RFLAG ':' 9 (9)
2025-10-27 13:30:03:282 [IN ] C8 24 03 0C 25 A5 03 01 31 04 88 53 00 50 64 C2 EA (17)
                              [N3:X] RUN 'S' 0 80 (80)
2025-10-27 13:30:03:406 [IN ] C8 24 04 0C 25 A5 04 01 31 04 88 53 00 50 65 CA EA (17)
                              [N4:Y] RUN 'S' 0 80 (80)
2025-10-27 13:30:03:509 [IN ] C8 24 0C 0C 25 A5 0C 01 31 04 88 53 00 50 6D 0A EA (17)
                              [N12:Z] RUN 'S' 0 80 (80)
2025-10-27 13:30:09:926 [IN ] C8 24 04 0B 25 A5 04 01 31 03 81 5A 4C 60 A6 0A C8 24 04 0A 25 A5 04 01 31 02 81 49 02 32 A6 (31)
                              [N4:Y] TPOS 'Z' 76 (76)
                              [N4:Y] TPOS 'I'
2025-10-27 13:30:10:149 [OUT] 25 A5 01 09 31 02 D8 3F 54 EC (10)
                              [N9:P] INTERRUPT '?'
2025-10-27 13:30:10:450 [IN ] C8 24 09 0C 25 A5 09 01 31 04 D8 3A 01 01 53 9A EA (17)
                              [N9:P] INTERRUPT ':' 1 1 (257)
2025-10-27 13:30:10:471 [OUT] 25 A5 01 04 31 03 C9 3D 09 48 FE (11)
                              [N4:Y] LFLAG '=' 9 (9)
2025-10-27 13:30:10:493 [OUT] 25 A5 01 07 31 02 D8 3F 52 E2 (10)
                              [N7:N] INTERRUPT '?'
2025-10-27 13:30:10:795 [IN ] C8 24 04 0B 25 A5 04 01 31 03 C9 3A 09 45 FB 9A C8 24 07 0C 25 A5 07 01 31 04 D8 3A 01 01 51 8A EA (33)
                              [N4:Y] LFLAG ':' 9 (9)
                              [N7:N] INTERRUPT ':' 1 1 (257)
2025-10-27 13:30:10:816 [OUT] 25 A5 01 09 31 03 C9 3D 0B 4F 1E (11)
                              [N9:P] LFLAG '=' 11 (11)
2025-10-27 13:30:10:838 [OUT] 25 A5 01 07 31 03 C9 3D 0B 4D 12 (11)
                              [N7:N] LFLAG '=' 11 (11)
2025-10-27 13:30:10:983 [IN ] C8 24 09 0B 25 A5 09 01 31 03 C9 3A 0B 4C 20 8A (16)
                              [N9:P] LFLAG ':' 11 (11)
2025-10-27 13:30:11:006 [OUT] 25 A5 01 09 31 03 88 00 50 16 26 (11)
                              [N9:P] RUN 0 80 (80)
2025-10-27 13:30:11:092 [IN ] C8 24 07 0B 25 A5 07 01 31 03 C9 3A 0B 4A 12 8A (16)
                              [N7:N] LFLAG ':' 11 (11)
2025-10-27 13:30:11:114 [OUT] 25 A5 01 07 31 03 88 00 50 14 1A (11)
                              [N7:N] RUN 0 80 (80)
2025-10-27 13:30:11:197 [IN ] C8 24 09 0C 25 A5 09 01 31 04 88 53 00 50 6A F2 EA (17)
                              [N9:P] RUN 'S' 0 80 (80)
2025-10-27 13:30:11:240 [IN ] C8 24 09 0B 25 A5 09 01 31 03 81 5A (12)
2025-10-27 13:30:11:264 [IN ] 4C 65 C9 F2 (4)
                              [N9:P] TPOS 'Z' 76 (76)
2025-10-27 13:30:11:306 [IN ] C8 24 09 0A 25 A5 09 01 31 02 81 49 07 50 C9 (15)
                              [N9:P] TPOS 'I'
2025-10-27 13:30:11:328 [IN ] C8 24 07 0C 25 A5 07 01 31 04 88 53 00 50 68 E2 EA (17)
                              [N7:N] RUN 'S' 0 80 (80)
2025-10-27 13:30:11:350 [OUT] 25 A5 01 09 31 03 C9 3D 09 4D 1C (11)
                              [N9:P] LFLAG '=' 9 (9)
2025-10-27 13:30:11:371 [OUT] 25 A5 01 04 31 05 81 FF EE 88 01 32 FA (13)
                              [N4:Y] TPOS 255 238 136 1 (-1144831)
2025-10-27 13:30:11:495 [IN ] C8 24 09 0B 25 A5 09 01 31 03 C9 3A 09 4A 1E E2 (16)
                              [N9:P] LFLAG ':' 9 (9)
2025-10-27 13:30:11:639 [IN ] C8 24 04 0E 25 A5 04 01 31 06 81 53 00 00 00 00 10 88 0A (19)
                              [N4:Y] TPOS 'S' 0 0 0 0 (0)
2025-10-27 13:30:12:844 [IN ] C8 24 03 0B 25 A5 03 01 31 03 81 5A 4C 5F 9F 00 (16)
                              [N3:X] TPOS 'Z' 76 (76)
2025-10-27 13:30:13:046 [IN ] C8 24 03 0A 25 A5 03 01 31 02 81 49 01 2C 9F (15)
                              [N3:X] TPOS 'I'
2025-10-27 13:30:13:269 [OUT] 25 A5 01 03 31 03 C9 3D 09 47 F8 (11)
                              [N3:X] LFLAG '=' 9 (9)
2025-10-27 13:30:13:434 [IN ] C8 24 03 0B 25 A5 03 01 31 03 C9 3A 09 44 F4 00 (16)
                              [N3:X] LFLAG ':' 9 (9)
2025-10-27 13:30:15:239 [IN ] C8 24 07 0B 25 A5 07 01 31 03 81 5A 4C 63 BB 00 C8 24 07 0A 25 A5 07 01 31 02 81 49 05 44 BB (31)
                              [N7:N] TPOS 'Z' 76 (76)
                              [N7:N] TPOS 'I'
2025-10-27 13:30:15:462 [OUT] 25 A5 01 07 31 03 C9 3D 09 4B 10 (11)
                              [N7:N] LFLAG '=' 9 (9)
2025-10-27 13:30:15:628 [IN ] C8 24 07 0B 25 A5 07 01 31 03 C9 3A 09 48 10 00 (16)
                              [N7:N] LFLAG ':' 9 (9)
2025-10-27 13:30:17:434 [IN ] C8 24 04 0E 25 A5 04 01 31 06 81 45 FF EE 85 88 FC 9A 0A (19)
                              [N4:Y] TPOS 'E' 255 238 133 136 (-1145464)
2025-10-27 13:30:17:659 [OUT] 25 A5 01 09 31 05 81 FF E7 5D 56 5A 0C (13)
                              [N9:P] TPOS 255 231 93 86 (-1614506)
2025-10-27 13:30:17:682 [OUT] 25 A5 01 04 31 05 81 FF FD 50 01 09 B7 (13)
                              [N4:Y] TPOS 255 253 80 1 (-176127)
2025-10-27 13:30:17:703 [OUT] 25 A5 01 07 31 05 81 FF AB 19 75 F7 DF (13)
                              [N7:N] TPOS 255 171 25 117 (-5564043)
2025-10-27 13:30:17:705 [IN ] C8 24 0C 0B 25 A5 0C 01 31 03 81 5A 4C 68 DE 88 (16)
                              [N12:Z] TPOS 'Z' 76 (76)
2025-10-27 13:30:17:726 [OUT] 25 A5 01 03 31 05 81 FF EC 4A AB 9B 1A (13)
                              [N3:X] TPOS 255 236 74 171 (-1291605)
2025-10-27 13:30:17:750 [OUT] 25 A5 01 06 31 02 D8 3F 51 DD (10)
                              [N6:H] INTERRUPT '?'
2025-10-27 13:30:17:751 [IN ] C8 24 0C 0A 25 A5 0C 01 31 02 81 49 0A 62 DE (15)
                              [N12:Z] TPOS 'I'
2025-10-27 13:30:18:051 [IN ] C8 24 09 0E 25 A5 09 01 31 06 81 53 FF FF FF F6 08 A7 0A C8 24 04 0E 25 A5 04 01 31 06 81 53 FF EE 85 88 0A E0 0A (38)
                              [N9:P] TPOS 'S' 255 255 255 246 (-10)
                              [N4:Y] TPOS 'S' 255 238 133 136 (-1145464)
2025-10-27 13:30:18:353 [IN ] C8 24 07 0E 25 A5 07 01 31 06 81 53 FF FF FF F9 09 96 0A C8 24 03 0E 25 A5 03 01 31 06 81 53 00 00 00 00 0F 7E 0A C8 24 06 0C 25 A5 06 01 31 04 D8 3A 01 01 50 82 0F (55)
                              [N7:N] TPOS 'S' 255 255 255 249 (-7)
                              [N3:X] TPOS 'S' 0 0 0 0 (0)
                              [N6:H] INTERRUPT ':' 1 1 (257)
2025-10-27 13:30:18:375 [OUT] 25 A5 01 06 31 03 C9 3D 0B 4C 0C (11)
                              [N6:H] LFLAG '=' 11 (11)
2025-10-27 13:30:18:397 [OUT] 25 A5 01 0C 31 03 C9 3D 09 50 2E (11)
                              [N12:Z] LFLAG '=' 9 (9)
2025-10-27 13:30:18:542 [IN ] C8 24 06 0B 25 A5 06 01 31 03 C9 3A 0B 49 0B 82 (16)
                              [N6:H] LFLAG ':' 11 (11)
2025-10-27 13:30:18:566 [OUT] 25 A5 01 06 31 03 88 FF B0 72 72 (11)
                              [N6:H] RUN 255 176 (-80)
2025-10-27 13:30:18:651 [IN ] C8 24 0C 0B 25 A5 0C 01 31 03 C9 3A 09 4D 33 82 (16)
                              [N12:Z] LFLAG ':' 9 (9)
2025-10-27 13:30:18:673 [OUT] 25 A5 01 0C 31 05 81 FF BC D0 00 4F 33 (13)
                              [N12:Z] TPOS 255 188 208 0 (-4403200)
2025-10-27 13:30:18:755 [IN ] C8 24 06 0C 25 (5)
2025-10-27 13:30:18:781 [IN ] A5 06 01 31 04 88 53 FF B0 C6 38 0F (12)
                              [N6:H] RUN 'S' 255 176 (-80)
2025-10-27 13:30:18:883 [IN ] C8 24 0C 0E 25 A5 0C 01 31 06 81 53 FF FF FF E0 F5 AF 0A (19)
                              [N12:Z] TPOS 'S' 255 255 255 224 (-32)
2025-10-27 13:30:23:295 [IN ] C8 24 06 0B 25 A5 06 01 31 03 81 5A 4C 62 B4 E0 (16)
                              [N6:H] TPOS 'Z' 76 (76)
2025-10-27 13:30:23:496 [IN ] C8 24 06 0A 25 A5 06 01 31 02 81 49 04 3E B4 (15)
                              [N6:H] TPOS 'I'
2025-10-27 13:30:23:718 [OUT] 25 A5 01 06 31 03 C9 3D 09 4A 0A (11)
                              [N6:H] LFLAG '=' 9 (9)
2025-10-27 13:30:23:904 [IN ] C8 24 06 0B 25 A5 06 01 31 03 C9 3A 09 47 09 E0 (16)
                              [N6:H] LFLAG ':' 9 (9)
2025-10-27 13:30:23:925 [OUT] 25 A5 01 06 31 03 84 00 50 0F 08 (11)
                              [N6:H] VEL 0 80 (80)
2025-10-27 13:30:24:111 [IN ] C8 24 06 0C 25 A5 06 01 31 04 84 53 00 50 63 CA F5 (17)
                              [N6:H] VEL 'S' 0 80 (80)
2025-10-27 13:30:24:132 [OUT] 25 A5 01 06 31 05 81 00 19 82 3C 95 BE (13)
                              [N6:H] TPOS 0 25 130 60 (1671740)
2025-10-27 13:30:24:319 [IN ] C8 24 06 0E 25 A5 06 01 31 06 81 53 00 00 00 00 12 9C 0A (19)
                              [N6:H] TPOS 'S' 0 0 0 0 (0)
2025-10-27 13:30:25:121 [IN ] C8 24 03 0E 25 A5 03 01 31 06 81 45 FF EC 48 B2 E6 3A 0A (19)
                              [N3:X] TPOS 'E' 255 236 72 178 (-1292110)
2025-10-27 13:30:25:545 [OUT] 25 A5 01 03 31 05 81 FF FD 50 01 08 AF (13)
                              [N3:X] TPOS 255 253 80 1 (-176127)
2025-10-27 13:30:25:710 [IN ] C8 24 09 0E 25 A5 09 01 31 06 81 45 FF E7 59 18 5E EF 0A C8 24 03 0E 25 A5 03 01 31 06 81 53 FF (32)
                              [N9:P] TPOS 'E' 255 231 89 24 (-1615592)
2025-10-27 13:30:25:732 [IN ] EC 48 B2 F4 80 0A (6)
                              [N3:X] TPOS 'S' 255 236 72 178 (-1292110)
2025-10-27 13:30:25:955 [OUT] 25 A5 01 09 31 05 81 FF FF D9 C8 60 BE (13)
                              [N9:P] TPOS 255 255 217 200 (-9784)
2025-10-27 13:30:25:997 [IN ] C8 24 04 0E 25 A5 04 01 31 06 81 45 FF FD 4F E0 2D B3 0A (19)
                              [N4:Y] TPOS 'E' 255 253 79 224 (-176160)
2025-10-27 13:30:26:142 [IN ] C8 24 09 0E 25 A5 09 01 31 06 81 53 FF E7 59 1A 6E 37 0A (19)
                              [N9:P] TPOS 'S' 255 231 89 26 (-1615590)
2025-10-27 13:30:32:961 [IN ] C8 24 06 0E 25 A5 06 01 31 06 81 45 00 19 86 35 D8 E2 0A (19)
                              [N6:H] TPOS 'E' 0 25 134 53 (1672757)
2025-10-27 13:30:33:384 [OUT] 25 A5 01 06 31 05 81 00 0D 03 C1 8F 21 (13)
                              [N6:H] TPOS 0 13 3 193 (852929)
2025-10-27 13:30:33:570 [IN ] C8 24 06 0E 25 A5 06 01 31 06 81 53 00 19 86 35 E6 28 0A (19)
                              [N6:H] TPOS 'S' 0 25 134 53 (1672757)
2025-10-27 13:30:33:971 [IN ] C8 24 09 0E 25 A5 09 01 31 06 81 45 FF FF DC 0C ED 31 0A (19)
                              [N9:P] TPOS 'E' 255 255 220 12 (-9204)
2025-10-27 13:30:34:194 [OUT] 25 A5 01 08 31 02 D8 3F 53 E7 (10)
                              [N8:R] INTERRUPT '?'
2025-10-27 13:30:34:496 [IN ] C8 24 08 0C 25 A5 08 01 31 04 D8 3A 01 01 52 92 ED (17)
                              [N8:R] INTERRUPT ':' 1 1 (257)
2025-10-27 13:30:34:517 [OUT] 25 A5 01 08 31 03 CA 3D 0B 4F 1B (11)
                              [N8:R] RFLAG '=' 11 (11)
2025-10-27 13:30:34:683 [IN ] C8 24 08 0B 25 A5 08 01 31 03 CA 3A 0B 4C 1C 92 (16)
                              [N8:R] RFLAG ':' 11 (11)
2025-10-27 13:30:34:705 [OUT] 25 A5 01 08 31 03 88 00 50 15 20 (11)
                              [N8:R] RUN 0 80 (80)
2025-10-27 13:30:34:872 [IN ] C8 24 08 0C 25 A5 08 01 31 04 88 53 00 50 69 EA ED (17)
                              [N8:R] RUN 'S' 0 80 (80)
2025-10-27 13:30:35:073 [IN ] C8 24 03 0E 25 A5 03 01 31 06 81 45 FF FD 50 6D BA 38 0A (19)
                              [N3:X] TPOS 'E' 255 253 80 109 (-176019)
2025-10-27 13:30:37:680 [IN ] C8 24 06 0E 25 A5 06 01 31 06 81 45 00 0D 01 77 89 F6 0A (19)
                              [N6:H] TPOS 'E' 0 13 1 119 (852343)
2025-10-27 13:30:37:905 [OUT] 25 A5 01 05 31 02 D8 3F 50 D8 (10)
                              [N5:V] INTERRUPT '?'
2025-10-27 13:30:38:206 [IN ] C8 24 05 0C 25 A5 05 01 31 04 D8 3A 01 01 4F 7A 89 (17)
                              [N5:V] INTERRUPT ':' 1 1 (257)
2025-10-27 13:30:38:228 [OUT] 25 A5 01 05 31 03 C9 3D 0B 4B 06 (11)
                              [N5:V] LFLAG '=' 11 (11)
2025-10-27 13:30:38:393 [IN ] C8 24 05 0B 25 A5 05 01 31 03 C9 3A 0B 48 04 7A (16)
                              [N5:V] LFLAG ':' 11 (11)
2025-10-27 13:30:38:415 [OUT] 25 A5 01 05 31 03 88 FF B0 71 6C (11)
                              [N5:V] RUN 255 176 (-80)
2025-10-27 13:30:38:600 [IN ] C8 24 05 0C 25 A5 05 01 31 04 88 53 FF B0 C5 30 89 (17)
                              [N5:V] RUN 'S' 255 176 (-80)
2025-10-27 13:30:39:803 [IN ] C8 24 0C 0E 25 A5 0C 01 31 06 81 45 FF BC CC 96 27 F0 0A (19)
                              [N12:Z] TPOS 'E' 255 188 204 150 (-4404074)
2025-10-27 13:30:40:227 [OUT] 25 A5 01 0C 31 05 81 FF D1 1A 67 15 6D (13)
                              [N12:Z] TPOS 255 209 26 103 (-3073433)
2025-10-27 13:30:40:412 [IN ] C8 24 0C 0E 25 A5 0C 01 31 06 81 53 FF BC CC 9A 39 3A 0A (19)
                              [N12:Z] TPOS 'S' 255 188 204 154 (-4404070)
2025-10-27 13:30:42:019 [IN ] C8 24 08 0B 25 A5 08 01 31 03 81 5A 52 6A C8 9A C8 24 08 0A 25 A5 08 01 31 02 81 49 06 4A C8 (31)
                              [N8:R] TPOS 'Z' 82 (82)
                              [N8:R] TPOS 'I'
2025-10-27 13:30:42:242 [OUT] 25 A5 01 08 31 03 CA 3D 09 4D 19 (11)
                              [N8:R] RFLAG '=' 9 (9)
2025-10-27 13:30:42:407 [IN ] C8 24 08 0B 25 A5 08 01 31 03 CA 3A 09 4A 1A 9A (16)
                              [N8:R] RFLAG ':' 9 (9)
2025-10-27 13:30:42:429 [OUT] 25 A5 01 08 31 05 81 FF DC 77 1D 2F DE (13)
                              [N8:R] TPOS 255 220 119 29 (-2328803)
2025-10-27 13:30:42:614 [IN ] C8 24 08 0E 25 A5 08 01 31 06 81 53 FF FF FF EF 00 96 0A (19)
                              [N8:R] TPOS 'S' 255 255 255 239 (-17)
2025-10-27 13:30:42:816 [IN ] C8 24 07 0E 25 A5 07 01 31 06 81 45 FF AB 14 98 5B 1D 0A (19)
                              [N7:N] TPOS 'E' 255 171 20 152 (-5565288)
2025-10-27 13:30:43:240 [OUT] 25 A5 01 07 31 05 81 FF F3 35 BF A5 39 (13)
                              [N7:N] TPOS 255 243 53 191 (-838209)
2025-10-27 13:30:43:426 [IN ] C8 24 07 0E 25 A5 07 01 31 06 81 53 FF AB 14 98 69 63 0A (19)
                              [N7:N] TPOS 'S' 255 171 20 152 (-5565288)
2025-10-27 13:30:43:828 [IN ] C8 24 05 0B 25 A5 05 01 31 03 81 5A 4C 61 AD 98 C8 24 05 0A 25 A5 05 01 31 02 81 49 03 38 AD (31)
                              [N5:V] TPOS 'Z' 76 (76)
                              [N5:V] TPOS 'I'
2025-10-27 13:30:44:052 [OUT] 25 A5 01 05 31 03 C9 3D 09 49 04 (11)
                              [N5:V] LFLAG '=' 9 (9)
2025-10-27 13:30:44:218 [IN ] C8 24 05 0B 25 A5 05 01 31 03 C9 3A 09 46 02 98 (16)
                              [N5:V] LFLAG ':' 9 (9)
2025-10-27 13:30:44:240 [OUT] 25 A5 01 05 31 03 84 00 50 0E 02 (11)
                              [N5:V] VEL 0 80 (80)
2025-10-27 13:30:44:406 [IN ] C8 24 05 0C 25 A5 05 01 31 04 84 53 00 50 62 C2 69 (17)
                              [N5:V] VEL 'S' 0 80 (80)
2025-10-27 13:30:44:427 [OUT] 25 A5 01 05 31 05 81 00 19 82 3C 94 B6 (13)
                              [N5:V] TPOS 0 25 130 60 (1671740)
2025-10-27 13:30:44:613 [IN ] C8 24 05 0E 25 A5 05 01 31 06 81 53 00 00 00 00 11 92 0A (19)
                              [N5:V] TPOS 'S' 0 0 0 0 (0)
2025-10-27 13:30:46:618 [IN ] C8 24 0C 0E 25 A5 0C 01 31 06 81 45 FF D1 1E B3 AB F0 0A (19)
                              [N12:Z] TPOS 'E' 255 209 30 179 (-3072333)
2025-10-27 13:30:52:636 [IN ] C8 24 05 0E 25 A5 05 01 31 06 81 45 00 19 86 7E 20 21 0A (19)
                              [N5:V] TPOS 'E' 0 25 134 126 (1672830)
2025-10-27 13:30:53:061 [OUT] 25 A5 01 05 31 05 81 00 0D 03 C1 8E 19 (13)
                              [N5:V] TPOS 0 13 3 193 (852929)
2025-10-27 13:30:53:247 [IN ] C8 24 05 0E 25 A5 05 01 31 06 81 53 00 19 86 7E 2E 67 0A (19)
                              [N5:V] TPOS 'S' 0 25 134 126 (1672830)
2025-10-27 13:30:54:853 [IN ] C8 24 08 0E 25 A5 08 01 31 06 81 45 FF DC 75 88 DE 6C 0A (19)
                              [N8:R] TPOS 'E' 255 220 117 136 (-2329208)
2025-10-27 13:30:55:279 [OUT] 25 A5 01 08 31 05 81 FF EE 15 56 18 89 (13)
                              [N8:R] TPOS 255 238 21 86 (-1174186)
2025-10-27 13:30:55:466 [IN ] C8 24 08 0E 25 A5 08 01 31 06 81 53 FF DC 75 8B EF B5 0A (19)
                              [N8:R] TPOS 'S' 255 220 117 139 (-2329205)
2025-10-27 13:30:58:475 [IN ] C8 24 05 0E 25 A5 05 01 31 06 81 45 00 0D 02 DF F1 56 0A (19)
                              [N5:V] TPOS 'E' 0 13 2 223 (852703)
2025-10-27 13:30:58:698 [OUT] 25 A5 01 03 31 05 81 FF ED B1 30 88 70 (13)
                              [N3:X] TPOS 255 237 177 48 (-1199824)
2025-10-27 13:30:58:721 [OUT] 25 A5 01 04 31 05 81 FF F3 BD 0C 77 7E (13)
                              [N4:Y] TPOS 255 243 189 12 (-803572)
2025-10-27 13:30:58:885 [IN ] C8 24 03 0E 25 A5 03 01 31 06 81 53 FF FD 50 6D C8 7E 0A (19)
                              [N3:X] TPOS 'S' 255 253 80 109 (-176019)
2025-10-27 13:30:59:012 [IN ] C8 24 04 0E 25 A5 04 01 31 06 81 53 FF FD 4F E0 3B F9 0A (19)
                              [N4:Y] TPOS 'S' 255 253 79 224 (-176160)
2025-10-27 13:31:02:220 [IN ] C8 24 08 0E 25 A5 08 01 31 06 81 45 FF EE 16 1C 25 78 0A C8 24 04 0E 25 A5 04 01 31 06 81 45 FF F3 B9 98 45 21 0A (38)
                              [N8:R] TPOS 'E' 255 238 22 28 (-1173988)
                              [N4:Y] TPOS 'E' 255 243 185 152 (-804456)
2025-10-27 13:31:04:228 [IN ] C8 24 03 0E 25 A5 03 01 31 06 81 45 FF ED AE 9F 3A F6 0A (19)
                              [N3:X] TPOS 'E' 255 237 174 159 (-1200481)
2025-10-27 13:31:04:431 [IN ] C8 24 07 0E 25 A5 07 01 31 06 81 45 FF F3 3A B7 E8 60 0A (19)
                              [N7:N] TPOS 'E' 255 243 58 183 (-836937)
