2025-10-27 13:04:04:529 [OUT] 25 A5 01 0A 31 05 D6 3D FF 00 00 53 ED (13)
                              [N10:HMI] HMILED '=' 255 0 0 (16711680)
2025-10-27 13:04:04:553 [OUT] 25 A5 01 03 31 02 D8 3F 4E CE (10)
                              [N3:X] INTERRUPT '?'
2025-10-27 13:04:04:854 [IN ] C8 24 0A 0D 25 A5 0A 01 31 05 D6 3A FF 00 00 50 EA 13 C8 24 03 0C 25 A5 03 01 31 04 D8 3A 01 01 4D 6A EA (35)
                              [N10:HMI] HMILED ':' 255 0 0 (16711680)
                              [N3:X] INTERRUPT ':' 1 1 (257)
2025-10-27 13:04:04:875 [OUT] 25 A5 01 09 31 03 C9 3D 09 4D 1C (11)
                              [N9:P] LFLAG '=' 9 (9)
2025-10-27 13:04:04:898 [OUT] 25 A5 01 04 31 02 D8 3F 4F D3 (10)
                              [N4:Y] INTERRUPT '?'
2025-10-27 13:04:05:199 [IN ] C8 24 09 0B 25 A5 09 01 31 03 C9 3A 09 4A 1E 6A C8 24 04 0C 25 A5 04 01 31 04 D8 3A 01 01 4E 72 EA (33)
                              [N9:P] LFLAG ':' 9 (9)
                              [N4:Y] INTERRUPT ':' 1 1 (257)
2025-10-27 13:04:05:221 [OUT] 25 A5 01 09 31 03 CA 3D 09 4E 1F (11)
                              [N9:P] RFLAG '=' 9 (9)
2025-10-27 13:04:05:243 [OUT] 25 A5 01 0C 31 02 D8 3F 57 FB (10)
                              [N12:Z] INTERRUPT '?'
2025-10-27 13:04:05:545 [IN ] C8 24 09 0B 25 A5 09 01 31 03 CA 3A 09 4B 21 72 C8 24 0C 0C 25 A5 0C 01 31 04 D8 3A 01 01 56 B2 EA (33)
                              [N9:P] RFLAG ':' 9 (9)
                              [N12:Z] INTERRUPT ':' 1 1 (257)
2025-10-27 13:04:05:566 [OUT] 25 A5 01 08 31 03 C9 3D 09 4C 16 (11)
                              [N8:R] LFLAG '=' 9 (9)
2025-10-27 13:04:05:588 [OUT] 25 A5 01 03 31 03 C9 3D 0B 49 FA (11)
                              [N3:X] LFLAG '=' 11 (11)
2025-10-27 13:04:05:609 [OUT] 25 A5 01 04 31 03 C9 3D 0B 4A 00 (11)
                              [N4:Y] LFLAG '=' 11 (11)
2025-10-27 13:04:05:630 [OUT] 25 A5 01 0C 31 03 C9 3D 0B 52 30 (11)
                              [N12:Z] LFLAG '=' 11 (11)
2025-10-27 13:04:05:735 [IN ] C8 24 08 0B 25 A5 08 01 31 03 C9 3A 09 49 17 B2 (16)
                              [N8:R] LFLAG ':' 9 (9)
2025-10-27 13:04:05:756 [OUT] 25 A5 01 08 31 03 CA 3D 09 4D 19 (11)
                              [N8:R] RFLAG '=' 9 (9)
2025-10-27 13:04:05:818 [IN ] C8 24 03 0B (4)
2025-10-27 13:04:05:842 [IN ] 25 A5 03 01 31 03 C9 3A 0B 46 F6 B2 (12)
                              [N3:X] LFLAG ':' 11 (11)
2025-10-27 13:04:05:864 [OUT] 25 A5 01 03 31 03 88 00 50 10 02 (11)
                              [N3:X] RUN 0 80 (80)
2025-10-27 13:04:05:946 [IN ] C8 24 04 0B 25 A5 04 01 31 03 C9 3A 0B 47 FD B2 (16)
                              [N4:Y] LFLAG ':' 11 (11)
2025-10-27 13:04:05:967 [OUT] 25 A5 01 04 31 03 88 00 50 11 08 (11)
                              [N4:Y] RUN 0 80 (80)
2025-10-27 13:04:06:070 [IN ] C8 24 0C 0B 25 A5 0C 01 31 03 C9 3A 0B 4F 35 B2 (16)
                              [N12:Z] LFLAG ':' 11 (11)
2025-10-27 13:04:06:092 [OUT] 25 A5 01 0C 31 03 88 00 50 19 38 (11)
                              [N12:Z] RUN 0 80 (80)
2025-10-27 13:04:06:175 [IN ] C8 24 08 0B 25 A5 08 01 31 03 CA 3A 09 4A 1A B2 (16)
                              [N8:R] RFLAG ':' 9 (9)
2025-10-27 13:04:06:278 [IN ] C8 24 03 0C 25 A5 03 01 31 04 88 53 00 50 64 C2 EA (17)
                              [N3:X] RUN 'S' 0 80 (80)
2025-10-27 13:04:06:402 [IN ] C8 24 04 0C 25 A5 04 01 31 04 88 53 00 50 65 CA EA (17)
                              [N4:Y] RUN 'S' 0 80 (80)
2025-10-27 13:04:06:508 [IN ] C8 24 0C 0C 25 A5 0C 01 31 04 88 53 00 50 6D 0A EA (17)
                              [N12:Z] RUN 'S' 0 80 (80)
2025-10-27 13:04:12:923 [IN ] C8 24 04 0B 25 A5 04 01 31 03 81 5A 4C 60 A6 0A (16)
                              [N4:Y] TPOS 'Z' 76 (76)
2025-10-27 13:04:13:125 [IN ] C8 24 04 0A 25 A5 04 01 31 02 81 49 02 32 A6 (15)
                              [N4:Y] TPOS 'I'
2025-10-27 13:04:13:349 [OUT] 25 A5 01 09 31 02 D8 3F 54 EC (10)
                              [N9:P] INTERRUPT '?'
2025-10-27 13:04:13:650 [IN ] C8 24 09 0C 25 A5 09 01 31 04 D8 3A 01 01 53 9A EA (17)
                              [N9:P] INTERRUPT ':' 1 1 (257)
2025-10-27 13:04:13:671 [OUT] 25 A5 01 04 31 03 C9 3D 09 48 FE (11)
                              [N4:Y] LFLAG '=' 9 (9)
2025-10-27 13:04:13:693 [OUT] 25 A5 01 07 31 02 D8 3F 52 E2 (10)
                              [N7:N] INTERRUPT '?'
2025-10-27 13:04:13:994 [IN ] C8 24 04 0B 25 A5 04 01 31 03 C9 3A 09 45 FB 9A C8 24 07 0C 25 A5 07 01 31 04 D8 3A 01 01 51 8A EA (33)
                              [N4:Y] LFLAG ':' 9 (9)
                              [N7:N] INTERRUPT ':' 1 1 (257)
2025-10-27 13:04:14:015 [OUT] 25 A5 01 09 31 03 C9 3D 0B 4F 1E (11)
                              [N9:P] LFLAG '=' 11 (11)
2025-10-27 13:04:14:037 [OUT] 25 A5 01 07 31 03 C9 3D 0B 4D 12 (11)
                              [N7:N] LFLAG '=' 11 (11)
2025-10-27 13:04:14:183 [IN ] C8 24 09 0B 25 A5 09 01 31 03 C9 3A 0B 4C 20 8A (16)
                              [N9:P] LFLAG ':' 11 (11)
2025-10-27 13:04:14:206 [OUT] 25 A5 01 09 31 03 88 00 50 16 26 (11)
                              [N9:P] RUN 0 80 (80)
2025-10-27 13:04:14:270 [IN ] C8 24 07 0B 25 A5 07 01 31 03 C9 3A 0B 4A 12 8A (16)
                              [N7:N] LFLAG ':' 11 (11)
2025-10-27 13:04:14:292 [OUT] 25 A5 01 07 31 03 88 00 50 14 1A (11)
                              [N7:N] RUN 0 80 (80)
2025-10-27 13:04:14:416 [IN ] C8 24 09 0C 25 A5 09 01 31 04 88 53 00 50 6A F2 EA (17)
                              [N9:P] RUN 'S' 0 80 (80)
2025-10-27 13:04:14:459 [IN ] C8 24 09 0B 25 A5 09 01 31 03 81 5A 4C 65 C9 F2 (16)
                              [N9:P] TPOS 'Z' 76 (76)
2025-10-27 13:04:14:502 [IN ] C8 24 07 0C 25 A5 07 01 31 04 88 53 00 50 68 E2 EA C8 24 09 0A 25 A5 09 01 31 02 81 49 07 50 68 (32)
                              [N7:N] RUN 'S' 0 80 (80)
                              [N9:P] TPOS 'I'
2025-10-27 13:04:14:729 [OUT] 25 A5 01 09 31 03 C9 3D 09 4D 1C (11)
                              [N9:P] LFLAG '=' 9 (9)
2025-10-27 13:04:14:750 [OUT] 25 A5 01 04 31 05 81 FF EE 88 01 32 FA (13)
                              [N4:Y] TPOS 255 238 136 1 (-1144831)
2025-10-27 13:04:14:894 [IN ] C8 24 09 0B 25 A5 09 01 31 03 C9 3A 09 4A 1E E2 (16)
                              [N9:P] LFLAG ':' 9 (9)
2025-10-27 13:04:15:019 [IN ] C8 24 04 0E 25 A5 04 01 31 06 81 53 00 00 00 00 10 88 0A (19)
                              [N4:Y] TPOS 'S' 0 0 0 0 (0)
2025-10-27 13:04:16:023 [IN ] C8 24 03 0B 25 A5 03 01 31 03 81 5A 4C 5F 9F 00 C8 24 03 0A 25 A5 03 01 31 02 81 49 01 2C 9F (31)
                              [N3:X] TPOS 'Z' 76 (76)
                              [N3:X] TPOS 'I'
2025-10-27 13:04:16:249 [OUT] 25 A5 01 03 31 03 C9 3D 09 47 F8 (11)
                              [N3:X] LFLAG '=' 9 (9)
2025-10-27 13:04:16:414 [IN ] C8 24 03 0B 25 A5 03 01 31 03 C9 3A 09 44 F4 00 (16)
                              [N3:X] LFLAG ':' 9 (9)
2025-10-27 13:04:18:421 [IN ] C8 24 07 0B 25 A5 07 01 31 03 81 5A 4C 63 BB 00 C8 24 07 0A 25 A5 07 01 31 02 81 49 05 44 BB (31)
                              [N7:N] TPOS 'Z' 76 (76)
                              [N7:N] TPOS 'I'
2025-10-27 13:04:18:644 [OUT] 25 A5 01 07 31 03 C9 3D 09 4B 10 (11)
                              [N7:N] LFLAG '=' 9 (9)
2025-10-27 13:04:18:809 [IN ] C8 24 07 0B 25 A5 07 01 31 03 C9 3A 09 48 10 00 (16)
                              [N7:N] LFLAG ':' 9 (9)
2025-10-27 13:04:20:815 [IN ] C8 24 0C 0B 25 A5 0C 01 31 03 81 5A 4C 68 DE 00 C8 24 0C 0A 25 A5 0C 01 31 02 81 49 0A 62 DE C8 24 04 0E 25 A5 04 01 31 06 81 45 FF EE 85 97 0B A9 0A (50)
                              [N12:Z] TPOS 'Z' 76 (76)
                              [N12:Z] TPOS 'I'
                              [N4:Y] TPOS 'E' 255 238 133 151 (-1145449)
2025-10-27 13:04:21:040 [OUT] 25 A5 01 0C 31 03 C9 3D 09 50 2E (11)
                              [N12:Z] LFLAG '=' 9 (9)
2025-10-27 13:04:21:062 [OUT] 25 A5 01 09 31 05 81 FF E7 5D 56 5A 0C (13)
                              [N9:P] TPOS 255 231 93 86 (-1614506)
2025-10-27 13:04:21:085 [OUT] 25 A5 01 04 31 05 81 FF FD 50 01 09 B7 (13)
                              [N4:Y] TPOS 255 253 80 1 (-176127)
2025-10-27 13:04:21:107 [OUT] 25 A5 01 07 31 05 81 FF AB 19 75 F7 DF (13)
                              [N7:N] TPOS 255 171 25 117 (-5564043)
2025-10-27 13:04:21:129 [OUT] 25 A5 01 03 31 05 81 FF EC 4A AB 9B 1A (13)
                              [N3:X] TPOS 255 236 74 171 (-1291605)
2025-10-27 13:04:21:150 [OUT] 25 A5 01 06 31 02 D8 3F 51 DD (10)
                              [N6:H] INTERRUPT '?'
2025-10-27 13:04:21:451 [IN ] C8 24 0C 0B 25 A5 0C 01 31 03 C9 3A 09 4D 33 97 C8 24 09 0E 25 A5 09 01 31 06 81 53 FF FF FF EF 01 A0 0A (35)
                              [N12:Z] LFLAG ':' 9 (9)
                              [N9:P] TPOS 'S' 255 255 255 239 (-17)
2025-10-27 13:04:21:752 [IN ] C8 24 04 0E 25 A5 04 01 31 06 81 53 FF EE 85 97 19 EF 0A C8 24 07 0E 25 A5 07 01 31 06 81 53 FF FF FF FA 0A 97 0A C8 24 03 0E 25 A5 03 01 31 06 81 53 00 00 00 00 0F 7E 0A (57)
                              [N4:Y] TPOS 'S' 255 238 133 151 (-1145449)
                              [N7:N] TPOS 'S' 255 255 255 250 (-6)
                              [N3:X] TPOS 'S' 0 0 0 0 (0)
2025-10-27 13:04:22:053 [IN ] C8 24 06 0C 25 A5 06 01 31 04 D8 3A 01 01 50 82 0F (17)
                              [N6:H] INTERRUPT ':' 1 1 (257)
2025-10-27 13:04:22:075 [OUT] 25 A5 01 0C 31 05 81 FF BC D0 00 4F 33 (13)
                              [N12:Z] TPOS 255 188 208 0 (-4403200)
2025-10-27 13:04:22:096 [OUT] 25 A5 01 06 31 03 C9 3D 0B 4C 0C (11)
                              [N6:H] LFLAG '=' 11 (11)
2025-10-27 13:04:22:262 [IN ] C8 24 0C 0E 25 A5 0C 01 31 06 81 53 FF FF FF ED 02 BC 0A (19)
                              [N12:Z] TPOS 'S' 255 255 255 237 (-19)
2025-10-27 13:04:22:389 [IN ] C8 24 06 0B 25 A5 06 01 31 03 C9 3A 0B 49 0B ED (16)
                              [N6:H] LFLAG ':' 11 (11)
2025-10-27 13:04:22:413 [OUT] 25 A5 01 06 31 03 88 FF B0 72 72 (11)
                              [N6:H] RUN 255 176 (-80)
2025-10-27 13:04:22:579 [IN ] C8 24 06 0C 25 A5 06 01 31 04 88 53 FF B0 C6 38 02 (17)
                              [N6:H] RUN 'S' 255 176 (-80)
2025-10-27 13:04:27:201 [IN ] C8 24 06 0B 25 A5 06 01 31 03 81 5A 4C 62 B4 38 C8 24 06 0A 25 A5 06 01 31 02 81 49 04 3E B4 (31)
                              [N6:H] TPOS 'Z' 76 (76)
                              [N6:H] TPOS 'I'
2025-10-27 13:04:27:424 [OUT] 25 A5 01 06 31 03 C9 3D 09 4A 0A (11)
                              [N6:H] LFLAG '=' 9 (9)
2025-10-27 13:04:27:591 [IN ] C8 24 06 0B 25 A5 06 01 31 03 C9 3A 09 47 09 38 (16)
                              [N6:H] LFLAG ':' 9 (9)
2025-10-27 13:04:27:612 [OUT] 25 A5 01 06 31 03 84 00 50 0F 08 (11)
                              [N6:H] VEL 0 80 (80)
2025-10-27 13:04:27:778 [IN ] C8 24 06 0C 25 A5 06 01 31 04 84 53 00 50 63 CA 02 (17)
                              [N6:H] VEL 'S' 0 80 (80)
2025-10-27 13:04:27:800 [OUT] 25 A5 01 06 31 05 81 00 19 82 3C 95 BE (13)
                              [N6:H] TPOS 0 25 130 60 (1671740)
2025-10-27 13:04:27:985 [IN ] C8 24 06 0E 25 A5 06 01 31 06 81 53 00 00 00 00 12 9C 0A (19)
                              [N6:H] TPOS 'S' 0 0 0 0 (0)
2025-10-27 13:04:28:587 [IN ] C8 24 03 0E 25 A5 03 01 31 06 81 45 FF EC 48 96 CA 1E 0A (19)
                              [N3:X] TPOS 'E' 255 236 72 150 (-1292138)
2025-10-27 13:04:29:012 [OUT] 25 A5 01 03 31 05 81 FF FD 50 01 08 AF (13)
                              [N3:X] TPOS 255 253 80 1 (-176127)
2025-10-27 13:04:29:176 [IN ] C8 24 09 0E 25 A5 09 01 31 06 (10)
2025-10-27 13:04:29:197 [IN ] 81 45 FF E7 59 37 7D 0E 0A C8 24 03 0E 25 A5 03 01 31 06 81 53 FF EC 48 96 D8 64 0A (28)
                              [N9:P] TPOS 'E' 255 231 89 55 (-1615561)
                              [N3:X] TPOS 'S' 255 236 72 150 (-1292138)
2025-10-27 13:04:29:600 [IN ] C8 24 04 0E 25 A5 04 01 31 06 81 45 FF FD 4F FA 47 CD 0A (19)
                              [N4:Y] TPOS 'E' 255 253 79 250 (-176134)
2025-10-27 13:04:29:622 [OUT] 25 A5 01 09 31 05 81 FF FF D9 C8 60 BE (13)
                              [N9:P] TPOS 255 255 217 200 (-9784)
2025-10-27 13:04:29:808 [IN ] C8 24 09 0E 25 A5 09 01 31 06 81 53 FF E7 59 39 8D 56 0A (19)
                              [N9:P] TPOS 'S' 255 231 89 57 (-1615559)
2025-10-27 13:04:36:627 [IN ] C8 24 06 0E 25 A5 06 01 31 06 81 45 00 19 86 34 D7 E1 0A (19)
                              [N6:H] TPOS 'E' 0 25 134 52 (1672756)
2025-10-27 13:04:37:052 [OUT] 25 A5 01 06 31 05 81 00 0D 03 C1 8F 21 (13)
                              [N6:H] TPOS 0 13 3 193 (852929)
2025-10-27 13:04:37:259 [IN ] C8 24 06 0E 25 A5 06 01 31 06 81 53 00 19 86 35 E6 28 0A (19)
                              [N6:H] TPOS 'S' 0 25 134 53 (1672757)
2025-10-27 13:04:37:662 [IN ] C8 24 09 0E 25 A5 09 01 31 06 81 45 FF FF DC 58 39 7D 0A (19)
                              [N9:P] TPOS 'E' 255 255 220 88 (-9128)
2025-10-27 13:04:37:885 [OUT] 25 A5 01 08 31 02 D8 3F 53 E7 (10)
                              [N8:R] INTERRUPT '?'
2025-10-27 13:04:38:186 [IN ] C8 24 08 0C 25 A5 08 01 31 04 D8 3A 01 01 52 92 39 (17)
                              [N8:R] INTERRUPT ':' 1 1 (257)
2025-10-27 13:04:38:208 [OUT] 25 A5 01 08 31 03 CA 3D 0B 4F 1B (11)
                              [N8:R] RFLAG '=' 11 (11)
2025-10-27 13:04:38:373 [IN ] C8 24 08 0B 25 A5 08 01 31 03 CA 3A 0B 4C 1C 92 (16)
                              [N8:R] RFLAG ':' 11 (11)
2025-10-27 13:04:38:396 [OUT] 25 A5 01 08 31 03 88 00 50 15 20 (11)
                              [N8:R] RUN 0 80 (80)
2025-10-27 13:04:38:563 [IN ] C8 24 08 0C 25 A5 08 01 31 04 88 53 00 50 69 EA 39 (17)
                              [N8:R] RUN 'S' 0 80 (80)
2025-10-27 13:04:38:764 [IN ] C8 24 03 0E 25 A5 03 01 31 06 81 45 FF FD 50 50 9D 1B 0A (19)
                              [N3:X] TPOS 'E' 255 253 80 80 (-176048)
2025-10-27 13:04:41:371 [IN ] C8 24 06 0E 25 A5 06 01 31 06 81 45 00 0D 01 80 92 FF 0A (19)
                              [N6:H] TPOS 'E' 0 13 1 128 (852352)
2025-10-27 13:04:41:593 [OUT] 25 A5 01 05 31 02 D8 3F 50 D8 (10)
                              [N5:V] INTERRUPT '?'
2025-10-27 13:04:41:895 [IN ] C8 24 05 0C 25 A5 05 01 31 04 D8 3A 01 01 4F 7A 92 (17)
                              [N5:V] INTERRUPT ':' 1 1 (257)
2025-10-27 13:04:41:916 [OUT] 25 A5 01 05 31 03 C9 3D 0B 4B 06 (11)
                              [N5:V] LFLAG '=' 11 (11)
2025-10-27 13:04:42:101 [IN ] C8 24 05 0B 25 A5 05 01 31 03 C9 3A 0B 48 04 7A (16)
                              [N5:V] LFLAG ':' 11 (11)
2025-10-27 13:04:42:123 [OUT] 25 A5 01 05 31 03 88 FF B0 71 6C (11)
                              [N5:V] RUN 255 176 (-80)
2025-10-27 13:04:42:287 [IN ] C8 24 05 0C 25 A5 05 01 31 04 88 53 FF B0 C5 30 92 (17)
                              [N5:V] RUN 'S' 255 176 (-80)
2025-10-27 13:04:43:090 [IN ] C8 24 0C 0E 25 A5 0C 01 31 06 81 45 FF BC CC 7C 0D D6 0A (19)
                              [N12:Z] TPOS 'E' 255 188 204 124 (-4404100)
2025-10-27 13:04:43:515 [OUT] 25 A5 01 0C 31 05 81 FF D1 1A 67 15 6D (13)
                              [N12:Z] TPOS 255 209 26 103 (-3073433)
2025-10-27 13:04:43:701 [IN ] C8 24 0C 0E 25 A5 0C 01 31 06 81 53 FF BC CC 82 21 22 0A (19)
                              [N12:Z] TPOS 'S' 255 188 204 130 (-4404094)
2025-10-27 13:04:45:708 [IN ] C8 24 08 0B 25 A5 08 01 31 03 81 5A 52 6A C8 82 (16)
                              [N8:R] TPOS 'Z' 82 (82)
2025-10-27 13:04:45:911 [IN ] C8 24 08 0A 25 A5 08 01 31 02 81 49 06 4A C8 (15)
                              [N8:R] TPOS 'I'
2025-10-27 13:04:46:135 [OUT] 25 A5 01 08 31 03 CA 3D 09 4D 19 (11)
                              [N8:R] RFLAG '=' 9 (9)
2025-10-27 13:04:46:238 [IN ] C8 24 07 0E 25 A5 07 01 31 06 81 45 FF AB 14 8A 4D 0F 0A (19)
                              [N7:N] TPOS 'E' 255 171 20 138 (-5565302)
2025-10-27 13:04:46:303 [OUT] 25 A5 01 07 31 05 81 FF F3 35 BF A5 39 (13)
                              [N7:N] TPOS 255 243 53 191 (-838209)
2025-10-27 13:04:46:304 [IN ] C8 24 08 0B 25 A5 08 01 31 03 CA 3A 09 4A 1A 8A (16)
                              [N8:R] RFLAG ':' 9 (9)
2025-10-27 13:04:46:325 [OUT] 25 A5 01 08 31 05 81 FF DC 77 1D 2F DE (13)
                              [N8:R] TPOS 255 220 119 29 (-2328803)
2025-10-27 13:04:46:492 [IN ] C8 24 07 0E 25 A5 07 01 31 06 81 53 FF AB 14 8A 5B 55 0A (19)
                              [N7:N] TPOS 'S' 255 171 20 138 (-5565302)
2025-10-27 13:04:46:636 [IN ] C8 24 08 0E 25 A5 08 01 31 06 81 53 FF FF FF E5 F6 8C 0A (19)
                              [N8:R] TPOS 'S' 255 255 255 229 (-27)
2025-10-27 13:04:47:441 [IN ] C8 24 05 0B 25 A5 05 01 31 03 81 5A 4C 61 AD E5 C8 24 05 0A 25 A5 05 01 31 02 81 49 03 38 AD (31)
                              [N5:V] TPOS 'Z' 76 (76)
                              [N5:V] TPOS 'I'
2025-10-27 13:04:47:663 [OUT] 25 A5 01 05 31 03 C9 3D 09 49 04 (11)
                              [N5:V] LFLAG '=' 9 (9)
2025-10-27 13:04:47:830 [IN ] C8 24 05 0B 25 A5 05 01 31 03 C9 3A 09 46 02 E5 (16)
                              [N5:V] LFLAG ':' 9 (9)
2025-10-27 13:04:47:851 [OUT] 25 A5 01 05 31 03 84 00 50 0E 02 (11)
                              [N5:V] VEL 0 80 (80)
2025-10-27 13:04:48:016 [IN ] C8 24 05 0C 25 A5 05 01 31 04 84 53 00 50 62 C2 F6 (17)
                              [N5:V] VEL 'S' 0 80 (80)
2025-10-27 13:04:48:037 [OUT] 25 A5 01 05 31 05 81 00 19 82 3C 94 B6 (13)
                              [N5:V] TPOS 0 25 130 60 (1671740)
2025-10-27 13:04:48:224 [IN ] C8 24 05 0E 25 A5 05 01 31 06 81 53 FF FF FF FF 0D 88 0A (19)
                              [N5:V] TPOS 'S' 255 255 255 255 (-1)
2025-10-27 13:04:50:030 [IN ] C8 24 0C 0E 25 A5 0C 01 31 06 81 45 FF D1 1E B9 B1 F6 0A (19)
                              [N12:Z] TPOS 'E' 255 209 30 185 (-3072327)
2025-10-27 13:04:56:247 [IN ] C8 24 05 0E 25 A5 05 01 31 06 81 45 00 19 86 6C 0E 0F 0A (19)
                              [N5:V] TPOS 'E' 0 25 134 108 (1672812)
2025-10-27 13:04:56:672 [OUT] 25 A5 01 05 31 05 81 00 0D 03 C1 8E 19 (13)
                              [N5:V] TPOS 0 13 3 193 (852929)
2025-10-27 13:04:56:858 [IN ] C8 24 05 0E 25 A5 05 01 31 06 81 53 00 19 86 6C 1C 55 0A (19)
                              [N5:V] TPOS 'S' 0 25 134 108 (1672812)
2025-10-27 13:04:59:067 [IN ] C8 24 08 0E 25 A5 08 01 31 06 81 45 FF DC 75 72 C8 56 0A (19)
                              [N8:R] TPOS 'E' 255 220 117 114 (-2329230)
2025-10-27 13:04:59:490 [OUT] 25 A5 01 08 31 05 81 FF EE 15 56 18 89 (13)
                              [N8:R] TPOS 255 238 21 86 (-1174186)
2025-10-27 13:04:59:676 [IN ] C8 24 08 0E 25 A5 08 01 31 06 81 53 FF DC 75 77 DB A1 0A (19)
                              [N8:R] TPOS 'S' 255 220 117 119 (-2329225)
2025-10-27 13:05:02:083 [IN ] C8 24 05 0E 25 A5 05 01 31 06 81 45 00 0D 02 DA EC 51 0A (19)
                              [N5:V] TPOS 'E' 0 13 2 218 (852698)
2025-10-27 13:05:02:306 [OUT] 25 A5 01 03 31 05 81 FF ED B1 30 88 70 (13)
                              [N3:X] TPOS 255 237 177 48 (-1199824)
2025-10-27 13:05:02:328 [OUT] 25 A5 01 04 31 05 81 FF F3 BD 0C 77 7E (13)
                              [N4:Y] TPOS 255 243 189 12 (-803572)
2025-10-27 13:05:02:494 [IN ] C8 24 03 0E 25 A5 03 01 31 06 81 53 FF FD 50 50 AB 61 0A (19)
                              [N3:X] TPOS 'S' 255 253 80 80 (-176048)
2025-10-27 13:05:02:639 [IN ] C8 24 04 0E 25 A5 04 01 31 06 81 53 FF FD 4F FA 55 13 0A (19)
                              [N4:Y] TPOS 'S' 255 253 79 250 (-176134)
2025-10-27 13:05:05:849 [IN ] C8 24 04 0E 25 A5 04 01 31 06 81 45 FF F3 B9 C1 6E 4A 0A (19)
                              [N4:Y] TPOS 'E' 255 243 185 193 (-804415)
2025-10-27 13:05:06:451 [IN ] C8 24 08 0E 25 A5 08 01 31 06 81 45 FF EE 16 41 4A 9D 0A (19)
                              [N8:R] TPOS 'E' 255 238 22 65 (-1173951)
2025-10-27 13:05:07:456 [IN ] C8 24 07 0E 25 A5 07 01 31 06 81 45 FF F3 3A A7 D8 50 0A (19)
                              [N7:N] TPOS 'E' 255 243 58 167 (-836953)
2025-10-27 13:05:07:859 [IN ] C8 24 03 0E 25 A5 03 01 31 06 81 45 FF ED AE 9C 37 F3 0A (19)
                              [N3:X] TPOS 'E' 255 237 174 156 (-1200484)
