2025-10-27 13:43:35:533 [OUT] 25 A5 01 0A 31 05 D6 3D FF 00 00 53 ED (13)
                              [N10:HMI] HMILED '=' 255 0 0 (16711680)
2025-10-27 13:43:35:556 [OUT] 25 A5 01 03 31 02 D8 3F 4E CE (10)
                              [N3:X] INTERRUPT '?'
2025-10-27 13:43:35:858 [IN ] C8 24 0A 0D 25 A5 0A 01 31 05 D6 3A FF 00 00 50 EA 4D C8 24 03 0C 25 A5 03 01 31 04 D8 3A 01 01 4D 6A EA (35)
                              [N10:HMI] HMILED ':' 255 0 0 (16711680)
                              [N3:X] INTERRUPT ':' 1 1 (257)
2025-10-27 13:43:35:878 [OUT] 25 A5 01 09 31 03 C9 3D 09 4D 1C (11)
                              [N9:P] LFLAG '=' 9 (9)
2025-10-27 13:43:35:901 [OUT] 25 A5 01 04 31 02 D8 3F 4F D3 (10)
                              [N4:Y] INTERRUPT '?'
2025-10-27 13:43:36:203 [IN ] C8 24 09 0B 25 A5 09 01 31 03 C9 3A 09 4A 1E 6A C8 24 04 0C 25 A5 04 01 31 04 D8 3A 01 01 4E 72 EA (33)
                              [N9:P] LFLAG ':' 9 (9)
                              [N4:Y] INTERRUPT ':' 1 1 (257)
2025-10-27 13:43:36:224 [OUT] 25 A5 01 09 31 03 CA 3D 09 4E 1F (11)
                              [N9:P] RFLAG '=' 9 (9)
2025-10-27 13:43:36:248 [OUT] 25 A5 01 0C 31 02 D8 3F 57 FB (10)
                              [N12:Z] INTERRUPT '?'
2025-10-27 13:43:36:549 [IN ] C8 24 09 0B 25 A5 09 01 31 03 CA 3A 09 4B 21 72 C8 24 0C 0C 25 A5 0C 01 31 04 D8 3A 01 01 56 B2 EA (33)
                              [N9:P] RFLAG ':' 9 (9)
                              [N12:Z] INTERRUPT ':' 1 1 (257)
2025-10-27 13:43:36:570 [OUT] 25 A5 01 08 31 03 C9 3D 09 4C 16 (11)
                              [N8:R] LFLAG '=' 9 (9)
2025-10-27 13:43:36:591 [OUT] 25 A5 01 03 31 03 C9 3D 0B 49 FA (11)
                              [N3:X] LFLAG '=' 11 (11)
2025-10-27 13:43:36:612 [OUT] 25 A5 01 04 31 03 C9 3D 0B 4A 00 (11)
                              [N4:Y] LFLAG '=' 11 (11)
2025-10-27 13:43:36:634 [OUT] 25 A5 01 0C 31 03 C9 3D 0B 52 30 (11)
                              [N12:Z] LFLAG '=' 11 (11)
2025-10-27 13:43:36:741 [IN ] C8 24 08 0B 25 A5 08 01 31 03 C9 3A 09 49 17 B2 (16)
                              [N8:R] LFLAG ':' 9 (9)
2025-10-27 13:43:36:762 [OUT] 25 A5 01 08 31 03 CA 3D 09 4D 19 (11)
                              [N8:R] RFLAG '=' 9 (9)
2025-10-27 13:43:36:845 [IN ] C8 24 03 0B 25 A5 03 01 31 03 C9 3A 0B 46 F6 B2 (16)
                              [N3:X] LFLAG ':' 11 (11)
2025-10-27 13:43:36:866 [OUT] 25 A5 01 03 31 03 88 00 50 10 02 (11)
                              [N3:X] RUN 0 80 (80)
2025-10-27 13:43:36:950 [IN ] C8 24 04 0B 25 A5 04 01 31 03 C9 3A 0B 47 FD B2 (16)
                              [N4:Y] LFLAG ':' 11 (11)
2025-10-27 13:43:36:971 [OUT] 25 A5 01 04 31 03 88 00 50 11 08 (11)
                              [N4:Y] RUN 0 80 (80)
2025-10-27 13:43:37:076 [IN ] C8 24 0C 0B 25 A5 0C 01 31 03 C9 3A 0B 4F 35 B2 (16)
                              [N12:Z] LFLAG ':' 11 (11)
2025-10-27 13:43:37:098 [OUT] 25 A5 01 0C 31 03 88 00 50 19 38 (11)
                              [N12:Z] RUN 0 80 (80)
2025-10-27 13:43:37:181 [IN ] C8 24 08 0B 25 A5 08 01 31 03 CA 3A 09 4A 1A B2 (16)
                              [N8:R] RFLAG ':' 9 (9)
2025-10-27 13:43:37:267 [IN ] C8 24 03 0C 25 A5 03 01 31 04 88 53 00 50 64 C2 EA (17)
                              [N3:X] RUN 'S' 0 80 (80)
2025-10-27 13:43:37:413 [IN ] C8 24 04 0C 25 A5 04 01 31 04 88 53 00 50 65 CA EA (17)
                              [N4:Y] RUN 'S' 0 80 (80)
2025-10-27 13:43:37:517 [IN ] C8 24 0C 0C 25 A5 0C 01 31 04 88 53 00 50 6D 0A EA (17)
                              [N12:Z] RUN 'S' 0 80 (80)
2025-10-27 13:43:43:934 [IN ] C8 24 04 0B 25 A5 04 01 31 03 81 5A 4C 60 A6 0A C8 24 04 0A 25 A5 04 01 31 02 81 49 02 32 A6 (31)
                              [N4:Y] TPOS 'Z' 76 (76)
                              [N4:Y] TPOS 'I'
2025-10-27 13:43:44:160 [OUT] 25 A5 01 09 31 02 D8 3F 54 EC (10)
                              [N9:P] INTERRUPT '?'
2025-10-27 13:43:44:461 [IN ] C8 24 09 0C 25 A5 09 01 31 04 D8 3A 01 01 53 9A EA (17)
                              [N9:P] INTERRUPT ':' 1 1 (257)
2025-10-27 13:43:44:482 [OUT] 25 A5 01 04 31 03 C9 3D 09 48 FE (11)
                              [N4:Y] LFLAG '=' 9 (9)
2025-10-27 13:43:44:504 [OUT] 25 A5 01 07 31 02 D8 3F 52 E2 (10)
                              [N7:N] INTERRUPT '?'
2025-10-27 13:43:44:806 [IN ] C8 24 04 0B 25 A5 04 01 31 03 C9 3A 09 45 FB 9A C8 24 07 0C 25 A5 07 01 31 04 D8 3A 01 01 51 8A EA (33)
                              [N4:Y] LFLAG ':' 9 (9)
                              [N7:N] INTERRUPT ':' 1 1 (257)
2025-10-27 13:43:44:827 [OUT] 25 A5 01 09 31 03 C9 3D 0B 4F 1E (11)
                              [N9:P] LFLAG '=' 11 (11)
2025-10-27 13:43:44:849 [OUT] 25 A5 01 07 31 03 C9 3D 0B 4D 12 (11)
                              [N7:N] LFLAG '=' 11 (11)
2025-10-27 13:43:44:995 [IN ] C8 24 09 0B 25 A5 09 01 31 03 C9 3A 0B 4C 20 8A (16)
                              [N9:P] LFLAG ':' 11 (11)
2025-10-27 13:43:45:018 [OUT] 25 A5 01 09 31 03 88 00 50 16 26 (11)
                              [N9:P] RUN 0 80 (80)
2025-10-27 13:43:45:100 [IN ] C8 24 07 0B 25 A5 07 01 31 03 C9 3A 0B 4A 12 8A (16)
                              [N7:N] LFLAG ':' 11 (11)
2025-10-27 13:43:45:123 [OUT] 25 A5 01 07 31 03 88 00 50 14 1A (11)
                              [N7:N] RUN 0 80 (80)
2025-10-27 13:43:45:207 [IN ] C8 24 09 0C 25 A5 09 01 31 04 88 53 00 50 6A F2 EA (17)
                              [N9:P] RUN 'S' 0 80 (80)
2025-10-27 13:43:45:271 [IN ] C8 24 09 0B 25 A5 09 01 31 03 81 5A 4C 65 C9 F2 (16)
                              [N9:P] TPOS 'Z' 76 (76)
2025-10-27 13:43:45:316 [IN ] C8 24 09 0A 25 A5 09 01 31 02 81 49 07 50 C9 (15)
                              [N9:P] TPOS 'I'
2025-10-27 13:43:45:341 [IN ] C8 24 07 0C 25 A5 07 01 31 04 88 53 00 50 68 E2 EA (17)
                              [N7:N] RUN 'S' 0 80 (80)
2025-10-27 13:43:45:363 [OUT] 25 A5 01 09 31 03 C9 3D 09 4D 1C (11)
                              [N9:P] LFLAG '=' 9 (9)
2025-10-27 13:43:45:385 [OUT] 25 A5 01 04 31 05 81 FF EE 88 01 32 FA (13)
                              [N4:Y] TPOS 255 238 136 1 (-1144831)
2025-10-27 13:43:45:530 [IN ] C8 24 09 0B 25 A5 09 01 31 03 C9 3A 09 4A 1E E2 (16)
                              [N9:P] LFLAG ':' 9 (9)
2025-10-27 13:43:45:656 [IN ] C8 24 04 0E 25 A5 04 01 31 06 81 53 00 00 00 00 10 88 0A (19)
                              [N4:Y] TPOS 'S' 0 0 0 0 (0)
2025-10-27 13:43:46:860 [IN ] C8 24 03 0B 25 A5 03 01 31 03 81 5A 4C 5F 9F 00 C8 24 03 0A 25 A5 03 01 31 02 81 49 01 2C 9F (31)
                              [N3:X] TPOS 'Z' 76 (76)
                              [N3:X] TPOS 'I'
2025-10-27 13:43:47:083 [OUT] 25 A5 01 03 31 03 C9 3D 09 47 F8 (11)
                              [N3:X] LFLAG '=' 9 (9)
2025-10-27 13:43:47:271 [IN ] C8 24 03 0B 25 A5 03 01 31 03 C9 3A 09 44 F4 00 (16)
                              [N3:X] LFLAG ':' 9 (9)
2025-10-27 13:43:49:280 [IN ] C8 24 07 0B 25 A5 07 01 31 03 81 5A 4C 63 BB 00 C8 24 07 0A 25 A5 07 01 31 02 81 49 05 44 BB (31)
                              [N7:N] TPOS 'Z' 76 (76)
                              [N7:N] TPOS 'I'
2025-10-27 13:43:49:503 [OUT] 25 A5 01 07 31 03 C9 3D 09 4B 10 (11)
                              [N7:N] LFLAG '=' 9 (9)
2025-10-27 13:43:49:668 [IN ] C8 24 07 0B 25 A5 07 01 31 03 C9 3A 09 48 10 00 (16)
                              [N7:N] LFLAG ':' 9 (9)
2025-10-27 13:43:51:475 [IN ] C8 24 04 0E 25 A5 04 01 31 06 81 45 FF EE 85 7B EF 8D 0A (19)
                              [N4:Y] TPOS 'E' 255 238 133 123 (-1145477)
2025-10-27 13:43:51:699 [OUT] 25 A5 01 09 31 05 81 FF E7 5D 56 5A 0C (13)
                              [N9:P] TPOS 255 231 93 86 (-1614506)
2025-10-27 13:43:51:725 [OUT] 25 A5 01 04 31 05 81 FF FD 50 01 09 B7 (13)
                              [N4:Y] TPOS 255 253 80 1 (-176127)
2025-10-27 13:43:51:728 [IN ] C8 24 0C 0B 25 A5 0C 01 31 03 81 5A 4C 68 DE 7B (16)
                              [N12:Z] TPOS 'Z' 76 (76)
2025-10-27 13:43:51:749 [OUT] 25 A5 01 07 31 05 81 FF AB 19 75 F7 DF (13)
                              [N7:N] TPOS 255 171 25 117 (-5564043)
2025-10-27 13:43:51:772 [OUT] 25 A5 01 03 31 05 81 FF EC 4A AB 9B 1A (13)
                              [N3:X] TPOS 255 236 74 171 (-1291605)
2025-10-27 13:43:51:797 [OUT] 25 A5 01 06 31 02 D8 3F 51 DD (10)
                              [N6:H] INTERRUPT '?'
2025-10-27 13:43:51:799 [IN ] C8 24 0C 0A 25 A5 0C 01 31 02 81 49 0A 62 DE (15)
                              [N12:Z] TPOS 'I'
2025-10-27 13:43:52:099 [IN ] C8 24 09 0E 25 A5 09 01 31 06 81 53 FF FF FF F5 07 A6 0A C8 24 04 0E 25 A5 04 01 31 06 81 53 FF EE 85 7B FD D3 0A (38)
                              [N9:P] TPOS 'S' 255 255 255 245 (-11)
                              [N4:Y] TPOS 'S' 255 238 133 123 (-1145477)
2025-10-27 13:43:52:400 [IN ] C8 24 07 0E 25 A5 07 01 31 06 81 53 FF FF FF F5 05 92 0A C8 24 03 0E 25 A5 03 01 31 06 81 53 00 00 00 00 0F 7E 0A C8 24 06 0C 25 A5 06 01 31 04 D8 3A 01 01 50 82 0F (55)
                              [N7:N] TPOS 'S' 255 255 255 245 (-11)
                              [N3:X] TPOS 'S' 0 0 0 0 (0)
                              [N6:H] INTERRUPT ':' 1 1 (257)
2025-10-27 13:43:52:422 [OUT] 25 A5 01 06 31 03 C9 3D 0B 4C 0C (11)
                              [N6:H] LFLAG '=' 11 (11)
2025-10-27 13:43:52:444 [OUT] 25 A5 01 0C 31 03 C9 3D 09 50 2E (11)
                              [N12:Z] LFLAG '=' 9 (9)
2025-10-27 13:43:52:591 [IN ] C8 24 06 0B 25 A5 06 01 31 03 C9 3A 0B 49 0B 82 (16)
                              [N6:H] LFLAG ':' 11 (11)
2025-10-27 13:43:52:613 [OUT] 25 A5 01 06 31 03 88 FF B0 72 72 (11)
                              [N6:H] RUN 255 176 (-80)
2025-10-27 13:43:52:717 [IN ] C8 24 0C 0B 25 A5 0C 01 31 03 C9 3A 09 4D 33 82 (16)
                              [N12:Z] LFLAG ':' 9 (9)
2025-10-27 13:43:52:740 [OUT] 25 A5 01 0C 31 05 81 FF BC D0 00 4F 33 (13)
                              [N12:Z] TPOS 255 188 208 0 (-4403200)
2025-10-27 13:43:52:825 [IN ] C8 24 06 0C 25 A5 06 01 31 04 88 53 FF B0 C6 38 0F (17)
                              [N6:H] RUN 'S' 255 176 (-80)
2025-10-27 13:43:52:948 [IN ] C8 24 0C 0E 25 A5 0C 01 31 06 81 53 FF FF FF EB 00 BA 0A (19)
                              [N12:Z] TPOS 'S' 255 255 255 235 (-21)
2025-10-27 13:43:57:360 [IN ] C8 24 06 0B 25 A5 06 01 31 03 81 5A 4C 62 B4 EB C8 24 06 0A 25 A5 06 01 31 02 81 49 04 3E B4 (31)
                              [N6:H] TPOS 'Z' 76 (76)
                              [N6:H] TPOS 'I'
2025-10-27 13:43:57:582 [OUT] 25 A5 01 06 31 03 C9 3D 09 4A 0A (11)
                              [N6:H] LFLAG '=' 9 (9)
2025-10-27 13:43:57:749 [IN ] C8 24 06 0B 25 A5 06 01 31 03 C9 3A 09 47 09 EB (16)
                              [N6:H] LFLAG ':' 9 (9)
2025-10-27 13:43:57:770 [OUT] 25 A5 01 06 31 03 84 00 50 0F 08 (11)
                              [N6:H] VEL 0 80 (80)
2025-10-27 13:43:57:935 [IN ] C8 24 06 0C 25 A5 06 01 31 04 84 53 00 50 63 CA 00 (17)
                              [N6:H] VEL 'S' 0 80 (80)
2025-10-27 13:43:57:957 [OUT] 25 A5 01 06 31 05 81 00 19 82 3C 95 BE (13)
                              [N6:H] TPOS 0 25 130 60 (1671740)
2025-10-27 13:43:58:145 [IN ] C8 24 06 0E 25 A5 06 01 31 06 81 53 00 00 00 00 12 9C 0A (19)
                              [N6:H] TPOS 'S' 0 0 0 0 (0)
2025-10-27 13:43:59:549 [IN ] C8 24 03 0E 25 A5 03 01 31 06 81 45 FF EC 48 B3 E7 3B 0A (19)
                              [N3:X] TPOS 'E' 255 236 72 179 (-1292109)
2025-10-27 13:43:59:752 [IN ] C8 24 09 0E 25 A5 09 01 31 06 81 45 FF E7 59 35 7B 0C 0A (19)
                              [N9:P] TPOS 'E' 255 231 89 53 (-1615563)
2025-10-27 13:43:59:954 [IN ] C8 24 04 0E 25 A5 04 01 31 06 81 45 FF FD 50 09 57 DE 0A (19)
                              [N4:Y] TPOS 'E' 255 253 80 9 (-176119)
2025-10-27 13:43:59:975 [OUT] 25 A5 01 03 31 05 81 FF FD 50 01 08 AF (13)
                              [N3:X] TPOS 255 253 80 1 (-176127)
2025-10-27 13:43:59:998 [OUT] 25 A5 01 09 31 05 81 FF FF D9 C8 60 BE (13)
                              [N9:P] TPOS 255 255 217 200 (-9784)
2025-10-27 13:44:00:164 [IN ] C8 24 03 0E 25 A5 03 01 31 06 81 53 FF EC 48 B3 F5 81 0A (19)
                              [N3:X] TPOS 'S' 255 236 72 179 (-1292109)
2025-10-27 13:44:00:288 [IN ] C8 24 09 0E 25 A5 09 01 31 06 81 53 FF E7 59 39 8D 56 0A (19)
                              [N9:P] TPOS 'S' 255 231 89 57 (-1615559)
2025-10-27 13:44:06:705 [IN ] C8 24 06 0E 25 A5 06 01 31 06 81 45 00 19 86 1C BF C9 0A (19)
                              [N6:H] TPOS 'E' 0 25 134 28 (1672732)
2025-10-27 13:44:07:130 [OUT] 25 A5 01 06 31 05 81 00 0D 03 C1 8F 21 (13)
                              [N6:H] TPOS 0 13 3 193 (852929)
2025-10-27 13:44:07:317 [IN ] C8 24 06 0E 25 A5 06 01 31 06 81 53 00 19 86 1C CD 0F 0A (19)
                              [N6:H] TPOS 'S' 0 25 134 28 (1672732)
2025-10-27 13:44:08:120 [IN ] C8 24 09 0E 25 A5 09 01 31 06 81 45 FF FF DC 42 23 67 0A (19)
                              [N9:P] TPOS 'E' 255 255 220 66 (-9150)
2025-10-27 13:44:08:344 [OUT] 25 A5 01 08 31 02 D8 3F 53 E7 (10)
                              [N8:R] INTERRUPT '?'
2025-10-27 13:44:08:645 [IN ] C8 24 08 0C 25 A5 08 01 31 04 D8 3A 01 01 52 92 23 (17)
                              [N8:R] INTERRUPT ':' 1 1 (257)
2025-10-27 13:44:08:666 [OUT] 25 A5 01 08 31 03 CA 3D 0B 4F 1B (11)
                              [N8:R] RFLAG '=' 11 (11)
2025-10-27 13:44:08:831 [IN ] C8 24 08 0B 25 A5 08 01 31 03 CA 3A 0B 4C 1C 92 (16)
                              [N8:R] RFLAG ':' 11 (11)
2025-10-27 13:44:08:855 [OUT] 25 A5 01 08 31 03 88 00 50 15 20 (11)
                              [N8:R] RUN 0 80 (80)
2025-10-27 13:44:09:020 [IN ] C8 24 08 0C 25 A5 08 01 31 04 88 53 00 50 69 EA 23 (17)
                              [N8:R] RUN 'S' 0 80 (80)
2025-10-27 13:44:10:023 [IN ] C8 24 03 0E 25 A5 03 01 31 06 81 45 FF FD 50 58 A5 23 0A (19)
                              [N3:X] TPOS 'E' 255 253 80 88 (-176040)
2025-10-27 13:44:11:428 [IN ] C8 24 06 0E 25 A5 06 01 31 06 81 45 00 0D 01 6C 7E EB 0A (19)
                              [N6:H] TPOS 'E' 0 13 1 108 (852332)
2025-10-27 13:44:11:652 [OUT] 25 A5 01 05 31 02 D8 3F 50 D8 (10)
                              [N5:V] INTERRUPT '?'
2025-10-27 13:44:11:955 [IN ] C8 24 05 0C 25 A5 05 01 31 04 D8 3A 01 01 4F 7A 7E (17)
                              [N5:V] INTERRUPT ':' 1 1 (257)
2025-10-27 13:44:11:975 [OUT] 25 A5 01 05 31 03 C9 3D 0B 4B 06 (11)
                              [N5:V] LFLAG '=' 11 (11)
2025-10-27 13:44:12:140 [IN ] C8 24 05 0B 25 A5 05 01 31 03 C9 3A 0B 48 04 7A (16)
                              [N5:V] LFLAG ':' 11 (11)
2025-10-27 13:44:12:161 [OUT] 25 A5 01 05 31 03 88 FF B0 71 6C (11)
                              [N5:V] RUN 255 176 (-80)
2025-10-27 13:44:12:326 [IN ] C8 24 05 0C 25 A5 05 01 31 04 88 53 FF B0 C5 30 7E (17)
                              [N5:V] RUN 'S' 255 176 (-80)
2025-10-27 13:44:13:930 [IN ] C8 24 0C 0E 25 A5 0C 01 31 06 81 45 FF BC CC 84 15 DE 0A (19)
                              [N12:Z] TPOS 'E' 255 188 204 132 (-4404092)
2025-10-27 13:44:14:359 [OUT] 25 A5 01 0C 31 05 81 FF D1 1A 67 15 6D (13)
                              [N12:Z] TPOS 255 209 26 103 (-3073433)
2025-10-27 13:44:14:545 [IN ] C8 24 0C 0E 25 A5 0C 01 31 06 81 53 FF BC CC 88 27 28 0A (19)
                              [N12:Z] TPOS 'S' 255 188 204 136 (-4404088)
2025-10-27 13:44:16:151 [IN ] C8 24 08 0B 25 A5 08 01 31 03 81 5A 52 6A C8 88 C8 24 08 0A 25 A5 08 01 31 02 81 49 06 4A C8 (31)
                              [N8:R] TPOS 'Z' 82 (82)
                              [N8:R] TPOS 'I'
2025-10-27 13:44:16:373 [OUT] 25 A5 01 08 31 03 CA 3D 09 4D 19 (11)
                              [N8:R] RFLAG '=' 9 (9)
2025-10-27 13:44:16:522 [IN ] C8 24 08 0B 25 A5 08 01 31 03 CA 3A 09 4A 1A 88 (16)
                              [N8:R] RFLAG ':' 9 (9)
2025-10-27 13:44:16:545 [OUT] 25 A5 01 08 31 05 81 FF DC 77 1D 2F DE (13)
                              [N8:R] TPOS 255 220 119 29 (-2328803)
2025-10-27 13:44:16:731 [IN ] C8 24 08 0E 25 A5 08 01 31 06 81 53 FF FF FF F0 01 97 0A (19)
                              [N8:R] TPOS 'S' 255 255 255 240 (-16)
2025-10-27 13:44:16:933 [IN ] C8 24 07 0E 25 A5 07 01 31 06 81 45 FF AB 14 9E 61 23 0A (19)
                              [N7:N] TPOS 'E' 255 171 20 158 (-5565282)
2025-10-27 13:44:17:361 [OUT] 25 A5 01 07 31 05 81 FF F3 35 BF A5 39 (13)
                              [N7:N] TPOS 255 243 53 191 (-838209)
2025-10-27 13:44:17:405 [IN ] C8 24 05 0B 25 A5 05 01 31 03 81 5A 4C 61 AD 9E (16)
                              [N5:V] TPOS 'Z' 76 (76)
2025-10-27 13:44:17:427 [IN ] C8 24 05 0A 25 A5 05 01 31 02 81 49 03 38 AD (15)
                              [N5:V] TPOS 'I'
2025-10-27 13:44:17:471 [OUT] 25 A5 01 05 31 03 C9 3D 09 49 04 (11)
                              [N5:V] LFLAG '=' 9 (9)
2025-10-27 13:44:17:555 [IN ] C8 24 07 0E 25 A5 07 01 31 06 81 53 FF AB 14 9E 6F 69 0A (19)
                              [N7:N] TPOS 'S' 255 171 20 158 (-5565282)
2025-10-27 13:44:17:658 [IN ] C8 24 05 0B 25 A5 05 01 31 03 C9 3A 09 46 02 9E (16)
                              [N5:V] LFLAG ':' 9 (9)
2025-10-27 13:44:17:681 [OUT] 25 A5 01 05 31 03 84 00 50 0E 02 (11)
                              [N5:V] VEL 0 80 (80)
2025-10-27 13:44:17:847 [IN ] C8 24 05 0C 25 A5 05 01 31 04 84 53 00 50 62 C2 6F (17)
                              [N5:V] VEL 'S' 0 80 (80)
2025-10-27 13:44:17:869 [OUT] 25 A5 01 05 31 05 81 00 19 82 3C 94 B6 (13)
                              [N5:V] TPOS 0 25 130 60 (1671740)
2025-10-27 13:44:18:075 [IN ] C8 24 05 0E 25 A5 05 01 31 06 81 53 00 00 00 00 11 92 0A (19)
                              [N5:V] TPOS 'S' 0 0 0 0 (0)
2025-10-27 13:44:20:882 [IN ] C8 24 0C 0E 25 A5 0C 01 31 06 81 45 FF D1 1E BF B7 FC 0A (19)
                              [N12:Z] TPOS 'E' 255 209 30 191 (-3072321)
2025-10-27 13:44:26:097 [IN ] C8 24 05 0E 25 A5 05 01 31 06 81 45 00 19 86 5F 01 02 0A (19)
                              [N5:V] TPOS 'E' 0 25 134 95 (1672799)
2025-10-27 13:44:26:523 [OUT] 25 A5 01 05 31 05 81 00 0D 03 C1 8E 19 (13)
                              [N5:V] TPOS 0 13 3 193 (852929)
2025-10-27 13:44:26:708 [IN ] C8 24 05 0E 25 A5 05 01 31 06 81 53 00 19 86 5F 0F 48 0A (19)
                              [N5:V] TPOS 'S' 0 25 134 95 (1672799)
2025-10-27 13:44:29:117 [IN ] C8 24 08 0E 25 A5 08 01 31 06 81 45 FF DC 75 7D D3 61 0A (19)
                              [N8:R] TPOS 'E' 255 220 117 125 (-2329219)
2025-10-27 13:44:29:543 [OUT] 25 A5 01 08 31 05 81 FF EE 15 56 18 89 (13)
                              [N8:R] TPOS 255 238 21 86 (-1174186)
2025-10-27 13:44:29:729 [IN ] C8 24 08 0E 25 A5 08 01 31 06 81 53 FF DC 75 83 E7 AD 0A (19)
                              [N8:R] TPOS 'S' 255 220 117 131 (-2329213)
2025-10-27 13:44:31:936 [IN ] C8 24 05 0E 25 A5 05 01 31 06 81 45 00 0D 02 CF E1 46 0A (19)
                              [N5:V] TPOS 'E' 0 13 2 207 (852687)
2025-10-27 13:44:32:159 [OUT] 25 A5 01 03 31 05 81 FF ED B1 30 88 70 (13)
                              [N3:X] TPOS 255 237 177 48 (-1199824)
2025-10-27 13:44:32:185 [OUT] 25 A5 01 04 31 05 81 FF F3 BD 0C 77 7E (13)
                              [N4:Y] TPOS 255 243 189 12 (-803572)
2025-10-27 13:44:32:351 [IN ] C8 24 03 0E 25 A5 03 01 31 06 81 53 FF FD 50 58 B3 69 0A (19)
                              [N3:X] TPOS 'S' 255 253 80 88 (-176040)
2025-10-27 13:44:32:478 [IN ] C8 24 04 0E 25 A5 04 01 31 06 81 53 FF FD 50 09 65 24 0A (19)
                              [N4:Y] TPOS 'S' 255 253 80 9 (-176119)
2025-10-27 13:44:35:685 [IN ] C8 24 04 0E 25 A5 04 01 31 06 81 45 FF F3 B9 9A 47 23 0A (19)
                              [N4:Y] TPOS 'E' 255 243 185 154 (-804454)
2025-10-27 13:44:36:490 [IN ] C8 24 08 0E 25 A5 08 01 31 06 81 45 FF EE 16 68 71 C4 0A (19)
                              [N8:R] TPOS 'E' 255 238 22 104 (-1173912)
2025-10-27 13:44:37:696 [IN ] C8 24 03 0E 25 A5 03 01 31 06 81 45 FF ED AE 7E 19 D5 0A (19)
                              [N3:X] TPOS 'E' 255 237 174 126 (-1200514)
2025-10-27 13:44:38:499 [IN ] C8 24 07 0E 25 A5 07 01 31 06 81 45 FF F3 3A (15)
2025-10-27 13:44:38:700 [IN ] AD DE 56 0A (4)
                              [N7:N] TPOS 'E' 255 243 58 173 (-836947)
