2025-07-02 17:16:10:186 [OUT] 25 A5 01 0A 31 05 D6 3D FF 00 00 53 ED (13)
                              [N10:HMI] HMILED '=' 255 0 0 (16711680)
2025-07-02 17:16:10:209 [OUT] 25 A5 01 03 31 02 D8 3F 4E CE (10)
                              [N3:X] INTERRUPT '?'
2025-07-02 17:16:10:510 [IN ] C8 24 0A 0D 25 A5 0A 01 31 05 D6 3A FF 00 00 50 EA 2F C8 24 03 0C 25 A5 03 01 31 04 D8 3A 01 01 4D 6A EA (35)
                              [N10:HMI] HMILED ':' 255 0 0 (16711680)
                              [N3:X] INTERRUPT ':' 1 1 (257)
2025-07-02 17:16:10:532 [OUT] 25 A5 01 09 31 03 C9 3D 09 4D 1C (11)
                              [N9:P] LFLAG '=' 9 (9)
2025-07-02 17:16:10:554 [OUT] 25 A5 01 04 31 02 D8 3F 4F D3 (10)
                              [N4:Y] INTERRUPT '?'
2025-07-02 17:16:10:855 [IN ] C8 24 09 0B 25 A5 09 01 31 03 C9 3A 09 4A 1E 6A C8 24 04 0C 25 A5 04 01 31 04 D8 3A 01 01 4E 72 EA (33)
                              [N9:P] LFLAG ':' 9 (9)
                              [N4:Y] INTERRUPT ':' 1 1 (257)
2025-07-02 17:16:10:877 [OUT] 25 A5 01 09 31 03 CA 3D 09 4E 1F (11)
                              [N9:P] RFLAG '=' 9 (9)
2025-07-02 17:16:10:899 [OUT] 25 A5 01 0C 31 02 D8 3F 57 FB (10)
                              [N12:Z] INTERRUPT '?'
2025-07-02 17:16:11:200 [IN ] C8 24 09 0B 25 A5 09 01 31 03 CA 3A 09 4B 21 72 C8 24 0C 0C 25 A5 0C 01 31 04 D8 3A 01 01 56 B2 EA (33)
                              [N9:P] RFLAG ':' 9 (9)
                              [N12:Z] INTERRUPT ':' 1 1 (257)
2025-07-02 17:16:11:221 [OUT] 25 A5 01 08 31 03 C9 3D 09 4C 16 (11)
                              [N8:R] LFLAG '=' 9 (9)
2025-07-02 17:16:11:243 [OUT] 25 A5 01 03 31 03 C9 3D 0B 49 FA (11)
                              [N3:X] LFLAG '=' 11 (11)
2025-07-02 17:16:11:264 [OUT] 25 A5 01 04 31 03 C9 3D 0B 4A 00 (11)
                              [N4:Y] LFLAG '=' 11 (11)
2025-07-02 17:16:11:284 [OUT] 25 A5 01 0C 31 03 C9 3D 0B 52 30 (11)
                              [N12:Z] LFLAG '=' 11 (11)
2025-07-02 17:16:11:386 [IN ] C8 24 08 0B 25 A5 08 01 31 03 C9 3A 09 49 17 B2 (16)
                              [N8:R] LFLAG ':' 9 (9)
2025-07-02 17:16:11:408 [OUT] 25 A5 01 08 31 03 CA 3D 09 4D 19 (11)
                              [N8:R] RFLAG '=' 9 (9)
2025-07-02 17:16:11:490 [IN ] C8 24 03 0B 25 A5 03 01 31 03 C9 3A 0B 46 F6 B2 (16)
                              [N3:X] LFLAG ':' 11 (11)
2025-07-02 17:16:11:512 [OUT] 25 A5 01 03 31 03 88 00 50 10 02 (11)
                              [N3:X] RUN 0 80 (80)
2025-07-02 17:16:11:615 [IN ] C8 24 04 0B 25 A5 04 01 31 03 C9 3A 0B 47 FD B2 (16)
                              [N4:Y] LFLAG ':' 11 (11)
2025-07-02 17:16:11:636 [OUT] 25 A5 01 04 31 03 88 00 50 11 08 (11)
                              [N4:Y] RUN 0 80 (80)
2025-07-02 17:16:11:718 [IN ] C8 24 0C 0B 25 A5 0C 01 31 03 C9 3A 0B 4F 35 B2 (16)
                              [N12:Z] LFLAG ':' 11 (11)
2025-07-02 17:16:11:739 [OUT] 25 A5 01 0C 31 03 88 00 50 19 38 (11)
                              [N12:Z] RUN 0 80 (80)
2025-07-02 17:16:11:822 [IN ] C8 24 08 0B 25 A5 08 01 31 03 CA 3A 09 4A 1A B2 (16)
                              [N8:R] RFLAG ':' 9 (9)
2025-07-02 17:16:11:945 [IN ] C8 24 03 0C 25 A5 03 01 31 04 88 53 00 50 64 C2 EA (17)
                              [N3:X] RUN 'S' 0 80 (80)
2025-07-02 17:16:12:027 [IN ] C8 24 04 0C 25 A5 04 01 31 04 88 53 00 50 65 CA EA (17)
                              [N4:Y] RUN 'S' 0 80 (80)
2025-07-02 17:16:12:149 [IN ] C8 24 0C 0C 25 A5 0C 01 31 04 88 53 00 50 6D 0A EA (17)
                              [N12:Z] RUN 'S' 0 80 (80)
2025-07-02 17:16:18:957 [IN ] C8 24 04 0B 25 A5 04 01 31 03 81 5A 4C 60 A6 0A (16)
                              [N4:Y] TPOS 'Z' 76 (76)
2025-07-02 17:16:19:159 [IN ] C8 24 04 0A 25 A5 04 01 31 02 81 49 02 32 A6 (15)
                              [N4:Y] TPOS 'I'
2025-07-02 17:16:19:384 [OUT] 25 A5 01 09 31 02 D8 3F 54 EC (10)
                              [N9:P] INTERRUPT '?'
2025-07-02 17:16:19:685 [IN ] C8 24 09 0C 25 A5 09 01 31 04 D8 3A 01 01 53 9A EA (17)
                              [N9:P] INTERRUPT ':' 1 1 (257)
2025-07-02 17:16:19:707 [OUT] 25 A5 01 04 31 03 C9 3D 09 48 FE (11)
                              [N4:Y] LFLAG '=' 9 (9)
2025-07-02 17:16:19:728 [OUT] 25 A5 01 07 31 02 D8 3F 52 E2 (10)
                              [N7:N] INTERRUPT '?'
2025-07-02 17:16:20:029 [IN ] C8 24 04 0B 25 A5 04 01 31 03 C9 3A 09 45 FB 9A C8 24 07 0C 25 A5 07 01 31 04 D8 3A 01 01 51 8A EA (33)
                              [N4:Y] LFLAG ':' 9 (9)
                              [N7:N] INTERRUPT ':' 1 1 (257)
2025-07-02 17:16:20:050 [OUT] 25 A5 01 09 31 03 C9 3D 0B 4F 1E (11)
                              [N9:P] LFLAG '=' 11 (11)
2025-07-02 17:16:20:072 [OUT] 25 A5 01 07 31 03 C9 3D 0B 4D 12 (11)
                              [N7:N] LFLAG '=' 11 (11)
2025-07-02 17:16:20:216 [IN ] C8 24 09 0B 25 A5 09 01 31 03 C9 3A 0B 4C 20 8A (16)
                              [N9:P] LFLAG ':' 11 (11)
2025-07-02 17:16:20:237 [OUT] 25 A5 01 09 31 03 88 00 50 16 26 (11)
                              [N9:P] RUN 0 80 (80)
2025-07-02 17:16:20:319 [IN ] C8 24 07 0B 25 A5 07 01 31 03 C9 3A 0B 4A 12 8A (16)
                              [N7:N] LFLAG ':' 11 (11)
2025-07-02 17:16:20:340 [OUT] 25 A5 01 07 31 03 88 00 50 14 1A (11)
                              [N7:N] RUN 0 80 (80)
2025-07-02 17:16:20:443 [IN ] C8 24 09 0C 25 A5 09 01 31 04 88 53 00 50 6A F2 EA (17)
                              [N9:P] RUN 'S' 0 80 (80)
2025-07-02 17:16:20:525 [IN ] C8 24 09 0B 25 A5 09 01 31 03 81 5A 4C 65 C9 F2 (16)
                              [N9:P] TPOS 'Z' 76 (76)
2025-07-02 17:16:20:546 [IN ] C8 24 07 0C 25 A5 07 01 31 04 88 53 00 50 68 E2 EA C8 24 09 0A 25 A5 09 01 31 02 81 49 07 50 68 (32)
                              [N7:N] RUN 'S' 0 80 (80)
                              [N9:P] TPOS 'I'
2025-07-02 17:16:20:770 [OUT] 25 A5 01 09 31 03 C9 3D 09 4D 1C (11)
                              [N9:P] LFLAG '=' 9 (9)
2025-07-02 17:16:20:791 [OUT] 25 A5 01 04 31 05 81 FF EE 88 01 32 FA (13)
                              [N4:Y] TPOS 255 238 136 1 (-1144831)
2025-07-02 17:16:20:934 [IN ] C8 24 09 0B 25 A5 09 01 31 03 C9 3A 09 4A 1E E2 (16)
                              [N9:P] LFLAG ':' 9 (9)
2025-07-02 17:16:21:057 [IN ] C8 24 04 0E 25 A5 04 01 31 06 81 53 00 00 00 00 10 88 0A (19)
                              [N4:Y] TPOS 'S' 0 0 0 0 (0)
2025-07-02 17:16:23:062 [IN ] C8 24 03 0B 25 A5 03 01 31 03 81 5A 4C 5F 9F 00 C8 24 03 0A 25 A5 03 01 31 02 81 49 01 2C 9F (31)
                              [N3:X] TPOS 'Z' 76 (76)
                              [N3:X] TPOS 'I'
2025-07-02 17:16:23:285 [OUT] 25 A5 01 03 31 03 C9 3D 09 47 F8 (11)
                              [N3:X] LFLAG '=' 9 (9)
2025-07-02 17:16:23:448 [IN ] C8 24 03 0B 25 A5 03 01 31 03 C9 3A 09 44 F4 00 (16)
                              [N3:X] LFLAG ':' 9 (9)
2025-07-02 17:16:24:652 [IN ] C8 24 07 0B 25 A5 07 01 31 03 81 5A 4C 63 BB 00 C8 24 07 0A 25 A5 07 01 31 02 81 49 05 44 BB (31)
                              [N7:N] TPOS 'Z' 76 (76)
                              [N7:N] TPOS 'I'
2025-07-02 17:16:24:876 [OUT] 25 A5 01 07 31 03 C9 3D 09 4B 10 (11)
                              [N7:N] LFLAG '=' 9 (9)
2025-07-02 17:16:25:039 [IN ] C8 24 07 0B 25 A5 07 01 (8)
2025-07-02 17:16:25:061 [IN ] 31 03 C9 3A 09 48 10 00 (8)
                              [N7:N] LFLAG ':' 9 (9)
2025-07-02 17:16:27:264 [IN ] C8 24 04 0E 25 A5 04 01 31 06 81 45 FF EE 85 9F 13 B1 0A (19)
                              [N4:Y] TPOS 'E' 255 238 133 159 (-1145441)
2025-07-02 17:16:27:488 [OUT] 25 A5 01 09 31 05 81 FF E7 5D 56 5A 0C (13)
                              [N9:P] TPOS 255 231 93 86 (-1614506)
2025-07-02 17:16:27:510 [OUT] 25 A5 01 04 31 05 81 FF FD 50 01 09 B7 (13)
                              [N4:Y] TPOS 255 253 80 1 (-176127)
2025-07-02 17:16:27:532 [OUT] 25 A5 01 07 31 05 81 FF AB 19 75 F7 DF (13)
                              [N7:N] TPOS 255 171 25 117 (-5564043)
2025-07-02 17:16:27:553 [OUT] 25 A5 01 03 31 05 81 FF EB D8 01 7E 89 (13)
                              [N3:X] TPOS 255 235 216 1 (-1320959)
2025-07-02 17:16:27:575 [OUT] 25 A5 01 06 31 02 D8 3F 51 DD (10)
                              [N6:H] INTERRUPT '?'
2025-07-02 17:16:27:876 [IN ] C8 24 09 0E 25 A5 09 01 31 06 81 53 FF FF FF F9 0B AA 0A C8 24 04 0E 25 A5 04 01 31 06 81 53 FF EE 85 9F 21 F7 0A (38)
                              [N9:P] TPOS 'S' 255 255 255 249 (-7)
                              [N4:Y] TPOS 'S' 255 238 133 159 (-1145441)
2025-07-02 17:16:28:178 [IN ] C8 24 07 0E 25 A5 07 01 31 06 81 53 FF FF FF F7 07 94 0A C8 24 03 0E 25 A5 03 01 31 06 81 53 FF FF FF FF 0B 74 0A C8 24 06 0C 25 A5 06 01 31 04 D8 3A 01 01 50 82 0B (55)
                              [N7:N] TPOS 'S' 255 255 255 247 (-9)
                              [N3:X] TPOS 'S' 255 255 255 255 (-1)
                              [N6:H] INTERRUPT ':' 1 1 (257)
2025-07-02 17:16:28:199 [OUT] 25 A5 01 06 31 03 C9 3D 0B 4C 0C (11)
                              [N6:H] LFLAG '=' 11 (11)
2025-07-02 17:16:28:362 [IN ] C8 24 06 0B 25 A5 06 01 31 03 C9 3A 0B 49 0B 82 (16)
                              [N6:H] LFLAG ':' 11 (11)
2025-07-02 17:16:28:383 [OUT] 25 A5 01 06 31 03 88 FF 9C 5E 5E (11)
                              [N6:H] RUN 255 156 (-100)
2025-07-02 17:16:28:546 [IN ] C8 24 06 0C 25 A5 06 01 31 04 88 53 FF 9C B2 24 0B (17)
                              [N6:H] RUN 'S' 255 156 (-100)
2025-07-02 17:16:31:351 [IN ] C8 24 0C 0B 25 A5 0C 01 31 03 81 5A 4C 68 DE 24 C8 24 0C 0A 25 A5 0C 01 31 02 81 49 0A 62 DE (31)
                              [N12:Z] TPOS 'Z' 76 (76)
                              [N12:Z] TPOS 'I'
2025-07-02 17:16:31:575 [OUT] 25 A5 01 0C 31 03 C9 3D 09 50 2E (11)
                              [N12:Z] LFLAG '=' 9 (9)
2025-07-02 17:16:31:739 [IN ] C8 24 0C 0B 25 A5 0C 01 31 03 C9 3A (12)
2025-07-02 17:16:31:760 [IN ] 09 4D 33 24 (4)
                              [N12:Z] LFLAG ':' 9 (9)
2025-07-02 17:16:31:781 [OUT] 25 A5 01 0C 31 05 81 FF BC D0 00 4F 33 (13)
                              [N12:Z] TPOS 255 188 208 0 (-4403200)
2025-07-02 17:16:31:964 [IN ] C8 24 0C 0E 25 A5 0C 01 31 06 81 53 FF FF FF 7B 90 4A 0A (19)
                              [N12:Z] TPOS 'S' 255 255 255 123 (-133)
2025-07-02 17:16:34:368 [IN ] C8 24 06 0B 25 A5 06 01 31 03 81 5A 4C 62 B4 7B (16)
                              [N6:H] TPOS 'Z' 76 (76)
2025-07-02 17:16:34:571 [IN ] C8 24 06 0A 25 A5 06 01 31 02 81 49 04 3E B4 (15)
                              [N6:H] TPOS 'I'
2025-07-02 17:16:34:795 [OUT] 25 A5 01 06 31 03 C9 3D 09 4A 0A (11)
                              [N6:H] LFLAG '=' 9 (9)
2025-07-02 17:16:34:959 [IN ] C8 24 06 0B 25 (5)
2025-07-02 17:16:34:980 [IN ] A5 06 01 31 03 C9 3A 09 47 09 7B (11)
                              [N6:H] LFLAG ':' 9 (9)
2025-07-02 17:16:35:001 [OUT] 25 A5 01 06 31 03 84 00 64 23 1C (11)
                              [N6:H] VEL 0 100 (100)
2025-07-02 17:16:35:164 [IN ] C8 24 06 0C 25 A5 06 01 31 04 84 53 00 64 77 DE 90 (17)
                              [N6:H] VEL 'S' 0 100 (100)
2025-07-02 17:16:35:185 [OUT] 25 A5 01 06 31 05 81 00 19 82 3C 95 BE (13)
                              [N6:H] TPOS 0 25 130 60 (1671740)
2025-07-02 17:16:35:388 [IN ] C8 24 06 0E 25 A5 06 01 31 06 81 53 00 00 00 00 12 9C 0A (19)
                              [N6:H] TPOS 'S' 0 0 0 0 (0)
2025-07-02 17:16:35:989 [IN ] C8 24 03 0E 25 A5 03 01 31 06 81 45 FF EB D6 90 51 31 0A (19)
                              [N3:X] TPOS 'E' 255 235 214 144 (-1321328)
2025-07-02 17:16:36:414 [OUT] 25 A5 01 03 31 05 81 FF FD 50 01 08 AF (13)
                              [N3:X] TPOS 255 253 80 1 (-176127)
2025-07-02 17:16:36:617 [IN ] C8 24 03 0E 25 A5 03 01 31 06 81 53 FF EB D6 90 5F 77 0A (19)
                              [N3:X] TPOS 'S' 255 235 214 144 (-1321328)
2025-07-02 17:16:36:819 [IN ] C8 24 04 0E 25 A5 04 01 31 06 81 45 FF FD 4F C2 0F 95 0A (19)
                              [N4:Y] TPOS 'E' 255 253 79 194 (-176190)
2025-07-02 17:16:37:822 [IN ] C8 24 09 0E 25 A5 09 01 31 06 81 45 FF E7 5B F3 3B CE 0A (19)
                              [N9:P] TPOS 'E' 255 231 91 243 (-1614861)
2025-07-02 17:16:38:247 [OUT] 25 A5 01 09 31 05 81 FF FF D9 C8 60 BE (13)
                              [N9:P] TPOS 255 255 217 200 (-9784)
2025-07-02 17:16:38:430 [IN ] C8 24 09 0E 25 A5 09 01 31 06 81 53 FF E7 5B FA 50 1B 0A (19)
                              [N9:P] TPOS 'S' 255 231 91 250 (-1614854)
2025-07-02 17:16:45:839 [IN ] C8 24 06 0E 25 A5 06 01 31 06 81 45 00 19 83 32 D2 D9 0A (19)
                              [N6:H] TPOS 'E' 0 25 131 50 (1671986)
2025-07-02 17:16:46:264 [OUT] 25 A5 01 06 31 05 81 00 0D 03 C1 8F 21 (13)
                              [N6:H] TPOS 0 13 3 193 (852929)
2025-07-02 17:16:46:446 [IN ] C8 24 06 0E 25 A5 06 01 31 06 81 53 00 19 83 32 E0 1F 0A (19)
                              [N6:H] TPOS 'S' 0 25 131 50 (1671986)
2025-07-02 17:16:48:450 [IN ] C8 24 03 0E 25 A5 03 01 31 06 81 45 FF FD 4F FB 47 C4 0A (19)
                              [N3:X] TPOS 'E' 255 253 79 251 (-176133)
2025-07-02 17:16:48:652 [IN ] C8 24 09 0E 25 A5 09 01 31 06 81 45 FF FF DA 5C 3B 7D 0A (19)
                              [N9:P] TPOS 'E' 255 255 218 92 (-9636)
2025-07-02 17:16:48:876 [OUT] 25 A5 01 08 31 02 D8 3F 53 E7 (10)
                              [N8:R] INTERRUPT '?'
2025-07-02 17:16:49:177 [IN ] C8 24 08 0C 25 A5 08 01 31 04 D8 3A 01 01 52 92 3B (17)
                              [N8:R] INTERRUPT ':' 1 1 (257)
2025-07-02 17:16:49:198 [OUT] 25 A5 01 08 31 03 CA 3D 0B 4F 1B (11)
                              [N8:R] RFLAG '=' 11 (11)
2025-07-02 17:16:49:361 [IN ] C8 24 08 0B 25 A5 08 01 31 03 CA 3A 0B 4C 1C 92 (16)
                              [N8:R] RFLAG ':' 11 (11)
2025-07-02 17:16:49:383 [OUT] 25 A5 01 08 31 03 88 00 50 15 20 (11)
                              [N8:R] RUN 0 80 (80)
2025-07-02 17:16:49:546 [IN ] C8 24 08 0C 25 A5 08 01 31 04 88 53 00 50 69 EA 3B (17)
                              [N8:R] RUN 'S' 0 80 (80)
2025-07-02 17:16:50:949 [IN ] C8 24 06 0E 25 A5 06 01 31 06 81 45 00 0D 03 43 57 C6 0A (19)
                              [N6:H] TPOS 'E' 0 13 3 67 (852803)
2025-07-02 17:16:51:172 [OUT] 25 A5 01 05 31 02 D8 3F 50 D8 (10)
                              [N5:V] INTERRUPT '?'
2025-07-02 17:16:51:474 [IN ] C8 24 05 0C 25 A5 05 01 31 04 D8 3A 01 01 4F 7A 57 (17)
                              [N5:V] INTERRUPT ':' 1 1 (257)
2025-07-02 17:16:51:495 [OUT] 25 A5 01 05 31 03 C9 3D 0B 4B 06 (11)
                              [N5:V] LFLAG '=' 11 (11)
2025-07-02 17:16:51:658 [IN ] C8 24 05 0B 25 A5 05 01 31 03 C9 3A 0B 48 04 7A (16)
                              [N5:V] LFLAG ':' 11 (11)
2025-07-02 17:16:51:680 [OUT] 25 A5 01 05 31 03 88 FF B0 71 6C (11)
                              [N5:V] RUN 255 176 (-80)
2025-07-02 17:16:51:842 [IN ] C8 24 05 0C 25 A5 05 01 31 04 88 53 FF B0 C5 30 57 (17)
                              [N5:V] RUN 'S' 255 176 (-80)
2025-07-02 17:16:53:845 [IN ] C8 24 07 0E 25 A5 07 01 31 06 81 45 FF AB 15 0F D3 96 0A (19)
                              [N7:N] TPOS 'E' 255 171 21 15 (-5565169)
2025-07-02 17:16:54:270 [OUT] 25 A5 01 07 31 05 81 FF F3 35 BF A5 39 (13)
                              [N7:N] TPOS 255 243 53 191 (-838209)
2025-07-02 17:16:54:453 [IN ] C8 24 07 0E 25 A5 07 01 31 06 81 53 FF AB 15 0F E1 DC 0A (19)
                              [N7:N] TPOS 'S' 255 171 21 15 (-5565169)
2025-07-02 17:16:55:856 [IN ] C8 24 08 0B 25 A5 08 01 31 03 81 5A 52 6A C8 0F (16)
                              [N8:R] TPOS 'Z' 82 (82)
2025-07-02 17:16:56:059 [IN ] C8 24 08 0A 25 A5 08 01 31 02 81 49 06 4A C8 (15)
                              [N8:R] TPOS 'I'
2025-07-02 17:16:56:282 [OUT] 25 A5 01 08 31 03 CA 3D 09 4D 19 (11)
                              [N8:R] RFLAG '=' 9 (9)
2025-07-02 17:16:56:466 [IN ] C8 24 08 0B 25 A5 08 01 31 03 CA 3A 09 4A 1A 0F (16)
                              [N8:R] RFLAG ':' 9 (9)
2025-07-02 17:16:56:488 [OUT] 25 A5 01 08 31 05 81 FF DC 77 1D 2F DE (13)
                              [N8:R] TPOS 255 220 119 29 (-2328803)
2025-07-02 17:16:56:691 [IN ] C8 24 08 0E 25 A5 08 01 31 06 81 53 FF FF FF F2 03 99 0A (19)
                              [N8:R] TPOS 'S' 255 255 255 242 (-14)
2025-07-02 17:16:56:894 [IN ] C8 24 05 0B 25 A5 05 01 31 03 81 5A 4C 61 AD F2 C8 24 05 0A (20)
                              [N5:V] TPOS 'Z' 76 (76)
2025-07-02 17:16:57:097 [IN ] 25 A5 05 01 31 02 81 49 03 38 AD (11)
                              [N5:V] TPOS 'I'
2025-07-02 17:16:57:320 [OUT] 25 A5 01 05 31 03 C9 3D 09 49 04 (11)
                              [N5:V] LFLAG '=' 9 (9)
2025-07-02 17:16:57:504 [IN ] C8 24 05 0B 25 A5 05 01 31 03 C9 3A 09 46 02 F2 (16)
                              [N5:V] LFLAG ':' 9 (9)
2025-07-02 17:16:57:525 [OUT] 25 A5 01 05 31 03 84 00 50 0E 02 (11)
                              [N5:V] VEL 0 80 (80)
2025-07-02 17:16:57:709 [IN ] C8 24 05 0C 25 A5 05 01 31 04 84 53 00 50 62 C2 03 (17)
                              [N5:V] VEL 'S' 0 80 (80)
2025-07-02 17:16:57:730 [OUT] 25 A5 01 05 31 05 81 00 19 82 3C 94 B6 (13)
                              [N5:V] TPOS 0 25 130 60 (1671740)
2025-07-02 17:16:57:913 [IN ] C8 24 05 0E 25 A5 05 01 31 06 81 53 00 00 00 00 11 92 0A (19)
                              [N5:V] TPOS 'S' 0 0 0 0 (0)
2025-07-02 17:16:59:736 [OUT] 25 A5 01 0C 31 01 82 C1 4C (9)
                              [N12:Z] GETPOS
2025-07-02 17:16:59:757 [OUT] 25 A5 01 05 31 01 82 BA 30 (9)
                              [N5:V] GETPOS
2025-07-02 17:16:59:779 [OUT] 25 A5 01 07 31 01 82 BC 38 (9)
                              [N7:N] GETPOS
2025-07-02 17:16:59:800 [OUT] 25 A5 01 08 31 01 82 BD 3C (9)
                              [N8:R] GETPOS
2025-07-02 17:16:59:882 [IN ] C8 24 0C 0D 25 A5 0C 01 31 05 82 FF BE F5 77 EE 0A 92 (18)
                              [N12:Z] GETPOS 255 190 245 119 (-4262537)
2025-07-02 17:16:59:964 [IN ] C8 24 05 0D 25 A5 05 01 31 05 82 00 06 CD 25 B6 05 92 (18)
                              [N5:V] GETPOS 0 6 205 37 (445733)
2025-07-02 17:17:00:066 [IN ] C8 24 07 0D 25 A5 07 01 31 05 82 FF BD D8 15 69 3E 92 (18)
                              [N7:N] GETPOS 255 189 216 21 (-4335595)
2025-07-02 17:17:00:149 [IN ] C8 24 08 0D 25 A5 08 01 31 05 82 FF F5 8F BE 02 06 92 (18)
                              [N8:R] GETPOS 255 245 143 190 (-684098)
2025-07-02 17:17:01:151 [IN ] C8 24 0C 0E 25 A5 0C 01 31 06 81 45 FF BC D0 8F 24 F1 0A (19)
                              [N12:Z] TPOS 'E' 255 188 208 143 (-4403057)
2025-07-02 17:17:01:575 [OUT] 25 A5 01 0C 31 05 81 FF D1 1A 67 15 6D (13)
                              [N12:Z] TPOS 255 209 26 103 (-3073433)
2025-07-02 17:17:01:758 [IN ] C8 24 0C 0E 25 A5 0C 01 31 06 81 53 FF BC D0 B3 56 5B 0A (19)
                              [N12:Z] TPOS 'S' 255 188 208 179 (-4403021)
2025-07-02 17:17:05:763 [IN ] C8 24 (2)
2025-07-02 17:17:05:964 [IN ] 05 0E 25 A5 05 01 31 06 81 45 00 19 86 28 CA CB 0A (17)
                              [N5:V] TPOS 'E' 0 25 134 40 (1672744)
2025-07-02 17:17:06:389 [OUT] 25 A5 01 05 31 05 81 00 0D 03 C1 8E 19 (13)
                              [N5:V] TPOS 0 13 3 193 (852929)
2025-07-02 17:17:06:592 [IN ] C8 24 05 0E 25 A5 05 01 31 06 81 53 00 19 86 28 D8 11 0A (19)
                              [N5:V] TPOS 'S' 0 25 134 40 (1672744)
2025-07-02 17:17:08:796 [IN ] C8 24 08 0E 25 A5 08 01 31 06 81 45 FF DC 73 BA 0E 9A 0A (19)
                              [N8:R] TPOS 'E' 255 220 115 186 (-2329670)
2025-07-02 17:17:09:220 [OUT] 25 A5 01 08 31 05 81 FF EE 15 56 18 89 (13)
                              [N8:R] TPOS 255 238 21 86 (-1174186)
2025-07-02 17:17:09:424 [IN ] C8 24 08 0E 25 A5 08 01 31 06 81 53 FF DC 73 BD 1F E3 0A (19)
                              [N8:R] TPOS 'S' 255 220 115 189 (-2329667)
2025-07-02 17:17:10:626 [IN ] C8 24 0C 0E 25 A5 0C 01 31 06 81 45 FF D1 1B 1F 14 56 0A (19)
                              [N12:Z] TPOS 'E' 255 209 27 31 (-3073249)
2025-07-02 17:17:11:629 [IN ] C8 24 05 0E 25 A5 05 01 31 06 81 45 00 0D 01 BA CB 2F 0A (19)
                              [N5:V] TPOS 'E' 0 13 1 186 (852410)
2025-07-02 17:17:11:854 [OUT] 25 A5 01 03 31 05 81 FF ED B1 30 88 70 (13)
                              [N3:X] TPOS 255 237 177 48 (-1199824)
2025-07-02 17:17:11:876 [OUT] 25 A5 01 04 31 05 81 FF F3 BD 0C 77 7E (13)
                              [N4:Y] TPOS 255 243 189 12 (-803572)
2025-07-02 17:17:12:038 [IN ] C8 24 03 0E 25 A5 03 (7)
2025-07-02 17:17:12:060 [IN ] 01 31 06 81 53 FF FD 4F FB 55 0A 0A (12)
                              [N3:X] TPOS 'S' 255 253 79 251 (-176133)
2025-07-02 17:17:12:182 [IN ] C8 24 04 0E 25 A5 04 01 31 06 81 53 FF FD 4F C2 1D DB 0A (19)
                              [N4:Y] TPOS 'S' 255 253 79 194 (-176190)
2025-07-02 17:17:15:586 [IN ] C8 24 08 0E 25 A5 08 01 31 06 81 45 FF EE 18 DE E9 3E 0A C8 24 04 0E 25 A5 04 01 31 06 81 45 FF F3 BA 2D DB B8 0A (38)
                              [N8:R] TPOS 'E' 255 238 24 222 (-1173282)
                              [N4:Y] TPOS 'E' 255 243 186 45 (-804307)
2025-07-02 17:17:16:190 [IN ] C8 24 07 0E 25 A5 07 01 31 06 81 45 FF F3 3A 43 74 EC 0A (19)
                              [N7:N] TPOS 'E' 255 243 58 67 (-837053)
2025-07-02 17:17:17:994 [IN ] C8 24 03 0E 25 A5 03 01 31 06 81 45 FF ED AF 92 2E EB 0A (19)
                              [N3:X] TPOS 'E' 255 237 175 146 (-1200238)
