2026-03-21 15:10:20:481 [OUT] 25 A5 01 0A 31 05 D6 3D FF 00 00 53 ED (13)
                              [N10:HMI] HMILED '=' 255 0 0 (16711680)
2026-03-21 15:10:20:505 [OUT] 25 A5 01 03 31 02 D8 3F 4E CE (10)
                              [N3:X] INTERRUPT '?'
2026-03-21 15:10:20:806 [IN ] C8 24 0A 0D 25 A5 0A 01 31 05 D6 3A FF 00 00 50 EA 17 C8 24 03 0C 25 A5 03 01 31 04 D8 3A 01 01 4D 6A EA (35)
                              [N10:HMI] HMILED ':' 255 0 0 (16711680)
                              [N3:X] INTERRUPT ':' 1 1 (257)
2026-03-21 15:10:20:827 [OUT] 25 A5 01 09 31 03 C9 3D 09 4D 1C (11)
                              [N9:P] LFLAG '=' 9 (9)
2026-03-21 15:10:20:851 [OUT] 25 A5 01 04 31 02 D8 3F 4F D3 (10)
                              [N4:Y] INTERRUPT '?'
2026-03-21 15:10:21:153 [IN ] C8 24 09 0B 25 A5 09 01 31 03 C9 3A 09 4A 1E 6A C8 24 04 0C 25 A5 04 01 31 04 D8 3A 01 01 4E 72 EA (33)
                              [N9:P] LFLAG ':' 9 (9)
                              [N4:Y] INTERRUPT ':' 1 1 (257)
2026-03-21 15:10:21:175 [OUT] 25 A5 01 09 31 03 CA 3D 09 4E 1F (11)
                              [N9:P] RFLAG '=' 9 (9)
2026-03-21 15:10:21:197 [OUT] 25 A5 01 0C 31 02 D8 3F 57 FB (10)
                              [N12:Z] INTERRUPT '?'
2026-03-21 15:10:21:498 [IN ] C8 24 09 0B 25 A5 09 01 31 03 CA 3A 09 4B 21 72 C8 24 0C 0C 25 A5 0C 01 31 04 D8 3A 01 01 56 B2 EA (33)
                              [N9:P] RFLAG ':' 9 (9)
                              [N12:Z] INTERRUPT ':' 1 1 (257)
2026-03-21 15:10:21:519 [OUT] 25 A5 01 08 31 03 C9 3D 09 4C 16 (11)
                              [N8:R] LFLAG '=' 9 (9)
2026-03-21 15:10:21:541 [OUT] 25 A5 01 03 31 03 C9 3D 0B 49 FA (11)
                              [N3:X] LFLAG '=' 11 (11)
2026-03-21 15:10:21:567 [OUT] 25 A5 01 04 31 03 C9 3D 0B 4A 00 (11)
                              [N4:Y] LFLAG '=' 11 (11)
2026-03-21 15:10:21:589 [OUT] 25 A5 01 0C 31 03 C9 3D 0B 52 30 (11)
                              [N12:Z] LFLAG '=' 11 (11)
2026-03-21 15:10:21:694 [IN ] C8 24 08 0B 25 A5 08 01 31 03 C9 3A 09 49 17 B2 (16)
                              [N8:R] LFLAG ':' 9 (9)
2026-03-21 15:10:21:715 [OUT] 25 A5 01 08 31 03 CA 3D 09 4D 19 (11)
                              [N8:R] RFLAG '=' 9 (9)
2026-03-21 15:10:21:800 [IN ] C8 24 03 0B 25 A5 03 01 31 03 C9 3A 0B 46 F6 B2 (16)
                              [N3:X] LFLAG ':' 11 (11)
2026-03-21 15:10:21:821 [OUT] 25 A5 01 03 31 03 88 00 50 10 02 (11)
                              [N3:X] RUN 0 80 (80)
2026-03-21 15:10:21:888 [IN ] C8 24 04 0B 25 A5 04 01 31 03 C9 3A 0B 47 FD B2 (16)
                              [N4:Y] LFLAG ':' 11 (11)
2026-03-21 15:10:21:910 [OUT] 25 A5 01 04 31 03 88 00 50 11 08 (11)
                              [N4:Y] RUN 0 80 (80)
2026-03-21 15:10:22:014 [IN ] C8 24 0C 0B 25 A5 0C 01 31 03 C9 3A 0B 4F 35 B2 (16)
                              [N12:Z] LFLAG ':' 11 (11)
2026-03-21 15:10:22:036 [OUT] 25 A5 01 0C 31 03 88 00 50 19 38 (11)
                              [N12:Z] RUN 0 80 (80)
2026-03-21 15:10:22:120 [IN ] C8 24 08 0B 25 A5 08 01 (8)
2026-03-21 15:10:22:142 [IN ] 31 03 CA 3A 09 4A 1A B2 (8)
                              [N8:R] RFLAG ':' 9 (9)
2026-03-21 15:10:22:247 [IN ] C8 24 03 0C 25 A5 03 01 31 04 88 53 00 50 64 C2 EA (17)
                              [N3:X] RUN 'S' 0 80 (80)
2026-03-21 15:10:22:351 [IN ] C8 24 04 0C 25 A5 04 01 31 04 88 53 00 50 65 CA EA (17)
                              [N4:Y] RUN 'S' 0 80 (80)
2026-03-21 15:10:22:456 [IN ] C8 24 0C 0C 25 A5 0C 01 31 04 88 53 00 50 6D 0A EA (17)
                              [N12:Z] RUN 'S' 0 80 (80)
2026-03-21 15:10:29:078 [IN ] C8 24 04 0B 25 A5 04 01 31 03 81 5A 4C 60 A6 0A C8 24 04 0A 25 A5 04 01 31 02 81 49 02 32 A6 (31)
                              [N4:Y] TPOS 'Z' 76 (76)
                              [N4:Y] TPOS 'I'
2026-03-21 15:10:29:301 [OUT] 25 A5 01 09 31 02 D8 3F 54 EC (10)
                              [N9:P] INTERRUPT '?'
2026-03-21 15:10:29:603 [IN ] C8 24 09 0C 25 A5 09 01 31 04 D8 3A 01 01 53 9A EA (17)
                              [N9:P] INTERRUPT ':' 1 1 (257)
2026-03-21 15:10:29:625 [OUT] 25 A5 01 04 31 03 C9 3D 09 48 FE (11)
                              [N4:Y] LFLAG '=' 9 (9)
2026-03-21 15:10:29:648 [OUT] 25 A5 01 07 31 02 D8 3F 52 E2 (10)
                              [N7:N] INTERRUPT '?'
2026-03-21 15:10:29:949 [IN ] C8 24 04 0B 25 A5 04 01 31 03 C9 3A 09 45 FB 9A C8 24 07 0C 25 A5 07 01 31 04 D8 3A 01 01 51 8A EA (33)
                              [N4:Y] LFLAG ':' 9 (9)
                              [N7:N] INTERRUPT ':' 1 1 (257)
2026-03-21 15:10:29:971 [OUT] 25 A5 01 09 31 03 C9 3D 0B 4F 1E (11)
                              [N9:P] LFLAG '=' 11 (11)
2026-03-21 15:10:29:992 [OUT] 25 A5 01 07 31 03 C9 3D 0B 4D 12 (11)
                              [N7:N] LFLAG '=' 11 (11)
2026-03-21 15:10:30:139 [IN ] C8 24 09 0B 25 A5 09 01 31 03 C9 3A 0B 4C 20 8A (16)
                              [N9:P] LFLAG ':' 11 (11)
2026-03-21 15:10:30:162 [OUT] 25 A5 01 09 31 03 88 00 50 16 26 (11)
                              [N9:P] RUN 0 80 (80)
2026-03-21 15:10:30:247 [IN ] C8 24 07 0B 25 A5 07 01 31 03 C9 3A 0B 4A 12 8A (16)
                              [N7:N] LFLAG ':' 11 (11)
2026-03-21 15:10:30:269 [OUT] 25 A5 01 07 31 03 88 00 50 14 1A (11)
                              [N7:N] RUN 0 80 (80)
2026-03-21 15:10:30:374 [IN ] C8 24 09 0C 25 A5 09 01 31 04 88 53 00 50 6A F2 EA (17)
                              [N9:P] RUN 'S' 0 80 (80)
2026-03-21 15:10:30:419 [IN ] C8 24 09 0B 25 A5 09 01 31 03 81 5A 4C 65 C9 F2 (16)
                              [N9:P] TPOS 'Z' 76 (76)
2026-03-21 15:10:30:442 [IN ] C8 24 09 0A 25 A5 09 01 31 02 81 49 07 50 C9 (15)
                              [N9:P] TPOS 'I'
2026-03-21 15:10:30:464 [IN ] C8 24 07 0C 25 A5 07 01 31 04 88 53 00 50 68 E2 EA (17)
                              [N7:N] RUN 'S' 0 80 (80)
2026-03-21 15:10:30:486 [OUT] 25 A5 01 09 31 03 C9 3D 09 4D 1C (11)
                              [N9:P] LFLAG '=' 9 (9)
2026-03-21 15:10:30:509 [OUT] 25 A5 01 04 31 05 81 FF EE 88 01 32 FA (13)
                              [N4:Y] TPOS 255 238 136 1 (-1144831)
2026-03-21 15:10:30:657 [IN ] C8 24 09 0B 25 A5 09 01 31 03 C9 3A 09 4A 1E E2 (16)
                              [N9:P] LFLAG ':' 9 (9)
2026-03-21 15:10:30:783 [IN ] C8 24 04 0E 25 A5 04 01 31 06 81 53 00 00 00 00 10 88 0A (19)
                              [N4:Y] TPOS 'S' 0 0 0 0 (0)
2026-03-21 15:10:31:589 [IN ] C8 24 03 0B 25 A5 03 01 31 03 81 5A 4C 5F 9F 00 (16)
                              [N3:X] TPOS 'Z' 76 (76)
2026-03-21 15:10:31:792 [IN ] C8 24 03 0A 25 A5 03 01 31 02 81 49 01 2C 9F (15)
                              [N3:X] TPOS 'I'
2026-03-21 15:10:32:017 [OUT] 25 A5 01 03 31 03 C9 3D 09 47 F8 (11)
                              [N3:X] LFLAG '=' 9 (9)
2026-03-21 15:10:32:186 [IN ] C8 24 03 0B 25 A5 03 01 31 03 C9 3A 09 44 F4 00 (16)
                              [N3:X] LFLAG ':' 9 (9)
2026-03-21 15:10:34:396 [IN ] C8 24 07 0B 25 A5 07 01 31 03 81 5A 4C 63 BB 00 C8 24 07 0A 25 A5 07 01 31 02 81 49 05 44 BB (31)
                              [N7:N] TPOS 'Z' 76 (76)
                              [N7:N] TPOS 'I'
2026-03-21 15:10:34:619 [OUT] 25 A5 01 07 31 03 C9 3D 09 4B 10 (11)
                              [N7:N] LFLAG '=' 9 (9)
2026-03-21 15:10:34:785 [IN ] C8 24 07 0B 25 A5 07 01 31 03 C9 3A 09 48 10 00 (16)
                              [N7:N] LFLAG ':' 9 (9)
2026-03-21 15:10:36:993 [IN ] C8 24 04 0E 25 A5 04 01 31 06 81 45 FF EE 85 D1 45 E3 0A (19)
                              [N4:Y] TPOS 'E' 255 238 133 209 (-1145391)
2026-03-21 15:10:37:219 [OUT] 25 A5 01 09 31 05 81 FF E7 5D 56 5A 0C (13)
                              [N9:P] TPOS 255 231 93 86 (-1614506)
2026-03-21 15:10:37:242 [OUT] 25 A5 01 04 31 05 81 FF FD 50 01 09 B7 (13)
                              [N4:Y] TPOS 255 253 80 1 (-176127)
2026-03-21 15:10:37:266 [OUT] 25 A5 01 07 31 05 81 FF AB 19 75 F7 DF (13)
                              [N7:N] TPOS 255 171 25 117 (-5564043)
2026-03-21 15:10:37:288 [OUT] 25 A5 01 03 31 05 81 FF EC 4A AB 9B 1A (13)
                              [N3:X] TPOS 255 236 74 171 (-1291605)
2026-03-21 15:10:37:310 [OUT] 25 A5 01 06 31 02 D8 3F 51 DD (10)
                              [N6:H] INTERRUPT '?'
2026-03-21 15:10:37:613 [IN ] C8 24 09 0E 25 A5 09 01 31 06 81 53 FF FF FF FA 0C AB 0A C8 24 04 0E 25 A5 04 01 31 06 81 53 FF EE 85 D1 53 29 0A (38)
                              [N9:P] TPOS 'S' 255 255 255 250 (-6)
                              [N4:Y] TPOS 'S' 255 238 133 209 (-1145391)
2026-03-21 15:10:37:915 [IN ] C8 24 07 0E 25 A5 07 01 31 06 81 53 FF FF FF F3 03 90 0A C8 24 03 0E 25 A5 03 01 31 06 81 53 00 00 00 00 0F 7E 0A C8 24 06 0C 25 A5 06 01 31 04 D8 3A 01 01 50 82 0F (55)
                              [N7:N] TPOS 'S' 255 255 255 243 (-13)
                              [N3:X] TPOS 'S' 0 0 0 0 (0)
                              [N6:H] INTERRUPT ':' 1 1 (257)
2026-03-21 15:10:37:937 [OUT] 25 A5 01 06 31 03 C9 3D 0B 4C 0C (11)
                              [N6:H] LFLAG '=' 11 (11)
2026-03-21 15:10:38:106 [IN ] C8 24 06 0B 25 A5 06 01 31 03 C9 3A 0B 49 0B 82 (16)
                              [N6:H] LFLAG ':' 11 (11)
2026-03-21 15:10:38:128 [OUT] 25 A5 01 06 31 03 88 FF B0 72 72 (11)
                              [N6:H] RUN 255 176 (-80)
2026-03-21 15:10:38:299 [IN ] C8 24 06 0C 25 A5 06 01 31 04 88 53 FF B0 C6 38 0F (17)
                              [N6:H] RUN 'S' 255 176 (-80)
2026-03-21 15:10:39:104 [IN ] C8 24 0C 0B 25 A5 0C 01 31 03 81 5A 4C 68 DE 38 C8 24 0C 0A 25 A5 0C 01 31 02 81 49 0A 62 DE (31)
                              [N12:Z] TPOS 'Z' 76 (76)
                              [N12:Z] TPOS 'I'
2026-03-21 15:10:39:329 [OUT] 25 A5 01 0C 31 03 C9 3D 09 50 2E (11)
                              [N12:Z] LFLAG '=' 9 (9)
2026-03-21 15:10:39:518 [IN ] C8 24 0C 0B 25 A5 0C 01 31 03 C9 3A 09 4D 33 38 (16)
                              [N12:Z] LFLAG ':' 9 (9)
2026-03-21 15:10:39:540 [OUT] 25 A5 01 0C 31 05 81 FF BC D0 00 4F 33 (13)
                              [N12:Z] TPOS 255 188 208 0 (-4403200)
2026-03-21 15:10:39:727 [IN ] C8 24 0C 0E 25 A5 0C 01 31 06 81 53 FF FF FF 62 77 31 0A (19)
                              [N12:Z] TPOS 'S' 255 255 255 98 (-158)
2026-03-21 15:10:42:138 [IN ] C8 24 06 0B 25 A5 06 01 31 03 81 5A 4C 62 B4 62 (16)
                              [N6:H] TPOS 'Z' 76 (76)
2026-03-21 15:10:42:341 [IN ] C8 24 06 0A 25 A5 06 01 31 02 81 49 04 3E B4 (15)
                              [N6:H] TPOS 'I'
2026-03-21 15:10:42:563 [OUT] 25 A5 01 06 31 03 C9 3D 09 4A 0A (11)
                              [N6:H] LFLAG '=' 9 (9)
2026-03-21 15:10:42:733 [IN ] C8 24 06 0B 25 A5 06 01 31 03 C9 3A 09 47 09 62 (16)
                              [N6:H] LFLAG ':' 9 (9)
2026-03-21 15:10:42:755 [OUT] 25 A5 01 06 31 03 84 00 50 0F 08 (11)
                              [N6:H] VEL 0 80 (80)
2026-03-21 15:10:42:923 [IN ] C8 24 06 0C 25 A5 06 01 31 04 84 53 00 50 63 CA 77 (17)
                              [N6:H] VEL 'S' 0 80 (80)
2026-03-21 15:10:42:944 [OUT] 25 A5 01 06 31 05 81 00 19 82 3C 95 BE (13)
                              [N6:H] TPOS 0 25 130 60 (1671740)
2026-03-21 15:10:43:131 [IN ] C8 24 06 0E 25 A5 06 01 31 06 81 53 00 00 00 02 14 9E 0A (19)
                              [N6:H] TPOS 'S' 0 0 0 2 (2)
2026-03-21 15:10:44:336 [IN ] C8 24 03 0E 25 A5 03 01 31 06 81 45 FF EC 48 1E 52 A6 0A (19)
                              [N3:X] TPOS 'E' 255 236 72 30 (-1292258)
2026-03-21 15:10:44:762 [OUT] 25 A5 01 03 31 05 81 FF FD 50 01 08 AF (13)
                              [N3:X] TPOS 255 253 80 1 (-176127)
2026-03-21 15:10:44:970 [IN ] C8 24 03 0E 25 A5 03 01 31 06 81 53 FF EC 48 1E 60 EC 0A (19)
                              [N3:X] TPOS 'S' 255 236 72 30 (-1292258)
2026-03-21 15:10:45:372 [IN ] C8 24 09 0E 25 A5 09 01 31 06 81 45 FF E7 59 90 D6 67 0A (19)
                              [N9:P] TPOS 'E' 255 231 89 144 (-1615472)
2026-03-21 15:10:45:797 [OUT] 25 A5 01 09 31 05 81 FF FF D9 C8 60 BE (13)
                              [N9:P] TPOS 255 255 217 200 (-9784)
2026-03-21 15:10:45:986 [IN ] C8 24 09 0E 25 A5 09 01 31 06 81 53 FF E7 59 93 E7 B0 0A (19)
                              [N9:P] TPOS 'S' 255 231 89 147 (-1615469)
2026-03-21 15:10:46:589 [IN ] C8 24 04 0E 25 A5 04 01 31 06 81 45 FF FD 4F F2 3F C5 0A (19)
                              [N4:Y] TPOS 'E' 255 253 79 242 (-176142)
2026-03-21 15:10:50:804 [IN ] C8 24 06 0E 25 A5 06 01 31 06 81 45 00 19 86 6D 10 1A 0A (19)
                              [N6:H] TPOS 'E' 0 25 134 109 (1672813)
2026-03-21 15:10:51:232 [OUT] 25 A5 01 06 31 05 81 00 0D 03 C1 8F 21 (13)
                              [N6:H] TPOS 0 13 3 193 (852929)
2026-03-21 15:10:51:399 [IN ] C8 24 06 0E 25 A5 (6)
2026-03-21 15:10:51:421 [IN ] 06 01 31 06 81 53 00 19 86 6C 1D 5F 0A (13)
                              [N6:H] TPOS 'S' 0 25 134 108 (1672812)
2026-03-21 15:10:53:830 [IN ] C8 24 09 0E 25 A5 09 01 31 06 81 45 FF FF DD 8E 70 B5 0A (19)
                              [N9:P] TPOS 'E' 255 255 221 142 (-8818)
2026-03-21 15:10:54:054 [OUT] 25 A5 01 08 31 02 D8 3F 53 E7 (10)
                              [N8:R] INTERRUPT '?'
2026-03-21 15:10:54:356 [IN ] C8 24 03 0E 25 A5 03 01 31 06 81 45 FF FD 50 94 E1 5F 0A C8 24 08 0C 25 A5 08 01 31 04 D8 3A 01 01 52 92 E1 (36)
                              [N3:X] TPOS 'E' 255 253 80 148 (-175980)
                              [N8:R] INTERRUPT ':' 1 1 (257)
2026-03-21 15:10:54:377 [OUT] 25 A5 01 08 31 03 CA 3D 0B 4F 1B (11)
                              [N8:R] RFLAG '=' 11 (11)
2026-03-21 15:10:54:526 [IN ] C8 24 08 0B (4)
2026-03-21 15:10:54:549 [IN ] 25 A5 08 01 31 03 CA 3A 0B 4C 1C 92 (12)
                              [N8:R] RFLAG ':' 11 (11)
2026-03-21 15:10:54:571 [OUT] 25 A5 01 08 31 03 88 00 50 15 20 (11)
                              [N8:R] RUN 0 80 (80)
2026-03-21 15:10:54:739 [IN ] C8 24 08 0C 25 A5 08 01 31 04 88 53 00 50 69 EA E1 (17)
                              [N8:R] RUN 'S' 0 80 (80)
2026-03-21 15:10:55:141 [IN ] C8 24 06 0E 25 A5 06 01 31 06 81 45 00 0C FE B1 BF 27 0A (19)
                              [N6:H] TPOS 'E' 0 12 254 177 (851633)
2026-03-21 15:10:55:365 [OUT] 25 A5 01 05 31 02 D8 3F 50 D8 (10)
                              [N5:V] INTERRUPT '?'
2026-03-21 15:10:55:666 [IN ] C8 24 05 0C 25 A5 05 01 31 04 D8 3A 01 01 4F 7A BF (17)
                              [N5:V] INTERRUPT ':' 1 1 (257)
2026-03-21 15:10:55:687 [OUT] 25 A5 01 05 31 03 C9 3D 0B 4B 06 (11)
                              [N5:V] LFLAG '=' 11 (11)
2026-03-21 15:10:55:854 [IN ] C8 24 05 0B 25 A5 05 01 31 03 C9 3A 0B 48 04 7A (16)
                              [N5:V] LFLAG ':' 11 (11)
2026-03-21 15:10:55:877 [OUT] 25 A5 01 05 31 03 88 FF B0 71 6C (11)
                              [N5:V] RUN 255 176 (-80)
2026-03-21 15:10:56:042 [IN ] C8 24 05 0C 25 A5 05 01 31 04 88 53 FF B0 C5 30 BF (17)
                              [N5:V] RUN 'S' 255 176 (-80)
2026-03-21 15:11:01:063 [IN ] C8 24 05 0B 25 A5 05 01 31 03 81 5A 4C 61 AD 30 C8 24 05 0A 25 A5 05 01 31 02 81 49 03 38 AD (31)
                              [N5:V] TPOS 'Z' 76 (76)
                              [N5:V] TPOS 'I'
2026-03-21 15:11:01:287 [OUT] 25 A5 01 05 31 03 C9 3D 09 49 04 (11)
                              [N5:V] LFLAG '=' 9 (9)
2026-03-21 15:11:01:477 [IN ] C8 24 05 0B 25 A5 05 01 31 03 C9 3A 09 46 02 30 (16)
                              [N5:V] LFLAG ':' 9 (9)
2026-03-21 15:11:01:499 [OUT] 25 A5 01 05 31 03 84 00 50 0E 02 (11)
                              [N5:V] VEL 0 80 (80)
2026-03-21 15:11:01:564 [IN ] C8 24 08 0B 25 A5 08 01 31 03 81 5A 52 6A C8 30 (16)
                              [N8:R] TPOS 'Z' 82 (82)
2026-03-21 15:11:01:606 [IN ] C8 24 08 0A 25 A5 08 01 31 02 81 49 06 4A C8 (15)
                              [N8:R] TPOS 'I'
2026-03-21 15:11:01:649 [OUT] 25 A5 01 08 31 03 CA 3D 09 4D 19 (11)
                              [N8:R] RFLAG '=' 9 (9)
2026-03-21 15:11:01:672 [IN ] C8 24 05 0C 25 A5 05 01 31 04 84 53 00 50 62 C2 BF (17)
                              [N5:V] VEL 'S' 0 80 (80)
2026-03-21 15:11:01:693 [OUT] 25 A5 01 05 31 05 81 00 19 82 3C 94 B6 (13)
                              [N5:V] TPOS 0 25 130 60 (1671740)
2026-03-21 15:11:01:820 [IN ] C8 24 08 0B 25 A5 08 01 31 03 CA 3A 09 4A 1A C2 (16)
                              [N8:R] RFLAG ':' 9 (9)
2026-03-21 15:11:01:842 [OUT] 25 A5 01 08 31 05 81 FF DC 77 1D 2F DE (13)
                              [N8:R] TPOS 255 220 119 29 (-2328803)
2026-03-21 15:11:01:927 [IN ] C8 24 05 0E 25 A5 05 01 31 06 81 53 00 00 00 01 12 93 0A (19)
                              [N5:V] TPOS 'S' 0 0 0 1 (1)
2026-03-21 15:11:02:074 [IN ] C8 24 08 0E 25 A5 08 01 31 06 81 53 FF FF FF CD DE 74 0A (19)
                              [N8:R] TPOS 'S' 255 255 255 205 (-51)
2026-03-21 15:11:02:877 [IN ] C8 24 07 0E 25 A5 07 01 31 06 81 45 FF AB 14 B0 73 35 0A (19)
                              [N7:N] TPOS 'E' 255 171 20 176 (-5565264)
2026-03-21 15:11:03:303 [OUT] 25 A5 01 07 31 05 81 FF F3 35 BF A5 39 (13)
                              [N7:N] TPOS 255 243 53 191 (-838209)
2026-03-21 15:11:03:492 [IN ] C8 24 07 0E 25 A5 07 01 31 06 81 53 FF AB 14 B0 81 7B 0A (19)
                              [N7:N] TPOS 'S' 255 171 20 176 (-5565264)
2026-03-21 15:11:04:299 [IN ] C8 24 0C 0E 25 A5 0C 01 31 06 81 45 FF BC CE F7 8A 55 0A (19)
                              [N12:Z] TPOS 'E' 255 188 206 247 (-4403465)
2026-03-21 15:11:04:723 [OUT] 25 A5 01 0C 31 05 81 FF D1 1A 67 15 6D (13)
                              [N12:Z] TPOS 255 209 26 103 (-3073433)
2026-03-21 15:11:04:911 [IN ] C8 24 0C 0E 25 A5 0C 01 31 06 81 53 FF BC CF 07 A9 AD 0A (19)
                              [N12:Z] TPOS 'S' 255 188 207 7 (-4403449)
2026-03-21 15:11:09:932 [IN ] C8 24 05 0E 25 A5 05 01 31 06 81 45 00 19 86 24 C6 C7 0A (19)
                              [N5:V] TPOS 'E' 0 25 134 36 (1672740)
2026-03-21 15:11:10:357 [OUT] 25 A5 01 05 31 05 81 00 0D 03 C1 8E 19 (13)
                              [N5:V] TPOS 0 13 3 193 (852929)
2026-03-21 15:11:10:546 [IN ] C8 24 05 0E 25 A5 05 01 31 06 81 53 00 19 86 24 D4 0D 0A (19)
                              [N5:V] TPOS 'S' 0 25 134 36 (1672740)
2026-03-21 15:11:12:354 [IN ] C8 24 0C 0E 25 A5 0C 01 31 06 81 45 FF D1 1C 3A 30 73 0A (19)
                              [N12:Z] TPOS 'E' 255 209 28 58 (-3072966)
2026-03-21 15:11:14:562 [IN ] C8 24 08 0E 25 A5 08 01 31 06 81 45 FF DC 74 7E D3 60 0A (19)
                              [N8:R] TPOS 'E' 255 220 116 126 (-2329474)
2026-03-21 15:11:14:986 [OUT] 25 A5 01 08 31 05 81 FF EE 15 56 18 89 (13)
                              [N8:R] TPOS 255 238 21 86 (-1174186)
2026-03-21 15:11:15:177 [IN ] C8 24 08 0E 25 A5 08 01 31 06 81 53 FF DC 74 87 EA AF 0A (19)
                              [N8:R] TPOS 'S' 255 220 116 135 (-2329465)
2026-03-21 15:11:15:780 [IN ] C8 24 05 0E 25 A5 05 01 31 06 81 45 00 0D 02 3F 51 B6 0A (19)
                              [N5:V] TPOS 'E' 0 13 2 63 (852543)
2026-03-21 15:11:16:002 [OUT] 25 A5 01 03 31 05 81 FF ED B1 30 88 70 (13)
                              [N3:X] TPOS 255 237 177 48 (-1199824)
2026-03-21 15:11:16:025 [OUT] 25 A5 01 04 31 05 81 FF F3 BD 0C 77 7E (13)
                              [N4:Y] TPOS 255 243 189 12 (-803572)
2026-03-21 15:11:16:193 [IN ] C8 24 03 0E 25 A5 03 01 31 06 81 53 FF FD 50 94 EF A5 0A (19)
                              [N3:X] TPOS 'S' 255 253 80 148 (-175980)
2026-03-21 15:11:16:319 [IN ] C8 24 04 0E 25 A5 04 01 31 06 81 53 FF FD 4F F2 4D 0B 0A (19)
                              [N4:Y] TPOS 'S' 255 253 79 242 (-176142)
2026-03-21 15:11:19:734 [IN ] C8 24 04 0E 25 A5 04 01 31 06 81 45 FF F3 BA 71 1F FC 0A (19)
                              [N4:Y] TPOS 'E' 255 243 186 113 (-804239)
2026-03-21 15:11:21:342 [IN ] C8 24 03 0E 25 A5 03 01 31 06 81 45 FF ED AE 5F FA B6 0A (19)
                              [N3:X] TPOS 'E' 255 237 174 95 (-1200545)
2026-03-21 15:11:21:745 [IN ] C8 24 08 0E 25 A5 08 01 31 06 81 45 FF EE 17 57 61 B5 0A (19)
                              [N8:R] TPOS 'E' 255 238 23 87 (-1173673)
2026-03-21 15:11:24:959 [IN ] C8 24 07 0E 25 A5 07 01 31 06 81 45 FF F3 3A 6C 9D 15 0A (19)
                              [N7:N] TPOS 'E' 255 243 58 108 (-837012)
