2026-03-21 10:04:11:596 [OUT] 25 A5 01 09 31 03 C9 3D 09 4D 1C (11)
                              [N9:P] LFLAG '=' 9 (9)
2026-03-21 10:04:11:619 [OUT] 25 A5 01 03 31 02 D8 3F 4E CE (10)
                              [N3:X] INTERRUPT '?'
2026-03-21 10:04:11:920 [IN ] C8 24 09 0B 25 A5 09 01 31 03 C9 3A 09 4A 1E CA C8 24 03 0C 25 A5 03 01 31 04 D8 3A 00 01 4C 68 68 (33)
                              [N9:P] LFLAG ':' 9 (9)
                              [N3:X] INTERRUPT ':' 0 1 (1)
2026-03-21 10:04:11:942 [OUT] 25 A5 01 09 31 03 CA 3D 09 4E 1F (11)
                              [N9:P] RFLAG '=' 9 (9)
2026-03-21 10:04:11:965 [OUT] 25 A5 01 04 31 02 D8 3F 4F D3 (10)
                              [N4:Y] INTERRUPT '?'
2026-03-21 10:04:12:267 [IN ] C8 24 09 0B 25 A5 09 01 31 03 CA 3A 09 4B 21 68 C8 24 04 0C 25 A5 04 01 31 04 D8 3A 01 01 4E 72 68 (33)
                              [N9:P] RFLAG ':' 9 (9)
                              [N4:Y] INTERRUPT ':' 1 1 (257)
2026-03-21 10:04:12:289 [OUT] 25 A5 01 08 31 03 C9 3D 09 4C 16 (11)
                              [N8:R] LFLAG '=' 9 (9)
2026-03-21 10:04:12:314 [OUT] 25 A5 01 0C 31 02 D8 3F 57 FB (10)
                              [N12:Z] INTERRUPT '?'
2026-03-21 10:04:12:620 [IN ] C8 24 08 0B 25 A5 08 01 31 03 C9 3A 09 49 17 72 C8 24 0C 0C 25 A5 0C 01 31 04 D8 3A 00 01 55 B0 68 (33)
                              [N8:R] LFLAG ':' 9 (9)
                              [N12:Z] INTERRUPT ':' 0 1 (1)
2026-03-21 10:04:12:642 [OUT] 25 A5 01 08 31 03 CA 3D 09 4D 19 (11)
                              [N8:R] RFLAG '=' 9 (9)
2026-03-21 10:04:12:664 [OUT] 25 A5 01 03 31 06 EA 3D 00 00 00 00 62 84 (14)
                              [N3:X] POSITION '=' 0 0 0 0 (0)
2026-03-21 10:04:12:686 [OUT] 25 A5 01 04 31 03 C9 3D 0B 4A 00 (11)
                              [N4:Y] LFLAG '=' 11 (11)
2026-03-21 10:04:12:708 [OUT] 25 A5 01 0C 31 06 EA 3D 00 00 00 00 6B D5 (14)
                              [N12:Z] POSITION '=' 0 0 0 0 (0)
2026-03-21 10:04:12:814 [IN ] C8 24 08 0B 25 A5 08 01 31 03 CA 3A 09 4A 1A B0 (16)
                              [N8:R] RFLAG ':' 9 (9)
2026-03-21 10:04:12:941 [IN ] C8 24 03 0E 25 A5 03 01 31 06 EA 3A 00 00 00 00 5F 77 D3 (19)
                              [N3:X] POSITION ':' 0 0 0 0 (0)
2026-03-21 10:04:12:963 [OUT] 25 A5 01 03 31 03 C9 3D 09 47 F8 (11)
                              [N3:X] LFLAG '=' 9 (9)
2026-03-21 10:04:13:068 [IN ] C8 24 04 0B 25 A5 04 01 31 03 C9 3A 0B 47 FD 00 (16)
                              [N4:Y] LFLAG ':' 11 (11)
2026-03-21 10:04:13:092 [OUT] 25 A5 01 04 31 03 88 00 50 11 08 (11)
                              [N4:Y] RUN 0 80 (80)
2026-03-21 10:04:13:199 [IN ] C8 24 0C 0E 25 A5 0C 01 31 06 EA 3A 00 00 00 00 68 D1 D3 (19)
                              [N12:Z] POSITION ':' 0 0 0 0 (0)
2026-03-21 10:04:13:220 [OUT] 25 A5 01 0C 31 03 C9 3D 09 50 2E (11)
                              [N12:Z] LFLAG '=' 9 (9)
2026-03-21 10:04:13:305 [IN ] C8 24 03 0B 25 A5 03 01 31 03 C9 3A 09 44 F4 00 (16)
                              [N3:X] LFLAG ':' 9 (9)
2026-03-21 10:04:13:432 [IN ] C8 24 04 0C 25 A5 04 01 31 04 88 53 00 50 65 CA 68 (17)
                              [N4:Y] RUN 'S' 0 80 (80)
2026-03-21 10:04:13:538 [IN ] C8 24 0C 0B 25 A5 0C 01 31 03 C9 3A 09 4D 33 CA (16)
                              [N12:Z] LFLAG ':' 9 (9)
