2026-03-21 15:36:41:342 [OUT] 25 A5 01 0A 31 05 D6 3D FF 00 00 53 ED (13)
                              [N10:HMI] HMILED '=' 255 0 0 (16711680)
2026-03-21 15:36:41:366 [OUT] 25 A5 01 03 31 02 D8 3F 4E CE (10)
                              [N3:X] INTERRUPT '?'
2026-03-21 15:36:41:667 [IN ] C8 24 0A 0D 25 A5 0A 01 31 05 D6 3A FF 00 00 50 EA 43 C8 24 03 0C 25 A5 03 01 31 04 D8 3A 01 01 4D 6A EA (35)
                              [N10:HMI] HMILED ':' 255 0 0 (16711680)
                              [N3:X] INTERRUPT ':' 1 1 (257)
2026-03-21 15:36:41:688 [OUT] 25 A5 01 09 31 03 C9 3D 09 4D 1C (11)
                              [N9:P] LFLAG '=' 9 (9)
2026-03-21 15:36:41:713 [OUT] 25 A5 01 04 31 02 D8 3F 4F D3 (10)
                              [N4:Y] INTERRUPT '?'
2026-03-21 15:36:42:015 [IN ] C8 24 09 0B 25 A5 09 01 31 03 C9 3A 09 4A 1E 6A C8 24 04 0C 25 A5 04 01 31 04 D8 3A 01 01 4E 72 EA (33)
                              [N9:P] LFLAG ':' 9 (9)
                              [N4:Y] INTERRUPT ':' 1 1 (257)
2026-03-21 15:36:42:036 [OUT] 25 A5 01 09 31 03 CA 3D 09 4E 1F (11)
                              [N9:P] RFLAG '=' 9 (9)
2026-03-21 15:36:42:059 [OUT] 25 A5 01 0C 31 02 D8 3F 57 FB (10)
                              [N12:Z] INTERRUPT '?'
2026-03-21 15:36:42:361 [IN ] C8 24 09 0B 25 A5 09 01 31 03 CA 3A 09 4B 21 72 C8 24 0C 0C 25 A5 0C 01 31 04 D8 3A 01 01 56 B2 EA (33)
                              [N9:P] RFLAG ':' 9 (9)
                              [N12:Z] INTERRUPT ':' 1 1 (257)
2026-03-21 15:36:42:383 [OUT] 25 A5 01 08 31 03 C9 3D 09 4C 16 (11)
                              [N8:R] LFLAG '=' 9 (9)
2026-03-21 15:36:42:406 [OUT] 25 A5 01 03 31 03 C9 3D 0B 49 FA (11)
                              [N3:X] LFLAG '=' 11 (11)
2026-03-21 15:36:42:430 [OUT] 25 A5 01 04 31 03 C9 3D 0B 4A 00 (11)
                              [N4:Y] LFLAG '=' 11 (11)
2026-03-21 15:36:42:452 [OUT] 25 A5 01 0C 31 03 C9 3D 0B 52 30 (11)
                              [N12:Z] LFLAG '=' 11 (11)
2026-03-21 15:36:42:539 [IN ] C8 24 08 0B 25 A5 08 01 31 03 C9 3A 09 49 17 B2 (16)
                              [N8:R] LFLAG ':' 9 (9)
2026-03-21 15:36:42:561 [OUT] 25 A5 01 08 31 03 CA 3D 09 4D 19 (11)
                              [N8:R] RFLAG '=' 9 (9)
2026-03-21 15:36:42:665 [IN ] C8 24 03 0B 25 A5 03 01 31 03 C9 3A 0B 46 F6 B2 (16)
                              [N3:X] LFLAG ':' 11 (11)
2026-03-21 15:36:42:688 [OUT] 25 A5 01 03 31 03 88 00 50 10 02 (11)
                              [N3:X] RUN 0 80 (80)
2026-03-21 15:36:42:772 [IN ] C8 24 04 0B 25 A5 04 01 31 03 C9 3A 0B 47 FD B2 (16)
                              [N4:Y] LFLAG ':' 11 (11)
2026-03-21 15:36:42:795 [OUT] 25 A5 01 04 31 03 88 00 50 11 08 (11)
                              [N4:Y] RUN 0 80 (80)
2026-03-21 15:36:42:880 [IN ] C8 24 0C 0B 25 A5 0C 01 31 03 C9 3A 0B 4F 35 B2 (16)
                              [N12:Z] LFLAG ':' 11 (11)
2026-03-21 15:36:42:901 [OUT] 25 A5 01 0C 31 03 88 00 50 19 38 (11)
                              [N12:Z] RUN 0 80 (80)
2026-03-21 15:36:42:985 [IN ] C8 24 08 0B 25 A5 08 01 31 03 CA 3A 09 4A 1A B2 (16)
                              [N8:R] RFLAG ':' 9 (9)
2026-03-21 15:36:43:091 [IN ] C8 24 03 0C 25 A5 03 01 31 04 88 53 00 50 64 C2 (16)
                              [N3:X] RUN 'S' 0 80 (80)
2026-03-21 15:36:43:112 [IN ] EA (1)
2026-03-21 15:36:43:196 [IN ] C8 24 04 0C 25 A5 04 01 31 04 88 53 00 50 65 CA EA (17)
                              [N4:Y] RUN 'S' 0 80 (80)
2026-03-21 15:36:43:321 [IN ] C8 24 0C 0C 25 A5 0C 01 31 04 88 53 00 50 6D 0A EA (17)
                              [N12:Z] RUN 'S' 0 80 (80)
2026-03-21 15:36:49:947 [IN ] C8 24 04 0B 25 A5 04 01 31 03 81 5A 4C 60 A6 0A C8 24 04 0A 25 A5 04 01 31 02 81 49 02 32 A6 (31)
                              [N4:Y] TPOS 'Z' 76 (76)
                              [N4:Y] TPOS 'I'
2026-03-21 15:36:50:170 [OUT] 25 A5 01 09 31 02 D8 3F 54 EC (10)
                              [N9:P] INTERRUPT '?'
2026-03-21 15:36:50:472 [IN ] C8 24 09 0C 25 A5 09 01 31 04 D8 3A 01 01 53 9A EA (17)
                              [N9:P] INTERRUPT ':' 1 1 (257)
2026-03-21 15:36:50:493 [OUT] 25 A5 01 04 31 03 C9 3D 09 48 FE (11)
                              [N4:Y] LFLAG '=' 9 (9)
2026-03-21 15:36:50:515 [OUT] 25 A5 01 07 31 02 D8 3F 52 E2 (10)
                              [N7:N] INTERRUPT '?'
2026-03-21 15:36:50:816 [IN ] C8 24 04 0B 25 A5 04 01 31 03 C9 3A 09 45 FB 9A C8 24 07 0C 25 A5 07 01 31 04 D8 3A 01 01 51 8A EA (33)
                              [N4:Y] LFLAG ':' 9 (9)
                              [N7:N] INTERRUPT ':' 1 1 (257)
2026-03-21 15:36:50:837 [OUT] 25 A5 01 09 31 03 C9 3D 0B 4F 1E (11)
                              [N9:P] LFLAG '=' 11 (11)
2026-03-21 15:36:50:861 [OUT] 25 A5 01 07 31 03 C9 3D 0B 4D 12 (11)
                              [N7:N] LFLAG '=' 11 (11)
2026-03-21 15:36:51:011 [IN ] C8 24 09 0B 25 A5 09 01 31 03 C9 3A 0B 4C 20 8A (16)
                              [N9:P] LFLAG ':' 11 (11)
2026-03-21 15:36:51:034 [OUT] 25 A5 01 09 31 03 88 00 50 16 26 (11)
                              [N9:P] RUN 0 80 (80)
2026-03-21 15:36:51:119 [IN ] C8 24 07 0B 25 A5 07 01 31 03 C9 3A 0B 4A 12 8A (16)
                              [N7:N] LFLAG ':' 11 (11)
2026-03-21 15:36:51:144 [OUT] 25 A5 01 07 31 03 88 00 50 14 1A (11)
                              [N7:N] RUN 0 80 (80)
2026-03-21 15:36:51:228 [IN ] C8 24 09 0C 25 A5 09 01 31 04 88 53 00 50 6A F2 EA (17)
                              [N9:P] RUN 'S' 0 80 (80)
2026-03-21 15:36:51:274 [IN ] C8 24 09 0B 25 A5 09 01 31 03 81 5A 4C 65 C9 F2 (16)
                              [N9:P] TPOS 'Z' 76 (76)
2026-03-21 15:36:51:299 [IN ] C8 24 09 0A 25 A5 09 01 31 02 81 49 07 50 C9 (15)
                              [N9:P] TPOS 'I'
2026-03-21 15:36:51:344 [OUT] 25 A5 01 09 31 03 C9 3D 09 4D 1C (11)
                              [N9:P] LFLAG '=' 9 (9)
2026-03-21 15:36:51:344 [IN ] C8 24 07 0C 25 A5 07 01 31 04 88 53 00 50 68 E2 EA (17)
                              [N7:N] RUN 'S' 0 80 (80)
2026-03-21 15:36:51:366 [OUT] 25 A5 01 04 31 05 81 FF EE 88 01 32 FA (13)
                              [N4:Y] TPOS 255 238 136 1 (-1144831)
2026-03-21 15:36:51:515 [IN ] C8 24 09 0B 25 A5 09 01 31 03 C9 3A 09 4A 1E E2 (16)
                              [N9:P] LFLAG ':' 9 (9)
2026-03-21 15:36:51:642 [IN ] C8 24 04 0E 25 A5 04 01 31 06 81 53 00 00 00 00 10 88 0A (19)
                              [N4:Y] TPOS 'S' 0 0 0 0 (0)
2026-03-21 15:36:52:447 [IN ] C8 24 03 0B 25 A5 03 01 31 03 81 5A 4C 5F 9F 00 C8 24 03 0A 25 A5 03 01 31 02 81 49 01 2C 9F (31)
                              [N3:X] TPOS 'Z' 76 (76)
                              [N3:X] TPOS 'I'
2026-03-21 15:36:52:670 [OUT] 25 A5 01 03 31 03 C9 3D 09 47 F8 (11)
                              [N3:X] LFLAG '=' 9 (9)
2026-03-21 15:36:52:819 [IN ] C8 24 03 0B 25 A5 03 01 31 03 C9 3A 09 44 F4 00 (16)
                              [N3:X] LFLAG ':' 9 (9)
2026-03-21 15:36:55:229 [IN ] C8 24 07 0B 25 A5 07 01 31 03 81 5A 4C 63 BB 00 C8 24 07 0A 25 A5 07 01 31 02 81 49 05 44 BB (31)
                              [N7:N] TPOS 'Z' 76 (76)
                              [N7:N] TPOS 'I'
2026-03-21 15:36:55:451 [OUT] 25 A5 01 07 31 03 C9 3D 09 4B 10 (11)
                              [N7:N] LFLAG '=' 9 (9)
2026-03-21 15:36:55:620 [IN ] C8 24 07 0B 25 A5 07 01 31 03 C9 3A 09 48 10 00 (16)
                              [N7:N] LFLAG ':' 9 (9)
2026-03-21 15:36:57:829 [IN ] C8 24 04 0E 25 A5 04 01 31 06 81 45 FF EE 85 D4 48 E6 0A (19)
                              [N4:Y] TPOS 'E' 255 238 133 212 (-1145388)
2026-03-21 15:36:58:053 [OUT] 25 A5 01 09 31 05 81 FF E7 5D 56 5A 0C (13)
                              [N9:P] TPOS 255 231 93 86 (-1614506)
2026-03-21 15:36:58:075 [OUT] 25 A5 01 04 31 05 81 FF FD 50 01 09 B7 (13)
                              [N4:Y] TPOS 255 253 80 1 (-176127)
2026-03-21 15:36:58:099 [OUT] 25 A5 01 07 31 05 81 FF AB 19 75 F7 DF (13)
                              [N7:N] TPOS 255 171 25 117 (-5564043)
2026-03-21 15:36:58:121 [OUT] 25 A5 01 03 31 05 81 FF EC 4A AB 9B 1A (13)
                              [N3:X] TPOS 255 236 74 171 (-1291605)
2026-03-21 15:36:58:144 [OUT] 25 A5 01 06 31 02 D8 3F 51 DD (10)
                              [N6:H] INTERRUPT '?'
2026-03-21 15:36:58:446 [IN ] C8 24 09 0E 25 A5 09 01 31 06 81 53 FF FF FF F9 0B AA 0A C8 24 04 0E 25 A5 04 01 31 06 81 53 FF EE 85 D4 56 2C 0A (38)
                              [N9:P] TPOS 'S' 255 255 255 249 (-7)
                              [N4:Y] TPOS 'S' 255 238 133 212 (-1145388)
2026-03-21 15:36:58:747 [IN ] C8 24 07 0E 25 A5 07 01 31 06 81 53 FF FF FF FA 0A 97 0A C8 24 03 0E 25 A5 03 01 31 06 81 53 00 00 00 00 0F 7E 0A C8 24 06 0C 25 A5 06 01 31 04 D8 3A 01 01 50 82 0F (55)
                              [N7:N] TPOS 'S' 255 255 255 250 (-6)
                              [N3:X] TPOS 'S' 0 0 0 0 (0)
                              [N6:H] INTERRUPT ':' 1 1 (257)
2026-03-21 15:36:58:768 [OUT] 25 A5 01 06 31 03 C9 3D 0B 4C 0C (11)
                              [N6:H] LFLAG '=' 11 (11)
2026-03-21 15:36:58:914 [IN ] C8 24 06 (3)
2026-03-21 15:36:58:936 [IN ] 0B 25 A5 06 01 31 03 C9 3A 0B 49 0B 82 (13)
                              [N6:H] LFLAG ':' 11 (11)
2026-03-21 15:36:58:958 [OUT] 25 A5 01 06 31 03 88 FF B0 72 72 (11)
                              [N6:H] RUN 255 176 (-80)
2026-03-21 15:36:59:124 [IN ] C8 24 06 0C 25 A5 06 01 31 04 88 53 FF B0 C6 38 0F (17)
                              [N6:H] RUN 'S' 255 176 (-80)
2026-03-21 15:36:59:930 [IN ] C8 24 0C 0B 25 A5 0C 01 31 03 81 5A 4C 68 DE 38 C8 24 0C 0A 25 A5 0C 01 31 02 81 49 0A 62 DE (31)
                              [N12:Z] TPOS 'Z' 76 (76)
                              [N12:Z] TPOS 'I'
2026-03-21 15:37:00:152 [OUT] 25 A5 01 0C 31 03 C9 3D 09 50 2E (11)
                              [N12:Z] LFLAG '=' 9 (9)
2026-03-21 15:37:00:320 [IN ] C8 24 0C 0B 25 A5 0C 01 31 03 C9 3A 09 4D 33 38 (16)
                              [N12:Z] LFLAG ':' 9 (9)
2026-03-21 15:37:00:341 [OUT] 25 A5 01 0C 31 05 81 FF BC D0 00 4F 33 (13)
                              [N12:Z] TPOS 255 188 208 0 (-4403200)
2026-03-21 15:37:00:531 [IN ] C8 24 0C 0E 25 A5 0C 01 31 06 81 53 FF FF FF 83 98 52 0A (19)
                              [N12:Z] TPOS 'S' 255 255 255 131 (-125)
2026-03-21 15:37:03:141 [IN ] C8 24 06 0B 25 A5 06 01 31 03 81 5A 4C 62 B4 83 C8 24 06 0A 25 A5 06 01 31 02 81 49 04 3E B4 (31)
                              [N6:H] TPOS 'Z' 76 (76)
                              [N6:H] TPOS 'I'
2026-03-21 15:37:03:365 [OUT] 25 A5 01 06 31 03 C9 3D 09 4A 0A (11)
                              [N6:H] LFLAG '=' 9 (9)
2026-03-21 15:37:03:535 [IN ] C8 24 06 0B 25 A5 06 01 31 03 C9 3A 09 47 09 83 (16)
                              [N6:H] LFLAG ':' 9 (9)
2026-03-21 15:37:03:557 [OUT] 25 A5 01 06 31 03 84 00 50 0F 08 (11)
                              [N6:H] VEL 0 80 (80)
2026-03-21 15:37:03:726 [IN ] C8 24 06 0C 25 A5 06 01 31 04 84 53 00 50 63 CA 98 (17)
                              [N6:H] VEL 'S' 0 80 (80)
2026-03-21 15:37:03:750 [OUT] 25 A5 01 06 31 05 81 00 19 82 3C 95 BE (13)
                              [N6:H] TPOS 0 25 130 60 (1671740)
2026-03-21 15:37:03:939 [IN ] C8 24 (2)
2026-03-21 15:37:03:961 [IN ] 06 0E 25 A5 06 01 31 06 81 53 00 00 00 01 13 9D 0A (17)
                              [N6:H] TPOS 'S' 0 0 0 1 (1)
2026-03-21 15:37:05:166 [IN ] C8 24 03 0E 25 A5 03 01 31 06 81 45 FF EC 48 1E 52 A6 0A (19)
                              [N3:X] TPOS 'E' 255 236 72 30 (-1292258)
2026-03-21 15:37:05:590 [OUT] 25 A5 01 03 31 05 81 FF FD 50 01 08 AF (13)
                              [N3:X] TPOS 255 253 80 1 (-176127)
2026-03-21 15:37:05:780 [IN ] C8 24 03 0E 25 A5 03 01 31 06 81 53 FF EC 48 1E 60 EC 0A (19)
                              [N3:X] TPOS 'S' 255 236 72 30 (-1292258)
2026-03-21 15:37:06:184 [IN ] C8 24 09 0E 25 A5 09 01 31 06 81 45 FF E7 59 7D C3 54 0A (19)
                              [N9:P] TPOS 'E' 255 231 89 125 (-1615491)
2026-03-21 15:37:06:608 [OUT] 25 A5 01 09 31 05 81 FF FF D9 C8 60 BE (13)
                              [N9:P] TPOS 255 255 217 200 (-9784)
2026-03-21 15:37:06:799 [IN ] C8 24 09 (3)
2026-03-21 15:37:06:821 [IN ] 0E 25 A5 09 01 31 06 81 53 FF E7 59 7F D3 9C 0A (16)
                              [N9:P] TPOS 'S' 255 231 89 127 (-1615489)
2026-03-21 15:37:07:624 [IN ] C8 24 04 0E 25 A5 04 01 31 06 81 45 FF FD 4F F2 3F C5 0A (19)
                              [N4:Y] TPOS 'E' 255 253 79 242 (-176142)
2026-03-21 15:37:11:640 [IN ] C8 24 06 0E 25 A5 06 01 31 06 81 45 00 19 86 93 36 40 0A (19)
                              [N6:H] TPOS 'E' 0 25 134 147 (1672851)
2026-03-21 15:37:12:066 [OUT] 25 A5 01 06 31 05 81 00 0D 03 C1 8F 21 (13)
                              [N6:H] TPOS 0 13 3 193 (852929)
2026-03-21 15:37:12:255 [IN ] C8 24 06 0E 25 A5 06 01 31 06 81 53 00 19 86 92 43 85 0A (19)
                              [N6:H] TPOS 'S' 0 25 134 146 (1672850)
2026-03-21 15:37:14:665 [IN ] C8 24 09 0E 25 A5 09 01 31 06 81 45 FF FF DD A1 83 C8 0A (19)
                              [N9:P] TPOS 'E' 255 255 221 161 (-8799)
2026-03-21 15:37:14:888 [OUT] 25 A5 01 08 31 02 D8 3F 53 E7 (10)
                              [N8:R] INTERRUPT '?'
2026-03-21 15:37:14:890 [IN ] C8 24 03 0E 25 A5 03 01 31 06 81 45 FF FD 50 9A E7 65 0A (19)
                              [N3:X] TPOS 'E' 255 253 80 154 (-175974)
2026-03-21 15:37:15:193 [IN ] C8 24 08 0C 25 A5 08 01 31 04 D8 3A 01 01 52 92 E7 (17)
                              [N8:R] INTERRUPT ':' 1 1 (257)
2026-03-21 15:37:15:214 [OUT] 25 A5 01 08 31 03 CA 3D 0B 4F 1B (11)
                              [N8:R] RFLAG '=' 11 (11)
2026-03-21 15:37:15:381 [IN ] C8 24 08 0B 25 A5 08 01 31 03 CA 3A 0B 4C 1C 92 (16)
                              [N8:R] RFLAG ':' 11 (11)
2026-03-21 15:37:15:403 [OUT] 25 A5 01 08 31 03 88 00 50 15 20 (11)
                              [N8:R] RUN 0 80 (80)
2026-03-21 15:37:15:592 [IN ] C8 24 08 0C 25 A5 08 01 31 04 88 53 00 50 69 EA E7 (17)
                              [N8:R] RUN 'S' 0 80 (80)
2026-03-21 15:37:15:994 [IN ] C8 24 06 0E 25 A5 06 01 31 06 81 45 00 0C FE 85 93 FB 0A (19)
                              [N6:H] TPOS 'E' 0 12 254 133 (851589)
2026-03-21 15:37:16:217 [OUT] 25 A5 01 05 31 02 D8 3F 50 D8 (10)
                              [N5:V] INTERRUPT '?'
2026-03-21 15:37:16:519 [IN ] C8 24 05 0C 25 A5 05 01 31 04 D8 3A 01 01 4F 7A 93 (17)
                              [N5:V] INTERRUPT ':' 1 1 (257)
2026-03-21 15:37:16:540 [OUT] 25 A5 01 05 31 03 C9 3D 0B 4B 06 (11)
                              [N5:V] LFLAG '=' 11 (11)
2026-03-21 15:37:16:709 [IN ] C8 24 05 0B 25 A5 05 01 31 03 C9 3A 0B 48 04 7A (16)
                              [N5:V] LFLAG ':' 11 (11)
2026-03-21 15:37:16:730 [OUT] 25 A5 01 05 31 03 88 FF B0 71 6C (11)
                              [N5:V] RUN 255 176 (-80)
2026-03-21 15:37:16:877 [IN ] C8 24 05 0C 25 A5 05 01 31 04 88 (11)
2026-03-21 15:37:16:898 [IN ] 53 FF B0 C5 30 93 (6)
                              [N5:V] RUN 'S' 255 176 (-80)
2026-03-21 15:37:21:918 [IN ] C8 24 05 0B 25 A5 05 01 31 03 81 5A 4C 61 AD 30 C8 24 05 0A 25 A5 05 01 31 02 81 49 03 38 AD (31)
                              [N5:V] TPOS 'Z' 76 (76)
                              [N5:V] TPOS 'I'
2026-03-21 15:37:22:142 [OUT] 25 A5 01 05 31 03 C9 3D 09 49 04 (11)
                              [N5:V] LFLAG '=' 9 (9)
2026-03-21 15:37:22:310 [IN ] C8 24 05 0B 25 A5 05 01 31 03 C9 3A 09 46 02 30 (16)
                              [N5:V] LFLAG ':' 9 (9)
2026-03-21 15:37:22:332 [OUT] 25 A5 01 05 31 03 84 00 50 0E 02 (11)
                              [N5:V] VEL 0 80 (80)
2026-03-21 15:37:22:333 [IN ] C8 24 08 0B 25 A5 08 01 31 03 81 5A 52 6A C8 30 (16)
                              [N8:R] TPOS 'Z' 82 (82)
2026-03-21 15:37:22:375 [IN ] C8 24 08 0A 25 A5 08 01 31 (9)
2026-03-21 15:37:22:397 [IN ] 02 81 49 06 4A C8 (6)
                              [N8:R] TPOS 'I'
2026-03-21 15:37:22:440 [OUT] 25 A5 01 08 31 03 CA 3D 09 4D 19 (11)
                              [N8:R] RFLAG '=' 9 (9)
2026-03-21 15:37:22:507 [IN ] C8 24 05 0C 25 A5 05 01 31 04 84 53 00 50 62 C2 93 (17)
                              [N5:V] VEL 'S' 0 80 (80)
2026-03-21 15:37:22:530 [OUT] 25 A5 01 05 31 05 81 00 19 82 3C 94 B6 (13)
                              [N5:V] TPOS 0 25 130 60 (1671740)
2026-03-21 15:37:22:614 [IN ] C8 24 08 0B 25 A5 08 01 31 03 CA 3A 09 4A 1A C2 (16)
                              [N8:R] RFLAG ':' 9 (9)
2026-03-21 15:37:22:636 [OUT] 25 A5 01 08 31 05 81 FF DC 77 1D 2F DE (13)
                              [N8:R] TPOS 255 220 119 29 (-2328803)
2026-03-21 15:37:22:742 [IN ] C8 24 05 0E 25 A5 05 01 31 06 81 53 00 00 00 00 11 92 0A (19)
                              [N5:V] TPOS 'S' 0 0 0 0 (0)
2026-03-21 15:37:22:870 [IN ] C8 24 08 0E 25 A5 08 01 31 06 81 53 FF FF FF C6 D7 6D 0A (19)
                              [N8:R] TPOS 'S' 255 255 255 198 (-58)
2026-03-21 15:37:23:674 [IN ] C8 24 07 0E 25 A5 07 01 31 06 81 45 FF AB 14 C1 84 46 0A (19)
                              [N7:N] TPOS 'E' 255 171 20 193 (-5565247)
2026-03-21 15:37:24:099 [OUT] 25 A5 01 07 31 05 81 FF F3 35 BF A5 39 (13)
                              [N7:N] TPOS 255 243 53 191 (-838209)
2026-03-21 15:37:24:289 [IN ] C8 24 07 0E 25 A5 07 01 31 06 81 53 FF AB 14 C3 94 8E 0A (19)
                              [N7:N] TPOS 'S' 255 171 20 195 (-5565245)
2026-03-21 15:37:25:294 [IN ] C8 24 0C 0E 25 A5 0C 01 31 06 81 45 FF BC CE BF 52 1D 0A (19)
                              [N12:Z] TPOS 'E' 255 188 206 191 (-4403521)
2026-03-21 15:37:25:719 [OUT] 25 A5 01 0C 31 05 81 FF D1 1A 67 15 6D (13)
                              [N12:Z] TPOS 255 209 26 103 (-3073433)
2026-03-21 15:37:25:888 [IN ] C8 24 0C 0E 25 A5 0C 01 31 06 81 53 FF BC CE C3 64 67 0A (19)
                              [N12:Z] TPOS 'S' 255 188 206 195 (-4403517)
2026-03-21 15:37:30:706 [IN ] C8 24 05 0E 25 A5 05 01 31 06 81 45 00 19 86 2D CF D0 0A (19)
                              [N5:V] TPOS 'E' 0 25 134 45 (1672749)
2026-03-21 15:37:31:130 [OUT] 25 A5 01 05 31 05 81 00 0D 03 C1 8E 19 (13)
                              [N5:V] TPOS 0 13 3 193 (852929)
2026-03-21 15:37:31:319 [IN ] C8 24 05 0E 25 A5 05 01 31 06 81 53 00 19 86 2D DD 16 0A (19)
                              [N5:V] TPOS 'S' 0 25 134 45 (1672749)
2026-03-21 15:37:33:327 [IN ] C8 24 0C 0E 25 A5 0C 01 31 06 81 45 FF D1 1C 38 2E 71 0A (19)
                              [N12:Z] TPOS 'E' 255 209 28 56 (-3072968)
2026-03-21 15:37:35:337 [IN ] C8 24 08 0E 25 A5 08 01 31 06 81 45 FF DC 74 89 DE 6B 0A (19)
                              [N8:R] TPOS 'E' 255 220 116 137 (-2329463)
2026-03-21 15:37:35:762 [OUT] 25 A5 01 08 31 05 81 FF EE 15 56 18 89 (13)
                              [N8:R] TPOS 255 238 21 86 (-1174186)
2026-03-21 15:37:35:952 [IN ] C8 24 08 0E 25 A5 08 01 31 06 81 53 FF DC 74 95 F8 BD 0A (19)
                              [N8:R] TPOS 'S' 255 220 116 149 (-2329451)
2026-03-21 15:37:36:556 [IN ] C8 24 05 0E 25 A5 05 01 31 06 81 45 00 0D 02 30 42 A7 0A (19)
                              [N5:V] TPOS 'E' 0 13 2 48 (852528)
2026-03-21 15:37:36:780 [OUT] 25 A5 01 03 31 05 81 FF ED B1 30 88 70 (13)
                              [N3:X] TPOS 255 237 177 48 (-1199824)
2026-03-21 15:37:36:801 [OUT] 25 A5 01 04 31 05 81 FF F3 BD 0C 77 7E (13)
                              [N4:Y] TPOS 255 243 189 12 (-803572)
2026-03-21 15:37:36:949 [IN ] C8 24 03 0E 25 A5 03 01 31 06 81 53 FF FD 50 9A F5 (17)
2026-03-21 15:37:36:971 [IN ] AB 0A (2)
                              [N3:X] TPOS 'S' 255 253 80 154 (-175974)
2026-03-21 15:37:37:077 [IN ] C8 24 04 0E 25 A5 04 01 31 06 81 53 FF FD 4F F3 4E 0C 0A (19)
                              [N4:Y] TPOS 'S' 255 253 79 243 (-176141)
2026-03-21 15:37:40:490 [IN ] C8 24 04 0E 25 A5 04 01 31 06 81 45 FF F3 BA 68 16 F3 0A (19)
                              [N4:Y] TPOS 'E' 255 243 186 104 (-804248)
2026-03-21 15:37:42:097 [IN ] C8 24 03 0E 25 A5 03 01 31 06 81 45 FF ED AE 5B F6 B2 0A (19)
                              [N3:X] TPOS 'E' 255 237 174 91 (-1200549)
2026-03-21 15:37:42:500 [IN ] C8 24 08 0E 25 A5 08 01 31 06 81 45 FF EE 17 84 8E E2 0A (19)
                              [N8:R] TPOS 'E' 255 238 23 132 (-1173628)
2026-03-21 15:37:45:709 [IN ] C8 24 07 0E 25 A5 07 01 31 06 81 45 FF F3 3A 79 AA 22 0A (19)
                              [N7:N] TPOS 'E' 255 243 58 121 (-836999)
