2026-02-11 16:10:08:820 [OUT] 25 A5 01 09 31 04 E4 3D 00 00 60 C8 (12)
                              [N9:P] LOGPOS '=' 0 0 (0)
2026-02-11 16:10:08:841 [OUT] 25 A5 01 0A 31 05 D6 3D FF 00 00 53 ED (13)
                              [N10:HMI] HMILED '=' 255 0 0 (16711680)
2026-02-11 16:10:08:862 [OUT] 25 A5 01 08 31 05 81 FF EE 15 56 18 89 (13)
                              [N8:R] TPOS 255 238 21 86 (-1174186)
2026-02-11 16:10:08:988 [IN ] C8 24 09 0C 25 A5 09 01 31 04 E4 3A 00 00 5D C7 98 (17)
                              [N9:P] LOGPOS ':' 0 0 (0)
2026-02-11 16:10:09:009 [OUT] 25 A5 01 09 31 03 84 00 50 12 1A (11)
                              [N9:P] VEL 0 80 (80)
2026-02-11 16:10:09:095 [IN ] C8 24 0B 0A 25 A5 0B 01 31 02 DE 03 20 D0 5D (15)
                              [N11:NG] NGSWSTATE 3 (3)
2026-02-11 16:10:09:138 [IN ] C8 24 0A 0D 25 A5 0A 01 31 05 D6 3A FF 00 00 50 EA A8 (18)
                              [N10:HMI] HMILED ':' 255 0 0 (16711680)
2026-02-11 16:10:09:244 [IN ] C8 24 08 0E 25 A5 08 01 31 06 81 53 FF EE 16 3E 55 E0 0A (19)
                              [N8:R] TPOS 'S' 255 238 22 62 (-1173954)
2026-02-11 16:10:09:369 [IN ] C8 24 08 0E 25 A5 08 01 31 06 81 45 FF EE 16 34 3D 90 0A C8 24 09 0C 25 A5 09 01 31 04 84 53 00 50 66 E2 3D (36)
                              [N8:R] TPOS 'E' 255 238 22 52 (-1173964)
                              [N9:P] VEL 'S' 0 80 (80)
2026-02-11 16:10:09:390 [OUT] 25 A5 01 09 31 05 81 FF EC B4 E4 44 57 (13)
                              [N9:P] TPOS 255 236 180 228 (-1264412)
2026-02-11 16:10:09:580 [IN ] C8 24 09 0E 25 A5 09 01 31 06 81 53 FF E9 84 81 02 FA 0A (19)
                              [N9:P] TPOS 'S' 255 233 132 129 (-1473407)
2026-02-11 16:10:10:182 [IN ] C8 24 0B 0A 25 A5 0B 01 31 02 DE 03 20 D0 84 (15)
                              [N11:NG] NGSWSTATE 3 (3)
2026-02-11 16:10:10:985 [IN ] C8 24 09 0E 25 A5 09 01 31 06 81 45 FF EC B6 4D F5 ED 0A (19)
                              [N9:P] TPOS 'E' 255 236 182 77 (-1264051)
2026-02-11 16:10:11:187 [IN ] C8 24 0B 0A 25 A5 0B 01 31 02 DE 03 20 D0 B6 (15)
                              [N11:NG] NGSWSTATE 3 (3)
2026-02-11 16:10:11:208 [OUT] 25 A5 01 09 31 05 81 FF EC C8 01 75 9C (13)
                              [N9:P] TPOS 255 236 200 1 (-1259519)
2026-02-11 16:10:11:397 [IN ] C8 24 09 (3)
2026-02-11 16:10:11:419 [IN ] 0E 25 A5 09 01 31 06 81 53 FF EC B6 47 FD 2D 0A (16)
                              [N9:P] TPOS 'S' 255 236 182 71 (-1264057)
2026-02-11 16:10:11:620 [IN ] C8 24 09 0E 25 A5 09 01 31 06 81 45 FF EC C9 2E E9 F4 0A (19)
                              [N9:P] TPOS 'E' 255 236 201 46 (-1259218)
2026-02-11 16:10:11:843 [OUT] 25 A5 01 09 31 05 81 FF EC DB 1D A4 DE (13)
                              [N9:P] TPOS 255 236 219 29 (-1254627)
2026-02-11 16:10:12:032 [IN ] C8 24 09 0E 25 A5 09 01 31 06 81 53 FF EC C9 2C F5 38 0A (19)
                              [N9:P] TPOS 'S' 255 236 201 44 (-1259220)
2026-02-11 16:10:12:235 [IN ] C8 24 0B 0A 25 A5 0B 01 31 02 DE 03 20 D0 C9 C8 24 09 0E 25 A5 09 01 31 06 81 45 FF EC DC 9A 68 86 0A (34)
                              [N11:NG] NGSWSTATE 3 (3)
                              [N9:P] TPOS 'E' 255 236 220 154 (-1254246)
2026-02-11 16:10:12:458 [OUT] 25 A5 01 09 31 05 81 FF EC EE 3A D4 21 (13)
                              [N9:P] TPOS 255 236 238 58 (-1249734)
2026-02-11 16:10:12:647 [IN ] C8 24 09 0E 25 A5 09 01 31 06 81 53 FF EC DC 95 71 C7 0A (19)
                              [N9:P] TPOS 'S' 255 236 220 149 (-1254251)
2026-02-11 16:10:12:848 [IN ] C8 24 09 0E 25 A5 09 01 31 06 81 45 FF EC EF E8 C9 FA 0A (19)
                              [N9:P] TPOS 'E' 255 236 239 232 (-1249304)
2026-02-11 16:10:13:071 [OUT] 25 A5 01 09 31 05 81 FF ED 01 56 04 66 (13)
                              [N9:P] TPOS 255 237 1 86 (-1244842)
2026-02-11 16:10:13:112 [IN ] C8 24 0B 0A 25 A5 0B 01 31 02 DE 03 20 D0 EF (15)
                              [N11:NG] NGSWSTATE 3 (3)
2026-02-11 16:10:13:281 [IN ] C8 24 09 0E 25 A5 09 01 31 06 81 53 FF EC EF E6 D5 3E 0A (19)
                              [N9:P] TPOS 'S' 255 236 239 230 (-1249306)
2026-02-11 16:10:13:485 [IN ] C8 24 09 0E 25 A5 09 01 31 06 81 45 FF ED 02 FD F2 38 0A (19)
                              [N9:P] TPOS 'E' 255 237 2 253 (-1244419)
2026-02-11 16:10:13:708 [OUT] 25 A5 01 09 31 05 81 FF ED 14 72 33 A8 (13)
                              [N9:P] TPOS 255 237 20 114 (-1239950)
2026-02-11 16:10:13:896 [IN ] C8 24 09 0E 25 A5 09 01 31 06 81 53 FF ED 02 FA FD 7B 0A (19)
                              [N9:P] TPOS 'S' 255 237 2 250 (-1244422)
2026-02-11 16:10:14:098 [IN ] C8 24 09 0E 25 A5 09 01 31 06 81 45 FF ED 16 13 1C 76 0A (19)
                              [N9:P] TPOS 'E' 255 237 22 19 (-1239533)
2026-02-11 16:10:14:300 [IN ] C8 24 0B 0A 25 A5 0B 01 31 02 DE 03 20 D0 16 (15)
                              [N11:NG] NGSWSTATE 3 (3)
2026-02-11 16:10:14:322 [OUT] 25 A5 01 09 31 05 81 FF ED 27 8F 63 EB (13)
                              [N9:P] TPOS 255 237 39 143 (-1235057)
2026-02-11 16:10:14:510 [IN ] C8 24 09 0E 25 A5 09 01 31 06 81 53 FF ED 16 11 28 BA 0A (19)
                              [N9:P] TPOS 'S' 255 237 22 17 (-1239535)
2026-02-11 16:10:14:712 [IN ] C8 24 09 0E 25 A5 09 01 31 06 81 45 FF ED 29 33 4F BC 0A (19)
                              [N9:P] TPOS 'E' 255 237 41 51 (-1234637)
2026-02-11 16:10:14:934 [OUT] 25 A5 01 09 31 05 81 FF ED 3A AB 92 2D (13)
                              [N9:P] TPOS 255 237 58 171 (-1230165)
2026-02-11 16:10:15:123 [IN ] C8 24 09 0E 25 A5 09 01 31 06 81 53 FF ED 29 31 5B 00 0A (19)
                              [N9:P] TPOS 'S' 255 237 41 49 (-1234639)
2026-02-11 16:10:15:324 [IN ] C8 24 0B 0A 25 A5 0B 01 31 02 DE 03 20 D0 29 C8 24 09 0E 25 A5 09 01 31 06 81 45 FF ED 3C 1B 4A CA 0A (34)
                              [N11:NG] NGSWSTATE 3 (3)
                              [N9:P] TPOS 'E' 255 237 60 27 (-1229797)
2026-02-11 16:10:15:548 [OUT] 25 A5 01 09 31 05 81 FF ED 4D C8 C2 70 (13)
                              [N9:P] TPOS 255 237 77 200 (-1225272)
2026-02-11 16:10:15:737 [IN ] C8 24 09 0E 25 A5 09 01 31 06 81 53 FF ED 3C 16 53 0B 0A (19)
                              [N9:P] TPOS 'S' 255 237 60 22 (-1229802)
2026-02-11 16:10:15:938 [IN ] C8 24 09 0E 25 A5 09 01 31 06 81 45 FF ED 4F 45 87 1A 0A (19)
                              [N9:P] TPOS 'E' 255 237 79 69 (-1224891)
2026-02-11 16:10:16:161 [OUT] 25 A5 01 09 31 05 81 FF ED 60 E4 F1 B2 (13)
                              [N9:P] TPOS 255 237 96 228 (-1220380)
2026-02-11 16:10:16:162 [IN ] C8 24 0B 0A 25 A5 0B 01 31 02 DE 03 20 D0 4F (15)
                              [N11:NG] NGSWSTATE 3 (3)
2026-02-11 16:10:16:350 [IN ] C8 24 09 0E 25 A5 09 01 31 06 81 53 FF ED 4F 43 93 5E 0A (19)
                              [N9:P] TPOS 'S' 255 237 79 67 (-1224893)
2026-02-11 16:10:16:551 [IN ] C8 24 09 0E 25 A5 09 01 31 06 81 45 FF ED 62 66 BB 61 0A (19)
                              [N9:P] TPOS 'E' 255 237 98 102 (-1219994)
2026-02-11 16:10:16:773 [OUT] 25 A5 01 09 31 05 81 FF ED 74 01 22 F7 (13)
                              [N9:P] TPOS 255 237 116 1 (-1215487)
2026-02-11 16:10:16:963 [IN ] C8 24 09 0E 25 A5 09 01 31 06 81 53 FF ED 62 63 C6 A4 0A (19)
                              [N9:P] TPOS 'S' 255 237 98 99 (-1219997)
2026-02-11 16:10:17:164 [IN ] C8 24 09 0E 25 A5 09 01 31 06 81 45 FF ED 75 53 BB 74 0A C8 24 0B 0A 25 A5 0B 01 31 02 DE 03 20 D0 75 (34)
                              [N9:P] TPOS 'E' 255 237 117 83 (-1215149)
                              [N11:NG] NGSWSTATE 3 (3)
2026-02-11 16:10:17:387 [OUT] 25 A5 01 09 31 05 81 FF ED 87 1D 51 39 (13)
                              [N9:P] TPOS 255 237 135 29 (-1210595)
2026-02-11 16:10:17:575 [IN ] C8 24 09 0E 25 A5 09 01 31 06 81 53 FF ED 75 50 C6 B7 0A (19)
                              [N9:P] TPOS 'S' 255 237 117 80 (-1215152)
2026-02-11 16:10:17:776 [IN ] C8 24 09 0E 25 A5 09 01 31 06 81 45 FF ED 88 7D F8 C4 0A (19)
                              [N9:P] TPOS 'E' 255 237 136 125 (-1210243)
2026-02-11 16:10:17:997 [OUT] 25 A5 01 09 31 05 81 FF ED 9A 3A 81 7C (13)
                              [N9:P] TPOS 255 237 154 58 (-1205702)
2026-02-11 16:10:18:165 [IN ] C8 24 0B 0A 25 A5 0B 01 31 02 DE 03 20 D0 88 (15)
                              [N11:NG] NGSWSTATE 3 (3)
2026-02-11 16:10:18:187 [IN ] C8 24 09 0E 25 A5 09 01 31 06 81 53 FF ED 88 7A 03 07 0A (19)
                              [N9:P] TPOS 'S' 255 237 136 122 (-1210246)
2026-02-11 16:10:18:389 [IN ] C8 24 09 0E 25 A5 09 01 31 06 81 45 FF ED 9B AA 38 17 0A (19)
                              [N9:P] TPOS 'E' 255 237 155 170 (-1205334)
2026-02-11 16:10:18:611 [OUT] 25 A5 01 09 31 05 81 FF ED AD 56 B0 BE (13)
                              [N9:P] TPOS 255 237 173 86 (-1200810)
2026-02-11 16:10:18:800 [IN ] C8 24 09 0E 25 A5 09 01 31 06 81 53 FF ED 9B A8 44 5B 0A (19)
                              [N9:P] TPOS 'S' 255 237 155 168 (-1205336)
2026-02-11 16:10:19:001 [IN ] C8 24 09 0E 25 A5 09 01 31 06 81 45 FF ED AE D3 74 66 0A (19)
                              [N9:P] TPOS 'E' 255 237 174 211 (-1200429)
2026-02-11 16:10:19:203 [IN ] C8 24 0B 0A 25 A5 0B 01 31 02 DE 03 20 D0 AE (15)
                              [N11:NG] NGSWSTATE 3 (3)
2026-02-11 16:10:19:225 [OUT] 25 A5 01 09 31 05 81 FF ED C0 72 DF 00 (13)
                              [N9:P] TPOS 255 237 192 114 (-1195918)
2026-02-11 16:10:19:413 [IN ] C8 24 09 0E 25 A5 09 01 31 06 81 53 FF ED AE D1 80 AA 0A (19)
                              [N9:P] TPOS 'S' 255 237 174 209 (-1200431)
2026-02-11 16:10:19:615 [IN ] C8 24 09 0E 25 A5 09 01 31 06 81 45 FF ED C1 F7 AB B0 0A (19)
                              [N9:P] TPOS 'E' 255 237 193 247 (-1195529)
2026-02-11 16:10:19:838 [OUT] 25 A5 01 09 31 05 81 FF ED D3 8F 0F 43 (13)
                              [N9:P] TPOS 255 237 211 143 (-1191025)
2026-02-11 16:10:20:026 [IN ] C8 24 09 0E 25 A5 09 01 31 06 81 53 FF ED C1 F4 B6 F3 0A (19)
                              [N9:P] TPOS 'S' 255 237 193 244 (-1195532)
2026-02-11 16:10:20:227 [IN ] C8 24 09 0E 25 A5 09 01 31 06 81 45 FF ED D5 36 FE 17 0A C8 24 0B 0A 25 A5 0B 01 31 02 DE 03 20 D0 D5 (34)
                              [N9:P] TPOS 'E' 255 237 213 54 (-1190602)
                              [N11:NG] NGSWSTATE 3 (3)
2026-02-11 16:10:20:451 [OUT] 25 A5 01 09 31 05 81 FF ED E6 AB 3E 85 (13)
                              [N9:P] TPOS 255 237 230 171 (-1186133)
2026-02-11 16:10:20:640 [IN ] C8 24 09 0E 25 A5 09 01 31 06 81 53 FF ED D5 34 0A 5B 0A (19)
                              [N9:P] TPOS 'S' 255 237 213 52 (-1190604)
2026-02-11 16:10:20:841 [IN ] C8 24 09 0E 25 A5 09 01 31 06 81 45 FF ED E8 82 5D 89 0A (19)
                              [N9:P] TPOS 'E' 255 237 232 130 (-1185662)
2026-02-11 16:10:21:063 [OUT] 25 A5 01 09 31 05 81 FF ED F9 C8 6E C8 (13)
                              [N9:P] TPOS 255 237 249 200 (-1181240)
2026-02-11 16:10:21:190 [IN ] C8 24 0B 0A 25 A5 0B 01 31 02 DE 03 20 D0 E8 (15)
                              [N11:NG] NGSWSTATE 3 (3)
2026-02-11 16:10:21:254 [IN ] C8 24 09 0E 25 A5 09 01 31 06 81 53 FF ED E8 81 6A CE 0A (19)
                              [N9:P] TPOS 'S' 255 237 232 129 (-1185663)
2026-02-11 16:10:21:456 [IN ] C8 24 09 0E 25 A5 09 01 31 06 81 45 FF ED FB A7 95 D4 0A (19)
                              [N9:P] TPOS 'E' 255 237 251 167 (-1180761)
2026-02-11 16:10:21:678 [OUT] 25 A5 01 09 31 05 81 FF EE 0C E4 9E 0D (13)
                              [N9:P] TPOS 255 238 12 228 (-1176348)
2026-02-11 16:10:21:847 [IN ] C8 24 09 0E 25 A5 09 01 31 06 81 53 FF ED FB A3 9F 16 0A (19)
                              [N9:P] TPOS 'S' 255 237 251 163 (-1180765)
2026-02-11 16:10:22:048 [IN ] C8 24 09 0E 25 A5 09 01 31 06 81 45 FF EE 0E A3 A5 F9 0A (19)
                              [N9:P] TPOS 'E' 255 238 14 163 (-1175901)
2026-02-11 16:10:22:250 [IN ] C8 24 0B 0A 25 A5 0B 01 31 02 DE 03 20 D0 0E (15)
                              [N11:NG] NGSWSTATE 3 (3)
2026-02-11 16:10:22:273 [OUT] 25 A5 01 09 31 05 81 FF EE 20 01 CF 52 (13)
                              [N9:P] TPOS 255 238 32 1 (-1171455)
2026-02-11 16:10:22:463 [IN ] C8 24 09 0E 25 A5 09 01 31 06 81 53 FF EE 0E A2 B2 3E 0A (19)
                              [N9:P] TPOS 'S' 255 238 14 162 (-1175902)
2026-02-11 16:10:22:664 [IN ] C8 24 09 0E 25 A5 09 01 31 06 81 45 FF EE 21 C9 DE 45 0A (19)
                              [N9:P] TPOS 'E' 255 238 33 201 (-1170999)
2026-02-11 16:10:22:886 [OUT] 25 A5 01 09 31 05 81 FF EE 33 1D FE 94 (13)
                              [N9:P] TPOS 255 238 51 29 (-1166563)
2026-02-11 16:10:23:074 [IN ] C8 24 09 0E 25 A5 09 01 31 06 81 53 FF EE 21 C8 EB 8A 0A (19)
                              [N9:P] TPOS 'S' 255 238 33 200 (-1171000)
2026-02-11 16:10:23:276 [IN ] C8 24 09 0E 25 A5 09 01 31 06 81 45 FF EE 34 AE D6 50 0A C8 24 0B 0A 25 A5 0B 01 31 02 DE 03 20 D0 34 (34)
                              [N9:P] TPOS 'E' 255 238 52 174 (-1166162)
                              [N11:NG] NGSWSTATE 3 (3)
2026-02-11 16:10:23:498 [OUT] 25 A5 01 09 31 05 81 FF EE 46 3A 2E D7 (13)
                              [N9:P] TPOS 255 238 70 58 (-1161670)
2026-02-11 16:10:23:687 [IN ] C8 24 09 0E 25 A5 09 01 31 06 81 53 FF EE 34 AA E0 92 0A (19)
                              [N9:P] TPOS 'S' 255 238 52 170 (-1166166)
2026-02-11 16:10:23:888 [IN ] C8 24 09 0E 25 A5 09 01 31 06 81 45 FF EE 47 A1 DC 69 0A (19)
                              [N9:P] TPOS 'E' 255 238 71 161 (-1161311)
2026-02-11 16:10:24:110 [OUT] 25 A5 01 09 31 05 81 FF EE 59 56 5D 19 (13)
                              [N9:P] TPOS 255 238 89 86 (-1156778)
2026-02-11 16:10:24:194 [IN ] C8 24 0B 0A 25 A5 0B 01 31 02 DE 03 20 D0 47 (15)
                              [N11:NG] NGSWSTATE 3 (3)
2026-02-11 16:10:24:300 [IN ] C8 24 09 0E 25 A5 09 01 31 06 81 53 FF EE 47 9F E8 AD 0A (19)
                              [N9:P] TPOS 'S' 255 238 71 159 (-1161313)
2026-02-11 16:10:24:503 [IN ] C8 24 09 0E 25 A5 09 01 31 06 81 45 FF EE 5A B8 06 A6 0A (19)
                              [N9:P] TPOS 'E' 255 238 90 184 (-1156424)
2026-02-11 16:10:24:726 [OUT] 25 A5 01 09 31 05 81 FF EE 6C 72 8C 5B (13)
                              [N9:P] TPOS 255 238 108 114 (-1151886)
2026-02-11 16:10:24:915 [IN ] C8 24 09 0E 25 A5 09 01 31 06 81 53 FF EE 5A B5 11 E9 0A (19)
                              [N9:P] TPOS 'S' 255 238 90 181 (-1156427)
2026-02-11 16:10:25:117 [IN ] C8 24 09 0E 25 A5 09 01 31 06 81 45 FF EE 6D A8 09 BC 0A (19)
                              [N9:P] TPOS 'E' 255 238 109 168 (-1151576)
2026-02-11 16:10:25:319 [IN ] C8 24 0B 0A 25 A5 0B 01 31 02 DE 03 20 D0 6D (15)
                              [N11:NG] NGSWSTATE 3 (3)
2026-02-11 16:10:25:341 [OUT] 25 A5 01 09 31 05 81 FF EE 7F 8F BC 9E (13)
                              [N9:P] TPOS 255 238 127 143 (-1146993)
2026-02-11 16:10:25:529 [IN ] C8 24 09 0E 25 A5 09 01 31 06 81 53 FF EE 6D A3 12 FD 0A (19)
                              [N9:P] TPOS 'S' 255 238 109 163 (-1151581)
2026-02-11 16:10:25:730 [IN ] C8 24 09 0E 25 A5 09 01 31 06 81 45 FF EE 80 A3 17 DD 0A (19)
                              [N9:P] TPOS 'E' 255 238 128 163 (-1146717)
2026-02-11 16:10:25:952 [OUT] 25 A5 01 09 31 05 81 FF EE 92 AB EB E0 (13)
                              [N9:P] TPOS 255 238 146 171 (-1142101)
2026-02-11 16:10:26:162 [IN ] C8 24 09 0E 25 A5 09 01 31 06 81 53 FF EE 80 A1 23 21 0A (19)
                              [N9:P] TPOS 'S' 255 238 128 161 (-1146719)
2026-02-11 16:10:26:364 [IN ] C8 24 0B 0A 25 A5 0B 01 31 02 DE 03 20 D0 80 C8 24 09 0E 25 A5 09 01 31 06 81 45 FF EE 93 B9 40 19 0A (34)
                              [N11:NG] NGSWSTATE 3 (3)
                              [N9:P] TPOS 'E' 255 238 147 185 (-1141831)
2026-02-11 16:10:26:586 [OUT] 25 A5 01 09 31 05 81 FF EE A5 C8 1B 23 (13)
                              [N9:P] TPOS 255 238 165 200 (-1137208)
2026-02-11 16:10:26:772 [IN ] C8 24 09 0E 25 A5 09 01 31 06 81 53 FF EE 93 B5 4A 5B 0A (19)
                              [N9:P] TPOS 'S' 255 238 147 181 (-1141835)
2026-02-11 16:10:26:974 [IN ] C8 24 09 0E 25 A5 09 01 31 06 81 45 FF EE A7 19 B4 A1 0A (19)
                              [N9:P] TPOS 'E' 255 238 167 25 (-1136871)
2026-02-11 16:10:27:196 [OUT] 25 A5 01 09 31 05 81 FF EE B8 E4 4A 65 (13)
                              [N9:P] TPOS 255 238 184 228 (-1132316)
2026-02-11 16:10:27:239 [IN ] C8 24 0B 0A 25 A5 0B 01 31 02 DE 03 20 D0 A7 (15)
                              [N11:NG] NGSWSTATE 3 (3)
2026-02-11 16:10:27:384 [IN ] C8 24 09 0E 25 A5 09 01 31 06 81 53 FF EE A7 15 BE E3 0A (19)
                              [N9:P] TPOS 'S' 255 238 167 21 (-1136875)
2026-02-11 16:10:27:586 [IN ] C8 24 09 0E 25 A5 09 01 31 06 81 45 FF EE BA 71 1F 1F 0A (19)
                              [N9:P] TPOS 'E' 255 238 186 113 (-1131919)
2026-02-11 16:10:27:810 [OUT] 25 A5 01 09 31 05 81 FF EE CC 01 7B AA (13)
                              [N9:P] TPOS 255 238 204 1 (-1127423)
2026-02-11 16:10:27:998 [IN ] C8 24 09 0E 25 A5 09 01 31 06 81 53 FF EE BA 6E 2A 62 0A (19)
                              [N9:P] TPOS 'S' 255 238 186 110 (-1131922)
2026-02-11 16:10:28:199 [IN ] C8 24 09 0E 25 A5 09 01 31 06 81 45 FF EE CD 9F 60 73 0A (19)
                              [N9:P] TPOS 'E' 255 238 205 159 (-1127009)
2026-02-11 16:10:28:400 [IN ] C8 24 0B 0A 25 A5 0B 01 31 02 DE 03 20 D0 CD (15)
                              [N11:NG] NGSWSTATE 3 (3)
2026-02-11 16:10:28:421 [OUT] 25 A5 01 09 31 05 81 FF EE DF 1D AA EC (13)
                              [N9:P] TPOS 255 238 223 29 (-1122531)
2026-02-11 16:10:28:610 [IN ] C8 24 09 0E 25 A5 09 01 31 06 81 53 FF EE CD 9D 6C B7 0A (19)
                              [N9:P] TPOS 'S' 255 238 205 157 (-1127011)
2026-02-11 16:10:28:812 [IN ] C8 24 09 0E 25 A5 09 01 31 06 81 45 FF EE E0 D2 A6 CC 0A (19)
                              [N9:P] TPOS 'E' 255 238 224 210 (-1122094)
2026-02-11 16:10:29:035 [OUT] 25 A5 01 09 31 05 81 FF EE F2 3A DA 2F (13)
                              [N9:P] TPOS 255 238 242 58 (-1117638)
2026-02-11 16:10:29:224 [IN ] C8 24 09 0E 25 A5 09 01 31 06 81 53 FF EE E0 D0 B2 10 0A (19)
                              [N9:P] TPOS 'S' 255 238 224 208 (-1122096)
2026-02-11 16:10:29:426 [IN ] C8 24 0B 0A 25 A5 0B 01 31 02 DE 03 20 D0 E0 C8 24 09 0E 25 A5 09 01 31 06 81 45 FF EE F4 11 F9 33 0A (34)
                              [N11:NG] NGSWSTATE 3 (3)
                              [N9:P] TPOS 'E' 255 238 244 17 (-1117167)
2026-02-11 16:10:29:648 [OUT] 25 A5 01 09 31 05 81 FF EF 05 56 0A 74 (13)
                              [N9:P] TPOS 255 239 5 86 (-1112746)
2026-02-11 16:10:29:836 [IN ] C8 24 09 0E 25 A5 09 01 31 06 81 53 FF EE F4 0F 05 77 0A (19)
                              [N9:P] TPOS 'S' 255 238 244 15 (-1117169)
2026-02-11 16:10:30:038 [IN ] C8 24 09 0E 25 A5 09 01 31 06 81 45 FF EF 07 40 3C 8B 0A (19)
                              [N9:P] TPOS 'E' 255 239 7 64 (-1112256)
2026-02-11 16:10:30:261 [OUT] 25 A5 01 09 31 05 81 FF EF 18 72 39 B6 (13)
                              [N9:P] TPOS 255 239 24 114 (-1107854)
2026-02-11 16:10:30:262 [IN ] C8 24 0B 0A 25 A5 0B 01 31 02 DE 03 20 D0 07 (15)
                              [N11:NG] NGSWSTATE 3 (3)
2026-02-11 16:10:30:451 [IN ] C8 24 09 0E 25 A5 09 01 31 06 81 53 FF EF 07 3E 48 CF 0A (19)
                              [N9:P] TPOS 'S' 255 239 7 62 (-1112258)
2026-02-11 16:10:30:653 [IN ] C8 24 09 0E 25 A5 09 01 31 06 81 45 FF EF 1A 54 63 C5 0A (19)
                              [N9:P] TPOS 'E' 255 239 26 84 (-1107372)
2026-02-11 16:10:30:875 [OUT] 25 A5 01 09 31 05 81 FF EF 2B 8F 69 F9 (13)
                              [N9:P] TPOS 255 239 43 143 (-1102961)
2026-02-11 16:10:31:065 [IN ] C8 24 09 0E 25 A5 09 01 31 06 81 53 FF EF 1A 52 6F 09 0A (19)
                              [N9:P] TPOS 'S' 255 239 26 82 (-1107374)
2026-02-11 16:10:31:266 [IN ] C8 24 09 0E 25 A5 09 01 31 06 81 45 FF EF 2D 5F 81 F6 0A C8 24 0B 0A 25 A5 0B 01 31 02 DE 03 20 D0 2D (34)
                              [N9:P] TPOS 'E' 255 239 45 95 (-1102497)
                              [N11:NG] NGSWSTATE 3 (3)
2026-02-11 16:10:31:490 [OUT] 25 A5 01 09 31 05 81 FF EF 3E AB 98 3B (13)
                              [N9:P] TPOS 255 239 62 171 (-1098069)
2026-02-11 16:10:31:679 [IN ] C8 24 09 0E 25 A5 09 01 31 06 81 53 FF EF 2D 5C 8C 39 0A (19)
                              [N9:P] TPOS 'S' 255 239 45 92 (-1102500)
2026-02-11 16:10:31:880 [IN ] C8 24 09 0E 25 A5 09 01 31 06 81 45 FF EF 40 67 9C 24 0A (19)
                              [N9:P] TPOS 'E' 255 239 64 103 (-1097625)
2026-02-11 16:10:32:102 [OUT] 25 A5 01 09 31 05 81 FF EF 51 C8 C8 7E (13)
                              [N9:P] TPOS 255 239 81 200 (-1093176)
2026-02-11 16:10:32:270 [IN ] C8 24 0B 0A 25 A5 0B 01 31 02 DE 03 20 D0 40 (15)
                              [N11:NG] NGSWSTATE 3 (3)
2026-02-11 16:10:32:291 [IN ] C8 24 09 0E 25 A5 09 01 31 06 81 53 FF EF 40 64 A7 67 0A (19)
                              [N9:P] TPOS 'S' 255 239 64 100 (-1097628)
2026-02-11 16:10:32:492 [IN ] C8 24 09 0E 25 A5 09 01 31 06 81 45 FF EF 53 53 9B 36 0A (19)
                              [N9:P] TPOS 'E' 255 239 83 83 (-1092781)
2026-02-11 16:10:32:714 [OUT] 25 A5 01 09 31 05 81 FF EF 64 E4 F7 C0 (13)
                              [N9:P] TPOS 255 239 100 228 (-1088284)
2026-02-11 16:10:32:903 [IN ] C8 24 09 0E 25 A5 09 01 31 06 81 53 FF EF 53 50 A6 79 0A (19)
                              [N9:P] TPOS 'S' 255 239 83 80 (-1092784)
2026-02-11 16:10:33:105 [IN ] C8 24 09 0E 25 A5 09 01 31 06 81 45 FF EF 66 47 A2 50 0A (19)
                              [N9:P] TPOS 'E' 255 239 102 71 (-1087929)
2026-02-11 16:10:33:306 [IN ] C8 24 0B 0A 25 A5 0B 01 31 02 DE 03 20 D0 66 (15)
                              [N11:NG] NGSWSTATE 3 (3)
2026-02-11 16:10:33:328 [OUT] 25 A5 01 09 31 05 81 FF EF 78 01 28 05 (13)
                              [N9:P] TPOS 255 239 120 1 (-1083391)
2026-02-11 16:10:33:516 [IN ] C8 24 09 0E 25 A5 09 01 31 06 81 53 FF EF 66 43 AC 92 0A (19)
                              [N9:P] TPOS 'S' 255 239 102 67 (-1087933)
2026-02-11 16:10:33:717 [IN ] C8 24 09 0E 25 A5 09 01 31 06 81 45 FF EF 79 50 BE 7F 0A (19)
                              [N9:P] TPOS 'E' 255 239 121 80 (-1083056)
2026-02-11 16:10:33:940 [OUT] 25 A5 01 09 31 05 81 FF EF 8B 1D 57 47 (13)
                              [N9:P] TPOS 255 239 139 29 (-1078499)
2026-02-11 16:10:34:129 [IN ] C8 24 09 0E 25 A5 09 01 31 06 81 53 FF EF 79 4D C9 C2 0A (19)
                              [N9:P] TPOS 'S' 255 239 121 77 (-1083059)
2026-02-11 16:10:34:331 [IN ] C8 24 09 0E 25 A5 09 01 31 06 81 45 FF EF 8C 0B 8C 60 0A C8 24 0B 0A 25 A5 0B 01 31 02 DE 03 20 D0 8C (34)
                              [N9:P] TPOS 'E' 255 239 140 11 (-1078261)
                              [N11:NG] NGSWSTATE 3 (3)
2026-02-11 16:10:34:553 [OUT] 25 A5 01 09 31 05 81 FF EF 9E 3A 87 8A (13)
                              [N9:P] TPOS 255 239 158 58 (-1073606)
2026-02-11 16:10:34:742 [IN ] C8 24 09 0E 25 A5 09 01 31 06 81 53 FF EF 8C 06 95 A1 0A (19)
                              [N9:P] TPOS 'S' 255 239 140 6 (-1078266)
2026-02-11 16:10:34:943 [IN ] C8 24 09 0E 25 A5 09 01 31 06 81 45 FF EF 9E FC 8F 75 0A (19)
                              [N9:P] TPOS 'E' 255 239 158 252 (-1073412)
2026-02-11 16:10:35:165 [OUT] 25 A5 01 09 31 05 81 FF EF B1 56 B6 CC (13)
                              [N9:P] TPOS 255 239 177 86 (-1068714)
2026-02-11 16:10:35:312 [IN ] C8 24 0B 0A 25 A5 0B 01 31 02 DE 03 20 D0 9E (15)
                              [N11:NG] NGSWSTATE 3 (3)
2026-02-11 16:10:35:355 [IN ] C8 24 09 0E 25 A5 09 01 31 06 81 53 FF EF 9E F8 99 B7 0A (19)
                              [N9:P] TPOS 'S' 255 239 158 248 (-1073416)
2026-02-11 16:10:35:556 [IN ] C8 24 09 0E 25 A5 09 01 31 06 81 45 FF EF B2 5C 03 FD 0A (19)
                              [N9:P] TPOS 'E' 255 239 178 92 (-1068452)
2026-02-11 16:10:35:778 [OUT] 25 A5 01 09 31 05 81 FF EF C4 72 E5 0E (13)
                              [N9:P] TPOS 255 239 196 114 (-1063822)
2026-02-11 16:10:35:966 [IN ] C8 24 09 0E 25 A5 09 01 31 06 81 53 FF EF B2 58 0D 3F 0A (19)
                              [N9:P] TPOS 'S' 255 239 178 88 (-1068456)
2026-02-11 16:10:36:168 [IN ] C8 24 09 0E 25 A5 09 01 31 06 81 45 FF EF C5 95 4F 5C 0A (19)
                              [N9:P] TPOS 'E' 255 239 197 149 (-1063531)
2026-02-11 16:10:36:369 [IN ] C8 24 0B 0A 25 A5 0B 01 31 02 DE 03 20 D0 C5 (15)
                              [N11:NG] NGSWSTATE 3 (3)
2026-02-11 16:10:36:390 [OUT] 25 A5 01 09 31 05 81 FF EF D7 8F 15 51 (13)
                              [N9:P] TPOS 255 239 215 143 (-1058929)
2026-02-11 16:10:36:581 [IN ] C8 24 09 0E 25 A5 09 01 31 06 81 53 FF EF C5 90 58 9D 0A (19)
                              [N9:P] TPOS 'S' 255 239 197 144 (-1063536)
2026-02-11 16:10:36:783 [IN ] C8 24 09 0E 25 A5 09 01 31 06 81 45 FF EF D9 0D DB FC 0A (19)
                              [N9:P] TPOS 'E' 255 239 217 13 (-1058547)
2026-02-11 16:10:37:006 [OUT] 25 A5 01 09 31 05 81 FF EF EA AB 44 93 (13)
                              [N9:P] TPOS 255 239 234 171 (-1054037)
2026-02-11 16:10:37:215 [IN ] C8 24 09 0E 25 A5 09 01 31 06 81 53 FF EF D9 0A E6 3F 0A (19)
                              [N9:P] TPOS 'S' 255 239 217 10 (-1058550)
2026-02-11 16:10:37:418 [IN ] C8 24 0B 0A 25 A5 0B 01 31 02 DE 03 20 D0 D9 C8 24 09 0E 25 A5 09 01 31 06 81 45 FF EF EC 64 45 79 0A (34)
                              [N11:NG] NGSWSTATE 3 (3)
                              [N9:P] TPOS 'E' 255 239 236 100 (-1053596)
2026-02-11 16:10:37:640 [OUT] 25 A5 01 09 31 05 81 FF EF FD C8 74 D6 (13)
                              [N9:P] TPOS 255 239 253 200 (-1049144)
2026-02-11 16:10:37:828 [IN ] C8 24 09 0E 25 A5 09 01 31 06 81 53 FF EF EC 5F 4E BA 0A (19)
                              [N9:P] TPOS 'S' 255 239 236 95 (-1053601)
2026-02-11 16:10:38:031 [IN ] C8 24 09 0E 25 A5 09 01 31 06 81 45 FF EF FF B0 A4 EB 0A (19)
                              [N9:P] TPOS 'E' 255 239 255 176 (-1048656)
2026-02-11 16:10:38:253 [OUT] 25 A5 01 09 31 05 81 FF F0 10 E4 A4 1B (13)
                              [N9:P] TPOS 255 240 16 228 (-1044252)
2026-02-11 16:10:38:337 [IN ] C8 24 0B 0A 25 A5 0B 01 31 02 DE 03 20 D0 FF (15)
                              [N11:NG] NGSWSTATE 3 (3)
2026-02-11 16:10:38:442 [IN ] C8 24 09 0E 25 A5 09 01 31 06 81 53 FF EF FF AF B1 30 0A (19)
                              [N9:P] TPOS 'S' 255 239 255 175 (-1048657)
2026-02-11 16:10:38:643 [IN ] C8 24 09 0E 25 A5 09 01 31 06 81 45 FF F0 12 F4 FC 58 0A (19)
                              [N9:P] TPOS 'E' 255 240 18 244 (-1043724)
2026-02-11 16:10:38:865 [OUT] 25 A5 01 09 31 05 81 FF F0 24 01 D5 60 (13)
                              [N9:P] TPOS 255 240 36 1 (-1039359)
2026-02-11 16:10:39:054 [IN ] C8 24 09 0E 25 A5 09 01 31 06 81 53 FF F0 12 F2 08 9C 0A (19)
                              [N9:P] TPOS 'S' 255 240 18 242 (-1043726)
2026-02-11 16:10:39:255 [IN ] C8 24 09 0E 25 A5 09 01 31 06 81 45 FF F0 25 FF 1A 89 0A (19)
                              [N9:P] TPOS 'E' 255 240 37 255 (-1038849)
2026-02-11 16:10:39:457 [IN ] C8 24 0B 0A 25 A5 0B 01 31 02 DE 03 20 D0 25 (15)
                              [N11:NG] NGSWSTATE 3 (3)
2026-02-11 16:10:39:478 [OUT] 25 A5 01 09 31 05 81 FF F0 37 1D 04 A2 (13)
                              [N9:P] TPOS 255 240 55 29 (-1034467)
2026-02-11 16:10:39:667 [IN ] C8 24 09 0E 25 A5 09 01 31 06 81 53 FF F0 25 FD 26 CD 0A (19)
                              [N9:P] TPOS 'S' 255 240 37 253 (-1038851)
2026-02-11 16:10:39:870 [IN ] C8 24 09 0E 25 A5 09 01 31 06 81 45 FF F0 39 26 55 D8 0A (19)
                              [N9:P] TPOS 'E' 255 240 57 38 (-1033946)
2026-02-11 16:10:40:092 [OUT] 25 A5 01 09 31 05 81 FF F0 4A 3A 34 E5 (13)
                              [N9:P] TPOS 255 240 74 58 (-1029574)
2026-02-11 16:10:40:278 [IN ] C8 24 09 0E 25 A5 09 01 31 06 81 53 FF F0 39 24 61 1C 0A (19)
                              [N9:P] TPOS 'S' 255 240 57 36 (-1033948)
2026-02-11 16:10:40:479 [IN ] C8 24 0B 0A 25 A5 0B 01 31 02 DE 03 20 D0 39 C8 24 09 0E 25 A5 09 01 31 06 81 45 FF F0 4C 2D 6F 05 0A (34)
                              [N11:NG] NGSWSTATE 3 (3)
                              [N9:P] TPOS 'E' 255 240 76 45 (-1029075)
2026-02-11 16:10:40:701 [OUT] 25 A5 01 09 31 05 81 FF F0 5D 56 63 27 (13)
                              [N9:P] TPOS 255 240 93 86 (-1024682)
2026-02-11 16:10:40:891 [IN ] C8 24 09 0E 25 A5 09 01 31 06 81 53 FF F0 4C 2C 7C 4A 0A (19)
                              [N9:P] TPOS 'S' 255 240 76 44 (-1029076)
2026-02-11 16:10:41:092 [IN ] C8 24 09 0E 25 A5 09 01 31 06 81 45 FF F0 5F 16 6B 14 0A (19)
                              [N9:P] TPOS 'E' 255 240 95 22 (-1024234)
2026-02-11 16:10:41:314 [OUT] 25 A5 01 09 31 05 81 FF F0 70 72 92 69 (13)
                              [N9:P] TPOS 255 240 112 114 (-1019790)
2026-02-11 16:10:41:357 [IN ] C8 24 0B 0A 25 A5 0B 01 31 02 DE 03 20 D0 5F (15)
                              [N11:NG] NGSWSTATE 3 (3)
2026-02-11 16:10:41:505 [IN ] C8 24 09 0E 25 A5 09 01 31 06 81 53 FF F0 5F 14 77 58 0A (19)
                              [N9:P] TPOS 'S' 255 240 95 20 (-1024236)
2026-02-11 16:10:41:706 [IN ] C8 24 09 0E 25 A5 09 01 31 06 81 45 FF F0 72 13 7B 37 0A (19)
                              [N9:P] TPOS 'E' 255 240 114 19 (-1019373)
2026-02-11 16:10:41:928 [OUT] 25 A5 01 09 31 05 81 FF F0 83 8F C2 AC (13)
                              [N9:P] TPOS 255 240 131 143 (-1014897)
2026-02-11 16:10:42:095 [IN ] C8 24 09 0E 25 A5 09 01 31 06 81 53 FF F0 72 11 87 7B 0A (19)
                              [N9:P] TPOS 'S' 255 240 114 17 (-1019375)
2026-02-11 16:10:42:296 [IN ] C8 24 09 0E 25 A5 09 01 31 06 81 45 FF F0 84 F5 6F 3D 0A (19)
                              [N9:P] TPOS 'E' 255 240 132 245 (-1014539)
2026-02-11 16:10:42:497 [IN ] C8 24 0B 0A 25 A5 0B 01 31 02 DE 03 20 D0 84 (15)
                              [N11:NG] NGSWSTATE 3 (3)
2026-02-11 16:10:42:519 [OUT] 25 A5 01 09 31 05 81 FF F0 96 AB F1 EE (13)
                              [N9:P] TPOS 255 240 150 171 (-1010005)
2026-02-11 16:10:42:729 [IN ] C8 24 09 0E 25 A5 09 01 31 06 81 53 FF F0 84 F3 7B 81 0A (19)
                              [N9:P] TPOS 'S' 255 240 132 243 (-1014541)
2026-02-11 16:10:42:930 [IN ] C8 24 09 0E 25 A5 09 01 31 06 81 45 FF F0 97 D3 60 41 0A (19)
                              [N9:P] TPOS 'E' 255 240 151 211 (-1009709)
2026-02-11 16:10:43:153 [OUT] 25 A5 01 09 31 05 81 FF F0 A9 C8 21 31 (13)
                              [N9:P] TPOS 255 240 169 200 (-1005112)
2026-02-11 16:10:43:342 [IN ] C8 24 09 0E 25 A5 09 01 31 06 81 53 FF F0 97 D1 6C 85 0A (19)
                              [N9:P] TPOS 'S' 255 240 151 209 (-1009711)
2026-02-11 16:10:43:544 [IN ] C8 24 0B 0A 25 A5 0B 01 31 02 DE 03 20 D0 97 C8 24 09 0E 25 A5 09 01 31 06 81 45 FF F0 AA DA 7A 6E 0A (34)
                              [N11:NG] NGSWSTATE 3 (3)
                              [N9:P] TPOS 'E' 255 240 170 218 (-1004838)
2026-02-11 16:10:43:766 [OUT] 25 A5 01 09 31 05 81 FF F0 BC E4 50 73 (13)
                              [N9:P] TPOS 255 240 188 228 (-1000220)
2026-02-11 16:10:43:955 [IN ] C8 24 09 0E 25 A5 09 01 31 06 81 53 FF F0 AA D8 86 B2 0A (19)
                              [N9:P] TPOS 'S' 255 240 170 216 (-1004840)
2026-02-11 16:10:44:156 [IN ] C8 24 09 0E 25 A5 09 01 31 06 81 45 FF F0 BE 24 D8 E0 0A (19)
                              [N9:P] TPOS 'E' 255 240 190 36 (-999900)
2026-02-11 16:10:44:358 [IN ] C8 24 0B 0A 25 A5 0B 01 31 02 DE 03 20 D0 BE (15)
                              [N11:NG] NGSWSTATE 3 (3)
2026-02-11 16:10:44:378 [OUT] 25 A5 01 09 31 05 81 FF F0 D0 01 81 B8 (13)
                              [N9:P] TPOS 255 240 208 1 (-995327)
2026-02-11 16:10:44:568 [IN ] C8 24 09 0E 25 A5 09 01 31 06 81 53 FF F0 BE 20 E2 22 0A (19)
                              [N9:P] TPOS 'S' 255 240 190 32 (-999904)
2026-02-11 16:10:44:769 [IN ] C8 24 09 0E 25 A5 09 01 31 06 81 45 FF F0 D1 7E 45 60 0A (19)
                              [N9:P] TPOS 'E' 255 240 209 126 (-994946)
2026-02-11 16:10:44:992 [OUT] 25 A5 01 09 31 05 81 FF F0 E3 1D B0 FA (13)
                              [N9:P] TPOS 255 240 227 29 (-990435)
2026-02-11 16:10:45:180 [IN ] C8 24 09 0E 25 A5 09 01 31 06 81 53 FF F0 D1 7B 50 A3 0A (19)
                              [N9:P] TPOS 'S' 255 240 209 123 (-994949)
2026-02-11 16:10:45:382 [IN ] C8 24 09 0E 25 A5 09 01 31 06 81 45 FF F0 E4 AF 89 B7 0A C8 24 0B 0A 25 A5 0B 01 31 02 DE 03 20 D0 E4 (34)
                              [N9:P] TPOS 'E' 255 240 228 175 (-990033)
                              [N11:NG] NGSWSTATE 3 (3)
2026-02-11 16:10:45:603 [OUT] 25 A5 01 09 31 05 81 FF F0 F6 3A E0 3D (13)
                              [N9:P] TPOS 255 240 246 58 (-985542)
2026-02-11 16:10:45:793 [IN ] C8 24 09 0E 25 A5 09 01 31 06 81 53 FF F0 E4 AC 94 FA 0A (19)
                              [N9:P] TPOS 'S' 255 240 228 172 (-990036)
2026-02-11 16:10:45:995 [IN ] C8 24 09 0E 25 A5 09 01 31 06 81 45 FF F0 F7 EA D7 18 0A (19)
                              [N9:P] TPOS 'E' 255 240 247 234 (-985110)
2026-02-11 16:10:46:217 [OUT] 25 A5 01 09 31 05 81 FF F1 09 56 10 82 (13)
                              [N9:P] TPOS 255 241 9 86 (-980650)
2026-02-11 16:10:46:405 [IN ] C8 24 0B 0A 25 A5 0B 01 31 02 DE 03 20 D0 F7 C8 24 09 0E 25 A5 09 01 31 06 81 53 FF F0 F7 E8 E3 5C 0A (34)
                              [N11:NG] NGSWSTATE 3 (3)
                              [N9:P] TPOS 'S' 255 240 247 232 (-985112)
2026-02-11 16:10:46:607 [IN ] C8 24 09 0E 25 A5 09 01 31 06 81 45 FF F1 0B 2F 31 88 0A (19)
                              [N9:P] TPOS 'E' 255 241 11 47 (-980177)
2026-02-11 16:10:46:829 [OUT] 25 A5 01 09 31 05 81 FF F1 1C 72 3F C4 (13)
                              [N9:P] TPOS 255 241 28 114 (-975758)
2026-02-11 16:10:47:017 [IN ] C8 24 09 0E 25 A5 09 01 31 06 81 53 FF F1 0B 2D 3D CC 0A (19)
                              [N9:P] TPOS 'S' 255 241 11 45 (-980179)
2026-02-11 16:10:47:219 [IN ] C8 24 09 0E 25 A5 09 01 31 06 81 45 FF F1 1E 63 78 E2 0A (19)
                              [N9:P] TPOS 'E' 255 241 30 99 (-975261)
2026-02-11 16:10:47:420 [IN ] C8 24 0B 0A 25 A5 0B 01 31 02 DE 03 20 D0 1E (15)
                              [N11:NG] NGSWSTATE 3 (3)
2026-02-11 16:10:47:441 [OUT] 25 A5 01 09 31 05 81 FF F1 2F 8F 6F 07 (13)
                              [N9:P] TPOS 255 241 47 143 (-970865)
2026-02-11 16:10:47:630 [IN ] C8 24 09 0E 25 A5 09 01 31 06 81 53 FF F1 1E 61 84 26 0A (19)
                              [N9:P] TPOS 'S' 255 241 30 97 (-975263)
2026-02-11 16:10:47:833 [IN ] C8 24 09 0E 25 A5 09 01 31 06 81 45 FF F1 31 95 BD 3A 0A (19)
                              [N9:P] TPOS 'E' 255 241 49 149 (-970347)
2026-02-11 16:10:48:055 [OUT] 25 A5 01 09 31 05 81 FF F1 42 AB 9E 49 (13)
                              [N9:P] TPOS 255 241 66 171 (-965973)
2026-02-11 16:10:48:244 [IN ] C8 24 09 0E 25 A5 09 01 31 06 81 53 FF F1 31 93 C9 7E 0A (19)
                              [N9:P] TPOS 'S' 255 241 49 147 (-970349)
2026-02-11 16:10:48:445 [IN ] C8 24 09 0E 25 A5 09 01 31 06 81 45 FF F1 44 BA F5 85 0A C8 24 0B 0A 25 A5 0B 01 31 02 DE 03 20 D0 44 (34)
                              [N9:P] TPOS 'E' 255 241 68 186 (-965446)
                              [N11:NG] NGSWSTATE 3 (3)
2026-02-11 16:10:48:668 [OUT] 25 A5 01 09 31 05 81 FF F1 55 C8 CE 8C (13)
                              [N9:P] TPOS 255 241 85 200 (-961080)
2026-02-11 16:10:48:856 [IN ] C8 24 09 0E 25 A5 09 01 31 06 81 53 FF F1 44 B9 02 CA 0A (19)
                              [N9:P] TPOS 'S' 255 241 68 185 (-965447)
2026-02-11 16:10:49:057 [IN ] C8 24 09 0E 25 A5 09 01 31 06 81 45 FF F1 57 B9 07 AA 0A (19)
                              [N9:P] TPOS 'E' 255 241 87 185 (-960583)
2026-02-11 16:10:49:279 [OUT] 25 A5 01 09 31 05 81 FF F1 68 E4 FD CE (13)
                              [N9:P] TPOS 255 241 104 228 (-956188)
2026-02-11 16:10:49:405 [IN ] C8 24 0B 0A 25 A5 0B 01 31 02 DE 03 20 D0 57 (15)
                              [N11:NG] NGSWSTATE 3 (3)
2026-02-11 16:10:49:469 [IN ] C8 24 09 0E 25 A5 09 01 31 06 81 53 FF F1 57 B8 14 EF 0A (19)
                              [N9:P] TPOS 'S' 255 241 87 184 (-960584)
2026-02-11 16:10:49:671 [IN ] C8 24 09 0E 25 A5 09 01 31 06 81 45 FF F1 6A A0 01 B7 0A (19)
                              [N9:P] TPOS 'E' 255 241 106 160 (-955744)
2026-02-11 16:10:49:893 [OUT] 25 A5 01 09 31 05 81 FF F1 7C 01 2E 13 (13)
                              [N9:P] TPOS 255 241 124 1 (-951295)
2026-02-11 16:10:50:083 [IN ] C8 24 09 0E 25 A5 09 01 31 06 81 53 FF F1 6A 9E 0D FB 0A (19)
                              [N9:P] TPOS 'S' 255 241 106 158 (-955746)
2026-02-11 16:10:50:286 [IN ] C8 24 09 0E 25 A5 09 01 31 06 81 45 FF F1 7D 94 08 D1 0A (19)
                              [N9:P] TPOS 'E' 255 241 125 148 (-950892)
2026-02-11 16:10:50:488 [IN ] C8 24 0B 0A 25 A5 0B 01 31 02 DE 03 20 D0 7D (15)
                              [N11:NG] NGSWSTATE 3 (3)
2026-02-11 16:10:50:509 [OUT] 25 A5 01 09 31 05 81 FF F1 8F 1D 5D 55 (13)
                              [N9:P] TPOS 255 241 143 29 (-946403)
2026-02-11 16:10:50:697 [IN ] C8 24 09 0E 25 A5 09 01 31 06 81 53 FF F1 7D 92 14 15 0A (19)
                              [N9:P] TPOS 'S' 255 241 125 146 (-950894)
2026-02-11 16:10:50:899 [IN ] C8 24 09 0E 25 A5 09 01 31 06 81 45 FF F1 90 9A 21 FD 0A (19)
                              [N9:P] TPOS 'E' 255 241 144 154 (-946022)
2026-02-11 16:10:51:121 [OUT] 25 A5 01 09 31 05 81 FF F1 A2 3A 8D 98 (13)
                              [N9:P] TPOS 255 241 162 58 (-941510)
2026-02-11 16:10:51:309 [IN ] C8 24 09 0E 25 A5 09 01 31 06 81 53 FF F1 90 98 2D 41 0A (19)
                              [N9:P] TPOS 'S' 255 241 144 152 (-946024)
2026-02-11 16:10:51:510 [IN ] C8 24 0B 0A 25 A5 0B 01 31 02 DE 03 20 D0 90 C8 24 09 0E 25 A5 09 01 31 06 81 45 FF F1 A3 7A 14 03 0A (34)
                              [N11:NG] NGSWSTATE 3 (3)
                              [N9:P] TPOS 'E' 255 241 163 122 (-941190)
2026-02-11 16:10:51:732 [OUT] 25 A5 01 09 31 05 81 FF F1 B5 56 BC DA (13)
                              [N9:P] TPOS 255 241 181 86 (-936618)
2026-02-11 16:10:51:921 [IN ] C8 24 09 0E 25 A5 09 01 31 06 81 53 FF F1 A3 77 1F 46 0A (19)
                              [N9:P] TPOS 'S' 255 241 163 119 (-941193)
2026-02-11 16:10:52:122 [IN ] C8 24 09 0E 25 A5 09 01 31 06 81 45 FF F1 B6 4B F8 FA 0A (19)
                              [N9:P] TPOS 'E' 255 241 182 75 (-936373)
2026-02-11 16:10:52:344 [OUT] 25 A5 01 09 31 05 81 FF F1 C8 72 EB 1C (13)
                              [N9:P] TPOS 255 241 200 114 (-931726)
2026-02-11 16:10:52:431 [IN ] C8 24 0B 0A 25 A5 0B 01 31 02 DE 03 20 D0 B6 (15)
                              [N11:NG] NGSWSTATE 3 (3)
2026-02-11 16:10:52:537 [IN ] C8 24 09 0E 25 A5 09 01 31 06 81 53 FF F1 B6 47 02 3C 0A (19)
                              [N9:P] TPOS 'S' 255 241 182 71 (-936377)
2026-02-11 16:10:52:739 [IN ] C8 24 09 0E 25 A5 09 01 31 06 81 45 FF F1 C9 BB 7B 90 0A (19)
                              [N9:P] TPOS 'E' 255 241 201 187 (-931397)
2026-02-11 16:10:52:960 [OUT] 25 A5 01 09 31 05 81 FF F1 DB 8F 1B 5F (13)
                              [N9:P] TPOS 255 241 219 143 (-926833)
2026-02-11 16:10:53:129 [IN ] C8 24 09 0E 25 A5 09 01 31 06 81 53 FF F1 C9 B9 87 D4 0A (19)
                              [N9:P] TPOS 'S' 255 241 201 185 (-931399)
2026-02-11 16:10:53:330 [IN ] C8 24 09 0E 25 A5 09 01 31 06 81 45 FF F1 DC E3 B6 DE 0A (19)
                              [N9:P] TPOS 'E' 255 241 220 227 (-926493)
2026-02-11 16:10:53:531 [IN ] C8 24 0B 0A 25 A5 0B 01 31 02 DE 03 20 D0 DC (15)
                              [N11:NG] NGSWSTATE 3 (3)
2026-02-11 16:10:53:552 [OUT] 25 A5 01 09 31 05 81 FF F1 EE AB 4A A1 (13)
                              [N9:P] TPOS 255 241 238 171 (-921941)
2026-02-11 16:10:53:741 [IN ] C8 24 09 0E 25 A5 09 01 31 06 81 53 FF F1 DC E0 C1 21 0A (19)
                              [N9:P] TPOS 'S' 255 241 220 224 (-926496)
2026-02-11 16:10:53:943 [IN ] C8 24 09 0E 25 A5 09 01 31 06 81 45 FF F1 F0 18 FF 3B 0A (19)
                              [N9:P] TPOS 'E' 255 241 240 24 (-921576)
2026-02-11 16:10:54:166 [OUT] 25 A5 01 09 31 05 81 FF F2 01 C8 7B E7 (13)
                              [N9:P] TPOS 255 242 1 200 (-917048)
2026-02-11 16:10:54:356 [IN ] C8 24 09 0E 25 A5 09 01 31 06 81 53 FF F1 F0 16 0B 7F 0A (19)
                              [N9:P] TPOS 'S' 255 241 240 22 (-921578)
2026-02-11 16:10:54:557 [IN ] C8 24 0B 0A 25 A5 0B 01 31 02 DE 03 20 D0 F0 C8 24 09 0E 25 A5 09 01 31 06 81 45 FF F2 03 62 5D AE 0A (34)
                              [N11:NG] NGSWSTATE 3 (3)
                              [N9:P] TPOS 'E' 255 242 3 98 (-916638)
2026-02-11 16:10:54:779 [OUT] 25 A5 01 09 31 05 81 FF F2 14 E4 AA 29 (13)
                              [N9:P] TPOS 255 242 20 228 (-912156)
2026-02-11 16:10:54:968 [IN ] C8 24 09 0E 25 A5 09 01 31 06 81 53 FF F2 03 61 6A F3 0A (19)
                              [N9:P] TPOS 'S' 255 242 3 97 (-916639)
2026-02-11 16:10:55:171 [IN ] C8 24 09 0E 25 A5 09 01 31 06 81 45 FF F2 16 91 9F 03 0A (19)
                              [N9:P] TPOS 'E' 255 242 22 145 (-911727)
2026-02-11 16:10:55:395 [OUT] 25 A5 01 09 31 05 81 FF F2 28 01 DB 6E (13)
                              [N9:P] TPOS 255 242 40 1 (-907263)
2026-02-11 16:10:55:459 [IN ] C8 24 0B 0A 25 A5 0B 01 31 02 DE 03 20 D0 16 (15)
                              [N11:NG] NGSWSTATE 3 (3)
2026-02-11 16:10:55:587 [IN ] C8 24 09 0E 25 A5 09 01 31 06 81 53 FF F2 16 90 AC 48 0A (19)
                              [N9:P] TPOS 'S' 255 242 22 144 (-911728)
2026-02-11 16:10:55:789 [IN ] C8 24 09 0E 25 A5 09 01 31 06 81 45 FF F2 29 ED 0E 85 0A (19)
                              [N9:P] TPOS 'E' 255 242 41 237 (-906771)
2026-02-11 16:10:56:011 [OUT] 25 A5 01 09 31 05 81 FF F2 3B 1D 0A B0 (13)
                              [N9:P] TPOS 255 242 59 29 (-902371)
2026-02-11 16:10:56:201 [IN ] C8 24 09 0E 25 A5 09 01 31 06 81 53 FF F2 29 EB 1A C9 0A (19)
                              [N9:P] TPOS 'S' 255 242 41 235 (-906773)
2026-02-11 16:10:56:402 [IN ] C8 24 09 0E 25 A5 09 01 31 06 81 45 FF F2 3C F8 2C B6 0A (19)
                              [N9:P] TPOS 'E' 255 242 60 248 (-901896)
2026-02-11 16:10:56:604 [IN ] C8 24 0B 0A 25 A5 0B 01 31 02 DE 03 20 D0 3C (15)
                              [N11:NG] NGSWSTATE 3 (3)
2026-02-11 16:10:56:627 [OUT] 25 A5 01 09 31 05 81 FF F2 4E 3A 3A F3 (13)
                              [N9:P] TPOS 255 242 78 58 (-897478)
2026-02-11 16:10:56:816 [IN ] C8 24 09 0E 25 A5 09 01 31 06 81 53 FF F2 3C F6 38 FA 0A (19)
                              [N9:P] TPOS 'S' 255 242 60 246 (-901898)
2026-02-11 16:10:57:017 [IN ] C8 24 09 0E 25 A5 09 01 31 06 81 45 FF F2 50 13 5B F9 0A (19)
                              [N9:P] TPOS 'E' 255 242 80 19 (-897005)
2026-02-11 16:10:57:239 [OUT] 25 A5 01 09 31 05 81 FF F2 61 56 69 35 (13)
                              [N9:P] TPOS 255 242 97 86 (-892586)
2026-02-11 16:10:57:428 [IN ] C8 24 09 0E 25 A5 09 01 31 06 81 53 FF F2 50 11 67 3D 0A (19)
                              [N9:P] TPOS 'S' 255 242 80 17 (-897007)
2026-02-11 16:10:57:630 [IN ] C8 24 0B 0A 25 A5 0B 01 31 02 DE 03 20 D0 50 C8 24 09 0E 25 A5 09 01 31 06 81 45 FF F2 63 1F 7A 2B 0A (34)
                              [N11:NG] NGSWSTATE 3 (3)
                              [N9:P] TPOS 'E' 255 242 99 31 (-892129)
2026-02-11 16:10:57:853 [OUT] 25 A5 01 09 31 05 81 FF F2 74 72 98 77 (13)
                              [N9:P] TPOS 255 242 116 114 (-887694)
2026-02-11 16:10:58:044 [IN ] C8 24 09 0E 25 A5 09 01 31 06 81 53 FF F2 63 1C 85 6E 0A (19)
                              [N9:P] TPOS 'S' 255 242 99 28 (-892132)
2026-02-11 16:10:58:246 [IN ] C8 24 09 0E 25 A5 09 01 31 06 81 45 FF F2 76 07 75 39 0A (19)
                              [N9:P] TPOS 'E' 255 242 118 7 (-887289)
2026-02-11 16:10:58:468 [OUT] 25 A5 01 09 31 05 81 FF F2 87 8F C8 BA (13)
                              [N9:P] TPOS 255 242 135 143 (-882801)
2026-02-11 16:10:58:490 [IN ] C8 24 0B 0A 25 A5 0B 01 31 02 DE 03 20 D0 76 (15)
                              [N11:NG] NGSWSTATE 3 (3)
2026-02-11 16:10:58:658 [IN ] C8 24 09 0E 25 A5 09 01 31 06 81 53 FF F2 76 05 81 7D 0A (19)
                              [N9:P] TPOS 'S' 255 242 118 5 (-887291)
2026-02-11 16:10:58:860 [IN ] C8 24 09 0E 25 A5 09 01 31 06 81 45 FF F2 89 14 95 6C 0A (19)
                              [N9:P] TPOS 'E' 255 242 137 20 (-882412)
2026-02-11 16:10:59:082 [OUT] 25 A5 01 09 31 05 81 FF F2 9A AB F7 FC (13)
                              [N9:P] TPOS 255 242 154 171 (-877909)
2026-02-11 16:10:59:271 [IN ] C8 24 09 0E 25 A5 09 01 31 06 81 53 FF F2 89 13 A2 B1 0A (19)
                              [N9:P] TPOS 'S' 255 242 137 19 (-882413)
2026-02-11 16:10:59:473 [IN ] C8 24 09 0E 25 A5 09 01 31 06 81 45 FF F2 9C 1C B0 9A 0A (19)
                              [N9:P] TPOS 'E' 255 242 156 28 (-877540)
2026-02-11 16:10:59:675 [IN ] C8 24 0B 0A 25 A5 0B 01 31 02 DE 03 20 D0 9C (15)
                              [N11:NG] NGSWSTATE 3 (3)
2026-02-11 16:10:59:696 [OUT] 25 A5 01 09 31 05 81 FF F2 AD C8 27 3F (13)
                              [N9:P] TPOS 255 242 173 200 (-873016)
2026-02-11 16:10:59:885 [IN ] C8 24 09 0E 25 A5 09 01 31 06 81 53 FF F2 9C 18 BA DC 0A (19)
                              [N9:P] TPOS 'S' 255 242 156 24 (-877544)
2026-02-11 16:11:00:086 [IN ] C8 24 09 0E 25 A5 09 01 31 06 81 45 FF F2 AF 0E B5 B2 0A (19)
                              [N9:P] TPOS 'E' 255 242 175 14 (-872690)
2026-02-11 16:11:00:310 [OUT] 25 A5 01 09 31 05 81 FF F2 C0 E4 56 81 (13)
                              [N9:P] TPOS 255 242 192 228 (-868124)
2026-02-11 16:11:00:478 [IN ] C8 24 0B 0A 25 A5 0B 01 31 02 DE 03 20 D0 AF (15)
                              [N11:NG] NGSWSTATE 3 (3)
2026-02-11 16:11:00:500 [IN ] C8 24 09 0E 25 A5 09 01 31 06 81 53 FF F2 AF 0A BF F4 0A (19)
                              [N9:P] TPOS 'S' 255 242 175 10 (-872694)
2026-02-11 16:11:00:701 [IN ] C8 24 09 0E 25 A5 09 01 31 06 81 45 FF F2 C1 EB A4 B3 0A (19)
                              [N9:P] TPOS 'E' 255 242 193 235 (-867861)
2026-02-11 16:11:00:923 [OUT] 25 A5 01 09 31 05 81 FF F2 D4 01 87 C6 (13)
                              [N9:P] TPOS 255 242 212 1 (-863231)
2026-02-11 16:11:01:110 [IN ] C8 24 09 0E 25 A5 09 01 31 06 81 53 FF F2 C1 E7 AE F5 0A (19)
                              [N9:P] TPOS 'S' 255 242 193 231 (-867865)
2026-02-11 16:11:01:311 [IN ] C8 24 09 0E 25 A5 09 01 31 06 81 45 FF F2 D5 68 35 58 0A (19)
                              [N9:P] TPOS 'E' 255 242 213 104 (-862872)
2026-02-11 16:11:01:514 [IN ] C8 24 0B 0A 25 A5 0B 01 31 02 DE 03 20 D0 D5 (15)
                              [N11:NG] NGSWSTATE 3 (3)
2026-02-11 16:11:01:535 [OUT] 25 A5 01 09 31 05 81 FF F2 E7 1D B6 08 (13)
                              [N9:P] TPOS 255 242 231 29 (-858339)
2026-02-11 16:11:01:726 [IN ] C8 24 09 0E 25 A5 09 01 31 06 81 53 FF F2 D5 65 40 9B 0A (19)
                              [N9:P] TPOS 'S' 255 242 213 101 (-862875)
2026-02-11 16:11:01:928 [IN ] C8 24 09 0E 25 A5 09 01 31 06 81 45 FF F2 E8 B4 94 CA 0A (19)
                              [N9:P] TPOS 'E' 255 242 232 180 (-857932)
2026-02-11 16:11:02:151 [OUT] 25 A5 01 09 31 05 81 FF F2 FA 3A E6 4B (13)
                              [N9:P] TPOS 255 242 250 58 (-853446)
2026-02-11 16:11:02:339 [IN ] C8 24 09 0E 25 A5 09 01 31 06 81 53 FF F2 E8 B2 A0 0E 0A (19)
                              [N9:P] TPOS 'S' 255 242 232 178 (-857934)
2026-02-11 16:11:02:541 [IN ] C8 24 09 0E 25 A5 09 01 31 06 81 45 FF F2 FB D0 C3 0C 0A C8 24 0B 0A 25 A5 0B 01 31 02 DE 03 20 D0 FB (34)
                              [N9:P] TPOS 'E' 255 242 251 208 (-853040)
                              [N11:NG] NGSWSTATE 3 (3)
2026-02-11 16:11:02:764 [OUT] 25 A5 01 09 31 05 81 FF F3 0D 56 16 90 (13)
                              [N9:P] TPOS 255 243 13 86 (-848554)
2026-02-11 16:11:02:973 [IN ] C8 24 09 0E 25 A5 09 01 31 06 81 53 FF F2 FB CE CF 50 0A (19)
                              [N9:P] TPOS 'S' 255 242 251 206 (-853042)
2026-02-11 16:11:03:175 [IN ] C8 24 09 0E 25 A5 09 01 31 06 81 45 FF F3 0E CD D4 32 0A (19)
                              [N9:P] TPOS 'E' 255 243 14 205 (-848179)
2026-02-11 16:11:03:398 [OUT] 25 A5 01 09 31 05 81 FF F3 20 72 45 D2 (13)
                              [N9:P] TPOS 255 243 32 114 (-843662)
2026-02-11 16:11:03:523 [IN ] C8 24 0B 0A 25 A5 0B 01 31 02 DE 03 20 D0 0E (15)
                              [N11:NG] NGSWSTATE 3 (3)
2026-02-11 16:11:03:587 [IN ] C8 24 09 0E 25 A5 09 01 31 06 81 53 FF F3 0E CB E0 76 0A (19)
                              [N9:P] TPOS 'S' 255 243 14 203 (-848181)
2026-02-11 16:11:03:789 [IN ] C8 24 09 0E 25 A5 09 01 31 06 81 45 FF F3 22 11 2C 9E 0A (19)
                              [N9:P] TPOS 'E' 255 243 34 17 (-843247)
2026-02-11 16:11:04:012 [OUT] 25 A5 01 09 31 05 81 FF F3 33 8F 75 15 (13)
                              [N9:P] TPOS 255 243 51 143 (-838769)
2026-02-11 16:11:04:200 [IN ] C8 24 09 0E 25 A5 09 01 31 06 81 53 FF F3 22 0F 38 E2 0A (19)
                              [N9:P] TPOS 'S' 255 243 34 15 (-843249)
2026-02-11 16:11:04:402 [IN ] C8 24 09 0E 25 A5 09 01 31 06 81 45 FF F3 35 53 81 06 0A (19)
                              [N9:P] TPOS 'E' 255 243 53 83 (-838317)
2026-02-11 16:11:04:602 [IN ] C8 24 0B 0A 25 A5 0B 01 31 02 DE 03 20 D0 35 (15)
                              [N11:NG] NGSWSTATE 3 (3)
2026-02-11 16:11:04:623 [OUT] 25 A5 01 09 31 05 81 FF F3 46 AB A4 57 (13)
                              [N9:P] TPOS 255 243 70 171 (-833877)
2026-02-11 16:11:04:813 [IN ] C8 24 09 0E 25 A5 09 01 31 06 81 53 FF F3 35 51 8D 4A 0A (19)
                              [N9:P] TPOS 'S' 255 243 53 81 (-838319)
2026-02-11 16:11:05:015 [IN ] C8 24 09 0E 25 A5 09 01 31 06 81 45 FF F3 48 85 C6 5E 0A (19)
                              [N9:P] TPOS 'E' 255 243 72 133 (-833403)
2026-02-11 16:11:05:237 [OUT] 25 A5 01 09 31 05 81 FF F3 59 C8 D4 9A (13)
                              [N9:P] TPOS 255 243 89 200 (-828984)
2026-02-11 16:11:05:426 [IN ] C8 24 09 0E 25 A5 09 01 31 06 81 53 FF F3 48 83 D2 A2 0A (19)
                              [N9:P] TPOS 'S' 255 243 72 131 (-833405)
2026-02-11 16:11:05:627 [IN ] C8 24 0B 0A 25 A5 0B 01 31 02 DE 03 20 D0 48 C8 24 09 0E 25 A5 09 01 31 06 81 45 FF F3 5B BB 0F BA 0A (34)
                              [N11:NG] NGSWSTATE 3 (3)
                              [N9:P] TPOS 'E' 255 243 91 187 (-828485)
2026-02-11 16:11:05:849 [OUT] 25 A5 01 09 31 05 81 FF F3 6C E4 03 DC (13)
                              [N9:P] TPOS 255 243 108 228 (-824092)
2026-02-11 16:11:06:038 [IN ] C8 24 09 0E 25 A5 09 01 31 06 81 53 FF F3 5B B9 1B FE 0A (19)
                              [N9:P] TPOS 'S' 255 243 91 185 (-828487)
2026-02-11 16:11:06:239 [IN ] C8 24 09 0E 25 A5 09 01 31 06 81 45 FF F3 6E B4 1B D9 0A (19)
                              [N9:P] TPOS 'E' 255 243 110 180 (-823628)
2026-02-11 16:11:06:461 [OUT] 25 A5 01 09 31 05 81 FF F3 80 01 34 21 (13)
                              [N9:P] TPOS 255 243 128 1 (-819199)
2026-02-11 16:11:06:544 [IN ] C8 24 0B 0A 25 A5 0B 01 31 02 DE 03 20 D0 6E (15)
                              [N11:NG] NGSWSTATE 3 (3)
2026-02-11 16:11:06:650 [IN ] C8 24 09 0E 25 A5 09 01 31 06 81 53 FF F3 6E B2 27 1D 0A (19)
                              [N9:P] TPOS 'S' 255 243 110 178 (-823630)
2026-02-11 16:11:06:852 [IN ] C8 24 09 0E 25 A5 09 01 31 06 81 45 FF F3 81 96 10 E1 0A (19)
                              [N9:P] TPOS 'E' 255 243 129 150 (-818794)
2026-02-11 16:11:07:075 [OUT] 25 A5 01 09 31 05 81 FF F3 93 1D 63 63 (13)
                              [N9:P] TPOS 255 243 147 29 (-814307)
2026-02-11 16:11:07:261 [IN ] C8 24 09 0E 25 A5 09 01 31 06 81 53 FF F3 81 93 1B 24 0A (19)
                              [N9:P] TPOS 'S' 255 243 129 147 (-818797)
2026-02-11 16:11:07:463 [IN ] C8 24 09 0E 25 A5 09 01 31 06 81 45 FF F3 94 7C 09 ED 0A (19)
                              [N9:P] TPOS 'E' 255 243 148 124 (-813956)
2026-02-11 16:11:07:664 [IN ] C8 24 0B 0A 25 A5 0B 01 31 02 DE 03 20 D0 94 (15)
                              [N11:NG] NGSWSTATE 3 (3)
2026-02-11 16:11:07:688 [OUT] 25 A5 01 09 31 05 81 FF F3 A6 3A 93 A6 (13)
                              [N9:P] TPOS 255 243 166 58 (-809414)
2026-02-11 16:11:07:878 [IN ] C8 24 09 0E 25 A5 09 01 31 06 81 53 FF F3 94 79 14 30 0A (19)
                              [N9:P] TPOS 'S' 255 243 148 121 (-813959)
2026-02-11 16:11:08:080 [IN ] C8 24 09 0E 25 A5 09 01 31 06 81 45 FF F3 A7 7B 1B 12 0A (19)
                              [N9:P] TPOS 'E' 255 243 167 123 (-809093)
2026-02-11 16:11:08:302 [OUT] 25 A5 01 09 31 05 81 FF F3 B9 56 C2 E8 (13)
                              [N9:P] TPOS 255 243 185 86 (-804522)
2026-02-11 16:11:08:490 [IN ] C8 24 09 0E 25 A5 09 01 31 06 81 53 FF F3 A7 77 25 54 0A (19)
                              [N9:P] TPOS 'S' 255 243 167 119 (-809097)
2026-02-11 16:11:08:692 [IN ] C8 24 0B 0A 25 A5 0B 01 31 02 DE 03 20 D0 A7 C8 24 09 0E 25 A5 09 01 31 06 81 45 FF F3 BA 80 33 3D 0A (34)
                              [N11:NG] NGSWSTATE 3 (3)
                              [N9:P] TPOS 'E' 255 243 186 128 (-804224)
2026-02-11 16:11:08:915 [OUT] 25 A5 01 09 31 05 81 FF F3 CC 72 F1 2A (13)
                              [N9:P] TPOS 255 243 204 114 (-799630)
2026-02-11 16:11:09:103 [IN ] C8 24 09 0E 25 A5 09 01 31 06 81 53 FF F3 BA 7E 3F 81 0A (19)
                              [N9:P] TPOS 'S' 255 243 186 126 (-804226)
2026-02-11 16:11:09:305 [IN ] C8 24 09 0E 25 A5 09 01 31 06 81 45 FF F3 CD 48 0E 2B 0A (19)
                              [N9:P] TPOS 'E' 255 243 205 72 (-799416)
2026-02-11 16:11:09:528 [OUT] 25 A5 01 09 31 05 81 FF F3 DF 8F 21 6D (13)
                              [N9:P] TPOS 255 243 223 143 (-794737)
2026-02-11 16:11:09:571 [IN ] C8 24 0B 0A 25 A5 0B 01 31 02 DE 03 20 D0 CD (15)
                              [N11:NG] NGSWSTATE 3 (3)
2026-02-11 16:11:09:696 [IN ] C8 24 09 0E 25 A5 09 01 31 06 81 53 FF F3 CD 43 17 6C 0A (19)
                              [N9:P] TPOS 'S' 255 243 205 67 (-799421)
2026-02-11 16:11:09:899 [IN ] C8 24 09 0E 25 A5 09 01 31 06 81 45 FF F3 E0 D5 AE DE 0A (19)
                              [N9:P] TPOS 'E' 255 243 224 213 (-794411)
2026-02-11 16:11:10:121 [OUT] 25 A5 01 09 31 05 81 FF F3 F2 AB 50 AF (13)
                              [N9:P] TPOS 255 243 242 171 (-789845)
2026-02-11 16:11:10:310 [IN ] C8 24 09 0E 25 A5 09 01 31 06 81 53 FF F3 E0 D2 B9 21 0A (19)
                              [N9:P] TPOS 'S' 255 243 224 210 (-794414)
2026-02-11 16:11:10:511 [IN ] C8 24 09 0E 25 A5 09 01 31 06 81 45 FF F3 F4 1D 0A 4E 0A (19)
                              [N9:P] TPOS 'E' 255 243 244 29 (-789475)
2026-02-11 16:11:10:712 [IN ] C8 24 0B 0A 25 A5 0B 01 31 02 DE 03 20 D0 F4 (15)
                              [N11:NG] NGSWSTATE 3 (3)
2026-02-11 16:11:10:734 [OUT] 25 A5 01 09 31 05 81 FF F4 05 C8 81 F5 (13)
                              [N9:P] TPOS 255 244 5 200 (-784952)
2026-02-11 16:11:10:922 [IN ] C8 24 09 0E 25 A5 09 01 31 06 81 53 FF F3 F4 1A 15 91 0A (19)
                              [N9:P] TPOS 'S' 255 243 244 26 (-789478)
2026-02-11 16:11:11:123 [IN ] C8 24 09 0E 25 A5 09 01 31 06 81 45 FF F4 07 4D 4E A7 0A (19)
                              [N9:P] TPOS 'E' 255 244 7 77 (-784563)
2026-02-11 16:11:11:346 [OUT] 25 A5 01 09 31 05 81 FF F4 18 E4 B0 37 (13)
                              [N9:P] TPOS 255 244 24 228 (-780060)
2026-02-11 16:11:11:534 [IN ] C8 24 09 0E 25 A5 09 01 31 06 81 53 FF F4 07 4B 5A EB 0A (19)
                              [N9:P] TPOS 'S' 255 244 7 75 (-784565)
2026-02-11 16:11:11:736 [IN ] C8 24 0B 0A 25 A5 0B 01 31 02 DE 03 20 D0 07 C8 24 09 0E 25 A5 09 01 31 06 81 45 FF F4 1A A9 BD 29 0A (34)
                              [N11:NG] NGSWSTATE 3 (3)
                              [N9:P] TPOS 'E' 255 244 26 169 (-779607)
2026-02-11 16:11:11:959 [OUT] 25 A5 01 09 31 05 81 FF F4 2C 01 E1 7C (13)
                              [N9:P] TPOS 255 244 44 1 (-775167)
2026-02-11 16:11:12:147 [IN ] C8 24 09 0E 25 A5 09 01 31 06 81 53 FF F4 1A A7 C9 6D 0A (19)
                              [N9:P] TPOS 'S' 255 244 26 167 (-779609)
2026-02-11 16:11:12:350 [IN ] C8 24 09 0E 25 A5 09 01 31 06 81 45 FF F4 2D F4 1B 9A 0A (19)
                              [N9:P] TPOS 'E' 255 244 45 244 (-774668)
2026-02-11 16:11:12:572 [OUT] 25 A5 01 09 31 05 81 FF F4 3F 1D 10 BE (13)
                              [N9:P] TPOS 255 244 63 29 (-770275)
2026-02-11 16:11:12:595 [IN ] C8 24 0B 0A 25 A5 0B 01 31 02 DE 03 20 D0 2D (15)
                              [N11:NG] NGSWSTATE 3 (3)
2026-02-11 16:11:12:763 [IN ] C8 24 09 0E 25 A5 09 01 31 06 81 53 FF F4 2D F3 28 DF 0A (19)
                              [N9:P] TPOS 'S' 255 244 45 243 (-774669)
2026-02-11 16:11:12:965 [IN ] C8 24 09 0E 25 A5 09 01 31 06 81 45 FF F4 41 50 8B 1E 0A (19)
                              [N9:P] TPOS 'E' 255 244 65 80 (-769712)
2026-02-11 16:11:13:188 [OUT] 25 A5 01 09 31 05 81 FF F4 52 3A 40 01 (13)
                              [N9:P] TPOS 255 244 82 58 (-765382)
2026-02-11 16:11:13:378 [IN ] C8 24 09 0E 25 A5 09 01 31 06 81 53 FF F4 41 50 99 64 0A (19)
                              [N9:P] TPOS 'S' 255 244 65 80 (-769712)
2026-02-11 16:11:13:581 [IN ] C8 24 09 0E 25 A5 09 01 31 06 81 45 FF F4 54 6F BD 63 0A (19)
                              [N9:P] TPOS 'E' 255 244 84 111 (-764817)
