2026-02-11 15:26:19:669 [OUT] 25 A5 01 0A 31 05 D6 3D FF 00 00 53 ED (13)
                              [N10:HMI] HMILED '=' 255 0 0 (16711680)
2026-02-11 15:26:19:692 [OUT] 25 A5 01 03 31 02 D8 3F 4E CE (10)
                              [N3:X] INTERRUPT '?'
2026-02-11 15:26:19:994 [IN ] C8 24 0A 0D 25 A5 0A 01 31 05 D6 3A FF 00 00 50 EA 55 C8 24 03 0C 25 A5 03 01 31 04 D8 3A 01 01 4D 6A EA (35)
                              [N10:HMI] HMILED ':' 255 0 0 (16711680)
                              [N3:X] INTERRUPT ':' 1 1 (257)
2026-02-11 15:26:20:014 [OUT] 25 A5 01 09 31 03 C9 3D 09 4D 1C (11)
                              [N9:P] LFLAG '=' 9 (9)
2026-02-11 15:26:20:037 [OUT] 25 A5 01 04 31 02 D8 3F 4F D3 (10)
                              [N4:Y] INTERRUPT '?'
2026-02-11 15:26:20:338 [IN ] C8 24 09 0B 25 A5 09 01 31 03 C9 3A 09 4A 1E 6A C8 24 04 0C 25 A5 04 01 31 04 D8 3A 01 01 4E 72 EA (33)
                              [N9:P] LFLAG ':' 9 (9)
                              [N4:Y] INTERRUPT ':' 1 1 (257)
2026-02-11 15:26:20:359 [OUT] 25 A5 01 09 31 03 CA 3D 09 4E 1F (11)
                              [N9:P] RFLAG '=' 9 (9)
2026-02-11 15:26:20:381 [OUT] 25 A5 01 0C 31 02 D8 3F 57 FB (10)
                              [N12:Z] INTERRUPT '?'
2026-02-11 15:26:20:686 [IN ] C8 24 09 0B 25 A5 09 01 31 03 CA 3A 09 4B 21 72 C8 24 0C 0C 25 A5 0C 01 31 04 D8 3A 01 01 56 B2 EA (33)
                              [N9:P] RFLAG ':' 9 (9)
                              [N12:Z] INTERRUPT ':' 1 1 (257)
2026-02-11 15:26:20:707 [OUT] 25 A5 01 08 31 03 C9 3D 09 4C 16 (11)
                              [N8:R] LFLAG '=' 9 (9)
2026-02-11 15:26:20:729 [OUT] 25 A5 01 03 31 03 C9 3D 0B 49 FA (11)
                              [N3:X] LFLAG '=' 11 (11)
2026-02-11 15:26:20:752 [OUT] 25 A5 01 04 31 03 C9 3D 0B 4A 00 (11)
                              [N4:Y] LFLAG '=' 11 (11)
2026-02-11 15:26:20:773 [OUT] 25 A5 01 0C 31 03 C9 3D 0B 52 30 (11)
                              [N12:Z] LFLAG '=' 11 (11)
2026-02-11 15:26:20:879 [IN ] C8 24 08 0B 25 A5 08 01 31 03 C9 3A 09 49 17 B2 (16)
                              [N8:R] LFLAG ':' 9 (9)
2026-02-11 15:26:20:901 [OUT] 25 A5 01 08 31 03 CA 3D 09 4D 19 (11)
                              [N8:R] RFLAG '=' 9 (9)
2026-02-11 15:26:20:984 [IN ] C8 24 03 0B 25 A5 03 01 31 03 C9 3A (12)
2026-02-11 15:26:21:006 [IN ] 0B 46 F6 B2 (4)
                              [N3:X] LFLAG ':' 11 (11)
2026-02-11 15:26:21:029 [OUT] 25 A5 01 03 31 03 88 00 50 10 02 (11)
                              [N3:X] RUN 0 80 (80)
2026-02-11 15:26:21:092 [IN ] C8 24 04 0B 25 A5 04 01 31 03 C9 3A 0B 47 FD B2 (16)
                              [N4:Y] LFLAG ':' 11 (11)
2026-02-11 15:26:21:113 [OUT] 25 A5 01 04 31 03 88 00 50 11 08 (11)
                              [N4:Y] RUN 0 80 (80)
2026-02-11 15:26:21:197 [IN ] C8 24 0C 0B 25 A5 0C 01 31 03 C9 3A 0B 4F 35 B2 (16)
                              [N12:Z] LFLAG ':' 11 (11)
2026-02-11 15:26:21:218 [OUT] 25 A5 01 0C 31 03 88 00 50 19 38 (11)
                              [N12:Z] RUN 0 80 (80)
2026-02-11 15:26:21:324 [IN ] C8 24 08 0B 25 A5 08 01 31 03 CA 3A 09 4A 1A B2 (16)
                              [N8:R] RFLAG ':' 9 (9)
2026-02-11 15:26:21:430 [IN ] C8 24 03 0C 25 A5 03 01 31 04 88 53 00 50 64 C2 EA (17)
                              [N3:X] RUN 'S' 0 80 (80)
2026-02-11 15:26:21:534 [IN ] C8 24 04 0C 25 A5 04 01 31 04 88 53 00 50 65 CA EA (17)
                              [N4:Y] RUN 'S' 0 80 (80)
2026-02-11 15:26:21:639 [IN ] C8 24 0C 0C 25 A5 0C 01 (8)
2026-02-11 15:26:21:660 [IN ] 31 04 88 53 00 50 6D 0A EA (9)
                              [N12:Z] RUN 'S' 0 80 (80)
2026-02-11 15:26:29:085 [IN ] C8 24 04 0B 25 A5 04 01 31 03 81 5A 4C 60 A6 0A C8 24 04 0A 25 A5 04 01 31 02 81 49 02 32 A6 (31)
                              [N4:Y] TPOS 'Z' 76 (76)
                              [N4:Y] TPOS 'I'
2026-02-11 15:26:29:308 [OUT] 25 A5 01 09 31 02 D8 3F 54 EC (10)
                              [N9:P] INTERRUPT '?'
2026-02-11 15:26:29:609 [IN ] C8 24 09 0C 25 A5 09 01 31 04 D8 3A 01 01 53 9A EA (17)
                              [N9:P] INTERRUPT ':' 1 1 (257)
2026-02-11 15:26:29:630 [OUT] 25 A5 01 04 31 03 C9 3D 09 48 FE (11)
                              [N4:Y] LFLAG '=' 9 (9)
2026-02-11 15:26:29:652 [OUT] 25 A5 01 07 31 02 D8 3F 52 E2 (10)
                              [N7:N] INTERRUPT '?'
2026-02-11 15:26:29:955 [IN ] C8 24 04 0B 25 A5 04 01 31 03 C9 3A 09 45 FB 9A C8 24 07 0C 25 A5 07 01 31 04 D8 3A 01 01 51 8A EA (33)
                              [N4:Y] LFLAG ':' 9 (9)
                              [N7:N] INTERRUPT ':' 1 1 (257)
2026-02-11 15:26:29:976 [OUT] 25 A5 01 09 31 03 C9 3D 0B 4F 1E (11)
                              [N9:P] LFLAG '=' 11 (11)
2026-02-11 15:26:29:998 [OUT] 25 A5 01 07 31 03 C9 3D 0B 4D 12 (11)
                              [N7:N] LFLAG '=' 11 (11)
2026-02-11 15:26:30:019 [IN ] C8 24 03 0B 25 A5 03 01 31 03 81 5A 4C 5F 9F 8A (16)
                              [N3:X] TPOS 'Z' 76 (76)
2026-02-11 15:26:30:065 [IN ] C8 24 03 0A 25 A5 03 01 31 02 81 49 01 2C 9F (15)
                              [N3:X] TPOS 'I'
2026-02-11 15:26:30:109 [OUT] 25 A5 01 03 31 03 C9 3D 09 47 F8 (11)
                              [N3:X] LFLAG '=' 9 (9)
2026-02-11 15:26:30:152 [IN ] C8 24 09 0B 25 A5 09 01 31 03 C9 3A 0B 4C 20 8A (16)
                              [N9:P] LFLAG ':' 11 (11)
2026-02-11 15:26:30:173 [OUT] 25 A5 01 09 31 03 88 00 50 16 26 (11)
                              [N9:P] RUN 0 80 (80)
2026-02-11 15:26:30:258 [IN ] C8 24 07 0B 25 A5 07 01 31 03 C9 3A 0B 4A 12 8A (16)
                              [N7:N] LFLAG ':' 11 (11)
2026-02-11 15:26:30:279 [OUT] 25 A5 01 07 31 03 88 00 50 14 1A (11)
                              [N7:N] RUN 0 80 (80)
2026-02-11 15:26:30:363 [IN ] C8 24 03 0B 25 A5 03 01 31 03 C9 3A 09 44 F4 8A (16)
                              [N3:X] LFLAG ':' 9 (9)
2026-02-11 15:26:30:469 [IN ] C8 24 09 0C 25 A5 09 01 31 04 88 53 00 50 6A F2 EA (17)
                              [N9:P] RUN 'S' 0 80 (80)
2026-02-11 15:26:30:533 [IN ] C8 24 09 0B 25 A5 09 01 31 03 81 5A 4C 65 C9 F2 (16)
                              [N9:P] TPOS 'Z' 76 (76)
2026-02-11 15:26:30:576 [IN ] C8 24 09 0A 25 A5 09 01 31 02 81 49 07 50 C9 C8 24 07 0C 25 A5 07 01 31 04 88 53 00 50 68 E2 EA (32)
                              [N9:P] TPOS 'I'
                              [N7:N] RUN 'S' 0 80 (80)
2026-02-11 15:26:30:800 [OUT] 25 A5 01 09 31 03 C9 3D 09 4D 1C (11)
                              [N9:P] LFLAG '=' 9 (9)
2026-02-11 15:26:30:821 [OUT] 25 A5 01 04 31 05 81 FF EE 88 01 32 FA (13)
                              [N4:Y] TPOS 255 238 136 1 (-1144831)
2026-02-11 15:26:30:969 [IN ] C8 24 09 0B 25 A5 09 01 31 03 C9 3A 09 4A 1E E2 (16)
                              [N9:P] LFLAG ':' 9 (9)
2026-02-11 15:26:31:095 [IN ] C8 24 04 0E 25 A5 04 01 31 06 81 53 00 00 00 01 11 89 0A (19)
                              [N4:Y] TPOS 'S' 0 0 0 1 (1)
2026-02-11 15:26:34:506 [IN ] C8 24 07 0B 25 A5 07 01 31 03 81 5A 4C 63 BB 01 (16)
                              [N7:N] TPOS 'Z' 76 (76)
2026-02-11 15:26:34:709 [IN ] C8 24 07 0A 25 A5 07 01 31 02 81 49 05 44 BB (15)
                              [N7:N] TPOS 'I'
2026-02-11 15:26:34:933 [OUT] 25 A5 01 07 31 03 C9 3D 09 4B 10 (11)
                              [N7:N] LFLAG '=' 9 (9)
2026-02-11 15:26:35:083 [IN ] C8 24 07 0B 25 A5 07 01 31 03 C9 3A 09 48 10 01 (16)
                              [N7:N] LFLAG ':' 9 (9)
2026-02-11 15:26:36:087 [IN ] C8 24 0C 0B 25 A5 0C 01 31 03 81 5A 4C 68 DE 01 (16)
                              [N12:Z] TPOS 'Z' 76 (76)
2026-02-11 15:26:36:288 [IN ] C8 24 0C 0A 25 A5 0C 01 31 02 81 49 0A 62 DE (15)
                              [N12:Z] TPOS 'I'
2026-02-11 15:26:36:512 [OUT] 25 A5 01 0C 31 03 C9 3D 09 50 2E (11)
                              [N12:Z] LFLAG '=' 9 (9)
2026-02-11 15:26:36:680 [IN ] C8 24 0C 0B 25 A5 0C 01 31 03 C9 3A 09 4D 33 01 (16)
                              [N12:Z] LFLAG ':' 9 (9)
2026-02-11 15:26:37:685 [IN ] C8 24 04 0E 25 A5 04 01 31 06 81 45 FF EE 85 C3 37 D5 0A (19)
                              [N4:Y] TPOS 'E' 255 238 133 195 (-1145405)
2026-02-11 15:26:37:910 [OUT] 25 A5 01 0C 31 05 81 FF BC D0 00 4F 33 (13)
                              [N12:Z] TPOS 255 188 208 0 (-4403200)
2026-02-11 15:26:37:932 [OUT] 25 A5 01 04 31 05 81 FF FD 50 01 09 B7 (13)
                              [N4:Y] TPOS 255 253 80 1 (-176127)
2026-02-11 15:26:37:954 [OUT] 25 A5 01 09 31 05 81 FF E7 5D 56 5A 0C (13)
                              [N9:P] TPOS 255 231 93 86 (-1614506)
2026-02-11 15:26:37:976 [OUT] 25 A5 01 07 31 05 81 FF AB 19 75 F7 DF (13)
                              [N7:N] TPOS 255 171 25 117 (-5564043)
2026-02-11 15:26:37:999 [OUT] 25 A5 01 03 31 05 81 FF EC 4A AB 9B 1A (13)
                              [N3:X] TPOS 255 236 74 171 (-1291605)
2026-02-11 15:26:38:021 [OUT] 25 A5 01 06 31 02 D8 3F 51 DD (10)
                              [N6:H] INTERRUPT '?'
2026-02-11 15:26:38:323 [IN ] C8 24 0C 0E 25 A5 0C 01 31 06 81 53 FF FF FE FE 12 CB 0A C8 24 04 0E 25 A5 04 01 31 06 81 53 FF EE 85 C3 45 1B 0A (38)
                              [N12:Z] TPOS 'S' 255 255 254 254 (-258)
                              [N4:Y] TPOS 'S' 255 238 133 195 (-1145405)
2026-02-11 15:26:38:624 [IN ] C8 24 09 0E 25 A5 09 01 31 06 81 53 FF FF FF F5 07 A6 0A C8 24 07 0E 25 A5 07 01 31 06 81 53 FF FF FF FB 0B 98 0A C8 24 03 0E 25 A5 03 01 31 06 81 53 00 00 00 00 0F 7E 0A (57)
                              [N9:P] TPOS 'S' 255 255 255 245 (-11)
                              [N7:N] TPOS 'S' 255 255 255 251 (-5)
                              [N3:X] TPOS 'S' 0 0 0 0 (0)
2026-02-11 15:26:38:925 [IN ] C8 24 06 0C 25 A5 06 01 31 04 D8 3A 01 01 50 82 0F (17)
                              [N6:H] INTERRUPT ':' 1 1 (257)
2026-02-11 15:26:38:946 [OUT] 25 A5 01 06 31 03 C9 3D 0B 4C 0C (11)
                              [N6:H] LFLAG '=' 11 (11)
2026-02-11 15:26:39:115 [IN ] C8 24 06 0B 25 A5 06 01 31 03 C9 3A 0B 49 0B 82 (16)
                              [N6:H] LFLAG ':' 11 (11)
2026-02-11 15:26:39:137 [OUT] 25 A5 01 06 31 03 88 FF B0 72 72 (11)
                              [N6:H] RUN 255 176 (-80)
2026-02-11 15:26:39:306 [IN ] C8 24 06 0C 25 A5 06 01 31 04 88 53 FF B0 C6 38 0F (17)
                              [N6:H] RUN 'S' 255 176 (-80)
2026-02-11 15:26:43:526 [IN ] C8 24 06 0B 25 A5 06 01 31 03 81 5A 4C 62 B4 38 C8 24 06 0A 25 A5 06 01 31 02 81 49 04 3E B4 (31)
                              [N6:H] TPOS 'Z' 76 (76)
                              [N6:H] TPOS 'I'
2026-02-11 15:26:43:748 [OUT] 25 A5 01 06 31 03 C9 3D 09 4A 0A (11)
                              [N6:H] LFLAG '=' 9 (9)
2026-02-11 15:26:43:916 [IN ] C8 24 06 0B 25 A5 06 01 31 03 C9 3A 09 47 09 38 (16)
                              [N6:H] LFLAG ':' 9 (9)
2026-02-11 15:26:43:938 [OUT] 25 A5 01 06 31 03 84 00 50 0F 08 (11)
                              [N6:H] VEL 0 80 (80)
2026-02-11 15:26:44:124 [IN ] C8 24 06 0C 25 A5 06 01 31 04 84 53 00 50 63 CA 0F (17)
                              [N6:H] VEL 'S' 0 80 (80)
2026-02-11 15:26:44:145 [OUT] 25 A5 01 06 31 05 81 00 19 82 3C 95 BE (13)
                              [N6:H] TPOS 0 25 130 60 (1671740)
2026-02-11 15:26:44:334 [IN ] C8 24 06 0E 25 A5 06 01 31 06 81 53 00 00 00 0C 1E A8 0A (19)
                              [N6:H] TPOS 'S' 0 0 0 12 (12)
2026-02-11 15:26:45:540 [IN ] C8 24 03 0E 25 A5 03 01 31 06 81 45 FF EC 48 52 86 DA 0A (19)
                              [N3:X] TPOS 'E' 255 236 72 82 (-1292206)
2026-02-11 15:26:45:965 [OUT] 25 A5 01 03 31 05 81 FF FD 50 01 08 AF (13)
                              [N3:X] TPOS 255 253 80 1 (-176127)
2026-02-11 15:26:46:153 [IN ] C8 24 03 0E 25 A5 03 01 31 06 81 53 FF EC 48 52 94 20 0A (19)
                              [N3:X] TPOS 'S' 255 236 72 82 (-1292206)
2026-02-11 15:26:47:559 [IN ] C8 24 09 0E 25 A5 09 01 31 06 81 45 FF E7 5B D8 20 B3 0A C8 24 04 0E 25 A5 04 01 31 06 81 45 FF FD 4F 65 B2 38 0A (38)
                              [N9:P] TPOS 'E' 255 231 91 216 (-1614888)
                              [N4:Y] TPOS 'E' 255 253 79 101 (-176283)
2026-02-11 15:26:47:983 [OUT] 25 A5 01 09 31 05 81 FF FF D9 C8 60 BE (13)
                              [N9:P] TPOS 255 255 217 200 (-9784)
2026-02-11 15:26:48:172 [IN ] C8 24 09 0E 25 A5 09 01 31 06 81 53 FF E7 5B E0 36 01 0A (19)
                              [N9:P] TPOS 'S' 255 231 91 224 (-1614880)
2026-02-11 15:26:52:185 [IN ] C8 24 06 0E 25 A5 06 01 31 06 81 45 00 19 85 B5 57 60 0A (19)
                              [N6:H] TPOS 'E' 0 25 133 181 (1672629)
2026-02-11 15:26:52:609 [OUT] 25 A5 01 06 31 05 81 00 0D 68 A0 D3 CA (13)
                              [N6:H] TPOS 0 13 104 160 (878752)
2026-02-11 15:26:52:819 [IN ] C8 24 06 0E 25 A5 06 01 31 06 81 53 00 19 85 B0 60 A1 0A (19)
                              [N6:H] TPOS 'S' 0 25 133 176 (1672624)
2026-02-11 15:26:55:229 [IN ] C8 24 03 0E 25 A5 03 01 31 06 81 45 FF FD 50 4E 9B 19 0A (19)
                              [N3:X] TPOS 'E' 255 253 80 78 (-176050)
2026-02-11 15:26:56:433 [IN ] C8 24 06 0E 25 A5 06 01 31 06 81 45 (12)
2026-02-11 15:26:56:634 [IN ] 00 0D 63 E8 5C 2B 0A (7)
                              [N6:H] TPOS 'E' 0 13 99 232 (877544)
2026-02-11 15:26:56:857 [OUT] 25 A5 01 05 31 02 D8 3F 50 D8 (10)
                              [N5:V] INTERRUPT '?'
2026-02-11 15:26:57:158 [IN ] C8 24 05 0C 25 A5 05 01 31 04 D8 3A 01 01 4F 7A 5C (17)
                              [N5:V] INTERRUPT ':' 1 1 (257)
2026-02-11 15:26:57:179 [OUT] 25 A5 01 05 31 03 C9 3D 0B 4B 06 (11)
                              [N5:V] LFLAG '=' 11 (11)
2026-02-11 15:26:57:349 [IN ] C8 24 05 0B 25 A5 05 01 31 03 C9 3A 0B 48 04 7A (16)
                              [N5:V] LFLAG ':' 11 (11)
2026-02-11 15:26:57:370 [OUT] 25 A5 01 05 31 03 88 FF B0 71 6C (11)
                              [N5:V] RUN 255 176 (-80)
2026-02-11 15:26:57:392 [IN ] C8 24 09 0E 25 A5 09 01 31 06 81 45 FF FF DA FC DB 1D 0A (19)
                              [N9:P] TPOS 'E' 255 255 218 252 (-9476)
2026-02-11 15:26:57:434 [OUT] 25 A5 01 08 31 02 D8 3F 53 E7 (10)
                              [N8:R] INTERRUPT '?'
2026-02-11 15:26:57:735 [IN ] C8 24 05 0C 25 A5 05 01 31 04 88 53 FF B0 C5 30 DB C8 24 08 0C 25 A5 08 01 31 04 D8 3A 01 01 52 92 DB (34)
                              [N5:V] RUN 'S' 255 176 (-80)
                              [N8:R] INTERRUPT ':' 1 1 (257)
2026-02-11 15:26:57:756 [OUT] 25 A5 01 08 31 03 CA 3D 0B 4F 1B (11)
                              [N8:R] RFLAG '=' 11 (11)
2026-02-11 15:26:57:925 [IN ] C8 24 08 0B 25 A5 08 01 31 03 CA 3A 0B 4C 1C 92 (16)
                              [N8:R] RFLAG ':' 11 (11)
2026-02-11 15:26:57:947 [OUT] 25 A5 01 08 31 03 88 00 50 15 20 (11)
                              [N8:R] RUN 0 80 (80)
2026-02-11 15:26:58:114 [IN ] C8 24 08 0C 25 A5 08 01 31 04 88 53 00 50 69 EA DB (17)
                              [N8:R] RUN 'S' 0 80 (80)
2026-02-11 15:27:00:925 [IN ] C8 24 0C 0E 25 A5 0C 01 31 06 81 45 FF BC CD 6D FF C9 0A (19)
                              [N12:Z] TPOS 'E' 255 188 205 109 (-4403859)
2026-02-11 15:27:01:350 [OUT] 25 A5 01 0C 31 05 81 FF D5 67 34 33 E0 (13)
                              [N12:Z] TPOS 255 213 103 52 (-2791628)
2026-02-11 15:27:01:538 [IN ] C8 24 0C 0E 25 A5 0C 01 31 06 81 53 FF BC CD BA 5A 5C 0A (19)
                              [N12:Z] TPOS 'S' 255 188 205 186 (-4403782)
2026-02-11 15:27:02:543 [IN ] C8 24 05 0B 25 A5 05 01 31 03 81 5A 4C 61 AD BA C8 24 05 0A 25 A5 05 01 31 02 81 49 03 38 AD (31)
                              [N5:V] TPOS 'Z' 76 (76)
                              [N5:V] TPOS 'I'
2026-02-11 15:27:02:748 [IN ] C8 24 07 0E 25 A5 07 01 31 06 81 45 FF AB 14 9C 5F 21 0A (19)
                              [N7:N] TPOS 'E' 255 171 20 156 (-5565284)
2026-02-11 15:27:02:770 [OUT] 25 A5 01 05 31 03 C9 3D 09 49 04 (11)
                              [N5:V] LFLAG '=' 9 (9)
2026-02-11 15:27:02:815 [OUT] 25 A5 01 07 31 05 81 FF F2 3B 91 7C 14 (13)
                              [N7:N] TPOS 255 242 59 145 (-902255)
2026-02-11 15:27:02:941 [IN ] C8 24 05 0B 25 A5 05 01 31 03 C9 3A 09 46 02 9C (16)
                              [N5:V] LFLAG ':' 9 (9)
2026-02-11 15:27:02:962 [OUT] 25 A5 01 05 31 03 84 00 50 0E 02 (11)
                              [N5:V] VEL 0 80 (80)
2026-02-11 15:27:03:068 [IN ] C8 24 07 0E 25 A5 07 01 31 06 81 53 FF AB 14 9C 6D 67 0A (19)
                              [N7:N] TPOS 'S' 255 171 20 156 (-5565284)
2026-02-11 15:27:03:173 [IN ] C8 24 05 0C 25 A5 05 01 31 04 84 53 00 50 62 C2 6D (17)
                              [N5:V] VEL 'S' 0 80 (80)
2026-02-11 15:27:03:194 [OUT] 25 A5 01 05 31 05 81 00 19 82 3C 94 B6 (13)
                              [N5:V] TPOS 0 25 130 60 (1671740)
2026-02-11 15:27:03:383 [IN ] C8 24 05 0E 25 A5 05 01 31 06 81 53 00 00 00 02 13 94 0A (19)
                              [N5:V] TPOS 'S' 0 0 0 2 (2)
2026-02-11 15:27:04:990 [IN ] C8 24 08 0B 25 A5 08 01 31 03 81 5A 52 6A C8 02 C8 24 08 0A 25 A5 08 01 31 02 81 49 06 4A C8 (31)
                              [N8:R] TPOS 'Z' 82 (82)
                              [N8:R] TPOS 'I'
2026-02-11 15:27:05:216 [OUT] 25 A5 01 08 31 03 CA 3D 09 4D 19 (11)
                              [N8:R] RFLAG '=' 9 (9)
2026-02-11 15:27:05:405 [IN ] C8 24 08 0B 25 A5 08 01 31 03 CA 3A 09 4A 1A 02 (16)
                              [N8:R] RFLAG ':' 9 (9)
2026-02-11 15:27:05:426 [OUT] 25 A5 01 08 31 05 81 FF DC 77 1D 2F DE (13)
                              [N8:R] TPOS 255 220 119 29 (-2328803)
2026-02-11 15:27:05:615 [IN ] C8 24 08 0E 25 A5 08 01 31 06 81 53 FF FF FF D3 E4 7A 0A (19)
                              [N8:R] TPOS 'S' 255 255 255 211 (-45)
2026-02-11 15:27:09:631 [IN ] C8 24 0C 0E 25 A5 0C 01 31 06 81 45 FF D5 69 C9 10 A8 0A (19)
                              [N12:Z] TPOS 'E' 255 213 105 201 (-2790967)
2026-02-11 15:27:11:440 [IN ] C8 24 05 0E 25 A5 05 01 31 06 81 45 00 19 85 FA 9B 9B 0A (19)
                              [N5:V] TPOS 'E' 0 25 133 250 (1672698)
2026-02-11 15:27:11:865 [OUT] 25 A5 01 05 31 05 81 00 0C 97 4C AC C9 (13)
                              [N5:V] TPOS 0 12 151 76 (825164)
2026-02-11 15:27:12:052 [IN ] C8 24 05 0E 25 A5 05 01 31 06 81 53 00 19 85 F9 A8 E0 0A (19)
                              [N5:V] TPOS 'S' 0 25 133 249 (1672697)
2026-02-11 15:27:17:673 [IN ] C8 24 05 0E 25 A5 05 01 31 06 81 45 00 0C 95 DE 82 78 0A (19)
                              [N5:V] TPOS 'E' 0 12 149 222 (824798)
2026-02-11 15:27:17:896 [OUT] 25 A5 01 03 31 05 81 FF EF 0D AE 64 AC (13)
                              [N3:X] TPOS 255 239 13 174 (-1110610)
2026-02-11 15:27:17:918 [OUT] 25 A5 01 04 31 05 81 FF F3 E0 F0 7E A8 (13)
                              [N4:Y] TPOS 255 243 224 240 (-794384)
2026-02-11 15:27:18:086 [IN ] C8 24 03 0E 25 A5 03 01 31 06 81 53 FF FD 50 4E A9 5F 0A (19)
                              [N3:X] TPOS 'S' 255 253 80 78 (-176050)
2026-02-11 15:27:18:212 [IN ] C8 24 04 0E 25 A5 04 01 31 06 81 53 FF FD 4F 65 C0 7E 0A (19)
                              [N4:Y] TPOS 'S' 255 253 79 101 (-176283)
2026-02-11 15:27:18:614 [IN ] C8 24 08 0E 25 A5 08 01 31 06 81 45 FF DC 73 E2 36 C2 0A (19)
                              [N8:R] TPOS 'E' 255 220 115 226 (-2329630)
2026-02-11 15:27:19:037 [OUT] 25 A5 01 08 31 05 81 FF EE 15 56 18 89 (13)
                              [N8:R] TPOS 255 238 21 86 (-1174186)
2026-02-11 15:27:19:226 [IN ] C8 24 08 0E 25 A5 08 01 31 06 81 53 FF DC 73 E4 46 0A 0A (19)
                              [N8:R] TPOS 'S' 255 220 115 228 (-2329628)
2026-02-11 15:27:21:837 [IN ] C8 24 04 0E 25 A5 04 01 31 06 81 45 FF F3 DF 33 06 08 0A (19)
                              [N4:Y] TPOS 'E' 255 243 223 51 (-794829)
2026-02-11 15:27:23:044 [IN ] C8 24 03 0E 25 A5 03 01 31 06 81 45 FF EF 0A FC F5 11 0A (19)
                              [N3:X] TPOS 'E' 255 239 10 252 (-1111300)
2026-02-11 15:27:23:447 [IN ] C8 24 07 0E 25 A5 07 01 31 06 81 45 FF F2 40 CA 00 7C 0A (19)
                              [N7:N] TPOS 'E' 255 242 64 202 (-900918)
2026-02-11 15:27:25:656 [IN ] C8 24 08 0E 25 A5 08 01 31 06 81 45 FF EE 17 DF E9 3D 0A (19)
                              [N8:R] TPOS 'E' 255 238 23 223 (-1173537)
