2026-02-11 17:10:39:266 [OUT] 25 A5 01 09 31 04 E4 3D 00 00 60 C8 (12)
                              [N9:P] LOGPOS '=' 0 0 (0)
2026-02-11 17:10:39:289 [OUT] 25 A5 01 0A 31 05 D6 3D FF 00 00 53 ED (13)
                              [N10:HMI] HMILED '=' 255 0 0 (16711680)
2026-02-11 17:10:39:436 [IN ] C8 24 09 0C 25 A5 09 01 31 04 E4 3A 00 00 5D C7 31 (17)
                              [N9:P] LOGPOS ':' 0 0 (0)
2026-02-11 17:10:39:457 [OUT] 25 A5 01 09 31 03 84 00 50 12 1A (11)
                              [N9:P] VEL 0 80 (80)
2026-02-11 17:10:39:584 [IN ] C8 24 0A 0D 25 A5 0A 01 31 05 D6 3A FF 00 00 50 EA A2 (18)
                              [N10:HMI] HMILED ':' 255 0 0 (16711680)
2026-02-11 17:10:39:690 [IN ] C8 24 09 0C 25 A5 09 01 31 04 84 53 00 50 66 E2 EA (17)
                              [N9:P] VEL 'S' 0 80 (80)
2026-02-11 17:10:39:712 [OUT] 25 A5 01 09 31 05 81 FF F4 D3 BB 42 84 (13)
                              [N9:P] TPOS 255 244 211 187 (-732229)
2026-02-11 17:10:39:837 [IN ] C8 24 0B 0A 25 A5 0B 01 31 02 DE 03 20 D0 66 (15)
                              [N11:NG] NGSWSTATE 3 (3)
2026-02-11 17:10:39:900 [IN ] C8 24 09 0E 25 A5 09 01 31 06 81 53 FF E9 83 1C 9C 93 31 (19)
                              [N9:P] TPOS 'S' 255 233 131 28 (-1473764)
2026-02-11 17:10:40:904 [IN ] C8 24 0B 0A 25 A5 0B 01 31 02 DE 03 20 D0 83 (15)
                              [N11:NG] NGSWSTATE 3 (3)
2026-02-11 17:10:41:911 [IN ] C8 24 0B 0A 25 A5 0B 01 31 02 DE 03 20 D0 83 (15)
                              [N11:NG] NGSWSTATE 3 (3)
2026-02-11 17:10:42:916 [IN ] C8 24 0B 0A 25 A5 0B 01 31 02 DE 03 20 D0 83 (15)
                              [N11:NG] NGSWSTATE 3 (3)
2026-02-11 17:10:43:920 [IN ] C8 24 0B 0A 25 A5 0B 01 31 02 DE 03 20 D0 83 (15)
                              [N11:NG] NGSWSTATE 3 (3)
2026-02-11 17:10:44:121 [IN ] C8 24 09 0E 25 A5 09 01 31 06 81 45 FF F4 D5 7D 4C 73 31 (19)
                              [N9:P] TPOS 'E' 255 244 213 125 (-731779)
