2026-02-11 17:17:45:000 [OUT] 25 A5 01 0A 31 05 D6 3D FF 00 00 53 ED (13)
                              [N10:HMI] HMILED '=' 255 0 0 (16711680)
2026-02-11 17:17:45:024 [OUT] 25 A5 01 04 31 05 81 FF F2 CE 57 D2 E8 (13)
                              [N4:Y] TPOS 255 242 206 87 (-864681)
2026-02-11 17:17:45:045 [OUT] 25 A5 01 03 31 05 81 FF F2 26 2F 01 68 (13)
                              [N3:X] TPOS 255 242 38 47 (-907729)
2026-02-11 17:17:45:067 [OUT] 25 A5 01 05 31 05 81 00 0C B8 FE 7F BD (13)
                              [N5:V] TPOS 0 12 184 254 (833790)
2026-02-11 17:17:45:090 [OUT] 25 A5 01 06 31 05 81 00 0D 40 01 0C DB (13)
                              [N6:H] TPOS 0 13 64 1 (868353)
2026-02-11 17:17:45:175 [IN ] C8 24 0A 0D 25 A5 0A 01 31 05 D6 3A FF 00 00 50 EA (17)
                              [N10:HMI] HMILED ':' 255 0 0 (16711680)
2026-02-11 17:17:45:196 [IN ] D5 (1)
2026-02-11 17:17:45:218 [IN ] C8 24 0B 0A 25 A5 0B 01 31 02 DE 03 20 D0 00 (15)
                              [N11:NG] NGSWSTATE 3 (3)
2026-02-11 17:17:45:323 [IN ] C8 24 04 0E 25 A5 04 01 31 06 81 53 FF F2 CB E8 B4 D8 DB (19)
                              [N4:Y] TPOS 'S' 255 242 203 232 (-865304)
2026-02-11 17:17:45:427 [IN ] C8 24 04 0E 25 A5 04 01 31 06 81 45 FF F2 CC D3 92 7F DB (19)
                              [N4:Y] TPOS 'E' 255 242 204 211 (-865069)
2026-02-11 17:17:45:448 [IN ] C8 24 03 0E 25 A5 03 01 31 06 81 53 FF F2 23 85 A8 1B DB (19)
                              [N3:X] TPOS 'S' 255 242 35 133 (-908411)
2026-02-11 17:17:45:554 [IN ] C8 24 03 0E 25 A5 03 01 31 06 81 45 FF F2 24 E8 FE 3A DB (19)
                              [N3:X] TPOS 'E' 255 242 36 232 (-908056)
2026-02-11 17:17:45:576 [IN ] C8 24 05 0E 25 A5 05 01 31 06 81 53 00 0C 9B 2B E3 17 DB (19)
                              [N5:V] TPOS 'S' 0 12 155 43 (826155)
2026-02-11 17:17:45:723 [IN ] C8 24 06 0E 25 A5 06 01 31 06 81 53 00 0D 6D 4D D9 EA DB C8 24 05 0E 25 A5 05 01 31 06 81 45 00 0C BC 36 01 1E DB (38)
                              [N6:H] TPOS 'S' 0 13 109 77 (879949)
                              [N5:V] TPOS 'E' 0 12 188 54 (834614)
2026-02-11 17:17:45:924 [IN ] C8 24 06 0E 25 A5 06 01 31 06 81 45 00 0D 3B 49 95 3C DB (19)
                              [N6:H] TPOS 'E' 0 13 59 73 (867145)
