2026-02-11 16:59:35:664 [OUT] 25 A5 01 09 31 04 E4 3D 00 00 60 C8 (12)
                              [N9:P] LOGPOS '=' 0 0 (0)
2026-02-11 16:59:35:685 [OUT] 25 A5 01 0A 31 05 D6 3D FF 00 00 53 ED (13)
                              [N10:HMI] HMILED '=' 255 0 0 (16711680)
2026-02-11 16:59:35:706 [OUT] 25 A5 01 08 31 05 81 FF EE 15 56 18 89 (13)
                              [N8:R] TPOS 255 238 21 86 (-1174186)
2026-02-11 16:59:35:833 [IN ] C8 24 09 0C 25 A5 09 01 31 04 E4 3A 00 00 5D C7 81 (17)
                              [N9:P] LOGPOS ':' 0 0 (0)
2026-02-11 16:59:35:855 [OUT] 25 A5 01 09 31 03 84 00 50 12 1A (11)
                              [N9:P] VEL 0 80 (80)
2026-02-11 16:59:35:980 [IN ] C8 24 0A 0D 25 A5 0A 01 31 05 D6 3A FF 00 00 50 EA 91 (18)
                              [N10:HMI] HMILED ':' 255 0 0 (16711680)
2026-02-11 16:59:36:085 [IN ] C8 24 08 0E 25 A5 08 01 31 06 81 53 FF EE 16 1B 32 BD 31 (19)
                              [N8:R] TPOS 'S' 255 238 22 27 (-1173989)
2026-02-11 16:59:36:190 [IN ] C8 24 08 0E 25 A5 08 01 31 06 81 45 FF EE 16 13 1C 6F 31 (19)
                              [N8:R] TPOS 'E' 255 238 22 19 (-1173997)
2026-02-11 16:59:36:211 [IN ] C8 24 09 0C 25 A5 09 01 31 04 84 53 00 50 66 E2 1C (17)
                              [N9:P] VEL 'S' 0 80 (80)
2026-02-11 16:59:36:234 [OUT] 25 A5 01 09 31 05 81 FF EC 2F 1D F8 86 (13)
                              [N9:P] TPOS 255 236 47 29 (-1298659)
2026-02-11 16:59:36:423 [IN ] C8 24 09 0E 25 A5 09 01 31 06 81 53 FF E9 83 6C EC E3 31 (19)
                              [N9:P] TPOS 'S' 255 233 131 108 (-1473684)
2026-02-11 16:59:36:625 [IN ] C8 24 0B 0A 25 A5 0B 01 31 02 DE 03 20 D0 83 (15)
                              [N11:NG] NGSWSTATE 3 (3)
2026-02-11 16:59:37:629 [IN ] C8 24 09 0E 25 A5 09 01 31 06 81 45 FF EC 30 6B 8D FF 31 C8 24 0B 0A 25 A5 0B 01 31 02 DE 03 20 D0 30 (34)
                              [N9:P] TPOS 'E' 255 236 48 107 (-1298325)
                              [N11:NG] NGSWSTATE 3 (3)
2026-02-11 16:59:37:852 [OUT] 25 A5 01 09 31 05 81 FF EC 42 3A 28 C9 (13)
                              [N9:P] TPOS 255 236 66 58 (-1293766)
2026-02-11 16:59:38:039 [IN ] C8 24 09 0E 25 A5 09 01 31 06 81 53 FF EC 30 65 95 3F 31 (19)
                              [N9:P] TPOS 'S' 255 236 48 101 (-1298331)
2026-02-11 16:59:38:241 [IN ] C8 24 09 0E 25 A5 09 01 31 06 81 45 FF EC 43 4E 83 08 31 (19)
                              [N9:P] TPOS 'E' 255 236 67 78 (-1293490)
2026-02-11 16:59:38:464 [OUT] 25 A5 01 09 31 05 81 FF EC 55 56 57 0B (13)
                              [N9:P] TPOS 255 236 85 86 (-1288874)
2026-02-11 16:59:38:611 [IN ] C8 24 0B 0A 25 A5 0B 01 31 02 DE 03 20 D0 43 (15)
                              [N11:NG] NGSWSTATE 3 (3)
2026-02-11 16:59:38:653 [IN ] C8 24 09 0E 25 A5 09 01 31 06 81 53 FF EC 43 4B 8E 4B 31 (19)
                              [N9:P] TPOS 'S' 255 236 67 75 (-1293493)
2026-02-11 16:59:38:854 [IN ] C8 24 09 0E 25 A5 09 01 31 06 81 45 FF EC 56 70 B8 50 31 (19)
                              [N9:P] TPOS 'E' 255 236 86 112 (-1288592)
2026-02-11 16:59:39:076 [OUT] 25 A5 01 09 31 05 81 FF EC 68 72 86 4D (13)
                              [N9:P] TPOS 255 236 104 114 (-1283982)
2026-02-11 16:59:39:244 [IN ] C8 24 09 0E 25 A5 09 01 31 06 81 53 FF EC 56 6D C3 93 31 (19)
                              [N9:P] TPOS 'S' 255 236 86 109 (-1288595)
2026-02-11 16:59:39:447 [IN ] C8 24 09 0E 25 A5 09 01 31 06 81 45 FF EC 69 9D F8 A3 31 (19)
                              [N9:P] TPOS 'E' 255 236 105 157 (-1283683)
2026-02-11 16:59:39:649 [IN ] C8 24 0B 0A 25 A5 0B 01 31 02 DE 03 20 D0 69 (15)
                              [N11:NG] NGSWSTATE 3 (3)
2026-02-11 16:59:39:671 [OUT] 25 A5 01 09 31 05 81 FF EC 7B 8F B6 90 (13)
                              [N9:P] TPOS 255 236 123 143 (-1279089)
2026-02-11 16:59:39:880 [IN ] C8 24 09 0E 25 A5 09 01 31 06 81 53 FF EC 69 98 01 E4 31 (19)
                              [N9:P] TPOS 'S' 255 236 105 152 (-1283688)
2026-02-11 16:59:40:082 [IN ] C8 24 09 0E 25 A5 09 01 31 06 81 45 FF EC 7C EB 59 17 31 (19)
                              [N9:P] TPOS 'E' 255 236 124 235 (-1278741)
2026-02-11 16:59:40:303 [OUT] 25 A5 01 09 31 05 81 FF EC 8E AB E5 D2 (13)
                              [N9:P] TPOS 255 236 142 171 (-1274197)
2026-02-11 16:59:40:492 [IN ] C8 24 09 0E 25 A5 09 01 31 06 81 53 FF EC 7C E9 65 5B 31 (19)
                              [N9:P] TPOS 'S' 255 236 124 233 (-1278743)
2026-02-11 16:59:40:694 [IN ] C8 24 0B 0A 25 A5 0B 01 31 02 DE 03 20 D0 7C C8 24 09 0E 25 A5 09 01 31 06 81 45 FF EC 90 3B BD 8F 31 (34)
                              [N11:NG] NGSWSTATE 3 (3)
                              [N9:P] TPOS 'E' 255 236 144 59 (-1273797)
2026-02-11 16:59:40:918 [OUT] 25 A5 01 09 31 05 81 FF EC A1 C8 15 15 (13)
                              [N9:P] TPOS 255 236 161 200 (-1269304)
2026-02-11 16:59:41:087 [IN ] C8 24 09 0E 25 A5 09 01 31 06 81 53 FF EC 90 39 C9 D3 31 (19)
                              [N9:P] TPOS 'S' 255 236 144 57 (-1273799)
2026-02-11 16:59:41:289 [IN ] C8 24 09 0E 25 A5 09 01 31 06 81 45 FF EC A3 96 2B 10 31 (19)
                              [N9:P] TPOS 'E' 255 236 163 150 (-1268842)
2026-02-11 16:59:41:512 [OUT] 25 A5 01 09 31 05 81 FF EC B4 E4 44 57 (13)
                              [N9:P] TPOS 255 236 180 228 (-1264412)
2026-02-11 16:59:41:615 [IN ] C8 24 0B 0A 25 A5 0B 01 31 02 DE 03 20 D0 (14)
                              [N11:NG] NGSWSTATE 3 (3)
2026-02-11 16:59:41:637 [IN ] A3 (1)
2026-02-11 16:59:41:701 [IN ] C8 24 09 0E 25 A5 09 01 31 06 81 53 FF EC A3 95 38 55 31 (19)
                              [N9:P] TPOS 'S' 255 236 163 149 (-1268843)
2026-02-11 16:59:41:903 [IN ] C8 24 09 0E 25 A5 09 01 31 06 81 45 FF EC B6 9A 42 3A 31 (19)
                              [N9:P] TPOS 'E' 255 236 182 154 (-1263974)
2026-02-11 16:59:42:126 [OUT] 25 A5 01 09 31 05 81 FF EC C8 01 75 9C (13)
                              [N9:P] TPOS 255 236 200 1 (-1259519)
2026-02-11 16:59:42:314 [IN ] C8 24 09 0E 25 A5 09 01 31 06 81 53 FF EC B6 98 4E 7E 31 (19)
                              [N9:P] TPOS 'S' 255 236 182 152 (-1263976)
2026-02-11 16:59:42:515 [IN ] C8 24 09 0E 25 A5 09 01 31 06 81 45 FF EC C9 8E 49 54 31 (19)
                              [N9:P] TPOS 'E' 255 236 201 142 (-1259122)
2026-02-11 16:59:42:717 [IN ] C8 24 0B 0A 25 A5 0B 01 31 02 DE 03 20 D0 C9 (15)
                              [N11:NG] NGSWSTATE 3 (3)
2026-02-11 16:59:42:738 [OUT] 25 A5 01 09 31 05 81 FF EC DB 1D A4 DE (13)
                              [N9:P] TPOS 255 236 219 29 (-1254627)
2026-02-11 16:59:42:927 [IN ] C8 24 09 0E 25 A5 09 01 31 06 81 53 FF EC C9 8D 56 99 31 (19)
                              [N9:P] TPOS 'S' 255 236 201 141 (-1259123)
2026-02-11 16:59:43:131 [IN ] C8 24 09 0E 25 A5 09 01 31 06 81 45 FF EC DC A3 71 8F 31 (19)
                              [N9:P] TPOS 'E' 255 236 220 163 (-1254237)
2026-02-11 16:59:43:353 [OUT] 25 A5 01 09 31 05 81 FF EC EE 3A D4 21 (13)
                              [N9:P] TPOS 255 236 238 58 (-1249734)
2026-02-11 16:59:43:542 [IN ] C8 24 09 0E 25 A5 09 01 31 06 81 53 FF EC DC 9E 7A D0 31 (19)
                              [N9:P] TPOS 'S' 255 236 220 158 (-1254242)
2026-02-11 16:59:43:744 [IN ] C8 24 0B 0A 25 A5 0B 01 31 02 DE 03 20 D0 DC C8 24 09 0E 25 A5 09 01 31 06 81 45 FF EC EF B1 92 C3 31 (34)
                              [N11:NG] NGSWSTATE 3 (3)
                              [N9:P] TPOS 'E' 255 236 239 177 (-1249359)
2026-02-11 16:59:43:966 [OUT] 25 A5 01 09 31 05 81 FF ED 01 56 04 66 (13)
                              [N9:P] TPOS 255 237 1 86 (-1244842)
2026-02-11 16:59:44:154 [IN ] C8 24 09 0E 25 A5 09 01 31 06 81 53 FF EC EF AF 9E 07 31 (19)
                              [N9:P] TPOS 'S' 255 236 239 175 (-1249361)
2026-02-11 16:59:44:356 [IN ] C8 24 09 0E 25 A5 09 01 31 06 81 45 FF ED 02 B9 AE F4 31 (19)
                              [N9:P] TPOS 'E' 255 237 2 185 (-1244487)
2026-02-11 16:59:44:578 [OUT] 25 A5 01 09 31 05 81 FF ED 14 72 33 A8 (13)
                              [N9:P] TPOS 255 237 20 114 (-1239950)
2026-02-11 16:59:44:642 [IN ] C8 24 0B 0A 25 A5 0B 01 31 02 DE 03 20 D0 02 (15)
                              [N11:NG] NGSWSTATE 3 (3)
2026-02-11 16:59:44:769 [IN ] C8 24 09 0E 25 A5 09 01 31 06 81 53 FF ED 02 B7 BA 38 31 (19)
                              [N9:P] TPOS 'S' 255 237 2 183 (-1244489)
2026-02-11 16:59:44:970 [IN ] C8 24 09 0E 25 A5 09 01 31 06 81 45 FF ED 15 B8 C0 19 31 (19)
                              [N9:P] TPOS 'E' 255 237 21 184 (-1239624)
2026-02-11 16:59:45:192 [OUT] 25 A5 01 09 31 05 81 FF ED 27 8F 63 EB (13)
                              [N9:P] TPOS 255 237 39 143 (-1235057)
2026-02-11 16:59:45:381 [IN ] C8 24 09 0E 25 A5 09 01 31 06 81 53 FF ED 15 B4 CA 5B 31 (19)
                              [N9:P] TPOS 'S' 255 237 21 180 (-1239628)
2026-02-11 16:59:45:584 [IN ] C8 24 09 0E 25 A5 09 01 31 06 81 45 FF ED 28 CE E9 55 31 (19)
                              [N9:P] TPOS 'E' 255 237 40 206 (-1234738)
2026-02-11 16:59:45:786 [IN ] C8 24 0B 0A 25 A5 0B 01 31 02 DE 03 20 D0 28 (15)
                              [N11:NG] NGSWSTATE 3 (3)
2026-02-11 16:59:45:807 [OUT] 25 A5 01 09 31 05 81 FF ED 3A AB 92 2D (13)
                              [N9:P] TPOS 255 237 58 171 (-1230165)
2026-02-11 16:59:45:996 [IN ] C8 24 09 0E 25 A5 09 01 31 06 81 53 FF ED 28 CB F4 98 31 (19)
                              [N9:P] TPOS 'S' 255 237 40 203 (-1234741)
2026-02-11 16:59:46:197 [IN ] C8 24 09 0E 25 A5 09 01 31 06 81 45 FF ED 3B B4 E2 61 31 (19)
                              [N9:P] TPOS 'E' 255 237 59 180 (-1229900)
2026-02-11 16:59:46:419 [OUT] 25 A5 01 09 31 05 81 FF ED 4D C8 C2 70 (13)
                              [N9:P] TPOS 255 237 77 200 (-1225272)
2026-02-11 16:59:46:608 [IN ] C8 24 09 0E 25 A5 09 01 31 06 81 53 FF ED 3B B2 EE A5 31 (19)
                              [N9:P] TPOS 'S' 255 237 59 178 (-1229902)
2026-02-11 16:59:46:809 [IN ] C8 24 0B 0A 25 A5 0B 01 31 02 DE 03 20 D0 3B C8 24 09 0E 25 A5 09 01 31 06 81 45 FF ED 4F 06 48 DB 31 (34)
                              [N11:NG] NGSWSTATE 3 (3)
                              [N9:P] TPOS 'E' 255 237 79 6 (-1224954)
2026-02-11 16:59:47:031 [OUT] 25 A5 01 09 31 05 81 FF ED 60 E4 F1 B2 (13)
                              [N9:P] TPOS 255 237 96 228 (-1220380)
2026-02-11 16:59:47:220 [IN ] C8 24 09 0E 25 A5 09 01 31 06 81 53 FF ED 4F 02 52 1D 31 (19)
                              [N9:P] TPOS 'S' 255 237 79 2 (-1224958)
2026-02-11 16:59:47:421 [IN ] C8 24 09 0E 25 A5 09 01 31 06 81 45 FF ED 62 7A CF 75 31 (19)
                              [N9:P] TPOS 'E' 255 237 98 122 (-1219974)
2026-02-11 16:59:47:644 [OUT] 25 A5 01 09 31 05 81 FF ED 74 01 22 F7 (13)
                              [N9:P] TPOS 255 237 116 1 (-1215487)
2026-02-11 16:59:47:666 [IN ] C8 24 0B 0A 25 A5 0B 01 31 (9)
2026-02-11 16:59:47:688 [IN ] 02 DE 03 20 D0 62 (6)
                              [N11:NG] NGSWSTATE 3 (3)
2026-02-11 16:59:47:835 [IN ] C8 24 09 0E 25 A5 09 01 31 06 81 53 FF ED 62 77 DA B8 31 (19)
                              [N9:P] TPOS 'S' 255 237 98 119 (-1219977)
2026-02-11 16:59:48:035 [IN ] C8 24 09 0E 25 A5 09 01 31 06 81 45 FF ED 75 BD 25 DE 31 (19)
                              [N9:P] TPOS 'E' 255 237 117 189 (-1215043)
2026-02-11 16:59:48:257 [OUT] 25 A5 01 09 31 05 81 FF ED 87 1D 51 39 (13)
                              [N9:P] TPOS 255 237 135 29 (-1210595)
2026-02-11 16:59:48:445 [IN ] C8 24 09 0E 25 A5 09 01 31 06 81 53 FF ED 75 BA 30 21 31 (19)
                              [N9:P] TPOS 'S' 255 237 117 186 (-1215046)
2026-02-11 16:59:48:647 [IN ] C8 24 09 0E 25 A5 09 01 31 06 81 45 FF ED 88 E9 64 30 31 (19)
                              [N9:P] TPOS 'E' 255 237 136 233 (-1210135)
2026-02-11 16:59:48:848 [IN ] C8 24 0B 0A 25 A5 0B 01 31 02 DE 03 20 D0 88 (15)
                              [N11:NG] NGSWSTATE 3 (3)
2026-02-11 16:59:48:870 [OUT] 25 A5 01 09 31 05 81 FF ED 9A 3A 81 7C (13)
                              [N9:P] TPOS 255 237 154 58 (-1205702)
2026-02-11 16:59:49:058 [IN ] C8 24 09 0E 25 A5 09 01 31 06 81 53 FF ED 88 E8 71 75 31 (19)
                              [N9:P] TPOS 'S' 255 237 136 232 (-1210136)
2026-02-11 16:59:49:259 [IN ] C8 24 09 0E 25 A5 09 01 31 06 81 45 FF ED 9C 1C AB 8B 31 (19)
                              [N9:P] TPOS 'E' 255 237 156 28 (-1205220)
2026-02-11 16:59:49:482 [OUT] 25 A5 01 09 31 05 81 FF ED AD 56 B0 BE (13)
                              [N9:P] TPOS 255 237 173 86 (-1200810)
2026-02-11 16:59:49:672 [IN ] C8 24 09 0E 25 A5 09 01 31 06 81 53 FF ED 9C 1A B7 CF 31 (19)
                              [N9:P] TPOS 'S' 255 237 156 26 (-1205222)
2026-02-11 16:59:49:873 [IN ] C8 24 0B 0A 25 A5 0B 01 31 02 DE 03 20 D0 9C C8 24 09 0E 25 A5 09 01 31 06 81 45 FF ED AF 51 F3 E6 31 (34)
                              [N11:NG] NGSWSTATE 3 (3)
                              [N9:P] TPOS 'E' 255 237 175 81 (-1200303)
2026-02-11 16:59:50:096 [OUT] 25 A5 01 09 31 05 81 FF ED C0 72 DF 00 (13)
                              [N9:P] TPOS 255 237 192 114 (-1195918)
2026-02-11 16:59:50:284 [IN ] C8 24 09 0E 25 A5 09 01 31 06 81 53 FF ED AF 50 00 2B 31 (19)
                              [N9:P] TPOS 'S' 255 237 175 80 (-1200304)
2026-02-11 16:59:50:485 [IN ] C8 24 09 0E 25 A5 09 01 31 06 81 45 FF ED C2 73 28 2E 31 (19)
                              [N9:P] TPOS 'E' 255 237 194 115 (-1195405)
2026-02-11 16:59:50:707 [OUT] 25 A5 01 09 31 05 81 FF ED D3 8F 0F 43 (13)
                              [N9:P] TPOS 255 237 211 143 (-1191025)
2026-02-11 16:59:50:708 [IN ] C8 24 0B 0A 25 A5 0B 01 31 02 DE 03 20 D0 C2 (15)
                              [N11:NG] NGSWSTATE 3 (3)
2026-02-11 16:59:50:898 [IN ] C8 24 09 0E 25 A5 09 01 31 06 81 53 FF ED C2 72 35 73 31 (19)
                              [N9:P] TPOS 'S' 255 237 194 114 (-1195406)
2026-02-11 16:59:51:100 [IN ] C8 24 09 0E 25 A5 09 01 31 06 81 45 FF ED D5 82 4A 63 31 (19)
                              [N9:P] TPOS 'E' 255 237 213 130 (-1190526)
2026-02-11 16:59:51:322 [OUT] 25 A5 01 09 31 05 81 FF ED E6 AB 3E 85 (13)
                              [N9:P] TPOS 255 237 230 171 (-1186133)
2026-02-11 16:59:51:511 [IN ] C8 24 09 0E 25 A5 09 01 31 06 81 53 FF ED D5 81 57 A8 31 (19)
                              [N9:P] TPOS 'S' 255 237 213 129 (-1190527)
2026-02-11 16:59:51:713 [IN ] C8 24 09 0E 25 A5 09 01 31 06 81 45 FF ED E8 8D 68 94 31 C8 24 0B 0A 25 A5 0B 01 31 02 DE 03 20 D0 E8 (34)
                              [N9:P] TPOS 'E' 255 237 232 141 (-1185651)
                              [N11:NG] NGSWSTATE 3 (3)
2026-02-11 16:59:51:935 [OUT] 25 A5 01 09 31 05 81 FF ED F9 C8 6E C8 (13)
                              [N9:P] TPOS 255 237 249 200 (-1181240)
2026-02-11 16:59:52:123 [IN ] C8 24 09 0E 25 A5 09 01 31 06 81 53 FF ED E8 8C 75 D9 31 (19)
                              [N9:P] TPOS 'S' 255 237 232 140 (-1185652)
2026-02-11 16:59:52:324 [IN ] C8 24 09 0E 25 A5 09 01 31 06 81 45 FF ED FB 7B 69 A8 31 (19)
                              [N9:P] TPOS 'E' 255 237 251 123 (-1180805)
2026-02-11 16:59:52:546 [OUT] 25 A5 01 09 31 05 81 FF EE 0C E4 9E 0D (13)
                              [N9:P] TPOS 255 238 12 228 (-1176348)
2026-02-11 16:59:52:715 [IN ] C8 24 0B 0A 25 A5 0B 01 31 02 DE 03 20 D0 FB (15)
                              [N11:NG] NGSWSTATE 3 (3)
2026-02-11 16:59:52:759 [IN ] C8 24 09 0E 25 A5 09 01 31 06 81 53 FF ED FB 79 75 EC 31 (19)
                              [N9:P] TPOS 'S' 255 237 251 121 (-1180807)
2026-02-11 16:59:52:960 [IN ] C8 24 09 0E 25 A5 09 01 31 06 81 45 FF EE 0E 46 48 9C 31 (19)
                              [N9:P] TPOS 'E' 255 238 14 70 (-1175994)
2026-02-11 16:59:53:182 [OUT] 25 A5 01 09 31 05 81 FF EE 20 01 CF 52 (13)
                              [N9:P] TPOS 255 238 32 1 (-1171455)
2026-02-11 16:59:53:371 [IN ] C8 24 09 0E 25 A5 09 01 31 06 81 53 FF EE 0E 41 51 DD 31 (19)
                              [N9:P] TPOS 'S' 255 238 14 65 (-1175999)
2026-02-11 16:59:53:572 [IN ] C8 24 09 0E 25 A5 09 01 31 06 81 45 FF EE 21 51 66 CD 31 (19)
                              [N9:P] TPOS 'E' 255 238 33 81 (-1171119)
2026-02-11 16:59:53:775 [IN ] C8 24 0B 0A 25 A5 0B 01 31 02 DE 03 20 D0 21 (15)
                              [N11:NG] NGSWSTATE 3 (3)
2026-02-11 16:59:53:797 [OUT] 25 A5 01 09 31 05 81 FF EE 33 1D FE 94 (13)
                              [N9:P] TPOS 255 238 51 29 (-1166563)
2026-02-11 16:59:53:984 [IN ] C8 24 09 0E 25 A5 09 01 31 06 81 53 FF EE 21 4D 70 0F 31 (19)
                              [N9:P] TPOS 'S' 255 238 33 77 (-1171123)
2026-02-11 16:59:54:185 [IN ] C8 24 09 0E 25 A5 09 01 31 06 81 45 FF EE 34 40 68 E2 31 (19)
                              [N9:P] TPOS 'E' 255 238 52 64 (-1166272)
2026-02-11 16:59:54:407 [OUT] 25 A5 01 09 31 05 81 FF EE 46 3A 2E D7 (13)
                              [N9:P] TPOS 255 238 70 58 (-1161670)
2026-02-11 16:59:54:596 [IN ] C8 24 09 0E 25 A5 09 01 31 06 81 53 FF EE 34 3B 71 23 31 (19)
                              [N9:P] TPOS 'S' 255 238 52 59 (-1166277)
2026-02-11 16:59:54:797 [IN ] C8 24 09 0E 25 A5 09 01 31 06 81 45 FF EE 47 2A 65 F2 31 C8 24 0B 0A 25 A5 0B 01 31 02 DE 03 20 D0 47 (34)
                              [N9:P] TPOS 'E' 255 238 71 42 (-1161430)
                              [N11:NG] NGSWSTATE 3 (3)
2026-02-11 16:59:55:019 [OUT] 25 A5 01 09 31 05 81 FF EE 59 56 5D 19 (13)
                              [N9:P] TPOS 255 238 89 86 (-1156778)
2026-02-11 16:59:55:207 [IN ] C8 24 09 0E 25 A5 09 01 31 06 81 53 FF EE 47 28 71 36 31 (19)
                              [N9:P] TPOS 'S' 255 238 71 40 (-1161432)
2026-02-11 16:59:55:409 [IN ] C8 24 09 0E 25 A5 09 01 31 06 81 45 FF EE 5A 7C CA 6A 31 (19)
                              [N9:P] TPOS 'E' 255 238 90 124 (-1156484)
2026-02-11 16:59:55:632 [OUT] 25 A5 01 09 31 05 81 FF EE 6C 72 8C 5B (13)
                              [N9:P] TPOS 255 238 108 114 (-1151886)
2026-02-11 16:59:55:738 [IN ] C8 24 0B 0A 25 A5 0B 01 31 02 DE 03 20 D0 5A (15)
                              [N11:NG] NGSWSTATE 3 (3)
2026-02-11 16:59:55:821 [IN ] C8 24 09 0E 25 A5 09 01 31 06 81 53 FF EE 5A 79 D5 AD 31 (19)
                              [N9:P] TPOS 'S' 255 238 90 121 (-1156487)
2026-02-11 16:59:56:023 [IN ] C8 24 09 0E 25 A5 09 01 31 06 81 45 FF EE 6D C6 27 DA 31 (19)
                              [N9:P] TPOS 'E' 255 238 109 198 (-1151546)
2026-02-11 16:59:56:245 [OUT] 25 A5 01 09 31 05 81 FF EE 7F 8F BC 9E (13)
                              [N9:P] TPOS 255 238 127 143 (-1146993)
2026-02-11 16:59:56:434 [IN ] C8 24 09 0E 25 A5 09 01 31 06 81 53 FF EE 6D C2 31 1C 31 (19)
                              [N9:P] TPOS 'S' 255 238 109 194 (-1151550)
2026-02-11 16:59:56:635 [IN ] C8 24 09 0E 25 A5 09 01 31 06 81 45 FF EE 81 07 7C 43 31 (19)
                              [N9:P] TPOS 'E' 255 238 129 7 (-1146617)
2026-02-11 16:59:56:838 [IN ] C8 24 0B 0A 25 A5 0B 01 31 02 DE 03 20 D0 81 (15)
                              [N11:NG] NGSWSTATE 3 (3)
2026-02-11 16:59:56:859 [OUT] 25 A5 01 09 31 05 81 FF EE 92 AB EB E0 (13)
                              [N9:P] TPOS 255 238 146 171 (-1142101)
2026-02-11 16:59:57:048 [IN ] C8 24 09 0E 25 A5 09 01 31 06 81 53 FF EE 81 05 88 87 31 (19)
                              [N9:P] TPOS 'S' 255 238 129 5 (-1146619)
2026-02-11 16:59:57:249 [IN ] C8 24 09 0E 25 A5 09 01 31 06 81 45 FF EE 94 44 CC A6 31 (19)
                              [N9:P] TPOS 'E' 255 238 148 68 (-1141692)
2026-02-11 16:59:57:472 [OUT] 25 A5 01 09 31 05 81 FF EE A5 C8 1B 23 (13)
                              [N9:P] TPOS 255 238 165 200 (-1137208)
2026-02-11 16:59:57:661 [IN ] C8 24 09 0E 25 A5 09 01 31 06 81 53 FF EE 94 42 D8 EA 31 (19)
                              [N9:P] TPOS 'S' 255 238 148 66 (-1141694)
2026-02-11 16:59:57:863 [IN ] C8 24 0B 0A 25 A5 0B 01 31 02 DE 03 20 D0 94 C8 24 09 0E 25 A5 09 01 31 06 81 45 FF EE A7 91 2C 19 31 (34)
                              [N11:NG] NGSWSTATE 3 (3)
                              [N9:P] TPOS 'E' 255 238 167 145 (-1136751)
2026-02-11 16:59:58:086 [OUT] 25 A5 01 09 31 05 81 FF EE B8 E4 4A 65 (13)
                              [N9:P] TPOS 255 238 184 228 (-1132316)
2026-02-11 16:59:58:274 [IN ] C8 24 09 0E 25 A5 09 01 31 06 81 53 FF EE A7 90 39 5E 31 (19)
                              [N9:P] TPOS 'S' 255 238 167 144 (-1136752)
2026-02-11 16:59:58:475 [IN ] C8 24 09 0E 25 A5 09 01 31 06 81 45 FF EE BA F2 A0 A0 31 (19)
                              [N9:P] TPOS 'E' 255 238 186 242 (-1131790)
2026-02-11 16:59:58:697 [OUT] 25 A5 01 09 31 05 81 FF EE CC 01 7B AA (13)
                              [N9:P] TPOS 255 238 204 1 (-1127423)
2026-02-11 16:59:58:781 [IN ] C8 24 0B 0A 25 A5 0B 01 31 02 DE 03 20 D0 BA (15)
                              [N11:NG] NGSWSTATE 3 (3)
2026-02-11 16:59:58:885 [IN ] C8 24 09 0E 25 A5 09 01 31 06 81 53 FF EE BA F0 AC E4 31 (19)
                              [N9:P] TPOS 'S' 255 238 186 240 (-1131792)
2026-02-11 16:59:59:086 [IN ] C8 24 09 0E 25 A5 09 01 31 06 81 45 FF EE CE 0A CC E0 31 (19)
                              [N9:P] TPOS 'E' 255 238 206 10 (-1126902)
2026-02-11 16:59:59:308 [OUT] 25 A5 01 09 31 05 81 FF EE DF 1D AA EC (13)
                              [N9:P] TPOS 255 238 223 29 (-1122531)
2026-02-11 16:59:59:497 [IN ] C8 24 09 0E 25 A5 09 01 31 06 81 53 FF EE CE 08 D8 24 31 (19)
                              [N9:P] TPOS 'S' 255 238 206 8 (-1126904)
2026-02-11 16:59:59:698 [IN ] C8 24 09 0E 25 A5 09 01 31 06 81 45 FF EE E1 1E F3 1A 31 (19)
                              [N9:P] TPOS 'E' 255 238 225 30 (-1122018)
2026-02-11 16:59:59:899 [IN ] C8 24 0B 0A 25 A5 0B 01 31 02 DE 03 20 D0 E1 (15)
                              [N11:NG] NGSWSTATE 3 (3)
2026-02-11 16:59:59:920 [OUT] 25 A5 01 09 31 05 81 FF EE F2 3A DA 2F (13)
                              [N9:P] TPOS 255 238 242 58 (-1117638)
2026-02-11 17:00:00:109 [IN ] C8 24 09 0E 25 A5 09 01 31 06 81 53 FF EE E1 1D 00 5F 31 (19)
                              [N9:P] TPOS 'S' 255 238 225 29 (-1122019)
2026-02-11 17:00:00:310 [IN ] C8 24 09 0E 25 A5 09 01 31 06 81 45 FF EE F4 34 1C 56 31 (19)
                              [N9:P] TPOS 'E' 255 238 244 52 (-1117132)
2026-02-11 17:00:00:534 [OUT] 25 A5 01 09 31 05 81 FF EF 05 56 0A 74 (13)
                              [N9:P] TPOS 255 239 5 86 (-1112746)
2026-02-11 17:00:00:726 [IN ] C8 24 09 0E 25 A5 09 01 31 06 81 53 FF EE F4 33 29 9B 31 (19)
                              [N9:P] TPOS 'S' 255 238 244 51 (-1117133)
2026-02-11 17:00:00:927 [IN ] C8 24 0B 0A 25 A5 0B 01 31 02 DE 03 20 D0 F4 C8 24 09 0E 25 A5 09 01 31 06 81 45 FF EF 07 21 1D 6C 31 (34)
                              [N11:NG] NGSWSTATE 3 (3)
                              [N9:P] TPOS 'E' 255 239 7 33 (-1112287)
2026-02-11 17:00:01:149 [OUT] 25 A5 01 09 31 05 81 FF EF 18 72 39 B6 (13)
                              [N9:P] TPOS 255 239 24 114 (-1107854)
2026-02-11 17:00:01:337 [IN ] C8 24 09 0E 25 A5 09 01 31 06 81 53 FF EF 07 1F 29 B0 31 (19)
                              [N9:P] TPOS 'S' 255 239 7 31 (-1112289)
2026-02-11 17:00:01:538 [IN ] C8 24 09 0E 25 A5 09 01 31 06 81 45 FF EF 1A 03 12 74 31 (19)
                              [N9:P] TPOS 'E' 255 239 26 3 (-1107453)
2026-02-11 17:00:01:760 [OUT] 25 A5 01 09 31 05 81 FF EF 2B 8F 69 F9 (13)
                              [N9:P] TPOS 255 239 43 143 (-1102961)
2026-02-11 17:00:01:803 [IN ] C8 24 0B 0A 25 A5 0B 01 31 02 DE 03 20 D0 1A (15)
                              [N11:NG] NGSWSTATE 3 (3)
2026-02-11 17:00:01:950 [IN ] C8 24 09 0E 25 A5 09 01 31 06 81 53 FF EF 1A 01 1E B8 31 (19)
                              [N9:P] TPOS 'S' 255 239 26 1 (-1107455)
2026-02-11 17:00:02:150 [IN ] C8 24 09 0E 25 A5 09 01 31 06 81 45 FF EF 2D 00 22 97 31 (19)
                              [N9:P] TPOS 'E' 255 239 45 0 (-1102592)
2026-02-11 17:00:02:372 [OUT] 25 A5 01 09 31 05 81 FF EF 3E AB 98 3B (13)
                              [N9:P] TPOS 255 239 62 171 (-1098069)
2026-02-11 17:00:02:562 [IN ] C8 24 09 0E 25 A5 09 01 31 06 81 53 FF EF 2C FD 2C D8 31 (19)
                              [N9:P] TPOS 'S' 255 239 44 253 (-1102595)
2026-02-11 17:00:02:764 [IN ] C8 24 09 0E 25 A5 09 01 31 06 81 45 FF EF 3F EC 20 A7 31 (19)
                              [N9:P] TPOS 'E' 255 239 63 236 (-1097748)
2026-02-11 17:00:02:965 [IN ] C8 24 0B 0A 25 A5 0B 01 31 02 DE 03 20 D0 3F (15)
                              [N11:NG] NGSWSTATE 3 (3)
2026-02-11 17:00:02:986 [OUT] 25 A5 01 09 31 05 81 FF EF 51 C8 C8 7E (13)
                              [N9:P] TPOS 255 239 81 200 (-1093176)
2026-02-11 17:00:03:175 [IN ] C8 24 09 0E 25 A5 09 01 31 06 81 53 FF EF 3F E9 2B EA 31 (19)
                              [N9:P] TPOS 'S' 255 239 63 233 (-1097751)
2026-02-11 17:00:03:376 [IN ] C8 24 09 0E 25 A5 09 01 31 06 81 45 FF EF 52 D3 1A B4 31 (19)
                              [N9:P] TPOS 'E' 255 239 82 211 (-1092909)
2026-02-11 17:00:03:598 [OUT] 25 A5 01 09 31 05 81 FF EF 64 E4 F7 C0 (13)
                              [N9:P] TPOS 255 239 100 228 (-1088284)
2026-02-11 17:00:03:786 [IN ] C8 24 09 0E 25 A5 09 01 31 06 81 53 FF EF 52 D0 25 F7 31 (19)
                              [N9:P] TPOS 'S' 255 239 82 208 (-1092912)
2026-02-11 17:00:03:988 [IN ] C8 24 0B 0A 25 A5 0B 01 31 02 DE 03 20 D0 52 C8 24 09 0E 25 A5 09 01 31 06 81 45 FF EF 65 FC 56 03 31 (34)
                              [N11:NG] NGSWSTATE 3 (3)
                              [N9:P] TPOS 'E' 255 239 101 252 (-1088004)
2026-02-11 17:00:04:210 [OUT] 25 A5 01 09 31 05 81 FF EF 78 01 28 05 (13)
                              [N9:P] TPOS 255 239 120 1 (-1083391)
2026-02-11 17:00:04:399 [IN ] C8 24 09 0E 25 A5 09 01 31 06 81 53 FF EF 65 F8 60 45 31 (19)
                              [N9:P] TPOS 'S' 255 239 101 248 (-1088008)
2026-02-11 17:00:04:600 [IN ] C8 24 09 0E 25 A5 09 01 31 06 81 45 FF EF 79 45 B3 74 31 (19)
                              [N9:P] TPOS 'E' 255 239 121 69 (-1083067)
2026-02-11 17:00:04:822 [OUT] 25 A5 01 09 31 05 81 FF EF 8B 1D 57 47 (13)
                              [N9:P] TPOS 255 239 139 29 (-1078499)
2026-02-11 17:00:04:823 [IN ] C8 24 0B 0A 25 A5 0B 01 31 02 DE 03 20 D0 79 (15)
                              [N11:NG] NGSWSTATE 3 (3)
2026-02-11 17:00:05:012 [IN ] C8 24 09 0E 25 A5 09 01 31 06 81 53 FF EF 79 41 BD B6 31 (19)
                              [N9:P] TPOS 'S' 255 239 121 65 (-1083071)
2026-02-11 17:00:05:213 [IN ] C8 24 09 0E 25 A5 09 01 31 06 81 45 FF EF 8C 65 E6 BA 31 (19)
                              [N9:P] TPOS 'E' 255 239 140 101 (-1078171)
2026-02-11 17:00:05:435 [OUT] 25 A5 01 09 31 05 81 FF EF 9E 3A 87 8A (13)
                              [N9:P] TPOS 255 239 158 58 (-1073606)
2026-02-11 17:00:05:623 [IN ] C8 24 09 0E 25 A5 09 01 31 06 81 53 FF EF 8C 61 F0 FC 31 (19)
                              [N9:P] TPOS 'S' 255 239 140 97 (-1078175)
2026-02-11 17:00:05:825 [IN ] C8 24 09 0E 25 A5 09 01 31 06 81 45 FF EF 9F 8E 22 09 31 C8 24 0B 0A 25 A5 0B 01 31 02 DE 03 20 D0 9F (34)
                              [N9:P] TPOS 'E' 255 239 159 142 (-1073266)
                              [N11:NG] NGSWSTATE 3 (3)
2026-02-11 17:00:06:047 [OUT] 25 A5 01 09 31 05 81 FF EF B1 56 B6 CC (13)
                              [N9:P] TPOS 255 239 177 86 (-1068714)
2026-02-11 17:00:06:236 [IN ] C8 24 09 0E 25 A5 09 01 31 06 81 53 FF EF 9F 8B 2D 4C 31 (19)
                              [N9:P] TPOS 'S' 255 239 159 139 (-1073269)
2026-02-11 17:00:06:437 [IN ] C8 24 09 0E 25 A5 09 01 31 06 81 45 FF EF B2 D9 80 7A 31 (19)
                              [N9:P] TPOS 'E' 255 239 178 217 (-1068327)
2026-02-11 17:00:06:659 [OUT] 25 A5 01 09 31 05 81 FF EF C4 72 E5 0E (13)
                              [N9:P] TPOS 255 239 196 114 (-1063822)
2026-02-11 17:00:06:827 [IN ] C8 24 0B 0A 25 A5 0B 01 31 02 DE 03 20 D0 B2 (15)
                              [N11:NG] NGSWSTATE 3 (3)
2026-02-11 17:00:06:848 [IN ] C8 24 09 0E 25 A5 09 01 31 06 81 53 FF EF B2 D6 8B BD 31 (19)
                              [N9:P] TPOS 'S' 255 239 178 214 (-1068330)
2026-02-11 17:00:07:049 [IN ] C8 24 09 0E 25 A5 09 01 31 06 81 45 FF EF C6 24 DF ED 31 (19)
                              [N9:P] TPOS 'E' 255 239 198 36 (-1063388)
2026-02-11 17:00:07:271 [OUT] 25 A5 01 09 31 05 81 FF EF D7 8F 15 51 (13)
                              [N9:P] TPOS 255 239 215 143 (-1058929)
2026-02-11 17:00:07:459 [IN ] C8 24 09 0E 25 A5 09 01 31 06 81 53 FF EF C6 21 EA 30 31 (19)
                              [N9:P] TPOS 'S' 255 239 198 33 (-1063391)
2026-02-11 17:00:07:660 [IN ] C8 24 09 0E 25 A5 09 01 31 06 81 45 FF EF D9 72 40 61 31 (19)
                              [N9:P] TPOS 'E' 255 239 217 114 (-1058446)
2026-02-11 17:00:07:862 [IN ] C8 24 0B 0A 25 A5 0B 01 31 02 DE 03 20 D0 D9 (15)
                              [N11:NG] NGSWSTATE 3 (3)
2026-02-11 17:00:07:883 [OUT] 25 A5 01 09 31 05 81 FF EF EA AB 44 93 (13)
                              [N9:P] TPOS 255 239 234 171 (-1054037)
2026-02-11 17:00:08:071 [IN ] C8 24 09 0E 25 A5 09 01 31 06 81 53 FF EF D9 70 4C A5 31 (19)
                              [N9:P] TPOS 'S' 255 239 217 112 (-1058448)
2026-02-11 17:00:08:272 [IN ] C8 24 09 0E 25 A5 09 01 31 06 81 45 FF EF EC B7 98 CC 31 (19)
                              [N9:P] TPOS 'E' 255 239 236 183 (-1053513)
2026-02-11 17:00:08:494 [OUT] 25 A5 01 09 31 05 81 FF EF FD C8 74 D6 (13)
                              [N9:P] TPOS 255 239 253 200 (-1049144)
2026-02-11 17:00:08:683 [IN ] C8 24 09 0E 25 A5 09 01 31 06 81 53 FF EF EC B6 A5 11 31 (19)
                              [N9:P] TPOS 'S' 255 239 236 182 (-1053514)
2026-02-11 17:00:08:884 [IN ] C8 24 09 0E 25 A5 09 01 31 06 81 45 FF EF FF DD D1 18 31 C8 24 0B 0A 25 A5 0B 01 31 02 DE 03 20 D0 FF (34)
                              [N9:P] TPOS 'E' 255 239 255 221 (-1048611)
                              [N11:NG] NGSWSTATE 3 (3)
2026-02-11 17:00:09:106 [OUT] 25 A5 01 09 31 05 81 FF F0 10 E4 A4 1B (13)
                              [N9:P] TPOS 255 240 16 228 (-1044252)
2026-02-11 17:00:09:295 [IN ] C8 24 09 0E 25 A5 09 01 31 06 81 53 FF EF FF DB DD 5C 31 (19)
                              [N9:P] TPOS 'S' 255 239 255 219 (-1048613)
2026-02-11 17:00:09:497 [IN ] C8 24 09 0E 25 A5 09 01 31 06 81 45 FF F0 12 DF E7 43 31 (19)
                              [N9:P] TPOS 'E' 255 240 18 223 (-1043745)
2026-02-11 17:00:09:720 [OUT] 25 A5 01 09 31 05 81 FF F0 24 01 D5 60 (13)
                              [N9:P] TPOS 255 240 36 1 (-1039359)
2026-02-11 17:00:09:867 [IN ] C8 24 0B 0A 25 A5 0B 01 31 02 DE 03 20 D0 12 (15)
                              [N11:NG] NGSWSTATE 3 (3)
2026-02-11 17:00:09:910 [IN ] C8 24 09 0E 25 A5 09 01 31 06 81 53 FF F0 12 DD F3 87 31 (19)
                              [N9:P] TPOS 'S' 255 240 18 221 (-1043747)
2026-02-11 17:00:10:112 [IN ] C8 24 09 0E 25 A5 09 01 31 06 81 45 FF F0 25 B4 CF 3E 31 (19)
                              [N9:P] TPOS 'E' 255 240 37 180 (-1038924)
2026-02-11 17:00:10:334 [OUT] 25 A5 01 09 31 05 81 FF F0 37 1D 04 A2 (13)
                              [N9:P] TPOS 255 240 55 29 (-1034467)
2026-02-11 17:00:10:523 [IN ] C8 24 09 0E 25 A5 09 01 31 06 81 53 FF F0 25 B1 DA 81 31 (19)
                              [N9:P] TPOS 'S' 255 240 37 177 (-1038927)
2026-02-11 17:00:10:724 [IN ] C8 24 09 0E 25 A5 09 01 31 06 81 45 FF F0 38 C2 F0 72 31 (19)
                              [N9:P] TPOS 'E' 255 240 56 194 (-1034046)
2026-02-11 17:00:10:926 [IN ] C8 24 0B 0A 25 A5 0B 01 31 02 DE 03 20 D0 38 (15)
                              [N11:NG] NGSWSTATE 3 (3)
2026-02-11 17:00:10:949 [OUT] 25 A5 01 09 31 05 81 FF F0 4A 3A 34 E5 (13)
                              [N9:P] TPOS 255 240 74 58 (-1029574)
2026-02-11 17:00:11:138 [IN ] C8 24 09 0E 25 A5 09 01 31 06 81 53 FF F0 38 C0 FC B6 31 (19)
                              [N9:P] TPOS 'S' 255 240 56 192 (-1034048)
2026-02-11 17:00:11:340 [IN ] C8 24 09 0E 25 A5 09 01 31 06 81 45 FF F0 4B CA 0B A0 31 (19)
                              [N9:P] TPOS 'E' 255 240 75 202 (-1029174)
2026-02-11 17:00:11:562 [OUT] 25 A5 01 09 31 05 81 FF F0 5D 56 63 27 (13)
                              [N9:P] TPOS 255 240 93 86 (-1024682)
2026-02-11 17:00:11:751 [IN ] C8 24 09 0E 25 A5 09 01 31 06 81 53 FF F0 4B C8 17 E4 31 (19)
                              [N9:P] TPOS 'S' 255 240 75 200 (-1029176)
2026-02-11 17:00:11:952 [IN ] C8 24 0B 0A 25 A5 0B 01 31 02 DE 03 20 D0 4B C8 24 09 0E 25 A5 09 01 31 06 81 45 FF F0 5E 99 ED 95 31 (34)
                              [N11:NG] NGSWSTATE 3 (3)
                              [N9:P] TPOS 'E' 255 240 94 153 (-1024359)
2026-02-11 17:00:12:176 [OUT] 25 A5 01 09 31 05 81 FF F0 70 72 92 69 (13)
                              [N9:P] TPOS 255 240 112 114 (-1019790)
2026-02-11 17:00:12:344 [IN ] C8 24 09 0E 25 A5 09 01 31 06 81 53 FF F0 5E 97 F9 D9 31 (19)
                              [N9:P] TPOS 'S' 255 240 94 151 (-1024361)
2026-02-11 17:00:12:546 [IN ] C8 24 09 0E 25 A5 09 01 31 06 81 45 FF F0 71 B6 1D D8 31 (19)
                              [N9:P] TPOS 'E' 255 240 113 182 (-1019466)
2026-02-11 17:00:12:769 [OUT] 25 A5 01 09 31 05 81 FF F0 83 8F C2 AC (13)
                              [N9:P] TPOS 255 240 131 143 (-1014897)
2026-02-11 17:00:12:874 [IN ] C8 24 0B 0A 25 A5 0B 01 31 02 DE 03 20 D0 71 (15)
                              [N11:NG] NGSWSTATE 3 (3)
2026-02-11 17:00:12:937 [IN ] C8 24 09 0E 25 A5 09 01 31 (9)
2026-02-11 17:00:12:958 [IN ] 06 81 53 FF F0 71 B4 29 1C 31 (10)
                              [N9:P] TPOS 'S' 255 240 113 180 (-1019468)
2026-02-11 17:00:13:159 [IN ] C8 24 09 0E 25 A5 09 01 31 06 81 45 FF F0 84 ED 67 35 31 (19)
                              [N9:P] TPOS 'E' 255 240 132 237 (-1014547)
2026-02-11 17:00:13:381 [OUT] 25 A5 01 09 31 05 81 FF F0 96 AB F1 EE (13)
                              [N9:P] TPOS 255 240 150 171 (-1010005)
2026-02-11 17:00:13:569 [IN ] C8 24 09 0E 25 A5 09 01 31 06 81 53 FF F0 84 EB 73 79 31 (19)
                              [N9:P] TPOS 'S' 255 240 132 235 (-1014549)
2026-02-11 17:00:13:771 [IN ] C8 24 09 0E 25 A5 09 01 31 06 81 45 FF F0 98 0F 9D 7F 31 (19)
                              [N9:P] TPOS 'E' 255 240 152 15 (-1009649)
2026-02-11 17:00:13:972 [IN ] C8 24 0B 0A 25 A5 0B 01 31 02 DE 03 20 D0 98 (15)
                              [N11:NG] NGSWSTATE 3 (3)
2026-02-11 17:00:13:994 [OUT] 25 A5 01 09 31 05 81 FF F0 A9 C8 21 31 (13)
                              [N9:P] TPOS 255 240 169 200 (-1005112)
2026-02-11 17:00:14:181 [IN ] C8 24 09 0E 25 A5 09 01 31 06 81 53 FF F0 98 0C A8 C2 31 (19)
                              [N9:P] TPOS 'S' 255 240 152 12 (-1009652)
2026-02-11 17:00:14:382 [IN ] C8 24 09 0E 25 A5 09 01 31 06 81 45 FF F0 AB 52 F3 E8 31 (19)
                              [N9:P] TPOS 'E' 255 240 171 82 (-1004718)
2026-02-11 17:00:14:605 [OUT] 25 A5 01 09 31 05 81 FF F0 BC E4 50 73 (13)
                              [N9:P] TPOS 255 240 188 228 (-1000220)
2026-02-11 17:00:14:774 [IN ] C8 24 09 0E 25 A5 09 01 31 06 81 (11)
2026-02-11 17:00:14:795 [IN ] 53 FF F0 AB 51 00 2D 31 (8)
                              [N9:P] TPOS 'S' 255 240 171 81 (-1004719)
2026-02-11 17:00:14:996 [IN ] C8 24 0B 0A 25 A5 0B 01 31 02 DE 03 20 D0 AB C8 24 09 0E 25 A5 09 01 31 06 81 45 FF F0 BE 88 3C 44 31 (34)
                              [N11:NG] NGSWSTATE 3 (3)
                              [N9:P] TPOS 'E' 255 240 190 136 (-999800)
2026-02-11 17:00:15:218 [OUT] 25 A5 01 09 31 05 81 FF F0 D0 01 81 B8 (13)
                              [N9:P] TPOS 255 240 208 1 (-995327)
2026-02-11 17:00:15:407 [IN ] C8 24 09 0E 25 A5 09 01 31 06 81 53 FF F0 BE 87 49 89 31 (19)
                              [N9:P] TPOS 'S' 255 240 190 135 (-999801)
2026-02-11 17:00:15:608 [IN ] C8 24 09 0E 25 A5 09 01 31 06 81 45 FF F0 D1 E3 AA C5 31 (19)
                              [N9:P] TPOS 'E' 255 240 209 227 (-994845)
2026-02-11 17:00:15:830 [OUT] 25 A5 01 09 31 05 81 FF F0 E3 1D B0 FA (13)
                              [N9:P] TPOS 255 240 227 29 (-990435)
2026-02-11 17:00:15:894 [IN ] C8 24 0B 0A 25 A5 0B 01 31 02 DE 03 20 D0 D1 (15)
                              [N11:NG] NGSWSTATE 3 (3)
2026-02-11 17:00:16:020 [IN ] C8 24 09 0E 25 A5 09 01 31 06 81 53 FF F0 D1 E2 B7 0A 31 (19)
                              [N9:P] TPOS 'S' 255 240 209 226 (-994846)
2026-02-11 17:00:16:222 [IN ] C8 24 09 0E 25 A5 09 01 31 06 81 45 FF F0 E5 16 F1 20 31 (19)
                              [N9:P] TPOS 'E' 255 240 229 22 (-989930)
2026-02-11 17:00:16:444 [OUT] 25 A5 01 09 31 05 81 FF F0 F6 3A E0 3D (13)
                              [N9:P] TPOS 255 240 246 58 (-985542)
2026-02-11 17:00:16:611 [IN ] C8 24 09 0E 25 A5 09 01 31 06 81 53 FF F0 E5 (15)
2026-02-11 17:00:16:633 [IN ] 14 FD 64 31 (4)
                              [N9:P] TPOS 'S' 255 240 229 20 (-989932)
2026-02-11 17:00:16:834 [IN ] C8 24 09 0E 25 A5 09 01 31 06 81 45 FF F0 F8 3C 2A 6C 31 (19)
                              [N9:P] TPOS 'E' 255 240 248 60 (-985028)
2026-02-11 17:00:17:035 [IN ] C8 24 0B 0A 25 A5 0B 01 31 02 DE 03 20 D0 F8 (15)
                              [N11:NG] NGSWSTATE 3 (3)
2026-02-11 17:00:17:056 [OUT] 25 A5 01 09 31 05 81 FF F1 09 56 10 82 (13)
                              [N9:P] TPOS 255 241 9 86 (-980650)
2026-02-11 17:00:17:244 [IN ] C8 24 09 0E 25 A5 09 01 31 06 81 53 FF F0 F8 3B 37 B1 31 (19)
                              [N9:P] TPOS 'S' 255 240 248 59 (-985029)
2026-02-11 17:00:17:444 [IN ] C8 24 09 0E 25 A5 09 01 31 06 81 45 FF F1 0B 60 62 B9 31 (19)
                              [N9:P] TPOS 'E' 255 241 11 96 (-980128)
2026-02-11 17:00:17:666 [OUT] 25 A5 01 09 31 05 81 FF F1 1C 72 3F C4 (13)
                              [N9:P] TPOS 255 241 28 114 (-975758)
2026-02-11 17:00:17:855 [IN ] C8 24 09 0E 25 A5 09 01 31 06 81 53 FF F1 0B 5F 6F FE 31 (19)
                              [N9:P] TPOS 'S' 255 241 11 95 (-980129)
2026-02-11 17:00:18:058 [IN ] C8 24 0B 0A 25 A5 0B 01 31 02 DE 03 20 D0 0B C8 24 09 0E 25 A5 09 01 31 06 81 45 FF F1 1E 47 5C C6 31 (34)
                              [N11:NG] NGSWSTATE 3 (3)
                              [N9:P] TPOS 'E' 255 241 30 71 (-975289)
2026-02-11 17:00:18:281 [OUT] 25 A5 01 09 31 05 81 FF F1 2F 8F 6F 07 (13)
                              [N9:P] TPOS 255 241 47 143 (-970865)
2026-02-11 17:00:18:470 [IN ] C8 24 09 0E 25 (5)
2026-02-11 17:00:18:491 [IN ] A5 09 01 31 06 81 53 FF F1 1E 45 68 0A 31 (14)
                              [N9:P] TPOS 'S' 255 241 30 69 (-975291)
2026-02-11 17:00:18:692 [IN ] C8 24 09 0E 25 A5 09 01 31 06 81 45 FF F1 31 40 68 E5 31 (19)
                              [N9:P] TPOS 'E' 255 241 49 64 (-970432)
2026-02-11 17:00:18:914 [OUT] 25 A5 01 09 31 05 81 FF F1 42 AB 9E 49 (13)
                              [N9:P] TPOS 255 241 66 171 (-965973)
2026-02-11 17:00:18:914 [IN ] C8 24 0B 0A 25 A5 0B 01 31 02 DE 03 20 D0 31 (15)
                              [N11:NG] NGSWSTATE 3 (3)
2026-02-11 17:00:19:104 [IN ] C8 24 09 0E 25 A5 09 01 31 06 81 53 FF F1 31 3C 72 27 31 (19)
                              [N9:P] TPOS 'S' 255 241 49 60 (-970436)
2026-02-11 17:00:19:305 [IN ] C8 24 09 0E 25 A5 09 01 31 06 81 45 FF F1 44 51 8C 1C 31 (19)
                              [N9:P] TPOS 'E' 255 241 68 81 (-965551)
2026-02-11 17:00:19:527 [OUT] 25 A5 01 09 31 05 81 FF F1 55 C8 CE 8C (13)
                              [N9:P] TPOS 255 241 85 200 (-961080)
2026-02-11 17:00:19:697 [IN ] C8 24 09 0E 25 A5 09 01 31 06 81 53 FF F1 44 4F 98 60 31 (19)
                              [N9:P] TPOS 'S' 255 241 68 79 (-965553)
2026-02-11 17:00:19:899 [IN ] C8 24 09 0E 25 A5 09 01 31 06 81 45 FF F1 57 47 95 38 31 (19)
                              [N9:P] TPOS 'E' 255 241 87 71 (-960697)
2026-02-11 17:00:20:100 [IN ] C8 24 0B 0A 25 A5 0B 01 31 02 DE 03 20 D0 57 (15)
                              [N11:NG] NGSWSTATE 3 (3)
2026-02-11 17:00:20:122 [OUT] 25 A5 01 09 31 05 81 FF F1 68 E4 FD CE (13)
                              [N9:P] TPOS 255 241 104 228 (-956188)
2026-02-11 17:00:20:311 [IN ] C8 24 09 0E 25 A5 09 01 (8)
2026-02-11 17:00:20:334 [IN ] 31 06 81 53 FF F1 57 45 A1 7C 31 (11)
                              [N9:P] TPOS 'S' 255 241 87 69 (-960699)
2026-02-11 17:00:20:536 [IN ] C8 24 09 0E 25 A5 09 01 31 06 81 45 FF F1 6A 1B 7C 32 31 (19)
                              [N9:P] TPOS 'E' 255 241 106 27 (-955877)
2026-02-11 17:00:20:759 [OUT] 25 A5 01 09 31 05 81 FF F1 7C 01 2E 13 (13)
                              [N9:P] TPOS 255 241 124 1 (-951295)
2026-02-11 17:00:20:927 [IN ] C8 24 0B 0A 25 A5 0B 01 31 02 DE 03 20 D0 6A (15)
                              [N11:NG] NGSWSTATE 3 (3)
2026-02-11 17:00:20:948 [IN ] C8 24 09 0E 25 A5 09 01 31 06 81 53 FF F1 6A 18 87 75 31 (19)
                              [N9:P] TPOS 'S' 255 241 106 24 (-955880)
2026-02-11 17:00:21:149 [IN ] C8 24 09 0E 25 A5 09 01 31 06 81 45 FF F1 7D 2B 9F 68 31 (19)
                              [N9:P] TPOS 'E' 255 241 125 43 (-950997)
2026-02-11 17:00:21:371 [OUT] 25 A5 01 09 31 05 81 FF F1 8F 1D 5D 55 (13)
                              [N9:P] TPOS 255 241 143 29 (-946403)
2026-02-11 17:00:21:559 [IN ] C8 24 09 0E 25 A5 09 01 31 06 81 53 FF F1 7D 29 AB AC 31 (19)
                              [N9:P] TPOS 'S' 255 241 125 41 (-950999)
2026-02-11 17:00:21:761 [IN ] C8 24 09 0E 25 A5 09 01 31 06 81 45 FF F1 90 85 0C E8 31 (19)
                              [N9:P] TPOS 'E' 255 241 144 133 (-946043)
2026-02-11 17:00:21:963 [IN ] C8 24 0B 0A 25 A5 0B 01 31 02 DE 03 20 D0 90 (15)
                              [N11:NG] NGSWSTATE 3 (3)
2026-02-11 17:00:21:984 [OUT] 25 A5 01 09 31 05 81 FF F1 A2 3A 8D 98 (13)
                              [N9:P] TPOS 255 241 162 58 (-941510)
2026-02-11 17:00:22:174 [IN ] C8 24 09 0E 25 A5 09 01 31 06 81 53 FF F1 90 83 18 2C 31 (19)
                              [N9:P] TPOS 'S' 255 241 144 131 (-946045)
2026-02-11 17:00:22:376 [IN ] C8 24 09 0E 25 A5 09 01 31 06 81 45 FF F1 A3 D3 6D 5C 31 (19)
                              [N9:P] TPOS 'E' 255 241 163 211 (-941101)
2026-02-11 17:00:22:598 [OUT] 25 A5 01 09 31 05 81 FF F1 B5 56 BC DA (13)
                              [N9:P] TPOS 255 241 181 86 (-936618)
2026-02-11 17:00:22:786 [IN ] C8 24 09 0E 25 A5 09 01 31 06 81 53 FF F1 A3 D1 79 A0 31 (19)
                              [N9:P] TPOS 'S' 255 241 163 209 (-941103)
2026-02-11 17:00:22:987 [IN ] C8 24 09 0E 25 A5 09 01 31 06 81 45 FF F1 B6 EB 98 9A 31 C8 24 0B 0A 25 A5 0B 01 31 02 DE 03 20 D0 B6 (34)
                              [N9:P] TPOS 'E' 255 241 182 235 (-936213)
                              [N11:NG] NGSWSTATE 3 (3)
2026-02-11 17:00:23:210 [OUT] 25 A5 01 09 31 05 81 FF F1 C8 72 EB 1C (13)
                              [N9:P] TPOS 255 241 200 114 (-931726)
2026-02-11 17:00:23:401 [IN ] C8 24 09 0E 25 A5 09 01 31 06 81 53 FF F1 B6 E9 A4 DE 31 (19)
                              [N9:P] TPOS 'S' 255 241 182 233 (-936215)
2026-02-11 17:00:23:603 [IN ] C8 24 09 0E 25 A5 09 01 31 06 81 45 FF F1 CA 29 EA 00 31 (19)
                              [N9:P] TPOS 'E' 255 241 202 41 (-931287)
2026-02-11 17:00:23:825 [OUT] 25 A5 01 09 31 05 81 FF F1 DB 8F 1B 5F (13)
                              [N9:P] TPOS 255 241 219 143 (-926833)
2026-02-11 17:00:23:951 [IN ] C8 24 0B 0A 25 A5 0B 01 31 02 DE 03 20 (13)
2026-02-11 17:00:23:973 [IN ] D0 CA (2)
                              [N11:NG] NGSWSTATE 3 (3)
2026-02-11 17:00:23:995 [IN ] C8 (1)
2026-02-11 17:00:24:016 [IN ] 24 09 0E 25 A5 09 01 31 06 81 53 FF F1 CA 28 F7 45 31 (18)
                              [N9:P] TPOS 'S' 255 241 202 40 (-931288)
2026-02-11 17:00:24:217 [IN ] C8 24 09 0E 25 A5 09 01 31 06 81 45 FF F1 DD 4C 20 49 31 (19)
                              [N9:P] TPOS 'E' 255 241 221 76 (-926388)
2026-02-11 17:00:24:440 [OUT] 25 A5 01 09 31 05 81 FF F1 EE AB 4A A1 (13)
                              [N9:P] TPOS 255 241 238 171 (-921941)
2026-02-11 17:00:24:630 [IN ] C8 24 09 0E 25 A5 09 01 31 06 81 53 FF F1 DD 4A 2C 8D 31 (19)
                              [N9:P] TPOS 'S' 255 241 221 74 (-926390)
2026-02-11 17:00:24:831 [IN ] C8 24 09 0E 25 A5 09 01 31 06 81 45 FF F1 F0 79 60 9C 31 (19)
                              [N9:P] TPOS 'E' 255 241 240 121 (-921479)
2026-02-11 17:00:25:033 [IN ] C8 24 0B 0A 25 A5 0B 01 31 02 DE 03 20 D0 F0 (15)
                              [N11:NG] NGSWSTATE 3 (3)
2026-02-11 17:00:25:054 [OUT] 25 A5 01 09 31 05 81 FF F2 01 C8 7B E7 (13)
                              [N9:P] TPOS 255 242 1 200 (-917048)
2026-02-11 17:00:25:223 [IN ] C8 24 09 0E 25 A5 09 01 31 06 81 53 FF F1 F0 78 6D E1 31 (19)
                              [N9:P] TPOS 'S' 255 241 240 120 (-921480)
2026-02-11 17:00:25:424 [IN ] C8 24 09 0E 25 A5 09 01 31 06 81 45 FF F2 03 B1 AC FD 31 (19)
                              [N9:P] TPOS 'E' 255 242 3 177 (-916559)
2026-02-11 17:00:25:646 [OUT] 25 A5 01 09 31 05 81 FF F2 14 E4 AA 29 (13)
                              [N9:P] TPOS 255 242 20 228 (-912156)
2026-02-11 17:00:25:813 [IN ] C8 24 09 0E 25 A5 09 01 31 06 81 53 FF F2 03 (15)
2026-02-11 17:00:25:835 [IN ] B0 B9 42 31 (4)
                              [N9:P] TPOS 'S' 255 242 3 176 (-916560)
2026-02-11 17:00:26:036 [IN ] C8 24 09 0E 25 A5 09 01 31 06 81 45 FF F2 16 BE CC 30 31 C8 24 0B 0A 25 A5 0B 01 31 02 DE 03 20 D0 16 (34)
                              [N9:P] TPOS 'E' 255 242 22 190 (-911682)
                              [N11:NG] NGSWSTATE 3 (3)
2026-02-11 17:00:26:259 [OUT] 25 A5 01 09 31 05 81 FF F2 28 01 DB 6E (13)
                              [N9:P] TPOS 255 242 40 1 (-907263)
2026-02-11 17:00:26:448 [IN ] C8 24 09 0E 25 A5 09 01 31 06 81 53 FF F2 16 BD D9 75 31 (19)
                              [N9:P] TPOS 'S' 255 242 22 189 (-911683)
2026-02-11 17:00:26:650 [IN ] C8 24 09 0E 25 A5 09 01 31 06 81 45 FF F2 29 CA EB 62 31 (19)
                              [N9:P] TPOS 'E' 255 242 41 202 (-906806)
2026-02-11 17:00:26:873 [OUT] 25 A5 01 09 31 05 81 FF F2 3B 1D 0A B0 (13)
                              [N9:P] TPOS 255 242 59 29 (-902371)
2026-02-11 17:00:26:978 [IN ] C8 24 0B 0A 25 A5 0B 01 31 02 DE 03 20 D0 29 (15)
                              [N11:NG] NGSWSTATE 3 (3)
2026-02-11 17:00:27:042 [IN ] C8 24 09 0E 25 A5 09 01 31 06 81 53 FF F2 29 C9 F8 A7 31 (19)
                              [N9:P] TPOS 'S' 255 242 41 201 (-906807)
2026-02-11 17:00:27:243 [IN ] C8 24 09 0E 25 A5 09 01 31 06 81 45 FF F2 3C 8E C2 4C 31 (19)
                              [N9:P] TPOS 'E' 255 242 60 142 (-902002)
2026-02-11 17:00:27:465 [OUT] 25 A5 01 09 31 05 81 FF F2 4E 3A 3A F3 (13)
                              [N9:P] TPOS 255 242 78 58 (-897478)
2026-02-11 17:00:27:634 [IN ] C8 24 09 0E 25 A5 09 01 31 06 81 53 FF F2 3C 8C CE 90 31 (19)
                              [N9:P] TPOS 'S' 255 242 60 140 (-902004)
2026-02-11 17:00:27:836 [IN ] C8 24 09 0E 25 A5 09 01 31 06 81 45 FF F2 4F 89 D0 6D 31 (19)
                              [N9:P] TPOS 'E' 255 242 79 137 (-897143)
2026-02-11 17:00:28:037 [IN ] C8 24 0B 0A 25 A5 0B 01 31 02 DE 03 20 D0 4F (15)
                              [N11:NG] NGSWSTATE 3 (3)
2026-02-11 17:00:28:058 [OUT] 25 A5 01 09 31 05 81 FF F2 61 56 69 35 (13)
                              [N9:P] TPOS 255 242 97 86 (-892586)
2026-02-11 17:00:28:246 [IN ] C8 24 09 0E 25 A5 09 01 31 06 81 53 FF F2 4F 87 DC B1 31 (19)
                              [N9:P] TPOS 'S' 255 242 79 135 (-897145)
2026-02-11 17:00:28:447 [IN ] C8 24 09 0E 25 A5 09 01 31 06 81 45 FF F2 62 A3 FD AD 31 (19)
                              [N9:P] TPOS 'E' 255 242 98 163 (-892253)
2026-02-11 17:00:28:670 [OUT] 25 A5 01 09 31 05 81 FF F2 74 72 98 77 (13)
                              [N9:P] TPOS 255 242 116 114 (-887694)
2026-02-11 17:00:28:857 [IN ] C8 24 09 0E 25 A5 09 01 31 06 81 53 FF F2 62 A0 08 F0 31 (19)
                              [N9:P] TPOS 'S' 255 242 98 160 (-892256)
2026-02-11 17:00:29:058 [IN ] C8 24 09 0E 25 A5 09 01 31 06 81 45 FF F2 75 89 F6 B9 31 C8 24 0B 0A 25 A5 0B 01 31 02 DE 03 20 D0 75 (34)
                              [N9:P] TPOS 'E' 255 242 117 137 (-887415)
                              [N11:NG] NGSWSTATE 3 (3)
2026-02-11 17:00:29:280 [OUT] 25 A5 01 09 31 05 81 FF F2 87 8F C8 BA (13)
                              [N9:P] TPOS 255 242 135 143 (-882801)
2026-02-11 17:00:29:468 [IN ] C8 24 09 0E 25 A5 09 01 31 06 81 53 FF F2 75 85 00 FB 31 (19)
                              [N9:P] TPOS 'S' 255 242 117 133 (-887419)
2026-02-11 17:00:29:669 [IN ] C8 24 09 0E 25 A5 09 01 31 06 81 45 FF F2 88 97 17 ED 31 (19)
                              [N9:P] TPOS 'E' 255 242 136 151 (-882537)
2026-02-11 17:00:29:892 [OUT] 25 A5 01 09 31 05 81 FF F2 9A AB F7 FC (13)
                              [N9:P] TPOS 255 242 154 171 (-877909)
2026-02-11 17:00:30:017 [IN ] C8 24 0B 0A 25 A5 0B 01 31 02 DE 03 20 D0 88 (15)
                              [N11:NG] NGSWSTATE 3 (3)
2026-02-11 17:00:30:080 [IN ] C8 24 09 0E 25 A5 09 01 31 06 81 53 FF F2 88 94 22 30 31 (19)
                              [N9:P] TPOS 'S' 255 242 136 148 (-882540)
2026-02-11 17:00:30:283 [IN ] C8 24 09 0E 25 A5 09 01 31 06 81 45 FF F2 9C 06 9A 84 31 (19)
                              [N9:P] TPOS 'E' 255 242 156 6 (-877562)
2026-02-11 17:00:30:505 [OUT] 25 A5 01 09 31 05 81 FF F2 AD C8 27 3F (13)
                              [N9:P] TPOS 255 242 173 200 (-873016)
2026-02-11 17:00:30:694 [IN ] C8 24 09 0E 25 A5 09 01 31 06 81 53 FF F2 9C 02 A4 C6 31 (19)
                              [N9:P] TPOS 'S' 255 242 156 2 (-877566)
2026-02-11 17:00:30:895 [IN ] C8 24 09 0E 25 A5 09 01 31 06 81 45 FF F2 AF 39 E0 DD 31 (19)
                              [N9:P] TPOS 'E' 255 242 175 57 (-872647)
2026-02-11 17:00:31:097 [IN ] C8 24 0B 0A 25 A5 0B 01 31 02 DE 03 20 D0 AF (15)
                              [N11:NG] NGSWSTATE 3 (3)
2026-02-11 17:00:31:118 [OUT] 25 A5 01 09 31 05 81 FF F2 C0 E4 56 81 (13)
                              [N9:P] TPOS 255 242 192 228 (-868124)
2026-02-11 17:00:31:306 [IN ] C8 24 09 0E 25 A5 09 01 31 06 81 53 FF F2 AF 37 EC 21 31 (19)
                              [N9:P] TPOS 'S' 255 242 175 55 (-872649)
2026-02-11 17:00:31:509 [IN ] C8 24 09 0E 25 A5 09 01 31 06 81 45 FF F2 C2 81 3B 4B 31 (19)
                              [N9:P] TPOS 'E' 255 242 194 129 (-867711)
2026-02-11 17:00:31:730 [OUT] 25 A5 01 09 31 05 81 FF F2 D4 01 87 C6 (13)
                              [N9:P] TPOS 255 242 212 1 (-863231)
2026-02-11 17:00:31:919 [IN ] C8 24 09 0E 25 A5 09 01 31 06 81 53 FF F2 C2 7F 47 8F 31 (19)
                              [N9:P] TPOS 'S' 255 242 194 127 (-867713)
2026-02-11 17:00:32:119 [IN ] C8 24 0B 0A 25 A5 0B 01 31 02 DE 03 20 D0 C2 C8 24 09 0E 25 A5 09 01 31 06 81 45 FF F2 D5 BD 8A AD 31 (34)
                              [N11:NG] NGSWSTATE 3 (3)
                              [N9:P] TPOS 'E' 255 242 213 189 (-862787)
2026-02-11 17:00:32:341 [OUT] 25 A5 01 09 31 05 81 FF F2 E7 1D B6 08 (13)
                              [N9:P] TPOS 255 242 231 29 (-858339)
2026-02-11 17:00:32:530 [IN ] C8 24 09 0E 25 A5 09 01 31 06 81 53 FF F2 D5 BC 97 F2 31 (19)
                              [N9:P] TPOS 'S' 255 242 213 188 (-862788)
2026-02-11 17:00:32:731 [IN ] C8 24 09 0E 25 A5 09 01 31 06 81 45 FF F2 E9 20 01 38 31 (19)
                              [N9:P] TPOS 'E' 255 242 233 32 (-857824)
2026-02-11 17:00:32:953 [OUT] 25 A5 01 09 31 05 81 FF F2 FA 3A E6 4B (13)
                              [N9:P] TPOS 255 242 250 58 (-853446)
2026-02-11 17:00:33:038 [IN ] C8 24 0B 0A 25 A5 0B 01 31 02 DE 03 20 D0 E9 (15)
                              [N11:NG] NGSWSTATE 3 (3)
2026-02-11 17:00:33:146 [IN ] C8 24 09 0E 25 A5 09 01 31 06 81 53 FF F2 E9 1F 0E 7D 31 (19)
                              [N9:P] TPOS 'S' 255 242 233 31 (-857825)
2026-02-11 17:00:33:347 [IN ] C8 24 09 0E 25 A5 09 01 31 06 81 45 FF F2 FC 3C 30 7A 31 (19)
                              [N9:P] TPOS 'E' 255 242 252 60 (-852932)
2026-02-11 17:00:33:569 [OUT] 25 A5 01 09 31 05 81 FF F3 0D 56 16 90 (13)
                              [N9:P] TPOS 255 243 13 86 (-848554)
2026-02-11 17:00:33:758 [IN ] C8 24 09 0E 25 A5 09 01 31 06 81 53 FF F2 FC 3B 3D BF 31 (19)
                              [N9:P] TPOS 'S' 255 242 252 59 (-852933)
2026-02-11 17:00:33:959 [IN ] C8 24 09 0E 25 A5 09 01 31 06 81 45 FF F3 0F 2F 37 96 31 (19)
                              [N9:P] TPOS 'E' 255 243 15 47 (-848081)
2026-02-11 17:00:34:160 [IN ] C8 24 0B 0A 25 A5 0B 01 31 02 DE 03 20 D0 0F (15)
                              [N11:NG] NGSWSTATE 3 (3)
2026-02-11 17:00:34:182 [OUT] 25 A5 01 09 31 05 81 FF F3 20 72 45 D2 (13)
                              [N9:P] TPOS 255 243 32 114 (-843662)
2026-02-11 17:00:34:371 [IN ] C8 24 09 0E 25 A5 09 01 31 06 81 53 FF F3 0F 2E 44 DB 31 (19)
                              [N9:P] TPOS 'S' 255 243 15 46 (-848082)
2026-02-11 17:00:34:573 [IN ] C8 24 09 0E 25 A5 09 01 31 06 81 45 FF F3 22 51 6C DE 31 (19)
                              [N9:P] TPOS 'E' 255 243 34 81 (-843183)
2026-02-11 17:00:34:795 [OUT] 25 A5 01 09 31 05 81 FF F3 33 8F 75 15 (13)
                              [N9:P] TPOS 255 243 51 143 (-838769)
2026-02-11 17:00:34:984 [IN ] C8 24 09 0E 25 A5 09 01 31 06 81 53 FF F3 22 4F 78 22 31 (19)
                              [N9:P] TPOS 'S' 255 243 34 79 (-843185)
2026-02-11 17:00:35:186 [IN ] C8 24 0B 0A 25 A5 0B 01 31 02 DE 03 20 D0 22 C8 24 09 0E 25 A5 09 01 31 06 81 45 FF F3 35 35 63 E8 31 (34)
                              [N11:NG] NGSWSTATE 3 (3)
                              [N9:P] TPOS 'E' 255 243 53 53 (-838347)
2026-02-11 17:00:35:409 [OUT] 25 A5 01 09 31 05 81 FF F3 46 AB A4 57 (13)
                              [N9:P] TPOS 255 243 70 171 (-833877)
2026-02-11 17:00:35:598 [IN ] C8 24 09 0E 25 A5 09 01 31 06 81 53 FF F3 35 33 6F 2C 31 (19)
                              [N9:P] TPOS 'S' 255 243 53 51 (-838349)
2026-02-11 17:00:35:799 [IN ] C8 24 09 0E 25 A5 09 01 31 06 81 45 FF F3 48 19 5A F2 31 (19)
                              [N9:P] TPOS 'E' 255 243 72 25 (-833511)
2026-02-11 17:00:36:022 [OUT] 25 A5 01 09 31 05 81 FF F3 59 C8 D4 9A (13)
                              [N9:P] TPOS 255 243 89 200 (-828984)
2026-02-11 17:00:36:043 [IN ] C8 24 0B 0A 25 A5 0B 01 31 02 DE 03 20 D0 48 (15)
                              [N11:NG] NGSWSTATE 3 (3)
2026-02-11 17:00:36:210 [IN ] C8 24 09 0E 25 A5 09 01 31 06 81 53 FF F3 48 18 67 37 31 (19)
                              [N9:P] TPOS 'S' 255 243 72 24 (-833512)
2026-02-11 17:00:36:411 [IN ] C8 24 09 0E 25 A5 09 01 31 06 81 45 FF F3 5B 47 9B 46 31 (19)
                              [N9:P] TPOS 'E' 255 243 91 71 (-828601)
2026-02-11 17:00:36:634 [OUT] 25 A5 01 09 31 05 81 FF F3 6C E4 03 DC (13)
                              [N9:P] TPOS 255 243 108 228 (-824092)
2026-02-11 17:00:36:822 [IN ] C8 24 09 0E 25 A5 09 01 31 06 81 53 FF F3 5B 45 A7 8A 31 (19)
                              [N9:P] TPOS 'S' 255 243 91 69 (-828603)
2026-02-11 17:00:37:023 [IN ] C8 24 09 0E 25 A5 09 01 31 06 81 45 FF F3 6E 2B 92 50 31 (19)
                              [N9:P] TPOS 'E' 255 243 110 43 (-823765)
2026-02-11 17:00:37:225 [IN ] C8 24 0B 0A 25 A5 0B 01 31 02 DE 03 20 D0 6E (15)
                              [N11:NG] NGSWSTATE 3 (3)
2026-02-11 17:00:37:248 [OUT] 25 A5 01 09 31 05 81 FF F3 80 01 34 21 (13)
                              [N9:P] TPOS 255 243 128 1 (-819199)
2026-02-11 17:00:37:437 [IN ] C8 24 09 0E 25 A5 09 01 31 06 81 53 FF F3 6E 27 9C 92 31 (19)
                              [N9:P] TPOS 'S' 255 243 110 39 (-823769)
2026-02-11 17:00:37:639 [IN ] C8 24 09 0E 25 A5 09 01 31 06 81 45 FF F3 81 18 92 63 31 (19)
                              [N9:P] TPOS 'E' 255 243 129 24 (-818920)
2026-02-11 17:00:37:861 [OUT] 25 A5 01 09 31 05 81 FF F3 93 1D 63 63 (13)
                              [N9:P] TPOS 255 243 147 29 (-814307)
2026-02-11 17:00:38:051 [IN ] C8 24 09 0E 25 A5 09 01 31 06 81 53 FF F3 81 16 9E A7 31 (19)
                              [N9:P] TPOS 'S' 255 243 129 22 (-818922)
2026-02-11 17:00:38:252 [IN ] C8 24 0B 0A 25 A5 0B 01 31 02 DE 03 20 D0 81 C8 24 09 0E 25 A5 09 01 31 06 81 45 FF F3 93 F1 7D 60 31 (34)
                              [N11:NG] NGSWSTATE 3 (3)
                              [N9:P] TPOS 'E' 255 243 147 241 (-814095)
2026-02-11 17:00:38:474 [OUT] 25 A5 01 09 31 05 81 FF F3 A6 3A 93 A6 (13)
                              [N9:P] TPOS 255 243 166 58 (-809414)
2026-02-11 17:00:38:664 [IN ] C8 24 09 0E 25 A5 09 01 31 06 81 53 FF F3 93 EE 88 A3 31 (19)
                              [N9:P] TPOS 'S' 255 243 147 238 (-814098)
2026-02-11 17:00:38:865 [IN ] C8 24 09 0E 25 A5 09 01 31 06 81 45 FF F3 A7 53 F3 EA 31 (19)
                              [N9:P] TPOS 'E' 255 243 167 83 (-809133)
2026-02-11 17:00:39:087 [OUT] 25 A5 01 09 31 05 81 FF F3 B9 56 C2 E8 (13)
                              [N9:P] TPOS 255 243 185 86 (-804522)
2026-02-11 17:00:39:088 [IN ] C8 24 0B 0A 25 A5 0B 01 31 02 DE 03 20 D0 A7 (15)
                              [N11:NG] NGSWSTATE 3 (3)
2026-02-11 17:00:39:276 [IN ] C8 24 09 0E 25 A5 09 01 31 06 81 53 FF F3 A7 4F FD 2C 31 (19)
                              [N9:P] TPOS 'S' 255 243 167 79 (-809137)
2026-02-11 17:00:39:477 [IN ] C8 24 09 0E 25 A5 09 01 31 06 81 45 FF F3 BA 93 46 50 31 (19)
                              [N9:P] TPOS 'E' 255 243 186 147 (-804205)
2026-02-11 17:00:39:698 [OUT] 25 A5 01 09 31 05 81 FF F3 CC 72 F1 2A (13)
                              [N9:P] TPOS 255 243 204 114 (-799630)
2026-02-11 17:00:39:886 [IN ] C8 24 09 0E 25 A5 09 01 31 06 81 53 FF F3 BA 90 51 93 31 (19)
                              [N9:P] TPOS 'S' 255 243 186 144 (-804208)
2026-02-11 17:00:40:088 [IN ] C8 24 09 0E 25 A5 09 01 31 06 81 45 FF F3 CD E6 AC C9 31 C8 24 0B 0A 25 A5 0B 01 31 02 DE 03 20 D0 CD (34)
                              [N9:P] TPOS 'E' 255 243 205 230 (-799258)
                              [N11:NG] NGSWSTATE 3 (3)
2026-02-11 17:00:40:310 [OUT] 25 A5 01 09 31 05 81 FF F3 DF 8F 21 6D (13)
                              [N9:P] TPOS 255 243 223 143 (-794737)
2026-02-11 17:00:40:498 [IN ] C8 24 09 0E 25 A5 09 01 31 06 81 53 FF F3 CD E2 B6 0B 31 (19)
                              [N9:P] TPOS 'S' 255 243 205 226 (-799262)
2026-02-11 17:00:40:699 [IN ] C8 24 09 0E 25 A5 09 01 31 06 81 45 FF F3 E1 38 12 43 31 (19)
                              [N9:P] TPOS 'E' 255 243 225 56 (-794312)
2026-02-11 17:00:40:921 [OUT] 25 A5 01 09 31 05 81 FF F3 F2 AB 50 AF (13)
                              [N9:P] TPOS 255 243 242 171 (-789845)
2026-02-11 17:00:41:110 [IN ] C8 24 09 0E 25 A5 09 01 31 06 81 53 FF F3 E1 36 1E 87 31 C8 24 0B 0A 25 A5 0B 01 31 02 DE 03 20 D0 E1 (34)
                              [N9:P] TPOS 'S' 255 243 225 54 (-794314)
                              [N11:NG] NGSWSTATE 3 (3)
2026-02-11 17:00:41:311 [IN ] C8 24 09 0E 25 A5 09 01 31 06 81 45 FF F3 F4 8E 7B BF 31 (19)
                              [N9:P] TPOS 'E' 255 243 244 142 (-789362)
2026-02-11 17:00:41:534 [OUT] 25 A5 01 09 31 05 81 FF F4 05 C8 81 F5 (13)
                              [N9:P] TPOS 255 244 5 200 (-784952)
2026-02-11 17:00:41:721 [IN ] C8 24 09 0E 25 A5 09 01 31 06 81 53 FF F3 F4 8D 88 04 31 (19)
                              [N9:P] TPOS 'S' 255 243 244 141 (-789363)
2026-02-11 17:00:41:922 [IN ] C8 24 09 0E 25 A5 09 01 31 06 81 45 FF F4 07 B2 B3 0C 31 (19)
                              [N9:P] TPOS 'E' 255 244 7 178 (-784462)
2026-02-11 17:00:42:123 [IN ] C8 24 0B 0A 25 A5 0B 01 31 02 DE 03 20 D0 07 (15)
                              [N11:NG] NGSWSTATE 3 (3)
2026-02-11 17:00:42:145 [OUT] 25 A5 01 09 31 05 81 FF F4 18 E4 B0 37 (13)
                              [N9:P] TPOS 255 244 24 228 (-780060)
2026-02-11 17:00:42:333 [IN ] C8 24 09 0E 25 A5 09 01 31 06 81 53 FF F4 07 B1 C0 51 31 (19)
                              [N9:P] TPOS 'S' 255 244 7 177 (-784463)
2026-02-11 17:00:42:535 [IN ] C8 24 09 0E 25 A5 09 01 31 06 81 45 FF F4 1A DA EE 5A 31 (19)
                              [N9:P] TPOS 'E' 255 244 26 218 (-779558)
2026-02-11 17:00:42:758 [OUT] 25 A5 01 09 31 05 81 FF F4 2C 01 E1 7C (13)
                              [N9:P] TPOS 255 244 44 1 (-775167)
2026-02-11 17:00:42:947 [IN ] C8 24 09 0E 25 A5 09 01 31 06 81 53 FF F4 1A D8 FA 9E 31 (19)
                              [N9:P] TPOS 'S' 255 244 26 216 (-779560)
2026-02-11 17:00:43:148 [IN ] C8 24 09 0E 25 A5 09 01 31 06 81 45 FF F4 2D FA 21 A0 31 C8 24 0B 0A 25 A5 0B 01 31 02 DE 03 20 D0 2D (34)
                              [N9:P] TPOS 'E' 255 244 45 250 (-774662)
                              [N11:NG] NGSWSTATE 3 (3)
2026-02-11 17:00:43:371 [OUT] 25 A5 01 09 31 05 81 FF F4 3F 1D 10 BE (13)
                              [N9:P] TPOS 255 244 63 29 (-770275)
2026-02-11 17:00:43:559 [IN ] C8 24 09 0E 25 A5 09 01 31 06 81 53 FF F4 2D F9 2E E5 31 (19)
                              [N9:P] TPOS 'S' 255 244 45 249 (-774663)
2026-02-11 17:00:43:760 [IN ] C8 24 09 0E 25 A5 09 01 31 06 81 45 FF F4 41 25 60 F3 31 (19)
                              [N9:P] TPOS 'E' 255 244 65 37 (-769755)
2026-02-11 17:00:43:982 [OUT] 25 A5 01 09 31 05 81 FF F4 52 3A 40 01 (13)
                              [N9:P] TPOS 255 244 82 58 (-765382)
2026-02-11 17:00:44:108 [IN ] C8 24 0B 0A 25 A5 0B 01 31 02 DE 03 20 D0 41 (15)
                              [N11:NG] NGSWSTATE 3 (3)
2026-02-11 17:00:44:171 [IN ] C8 24 09 0E 25 A5 09 01 31 06 81 53 FF F4 41 24 6D 38 31 (19)
                              [N9:P] TPOS 'S' 255 244 65 36 (-769756)
2026-02-11 17:00:44:372 [IN ] C8 24 09 0E 25 A5 09 01 31 06 81 45 FF F4 54 37 85 2B 31 (19)
                              [N9:P] TPOS 'E' 255 244 84 55 (-764873)
2026-02-11 17:00:44:594 [OUT] 25 A5 01 09 31 05 81 FF F4 65 56 6F 43 (13)
                              [N9:P] TPOS 255 244 101 86 (-760490)
2026-02-11 17:00:44:763 [IN ] C8 24 (2)
2026-02-11 17:00:44:784 [IN ] 09 0E 25 A5 09 01 31 06 81 53 FF F4 54 36 92 70 31 (17)
                              [N9:P] TPOS 'S' 255 244 84 54 (-764874)
2026-02-11 17:00:44:986 [IN ] C8 24 09 0E 25 A5 09 01 31 06 81 45 FF F4 66 FD 5D 15 31 (19)
                              [N9:P] TPOS 'E' 255 244 102 253 (-760067)
2026-02-11 17:00:45:188 [IN ] C8 24 0B 0A 25 A5 0B 01 31 02 DE 03 20 D0 66 (15)
                              [N11:NG] NGSWSTATE 3 (3)
2026-02-11 17:00:45:209 [OUT] 25 A5 01 09 31 05 81 FF F4 78 72 9E 85 (13)
                              [N9:P] TPOS 255 244 120 114 (-755598)
2026-02-11 17:00:45:397 [IN ] C8 24 09 0E 25 A5 09 01 31 06 81 53 FF F4 66 FB 69 59 31 (19)
                              [N9:P] TPOS 'S' 255 244 102 251 (-760069)
2026-02-11 17:00:45:599 [IN ] C8 24 09 0E 25 A5 09 01 31 06 81 45 FF F4 79 F5 68 33 31 (19)
                              [N9:P] TPOS 'E' 255 244 121 245 (-755211)
2026-02-11 17:00:45:822 [OUT] 25 A5 01 09 31 05 81 FF F4 8B 8F CE C8 (13)
                              [N9:P] TPOS 255 244 139 143 (-750705)
2026-02-11 17:00:46:011 [IN ] C8 24 09 0E 25 A5 09 01 31 06 81 53 FF F4 79 F4 75 78 31 (19)
                              [N9:P] TPOS 'S' 255 244 121 244 (-755212)
2026-02-11 17:00:46:212 [IN ] C8 24 09 0E 25 A5 09 01 31 06 81 45 FF F4 8C B9 3F 1D 31 C8 24 0B 0A 25 A5 0B 01 31 02 DE 03 20 D0 8C (34)
                              [N9:P] TPOS 'E' 255 244 140 185 (-750407)
                              [N11:NG] NGSWSTATE 3 (3)
2026-02-11 17:00:46:434 [OUT] 25 A5 01 09 31 05 81 FF F4 9E AB FD 0A (13)
                              [N9:P] TPOS 255 244 158 171 (-745813)
2026-02-11 17:00:46:602 [IN ] C8 24 09 0E 25 (5)
2026-02-11 17:00:46:623 [IN ] A5 09 01 31 06 81 53 FF F4 8C B8 4C 62 31 (14)
                              [N9:P] TPOS 'S' 255 244 140 184 (-750408)
2026-02-11 17:00:46:824 [IN ] C8 24 09 0E 25 A5 09 01 31 06 81 45 FF F4 9F 67 00 F1 31 (19)
                              [N9:P] TPOS 'E' 255 244 159 103 (-745625)
2026-02-11 17:00:47:046 [OUT] 25 A5 01 09 31 05 81 FF F4 B1 C8 2D 4D (13)
                              [N9:P] TPOS 255 244 177 200 (-740920)
2026-02-11 17:00:47:151 [IN ] C8 24 0B 0A 25 A5 0B 01 31 02 DE 03 20 D0 9F (15)
                              [N11:NG] NGSWSTATE 3 (3)
2026-02-11 17:00:47:235 [IN ] C8 24 09 0E 25 A5 09 01 31 06 81 53 FF F4 9F 64 0B 34 31 (19)
                              [N9:P] TPOS 'S' 255 244 159 100 (-745628)
2026-02-11 17:00:47:437 [IN ] C8 24 09 0E 25 A5 09 01 31 06 81 45 FF F4 B2 D5 81 85 31 (19)
                              [N9:P] TPOS 'E' 255 244 178 213 (-740651)
2026-02-11 17:00:47:659 [OUT] 25 A5 01 09 31 05 81 FF F4 C4 E4 5C 8F (13)
                              [N9:P] TPOS 255 244 196 228 (-736028)
2026-02-11 17:00:47:848 [IN ] C8 24 09 0E 25 A5 09 01 31 06 81 53 FF F4 B2 D0 8A C6 31 (19)
                              [N9:P] TPOS 'S' 255 244 178 208 (-740656)
2026-02-11 17:00:48:050 [IN ] C8 24 09 0E 25 A5 09 01 31 06 81 45 FF F4 C6 28 E8 00 31 (19)
                              [N9:P] TPOS 'E' 255 244 198 40 (-735704)
2026-02-11 17:00:48:251 [IN ] C8 24 0B 0A 25 A5 0B 01 31 02 DE 03 20 D0 C6 (15)
                              [N11:NG] NGSWSTATE 3 (3)
2026-02-11 17:00:48:272 [OUT] 25 A5 01 09 31 05 81 FF F4 D8 01 8D D4 (13)
                              [N9:P] TPOS 255 244 216 1 (-731135)
2026-02-11 17:00:48:440 [IN ] C8 24 09 0E 25 A5 (6)
2026-02-11 17:00:48:462 [IN ] 09 01 31 06 81 53 FF F4 C6 24 F2 42 31 (13)
                              [N9:P] TPOS 'S' 255 244 198 36 (-735708)
2026-02-11 17:00:48:663 [IN ] C8 24 09 0E 25 A5 09 01 31 06 81 45 FF F4 D9 5B 2E 59 31 (19)
                              [N9:P] TPOS 'E' 255 244 217 91 (-730789)
2026-02-11 17:00:48:885 [OUT] 25 A5 01 09 31 05 81 FF F4 EB 1D BC 16 (13)
                              [N9:P] TPOS 255 244 235 29 (-726243)
2026-02-11 17:00:49:073 [IN ] C8 24 09 0E 25 A5 09 01 31 06 81 53 FF F4 D9 57 38 9B 31 (19)
                              [N9:P] TPOS 'S' 255 244 217 87 (-730793)
2026-02-11 17:00:49:274 [IN ] C8 24 09 0E 25 A5 09 01 31 06 81 45 FF F4 EC A1 87 C5 31 (19)
                              [N9:P] TPOS 'E' 255 244 236 161 (-725855)
2026-02-11 17:00:49:496 [OUT] 25 A5 01 09 31 05 81 FF F4 FE 3A EC 59 (13)
                              [N9:P] TPOS 255 244 254 58 (-721350)
2026-02-11 17:00:49:665 [IN ] C8 24 09 0E 25 A5 09 01 31 06 81 53 FF F4 EC 9E 92 08 31 (19)
                              [N9:P] TPOS 'S' 255 244 236 158 (-725858)
2026-02-11 17:00:49:866 [IN ] C8 24 09 0E 25 A5 09 01 31 06 81 45 FF F4 FF EC E5 36 31 (19)
                              [N9:P] TPOS 'E' 255 244 255 236 (-720916)
2026-02-11 17:00:50:088 [OUT] 25 A5 01 09 31 05 81 FF F5 11 56 1C 9E (13)
                              [N9:P] TPOS 255 245 17 86 (-716458)
2026-02-11 17:00:50:256 [IN ] C8 24 09 0E 25 A5 09 01 31 06 81 53 FF F4 FF EA F1 7A 31 (19)
                              [N9:P] TPOS 'S' 255 244 255 234 (-720918)
2026-02-11 17:00:50:458 [IN ] C8 24 09 0E 25 A5 09 01 31 06 81 45 FF F5 13 14 22 89 31 (19)
                              [N9:P] TPOS 'E' 255 245 19 20 (-716012)
