2026-02-11 15:28:53:156 [OUT] 25 A5 01 0A 31 05 D6 3D FF 00 00 53 ED (13)
                              [N10:HMI] HMILED '=' 255 0 0 (16711680)
2026-02-11 15:28:53:178 [OUT] 25 A5 01 03 31 02 D8 3F 4E CE (10)
                              [N3:X] INTERRUPT '?'
2026-02-11 15:28:53:479 [IN ] C8 24 0A 0D 25 A5 0A 01 31 05 D6 3A FF 00 00 50 EA 5A C8 24 03 0C 25 A5 03 01 31 04 D8 3A 01 01 4D 6A EA (35)
                              [N10:HMI] HMILED ':' 255 0 0 (16711680)
                              [N3:X] INTERRUPT ':' 1 1 (257)
2026-02-11 15:28:53:501 [OUT] 25 A5 01 09 31 03 C9 3D 09 4D 1C (11)
                              [N9:P] LFLAG '=' 9 (9)
2026-02-11 15:28:53:524 [OUT] 25 A5 01 04 31 02 D8 3F 4F D3 (10)
                              [N4:Y] INTERRUPT '?'
2026-02-11 15:28:53:825 [IN ] C8 24 09 0B 25 A5 09 01 31 03 C9 3A 09 4A 1E 6A C8 24 04 0C 25 A5 04 01 31 04 D8 3A 01 01 4E 72 EA (33)
                              [N9:P] LFLAG ':' 9 (9)
                              [N4:Y] INTERRUPT ':' 1 1 (257)
2026-02-11 15:28:53:846 [OUT] 25 A5 01 09 31 03 CA 3D 09 4E 1F (11)
                              [N9:P] RFLAG '=' 9 (9)
2026-02-11 15:28:53:869 [OUT] 25 A5 01 0C 31 02 D8 3F 57 FB (10)
                              [N12:Z] INTERRUPT '?'
2026-02-11 15:28:54:170 [IN ] C8 24 09 0B 25 A5 09 01 31 03 CA 3A 09 4B 21 72 C8 24 0C 0C 25 A5 0C 01 31 04 D8 3A 01 01 56 B2 EA (33)
                              [N9:P] RFLAG ':' 9 (9)
                              [N12:Z] INTERRUPT ':' 1 1 (257)
2026-02-11 15:28:54:191 [OUT] 25 A5 01 08 31 03 C9 3D 09 4C 16 (11)
                              [N8:R] LFLAG '=' 9 (9)
2026-02-11 15:28:54:212 [OUT] 25 A5 01 03 31 03 C9 3D 0B 49 FA (11)
                              [N3:X] LFLAG '=' 11 (11)
2026-02-11 15:28:54:234 [OUT] 25 A5 01 04 31 03 C9 3D 0B 4A 00 (11)
                              [N4:Y] LFLAG '=' 11 (11)
2026-02-11 15:28:54:256 [OUT] 25 A5 01 0C 31 03 C9 3D 0B 52 30 (11)
                              [N12:Z] LFLAG '=' 11 (11)
2026-02-11 15:28:54:362 [IN ] C8 24 08 0B 25 A5 08 01 31 03 C9 3A 09 49 17 B2 (16)
                              [N8:R] LFLAG ':' 9 (9)
2026-02-11 15:28:54:384 [OUT] 25 A5 01 08 31 03 CA 3D 09 4D 19 (11)
                              [N8:R] RFLAG '=' 9 (9)
2026-02-11 15:28:54:468 [IN ] C8 24 03 0B 25 A5 03 01 31 03 C9 3A 0B 46 F6 B2 (16)
                              [N3:X] LFLAG ':' 11 (11)
2026-02-11 15:28:54:491 [OUT] 25 A5 01 03 31 03 88 00 50 10 02 (11)
                              [N3:X] RUN 0 80 (80)
2026-02-11 15:28:54:576 [IN ] C8 24 04 0B 25 A5 04 01 31 03 C9 3A 0B 47 FD B2 (16)
                              [N4:Y] LFLAG ':' 11 (11)
2026-02-11 15:28:54:600 [OUT] 25 A5 01 04 31 03 88 00 50 11 08 (11)
                              [N4:Y] RUN 0 80 (80)
2026-02-11 15:28:54:684 [IN ] C8 24 0C 0B 25 A5 0C 01 31 03 C9 3A 0B 4F 35 B2 (16)
                              [N12:Z] LFLAG ':' 11 (11)
2026-02-11 15:28:54:705 [OUT] 25 A5 01 0C 31 03 88 00 50 19 38 (11)
                              [N12:Z] RUN 0 80 (80)
2026-02-11 15:28:54:810 [IN ] C8 24 08 0B 25 A5 08 01 31 03 CA 3A 09 4A 1A B2 (16)
                              [N8:R] RFLAG ':' 9 (9)
2026-02-11 15:28:54:916 [IN ] C8 24 03 0C 25 A5 03 01 31 04 88 53 00 50 64 C2 EA (17)
                              [N3:X] RUN 'S' 0 80 (80)
2026-02-11 15:28:55:021 [IN ] C8 24 04 0C 25 A5 04 01 31 04 88 53 00 50 65 CA EA (17)
                              [N4:Y] RUN 'S' 0 80 (80)
2026-02-11 15:28:55:127 [IN ] C8 24 0C 0C 25 A5 0C 01 31 04 88 53 00 50 6D 0A EA (17)
                              [N12:Z] RUN 'S' 0 80 (80)
2026-02-11 15:29:02:351 [IN ] C8 24 04 0B 25 A5 04 01 31 03 81 5A 4C 60 A6 0A C8 24 04 0A 25 A5 04 01 31 02 81 49 02 32 A6 (31)
                              [N4:Y] TPOS 'Z' 76 (76)
                              [N4:Y] TPOS 'I'
2026-02-11 15:29:02:575 [OUT] 25 A5 01 09 31 02 D8 3F 54 EC (10)
                              [N9:P] INTERRUPT '?'
2026-02-11 15:29:02:876 [IN ] C8 24 09 0C 25 A5 09 01 31 04 D8 3A 01 01 53 9A EA (17)
                              [N9:P] INTERRUPT ':' 1 1 (257)
2026-02-11 15:29:02:897 [OUT] 25 A5 01 04 31 03 C9 3D 09 48 FE (11)
                              [N4:Y] LFLAG '=' 9 (9)
2026-02-11 15:29:02:919 [OUT] 25 A5 01 07 31 02 D8 3F 52 E2 (10)
                              [N7:N] INTERRUPT '?'
2026-02-11 15:29:03:220 [IN ] C8 24 04 0B 25 A5 04 01 31 03 C9 3A 09 45 FB 9A C8 24 07 0C 25 A5 07 01 31 04 D8 3A 01 01 51 8A EA (33)
                              [N4:Y] LFLAG ':' 9 (9)
                              [N7:N] INTERRUPT ':' 1 1 (257)
2026-02-11 15:29:03:241 [OUT] 25 A5 01 09 31 03 C9 3D 0B 4F 1E (11)
                              [N9:P] LFLAG '=' 11 (11)
2026-02-11 15:29:03:263 [OUT] 25 A5 01 07 31 03 C9 3D 0B 4D 12 (11)
                              [N7:N] LFLAG '=' 11 (11)
2026-02-11 15:29:03:411 [IN ] C8 24 09 0B 25 A5 09 01 31 03 C9 3A 0B 4C 20 8A (16)
                              [N9:P] LFLAG ':' 11 (11)
2026-02-11 15:29:03:433 [OUT] 25 A5 01 09 31 03 88 00 50 16 26 (11)
                              [N9:P] RUN 0 80 (80)
2026-02-11 15:29:03:517 [IN ] C8 24 07 0B 25 A5 07 01 31 03 C9 3A 0B 4A 12 8A (16)
                              [N7:N] LFLAG ':' 11 (11)
2026-02-11 15:29:03:538 [OUT] 25 A5 01 07 31 03 88 00 50 14 1A (11)
                              [N7:N] RUN 0 80 (80)
2026-02-11 15:29:03:540 [IN ] C8 24 03 0B 25 A5 03 01 31 03 81 5A 4C 5F 9F 8A (16)
                              [N3:X] TPOS 'Z' 76 (76)
2026-02-11 15:29:03:583 [IN ] C8 24 03 0A 25 A5 03 01 31 02 81 49 01 2C 9F (15)
                              [N3:X] TPOS 'I'
2026-02-11 15:29:03:626 [OUT] 25 A5 01 03 31 03 C9 3D 09 47 F8 (11)
                              [N3:X] LFLAG '=' 9 (9)
2026-02-11 15:29:03:647 [IN ] C8 24 09 0C 25 A5 09 01 31 04 88 53 00 50 6A F2 EA (17)
                              [N9:P] RUN 'S' 0 80 (80)
2026-02-11 15:29:03:710 [IN ] C8 24 09 0B 25 A5 09 01 31 03 81 5A 4C 65 C9 F2 (16)
                              [N9:P] TPOS 'Z' 76 (76)
2026-02-11 15:29:03:732 [IN ] C8 24 07 0C 25 A5 07 01 31 04 88 53 00 50 68 E2 EA C8 24 09 0A 25 A5 09 01 31 02 81 49 07 50 68 (32)
                              [N7:N] RUN 'S' 0 80 (80)
                              [N9:P] TPOS 'I'
2026-02-11 15:29:03:776 [OUT] 25 A5 01 09 31 03 C9 3D 09 4D 1C (11)
                              [N9:P] LFLAG '=' 9 (9)
2026-02-11 15:29:03:798 [OUT] 25 A5 01 04 31 05 81 FF EE 88 01 32 FA (13)
                              [N4:Y] TPOS 255 238 136 1 (-1144831)
2026-02-11 15:29:03:839 [IN ] C8 24 03 0B 25 A5 03 01 31 03 C9 3A 09 44 F4 E2 (16)
                              [N3:X] LFLAG ':' 9 (9)
2026-02-11 15:29:03:966 [IN ] C8 24 09 0B 25 A5 09 01 31 03 C9 3A 09 4A 1E E2 (16)
                              [N9:P] LFLAG ':' 9 (9)
2026-02-11 15:29:04:092 [IN ] C8 24 04 0E 25 A5 04 01 31 06 81 53 00 00 00 00 10 88 0A (19)
                              [N4:Y] TPOS 'S' 0 0 0 0 (0)
2026-02-11 15:29:07:709 [IN ] C8 24 07 0B 25 A5 07 01 31 03 81 5A 4C 63 BB 00 C8 24 07 0A 25 A5 07 01 31 02 81 49 05 44 BB (31)
                              [N7:N] TPOS 'Z' 76 (76)
                              [N7:N] TPOS 'I'
2026-02-11 15:29:07:933 [OUT] 25 A5 01 07 31 03 C9 3D 09 4B 10 (11)
                              [N7:N] LFLAG '=' 9 (9)
2026-02-11 15:29:08:100 [IN ] C8 24 07 0B 25 A5 07 01 31 03 C9 3A 09 48 10 (15)
                              [N7:N] LFLAG ':' 9 (9)
2026-02-11 15:29:08:301 [IN ] 00 (1)
2026-02-11 15:29:09:708 [IN ] C8 24 0C 0B 25 A5 0C 01 31 03 81 5A 4C 68 DE 00 C8 24 0C 0A 25 A5 0C 01 31 02 81 49 0A 62 DE (31)
                              [N12:Z] TPOS 'Z' 76 (76)
                              [N12:Z] TPOS 'I'
2026-02-11 15:29:09:931 [OUT] 25 A5 01 0C 31 03 C9 3D 09 50 2E (11)
                              [N12:Z] LFLAG '=' 9 (9)
2026-02-11 15:29:10:097 [IN ] C8 24 0C 0B 25 A5 0C 01 31 03 C9 3A 09 4D 33 00 (16)
                              [N12:Z] LFLAG ':' 9 (9)
2026-02-11 15:29:10:499 [IN ] C8 24 04 0E 25 A5 04 01 31 06 81 45 FF EE 85 8C 00 9E 0A (19)
                              [N4:Y] TPOS 'E' 255 238 133 140 (-1145460)
2026-02-11 15:29:10:722 [OUT] 25 A5 01 0C 31 05 81 FF BC D0 00 4F 33 (13)
                              [N12:Z] TPOS 255 188 208 0 (-4403200)
2026-02-11 15:29:10:744 [OUT] 25 A5 01 04 31 05 81 FF FD 50 01 09 B7 (13)
                              [N4:Y] TPOS 255 253 80 1 (-176127)
2026-02-11 15:29:10:769 [OUT] 25 A5 01 09 31 05 81 FF E7 5D 56 5A 0C (13)
                              [N9:P] TPOS 255 231 93 86 (-1614506)
2026-02-11 15:29:10:791 [OUT] 25 A5 01 07 31 05 81 FF AB 19 75 F7 DF (13)
                              [N7:N] TPOS 255 171 25 117 (-5564043)
2026-02-11 15:29:10:813 [OUT] 25 A5 01 03 31 05 81 FF EC 4A AB 9B 1A (13)
                              [N3:X] TPOS 255 236 74 171 (-1291605)
2026-02-11 15:29:10:836 [OUT] 25 A5 01 06 31 02 D8 3F 51 DD (10)
                              [N6:H] INTERRUPT '?'
2026-02-11 15:29:11:137 [IN ] C8 24 0C 0E 25 A5 0C 01 31 06 81 53 FF FF FE D7 EB A4 0A C8 24 04 0E 25 A5 04 01 31 06 81 53 FF EE 85 8C 0E E4 0A (38)
                              [N12:Z] TPOS 'S' 255 255 254 215 (-297)
                              [N4:Y] TPOS 'S' 255 238 133 140 (-1145460)
2026-02-11 15:29:11:438 [IN ] C8 24 09 0E 25 A5 09 01 31 06 81 53 FF FF FF F4 06 A5 0A C8 24 07 0E 25 A5 07 01 31 06 81 53 FF FF FF F9 09 96 0A C8 24 03 0E 25 A5 03 01 31 06 81 53 FF FF FF FF 0B 74 0A (57)
                              [N9:P] TPOS 'S' 255 255 255 244 (-12)
                              [N7:N] TPOS 'S' 255 255 255 249 (-7)
                              [N3:X] TPOS 'S' 255 255 255 255 (-1)
2026-02-11 15:29:11:740 [IN ] C8 24 06 0C 25 A5 06 01 31 04 D8 3A 01 01 50 82 0B (17)
                              [N6:H] INTERRUPT ':' 1 1 (257)
2026-02-11 15:29:11:761 [OUT] 25 A5 01 06 31 03 C9 3D 0B 4C 0C (11)
                              [N6:H] LFLAG '=' 11 (11)
2026-02-11 15:29:11:929 [IN ] C8 24 06 0B 25 A5 06 01 31 03 C9 3A 0B 49 0B 82 (16)
                              [N6:H] LFLAG ':' 11 (11)
2026-02-11 15:29:11:952 [OUT] 25 A5 01 06 31 03 88 FF B0 72 72 (11)
                              [N6:H] RUN 255 176 (-80)
2026-02-11 15:29:12:122 [IN ] C8 24 06 0C 25 A5 06 01 31 04 88 53 FF B0 C6 38 0B (17)
                              [N6:H] RUN 'S' 255 176 (-80)
2026-02-11 15:29:16:140 [IN ] C8 24 06 0B 25 A5 06 01 31 03 81 5A 4C 62 B4 38 (16)
                              [N6:H] TPOS 'Z' 76 (76)
2026-02-11 15:29:16:341 [IN ] C8 24 06 0A 25 A5 06 01 31 02 81 49 04 3E B4 (15)
                              [N6:H] TPOS 'I'
2026-02-11 15:29:16:564 [OUT] 25 A5 01 06 31 03 C9 3D 09 4A 0A (11)
                              [N6:H] LFLAG '=' 9 (9)
2026-02-11 15:29:16:734 [IN ] C8 24 06 0B 25 A5 06 01 31 03 C9 3A 09 47 09 38 (16)
                              [N6:H] LFLAG ':' 9 (9)
2026-02-11 15:29:16:756 [OUT] 25 A5 01 06 31 03 84 00 50 0F 08 (11)
                              [N6:H] VEL 0 80 (80)
2026-02-11 15:29:16:923 [IN ] C8 24 06 0C 25 A5 06 01 31 04 84 53 00 50 63 CA 0B (17)
                              [N6:H] VEL 'S' 0 80 (80)
2026-02-11 15:29:16:944 [OUT] 25 A5 01 06 31 05 81 00 19 82 3C 95 BE (13)
                              [N6:H] TPOS 0 25 130 60 (1671740)
2026-02-11 15:29:17:132 [IN ] C8 24 06 0E 25 A5 06 01 31 06 81 53 00 00 00 0A 1C A6 0A (19)
                              [N6:H] TPOS 'S' 0 0 0 10 (10)
2026-02-11 15:29:18:337 [IN ] C8 24 03 0E 25 A5 03 01 31 06 81 45 FF EC 48 41 75 C9 0A (19)
                              [N3:X] TPOS 'E' 255 236 72 65 (-1292223)
2026-02-11 15:29:18:760 [OUT] 25 A5 01 03 31 05 81 FF FD 50 01 08 AF (13)
                              [N3:X] TPOS 255 253 80 1 (-176127)
2026-02-11 15:29:18:949 [IN ] C8 24 03 0E 25 A5 03 01 31 06 81 (11)
2026-02-11 15:29:18:970 [IN ] 53 FF EC 48 42 84 10 0A (8)
                              [N3:X] TPOS 'S' 255 236 72 66 (-1292222)
2026-02-11 15:29:19:974 [IN ] C8 24 04 0E 25 A5 04 01 31 06 81 45 FF FD 4F 7D CA 50 0A (19)
                              [N4:Y] TPOS 'E' 255 253 79 125 (-176259)
2026-02-11 15:29:20:376 [IN ] C8 24 09 0E 25 A5 09 01 31 06 81 45 FF E7 5B EE 36 C9 0A (19)
                              [N9:P] TPOS 'E' 255 231 91 238 (-1614866)
2026-02-11 15:29:20:800 [OUT] 25 A5 01 09 31 05 81 FF FF D9 C8 60 BE (13)
                              [N9:P] TPOS 255 255 217 200 (-9784)
2026-02-11 15:29:20:987 [IN ] C8 24 09 0E 25 A5 09 01 31 06 81 53 FF E7 5B F4 4A 15 0A (19)
                              [N9:P] TPOS 'S' 255 231 91 244 (-1614860)
2026-02-11 15:29:25:002 [IN ] C8 24 06 0E 25 A5 06 01 31 06 81 45 00 19 85 B4 56 5F 0A (19)
                              [N6:H] TPOS 'E' 0 25 133 180 (1672628)
2026-02-11 15:29:25:427 [OUT] 25 A5 01 06 31 05 81 00 0D 68 A0 D3 CA (13)
                              [N6:H] TPOS 0 13 104 160 (878752)
2026-02-11 15:29:25:615 [IN ] C8 24 06 0E 25 A5 06 01 31 06 81 53 00 19 85 B0 60 A1 0A (19)
                              [N6:H] TPOS 'S' 0 25 133 176 (1672624)
2026-02-11 15:29:28:225 [IN ] C8 24 03 0E 25 A5 03 01 31 06 81 45 FF FD 50 6C B9 37 0A (19)
                              [N3:X] TPOS 'E' 255 253 80 108 (-176020)
2026-02-11 15:29:29:431 [IN ] C8 24 06 0E 25 A5 06 01 31 06 81 45 00 0D 63 FF 73 42 0A (19)
                              [N6:H] TPOS 'E' 0 13 99 255 (877567)
2026-02-11 15:29:29:654 [OUT] 25 A5 01 05 31 02 D8 3F 50 D8 (10)
                              [N5:V] INTERRUPT '?'
2026-02-11 15:29:29:955 [IN ] C8 24 05 0C 25 A5 05 01 31 04 D8 3A 01 01 4F 7A 73 (17)
                              [N5:V] INTERRUPT ':' 1 1 (257)
2026-02-11 15:29:29:977 [OUT] 25 A5 01 05 31 03 C9 3D 0B 4B 06 (11)
                              [N5:V] LFLAG '=' 11 (11)
2026-02-11 15:29:30:146 [IN ] C8 24 05 0B 25 A5 05 01 31 03 C9 3A 0B 48 04 7A (16)
                              [N5:V] LFLAG ':' 11 (11)
2026-02-11 15:29:30:167 [OUT] 25 A5 01 05 31 03 88 FF B0 71 6C (11)
                              [N5:V] RUN 255 176 (-80)
2026-02-11 15:29:30:208 [IN ] C8 24 09 0E 25 A5 09 01 31 06 81 45 FF FF DB 1A FA 3D 0A (19)
                              [N9:P] TPOS 'E' 255 255 219 26 (-9446)
2026-02-11 15:29:30:252 [OUT] 25 A5 01 08 31 02 D8 3F 53 E7 (10)
                              [N8:R] INTERRUPT '?'
2026-02-11 15:29:30:553 [IN ] C8 24 05 0C 25 A5 05 01 31 04 88 53 FF B0 C5 30 FA C8 24 08 0C 25 A5 08 01 31 04 D8 3A 01 01 52 92 FA (34)
                              [N5:V] RUN 'S' 255 176 (-80)
                              [N8:R] INTERRUPT ':' 1 1 (257)
2026-02-11 15:29:30:575 [OUT] 25 A5 01 08 31 03 CA 3D 0B 4F 1B (11)
                              [N8:R] RFLAG '=' 11 (11)
2026-02-11 15:29:30:743 [IN ] C8 24 08 0B 25 A5 08 01 31 03 CA 3A 0B 4C 1C 92 (16)
                              [N8:R] RFLAG ':' 11 (11)
2026-02-11 15:29:30:765 [OUT] 25 A5 01 08 31 03 88 00 50 15 20 (11)
                              [N8:R] RUN 0 80 (80)
2026-02-11 15:29:30:933 [IN ] C8 24 08 0C 25 A5 08 01 31 04 88 53 00 50 69 EA FA (17)
                              [N8:R] RUN 'S' 0 80 (80)
2026-02-11 15:29:33:740 [IN ] C8 24 0C 0E 25 A5 0C 01 31 06 81 45 FF BC CD 83 15 DF 0A (19)
                              [N12:Z] TPOS 'E' 255 188 205 131 (-4403837)
2026-02-11 15:29:34:165 [OUT] 25 A5 01 0C 31 05 81 FF D5 67 34 33 E0 (13)
                              [N12:Z] TPOS 255 213 103 52 (-2791628)
2026-02-11 15:29:34:354 [IN ] C8 24 0C 0E 25 A5 0C 01 31 06 81 53 FF BC CD A6 46 48 0A (19)
                              [N12:Z] TPOS 'S' 255 188 205 166 (-4403802)
2026-02-11 15:29:35:361 [IN ] C8 24 05 0B 25 A5 05 01 31 03 81 5A 4C 61 AD A6 C8 24 05 0A 25 A5 05 01 31 02 81 49 03 38 AD (31)
                              [N5:V] TPOS 'Z' 76 (76)
                              [N5:V] TPOS 'I'
2026-02-11 15:29:35:563 [IN ] C8 24 07 0E 25 A5 07 01 31 06 81 45 FF AB 14 A6 69 2B 0A (19)
                              [N7:N] TPOS 'E' 255 171 20 166 (-5565274)
2026-02-11 15:29:35:584 [OUT] 25 A5 01 05 31 03 C9 3D 09 49 04 (11)
                              [N5:V] LFLAG '=' 9 (9)
2026-02-11 15:29:35:628 [OUT] 25 A5 01 07 31 05 81 FF F2 3B 91 7C 14 (13)
                              [N7:N] TPOS 255 242 59 145 (-902255)
2026-02-11 15:29:35:755 [IN ] C8 24 05 0B 25 (5)
2026-02-11 15:29:35:777 [IN ] A5 05 01 31 03 C9 3A 09 46 02 A6 (11)
                              [N5:V] LFLAG ':' 9 (9)
2026-02-11 15:29:35:797 [OUT] 25 A5 01 05 31 03 84 00 50 0E 02 (11)
                              [N5:V] VEL 0 80 (80)
2026-02-11 15:29:35:882 [IN ] C8 24 07 0E 25 A5 07 01 31 06 81 53 FF AB 14 A6 77 71 0A (19)
                              [N7:N] TPOS 'S' 255 171 20 166 (-5565274)
2026-02-11 15:29:35:986 [IN ] C8 24 05 0C 25 A5 05 01 31 04 84 53 00 50 62 C2 77 (17)
                              [N5:V] VEL 'S' 0 80 (80)
2026-02-11 15:29:36:008 [OUT] 25 A5 01 05 31 05 81 00 19 82 3C 94 B6 (13)
                              [N5:V] TPOS 0 25 130 60 (1671740)
2026-02-11 15:29:36:197 [IN ] C8 24 05 0E 25 A5 05 01 31 06 81 53 00 00 00 02 13 94 0A (19)
                              [N5:V] TPOS 'S' 0 0 0 2 (2)
2026-02-11 15:29:37:806 [IN ] C8 24 08 0B 25 A5 08 01 31 03 81 5A 52 6A C8 02 C8 24 08 0A 25 A5 08 01 31 02 81 49 06 4A C8 (31)
                              [N8:R] TPOS 'Z' 82 (82)
                              [N8:R] TPOS 'I'
2026-02-11 15:29:38:030 [OUT] 25 A5 01 08 31 03 CA 3D 09 4D 19 (11)
                              [N8:R] RFLAG '=' 9 (9)
2026-02-11 15:29:38:200 [IN ] C8 24 08 0B 25 A5 08 01 31 03 CA 3A 09 4A 1A 02 (16)
                              [N8:R] RFLAG ':' 9 (9)
2026-02-11 15:29:38:222 [OUT] 25 A5 01 08 31 05 81 FF DC 77 1D 2F DE (13)
                              [N8:R] TPOS 255 220 119 29 (-2328803)
2026-02-11 15:29:38:410 [IN ] C8 24 08 0E 25 A5 08 01 31 06 81 53 FF FF FF C8 D9 6F 0A (19)
                              [N8:R] TPOS 'S' 255 255 255 200 (-56)
2026-02-11 15:29:42:427 [IN ] C8 24 0C 0E 25 A5 0C 01 31 06 81 45 FF D5 69 CE 15 AD 0A (19)
                              [N12:Z] TPOS 'E' 255 213 105 206 (-2790962)
2026-02-11 15:29:44:236 [IN ] C8 24 05 0E 25 A5 05 01 31 06 81 45 00 19 85 F9 9A 9A 0A (19)
                              [N5:V] TPOS 'E' 0 25 133 249 (1672697)
2026-02-11 15:29:44:659 [OUT] 25 A5 01 05 31 05 81 00 0C 97 4C AC C9 (13)
                              [N5:V] TPOS 0 12 151 76 (825164)
2026-02-11 15:29:44:848 [IN ] C8 24 05 0E 25 A5 05 01 31 06 81 53 00 19 85 F8 A7 DF 0A (19)
                              [N5:V] TPOS 'S' 0 25 133 248 (1672696)
2026-02-11 15:29:50:468 [IN ] C8 24 05 0E 25 A5 05 01 31 06 81 45 00 0C 95 DE 82 78 0A (19)
                              [N5:V] TPOS 'E' 0 12 149 222 (824798)
2026-02-11 15:29:50:691 [OUT] 25 A5 01 03 31 05 81 FF EF 0D AE 64 AC (13)
                              [N3:X] TPOS 255 239 13 174 (-1110610)
2026-02-11 15:29:50:713 [OUT] 25 A5 01 04 31 05 81 FF F3 E0 F0 7E A8 (13)
                              [N4:Y] TPOS 255 243 224 240 (-794384)
2026-02-11 15:29:50:879 [IN ] C8 24 03 0E 25 A5 03 01 31 06 81 53 FF FD 50 6C C7 7D 0A (19)
                              [N3:X] TPOS 'S' 255 253 80 108 (-176020)
2026-02-11 15:29:50:985 [IN ] C8 24 04 0E 25 A5 04 01 31 06 81 53 FF FD 4F 7D D8 96 0A (19)
                              [N4:Y] TPOS 'S' 255 253 79 125 (-176259)
2026-02-11 15:29:51:389 [IN ] C8 24 08 0E 25 A5 08 01 31 06 81 45 FF DC 73 D0 24 B0 0A (19)
                              [N8:R] TPOS 'E' 255 220 115 208 (-2329648)
2026-02-11 15:29:51:814 [OUT] 25 A5 01 08 31 05 81 FF EE 15 56 18 89 (13)
                              [N8:R] TPOS 255 238 21 86 (-1174186)
2026-02-11 15:29:52:004 [IN ] C8 24 08 0E 25 A5 08 01 31 06 81 53 FF DC 73 D1 (16)
2026-02-11 15:29:52:026 [IN ] 33 F7 0A (3)
                              [N8:R] TPOS 'S' 255 220 115 209 (-2329647)
2026-02-11 15:29:54:436 [IN ] C8 24 04 0E 25 A5 04 01 31 06 81 45 FF F3 DE A4 76 77 0A (19)
                              [N4:Y] TPOS 'E' 255 243 222 164 (-794972)
2026-02-11 15:29:55:844 [IN ] C8 24 03 0E 25 A5 03 01 31 06 81 45 FF EF 0B 0D 07 24 0A (19)
                              [N3:X] TPOS 'E' 255 239 11 13 (-1111283)
2026-02-11 15:29:56:247 [IN ] C8 24 07 0E 25 A5 07 01 31 06 81 45 FF F2 40 B5 EB 67 0A (19)
                              [N7:N] TPOS 'E' 255 242 64 181 (-900939)
2026-02-11 15:29:58:455 [IN ] C8 24 08 0E 25 A5 08 01 31 06 81 45 FF EE 17 D3 DD 31 0A (19)
                              [N8:R] TPOS 'E' 255 238 23 211 (-1173549)
