2025-09-10 13:36:39:036 [OUT] 25 A5 01 0A 31 05 D6 3D FF 00 00 53 ED (13)
                              [N10:HMI] HMILED '=' 255 0 0 (16711680)
2025-09-10 13:36:39:058 [OUT] 25 A5 01 0C 31 05 81 FF D4 54 00 EB 83 (13)
                              [N12:Z] TPOS 255 212 84 0 (-2862080)
2025-09-10 13:36:39:081 [OUT] 25 A5 01 03 31 05 81 FF EE 9E 16 5C 33 (13)
                              [N3:X] TPOS 255 238 158 22 (-1139178)
2025-09-10 13:36:39:105 [OUT] 25 A5 01 04 31 05 81 FF F3 B4 EE 50 4E (13)
                              [N4:Y] TPOS 255 243 180 238 (-805650)
2025-09-10 13:36:39:127 [OUT] 25 A5 01 05 31 05 81 00 0C CC 38 CD 1F (13)
                              [N5:V] TPOS 0 12 204 56 (838712)
2025-09-10 13:36:39:148 [OUT] 25 A5 01 06 31 05 81 00 0C 8F FB 54 70 (13)
                              [N6:H] TPOS 0 12 143 251 (823291)
2025-09-10 13:36:39:169 [OUT] 25 A5 01 08 31 05 81 FF ED AA 50 A6 AA (13)
                              [N8:R] TPOS 255 237 170 80 (-1201584)
2025-09-10 13:36:39:230 [IN ] C8 24 0A 0D 25 A5 0A 01 31 05 D6 3A FF 00 00 50 EA 99 (18)
                              [N10:HMI] HMILED ':' 255 0 0 (16711680)
2025-09-10 13:36:39:354 [IN ] C8 24 0C 0E 25 A5 0C 01 31 06 81 53 FF D1 0F 3B 32 A0 1F (19)
                              [N12:Z] TPOS 'S' 255 209 15 59 (-3076293)
2025-09-10 13:36:39:500 [IN ] C8 24 03 0E 25 A5 03 01 31 06 81 53 FF F1 BA EE A7 AF 1F (19)
                              [N3:X] TPOS 'S' 255 241 186 238 (-935186)
2025-09-10 13:36:39:603 [IN ] C8 24 04 0E 25 A5 04 01 31 06 81 53 FF F9 A1 58 01 09 1F (19)
                              [N4:Y] TPOS 'S' 255 249 161 88 (-417448)
2025-09-10 13:36:39:747 [IN ] C8 24 05 0E 25 A5 05 01 31 06 81 53 00 0C 90 54 01 2A 1F (19)
                              [N5:V] TPOS 'S' 0 12 144 84 (823380)
2025-09-10 13:36:39:870 [IN ] C8 24 06 0E 25 A5 06 01 31 06 81 53 00 0D A4 1D E0 28 1F C8 24 (21)
                              [N6:H] TPOS 'S' 0 13 164 29 (893981)
2025-09-10 13:36:39:892 [IN ] 0C 0D 25 A5 0C 01 31 05 82 FF D2 8E C5 E9 C6 28 (16)
                              [N12:Z] GETPOS 255 210 142 197 (-2978107)
2025-09-10 13:36:39:933 [IN ] C8 24 05 0E 25 A5 05 01 31 06 81 45 00 0C CF 95 73 A3 1F (19)
                              [N5:V] TPOS 'E' 0 12 207 149 (839573)
2025-09-10 13:36:39:954 [IN ] C8 24 0B 0A 25 A5 0B 01 31 02 DE 00 1D CD CF (15)
                              [N11:NG] NGSWSTATE 0 (0)
2025-09-10 13:36:39:996 [IN ] C8 24 08 0E 25 A5 08 01 31 06 81 53 FF ED 12 66 78 FD 1F (19)
                              [N8:R] TPOS 'S' 255 237 18 102 (-1240474)
2025-09-10 13:36:40:397 [IN ] C8 24 06 0E 25 A5 06 01 31 06 81 45 00 0C 8D 1A B7 AE 1F C8 24 08 0E 25 A5 08 01 31 06 81 45 FF ED AB 1E BB A1 1F (38)
                              [N6:H] TPOS 'E' 0 12 141 26 (822554)
                              [N8:R] TPOS 'E' 255 237 171 30 (-1201378)
2025-09-10 13:36:40:799 [IN ] C8 24 0C 0E 25 A5 0C 01 31 06 81 45 FF D4 57 4D 81 05 1F (19)
                              [N12:Z] TPOS 'E' 255 212 87 77 (-2861235)
2025-09-10 13:36:40:999 [IN ] C8 24 0C 0D 25 A5 0C 01 31 05 82 FF D4 57 4D 3C E6 05 C8 24 03 0E 25 A5 03 01 31 06 81 45 FF EE 9C CD 57 03 1F C8 24 0B 0A 25 A5 0B 01 31 02 DE 00 1D CD 9C (52)
                              [N12:Z] GETPOS 255 212 87 77 (-2861235)
                              [N3:X] TPOS 'E' 255 238 156 205 (-1139507)
                              [N11:NG] NGSWSTATE 0 (0)
2025-09-10 13:36:42:001 [IN ] C8 24 04 0E 25 A5 04 01 31 06 81 45 FF F3 B2 CC 72 47 1F C8 24 0C 0D 25 A5 0C 01 31 05 82 FF D4 57 4D 3C E6 47 C8 24 0B 0A 25 A5 0B 01 31 02 DE 00 1D CD 4D (52)
                              [N4:Y] TPOS 'E' 255 243 178 204 (-806196)
                              [N12:Z] GETPOS 255 212 87 77 (-2861235)
                              [N11:NG] NGSWSTATE 0 (0)
