2025-09-10 10:08:40:999 [OUT] 25 A5 01 0A 31 05 D6 3D FF 00 00 53 ED (13)
                              [N10:HMI] HMILED '=' 255 0 0 (16711680)
2025-09-10 10:08:41:020 [OUT] 25 A5 01 0C 31 05 81 FF D4 54 00 EB 83 (13)
                              [N12:Z] TPOS 255 212 84 0 (-2862080)
2025-09-10 10:08:41:042 [OUT] 25 A5 01 03 31 05 81 FF EE 9E 16 5C 33 (13)
                              [N3:X] TPOS 255 238 158 22 (-1139178)
2025-09-10 10:08:41:043 [IN ] C8 24 0C 0D 25 A5 0C 01 31 05 82 FF D1 A0 4E 83 70 09 (18)
                              [N12:Z] GETPOS 255 209 160 78 (-3039154)
2025-09-10 10:08:41:065 [OUT] 25 A5 01 04 31 05 81 FF F3 B4 EE 50 4E (13)
                              [N4:Y] TPOS 255 243 180 238 (-805650)
2025-09-10 10:08:41:086 [OUT] 25 A5 01 05 31 05 81 00 0C CC 38 CD 1F (13)
                              [N5:V] TPOS 0 12 204 56 (838712)
2025-09-10 10:08:41:108 [OUT] 25 A5 01 06 31 05 81 00 0C 8F FB 54 70 (13)
                              [N6:H] TPOS 0 12 143 251 (823291)
2025-09-10 10:08:41:170 [IN ] C8 24 0A 0D 25 A5 0A 01 31 05 D6 3A FF 00 00 50 EA 09 (18)
                              [N10:HMI] HMILED ':' 255 0 0 (16711680)
2025-09-10 10:08:41:313 [IN ] C8 24 0C 0E 25 A5 0C 01 31 06 81 53 FF D1 A0 4E D6 D5 03 (19)
                              [N12:Z] TPOS 'S' 255 209 160 78 (-3039154)
2025-09-10 10:08:41:436 [IN ] C8 24 03 0E 25 A5 03 01 31 06 81 53 FF F2 A4 53 F7 EB 03 (19)
                              [N3:X] TPOS 'S' 255 242 164 83 (-875437)
2025-09-10 10:08:41:580 [IN ] C8 24 04 0E 25 A5 04 01 31 06 81 53 FF F8 3E F1 36 D9 03 (19)
                              [N4:Y] TPOS 'S' 255 248 62 241 (-508175)
2025-09-10 10:08:41:703 [IN ] C8 24 05 0E 25 A5 05 01 31 06 81 53 00 0C B7 55 29 79 03 (19)
                              [N5:V] TPOS 'S' 0 12 183 85 (833365)
2025-09-10 10:08:41:826 [IN ] C8 24 05 0E 25 A5 05 01 31 06 81 45 00 (13)
2025-09-10 10:08:41:847 [IN ] 0C CE A8 85 B4 03 C8 24 06 0E 25 A5 06 01 31 06 81 53 00 0D AC 4D 18 68 03 (25)
                              [N5:V] TPOS 'E' 0 12 206 168 (839336)
                              [N6:H] TPOS 'S' 0 13 172 77 (896077)
2025-09-10 10:08:42:049 [IN ] C8 24 0C 0D 25 A5 0C 01 31 05 82 FF D3 94 BF EA CF 68 (18)
                              [N12:Z] GETPOS 255 211 148 191 (-2911041)
2025-09-10 10:08:42:450 [IN ] C8 24 06 0E 25 A5 06 01 31 06 81 45 00 0C 8D 38 D5 CC 03 C8 24 0C 0E 25 A5 0C 01 31 06 81 45 FF D4 56 A7 DA 5D 03 (38)
                              [N6:H] TPOS 'E' 0 12 141 56 (822584)
                              [N12:Z] TPOS 'E' 255 212 86 167 (-2861401)
2025-09-10 10:08:43:052 [IN ] C8 24 0C 0D 25 A5 0C 01 31 05 82 FF D4 56 A7 95 3E 5D (18)
                              [N12:Z] GETPOS 255 212 86 167 (-2861401)
2025-09-10 10:08:43:453 [IN ] C8 24 03 0E 25 A5 03 01 31 06 81 45 FF EE 9C DB 65 11 03 C8 24 04 0E 25 A5 04 01 31 06 81 45 FF F3 B2 E6 8C 61 03 (38)
                              [N3:X] TPOS 'E' 255 238 156 219 (-1139493)
                              [N4:Y] TPOS 'E' 255 243 178 230 (-806170)
