2025-09-10 11:09:15:719 [OUT] 25 A5 01 0B 31 03 88 FF 9C 63 7C (11)
                              [N11:NG] RUN 255 156 (-100)
2025-09-10 11:09:15:904 [IN ] C8 24 0B 0C 25 A5 0B 01 31 04 88 53 FF 9C B7 4C EB (17)
                              [N11:NG] RUN 'S' 255 156 (-100)
2025-09-10 11:09:16:506 [IN ] C8 24 0B 0A 25 A5 0B 01 31 02 DE 02 1F CF B7 C8 24 0B 0A 25 A5 0B 01 31 02 DE 03 20 D0 B7 (30)
                              [N11:NG] NGSWSTATE 2 (2)
                              [N11:NG] NGSWSTATE 3 (3)
2025-09-10 11:09:16:728 [OUT] 25 A5 01 0B 31 03 88 00 64 2C 46 (11)
                              [N11:NG] RUN 0 100 (100)
2025-09-10 11:09:16:853 [IN ] C8 24 0B 0A 25 A5 0B 01 31 02 DE 03 20 D0 B7 (15)
                              [N11:NG] NGSWSTATE 3 (3)
2025-09-10 11:09:16:895 [IN ] C8 24 0B 0C 25 A5 0B 01 31 04 88 53 00 64 80 16 EB (17)
                              [N11:NG] RUN 'S' 0 100 (100)
2025-09-10 11:09:17:497 [IN ] C8 24 0B 0A 25 A5 0B 01 31 02 DE 02 1F CF 80 C8 24 0B 0A 25 A5 0B 01 31 02 DE 00 1D CD 80 (30)
                              [N11:NG] NGSWSTATE 2 (2)
                              [N11:NG] NGSWSTATE 0 (0)
2025-09-10 11:09:17:719 [OUT] 25 A5 01 0B 31 03 88 FF 9C 63 7C (11)
                              [N11:NG] RUN 255 156 (-100)
2025-09-10 11:09:17:863 [IN ] C8 24 0B 0A 25 A5 0B 01 31 02 DE 00 1D CD 80 (15)
                              [N11:NG] NGSWSTATE 0 (0)
2025-09-10 11:09:17:884 [IN ] C8 24 0B 0C 25 A5 0B 01 31 04 88 53 FF 9C B7 4C EB (17)
                              [N11:NG] RUN 'S' 255 156 (-100)
2025-09-10 11:09:18:486 [IN ] C8 24 0B 0A 25 A5 0B 01 31 02 DE 02 1F CF B7 C8 24 0B 0A 25 A5 0B 01 31 02 DE 03 20 D0 B7 (30)
                              [N11:NG] NGSWSTATE 2 (2)
                              [N11:NG] NGSWSTATE 3 (3)
2025-09-10 11:09:18:708 [OUT] 25 A5 01 0B 31 03 88 00 64 2C 46 (11)
                              [N11:NG] RUN 0 100 (100)
2025-09-10 11:09:18:872 [IN ] C8 24 0B 16 25 A5 (6)
2025-09-10 11:09:18:894 [IN ] 0B 01 31 04 88 53 00 64 80 16 25 A5 0B 01 31 02 DE 03 20 D0 01 (21)
                              [N11:NG] RUN 'S' 0 100 (100)
                              [N11:NG] NGSWSTATE 3 (3)
2025-09-10 11:09:19:297 [IN ] C8 24 0B 0A 25 A5 0B 01 31 02 DE 02 1F CF 80 (15)
                              [N11:NG] NGSWSTATE 2 (2)
2025-09-10 11:09:19:498 [IN ] C8 24 0B 0A 25 A5 0B 01 31 02 DE 00 1D CD 80 (15)
                              [N11:NG] NGSWSTATE 0 (0)
2025-09-10 11:09:19:720 [OUT] 25 A5 01 0B 31 03 88 FF 9C 63 7C (11)
                              [N11:NG] RUN 255 156 (-100)
2025-09-10 11:09:19:885 [IN ] C8 24 0B 16 25 A5 0B 01 31 04 88 53 FF 9C B7 4C 25 A5 0B 01 31 02 DE 00 1D CD 01 (27)
                              [N11:NG] RUN 'S' 255 156 (-100)
                              [N11:NG] NGSWSTATE 0 (0)
2025-09-10 11:09:20:487 [IN ] C8 24 0B 0A 25 A5 0B 01 31 02 DE 02 1F CF B7 C8 24 0B 0A 25 A5 0B 01 31 02 DE 03 20 D0 B7 (30)
                              [N11:NG] NGSWSTATE 2 (2)
                              [N11:NG] NGSWSTATE 3 (3)
2025-09-10 11:09:20:708 [OUT] 25 A5 01 0B 31 03 88 00 64 2C 46 (11)
                              [N11:NG] RUN 0 100 (100)
2025-09-10 11:09:20:873 [IN ] C8 24 0B 0C 25 A5 0B 01 31 04 88 53 00 64 80 16 25 (17)
                              [N11:NG] RUN 'S' 0 100 (100)
2025-09-10 11:09:21:074 [IN ] C8 24 0B 0A 25 A5 0B 01 31 02 DE 03 20 D0 80 (15)
                              [N11:NG] NGSWSTATE 3 (3)
2025-09-10 11:09:21:276 [IN ] C8 24 0B 0A 25 A5 0B 01 31 02 DE 02 1F CF 80 (15)
                              [N11:NG] NGSWSTATE 2 (2)
2025-09-10 11:09:21:476 [IN ] C8 24 0B 0A 25 A5 0B 01 31 02 DE 00 1D CD 80 (15)
                              [N11:NG] NGSWSTATE 0 (0)
2025-09-10 11:09:21:698 [OUT] 25 A5 01 0B 31 03 88 FF 9C 63 7C (11)
                              [N11:NG] RUN 255 156 (-100)
2025-09-10 11:09:21:862 [IN ] C8 24 0B 0C 25 A5 0B 01 31 04 88 53 FF 9C B7 4C 25 (17)
                              [N11:NG] RUN 'S' 255 156 (-100)
2025-09-10 11:09:22:064 [IN ] C8 24 0B 0A 25 A5 0B 01 31 02 DE 00 1D CD B7 (15)
                              [N11:NG] NGSWSTATE 0 (0)
2025-09-10 11:09:22:466 [IN ] C8 24 0B 0A 25 A5 0B 01 31 02 DE 02 1F CF B7 C8 24 0B 0A 25 A5 0B 01 31 02 DE 03 20 D0 B7 (30)
                              [N11:NG] NGSWSTATE 2 (2)
                              [N11:NG] NGSWSTATE 3 (3)
2025-09-10 11:09:22:687 [OUT] 25 A5 01 0B 31 03 88 00 64 2C 46 (11)
                              [N11:NG] RUN 0 100 (100)
2025-09-10 11:09:22:852 [IN ] C8 24 0B 0C 25 A5 0B 01 31 04 88 53 00 64 80 16 25 (17)
                              [N11:NG] RUN 'S' 0 100 (100)
2025-09-10 11:09:23:054 [IN ] C8 24 0B 0A 25 A5 0B 01 31 02 DE 03 20 D0 80 (15)
                              [N11:NG] NGSWSTATE 3 (3)
2025-09-10 11:09:23:255 [IN ] C8 24 0B 0A 25 A5 0B 01 31 02 (10)
2025-09-10 11:09:23:456 [IN ] DE 02 1F CF 80 C8 24 0B 0A 25 A5 0B 01 31 02 DE 00 1D CD 80 (20)
                              [N11:NG] NGSWSTATE 2 (2)
                              [N11:NG] NGSWSTATE 0 (0)
2025-09-10 11:09:23:678 [OUT] 25 A5 01 0B 31 03 88 FF 9C 63 7C (11)
                              [N11:NG] RUN 255 156 (-100)
2025-09-10 11:09:23:862 [IN ] C8 24 0B 0C 25 A5 0B 01 31 04 88 53 FF 9C B7 4C 25 (17)
                              [N11:NG] RUN 'S' 255 156 (-100)
2025-09-10 11:09:24:063 [IN ] C8 24 0B 0A 25 A5 0B 01 31 02 DE 00 1D CD B7 (15)
                              [N11:NG] NGSWSTATE 0 (0)
2025-09-10 11:09:24:465 [IN ] C8 24 0B 0A 25 A5 0B 01 31 02 DE 02 1F CF B7 C8 24 0B 0A 25 A5 0B 01 31 02 DE 03 20 D0 B7 (30)
                              [N11:NG] NGSWSTATE 2 (2)
                              [N11:NG] NGSWSTATE 3 (3)
