2025-09-10 14:29:09:693 [OUT] 25 A5 01 0A 31 05 D6 3D FF 00 00 53 ED (13)
                              [N10:HMI] HMILED '=' 255 0 0 (16711680)
2025-09-10 14:29:09:720 [OUT] 25 A5 01 04 31 05 81 FF F2 E1 09 97 C0 (13)
                              [N4:Y] TPOS 255 242 225 9 (-859895)
2025-09-10 14:29:09:742 [OUT] 25 A5 01 03 31 05 81 FF F4 09 96 4D 9B (13)
                              [N3:X] TPOS 255 244 9 150 (-783978)
2025-09-10 14:29:09:765 [OUT] 25 A5 01 05 31 05 81 00 0D 52 F3 0F E9 (13)
                              [N5:V] TPOS 0 13 82 243 (873203)
2025-09-10 14:29:09:787 [OUT] 25 A5 01 06 31 05 81 00 0C 54 53 71 52 (13)
                              [N6:H] TPOS 0 12 84 83 (808019)
2025-09-10 14:29:09:890 [IN ] C8 24 0A 0D 25 A5 0A 01 31 05 D6 3A FF 00 00 50 EA E3 (18)
                              [N10:HMI] HMILED ':' 255 0 0 (16711680)
2025-09-10 14:29:09:933 [IN ] C8 24 0B 0A 25 A5 0B 01 31 02 DE 03 20 D0 00 (15)
                              [N11:NG] NGSWSTATE 3 (3)
2025-09-10 14:29:10:015 [IN ] C8 24 04 0E 25 A5 04 01 31 06 81 53 FF F2 DE ED CC 03 49 (19)
                              [N4:Y] TPOS 'S' 255 242 222 237 (-860435)
2025-09-10 14:29:10:118 [IN ] C8 24 04 0E 25 A5 04 01 31 06 81 45 FF F2 DF AC 7E 7E 49 (19)
                              [N4:Y] TPOS 'E' 255 242 223 172 (-860244)
2025-09-10 14:29:10:139 [IN ] C8 24 03 0E 25 A5 03 01 31 06 81 53 FF F4 08 2F 39 95 49 (19)
                              [N3:X] TPOS 'S' 255 244 8 47 (-784337)
2025-09-10 14:29:10:221 [IN ] C8 24 03 0E 25 A5 03 01 (8)
2025-09-10 14:29:10:243 [IN ] 31 06 81 45 FF F4 08 42 3E 62 49 (11)
                              [N3:X] TPOS 'E' 255 244 8 66 (-784318)
2025-09-10 14:29:10:265 [IN ] C8 24 05 0E 25 A5 05 01 31 06 81 53 00 0C CF 7A 66 CE 49 (19)
                              [N5:V] TPOS 'S' 0 12 207 122 (839546)
2025-09-10 14:29:10:389 [IN ] C8 24 06 0E 25 A5 06 01 31 06 81 53 00 0C 93 47 F8 2D 49 (19)
                              [N6:H] TPOS 'S' 0 12 147 71 (824135)
2025-09-10 14:29:10:590 [IN ] C8 24 05 0E 25 A5 05 01 31 06 81 45 00 0D 56 7E E4 9D 49 C8 24 06 0E 25 A5 06 01 31 06 81 45 00 0C 50 36 96 50 49 (38)
                              [N5:V] TPOS 'E' 0 13 86 126 (874110)
                              [N6:H] TPOS 'E' 0 12 80 54 (806966)
