2025-09-10 14:11:25:498 [IN ] C8 24 0B 0A 25 A5 0B 01 31 02 DE 03 20 D0 00 (15)
                              [N11:NG] NGSWSTATE 3 (3)
2025-09-10 14:11:25:520 [OUT] 25 A5 01 0A 31 05 D6 3D FF 00 00 53 ED (13)
                              [N10:HMI] HMILED '=' 255 0 0 (16711680)
2025-09-10 14:11:25:543 [OUT] 25 A5 01 04 31 05 81 FF F3 29 F9 D0 43 (13)
                              [N4:Y] TPOS 255 243 41 249 (-841223)
2025-09-10 14:11:25:565 [OUT] 25 A5 01 03 31 05 81 FF F5 55 C6 CA 66 (13)
                              [N3:X] TPOS 255 245 85 198 (-698938)
2025-09-10 14:11:25:586 [OUT] 25 A5 01 05 31 05 81 00 0D 38 66 68 28 (13)
                              [N5:V] TPOS 0 13 56 102 (866406)
2025-09-10 14:11:25:609 [OUT] 25 A5 01 06 31 05 81 00 0C 4D 37 4E 28 (13)
                              [N6:H] TPOS 0 12 77 55 (806199)
2025-09-10 14:11:25:711 [IN ] C8 24 0A 0D 25 A5 0A 01 31 05 D6 3A FF 00 00 50 EA FC (18)
                              [N10:HMI] HMILED ':' 255 0 0 (16711680)
2025-09-10 14:11:25:855 [IN ] C8 24 04 0E 25 A5 04 01 31 06 81 53 FF F3 27 F7 20 A2 49 (19)
                              [N4:Y] TPOS 'S' 255 243 39 247 (-841737)
2025-09-10 14:11:25:937 [IN ] C8 24 04 0E 25 A5 04 01 31 06 81 45 FF F3 28 24 40 8B 49 (19)
                              [N4:Y] TPOS 'E' 255 243 40 36 (-841692)
2025-09-10 14:11:25:958 [IN ] C8 24 03 0E 25 A5 03 01 31 06 81 53 FF F5 54 41 98 42 49 (19)
                              [N3:X] TPOS 'S' 255 245 84 65 (-699327)
2025-09-10 14:11:26:063 [IN ] C8 24 03 0E 25 A5 03 01 31 06 81 45 FF F5 54 51 9A 0C 49 (19)
                              [N3:X] TPOS 'E' 255 245 84 81 (-699311)
2025-09-10 14:11:26:105 [IN ] C8 24 05 0E 25 A5 05 01 31 06 81 53 00 0C C3 BB 9B F7 49 (19)
                              [N5:V] TPOS 'S' 0 12 195 187 (836539)
2025-09-10 14:11:26:208 [IN ] C8 24 06 0E 25 A5 06 01 31 06 81 53 00 0C 8C EE 98 C6 49 (19)
                              [N6:H] TPOS 'S' 0 12 140 238 (822510)
2025-09-10 14:11:26:409 [IN ] C8 24 05 0E 25 A5 05 01 31 06 81 45 00 0D 3B F7 42 E0 49 C8 24 06 0E 25 A5 06 01 31 06 81 45 00 0C 49 58 B1 64 49 (38)
                              [N5:V] TPOS 'E' 0 13 59 247 (867319)
                              [N6:H] TPOS 'E' 0 12 73 88 (805208)
