2025-09-10 10:49:22:879 [OUT] 25 A5 01 0A 31 05 D6 3D FF 00 00 53 ED (13)
                              [N10:HMI] HMILED '=' 255 0 0 (16711680)
2025-09-10 10:49:22:903 [OUT] 25 A5 01 04 31 07 E7 3D 65 00 00 00 87 4D 63 (15)
                              [N4:Y] LONG32VALUE '=' 'e' 0 0 0 135 (135)
2025-09-10 10:49:22:924 [OUT] 25 A5 01 03 31 07 E7 3D 65 00 00 00 46 0B 18 (15)
                              [N3:X] LONG32VALUE '=' 'e' 0 0 0 70 (70)
2025-09-10 10:49:23:088 [IN ] C8 24 0A 0D 25 A5 0A 01 31 05 D6 3A FF 00 00 50 EA 52 (18)
                              [N10:HMI] HMILED ':' 255 0 0 (16711680)
2025-09-10 10:49:23:233 [IN ] C8 24 04 0F 25 A5 04 01 31 07 E7 3A 65 00 00 00 87 4A 54 02 (20)
                              [N4:Y] LONG32VALUE ':' 'e' 0 0 0 135 (135)
2025-09-10 10:49:23:254 [OUT] 25 A5 01 04 31 05 81 FF F0 9F E7 31 14 (13)
                              [N4:Y] TPOS 255 240 159 231 (-1007641)
2025-09-10 10:49:23:381 [IN ] C8 24 03 0F 25 A5 03 01 31 07 E7 3A 65 00 00 00 (16)
2025-09-10 10:49:23:402 [IN ] 46 08 08 02 C8 24 0B 0A 25 A5 0B 01 31 02 DE 00 1D CD 00 (19)
                              [N3:X] LONG32VALUE ':' 'e' 0 0 0 70 (70)
                              [N11:NG] NGSWSTATE 0 (0)
2025-09-10 10:49:23:423 [OUT] 25 A5 01 03 31 05 81 FF F6 02 5C 0E 59 (13)
                              [N3:X] TPOS 255 246 2 92 (-654756)
2025-09-10 10:49:23:506 [IN ] C8 24 04 0E 25 A5 04 01 31 06 81 53 FF EF 88 83 09 E4 08 (19)
                              [N4:Y] TPOS 'S' 255 239 136 131 (-1079165)
2025-09-10 10:49:23:527 [OUT] 25 A5 01 04 31 01 DB 12 85 (9)
                              [N4:Y] STARTMOVE
2025-09-10 10:49:23:630 [IN ] C8 24 03 0E 25 A5 03 01 31 06 81 53 FF F5 6F C1 33 F8 08 (19)
                              [N3:X] TPOS 'S' 255 245 111 193 (-692287)
2025-09-10 10:49:23:652 [OUT] 25 A5 01 03 31 01 DB 11 81 (9)
                              [N3:X] STARTMOVE
2025-09-10 10:49:23:714 [IN ] C8 24 04 0A 25 A5 04 01 31 02 DB 01 14 9E 6F (15)
                              [N4:Y] STARTMOVE ''
2025-09-10 10:49:23:818 [IN ] C8 24 03 0A 25 A5 03 01 31 02 DB 01 13 98 6F (15)
                              [N3:X] STARTMOVE ''
2025-09-10 10:49:24:420 [IN ] C8 24 04 0E 25 A5 04 01 31 06 81 45 FF F0 A1 21 B3 71 08 C8 24 03 0E 25 A5 03 01 31 06 81 45 FF F6 01 85 7C 9D 08 C8 24 0B 0A 25 A5 0B 01 31 02 DE 00 1D CD 01 (53)
                              [N4:Y] TPOS 'E' 255 240 161 33 (-1007327)
                              [N3:X] TPOS 'E' 255 246 1 133 (-654971)
                              [N11:NG] NGSWSTATE 0 (0)
2025-09-10 10:49:24:844 [OUT] 25 A5 01 04 31 07 E7 3D 65 00 00 00 85 4B 61 (15)
                              [N4:Y] LONG32VALUE '=' 'e' 0 0 0 133 (133)
2025-09-10 10:49:24:866 [OUT] 25 A5 01 03 31 07 E7 3D 65 00 00 00 87 4C 59 (15)
                              [N3:X] LONG32VALUE '=' 'e' 0 0 0 135 (135)
2025-09-10 10:49:25:072 [IN ] C8 24 04 0F 25 A5 04 01 31 07 E7 3A 65 00 00 00 85 48 52 02 (20)
                              [N4:Y] LONG32VALUE ':' 'e' 0 0 0 133 (133)
2025-09-10 10:49:25:092 [OUT] 25 A5 01 04 31 05 81 FF F5 E1 47 D8 07 (13)
                              [N4:Y] TPOS 255 245 225 71 (-663225)
2025-09-10 10:49:25:196 [IN ] C8 24 03 0F 25 A5 03 01 31 07 E7 3A 65 00 00 00 87 49 49 02 (20)
                              [N3:X] LONG32VALUE ':' 'e' 0 0 0 135 (135)
2025-09-10 10:49:25:218 [OUT] 25 A5 01 03 31 05 81 FF F0 B6 61 C1 B4 (13)
                              [N3:X] TPOS 255 240 182 97 (-1001887)
2025-09-10 10:49:25:341 [IN ] C8 24 04 0E 25 A5 04 01 31 06 81 53 FF F0 A1 21 C1 B7 49 (19)
                              [N4:Y] TPOS 'S' 255 240 161 33 (-1007327)
2025-09-10 10:49:25:362 [OUT] 25 A5 01 04 31 01 DB 12 85 (9)
                              [N4:Y] STARTMOVE
2025-09-10 10:49:25:404 [IN ] C8 24 0B 0A 25 A5 0B 01 31 02 DE 00 1D CD A1 (15)
                              [N11:NG] NGSWSTATE 0 (0)
2025-09-10 10:49:25:466 [IN ] C8 24 03 0E 25 A5 03 01 31 06 81 53 FF F6 01 85 8A E3 49 (19)
                              [N3:X] TPOS 'S' 255 246 1 133 (-654971)
2025-09-10 10:49:25:487 [OUT] 25 A5 01 03 31 01 DB 11 81 (9)
                              [N3:X] STARTMOVE
2025-09-10 10:49:25:550 [IN ] C8 24 04 0A 25 A5 04 01 31 02 DB 01 14 9E 01 (15)
                              [N4:Y] STARTMOVE ''
2025-09-10 10:49:25:632 [IN ] C8 24 03 0A 25 A5 03 01 31 02 DB 01 13 98 01 (15)
                              [N3:X] STARTMOVE ''
2025-09-10 10:49:26:435 [IN ] C8 24 0B 0A 25 A5 0B 01 31 02 DE 00 1D CD 01 (15)
                              [N11:NG] NGSWSTATE 0 (0)
2025-09-10 10:49:27:439 [IN ] C8 24 0B 0A 25 A5 0B 01 31 02 DE 00 1D CD 01 (15)
                              [N11:NG] NGSWSTATE 0 (0)
2025-09-10 10:49:27:640 [IN ] C8 24 03 0E 25 A5 03 01 31 06 81 45 FF F0 B3 FF A2 69 49 C8 24 04 0E 25 A5 04 01 31 06 81 45 FF F5 E2 A5 7D 86 49 (38)
                              [N3:X] TPOS 'E' 255 240 179 255 (-1002497)
                              [N4:Y] TPOS 'E' 255 245 226 165 (-662875)
2025-09-10 10:49:28:065 [OUT] 25 A5 01 04 31 03 84 00 50 0D FC (11)
                              [N4:Y] VEL 0 80 (80)
2025-09-10 10:49:28:087 [OUT] 25 A5 01 03 31 03 84 00 50 0C F6 (11)
                              [N3:X] VEL 0 80 (80)
2025-09-10 10:49:28:108 [OUT] 25 A5 01 09 31 05 81 FF ED 99 27 6D 67 (13)
                              [N9:P] TPOS 255 237 153 39 (-1205977)
2025-09-10 10:49:28:130 [OUT] 25 A5 01 0C 31 05 81 FF D0 F5 D0 58 89 (13)
                              [N12:Z] TPOS 255 208 245 208 (-3082800)
2025-09-10 10:49:28:152 [OUT] 25 A5 01 05 31 05 81 00 0C D1 0B A5 FC (13)
                              [N5:V] TPOS 0 12 209 11 (839947)
2025-09-10 10:49:28:173 [OUT] 25 A5 01 06 31 05 81 00 0C 91 0D 68 86 (13)
                              [N6:H] TPOS 0 12 145 13 (823565)
2025-09-10 10:49:28:195 [OUT] 25 A5 01 07 31 05 81 FF DF B4 4D 9E 89 (13)
                              [N7:N] TPOS 255 223 180 77 (-2116531)
2025-09-10 10:49:28:217 [IN ] C8 24 04 0C 25 A5 04 01 31 04 84 53 00 50 61 BA 7D (17)
                              [N4:Y] VEL 'S' 0 80 (80)
2025-09-10 10:49:28:238 [OUT] 25 A5 01 04 31 05 81 FF F4 F4 3A DD 1D (13)
                              [N4:Y] TPOS 255 244 244 58 (-723910)
2025-09-10 10:49:28:362 [IN ] C8 24 03 0C 25 A5 03 01 31 04 84 53 00 50 60 B2 7D (17)
                              [N3:X] VEL 'S' 0 80 (80)
2025-09-10 10:49:28:384 [OUT] 25 A5 01 03 31 05 81 FF EF F7 4C EC 1E (13)
                              [N3:X] TPOS 255 239 247 76 (-1050804)
2025-09-10 10:49:28:426 [IN ] C8 24 0B 0A 25 A5 0B 01 31 02 DE 00 1D CD 60 (15)
                              [N11:NG] NGSWSTATE 0 (0)
2025-09-10 10:49:28:467 [IN ] C8 24 09 0E 25 A5 09 01 31 06 81 53 FF EE D6 12 EA 3E 49 (19)
                              [N9:P] TPOS 'S' 255 238 214 18 (-1124846)
2025-09-10 10:49:28:591 [IN ] C8 24 0C 0E 25 A5 0C 01 31 06 81 53 FF D1 A1 CF 58 58 49 (19)
                              [N12:Z] TPOS 'S' 255 209 161 207 (-3038769)
2025-09-10 10:49:28:735 [IN ] C8 24 05 0E 25 A5 05 01 31 06 81 53 00 0D 54 08 7A 69 49 (19)
                              [N5:V] TPOS 'S' 0 13 84 8 (873480)
2025-09-10 10:49:28:858 [IN ] C8 24 06 0E 25 A5 06 01 31 06 81 53 00 0D C2 52 33 99 49 (19)
                              [N6:H] TPOS 'S' 0 13 194 82 (901714)
2025-09-10 10:49:28:940 [IN ] C8 24 0C 0E 25 A5 0C 01 31 06 81 45 FF D0 F4 26 F3 0C 49 (19)
                              [N12:Z] TPOS 'E' 255 208 244 38 (-3083226)
2025-09-10 10:49:29:003 [IN ] C8 24 07 0E 25 A5 07 01 31 06 81 53 FF D6 40 C7 EF 6B 49 (19)
                              [N7:N] TPOS 'S' 255 214 64 199 (-2735929)
2025-09-10 10:49:29:046 [IN ] C8 24 09 0E 25 A5 (6)
2025-09-10 10:49:29:069 [IN ] 09 01 31 06 81 45 FF ED 96 6D F6 D0 49 C8 24 05 0E 25 A5 05 01 31 06 81 45 00 0C CF FC DA 0A 49 (32)
                              [N9:P] TPOS 'E' 255 237 150 109 (-1206675)
                              [N5:V] TPOS 'E' 0 12 207 252 (839676)
2025-09-10 10:49:29:111 [IN ] C8 24 04 0E 25 A5 (6)
2025-09-10 10:49:29:132 [IN ] 04 01 31 06 81 53 FF F5 E2 A5 8B CC 49 (13)
                              [N4:Y] TPOS 'S' 255 245 226 165 (-662875)
2025-09-10 10:49:29:257 [IN ] C8 24 03 0E 25 A5 03 01 31 06 81 53 FF F0 B3 FF B0 AF 49 (19)
                              [N3:X] TPOS 'S' 255 240 179 255 (-1002497)
2025-09-10 10:49:29:458 [IN ] C8 24 06 0E 25 A5 06 01 31 06 81 45 00 0C 8E 22 C0 B8 49 C8 24 0B 0A 25 A5 0B 01 31 02 DE 00 1D CD 8E (34)
                              [N6:H] TPOS 'E' 0 12 142 34 (822818)
                              [N11:NG] NGSWSTATE 0 (0)
2025-09-10 10:49:29:659 [IN ] C8 24 04 0E 25 A5 04 01 31 06 81 45 FF F4 F2 25 0C 23 49 C8 24 03 0E 25 A5 03 01 31 06 81 45 FF EF F5 D3 B7 BE 49 (38)
                              [N4:Y] TPOS 'E' 255 244 242 37 (-724443)
                              [N3:X] TPOS 'E' 255 239 245 211 (-1051181)
2025-09-10 10:49:30:462 [IN ] C8 24 0B 0A 25 A5 0B 01 31 02 DE 00 1D CD F5 (15)
                              [N11:NG] NGSWSTATE 0 (0)
2025-09-10 10:49:31:465 [IN ] C8 24 0B 0A 25 A5 0B 01 31 02 DE 00 1D CD F5 (15)
                              [N11:NG] NGSWSTATE 0 (0)
2025-09-10 10:49:32:066 [IN ] C8 24 07 0E 25 A5 07 01 31 06 81 45 FF DF B8 7F 1A E8 49 (19)
                              [N7:N] TPOS 'E' 255 223 184 127 (-2115457)
