2025-09-10 10:30:54:658 [OUT] 25 A5 01 0A 31 05 D6 3D FF 00 00 53 ED (13)
                              [N10:HMI] HMILED '=' 255 0 0 (16711680)
2025-09-10 10:30:54:683 [OUT] 25 A5 01 04 31 07 E7 3D 65 00 00 00 87 4D 63 (15)
                              [N4:Y] LONG32VALUE '=' 'e' 0 0 0 135 (135)
2025-09-10 10:30:54:705 [OUT] 25 A5 01 03 31 07 E7 3D 65 00 00 00 5F 24 31 (15)
                              [N3:X] LONG32VALUE '=' 'e' 0 0 0 95 (95)
2025-09-10 10:30:54:850 [IN ] C8 24 0A 0D 25 A5 0A 01 31 05 D6 3A FF 00 00 50 EA 38 (18)
                              [N10:HMI] HMILED ':' 255 0 0 (16711680)
2025-09-10 10:30:55:015 [IN ] C8 24 04 0F 25 A5 04 01 31 07 E7 3A 65 00 00 00 87 4A 54 02 (20)
                              [N4:Y] LONG32VALUE ':' 'e' 0 0 0 135 (135)
2025-09-10 10:30:55:037 [OUT] 25 A5 01 04 31 05 81 FF F3 D3 73 F4 11 (13)
                              [N4:Y] TPOS 255 243 211 115 (-797837)
2025-09-10 10:30:55:180 [IN ] C8 24 03 0F 25 A5 03 01 31 07 E7 3A 65 00 00 00 5F 21 21 02 (20)
                              [N3:X] LONG32VALUE ':' 'e' 0 0 0 95 (95)
2025-09-10 10:30:55:202 [OUT] 25 A5 01 03 31 05 81 FF F1 71 CC E8 98 (13)
                              [N3:X] TPOS 255 241 113 204 (-953908)
2025-09-10 10:30:55:264 [IN ] C8 24 04 0E 25 A5 04 01 31 06 81 53 FF F2 DB 6E 4A 7E 21 (19)
                              [N4:Y] TPOS 'S' 255 242 219 110 (-861330)
2025-09-10 10:30:55:285 [OUT] 25 A5 01 04 31 01 DB 12 85 (9)
                              [N4:Y] STARTMOVE
2025-09-10 10:30:55:408 [IN ] C8 24 03 0E 25 A5 03 01 31 06 81 53 FF F0 C1 DD 9C A9 21 (19)
                              [N3:X] TPOS 'S' 255 240 193 221 (-998947)
2025-09-10 10:30:55:429 [OUT] 25 A5 01 03 31 01 DB 11 81 (9)
                              [N3:X] STARTMOVE
2025-09-10 10:30:55:492 [IN ] C8 24 04 0A 25 A5 04 01 31 02 DB 01 14 9E C1 (15)
                              [N4:Y] STARTMOVE ''
2025-09-10 10:30:55:596 [IN ] C8 24 03 0A 25 A5 03 01 31 02 DB 01 13 98 C1 (15)
                              [N3:X] STARTMOVE ''
2025-09-10 10:30:55:797 [IN ] C8 24 0B 0A 25 A5 0B 01 31 02 DE 00 1D CD C1 (15)
                              [N11:NG] NGSWSTATE 0 (0)
2025-09-10 10:30:55:998 [IN ] C8 24 04 0E 25 A5 04 01 31 06 81 45 FF F3 D4 F7 BF B6 21 (19)
                              [N4:Y] TPOS 'E' 255 243 212 247 (-797449)
2025-09-10 10:30:56:199 [IN ] C8 24 03 0E 25 A5 03 01 31 06 81 45 FF F1 71 C4 26 AD 21 (19)
                              [N3:X] TPOS 'E' 255 241 113 196 (-953916)
2025-09-10 10:30:56:622 [OUT] 25 A5 01 04 31 03 84 00 50 0D FC (11)
                              [N4:Y] VEL 0 80 (80)
2025-09-10 10:30:56:625 [IN ] C8 24 0B 0A 25 A5 0B 01 31 02 DE 00 1D CD 71 (15)
                              [N11:NG] NGSWSTATE 0 (0)
2025-09-10 10:30:56:648 [OUT] 25 A5 01 03 31 03 84 00 50 0C F6 (11)
                              [N3:X] VEL 0 80 (80)
2025-09-10 10:30:56:792 [IN ] C8 24 04 0C 25 A5 04 01 31 04 84 53 00 50 61 BA 26 (17)
                              [N4:Y] VEL 'S' 0 80 (80)
2025-09-10 10:30:56:814 [OUT] 25 A5 01 04 31 05 81 FF FF 8D 56 9D 8C (13)
                              [N4:Y] TPOS 255 255 141 86 (-29354)
2025-09-10 10:30:56:896 [IN ] C8 24 03 0C 25 A5 03 01 31 04 84 53 00 50 60 B2 26 (17)
                              [N3:X] VEL 'S' 0 80 (80)
2025-09-10 10:30:56:918 [OUT] 25 A5 01 03 31 05 81 FF E3 C7 4C B0 9A (13)
                              [N3:X] TPOS 255 227 199 76 (-1849524)
2025-09-10 10:30:57:021 [IN ] C8 24 04 0E 25 A5 04 01 31 06 81 53 FF F3 D4 F7 CD FC 21 (19)
                              [N4:Y] TPOS 'S' 255 243 212 247 (-797449)
2025-09-10 10:30:57:144 [IN ] C8 24 03 0E 25 A5 03 01 31 06 81 53 FF F1 71 C4 34 F3 21 (19)
                              [N3:X] TPOS 'S' 255 241 113 196 (-953916)
2025-09-10 10:30:57:746 [IN ] C8 24 0B 0A 25 A5 0B 01 31 02 DE 00 1D CD 71 (15)
                              [N11:NG] NGSWSTATE 0 (0)
2025-09-10 10:30:58:749 [IN ] C8 24 0B 0A 25 A5 0B 01 31 02 DE 00 1D CD 71 (15)
                              [N11:NG] NGSWSTATE 0 (0)
2025-09-10 10:30:59:751 [IN ] C8 24 0B 0A 25 A5 0B 01 31 02 DE 00 1D CD 71 (15)
                              [N11:NG] NGSWSTATE 0 (0)
2025-09-10 10:31:00:753 [IN ] C8 24 0B 0A 25 A5 0B 01 31 02 DE 00 1D CD 71 (15)
                              [N11:NG] NGSWSTATE 0 (0)
2025-09-10 10:31:01:756 [IN ] C8 24 0B 0A 25 A5 0B 01 31 02 DE 00 1D CD 71 (15)
                              [N11:NG] NGSWSTATE 0 (0)
2025-09-10 10:31:02:760 [IN ] C8 24 0B 0A 25 A5 0B 01 31 02 DE 00 1D CD 71 (15)
                              [N11:NG] NGSWSTATE 0 (0)
2025-09-10 10:31:03:363 [IN ] C8 24 03 0E 25 A5 03 01 31 06 81 45 FF E3 C5 87 2F EE 21 (19)
                              [N3:X] TPOS 'E' 255 227 197 135 (-1849977)
2025-09-10 10:31:03:764 [IN ] C8 24 0B 0A 25 A5 0B 01 31 02 DE 00 1D CD C5 (15)
                              [N11:NG] NGSWSTATE 0 (0)
2025-09-10 10:31:04:166 [IN ] C8 24 04 0E 25 A5 04 01 31 06 81 45 FF FF 8C D0 5C 23 21 (19)
                              [N4:Y] TPOS 'E' 255 255 140 208 (-29488)
