2026-04-24 09:53:57:454 [OUT] 25 A5 01 0A 31 05 D6 3D FF 00 00 53 ED (13)
                              [N10:HMI] HMILED '=' 255 0 0 (16711680)
2026-04-24 09:53:57:476 [OUT] 25 A5 01 09 31 05 81 FF EA 36 FF DF 70 (13)
                              [N9:P] TPOS 255 234 54 255 (-1427713)
2026-04-24 09:53:57:500 [OUT] 25 A5 01 08 31 05 81 FF EE 15 56 18 89 (13)
                              [N8:R] TPOS 255 238 21 86 (-1174186)
2026-04-24 09:53:57:584 [IN ] C8 24 0B 0A 25 A5 0B 01 31 02 DE 03 20 D0 80 (15)
                              [N11:NG] NGSWSTATE 3 (3)
2026-04-24 09:53:57:626 [IN ] C8 24 0A 0D 25 A5 0A 01 31 05 D6 3A FF 00 00 50 EA E5 (18)
                              [N10:HMI] HMILED ':' 255 0 0 (16711680)
2026-04-24 09:53:57:774 [IN ] C8 24 09 0E 25 A5 09 01 31 06 81 53 FF FF DB BB A9 24 0A (19)
                              [N9:P] TPOS 'S' 255 255 219 187 (-9285)
2026-04-24 09:53:57:900 [IN ] C8 24 08 0E 25 A5 08 01 31 06 81 53 FF EE 13 70 84 0C 0A (19)
                              [N8:R] TPOS 'S' 255 238 19 112 (-1174672)
2026-04-24 09:53:58:102 [IN ] C8 24 08 0E 25 A5 08 01 31 06 81 45 FF EE 13 67 6D BD 0A (19)
                              [N8:R] TPOS 'E' 255 238 19 103 (-1174681)
2026-04-24 09:53:58:704 [IN ] C8 24 0B 0A 25 A5 0B 01 31 02 DE 03 20 D0 13 (15)
                              [N11:NG] NGSWSTATE 3 (3)
2026-04-24 09:53:59:707 [IN ] C8 24 0B 0A 25 A5 0B 01 31 02 DE 03 20 D0 13 (15)
                              [N11:NG] NGSWSTATE 3 (3)
2026-04-24 09:54:00:709 [IN ] C8 24 0B 0A 25 A5 0B 01 31 02 DE 03 20 D0 13 (15)
                              [N11:NG] NGSWSTATE 3 (3)
