2026-02-26 13:55:37:987 [OUT] 25 A5 01 0A 31 05 D6 3D FF 00 00 53 ED (13)
                              [N10:HMI] HMILED '=' 255 0 0 (16711680)
2026-02-26 13:55:38:011 [OUT] 25 A5 01 04 31 07 E7 3D 65 00 00 00 94 5A 70 (15)
                              [N4:Y] LONG32VALUE '=' 'e' 0 0 0 148 (148)
2026-02-26 13:55:38:033 [OUT] 25 A5 01 03 31 07 E7 3D 65 00 00 00 B4 79 86 (15)
                              [N3:X] LONG32VALUE '=' 'e' 0 0 0 180 (180)
2026-02-26 13:55:38:179 [IN ] C8 24 0A 0D 25 A5 0A 01 31 05 D6 3A FF 00 00 50 EA 3D (18)
                              [N10:HMI] HMILED ':' 255 0 0 (16711680)
2026-02-26 13:55:38:349 [IN ] C8 24 04 0F 25 A5 04 01 31 07 E7 3A 65 00 00 00 94 57 61 01 (20)
                              [N4:Y] LONG32VALUE ':' 'e' 0 0 0 148 (148)
2026-02-26 13:55:38:371 [OUT] 25 A5 01 04 31 05 81 FF F0 AF 9A F4 E7 (13)
                              [N4:Y] TPOS 255 240 175 154 (-1003622)
2026-02-26 13:55:38:476 [IN ] C8 24 03 0F 25 A5 03 01 31 07 E7 3A 65 00 00 00 B4 76 76 01 (20)
                              [N3:X] LONG32VALUE ':' 'e' 0 0 0 180 (180)
2026-02-26 13:55:38:497 [OUT] 25 A5 01 03 31 05 81 FF F2 7A CB F1 AC (13)
                              [N3:X] TPOS 255 242 122 203 (-886069)
2026-02-26 13:55:38:603 [IN ] C8 24 04 0E 25 A5 04 01 31 06 81 53 FF F4 32 19 4E DD 76 (19)
                              [N4:Y] TPOS 'S' 255 244 50 25 (-773607)
2026-02-26 13:55:38:624 [OUT] 25 A5 01 04 31 01 DB 12 85 (9)
                              [N4:Y] STARTMOVE
2026-02-26 13:55:38:730 [IN ] C8 24 03 0E 25 A5 03 01 31 06 81 53 FF EE 36 5E 90 0E 76 (19)
                              [N3:X] TPOS 'S' 255 238 54 94 (-1165730)
2026-02-26 13:55:38:750 [OUT] 25 A5 01 03 31 01 DB 11 81 (9)
                              [N3:X] STARTMOVE
2026-02-26 13:55:38:834 [IN ] C8 24 04 0A 25 A5 04 01 31 02 DB 01 14 9E 36 (15)
                              [N4:Y] STARTMOVE ''
2026-02-26 13:55:38:918 [IN ] C8 24 03 0A 25 A5 03 01 31 02 DB 01 13 98 36 (15)
                              [N3:X] STARTMOVE ''
2026-02-26 13:55:40:124 [IN ] C8 24 04 0E 25 A5 04 01 31 06 81 45 FF F0 AC 73 10 D9 76 (19)
                              [N4:Y] TPOS 'E' 255 240 172 115 (-1004429)
2026-02-26 13:55:40:525 [IN ] C8 24 03 0E 25 A5 03 01 31 06 81 45 FF F2 7B CE 3B CE 76 (19)
                              [N3:X] TPOS 'E' 255 242 123 206 (-885810)
2026-02-26 13:55:40:950 [OUT] 25 A5 01 04 31 03 84 00 50 0D FC (11)
                              [N4:Y] VEL 0 80 (80)
2026-02-26 13:55:40:972 [OUT] 25 A5 01 03 31 03 84 00 50 0C F6 (11)
                              [N3:X] VEL 0 80 (80)
2026-02-26 13:55:40:994 [OUT] 25 A5 01 09 31 05 81 FF EE 3F CE BB 5D (13)
                              [N9:P] TPOS 255 238 63 206 (-1163314)
2026-02-26 13:55:41:015 [OUT] 25 A5 01 05 31 05 81 00 0B A4 C6 32 5A (13)
                              [N5:V] TPOS 0 11 164 198 (763078)
2026-02-26 13:55:41:038 [OUT] 25 A5 01 07 31 05 81 FF DB B5 28 76 5A (13)
                              [N7:N] TPOS 255 219 181 40 (-2378456)
2026-02-26 13:55:41:123 [IN ] C8 24 04 0C 25 A5 04 01 31 04 84 53 00 50 61 BA 3B (17)
                              [N4:Y] VEL 'S' 0 80 (80)
2026-02-26 13:55:41:146 [OUT] 25 A5 01 04 31 05 81 FF EF A8 08 5A 44 (13)
                              [N4:Y] TPOS 255 239 168 8 (-1071096)
2026-02-26 13:55:41:231 [IN ] C8 24 03 0C 25 A5 03 01 31 04 84 53 00 50 60 B2 3B (17)
                              [N3:X] VEL 'S' 0 80 (80)
2026-02-26 13:55:41:253 [OUT] 25 A5 01 03 31 05 81 FF F1 E1 2F BB DB (13)
                              [N3:X] TPOS 255 241 225 47 (-925393)
2026-02-26 13:55:41:359 [IN ] C8 24 09 0E 25 A5 09 01 31 06 81 53 FF E7 12 18 25 A7 76 (19)
                              [N9:P] TPOS 'S' 255 231 18 24 (-1633768)
2026-02-26 13:55:41:484 [IN ] C8 24 05 0E 25 A5 05 01 31 06 81 53 00 0B D4 DC CC 37 76 (19)
                              [N5:V] TPOS 'S' 0 11 212 220 (775388)
2026-02-26 13:55:41:611 [IN ] C8 24 07 0E 25 A5 07 01 (8)
2026-02-26 13:55:41:633 [IN ] 31 06 81 53 FF F1 84 86 0D 03 76 (11)
                              [N7:N] TPOS 'S' 255 241 132 134 (-949114)
2026-02-26 13:55:41:675 [IN ] C8 24 05 0E 25 A5 05 01 31 06 81 45 00 0B A3 AD 5E 60 76 (19)
                              [N5:V] TPOS 'E' 0 11 163 173 (762797)
2026-02-26 13:55:41:738 [IN ] C8 24 04 0E 25 A5 04 01 31 06 81 53 FF F0 AC 73 1E 1F 76 (19)
                              [N4:Y] TPOS 'S' 255 240 172 115 (-1004429)
2026-02-26 13:55:41:864 [IN ] C8 24 03 0E 25 A5 03 01 31 06 81 53 FF F2 7B CE 49 14 76 (19)
                              [N3:X] TPOS 'S' 255 242 123 206 (-885810)
2026-02-26 13:55:42:267 [IN ] C8 24 04 0E 25 A5 04 01 31 06 81 45 FF EF A5 E1 76 36 76 C8 24 03 0E 25 A5 03 01 31 06 81 45 FF F1 DF 51 21 16 76 (38)
                              [N4:Y] TPOS 'E' 255 239 165 225 (-1071647)
                              [N3:X] TPOS 'E' 255 241 223 81 (-925871)
2026-02-26 13:55:43:873 [IN ] C8 24 09 0E 25 A5 09 01 31 06 81 45 FF EE 43 52 89 12 76 (19)
                              [N9:P] TPOS 'E' 255 238 67 82 (-1162414)
2026-02-26 13:55:48:284 [IN ] C8 24 07 0E 25 A5 07 01 31 06 81 45 FF DB B0 C4 53 11 76 (19)
                              [N7:N] TPOS 'E' 255 219 176 196 (-2379580)
