2026-02-26 15:41:45:760 [OUT] 25 A5 01 0A 31 05 D6 3D FF 00 00 53 ED (13)
                              [N10:HMI] HMILED '=' 255 0 0 (16711680)
2026-02-26 15:41:45:782 [OUT] 25 A5 01 03 31 02 D8 3F 4E CE (10)
                              [N3:X] INTERRUPT '?'
2026-02-26 15:41:46:083 [IN ] C8 24 0A 0D 25 A5 0A 01 31 05 D6 3A FF 00 00 50 EA D2 C8 24 03 0C 25 A5 03 01 31 04 D8 3A 01 01 4D 6A EA (35)
                              [N10:HMI] HMILED ':' 255 0 0 (16711680)
                              [N3:X] INTERRUPT ':' 1 1 (257)
2026-02-26 15:41:46:105 [OUT] 25 A5 01 09 31 03 C9 3D 09 4D 1C (11)
                              [N9:P] LFLAG '=' 9 (9)
2026-02-26 15:41:46:129 [OUT] 25 A5 01 04 31 02 D8 3F 4F D3 (10)
                              [N4:Y] INTERRUPT '?'
2026-02-26 15:41:46:430 [IN ] C8 24 09 0B 25 A5 09 01 31 03 C9 3A 09 4A 1E 6A C8 24 04 0C 25 A5 04 01 31 04 D8 3A 01 01 4E 72 EA (33)
                              [N9:P] LFLAG ':' 9 (9)
                              [N4:Y] INTERRUPT ':' 1 1 (257)
2026-02-26 15:41:46:451 [OUT] 25 A5 01 09 31 03 CA 3D 09 4E 1F (11)
                              [N9:P] RFLAG '=' 9 (9)
2026-02-26 15:41:46:476 [OUT] 25 A5 01 0C 31 02 D8 3F 57 FB (10)
                              [N12:Z] INTERRUPT '?'
2026-02-26 15:41:46:777 [IN ] C8 24 09 0B 25 A5 09 01 31 03 CA 3A 09 4B 21 72 C8 24 0C 0C 25 A5 0C 01 31 04 D8 3A 01 01 56 B2 EA (33)
                              [N9:P] RFLAG ':' 9 (9)
                              [N12:Z] INTERRUPT ':' 1 1 (257)
2026-02-26 15:41:46:799 [OUT] 25 A5 01 08 31 03 C9 3D 09 4C 16 (11)
                              [N8:R] LFLAG '=' 9 (9)
2026-02-26 15:41:46:820 [OUT] 25 A5 01 03 31 03 C9 3D 0B 49 FA (11)
                              [N3:X] LFLAG '=' 11 (11)
2026-02-26 15:41:46:841 [OUT] 25 A5 01 04 31 03 C9 3D 0B 4A 00 (11)
                              [N4:Y] LFLAG '=' 11 (11)
2026-02-26 15:41:46:863 [OUT] 25 A5 01 0C 31 03 C9 3D 0B 52 30 (11)
                              [N12:Z] LFLAG '=' 11 (11)
2026-02-26 15:41:46:968 [IN ] C8 24 08 0B 25 A5 08 01 31 03 C9 3A 09 49 17 B2 (16)
                              [N8:R] LFLAG ':' 9 (9)
2026-02-26 15:41:46:991 [OUT] 25 A5 01 08 31 03 CA 3D 09 4D 19 (11)
                              [N8:R] RFLAG '=' 9 (9)
2026-02-26 15:41:47:075 [IN ] C8 24 03 0B 25 A5 03 01 31 03 C9 3A 0B 46 F6 B2 (16)
                              [N3:X] LFLAG ':' 11 (11)
2026-02-26 15:41:47:098 [OUT] 25 A5 01 03 31 03 88 00 50 10 02 (11)
                              [N3:X] RUN 0 80 (80)
2026-02-26 15:41:47:180 [IN ] C8 24 04 0B 25 A5 04 01 (8)
2026-02-26 15:41:47:202 [IN ] 31 03 C9 3A 0B 47 FD B2 (8)
                              [N4:Y] LFLAG ':' 11 (11)
2026-02-26 15:41:47:224 [OUT] 25 A5 01 04 31 03 88 00 50 11 08 (11)
                              [N4:Y] RUN 0 80 (80)
2026-02-26 15:41:47:286 [IN ] C8 24 0C 0B 25 A5 0C 01 31 03 C9 3A 0B 4F 35 B2 (16)
                              [N12:Z] LFLAG ':' 11 (11)
2026-02-26 15:41:47:307 [OUT] 25 A5 01 0C 31 03 88 00 50 19 38 (11)
                              [N12:Z] RUN 0 80 (80)
2026-02-26 15:41:47:391 [IN ] C8 24 08 0B 25 A5 08 (7)
2026-02-26 15:41:47:412 [IN ] 01 31 03 CA 3A 09 4A 1A B2 (9)
                              [N8:R] RFLAG ':' 9 (9)
2026-02-26 15:41:47:497 [IN ] C8 (1)
2026-02-26 15:41:47:518 [IN ] 24 03 0C 25 A5 03 01 31 04 88 53 00 50 64 C2 EA (16)
                              [N3:X] RUN 'S' 0 80 (80)
2026-02-26 15:41:47:624 [IN ] C8 24 04 0C 25 A5 04 01 31 04 88 53 00 50 65 CA EA (17)
                              [N4:Y] RUN 'S' 0 80 (80)
2026-02-26 15:41:47:729 [IN ] C8 24 0C 0C 25 A5 0C 01 31 04 88 53 00 50 6D 0A EA (17)
                              [N12:Z] RUN 'S' 0 80 (80)
2026-02-26 15:41:53:950 [IN ] C8 24 04 0B 25 A5 04 01 31 03 81 5A 4C 60 A6 0A (16)
                              [N4:Y] TPOS 'Z' 76 (76)
2026-02-26 15:41:54:152 [IN ] C8 24 04 0A 25 A5 04 01 31 02 81 49 02 32 A6 (15)
                              [N4:Y] TPOS 'I'
2026-02-26 15:41:54:375 [OUT] 25 A5 01 09 31 02 D8 3F 54 EC (10)
                              [N9:P] INTERRUPT '?'
2026-02-26 15:41:54:677 [IN ] C8 24 09 0C 25 A5 09 01 31 04 D8 3A 01 01 53 9A EA (17)
                              [N9:P] INTERRUPT ':' 1 1 (257)
2026-02-26 15:41:54:698 [OUT] 25 A5 01 04 31 03 C9 3D 09 48 FE (11)
                              [N4:Y] LFLAG '=' 9 (9)
2026-02-26 15:41:54:720 [OUT] 25 A5 01 07 31 02 D8 3F 52 E2 (10)
                              [N7:N] INTERRUPT '?'
2026-02-26 15:41:55:022 [IN ] C8 24 04 0B 25 A5 04 01 31 03 C9 3A 09 45 FB 9A C8 24 07 0C 25 A5 07 01 31 04 D8 3A 01 01 51 8A EA (33)
                              [N4:Y] LFLAG ':' 9 (9)
                              [N7:N] INTERRUPT ':' 1 1 (257)
2026-02-26 15:41:55:043 [OUT] 25 A5 01 09 31 03 C9 3D 0B 4F 1E (11)
                              [N9:P] LFLAG '=' 11 (11)
2026-02-26 15:41:55:065 [OUT] 25 A5 01 07 31 03 C9 3D 0B 4D 12 (11)
                              [N7:N] LFLAG '=' 11 (11)
2026-02-26 15:41:55:192 [IN ] C8 24 09 0B 25 A5 09 01 31 03 C9 3A 0B 4C 20 8A (16)
                              [N9:P] LFLAG ':' 11 (11)
2026-02-26 15:41:55:213 [OUT] 25 A5 01 09 31 03 88 00 50 16 26 (11)
                              [N9:P] RUN 0 80 (80)
2026-02-26 15:41:55:298 [IN ] C8 24 07 (3)
2026-02-26 15:41:55:319 [IN ] 0B 25 A5 07 01 31 03 C9 3A 0B 4A 12 8A (13)
                              [N7:N] LFLAG ':' 11 (11)
2026-02-26 15:41:55:340 [OUT] 25 A5 01 07 31 03 88 00 50 14 1A (11)
                              [N7:N] RUN 0 80 (80)
2026-02-26 15:41:55:423 [IN ] C8 24 09 0C 25 A5 09 01 31 04 88 53 00 50 6A F2 EA (17)
                              [N9:P] RUN 'S' 0 80 (80)
2026-02-26 15:41:55:466 [IN ] C8 24 09 0B 25 A5 09 01 31 03 81 5A 4C 65 C9 F2 (16)
                              [N9:P] TPOS 'Z' 76 (76)
2026-02-26 15:41:55:510 [IN ] C8 24 09 0A 25 A5 09 01 31 02 81 49 07 50 C9 (15)
                              [N9:P] TPOS 'I'
2026-02-26 15:41:55:532 [IN ] C8 24 07 0C 25 A5 07 01 31 04 88 53 00 50 68 E2 EA (17)
                              [N7:N] RUN 'S' 0 80 (80)
2026-02-26 15:41:55:554 [OUT] 25 A5 01 09 31 03 C9 3D 09 4D 1C (11)
                              [N9:P] LFLAG '=' 9 (9)
2026-02-26 15:41:55:576 [OUT] 25 A5 01 04 31 05 81 FF EE 88 01 32 FA (13)
                              [N4:Y] TPOS 255 238 136 1 (-1144831)
2026-02-26 15:41:55:726 [IN ] C8 24 09 0B 25 A5 09 01 31 03 C9 3A 09 4A 1E E2 (16)
                              [N9:P] LFLAG ':' 9 (9)
2026-02-26 15:41:55:853 [IN ] C8 24 04 0E 25 A5 04 01 31 06 81 53 00 00 00 00 10 88 0A (19)
                              [N4:Y] TPOS 'S' 0 0 0 0 (0)
2026-02-26 15:41:58:062 [IN ] C8 24 03 0B 25 A5 03 01 31 03 81 5A 4C 5F 9F 00 C8 24 03 0A 25 A5 03 01 31 02 81 49 01 2C 9F (31)
                              [N3:X] TPOS 'Z' 76 (76)
                              [N3:X] TPOS 'I'
2026-02-26 15:41:58:285 [OUT] 25 A5 01 03 31 03 C9 3D 09 47 F8 (11)
                              [N3:X] LFLAG '=' 9 (9)
2026-02-26 15:41:58:453 [IN ] C8 24 03 0B 25 A5 03 01 31 03 C9 3A 09 44 F4 00 (16)
                              [N3:X] LFLAG ':' 9 (9)
2026-02-26 15:41:59:459 [IN ] C8 24 07 0B 25 A5 07 01 31 03 81 5A 4C 63 BB 00 C8 24 07 0A 25 A5 07 01 31 02 81 49 05 44 BB (31)
                              [N7:N] TPOS 'Z' 76 (76)
                              [N7:N] TPOS 'I'
2026-02-26 15:41:59:682 [OUT] 25 A5 01 07 31 03 C9 3D 09 4B 10 (11)
                              [N7:N] LFLAG '=' 9 (9)
2026-02-26 15:41:59:850 [IN ] C8 24 07 0B 25 A5 07 01 31 03 C9 3A 09 48 10 00 (16)
                              [N7:N] LFLAG ':' 9 (9)
2026-02-26 15:42:02:059 [IN ] C8 24 04 0E 25 A5 04 01 31 06 81 45 FF EE 85 B2 26 C4 0A (19)
                              [N4:Y] TPOS 'E' 255 238 133 178 (-1145422)
2026-02-26 15:42:02:283 [OUT] 25 A5 01 09 31 05 81 FF E7 5D 56 5A 0C (13)
                              [N9:P] TPOS 255 231 93 86 (-1614506)
2026-02-26 15:42:02:305 [OUT] 25 A5 01 04 31 05 81 FF FD 50 01 09 B7 (13)
                              [N4:Y] TPOS 255 253 80 1 (-176127)
2026-02-26 15:42:02:327 [OUT] 25 A5 01 07 31 05 81 FF AB 19 75 F7 DF (13)
                              [N7:N] TPOS 255 171 25 117 (-5564043)
2026-02-26 15:42:02:349 [OUT] 25 A5 01 03 31 05 81 FF EC 4A AB 9B 1A (13)
                              [N3:X] TPOS 255 236 74 171 (-1291605)
2026-02-26 15:42:02:372 [OUT] 25 A5 01 06 31 02 D8 3F 51 DD (10)
                              [N6:H] INTERRUPT '?'
2026-02-26 15:42:02:673 [IN ] C8 24 09 0E 25 A5 09 01 31 06 81 53 FF FF FF FF 11 B0 0A C8 24 04 0E 25 A5 04 01 31 06 81 53 FF EE 85 B2 34 0A 0A (38)
                              [N9:P] TPOS 'S' 255 255 255 255 (-1)
                              [N4:Y] TPOS 'S' 255 238 133 178 (-1145422)
2026-02-26 15:42:02:976 [IN ] C8 24 0C 0B 25 A5 0C 01 31 03 81 5A 4C 68 DE B2 C8 24 07 0E 25 A5 07 01 31 06 81 53 FF FF FF FA 0A 97 0A C8 24 0C 0A 25 A5 0C 01 31 02 81 49 0A 62 FF C8 24 03 0E 25 A5 03 01 31 06 81 53 00 00 
00 00 0F 7E 0A C8 24 06 0C 25 A5 06 01 31 04 D8 3A 01 01 50 82 0F (86)
                              [N12:Z] TPOS 'Z' 76 (76)
                              [N7:N] TPOS 'S' 255 255 255 250 (-6)
                              [N12:Z] TPOS 'I'
                              [N3:X] TPOS 'S' 0 0 0 0 (0)
                              [N6:H] INTERRUPT ':' 1 1 (257)
2026-02-26 15:42:02:997 [OUT] 25 A5 01 06 31 03 C9 3D 0B 4C 0C (11)
                              [N6:H] LFLAG '=' 11 (11)
2026-02-26 15:42:03:020 [OUT] 25 A5 01 0C 31 03 C9 3D 09 50 2E (11)
                              [N12:Z] LFLAG '=' 9 (9)
2026-02-26 15:42:03:147 [IN ] C8 24 06 0B 25 A5 06 01 31 03 C9 3A 0B 49 0B 82 (16)
                              [N6:H] LFLAG ':' 11 (11)
2026-02-26 15:42:03:169 [OUT] 25 A5 01 06 31 03 88 FF B0 72 72 (11)
                              [N6:H] RUN 255 176 (-80)
2026-02-26 15:42:03:275 [IN ] C8 24 0C 0B 25 A5 0C 01 31 03 C9 3A 09 4D 33 82 (16)
                              [N12:Z] LFLAG ':' 9 (9)
2026-02-26 15:42:03:297 [OUT] 25 A5 01 0C 31 05 81 FF BC D0 00 4F 33 (13)
                              [N12:Z] TPOS 255 188 208 0 (-4403200)
2026-02-26 15:42:03:380 [IN ] C8 24 06 0C 25 A5 06 01 31 04 88 53 FF B0 C6 38 0F (17)
                              [N6:H] RUN 'S' 255 176 (-80)
2026-02-26 15:42:03:507 [IN ] C8 24 0C 0E 25 A5 0C 01 31 06 81 53 FF FF FF 8D A2 5C 0A (19)
                              [N12:Z] TPOS 'S' 255 255 255 141 (-115)
2026-02-26 15:42:07:324 [IN ] C8 24 06 0B 25 A5 06 01 31 03 81 5A 4C 62 B4 8D (16)
                              [N6:H] TPOS 'Z' 76 (76)
2026-02-26 15:42:07:527 [IN ] C8 24 06 0A 25 A5 06 01 31 02 81 49 04 3E B4 (15)
                              [N6:H] TPOS 'I'
2026-02-26 15:42:07:751 [OUT] 25 A5 01 06 31 03 C9 3D 09 4A 0A (11)
                              [N6:H] LFLAG '=' 9 (9)
2026-02-26 15:42:07:921 [IN ] C8 24 06 0B 25 A5 06 01 31 03 C9 3A 09 47 09 8D (16)
                              [N6:H] LFLAG ':' 9 (9)
2026-02-26 15:42:07:942 [OUT] 25 A5 01 06 31 03 84 00 50 0F 08 (11)
                              [N6:H] VEL 0 80 (80)
2026-02-26 15:42:08:110 [IN ] C8 24 06 0C 25 A5 06 01 31 04 84 53 00 50 63 CA A2 (17)
                              [N6:H] VEL 'S' 0 80 (80)
2026-02-26 15:42:08:132 [OUT] 25 A5 01 06 31 05 81 00 19 82 3C 95 BE (13)
                              [N6:H] TPOS 0 25 130 60 (1671740)
2026-02-26 15:42:08:320 [IN ] C8 24 06 0E 25 A5 06 01 31 06 81 53 00 00 00 02 14 9E 0A (19)
                              [N6:H] TPOS 'S' 0 0 0 2 (2)
2026-02-26 15:42:10:127 [IN ] C8 24 03 0E 25 A5 03 01 31 06 81 45 FF EC 49 53 88 DD 0A (19)
                              [N3:X] TPOS 'E' 255 236 73 83 (-1291949)
2026-02-26 15:42:10:330 [IN ] C8 24 04 0E 25 A5 04 01 31 06 81 45 FF FD 4F C0 0D 93 0A (19)
                              [N4:Y] TPOS 'E' 255 253 79 192 (-176192)
2026-02-26 15:42:10:554 [OUT] 25 A5 01 03 31 05 81 FF FD 50 01 08 AF (13)
                              [N3:X] TPOS 255 253 80 1 (-176127)
2026-02-26 15:42:10:638 [IN ] C8 24 09 0E 25 A5 09 01 31 06 81 45 FF E7 5A E3 2A BC 0A (19)
                              [N9:P] TPOS 'E' 255 231 90 227 (-1615133)
2026-02-26 15:42:10:702 [OUT] 25 A5 01 09 31 05 81 FF FF D9 C8 60 BE (13)
                              [N9:P] TPOS 255 255 217 200 (-9784)
2026-02-26 15:42:10:744 [IN ] C8 24 03 0E 25 A5 03 01 31 06 81 53 FF EC 49 53 96 23 0A (19)
                              [N3:X] TPOS 'S' 255 236 73 83 (-1291949)
2026-02-26 15:42:10:890 [IN ] C8 24 09 0E 25 A5 09 01 31 06 81 53 FF E7 5A E4 39 03 0A (19)
                              [N9:P] TPOS 'S' 255 231 90 228 (-1615132)
2026-02-26 15:42:16:109 [IN ] C8 24 06 0E 25 A5 06 01 31 06 81 45 00 19 85 4D EF F8 0A (19)
                              [N6:H] TPOS 'E' 0 25 133 77 (1672525)
2026-02-26 15:42:16:534 [OUT] 25 A5 01 06 31 05 81 00 0D 03 C1 8F 21 (13)
                              [N6:H] TPOS 0 13 3 193 (852929)
2026-02-26 15:42:16:743 [IN ] C8 24 06 0E 25 A5 06 01 31 06 81 53 00 19 85 4D FD 3E 0A (19)
                              [N6:H] TPOS 'S' 0 25 133 77 (1672525)
2026-02-26 15:42:19:152 [IN ] C8 24 09 0E 25 A5 09 01 31 06 81 45 FF FF DC 0E EF 33 0A (19)
                              [N9:P] TPOS 'E' 255 255 220 14 (-9202)
2026-02-26 15:42:19:375 [OUT] 25 A5 01 08 31 02 D8 3F 53 E7 (10)
                              [N8:R] INTERRUPT '?'
2026-02-26 15:42:19:676 [IN ] C8 24 08 0C 25 A5 08 01 31 04 D8 3A 01 01 52 92 EF (17)
                              [N8:R] INTERRUPT ':' 1 1 (257)
2026-02-26 15:42:19:697 [OUT] 25 A5 01 08 31 03 CA 3D 0B 4F 1B (11)
                              [N8:R] RFLAG '=' 11 (11)
2026-02-26 15:42:19:865 [IN ] C8 24 08 0B 25 A5 08 01 31 03 CA 3A 0B 4C 1C 92 (16)
                              [N8:R] RFLAG ':' 11 (11)
2026-02-26 15:42:19:887 [OUT] 25 A5 01 08 31 03 88 00 50 15 20 (11)
                              [N8:R] RUN 0 80 (80)
2026-02-26 15:42:20:053 [IN ] C8 24 08 0C 25 A5 08 01 31 04 88 53 00 50 69 EA EF (17)
                              [N8:R] RUN 'S' 0 80 (80)
2026-02-26 15:42:20:454 [IN ] C8 24 06 0E 25 A5 06 01 31 06 81 45 00 0C FE F3 01 69 0A (19)
                              [N6:H] TPOS 'E' 0 12 254 243 (851699)
2026-02-26 15:42:20:678 [OUT] 25 A5 01 05 31 02 D8 3F 50 D8 (10)
                              [N5:V] INTERRUPT '?'
2026-02-26 15:42:20:979 [IN ] C8 24 05 0C 25 A5 05 01 31 04 D8 3A 01 01 4F 7A 01 C8 24 03 0E 25 A5 03 01 31 06 81 45 FF FD 4F F8 44 C1 0A (36)
                              [N5:V] INTERRUPT ':' 1 1 (257)
                              [N3:X] TPOS 'E' 255 253 79 248 (-176136)
2026-02-26 15:42:21:000 [OUT] 25 A5 01 05 31 03 C9 3D 0B 4B 06 (11)
                              [N5:V] LFLAG '=' 11 (11)
2026-02-26 15:42:21:187 [IN ] C8 24 05 0B 25 A5 05 01 31 03 C9 3A 0B 48 04 F8 (16)
                              [N5:V] LFLAG ':' 11 (11)
2026-02-26 15:42:21:209 [OUT] 25 A5 01 05 31 03 88 FF B0 71 6C (11)
                              [N5:V] RUN 255 176 (-80)
2026-02-26 15:42:21:377 [IN ] C8 24 05 0C 25 A5 05 01 31 04 88 53 FF B0 C5 30 44 (17)
                              [N5:V] RUN 'S' 255 176 (-80)
2026-02-26 15:42:25:191 [IN ] C8 24 0C 0E 25 A5 0C 01 31 06 81 45 FF BC CC AD 3E 07 0A (19)
                              [N12:Z] TPOS 'E' 255 188 204 173 (-4404051)
2026-02-26 15:42:25:616 [OUT] 25 A5 01 0C 31 05 81 FF D1 1A 67 15 6D (13)
                              [N12:Z] TPOS 255 209 26 103 (-3073433)
2026-02-26 15:42:25:786 [IN ] C8 24 0C 0E 25 A5 0C 01 31 06 81 53 FF BC CC BE 5D 5E 0A (19)
                              [N12:Z] TPOS 'S' 255 188 204 190 (-4404034)
2026-02-26 15:42:26:590 [IN ] C8 24 05 0B 25 A5 05 01 31 03 81 5A 4C 61 AD BE C8 24 05 0A 25 A5 05 01 31 02 81 49 03 38 AD (31)
                              [N5:V] TPOS 'Z' 76 (76)
                              [N5:V] TPOS 'I'
2026-02-26 15:42:26:813 [OUT] 25 A5 01 05 31 03 C9 3D 09 49 04 (11)
                              [N5:V] LFLAG '=' 9 (9)
2026-02-26 15:42:26:962 [IN ] C8 24 08 0B 25 A5 08 01 31 03 81 5A 52 6A C8 BE (16)
                              [N8:R] TPOS 'Z' 82 (82)
2026-02-26 15:42:26:983 [IN ] C8 24 05 0B 25 A5 05 01 31 03 C9 3A 09 46 02 BE (16)
                              [N5:V] LFLAG ':' 9 (9)
2026-02-26 15:42:27:005 [OUT] 25 A5 01 05 31 03 84 00 50 0E 02 (11)
                              [N5:V] VEL 0 80 (80)
2026-02-26 15:42:27:006 [IN ] C8 24 08 0A 25 A5 08 01 31 02 81 49 06 4A 02 (15)
                              [N8:R] TPOS 'I'
2026-02-26 15:42:27:048 [OUT] 25 A5 01 08 31 03 CA 3D 09 4D 19 (11)
                              [N8:R] RFLAG '=' 9 (9)
2026-02-26 15:42:27:173 [IN ] C8 24 05 0C 25 A5 05 01 31 (9)
2026-02-26 15:42:27:194 [IN ] 04 84 53 00 50 62 C2 5D (8)
                              [N5:V] VEL 'S' 0 80 (80)
2026-02-26 15:42:27:215 [OUT] 25 A5 01 05 31 05 81 00 19 82 3C 94 B6 (13)
                              [N5:V] TPOS 0 25 130 60 (1671740)
2026-02-26 15:42:27:278 [IN ] C8 24 08 0B 25 A5 08 01 31 03 CA 3A 09 4A 1A C2 (16)
                              [N8:R] RFLAG ':' 9 (9)
2026-02-26 15:42:27:299 [OUT] 25 A5 01 08 31 05 81 FF DC 77 1D 2F DE (13)
                              [N8:R] TPOS 255 220 119 29 (-2328803)
2026-02-26 15:42:27:405 [IN ] C8 24 05 0E 25 A5 05 01 31 06 81 53 00 00 00 00 11 92 0A (19)
                              [N5:V] TPOS 'S' 0 0 0 0 (0)
2026-02-26 15:42:27:531 [IN ] C8 24 08 0E 25 A5 08 01 31 06 81 53 FF FF FF C9 DA 70 0A (19)
                              [N8:R] TPOS 'S' 255 255 255 201 (-55)
2026-02-26 15:42:27:932 [IN ] C8 24 07 0E 25 A5 07 01 31 06 81 45 FF AB 15 36 FA BD 0A (19)
                              [N7:N] TPOS 'E' 255 171 21 54 (-5565130)
2026-02-26 15:42:28:355 [OUT] 25 A5 01 07 31 05 81 FF F3 35 BF A5 39 (13)
                              [N7:N] TPOS 255 243 53 191 (-838209)
2026-02-26 15:42:28:524 [IN ] C8 24 07 0E 25 A5 07 01 31 06 81 53 FF AB 15 37 09 04 0A (19)
                              [N7:N] TPOS 'S' 255 171 21 55 (-5565129)
2026-02-26 15:42:32:139 [IN ] C8 24 0C 0E 25 A5 0C 01 31 06 81 45 FF D1 1D FC F3 37 0A (19)
                              [N12:Z] TPOS 'E' 255 209 29 252 (-3072516)
2026-02-26 15:42:35:750 [IN ] C8 24 05 0E 25 A5 05 01 31 06 81 45 00 19 83 35 D4 D2 0A (19)
                              [N5:V] TPOS 'E' 0 25 131 53 (1671989)
2026-02-26 15:42:36:175 [OUT] 25 A5 01 05 31 05 81 00 0D 03 C1 8E 19 (13)
                              [N5:V] TPOS 0 13 3 193 (852929)
2026-02-26 15:42:36:364 [IN ] C8 24 05 0E 25 A5 05 01 31 06 81 53 00 19 83 35 E2 18 0A (19)
                              [N5:V] TPOS 'S' 0 25 131 53 (1671989)
2026-02-26 15:42:40:578 [IN ] C8 24 08 0E 25 A5 08 01 31 06 81 45 FF DC 75 36 8C 1A 0A (19)
                              [N8:R] TPOS 'E' 255 220 117 54 (-2329290)
2026-02-26 15:42:41:001 [OUT] 25 A5 01 08 31 05 81 FF EE 15 56 18 89 (13)
                              [N8:R] TPOS 255 238 21 86 (-1174186)
2026-02-26 15:42:41:190 [IN ] C8 24 08 0E 25 A5 08 01 31 06 81 53 FF DC 75 39 9D 63 0A (19)
                              [N8:R] TPOS 'S' 255 220 117 57 (-2329287)
2026-02-26 15:42:41:792 [IN ] C8 24 05 0E 25 A5 05 01 31 06 81 45 00 0D 01 E2 F3 57 0A (19)
                              [N5:V] TPOS 'E' 0 13 1 226 (852450)
2026-02-26 15:42:42:017 [OUT] 25 A5 01 03 31 05 81 FF ED B1 30 88 70 (13)
                              [N3:X] TPOS 255 237 177 48 (-1199824)
2026-02-26 15:42:42:039 [OUT] 25 A5 01 04 31 05 81 FF F3 BD 0C 77 7E (13)
                              [N4:Y] TPOS 255 243 189 12 (-803572)
2026-02-26 15:42:42:208 [IN ] C8 24 03 0E 25 A5 03 01 31 06 81 53 FF FD 4F F8 52 07 0A (19)
                              [N3:X] TPOS 'S' 255 253 79 248 (-176136)
2026-02-26 15:42:42:312 [IN ] C8 24 04 0E 25 A5 04 01 31 06 81 53 FF FD 4F C0 1B D9 0A (19)
                              [N4:Y] TPOS 'S' 255 253 79 192 (-176192)
2026-02-26 15:42:45:723 [IN ] C8 24 04 0E 25 A5 04 01 31 06 81 45 FF F3 BA 95 43 20 0A (19)
                              [N4:Y] TPOS 'E' 255 243 186 149 (-804203)
2026-02-26 15:42:47:933 [IN ] C8 24 03 0E 25 A5 03 01 31 06 81 45 FF ED AF 3A D6 93 0A C8 24 08 0E 25 A5 08 01 31 06 81 45 FF EE 17 78 82 D6 0A (38)
                              [N3:X] TPOS 'E' 255 237 175 58 (-1200326)
                              [N8:R] TPOS 'E' 255 238 23 120 (-1173640)
2026-02-26 15:42:50:141 [IN ] C8 24 07 0E 25 A5 07 01 31 06 81 45 FF F3 3A 0F 40 B8 0A (19)
                              [N7:N] TPOS 'E' 255 243 58 15 (-837105)
