2026-04-17 11:13:50:824 [OUT] 25 A5 01 0A 31 05 D6 3D FF 00 00 53 ED (13)
                              [N10:HMI] HMILED '=' 255 0 0 (16711680)
2026-04-17 11:13:50:848 [OUT] 25 A5 01 04 31 07 E7 3D 65 00 00 00 B4 7A 90 (15)
                              [N4:Y] LONG32VALUE '=' 'e' 0 0 0 180 (180)
2026-04-17 11:13:50:870 [OUT] 25 A5 01 03 31 07 E7 3D 65 00 00 00 7E 43 50 (15)
                              [N3:X] LONG32VALUE '=' 'e' 0 0 0 126 (126)
2026-04-17 11:13:51:017 [IN ] C8 24 0A 0D 25 A5 0A 01 31 05 D6 3A FF 00 00 50 EA 45 (18)
                              [N10:HMI] HMILED ':' 255 0 0 (16711680)
2026-04-17 11:13:51:187 [IN ] C8 24 04 0F 25 A5 04 01 31 07 E7 3A 65 00 00 00 B4 77 81 01 (20)
                              [N4:Y] LONG32VALUE ':' 'e' 0 0 0 180 (180)
2026-04-17 11:13:51:208 [OUT] 25 A5 01 04 31 05 81 FF F3 9B 5B A4 89 (13)
                              [N4:Y] TPOS 255 243 155 91 (-812197)
2026-04-17 11:13:51:334 [IN ] C8 24 03 0F 25 A5 03 01 31 07 E7 3A 65 00 00 00 7E 40 40 01 (20)
                              [N3:X] LONG32VALUE ':' 'e' 0 0 0 126 (126)
2026-04-17 11:13:51:356 [OUT] 25 A5 01 03 31 05 81 FF EE 24 58 24 81 (13)
                              [N3:X] TPOS 255 238 36 88 (-1170344)
2026-04-17 11:13:51:357 [IN ] C8 24 0B 0A 25 A5 0B 01 31 02 DE 00 1D CD 00 (15)
                              [N11:NG] NGSWSTATE 0 (0)
2026-04-17 11:13:51:441 [IN ] C8 24 04 0E 25 A5 04 01 31 06 81 53 FF F2 AF 91 41 49 40 (19)
                              [N4:Y] TPOS 'S' 255 242 175 145 (-872559)
2026-04-17 11:13:51:462 [OUT] 25 A5 01 04 31 01 DB 12 85 (9)
                              [N4:Y] STARTMOVE
2026-04-17 11:13:51:568 [IN ] C8 24 03 0E 25 A5 03 01 31 06 81 53 FF ED 7E 4E C7 8B 40 (19)
                              [N3:X] TPOS 'S' 255 237 126 78 (-1212850)
2026-04-17 11:13:51:589 [OUT] 25 A5 01 03 31 01 DB 11 81 (9)
                              [N3:X] STARTMOVE
2026-04-17 11:13:51:672 [IN ] C8 24 04 0A 25 A5 04 01 31 02 DB 01 14 9E 7E (15)
                              [N4:Y] STARTMOVE ''
2026-04-17 11:13:51:756 [IN ] C8 24 03 0A 25 A5 03 01 31 02 DB 01 13 98 7E (15)
                              [N3:X] STARTMOVE ''
2026-04-17 11:13:52:157 [IN ] C8 24 04 0E 25 A5 04 01 31 06 81 45 FF F3 9D 0B 9C 5C 40 C8 24 03 0E 25 A5 03 01 31 06 81 45 FF EE 25 5C 6F A4 40 (38)
                              [N4:Y] TPOS 'E' 255 243 157 11 (-811765)
                              [N3:X] TPOS 'E' 255 238 37 92 (-1170084)
2026-04-17 11:13:52:560 [IN ] C8 24 0B 0A 25 A5 0B 01 31 02 DE 00 1D CD 25 (15)
                              [N11:NG] NGSWSTATE 0 (0)
2026-04-17 11:13:52:581 [OUT] 25 A5 01 04 31 03 84 00 50 0D FC (11)
                              [N4:Y] VEL 0 80 (80)
2026-04-17 11:13:52:603 [OUT] 25 A5 01 03 31 03 84 00 50 0C F6 (11)
                              [N3:X] VEL 0 80 (80)
2026-04-17 11:13:52:749 [IN ] C8 24 04 0C 25 A5 04 01 31 04 84 53 00 50 61 BA 6F (17)
                              [N4:Y] VEL 'S' 0 80 (80)
2026-04-17 11:13:52:770 [OUT] 25 A5 01 04 31 05 81 FF FF 8D 56 9D 8C (13)
                              [N4:Y] TPOS 255 255 141 86 (-29354)
2026-04-17 11:13:52:855 [IN ] C8 24 03 0C 25 A5 03 01 31 04 84 53 00 50 60 B2 6F (17)
                              [N3:X] VEL 'S' 0 80 (80)
2026-04-17 11:13:52:878 [OUT] 25 A5 01 03 31 05 81 FF E3 C7 06 6A 54 (13)
                              [N3:X] TPOS 255 227 199 6 (-1849594)
2026-04-17 11:13:52:983 [IN ] C8 24 04 0E 25 A5 04 01 31 06 81 53 FF F3 9D 0B AA A2 40 (19)
                              [N4:Y] TPOS 'S' 255 243 157 11 (-811765)
2026-04-17 11:13:53:129 [IN ] C8 24 03 0E 25 A5 03 01 31 06 81 53 FF EE 25 5C 7D EA 40 (19)
                              [N3:X] TPOS 'S' 255 238 37 92 (-1170084)
2026-04-17 11:13:53:533 [IN ] C8 24 0B 0A 25 A5 0B 01 31 02 DE 00 1D CD 25 (15)
                              [N11:NG] NGSWSTATE 0 (0)
2026-04-17 11:13:54:537 [IN ] C8 24 0B 0A 25 A5 0B 01 31 02 DE 00 1D CD 25 (15)
                              [N11:NG] NGSWSTATE 0 (0)
2026-04-17 11:13:55:542 [IN ] C8 24 0B 0A 25 A5 0B 01 31 02 DE 00 1D CD 25 (15)
                              [N11:NG] NGSWSTATE 0 (0)
2026-04-17 11:13:56:546 [IN ] C8 24 0B 0A 25 A5 0B 01 31 02 DE 00 1D CD 25 (15)
                              [N11:NG] NGSWSTATE 0 (0)
2026-04-17 11:13:57:549 [IN ] C8 24 0B 0A 25 A5 0B 01 31 02 DE 00 1D CD 25 C8 24 03 0E 25 A5 03 01 31 06 81 45 FF E3 C6 01 AA 6A 40 (34)
                              [N11:NG] NGSWSTATE 0 (0)
                              [N3:X] TPOS 'E' 255 227 198 1 (-1849855)
2026-04-17 11:13:58:553 [IN ] C8 24 0B 0A 25 A5 0B 01 31 02 DE 00 1D CD C6 (15)
                              [N11:NG] NGSWSTATE 0 (0)
2026-04-17 11:13:59:555 [IN ] C8 24 0B 0A 25 A5 0B 01 31 02 DE 00 1D CD C6 (15)
                              [N11:NG] NGSWSTATE 0 (0)
2026-04-17 11:13:59:756 [IN ] C8 24 04 0E 25 A5 04 01 31 06 81 45 FF FF 8C ED 79 40 40 (19)
                              [N4:Y] TPOS 'E' 255 255 140 237 (-29459)
