2026-04-17 16:38:01:428 [OUT] 25 A5 01 0A 31 05 D6 3D FF 00 00 53 ED (13)
                              [N10:HMI] HMILED '=' 255 0 0 (16711680)
2026-04-17 16:38:01:450 [OUT] 25 A5 01 09 31 05 81 FF E9 85 B2 E0 BE (13)
                              [N9:P] TPOS 255 233 133 178 (-1473102)
2026-04-17 16:38:01:616 [IN ] C8 24 0A 0D 25 A5 0A 01 31 05 D6 3A FF 00 00 50 EA 01 (18)
                              [N10:HMI] HMILED ':' 255 0 0 (16711680)
2026-04-17 16:38:01:761 [IN ] C8 24 09 0E 25 A5 09 01 31 06 81 53 FF FF DB A6 94 0F 31 (19)
                              [N9:P] TPOS 'S' 255 255 219 166 (-9306)
2026-04-17 16:38:02:566 [IN ] C8 24 0B 0A 25 A5 0B 01 31 02 DE 03 20 D0 DB (15)
                              [N11:NG] NGSWSTATE 3 (3)
2026-04-17 16:38:03:571 [IN ] C8 24 0B 0A 25 A5 0B 01 31 02 DE 03 20 D0 DB (15)
                              [N11:NG] NGSWSTATE 3 (3)
2026-04-17 16:38:04:576 [IN ] C8 24 0B 0A 25 A5 0B 01 31 02 DE 03 20 D0 DB (15)
                              [N11:NG] NGSWSTATE 3 (3)
2026-04-17 16:38:05:581 [IN ] C8 24 0B 0A 25 A5 0B 01 31 02 DE 03 20 D0 DB (15)
                              [N11:NG] NGSWSTATE 3 (3)
2026-04-17 16:38:06:584 [IN ] C8 24 0B 0A 25 A5 0B 01 31 02 DE 03 20 D0 DB (15)
                              [N11:NG] NGSWSTATE 3 (3)
2026-04-17 16:38:07:590 [IN ] C8 24 0B 0A 25 A5 0B 01 31 02 DE 03 20 D0 DB (15)
                              [N11:NG] NGSWSTATE 3 (3)
2026-04-17 16:38:08:596 [IN ] C8 24 0B 0A 25 A5 0B 01 31 02 DE 03 20 D0 DB (15)
                              [N11:NG] NGSWSTATE 3 (3)
2026-04-17 16:38:09:400 [IN ] C8 24 09 0E 25 A5 09 01 31 06 81 45 FF E9 82 A5 16 D4 31 (19)
                              [N9:P] TPOS 'E' 255 233 130 165 (-1473883)
