2026-04-17 14:22:46:012 [OUT] 25 A5 01 0A 31 05 D6 3D FF 00 00 53 ED (13)
                              [N10:HMI] HMILED '=' 255 0 0 (16711680)
2026-04-17 14:22:46:034 [OUT] 25 A5 01 03 31 02 D8 3F 4E CE (10)
                              [N3:X] INTERRUPT '?'
2026-04-17 14:22:46:337 [IN ] C8 24 0B 0A 25 A5 0B 01 31 02 DE 00 1D CD 5F C8 24 0A 0D 25 A5 0A 01 31 05 D6 3A FF 00 00 50 EA 0D C8 24 03 0C 25 A5 03 01 31 04 D8 3A 01 01 4D 6A EA (50)
                              [N11:NG] NGSWSTATE 0 (0)
                              [N10:HMI] HMILED ':' 255 0 0 (16711680)
                              [N3:X] INTERRUPT ':' 1 1 (257)
2026-04-17 14:22:46:359 [OUT] 25 A5 01 09 31 03 C9 3D 09 4D 1C (11)
                              [N9:P] LFLAG '=' 9 (9)
2026-04-17 14:22:46:381 [OUT] 25 A5 01 04 31 02 D8 3F 4F D3 (10)
                              [N4:Y] INTERRUPT '?'
2026-04-17 14:22:46:682 [IN ] C8 24 09 0B 25 A5 09 01 31 03 C9 3A 09 4A 1E 6A C8 24 04 0C 25 A5 04 01 31 04 D8 3A 01 01 4E 72 EA (33)
                              [N9:P] LFLAG ':' 9 (9)
                              [N4:Y] INTERRUPT ':' 1 1 (257)
2026-04-17 14:22:46:703 [OUT] 25 A5 01 09 31 03 CA 3D 09 4E 1F (11)
                              [N9:P] RFLAG '=' 9 (9)
2026-04-17 14:22:46:725 [OUT] 25 A5 01 0C 31 02 D8 3F 57 FB (10)
                              [N12:Z] INTERRUPT '?'
2026-04-17 14:22:47:029 [IN ] C8 24 09 0B 25 A5 09 01 31 03 CA 3A 09 4B 21 72 C8 24 0C 0C 25 A5 0C 01 31 04 D8 3A 01 01 56 B2 EA (33)
                              [N9:P] RFLAG ':' 9 (9)
                              [N12:Z] INTERRUPT ':' 1 1 (257)
2026-04-17 14:22:47:050 [OUT] 25 A5 01 08 31 03 C9 3D 09 4C 16 (11)
                              [N8:R] LFLAG '=' 9 (9)
2026-04-17 14:22:47:072 [OUT] 25 A5 01 03 31 03 C9 3D 0B 49 FA (11)
                              [N3:X] LFLAG '=' 11 (11)
2026-04-17 14:22:47:092 [OUT] 25 A5 01 04 31 03 C9 3D 0B 4A 00 (11)
                              [N4:Y] LFLAG '=' 11 (11)
2026-04-17 14:22:47:114 [OUT] 25 A5 01 0C 31 03 C9 3D 0B 52 30 (11)
                              [N12:Z] LFLAG '=' 11 (11)
2026-04-17 14:22:47:157 [IN ] C8 24 0B 0A 25 A5 0B 01 31 02 DE 00 1D CD 56 (15)
                              [N11:NG] NGSWSTATE 0 (0)
2026-04-17 14:22:47:220 [IN ] C8 24 08 0B 25 A5 08 01 31 03 C9 3A 09 49 17 B2 (16)
                              [N8:R] LFLAG ':' 9 (9)
2026-04-17 14:22:47:244 [OUT] 25 A5 01 08 31 03 CA 3D 09 4D 19 (11)
                              [N8:R] RFLAG '=' 9 (9)
2026-04-17 14:22:47:328 [IN ] C8 24 03 0B 25 A5 03 01 31 03 C9 3A 0B 46 F6 B2 (16)
                              [N3:X] LFLAG ':' 11 (11)
2026-04-17 14:22:47:352 [OUT] 25 A5 01 03 31 03 88 00 50 10 02 (11)
                              [N3:X] RUN 0 80 (80)
2026-04-17 14:22:47:437 [IN ] C8 24 04 0B 25 A5 04 01 31 03 C9 3A 0B 47 FD B2 (16)
                              [N4:Y] LFLAG ':' 11 (11)
2026-04-17 14:22:47:458 [OUT] 25 A5 01 04 31 03 88 00 50 11 08 (11)
                              [N4:Y] RUN 0 80 (80)
2026-04-17 14:22:47:564 [IN ] C8 24 0C 0B 25 A5 0C 01 31 03 C9 3A 0B 4F 35 B2 (16)
                              [N12:Z] LFLAG ':' 11 (11)
2026-04-17 14:22:47:585 [OUT] 25 A5 01 0C 31 03 88 00 50 19 38 (11)
                              [N12:Z] RUN 0 80 (80)
2026-04-17 14:22:47:669 [IN ] C8 24 08 0B 25 A5 08 01 31 03 CA 3A 09 4A 1A B2 (16)
                              [N8:R] RFLAG ':' 9 (9)
2026-04-17 14:22:47:775 [IN ] C8 24 03 0C 25 A5 03 01 31 04 88 53 00 50 64 C2 EA (17)
                              [N3:X] RUN 'S' 0 80 (80)
2026-04-17 14:22:47:899 [IN ] C8 24 04 0C 25 A5 04 01 31 04 88 53 00 50 65 CA EA (17)
                              [N4:Y] RUN 'S' 0 80 (80)
2026-04-17 14:22:48:004 [IN ] C8 24 0C 0C 25 A5 0C 01 31 04 88 53 00 50 6D 0A EA (17)
                              [N12:Z] RUN 'S' 0 80 (80)
2026-04-17 14:22:48:205 [IN ] C8 24 0B 0A 25 A5 0B 01 31 02 DE 00 1D CD 6D (15)
                              [N11:NG] NGSWSTATE 0 (0)
2026-04-17 14:22:49:212 [IN ] C8 24 0B 0A 25 A5 0B 01 31 02 DE 00 1D CD 6D (15)
                              [N11:NG] NGSWSTATE 0 (0)
2026-04-17 14:22:50:218 [IN ] C8 24 0B 0A 25 A5 0B 01 31 02 DE 00 1D CD 6D (15)
                              [N11:NG] NGSWSTATE 0 (0)
2026-04-17 14:22:51:222 [IN ] C8 24 0B 0A 25 A5 0B 01 31 02 DE 00 1D CD 6D (15)
                              [N11:NG] NGSWSTATE 0 (0)
2026-04-17 14:22:52:227 [IN ] C8 24 0B 0A 25 A5 0B 01 31 02 DE 00 1D CD 6D (15)
                              [N11:NG] NGSWSTATE 0 (0)
2026-04-17 14:22:53:229 [IN ] C8 24 0B 0A 25 A5 0B 01 31 02 DE 00 1D CD 6D (15)
                              [N11:NG] NGSWSTATE 0 (0)
2026-04-17 14:22:54:232 [IN ] C8 24 0B 0A 25 A5 0B 01 31 02 DE 00 1D CD 6D (15)
                              [N11:NG] NGSWSTATE 0 (0)
2026-04-17 14:22:55:036 [IN ] C8 24 04 0B 25 A5 04 01 31 03 81 5A 4C 60 A6 0A C8 24 04 0A 25 A5 04 01 31 02 81 49 02 32 A6 (31)
                              [N4:Y] TPOS 'Z' 76 (76)
                              [N4:Y] TPOS 'I'
2026-04-17 14:22:55:260 [OUT] 25 A5 01 09 31 02 D8 3F 54 EC (10)
                              [N9:P] INTERRUPT '?'
2026-04-17 14:22:55:261 [IN ] C8 24 0B 0A 25 A5 0B 01 31 02 DE 00 1D CD A6 (15)
                              [N11:NG] NGSWSTATE 0 (0)
2026-04-17 14:22:55:563 [IN ] C8 24 09 0C 25 A5 09 01 31 04 D8 3A 01 01 53 9A EA (17)
                              [N9:P] INTERRUPT ':' 1 1 (257)
2026-04-17 14:22:55:584 [OUT] 25 A5 01 04 31 03 C9 3D 09 48 FE (11)
                              [N4:Y] LFLAG '=' 9 (9)
2026-04-17 14:22:55:607 [OUT] 25 A5 01 07 31 02 D8 3F 52 E2 (10)
                              [N7:N] INTERRUPT '?'
2026-04-17 14:22:55:909 [IN ] C8 24 04 0B 25 A5 04 01 31 03 C9 3A 09 45 FB 9A C8 24 07 0C 25 A5 07 01 31 04 D8 3A 01 01 51 8A EA (33)
                              [N4:Y] LFLAG ':' 9 (9)
                              [N7:N] INTERRUPT ':' 1 1 (257)
2026-04-17 14:22:55:930 [OUT] 25 A5 01 09 31 03 C9 3D 0B 4F 1E (11)
                              [N9:P] LFLAG '=' 11 (11)
2026-04-17 14:22:55:952 [OUT] 25 A5 01 07 31 03 C9 3D 0B 4D 12 (11)
                              [N7:N] LFLAG '=' 11 (11)
2026-04-17 14:22:56:100 [IN ] C8 24 09 0B 25 A5 09 01 31 03 C9 3A 0B 4C 20 8A (16)
                              [N9:P] LFLAG ':' 11 (11)
2026-04-17 14:22:56:123 [OUT] 25 A5 01 09 31 03 88 00 50 16 26 (11)
                              [N9:P] RUN 0 80 (80)
2026-04-17 14:22:56:228 [IN ] C8 24 07 0B 25 A5 07 01 31 03 C9 3A 0B 4A 12 8A C8 24 0B 0A 25 A5 0B 01 31 02 DE 00 1D CD 12 (31)
                              [N7:N] LFLAG ':' 11 (11)
                              [N11:NG] NGSWSTATE 0 (0)
2026-04-17 14:22:56:251 [OUT] 25 A5 01 07 31 03 88 00 50 14 1A (11)
                              [N7:N] RUN 0 80 (80)
2026-04-17 14:22:56:316 [IN ] C8 24 09 0C 25 A5 09 01 31 04 88 53 00 50 6A F2 EA (17)
                              [N9:P] RUN 'S' 0 80 (80)
2026-04-17 14:22:56:357 [IN ] C8 24 03 0B 25 A5 03 01 31 03 81 5A 4C 5F 9F F2 (16)
                              [N3:X] TPOS 'Z' 76 (76)
2026-04-17 14:22:56:379 [IN ] C8 24 09 0B 25 A5 09 01 31 (9)
2026-04-17 14:22:56:403 [IN ] 03 81 5A 4C 65 C9 F2 C8 24 03 0A 25 A5 03 01 31 02 81 49 01 2C C9 (22)
                              [N9:P] TPOS 'Z' 76 (76)
                              [N3:X] TPOS 'I'
2026-04-17 14:22:56:427 [IN ] C8 24 09 0A 25 A5 09 01 31 02 81 49 07 50 C9 (15)
                              [N9:P] TPOS 'I'
2026-04-17 14:22:56:448 [OUT] 25 A5 01 03 31 03 C9 3D 09 47 F8 (11)
                              [N3:X] LFLAG '=' 9 (9)
2026-04-17 14:22:56:449 [IN ] C8 24 07 0C 25 A5 07 01 31 04 88 53 00 50 68 E2 EA (17)
                              [N7:N] RUN 'S' 0 80 (80)
2026-04-17 14:22:56:471 [OUT] 25 A5 01 09 31 03 C9 3D 09 4D 1C (11)
                              [N9:P] LFLAG '=' 9 (9)
2026-04-17 14:22:56:493 [OUT] 25 A5 01 04 31 05 81 FF EE 88 01 32 FA (13)
                              [N4:Y] TPOS 255 238 136 1 (-1144831)
2026-04-17 14:22:56:621 [IN ] C8 24 03 0B 25 A5 03 01 31 03 C9 3A 09 44 F4 E2 (16)
                              [N3:X] LFLAG ':' 9 (9)
2026-04-17 14:22:56:727 [IN ] C8 24 09 0B 25 A5 09 01 31 03 C9 3A 09 4A 1E E2 (16)
                              [N9:P] LFLAG ':' 9 (9)
2026-04-17 14:22:56:850 [IN ] C8 24 04 0E 25 A5 04 01 31 06 81 53 00 00 00 00 10 88 0A (19)
                              [N4:Y] TPOS 'S' 0 0 0 0 (0)
2026-04-17 14:22:57:253 [IN ] C8 24 0B 0A 25 A5 0B 01 31 02 DE 00 1D CD 00 (15)
                              [N11:NG] NGSWSTATE 0 (0)
2026-04-17 14:22:58:257 [IN ] C8 24 0B 0A 25 A5 0B 01 31 02 DE 00 1D CD 00 (15)
                              [N11:NG] NGSWSTATE 0 (0)
2026-04-17 14:22:59:260 [IN ] C8 24 0B 0A 25 A5 0B 01 31 02 DE 00 1D CD 00 (15)
                              [N11:NG] NGSWSTATE 0 (0)
2026-04-17 14:22:59:462 [IN ] C8 24 0C 0B 25 A5 0C 01 31 03 81 5A 4C 68 DE 00 C8 24 0C 0A 25 A5 0C 01 31 02 81 49 0A 62 DE (31)
                              [N12:Z] TPOS 'Z' 76 (76)
                              [N12:Z] TPOS 'I'
2026-04-17 14:22:59:685 [OUT] 25 A5 01 0C 31 03 C9 3D 09 50 2E (11)
                              [N12:Z] LFLAG '=' 9 (9)
2026-04-17 14:22:59:853 [IN ] C8 24 0C 0B 25 A5 0C 01 31 03 C9 3A 09 4D 33 00 (16)
                              [N12:Z] LFLAG ':' 9 (9)
2026-04-17 14:23:00:255 [IN ] C8 24 0B 0A 25 A5 0B 01 31 02 DE 00 1D CD 33 (15)
                              [N11:NG] NGSWSTATE 0 (0)
2026-04-17 14:23:00:459 [IN ] C8 24 07 0B 25 A5 07 01 31 03 81 5A 4C 63 BB 00 C8 24 07 0A 25 A5 07 01 31 02 81 49 05 44 BB (31)
                              [N7:N] TPOS 'Z' 76 (76)
                              [N7:N] TPOS 'I'
2026-04-17 14:23:00:682 [OUT] 25 A5 01 07 31 03 C9 3D 09 4B 10 (11)
                              [N7:N] LFLAG '=' 9 (9)
2026-04-17 14:23:00:830 [IN ] C8 24 07 0B 25 A5 07 01 31 03 C9 3A 09 48 10 00 (16)
                              [N7:N] LFLAG ':' 9 (9)
2026-04-17 14:23:01:432 [IN ] C8 24 0B 0A 25 A5 0B 01 31 02 DE 00 1D CD 10 (15)
                              [N11:NG] NGSWSTATE 0 (0)
2026-04-17 14:23:02:437 [IN ] C8 24 0B 0A 25 A5 0B 01 31 02 DE 00 1D CD 10 (15)
                              [N11:NG] NGSWSTATE 0 (0)
2026-04-17 14:23:02:839 [IN ] C8 24 04 0E 25 A5 04 01 31 06 81 45 FF EE 85 85 F9 97 0A (19)
                              [N4:Y] TPOS 'E' 255 238 133 133 (-1145467)
2026-04-17 14:23:03:063 [OUT] 25 A5 01 0C 31 05 81 FF BC D0 00 4F 33 (13)
                              [N12:Z] TPOS 255 188 208 0 (-4403200)
2026-04-17 14:23:03:085 [OUT] 25 A5 01 04 31 05 81 FF FD 50 01 09 B7 (13)
                              [N4:Y] TPOS 255 253 80 1 (-176127)
2026-04-17 14:23:03:107 [OUT] 25 A5 01 09 31 05 81 FF E7 5D 56 5A 0C (13)
                              [N9:P] TPOS 255 231 93 86 (-1614506)
2026-04-17 14:23:03:129 [OUT] 25 A5 01 07 31 05 81 FF AB 19 75 F7 DF (13)
                              [N7:N] TPOS 255 171 25 117 (-5564043)
2026-04-17 14:23:03:151 [OUT] 25 A5 01 03 31 05 81 FF EC 4A AB 9B 1A (13)
                              [N3:X] TPOS 255 236 74 171 (-1291605)
2026-04-17 14:23:03:172 [OUT] 25 A5 01 06 31 02 D8 3F 51 DD (10)
                              [N6:H] INTERRUPT '?'
2026-04-17 14:23:03:475 [IN ] C8 24 0C 0E 25 A5 0C 01 31 06 81 53 FF FF FF CB E0 9A 0A C8 24 0B 0A 25 A5 0B 01 31 02 DE 00 1D CD FF C8 24 04 0E 25 A5 04 01 31 06 81 53 FF EE 85 86 08 DE 0A (53)
                              [N12:Z] TPOS 'S' 255 255 255 203 (-53)
                              [N11:NG] NGSWSTATE 0 (0)
                              [N4:Y] TPOS 'S' 255 238 133 134 (-1145466)
2026-04-17 14:23:03:776 [IN ] C8 24 09 0E 25 A5 09 01 31 06 81 53 FF FF FF FD 0F AE 0A C8 24 07 0E 25 A5 07 01 31 06 81 53 FF FF FF FA 0A 97 0A C8 24 03 0E 25 A5 03 01 31 06 81 53 FF FF FF FB 07 70 0A (57)
                              [N9:P] TPOS 'S' 255 255 255 253 (-3)
                              [N7:N] TPOS 'S' 255 255 255 250 (-6)
                              [N3:X] TPOS 'S' 255 255 255 251 (-5)
2026-04-17 14:23:04:077 [IN ] C8 24 06 0C 25 A5 06 01 31 04 D8 3A 01 01 50 82 07 (17)
                              [N6:H] INTERRUPT ':' 1 1 (257)
2026-04-17 14:23:04:099 [OUT] 25 A5 01 06 31 03 C9 3D 0B 4C 0C (11)
                              [N6:H] LFLAG '=' 11 (11)
2026-04-17 14:23:04:247 [IN ] C8 24 06 0B 25 A5 06 01 31 03 C9 3A 0B 49 0B 82 (16)
                              [N6:H] LFLAG ':' 11 (11)
2026-04-17 14:23:04:269 [OUT] 25 A5 01 06 31 03 88 FF B0 72 72 (11)
                              [N6:H] RUN 255 176 (-80)
2026-04-17 14:23:04:312 [IN ] C8 24 0B 0A 25 A5 0B 01 31 02 DE 00 1D CD 0B (15)
                              [N11:NG] NGSWSTATE 0 (0)
2026-04-17 14:23:04:438 [IN ] C8 24 06 0C 25 A5 06 01 31 04 88 53 FF B0 C6 38 07 (17)
                              [N6:H] RUN 'S' 255 176 (-80)
2026-04-17 14:23:05:443 [IN ] C8 24 0B 0A 25 A5 0B 01 31 02 DE 00 1D CD C6 (15)
                              [N11:NG] NGSWSTATE 0 (0)
2026-04-17 14:23:06:447 [IN ] C8 24 0B 0A 25 A5 0B 01 31 02 DE 00 1D CD C6 (15)
                              [N11:NG] NGSWSTATE 0 (0)
2026-04-17 14:23:07:453 [IN ] C8 24 0B 0A 25 A5 0B 01 31 02 DE 00 1D CD C6 (15)
                              [N11:NG] NGSWSTATE 0 (0)
2026-04-17 14:23:08:257 [IN ] C8 24 06 0B 25 A5 06 01 31 03 81 5A 4C 62 B4 38 (16)
                              [N6:H] TPOS 'Z' 76 (76)
2026-04-17 14:23:08:460 [IN ] C8 24 06 0A 25 A5 06 01 31 02 81 49 04 3E B4 C8 24 0B 0A 25 A5 0B 01 31 02 DE 00 1D CD B4 (30)
                              [N6:H] TPOS 'I'
                              [N11:NG] NGSWSTATE 0 (0)
2026-04-17 14:23:08:683 [OUT] 25 A5 01 06 31 03 C9 3D 09 4A 0A (11)
                              [N6:H] LFLAG '=' 9 (9)
2026-04-17 14:23:08:852 [IN ] C8 24 06 0B 25 A5 06 01 31 03 C9 3A 09 47 09 38 (16)
                              [N6:H] LFLAG ':' 9 (9)
2026-04-17 14:23:08:873 [OUT] 25 A5 01 06 31 03 84 00 50 0F 08 (11)
                              [N6:H] VEL 0 80 (80)
2026-04-17 14:23:09:039 [IN ] C8 24 06 0C 25 A5 06 01 31 04 84 53 00 50 63 CA 07 (17)
                              [N6:H] VEL 'S' 0 80 (80)
2026-04-17 14:23:09:060 [OUT] 25 A5 01 06 31 05 81 00 19 82 3C 95 BE (13)
                              [N6:H] TPOS 0 25 130 60 (1671740)
2026-04-17 14:23:09:248 [IN ] C8 24 06 0E 25 A5 06 01 31 06 81 53 00 00 00 00 12 9C 0A (19)
                              [N6:H] TPOS 'S' 0 0 0 0 (0)
2026-04-17 14:23:09:449 [IN ] C8 24 0B 0A 25 A5 0B 01 31 02 DE 00 1D CD 00 (15)
                              [N11:NG] NGSWSTATE 0 (0)
2026-04-17 14:23:10:453 [IN ] C8 24 0B 0A 25 A5 0B 01 31 02 DE 00 1D CD 00 C8 24 03 0E 25 A5 03 01 31 06 81 45 FF EC 49 7A AF 04 0A (34)
                              [N11:NG] NGSWSTATE 0 (0)
                              [N3:X] TPOS 'E' 255 236 73 122 (-1291910)
2026-04-17 14:23:10:877 [OUT] 25 A5 01 03 31 05 81 FF FD 50 01 08 AF (13)
                              [N3:X] TPOS 255 253 80 1 (-176127)
2026-04-17 14:23:11:067 [IN ] C8 24 03 0E 25 A5 03 01 31 06 81 53 FF EC 49 7B BE 4B 0A (19)
                              [N3:X] TPOS 'S' 255 236 73 123 (-1291909)
2026-04-17 14:23:11:469 [IN ] C8 24 0B 0A 25 A5 0B 01 31 02 DE 00 1D CD 49 (15)
                              [N11:NG] NGSWSTATE 0 (0)
2026-04-17 14:23:11:870 [IN ] C8 24 04 0E 25 A5 04 01 31 06 81 45 FF FD 4F 71 BE 44 0A (19)
                              [N4:Y] TPOS 'E' 255 253 79 113 (-176271)
2026-04-17 14:23:12:072 [IN ] C8 24 09 0E 25 A5 09 01 31 06 81 45 FF E7 5B 77 BF 52 0A (19)
                              [N9:P] TPOS 'E' 255 231 91 119 (-1614985)
2026-04-17 14:23:12:475 [IN ] C8 24 0B 0A 25 A5 0B 01 31 02 DE 00 1D CD 5B (15)
                              [N11:NG] NGSWSTATE 0 (0)
2026-04-17 14:23:12:497 [OUT] 25 A5 01 09 31 05 81 FF FF D9 C8 60 BE (13)
                              [N9:P] TPOS 255 255 217 200 (-9784)
2026-04-17 14:23:12:687 [IN ] C8 24 09 0E 25 A5 09 01 31 06 81 53 FF E7 5B 7A D0 9B 0A (19)
                              [N9:P] TPOS 'S' 255 231 91 122 (-1614982)
2026-04-17 14:23:13:490 [IN ] C8 24 0B 0A 25 A5 0B 01 31 02 DE 00 1D CD 5B (15)
                              [N11:NG] NGSWSTATE 0 (0)
2026-04-17 14:23:14:495 [IN ] C8 24 0B 0A 25 A5 0B 01 31 02 DE 00 1D CD 5B (15)
                              [N11:NG] NGSWSTATE 0 (0)
2026-04-17 14:23:15:499 [IN ] C8 24 0B 0A 25 A5 0B 01 31 02 DE 00 1D CD 5B (15)
                              [N11:NG] NGSWSTATE 0 (0)
2026-04-17 14:23:16:502 [IN ] C8 24 0B 0A 25 A5 0B 01 31 02 DE 00 1D CD 5B (15)
                              [N11:NG] NGSWSTATE 0 (0)
2026-04-17 14:23:16:703 [IN ] C8 24 06 0E 25 A5 06 01 31 06 81 45 00 19 85 70 12 1B 0A (19)
                              [N6:H] TPOS 'E' 0 25 133 112 (1672560)
2026-04-17 14:23:17:127 [OUT] 25 A5 01 06 31 05 81 00 0D 33 FF FD BF (13)
                              [N6:H] TPOS 0 13 51 255 (865279)
2026-04-17 14:23:17:315 [IN ] C8 24 06 0E 25 A5 06 01 31 06 81 53 00 19 85 70 20 61 0A (19)
                              [N6:H] TPOS 'S' 0 25 133 112 (1672560)
2026-04-17 14:23:17:516 [IN ] C8 24 0B 0A 25 A5 0B 01 31 02 DE 00 1D CD 85 (15)
                              [N11:NG] NGSWSTATE 0 (0)
2026-04-17 14:23:18:521 [IN ] C8 24 0B 0A 25 A5 0B 01 31 02 DE 00 1D CD 85 (15)
                              [N11:NG] NGSWSTATE 0 (0)
2026-04-17 14:23:19:525 [IN ] C8 24 0B 0A 25 A5 0B 01 31 02 DE 00 1D CD 85 (15)
                              [N11:NG] NGSWSTATE 0 (0)
2026-04-17 14:23:19:927 [IN ] C8 24 03 0E 25 A5 03 01 31 06 81 45 FF FD 50 2D 7A F8 0A (19)
                              [N3:X] TPOS 'E' 255 253 80 45 (-176083)
2026-04-17 14:23:20:530 [IN ] C8 24 0B 0A 25 A5 0B 01 31 02 DE 00 1D CD 50 (15)
                              [N11:NG] NGSWSTATE 0 (0)
2026-04-17 14:23:20:933 [IN ] C8 24 06 0E 25 A5 06 01 31 06 81 45 00 0D 2E 90 CF 69 0A (19)
                              [N6:H] TPOS 'E' 0 13 46 144 (863888)
2026-04-17 14:23:21:156 [OUT] 25 A5 01 05 31 02 D8 3F 50 D8 (10)
                              [N5:V] INTERRUPT '?'
2026-04-17 14:23:21:457 [IN ] C8 24 09 0E 25 A5 09 01 31 06 81 45 FF FF DB 7B 5B 9E 0A C8 24 05 0C 25 A5 05 01 31 04 D8 3A 01 01 4F 7A 5B C8 24 0B 0A 25 A5 0B 01 31 02 DE 00 1D CD 4F (51)
                              [N9:P] TPOS 'E' 255 255 219 123 (-9349)
                              [N5:V] INTERRUPT ':' 1 1 (257)
                              [N11:NG] NGSWSTATE 0 (0)
2026-04-17 14:23:21:479 [OUT] 25 A5 01 05 31 03 C9 3D 0B 4B 06 (11)
                              [N5:V] LFLAG '=' 11 (11)
2026-04-17 14:23:21:501 [OUT] 25 A5 01 08 31 02 D8 3F 53 E7 (10)
                              [N8:R] INTERRUPT '?'
2026-04-17 14:23:21:802 [IN ] C8 24 05 0B 25 A5 05 01 31 03 C9 3A 0B 48 04 7A C8 24 08 0C 25 A5 08 01 31 04 D8 3A 01 01 52 92 5B (33)
                              [N5:V] LFLAG ':' 11 (11)
                              [N8:R] INTERRUPT ':' 1 1 (257)
2026-04-17 14:23:21:823 [OUT] 25 A5 01 05 31 03 88 FF B0 71 6C (11)
                              [N5:V] RUN 255 176 (-80)
2026-04-17 14:23:21:845 [OUT] 25 A5 01 08 31 03 CA 3D 0B 4F 1B (11)
                              [N8:R] RFLAG '=' 11 (11)
2026-04-17 14:23:21:993 [IN ] C8 24 05 0C 25 A5 05 01 31 04 88 53 FF B0 C5 30 5B (17)
                              [N5:V] RUN 'S' 255 176 (-80)
2026-04-17 14:23:22:099 [IN ] C8 24 08 0B 25 A5 08 01 31 03 CA 3A 0B 4C 1C 30 (16)
                              [N8:R] RFLAG ':' 11 (11)
2026-04-17 14:23:22:121 [OUT] 25 A5 01 08 31 03 88 00 50 15 20 (11)
                              [N8:R] RUN 0 80 (80)
2026-04-17 14:23:22:289 [IN ] C8 24 08 0C 25 A5 08 01 31 04 88 53 00 50 69 EA 5B (17)
                              [N8:R] RUN 'S' 0 80 (80)
2026-04-17 14:23:22:492 [IN ] C8 24 0B 0A 25 A5 0B 01 31 02 DE 00 1D CD 69 (15)
                              [N11:NG] NGSWSTATE 0 (0)
2026-04-17 14:23:24:100 [IN ] C8 24 0C 0E 25 A5 0C 01 31 06 81 45 FF BC CD 39 CB 95 0A (19)
                              [N12:Z] TPOS 'E' 255 188 205 57 (-4403911)
2026-04-17 14:23:24:525 [OUT] 25 A5 01 0C 31 05 81 FF D7 04 00 9E EC (13)
                              [N12:Z] TPOS 255 215 4 0 (-2685952)
2026-04-17 14:23:24:712 [IN ] C8 24 0C 0E 25 A5 0C 01 31 06 81 53 FF BC CD 3B DB DD 0A (19)
                              [N12:Z] TPOS 'S' 255 188 205 59 (-4403909)
2026-04-17 14:23:26:320 [IN ] C8 24 05 0B 25 A5 05 01 31 03 81 5A 4C 61 AD 3B C8 24 05 0A 25 A5 05 01 31 02 81 49 03 38 AD (31)
                              [N5:V] TPOS 'Z' 76 (76)
                              [N5:V] TPOS 'I'
2026-04-17 14:23:26:543 [OUT] 25 A5 01 05 31 03 C9 3D 09 49 04 (11)
                              [N5:V] LFLAG '=' 9 (9)
2026-04-17 14:23:26:711 [IN ] C8 24 05 0B 25 A5 05 01 31 03 C9 3A 09 46 02 3B (16)
                              [N5:V] LFLAG ':' 9 (9)
2026-04-17 14:23:26:732 [OUT] 25 A5 01 05 31 03 84 00 50 0E 02 (11)
                              [N5:V] VEL 0 80 (80)
2026-04-17 14:23:26:899 [IN ] C8 24 05 0C 25 A5 05 01 31 04 84 53 00 50 62 C2 DB (17)
                              [N5:V] VEL 'S' 0 80 (80)
2026-04-17 14:23:26:920 [OUT] 25 A5 01 05 31 05 81 00 19 82 3C 94 B6 (13)
                              [N5:V] TPOS 0 25 130 60 (1671740)
2026-04-17 14:23:27:109 [IN ] C8 24 05 0E 25 A5 05 01 31 06 81 53 FF FF FF FF 0D 88 0A (19)
                              [N5:V] TPOS 'S' 255 255 255 255 (-1)
2026-04-17 14:23:27:914 [IN ] C8 24 07 0E 25 A5 07 01 31 06 81 45 FF AB 14 BA 7D 3F 0A (19)
                              [N7:N] TPOS 'E' 255 171 20 186 (-5565254)
2026-04-17 14:23:28:339 [OUT] 25 A5 01 07 31 05 81 FF F2 3B 91 7C 14 (13)
                              [N7:N] TPOS 255 242 59 145 (-902255)
2026-04-17 14:23:28:506 [IN ] C8 24 07 (3)
2026-04-17 14:23:28:527 [IN ] 0E 25 A5 07 01 31 06 81 53 FF AB 14 BA 8B 85 0A (16)
                              [N7:N] TPOS 'S' 255 171 20 186 (-5565254)
2026-04-17 14:23:31:742 [IN ] C8 24 08 0B 25 A5 08 01 31 03 81 5A 52 6A C8 BA C8 24 08 0A 25 A5 08 01 31 02 81 49 06 4A C8 (31)
                              [N8:R] TPOS 'Z' 82 (82)
                              [N8:R] TPOS 'I'
2026-04-17 14:23:31:964 [OUT] 25 A5 01 08 31 03 CA 3D 09 4D 19 (11)
                              [N8:R] RFLAG '=' 9 (9)
2026-04-17 14:23:32:111 [IN ] C8 24 08 0B 25 A5 08 01 31 03 CA 3A 09 4A 1A BA (16)
                              [N8:R] RFLAG ':' 9 (9)
2026-04-17 14:23:32:132 [OUT] 25 A5 01 08 31 05 81 FF DC 77 1D 2F DE (13)
                              [N8:R] TPOS 255 220 119 29 (-2328803)
2026-04-17 14:23:32:321 [IN ] C8 24 08 0E 25 A5 08 01 31 06 81 53 FF FF FF F2 03 99 0A (19)
                              [N8:R] TPOS 'S' 255 255 255 242 (-14)
2026-04-17 14:23:32:723 [IN ] C8 24 0C 0E 25 A5 0C 01 31 06 81 45 FF D7 07 F2 D9 13 0A (19)
                              [N12:Z] TPOS 'E' 255 215 7 242 (-2684942)
2026-04-17 14:23:34:933 [IN ] C8 24 05 0E 25 A5 05 01 31 06 81 45 00 19 86 52 F4 F5 0A (19)
                              [N5:V] TPOS 'E' 0 25 134 82 (1672786)
2026-04-17 14:23:35:359 [OUT] 25 A5 01 05 31 05 81 00 0B D5 B2 4F A8 (13)
                              [N5:V] TPOS 0 11 213 178 (775602)
2026-04-17 14:23:35:546 [IN ] C8 24 05 0E 25 A5 05 01 31 06 81 53 00 19 86 52 02 3B 0A (19)
                              [N5:V] TPOS 'S' 0 25 134 82 (1672786)
2026-04-17 14:23:40:969 [IN ] C8 24 05 0E 25 A5 05 01 31 06 81 45 00 0B D3 CB AC DE 0A (19)
                              [N5:V] TPOS 'E' 0 11 211 203 (775115)
2026-04-17 14:23:41:193 [OUT] 25 A5 01 03 31 05 81 FF EE C3 66 D1 CD (13)
                              [N3:X] TPOS 255 238 195 102 (-1129626)
2026-04-17 14:23:41:215 [OUT] 25 A5 01 04 31 05 81 FF F3 93 09 4A 27 (13)
                              [N4:Y] TPOS 255 243 147 9 (-814327)
2026-04-17 14:23:41:383 [IN ] C8 24 03 0E 25 A5 03 01 31 06 81 (11)
2026-04-17 14:23:41:405 [IN ] 53 FF FD 50 29 84 3A 0A (8)
                              [N3:X] TPOS 'S' 255 253 80 41 (-176087)
2026-04-17 14:23:41:509 [IN ] C8 24 04 0E 25 A5 04 01 31 06 81 53 FF FD 4F 71 CC 8A 0A (19)
                              [N4:Y] TPOS 'S' 255 253 79 113 (-176271)
2026-04-17 14:23:44:925 [IN ] C8 24 04 0E 25 A5 04 01 31 06 81 45 FF F3 90 A1 25 D8 0A (19)
                              [N4:Y] TPOS 'E' 255 243 144 161 (-814943)
2026-04-17 14:23:45:729 [IN ] C8 24 08 0E 25 A5 08 01 31 06 81 45 FF DC 74 D8 2D BA 0A (19)
                              [N8:R] TPOS 'E' 255 220 116 216 (-2329384)
2026-04-17 14:23:46:155 [OUT] 25 A5 01 08 31 05 81 FF EE 15 56 18 89 (13)
                              [N8:R] TPOS 255 238 21 86 (-1174186)
2026-04-17 14:23:46:156 [IN ] C8 24 03 0E 25 A5 03 01 31 06 81 45 FF EE C1 13 C2 93 0A (19)
                              [N3:X] TPOS 'E' 255 238 193 19 (-1130221)
2026-04-17 14:23:46:344 [IN ] C8 24 08 0E 25 A5 08 01 31 06 81 53 FF DC 74 DE 41 06 0A (19)
                              [N8:R] TPOS 'S' 255 220 116 222 (-2329378)
2026-04-17 14:23:48:952 [IN ] C8 24 07 0E 25 A5 07 01 31 06 81 45 FF F2 40 B2 E8 64 0A (19)
                              [N7:N] TPOS 'E' 255 242 64 178 (-900942)
2026-04-17 14:23:54:977 [IN ] C8 24 08 0E 25 A5 08 01 31 06 81 45 FF EE 14 F8 FF 50 0A (19)
                              [N8:R] TPOS 'E' 255 238 20 248 (-1174280)
