2026-04-17 15:19:32:531 [OUT] 25 A5 01 0A 31 05 D6 3D FF 00 00 53 ED (13)
                              [N10:HMI] HMILED '=' 255 0 0 (16711680)
2026-04-17 15:19:32:554 [OUT] 25 A5 01 03 31 02 D8 3F 4E CE (10)
                              [N3:X] INTERRUPT '?'
2026-04-17 15:19:32:855 [IN ] C8 24 0A 0D 25 A5 0A 01 31 05 D6 3A FF 00 00 50 EA 05 C8 24 03 0C 25 A5 03 01 31 04 D8 3A 01 01 4D 6A EA (35)
                              [N10:HMI] HMILED ':' 255 0 0 (16711680)
                              [N3:X] INTERRUPT ':' 1 1 (257)
2026-04-17 15:19:32:876 [OUT] 25 A5 01 09 31 03 C9 3D 09 4D 1C (11)
                              [N9:P] LFLAG '=' 9 (9)
2026-04-17 15:19:32:899 [OUT] 25 A5 01 04 31 02 D8 3F 4F D3 (10)
                              [N4:Y] INTERRUPT '?'
2026-04-17 15:19:33:200 [IN ] C8 24 09 0B 25 A5 09 01 31 03 C9 3A 09 4A 1E 6A C8 24 04 0C 25 A5 04 01 31 04 D8 3A 01 01 4E 72 EA (33)
                              [N9:P] LFLAG ':' 9 (9)
                              [N4:Y] INTERRUPT ':' 1 1 (257)
2026-04-17 15:19:33:222 [OUT] 25 A5 01 09 31 03 CA 3D 09 4E 1F (11)
                              [N9:P] RFLAG '=' 9 (9)
2026-04-17 15:19:33:245 [OUT] 25 A5 01 0C 31 02 D8 3F 57 FB (10)
                              [N12:Z] INTERRUPT '?'
2026-04-17 15:19:33:547 [IN ] C8 24 09 0B 25 A5 09 01 31 03 CA 3A 09 4B 21 72 C8 24 0C 0C 25 A5 0C 01 31 04 D8 3A 01 01 56 B2 EA (33)
                              [N9:P] RFLAG ':' 9 (9)
                              [N12:Z] INTERRUPT ':' 1 1 (257)
2026-04-17 15:19:33:569 [OUT] 25 A5 01 08 31 03 C9 3D 09 4C 16 (11)
                              [N8:R] LFLAG '=' 9 (9)
2026-04-17 15:19:33:590 [OUT] 25 A5 01 03 31 03 C9 3D 0B 49 FA (11)
                              [N3:X] LFLAG '=' 11 (11)
2026-04-17 15:19:33:612 [OUT] 25 A5 01 04 31 03 C9 3D 0B 4A 00 (11)
                              [N4:Y] LFLAG '=' 11 (11)
2026-04-17 15:19:33:635 [OUT] 25 A5 01 0C 31 03 C9 3D 0B 52 30 (11)
                              [N12:Z] LFLAG '=' 11 (11)
2026-04-17 15:19:33:740 [IN ] C8 24 08 0B 25 A5 08 01 31 03 (10)
2026-04-17 15:19:33:762 [IN ] C9 3A 09 49 17 B2 (6)
                              [N8:R] LFLAG ':' 9 (9)
2026-04-17 15:19:33:785 [OUT] 25 A5 01 08 31 03 CA 3D 09 4D 19 (11)
                              [N8:R] RFLAG '=' 9 (9)
2026-04-17 15:19:33:848 [IN ] C8 24 03 0B 25 A5 03 01 31 03 C9 3A 0B 46 F6 B2 (16)
                              [N3:X] LFLAG ':' 11 (11)
2026-04-17 15:19:33:870 [OUT] 25 A5 01 03 31 03 88 00 50 10 02 (11)
                              [N3:X] RUN 0 80 (80)
2026-04-17 15:19:33:953 [IN ] C8 24 04 0B 25 A5 04 01 31 03 C9 3A 0B 47 FD B2 (16)
                              [N4:Y] LFLAG ':' 11 (11)
2026-04-17 15:19:33:974 [OUT] 25 A5 01 04 31 03 88 00 50 11 08 (11)
                              [N4:Y] RUN 0 80 (80)
2026-04-17 15:19:34:079 [IN ] C8 24 0C 0B 25 A5 0C 01 31 03 C9 3A 0B 4F 35 B2 (16)
                              [N12:Z] LFLAG ':' 11 (11)
2026-04-17 15:19:34:102 [OUT] 25 A5 01 0C 31 03 88 00 50 19 38 (11)
                              [N12:Z] RUN 0 80 (80)
2026-04-17 15:19:34:166 [IN ] C8 24 08 0B 25 A5 08 01 31 03 CA 3A 09 4A 1A B2 (16)
                              [N8:R] RFLAG ':' 9 (9)
2026-04-17 15:19:34:271 [IN ] C8 24 03 0C 25 A5 03 01 31 04 88 53 00 50 64 C2 EA (17)
                              [N3:X] RUN 'S' 0 80 (80)
2026-04-17 15:19:34:417 [IN ] C8 24 04 0C 25 A5 04 01 31 04 88 53 00 50 65 CA EA (17)
                              [N4:Y] RUN 'S' 0 80 (80)
2026-04-17 15:19:34:521 [IN ] C8 24 0C 0C 25 A5 0C 01 31 04 88 53 00 50 6D 0A EA (17)
                              [N12:Z] RUN 'S' 0 80 (80)
2026-04-17 15:19:41:549 [IN ] C8 24 04 0B 25 A5 04 01 31 03 81 5A 4C 60 A6 0A C8 24 04 0A 25 A5 04 01 31 02 81 49 02 32 A6 (31)
                              [N4:Y] TPOS 'Z' 76 (76)
                              [N4:Y] TPOS 'I'
2026-04-17 15:19:41:773 [OUT] 25 A5 01 09 31 02 D8 3F 54 EC (10)
                              [N9:P] INTERRUPT '?'
2026-04-17 15:19:42:074 [IN ] C8 24 09 0C 25 A5 09 01 31 04 D8 3A 01 01 53 9A EA (17)
                              [N9:P] INTERRUPT ':' 1 1 (257)
2026-04-17 15:19:42:095 [OUT] 25 A5 01 04 31 03 C9 3D 09 48 FE (11)
                              [N4:Y] LFLAG '=' 9 (9)
2026-04-17 15:19:42:117 [OUT] 25 A5 01 07 31 02 D8 3F 52 E2 (10)
                              [N7:N] INTERRUPT '?'
2026-04-17 15:19:42:418 [IN ] C8 24 04 0B 25 A5 04 01 31 03 C9 3A 09 45 FB 9A C8 24 07 0C 25 A5 07 01 31 04 D8 3A 01 01 51 8A EA (33)
                              [N4:Y] LFLAG ':' 9 (9)
                              [N7:N] INTERRUPT ':' 1 1 (257)
2026-04-17 15:19:42:440 [OUT] 25 A5 01 09 31 03 C9 3D 0B 4F 1E (11)
                              [N9:P] LFLAG '=' 11 (11)
2026-04-17 15:19:42:462 [OUT] 25 A5 01 07 31 03 C9 3D 0B 4D 12 (11)
                              [N7:N] LFLAG '=' 11 (11)
2026-04-17 15:19:42:609 [IN ] C8 24 09 0B 25 A5 09 01 31 03 C9 3A 0B 4C 20 8A (16)
                              [N9:P] LFLAG ':' 11 (11)
2026-04-17 15:19:42:631 [OUT] 25 A5 01 09 31 03 88 00 50 16 26 (11)
                              [N9:P] RUN 0 80 (80)
2026-04-17 15:19:42:696 [IN ] C8 24 07 (3)
2026-04-17 15:19:42:717 [IN ] 0B 25 A5 07 01 31 03 C9 3A 0B 4A 12 8A (13)
                              [N7:N] LFLAG ':' 11 (11)
2026-04-17 15:19:42:739 [OUT] 25 A5 01 07 31 03 88 00 50 14 1A (11)
                              [N7:N] RUN 0 80 (80)
2026-04-17 15:19:42:740 [IN ] C8 24 03 0B 25 A5 03 01 31 03 81 (11)
2026-04-17 15:19:42:761 [IN ] 5A 4C 5F 9F 8A (5)
                              [N3:X] TPOS 'Z' 76 (76)
2026-04-17 15:19:42:805 [IN ] C8 24 03 0A 25 A5 03 01 31 02 81 49 01 2C 9F (15)
                              [N3:X] TPOS 'I'
2026-04-17 15:19:42:826 [IN ] C8 24 09 0C 25 A5 09 01 31 04 88 53 00 50 6A F2 EA (17)
                              [N9:P] RUN 'S' 0 80 (80)
2026-04-17 15:19:42:848 [OUT] 25 A5 01 03 31 03 C9 3D 09 47 F8 (11)
                              [N3:X] LFLAG '=' 9 (9)
2026-04-17 15:19:42:870 [IN ] C8 24 09 0B 25 A5 09 01 31 03 81 5A 4C 65 C9 F2 (16)
                              [N9:P] TPOS 'Z' 76 (76)
2026-04-17 15:19:42:934 [IN ] C8 24 07 0C 25 A5 07 01 31 04 88 53 00 50 68 E2 EA C8 24 09 0A 25 A5 09 01 31 02 81 49 07 50 68 (32)
                              [N7:N] RUN 'S' 0 80 (80)
                              [N9:P] TPOS 'I'
2026-04-17 15:19:42:979 [OUT] 25 A5 01 09 31 03 C9 3D 09 4D 1C (11)
                              [N9:P] LFLAG '=' 9 (9)
2026-04-17 15:19:43:000 [OUT] 25 A5 01 04 31 05 81 FF EE 88 01 32 FA (13)
                              [N4:Y] TPOS 255 238 136 1 (-1144831)
2026-04-17 15:19:43:062 [IN ] C8 24 03 0B 25 A5 03 01 31 03 C9 3A 09 44 F4 E2 (16)
                              [N3:X] LFLAG ':' 9 (9)
2026-04-17 15:19:43:146 [IN ] C8 24 09 0B 25 A5 09 01 31 03 C9 3A 09 4A 1E E2 (16)
                              [N9:P] LFLAG ':' 9 (9)
2026-04-17 15:19:43:292 [IN ] C8 24 04 0E 25 A5 04 01 31 06 81 53 00 00 00 00 10 88 0A (19)
                              [N4:Y] TPOS 'S' 0 0 0 0 (0)
2026-04-17 15:19:46:907 [IN ] C8 24 07 0B 25 A5 07 01 31 03 81 5A 4C 63 BB 00 C8 24 07 0A 25 A5 07 01 31 02 81 49 05 44 BB (31)
                              [N7:N] TPOS 'Z' 76 (76)
                              [N7:N] TPOS 'I'
2026-04-17 15:19:47:129 [OUT] 25 A5 01 07 31 03 C9 3D 09 4B 10 (11)
                              [N7:N] LFLAG '=' 9 (9)
2026-04-17 15:19:47:214 [IN ] C8 24 0C 0B 25 A5 0C 01 31 03 81 5A 4C 68 DE 00 (16)
                              [N12:Z] TPOS 'Z' 76 (76)
2026-04-17 15:19:47:237 [IN ] C8 24 0C 0A 25 A5 0C 01 31 02 81 49 0A 62 DE (15)
                              [N12:Z] TPOS 'I'
2026-04-17 15:19:47:279 [OUT] 25 A5 01 0C 31 03 C9 3D 09 50 2E (11)
                              [N12:Z] LFLAG '=' 9 (9)
2026-04-17 15:19:47:301 [IN ] C8 24 07 0B 25 A5 07 01 31 03 C9 3A 09 48 10 00 (16)
                              [N7:N] LFLAG ':' 9 (9)
2026-04-17 15:19:47:446 [IN ] C8 24 0C 0B 25 A5 0C 01 31 03 C9 3A 09 4D 33 00 (16)
                              [N12:Z] LFLAG ':' 9 (9)
2026-04-17 15:19:49:254 [IN ] C8 24 04 0E 25 A5 04 01 31 06 81 45 FF EE 85 61 D5 73 0A (19)
                              [N4:Y] TPOS 'E' 255 238 133 97 (-1145503)
2026-04-17 15:19:49:481 [OUT] 25 A5 01 0C 31 05 81 FF BC D0 00 4F 33 (13)
                              [N12:Z] TPOS 255 188 208 0 (-4403200)
2026-04-17 15:19:49:502 [OUT] 25 A5 01 04 31 05 81 FF FD 50 01 09 B7 (13)
                              [N4:Y] TPOS 255 253 80 1 (-176127)
2026-04-17 15:19:49:525 [OUT] 25 A5 01 09 31 05 81 FF E7 5D 56 5A 0C (13)
                              [N9:P] TPOS 255 231 93 86 (-1614506)
2026-04-17 15:19:49:547 [OUT] 25 A5 01 07 31 05 81 FF AB 19 75 F7 DF (13)
                              [N7:N] TPOS 255 171 25 117 (-5564043)
2026-04-17 15:19:49:569 [OUT] 25 A5 01 03 31 05 81 FF EC 4A AB 9B 1A (13)
                              [N3:X] TPOS 255 236 74 171 (-1291605)
2026-04-17 15:19:49:591 [OUT] 25 A5 01 06 31 02 D8 3F 51 DD (10)
                              [N6:H] INTERRUPT '?'
2026-04-17 15:19:49:892 [IN ] C8 24 0C 0E 25 A5 0C 01 31 06 81 53 FF FF FF C9 DE 98 0A C8 24 04 0E 25 A5 04 01 31 06 81 53 FF EE 85 61 E3 B9 0A (38)
                              [N12:Z] TPOS 'S' 255 255 255 201 (-55)
                              [N4:Y] TPOS 'S' 255 238 133 97 (-1145503)
2026-04-17 15:19:50:194 [IN ] C8 24 09 0E 25 A5 09 01 31 06 81 53 FF FF FF FE 10 AF 0A C8 24 07 0E 25 A5 07 01 31 06 81 53 FF FF FF FD 0D 9A 0A C8 24 03 0E 25 A5 03 01 31 06 81 53 FF FF FF FC 08 71 0A (57)
                              [N9:P] TPOS 'S' 255 255 255 254 (-2)
                              [N7:N] TPOS 'S' 255 255 255 253 (-3)
                              [N3:X] TPOS 'S' 255 255 255 252 (-4)
2026-04-17 15:19:50:495 [IN ] C8 24 06 0C 25 A5 06 01 31 04 D8 3A 01 01 50 82 08 (17)
                              [N6:H] INTERRUPT ':' 1 1 (257)
2026-04-17 15:19:50:516 [OUT] 25 A5 01 06 31 03 C9 3D 0B 4C 0C (11)
                              [N6:H] LFLAG '=' 11 (11)
2026-04-17 15:19:50:684 [IN ] C8 24 06 0B 25 A5 06 01 31 03 C9 3A 0B 49 0B 82 (16)
                              [N6:H] LFLAG ':' 11 (11)
2026-04-17 15:19:50:706 [OUT] 25 A5 01 06 31 03 88 FF B0 72 72 (11)
                              [N6:H] RUN 255 176 (-80)
2026-04-17 15:19:50:874 [IN ] C8 24 06 0C 25 A5 06 01 31 04 88 53 FF B0 C6 38 08 (17)
                              [N6:H] RUN 'S' 255 176 (-80)
2026-04-17 15:19:54:690 [IN ] C8 24 06 0B 25 A5 06 01 31 03 81 5A 4C 62 B4 38 (16)
                              [N6:H] TPOS 'Z' 76 (76)
2026-04-17 15:19:54:893 [IN ] C8 24 06 0A 25 A5 06 01 31 02 81 49 04 3E B4 (15)
                              [N6:H] TPOS 'I'
2026-04-17 15:19:55:118 [OUT] 25 A5 01 06 31 03 C9 3D 09 4A 0A (11)
                              [N6:H] LFLAG '=' 9 (9)
2026-04-17 15:19:55:285 [IN ] C8 24 06 0B 25 A5 06 01 31 03 C9 3A 09 47 09 38 (16)
                              [N6:H] LFLAG ':' 9 (9)
2026-04-17 15:19:55:306 [OUT] 25 A5 01 06 31 03 84 00 50 0F 08 (11)
                              [N6:H] VEL 0 80 (80)
2026-04-17 15:19:55:492 [IN ] C8 24 06 0C 25 A5 06 01 31 04 84 53 00 50 63 CA 08 (17)
                              [N6:H] VEL 'S' 0 80 (80)
2026-04-17 15:19:55:514 [OUT] 25 A5 01 06 31 05 81 00 19 82 3C 95 BE (13)
                              [N6:H] TPOS 0 25 130 60 (1671740)
2026-04-17 15:19:55:702 [IN ] C8 24 06 0E 25 A5 06 01 31 06 81 53 00 00 00 02 14 9E 0A (19)
                              [N6:H] TPOS 'S' 0 0 0 2 (2)
2026-04-17 15:19:56:706 [IN ] C8 24 03 0E 25 A5 03 01 31 06 81 45 FF EC 49 5D 92 E7 0A (19)
                              [N3:X] TPOS 'E' 255 236 73 93 (-1291939)
2026-04-17 15:19:57:130 [OUT] 25 A5 01 03 31 05 81 FF FD 50 01 08 AF (13)
                              [N3:X] TPOS 255 253 80 1 (-176127)
2026-04-17 15:19:57:298 [IN ] C8 24 03 0E 25 A5 03 01 31 06 81 53 FF EC 49 5E A1 2E 0A (19)
                              [N3:X] TPOS 'S' 255 236 73 94 (-1291938)
2026-04-17 15:19:58:503 [IN ] C8 24 04 0E 25 A5 04 01 31 06 81 45 FF FD 4F 5F AC 32 0A C8 24 09 0E 25 A5 09 01 31 06 81 45 FF E7 5B 68 B0 43 0A (38)
                              [N4:Y] TPOS 'E' 255 253 79 95 (-176289)
                              [N9:P] TPOS 'E' 255 231 91 104 (-1615000)
2026-04-17 15:19:58:927 [OUT] 25 A5 01 09 31 05 81 FF FF D9 C8 60 BE (13)
                              [N9:P] TPOS 255 255 217 200 (-9784)
2026-04-17 15:19:59:115 [IN ] C8 24 09 0E 25 A5 09 01 31 06 81 53 FF E7 5B 6A C0 8B 0A (19)
                              [N9:P] TPOS 'S' 255 231 91 106 (-1614998)
2026-04-17 15:20:03:131 [IN ] C8 24 06 0E 25 A5 06 01 31 06 81 45 00 19 85 67 09 12 0A (19)
                              [N6:H] TPOS 'E' 0 25 133 103 (1672551)
2026-04-17 15:20:03:555 [OUT] 25 A5 01 06 31 05 81 00 0D 33 FF FD BF (13)
                              [N6:H] TPOS 0 13 51 255 (865279)
2026-04-17 15:20:03:741 [IN ] C8 24 06 0E 25 A5 06 01 31 06 81 53 00 19 85 67 17 58 0A (19)
                              [N6:H] TPOS 'S' 0 25 133 103 (1672551)
2026-04-17 15:20:06:150 [IN ] C8 24 03 0E 25 A5 03 01 31 06 81 45 FF FD 50 3B 88 06 0A (19)
                              [N3:X] TPOS 'E' 255 253 80 59 (-176069)
2026-04-17 15:20:07:357 [IN ] C8 24 06 0E 25 A5 06 01 31 06 81 45 00 0D 2E 60 9F 39 0A (19)
                              [N6:H] TPOS 'E' 0 13 46 96 (863840)
2026-04-17 15:20:07:580 [OUT] 25 A5 01 05 31 02 D8 3F 50 D8 (10)
                              [N5:V] INTERRUPT '?'
2026-04-17 15:20:07:881 [IN ] C8 24 09 0E 25 A5 09 01 31 06 81 45 FF FF DB 96 76 B9 0A C8 24 05 0C 25 A5 05 01 31 04 D8 3A 01 01 4F 7A 76 (36)
                              [N9:P] TPOS 'E' 255 255 219 150 (-9322)
                              [N5:V] INTERRUPT ':' 1 1 (257)
2026-04-17 15:20:07:902 [OUT] 25 A5 01 05 31 03 C9 3D 0B 4B 06 (11)
                              [N5:V] LFLAG '=' 11 (11)
2026-04-17 15:20:07:925 [OUT] 25 A5 01 08 31 02 D8 3F 53 E7 (10)
                              [N8:R] INTERRUPT '?'
2026-04-17 15:20:08:226 [IN ] C8 24 05 0B 25 A5 05 01 31 03 C9 3A 0B 48 04 7A C8 24 08 0C 25 A5 08 01 31 04 D8 3A 01 01 52 92 76 (33)
                              [N5:V] LFLAG ':' 11 (11)
                              [N8:R] INTERRUPT ':' 1 1 (257)
2026-04-17 15:20:08:248 [OUT] 25 A5 01 05 31 03 88 FF B0 71 6C (11)
                              [N5:V] RUN 255 176 (-80)
2026-04-17 15:20:08:270 [OUT] 25 A5 01 08 31 03 CA 3D 0B 4F 1B (11)
                              [N8:R] RFLAG '=' 11 (11)
2026-04-17 15:20:08:417 [IN ] C8 24 05 0C 25 A5 05 01 31 04 88 53 FF B0 C5 30 76 (17)
                              [N5:V] RUN 'S' 255 176 (-80)
2026-04-17 15:20:08:542 [IN ] C8 24 08 0B 25 A5 08 01 31 03 CA 3A 0B 4C 1C 30 (16)
                              [N8:R] RFLAG ':' 11 (11)
2026-04-17 15:20:08:564 [OUT] 25 A5 01 08 31 03 88 00 50 15 20 (11)
                              [N8:R] RUN 0 80 (80)
2026-04-17 15:20:08:732 [IN ] C8 24 08 0C 25 A5 08 01 31 04 88 53 00 50 (14)
2026-04-17 15:20:08:753 [IN ] 69 EA 76 (3)
                              [N8:R] RUN 'S' 0 80 (80)
2026-04-17 15:20:10:561 [IN ] C8 24 0C 0E 25 A5 0C 01 31 06 81 45 FF BC CD 44 D6 A0 0A (19)
                              [N12:Z] TPOS 'E' 255 188 205 68 (-4403900)
2026-04-17 15:20:10:986 [OUT] 25 A5 01 0C 31 05 81 FF D7 04 00 9E EC (13)
                              [N12:Z] TPOS 255 215 4 0 (-2685952)
2026-04-17 15:20:11:197 [IN ] C8 24 0C 0E 25 A5 0C 01 31 06 81 53 FF BC CD 45 E5 E7 0A (19)
                              [N12:Z] TPOS 'S' 255 188 205 69 (-4403899)
2026-04-17 15:20:12:604 [IN ] C8 24 05 0B 25 A5 05 01 31 03 81 5A 4C 61 AD 45 C8 24 05 0A 25 A5 05 01 31 02 81 49 03 38 AD (31)
                              [N5:V] TPOS 'Z' 76 (76)
                              [N5:V] TPOS 'I'
2026-04-17 15:20:12:827 [OUT] 25 A5 01 05 31 03 C9 3D 09 49 04 (11)
                              [N5:V] LFLAG '=' 9 (9)
2026-04-17 15:20:12:994 [IN ] C8 24 05 0B 25 A5 05 01 31 03 C9 3A 09 (13)
2026-04-17 15:20:13:016 [IN ] 46 02 45 (3)
                              [N5:V] LFLAG ':' 9 (9)
2026-04-17 15:20:13:037 [OUT] 25 A5 01 05 31 03 84 00 50 0E 02 (11)
                              [N5:V] VEL 0 80 (80)
2026-04-17 15:20:13:205 [IN ] C8 24 05 0C 25 A5 05 01 31 04 84 53 00 50 62 C2 E5 (17)
                              [N5:V] VEL 'S' 0 80 (80)
2026-04-17 15:20:13:226 [OUT] 25 A5 01 05 31 05 81 00 19 82 3C 94 B6 (13)
                              [N5:V] TPOS 0 25 130 60 (1671740)
2026-04-17 15:20:13:413 [IN ] C8 24 05 0E 25 A5 05 01 31 06 81 53 00 00 00 00 11 92 0A (19)
                              [N5:V] TPOS 'S' 0 0 0 0 (0)
2026-04-17 15:20:14:418 [IN ] C8 24 07 0E 25 A5 07 01 31 06 81 45 FF AB 14 9B 5E 20 0A (19)
                              [N7:N] TPOS 'E' 255 171 20 155 (-5565285)
2026-04-17 15:20:14:843 [OUT] 25 A5 01 07 31 05 81 FF F2 3B 91 7C 14 (13)
                              [N7:N] TPOS 255 242 59 145 (-902255)
2026-04-17 15:20:15:032 [IN ] C8 24 07 0E 25 A5 07 01 31 06 81 53 FF AB 14 9B 6C 66 0A (19)
                              [N7:N] TPOS 'S' 255 171 20 155 (-5565285)
2026-04-17 15:20:17:641 [IN ] C8 24 08 0B 25 A5 08 01 31 03 81 5A 52 6A C8 9B C8 24 08 0A 25 A5 08 01 31 02 81 49 06 4A C8 (31)
                              [N8:R] TPOS 'Z' 82 (82)
                              [N8:R] TPOS 'I'
2026-04-17 15:20:17:863 [OUT] 25 A5 01 08 31 03 CA 3D 09 4D 19 (11)
                              [N8:R] RFLAG '=' 9 (9)
2026-04-17 15:20:18:051 [IN ] C8 24 08 0B 25 A5 08 01 31 03 CA 3A 09 4A 1A 9B (16)
                              [N8:R] RFLAG ':' 9 (9)
2026-04-17 15:20:18:072 [OUT] 25 A5 01 08 31 05 81 FF DC 77 1D 2F DE (13)
                              [N8:R] TPOS 255 220 119 29 (-2328803)
2026-04-17 15:20:18:263 [IN ] C8 24 08 0E 25 A5 08 01 31 06 81 53 FF FF FF F4 05 9B 0A (19)
                              [N8:R] TPOS 'S' 255 255 255 244 (-12)
2026-04-17 15:20:19:265 [IN ] C8 24 0C 0E 25 A5 0C 01 31 06 81 45 FF D7 08 10 F8 33 0A (19)
                              [N12:Z] TPOS 'E' 255 215 8 16 (-2684912)
2026-04-17 15:20:21:072 [IN ] C8 24 05 0E 25 A5 05 01 31 06 81 45 00 19 86 7B 1D 1E 0A (19)
                              [N5:V] TPOS 'E' 0 25 134 123 (1672827)
2026-04-17 15:20:21:496 [OUT] 25 A5 01 05 31 05 81 00 0B D5 B2 4F A8 (13)
                              [N5:V] TPOS 0 11 213 178 (775602)
2026-04-17 15:20:21:663 [IN ] C8 24 05 0E 25 A5 05 01 31 06 81 53 00 19 86 7B 2B 64 0A (19)
                              [N5:V] TPOS 'S' 0 25 134 123 (1672827)
2026-04-17 15:20:27:085 [IN ] C8 24 05 0E 25 A5 05 01 31 06 81 45 00 0B D3 BD 9E D0 0A (19)
                              [N5:V] TPOS 'E' 0 11 211 189 (775101)
2026-04-17 15:20:27:308 [OUT] 25 A5 01 03 31 05 81 FF EE C3 66 D1 CD (13)
                              [N3:X] TPOS 255 238 195 102 (-1129626)
2026-04-17 15:20:27:330 [OUT] 25 A5 01 04 31 05 81 FF F3 93 09 4A 27 (13)
                              [N4:Y] TPOS 255 243 147 9 (-814327)
2026-04-17 15:20:27:496 [IN ] C8 24 03 0E 25 A5 03 01 31 06 81 53 FF FD 50 36 91 47 0A (19)
                              [N3:X] TPOS 'S' 255 253 80 54 (-176074)
2026-04-17 15:20:27:621 [IN ] C8 24 04 0E 25 A5 04 01 31 06 81 53 FF FD 4F 5F BA 78 0A (19)
                              [N4:Y] TPOS 'S' 255 253 79 95 (-176289)
2026-04-17 15:20:31:031 [IN ] C8 24 04 0E 25 A5 04 01 31 06 81 45 FF F3 90 91 15 C8 0A (19)
                              [N4:Y] TPOS 'E' 255 243 144 145 (-814959)
2026-04-17 15:20:31:434 [IN ] C8 24 08 0E 25 A5 08 01 31 06 81 45 FF DC 74 BD 12 9F 0A (19)
                              [N8:R] TPOS 'E' 255 220 116 189 (-2329411)
2026-04-17 15:20:31:858 [OUT] 25 A5 01 08 31 05 81 FF EE 15 56 18 89 (13)
                              [N8:R] TPOS 255 238 21 86 (-1174186)
2026-04-17 15:20:32:045 [IN ] C8 24 08 0E 25 A5 08 01 31 06 81 53 FF DC 74 C1 24 E9 0A (19)
                              [N8:R] TPOS 'S' 255 220 116 193 (-2329407)
2026-04-17 15:20:32:246 [IN ] C8 24 03 0E 25 A5 03 01 31 06 81 45 FF EE C0 E2 90 60 0A (19)
                              [N3:X] TPOS 'E' 255 238 192 226 (-1130270)
2026-04-17 15:20:35:460 [IN ] C8 24 07 0E 25 A5 07 01 31 06 81 45 FF F2 40 B9 EF 6B 0A (19)
                              [N7:N] TPOS 'E' 255 242 64 185 (-900935)
2026-04-17 15:20:40:071 [IN ] C8 24 08 0E 25 A5 08 01 31 06 81 45 FF EE 15 AE B6 08 0A (19)
                              [N8:R] TPOS 'E' 255 238 21 174 (-1174098)
