2026-02-26 15:07:53:934 [IN ] C8 24 0B 0A 25 A5 0B 01 31 02 DE 00 1D CD 80 (15)
                              [N11:NG] NGSWSTATE 0 (0)
2026-02-26 15:07:53:955 [OUT] 25 A5 01 0A 31 05 D6 3D FF 00 00 53 ED (13)
                              [N10:HMI] HMILED '=' 255 0 0 (16711680)
2026-02-26 15:07:53:977 [OUT] 25 A5 01 04 31 07 E7 3D 65 00 00 00 B4 7A 90 (15)
                              [N4:Y] LONG32VALUE '=' 'e' 0 0 0 180 (180)
2026-02-26 15:07:54:001 [OUT] 25 A5 01 03 31 07 E7 3D 65 00 00 00 76 3B 48 (15)
                              [N3:X] LONG32VALUE '=' 'e' 0 0 0 118 (118)
2026-02-26 15:07:54:148 [IN ] C8 24 0A 0D 25 A5 0A 01 31 05 D6 3A FF 00 00 50 EA 3C (18)
                              [N10:HMI] HMILED ':' 255 0 0 (16711680)
2026-02-26 15:07:54:317 [IN ] C8 24 04 0F 25 A5 04 01 31 07 E7 3A 65 00 00 00 B4 77 81 01 (20)
                              [N4:Y] LONG32VALUE ':' 'e' 0 0 0 180 (180)
2026-02-26 15:07:54:338 [OUT] 25 A5 01 04 31 05 81 FF F1 39 1A FF 7E (13)
                              [N4:Y] TPOS 255 241 57 26 (-968422)
2026-02-26 15:07:54:444 [IN ] C8 24 03 0F 25 A5 03 01 31 07 E7 3A 65 00 00 00 76 38 38 01 (20)
                              [N3:X] LONG32VALUE ':' 'e' 0 0 0 118 (118)
2026-02-26 15:07:54:465 [OUT] 25 A5 01 03 31 05 81 FF EE C8 66 D6 D7 (13)
                              [N3:X] TPOS 255 238 200 102 (-1128346)
2026-02-26 15:07:54:570 [IN ] C8 24 04 0E 25 A5 04 01 31 06 81 53 FF F0 3D F3 2F C1 38 (19)
                              [N4:Y] TPOS 'S' 255 240 61 243 (-1032717)
2026-02-26 15:07:54:592 [OUT] 25 A5 01 04 31 01 DB 12 85 (9)
                              [N4:Y] STARTMOVE
2026-02-26 15:07:54:698 [IN ] C8 24 03 0E 25 A5 03 01 31 06 81 53 FF EE 23 77 96 01 38 (19)
                              [N3:X] TPOS 'S' 255 238 35 119 (-1170569)
2026-02-26 15:07:54:719 [OUT] 25 A5 01 03 31 01 DB 11 81 (9)
                              [N3:X] STARTMOVE
2026-02-26 15:07:54:763 [IN ] C8 24 04 0A 25 A5 04 01 31 02 DB 01 14 9E 23 (15)
                              [N4:Y] STARTMOVE ''
2026-02-26 15:07:54:888 [IN ] C8 24 03 0A 25 A5 03 01 31 02 DB 01 13 98 23 (15)
                              [N3:X] STARTMOVE ''
2026-02-26 15:07:55:090 [IN ] C8 24 0B 0A 25 A5 0B 01 31 02 DE 00 1D CD 23 (15)
                              [N11:NG] NGSWSTATE 0 (0)
2026-02-26 15:07:55:291 [IN ] C8 24 03 0E 25 A5 03 01 31 06 81 45 FF EE C9 2A E1 BA 38 C8 24 04 0E 25 A5 04 01 31 06 81 45 FF F1 3A AF DB 34 38 (38)
                              [N3:X] TPOS 'E' 255 238 201 42 (-1128150)
                              [N4:Y] TPOS 'E' 255 241 58 175 (-968017)
2026-02-26 15:07:55:716 [OUT] 25 A5 01 04 31 07 E7 3D 65 00 00 00 B4 7A 90 (15)
                              [N4:Y] LONG32VALUE '=' 'e' 0 0 0 180 (180)
2026-02-26 15:07:55:738 [OUT] 25 A5 01 03 31 07 E7 3D 65 00 00 00 96 5B 68 (15)
                              [N3:X] LONG32VALUE '=' 'e' 0 0 0 150 (150)
2026-02-26 15:07:55:947 [IN ] C8 24 0B 0A 25 A5 0B 01 31 02 DE 00 1D CD 3A C8 24 04 0F 25 A5 04 01 31 07 E7 3A 65 00 00 00 B4 77 81 01 (35)
                              [N11:NG] NGSWSTATE 0 (0)
                              [N4:Y] LONG32VALUE ':' 'e' 0 0 0 180 (180)
2026-02-26 15:07:55:969 [OUT] 25 A5 01 04 31 05 81 FF F6 02 94 47 99 (13)
                              [N4:Y] TPOS 255 246 2 148 (-654700)
2026-02-26 15:07:56:095 [IN ] C8 24 03 0F 25 A5 03 01 31 07 E7 3A 65 00 00 00 96 58 58 01 (20)
                              [N3:X] LONG32VALUE ':' 'e' 0 0 0 150 (150)
2026-02-26 15:07:56:116 [OUT] 25 A5 01 03 31 05 81 FF EA C8 CF 3B 34 (13)
                              [N3:X] TPOS 255 234 200 207 (-1390385)
2026-02-26 15:07:56:201 [IN ] C8 24 04 0E 25 A5 04 01 31 06 81 53 FF F1 3A AF E9 7A 58 (19)
                              [N4:Y] TPOS 'S' 255 241 58 175 (-968017)
2026-02-26 15:07:56:222 [OUT] 25 A5 01 04 31 01 DB 12 85 (9)
                              [N4:Y] STARTMOVE
2026-02-26 15:07:56:327 [IN ] C8 24 03 0E 25 A5 03 01 31 06 81 53 FF EE C9 29 EE FF 58 (19)
                              [N3:X] TPOS 'S' 255 238 201 41 (-1128151)
2026-02-26 15:07:56:349 [OUT] 25 A5 01 03 31 01 DB 11 81 (9)
                              [N3:X] STARTMOVE
2026-02-26 15:07:56:413 [IN ] C8 24 04 0A 25 A5 04 01 31 02 DB 01 14 9E C9 (15)
                              [N4:Y] STARTMOVE ''
2026-02-26 15:07:56:519 [IN ] C8 24 03 0A 25 A5 03 01 31 02 DB 01 13 98 C9 (15)
                              [N3:X] STARTMOVE ''
2026-02-26 15:07:57:123 [IN ] C8 24 0B 0A 25 A5 0B 01 31 02 DE 00 1D CD C9 (15)
                              [N11:NG] NGSWSTATE 0 (0)
2026-02-26 15:07:57:926 [IN ] C8 24 03 0E 25 A5 03 01 31 06 81 45 FF EA C6 53 03 D1 58 (19)
                              [N3:X] TPOS 'E' 255 234 198 83 (-1391021)
2026-02-26 15:07:58:127 [IN ] C8 24 0B 0A 25 A5 0B 01 31 02 DE 00 1D CD C6 C8 24 04 0E 25 A5 04 01 31 06 81 45 FF F6 04 83 7E AB 58 (34)
                              [N11:NG] NGSWSTATE 0 (0)
                              [N4:Y] TPOS 'E' 255 246 4 131 (-654205)
2026-02-26 15:07:58:555 [OUT] 25 A5 01 04 31 03 84 00 50 0D FC (11)
                              [N4:Y] VEL 0 80 (80)
2026-02-26 15:07:58:577 [OUT] 25 A5 01 03 31 03 84 00 50 0C F6 (11)
                              [N3:X] VEL 0 80 (80)
2026-02-26 15:07:58:600 [OUT] 25 A5 01 09 31 05 81 FF EB 9A 9E E3 DA (13)
                              [N9:P] TPOS 255 235 154 158 (-1336674)
2026-02-26 15:07:58:621 [OUT] 25 A5 01 05 31 05 81 00 0C 83 48 94 9D (13)
                              [N5:V] TPOS 0 12 131 72 (820040)
2026-02-26 15:07:58:643 [OUT] 25 A5 01 06 31 05 81 00 0B E8 34 E5 58 (13)
                              [N6:H] TPOS 0 11 232 52 (780340)
2026-02-26 15:07:58:666 [OUT] 25 A5 01 07 31 05 81 FF FC C9 DD 60 9A (13)
                              [N7:N] TPOS 255 252 201 221 (-210467)
2026-02-26 15:07:58:709 [IN ] C8 24 04 0C 25 A5 04 01 31 04 84 53 00 50 61 BA 7E (17)
                              [N4:Y] VEL 'S' 0 80 (80)
2026-02-26 15:07:58:730 [OUT] 25 A5 01 04 31 05 81 FF F5 30 45 25 A3 (13)
                              [N4:Y] TPOS 255 245 48 69 (-708539)
2026-02-26 15:07:58:837 [IN ] C8 24 03 0C 25 A5 03 01 31 04 84 53 00 50 60 B2 7E (17)
                              [N3:X] VEL 'S' 0 80 (80)
2026-02-26 15:07:58:858 [OUT] 25 A5 01 03 31 05 81 FF E9 FB 71 0F 39 (13)
                              [N3:X] TPOS 255 233 251 113 (-1442959)
2026-02-26 15:07:58:964 [IN ] C8 24 09 0E 25 A5 09 01 31 06 81 53 FF EB 6D BE 2A 0F 58 C8 24 0B 0A 25 A5 0B 01 31 02 DE 00 1D CD 6D (34)
                              [N9:P] TPOS 'S' 255 235 109 190 (-1348162)
                              [N11:NG] NGSWSTATE 0 (0)
2026-02-26 15:07:59:089 [IN ] C8 24 05 0E 25 A5 05 01 31 06 81 53 00 0B 85 91 32 4E 58 (19)
                              [N5:V] TPOS 'S' 0 11 133 145 (755089)
2026-02-26 15:07:59:132 [IN ] C8 24 09 0E 25 A5 09 01 31 06 81 45 FF EB 9D D1 5F 3C 58 (19)
                              [N9:P] TPOS 'E' 255 235 157 209 (-1335855)
2026-02-26 15:07:59:237 [IN ] C8 24 06 0E 25 A5 06 01 31 06 81 53 00 0B 8F 94 40 6F 58 (19)
                              [N6:H] TPOS 'S' 0 11 143 148 (757652)
2026-02-26 15:07:59:342 [IN ] C8 24 07 0E 25 A5 07 01 31 06 81 53 FF FE 60 25 95 81 58 (19)
                              [N7:N] TPOS 'S' 255 254 96 37 (-106459)
2026-02-26 15:07:59:426 [IN ] C8 24 06 0E 25 A5 06 01 31 06 81 45 00 0B ED 43 3F 94 58 (19)
                              [N6:H] TPOS 'E' 0 11 237 67 (781635)
2026-02-26 15:07:59:490 [IN ] C8 24 04 0E 25 A5 04 01 31 06 81 53 FF F6 04 83 8C F1 58 (19)
                              [N4:Y] TPOS 'S' 255 246 4 131 (-654205)
2026-02-26 15:07:59:512 [IN ] C8 24 05 0E 25 A5 05 01 31 06 81 45 00 0C 87 17 AD 95 58 (19)
                              [N5:V] TPOS 'E' 0 12 135 23 (821015)
2026-02-26 15:07:59:617 [IN ] C8 24 03 0E 25 A5 03 01 31 06 81 53 FF EA C6 53 11 17 58 (19)
                              [N3:X] TPOS 'S' 255 234 198 83 (-1391021)
2026-02-26 15:08:00:019 [IN ] C8 24 04 0E 25 A5 04 01 31 06 81 45 FF F5 2D E9 0C 60 58 C8 24 07 0E 25 A5 07 01 31 06 81 45 FF FC C5 67 2C 41 58 C8 24 0B 0A 25 A5 0B 01 31 02 DE 00 1D CD C5 C8 24 03 0E 25 A5 03 01 31 06 81 
45 FF E9 F9 E6 C8 C7 58 (72)
                              [N4:Y] TPOS 'E' 255 245 45 233 (-709143)
                              [N7:N] TPOS 'E' 255 252 197 103 (-211609)
                              [N11:NG] NGSWSTATE 0 (0)
                              [N3:X] TPOS 'E' 255 233 249 230 (-1443354)
