2026-02-26 15:35:28:255 [OUT] 25 A5 01 0A 31 05 D6 3D FF 00 00 53 ED (13)
                              [N10:HMI] HMILED '=' 255 0 0 (16711680)
2026-02-26 15:35:28:277 [OUT] 25 A5 01 03 31 02 D8 3F 4E CE (10)
                              [N3:X] INTERRUPT '?'
2026-02-26 15:35:28:579 [IN ] C8 24 0A 0D 25 A5 0A 01 31 05 D6 3A FF 00 00 50 EA B3 C8 24 03 0C 25 A5 03 01 31 04 D8 3A 01 01 4D 6A EA (35)
                              [N10:HMI] HMILED ':' 255 0 0 (16711680)
                              [N3:X] INTERRUPT ':' 1 1 (257)
2026-02-26 15:35:28:600 [OUT] 25 A5 01 09 31 03 C9 3D 09 4D 1C (11)
                              [N9:P] LFLAG '=' 9 (9)
2026-02-26 15:35:28:622 [OUT] 25 A5 01 04 31 02 D8 3F 4F D3 (10)
                              [N4:Y] INTERRUPT '?'
2026-02-26 15:35:28:923 [IN ] C8 24 09 0B 25 A5 09 01 31 03 C9 3A 09 4A 1E 6A C8 24 04 0C 25 A5 04 01 31 04 D8 3A 01 01 4E 72 EA (33)
                              [N9:P] LFLAG ':' 9 (9)
                              [N4:Y] INTERRUPT ':' 1 1 (257)
2026-02-26 15:35:28:944 [OUT] 25 A5 01 09 31 03 CA 3D 09 4E 1F (11)
                              [N9:P] RFLAG '=' 9 (9)
2026-02-26 15:35:28:968 [OUT] 25 A5 01 0C 31 02 D8 3F 57 FB (10)
                              [N12:Z] INTERRUPT '?'
2026-02-26 15:35:29:270 [IN ] C8 24 09 0B 25 A5 09 01 31 03 CA 3A 09 4B 21 72 C8 24 0C 0C 25 A5 0C 01 31 04 D8 3A 01 01 56 B2 EA (33)
                              [N9:P] RFLAG ':' 9 (9)
                              [N12:Z] INTERRUPT ':' 1 1 (257)
2026-02-26 15:35:29:291 [OUT] 25 A5 01 08 31 03 C9 3D 09 4C 16 (11)
                              [N8:R] LFLAG '=' 9 (9)
2026-02-26 15:35:29:313 [OUT] 25 A5 01 03 31 03 C9 3D 0B 49 FA (11)
                              [N3:X] LFLAG '=' 11 (11)
2026-02-26 15:35:29:335 [OUT] 25 A5 01 04 31 03 C9 3D 0B 4A 00 (11)
                              [N4:Y] LFLAG '=' 11 (11)
2026-02-26 15:35:29:358 [OUT] 25 A5 01 0C 31 03 C9 3D 0B 52 30 (11)
                              [N12:Z] LFLAG '=' 11 (11)
2026-02-26 15:35:29:484 [IN ] C8 24 08 0B 25 A5 08 01 31 03 C9 3A 09 49 17 B2 (16)
                              [N8:R] LFLAG ':' 9 (9)
2026-02-26 15:35:29:506 [OUT] 25 A5 01 08 31 03 CA 3D 09 4D 19 (11)
                              [N8:R] RFLAG '=' 9 (9)
2026-02-26 15:35:29:571 [IN ] C8 24 03 0B 25 A5 03 01 31 03 C9 3A 0B 46 F6 B2 (16)
                              [N3:X] LFLAG ':' 11 (11)
2026-02-26 15:35:29:593 [OUT] 25 A5 01 03 31 03 88 00 50 10 02 (11)
                              [N3:X] RUN 0 80 (80)
2026-02-26 15:35:29:676 [IN ] C8 24 04 0B 25 A5 04 01 31 03 C9 3A 0B 47 FD B2 (16)
                              [N4:Y] LFLAG ':' 11 (11)
2026-02-26 15:35:29:697 [OUT] 25 A5 01 04 31 03 88 00 50 11 08 (11)
                              [N4:Y] RUN 0 80 (80)
2026-02-26 15:35:29:804 [IN ] C8 24 0C 0B 25 A5 0C 01 31 03 C9 3A 0B 4F 35 B2 (16)
                              [N12:Z] LFLAG ':' 11 (11)
2026-02-26 15:35:29:825 [OUT] 25 A5 01 0C 31 03 88 00 50 19 38 (11)
                              [N12:Z] RUN 0 80 (80)
2026-02-26 15:35:29:910 [IN ] C8 24 08 0B 25 A5 08 01 31 03 CA 3A 09 4A 1A B2 (16)
                              [N8:R] RFLAG ':' 9 (9)
2026-02-26 15:35:29:993 [IN ] C8 24 03 0C 25 A5 03 01 31 04 88 53 00 50 64 C2 EA (17)
                              [N3:X] RUN 'S' 0 80 (80)
2026-02-26 15:35:30:138 [IN ] C8 24 04 0C 25 A5 04 01 31 04 88 53 00 50 65 CA EA (17)
                              [N4:Y] RUN 'S' 0 80 (80)
2026-02-26 15:35:30:222 [IN ] C8 24 0C 0C 25 A5 0C 01 31 04 88 53 00 50 6D 0A EA (17)
                              [N12:Z] RUN 'S' 0 80 (80)
2026-02-26 15:35:36:645 [IN ] C8 24 04 0B 25 A5 04 01 31 03 81 5A 4C 60 A6 0A C8 24 04 0A 25 A5 04 01 31 02 81 49 02 32 A6 (31)
                              [N4:Y] TPOS 'Z' 76 (76)
                              [N4:Y] TPOS 'I'
2026-02-26 15:35:36:868 [OUT] 25 A5 01 09 31 02 D8 3F 54 EC (10)
                              [N9:P] INTERRUPT '?'
2026-02-26 15:35:37:169 [IN ] C8 24 09 0C 25 A5 09 01 31 04 D8 3A 01 01 53 9A EA (17)
                              [N9:P] INTERRUPT ':' 1 1 (257)
2026-02-26 15:35:37:190 [OUT] 25 A5 01 04 31 03 C9 3D 09 48 FE (11)
                              [N4:Y] LFLAG '=' 9 (9)
2026-02-26 15:35:37:212 [OUT] 25 A5 01 07 31 02 D8 3F 52 E2 (10)
                              [N7:N] INTERRUPT '?'
2026-02-26 15:35:37:513 [IN ] C8 24 04 0B 25 A5 04 01 31 03 C9 3A 09 45 FB 9A C8 24 07 0C 25 A5 07 01 31 04 D8 3A 01 01 51 8A EA (33)
                              [N4:Y] LFLAG ':' 9 (9)
                              [N7:N] INTERRUPT ':' 1 1 (257)
2026-02-26 15:35:37:534 [OUT] 25 A5 01 09 31 03 C9 3D 0B 4F 1E (11)
                              [N9:P] LFLAG '=' 11 (11)
2026-02-26 15:35:37:559 [OUT] 25 A5 01 07 31 03 C9 3D 0B 4D 12 (11)
                              [N7:N] LFLAG '=' 11 (11)
2026-02-26 15:35:37:706 [IN ] C8 24 09 0B 25 A5 09 01 31 03 C9 3A 0B 4C 20 8A (16)
                              [N9:P] LFLAG ':' 11 (11)
2026-02-26 15:35:37:730 [OUT] 25 A5 01 09 31 03 88 00 50 16 26 (11)
                              [N9:P] RUN 0 80 (80)
2026-02-26 15:35:37:816 [IN ] C8 24 07 0B 25 A5 07 01 31 03 C9 3A 0B 4A 12 8A (16)
                              [N7:N] LFLAG ':' 11 (11)
2026-02-26 15:35:37:837 [OUT] 25 A5 01 07 31 03 88 00 50 14 1A (11)
                              [N7:N] RUN 0 80 (80)
2026-02-26 15:35:37:922 [IN ] C8 24 09 0C 25 A5 09 01 31 04 88 53 00 50 6A F2 EA (17)
                              [N9:P] RUN 'S' 0 80 (80)
2026-02-26 15:35:37:988 [IN ] C8 24 09 0B 25 A5 09 01 31 03 81 5A 4C 65 C9 F2 (16)
                              [N9:P] TPOS 'Z' 76 (76)
2026-02-26 15:35:38:030 [IN ] C8 24 09 0A 25 A5 09 01 31 02 81 49 07 50 C9 C8 24 07 0C 25 A5 07 01 31 04 88 53 00 50 68 E2 EA (32)
                              [N9:P] TPOS 'I'
                              [N7:N] RUN 'S' 0 80 (80)
2026-02-26 15:35:38:253 [OUT] 25 A5 01 09 31 03 C9 3D 09 4D 1C (11)
                              [N9:P] LFLAG '=' 9 (9)
2026-02-26 15:35:38:275 [OUT] 25 A5 01 04 31 05 81 FF EE 88 01 32 FA (13)
                              [N4:Y] TPOS 255 238 136 1 (-1144831)
2026-02-26 15:35:38:422 [IN ] C8 24 09 0B 25 A5 09 01 31 03 C9 3A 09 4A 1E E2 (16)
                              [N9:P] LFLAG ':' 9 (9)
2026-02-26 15:35:38:548 [IN ] C8 24 04 0E 25 A5 04 01 31 06 81 53 00 00 (14)
2026-02-26 15:35:38:569 [IN ] 00 00 10 88 0A (5)
                              [N4:Y] TPOS 'S' 0 0 0 0 (0)
2026-02-26 15:35:40:379 [IN ] C8 24 03 0B 25 A5 03 01 31 03 81 5A 4C 5F 9F 00 C8 24 03 0A 25 A5 03 01 31 02 81 49 01 2C 9F (31)
                              [N3:X] TPOS 'Z' 76 (76)
                              [N3:X] TPOS 'I'
2026-02-26 15:35:40:605 [OUT] 25 A5 01 03 31 03 C9 3D 09 47 F8 (11)
                              [N3:X] LFLAG '=' 9 (9)
2026-02-26 15:35:40:774 [IN ] C8 24 03 0B 25 A5 03 01 31 03 C9 3A 09 44 F4 00 (16)
                              [N3:X] LFLAG ':' 9 (9)
2026-02-26 15:35:41:980 [IN ] C8 24 07 0B 25 A5 07 01 31 03 81 5A 4C 63 BB 00 C8 24 07 0A 25 A5 07 01 31 02 81 49 05 44 BB (31)
                              [N7:N] TPOS 'Z' 76 (76)
                              [N7:N] TPOS 'I'
2026-02-26 15:35:42:202 [OUT] 25 A5 01 07 31 03 C9 3D 09 4B 10 (11)
                              [N7:N] LFLAG '=' 9 (9)
2026-02-26 15:35:42:370 [IN ] C8 24 07 0B 25 A5 07 01 31 03 C9 3A 09 48 10 00 (16)
                              [N7:N] LFLAG ':' 9 (9)
2026-02-26 15:35:44:781 [IN ] C8 24 04 0E 25 A5 04 01 31 06 81 45 FF EE 85 B6 2A C8 0A (19)
                              [N4:Y] TPOS 'E' 255 238 133 182 (-1145418)
2026-02-26 15:35:45:004 [OUT] 25 A5 01 09 31 05 81 FF E7 5D 56 5A 0C (13)
                              [N9:P] TPOS 255 231 93 86 (-1614506)
2026-02-26 15:35:45:029 [OUT] 25 A5 01 04 31 05 81 FF FD 50 01 09 B7 (13)
                              [N4:Y] TPOS 255 253 80 1 (-176127)
2026-02-26 15:35:45:051 [OUT] 25 A5 01 07 31 05 81 FF AB 19 75 F7 DF (13)
                              [N7:N] TPOS 255 171 25 117 (-5564043)
2026-02-26 15:35:45:073 [OUT] 25 A5 01 03 31 05 81 FF EC 4A AB 9B 1A (13)
                              [N3:X] TPOS 255 236 74 171 (-1291605)
2026-02-26 15:35:45:095 [OUT] 25 A5 01 06 31 02 D8 3F 51 DD (10)
                              [N6:H] INTERRUPT '?'
2026-02-26 15:35:45:397 [IN ] C8 24 0C 0B 25 A5 0C 01 31 03 81 5A 4C 68 DE B6 C8 24 09 0E 25 A5 09 01 31 06 81 53 00 00 00 00 15 BA 0A C8 24 0C 0A 25 A5 0C 01 31 02 81 49 0A 62 00 C8 24 04 0E 25 A5 04 01 31 06 81 53 FF EE 
85 B6 38 0E 0A (69)
                              [N12:Z] TPOS 'Z' 76 (76)
                              [N9:P] TPOS 'S' 0 0 0 0 (0)
                              [N12:Z] TPOS 'I'
                              [N4:Y] TPOS 'S' 255 238 133 182 (-1145418)
2026-02-26 15:35:45:699 [IN ] C8 24 07 0E 25 A5 07 01 31 06 81 53 FF FF FF FD 0D 9A 0A C8 24 03 0E 25 A5 03 01 31 06 81 53 00 00 00 00 0F 7E 0A C8 24 06 0C 25 A5 06 01 31 04 D8 3A 01 01 50 82 0F (55)
                              [N7:N] TPOS 'S' 255 255 255 253 (-3)
                              [N3:X] TPOS 'S' 0 0 0 0 (0)
                              [N6:H] INTERRUPT ':' 1 1 (257)
2026-02-26 15:35:45:720 [OUT] 25 A5 01 06 31 03 C9 3D 0B 4C 0C (11)
                              [N6:H] LFLAG '=' 11 (11)
2026-02-26 15:35:45:742 [OUT] 25 A5 01 0C 31 03 C9 3D 09 50 2E (11)
                              [N12:Z] LFLAG '=' 9 (9)
2026-02-26 15:35:45:910 [IN ] C8 24 06 0B 25 A5 06 01 31 03 C9 3A 0B 49 0B 82 (16)
                              [N6:H] LFLAG ':' 11 (11)
2026-02-26 15:35:45:932 [OUT] 25 A5 01 06 31 03 88 FF B0 72 72 (11)
                              [N6:H] RUN 255 176 (-80)
2026-02-26 15:35:45:997 [IN ] C8 24 0C 0B 25 A5 0C 01 31 03 C9 3A 09 4D 33 (15)
                              [N12:Z] LFLAG ':' 9 (9)
2026-02-26 15:35:46:019 [OUT] 25 A5 01 0C 31 05 81 FF BC D0 00 4F 33 (13)
                              [N12:Z] TPOS 255 188 208 0 (-4403200)
2026-02-26 15:35:46:019 [IN ] 82 (1)
2026-02-26 15:35:46:102 [IN ] C8 24 06 0C 25 A5 06 01 31 04 88 53 FF B0 C6 38 0F (17)
                              [N6:H] RUN 'S' 255 176 (-80)
2026-02-26 15:35:46:228 [IN ] C8 24 0C 0E 25 A5 0C 01 31 06 81 53 FF FF FF A8 BD 77 0A (19)
                              [N12:Z] TPOS 'S' 255 255 255 168 (-88)
2026-02-26 15:35:50:043 [IN ] C8 24 06 0B 25 A5 06 01 31 03 81 5A 4C 62 B4 A8 (16)
                              [N6:H] TPOS 'Z' 76 (76)
2026-02-26 15:35:50:247 [IN ] C8 24 06 0A 25 A5 06 01 31 02 81 49 04 3E B4 (15)
                              [N6:H] TPOS 'I'
2026-02-26 15:35:50:471 [OUT] 25 A5 01 06 31 03 C9 3D 09 4A 0A (11)
                              [N6:H] LFLAG '=' 9 (9)
2026-02-26 15:35:50:639 [IN ] C8 24 06 0B 25 A5 06 01 31 03 C9 3A 09 47 09 A8 (16)
                              [N6:H] LFLAG ':' 9 (9)
2026-02-26 15:35:50:661 [OUT] 25 A5 01 06 31 03 84 00 50 0F 08 (11)
                              [N6:H] VEL 0 80 (80)
2026-02-26 15:35:50:830 [IN ] C8 24 06 0C 25 A5 06 01 31 04 84 53 00 50 63 CA BD (17)
                              [N6:H] VEL 'S' 0 80 (80)
2026-02-26 15:35:50:852 [OUT] 25 A5 01 06 31 05 81 00 19 82 3C 95 BE (13)
                              [N6:H] TPOS 0 25 130 60 (1671740)
2026-02-26 15:35:51:038 [IN ] C8 24 06 0E 25 A5 06 01 31 06 81 53 00 00 00 03 15 9F 0A (19)
                              [N6:H] TPOS 'S' 0 0 0 3 (3)
2026-02-26 15:35:52:845 [IN ] C8 24 03 0E 25 A5 03 01 31 06 81 45 FF EC 49 2A 5F B4 0A (19)
                              [N3:X] TPOS 'E' 255 236 73 42 (-1291990)
2026-02-26 15:35:53:048 [IN ] C8 24 04 0E 25 A5 04 01 31 06 81 45 FF FD 4F DD 2A B0 0A (19)
                              [N4:Y] TPOS 'E' 255 253 79 221 (-176163)
2026-02-26 15:35:53:271 [OUT] 25 A5 01 03 31 05 81 FF FD 50 01 08 AF (13)
                              [N3:X] TPOS 255 253 80 1 (-176127)
2026-02-26 15:35:53:355 [IN ] C8 24 09 0E 25 A5 09 01 31 06 81 45 FF E7 5A DF 26 B8 0A (19)
                              [N9:P] TPOS 'E' 255 231 90 223 (-1615137)
2026-02-26 15:35:53:420 [OUT] 25 A5 01 09 31 05 81 FF FF D9 C8 60 BE (13)
                              [N9:P] TPOS 255 255 217 200 (-9784)
2026-02-26 15:35:53:444 [IN ] C8 24 03 0E 25 A5 03 01 31 06 81 (11)
2026-02-26 15:35:53:466 [IN ] 53 FF EC 49 2A 6D FA 0A (8)
                              [N3:X] TPOS 'S' 255 236 73 42 (-1291990)
2026-02-26 15:35:53:612 [IN ] C8 24 09 0E 25 A5 09 01 31 06 81 53 FF E7 5A E1 36 00 0A (19)
                              [N9:P] TPOS 'S' 255 231 90 225 (-1615135)
2026-02-26 15:35:58:836 [IN ] C8 24 06 0E 25 A5 06 01 31 06 81 45 00 19 85 56 F8 01 0A (19)
                              [N6:H] TPOS 'E' 0 25 133 86 (1672534)
2026-02-26 15:35:59:263 [OUT] 25 A5 01 06 31 05 81 00 0D 03 C1 8F 21 (13)
                              [N6:H] TPOS 0 13 3 193 (852929)
2026-02-26 15:35:59:450 [IN ] C8 24 06 0E 25 A5 06 01 31 06 81 53 00 19 85 56 06 47 0A (19)
                              [N6:H] TPOS 'S' 0 25 133 86 (1672534)
2026-02-26 15:36:01:859 [IN ] C8 24 09 0E 25 A5 09 01 31 06 81 45 FF FF DC 15 F6 3A 0A (19)
                              [N9:P] TPOS 'E' 255 255 220 21 (-9195)
2026-02-26 15:36:02:084 [OUT] 25 A5 01 08 31 02 D8 3F 53 E7 (10)
                              [N8:R] INTERRUPT '?'
2026-02-26 15:36:02:385 [IN ] C8 24 08 0C 25 A5 08 01 31 04 D8 3A 01 01 52 92 F6 (17)
                              [N8:R] INTERRUPT ':' 1 1 (257)
2026-02-26 15:36:02:406 [OUT] 25 A5 01 08 31 03 CA 3D 0B 4F 1B (11)
                              [N8:R] RFLAG '=' 11 (11)
2026-02-26 15:36:02:573 [IN ] C8 24 08 0B 25 A5 08 01 31 03 CA 3A 0B 4C 1C 92 (16)
                              [N8:R] RFLAG ':' 11 (11)
2026-02-26 15:36:02:594 [OUT] 25 A5 01 08 31 03 88 00 50 15 20 (11)
                              [N8:R] RUN 0 80 (80)
2026-02-26 15:36:02:784 [IN ] C8 24 08 0C 25 A5 08 01 31 04 88 53 00 50 69 EA F6 (17)
                              [N8:R] RUN 'S' 0 80 (80)
2026-02-26 15:36:03:186 [IN ] C8 24 06 0E 25 A5 06 01 31 06 81 45 00 0C FE EC FA 62 0A (19)
                              [N6:H] TPOS 'E' 0 12 254 236 (851692)
2026-02-26 15:36:03:409 [OUT] 25 A5 01 05 31 02 D8 3F 50 D8 (10)
                              [N5:V] INTERRUPT '?'
2026-02-26 15:36:03:710 [IN ] C8 24 03 0E 25 A5 03 01 31 06 81 45 FF FD 50 03 50 CE 0A C8 24 05 0C 25 A5 05 01 31 04 D8 3A 01 01 4F 7A 50 (36)
                              [N3:X] TPOS 'E' 255 253 80 3 (-176125)
                              [N5:V] INTERRUPT ':' 1 1 (257)
2026-02-26 15:36:03:732 [OUT] 25 A5 01 05 31 03 C9 3D 0B 4B 06 (11)
                              [N5:V] LFLAG '=' 11 (11)
2026-02-26 15:36:03:900 [IN ] C8 24 05 0B 25 A5 05 01 31 03 C9 3A 0B 48 04 7A (16)
                              [N5:V] LFLAG ':' 11 (11)
2026-02-26 15:36:03:921 [OUT] 25 A5 01 05 31 03 88 FF B0 71 6C (11)
                              [N5:V] RUN 255 176 (-80)
2026-02-26 15:36:04:090 [IN ] C8 24 05 0C 25 A5 05 01 31 04 88 53 FF B0 C5 30 50 (17)
                              [N5:V] RUN 'S' 255 176 (-80)
2026-02-26 15:36:07:904 [IN ] C8 24 0C 0E 25 A5 0C 01 31 06 81 45 FF BC CC A7 38 01 0A (19)
                              [N12:Z] TPOS 'E' 255 188 204 167 (-4404057)
2026-02-26 15:36:08:328 [OUT] 25 A5 01 0C 31 05 81 FF D1 1A 67 15 6D (13)
                              [N12:Z] TPOS 255 209 26 103 (-3073433)
2026-02-26 15:36:08:517 [IN ] C8 24 0C 0E 25 A5 0C 01 31 06 81 53 FF BC CC B3 52 53 0A (19)
                              [N12:Z] TPOS 'S' 255 188 204 179 (-4404045)
2026-02-26 15:36:09:323 [IN ] C8 24 05 0B 25 A5 05 01 31 03 81 5A 4C 61 AD B3 C8 24 05 0A 25 A5 05 01 31 02 81 49 03 38 AD (31)
                              [N5:V] TPOS 'Z' 76 (76)
                              [N5:V] TPOS 'I'
2026-02-26 15:36:09:547 [OUT] 25 A5 01 05 31 03 C9 3D 09 49 04 (11)
                              [N5:V] LFLAG '=' 9 (9)
2026-02-26 15:36:09:695 [IN ] C8 24 08 0B 25 A5 08 01 31 03 81 (11)
2026-02-26 15:36:09:717 [IN ] 5A 52 6A C8 B3 C8 24 05 0B 25 A5 05 01 31 03 C9 3A 09 46 02 B3 (21)
                              [N8:R] TPOS 'Z' 82 (82)
                              [N5:V] LFLAG ':' 9 (9)
2026-02-26 15:36:09:739 [OUT] 25 A5 01 05 31 03 84 00 50 0E 02 (11)
                              [N5:V] VEL 0 80 (80)
2026-02-26 15:36:09:740 [IN ] C8 24 08 0A 25 A5 08 01 31 02 81 49 06 4A 02 (15)
                              [N8:R] TPOS 'I'
2026-02-26 15:36:09:784 [OUT] 25 A5 01 08 31 03 CA 3D 09 4D 19 (11)
                              [N8:R] RFLAG '=' 9 (9)
2026-02-26 15:36:09:909 [IN ] C8 24 05 0C 25 A5 05 01 31 04 84 53 00 50 62 C2 52 (17)
                              [N5:V] VEL 'S' 0 80 (80)
2026-02-26 15:36:09:930 [OUT] 25 A5 01 05 31 05 81 00 19 82 3C 94 B6 (13)
                              [N5:V] TPOS 0 25 130 60 (1671740)
2026-02-26 15:36:09:993 [IN ] C8 24 08 0B (4)
2026-02-26 15:36:10:014 [IN ] 25 A5 08 01 31 03 CA 3A 09 4A 1A C2 (12)
                              [N8:R] RFLAG ':' 9 (9)
2026-02-26 15:36:10:035 [OUT] 25 A5 01 08 31 05 81 FF DC 77 1D 2F DE (13)
                              [N8:R] TPOS 255 220 119 29 (-2328803)
2026-02-26 15:36:10:141 [IN ] C8 24 05 0E 25 A5 05 01 31 06 81 53 00 00 00 00 11 92 0A (19)
                              [N5:V] TPOS 'S' 0 0 0 0 (0)
2026-02-26 15:36:10:267 [IN ] C8 24 08 0E 25 A5 08 01 31 06 81 53 FF FF FF E7 F8 (17)
2026-02-26 15:36:10:288 [IN ] 8E 0A (2)
                              [N8:R] TPOS 'S' 255 255 255 231 (-25)
2026-02-26 15:36:10:690 [IN ] C8 24 07 0E 25 A5 07 01 31 06 81 45 FF AB 15 56 1A DD 0A (19)
                              [N7:N] TPOS 'E' 255 171 21 86 (-5565098)
2026-02-26 15:36:11:114 [OUT] 25 A5 01 07 31 05 81 FF F3 35 BF A5 39 (13)
                              [N7:N] TPOS 255 243 53 191 (-838209)
2026-02-26 15:36:11:283 [IN ] C8 24 07 0E 25 A5 07 01 31 06 81 53 FF AB 15 56 28 23 0A (19)
                              [N7:N] TPOS 'S' 255 171 21 86 (-5565098)
2026-02-26 15:36:14:895 [IN ] C8 24 0C 0E 25 A5 0C 01 31 06 81 45 FF D1 1E 01 F9 3E 0A (19)
                              [N12:Z] TPOS 'E' 255 209 30 1 (-3072511)
2026-02-26 15:36:18:508 [IN ] C8 24 05 0E 25 A5 05 01 31 06 81 45 00 19 83 24 C3 C1 0A (19)
                              [N5:V] TPOS 'E' 0 25 131 36 (1671972)
2026-02-26 15:36:18:936 [OUT] 25 A5 01 05 31 05 81 00 0D 03 C1 8E 19 (13)
                              [N5:V] TPOS 0 13 3 193 (852929)
2026-02-26 15:36:19:122 [IN ] C8 24 05 0E 25 A5 05 01 31 06 81 53 00 19 83 23 D0 06 0A (19)
                              [N5:V] TPOS 'S' 0 25 131 35 (1671971)
2026-02-26 15:36:23:341 [IN ] C8 24 08 0E 25 A5 08 01 31 06 81 45 FF DC 75 2F 85 13 0A (19)
                              [N8:R] TPOS 'E' 255 220 117 47 (-2329297)
2026-02-26 15:36:23:766 [OUT] 25 A5 01 08 31 05 81 FF EE 15 56 18 89 (13)
                              [N8:R] TPOS 255 238 21 86 (-1174186)
2026-02-26 15:36:23:952 [IN ] C8 24 08 0E 25 A5 08 01 31 06 81 53 FF DC 75 32 96 5C 0A (19)
                              [N8:R] TPOS 'S' 255 220 117 50 (-2329294)
2026-02-26 15:36:24:555 [IN ] C8 24 05 0E 25 A5 05 01 31 06 81 45 00 0D 01 F3 04 68 0A (19)
                              [N5:V] TPOS 'E' 0 13 1 243 (852467)
2026-02-26 15:36:24:780 [OUT] 25 A5 01 03 31 05 81 FF ED B1 30 88 70 (13)
                              [N3:X] TPOS 255 237 177 48 (-1199824)
2026-02-26 15:36:24:802 [OUT] 25 A5 01 04 31 05 81 FF F3 BD 0C 77 7E (13)
                              [N4:Y] TPOS 255 243 189 12 (-803572)
2026-02-26 15:36:24:950 [IN ] C8 24 03 0E 25 A5 03 01 31 06 81 53 FF FD 50 03 5E 14 (18)
                              [N3:X] TPOS 'S' 255 253 80 3 (-176125)
2026-02-26 15:36:24:972 [IN ] 0A (1)
2026-02-26 15:36:25:097 [IN ] C8 24 04 0E 25 A5 04 01 31 06 81 53 FF FD 4F DD 38 F6 0A (19)
                              [N4:Y] TPOS 'S' 255 253 79 221 (-176163)
2026-02-26 15:36:28:509 [IN ] C8 24 04 0E 25 A5 04 01 31 06 81 45 FF F3 BA 9E 4C 29 0A (19)
                              [N4:Y] TPOS 'E' 255 243 186 158 (-804194)
2026-02-26 15:36:30:720 [IN ] C8 24 03 0E 25 A5 03 01 31 06 81 45 FF ED AF 50 EC A9 0A C8 24 08 0E 25 A5 08 01 31 06 81 45 FF EE 17 31 3B 8F 0A (38)
                              [N3:X] TPOS 'E' 255 237 175 80 (-1200304)
                              [N8:R] TPOS 'E' 255 238 23 49 (-1173711)
2026-02-26 15:36:32:925 [IN ] C8 24 07 0E 25 A5 07 01 31 06 81 45 FF F3 3A 0F 40 B8 0A (19)
                              [N7:N] TPOS 'E' 255 243 58 15 (-837105)
