2026-02-26 14:32:19:546 [OUT] 25 A5 01 0A 31 05 D6 3D FF 00 00 53 ED (13)
                              [N10:HMI] HMILED '=' 255 0 0 (16711680)
2026-02-26 14:32:19:568 [OUT] 25 A5 01 04 31 07 E7 3D 65 00 00 00 B4 7A 90 (15)
                              [N4:Y] LONG32VALUE '=' 'e' 0 0 0 180 (180)
2026-02-26 14:32:19:590 [OUT] 25 A5 01 03 31 07 E7 3D 65 00 00 00 77 3C 49 (15)
                              [N3:X] LONG32VALUE '=' 'e' 0 0 0 119 (119)
2026-02-26 14:32:19:716 [IN ] C8 24 0A 0D 25 A5 0A 01 31 05 D6 3A FF 00 00 50 EA 5A (18)
                              [N10:HMI] HMILED ':' 255 0 0 (16711680)
2026-02-26 14:32:19:906 [IN ] C8 24 04 0F 25 A5 04 01 31 07 E7 3A 65 00 00 00 B4 77 81 02 (20)
                              [N4:Y] LONG32VALUE ':' 'e' 0 0 0 180 (180)
2026-02-26 14:32:19:928 [OUT] 25 A5 01 04 31 05 81 FF F5 4D 04 01 9C (13)
                              [N4:Y] TPOS 255 245 77 4 (-701180)
2026-02-26 14:32:20:012 [IN ] C8 24 0B 0A 25 A5 0B 01 31 02 DE 00 1D CD 00 (15)
                              [N11:NG] NGSWSTATE 0 (0)
2026-02-26 14:32:20:034 [IN ] C8 24 03 0F 25 A5 03 01 31 07 E7 3A 65 00 00 00 77 39 39 02 (20)
                              [N3:X] LONG32VALUE ':' 'e' 0 0 0 119 (119)
2026-02-26 14:32:20:055 [OUT] 25 A5 01 03 31 05 81 FF F4 AD 68 C3 B5 (13)
                              [N3:X] TPOS 255 244 173 104 (-742040)
2026-02-26 14:32:20:160 [IN ] C8 24 04 0E 25 A5 04 01 31 06 81 53 FF F4 4A 44 91 38 39 (19)
                              [N4:Y] TPOS 'S' 255 244 74 68 (-767420)
2026-02-26 14:32:20:181 [OUT] 25 A5 01 04 31 01 DB 12 85 (9)
                              [N4:Y] STARTMOVE
2026-02-26 14:32:20:286 [IN ] C8 24 03 0E 25 A5 03 01 31 06 81 53 FF F4 02 37 3B 91 39 (19)
                              [N3:X] TPOS 'S' 255 244 2 55 (-785865)
2026-02-26 14:32:20:307 [OUT] 25 A5 01 03 31 01 DB 11 81 (9)
                              [N3:X] STARTMOVE
2026-02-26 14:32:20:370 [IN ] C8 24 04 0A 25 A5 04 01 31 02 DB 01 14 9E 02 (15)
                              [N4:Y] STARTMOVE ''
2026-02-26 14:32:20:455 [IN ] C8 24 03 0A 25 A5 03 01 31 02 DB 01 13 98 02 (15)
                              [N3:X] STARTMOVE ''
2026-02-26 14:32:20:858 [IN ] C8 24 03 0E 25 A5 03 01 31 06 81 45 FF F4 AE 12 B4 7E 39 C8 24 04 0E 25 A5 04 01 31 06 81 45 FF F5 4E 92 D6 4B 39 (38)
                              [N3:X] TPOS 'E' 255 244 174 18 (-741870)
                              [N4:Y] TPOS 'E' 255 245 78 146 (-700782)
2026-02-26 14:32:21:059 [IN ] C8 24 0B 0A 25 A5 0B 01 31 02 DE 00 1D CD 4E (15)
                              [N11:NG] NGSWSTATE 0 (0)
2026-02-26 14:32:21:287 [OUT] 25 A5 01 04 31 07 E7 3D 65 00 00 00 69 2F 45 (15)
                              [N4:Y] LONG32VALUE '=' 'e' 0 0 0 105 (105)
2026-02-26 14:32:21:309 [OUT] 25 A5 01 03 31 07 E7 3D 65 00 00 00 B4 79 86 (15)
                              [N3:X] LONG32VALUE '=' 'e' 0 0 0 180 (180)
2026-02-26 14:32:21:499 [IN ] C8 24 04 0F 25 A5 04 01 31 07 E7 3A 65 00 00 00 69 2C 36 02 (20)
                              [N4:Y] LONG32VALUE ':' 'e' 0 0 0 105 (105)
2026-02-26 14:32:21:521 [OUT] 25 A5 01 04 31 05 81 FF F7 81 77 AA 7D (13)
                              [N4:Y] TPOS 255 247 129 119 (-556681)
2026-02-26 14:32:21:647 [IN ] C8 24 03 0F 25 A5 03 01 31 07 E7 3A 65 00 (14)
2026-02-26 14:32:21:669 [IN ] 00 00 B4 76 76 02 (6)
                              [N3:X] LONG32VALUE ':' 'e' 0 0 0 180 (180)
2026-02-26 14:32:21:690 [OUT] 25 A5 01 03 31 05 81 FF F0 EF 40 D9 05 (13)
                              [N3:X] TPOS 255 240 239 64 (-987328)
2026-02-26 14:32:21:775 [IN ] C8 24 04 0E 25 A5 04 01 31 06 81 53 FF F5 4E 92 E4 91 76 (19)
                              [N4:Y] TPOS 'S' 255 245 78 146 (-700782)
2026-02-26 14:32:21:796 [OUT] 25 A5 01 04 31 01 DB 12 85 (9)
                              [N4:Y] STARTMOVE
2026-02-26 14:32:21:902 [IN ] C8 24 03 0E 25 A5 03 01 31 06 81 53 FF F4 AE 12 C2 C4 76 (19)
                              [N3:X] TPOS 'S' 255 244 174 18 (-741870)
2026-02-26 14:32:21:923 [OUT] 25 A5 01 03 31 01 DB 11 81 (9)
                              [N3:X] STARTMOVE
2026-02-26 14:32:21:987 [IN ] C8 24 04 0A 25 A5 04 01 31 02 DB 01 14 9E AE (15)
                              [N4:Y] STARTMOVE ''
2026-02-26 14:32:22:029 [IN ] C8 24 0B 0A 25 A5 0B 01 31 02 DE 00 1D CD AE (15)
                              [N11:NG] NGSWSTATE 0 (0)
2026-02-26 14:32:22:092 [IN ] C8 24 03 0A 25 A5 03 01 31 02 DB 01 13 98 AE (15)
                              [N3:X] STARTMOVE ''
2026-02-26 14:32:23:096 [IN ] C8 24 04 0E 25 A5 04 01 31 06 81 45 FF F7 81 E9 62 0E 76 C8 24 0B 0A 25 A5 0B 01 31 02 DE 00 1D CD 81 (34)
                              [N4:Y] TPOS 'E' 255 247 129 233 (-556567)
                              [N11:NG] NGSWSTATE 0 (0)
2026-02-26 14:32:23:298 [IN ] C8 24 03 0E 25 A5 03 01 31 06 81 45 FF F0 EC 28 04 04 76 (19)
                              [N3:X] TPOS 'E' 255 240 236 40 (-988120)
2026-02-26 14:32:23:725 [OUT] 25 A5 01 04 31 03 84 00 50 0D FC (11)
                              [N4:Y] VEL 0 80 (80)
2026-02-26 14:32:23:748 [OUT] 25 A5 01 03 31 03 84 00 50 0C F6 (11)
                              [N3:X] VEL 0 80 (80)
2026-02-26 14:32:23:769 [OUT] 25 A5 01 09 31 05 81 FF ED 06 70 23 8A (13)
                              [N9:P] TPOS 255 237 6 112 (-1243536)
2026-02-26 14:32:23:790 [OUT] 25 A5 01 05 31 05 81 00 0B B1 65 DE 13 (13)
                              [N5:V] TPOS 0 11 177 101 (766309)
2026-02-26 14:32:23:813 [OUT] 25 A5 01 06 31 05 81 00 0D 3F 25 2F FD (13)
                              [N6:H] TPOS 0 13 63 37 (868133)
2026-02-26 14:32:23:835 [OUT] 25 A5 01 07 31 05 81 FF E6 BC F9 59 5A (13)
                              [N7:N] TPOS 255 230 188 249 (-1655559)
2026-02-26 14:32:23:898 [IN ] C8 24 04 0C 25 A5 04 01 31 04 84 53 00 50 61 BA 04 (17)
                              [N4:Y] VEL 'S' 0 80 (80)
2026-02-26 14:32:23:920 [OUT] 25 A5 01 04 31 05 81 FF F6 A1 92 E4 D5 (13)
                              [N4:Y] TPOS 255 246 161 146 (-613998)
2026-02-26 14:32:23:984 [IN ] C8 24 03 0C 25 A5 (6)
2026-02-26 14:32:24:005 [IN ] 03 01 31 04 84 53 00 50 60 B2 04 (11)
                              [N3:X] VEL 'S' 0 80 (80)
2026-02-26 14:32:24:026 [OUT] 25 A5 01 03 31 05 81 FF F0 1C 2B F1 4A (13)
                              [N3:X] TPOS 255 240 28 43 (-1041365)
2026-02-26 14:32:24:027 [IN ] C8 24 0B 0A 25 A5 0B 01 31 02 DE 00 1D CD 60 (15)
                              [N11:NG] NGSWSTATE 0 (0)
2026-02-26 14:32:24:111 [IN ] C8 24 09 0E 25 A5 09 01 31 06 81 53 FF EC 03 11 14 91 76 (19)
                              [N9:P] TPOS 'S' 255 236 3 17 (-1309935)
2026-02-26 14:32:24:237 [IN ] C8 24 05 0E 25 A5 (6)
2026-02-26 14:32:24:258 [IN ] 05 01 31 06 81 53 00 0B 69 22 A7 A7 76 (13)
                              [N5:V] TPOS 'S' 0 11 105 34 (747810)
2026-02-26 14:32:24:384 [IN ] C8 24 06 0E 25 A5 06 01 31 06 81 53 00 0C 6E 09 95 A5 76 (19)
                              [N6:H] TPOS 'S' 0 12 110 9 (814601)
2026-02-26 14:32:24:447 [IN ] C8 24 05 0E 25 A5 05 01 31 06 81 45 00 0B B5 0B CE E2 76 (19)
                              [N5:V] TPOS 'E' 0 11 181 11 (767243)
2026-02-26 14:32:24:532 [IN ] C8 24 07 0E 25 A5 07 01 31 06 81 53 FF EC 86 A6 2A 18 76 (19)
                              [N7:N] TPOS 'S' 255 236 134 166 (-1276250)
2026-02-26 14:32:24:554 [IN ] C8 24 09 0E 25 A5 09 01 31 06 81 45 FF ED 09 DB D7 24 76 (19)
                              [N9:P] TPOS 'E' 255 237 9 219 (-1242661)
2026-02-26 14:32:24:637 [IN ] C8 24 04 0E 25 A5 04 01 31 06 81 53 FF F7 81 E9 70 54 76 (19)
                              [N4:Y] TPOS 'S' 255 247 129 233 (-556567)
2026-02-26 14:32:24:743 [IN ] C8 24 06 0E 25 A5 06 01 31 06 81 45 00 0D 43 43 97 46 76 (19)
                              [N6:H] TPOS 'E' 0 13 67 67 (869187)
2026-02-26 14:32:24:765 [IN ] C8 24 03 0E 25 A5 03 01 31 06 81 53 FF F0 EC 28 12 4A 76 (19)
                              [N3:X] TPOS 'S' 255 240 236 40 (-988120)
2026-02-26 14:32:25:167 [IN ] C8 24 0B 0A 25 A5 0B 01 31 02 DE 00 1D CD EC C8 24 04 0E 25 A5 04 01 31 06 81 45 FF F6 9F 35 CB 93 76 (34)
                              [N11:NG] NGSWSTATE 0 (0)
                              [N4:Y] TPOS 'E' 255 246 159 53 (-614603)
2026-02-26 14:32:25:369 [IN ] C8 24 03 0E 25 A5 03 01 31 06 81 45 FF F0 1A 54 5E 8C 76 (19)
                              [N3:X] TPOS 'E' 255 240 26 84 (-1041836)
2026-02-26 14:32:26:173 [IN ] C8 24 0B 0A 25 A5 0B 01 31 02 DE 00 1D CD 1A (15)
                              [N11:NG] NGSWSTATE 0 (0)
2026-02-26 14:32:26:374 [IN ] C8 24 07 0E 25 A5 07 01 31 06 81 45 FF E6 B8 91 33 0F 76 (19)
                              [N7:N] TPOS 'E' 255 230 184 145 (-1656687)
