2026-04-22 13:48:52:251 [OUT] 25 A5 01 0A 31 05 D6 3D FF 00 00 53 ED (13)
                              [N10:HMI] HMILED '=' 255 0 0 (16711680)
2026-04-22 13:48:52:273 [OUT] 25 A5 01 09 31 05 81 FF E9 12 9C 57 C2 (13)
                              [N9:P] TPOS 255 233 18 156 (-1502564)
2026-04-22 13:48:52:295 [OUT] 25 A5 01 08 31 05 81 FF EE 15 56 18 89 (13)
                              [N8:R] TPOS 255 238 21 86 (-1174186)
2026-04-22 13:48:52:443 [IN ] C8 24 0A 0D 25 A5 0A 01 31 05 D6 3A FF 00 00 50 EA EA C8 24 0B 0A 25 A5 0B 01 31 02 DE 03 20 D0 00 (33)
                              [N10:HMI] HMILED ':' 255 0 0 (16711680)
                              [N11:NG] NGSWSTATE 3 (3)
2026-04-22 13:48:52:570 [IN ] C8 24 09 0E 25 A5 09 01 31 06 81 53 FF FF DB 16 04 7F 0E (19)
                              [N9:P] TPOS 'S' 255 255 219 22 (-9450)
2026-04-22 13:48:52:697 [IN ] C8 24 08 0E 25 A5 08 01 31 06 81 53 FF EE 17 71 89 15 0E (19)
                              [N8:R] TPOS 'S' 255 238 23 113 (-1173647)
2026-04-22 13:48:52:901 [IN ] C8 24 08 0E 25 A5 08 01 31 06 81 45 FF EE 16 9F A8 FB 0E (19)
                              [N8:R] TPOS 'E' 255 238 22 159 (-1173857)
2026-04-22 13:48:53:503 [IN ] C8 24 0B 0A 25 A5 0B 01 31 02 DE 03 20 D0 16 (15)
                              [N11:NG] NGSWSTATE 3 (3)
2026-04-22 13:48:54:507 [IN ] C8 24 0B 0A 25 A5 0B 01 31 02 DE 03 20 D0 16 (15)
                              [N11:NG] NGSWSTATE 3 (3)
2026-04-22 13:48:55:513 [IN ] C8 24 0B 0A 25 A5 0B 01 31 02 DE 03 20 D0 16 (15)
                              [N11:NG] NGSWSTATE 3 (3)
2026-04-22 13:48:56:519 [IN ] C8 24 0B 0A 25 A5 0B 01 31 02 DE 03 20 D0 16 (15)
                              [N11:NG] NGSWSTATE 3 (3)
2026-04-22 13:48:57:521 [IN ] C8 24 0B 0A 25 A5 0B 01 31 02 DE 03 20 D0 16 (15)
                              [N11:NG] NGSWSTATE 3 (3)
2026-04-22 13:48:58:526 [IN ] C8 24 0B 0A 25 A5 0B 01 31 02 DE 03 20 D0 16 (15)
                              [N11:NG] NGSWSTATE 3 (3)
2026-04-22 13:48:59:529 [IN ] C8 24 0B 0A 25 A5 0B 01 31 02 DE 03 20 D0 16 (15)
                              [N11:NG] NGSWSTATE 3 (3)
2026-04-22 13:49:00:534 [IN ] C8 24 0B 0A 25 A5 0B 01 31 02 DE 03 20 D0 16 (15)
                              [N11:NG] NGSWSTATE 3 (3)
2026-04-22 13:49:01:137 [IN ] C8 24 09 0E 25 A5 09 01 31 06 81 45 FF E9 11 2D 2D 7A 0E (19)
                              [N9:P] TPOS 'E' 255 233 17 45 (-1502931)
