2026-04-27 08:24:41:712 [OUT] 25 A5 01 0B 31 03 88 00 64 2C 46 (11)
                              [N11:NG] RUN 0 100 (100)
2026-04-27 08:24:41:735 [OUT] 25 A5 01 0A 31 05 D6 3D FF 00 00 53 ED (13)
                              [N10:HMI] HMILED '=' 255 0 0 (16711680)
2026-04-27 08:24:41:757 [OUT] 25 A5 01 0C 31 05 81 FF DB 6A 9A A2 5E (13)
                              [N12:Z] TPOS 255 219 106 154 (-2397542)
2026-04-27 08:24:41:880 [IN ] C8 24 0B 0C 25 A5 0B 01 31 04 88 53 00 64 80 16 EB (17)
                              [N11:NG] RUN 'S' 0 100 (100)
2026-04-27 08:24:42:023 [IN ] C8 24 0A 0D 25 A5 0A 01 31 05 D6 3A FF 00 00 50 EA B9 (18)
                              [N10:HMI] HMILED ':' 255 0 0 (16711680)
2026-04-27 08:24:42:128 [IN ] C8 24 0C 0E 25 A5 0C 01 31 06 81 53 FF D1 1D 6F 74 F0 0A (19)
                              [N12:Z] TPOS 'S' 255 209 29 111 (-3072657)
2026-04-27 08:24:42:329 [IN ] C8 24 0B 0A 25 A5 0B 01 31 02 DE 00 1D CD 1D (15)
                              [N11:NG] NGSWSTATE 0 (0)
2026-04-27 08:24:43:333 [IN ] C8 24 0B 0A 25 A5 0B 01 31 02 DE 00 1D CD 1D (15)
                              [N11:NG] NGSWSTATE 0 (0)
2026-04-27 08:24:44:338 [IN ] C8 24 0B 0A 25 A5 0B 01 31 02 DE 00 1D CD 1D (15)
                              [N11:NG] NGSWSTATE 0 (0)
2026-04-27 08:24:45:342 [IN ] C8 24 0B 0A 25 A5 0B 01 31 02 DE 00 1D CD 1D (15)
                              [N11:NG] NGSWSTATE 0 (0)
2026-04-27 08:24:45:744 [IN ] C8 24 0C 0E 25 A5 0C 01 31 06 81 45 FF DB 6C 57 A7 4E 0A (19)
                              [N12:Z] TPOS 'E' 255 219 108 87 (-2397097)
