2025-11-14 10:57:29:681 [OUT] 25 A5 01 0A 31 05 D6 3D FF 00 00 53 ED (13)
                              [N10:HMI] HMILED '=' 255 0 0 (16711680)
2025-11-14 10:57:29:703 [OUT] 25 A5 01 03 31 02 D8 3F 4E CE (10)
                              [N3:X] INTERRUPT '?'
2025-11-14 10:57:30:006 [IN ] C8 24 0A 0D 25 A5 0A 01 31 05 D6 3A FF 00 00 50 EA 54 C8 24 03 0C 25 A5 03 01 31 04 D8 3A 01 01 4D 6A EA (35)
                              [N10:HMI] HMILED ':' 255 0 0 (16711680)
                              [N3:X] INTERRUPT ':' 1 1 (257)
2025-11-14 10:57:30:026 [OUT] 25 A5 01 09 31 03 C9 3D 09 4D 1C (11)
                              [N9:P] LFLAG '=' 9 (9)
2025-11-14 10:57:30:049 [OUT] 25 A5 01 04 31 02 D8 3F 4F D3 (10)
                              [N4:Y] INTERRUPT '?'
2025-11-14 10:57:30:351 [IN ] C8 24 09 0B 25 A5 09 01 31 03 C9 3A 09 4A 1E 6A C8 24 04 0C 25 A5 04 01 31 04 D8 3A 01 01 4E 72 EA (33)
                              [N9:P] LFLAG ':' 9 (9)
                              [N4:Y] INTERRUPT ':' 1 1 (257)
2025-11-14 10:57:30:372 [OUT] 25 A5 01 09 31 03 CA 3D 09 4E 1F (11)
                              [N9:P] RFLAG '=' 9 (9)
2025-11-14 10:57:30:393 [OUT] 25 A5 01 0C 31 02 D8 3F 57 FB (10)
                              [N12:Z] INTERRUPT '?'
2025-11-14 10:57:30:696 [IN ] C8 24 09 0B 25 A5 09 01 31 03 CA 3A 09 4B 21 72 C8 24 0C 0C 25 A5 0C 01 31 04 D8 3A 01 01 56 B2 EA (33)
                              [N9:P] RFLAG ':' 9 (9)
                              [N12:Z] INTERRUPT ':' 1 1 (257)
2025-11-14 10:57:30:717 [OUT] 25 A5 01 08 31 03 C9 3D 09 4C 16 (11)
                              [N8:R] LFLAG '=' 9 (9)
2025-11-14 10:57:30:739 [OUT] 25 A5 01 03 31 03 C9 3D 0B 49 FA (11)
                              [N3:X] LFLAG '=' 11 (11)
2025-11-14 10:57:30:762 [OUT] 25 A5 01 04 31 03 C9 3D 0B 4A 00 (11)
                              [N4:Y] LFLAG '=' 11 (11)
2025-11-14 10:57:30:786 [OUT] 25 A5 01 0C 31 03 C9 3D 0B 52 30 (11)
                              [N12:Z] LFLAG '=' 11 (11)
2025-11-14 10:57:30:889 [IN ] C8 24 08 0B 25 A5 08 01 31 03 C9 3A 09 49 17 B2 (16)
                              [N8:R] LFLAG ':' 9 (9)
2025-11-14 10:57:30:911 [OUT] 25 A5 01 08 31 03 CA 3D 09 4D 19 (11)
                              [N8:R] RFLAG '=' 9 (9)
2025-11-14 10:57:31:018 [IN ] C8 24 03 0B 25 A5 03 01 31 03 C9 3A 0B 46 F6 B2 (16)
                              [N3:X] LFLAG ':' 11 (11)
2025-11-14 10:57:31:039 [OUT] 25 A5 01 03 31 03 88 00 50 10 02 (11)
                              [N3:X] RUN 0 80 (80)
2025-11-14 10:57:31:104 [IN ] C8 24 04 0B 25 A5 04 01 31 03 C9 3A 0B 47 FD B2 (16)
                              [N4:Y] LFLAG ':' 11 (11)
2025-11-14 10:57:31:125 [OUT] 25 A5 01 04 31 03 88 00 50 11 08 (11)
                              [N4:Y] RUN 0 80 (80)
2025-11-14 10:57:31:228 [IN ] C8 24 0C 0B 25 A5 0C 01 31 03 C9 3A 0B 4F 35 B2 (16)
                              [N12:Z] LFLAG ':' 11 (11)
2025-11-14 10:57:31:250 [OUT] 25 A5 01 0C 31 03 88 00 50 19 38 (11)
                              [N12:Z] RUN 0 80 (80)
2025-11-14 10:57:31:334 [IN ] C8 24 08 0B 25 A5 08 01 31 03 CA 3A 09 4A 1A B2 (16)
                              [N8:R] RFLAG ':' 9 (9)
2025-11-14 10:57:31:438 [IN ] C8 24 03 0C 25 A5 03 01 31 04 88 53 00 50 64 C2 EA (17)
                              [N3:X] RUN 'S' 0 80 (80)
2025-11-14 10:57:31:562 [IN ] C8 24 04 0C 25 A5 04 01 31 04 88 53 00 50 65 CA EA (17)
                              [N4:Y] RUN 'S' 0 80 (80)
2025-11-14 10:57:31:666 [IN ] C8 24 0C 0C 25 A5 0C 01 31 04 88 53 00 50 6D 0A EA (17)
                              [N12:Z] RUN 'S' 0 80 (80)
2025-11-14 10:57:34:479 [IN ] C8 24 0C 0B 25 A5 0C 01 31 03 81 5A 4C 68 DE 0A C8 24 03 0B 25 A5 03 01 31 03 81 5A 4C 5F 9F 0A C8 24 0C 0A 25 A5 0C 01 31 02 81 49 0A 62 9F C8 24 03 0A 25 A5 03 01 31 02 81 49 01 2C 9F (62)
                              [N12:Z] TPOS 'Z' 76 (76)
                              [N3:X] TPOS 'Z' 76 (76)
                              [N12:Z] TPOS 'I'
                              [N3:X] TPOS 'I'
2025-11-14 10:57:34:702 [OUT] 25 A5 01 03 31 03 C9 3D 09 47 F8 (11)
                              [N3:X] LFLAG '=' 9 (9)
2025-11-14 10:57:34:724 [OUT] 25 A5 01 0C 31 03 C9 3D 09 50 2E (11)
                              [N12:Z] LFLAG '=' 9 (9)
2025-11-14 10:57:34:869 [IN ] C8 24 03 0B 25 A5 03 01 31 03 C9 3A 09 44 F4 0A (16)
                              [N3:X] LFLAG ':' 9 (9)
2025-11-14 10:57:34:973 [IN ] C8 24 0C 0B 25 A5 0C 01 31 03 C9 3A 09 4D 33 0A (16)
                              [N12:Z] LFLAG ':' 9 (9)
2025-11-14 10:57:35:176 [IN ] C8 24 04 0B 25 A5 04 01 31 03 81 5A 4C 60 A6 0A C8 24 04 0A 25 A5 04 01 31 02 81 49 02 32 A6 (31)
                              [N4:Y] TPOS 'Z' 76 (76)
                              [N4:Y] TPOS 'I'
2025-11-14 10:57:35:399 [OUT] 25 A5 01 09 31 02 D8 3F 54 EC (10)
                              [N9:P] INTERRUPT '?'
2025-11-14 10:57:35:701 [IN ] C8 24 09 0C 25 A5 09 01 31 04 D8 3A 01 01 53 9A EA (17)
                              [N9:P] INTERRUPT ':' 1 1 (257)
2025-11-14 10:57:35:721 [OUT] 25 A5 01 04 31 03 C9 3D 09 48 FE (11)
                              [N4:Y] LFLAG '=' 9 (9)
2025-11-14 10:57:35:743 [OUT] 25 A5 01 07 31 02 D8 3F 52 E2 (10)
                              [N7:N] INTERRUPT '?'
2025-11-14 10:57:36:046 [IN ] C8 24 04 0B 25 A5 04 01 31 03 C9 3A 09 45 FB 9A C8 24 07 0C 25 A5 07 01 31 04 D8 3A 01 01 51 8A EA (33)
                              [N4:Y] LFLAG ':' 9 (9)
                              [N7:N] INTERRUPT ':' 1 1 (257)
2025-11-14 10:57:36:068 [OUT] 25 A5 01 09 31 03 C9 3D 0B 4F 1E (11)
                              [N9:P] LFLAG '=' 11 (11)
2025-11-14 10:57:36:089 [OUT] 25 A5 01 07 31 03 C9 3D 0B 4D 12 (11)
                              [N7:N] LFLAG '=' 11 (11)
2025-11-14 10:57:36:234 [IN ] C8 24 09 0B 25 A5 09 01 31 03 C9 3A 0B 4C 20 8A (16)
                              [N9:P] LFLAG ':' 11 (11)
2025-11-14 10:57:36:256 [OUT] 25 A5 01 09 31 03 88 00 50 16 26 (11)
                              [N9:P] RUN 0 80 (80)
2025-11-14 10:57:36:341 [IN ] C8 24 07 0B 25 A5 07 01 31 03 C9 3A 0B 4A 12 8A (16)
                              [N7:N] LFLAG ':' 11 (11)
2025-11-14 10:57:36:362 [OUT] 25 A5 01 07 31 03 88 00 50 14 1A (11)
                              [N7:N] RUN 0 80 (80)
2025-11-14 10:57:36:466 [IN ] C8 24 09 0C 25 A5 09 01 31 04 88 53 00 50 6A F2 EA (17)
                              [N9:P] RUN 'S' 0 80 (80)
2025-11-14 10:57:36:549 [IN ] C8 24 07 0C 25 A5 07 01 31 04 88 53 00 50 68 E2 EA (17)
                              [N7:N] RUN 'S' 0 80 (80)
2025-11-14 10:57:43:764 [IN ] C8 24 09 0B 25 A5 09 01 31 03 81 5A 4C 65 C9 E2 C8 24 09 0A 25 A5 09 01 31 02 81 49 07 50 C9 (31)
                              [N9:P] TPOS 'Z' 76 (76)
                              [N9:P] TPOS 'I'
2025-11-14 10:57:43:986 [OUT] 25 A5 01 09 31 03 C9 3D 09 4D 1C (11)
                              [N9:P] LFLAG '=' 9 (9)
2025-11-14 10:57:44:008 [OUT] 25 A5 01 04 31 05 81 FF EE 88 01 32 FA (13)
                              [N4:Y] TPOS 255 238 136 1 (-1144831)
2025-11-14 10:57:44:152 [IN ] C8 24 09 0B 25 A5 09 01 31 03 C9 3A 09 4A 1E E2 (16)
                              [N9:P] LFLAG ':' 9 (9)
2025-11-14 10:57:44:296 [IN ] C8 24 04 0E 25 A5 04 01 31 06 81 53 00 00 00 00 10 88 0A (19)
                              [N4:Y] TPOS 'S' 0 0 0 0 (0)
2025-11-14 10:57:45:501 [IN ] C8 24 07 0B 25 A5 07 01 31 03 81 5A 4C 63 BB 00 C8 24 07 0A 25 A5 07 01 31 02 81 49 05 44 BB (31)
                              [N7:N] TPOS 'Z' 76 (76)
                              [N7:N] TPOS 'I'
2025-11-14 10:57:45:724 [OUT] 25 A5 01 07 31 03 C9 3D 09 4B 10 (11)
                              [N7:N] LFLAG '=' 9 (9)
2025-11-14 10:57:45:910 [IN ] C8 24 07 0B 25 A5 07 01 31 03 C9 3A 09 48 10 00 (16)
                              [N7:N] LFLAG ':' 9 (9)
2025-11-14 10:57:50:118 [IN ] C8 24 04 0E 25 A5 04 01 31 06 81 45 FF EE 85 DE 52 F0 0A (19)
                              [N4:Y] TPOS 'E' 255 238 133 222 (-1145378)
2025-11-14 10:57:50:341 [OUT] 25 A5 01 0C 31 05 81 FF BC D0 00 4F 33 (13)
                              [N12:Z] TPOS 255 188 208 0 (-4403200)
2025-11-14 10:57:50:363 [OUT] 25 A5 01 04 31 05 81 FF FD 50 01 09 B7 (13)
                              [N4:Y] TPOS 255 253 80 1 (-176127)
2025-11-14 10:57:50:385 [OUT] 25 A5 01 09 31 05 81 FF E7 5D 56 5A 0C (13)
                              [N9:P] TPOS 255 231 93 86 (-1614506)
2025-11-14 10:57:50:406 [OUT] 25 A5 01 07 31 05 81 FF AB 19 75 F7 DF (13)
                              [N7:N] TPOS 255 171 25 117 (-5564043)
2025-11-14 10:57:50:428 [OUT] 25 A5 01 03 31 05 81 FF EC 4A AB 9B 1A (13)
                              [N3:X] TPOS 255 236 74 171 (-1291605)
2025-11-14 10:57:50:451 [OUT] 25 A5 01 06 31 02 D8 3F 51 DD (10)
                              [N6:H] INTERRUPT '?'
2025-11-14 10:57:50:754 [IN ] C8 24 0C 0E 25 A5 0C 01 31 06 81 53 FF FF FF E4 F9 B3 0A C8 24 04 0E 25 A5 04 01 31 06 81 53 FF EE 85 DE 60 36 0A (38)
                              [N12:Z] TPOS 'S' 255 255 255 228 (-28)
                              [N4:Y] TPOS 'S' 255 238 133 222 (-1145378)
2025-11-14 10:57:51:057 [IN ] C8 24 09 0E 25 A5 09 01 31 06 81 53 FF FF FF F3 05 A4 0A C8 24 07 0E 25 A5 07 01 31 06 81 53 FF FF FF FA 0A 97 0A C8 24 03 0E 25 A5 03 01 31 06 81 53 00 00 00 00 0F 7E 0A (57)
                              [N9:P] TPOS 'S' 255 255 255 243 (-13)
                              [N7:N] TPOS 'S' 255 255 255 250 (-6)
                              [N3:X] TPOS 'S' 0 0 0 0 (0)
2025-11-14 10:57:51:358 [IN ] C8 24 06 0C 25 A5 06 01 31 04 D8 3A 01 01 50 82 0F (17)
                              [N6:H] INTERRUPT ':' 1 1 (257)
2025-11-14 10:57:51:379 [OUT] 25 A5 01 06 31 03 C9 3D 0B 4C 0C (11)
                              [N6:H] LFLAG '=' 11 (11)
2025-11-14 10:57:51:564 [IN ] C8 24 06 0B 25 A5 06 01 31 03 C9 3A 0B 49 0B 82 (16)
                              [N6:H] LFLAG ':' 11 (11)
2025-11-14 10:57:51:586 [OUT] 25 A5 01 06 31 03 88 FF B0 72 72 (11)
                              [N6:H] RUN 255 176 (-80)
2025-11-14 10:57:51:753 [IN ] C8 24 06 0C 25 A5 06 01 31 04 88 53 FF B0 C6 38 0F (17)
                              [N6:H] RUN 'S' 255 176 (-80)
2025-11-14 10:57:55:765 [IN ] C8 24 06 0B 25 A5 06 01 31 03 81 5A 4C 62 B4 38 C8 24 06 0A 25 A5 06 01 31 02 81 49 04 3E B4 (31)
                              [N6:H] TPOS 'Z' 76 (76)
                              [N6:H] TPOS 'I'
2025-11-14 10:57:55:987 [OUT] 25 A5 01 06 31 03 C9 3D 09 4A 0A (11)
                              [N6:H] LFLAG '=' 9 (9)
2025-11-14 10:57:56:153 [IN ] C8 24 06 0B 25 A5 06 01 31 03 C9 3A 09 47 09 38 (16)
                              [N6:H] LFLAG ':' 9 (9)
2025-11-14 10:57:56:173 [OUT] 25 A5 01 06 31 03 84 00 50 0F 08 (11)
                              [N6:H] VEL 0 80 (80)
2025-11-14 10:57:56:342 [IN ] C8 24 06 0C 25 A5 06 01 31 04 84 53 00 50 63 CA 0F (17)
                              [N6:H] VEL 'S' 0 80 (80)
2025-11-14 10:57:56:363 [OUT] 25 A5 01 06 31 05 81 00 19 82 3C 95 BE (13)
                              [N6:H] TPOS 0 25 130 60 (1671740)
2025-11-14 10:57:56:549 [IN ] C8 24 06 0E 25 A5 06 01 31 06 81 53 00 00 00 05 17 A1 0A (19)
                              [N6:H] TPOS 'S' 0 0 0 5 (5)
2025-11-14 10:57:58:155 [IN ] C8 24 03 0E 25 A5 03 01 31 06 81 45 FF EC 49 FA 2F 84 0A (19)
                              [N3:X] TPOS 'E' 255 236 73 250 (-1291782)
2025-11-14 10:57:58:559 [IN ] C8 24 09 0E 25 A5 09 01 31 06 81 45 FF E7 59 44 8A 1B 0A (19)
                              [N9:P] TPOS 'E' 255 231 89 68 (-1615548)
2025-11-14 10:57:58:579 [OUT] 25 A5 01 03 31 05 81 FF FD 50 01 08 AF (13)
                              [N3:X] TPOS 255 253 80 1 (-176127)
2025-11-14 10:57:58:623 [OUT] 25 A5 01 09 31 05 81 FF FF D9 C8 60 BE (13)
                              [N9:P] TPOS 255 255 217 200 (-9784)
2025-11-14 10:57:58:769 [IN ] C8 24 03 0E 25 A5 03 01 31 06 81 53 FF EC 49 FA 3D CA 0A (19)
                              [N3:X] TPOS 'S' 255 236 73 250 (-1291782)
2025-11-14 10:57:58:913 [IN ] C8 24 09 0E 25 A5 09 01 31 06 81 53 FF E7 59 46 9A 63 0A C8 24 04 0E 25 A5 04 01 31 06 81 45 FF FD 4F A1 EE 74 0A (38)
                              [N9:P] TPOS 'S' 255 231 89 70 (-1615546)
                              [N4:Y] TPOS 'E' 255 253 79 161 (-176223)
2025-11-14 10:58:04:729 [IN ] C8 24 06 0E 25 A5 06 01 31 06 81 45 00 19 85 B0 52 5B 0A (19)
                              [N6:H] TPOS 'E' 0 25 133 176 (1672624)
2025-11-14 10:58:05:153 [OUT] 25 A5 01 06 31 05 81 00 0D 03 C1 8F 21 (13)
                              [N6:H] TPOS 0 13 3 193 (852929)
2025-11-14 10:58:05:360 [IN ] C8 24 06 0E 25 A5 06 01 31 06 81 53 00 19 85 B0 60 A1 0A (19)
                              [N6:H] TPOS 'S' 0 25 133 176 (1672624)
2025-11-14 10:58:06:764 [IN ] C8 24 09 0E 25 A5 09 01 31 06 81 45 FF FF DC 1C FD 41 0A (19)
                              [N9:P] TPOS 'E' 255 255 220 28 (-9188)
2025-11-14 10:58:06:986 [OUT] 25 A5 01 08 31 02 D8 3F 53 E7 (10)
                              [N8:R] INTERRUPT '?'
2025-11-14 10:58:07:288 [IN ] C8 24 08 0C 25 A5 08 01 31 04 D8 3A 01 01 52 92 FD (17)
                              [N8:R] INTERRUPT ':' 1 1 (257)
2025-11-14 10:58:07:310 [OUT] 25 A5 01 08 31 03 CA 3D 0B 4F 1B (11)
                              [N8:R] RFLAG '=' 11 (11)
2025-11-14 10:58:07:474 [IN ] C8 24 08 0B 25 A5 08 01 31 03 CA 3A 0B 4C 1C 92 (16)
                              [N8:R] RFLAG ':' 11 (11)
2025-11-14 10:58:07:495 [OUT] 25 A5 01 08 31 03 88 00 50 15 20 (11)
                              [N8:R] RUN 0 80 (80)
2025-11-14 10:58:07:681 [IN ] C8 24 08 0C 25 A5 08 01 31 04 88 53 00 50 69 EA FD (17)
                              [N8:R] RUN 'S' 0 80 (80)
2025-11-14 10:58:09:087 [IN ] C8 24 03 0E 25 A5 03 01 31 06 81 45 FF FD 4F DB 27 A4 0A (19)
                              [N3:X] TPOS 'E' 255 253 79 219 (-176165)
2025-11-14 10:58:09:290 [IN ] C8 24 06 0E 25 A5 06 01 31 06 81 45 00 0C FE DB E9 51 0A (19)
                              [N6:H] TPOS 'E' 0 12 254 219 (851675)
2025-11-14 10:58:09:513 [OUT] 25 A5 01 05 31 02 D8 3F 50 D8 (10)
                              [N5:V] INTERRUPT '?'
2025-11-14 10:58:09:815 [IN ] C8 24 05 0C 25 A5 05 01 31 04 D8 3A 01 01 4F 7A E9 (17)
                              [N5:V] INTERRUPT ':' 1 1 (257)
2025-11-14 10:58:09:836 [OUT] 25 A5 01 05 31 03 C9 3D 0B 4B 06 (11)
                              [N5:V] LFLAG '=' 11 (11)
2025-11-14 10:58:09:981 [IN ] C8 24 05 0B 25 A5 05 01 31 03 C9 3A 0B 48 04 7A (16)
                              [N5:V] LFLAG ':' 11 (11)
2025-11-14 10:58:10:002 [OUT] 25 A5 01 05 31 03 88 FF B0 71 6C (11)
                              [N5:V] RUN 255 176 (-80)
2025-11-14 10:58:10:168 [IN ] C8 24 05 0C 25 A5 05 01 31 04 88 53 FF B0 C5 30 E9 (17)
                              [N5:V] RUN 'S' 255 176 (-80)
2025-11-14 10:58:11:372 [IN ] C8 24 05 0B 25 A5 05 01 31 03 81 5A 4C 61 AD 30 C8 24 05 0A 25 A5 05 01 31 02 81 49 03 38 AD (31)
                              [N5:V] TPOS 'Z' 76 (76)
                              [N5:V] TPOS 'I'
2025-11-14 10:58:11:595 [OUT] 25 A5 01 05 31 03 C9 3D 09 49 04 (11)
                              [N5:V] LFLAG '=' 9 (9)
2025-11-14 10:58:11:660 [IN ] C8 24 0C 0E 25 A5 0C 01 31 06 81 45 FF BC CD 69 FB C5 0A (19)
                              [N12:Z] TPOS 'E' 255 188 205 105 (-4403863)
2025-11-14 10:58:11:726 [OUT] 25 A5 01 0C 31 05 81 FF D1 1A 67 15 6D (13)
                              [N12:Z] TPOS 255 209 26 103 (-3073433)
2025-11-14 10:58:11:769 [IN ] C8 24 05 0B 25 A5 05 01 31 03 C9 3A 09 46 02 69 (16)
                              [N5:V] LFLAG ':' 9 (9)
2025-11-14 10:58:11:789 [OUT] 25 A5 01 05 31 03 84 00 50 0E 02 (11)
                              [N5:V] VEL 0 80 (80)
2025-11-14 10:58:11:913 [IN ] C8 24 0C 0E 25 A5 0C 01 31 06 81 53 FF BC CD 6A 0A 0C 0A (19)
                              [N12:Z] TPOS 'S' 255 188 205 106 (-4403862)
2025-11-14 10:58:12:017 [IN ] C8 24 05 0C 25 A5 05 01 31 04 84 53 00 50 62 C2 0A (17)
                              [N5:V] VEL 'S' 0 80 (80)
2025-11-14 10:58:12:039 [OUT] 25 A5 01 05 31 05 81 00 19 82 3C 94 B6 (13)
                              [N5:V] TPOS 0 25 130 60 (1671740)
2025-11-14 10:58:12:224 [IN ] C8 24 05 0E 25 A5 05 01 31 06 81 53 00 00 00 00 11 92 0A (19)
                              [N5:V] TPOS 'S' 0 0 0 0 (0)
2025-11-14 10:58:15:232 [IN ] C8 24 07 0E 25 A5 07 01 31 06 81 45 FF AB 14 4E 11 D3 0A (19)
                              [N7:N] TPOS 'E' 255 171 20 78 (-5565362)
2025-11-14 10:58:15:655 [OUT] 25 A5 01 07 31 05 81 FF F3 35 BF A5 39 (13)
                              [N7:N] TPOS 255 243 53 191 (-838209)
2025-11-14 10:58:15:841 [IN ] C8 24 07 0E 25 A5 07 01 31 06 81 53 FF AB 14 4E 1F 19 0A (19)
                              [N7:N] TPOS 'S' 255 171 20 78 (-5565362)
2025-11-14 10:58:16:847 [IN ] C8 24 08 0B 25 A5 08 01 31 03 81 5A 52 6A C8 4E C8 24 08 0A 25 A5 08 01 31 02 81 49 06 4A C8 (31)
                              [N8:R] TPOS 'Z' 82 (82)
                              [N8:R] TPOS 'I'
2025-11-14 10:58:17:070 [OUT] 25 A5 01 08 31 03 CA 3D 09 4D 19 (11)
                              [N8:R] RFLAG '=' 9 (9)
2025-11-14 10:58:17:215 [IN ] C8 24 08 0B 25 A5 08 01 31 03 CA 3A 09 4A 1A 4E (16)
                              [N8:R] RFLAG ':' 9 (9)
2025-11-14 10:58:17:236 [OUT] 25 A5 01 08 31 05 81 FF DC 77 1D 2F DE (13)
                              [N8:R] TPOS 255 220 119 29 (-2328803)
2025-11-14 10:58:17:441 [IN ] C8 24 08 0E 25 A5 08 01 31 06 81 53 FF FF FF F3 04 9A 0A (19)
                              [N8:R] TPOS 'S' 255 255 255 243 (-13)
2025-11-14 10:58:18:445 [IN ] C8 24 0C 0E 25 A5 0C 01 31 06 81 45 FF D1 1E 17 0F 54 0A (19)
                              [N12:Z] TPOS 'E' 255 209 30 23 (-3072489)
2025-11-14 10:58:20:053 [IN ] C8 24 05 0E 25 A5 05 01 31 06 81 45 00 19 86 38 DA DB 0A (19)
                              [N5:V] TPOS 'E' 0 25 134 56 (1672760)
2025-11-14 10:58:20:476 [OUT] 25 A5 01 05 31 05 81 00 0D 03 C1 8E 19 (13)
                              [N5:V] TPOS 0 13 3 193 (852929)
2025-11-14 10:58:20:662 [IN ] C8 24 05 0E 25 A5 05 01 31 06 81 53 00 19 86 38 E8 21 0A (19)
                              [N5:V] TPOS 'S' 0 25 134 56 (1672760)
2025-11-14 10:58:26:473 [IN ] C8 24 05 0E 25 A5 05 01 31 06 81 45 00 0D 02 D6 E8 4D 0A (19)
                              [N5:V] TPOS 'E' 0 13 2 214 (852694)
2025-11-14 10:58:26:695 [OUT] 25 A5 01 03 31 05 81 FF ED B1 30 88 70 (13)
                              [N3:X] TPOS 255 237 177 48 (-1199824)
2025-11-14 10:58:26:717 [OUT] 25 A5 01 04 31 05 81 FF F3 BD 0C 77 7E (13)
                              [N4:Y] TPOS 255 243 189 12 (-803572)
2025-11-14 10:58:26:883 [IN ] C8 24 03 0E 25 A5 03 01 31 06 81 53 FF FD 4F DB 35 EA 0A (19)
                              [N3:X] TPOS 'S' 255 253 79 219 (-176165)
2025-11-14 10:58:27:006 [IN ] C8 24 04 0E 25 A5 04 01 31 06 81 53 FF FD 4F A1 FC BA 0A (19)
                              [N4:Y] TPOS 'S' 255 253 79 161 (-176223)
2025-11-14 10:58:29:813 [IN ] C8 24 08 0E 25 A5 08 01 31 06 81 45 FF DC 75 88 DE 6C 0A (19)
                              [N8:R] TPOS 'E' 255 220 117 136 (-2329208)
2025-11-14 10:58:30:218 [IN ] C8 24 04 0E 25 A5 04 01 31 06 81 45 FF F3 B9 B0 5D 39 0A (19)
                              [N4:Y] TPOS 'E' 255 243 185 176 (-804432)
2025-11-14 10:58:30:239 [OUT] 25 A5 01 08 31 05 81 FF EE 15 56 18 89 (13)
                              [N8:R] TPOS 255 238 21 86 (-1174186)
2025-11-14 10:58:30:426 [IN ] C8 24 08 0E 25 A5 08 01 31 06 81 53 FF DC 75 8A EE B4 0A (19)
                              [N8:R] TPOS 'S' 255 220 117 138 (-2329206)
2025-11-14 10:58:32:230 [IN ] C8 24 03 0E 25 A5 03 01 31 06 81 45 FF ED AF 78 14 D1 0A (19)
                              [N3:X] TPOS 'E' 255 237 175 120 (-1200264)
2025-11-14 10:58:36:439 [IN ] C8 24 07 0E 25 A5 07 01 31 06 81 45 FF F3 3B 07 39 B2 0A (19)
                              [N7:N] TPOS 'E' 255 243 59 7 (-836857)
2025-11-14 10:58:37:043 [IN ] C8 24 08 0E 25 A5 08 01 31 06 81 45 FF EE 16 5C 65 B8 0A (19)
                              [N8:R] TPOS 'E' 255 238 22 92 (-1173924)
