2026-01-14 14:20:41:390 [OUT] 25 A5 01 0A 31 05 D6 3D FF 00 00 53 ED (13)
                              [N10:HMI] HMILED '=' 255 0 0 (16711680)
2026-01-14 14:20:41:413 [OUT] 25 A5 01 03 31 02 D8 3F 4E CE (10)
                              [N3:X] INTERRUPT '?'
2026-01-14 14:20:41:714 [IN ] C8 24 0A 0D 25 A5 0A 01 31 05 D6 3A FF 00 00 50 EA 10 C8 24 03 0C 25 A5 03 01 31 04 D8 3A 01 01 4D 6A EA (35)
                              [N10:HMI] HMILED ':' 255 0 0 (16711680)
                              [N3:X] INTERRUPT ':' 1 1 (257)
2026-01-14 14:20:41:735 [OUT] 25 A5 01 09 31 03 C9 3D 09 4D 1C (11)
                              [N9:P] LFLAG '=' 9 (9)
2026-01-14 14:20:41:759 [OUT] 25 A5 01 04 31 02 D8 3F 4F D3 (10)
                              [N4:Y] INTERRUPT '?'
2026-01-14 14:20:42:060 [IN ] C8 24 09 0B 25 A5 09 01 31 03 C9 3A 09 4A 1E 6A C8 24 04 0C 25 A5 04 01 31 04 D8 3A 01 01 4E 72 EA (33)
                              [N9:P] LFLAG ':' 9 (9)
                              [N4:Y] INTERRUPT ':' 1 1 (257)
2026-01-14 14:20:42:081 [OUT] 25 A5 01 09 31 03 CA 3D 09 4E 1F (11)
                              [N9:P] RFLAG '=' 9 (9)
2026-01-14 14:20:42:102 [OUT] 25 A5 01 0C 31 02 D8 3F 57 FB (10)
                              [N12:Z] INTERRUPT '?'
2026-01-14 14:20:42:404 [IN ] C8 24 09 0B 25 A5 09 01 31 03 CA 3A 09 4B 21 72 C8 24 0C 0C 25 A5 0C 01 31 04 D8 3A 01 01 56 B2 EA (33)
                              [N9:P] RFLAG ':' 9 (9)
                              [N12:Z] INTERRUPT ':' 1 1 (257)
2026-01-14 14:20:42:425 [OUT] 25 A5 01 08 31 03 C9 3D 09 4C 16 (11)
                              [N8:R] LFLAG '=' 9 (9)
2026-01-14 14:20:42:446 [OUT] 25 A5 01 03 31 03 C9 3D 0B 49 FA (11)
                              [N3:X] LFLAG '=' 11 (11)
2026-01-14 14:20:42:469 [OUT] 25 A5 01 04 31 03 C9 3D 0B 4A 00 (11)
                              [N4:Y] LFLAG '=' 11 (11)
2026-01-14 14:20:42:491 [OUT] 25 A5 01 0C 31 03 C9 3D 0B 52 30 (11)
                              [N12:Z] LFLAG '=' 11 (11)
2026-01-14 14:20:42:595 [IN ] C8 24 08 0B 25 A5 08 01 31 03 C9 3A 09 49 17 B2 (16)
                              [N8:R] LFLAG ':' 9 (9)
2026-01-14 14:20:42:616 [OUT] 25 A5 01 08 31 03 CA 3D 09 4D 19 (11)
                              [N8:R] RFLAG '=' 9 (9)
2026-01-14 14:20:42:721 [IN ] C8 24 03 0B 25 A5 03 01 31 03 C9 3A 0B 46 F6 B2 (16)
                              [N3:X] LFLAG ':' 11 (11)
2026-01-14 14:20:42:745 [OUT] 25 A5 01 03 31 03 88 00 50 10 02 (11)
                              [N3:X] RUN 0 80 (80)
2026-01-14 14:20:42:807 [IN ] C8 24 04 0B 25 A5 04 01 31 03 C9 3A 0B 47 FD B2 (16)
                              [N4:Y] LFLAG ':' 11 (11)
2026-01-14 14:20:42:829 [OUT] 25 A5 01 04 31 03 88 00 50 11 08 (11)
                              [N4:Y] RUN 0 80 (80)
2026-01-14 14:20:42:912 [IN ] C8 24 0C 0B 25 A5 0C 01 31 03 C9 3A 0B 4F 35 B2 (16)
                              [N12:Z] LFLAG ':' 11 (11)
2026-01-14 14:20:42:934 [OUT] 25 A5 01 0C 31 03 88 00 50 19 38 (11)
                              [N12:Z] RUN 0 80 (80)
2026-01-14 14:20:43:038 [IN ] C8 24 08 0B 25 A5 08 01 31 03 CA 3A 09 4A 1A B2 (16)
                              [N8:R] RFLAG ':' 9 (9)
2026-01-14 14:20:43:143 [IN ] C8 24 03 0C 25 A5 03 01 31 04 88 53 00 50 64 C2 EA (17)
                              [N3:X] RUN 'S' 0 80 (80)
2026-01-14 14:20:43:246 [IN ] C8 24 04 0C 25 A5 04 01 31 04 88 53 00 50 65 CA EA (17)
                              [N4:Y] RUN 'S' 0 80 (80)
2026-01-14 14:20:43:370 [IN ] C8 24 0C 0C 25 A5 0C 01 31 04 88 53 00 50 6D 0A EA (17)
                              [N12:Z] RUN 'S' 0 80 (80)
2026-01-14 14:20:49:789 [IN ] C8 24 04 0B 25 A5 04 01 31 03 81 5A 4C 60 A6 0A C8 24 04 0A 25 A5 04 01 31 02 81 49 02 32 A6 (31)
                              [N4:Y] TPOS 'Z' 76 (76)
                              [N4:Y] TPOS 'I'
2026-01-14 14:20:50:011 [OUT] 25 A5 01 09 31 02 D8 3F 54 EC (10)
                              [N9:P] INTERRUPT '?'
2026-01-14 14:20:50:312 [IN ] C8 24 09 0C 25 A5 09 01 31 04 D8 3A 01 01 53 9A EA (17)
                              [N9:P] INTERRUPT ':' 1 1 (257)
2026-01-14 14:20:50:334 [OUT] 25 A5 01 04 31 03 C9 3D 09 48 FE (11)
                              [N4:Y] LFLAG '=' 9 (9)
2026-01-14 14:20:50:356 [OUT] 25 A5 01 07 31 02 D8 3F 52 E2 (10)
                              [N7:N] INTERRUPT '?'
2026-01-14 14:20:50:658 [IN ] C8 24 04 0B 25 A5 04 01 31 03 C9 3A 09 45 FB 9A C8 24 07 0C 25 A5 07 01 31 04 D8 3A 01 01 51 8A EA (33)
                              [N4:Y] LFLAG ':' 9 (9)
                              [N7:N] INTERRUPT ':' 1 1 (257)
2026-01-14 14:20:50:680 [OUT] 25 A5 01 09 31 03 C9 3D 0B 4F 1E (11)
                              [N9:P] LFLAG '=' 11 (11)
2026-01-14 14:20:50:703 [OUT] 25 A5 01 07 31 03 C9 3D 0B 4D 12 (11)
                              [N7:N] LFLAG '=' 11 (11)
2026-01-14 14:20:50:848 [IN ] C8 24 09 0B 25 A5 09 01 31 03 C9 3A 0B 4C 20 8A (16)
                              [N9:P] LFLAG ':' 11 (11)
2026-01-14 14:20:50:870 [OUT] 25 A5 01 09 31 03 88 00 50 16 26 (11)
                              [N9:P] RUN 0 80 (80)
2026-01-14 14:20:50:955 [IN ] C8 24 07 0B 25 A5 07 01 31 03 C9 3A 0B 4A 12 8A (16)
                              [N7:N] LFLAG ':' 11 (11)
2026-01-14 14:20:50:978 [OUT] 25 A5 01 07 31 03 88 00 50 14 1A (11)
                              [N7:N] RUN 0 80 (80)
2026-01-14 14:20:51:061 [IN ] C8 24 09 0C 25 A5 09 01 31 04 88 53 00 50 6A F2 EA (17)
                              [N9:P] RUN 'S' 0 80 (80)
2026-01-14 14:20:51:127 [IN ] C8 24 09 0B 25 A5 09 01 31 03 81 5A 4C 65 C9 F2 (16)
                              [N9:P] TPOS 'Z' 76 (76)
2026-01-14 14:20:51:172 [IN ] C8 24 09 0A 25 A5 09 01 31 02 81 49 07 50 C9 C8 24 07 0C 25 A5 07 01 31 04 88 53 00 50 68 E2 EA (32)
                              [N9:P] TPOS 'I'
                              [N7:N] RUN 'S' 0 80 (80)
2026-01-14 14:20:51:397 [OUT] 25 A5 01 09 31 03 C9 3D 09 4D 1C (11)
                              [N9:P] LFLAG '=' 9 (9)
2026-01-14 14:20:51:419 [OUT] 25 A5 01 04 31 05 81 FF EE 88 01 32 FA (13)
                              [N4:Y] TPOS 255 238 136 1 (-1144831)
2026-01-14 14:20:51:564 [IN ] C8 24 09 0B 25 A5 09 01 31 03 C9 3A 09 4A 1E E2 (16)
                              [N9:P] LFLAG ':' 9 (9)
2026-01-14 14:20:51:687 [IN ] C8 24 04 0E 25 A5 04 01 31 06 81 53 00 00 00 00 10 88 01 (19)
                              [N4:Y] TPOS 'S' 0 0 0 0 (0)
2026-01-14 14:20:52:892 [IN ] C8 24 03 0B 25 A5 03 01 31 03 81 5A 4C 5F 9F 00 (16)
                              [N3:X] TPOS 'Z' 76 (76)
2026-01-14 14:20:53:094 [IN ] C8 24 03 0A 25 A5 03 01 31 02 81 49 01 2C 9F (15)
                              [N3:X] TPOS 'I'
2026-01-14 14:20:53:318 [OUT] 25 A5 01 03 31 03 C9 3D 09 47 F8 (11)
                              [N3:X] LFLAG '=' 9 (9)
2026-01-14 14:20:53:484 [IN ] C8 24 03 0B 25 A5 03 01 31 03 C9 3A 09 44 F4 00 (16)
                              [N3:X] LFLAG ':' 9 (9)
2026-01-14 14:20:54:889 [IN ] C8 24 07 0B 25 A5 07 01 31 03 81 5A 4C 63 BB 00 (16)
                              [N7:N] TPOS 'Z' 76 (76)
2026-01-14 14:20:55:091 [IN ] C8 24 07 0A 25 A5 07 01 31 02 81 49 05 44 BB (15)
                              [N7:N] TPOS 'I'
2026-01-14 14:20:55:314 [OUT] 25 A5 01 07 31 03 C9 3D 09 4B 10 (11)
                              [N7:N] LFLAG '=' 9 (9)
2026-01-14 14:20:55:480 [IN ] C8 24 07 0B 25 A5 07 01 31 03 C9 3A 09 48 10 00 (16)
                              [N7:N] LFLAG ':' 9 (9)
2026-01-14 14:20:57:886 [IN ] C8 24 04 0E 25 A5 04 01 31 06 81 45 FF EE 85 75 E9 87 01 (19)
                              [N4:Y] TPOS 'E' 255 238 133 117 (-1145483)
2026-01-14 14:20:58:108 [OUT] 25 A5 01 09 31 05 81 FF E7 5D 56 5A 0C (13)
                              [N9:P] TPOS 255 231 93 86 (-1614506)
2026-01-14 14:20:58:131 [OUT] 25 A5 01 04 31 05 81 FF FD 50 01 09 B7 (13)
                              [N4:Y] TPOS 255 253 80 1 (-176127)
2026-01-14 14:20:58:157 [OUT] 25 A5 01 07 31 05 81 FF AB 19 75 F7 DF (13)
                              [N7:N] TPOS 255 171 25 117 (-5564043)
2026-01-14 14:20:58:179 [OUT] 25 A5 01 03 31 05 81 FF EC 4A AB 9B 1A (13)
                              [N3:X] TPOS 255 236 74 171 (-1291605)
2026-01-14 14:20:58:201 [OUT] 25 A5 01 06 31 02 D8 3F 51 DD (10)
                              [N6:H] INTERRUPT '?'
2026-01-14 14:20:58:503 [IN ] C8 24 09 0E 25 A5 09 01 31 06 81 53 FF FF FF F5 07 A6 01 C8 24 04 0E 25 A5 04 01 31 06 81 53 FF EE 85 75 F7 CD 01 (38)
                              [N9:P] TPOS 'S' 255 255 255 245 (-11)
                              [N4:Y] TPOS 'S' 255 238 133 117 (-1145483)
2026-01-14 14:20:58:804 [IN ] C8 24 07 0E 25 A5 07 01 31 06 81 53 FF FF FF F3 03 90 01 C8 24 03 0E 25 A5 03 01 31 06 81 53 00 00 00 00 0F 7E 01 C8 24 06 0C 25 A5 06 01 31 04 D8 3A 01 01 50 82 0F (55)
                              [N7:N] TPOS 'S' 255 255 255 243 (-13)
                              [N3:X] TPOS 'S' 0 0 0 0 (0)
                              [N6:H] INTERRUPT ':' 1 1 (257)
2026-01-14 14:20:58:825 [OUT] 25 A5 01 06 31 03 C9 3D 0B 4C 0C (11)
                              [N6:H] LFLAG '=' 11 (11)
2026-01-14 14:20:58:992 [IN ] C8 24 06 0B 25 A5 06 01 31 03 C9 3A 0B 49 0B 82 (16)
                              [N6:H] LFLAG ':' 11 (11)
2026-01-14 14:20:59:013 [OUT] 25 A5 01 06 31 03 88 FF B0 72 72 (11)
                              [N6:H] RUN 255 176 (-80)
2026-01-14 14:20:59:179 [IN ] C8 24 06 0C 25 A5 06 01 31 04 88 53 FF B0 C6 38 0F (17)
                              [N6:H] RUN 'S' 255 176 (-80)
2026-01-14 14:20:59:585 [IN ] C8 24 0C 0B 25 A5 0C 01 31 03 81 5A 4C 68 DE 38 C8 24 0C 0A 25 A5 0C 01 31 02 81 49 0A 62 DE (31)
                              [N12:Z] TPOS 'Z' 76 (76)
                              [N12:Z] TPOS 'I'
2026-01-14 14:20:59:809 [OUT] 25 A5 01 0C 31 03 C9 3D 09 50 2E (11)
                              [N12:Z] LFLAG '=' 9 (9)
2026-01-14 14:20:59:973 [IN ] C8 24 0C 0B 25 A5 0C 01 31 03 C9 3A 09 4D 33 38 (16)
                              [N12:Z] LFLAG ':' 9 (9)
2026-01-14 14:20:59:994 [OUT] 25 A5 01 0C 31 05 81 FF BC D0 00 4F 33 (13)
                              [N12:Z] TPOS 255 188 208 0 (-4403200)
2026-01-14 14:21:00:179 [IN ] C8 24 0C 0E 25 A5 0C 01 31 06 81 53 FF FF FE FF 13 CC 01 (19)
                              [N12:Z] TPOS 'S' 255 255 254 255 (-257)
2026-01-14 14:21:03:188 [IN ] C8 24 06 0B 25 A5 06 01 31 03 81 5A 4C 62 B4 FF C8 24 06 0A 25 A5 06 01 (24)
                              [N6:H] TPOS 'Z' 76 (76)
2026-01-14 14:21:03:390 [IN ] 31 02 81 49 04 3E B4 (7)
                              [N6:H] TPOS 'I'
2026-01-14 14:21:03:613 [OUT] 25 A5 01 06 31 03 C9 3D 09 4A 0A (11)
                              [N6:H] LFLAG '=' 9 (9)
2026-01-14 14:21:03:777 [IN ] C8 24 06 0B 25 A5 06 01 31 03 C9 3A 09 47 09 FF (16)
                              [N6:H] LFLAG ':' 9 (9)
2026-01-14 14:21:03:798 [OUT] 25 A5 01 06 31 03 84 00 50 0F 08 (11)
                              [N6:H] VEL 0 80 (80)
2026-01-14 14:21:03:963 [IN ] C8 24 06 0C 25 A5 06 01 31 04 84 53 00 50 63 CA 13 (17)
                              [N6:H] VEL 'S' 0 80 (80)
2026-01-14 14:21:03:985 [OUT] 25 A5 01 06 31 05 81 00 19 82 3C 95 BE (13)
                              [N6:H] TPOS 0 25 130 60 (1671740)
2026-01-14 14:21:04:170 [IN ] C8 24 06 0E 25 A5 06 01 31 06 81 53 00 00 00 05 17 A1 01 (19)
                              [N6:H] TPOS 'S' 0 0 0 5 (5)
2026-01-14 14:21:05:575 [IN ] C8 24 03 0E 25 A5 03 01 31 06 81 45 FF EC 48 34 68 BC 01 (19)
                              [N3:X] TPOS 'E' 255 236 72 52 (-1292236)
2026-01-14 14:21:06:000 [OUT] 25 A5 01 03 31 05 81 FF FD 50 01 08 AF (13)
                              [N3:X] TPOS 255 253 80 1 (-176127)
2026-01-14 14:21:06:187 [IN ] C8 24 03 0E 25 A5 03 01 31 06 81 53 FF EC 48 34 76 02 01 (19)
                              [N3:X] TPOS 'S' 255 236 72 52 (-1292236)
2026-01-14 14:21:06:590 [IN ] C8 24 04 0E 25 A5 04 01 31 06 81 45 FF FD 4F DF 2C B2 01 (19)
                              [N4:Y] TPOS 'E' 255 253 79 223 (-176161)
2026-01-14 14:21:07:193 [IN ] C8 24 09 0E 25 A5 09 01 31 06 81 45 FF E7 5B 2E 76 09 01 (19)
                              [N9:P] TPOS 'E' 255 231 91 46 (-1615058)
2026-01-14 14:21:07:618 [OUT] 25 A5 01 09 31 05 81 FF FF D9 C8 60 BE (13)
                              [N9:P] TPOS 255 255 217 200 (-9784)
2026-01-14 14:21:07:803 [IN ] C8 24 09 0E 25 A5 09 01 31 06 81 53 FF E7 5B 33 89 54 01 (19)
                              [N9:P] TPOS 'S' 255 231 91 51 (-1615053)
2026-01-14 14:21:12:416 [IN ] C8 24 06 0E 25 A5 06 01 31 06 81 45 00 19 85 E3 85 8E 01 (19)
                              [N6:H] TPOS 'E' 0 25 133 227 (1672675)
2026-01-14 14:21:12:841 [OUT] 25 A5 01 06 31 05 81 00 0D 03 C1 8F 21 (13)
                              [N6:H] TPOS 0 13 3 193 (852929)
2026-01-14 14:21:13:026 [IN ] C8 24 06 0E 25 A5 06 01 31 06 81 53 00 19 85 E1 91 D2 01 (19)
                              [N6:H] TPOS 'S' 0 25 133 225 (1672673)
2026-01-14 14:21:15:636 [IN ] C8 24 03 0E 25 A5 03 01 31 06 81 45 FF FD 50 5A A7 25 01 (19)
                              [N3:X] TPOS 'E' 255 253 80 90 (-176038)
2026-01-14 14:21:16:841 [IN ] C8 24 09 0E 25 A5 09 01 31 06 81 45 FF FF DB DE BE 01 01 (19)
                              [N9:P] TPOS 'E' 255 255 219 222 (-9250)
2026-01-14 14:21:17:064 [OUT] 25 A5 01 08 31 02 D8 3F 53 E7 (10)
                              [N8:R] INTERRUPT '?'
2026-01-14 14:21:17:064 [IN ] C8 24 06 0E 25 A5 06 01 31 06 81 45 00 0C FF DC EB 54 01 (19)
                              [N6:H] TPOS 'E' 0 12 255 220 (851932)
2026-01-14 14:21:17:366 [IN ] C8 24 08 0C 25 A5 08 01 31 04 D8 3A 01 01 52 92 EB (17)
                              [N8:R] INTERRUPT ':' 1 1 (257)
2026-01-14 14:21:17:387 [OUT] 25 A5 01 08 31 03 CA 3D 0B 4F 1B (11)
                              [N8:R] RFLAG '=' 11 (11)
2026-01-14 14:21:17:410 [OUT] 25 A5 01 05 31 02 D8 3F 50 D8 (10)
                              [N5:V] INTERRUPT '?'
2026-01-14 14:21:17:711 [IN ] C8 24 08 0B 25 A5 08 01 31 03 CA 3A 0B 4C 1C 92 C8 24 05 0C 25 A5 05 01 31 04 D8 3A 01 01 4F 7A EB (33)
                              [N8:R] RFLAG ':' 11 (11)
                              [N5:V] INTERRUPT ':' 1 1 (257)
2026-01-14 14:21:17:733 [OUT] 25 A5 01 08 31 03 88 00 50 15 20 (11)
                              [N8:R] RUN 0 80 (80)
2026-01-14 14:21:17:756 [OUT] 25 A5 01 05 31 03 C9 3D 0B 4B 06 (11)
                              [N5:V] LFLAG '=' 11 (11)
2026-01-14 14:21:17:900 [IN ] C8 24 08 0C 25 A5 08 01 31 04 88 53 00 50 69 EA EB (17)
                              [N8:R] RUN 'S' 0 80 (80)
2026-01-14 14:21:18:005 [IN ] C8 24 05 0B 25 A5 05 01 31 03 C9 3A 0B 48 04 EA (16)
                              [N5:V] LFLAG ':' 11 (11)
2026-01-14 14:21:18:027 [OUT] 25 A5 01 05 31 03 88 FF B0 71 6C (11)
                              [N5:V] RUN 255 176 (-80)
2026-01-14 14:21:18:191 [IN ] C8 24 05 0C 25 A5 05 01 31 04 88 53 FF B0 C5 30 EB (17)
                              [N5:V] RUN 'S' 255 176 (-80)
2026-01-14 14:21:23:212 [IN ] C8 24 05 0B 25 A5 05 01 31 03 81 5A 4C 61 AD 30 C8 24 05 0A 25 A5 05 01 31 02 81 49 03 38 AD C8 24 07 0E 25 A5 07 01 31 06 81 45 FF AB 14 C9 8C 4E 01 (50)
                              [N5:V] TPOS 'Z' 76 (76)
                              [N5:V] TPOS 'I'
                              [N7:N] TPOS 'E' 255 171 20 201 (-5565239)
2026-01-14 14:21:23:434 [OUT] 25 A5 01 05 31 03 C9 3D 09 49 04 (11)
                              [N5:V] LFLAG '=' 9 (9)
2026-01-14 14:21:23:456 [OUT] 25 A5 01 07 31 05 81 FF F3 35 BF A5 39 (13)
                              [N7:N] TPOS 255 243 53 191 (-838209)
2026-01-14 14:21:23:601 [IN ] C8 24 05 0B 25 A5 05 01 31 03 (10)
2026-01-14 14:21:23:623 [IN ] C9 3A 09 46 02 C9 (6)
                              [N5:V] LFLAG ':' 9 (9)
2026-01-14 14:21:23:645 [OUT] 25 A5 01 05 31 03 84 00 50 0E 02 (11)
                              [N5:V] VEL 0 80 (80)
2026-01-14 14:21:23:707 [IN ] C8 24 0C 0E 25 A5 0C 01 31 06 81 45 FF BC CD 75 07 D1 01 (19)
                              [N12:Z] TPOS 'E' 255 188 205 117 (-4403851)
2026-01-14 14:21:23:731 [IN ] C8 24 07 0E 25 A5 07 01 31 06 81 53 FF AB 14 CA 9B 95 01 (19)
                              [N7:N] TPOS 'S' 255 171 20 202 (-5565238)
2026-01-14 14:21:23:774 [OUT] 25 A5 01 0C 31 05 81 FF D1 1A 67 15 6D (13)
                              [N12:Z] TPOS 255 209 26 103 (-3073433)
2026-01-14 14:21:23:837 [IN ] C8 24 05 0C 25 A5 05 01 31 04 84 53 00 50 62 C2 9B (17)
                              [N5:V] VEL 'S' 0 80 (80)
2026-01-14 14:21:23:860 [OUT] 25 A5 01 05 31 05 81 00 19 82 3C 94 B6 (13)
                              [N5:V] TPOS 0 25 130 60 (1671740)
2026-01-14 14:21:23:962 [IN ] C8 24 0C 0E 25 A5 0C 01 31 06 81 53 FF BC CD 94 34 36 01 (19)
                              [N12:Z] TPOS 'S' 255 188 205 148 (-4403820)
2026-01-14 14:21:24:108 [IN ] C8 24 05 0E 25 A5 05 01 31 06 81 53 00 00 00 00 11 92 01 (19)
                              [N5:V] TPOS 'S' 0 0 0 0 (0)
2026-01-14 14:21:24:916 [IN ] C8 24 08 0B 25 A5 08 01 31 03 81 5A 52 6A C8 00 C8 24 08 0A 25 A5 08 01 31 02 81 49 06 4A C8 (31)
                              [N8:R] TPOS 'Z' 82 (82)
                              [N8:R] TPOS 'I'
2026-01-14 14:21:25:141 [OUT] 25 A5 01 08 31 03 CA 3D 09 4D 19 (11)
                              [N8:R] RFLAG '=' 9 (9)
2026-01-14 14:21:25:306 [IN ] C8 24 08 0B 25 A5 08 01 31 03 CA 3A 09 4A 1A 00 (16)
                              [N8:R] RFLAG ':' 9 (9)
2026-01-14 14:21:25:328 [OUT] 25 A5 01 08 31 05 81 FF DC 77 1D 2F DE (13)
                              [N8:R] TPOS 255 220 119 29 (-2328803)
2026-01-14 14:21:25:514 [IN ] C8 24 08 0E 25 A5 08 01 31 06 81 53 FF FF FF E2 F3 89 01 (19)
                              [N8:R] TPOS 'S' 255 255 255 226 (-30)
2026-01-14 14:21:30:732 [IN ] C8 24 0C 0E 25 A5 0C 01 31 06 81 45 FF D1 1C D7 CD 10 01 (19)
                              [N12:Z] TPOS 'E' 255 209 28 215 (-3072809)
2026-01-14 14:21:32:138 [IN ] C8 24 05 0E 25 A5 05 01 31 06 81 45 00 19 86 43 E5 E6 01 (19)
                              [N5:V] TPOS 'E' 0 25 134 67 (1672771)
2026-01-14 14:21:32:564 [OUT] 25 A5 01 05 31 05 81 00 0D 03 C1 8E 19 (13)
                              [N5:V] TPOS 0 13 3 193 (852929)
2026-01-14 14:21:32:749 [IN ] C8 24 05 0E 25 A5 05 01 31 06 81 53 00 19 86 43 F3 2C 01 (19)
                              [N5:V] TPOS 'S' 0 25 134 67 (1672771)
2026-01-14 14:21:37:968 [IN ] C8 24 05 0E 25 A5 05 01 31 06 81 45 00 0D 02 0D 1F 84 01 (19)
                              [N5:V] TPOS 'E' 0 13 2 13 (852493)
2026-01-14 14:21:38:190 [OUT] 25 A5 01 03 31 05 81 FF ED B1 30 88 70 (13)
                              [N3:X] TPOS 255 237 177 48 (-1199824)
2026-01-14 14:21:38:212 [OUT] 25 A5 01 04 31 05 81 FF F3 BD 0C 77 7E (13)
                              [N4:Y] TPOS 255 243 189 12 (-803572)
2026-01-14 14:21:38:378 [IN ] C8 24 03 0E 25 A5 03 01 31 06 81 53 FF FD 50 5A B5 6B 01 (19)
                              [N3:X] TPOS 'S' 255 253 80 90 (-176038)
2026-01-14 14:21:38:521 [IN ] C8 24 04 0E 25 A5 04 01 31 06 81 53 FF FD 4F E0 3B F9 01 (19)
                              [N4:Y] TPOS 'S' 255 253 79 224 (-176160)
2026-01-14 14:21:38:723 [IN ] C8 24 08 0E 25 A5 08 01 31 06 81 45 FF DC 75 1C 72 00 01 (19)
                              [N8:R] TPOS 'E' 255 220 117 28 (-2329316)
2026-01-14 14:21:39:149 [OUT] 25 A5 01 08 31 05 81 FF EE 15 56 18 89 (13)
                              [N8:R] TPOS 255 238 21 86 (-1174186)
2026-01-14 14:21:39:334 [IN ] C8 24 08 0E 25 A5 08 01 31 06 81 53 FF DC 75 1F 83 49 01 (19)
                              [N8:R] TPOS 'S' 255 220 117 31 (-2329313)
2026-01-14 14:21:41:943 [IN ] C8 24 04 0E 25 A5 04 01 31 06 81 45 FF F3 BA 59 07 E4 01 (19)
                              [N4:Y] TPOS 'E' 255 243 186 89 (-804263)
2026-01-14 14:21:43:950 [IN ] C8 24 03 0E 25 A5 03 01 31 06 81 45 FF ED AE 4B E6 A2 01 (19)
                              [N3:X] TPOS 'E' 255 237 174 75 (-1200565)
2026-01-14 14:21:44:754 [IN ] C8 24 07 0E 25 A5 07 01 31 06 81 45 FF F3 3A BD EE 66 01 (19)
                              [N7:N] TPOS 'E' 255 243 58 189 (-836931)
2026-01-14 14:21:46:158 [IN ] C8 24 08 0E 25 A5 08 01 31 06 81 45 FF EE 16 8C 95 E8 01 (19)
                              [N8:R] TPOS 'E' 255 238 22 140 (-1173876)
