2026-01-14 15:10:07:251 [OUT] 25 A5 01 0A 31 05 D6 3D FF 00 00 53 ED (13)
                              [N10:HMI] HMILED '=' 255 0 0 (16711680)
2026-01-14 15:10:07:273 [OUT] 25 A5 01 03 31 02 D8 3F 4E CE (10)
                              [N3:X] INTERRUPT '?'
2026-01-14 15:10:07:574 [IN ] C8 24 0A 0D 25 A5 0A 01 31 05 D6 3A FF 00 00 50 EA 57 C8 24 03 0C 25 A5 03 01 31 04 D8 3A 01 01 4D 6A EA (35)
                              [N10:HMI] HMILED ':' 255 0 0 (16711680)
                              [N3:X] INTERRUPT ':' 1 1 (257)
2026-01-14 15:10:07:596 [OUT] 25 A5 01 09 31 03 C9 3D 09 4D 1C (11)
                              [N9:P] LFLAG '=' 9 (9)
2026-01-14 15:10:07:619 [OUT] 25 A5 01 04 31 02 D8 3F 4F D3 (10)
                              [N4:Y] INTERRUPT '?'
2026-01-14 15:10:07:921 [IN ] C8 24 09 0B 25 A5 09 01 31 03 C9 3A 09 4A 1E 6A C8 24 04 0C 25 A5 04 01 31 04 D8 3A 01 01 4E 72 EA (33)
                              [N9:P] LFLAG ':' 9 (9)
                              [N4:Y] INTERRUPT ':' 1 1 (257)
2026-01-14 15:10:07:943 [OUT] 25 A5 01 09 31 03 CA 3D 09 4E 1F (11)
                              [N9:P] RFLAG '=' 9 (9)
2026-01-14 15:10:07:965 [OUT] 25 A5 01 0C 31 02 D8 3F 57 FB (10)
                              [N12:Z] INTERRUPT '?'
2026-01-14 15:10:08:266 [IN ] C8 24 09 0B 25 A5 09 01 31 03 CA 3A 09 4B 21 72 C8 24 0C 0C 25 A5 0C 01 31 04 D8 3A 01 01 56 B2 EA (33)
                              [N9:P] RFLAG ':' 9 (9)
                              [N12:Z] INTERRUPT ':' 1 1 (257)
2026-01-14 15:10:08:288 [OUT] 25 A5 01 08 31 03 C9 3D 09 4C 16 (11)
                              [N8:R] LFLAG '=' 9 (9)
2026-01-14 15:10:08:311 [OUT] 25 A5 01 03 31 03 C9 3D 0B 49 FA (11)
                              [N3:X] LFLAG '=' 11 (11)
2026-01-14 15:10:08:333 [OUT] 25 A5 01 04 31 03 C9 3D 0B 4A 00 (11)
                              [N4:Y] LFLAG '=' 11 (11)
2026-01-14 15:10:08:359 [OUT] 25 A5 01 0C 31 03 C9 3D 0B 52 30 (11)
                              [N12:Z] LFLAG '=' 11 (11)
2026-01-14 15:10:08:442 [IN ] C8 24 08 0B 25 A5 08 01 31 03 C9 3A 09 49 17 B2 (16)
                              [N8:R] LFLAG ':' 9 (9)
2026-01-14 15:10:08:463 [OUT] 25 A5 01 08 31 03 CA 3D 09 4D 19 (11)
                              [N8:R] RFLAG '=' 9 (9)
2026-01-14 15:10:08:567 [IN ] C8 24 03 0B 25 A5 03 01 31 03 C9 3A 0B 46 F6 B2 (16)
                              [N3:X] LFLAG ':' 11 (11)
2026-01-14 15:10:08:588 [OUT] 25 A5 01 03 31 03 88 00 50 10 02 (11)
                              [N3:X] RUN 0 80 (80)
2026-01-14 15:10:08:673 [IN ] C8 24 04 0B 25 A5 04 01 31 03 C9 3A 0B 47 FD B2 (16)
                              [N4:Y] LFLAG ':' 11 (11)
2026-01-14 15:10:08:694 [OUT] 25 A5 01 04 31 03 88 00 50 11 08 (11)
                              [N4:Y] RUN 0 80 (80)
2026-01-14 15:10:08:779 [IN ] C8 24 0C 0B 25 A5 0C 01 31 03 C9 3A 0B 4F 35 B2 (16)
                              [N12:Z] LFLAG ':' 11 (11)
2026-01-14 15:10:08:802 [OUT] 25 A5 01 0C 31 03 88 00 50 19 38 (11)
                              [N12:Z] RUN 0 80 (80)
2026-01-14 15:10:08:886 [IN ] C8 24 08 0B 25 A5 08 01 31 03 CA 3A 09 4A 1A B2 (16)
                              [N8:R] RFLAG ':' 9 (9)
2026-01-14 15:10:09:010 [IN ] C8 24 03 0C 25 A5 03 01 31 04 88 53 00 50 64 C2 EA (17)
                              [N3:X] RUN 'S' 0 80 (80)
2026-01-14 15:10:09:115 [IN ] C8 24 04 0C 25 A5 04 01 31 04 88 53 00 50 65 CA EA (17)
                              [N4:Y] RUN 'S' 0 80 (80)
2026-01-14 15:10:09:217 [IN ] C8 24 0C 0C 25 A5 0C 01 31 04 88 53 (12)
2026-01-14 15:10:09:239 [IN ] 00 50 6D 0A EA (5)
                              [N12:Z] RUN 'S' 0 80 (80)
2026-01-14 15:10:15:658 [IN ] C8 24 04 0B 25 A5 04 01 31 03 81 5A 4C 60 A6 0A C8 24 04 0A 25 A5 04 01 31 02 81 49 02 32 A6 (31)
                              [N4:Y] TPOS 'Z' 76 (76)
                              [N4:Y] TPOS 'I'
2026-01-14 15:10:15:881 [OUT] 25 A5 01 09 31 02 D8 3F 54 EC (10)
                              [N9:P] INTERRUPT '?'
2026-01-14 15:10:16:182 [IN ] C8 24 09 0C 25 A5 09 01 31 04 D8 3A 01 01 53 9A EA (17)
                              [N9:P] INTERRUPT ':' 1 1 (257)
2026-01-14 15:10:16:204 [OUT] 25 A5 01 04 31 03 C9 3D 09 48 FE (11)
                              [N4:Y] LFLAG '=' 9 (9)
2026-01-14 15:10:16:226 [OUT] 25 A5 01 07 31 02 D8 3F 52 E2 (10)
                              [N7:N] INTERRUPT '?'
2026-01-14 15:10:16:527 [IN ] C8 24 04 0B 25 A5 04 01 31 03 C9 3A 09 45 FB 9A C8 24 07 0C 25 A5 07 01 31 04 D8 3A 01 01 51 8A EA (33)
                              [N4:Y] LFLAG ':' 9 (9)
                              [N7:N] INTERRUPT ':' 1 1 (257)
2026-01-14 15:10:16:548 [OUT] 25 A5 01 09 31 03 C9 3D 0B 4F 1E (11)
                              [N9:P] LFLAG '=' 11 (11)
2026-01-14 15:10:16:570 [OUT] 25 A5 01 07 31 03 C9 3D 0B 4D 12 (11)
                              [N7:N] LFLAG '=' 11 (11)
2026-01-14 15:10:16:715 [IN ] C8 24 09 0B 25 A5 09 01 31 03 C9 3A 0B 4C 20 8A (16)
                              [N9:P] LFLAG ':' 11 (11)
2026-01-14 15:10:16:739 [OUT] 25 A5 01 09 31 03 88 00 50 16 26 (11)
                              [N9:P] RUN 0 80 (80)
2026-01-14 15:10:16:824 [IN ] C8 24 07 0B 25 A5 07 01 31 03 C9 3A 0B 4A 12 8A (16)
                              [N7:N] LFLAG ':' 11 (11)
2026-01-14 15:10:16:848 [OUT] 25 A5 01 07 31 03 88 00 50 14 1A (11)
                              [N7:N] RUN 0 80 (80)
2026-01-14 15:10:16:934 [IN ] C8 24 09 0C 25 A5 09 01 31 04 88 53 00 50 6A F2 EA (17)
                              [N9:P] RUN 'S' 0 80 (80)
2026-01-14 15:10:16:998 [IN ] C8 24 09 0B 25 A5 09 01 31 03 81 5A 4C 65 C9 F2 (16)
                              [N9:P] TPOS 'Z' 76 (76)
2026-01-14 15:10:17:040 [IN ] C8 24 07 0C 25 A5 07 01 31 04 88 53 00 50 68 E2 EA C8 24 09 0A 25 A5 09 01 31 02 81 49 07 50 68 (32)
                              [N7:N] RUN 'S' 0 80 (80)
                              [N9:P] TPOS 'I'
2026-01-14 15:10:17:263 [OUT] 25 A5 01 09 31 03 C9 3D 09 4D 1C (11)
                              [N9:P] LFLAG '=' 9 (9)
2026-01-14 15:10:17:285 [OUT] 25 A5 01 04 31 05 81 FF EE 88 01 32 FA (13)
                              [N4:Y] TPOS 255 238 136 1 (-1144831)
2026-01-14 15:10:17:431 [IN ] C8 24 09 0B 25 A5 09 01 31 03 C9 3A 09 4A 1E E2 (16)
                              [N9:P] LFLAG ':' 9 (9)
2026-01-14 15:10:17:555 [IN ] C8 24 04 0E 25 A5 04 01 31 06 81 53 00 (13)
2026-01-14 15:10:17:577 [IN ] 00 00 00 10 88 01 (6)
                              [N4:Y] TPOS 'S' 0 0 0 0 (0)
2026-01-14 15:10:18:781 [IN ] C8 24 03 0B 25 A5 03 01 31 03 81 5A 4C 5F 9F 00 C8 24 03 0A 25 A5 03 01 31 02 81 49 01 2C 9F (31)
                              [N3:X] TPOS 'Z' 76 (76)
                              [N3:X] TPOS 'I'
2026-01-14 15:10:19:004 [OUT] 25 A5 01 03 31 03 C9 3D 09 47 F8 (11)
                              [N3:X] LFLAG '=' 9 (9)
2026-01-14 15:10:19:169 [IN ] C8 24 03 0B 25 A5 (6)
2026-01-14 15:10:19:191 [IN ] 03 01 31 03 C9 3A 09 44 F4 00 (10)
                              [N3:X] LFLAG ':' 9 (9)
2026-01-14 15:10:20:797 [IN ] C8 24 07 0B 25 A5 07 01 31 03 81 5A 4C 63 BB 00 C8 24 07 0A 25 A5 07 01 31 02 81 49 05 44 BB (31)
                              [N7:N] TPOS 'Z' 76 (76)
                              [N7:N] TPOS 'I'
2026-01-14 15:10:21:020 [OUT] 25 A5 01 07 31 03 C9 3D 09 4B 10 (11)
                              [N7:N] LFLAG '=' 9 (9)
2026-01-14 15:10:21:187 [IN ] C8 24 07 0B 25 A5 07 01 31 03 C9 3A 09 48 10 00 (16)
                              [N7:N] LFLAG ':' 9 (9)
2026-01-14 15:10:23:594 [IN ] C8 24 04 0E 25 A5 04 01 31 06 81 45 FF EE 85 AE 22 C0 01 (19)
                              [N4:Y] TPOS 'E' 255 238 133 174 (-1145426)
2026-01-14 15:10:23:818 [OUT] 25 A5 01 09 31 05 81 FF E7 5D 56 5A 0C (13)
                              [N9:P] TPOS 255 231 93 86 (-1614506)
2026-01-14 15:10:23:840 [OUT] 25 A5 01 04 31 05 81 FF FD 50 01 09 B7 (13)
                              [N4:Y] TPOS 255 253 80 1 (-176127)
2026-01-14 15:10:23:868 [OUT] 25 A5 01 07 31 05 81 FF AB 19 75 F7 DF (13)
                              [N7:N] TPOS 255 171 25 117 (-5564043)
2026-01-14 15:10:23:890 [OUT] 25 A5 01 03 31 05 81 FF EC 4A AB 9B 1A (13)
                              [N3:X] TPOS 255 236 74 171 (-1291605)
2026-01-14 15:10:23:913 [OUT] 25 A5 01 06 31 02 D8 3F 51 DD (10)
                              [N6:H] INTERRUPT '?'
2026-01-14 15:10:24:215 [IN ] C8 24 09 0E 25 A5 09 01 31 06 81 53 FF FF FF F6 08 A7 01 C8 24 04 0E 25 A5 04 01 31 06 81 53 FF EE 85 AE 30 06 01 (38)
                              [N9:P] TPOS 'S' 255 255 255 246 (-10)
                              [N4:Y] TPOS 'S' 255 238 133 174 (-1145426)
2026-01-14 15:10:24:516 [IN ] C8 24 07 0E 25 A5 07 01 31 06 81 53 FF FF FF FC 0C 99 01 C8 24 03 0E 25 A5 03 01 31 06 81 53 00 00 00 00 0F 7E 01 C8 24 06 0C 25 A5 06 01 31 04 D8 3A 01 01 50 82 0F (55)
                              [N7:N] TPOS 'S' 255 255 255 252 (-4)
                              [N3:X] TPOS 'S' 0 0 0 0 (0)
                              [N6:H] INTERRUPT ':' 1 1 (257)
2026-01-14 15:10:24:537 [OUT] 25 A5 01 06 31 03 C9 3D 0B 4C 0C (11)
                              [N6:H] LFLAG '=' 11 (11)
2026-01-14 15:10:24:703 [IN ] C8 24 06 0B 25 A5 06 01 31 03 C9 3A 0B 49 0B 82 (16)
                              [N6:H] LFLAG ':' 11 (11)
2026-01-14 15:10:24:728 [OUT] 25 A5 01 06 31 03 88 FF B0 72 72 (11)
                              [N6:H] RUN 255 176 (-80)
2026-01-14 15:10:24:893 [IN ] C8 24 06 0C 25 A5 06 01 31 04 88 53 FF B0 C6 38 0F (17)
                              [N6:H] RUN 'S' 255 176 (-80)
2026-01-14 15:10:25:699 [IN ] C8 24 0C 0B 25 A5 0C 01 31 03 81 5A 4C 68 DE 38 (16)
                              [N12:Z] TPOS 'Z' 76 (76)
2026-01-14 15:10:25:902 [IN ] C8 24 0C 0A 25 A5 0C 01 31 02 81 49 0A 62 DE (15)
                              [N12:Z] TPOS 'I'
2026-01-14 15:10:26:125 [OUT] 25 A5 01 0C 31 03 C9 3D 09 50 2E (11)
                              [N12:Z] LFLAG '=' 9 (9)
2026-01-14 15:10:26:291 [IN ] C8 24 0C 0B 25 A5 0C 01 31 03 C9 3A 09 4D 33 38 (16)
                              [N12:Z] LFLAG ':' 9 (9)
2026-01-14 15:10:26:313 [OUT] 25 A5 01 0C 31 05 81 FF BC D0 00 4F 33 (13)
                              [N12:Z] TPOS 255 188 208 0 (-4403200)
2026-01-14 15:10:26:521 [IN ] C8 24 0C 0E 25 A5 0C 01 31 06 81 53 FF FF FE ED 01 BA 01 (19)
                              [N12:Z] TPOS 'S' 255 255 254 237 (-275)
2026-01-14 15:10:28:932 [IN ] C8 24 06 0B 25 A5 06 01 31 03 81 5A 4C 62 B4 ED C8 24 06 0A 25 A5 06 01 31 02 81 49 04 3E B4 (31)
                              [N6:H] TPOS 'Z' 76 (76)
                              [N6:H] TPOS 'I'
2026-01-14 15:10:29:154 [OUT] 25 A5 01 06 31 03 C9 3D 09 4A 0A (11)
                              [N6:H] LFLAG '=' 9 (9)
2026-01-14 15:10:29:319 [IN ] C8 24 06 0B 25 A5 06 01 31 03 C9 3A 09 47 09 ED (16)
                              [N6:H] LFLAG ':' 9 (9)
2026-01-14 15:10:29:341 [OUT] 25 A5 01 06 31 03 84 00 50 0F 08 (11)
                              [N6:H] VEL 0 80 (80)
2026-01-14 15:10:29:508 [IN ] C8 24 06 0C 25 A5 06 01 31 04 84 53 00 50 63 CA 01 (17)
                              [N6:H] VEL 'S' 0 80 (80)
2026-01-14 15:10:29:529 [OUT] 25 A5 01 06 31 05 81 00 19 82 3C 95 BE (13)
                              [N6:H] TPOS 0 25 130 60 (1671740)
2026-01-14 15:10:29:715 [IN ] C8 24 06 0E 25 A5 06 01 (8)
2026-01-14 15:10:29:736 [IN ] 31 06 81 53 00 00 00 03 15 9F 01 (11)
                              [N6:H] TPOS 'S' 0 0 0 3 (3)
2026-01-14 15:10:31:343 [IN ] C8 24 03 0E 25 A5 03 01 31 06 81 45 FF EC 48 2A 5E B2 01 (19)
                              [N3:X] TPOS 'E' 255 236 72 42 (-1292246)
2026-01-14 15:10:31:768 [OUT] 25 A5 01 03 31 05 81 FF FD 50 01 08 AF (13)
                              [N3:X] TPOS 255 253 80 1 (-176127)
2026-01-14 15:10:31:974 [IN ] C8 24 03 0E 25 A5 03 01 31 06 81 53 FF EC 48 2A 6C F8 01 (19)
                              [N3:X] TPOS 'S' 255 236 72 42 (-1292246)
2026-01-14 15:10:32:175 [IN ] C8 24 04 0E 25 A5 04 01 31 06 81 45 FF FD 4F F2 3F C5 01 (19)
                              [N4:Y] TPOS 'E' 255 253 79 242 (-176142)
2026-01-14 15:10:32:980 [IN ] C8 24 09 0E 25 A5 09 01 31 06 81 45 FF E7 5B 63 AB 3E 01 (19)
                              [N9:P] TPOS 'E' 255 231 91 99 (-1615005)
2026-01-14 15:10:33:405 [OUT] 25 A5 01 09 31 05 81 FF FF D9 C8 60 BE (13)
                              [N9:P] TPOS 255 255 217 200 (-9784)
2026-01-14 15:10:33:591 [IN ] C8 24 09 0E 25 A5 09 01 31 06 81 53 FF E7 5B 67 BD 88 01 (19)
                              [N9:P] TPOS 'S' 255 231 91 103 (-1615001)
2026-01-14 15:10:38:004 [IN ] C8 24 06 0E 25 A5 06 01 31 06 81 45 00 19 85 CE 70 79 01 (19)
                              [N6:H] TPOS 'E' 0 25 133 206 (1672654)
2026-01-14 15:10:38:430 [OUT] 25 A5 01 06 31 05 81 00 0D 03 C1 8F 21 (13)
                              [N6:H] TPOS 0 13 3 193 (852929)
2026-01-14 15:10:38:616 [IN ] C8 24 06 0E 25 A5 06 01 31 06 81 53 00 19 85 CC 7C BD 01 (19)
                              [N6:H] TPOS 'S' 0 25 133 204 (1672652)
2026-01-14 15:10:41:427 [IN ] C8 24 03 0E 25 A5 03 01 31 06 81 45 FF FD 50 62 AF 2D 01 (19)
                              [N3:X] TPOS 'E' 255 253 80 98 (-176030)
2026-01-14 15:10:42:632 [IN ] C8 24 09 0E 25 A5 09 01 31 06 81 45 FF FF DB B3 93 D6 01 C8 24 06 0E 25 A5 06 01 31 06 81 45 00 0C FF DB EA 53 01 (38)
                              [N9:P] TPOS 'E' 255 255 219 179 (-9293)
                              [N6:H] TPOS 'E' 0 12 255 219 (851931)
2026-01-14 15:10:42:856 [OUT] 25 A5 01 05 31 02 D8 3F 50 D8 (10)
                              [N5:V] INTERRUPT '?'
2026-01-14 15:10:43:157 [IN ] C8 24 05 0C 25 A5 05 01 31 04 D8 3A 01 01 4F 7A EA (17)
                              [N5:V] INTERRUPT ':' 1 1 (257)
2026-01-14 15:10:43:178 [OUT] 25 A5 01 05 31 03 C9 3D 0B 4B 06 (11)
                              [N5:V] LFLAG '=' 11 (11)
2026-01-14 15:10:43:200 [OUT] 25 A5 01 08 31 02 D8 3F 53 E7 (10)
                              [N8:R] INTERRUPT '?'
2026-01-14 15:10:43:501 [IN ] C8 24 05 0B 25 A5 05 01 31 03 C9 3A 0B 48 04 7A C8 24 08 0C 25 A5 08 01 31 04 D8 3A 01 01 52 92 EA (33)
                              [N5:V] LFLAG ':' 11 (11)
                              [N8:R] INTERRUPT ':' 1 1 (257)
2026-01-14 15:10:43:523 [OUT] 25 A5 01 05 31 03 88 FF B0 71 6C (11)
                              [N5:V] RUN 255 176 (-80)
2026-01-14 15:10:43:544 [OUT] 25 A5 01 08 31 03 CA 3D 0B 4F 1B (11)
                              [N8:R] RFLAG '=' 11 (11)
2026-01-14 15:10:43:689 [IN ] C8 24 05 0C 25 A5 05 01 31 04 88 53 FF B0 C5 30 EA (17)
                              [N5:V] RUN 'S' 255 176 (-80)
2026-01-14 15:10:43:797 [IN ] C8 24 08 0B 25 A5 08 01 31 03 CA 3A 0B 4C 1C 30 (16)
                              [N8:R] RFLAG ':' 11 (11)
2026-01-14 15:10:43:819 [OUT] 25 A5 01 08 31 03 88 00 50 15 20 (11)
                              [N8:R] RUN 0 80 (80)
2026-01-14 15:10:43:986 [IN ] C8 24 08 0C 25 A5 08 01 31 04 88 53 00 50 69 EA EA (17)
                              [N8:R] RUN 'S' 0 80 (80)
2026-01-14 15:10:48:603 [IN ] C8 24 05 0B 25 A5 05 01 31 03 81 5A 4C 61 AD EA (16)
                              [N5:V] TPOS 'Z' 76 (76)
2026-01-14 15:10:48:805 [IN ] C8 24 05 0A 25 A5 05 01 31 02 81 49 03 38 AD (15)
                              [N5:V] TPOS 'I'
2026-01-14 15:10:49:007 [IN ] C8 24 07 0E 25 A5 07 01 31 06 81 45 FF AB 14 D2 95 57 01 (19)
                              [N7:N] TPOS 'E' 255 171 20 210 (-5565230)
2026-01-14 15:10:49:028 [OUT] 25 A5 01 05 31 03 C9 3D 09 49 04 (11)
                              [N5:V] LFLAG '=' 9 (9)
2026-01-14 15:10:49:073 [OUT] 25 A5 01 07 31 05 81 FF F3 35 BF A5 39 (13)
                              [N7:N] TPOS 255 243 53 191 (-838209)
2026-01-14 15:10:49:199 [IN ] C8 24 05 0B 25 A5 05 01 31 03 C9 3A 09 46 02 D2 (16)
                              [N5:V] LFLAG ':' 9 (9)
2026-01-14 15:10:49:221 [OUT] 25 A5 01 05 31 03 84 00 50 0E 02 (11)
                              [N5:V] VEL 0 80 (80)
2026-01-14 15:10:49:325 [IN ] C8 24 07 0E 25 A5 07 01 31 06 81 53 FF AB 14 D3 A4 9E 01 (19)
                              [N7:N] TPOS 'S' 255 171 20 211 (-5565229)
2026-01-14 15:10:49:449 [IN ] C8 24 05 0C 25 A5 05 01 31 04 84 53 00 50 62 C2 A4 (17)
                              [N5:V] VEL 'S' 0 80 (80)
2026-01-14 15:10:49:471 [OUT] 25 A5 01 05 31 05 81 00 19 82 3C 94 B6 (13)
                              [N5:V] TPOS 0 25 130 60 (1671740)
2026-01-14 15:10:49:658 [IN ] C8 24 05 0E 25 A5 05 01 31 06 81 53 FF FF FF FF 0D 88 01 (19)
                              [N5:V] TPOS 'S' 255 255 255 255 (-1)
2026-01-14 15:10:50:263 [IN ] C8 24 0C (3)
2026-01-14 15:10:50:465 [IN ] 0E 25 A5 0C 01 31 06 81 45 FF BC CD 62 F4 BE 01 (16)
                              [N12:Z] TPOS 'E' 255 188 205 98 (-4403870)
2026-01-14 15:10:50:890 [OUT] 25 A5 01 0C 31 05 81 FF D1 1A 67 15 6D (13)
                              [N12:Z] TPOS 255 209 26 103 (-3073433)
2026-01-14 15:10:51:016 [IN ] C8 24 08 0B 25 A5 08 01 31 03 81 5A 52 6A C8 62 (16)
                              [N8:R] TPOS 'Z' 82 (82)
2026-01-14 15:10:51:061 [IN ] C8 24 08 0A 25 A5 08 01 31 02 81 49 06 4A C8 (15)
                              [N8:R] TPOS 'I'
2026-01-14 15:10:51:084 [IN ] C8 24 0C 0E 25 A5 0C 01 31 06 81 53 FF BC CD 8E 2E 30 01 (19)
                              [N12:Z] TPOS 'S' 255 188 205 142 (-4403826)
2026-01-14 15:10:51:104 [OUT] 25 A5 01 08 31 03 CA 3D 09 4D 19 (11)
                              [N8:R] RFLAG '=' 9 (9)
2026-01-14 15:10:51:271 [IN ] C8 24 08 0B 25 A5 08 01 31 03 CA 3A 09 4A 1A 8E (16)
                              [N8:R] RFLAG ':' 9 (9)
2026-01-14 15:10:51:292 [OUT] 25 A5 01 08 31 05 81 FF DC 77 1D 2F DE (13)
                              [N8:R] TPOS 255 220 119 29 (-2328803)
2026-01-14 15:10:51:498 [IN ] C8 24 08 0E 25 A5 08 01 31 06 81 53 FF FF FF CE DF 75 01 (19)
                              [N8:R] TPOS 'S' 255 255 255 206 (-50)
2026-01-14 15:10:57:717 [IN ] C8 24 05 0E 25 A5 05 01 31 06 81 45 00 19 86 57 F9 FA 01 (19)
                              [N5:V] TPOS 'E' 0 25 134 87 (1672791)
2026-01-14 15:10:57:920 [IN ] C8 24 0C 0E 25 A5 0C 01 31 06 81 45 FF D1 1C B0 A6 E9 01 (19)
                              [N12:Z] TPOS 'E' 255 209 28 176 (-3072848)
2026-01-14 15:10:58:143 [OUT] 25 A5 01 05 31 05 81 00 0D 03 C1 8E 19 (13)
                              [N5:V] TPOS 0 13 3 193 (852929)
2026-01-14 15:10:58:351 [IN ] C8 24 05 0E 25 A5 05 01 31 06 81 53 00 19 86 56 06 3F 01 (19)
                              [N5:V] TPOS 'S' 0 25 134 86 (1672790)
2026-01-14 15:11:03:563 [IN ] C8 24 05 0E 25 A5 05 01 31 06 81 45 00 0D 02 13 25 8A 01 (19)
                              [N5:V] TPOS 'E' 0 13 2 19 (852499)
2026-01-14 15:11:03:786 [OUT] 25 A5 01 03 31 05 81 FF ED B1 30 88 70 (13)
                              [N3:X] TPOS 255 237 177 48 (-1199824)
2026-01-14 15:11:03:809 [OUT] 25 A5 01 04 31 05 81 FF F3 BD 0C 77 7E (13)
                              [N4:Y] TPOS 255 243 189 12 (-803572)
2026-01-14 15:11:03:974 [IN ] C8 24 03 0E 25 A5 03 01 31 06 81 53 FF FD 50 62 BD 73 01 (19)
                              [N3:X] TPOS 'S' 255 253 80 98 (-176030)
2026-01-14 15:11:04:098 [IN ] C8 24 04 0E 25 A5 04 01 31 06 81 53 FF FD 4F F2 4D 0B 01 (19)
                              [N4:Y] TPOS 'S' 255 253 79 242 (-176142)
2026-01-14 15:11:04:903 [IN ] C8 24 08 0E 25 A5 08 01 31 06 81 45 FF DC 75 2F 85 13 01 (19)
                              [N8:R] TPOS 'E' 255 220 117 47 (-2329297)
2026-01-14 15:11:05:328 [OUT] 25 A5 01 08 31 05 81 FF EE 15 56 18 89 (13)
                              [N8:R] TPOS 255 238 21 86 (-1174186)
2026-01-14 15:11:05:514 [IN ] C8 24 08 0E 25 A5 08 01 31 06 81 53 FF DC 75 34 98 5E 01 (19)
                              [N8:R] TPOS 'S' 255 220 117 52 (-2329292)
2026-01-14 15:11:07:520 [IN ] C8 24 04 0E 25 A5 04 01 31 06 81 45 FF F3 BA 4F FD DA 01 (19)
                              [N4:Y] TPOS 'E' 255 243 186 79 (-804273)
2026-01-14 15:11:09:529 [IN ] C8 24 03 0E 25 A5 03 01 31 06 81 45 FF ED AE 70 0B C7 01 (19)
                              [N3:X] TPOS 'E' 255 237 174 112 (-1200528)
2026-01-14 15:11:10:132 [IN ] C8 24 07 0E 25 A5 07 01 31 06 81 45 FF F3 3A CA FB 73 01 (19)
                              [N7:N] TPOS 'E' 255 243 58 202 (-836918)
2026-01-14 15:11:12:340 [IN ] C8 24 08 0E 25 A5 08 01 31 06 81 45 FF EE 17 44 4E A2 01 (19)
                              [N8:R] TPOS 'E' 255 238 23 68 (-1173692)
