2026-01-14 14:09:15:611 [OUT] 25 A5 01 0A 31 05 D6 3D FF 00 00 53 ED (13)
                              [N10:HMI] HMILED '=' 255 0 0 (16711680)
2026-01-14 14:09:15:634 [OUT] 25 A5 01 03 31 02 D8 3F 4E CE (10)
                              [N3:X] INTERRUPT '?'
2026-01-14 14:09:15:935 [IN ] C8 24 0A 0D 25 A5 0A 01 31 05 D6 3A FF 00 00 50 EA 94 C8 24 03 0C 25 A5 03 01 31 04 D8 3A 01 01 4D 6A EA (35)
                              [N10:HMI] HMILED ':' 255 0 0 (16711680)
                              [N3:X] INTERRUPT ':' 1 1 (257)
2026-01-14 14:09:15:956 [OUT] 25 A5 01 09 31 03 C9 3D 09 4D 1C (11)
                              [N9:P] LFLAG '=' 9 (9)
2026-01-14 14:09:15:979 [OUT] 25 A5 01 04 31 02 D8 3F 4F D3 (10)
                              [N4:Y] INTERRUPT '?'
2026-01-14 14:09:16:280 [IN ] C8 24 09 0B 25 A5 09 01 31 03 C9 3A 09 4A 1E 6A C8 24 04 0C 25 A5 04 01 31 04 D8 3A 01 01 4E 72 EA (33)
                              [N9:P] LFLAG ':' 9 (9)
                              [N4:Y] INTERRUPT ':' 1 1 (257)
2026-01-14 14:09:16:301 [OUT] 25 A5 01 09 31 03 CA 3D 09 4E 1F (11)
                              [N9:P] RFLAG '=' 9 (9)
2026-01-14 14:09:16:322 [OUT] 25 A5 01 0C 31 02 D8 3F 57 FB (10)
                              [N12:Z] INTERRUPT '?'
2026-01-14 14:09:16:623 [IN ] C8 24 09 0B 25 A5 09 01 31 03 CA 3A 09 4B 21 72 C8 24 0C 0C 25 A5 0C 01 31 04 D8 3A 01 01 56 B2 EA (33)
                              [N9:P] RFLAG ':' 9 (9)
                              [N12:Z] INTERRUPT ':' 1 1 (257)
2026-01-14 14:09:16:645 [OUT] 25 A5 01 08 31 03 C9 3D 09 4C 16 (11)
                              [N8:R] LFLAG '=' 9 (9)
2026-01-14 14:09:16:668 [OUT] 25 A5 01 03 31 03 C9 3D 0B 49 FA (11)
                              [N3:X] LFLAG '=' 11 (11)
2026-01-14 14:09:16:690 [OUT] 25 A5 01 04 31 03 C9 3D 0B 4A 00 (11)
                              [N4:Y] LFLAG '=' 11 (11)
2026-01-14 14:09:16:714 [OUT] 25 A5 01 0C 31 03 C9 3D 0B 52 30 (11)
                              [N12:Z] LFLAG '=' 11 (11)
2026-01-14 14:09:16:819 [IN ] C8 24 08 0B 25 A5 08 01 31 03 C9 3A 09 49 17 B2 (16)
                              [N8:R] LFLAG ':' 9 (9)
2026-01-14 14:09:16:840 [OUT] 25 A5 01 08 31 03 CA 3D 09 4D 19 (11)
                              [N8:R] RFLAG '=' 9 (9)
2026-01-14 14:09:16:922 [IN ] C8 24 03 0B 25 A5 03 01 31 03 C9 3A 0B 46 F6 B2 (16)
                              [N3:X] LFLAG ':' 11 (11)
2026-01-14 14:09:16:946 [OUT] 25 A5 01 03 31 03 88 00 50 10 02 (11)
                              [N3:X] RUN 0 80 (80)
2026-01-14 14:09:17:030 [IN ] C8 24 04 0B 25 A5 04 01 31 03 C9 3A 0B 47 FD B2 (16)
                              [N4:Y] LFLAG ':' 11 (11)
2026-01-14 14:09:17:053 [OUT] 25 A5 01 04 31 03 88 00 50 11 08 (11)
                              [N4:Y] RUN 0 80 (80)
2026-01-14 14:09:17:139 [IN ] C8 24 0C 0B 25 A5 0C 01 31 03 C9 3A 0B 4F 35 B2 (16)
                              [N12:Z] LFLAG ':' 11 (11)
2026-01-14 14:09:17:161 [OUT] 25 A5 01 0C 31 03 88 00 50 19 38 (11)
                              [N12:Z] RUN 0 80 (80)
2026-01-14 14:09:17:266 [IN ] C8 24 08 0B 25 A5 08 01 31 03 CA 3A 09 4A 1A B2 (16)
                              [N8:R] RFLAG ':' 9 (9)
2026-01-14 14:09:17:371 [IN ] C8 24 03 0C 25 A5 03 01 31 04 88 53 00 50 64 C2 EA (17)
                              [N3:X] RUN 'S' 0 80 (80)
2026-01-14 14:09:17:475 [IN ] C8 24 04 0C 25 A5 04 01 31 04 88 53 00 50 65 CA EA (17)
                              [N4:Y] RUN 'S' 0 80 (80)
2026-01-14 14:09:17:578 [IN ] C8 24 0C 0C 25 A5 0C 01 31 04 88 53 00 50 6D 0A EA (17)
                              [N12:Z] RUN 'S' 0 80 (80)
2026-01-14 14:09:23:998 [IN ] C8 24 04 0B 25 A5 04 01 31 03 81 5A 4C 60 A6 0A C8 24 04 0A 25 A5 04 01 31 02 81 49 02 32 A6 (31)
                              [N4:Y] TPOS 'Z' 76 (76)
                              [N4:Y] TPOS 'I'
2026-01-14 14:09:24:226 [OUT] 25 A5 01 09 31 02 D8 3F 54 EC (10)
                              [N9:P] INTERRUPT '?'
2026-01-14 14:09:24:527 [IN ] C8 24 09 0C 25 A5 09 01 31 04 D8 3A 01 01 53 9A EA (17)
                              [N9:P] INTERRUPT ':' 1 1 (257)
2026-01-14 14:09:24:549 [OUT] 25 A5 01 04 31 03 C9 3D 09 48 FE (11)
                              [N4:Y] LFLAG '=' 9 (9)
2026-01-14 14:09:24:570 [OUT] 25 A5 01 07 31 02 D8 3F 52 E2 (10)
                              [N7:N] INTERRUPT '?'
2026-01-14 14:09:24:872 [IN ] C8 24 04 0B 25 A5 04 01 31 03 C9 3A 09 45 FB 9A C8 24 07 0C 25 A5 07 01 31 04 D8 3A 01 01 51 8A EA (33)
                              [N4:Y] LFLAG ':' 9 (9)
                              [N7:N] INTERRUPT ':' 1 1 (257)
2026-01-14 14:09:24:893 [OUT] 25 A5 01 09 31 03 C9 3D 0B 4F 1E (11)
                              [N9:P] LFLAG '=' 11 (11)
2026-01-14 14:09:24:915 [OUT] 25 A5 01 07 31 03 C9 3D 0B 4D 12 (11)
                              [N7:N] LFLAG '=' 11 (11)
2026-01-14 14:09:25:062 [IN ] C8 24 09 0B 25 A5 09 01 31 03 C9 3A 0B 4C 20 8A (16)
                              [N9:P] LFLAG ':' 11 (11)
2026-01-14 14:09:25:087 [OUT] 25 A5 01 09 31 03 88 00 50 16 26 (11)
                              [N9:P] RUN 0 80 (80)
2026-01-14 14:09:25:150 [IN ] C8 24 07 0B 25 A5 07 01 31 03 C9 3A (12)
2026-01-14 14:09:25:172 [IN ] 0B 4A 12 8A (4)
                              [N7:N] LFLAG ':' 11 (11)
2026-01-14 14:09:25:195 [OUT] 25 A5 01 07 31 03 88 00 50 14 1A (11)
                              [N7:N] RUN 0 80 (80)
2026-01-14 14:09:25:280 [IN ] C8 24 09 0C 25 A5 09 01 31 04 88 53 00 50 6A F2 EA (17)
                              [N9:P] RUN 'S' 0 80 (80)
2026-01-14 14:09:25:325 [IN ] C8 24 09 0B 25 A5 09 01 31 03 81 5A 4C 65 C9 F2 (16)
                              [N9:P] TPOS 'Z' 76 (76)
2026-01-14 14:09:25:369 [IN ] C8 24 07 0C 25 A5 07 01 31 04 88 53 00 50 68 E2 EA C8 24 09 0A 25 A5 09 01 31 02 81 49 07 50 68 (32)
                              [N7:N] RUN 'S' 0 80 (80)
                              [N9:P] TPOS 'I'
2026-01-14 14:09:25:593 [OUT] 25 A5 01 09 31 03 C9 3D 09 4D 1C (11)
                              [N9:P] LFLAG '=' 9 (9)
2026-01-14 14:09:25:614 [OUT] 25 A5 01 04 31 05 81 FF EE 88 01 32 FA (13)
                              [N4:Y] TPOS 255 238 136 1 (-1144831)
2026-01-14 14:09:25:760 [IN ] C8 24 09 0B 25 A5 09 01 31 03 C9 3A 09 4A 1E E2 (16)
                              [N9:P] LFLAG ':' 9 (9)
2026-01-14 14:09:25:886 [IN ] C8 24 04 0E 25 A5 04 01 31 06 81 53 00 00 00 00 10 88 01 (19)
                              [N4:Y] TPOS 'S' 0 0 0 0 (0)
2026-01-14 14:09:27:094 [IN ] C8 24 03 0B 25 A5 03 01 31 03 81 5A 4C 5F 9F 00 C8 24 03 0A 25 A5 03 01 31 02 81 49 01 2C 9F (31)
                              [N3:X] TPOS 'Z' 76 (76)
                              [N3:X] TPOS 'I'
2026-01-14 14:09:27:319 [OUT] 25 A5 01 03 31 03 C9 3D 09 47 F8 (11)
                              [N3:X] LFLAG '=' 9 (9)
2026-01-14 14:09:27:485 [IN ] C8 24 03 0B 25 A5 03 01 31 03 C9 3A 09 44 F4 00 (16)
                              [N3:X] LFLAG ':' 9 (9)
2026-01-14 14:09:29:093 [IN ] C8 24 07 0B 25 A5 07 01 31 03 81 5A 4C 63 BB 00 (16)
                              [N7:N] TPOS 'Z' 76 (76)
2026-01-14 14:09:29:295 [IN ] C8 24 07 0A 25 A5 07 01 31 02 81 49 05 44 BB (15)
                              [N7:N] TPOS 'I'
2026-01-14 14:09:29:518 [OUT] 25 A5 01 07 31 03 C9 3D 09 4B 10 (11)
                              [N7:N] LFLAG '=' 9 (9)
2026-01-14 14:09:29:682 [IN ] C8 24 07 0B 25 A5 07 01 31 03 C9 3A 09 48 10 00 (16)
                              [N7:N] LFLAG ':' 9 (9)
2026-01-14 14:09:32:090 [IN ] C8 24 04 0E 25 A5 04 01 31 06 81 45 FF EE 85 AD 21 BF 01 (19)
                              [N4:Y] TPOS 'E' 255 238 133 173 (-1145427)
2026-01-14 14:09:32:314 [OUT] 25 A5 01 09 31 05 81 FF E7 5D 56 5A 0C (13)
                              [N9:P] TPOS 255 231 93 86 (-1614506)
2026-01-14 14:09:32:337 [OUT] 25 A5 01 04 31 05 81 FF FD 50 01 09 B7 (13)
                              [N4:Y] TPOS 255 253 80 1 (-176127)
2026-01-14 14:09:32:359 [OUT] 25 A5 01 07 31 05 81 FF AB 19 75 F7 DF (13)
                              [N7:N] TPOS 255 171 25 117 (-5564043)
2026-01-14 14:09:32:382 [OUT] 25 A5 01 03 31 05 81 FF EC 4A AB 9B 1A (13)
                              [N3:X] TPOS 255 236 74 171 (-1291605)
2026-01-14 14:09:32:405 [OUT] 25 A5 01 06 31 02 D8 3F 51 DD (10)
                              [N6:H] INTERRUPT '?'
2026-01-14 14:09:32:706 [IN ] C8 24 09 0E 25 A5 09 01 31 06 81 53 FF FF FF F8 0A A9 01 C8 24 04 0E 25 A5 04 01 31 06 81 53 FF EE 85 AD 2F 05 01 (38)
                              [N9:P] TPOS 'S' 255 255 255 248 (-8)
                              [N4:Y] TPOS 'S' 255 238 133 173 (-1145427)
2026-01-14 14:09:33:007 [IN ] C8 24 07 0E 25 A5 07 01 31 06 81 53 FF FF FF ED FD 8A 01 C8 24 03 0E 25 A5 03 01 31 06 81 53 00 00 00 00 0F 7E 01 C8 24 06 0C 25 A5 06 01 31 04 D8 3A 01 01 50 82 0F (55)
                              [N7:N] TPOS 'S' 255 255 255 237 (-19)
                              [N3:X] TPOS 'S' 0 0 0 0 (0)
                              [N6:H] INTERRUPT ':' 1 1 (257)
2026-01-14 14:09:33:029 [OUT] 25 A5 01 06 31 03 C9 3D 0B 4C 0C (11)
                              [N6:H] LFLAG '=' 11 (11)
2026-01-14 14:09:33:196 [IN ] C8 24 06 0B 25 A5 06 01 31 03 C9 3A 0B 49 0B 82 (16)
                              [N6:H] LFLAG ':' 11 (11)
2026-01-14 14:09:33:217 [OUT] 25 A5 01 06 31 03 88 FF B0 72 72 (11)
                              [N6:H] RUN 255 176 (-80)
2026-01-14 14:09:33:403 [IN ] C8 24 06 0C 25 A5 06 01 31 04 88 53 FF B0 C6 38 0F (17)
                              [N6:H] RUN 'S' 255 176 (-80)
2026-01-14 14:09:33:807 [IN ] C8 24 (2)
2026-01-14 14:09:34:009 [IN ] 0C 0B 25 A5 0C 01 31 03 81 5A 4C 68 DE 38 C8 24 0C 0A 25 A5 0C 01 31 02 81 49 0A 62 DE (29)
                              [N12:Z] TPOS 'Z' 76 (76)
                              [N12:Z] TPOS 'I'
2026-01-14 14:09:34:231 [OUT] 25 A5 01 0C 31 03 C9 3D 09 50 2E (11)
                              [N12:Z] LFLAG '=' 9 (9)
2026-01-14 14:09:34:398 [IN ] C8 24 0C 0B 25 A5 0C 01 31 03 C9 3A 09 4D 33 38 (16)
                              [N12:Z] LFLAG ':' 9 (9)
2026-01-14 14:09:34:419 [OUT] 25 A5 01 0C 31 05 81 FF BC D0 00 4F 33 (13)
                              [N12:Z] TPOS 255 188 208 0 (-4403200)
2026-01-14 14:09:34:606 [IN ] C8 24 0C 0E 25 A5 0C 01 31 06 81 53 FF FF FF 1E 33 ED 01 (19)
                              [N12:Z] TPOS 'S' 255 255 255 30 (-226)
2026-01-14 14:09:37:417 [IN ] C8 24 06 0B 25 A5 06 01 31 03 81 5A 4C 62 B4 1E C8 24 06 0A 25 A5 06 01 31 02 81 49 04 3E B4 (31)
                              [N6:H] TPOS 'Z' 76 (76)
                              [N6:H] TPOS 'I'
2026-01-14 14:09:37:639 [OUT] 25 A5 01 06 31 03 C9 3D 09 4A 0A (11)
                              [N6:H] LFLAG '=' 9 (9)
2026-01-14 14:09:37:805 [IN ] C8 24 06 0B 25 A5 06 01 31 03 C9 3A 09 47 09 1E (16)
                              [N6:H] LFLAG ':' 9 (9)
2026-01-14 14:09:37:827 [OUT] 25 A5 01 06 31 03 84 00 50 0F 08 (11)
                              [N6:H] VEL 0 80 (80)
2026-01-14 14:09:37:992 [IN ] C8 24 06 0C 25 A5 06 01 31 04 84 53 00 50 63 CA 33 (17)
                              [N6:H] VEL 'S' 0 80 (80)
2026-01-14 14:09:38:015 [OUT] 25 A5 01 06 31 05 81 00 19 82 3C 95 BE (13)
                              [N6:H] TPOS 0 25 130 60 (1671740)
2026-01-14 14:09:38:202 [IN ] C8 24 06 0E 25 A5 06 01 31 06 81 53 00 00 00 07 19 A3 01 (19)
                              [N6:H] TPOS 'S' 0 0 0 7 (7)
2026-01-14 14:09:39:808 [IN ] C8 24 03 0E 25 A5 03 01 31 06 81 45 FF EC 48 3C 70 C4 01 (19)
                              [N3:X] TPOS 'E' 255 236 72 60 (-1292228)
2026-01-14 14:09:40:232 [OUT] 25 A5 01 03 31 05 81 FF FD 50 01 08 AF (13)
                              [N3:X] TPOS 255 253 80 1 (-176127)
2026-01-14 14:09:40:420 [IN ] C8 24 03 0E 25 A5 03 01 31 06 81 53 FF EC 48 3C 7E 0A 01 (19)
                              [N3:X] TPOS 'S' 255 236 72 60 (-1292228)
2026-01-14 14:09:40:822 [IN ] C8 24 04 0E 25 A5 04 01 31 06 81 45 FF FD 4F E6 33 B9 01 (19)
                              [N4:Y] TPOS 'E' 255 253 79 230 (-176154)
2026-01-14 14:09:41:425 [IN ] C8 24 09 0E 25 A5 09 01 31 06 81 45 FF E7 5B 22 6A FD 01 (19)
                              [N9:P] TPOS 'E' 255 231 91 34 (-1615070)
2026-01-14 14:09:41:849 [OUT] 25 A5 01 09 31 05 81 FF FF D9 C8 60 BE (13)
                              [N9:P] TPOS 255 255 217 200 (-9784)
2026-01-14 14:09:42:038 [IN ] C8 24 09 0E 25 A5 09 01 31 06 81 53 FF E7 5B 29 7F (17)
2026-01-14 14:09:42:060 [IN ] 4A 01 (2)
                              [N9:P] TPOS 'S' 255 231 91 41 (-1615063)
2026-01-14 14:09:46:475 [IN ] C8 24 06 0E 25 A5 06 01 31 06 81 45 00 19 85 F0 92 9B 01 (19)
                              [N6:H] TPOS 'E' 0 25 133 240 (1672688)
2026-01-14 14:09:46:899 [OUT] 25 A5 01 06 31 05 81 00 0D 03 C1 8F 21 (13)
                              [N6:H] TPOS 0 13 3 193 (852929)
2026-01-14 14:09:47:064 [IN ] C8 24 06 0E 25 A5 06 01 31 06 81 53 00 19 85 EF 9F E0 01 (19)
                              [N6:H] TPOS 'S' 0 25 133 239 (1672687)
2026-01-14 14:09:49:873 [IN ] C8 24 03 0E 25 A5 03 01 31 06 81 45 FF FD 50 6B B8 36 01 (19)
                              [N3:X] TPOS 'E' 255 253 80 107 (-176021)
2026-01-14 14:09:51:079 [IN ] C8 24 09 0E 25 A5 09 01 31 06 81 45 FF FF DC 04 E5 29 01 C8 24 06 0E 25 A5 06 01 31 06 81 45 00 0C FF DC EB 54 01 (38)
                              [N9:P] TPOS 'E' 255 255 220 4 (-9212)
                              [N6:H] TPOS 'E' 0 12 255 220 (851932)
2026-01-14 14:09:51:303 [OUT] 25 A5 01 05 31 02 D8 3F 50 D8 (10)
                              [N5:V] INTERRUPT '?'
2026-01-14 14:09:51:605 [IN ] C8 24 05 0C 25 A5 05 01 31 04 D8 3A 01 01 4F 7A EB (17)
                              [N5:V] INTERRUPT ':' 1 1 (257)
2026-01-14 14:09:51:626 [OUT] 25 A5 01 05 31 03 C9 3D 0B 4B 06 (11)
                              [N5:V] LFLAG '=' 11 (11)
2026-01-14 14:09:51:648 [OUT] 25 A5 01 08 31 02 D8 3F 53 E7 (10)
                              [N8:R] INTERRUPT '?'
2026-01-14 14:09:51:950 [IN ] C8 24 05 0B 25 A5 05 01 31 03 C9 3A 0B 48 04 7A C8 24 08 0C 25 A5 08 01 31 04 D8 3A 01 01 52 92 EB (33)
                              [N5:V] LFLAG ':' 11 (11)
                              [N8:R] INTERRUPT ':' 1 1 (257)
2026-01-14 14:09:51:970 [OUT] 25 A5 01 05 31 03 88 FF B0 71 6C (11)
                              [N5:V] RUN 255 176 (-80)
2026-01-14 14:09:51:993 [OUT] 25 A5 01 08 31 03 CA 3D 0B 4F 1B (11)
                              [N8:R] RFLAG '=' 11 (11)
2026-01-14 14:09:52:117 [IN ] C8 24 05 0C 25 A5 05 01 31 04 88 53 FF B0 C5 30 EB (17)
                              [N5:V] RUN 'S' 255 176 (-80)
2026-01-14 14:09:52:242 [IN ] C8 24 08 0B 25 A5 08 01 31 03 CA 3A 0B 4C 1C 30 (16)
                              [N8:R] RFLAG ':' 11 (11)
2026-01-14 14:09:52:264 [OUT] 25 A5 01 08 31 03 88 00 50 15 20 (11)
                              [N8:R] RUN 0 80 (80)
2026-01-14 14:09:52:450 [IN ] C8 24 08 0C 25 A5 08 01 31 04 88 53 00 50 69 EA EB (17)
                              [N8:R] RUN 'S' 0 80 (80)
2026-01-14 14:09:57:066 [IN ] C8 24 05 0B 25 A5 05 01 31 03 81 5A 4C 61 AD EA C8 24 05 0A 25 A5 05 01 31 02 81 49 03 38 AD (31)
                              [N5:V] TPOS 'Z' 76 (76)
                              [N5:V] TPOS 'I'
2026-01-14 14:09:57:289 [OUT] 25 A5 01 05 31 03 C9 3D 09 49 04 (11)
                              [N5:V] LFLAG '=' 9 (9)
2026-01-14 14:09:57:373 [IN ] C8 24 07 0E 25 A5 07 01 31 06 81 45 FF AB 14 CC 8F 51 01 (19)
                              [N7:N] TPOS 'E' 255 171 20 204 (-5565236)
2026-01-14 14:09:57:436 [OUT] 25 A5 01 07 31 05 81 FF F3 35 BF A5 39 (13)
                              [N7:N] TPOS 255 243 53 191 (-838209)
2026-01-14 14:09:57:437 [IN ] C8 24 05 0B 25 A5 05 01 31 03 C9 3A 09 46 02 CC (16)
                              [N5:V] LFLAG ':' 9 (9)
2026-01-14 14:09:57:458 [OUT] 25 A5 01 05 31 03 84 00 50 0E 02 (11)
                              [N5:V] VEL 0 80 (80)
2026-01-14 14:09:57:623 [IN ] C8 24 07 0E 25 A5 07 01 31 06 81 53 FF AB 14 CD 9E 98 01 (19)
                              [N7:N] TPOS 'S' 255 171 20 205 (-5565235)
2026-01-14 14:09:57:726 [IN ] C8 24 05 0C 25 A5 05 01 31 04 84 53 (12)
2026-01-14 14:09:57:749 [IN ] 00 50 62 C2 9E (5)
                              [N5:V] VEL 'S' 0 80 (80)
2026-01-14 14:09:57:770 [OUT] 25 A5 01 05 31 05 81 00 19 82 3C 94 B6 (13)
                              [N5:V] TPOS 0 25 130 60 (1671740)
2026-01-14 14:09:57:955 [IN ] C8 24 05 0E 25 A5 05 01 31 06 81 53 00 00 00 00 11 92 01 (19)
                              [N5:V] TPOS 'S' 0 0 0 0 (0)
2026-01-14 14:09:58:358 [IN ] C8 24 0C 0E 25 A5 0C 01 31 06 81 45 FF BC CD 94 26 F0 01 (19)
                              [N12:Z] TPOS 'E' 255 188 205 148 (-4403820)
2026-01-14 14:09:58:782 [OUT] 25 A5 01 0C 31 05 81 FF D1 1A 67 15 6D (13)
                              [N12:Z] TPOS 255 209 26 103 (-3073433)
2026-01-14 14:09:58:968 [IN ] C8 24 0C 0E 25 A5 0C 01 31 06 81 53 FF BC CD B3 53 55 01 (19)
                              [N12:Z] TPOS 'S' 255 188 205 179 (-4403789)
2026-01-14 14:09:59:573 [IN ] C8 24 08 0B 25 A5 08 01 31 03 81 5A 52 6A C8 B3 C8 24 08 0A 25 A5 08 01 31 02 81 49 06 4A C8 (31)
                              [N8:R] TPOS 'Z' 82 (82)
                              [N8:R] TPOS 'I'
2026-01-14 14:09:59:795 [OUT] 25 A5 01 08 31 03 CA 3D 09 4D 19 (11)
                              [N8:R] RFLAG '=' 9 (9)
2026-01-14 14:09:59:962 [IN ] C8 24 08 0B 25 A5 08 01 31 03 CA 3A 09 4A 1A B3 (16)
                              [N8:R] RFLAG ':' 9 (9)
2026-01-14 14:09:59:984 [OUT] 25 A5 01 08 31 05 81 FF DC 77 1D 2F DE (13)
                              [N8:R] TPOS 255 220 119 29 (-2328803)
2026-01-14 14:10:00:170 [IN ] C8 24 08 0E 25 A5 08 01 31 06 81 53 FF FF FF CA DB 71 01 (19)
                              [N8:R] TPOS 'S' 255 255 255 202 (-54)
2026-01-14 14:10:05:787 [IN ] C8 24 0C 0E 25 A5 0C 01 31 06 81 45 FF D1 1C AA A0 E3 01 (19)
                              [N12:Z] TPOS 'E' 255 209 28 170 (-3072854)
2026-01-14 14:10:05:991 [IN ] C8 24 05 0E 25 A5 05 01 31 06 81 45 00 19 86 57 F9 FA 01 (19)
                              [N5:V] TPOS 'E' 0 25 134 87 (1672791)
2026-01-14 14:10:06:417 [OUT] 25 A5 01 05 31 05 81 00 0D 03 C1 8E 19 (13)
                              [N5:V] TPOS 0 13 3 193 (852929)
2026-01-14 14:10:06:604 [IN ] C8 24 05 0E 25 A5 05 01 31 06 81 53 00 19 86 57 07 40 01 (19)
                              [N5:V] TPOS 'S' 0 25 134 87 (1672791)
2026-01-14 14:10:11:819 [IN ] C8 24 05 0E 25 A5 05 01 31 06 81 45 00 0D 02 1B 2D 92 01 (19)
                              [N5:V] TPOS 'E' 0 13 2 27 (852507)
2026-01-14 14:10:12:045 [OUT] 25 A5 01 03 31 05 81 FF ED B1 30 88 70 (13)
                              [N3:X] TPOS 255 237 177 48 (-1199824)
2026-01-14 14:10:12:068 [OUT] 25 A5 01 04 31 05 81 FF F3 BD 0C 77 7E (13)
                              [N4:Y] TPOS 255 243 189 12 (-803572)
2026-01-14 14:10:12:232 [IN ] C8 24 03 0E 25 A5 03 01 31 06 81 53 FF FD 50 6B C6 7C 01 (19)
                              [N3:X] TPOS 'S' 255 253 80 107 (-176021)
2026-01-14 14:10:12:355 [IN ] C8 24 04 0E 25 A5 04 01 31 06 81 53 FF FD 4F E6 41 FF 01 (19)
                              [N4:Y] TPOS 'S' 255 253 79 230 (-176154)
2026-01-14 14:10:13:559 [IN ] C8 24 08 0E 25 A5 08 01 31 06 81 45 FF DC 74 C8 1D AA 01 (19)
                              [N8:R] TPOS 'E' 255 220 116 200 (-2329400)
2026-01-14 14:10:13:984 [OUT] 25 A5 01 08 31 05 81 FF EE 15 56 18 89 (13)
                              [N8:R] TPOS 255 238 21 86 (-1174186)
2026-01-14 14:10:14:169 [IN ] C8 24 08 0E 25 A5 08 01 31 06 81 53 FF DC 74 CB 2E F3 01 (19)
                              [N8:R] TPOS 'S' 255 220 116 203 (-2329397)
2026-01-14 14:10:15:773 [IN ] C8 24 04 0E 25 A5 04 01 31 06 81 45 FF F3 BA 5E 0C E9 01 (19)
                              [N4:Y] TPOS 'E' 255 243 186 94 (-804258)
2026-01-14 14:10:17:781 [IN ] C8 24 03 0E 25 A5 03 01 31 06 81 45 FF ED AE 6D 08 C4 01 (19)
                              [N3:X] TPOS 'E' 255 237 174 109 (-1200531)
2026-01-14 14:10:18:585 [IN ] C8 24 07 0E 25 A5 07 01 31 06 81 45 FF F3 3A B6 E7 5F 01 (19)
                              [N7:N] TPOS 'E' 255 243 58 182 (-836938)
2026-01-14 14:10:20:993 [IN ] C8 24 08 0E 25 A5 08 01 31 06 81 45 FF EE 17 12 1C 70 01 (19)
                              [N8:R] TPOS 'E' 255 238 23 18 (-1173742)
