2026-03-26 19:39:38:416 [OUT] 25 A5 01 0A 31 05 D6 3D FF 00 00 53 ED (13)
                              [N10:HMI] HMILED '=' 255 0 0 (16711680)
2026-03-26 19:39:38:439 [OUT] 25 A5 01 03 31 02 D8 3F 4E CE (10)
                              [N3:X] INTERRUPT '?'
2026-03-26 19:39:38:740 [IN ] C8 24 0A 0D 25 A5 0A 01 31 05 D6 3A FF 00 00 50 EA 63 C8 24 03 0C 25 A5 03 01 31 04 D8 3A 01 01 4D 6A EA (35)
                              [N10:HMI] HMILED ':' 255 0 0 (16711680)
                              [N3:X] INTERRUPT ':' 1 1 (257)
2026-03-26 19:39:38:761 [OUT] 25 A5 01 09 31 03 C9 3D 09 4D 1C (11)
                              [N9:P] LFLAG '=' 9 (9)
2026-03-26 19:39:38:783 [OUT] 25 A5 01 04 31 02 D8 3F 4F D3 (10)
                              [N4:Y] INTERRUPT '?'
2026-03-26 19:39:39:084 [IN ] C8 24 09 0B 25 A5 09 01 31 03 C9 3A 09 4A 1E 6A C8 24 04 0C 25 A5 04 01 31 04 D8 3A 01 01 4E 72 EA (33)
                              [N9:P] LFLAG ':' 9 (9)
                              [N4:Y] INTERRUPT ':' 1 1 (257)
2026-03-26 19:39:39:105 [OUT] 25 A5 01 09 31 03 CA 3D 09 4E 1F (11)
                              [N9:P] RFLAG '=' 9 (9)
2026-03-26 19:39:39:127 [OUT] 25 A5 01 0C 31 02 D8 3F 57 FB (10)
                              [N12:Z] INTERRUPT '?'
2026-03-26 19:39:39:428 [IN ] C8 24 0B 0A 25 A5 0B 01 31 02 DE 03 20 D0 4E C8 24 09 0B 25 A5 09 01 31 03 CA 3A 09 4B 21 72 C8 24 0C 0C 25 A5 0C 01 31 04 D8 3A 01 01 56 B2 EA (48)
                              [N11:NG] NGSWSTATE 3 (3)
                              [N9:P] RFLAG ':' 9 (9)
                              [N12:Z] INTERRUPT ':' 1 1 (257)
2026-03-26 19:39:39:449 [OUT] 25 A5 01 08 31 03 C9 3D 09 4C 16 (11)
                              [N8:R] LFLAG '=' 9 (9)
2026-03-26 19:39:39:470 [OUT] 25 A5 01 03 31 03 C9 3D 0B 49 FA (11)
                              [N3:X] LFLAG '=' 11 (11)
2026-03-26 19:39:39:492 [OUT] 25 A5 01 04 31 03 C9 3D 0B 4A 00 (11)
                              [N4:Y] LFLAG '=' 11 (11)
2026-03-26 19:39:39:515 [OUT] 25 A5 01 0C 31 03 C9 3D 0B 52 30 (11)
                              [N12:Z] LFLAG '=' 11 (11)
2026-03-26 19:39:39:618 [IN ] C8 24 08 0B 25 A5 08 01 31 03 C9 3A 09 49 17 B2 (16)
                              [N8:R] LFLAG ':' 9 (9)
2026-03-26 19:39:39:639 [OUT] 25 A5 01 08 31 03 CA 3D 09 4D 19 (11)
                              [N8:R] RFLAG '=' 9 (9)
2026-03-26 19:39:39:742 [IN ] C8 24 03 0B 25 A5 03 01 31 03 C9 3A 0B 46 F6 B2 (16)
                              [N3:X] LFLAG ':' 11 (11)
2026-03-26 19:39:39:763 [OUT] 25 A5 01 03 31 03 88 00 50 10 02 (11)
                              [N3:X] RUN 0 80 (80)
2026-03-26 19:39:39:826 [IN ] C8 24 04 0B 25 A5 04 01 31 03 C9 3A 0B 47 FD B2 (16)
                              [N4:Y] LFLAG ':' 11 (11)
2026-03-26 19:39:39:847 [OUT] 25 A5 01 04 31 03 88 00 50 11 08 (11)
                              [N4:Y] RUN 0 80 (80)
2026-03-26 19:39:39:951 [IN ] C8 24 0C 0B 25 A5 0C 01 31 03 C9 3A 0B 4F 35 B2 (16)
                              [N12:Z] LFLAG ':' 11 (11)
2026-03-26 19:39:39:972 [OUT] 25 A5 01 0C 31 03 88 00 50 19 38 (11)
                              [N12:Z] RUN 0 80 (80)
2026-03-26 19:39:40:076 [IN ] C8 24 08 0B 25 A5 08 01 31 03 CA 3A 09 4A 1A B2 (16)
                              [N8:R] RFLAG ':' 9 (9)
2026-03-26 19:39:40:178 [IN ] C8 24 03 0C 25 A5 03 01 31 04 88 53 00 50 64 C2 EA (17)
                              [N3:X] RUN 'S' 0 80 (80)
2026-03-26 19:39:40:199 [IN ] C8 24 0B 0A 25 A5 0B 01 31 02 DE 03 20 D0 64 (15)
                              [N11:NG] NGSWSTATE 3 (3)
2026-03-26 19:39:40:281 [IN ] C8 24 04 0C 25 A5 04 01 31 04 88 53 00 50 65 CA EA (17)
                              [N4:Y] RUN 'S' 0 80 (80)
2026-03-26 19:39:40:385 [IN ] C8 24 0C 0C 25 A5 0C 01 31 04 88 53 00 50 6D 0A EA (17)
                              [N12:Z] RUN 'S' 0 80 (80)
2026-03-26 19:39:41:388 [IN ] C8 24 0B 0A 25 A5 0B 01 31 02 DE 03 20 D0 6D (15)
                              [N11:NG] NGSWSTATE 3 (3)
2026-03-26 19:39:42:398 [IN ] C8 24 0B 0A 25 A5 0B 01 31 02 DE 03 20 D0 6D (15)
                              [N11:NG] NGSWSTATE 3 (3)
2026-03-26 19:39:43:403 [IN ] C8 24 0B 0A 25 A5 0B 01 31 02 DE 03 20 D0 6D (15)
                              [N11:NG] NGSWSTATE 3 (3)
2026-03-26 19:39:44:406 [IN ] C8 24 0B 0A 25 A5 0B 01 31 02 DE 03 20 D0 6D (15)
                              [N11:NG] NGSWSTATE 3 (3)
2026-03-26 19:39:45:409 [IN ] C8 24 0B 0A 25 A5 0B 01 31 02 DE 03 20 D0 6D (15)
                              [N11:NG] NGSWSTATE 3 (3)
2026-03-26 19:39:46:418 [IN ] C8 24 0B 0A 25 A5 0B 01 31 02 DE 03 20 D0 6D (15)
                              [N11:NG] NGSWSTATE 3 (3)
2026-03-26 19:39:47:022 [IN ] C8 24 04 0B 25 A5 04 01 31 03 81 5A 4C 60 A6 0A C8 24 04 0A 25 A5 04 01 31 02 81 49 02 32 A6 (31)
                              [N4:Y] TPOS 'Z' 76 (76)
                              [N4:Y] TPOS 'I'
2026-03-26 19:39:47:244 [OUT] 25 A5 01 09 31 02 D8 3F 54 EC (10)
                              [N9:P] INTERRUPT '?'
2026-03-26 19:39:47:546 [IN ] C8 24 0B 0A 25 A5 0B 01 31 02 DE 03 20 D0 A6 C8 24 09 0C 25 A5 09 01 31 04 D8 3A 01 01 53 9A EA (32)
                              [N11:NG] NGSWSTATE 3 (3)
                              [N9:P] INTERRUPT ':' 1 1 (257)
2026-03-26 19:39:47:567 [OUT] 25 A5 01 04 31 03 C9 3D 09 48 FE (11)
                              [N4:Y] LFLAG '=' 9 (9)
2026-03-26 19:39:47:589 [OUT] 25 A5 01 07 31 02 D8 3F 52 E2 (10)
                              [N7:N] INTERRUPT '?'
2026-03-26 19:39:47:892 [IN ] C8 24 04 0B 25 A5 04 01 31 03 C9 3A 09 45 FB 9A C8 24 07 0C 25 A5 07 01 31 04 D8 3A 01 01 51 8A EA (33)
                              [N4:Y] LFLAG ':' 9 (9)
                              [N7:N] INTERRUPT ':' 1 1 (257)
2026-03-26 19:39:47:913 [OUT] 25 A5 01 09 31 03 C9 3D 0B 4F 1E (11)
                              [N9:P] LFLAG '=' 11 (11)
2026-03-26 19:39:47:936 [OUT] 25 A5 01 07 31 03 C9 3D 0B 4D 12 (11)
                              [N7:N] LFLAG '=' 11 (11)
2026-03-26 19:39:48:102 [IN ] C8 24 09 0B 25 A5 09 01 31 03 C9 3A 0B 4C 20 8A (16)
                              [N9:P] LFLAG ':' 11 (11)
2026-03-26 19:39:48:124 [OUT] 25 A5 01 09 31 03 88 00 50 16 26 (11)
                              [N9:P] RUN 0 80 (80)
2026-03-26 19:39:48:186 [IN ] C8 24 07 0B 25 A5 07 01 31 03 C9 3A 0B 4A 12 8A (16)
                              [N7:N] LFLAG ':' 11 (11)
2026-03-26 19:39:48:207 [OUT] 25 A5 01 07 31 03 88 00 50 14 1A (11)
                              [N7:N] RUN 0 80 (80)
2026-03-26 19:39:48:269 [IN ] C8 24 0B 0A 25 A5 0B 01 31 02 DE 03 20 D0 12 (15)
                              [N11:NG] NGSWSTATE 3 (3)
2026-03-26 19:39:48:311 [IN ] C8 24 09 0C 25 A5 09 01 31 04 88 53 00 50 6A F2 EA (17)
                              [N9:P] RUN 'S' 0 80 (80)
2026-03-26 19:39:48:374 [IN ] C8 24 09 0B 25 A5 09 01 31 03 81 5A 4C 65 C9 F2 (16)
                              [N9:P] TPOS 'Z' 76 (76)
2026-03-26 19:39:48:418 [IN ] C8 24 07 0C 25 A5 07 01 31 04 88 53 00 50 68 E2 EA C8 24 09 0A 25 A5 09 01 31 02 81 49 07 50 68 (32)
                              [N7:N] RUN 'S' 0 80 (80)
                              [N9:P] TPOS 'I'
2026-03-26 19:39:48:642 [OUT] 25 A5 01 09 31 03 C9 3D 09 4D 1C (11)
                              [N9:P] LFLAG '=' 9 (9)
2026-03-26 19:39:48:664 [OUT] 25 A5 01 04 31 05 81 FF EE 88 01 32 FA (13)
                              [N4:Y] TPOS 255 238 136 1 (-1144831)
2026-03-26 19:39:48:807 [IN ] C8 24 09 0B 25 A5 09 01 31 03 C9 3A 09 4A 1E E2 (16)
                              [N9:P] LFLAG ':' 9 (9)
2026-03-26 19:39:48:930 [IN ] C8 24 04 0E 25 A5 04 01 31 06 81 53 00 00 00 00 10 88 F7 (19)
                              [N4:Y] TPOS 'S' 0 0 0 0 (0)
2026-03-26 19:39:49:332 [IN ] C8 24 0B 0A 25 A5 0B 01 31 02 DE 03 20 D0 00 (15)
                              [N11:NG] NGSWSTATE 3 (3)
2026-03-26 19:39:50:135 [IN ] C8 24 03 0B 25 A5 03 01 31 03 81 5A 4C 5F 9F 00 C8 24 03 0A 25 A5 03 01 31 02 81 49 01 2C 9F (31)
                              [N3:X] TPOS 'Z' 76 (76)
                              [N3:X] TPOS 'I'
2026-03-26 19:39:50:339 [IN ] C8 24 0B 0A 25 A5 0B 01 31 02 DE 03 20 D0 9F (15)
                              [N11:NG] NGSWSTATE 3 (3)
2026-03-26 19:39:50:360 [OUT] 25 A5 01 03 31 03 C9 3D 09 47 F8 (11)
                              [N3:X] LFLAG '=' 9 (9)
2026-03-26 19:39:50:524 [IN ] C8 24 03 0B 25 A5 03 01 31 03 C9 3A 09 44 F4 00 (16)
                              [N3:X] LFLAG ':' 9 (9)
2026-03-26 19:39:51:326 [IN ] C8 24 0B 0A 25 A5 0B 01 31 02 DE 03 20 D0 F4 (15)
                              [N11:NG] NGSWSTATE 3 (3)
2026-03-26 19:39:52:130 [IN ] C8 24 07 0B 25 A5 07 01 31 03 81 5A 4C 63 BB 00 (16)
                              [N7:N] TPOS 'Z' 76 (76)
2026-03-26 19:39:52:332 [IN ] C8 24 07 0A 25 A5 07 01 31 02 81 49 05 44 BB C8 24 0B 0A 25 A5 0B 01 31 02 DE 03 20 D0 BB (30)
                              [N7:N] TPOS 'I'
                              [N11:NG] NGSWSTATE 3 (3)
2026-03-26 19:39:52:536 [IN ] C8 24 0C 0B 25 A5 0C 01 31 03 81 5A 4C 68 DE 00 C8 24 0C 0A 25 A5 0C 01 31 02 81 49 0A 62 DE (31)
                              [N12:Z] TPOS 'Z' 76 (76)
                              [N12:Z] TPOS 'I'
2026-03-26 19:39:52:557 [OUT] 25 A5 01 07 31 03 C9 3D 09 4B 10 (11)
                              [N7:N] LFLAG '=' 9 (9)
2026-03-26 19:39:52:579 [OUT] 25 A5 01 0C 31 03 C9 3D 09 50 2E (11)
                              [N12:Z] LFLAG '=' 9 (9)
2026-03-26 19:39:52:723 [IN ] C8 24 07 0B 25 A5 07 01 31 03 C9 3A 09 48 10 00 (16)
                              [N7:N] LFLAG ':' 9 (9)
2026-03-26 19:39:52:847 [IN ] C8 24 0C 0B 25 A5 0C 01 31 03 C9 3A 09 4D 33 00 (16)
                              [N12:Z] LFLAG ':' 9 (9)
2026-03-26 19:39:53:449 [IN ] C8 24 0B 0A 25 A5 0B 01 31 02 DE 03 20 D0 33 (15)
                              [N11:NG] NGSWSTATE 3 (3)
2026-03-26 19:39:54:452 [IN ] C8 24 0B 0A 25 A5 0B 01 31 02 DE 03 20 D0 33 (15)
                              [N11:NG] NGSWSTATE 3 (3)
2026-03-26 19:39:55:053 [IN ] C8 24 04 0E 25 A5 04 01 31 06 81 45 FF EE 85 D7 4B E9 F7 (19)
                              [N4:Y] TPOS 'E' 255 238 133 215 (-1145385)
2026-03-26 19:39:55:277 [OUT] 25 A5 01 0C 31 05 81 FF BC D0 00 4F 33 (13)
                              [N12:Z] TPOS 255 188 208 0 (-4403200)
2026-03-26 19:39:55:300 [OUT] 25 A5 01 04 31 05 81 FF FD 50 01 09 B7 (13)
                              [N4:Y] TPOS 255 253 80 1 (-176127)
2026-03-26 19:39:55:322 [OUT] 25 A5 01 09 31 05 81 FF E7 5D 56 5A 0C (13)
                              [N9:P] TPOS 255 231 93 86 (-1614506)
2026-03-26 19:39:55:323 [IN ] C8 24 0B 0A 25 A5 0B 01 31 02 DE 03 20 D0 85 (15)
                              [N11:NG] NGSWSTATE 3 (3)
2026-03-26 19:39:55:345 [OUT] 25 A5 01 07 31 05 81 FF AB 19 75 F7 DF (13)
                              [N7:N] TPOS 255 171 25 117 (-5564043)
2026-03-26 19:39:55:367 [OUT] 25 A5 01 03 31 05 81 FF EC 4A AB 9B 1A (13)
                              [N3:X] TPOS 255 236 74 171 (-1291605)
2026-03-26 19:39:55:389 [OUT] 25 A5 01 06 31 02 D8 3F 51 DD (10)
                              [N6:H] INTERRUPT '?'
2026-03-26 19:39:55:690 [IN ] C8 24 0C 0E 25 A5 0C 01 31 06 81 53 FF FF FF 85 9A 54 F7 C8 24 04 0E 25 A5 04 01 31 06 81 53 FF EE 85 D7 59 2F F7 (38)
                              [N12:Z] TPOS 'S' 255 255 255 133 (-123)
                              [N4:Y] TPOS 'S' 255 238 133 215 (-1145385)
2026-03-26 19:39:55:990 [IN ] C8 24 09 0E 25 A5 09 01 31 06 81 53 FF FF FF FF 11 B0 F7 C8 24 07 0E 25 A5 07 01 31 06 81 53 FF FF FF F8 08 95 F7 C8 24 03 0E 25 A5 03 01 31 06 81 53 FF FF FF FF 0B 74 F7 (57)
                              [N9:P] TPOS 'S' 255 255 255 255 (-1)
                              [N7:N] TPOS 'S' 255 255 255 248 (-8)
                              [N3:X] TPOS 'S' 255 255 255 255 (-1)
2026-03-26 19:39:56:292 [IN ] C8 24 06 0C 25 A5 06 01 31 04 D8 3A 01 01 50 82 0B (17)
                              [N6:H] INTERRUPT ':' 1 1 (257)
2026-03-26 19:39:56:313 [OUT] 25 A5 01 06 31 03 C9 3D 0B 4C 0C (11)
                              [N6:H] LFLAG '=' 11 (11)
2026-03-26 19:39:56:313 [IN ] C8 24 0B 0A 25 A5 0B 01 31 02 DE 03 20 D0 50 (15)
                              [N11:NG] NGSWSTATE 3 (3)
2026-03-26 19:39:56:477 [IN ] C8 24 06 0B 25 A5 06 (7)
2026-03-26 19:39:56:499 [IN ] 01 31 03 C9 3A 0B 49 0B 82 (9)
                              [N6:H] LFLAG ':' 11 (11)
2026-03-26 19:39:56:522 [OUT] 25 A5 01 06 31 03 88 FF B0 72 72 (11)
                              [N6:H] RUN 255 176 (-80)
2026-03-26 19:39:56:689 [IN ] C8 24 06 0C 25 A5 06 01 31 04 88 53 FF B0 C6 38 0B (17)
                              [N6:H] RUN 'S' 255 176 (-80)
2026-03-26 19:39:57:491 [IN ] C8 24 0B 0A 25 A5 0B 01 31 02 DE 03 20 D0 C6 (15)
                              [N11:NG] NGSWSTATE 3 (3)
2026-03-26 19:39:58:493 [IN ] C8 24 0B 0A 25 A5 0B 01 31 02 DE 03 20 D0 C6 (15)
                              [N11:NG] NGSWSTATE 3 (3)
2026-03-26 19:39:59:496 [IN ] C8 24 0B 0A 25 A5 0B 01 31 02 DE 03 20 D0 C6 (15)
                              [N11:NG] NGSWSTATE 3 (3)
2026-03-26 19:40:00:500 [IN ] C8 24 0B 0A 25 A5 0B 01 31 02 DE 03 20 D0 C6 C8 24 06 0B 25 A5 06 01 31 03 81 5A 4C 62 B4 38 (31)
                              [N11:NG] NGSWSTATE 3 (3)
                              [N6:H] TPOS 'Z' 76 (76)
2026-03-26 19:40:00:702 [IN ] C8 24 06 0A 25 A5 06 01 31 02 81 49 04 3E B4 (15)
                              [N6:H] TPOS 'I'
2026-03-26 19:40:00:924 [OUT] 25 A5 01 06 31 03 C9 3D 09 4A 0A (11)
                              [N6:H] LFLAG '=' 9 (9)
2026-03-26 19:40:01:109 [IN ] C8 24 06 0B 25 A5 06 01 31 03 C9 3A 09 47 09 38 (16)
                              [N6:H] LFLAG ':' 9 (9)
2026-03-26 19:40:01:130 [OUT] 25 A5 01 06 31 03 84 00 50 0F 08 (11)
                              [N6:H] VEL 0 80 (80)
2026-03-26 19:40:01:296 [IN ] C8 24 06 0C 25 A5 06 01 31 04 84 53 00 50 63 CA 0B (17)
                              [N6:H] VEL 'S' 0 80 (80)
2026-03-26 19:40:01:319 [OUT] 25 A5 01 06 31 05 81 00 19 82 3C 95 BE (13)
                              [N6:H] TPOS 0 25 130 60 (1671740)
2026-03-26 19:40:01:361 [IN ] C8 24 0B 0A 25 A5 0B 01 31 02 DE 03 20 D0 63 (15)
                              [N11:NG] NGSWSTATE 3 (3)
2026-03-26 19:40:01:505 [IN ] C8 24 06 0E 25 A5 06 01 31 06 81 53 00 00 00 01 13 9D F7 (19)
                              [N6:H] TPOS 'S' 0 0 0 1 (1)
2026-03-26 19:40:02:507 [IN ] C8 24 0B 0A 25 A5 0B 01 31 02 DE 03 20 D0 00 (15)
                              [N11:NG] NGSWSTATE 3 (3)
2026-03-26 19:40:03:310 [IN ] C8 24 03 0E 25 A5 03 01 31 06 81 45 FF EC 4A 69 9F F5 F7 (19)
                              [N3:X] TPOS 'E' 255 236 74 105 (-1291671)
2026-03-26 19:40:03:513 [IN ] C8 24 0B 0A 25 A5 0B 01 31 02 DE 03 20 D0 4A (15)
                              [N11:NG] NGSWSTATE 3 (3)
2026-03-26 19:40:03:735 [OUT] 25 A5 01 03 31 05 81 FF FD 50 01 08 AF (13)
                              [N3:X] TPOS 255 253 80 1 (-176127)
2026-03-26 19:40:03:920 [IN ] C8 24 03 0E 25 A5 03 01 31 06 81 53 FF EC 4A 69 AD 3B F7 (19)
                              [N3:X] TPOS 'S' 255 236 74 105 (-1291671)
2026-03-26 19:40:04:321 [IN ] C8 24 04 0E 25 A5 04 01 31 06 81 45 FF FD 4F 78 C5 4B F7 (19)
                              [N4:Y] TPOS 'E' 255 253 79 120 (-176264)
2026-03-26 19:40:04:524 [IN ] C8 24 0B 0A 25 A5 0B 01 31 02 DE 03 20 D0 4F C8 24 09 0E 25 A5 09 01 31 06 81 45 FF E7 5B FA 42 D5 F7 (34)
                              [N11:NG] NGSWSTATE 3 (3)
                              [N9:P] TPOS 'E' 255 231 91 250 (-1614854)
2026-03-26 19:40:04:948 [OUT] 25 A5 01 09 31 05 81 FF FF D9 C8 60 BE (13)
                              [N9:P] TPOS 255 255 217 200 (-9784)
2026-03-26 19:40:05:135 [IN ] C8 24 09 0E 25 A5 09 01 31 06 81 53 FF E7 5C 00 57 23 F7 (19)
                              [N9:P] TPOS 'S' 255 231 92 0 (-1614848)
2026-03-26 19:40:05:537 [IN ] C8 24 0B 0A 25 A5 0B 01 31 02 DE 03 20 D0 5C (15)
                              [N11:NG] NGSWSTATE 3 (3)
2026-03-26 19:40:06:540 [IN ] C8 24 0B 0A 25 A5 0B 01 31 02 DE 03 20 D0 5C (15)
                              [N11:NG] NGSWSTATE 3 (3)
2026-03-26 19:40:07:543 [IN ] C8 24 0B 0A 25 A5 0B 01 31 02 DE 03 20 D0 5C (15)
                              [N11:NG] NGSWSTATE 3 (3)
2026-03-26 19:40:08:546 [IN ] C8 24 0B 0A 25 A5 0B 01 31 02 DE 03 20 D0 5C (15)
                              [N11:NG] NGSWSTATE 3 (3)
2026-03-26 19:40:08:948 [IN ] C8 24 06 0E 25 A5 06 01 31 06 81 45 00 19 84 83 24 2C F7 (19)
                              [N6:H] TPOS 'E' 0 25 132 131 (1672323)
2026-03-26 19:40:09:371 [OUT] 25 A5 01 06 31 05 81 00 0D 03 C1 8F 21 (13)
                              [N6:H] TPOS 0 13 3 193 (852929)
2026-03-26 19:40:09:413 [IN ] C8 24 0B 0A 25 A5 0B 01 31 02 DE 03 20 D0 84 (15)
                              [N11:NG] NGSWSTATE 3 (3)
2026-03-26 19:40:09:557 [IN ] C8 24 06 0E 25 A5 06 01 31 06 81 53 00 19 84 83 32 72 F7 (19)
                              [N6:H] TPOS 'S' 0 25 132 131 (1672323)
2026-03-26 19:40:10:560 [IN ] C8 24 0B 0A 25 A5 0B 01 31 02 DE 03 20 D0 84 (15)
                              [N11:NG] NGSWSTATE 3 (3)
2026-03-26 19:40:11:562 [IN ] C8 24 0B 0A 25 A5 0B 01 31 02 DE 03 20 D0 84 (15)
                              [N11:NG] NGSWSTATE 3 (3)
2026-03-26 19:40:12:565 [IN ] C8 24 0B 0A 25 A5 0B 01 31 02 DE 03 20 D0 84 (15)
                              [N11:NG] NGSWSTATE 3 (3)
2026-03-26 19:40:13:368 [IN ] C8 24 06 0E 25 A5 06 01 31 06 81 45 00 0C FE DC EA 52 F7 (19)
                              [N6:H] TPOS 'E' 0 12 254 220 (851676)
2026-03-26 19:40:13:591 [OUT] 25 A5 01 05 31 02 D8 3F 50 D8 (10)
                              [N5:V] INTERRUPT '?'
2026-03-26 19:40:13:592 [IN ] C8 24 0B 0A 25 A5 0B 01 31 02 DE 03 20 D0 FE C8 24 03 0E 25 A5 03 01 31 06 81 45 FF FD 4F 67 B3 30 F7 (34)
                              [N11:NG] NGSWSTATE 3 (3)
                              [N3:X] TPOS 'E' 255 253 79 103 (-176281)
2026-03-26 19:40:13:892 [IN ] C8 24 05 0C 25 A5 05 01 31 04 D8 3A 01 01 4F 7A B3 C8 24 09 0E 25 A5 09 01 31 06 81 45 FF FF DA E9 C8 0A F7 (36)
                              [N5:V] INTERRUPT ':' 1 1 (257)
                              [N9:P] TPOS 'E' 255 255 218 233 (-9495)
2026-03-26 19:40:13:914 [OUT] 25 A5 01 05 31 03 C9 3D 0B 4B 06 (11)
                              [N5:V] LFLAG '=' 11 (11)
2026-03-26 19:40:13:936 [OUT] 25 A5 01 08 31 02 D8 3F 53 E7 (10)
                              [N8:R] INTERRUPT '?'
2026-03-26 19:40:14:237 [IN ] C8 24 05 0B 25 A5 05 01 31 03 C9 3A 0B 48 04 E9 C8 24 08 0C 25 A5 08 01 31 04 D8 3A 01 01 52 92 C8 (33)
                              [N5:V] LFLAG ':' 11 (11)
                              [N8:R] INTERRUPT ':' 1 1 (257)
2026-03-26 19:40:14:258 [OUT] 25 A5 01 05 31 03 88 FF B0 71 6C (11)
                              [N5:V] RUN 255 176 (-80)
2026-03-26 19:40:14:280 [OUT] 25 A5 01 08 31 03 CA 3D 0B 4F 1B (11)
                              [N8:R] RFLAG '=' 11 (11)
2026-03-26 19:40:14:443 [IN ] C8 24 05 0C 25 A5 05 01 31 04 88 53 FF B0 C5 30 C8 (17)
                              [N5:V] RUN 'S' 255 176 (-80)
2026-03-26 19:40:14:465 [IN ] C8 24 0B 0A 25 A5 0B 01 31 02 DE 03 20 D0 C5 (15)
                              [N11:NG] NGSWSTATE 3 (3)
2026-03-26 19:40:14:528 [IN ] C8 24 08 0B 25 A5 08 01 31 03 CA 3A 0B 4C 1C 30 (16)
                              [N8:R] RFLAG ':' 11 (11)
2026-03-26 19:40:14:550 [OUT] 25 A5 01 08 31 03 88 00 50 15 20 (11)
                              [N8:R] RUN 0 80 (80)
2026-03-26 19:40:14:719 [IN ] C8 24 08 0C 25 A5 08 01 31 04 88 53 00 50 69 EA C8 (17)
                              [N8:R] RUN 'S' 0 80 (80)
2026-03-26 19:40:15:521 [IN ] C8 24 0B 0A 25 A5 0B 01 31 02 DE 03 20 D0 69 (15)
                              [N11:NG] NGSWSTATE 3 (3)
2026-03-26 19:40:16:524 [IN ] C8 24 0B 0A 25 A5 0B 01 31 02 DE 03 20 D0 69 (15)
                              [N11:NG] NGSWSTATE 3 (3)
2026-03-26 19:40:17:327 [IN ] C8 24 0C 0E 25 A5 0C 01 31 06 81 45 FF BC CD BB 4D 17 F7 (19)
                              [N12:Z] TPOS 'E' 255 188 205 187 (-4403781)
2026-03-26 19:40:17:529 [IN ] C8 24 0B 0A 25 A5 0B 01 31 02 DE 03 20 D0 CD (15)
                              [N11:NG] NGSWSTATE 3 (3)
2026-03-26 19:40:17:751 [OUT] 25 A5 01 0C 31 05 81 FF D1 1A 67 15 6D (13)
                              [N12:Z] TPOS 255 209 26 103 (-3073433)
2026-03-26 19:40:17:935 [IN ] C8 24 0C 0E 25 A5 0C 01 31 06 81 53 FF BC CD DC 7C 7E F7 (19)
                              [N12:Z] TPOS 'S' 255 188 205 220 (-4403748)
2026-03-26 19:40:18:538 [IN ] C8 24 0B 0A 25 A5 0B 01 31 02 DE 03 20 D0 CD (15)
                              [N11:NG] NGSWSTATE 3 (3)
2026-03-26 19:40:19:342 [IN ] C8 24 05 0B 25 A5 05 01 31 03 81 5A 4C 61 AD DC C8 24 05 0A 25 A5 05 01 31 02 81 49 03 38 AD (31)
                              [N5:V] TPOS 'Z' 76 (76)
                              [N5:V] TPOS 'I'
2026-03-26 19:40:19:544 [IN ] C8 24 0B 0A 25 A5 0B 01 31 02 DE 03 20 D0 AD (15)
                              [N11:NG] NGSWSTATE 3 (3)
2026-03-26 19:40:19:564 [OUT] 25 A5 01 05 31 03 C9 3D 09 49 04 (11)
                              [N5:V] LFLAG '=' 9 (9)
2026-03-26 19:40:19:729 [IN ] C8 24 05 0B 25 A5 05 01 31 03 C9 3A 09 46 02 DC (16)
                              [N5:V] LFLAG ':' 9 (9)
2026-03-26 19:40:19:752 [OUT] 25 A5 01 05 31 03 84 00 50 0E 02 (11)
                              [N5:V] VEL 0 80 (80)
2026-03-26 19:40:19:918 [IN ] C8 24 05 0C 25 A5 05 01 31 04 84 53 00 50 62 C2 7C (17)
                              [N5:V] VEL 'S' 0 80 (80)
2026-03-26 19:40:19:939 [OUT] 25 A5 01 05 31 05 81 00 19 82 3C 94 B6 (13)
                              [N5:V] TPOS 0 25 130 60 (1671740)
2026-03-26 19:40:20:102 [IN ] C8 24 05 0E 25 A5 05 (7)
2026-03-26 19:40:20:123 [IN ] 01 31 06 81 53 00 00 00 00 11 92 F7 (12)
                              [N5:V] TPOS 'S' 0 0 0 0 (0)
2026-03-26 19:40:20:525 [IN ] C8 24 0B 0A 25 A5 0B 01 31 02 DE 03 20 D0 00 (15)
                              [N11:NG] NGSWSTATE 3 (3)
2026-03-26 19:40:20:726 [IN ] C8 24 07 0E 25 A5 07 01 31 06 81 45 FF AB 15 63 27 EA F7 (19)
                              [N7:N] TPOS 'E' 255 171 21 99 (-5565085)
2026-03-26 19:40:21:150 [OUT] 25 A5 01 07 31 05 81 FF F3 35 BF A5 39 (13)
                              [N7:N] TPOS 255 243 53 191 (-838209)
2026-03-26 19:40:21:335 [IN ] C8 24 07 0E 25 A5 07 01 31 06 81 53 FF AB 15 64 36 31 F7 (19)
                              [N7:N] TPOS 'S' 255 171 21 100 (-5565084)
2026-03-26 19:40:21:536 [IN ] C8 24 0B 0A 25 A5 0B 01 31 02 DE 03 20 D0 15 (15)
                              [N11:NG] NGSWSTATE 3 (3)
2026-03-26 19:40:22:539 [IN ] C8 24 0B 0A 25 A5 0B 01 31 02 DE 03 20 D0 15 (15)
                              [N11:NG] NGSWSTATE 3 (3)
2026-03-26 19:40:23:542 [IN ] C8 24 0B 0A 25 A5 0B 01 31 02 DE 03 20 D0 15 (15)
                              [N11:NG] NGSWSTATE 3 (3)
2026-03-26 19:40:23:946 [IN ] C8 24 08 0B 25 A5 08 01 31 03 81 5A 52 6A C8 64 C8 24 08 0A 25 A5 08 01 31 02 81 49 06 4A C8 (31)
                              [N8:R] TPOS 'Z' 82 (82)
                              [N8:R] TPOS 'I'
2026-03-26 19:40:24:168 [OUT] 25 A5 01 08 31 03 CA 3D 09 4D 19 (11)
                              [N8:R] RFLAG '=' 9 (9)
2026-03-26 19:40:24:336 [IN ] C8 24 08 0B 25 A5 08 01 31 03 CA 3A 09 4A 1A 64 (16)
                              [N8:R] RFLAG ':' 9 (9)
2026-03-26 19:40:24:357 [OUT] 25 A5 01 08 31 05 81 FF DC 77 1D 2F DE (13)
                              [N8:R] TPOS 255 220 119 29 (-2328803)
2026-03-26 19:40:24:419 [IN ] C8 24 0C 0E 25 A5 0C 01 31 06 81 45 FF D1 1D 97 8E D2 F7 (19)
                              [N12:Z] TPOS 'E' 255 209 29 151 (-3072617)
2026-03-26 19:40:24:544 [IN ] C8 24 08 0E 25 A5 08 01 31 06 81 53 FF FF FF DE EF 85 F7 C8 24 0B 0A 25 A5 0B 01 31 02 DE 03 20 D0 FF (34)
                              [N8:R] TPOS 'S' 255 255 255 222 (-34)
                              [N11:NG] NGSWSTATE 3 (3)
2026-03-26 19:40:25:749 [IN ] C8 24 0B 0A 25 A5 0B 01 31 02 DE 03 20 D0 FF (15)
                              [N11:NG] NGSWSTATE 3 (3)
2026-03-26 19:40:26:751 [IN ] C8 24 0B 0A 25 A5 0B 01 31 02 DE 03 20 D0 FF (15)
                              [N11:NG] NGSWSTATE 3 (3)
2026-03-26 19:40:27:754 [IN ] C8 24 0B 0A 25 A5 0B 01 31 02 DE 03 20 D0 FF C8 24 05 0E 25 A5 05 01 31 06 81 45 00 19 86 42 E4 E5 F7 (34)
                              [N11:NG] NGSWSTATE 3 (3)
                              [N5:V] TPOS 'E' 0 25 134 66 (1672770)
2026-03-26 19:40:28:181 [OUT] 25 A5 01 05 31 05 81 00 0D 03 C1 8E 19 (13)
                              [N5:V] TPOS 0 13 3 193 (852929)
2026-03-26 19:40:28:368 [IN ] C8 24 05 0E 25 A5 05 01 31 06 81 53 00 19 86 42 F2 2B F7 (19)
                              [N5:V] TPOS 'S' 0 25 134 66 (1672770)
2026-03-26 19:40:28:570 [IN ] C8 24 0B 0A 25 A5 0B 01 31 02 DE 03 20 D0 86 (15)
                              [N11:NG] NGSWSTATE 3 (3)
2026-03-26 19:40:29:774 [IN ] C8 24 0B 0A 25 A5 0B 01 31 02 DE 03 20 D0 86 (15)
                              [N11:NG] NGSWSTATE 3 (3)
2026-03-26 19:40:30:779 [IN ] C8 24 0B 0A 25 A5 0B 01 31 02 DE 03 20 D0 86 (15)
                              [N11:NG] NGSWSTATE 3 (3)
2026-03-26 19:40:31:782 [IN ] C8 24 0B 0A 25 A5 0B 01 31 02 DE 03 20 D0 86 (15)
                              [N11:NG] NGSWSTATE 3 (3)
2026-03-26 19:40:32:785 [IN ] C8 24 0B 0A 25 A5 0B 01 31 02 DE 03 20 D0 86 (15)
                              [N11:NG] NGSWSTATE 3 (3)
2026-03-26 19:40:33:187 [IN ] C8 24 05 0E 25 A5 05 01 31 06 81 45 00 0D 01 EE FF 63 F7 (19)
                              [N5:V] TPOS 'E' 0 13 1 238 (852462)
2026-03-26 19:40:33:409 [OUT] 25 A5 01 03 31 05 81 FF ED B1 30 88 70 (13)
                              [N3:X] TPOS 255 237 177 48 (-1199824)
2026-03-26 19:40:33:432 [OUT] 25 A5 01 04 31 05 81 FF F3 BD 0C 77 7E (13)
                              [N4:Y] TPOS 255 243 189 12 (-803572)
2026-03-26 19:40:33:598 [IN ] C8 24 03 0E 25 A5 03 01 31 06 81 53 FF FD 4F 67 C1 76 F7 (19)
                              [N3:X] TPOS 'S' 255 253 79 103 (-176281)
2026-03-26 19:40:33:620 [IN ] C8 24 0B 0A 25 A5 0B 01 31 02 DE 03 20 D0 4F (15)
                              [N11:NG] NGSWSTATE 3 (3)
2026-03-26 19:40:33:723 [IN ] C8 24 04 0E 25 A5 04 01 31 06 81 53 FF FD 4F 79 D4 92 F7 (19)
                              [N4:Y] TPOS 'S' 255 253 79 121 (-176263)
2026-03-26 19:40:34:727 [IN ] C8 24 0B 0A 25 A5 0B 01 31 02 DE 03 20 D0 4F (15)
                              [N11:NG] NGSWSTATE 3 (3)
2026-03-26 19:40:35:731 [IN ] C8 24 0B 0A 25 A5 0B 01 31 02 DE 03 20 D0 4F (15)
                              [N11:NG] NGSWSTATE 3 (3)
2026-03-26 19:40:36:725 [IN ] C8 24 0B 0A 25 A5 0B 01 31 02 DE 03 20 D0 4F (15)
                              [N11:NG] NGSWSTATE 3 (3)
2026-03-26 19:40:37:127 [IN ] C8 24 04 0E 25 A5 04 01 31 06 81 45 FF F3 BA 51 FF DC F7 (19)
                              [N4:Y] TPOS 'E' 255 243 186 81 (-804271)
2026-03-26 19:40:37:733 [IN ] C8 24 0B 0A 25 A5 0B 01 31 02 DE 03 20 D0 BA (15)
                              [N11:NG] NGSWSTATE 3 (3)
2026-03-26 19:40:38:536 [IN ] C8 24 08 0E 25 A5 08 01 31 06 81 45 FF DC 75 3E 94 22 F7 (19)
                              [N8:R] TPOS 'E' 255 220 117 62 (-2329282)
2026-03-26 19:40:38:738 [IN ] C8 24 0B 0A 25 A5 0B 01 31 02 DE 03 20 D0 75 (15)
                              [N11:NG] NGSWSTATE 3 (3)
2026-03-26 19:40:38:960 [OUT] 25 A5 01 08 31 05 81 FF EE 15 56 18 89 (13)
                              [N8:R] TPOS 255 238 21 86 (-1174186)
2026-03-26 19:40:39:145 [IN ] C8 24 08 0E 25 A5 08 01 31 06 81 53 FF DC 75 49 AD 73 F7 (19)
                              [N8:R] TPOS 'S' 255 220 117 73 (-2329271)
2026-03-26 19:40:39:546 [IN ] C8 24 03 0E 25 A5 03 01 31 06 81 45 FF ED B0 86 23 E1 F7 (19)
                              [N3:X] TPOS 'E' 255 237 176 134 (-1199994)
2026-03-26 19:40:39:749 [IN ] C8 24 0B 0A 25 A5 0B 01 31 02 DE 03 20 D0 B0 (15)
                              [N11:NG] NGSWSTATE 3 (3)
2026-03-26 19:40:40:754 [IN ] C8 24 0B 0A 25 A5 0B 01 31 02 DE 03 20 D0 B0 (15)
                              [N11:NG] NGSWSTATE 3 (3)
2026-03-26 19:40:41:758 [IN ] C8 24 0B 0A 25 A5 0B 01 31 02 DE 03 20 D0 B0 (15)
                              [N11:NG] NGSWSTATE 3 (3)
2026-03-26 19:40:42:360 [IN ] C8 24 07 0E 25 A5 07 01 31 06 81 45 FF F3 3A 4E 7F F7 F7 (19)
                              [N7:N] TPOS 'E' 255 243 58 78 (-837042)
2026-03-26 19:40:42:762 [IN ] C8 24 0B 0A 25 A5 0B 01 31 02 DE 03 20 D0 3A (15)
                              [N11:NG] NGSWSTATE 3 (3)
2026-03-26 19:40:43:765 [IN ] C8 24 0B 0A 25 A5 0B 01 31 02 DE 03 20 D0 3A (15)
                              [N11:NG] NGSWSTATE 3 (3)
2026-03-26 19:40:44:770 [IN ] C8 24 0B 0A 25 A5 0B 01 31 02 DE 03 20 D0 3A (15)
                              [N11:NG] NGSWSTATE 3 (3)
2026-03-26 19:40:45:772 [IN ] C8 24 0B 0A 25 A5 0B 01 31 02 DE 03 20 D0 3A (15)
                              [N11:NG] NGSWSTATE 3 (3)
2026-03-26 19:40:46:776 [IN ] C8 24 0B 0A 25 A5 0B 01 31 02 DE 03 20 D0 3A (15)
                              [N11:NG] NGSWSTATE 3 (3)
2026-03-26 19:40:47:378 [IN ] C8 24 08 0E 25 A5 08 01 31 06 81 45 FF EE 15 1E 26 78 F7 (19)
                              [N8:R] TPOS 'E' 255 238 21 30 (-1174242)
