2026-03-26 13:40:31:671 [OUT] 25 A5 01 0A 31 05 D6 3D FF 00 00 53 ED (13)
                              [N10:HMI] HMILED '=' 255 0 0 (16711680)
2026-03-26 13:40:31:694 [OUT] 25 A5 01 03 31 02 D8 3F 4E CE (10)
                              [N3:X] INTERRUPT '?'
2026-03-26 13:40:31:995 [IN ] C8 24 0A 0D 25 A5 0A 01 31 05 D6 3A FF 00 00 50 EA AB C8 24 03 0C 25 A5 03 01 31 04 D8 3A 01 01 4D 6A EA (35)
                              [N10:HMI] HMILED ':' 255 0 0 (16711680)
                              [N3:X] INTERRUPT ':' 1 1 (257)
2026-03-26 13:40:32:016 [OUT] 25 A5 01 09 31 03 C9 3D 09 4D 1C (11)
                              [N9:P] LFLAG '=' 9 (9)
2026-03-26 13:40:32:040 [OUT] 25 A5 01 04 31 02 D8 3F 4F D3 (10)
                              [N4:Y] INTERRUPT '?'
2026-03-26 13:40:32:341 [IN ] C8 24 09 0B 25 A5 09 01 31 03 C9 3A 09 4A 1E 6A C8 24 04 0C 25 A5 04 01 31 04 D8 3A 01 01 4E 72 EA (33)
                              [N9:P] LFLAG ':' 9 (9)
                              [N4:Y] INTERRUPT ':' 1 1 (257)
2026-03-26 13:40:32:363 [OUT] 25 A5 01 09 31 03 CA 3D 09 4E 1F (11)
                              [N9:P] RFLAG '=' 9 (9)
2026-03-26 13:40:32:387 [OUT] 25 A5 01 0C 31 02 D8 3F 57 FB (10)
                              [N12:Z] INTERRUPT '?'
2026-03-26 13:40:32:689 [IN ] C8 24 09 0B 25 A5 09 01 31 03 CA 3A 09 4B 21 72 C8 24 0C 0C 25 A5 0C 01 31 04 D8 3A 01 01 56 B2 EA (33)
                              [N9:P] RFLAG ':' 9 (9)
                              [N12:Z] INTERRUPT ':' 1 1 (257)
2026-03-26 13:40:32:711 [OUT] 25 A5 01 08 31 03 C9 3D 09 4C 16 (11)
                              [N8:R] LFLAG '=' 9 (9)
2026-03-26 13:40:32:733 [OUT] 25 A5 01 03 31 03 C9 3D 0B 49 FA (11)
                              [N3:X] LFLAG '=' 11 (11)
2026-03-26 13:40:32:755 [OUT] 25 A5 01 04 31 03 C9 3D 0B 4A 00 (11)
                              [N4:Y] LFLAG '=' 11 (11)
2026-03-26 13:40:32:777 [OUT] 25 A5 01 0C 31 03 C9 3D 0B 52 30 (11)
                              [N12:Z] LFLAG '=' 11 (11)
2026-03-26 13:40:32:882 [IN ] C8 24 08 0B 25 A5 08 01 31 03 C9 3A 09 (13)
2026-03-26 13:40:32:903 [IN ] 49 17 B2 (3)
                              [N8:R] LFLAG ':' 9 (9)
2026-03-26 13:40:32:925 [OUT] 25 A5 01 08 31 03 CA 3D 09 4D 19 (11)
                              [N8:R] RFLAG '=' 9 (9)
2026-03-26 13:40:33:011 [IN ] C8 24 03 0B 25 A5 03 01 31 03 C9 3A 0B 46 F6 B2 (16)
                              [N3:X] LFLAG ':' 11 (11)
2026-03-26 13:40:33:033 [OUT] 25 A5 01 03 31 03 88 00 50 10 02 (11)
                              [N3:X] RUN 0 80 (80)
2026-03-26 13:40:33:097 [IN ] C8 24 04 0B 25 A5 04 01 31 03 C9 3A 0B 47 FD B2 (16)
                              [N4:Y] LFLAG ':' 11 (11)
2026-03-26 13:40:33:118 [OUT] 25 A5 01 04 31 03 88 00 50 11 08 (11)
                              [N4:Y] RUN 0 80 (80)
2026-03-26 13:40:33:224 [IN ] C8 24 0C 0B 25 A5 0C 01 31 03 C9 3A 0B 4F 35 B2 (16)
                              [N12:Z] LFLAG ':' 11 (11)
2026-03-26 13:40:33:245 [OUT] 25 A5 01 0C 31 03 88 00 50 19 38 (11)
                              [N12:Z] RUN 0 80 (80)
2026-03-26 13:40:33:330 [IN ] C8 24 08 0B 25 A5 08 01 31 03 CA 3A 09 4A 1A B2 (16)
                              [N8:R] RFLAG ':' 9 (9)
2026-03-26 13:40:33:414 [IN ] C8 24 03 0C 25 A5 03 01 31 04 88 53 00 50 64 C2 EA (17)
                              [N3:X] RUN 'S' 0 80 (80)
2026-03-26 13:40:33:542 [IN ] C8 24 04 0C 25 A5 04 01 31 04 88 53 00 50 65 CA EA (17)
                              [N4:Y] RUN 'S' 0 80 (80)
2026-03-26 13:40:33:666 [IN ] C8 24 0C 0C 25 A5 0C 01 31 04 88 53 00 50 6D 0A EA (17)
                              [N12:Z] RUN 'S' 0 80 (80)
2026-03-26 13:40:42:294 [IN ] C8 24 04 0B 25 A5 04 01 31 03 81 5A 4C 60 A6 0A C8 24 04 0A 25 A5 04 01 31 02 81 49 02 32 A6 (31)
                              [N4:Y] TPOS 'Z' 76 (76)
                              [N4:Y] TPOS 'I'
2026-03-26 13:40:42:517 [OUT] 25 A5 01 09 31 02 D8 3F 54 EC (10)
                              [N9:P] INTERRUPT '?'
2026-03-26 13:40:42:819 [IN ] C8 24 09 0C 25 A5 09 01 31 04 D8 3A 01 01 53 9A EA (17)
                              [N9:P] INTERRUPT ':' 1 1 (257)
2026-03-26 13:40:42:841 [OUT] 25 A5 01 04 31 03 C9 3D 09 48 FE (11)
                              [N4:Y] LFLAG '=' 9 (9)
2026-03-26 13:40:42:863 [OUT] 25 A5 01 07 31 02 D8 3F 52 E2 (10)
                              [N7:N] INTERRUPT '?'
2026-03-26 13:40:43:165 [IN ] C8 24 04 0B 25 A5 04 01 31 03 C9 3A 09 45 FB 9A C8 24 07 0C 25 A5 07 01 31 04 D8 3A 01 01 51 8A EA (33)
                              [N4:Y] LFLAG ':' 9 (9)
                              [N7:N] INTERRUPT ':' 1 1 (257)
2026-03-26 13:40:43:187 [OUT] 25 A5 01 09 31 03 C9 3D 0B 4F 1E (11)
                              [N9:P] LFLAG '=' 11 (11)
2026-03-26 13:40:43:209 [OUT] 25 A5 01 07 31 03 C9 3D 0B 4D 12 (11)
                              [N7:N] LFLAG '=' 11 (11)
2026-03-26 13:40:43:356 [IN ] C8 24 09 0B 25 A5 09 01 31 03 C9 3A 0B 4C 20 8A (16)
                              [N9:P] LFLAG ':' 11 (11)
2026-03-26 13:40:43:379 [OUT] 25 A5 01 09 31 03 88 00 50 16 26 (11)
                              [N9:P] RUN 0 80 (80)
2026-03-26 13:40:43:465 [IN ] C8 24 07 0B 25 A5 07 01 31 03 C9 3A 0B 4A 12 8A (16)
                              [N7:N] LFLAG ':' 11 (11)
2026-03-26 13:40:43:487 [OUT] 25 A5 01 07 31 03 88 00 50 14 1A (11)
                              [N7:N] RUN 0 80 (80)
2026-03-26 13:40:43:592 [IN ] C8 24 09 0C 25 A5 09 01 31 04 88 53 00 50 6A F2 EA (17)
                              [N9:P] RUN 'S' 0 80 (80)
2026-03-26 13:40:43:656 [IN ] C8 24 09 0B 25 A5 09 01 31 03 81 5A 4C 65 C9 F2 (16)
                              [N9:P] TPOS 'Z' 76 (76)
2026-03-26 13:40:43:679 [IN ] C8 24 07 0C 25 A5 07 01 31 04 88 53 00 50 68 E2 EA C8 24 09 0A 25 A5 09 01 31 02 81 49 07 50 68 (32)
                              [N7:N] RUN 'S' 0 80 (80)
                              [N9:P] TPOS 'I'
2026-03-26 13:40:43:903 [OUT] 25 A5 01 09 31 03 C9 3D 09 4D 1C (11)
                              [N9:P] LFLAG '=' 9 (9)
2026-03-26 13:40:43:925 [OUT] 25 A5 01 04 31 05 81 FF EE 88 01 32 FA (13)
                              [N4:Y] TPOS 255 238 136 1 (-1144831)
2026-03-26 13:40:44:072 [IN ] C8 24 09 0B 25 A5 09 01 31 03 C9 3A 09 4A 1E E2 (16)
                              [N9:P] LFLAG ':' 9 (9)
2026-03-26 13:40:44:196 [IN ] C8 24 04 0E 25 A5 04 01 31 06 81 53 00 00 00 01 11 89 31 (19)
                              [N4:Y] TPOS 'S' 0 0 0 1 (1)
2026-03-26 13:40:45:804 [IN ] C8 24 03 0B 25 A5 03 01 31 03 81 5A 4C 5F 9F 01 C8 24 03 0A 25 A5 03 01 31 02 81 49 01 2C 9F (31)
                              [N3:X] TPOS 'Z' 76 (76)
                              [N3:X] TPOS 'I'
2026-03-26 13:40:46:026 [OUT] 25 A5 01 03 31 03 C9 3D 09 47 F8 (11)
                              [N3:X] LFLAG '=' 9 (9)
2026-03-26 13:40:46:216 [IN ] C8 24 03 0B 25 A5 03 01 31 03 C9 3A 09 44 F4 01 (16)
                              [N3:X] LFLAG ':' 9 (9)
2026-03-26 13:40:47:421 [IN ] C8 24 07 0B 25 A5 07 01 31 03 81 5A 4C 63 BB 01 C8 24 07 0A 25 A5 07 01 31 02 81 49 05 44 BB (31)
                              [N7:N] TPOS 'Z' 76 (76)
                              [N7:N] TPOS 'I'
2026-03-26 13:40:47:644 [OUT] 25 A5 01 07 31 03 C9 3D 09 4B 10 (11)
                              [N7:N] LFLAG '=' 9 (9)
2026-03-26 13:40:47:812 [IN ] C8 24 07 0B 25 A5 07 01 31 03 C9 3A 09 48 10 01 (16)
                              [N7:N] LFLAG ':' 9 (9)
2026-03-26 13:40:49:418 [IN ] C8 24 0C 0B 25 A5 0C 01 31 03 81 5A 4C 68 DE 01 C8 24 0C 0A 25 A5 0C 01 31 02 81 49 0A 62 DE (31)
                              [N12:Z] TPOS 'Z' 76 (76)
                              [N12:Z] TPOS 'I'
2026-03-26 13:40:49:645 [OUT] 25 A5 01 0C 31 03 C9 3D 09 50 2E (11)
                              [N12:Z] LFLAG '=' 9 (9)
2026-03-26 13:40:49:812 [IN ] C8 24 0C 0B 25 A5 0C 01 31 03 C9 3A 09 4D 33 01 (16)
                              [N12:Z] LFLAG ':' 9 (9)
2026-03-26 13:40:50:817 [IN ] C8 24 04 0E 25 A5 04 01 31 06 81 45 FF EE 86 69 DE 7D 31 (19)
                              [N4:Y] TPOS 'E' 255 238 134 105 (-1145239)
2026-03-26 13:40:51:039 [OUT] 25 A5 01 0C 31 05 81 FF BC D0 00 4F 33 (13)
                              [N12:Z] TPOS 255 188 208 0 (-4403200)
2026-03-26 13:40:51:062 [OUT] 25 A5 01 04 31 05 81 FF FD 50 01 09 B7 (13)
                              [N4:Y] TPOS 255 253 80 1 (-176127)
2026-03-26 13:40:51:084 [OUT] 25 A5 01 09 31 05 81 FF E7 5D 56 5A 0C (13)
                              [N9:P] TPOS 255 231 93 86 (-1614506)
2026-03-26 13:40:51:107 [OUT] 25 A5 01 07 31 05 81 FF AB 19 75 F7 DF (13)
                              [N7:N] TPOS 255 171 25 117 (-5564043)
2026-03-26 13:40:51:130 [OUT] 25 A5 01 03 31 05 81 FF EC 4A AB 9B 1A (13)
                              [N3:X] TPOS 255 236 74 171 (-1291605)
2026-03-26 13:40:51:152 [OUT] 25 A5 01 06 31 02 D8 3F 51 DD (10)
                              [N6:H] INTERRUPT '?'
2026-03-26 13:40:51:454 [IN ] C8 24 0C 0E 25 A5 0C 01 31 06 81 53 FF FF FF 9C B1 6B 31 C8 24 04 0E 25 A5 04 01 31 06 81 53 FF EE 86 69 EC C3 31 (38)
                              [N12:Z] TPOS 'S' 255 255 255 156 (-100)
                              [N4:Y] TPOS 'S' 255 238 134 105 (-1145239)
2026-03-26 13:40:51:754 [IN ] C8 24 09 0E 25 A5 09 01 31 06 81 53 FF FF FF FE 10 AF 31 C8 24 07 0E 25 A5 07 01 31 06 81 53 FF FF FF EE FE 8B 31 C8 24 03 0E 25 A5 03 01 31 06 81 53 00 00 00 00 0F 7E 31 (57)
                              [N9:P] TPOS 'S' 255 255 255 254 (-2)
                              [N7:N] TPOS 'S' 255 255 255 238 (-18)
                              [N3:X] TPOS 'S' 0 0 0 0 (0)
2026-03-26 13:40:52:056 [IN ] C8 24 06 0C 25 A5 06 01 31 04 D8 3A 01 01 50 82 0F (17)
                              [N6:H] INTERRUPT ':' 1 1 (257)
2026-03-26 13:40:52:076 [OUT] 25 A5 01 06 31 03 C9 3D 0B 4C 0C (11)
                              [N6:H] LFLAG '=' 11 (11)
2026-03-26 13:40:52:245 [IN ] C8 24 06 0B 25 A5 06 01 31 03 C9 3A 0B 49 0B 82 (16)
                              [N6:H] LFLAG ':' 11 (11)
2026-03-26 13:40:52:268 [OUT] 25 A5 01 06 31 03 88 FF B0 72 72 (11)
                              [N6:H] RUN 255 176 (-80)
2026-03-26 13:40:52:435 [IN ] C8 24 06 0C 25 A5 06 01 31 04 88 53 FF (13)
2026-03-26 13:40:52:457 [IN ] B0 C6 38 0F (4)
                              [N6:H] RUN 'S' 255 176 (-80)
2026-03-26 13:40:56:270 [IN ] C8 24 06 0B 25 A5 06 01 31 03 81 5A 4C 62 B4 38 C8 24 06 0A 25 A5 06 01 31 02 81 49 04 3E B4 (31)
                              [N6:H] TPOS 'Z' 76 (76)
                              [N6:H] TPOS 'I'
2026-03-26 13:40:56:495 [OUT] 25 A5 01 06 31 03 C9 3D 09 4A 0A (11)
                              [N6:H] LFLAG '=' 9 (9)
2026-03-26 13:40:56:664 [IN ] C8 24 06 0B 25 A5 06 01 31 03 C9 3A 09 47 09 38 (16)
                              [N6:H] LFLAG ':' 9 (9)
2026-03-26 13:40:56:686 [OUT] 25 A5 01 06 31 03 84 00 50 0F 08 (11)
                              [N6:H] VEL 0 80 (80)
2026-03-26 13:40:56:853 [IN ] C8 24 06 0C 25 A5 06 01 31 04 84 53 00 50 63 CA 0F (17)
                              [N6:H] VEL 'S' 0 80 (80)
2026-03-26 13:40:56:874 [OUT] 25 A5 01 06 31 05 81 00 19 82 3C 95 BE (13)
                              [N6:H] TPOS 0 25 130 60 (1671740)
2026-03-26 13:40:57:064 [IN ] C8 24 06 0E 25 A5 06 01 31 06 81 53 00 00 00 01 13 9D 31 (19)
                              [N6:H] TPOS 'S' 0 0 0 1 (1)
2026-03-26 13:41:00:276 [IN ] C8 24 09 0E 25 A5 09 01 31 06 81 45 FF E7 5B 8A D2 65 31 (19)
                              [N9:P] TPOS 'E' 255 231 91 138 (-1614966)
2026-03-26 13:41:00:701 [OUT] 25 A5 01 09 31 05 81 FF FF D9 C8 60 BE (13)
                              [N9:P] TPOS 255 255 217 200 (-9784)
2026-03-26 13:41:00:806 [IN ] C8 24 03 0E 25 A5 03 01 31 06 81 45 FF EC 4A B7 ED 43 31 (19)
                              [N3:X] TPOS 'E' 255 236 74 183 (-1291593)
2026-03-26 13:41:00:872 [OUT] 25 A5 01 03 31 05 81 FF FD 50 01 08 AF (13)
                              [N3:X] TPOS 255 253 80 1 (-176127)
2026-03-26 13:41:00:894 [IN ] C8 24 09 0E 25 A5 09 01 31 06 81 53 FF E7 5B 90 E6 B1 31 (19)
                              [N9:P] TPOS 'S' 255 231 91 144 (-1614960)
2026-03-26 13:41:01:062 [IN ] C8 24 03 0E 25 A5 03 01 31 06 81 53 FF EC 4A B7 FB 89 31 (19)
                              [N3:X] TPOS 'S' 255 236 74 183 (-1291593)
2026-03-26 13:41:03:069 [IN ] C8 24 04 0E 25 A5 04 01 31 06 81 45 FF FD 4F 94 E1 67 31 (19)
                              [N4:Y] TPOS 'E' 255 253 79 148 (-176236)
2026-03-26 13:41:04:677 [IN ] C8 24 06 0E 25 A5 06 01 31 06 81 45 00 19 84 0E AF B7 31 (19)
                              [N6:H] TPOS 'E' 0 25 132 14 (1672206)
2026-03-26 13:41:05:101 [OUT] 25 A5 01 06 31 05 81 00 0D 03 C1 8F 21 (13)
                              [N6:H] TPOS 0 13 3 193 (852929)
2026-03-26 13:41:05:289 [IN ] C8 24 06 0E 25 A5 06 01 31 06 81 53 00 19 84 0E BD FD (18)
                              [N6:H] TPOS 'S' 0 25 132 14 (1672206)
2026-03-26 13:41:05:493 [IN ] 31 (1)
2026-03-26 13:41:09:105 [IN ] C8 24 06 0E 25 A5 06 01 31 06 81 45 00 0C FE C2 D0 38 31 (19)
                              [N6:H] TPOS 'E' 0 12 254 194 (851650)
2026-03-26 13:41:09:328 [OUT] 25 A5 01 05 31 02 D8 3F 50 D8 (10)
                              [N5:V] INTERRUPT '?'
2026-03-26 13:41:09:630 [IN ] C8 24 05 0C 25 A5 05 01 31 04 D8 3A 01 01 4F 7A D0 C8 24 09 0E 25 A5 09 01 31 06 81 45 FF FF DB 98 78 BB 31 (36)
                              [N5:V] INTERRUPT ':' 1 1 (257)
                              [N9:P] TPOS 'E' 255 255 219 152 (-9320)
2026-03-26 13:41:09:652 [OUT] 25 A5 01 05 31 03 C9 3D 0B 4B 06 (11)
                              [N5:V] LFLAG '=' 11 (11)
2026-03-26 13:41:09:674 [OUT] 25 A5 01 08 31 02 D8 3F 53 E7 (10)
                              [N8:R] INTERRUPT '?'
2026-03-26 13:41:09:975 [IN ] C8 24 05 0B 25 A5 05 01 31 03 C9 3A 0B 48 04 98 C8 24 08 0C 25 A5 08 01 31 04 D8 3A 01 01 52 92 78 (33)
                              [N5:V] LFLAG ':' 11 (11)
                              [N8:R] INTERRUPT ':' 1 1 (257)
2026-03-26 13:41:09:996 [OUT] 25 A5 01 05 31 03 88 FF B0 71 6C (11)
                              [N5:V] RUN 255 176 (-80)
2026-03-26 13:41:10:018 [OUT] 25 A5 01 08 31 03 CA 3D 0B 4F 1B (11)
                              [N8:R] RFLAG '=' 11 (11)
2026-03-26 13:41:10:164 [IN ] C8 24 05 0C 25 A5 05 01 31 04 88 53 FF B0 C5 30 78 (17)
                              [N5:V] RUN 'S' 255 176 (-80)
2026-03-26 13:41:10:289 [IN ] C8 24 08 0B 25 A5 08 01 31 03 CA 3A 0B 4C 1C 30 (16)
                              [N8:R] RFLAG ':' 11 (11)
2026-03-26 13:41:10:312 [OUT] 25 A5 01 08 31 03 88 00 50 15 20 (11)
                              [N8:R] RUN 0 80 (80)
2026-03-26 13:41:10:459 [IN ] C8 24 08 0C 25 A5 08 01 31 (9)
2026-03-26 13:41:10:481 [IN ] 04 88 53 00 50 69 EA 78 (8)
                              [N8:R] RUN 'S' 0 80 (80)
2026-03-26 13:41:12:890 [IN ] C8 24 03 0E 25 A5 03 01 31 06 81 45 FF FD 4E 96 E1 5D 31 (19)
                              [N3:X] TPOS 'E' 255 253 78 150 (-176490)
2026-03-26 13:41:13:695 [IN ] C8 24 0C 0E 25 A5 0C 01 31 06 81 45 FF BC CD C5 57 21 31 (19)
                              [N12:Z] TPOS 'E' 255 188 205 197 (-4403771)
2026-03-26 13:41:14:121 [OUT] 25 A5 01 0C 31 05 81 FF D1 1A 67 15 6D (13)
                              [N12:Z] TPOS 255 209 26 103 (-3073433)
2026-03-26 13:41:14:291 [IN ] C8 24 0C 0E 25 A5 0C 01 31 06 81 53 FF BC CD D9 79 7B 31 (19)
                              [N12:Z] TPOS 'S' 255 188 205 217 (-4403751)
2026-03-26 13:41:14:893 [IN ] C8 24 05 0B 25 A5 05 01 31 03 81 5A 4C 61 AD D9 (16)
                              [N5:V] TPOS 'Z' 76 (76)
2026-03-26 13:41:15:095 [IN ] C8 24 05 0A 25 A5 05 01 31 02 81 49 03 38 AD (15)
                              [N5:V] TPOS 'I'
2026-03-26 13:41:15:318 [OUT] 25 A5 01 05 31 03 C9 3D 09 49 04 (11)
                              [N5:V] LFLAG '=' 9 (9)
2026-03-26 13:41:15:507 [IN ] C8 24 05 0B 25 A5 05 01 31 03 C9 3A 09 46 02 D9 (16)
                              [N5:V] LFLAG ':' 9 (9)
2026-03-26 13:41:15:529 [OUT] 25 A5 01 05 31 03 84 00 50 0E 02 (11)
                              [N5:V] VEL 0 80 (80)
2026-03-26 13:41:15:698 [IN ] C8 24 05 0C 25 A5 05 01 31 04 84 53 00 50 62 C2 79 (17)
                              [N5:V] VEL 'S' 0 80 (80)
2026-03-26 13:41:15:719 [OUT] 25 A5 01 05 31 05 81 00 19 82 3C 94 B6 (13)
                              [N5:V] TPOS 0 25 130 60 (1671740)
2026-03-26 13:41:15:908 [IN ] C8 24 05 0E 25 A5 05 01 31 06 81 53 00 00 00 00 11 92 31 (19)
                              [N5:V] TPOS 'S' 0 0 0 0 (0)
2026-03-26 13:41:16:311 [IN ] C8 24 07 0E 25 A5 07 01 31 06 81 45 FF AB 14 F8 BB 7D 31 (19)
                              [N7:N] TPOS 'E' 255 171 20 248 (-5565192)
2026-03-26 13:41:16:736 [OUT] 25 A5 01 07 31 05 81 FF F3 35 BF A5 39 (13)
                              [N7:N] TPOS 255 243 53 191 (-838209)
2026-03-26 13:41:16:945 [IN ] C8 24 07 0E 25 A5 07 01 31 06 81 53 FF AB 14 FE CF C9 31 (19)
                              [N7:N] TPOS 'S' 255 171 20 254 (-5565186)
2026-03-26 13:41:19:352 [IN ] C8 24 08 0B 25 A5 08 01 31 03 81 5A 52 6A C8 FE (16)
                              [N8:R] TPOS 'Z' 82 (82)
2026-03-26 13:41:19:555 [IN ] C8 24 08 0A 25 A5 08 01 31 02 81 49 06 4A C8 (15)
                              [N8:R] TPOS 'I'
2026-03-26 13:41:19:778 [OUT] 25 A5 01 08 31 03 CA 3D 09 4D 19 (11)
                              [N8:R] RFLAG '=' 9 (9)
2026-03-26 13:41:19:968 [IN ] C8 24 08 0B 25 A5 08 01 31 03 CA 3A 09 4A 1A FE (16)
                              [N8:R] RFLAG ':' 9 (9)
2026-03-26 13:41:19:989 [OUT] 25 A5 01 08 31 05 81 FF DC 77 1D 2F DE (13)
                              [N8:R] TPOS 255 220 119 29 (-2328803)
2026-03-26 13:41:20:178 [IN ] C8 24 08 0E 25 A5 08 01 31 06 81 53 FF FF FF E4 F5 8B 31 (19)
                              [N8:R] TPOS 'S' 255 255 255 228 (-28)
2026-03-26 13:41:20:982 [IN ] C8 24 0C 0E 25 A5 0C 01 31 06 81 45 FF D1 1D 9E 95 D9 31 (19)
                              [N12:Z] TPOS 'E' 255 209 29 158 (-3072610)
2026-03-26 13:41:23:793 [IN ] C8 24 05 0E 25 A5 05 01 31 06 81 45 00 19 86 83 25 26 31 (19)
                              [N5:V] TPOS 'E' 0 25 134 131 (1672835)
2026-03-26 13:41:24:216 [OUT] 25 A5 01 05 31 05 81 00 0D 03 C1 8E 19 (13)
                              [N5:V] TPOS 0 13 3 193 (852929)
2026-03-26 13:41:24:405 [IN ] C8 24 05 0E 25 A5 05 01 31 06 81 53 00 19 86 83 33 6C 31 (19)
                              [N5:V] TPOS 'S' 0 25 134 131 (1672835)
2026-03-26 13:41:29:221 [IN ] C8 24 05 0E 25 A5 05 01 31 06 81 45 00 0D 02 08 1A 7F 31 (19)
                              [N5:V] TPOS 'E' 0 13 2 8 (852488)
2026-03-26 13:41:29:444 [OUT] 25 A5 01 03 31 05 81 FF ED B1 30 88 70 (13)
                              [N3:X] TPOS 255 237 177 48 (-1199824)
2026-03-26 13:41:29:466 [OUT] 25 A5 01 04 31 05 81 FF F3 BD 0C 77 7E (13)
                              [N4:Y] TPOS 255 243 189 12 (-803572)
2026-03-26 13:41:29:633 [IN ] C8 24 03 0E 25 A5 03 01 31 06 81 53 FF FD 4E 96 EF A3 31 (19)
                              [N3:X] TPOS 'S' 255 253 78 150 (-176490)
2026-03-26 13:41:29:760 [IN ] C8 24 04 0E 25 A5 04 01 31 06 81 53 FF FD 4F 94 EF AD 31 (19)
                              [N4:Y] TPOS 'S' 255 253 79 148 (-176236)
2026-03-26 13:41:33:373 [IN ] C8 24 04 0E 25 A5 04 01 31 06 81 45 FF F3 BC 25 D5 B4 31 (19)
                              [N4:Y] TPOS 'E' 255 243 188 37 (-803803)
2026-03-26 13:41:33:775 [IN ] C8 24 08 0E 25 A5 08 01 31 06 81 45 FF DC 75 1F 75 03 31 (19)
                              [N8:R] TPOS 'E' 255 220 117 31 (-2329313)
2026-03-26 13:41:34:199 [OUT] 25 A5 01 08 31 05 81 FF EE 15 56 18 89 (13)
                              [N8:R] TPOS 255 238 21 86 (-1174186)
2026-03-26 13:41:34:389 [IN ] C8 24 08 0E 25 A5 08 01 31 06 81 53 FF DC 75 28 8C 52 31 (19)
                              [N8:R] TPOS 'S' 255 220 117 40 (-2329304)
2026-03-26 13:41:36:598 [IN ] C8 24 03 0E 25 A5 03 01 31 06 81 45 FF ED B0 A3 40 FE 31 (19)
                              [N3:X] TPOS 'E' 255 237 176 163 (-1199965)
2026-03-26 13:41:37:804 [IN ] C8 24 07 0E 25 A5 07 01 31 06 81 45 FF F3 3A 87 B8 30 31 (19)
                              [N7:N] TPOS 'E' 255 243 58 135 (-836985)
2026-03-26 13:41:42:419 [IN ] C8 24 08 0E 25 A5 08 01 31 06 81 45 FF EE 15 32 3A 8C 31 (19)
                              [N8:R] TPOS 'E' 255 238 21 50 (-1174222)
