2025-12-09 13:21:33:368 [OUT] 25 A5 01 0A 31 05 D6 3D FF 00 00 53 ED (13)
                              [N10:HMI] HMILED '=' 255 0 0 (16711680)
2025-12-09 13:21:33:390 [OUT] 25 A5 01 03 31 02 D8 3F 4E CE (10)
                              [N3:X] INTERRUPT '?'
2025-12-09 13:21:33:691 [IN ] C8 24 0A 0D 25 A5 0A 01 31 05 D6 3A FF 00 00 50 EA 00 C8 24 03 0C 25 A5 03 01 31 04 D8 3A 01 01 4D 6A EA (35)
                              [N10:HMI] HMILED ':' 255 0 0 (16711680)
                              [N3:X] INTERRUPT ':' 1 1 (257)
2025-12-09 13:21:33:712 [OUT] 25 A5 01 09 31 03 C9 3D 09 4D 1C (11)
                              [N9:P] LFLAG '=' 9 (9)
2025-12-09 13:21:33:736 [OUT] 25 A5 01 04 31 02 D8 3F 4F D3 (10)
                              [N4:Y] INTERRUPT '?'
2025-12-09 13:21:34:037 [IN ] C8 24 09 0B 25 A5 09 01 31 03 C9 3A 09 4A 1E 6A C8 24 04 0C 25 A5 04 01 31 04 D8 3A 01 01 4E 72 EA (33)
                              [N9:P] LFLAG ':' 9 (9)
                              [N4:Y] INTERRUPT ':' 1 1 (257)
2025-12-09 13:21:34:059 [OUT] 25 A5 01 09 31 03 CA 3D 09 4E 1F (11)
                              [N9:P] RFLAG '=' 9 (9)
2025-12-09 13:21:34:082 [OUT] 25 A5 01 0C 31 02 D8 3F 57 FB (10)
                              [N12:Z] INTERRUPT '?'
2025-12-09 13:21:34:384 [IN ] C8 24 09 0B 25 A5 09 01 31 03 CA 3A 09 4B 21 72 C8 24 0C 0C 25 A5 0C 01 31 04 D8 3A 01 01 56 B2 EA (33)
                              [N9:P] RFLAG ':' 9 (9)
                              [N12:Z] INTERRUPT ':' 1 1 (257)
2025-12-09 13:21:34:406 [OUT] 25 A5 01 08 31 03 C9 3D 09 4C 16 (11)
                              [N8:R] LFLAG '=' 9 (9)
2025-12-09 13:21:34:426 [OUT] 25 A5 01 03 31 03 C9 3D 0B 49 FA (11)
                              [N3:X] LFLAG '=' 11 (11)
2025-12-09 13:21:34:447 [OUT] 25 A5 01 04 31 03 C9 3D 0B 4A 00 (11)
                              [N4:Y] LFLAG '=' 11 (11)
2025-12-09 13:21:34:469 [OUT] 25 A5 01 0C 31 03 C9 3D 0B 52 30 (11)
                              [N12:Z] LFLAG '=' 11 (11)
2025-12-09 13:21:34:575 [IN ] C8 24 08 0B 25 A5 08 01 31 03 C9 3A 09 49 17 B2 (16)
                              [N8:R] LFLAG ':' 9 (9)
2025-12-09 13:21:34:597 [OUT] 25 A5 01 08 31 03 CA 3D 09 4D 19 (11)
                              [N8:R] RFLAG '=' 9 (9)
2025-12-09 13:21:34:681 [IN ] C8 24 03 0B 25 A5 03 01 31 03 C9 3A 0B 46 F6 B2 (16)
                              [N3:X] LFLAG ':' 11 (11)
2025-12-09 13:21:34:702 [OUT] 25 A5 01 03 31 03 88 00 50 10 02 (11)
                              [N3:X] RUN 0 80 (80)
2025-12-09 13:21:34:785 [IN ] C8 24 04 0B 25 A5 04 01 31 03 C9 3A 0B 47 FD B2 (16)
                              [N4:Y] LFLAG ':' 11 (11)
2025-12-09 13:21:34:807 [OUT] 25 A5 01 04 31 03 88 00 50 11 08 (11)
                              [N4:Y] RUN 0 80 (80)
2025-12-09 13:21:34:891 [IN ] C8 24 0C 0B 25 A5 0C 01 31 03 C9 3A 0B 4F 35 B2 (16)
                              [N12:Z] LFLAG ':' 11 (11)
2025-12-09 13:21:34:913 [OUT] 25 A5 01 0C 31 03 88 00 50 19 38 (11)
                              [N12:Z] RUN 0 80 (80)
2025-12-09 13:21:35:016 [IN ] C8 24 08 0B 25 A5 08 01 31 03 CA 3A 09 4A 1A B2 (16)
                              [N8:R] RFLAG ':' 9 (9)
2025-12-09 13:21:35:121 [IN ] C8 24 03 0C 25 A5 03 01 31 04 88 53 00 50 64 C2 EA (17)
                              [N3:X] RUN 'S' 0 80 (80)
2025-12-09 13:21:35:225 [IN ] C8 24 04 0C 25 A5 04 01 31 04 88 53 00 50 65 CA EA (17)
                              [N4:Y] RUN 'S' 0 80 (80)
2025-12-09 13:21:35:330 [IN ] C8 24 0C 0C 25 A5 0C 01 31 04 88 53 00 50 6D 0A EA (17)
                              [N12:Z] RUN 'S' 0 80 (80)
2025-12-09 13:21:41:152 [IN ] C8 24 04 0B 25 A5 04 01 31 03 81 5A 4C 60 A6 0A C8 24 04 0A 25 A5 04 01 31 02 81 49 02 32 A6 (31)
                              [N4:Y] TPOS 'Z' 76 (76)
                              [N4:Y] TPOS 'I'
2025-12-09 13:21:41:376 [OUT] 25 A5 01 09 31 02 D8 3F 54 EC (10)
                              [N9:P] INTERRUPT '?'
2025-12-09 13:21:41:677 [IN ] C8 24 09 0C 25 A5 09 01 31 04 D8 3A 01 01 53 9A EA (17)
                              [N9:P] INTERRUPT ':' 1 1 (257)
2025-12-09 13:21:41:698 [OUT] 25 A5 01 04 31 03 C9 3D 09 48 FE (11)
                              [N4:Y] LFLAG '=' 9 (9)
2025-12-09 13:21:41:720 [OUT] 25 A5 01 07 31 02 D8 3F 52 E2 (10)
                              [N7:N] INTERRUPT '?'
2025-12-09 13:21:42:021 [IN ] C8 24 04 0B 25 A5 04 01 31 03 C9 3A 09 45 FB 9A C8 24 07 0C 25 A5 07 01 31 04 D8 3A 01 01 51 8A EA (33)
                              [N4:Y] LFLAG ':' 9 (9)
                              [N7:N] INTERRUPT ':' 1 1 (257)
2025-12-09 13:21:42:042 [OUT] 25 A5 01 09 31 03 C9 3D 0B 4F 1E (11)
                              [N9:P] LFLAG '=' 11 (11)
2025-12-09 13:21:42:064 [OUT] 25 A5 01 07 31 03 C9 3D 0B 4D 12 (11)
                              [N7:N] LFLAG '=' 11 (11)
2025-12-09 13:21:42:213 [IN ] C8 24 09 0B 25 A5 09 01 31 03 C9 3A 0B 4C 20 8A (16)
                              [N9:P] LFLAG ':' 11 (11)
2025-12-09 13:21:42:234 [OUT] 25 A5 01 09 31 03 88 00 50 16 26 (11)
                              [N9:P] RUN 0 80 (80)
2025-12-09 13:21:42:340 [IN ] C8 24 07 0B 25 A5 07 01 31 03 C9 3A 0B 4A 12 8A (16)
                              [N7:N] LFLAG ':' 11 (11)
2025-12-09 13:21:42:361 [OUT] 25 A5 01 07 31 03 88 00 50 14 1A (11)
                              [N7:N] RUN 0 80 (80)
2025-12-09 13:21:42:423 [IN ] C8 24 09 0C 25 A5 09 01 31 04 88 53 00 50 6A F2 EA (17)
                              [N9:P] RUN 'S' 0 80 (80)
2025-12-09 13:21:42:486 [IN ] C8 24 09 0B 25 A5 09 01 31 03 81 5A 4C 65 C9 F2 (16)
                              [N9:P] TPOS 'Z' 76 (76)
2025-12-09 13:21:42:550 [IN ] C8 24 09 0A 25 A5 09 01 31 02 81 49 07 50 C9 C8 24 07 0C 25 A5 07 01 31 04 88 53 00 50 68 E2 EA (32)
                              [N9:P] TPOS 'I'
                              [N7:N] RUN 'S' 0 80 (80)
2025-12-09 13:21:42:773 [OUT] 25 A5 01 09 31 03 C9 3D 09 4D 1C (11)
                              [N9:P] LFLAG '=' 9 (9)
2025-12-09 13:21:42:795 [OUT] 25 A5 01 04 31 05 81 FF EE 88 01 32 FA (13)
                              [N4:Y] TPOS 255 238 136 1 (-1144831)
2025-12-09 13:21:42:942 [IN ] C8 24 09 0B 25 A5 09 01 31 03 C9 3A 09 4A 1E E2 (16)
                              [N9:P] LFLAG ':' 9 (9)
2025-12-09 13:21:43:068 [IN ] C8 24 04 0E 25 A5 04 01 31 06 81 53 00 00 00 00 10 88 0A (19)
                              [N4:Y] TPOS 'S' 0 0 0 0 (0)
2025-12-09 13:21:44:274 [IN ] C8 24 03 0B 25 A5 03 01 31 03 81 5A 4C 5F 9F 00 C8 24 03 0A 25 A5 03 01 31 02 81 49 01 2C 9F (31)
                              [N3:X] TPOS 'Z' 76 (76)
                              [N3:X] TPOS 'I'
2025-12-09 13:21:44:497 [OUT] 25 A5 01 03 31 03 C9 3D 09 47 F8 (11)
                              [N3:X] LFLAG '=' 9 (9)
2025-12-09 13:21:44:644 [IN ] C8 24 03 0B 25 A5 03 01 31 03 C9 3A 09 44 F4 00 (16)
                              [N3:X] LFLAG ':' 9 (9)
2025-12-09 13:21:46:249 [IN ] C8 24 07 0B 25 A5 07 01 31 03 81 5A 4C 63 BB 00 (16)
                              [N7:N] TPOS 'Z' 76 (76)
2025-12-09 13:21:46:451 [IN ] C8 24 07 0A 25 A5 07 01 31 02 81 49 05 44 BB (15)
                              [N7:N] TPOS 'I'
2025-12-09 13:21:46:675 [OUT] 25 A5 01 07 31 03 C9 3D 09 4B 10 (11)
                              [N7:N] LFLAG '=' 9 (9)
2025-12-09 13:21:46:822 [IN ] C8 24 07 0B 25 A5 07 01 31 03 C9 3A 09 48 10 00 (16)
                              [N7:N] LFLAG ':' 9 (9)
2025-12-09 13:21:48:829 [IN ] C8 24 04 0E 25 A5 04 01 31 06 81 45 FF EE 85 1F 93 31 0A (19)
                              [N4:Y] TPOS 'E' 255 238 133 31 (-1145569)
2025-12-09 13:21:49:052 [OUT] 25 A5 01 09 31 05 81 FF E7 5D 56 5A 0C (13)
                              [N9:P] TPOS 255 231 93 86 (-1614506)
2025-12-09 13:21:49:074 [OUT] 25 A5 01 04 31 05 81 FF FD 50 01 09 B7 (13)
                              [N4:Y] TPOS 255 253 80 1 (-176127)
2025-12-09 13:21:49:097 [OUT] 25 A5 01 07 31 05 81 FF AB 19 75 F7 DF (13)
                              [N7:N] TPOS 255 171 25 117 (-5564043)
2025-12-09 13:21:49:118 [OUT] 25 A5 01 03 31 05 81 FF EC 4A AB 9B 1A (13)
                              [N3:X] TPOS 255 236 74 171 (-1291605)
2025-12-09 13:21:49:140 [OUT] 25 A5 01 06 31 02 D8 3F 51 DD (10)
                              [N6:H] INTERRUPT '?'
2025-12-09 13:21:49:443 [IN ] C8 24 09 0E 25 A5 09 01 31 06 81 53 FF FF FF F2 04 A3 0A C8 24 04 0E 25 A5 04 01 31 06 81 53 FF EE 85 1F A1 77 0A (38)
                              [N9:P] TPOS 'S' 255 255 255 242 (-14)
                              [N4:Y] TPOS 'S' 255 238 133 31 (-1145569)
2025-12-09 13:21:49:744 [IN ] C8 24 07 0E 25 A5 07 01 31 06 81 53 FF FF FF FE 0E 9B 0A C8 24 03 0E 25 A5 03 01 31 06 81 53 00 00 00 00 0F 7E 0A C8 24 06 0C 25 A5 06 01 31 04 D8 3A 01 01 50 82 0F (55)
                              [N7:N] TPOS 'S' 255 255 255 254 (-2)
                              [N3:X] TPOS 'S' 0 0 0 0 (0)
                              [N6:H] INTERRUPT ':' 1 1 (257)
2025-12-09 13:21:49:765 [OUT] 25 A5 01 06 31 03 C9 3D 0B 4C 0C (11)
                              [N6:H] LFLAG '=' 11 (11)
2025-12-09 13:21:49:935 [IN ] C8 24 06 0B 25 A5 06 01 31 03 C9 3A 0B 49 0B 82 (16)
                              [N6:H] LFLAG ':' 11 (11)
2025-12-09 13:21:49:958 [OUT] 25 A5 01 06 31 03 88 FF B0 72 72 (11)
                              [N6:H] RUN 255 176 (-80)
2025-12-09 13:21:50:124 [IN ] C8 24 06 0C 25 A5 06 01 31 04 88 53 FF B0 C6 38 0F (17)
                              [N6:H] RUN 'S' 255 176 (-80)
2025-12-09 13:21:50:526 [IN ] C8 24 0C 0B 25 A5 0C 01 31 03 81 5A 4C 68 DE 38 C8 24 0C 0A 25 A5 0C 01 31 02 81 49 0A 62 DE (31)
                              [N12:Z] TPOS 'Z' 76 (76)
                              [N12:Z] TPOS 'I'
2025-12-09 13:21:50:748 [OUT] 25 A5 01 0C 31 03 C9 3D 09 50 2E (11)
                              [N12:Z] LFLAG '=' 9 (9)
2025-12-09 13:21:50:918 [IN ] C8 24 0C 0B 25 A5 0C 01 31 03 C9 3A 09 4D 33 38 (16)
                              [N12:Z] LFLAG ':' 9 (9)
2025-12-09 13:21:50:939 [OUT] 25 A5 01 0C 31 05 81 FF BC D0 00 4F 33 (13)
                              [N12:Z] TPOS 255 188 208 0 (-4403200)
2025-12-09 13:21:51:146 [IN ] C8 24 0C 0E 25 A5 0C 01 31 06 81 53 FF FF FF 2F 44 FE 0A (19)
                              [N12:Z] TPOS 'S' 255 255 255 47 (-209)
2025-12-09 13:21:54:361 [IN ] C8 24 06 0B 25 A5 06 01 31 03 81 5A 4C 62 B4 2F C8 24 06 0A 25 A5 06 01 31 02 81 49 04 3E B4 (31)
                              [N6:H] TPOS 'Z' 76 (76)
                              [N6:H] TPOS 'I'
2025-12-09 13:21:54:584 [OUT] 25 A5 01 06 31 03 C9 3D 09 4A 0A (11)
                              [N6:H] LFLAG '=' 9 (9)
2025-12-09 13:21:54:751 [IN ] C8 24 06 0B 25 A5 06 01 31 03 C9 3A 09 47 09 2F (16)
                              [N6:H] LFLAG ':' 9 (9)
2025-12-09 13:21:54:772 [OUT] 25 A5 01 06 31 03 84 00 50 0F 08 (11)
                              [N6:H] VEL 0 80 (80)
2025-12-09 13:21:54:939 [IN ] C8 24 06 0C 25 (5)
2025-12-09 13:21:54:960 [IN ] A5 06 01 31 04 84 53 00 50 63 CA 44 (12)
                              [N6:H] VEL 'S' 0 80 (80)
2025-12-09 13:21:54:981 [OUT] 25 A5 01 06 31 05 81 00 19 82 3C 95 BE (13)
                              [N6:H] TPOS 0 25 130 60 (1671740)
2025-12-09 13:21:55:169 [IN ] C8 24 06 0E 25 A5 06 01 31 06 81 53 00 00 00 00 12 9C 0A (19)
                              [N6:H] TPOS 'S' 0 0 0 0 (0)
2025-12-09 13:21:56:373 [IN ] C8 24 03 0E 25 A5 03 01 31 06 81 45 FF EC 48 40 74 C8 0A (19)
                              [N3:X] TPOS 'E' 255 236 72 64 (-1292224)
2025-12-09 13:21:56:777 [IN ] C8 24 04 0E 25 A5 04 01 31 06 81 45 FF FD 50 3B 89 10 0A (19)
                              [N4:Y] TPOS 'E' 255 253 80 59 (-176069)
2025-12-09 13:21:56:798 [OUT] 25 A5 01 03 31 05 81 FF FD 50 01 08 AF (13)
                              [N3:X] TPOS 255 253 80 1 (-176127)
2025-12-09 13:21:56:985 [IN ] C8 24 03 0E 25 A5 03 01 31 06 81 53 FF EC 48 40 82 0E 0A (19)
                              [N3:X] TPOS 'S' 255 236 72 64 (-1292224)
2025-12-09 13:21:57:588 [IN ] C8 24 09 0E 25 A5 09 01 31 06 81 45 FF E7 5A 5C A3 35 0A (19)
                              [N9:P] TPOS 'E' 255 231 90 92 (-1615268)
2025-12-09 13:21:58:013 [OUT] 25 A5 01 09 31 05 81 FF FF D9 C8 60 BE (13)
                              [N9:P] TPOS 255 255 217 200 (-9784)
2025-12-09 13:21:58:202 [IN ] C8 24 09 0E 25 A5 09 01 31 06 81 53 FF E7 5A 5F B4 7E 0A (19)
                              [N9:P] TPOS 'S' 255 231 90 95 (-1615265)
2025-12-09 13:22:03:021 [IN ] C8 24 06 0E 25 A5 06 01 31 06 81 45 00 19 85 9A 3C 45 0A (19)
                              [N6:H] TPOS 'E' 0 25 133 154 (1672602)
2025-12-09 13:22:03:444 [OUT] 25 A5 01 06 31 05 81 00 0D 03 C1 8F 21 (13)
                              [N6:H] TPOS 0 13 3 193 (852929)
2025-12-09 13:22:03:633 [IN ] C8 24 06 0E 25 A5 06 01 31 06 81 53 00 19 85 9A 4A 8B 0A (19)
                              [N6:H] TPOS 'S' 0 25 133 154 (1672602)
2025-12-09 13:22:05:843 [IN ] C8 24 03 0E 25 A5 03 01 31 06 81 45 FF FD 50 5E AB 29 0A (19)
                              [N3:X] TPOS 'E' 255 253 80 94 (-176034)
2025-12-09 13:22:06:646 [IN ] C8 24 09 0E 25 A5 09 01 31 06 81 45 FF FF DC 57 38 7C 0A (19)
                              [N9:P] TPOS 'E' 255 255 220 87 (-9129)
2025-12-09 13:22:06:869 [OUT] 25 A5 01 08 31 02 D8 3F 53 E7 (10)
                              [N8:R] INTERRUPT '?'
2025-12-09 13:22:07:170 [IN ] C8 24 08 0C 25 A5 08 01 31 04 D8 3A 01 01 52 92 38 (17)
                              [N8:R] INTERRUPT ':' 1 1 (257)
2025-12-09 13:22:07:192 [OUT] 25 A5 01 08 31 03 CA 3D 0B 4F 1B (11)
                              [N8:R] RFLAG '=' 11 (11)
2025-12-09 13:22:07:381 [IN ] C8 24 08 0B 25 A5 08 01 31 03 CA 3A 0B 4C 1C 92 (16)
                              [N8:R] RFLAG ':' 11 (11)
2025-12-09 13:22:07:402 [OUT] 25 A5 01 08 31 03 88 00 50 15 20 (11)
                              [N8:R] RUN 0 80 (80)
2025-12-09 13:22:07:444 [IN ] C8 24 06 0E 25 A5 06 01 31 06 81 45 00 0C FF 23 32 9B 0A (19)
                              [N6:H] TPOS 'E' 0 12 255 35 (851747)
2025-12-09 13:22:07:486 [OUT] 25 A5 01 05 31 02 D8 3F 50 D8 (10)
                              [N5:V] INTERRUPT '?'
2025-12-09 13:22:07:787 [IN ] C8 24 08 0C 25 A5 08 01 31 04 88 53 00 50 69 EA 32 C8 24 05 0C 25 A5 05 01 31 04 D8 3A 01 01 4F 7A 32 (34)
                              [N8:R] RUN 'S' 0 80 (80)
                              [N5:V] INTERRUPT ':' 1 1 (257)
2025-12-09 13:22:07:808 [OUT] 25 A5 01 05 31 03 C9 3D 0B 4B 06 (11)
                              [N5:V] LFLAG '=' 11 (11)
2025-12-09 13:22:07:975 [IN ] C8 24 05 0B 25 A5 05 01 31 03 C9 3A 0B 48 04 7A (16)
                              [N5:V] LFLAG ':' 11 (11)
2025-12-09 13:22:07:997 [OUT] 25 A5 01 05 31 03 88 FF B0 71 6C (11)
                              [N5:V] RUN 255 176 (-80)
2025-12-09 13:22:08:163 [IN ] C8 24 05 0C 25 A5 05 01 31 04 88 53 FF B0 C5 30 32 (17)
                              [N5:V] RUN 'S' 255 176 (-80)
2025-12-09 13:22:12:780 [IN ] C8 24 0C 0E 25 A5 0C 01 31 06 81 45 FF BC CC BE 4F 18 0A (19)
                              [N12:Z] TPOS 'E' 255 188 204 190 (-4404034)
2025-12-09 13:22:12:982 [IN ] C8 24 05 0B 25 A5 05 01 31 03 81 5A 4C 61 AD BE C8 24 05 0A 25 A5 05 01 31 02 81 49 03 38 AD (31)
                              [N5:V] TPOS 'Z' 76 (76)
                              [N5:V] TPOS 'I'
2025-12-09 13:22:13:204 [OUT] 25 A5 01 0C 31 05 81 FF D1 1A 67 15 6D (13)
                              [N12:Z] TPOS 255 209 26 103 (-3073433)
2025-12-09 13:22:13:226 [OUT] 25 A5 01 05 31 03 C9 3D 09 49 04 (11)
                              [N5:V] LFLAG '=' 9 (9)
2025-12-09 13:22:13:373 [IN ] C8 24 0C 0E 25 A5 0C 01 31 06 81 53 FF BC CC C9 68 69 0A (19)
                              [N12:Z] TPOS 'S' 255 188 204 201 (-4404023)
2025-12-09 13:22:13:497 [IN ] C8 24 05 0B 25 A5 05 01 31 03 C9 3A 09 46 02 C9 (16)
                              [N5:V] LFLAG ':' 9 (9)
2025-12-09 13:22:13:519 [OUT] 25 A5 01 05 31 03 84 00 50 0E 02 (11)
                              [N5:V] VEL 0 80 (80)
2025-12-09 13:22:13:685 [IN ] C8 24 05 0C 25 A5 05 01 31 04 84 53 00 50 62 C2 68 (17)
                              [N5:V] VEL 'S' 0 80 (80)
2025-12-09 13:22:13:707 [OUT] 25 A5 01 05 31 05 81 00 19 82 3C 94 B6 (13)
                              [N5:V] TPOS 0 25 130 60 (1671740)
2025-12-09 13:22:13:915 [IN ] C8 24 05 0E 25 A5 05 01 31 06 81 53 00 00 00 00 11 92 0A (19)
                              [N5:V] TPOS 'S' 0 0 0 0 (0)
2025-12-09 13:22:14:318 [IN ] C8 24 07 0E 25 A5 07 01 31 06 81 45 FF AB 14 82 45 07 0A (19)
                              [N7:N] TPOS 'E' 255 171 20 130 (-5565310)
2025-12-09 13:22:14:741 [OUT] 25 A5 01 07 31 05 81 FF F3 35 BF A5 39 (13)
                              [N7:N] TPOS 255 243 53 191 (-838209)
2025-12-09 13:22:14:844 [IN ] C8 24 08 0B 25 A5 08 01 31 03 81 5A 52 6A (14)
2025-12-09 13:22:14:866 [IN ] C8 82 (2)
                              [N8:R] TPOS 'Z' 82 (82)
2025-12-09 13:22:14:908 [IN ] C8 24 08 0A 25 A5 08 01 31 02 81 49 06 4A C8 (15)
                              [N8:R] TPOS 'I'
2025-12-09 13:22:14:931 [IN ] C8 24 07 0E 25 A5 07 01 31 06 81 53 FF AB 14 82 53 4D 0A (19)
                              [N7:N] TPOS 'S' 255 171 20 130 (-5565310)
2025-12-09 13:22:14:952 [OUT] 25 A5 01 08 31 03 CA 3D 09 4D 19 (11)
                              [N8:R] RFLAG '=' 9 (9)
2025-12-09 13:22:15:099 [IN ] C8 24 08 0B 25 A5 08 01 31 03 CA 3A 09 4A 1A 82 (16)
                              [N8:R] RFLAG ':' 9 (9)
2025-12-09 13:22:15:120 [OUT] 25 A5 01 08 31 05 81 FF DC 77 1D 2F DE (13)
                              [N8:R] TPOS 255 220 119 29 (-2328803)
2025-12-09 13:22:15:307 [IN ] C8 24 08 0E 25 A5 08 01 31 06 81 53 FF FF FF C7 D8 6E 0A (19)
                              [N8:R] TPOS 'S' 255 255 255 199 (-57)
2025-12-09 13:22:19:723 [IN ] C8 24 0C 0E 25 A5 0C 01 31 06 81 45 FF D1 1E 62 5A 9F 0A (19)
                              [N12:Z] TPOS 'E' 255 209 30 98 (-3072414)
2025-12-09 13:22:21:730 [IN ] C8 24 05 0E 25 A5 05 01 31 06 81 45 00 19 86 93 35 36 0A (19)
                              [N5:V] TPOS 'E' 0 25 134 147 (1672851)
2025-12-09 13:22:22:154 [OUT] 25 A5 01 05 31 05 81 00 0D 03 C1 8E 19 (13)
                              [N5:V] TPOS 0 13 3 193 (852929)
2025-12-09 13:22:22:342 [IN ] C8 24 05 0E 25 A5 05 01 31 06 81 53 00 19 86 93 43 7C 0A (19)
                              [N5:V] TPOS 'S' 0 25 134 147 (1672851)
2025-12-09 13:22:27:361 [IN ] C8 24 05 0E 25 A5 05 01 31 06 81 45 00 0D 01 F0 01 65 0A (19)
                              [N5:V] TPOS 'E' 0 13 1 240 (852464)
2025-12-09 13:22:27:586 [OUT] 25 A5 01 03 31 05 81 FF ED B1 30 88 70 (13)
                              [N3:X] TPOS 255 237 177 48 (-1199824)
2025-12-09 13:22:27:608 [OUT] 25 A5 01 04 31 05 81 FF F3 BD 0C 77 7E (13)
                              [N4:Y] TPOS 255 243 189 12 (-803572)
2025-12-09 13:22:27:650 [IN ] C8 24 08 0E 25 A5 08 01 31 06 81 45 FF DC 73 D0 24 B0 0A (19)
                              [N8:R] TPOS 'E' 255 220 115 208 (-2329648)
2025-12-09 13:22:27:714 [OUT] 25 A5 01 08 31 05 81 FF EE 15 56 18 89 (13)
                              [N8:R] TPOS 255 238 21 86 (-1174186)
2025-12-09 13:22:27:778 [IN ] C8 24 03 0E 25 A5 03 01 31 06 81 53 FF FD 50 5E B9 6F 0A (19)
                              [N3:X] TPOS 'S' 255 253 80 94 (-176034)
2025-12-09 13:22:27:903 [IN ] C8 24 04 0E 25 A5 04 01 31 06 81 53 FF FD 50 3B 97 56 0A (19)
                              [N4:Y] TPOS 'S' 255 253 80 59 (-176069)
2025-12-09 13:22:28:027 [IN ] C8 24 08 0E 25 A5 08 01 31 06 81 53 FF DC 73 D3 35 F9 0A (19)
                              [N8:R] TPOS 'S' 255 220 115 211 (-2329645)
2025-12-09 13:22:31:234 [IN ] C8 24 04 0E 25 A5 04 01 31 06 81 45 FF F3 B9 D6 83 5F 0A (19)
                              [N4:Y] TPOS 'E' 255 243 185 214 (-804394)
2025-12-09 13:22:33:037 [IN ] C8 24 03 0E 25 A5 03 01 31 06 81 45 FF ED AE 9D 38 F4 0A (19)
                              [N3:X] TPOS 'E' 255 237 174 157 (-1200483)
2025-12-09 13:22:35:247 [IN ] C8 24 08 0E 25 A5 08 01 31 06 81 45 FF EE 16 1E 27 7A 0A (19)
                              [N8:R] TPOS 'E' 255 238 22 30 (-1173986)
2025-12-09 13:22:36:050 [IN ] C8 24 07 0E 25 A5 07 01 31 06 81 45 FF F3 3A 43 74 EC 0A (19)
                              [N7:N] TPOS 'E' 255 243 58 67 (-837053)
