2025-12-09 12:36:20:609 [OUT] 25 A5 01 0A 31 05 D6 3D FF 00 00 53 ED (13)
                              [N10:HMI] HMILED '=' 255 0 0 (16711680)
2025-12-09 12:36:20:635 [OUT] 25 A5 01 03 31 02 D8 3F 4E CE (10)
                              [N3:X] INTERRUPT '?'
2025-12-09 12:36:20:936 [IN ] C8 24 0A 0D 25 A5 0A 01 31 05 D6 3A FF 00 00 50 EA BE C8 24 03 0C 25 A5 03 01 31 04 D8 3A 01 01 4D 6A EA (35)
                              [N10:HMI] HMILED ':' 255 0 0 (16711680)
                              [N3:X] INTERRUPT ':' 1 1 (257)
2025-12-09 12:36:20:958 [OUT] 25 A5 01 09 31 03 C9 3D 09 4D 1C (11)
                              [N9:P] LFLAG '=' 9 (9)
2025-12-09 12:36:20:981 [OUT] 25 A5 01 04 31 02 D8 3F 4F D3 (10)
                              [N4:Y] INTERRUPT '?'
2025-12-09 12:36:21:282 [IN ] C8 24 09 0B 25 A5 09 01 31 03 C9 3A 09 4A 1E 6A C8 24 04 0C 25 A5 04 01 31 04 D8 3A 01 01 4E 72 EA (33)
                              [N9:P] LFLAG ':' 9 (9)
                              [N4:Y] INTERRUPT ':' 1 1 (257)
2025-12-09 12:36:21:302 [OUT] 25 A5 01 09 31 03 CA 3D 09 4E 1F (11)
                              [N9:P] RFLAG '=' 9 (9)
2025-12-09 12:36:21:324 [OUT] 25 A5 01 0C 31 02 D8 3F 57 FB (10)
                              [N12:Z] INTERRUPT '?'
2025-12-09 12:36:21:628 [IN ] C8 24 09 0B 25 A5 09 01 31 03 CA 3A 09 4B 21 72 C8 24 0C 0C 25 A5 0C 01 31 04 D8 3A 01 01 56 B2 EA (33)
                              [N9:P] RFLAG ':' 9 (9)
                              [N12:Z] INTERRUPT ':' 1 1 (257)
2025-12-09 12:36:21:650 [OUT] 25 A5 01 08 31 03 C9 3D 09 4C 16 (11)
                              [N8:R] LFLAG '=' 9 (9)
2025-12-09 12:36:21:671 [OUT] 25 A5 01 03 31 03 C9 3D 0B 49 FA (11)
                              [N3:X] LFLAG '=' 11 (11)
2025-12-09 12:36:21:693 [OUT] 25 A5 01 04 31 03 C9 3D 0B 4A 00 (11)
                              [N4:Y] LFLAG '=' 11 (11)
2025-12-09 12:36:21:715 [OUT] 25 A5 01 0C 31 03 C9 3D 0B 52 30 (11)
                              [N12:Z] LFLAG '=' 11 (11)
2025-12-09 12:36:21:821 [IN ] C8 24 08 0B 25 A5 08 01 31 03 C9 3A 09 49 17 B2 (16)
                              [N8:R] LFLAG ':' 9 (9)
2025-12-09 12:36:21:843 [OUT] 25 A5 01 08 31 03 CA 3D 09 4D 19 (11)
                              [N8:R] RFLAG '=' 9 (9)
2025-12-09 12:36:21:930 [IN ] C8 24 03 0B 25 A5 03 01 31 03 C9 3A 0B 46 F6 B2 (16)
                              [N3:X] LFLAG ':' 11 (11)
2025-12-09 12:36:21:951 [OUT] 25 A5 01 03 31 03 88 00 50 10 02 (11)
                              [N3:X] RUN 0 80 (80)
2025-12-09 12:36:22:036 [IN ] C8 24 04 0B 25 A5 04 01 31 03 C9 3A 0B 47 FD B2 (16)
                              [N4:Y] LFLAG ':' 11 (11)
2025-12-09 12:36:22:057 [OUT] 25 A5 01 04 31 03 88 00 50 11 08 (11)
                              [N4:Y] RUN 0 80 (80)
2025-12-09 12:36:22:140 [IN ] C8 24 0C 0B 25 A5 0C 01 31 03 C9 3A 0B 4F 35 B2 (16)
                              [N12:Z] LFLAG ':' 11 (11)
2025-12-09 12:36:22:161 [OUT] 25 A5 01 0C 31 03 88 00 50 19 38 (11)
                              [N12:Z] RUN 0 80 (80)
2025-12-09 12:36:22:267 [IN ] C8 24 08 0B 25 A5 08 01 31 03 CA 3A 09 4A 1A B2 (16)
                              [N8:R] RFLAG ':' 9 (9)
2025-12-09 12:36:22:371 [IN ] C8 24 03 0C 25 A5 03 01 31 04 88 53 00 50 64 C2 EA (17)
                              [N3:X] RUN 'S' 0 80 (80)
2025-12-09 12:36:22:474 [IN ] C8 24 04 0C 25 A5 04 01 31 04 88 53 00 50 65 CA EA (17)
                              [N4:Y] RUN 'S' 0 80 (80)
2025-12-09 12:36:22:577 [IN ] C8 24 0C 0C 25 A5 0C 01 31 04 88 53 00 50 6D 0A EA (17)
                              [N12:Z] RUN 'S' 0 80 (80)
2025-12-09 12:36:28:400 [IN ] C8 24 04 0B 25 A5 04 01 31 03 81 5A 4C 60 A6 0A C8 24 04 0A 25 A5 04 01 31 02 81 49 02 32 A6 (31)
                              [N4:Y] TPOS 'Z' 76 (76)
                              [N4:Y] TPOS 'I'
2025-12-09 12:36:28:623 [OUT] 25 A5 01 09 31 02 D8 3F 54 EC (10)
                              [N9:P] INTERRUPT '?'
2025-12-09 12:36:28:925 [IN ] C8 24 09 0C 25 A5 09 01 31 04 D8 3A 01 01 53 9A EA (17)
                              [N9:P] INTERRUPT ':' 1 1 (257)
2025-12-09 12:36:28:946 [OUT] 25 A5 01 04 31 03 C9 3D 09 48 FE (11)
                              [N4:Y] LFLAG '=' 9 (9)
2025-12-09 12:36:28:968 [OUT] 25 A5 01 07 31 02 D8 3F 52 E2 (10)
                              [N7:N] INTERRUPT '?'
2025-12-09 12:36:29:272 [IN ] C8 24 04 0B 25 A5 04 01 31 03 C9 3A 09 45 FB 9A C8 24 07 0C 25 A5 07 01 31 04 D8 3A 01 01 51 8A EA (33)
                              [N4:Y] LFLAG ':' 9 (9)
                              [N7:N] INTERRUPT ':' 1 1 (257)
2025-12-09 12:36:29:293 [OUT] 25 A5 01 09 31 03 C9 3D 0B 4F 1E (11)
                              [N9:P] LFLAG '=' 11 (11)
2025-12-09 12:36:29:315 [OUT] 25 A5 01 07 31 03 C9 3D 0B 4D 12 (11)
                              [N7:N] LFLAG '=' 11 (11)
2025-12-09 12:36:29:463 [IN ] C8 24 09 0B 25 A5 09 01 31 03 C9 3A 0B 4C 20 8A (16)
                              [N9:P] LFLAG ':' 11 (11)
2025-12-09 12:36:29:484 [OUT] 25 A5 01 09 31 03 88 00 50 16 26 (11)
                              [N9:P] RUN 0 80 (80)
2025-12-09 12:36:29:568 [IN ] C8 24 07 0B 25 A5 07 01 31 03 C9 3A 0B 4A 12 8A (16)
                              [N7:N] LFLAG ':' 11 (11)
2025-12-09 12:36:29:589 [OUT] 25 A5 01 07 31 03 88 00 50 14 1A (11)
                              [N7:N] RUN 0 80 (80)
2025-12-09 12:36:29:673 [IN ] C8 24 09 0C 25 A5 09 01 31 04 88 53 00 50 6A F2 EA (17)
                              [N9:P] RUN 'S' 0 80 (80)
2025-12-09 12:36:29:737 [IN ] C8 24 09 0B 25 A5 09 01 31 03 81 5A 4C 65 C9 F2 (16)
                              [N9:P] TPOS 'Z' 76 (76)
2025-12-09 12:36:29:798 [IN ] C8 24 07 0C 25 A5 07 01 31 04 88 53 00 50 68 E2 EA C8 24 09 0A 25 A5 09 01 31 02 81 49 07 50 68 (32)
                              [N7:N] RUN 'S' 0 80 (80)
                              [N9:P] TPOS 'I'
2025-12-09 12:36:30:022 [OUT] 25 A5 01 09 31 03 C9 3D 09 4D 1C (11)
                              [N9:P] LFLAG '=' 9 (9)
2025-12-09 12:36:30:043 [OUT] 25 A5 01 04 31 05 81 FF EE 88 01 32 FA (13)
                              [N4:Y] TPOS 255 238 136 1 (-1144831)
2025-12-09 12:36:30:190 [IN ] C8 24 09 0B 25 A5 09 01 31 03 C9 3A 09 4A 1E E2 (16)
                              [N9:P] LFLAG ':' 9 (9)
2025-12-09 12:36:30:314 [IN ] C8 24 04 0E 25 A5 04 01 31 06 81 53 00 00 00 00 10 88 0A (19)
                              [N4:Y] TPOS 'S' 0 0 0 0 (0)
2025-12-09 12:36:31:521 [IN ] C8 24 03 0B 25 A5 03 01 31 03 81 5A 4C 5F 9F 00 C8 24 03 0A 25 A5 03 01 31 02 81 49 01 2C 9F (31)
                              [N3:X] TPOS 'Z' 76 (76)
                              [N3:X] TPOS 'I'
2025-12-09 12:36:31:743 [OUT] 25 A5 01 03 31 03 C9 3D 09 47 F8 (11)
                              [N3:X] LFLAG '=' 9 (9)
2025-12-09 12:36:31:910 [IN ] C8 24 03 0B 25 A5 03 01 31 03 C9 3A 09 44 F4 00 (16)
                              [N3:X] LFLAG ':' 9 (9)
2025-12-09 12:36:33:518 [IN ] C8 24 07 0B 25 A5 07 01 31 03 81 5A 4C 63 BB 00 C8 24 07 0A 25 A5 (22)
                              [N7:N] TPOS 'Z' 76 (76)
2025-12-09 12:36:33:720 [IN ] 07 01 31 02 81 49 05 44 BB (9)
                              [N7:N] TPOS 'I'
2025-12-09 12:36:33:945 [OUT] 25 A5 01 07 31 03 C9 3D 09 4B 10 (11)
                              [N7:N] LFLAG '=' 9 (9)
2025-12-09 12:36:34:132 [IN ] C8 24 07 0B 25 A5 07 01 31 03 C9 3A 09 48 10 00 (16)
                              [N7:N] LFLAG ':' 9 (9)
2025-12-09 12:36:36:140 [IN ] C8 24 04 0E 25 A5 04 01 31 06 81 45 FF EE 85 28 9C 3A 0A (19)
                              [N4:Y] TPOS 'E' 255 238 133 40 (-1145560)
2025-12-09 12:36:36:362 [OUT] 25 A5 01 09 31 05 81 FF E7 5D 56 5A 0C (13)
                              [N9:P] TPOS 255 231 93 86 (-1614506)
2025-12-09 12:36:36:384 [OUT] 25 A5 01 04 31 05 81 FF FD 50 01 09 B7 (13)
                              [N4:Y] TPOS 255 253 80 1 (-176127)
2025-12-09 12:36:36:406 [OUT] 25 A5 01 07 31 05 81 FF AB 19 75 F7 DF (13)
                              [N7:N] TPOS 255 171 25 117 (-5564043)
2025-12-09 12:36:36:428 [OUT] 25 A5 01 03 31 05 81 FF EC 4A AB 9B 1A (13)
                              [N3:X] TPOS 255 236 74 171 (-1291605)
2025-12-09 12:36:36:450 [OUT] 25 A5 01 06 31 02 D8 3F 51 DD (10)
                              [N6:H] INTERRUPT '?'
2025-12-09 12:36:36:752 [IN ] C8 24 09 0E 25 A5 09 01 31 06 81 53 FF FF FF F7 09 A8 0A C8 24 04 0E 25 A5 04 01 31 06 81 53 FF EE 85 28 AA 80 0A (38)
                              [N9:P] TPOS 'S' 255 255 255 247 (-9)
                              [N4:Y] TPOS 'S' 255 238 133 40 (-1145560)
2025-12-09 12:36:37:053 [IN ] C8 24 07 0E 25 A5 07 01 31 06 81 53 FF FF FF FD 0D 9A 0A C8 24 03 0E 25 A5 03 01 31 06 81 53 00 00 00 00 0F 7E 0A C8 24 06 0C 25 A5 06 01 31 04 D8 3A 01 01 50 82 0F (55)
                              [N7:N] TPOS 'S' 255 255 255 253 (-3)
                              [N3:X] TPOS 'S' 0 0 0 0 (0)
                              [N6:H] INTERRUPT ':' 1 1 (257)
2025-12-09 12:36:37:074 [OUT] 25 A5 01 06 31 03 C9 3D 0B 4C 0C (11)
                              [N6:H] LFLAG '=' 11 (11)
2025-12-09 12:36:37:242 [IN ] C8 24 06 0B 25 A5 06 01 31 03 C9 3A 0B 49 0B 82 (16)
                              [N6:H] LFLAG ':' 11 (11)
2025-12-09 12:36:37:266 [OUT] 25 A5 01 06 31 03 88 FF B0 72 72 (11)
                              [N6:H] RUN 255 176 (-80)
2025-12-09 12:36:37:436 [IN ] C8 24 06 0C 25 A5 06 01 31 04 88 53 FF B0 C6 38 0F (17)
                              [N6:H] RUN 'S' 255 176 (-80)
2025-12-09 12:36:37:638 [IN ] C8 24 0C 0B 25 A5 0C 01 31 03 81 5A 4C 68 DE 38 C8 24 0C 0A 25 A5 0C 01 31 02 81 49 0A 62 DE (31)
                              [N12:Z] TPOS 'Z' 76 (76)
                              [N12:Z] TPOS 'I'
2025-12-09 12:36:37:861 [OUT] 25 A5 01 0C 31 03 C9 3D 09 50 2E (11)
                              [N12:Z] LFLAG '=' 9 (9)
2025-12-09 12:36:38:029 [IN ] C8 24 0C 0B 25 A5 0C 01 31 03 C9 3A 09 4D 33 38 (16)
                              [N12:Z] LFLAG ':' 9 (9)
2025-12-09 12:36:38:050 [OUT] 25 A5 01 0C 31 05 81 FF BC D0 00 4F 33 (13)
                              [N12:Z] TPOS 255 188 208 0 (-4403200)
2025-12-09 12:36:38:238 [IN ] C8 24 0C 0E 25 A5 0C 01 31 06 81 53 FF FF FF 27 3C F6 0A (19)
                              [N12:Z] TPOS 'S' 255 255 255 39 (-217)
2025-12-09 12:36:41:653 [IN ] C8 24 06 0B 25 A5 06 01 31 03 81 5A 4C 62 B4 27 C8 24 06 0A 25 A5 06 01 31 02 81 49 04 3E B4 (31)
                              [N6:H] TPOS 'Z' 76 (76)
                              [N6:H] TPOS 'I'
2025-12-09 12:36:41:876 [OUT] 25 A5 01 06 31 03 C9 3D 09 4A 0A (11)
                              [N6:H] LFLAG '=' 9 (9)
2025-12-09 12:36:42:042 [IN ] C8 24 06 0B 25 A5 06 01 31 03 C9 3A 09 47 09 27 (16)
                              [N6:H] LFLAG ':' 9 (9)
2025-12-09 12:36:42:063 [OUT] 25 A5 01 06 31 03 84 00 50 0F 08 (11)
                              [N6:H] VEL 0 80 (80)
2025-12-09 12:36:42:231 [IN ] C8 24 06 0C 25 A5 06 01 31 04 84 53 00 50 63 CA 3C (17)
                              [N6:H] VEL 'S' 0 80 (80)
2025-12-09 12:36:42:252 [OUT] 25 A5 01 06 31 05 81 00 19 82 3C 95 BE (13)
                              [N6:H] TPOS 0 25 130 60 (1671740)
2025-12-09 12:36:42:439 [IN ] C8 24 06 0E 25 A5 06 01 31 06 81 53 00 00 00 00 12 9C 0A (19)
                              [N6:H] TPOS 'S' 0 0 0 0 (0)
2025-12-09 12:36:43:646 [IN ] C8 24 03 0E 25 A5 03 01 31 06 81 45 FF EC 48 53 87 DB 0A (19)
                              [N3:X] TPOS 'E' 255 236 72 83 (-1292205)
2025-12-09 12:36:44:049 [IN ] C8 24 04 0E 25 A5 04 01 31 06 81 45 FF FD 50 36 84 0B 0A (19)
                              [N4:Y] TPOS 'E' 255 253 80 54 (-176074)
2025-12-09 12:36:44:070 [OUT] 25 A5 01 03 31 05 81 FF FD 50 01 08 AF (13)
                              [N3:X] TPOS 255 253 80 1 (-176127)
2025-12-09 12:36:44:259 [IN ] C8 24 03 0E 25 A5 03 01 31 06 81 53 FF EC 48 54 96 22 0A (19)
                              [N3:X] TPOS 'S' 255 236 72 84 (-1292204)
2025-12-09 12:36:44:862 [IN ] C8 24 09 0E 25 A5 09 01 31 06 81 45 FF E7 5A 59 A0 32 0A (19)
                              [N9:P] TPOS 'E' 255 231 90 89 (-1615271)
2025-12-09 12:36:45:287 [OUT] 25 A5 01 09 31 05 81 FF FF D9 C8 60 BE (13)
                              [N9:P] TPOS 255 255 217 200 (-9784)
2025-12-09 12:36:45:474 [IN ] C8 24 09 0E 25 A5 09 01 31 06 81 53 FF E7 5A 5C B1 7B 0A (19)
                              [N9:P] TPOS 'S' 255 231 90 92 (-1615268)
2025-12-09 12:36:50:491 [IN ] C8 24 06 0E 25 A5 06 01 31 06 81 45 00 19 85 80 22 2B 0A (19)
                              [N6:H] TPOS 'E' 0 25 133 128 (1672576)
2025-12-09 12:36:50:914 [OUT] 25 A5 01 06 31 05 81 00 0D 03 C1 8F 21 (13)
                              [N6:H] TPOS 0 13 3 193 (852929)
2025-12-09 12:36:51:101 [IN ] C8 24 06 0E 25 A5 06 01 31 06 81 53 00 19 85 80 30 71 0A (19)
                              [N6:H] TPOS 'S' 0 25 133 128 (1672576)
2025-12-09 12:36:53:110 [IN ] C8 24 03 0E 25 A5 03 01 31 06 81 45 FF FD 50 61 AE 2C 0A (19)
                              [N3:X] TPOS 'E' 255 253 80 97 (-176031)
2025-12-09 12:36:53:913 [IN ] C8 24 09 0E 25 A5 09 01 31 06 81 45 FF FF DC 2F 10 54 0A (19)
                              [N9:P] TPOS 'E' 255 255 220 47 (-9169)
2025-12-09 12:36:54:134 [OUT] 25 A5 01 08 31 02 D8 3F 53 E7 (10)
                              [N8:R] INTERRUPT '?'
2025-12-09 12:36:54:435 [IN ] C8 24 08 0C 25 A5 08 01 31 04 D8 3A 01 01 52 92 10 (17)
                              [N8:R] INTERRUPT ':' 1 1 (257)
2025-12-09 12:36:54:456 [OUT] 25 A5 01 08 31 03 CA 3D 0B 4F 1B (11)
                              [N8:R] RFLAG '=' 11 (11)
2025-12-09 12:36:54:624 [IN ] C8 24 08 0B 25 A5 08 01 31 03 CA 3A 0B 4C 1C 92 (16)
                              [N8:R] RFLAG ':' 11 (11)
2025-12-09 12:36:54:646 [OUT] 25 A5 01 08 31 03 88 00 50 15 20 (11)
                              [N8:R] RUN 0 80 (80)
2025-12-09 12:36:54:813 [IN ] C8 24 08 0C 25 A5 08 01 31 04 88 53 00 50 69 EA 10 (17)
                              [N8:R] RUN 'S' 0 80 (80)
2025-12-09 12:36:55:015 [IN ] C8 24 06 0E 25 A5 06 01 31 06 81 45 00 0C FF 3D 4C B5 0A (19)
                              [N6:H] TPOS 'E' 0 12 255 61 (851773)
2025-12-09 12:36:55:237 [OUT] 25 A5 01 05 31 02 D8 3F 50 D8 (10)
                              [N5:V] INTERRUPT '?'
2025-12-09 12:36:55:539 [IN ] C8 24 05 0C 25 A5 05 01 31 04 D8 3A 01 01 4F 7A 4C (17)
                              [N5:V] INTERRUPT ':' 1 1 (257)
2025-12-09 12:36:55:560 [OUT] 25 A5 01 05 31 03 C9 3D 0B 4B 06 (11)
                              [N5:V] LFLAG '=' 11 (11)
2025-12-09 12:36:55:727 [IN ] C8 24 05 0B 25 A5 05 01 31 03 C9 3A 0B 48 04 7A (16)
                              [N5:V] LFLAG ':' 11 (11)
2025-12-09 12:36:55:749 [OUT] 25 A5 01 05 31 03 88 FF B0 71 6C (11)
                              [N5:V] RUN 255 176 (-80)
2025-12-09 12:36:55:917 [IN ] C8 24 05 0C 25 A5 05 01 31 04 88 53 FF B0 C5 30 4C (17)
                              [N5:V] RUN 'S' 255 176 (-80)
2025-12-09 12:36:59:932 [IN ] C8 24 0C 0E 25 A5 0C 01 31 06 81 45 FF BC CC 8F 20 E9 0A (19)
                              [N12:Z] TPOS 'E' 255 188 204 143 (-4404081)
2025-12-09 12:37:00:356 [OUT] 25 A5 01 0C 31 05 81 FF D1 1A 67 15 6D (13)
                              [N12:Z] TPOS 255 209 26 103 (-3073433)
2025-12-09 12:37:00:544 [IN ] C8 24 0C 0E 25 A5 0C 01 31 06 81 53 FF BC CC AF 4E 4F 0A (19)
                              [N12:Z] TPOS 'S' 255 188 204 175 (-4404049)
2025-12-09 12:37:00:746 [IN ] C8 24 05 0B 25 A5 05 01 31 03 81 5A 4C 61 AD AF C8 24 05 0A 25 A5 05 01 31 02 81 49 03 38 AD (31)
                              [N5:V] TPOS 'Z' 76 (76)
                              [N5:V] TPOS 'I'
2025-12-09 12:37:00:968 [OUT] 25 A5 01 05 31 03 C9 3D 09 49 04 (11)
                              [N5:V] LFLAG '=' 9 (9)
2025-12-09 12:37:01:135 [IN ] C8 24 05 0B 25 A5 05 01 31 03 C9 3A 09 46 02 AF (16)
                              [N5:V] LFLAG ':' 9 (9)
2025-12-09 12:37:01:155 [OUT] 25 A5 01 05 31 03 84 00 50 0E 02 (11)
                              [N5:V] VEL 0 80 (80)
2025-12-09 12:37:01:323 [IN ] C8 24 05 0C 25 A5 05 01 31 04 84 53 00 50 62 C2 4E (17)
                              [N5:V] VEL 'S' 0 80 (80)
2025-12-09 12:37:01:344 [OUT] 25 A5 01 05 31 05 81 00 19 82 3C 94 B6 (13)
                              [N5:V] TPOS 0 25 130 60 (1671740)
2025-12-09 12:37:01:408 [IN ] C8 24 07 0E 25 A5 07 01 31 06 81 (11)
2025-12-09 12:37:01:429 [IN ] 45 FF AB 14 6C 2F F1 0A (8)
                              [N7:N] TPOS 'E' 255 171 20 108 (-5565332)
2025-12-09 12:37:01:491 [OUT] 25 A5 01 07 31 05 81 FF F3 35 BF A5 39 (13)
                              [N7:N] TPOS 255 243 53 191 (-838209)
2025-12-09 12:37:01:533 [IN ] C8 24 05 0E 25 A5 05 01 31 06 81 53 00 00 00 01 12 93 0A (19)
                              [N5:V] TPOS 'S' 0 0 0 1 (1)
2025-12-09 12:37:01:659 [IN ] C8 24 07 0E 25 A5 07 01 31 06 81 53 FF AB 14 6C 3D 37 0A (19)
                              [N7:N] TPOS 'S' 255 171 20 108 (-5565332)
2025-12-09 12:37:02:464 [IN ] C8 24 08 0B 25 A5 08 01 31 03 81 5A 52 6A C8 6C C8 24 08 0A 25 A5 08 01 31 02 81 49 06 4A C8 (31)
                              [N8:R] TPOS 'Z' 82 (82)
                              [N8:R] TPOS 'I'
2025-12-09 12:37:02:687 [OUT] 25 A5 01 08 31 03 CA 3D 09 4D 19 (11)
                              [N8:R] RFLAG '=' 9 (9)
2025-12-09 12:37:02:854 [IN ] C8 24 08 0B 25 A5 08 01 31 03 CA 3A 09 4A 1A 6C (16)
                              [N8:R] RFLAG ':' 9 (9)
2025-12-09 12:37:02:874 [OUT] 25 A5 01 08 31 05 81 FF DC 77 1D 2F DE (13)
                              [N8:R] TPOS 255 220 119 29 (-2328803)
2025-12-09 12:37:03:081 [IN ] C8 24 08 0E 25 A5 08 01 31 06 81 53 FF FF FF B6 C7 5D 0A (19)
                              [N8:R] TPOS 'S' 255 255 255 182 (-74)
2025-12-09 12:37:06:896 [IN ] C8 24 0C 0E 25 A5 0C 01 31 06 81 45 FF D1 1E 4A 42 87 0A (19)
                              [N12:Z] TPOS 'E' 255 209 30 74 (-3072438)
2025-12-09 12:37:09:308 [IN ] C8 24 05 0E 25 A5 05 01 31 06 81 45 00 19 86 AF 51 52 0A (19)
                              [N5:V] TPOS 'E' 0 25 134 175 (1672879)
2025-12-09 12:37:09:730 [OUT] 25 A5 01 05 31 05 81 00 0D 03 C1 8E 19 (13)
                              [N5:V] TPOS 0 13 3 193 (852929)
2025-12-09 12:37:09:918 [IN ] C8 24 05 0E 25 A5 05 01 31 06 81 53 00 19 86 AF 5F 98 0A (19)
                              [N5:V] TPOS 'S' 0 25 134 175 (1672879)
2025-12-09 12:37:14:935 [IN ] C8 24 05 0E 25 A5 05 01 31 06 81 45 00 0D 01 F7 08 6C 0A (19)
                              [N5:V] TPOS 'E' 0 13 1 247 (852471)
2025-12-09 12:37:15:159 [OUT] 25 A5 01 03 31 05 81 FF ED B1 30 88 70 (13)
                              [N3:X] TPOS 255 237 177 48 (-1199824)
2025-12-09 12:37:15:180 [OUT] 25 A5 01 04 31 05 81 FF F3 BD 0C 77 7E (13)
                              [N4:Y] TPOS 255 243 189 12 (-803572)
2025-12-09 12:37:15:347 [IN ] C8 24 03 0E 25 A5 03 01 31 06 81 53 FF FD 50 61 BC 72 0A (19)
                              [N3:X] TPOS 'S' 255 253 80 97 (-176031)
2025-12-09 12:37:15:452 [IN ] C8 24 08 0E 25 A5 08 01 31 06 81 45 FF DC 74 A0 F5 82 0A (19)
                              [N8:R] TPOS 'E' 255 220 116 160 (-2329440)
2025-12-09 12:37:15:474 [IN ] C8 24 04 0E 25 A5 04 01 31 06 81 53 FF FD 50 36 92 51 0A (19)
                              [N4:Y] TPOS 'S' 255 253 80 54 (-176074)
2025-12-09 12:37:15:698 [OUT] 25 A5 01 08 31 05 81 FF EE 15 56 18 89 (13)
                              [N8:R] TPOS 255 238 21 86 (-1174186)
2025-12-09 12:37:15:865 [IN ] C8 24 08 0E 25 A5 08 01 31 06 81 53 FF DC 74 A3 06 CB (18)
                              [N8:R] TPOS 'S' 255 220 116 163 (-2329437)
2025-12-09 12:37:16:068 [IN ] 0A (1)
2025-12-09 12:37:18:679 [IN ] C8 24 04 0E 25 A5 04 01 31 06 81 45 FF F3 B9 FA A7 83 0A (19)
                              [N4:Y] TPOS 'E' 255 243 185 250 (-804358)
2025-12-09 12:37:20:686 [IN ] C8 24 03 0E 25 A5 03 01 31 06 81 45 FF ED AE A9 44 00 0A (19)
                              [N3:X] TPOS 'E' 255 237 174 169 (-1200471)
2025-12-09 12:37:22:691 [IN ] C8 24 07 0E 25 A5 07 01 31 06 81 45 FF F3 3A 7C AD 25 0A (19)
                              [N7:N] TPOS 'E' 255 243 58 124 (-836996)
2025-12-09 12:37:23:092 [IN ] C8 24 08 0E 25 A5 08 01 31 06 81 45 FF EE 15 E9 F1 43 0A (19)
                              [N8:R] TPOS 'E' 255 238 21 233 (-1174039)
