2025-12-09 11:56:00:592 [OUT] 25 A5 01 0A 31 05 D6 3D FF 00 00 53 ED (13)
                              [N10:HMI] HMILED '=' 255 0 0 (16711680)
2025-12-09 11:56:00:614 [OUT] 25 A5 01 03 31 02 D8 3F 4E CE (10)
                              [N3:X] INTERRUPT '?'
2025-12-09 11:56:00:915 [IN ] C8 24 0A 0D 25 A5 0A 01 31 05 D6 3A FF 00 00 50 EA 25 C8 24 03 0C 25 A5 03 01 31 04 D8 3A 01 01 4D 6A EA (35)
                              [N10:HMI] HMILED ':' 255 0 0 (16711680)
                              [N3:X] INTERRUPT ':' 1 1 (257)
2025-12-09 11:56:00:937 [OUT] 25 A5 01 09 31 03 C9 3D 09 4D 1C (11)
                              [N9:P] LFLAG '=' 9 (9)
2025-12-09 11:56:00:960 [OUT] 25 A5 01 04 31 02 D8 3F 4F D3 (10)
                              [N4:Y] INTERRUPT '?'
2025-12-09 11:56:01:261 [IN ] C8 24 09 0B 25 A5 09 01 31 03 C9 3A 09 4A 1E 6A C8 24 04 0C 25 A5 04 01 31 04 D8 3A 01 01 4E 72 EA (33)
                              [N9:P] LFLAG ':' 9 (9)
                              [N4:Y] INTERRUPT ':' 1 1 (257)
2025-12-09 11:56:01:282 [OUT] 25 A5 01 09 31 03 CA 3D 09 4E 1F (11)
                              [N9:P] RFLAG '=' 9 (9)
2025-12-09 11:56:01:305 [OUT] 25 A5 01 0C 31 02 D8 3F 57 FB (10)
                              [N12:Z] INTERRUPT '?'
2025-12-09 11:56:01:606 [IN ] C8 24 09 0B 25 A5 09 01 31 03 CA 3A 09 4B 21 72 C8 24 0C 0C 25 A5 0C 01 31 04 D8 3A 01 01 56 B2 EA (33)
                              [N9:P] RFLAG ':' 9 (9)
                              [N12:Z] INTERRUPT ':' 1 1 (257)
2025-12-09 11:56:01:628 [OUT] 25 A5 01 08 31 03 C9 3D 09 4C 16 (11)
                              [N8:R] LFLAG '=' 9 (9)
2025-12-09 11:56:01:650 [OUT] 25 A5 01 03 31 03 C9 3D 0B 49 FA (11)
                              [N3:X] LFLAG '=' 11 (11)
2025-12-09 11:56:01:672 [OUT] 25 A5 01 04 31 03 C9 3D 0B 4A 00 (11)
                              [N4:Y] LFLAG '=' 11 (11)
2025-12-09 11:56:01:694 [OUT] 25 A5 01 0C 31 03 C9 3D 0B 52 30 (11)
                              [N12:Z] LFLAG '=' 11 (11)
2025-12-09 11:56:01:799 [IN ] C8 24 08 0B 25 A5 08 01 31 03 C9 3A (12)
2025-12-09 11:56:01:821 [IN ] 09 49 17 B2 (4)
                              [N8:R] LFLAG ':' 9 (9)
2025-12-09 11:56:01:842 [OUT] 25 A5 01 08 31 03 CA 3D 09 4D 19 (11)
                              [N8:R] RFLAG '=' 9 (9)
2025-12-09 11:56:01:907 [IN ] C8 24 03 0B 25 A5 03 01 31 03 C9 3A 0B 46 F6 B2 (16)
                              [N3:X] LFLAG ':' 11 (11)
2025-12-09 11:56:01:928 [OUT] 25 A5 01 03 31 03 88 00 50 10 02 (11)
                              [N3:X] RUN 0 80 (80)
2025-12-09 11:56:02:012 [IN ] C8 24 04 0B 25 A5 04 01 31 03 C9 3A 0B 47 FD B2 (16)
                              [N4:Y] LFLAG ':' 11 (11)
2025-12-09 11:56:02:034 [OUT] 25 A5 01 04 31 03 88 00 50 11 08 (11)
                              [N4:Y] RUN 0 80 (80)
2025-12-09 11:56:02:140 [IN ] C8 24 0C 0B 25 A5 0C 01 31 03 C9 3A 0B 4F 35 B2 (16)
                              [N12:Z] LFLAG ':' 11 (11)
2025-12-09 11:56:02:161 [OUT] 25 A5 01 0C 31 03 88 00 50 19 38 (11)
                              [N12:Z] RUN 0 80 (80)
2025-12-09 11:56:02:246 [IN ] C8 24 08 0B 25 A5 08 01 31 03 CA 3A 09 4A 1A B2 (16)
                              [N8:R] RFLAG ':' 9 (9)
2025-12-09 11:56:02:330 [IN ] C8 24 03 0C 25 A5 03 01 31 04 88 53 00 50 64 C2 EA (17)
                              [N3:X] RUN 'S' 0 80 (80)
2025-12-09 11:56:02:475 [IN ] C8 24 04 0C 25 A5 04 01 31 04 88 53 00 50 65 CA EA (17)
                              [N4:Y] RUN 'S' 0 80 (80)
2025-12-09 11:56:02:580 [IN ] C8 24 0C 0C 25 A5 0C 01 31 04 88 53 00 50 6D 0A EA (17)
                              [N12:Z] RUN 'S' 0 80 (80)
2025-12-09 11:56:08:404 [IN ] C8 24 04 0B 25 A5 04 01 31 03 81 5A 4C 60 A6 0A C8 24 04 0A 25 A5 04 01 31 02 81 49 02 32 A6 (31)
                              [N4:Y] TPOS 'Z' 76 (76)
                              [N4:Y] TPOS 'I'
2025-12-09 11:56:08:628 [OUT] 25 A5 01 09 31 02 D8 3F 54 EC (10)
                              [N9:P] INTERRUPT '?'
2025-12-09 11:56:08:929 [IN ] C8 24 09 0C 25 A5 09 01 31 04 D8 3A 01 01 53 9A EA (17)
                              [N9:P] INTERRUPT ':' 1 1 (257)
2025-12-09 11:56:08:950 [OUT] 25 A5 01 04 31 03 C9 3D 09 48 FE (11)
                              [N4:Y] LFLAG '=' 9 (9)
2025-12-09 11:56:08:973 [OUT] 25 A5 01 07 31 02 D8 3F 52 E2 (10)
                              [N7:N] INTERRUPT '?'
2025-12-09 11:56:09:274 [IN ] C8 24 04 0B 25 A5 04 01 31 03 C9 3A 09 45 FB 9A C8 24 07 0C 25 A5 07 01 31 04 D8 3A 01 01 51 8A EA (33)
                              [N4:Y] LFLAG ':' 9 (9)
                              [N7:N] INTERRUPT ':' 1 1 (257)
2025-12-09 11:56:09:295 [OUT] 25 A5 01 09 31 03 C9 3D 0B 4F 1E (11)
                              [N9:P] LFLAG '=' 11 (11)
2025-12-09 11:56:09:317 [OUT] 25 A5 01 07 31 03 C9 3D 0B 4D 12 (11)
                              [N7:N] LFLAG '=' 11 (11)
2025-12-09 11:56:09:464 [IN ] C8 24 09 0B 25 A5 09 01 31 03 C9 3A 0B 4C 20 8A (16)
                              [N9:P] LFLAG ':' 11 (11)
2025-12-09 11:56:09:485 [OUT] 25 A5 01 09 31 03 88 00 50 16 26 (11)
                              [N9:P] RUN 0 80 (80)
2025-12-09 11:56:09:569 [IN ] C8 24 07 0B 25 A5 07 01 31 03 C9 3A 0B 4A 12 8A (16)
                              [N7:N] LFLAG ':' 11 (11)
2025-12-09 11:56:09:591 [OUT] 25 A5 01 07 31 03 88 00 50 14 1A (11)
                              [N7:N] RUN 0 80 (80)
2025-12-09 11:56:09:695 [IN ] C8 24 09 0C 25 A5 09 01 31 04 88 53 00 50 6A F2 EA (17)
                              [N9:P] RUN 'S' 0 80 (80)
2025-12-09 11:56:09:737 [IN ] C8 24 09 0B 25 A5 09 01 31 03 81 5A 4C 65 C9 F2 (16)
                              [N9:P] TPOS 'Z' 76 (76)
2025-12-09 11:56:09:779 [IN ] C8 24 07 0C 25 A5 07 01 31 04 88 53 00 50 68 E2 EA (17)
                              [N7:N] RUN 'S' 0 80 (80)
2025-12-09 11:56:09:982 [IN ] C8 24 09 0A 25 A5 09 01 31 02 81 49 07 50 68 (15)
                              [N9:P] TPOS 'I'
2025-12-09 11:56:10:205 [OUT] 25 A5 01 09 31 03 C9 3D 09 4D 1C (11)
                              [N9:P] LFLAG '=' 9 (9)
2025-12-09 11:56:10:226 [OUT] 25 A5 01 04 31 05 81 FF EE 88 01 32 FA (13)
                              [N4:Y] TPOS 255 238 136 1 (-1144831)
2025-12-09 11:56:10:372 [IN ] C8 24 09 0B 25 A5 09 01 31 03 C9 3A 09 4A 1E E2 (16)
                              [N9:P] LFLAG ':' 9 (9)
2025-12-09 11:56:10:497 [IN ] C8 24 04 0E 25 A5 04 01 31 06 81 53 FF FF FF FF 0C 7E 0A (19)
                              [N4:Y] TPOS 'S' 255 255 255 255 (-1)
2025-12-09 11:56:11:501 [IN ] C8 24 03 0B 25 A5 03 01 31 03 81 5A 4C 5F 9F FF C8 24 03 0A 25 A5 03 01 31 02 81 49 01 2C 9F (31)
                              [N3:X] TPOS 'Z' 76 (76)
                              [N3:X] TPOS 'I'
2025-12-09 11:56:11:723 [OUT] 25 A5 01 03 31 03 C9 3D 09 47 F8 (11)
                              [N3:X] LFLAG '=' 9 (9)
2025-12-09 11:56:11:888 [IN ] C8 24 03 0B 25 A5 03 01 31 03 C9 3A 09 44 F4 FF (16)
                              [N3:X] LFLAG ':' 9 (9)
2025-12-09 11:56:13:496 [IN ] C8 24 07 0B 25 A5 07 01 31 03 81 5A 4C 63 BB FF (16)
                              [N7:N] TPOS 'Z' 76 (76)
2025-12-09 11:56:13:698 [IN ] C8 24 07 0A 25 A5 07 01 31 02 81 49 05 44 BB (15)
                              [N7:N] TPOS 'I'
2025-12-09 11:56:13:921 [OUT] 25 A5 01 07 31 03 C9 3D 09 4B 10 (11)
                              [N7:N] LFLAG '=' 9 (9)
2025-12-09 11:56:14:108 [IN ] C8 24 07 0B 25 A5 07 01 31 03 C9 3A 09 48 10 FF (16)
                              [N7:N] LFLAG ':' 9 (9)
2025-12-09 11:56:16:315 [IN ] C8 24 04 0E 25 A5 04 01 31 06 81 45 FF EE 85 5C D0 6E 0A (19)
                              [N4:Y] TPOS 'E' 255 238 133 92 (-1145508)
2025-12-09 11:56:16:538 [OUT] 25 A5 01 09 31 05 81 FF E7 5D 56 5A 0C (13)
                              [N9:P] TPOS 255 231 93 86 (-1614506)
2025-12-09 11:56:16:560 [OUT] 25 A5 01 04 31 05 81 FF FD 50 01 09 B7 (13)
                              [N4:Y] TPOS 255 253 80 1 (-176127)
2025-12-09 11:56:16:581 [OUT] 25 A5 01 07 31 05 81 FF AB 19 75 F7 DF (13)
                              [N7:N] TPOS 255 171 25 117 (-5564043)
2025-12-09 11:56:16:604 [OUT] 25 A5 01 03 31 05 81 FF EC 4A AB 9B 1A (13)
                              [N3:X] TPOS 255 236 74 171 (-1291605)
2025-12-09 11:56:16:626 [OUT] 25 A5 01 06 31 02 D8 3F 51 DD (10)
                              [N6:H] INTERRUPT '?'
2025-12-09 11:56:16:928 [IN ] C8 24 09 0E 25 A5 09 01 31 06 81 53 FF FF FF F7 09 A8 0A C8 24 04 0E 25 A5 04 01 31 06 81 53 FF EE 85 5C DE B4 0A (38)
                              [N9:P] TPOS 'S' 255 255 255 247 (-9)
                              [N4:Y] TPOS 'S' 255 238 133 92 (-1145508)
2025-12-09 11:56:17:229 [IN ] C8 24 07 0E 25 A5 07 01 31 06 81 53 FF FF FF FF 0F 9C 0A C8 24 03 0E 25 A5 03 01 31 06 81 53 00 00 00 01 10 7F 0A C8 24 06 0C 25 A5 06 01 31 04 D8 3A 01 01 50 82 10 (55)
                              [N7:N] TPOS 'S' 255 255 255 255 (-1)
                              [N3:X] TPOS 'S' 0 0 0 1 (1)
                              [N6:H] INTERRUPT ':' 1 1 (257)
2025-12-09 11:56:17:250 [OUT] 25 A5 01 06 31 03 C9 3D 0B 4C 0C (11)
                              [N6:H] LFLAG '=' 11 (11)
2025-12-09 11:56:17:418 [IN ] C8 24 06 0B 25 A5 06 01 31 03 C9 3A 0B 49 0B 82 (16)
                              [N6:H] LFLAG ':' 11 (11)
2025-12-09 11:56:17:440 [OUT] 25 A5 01 06 31 03 88 FF B0 72 72 (11)
                              [N6:H] RUN 255 176 (-80)
2025-12-09 11:56:17:605 [IN ] C8 24 06 0C 25 A5 06 01 31 04 88 53 FF B0 C6 38 10 (17)
                              [N6:H] RUN 'S' 255 176 (-80)
2025-12-09 11:56:17:806 [IN ] C8 24 0C 0B 25 A5 0C 01 31 03 81 5A 4C 68 DE 38 C8 24 0C 0A 25 A5 0C 01 31 02 81 49 0A 62 DE (31)
                              [N12:Z] TPOS 'Z' 76 (76)
                              [N12:Z] TPOS 'I'
2025-12-09 11:56:18:029 [OUT] 25 A5 01 0C 31 03 C9 3D 09 50 2E (11)
                              [N12:Z] LFLAG '=' 9 (9)
2025-12-09 11:56:18:196 [IN ] C8 24 0C 0B 25 A5 0C 01 31 03 C9 3A 09 4D 33 38 (16)
                              [N12:Z] LFLAG ':' 9 (9)
2025-12-09 11:56:18:218 [OUT] 25 A5 01 0C 31 05 81 FF BC D0 00 4F 33 (13)
                              [N12:Z] TPOS 255 188 208 0 (-4403200)
2025-12-09 11:56:18:406 [IN ] C8 24 0C 0E 25 A5 0C 01 31 06 81 53 FF FF FF 58 6D 27 0A (19)
                              [N12:Z] TPOS 'S' 255 255 255 88 (-168)
2025-12-09 11:56:21:819 [IN ] C8 24 06 0B 25 A5 06 01 31 03 81 5A 4C 62 B4 58 C8 24 06 0A 25 A5 06 01 31 02 81 49 04 3E B4 (31)
                              [N6:H] TPOS 'Z' 76 (76)
                              [N6:H] TPOS 'I'
2025-12-09 11:56:22:042 [OUT] 25 A5 01 06 31 03 C9 3D 09 4A 0A (11)
                              [N6:H] LFLAG '=' 9 (9)
2025-12-09 11:56:22:209 [IN ] C8 24 06 0B 25 A5 06 01 31 03 C9 3A 09 47 09 58 (16)
                              [N6:H] LFLAG ':' 9 (9)
2025-12-09 11:56:22:230 [OUT] 25 A5 01 06 31 03 84 00 50 0F 08 (11)
                              [N6:H] VEL 0 80 (80)
2025-12-09 11:56:22:416 [IN ] C8 24 06 0C 25 A5 06 01 31 04 84 53 00 50 63 CA 6D (17)
                              [N6:H] VEL 'S' 0 80 (80)
2025-12-09 11:56:22:438 [OUT] 25 A5 01 06 31 05 81 00 19 82 3C 95 BE (13)
                              [N6:H] TPOS 0 25 130 60 (1671740)
2025-12-09 11:56:22:626 [IN ] C8 24 06 0E 25 A5 06 01 31 06 81 53 00 00 00 00 12 9C 0A (19)
                              [N6:H] TPOS 'S' 0 0 0 0 (0)
2025-12-09 11:56:23:831 [IN ] C8 24 03 0E 25 A5 03 01 31 06 81 45 FF EC 48 17 4B 9F 0A (19)
                              [N3:X] TPOS 'E' 255 236 72 23 (-1292265)
2025-12-09 11:56:24:234 [IN ] C8 24 04 0E 25 A5 04 01 31 06 81 45 FF FD 50 (15)
2025-12-09 11:56:24:256 [OUT] 25 A5 01 03 31 05 81 FF FD 50 01 08 AF (13)
                              [N3:X] TPOS 255 253 80 1 (-176127)
2025-12-09 11:56:24:257 [IN ] 1D 6B F2 0A (4)
                              [N4:Y] TPOS 'E' 255 253 80 29 (-176099)
2025-12-09 11:56:24:446 [IN ] C8 24 03 0E 25 A5 03 01 31 06 81 53 FF EC 48 17 59 E5 0A (19)
                              [N3:X] TPOS 'S' 255 236 72 23 (-1292265)
2025-12-09 11:56:25:048 [IN ] C8 24 09 0E 25 A5 09 01 31 06 81 45 FF E7 5A 4F 96 28 0A (19)
                              [N9:P] TPOS 'E' 255 231 90 79 (-1615281)
2025-12-09 11:56:25:471 [OUT] 25 A5 01 09 31 05 81 FF FF D9 C8 60 BE (13)
                              [N9:P] TPOS 255 255 217 200 (-9784)
2025-12-09 11:56:25:658 [IN ] C8 24 09 0E 25 A5 09 01 31 06 81 53 FF E7 5A 52 A7 71 0A (19)
                              [N9:P] TPOS 'S' 255 231 90 82 (-1615278)
2025-12-09 11:56:30:678 [IN ] C8 24 06 0E 25 A5 06 01 31 06 81 45 00 19 85 C0 62 6B 0A (19)
                              [N6:H] TPOS 'E' 0 25 133 192 (1672640)
2025-12-09 11:56:31:102 [OUT] 25 A5 01 06 31 05 81 00 0D 03 C1 8F 21 (13)
                              [N6:H] TPOS 0 13 3 193 (852929)
2025-12-09 11:56:31:291 [IN ] C8 24 06 0E 25 A5 06 01 31 06 81 53 00 19 85 C1 71 B2 0A (19)
                              [N6:H] TPOS 'S' 0 25 133 193 (1672641)
2025-12-09 11:56:33:098 [IN ] C8 24 03 0E 25 A5 03 01 31 06 81 45 FF FD 50 7A C7 45 0A (19)
                              [N3:X] TPOS 'E' 255 253 80 122 (-176006)
2025-12-09 11:56:34:102 [IN ] C8 24 09 0E 25 A5 09 01 31 06 81 45 FF FF DC 4E 2F 73 0A (19)
                              [N9:P] TPOS 'E' 255 255 220 78 (-9138)
2025-12-09 11:56:34:325 [OUT] 25 A5 01 08 31 02 D8 3F 53 E7 (10)
                              [N8:R] INTERRUPT '?'
2025-12-09 11:56:34:626 [IN ] C8 24 08 0C 25 A5 08 01 31 04 D8 3A 01 01 52 92 2F (17)
                              [N8:R] INTERRUPT ':' 1 1 (257)
2025-12-09 11:56:34:647 [OUT] 25 A5 01 08 31 03 CA 3D 0B 4F 1B (11)
                              [N8:R] RFLAG '=' 11 (11)
2025-12-09 11:56:34:814 [IN ] C8 24 08 0B 25 A5 08 01 31 03 CA 3A 0B 4C 1C 92 (16)
                              [N8:R] RFLAG ':' 11 (11)
2025-12-09 11:56:34:836 [OUT] 25 A5 01 08 31 03 88 00 50 15 20 (11)
                              [N8:R] RUN 0 80 (80)
2025-12-09 11:56:35:001 [IN ] C8 24 08 0C 25 A5 08 01 31 04 88 53 00 50 69 EA 2F (17)
                              [N8:R] RUN 'S' 0 80 (80)
2025-12-09 11:56:35:202 [IN ] C8 24 06 0E 25 A5 06 01 31 06 81 45 00 0C FF 37 46 AF 0A (19)
                              [N6:H] TPOS 'E' 0 12 255 55 (851767)
2025-12-09 11:56:35:426 [OUT] 25 A5 01 05 31 02 D8 3F 50 D8 (10)
                              [N5:V] INTERRUPT '?'
2025-12-09 11:56:35:727 [IN ] C8 24 05 0C 25 A5 05 01 31 04 D8 3A 01 01 4F 7A 46 (17)
                              [N5:V] INTERRUPT ':' 1 1 (257)
2025-12-09 11:56:35:748 [OUT] 25 A5 01 05 31 03 C9 3D 0B 4B 06 (11)
                              [N5:V] LFLAG '=' 11 (11)
2025-12-09 11:56:35:916 [IN ] C8 24 05 0B 25 A5 05 01 31 03 C9 3A 0B 48 04 7A (16)
                              [N5:V] LFLAG ':' 11 (11)
2025-12-09 11:56:35:937 [OUT] 25 A5 01 05 31 03 88 FF B0 71 6C (11)
                              [N5:V] RUN 255 176 (-80)
2025-12-09 11:56:36:102 [IN ] C8 24 05 0C 25 A5 05 01 31 04 88 53 FF B0 C5 30 46 (17)
                              [N5:V] RUN 'S' 255 176 (-80)
2025-12-09 11:56:40:318 [IN ] C8 24 0C 0E 25 A5 0C 01 31 06 81 45 FF BC CC E1 72 3B 0A (19)
                              [N12:Z] TPOS 'E' 255 188 204 225 (-4403999)
2025-12-09 11:56:40:740 [OUT] 25 A5 01 0C 31 05 81 FF D1 1A 67 15 6D (13)
                              [N12:Z] TPOS 255 209 26 103 (-3073433)
2025-12-09 11:56:40:887 [IN ] C8 24 05 0B 25 A5 05 01 31 03 81 5A 4C 61 AD E1 (16)
                              [N5:V] TPOS 'Z' 76 (76)
2025-12-09 11:56:40:929 [IN ] C8 24 0C 0E 25 A5 0C 01 31 06 81 53 FF BC CD 13 B3 B5 0A C8 24 05 0A 25 A5 05 01 31 02 81 49 03 38 CD (34)
                              [N12:Z] TPOS 'S' 255 188 205 19 (-4403949)
                              [N5:V] TPOS 'I'
2025-12-09 11:56:41:152 [OUT] 25 A5 01 05 31 03 C9 3D 09 49 04 (11)
                              [N5:V] LFLAG '=' 9 (9)
2025-12-09 11:56:41:320 [IN ] C8 24 05 0B 25 A5 05 01 31 03 C9 3A 09 46 02 13 (16)
                              [N5:V] LFLAG ':' 9 (9)
2025-12-09 11:56:41:342 [OUT] 25 A5 01 05 31 03 84 00 50 0E 02 (11)
                              [N5:V] VEL 0 80 (80)
2025-12-09 11:56:41:509 [IN ] C8 24 05 0C 25 A5 05 01 31 04 84 53 00 50 62 C2 B3 (17)
                              [N5:V] VEL 'S' 0 80 (80)
2025-12-09 11:56:41:530 [OUT] 25 A5 01 05 31 05 81 00 19 82 3C 94 B6 (13)
                              [N5:V] TPOS 0 25 130 60 (1671740)
2025-12-09 11:56:41:634 [IN ] C8 24 07 0E 25 A5 07 01 31 06 81 45 FF AB 14 66 29 EB 0A (19)
                              [N7:N] TPOS 'E' 255 171 20 102 (-5565338)
2025-12-09 11:56:41:699 [OUT] 25 A5 01 07 31 05 81 FF F3 35 BF A5 39 (13)
                              [N7:N] TPOS 255 243 53 191 (-838209)
2025-12-09 11:56:41:720 [IN ] C8 24 05 0E 25 A5 05 01 31 06 81 53 00 00 00 01 12 93 0A (19)
                              [N5:V] TPOS 'S' 0 0 0 1 (1)
2025-12-09 11:56:41:885 [IN ] C8 24 07 0E 25 A5 07 01 31 06 81 53 FF AB 14 66 37 31 0A (19)
                              [N7:N] TPOS 'S' 255 171 20 102 (-5565338)
2025-12-09 11:56:42:490 [IN ] C8 24 08 0B 25 A5 08 01 31 03 81 5A 52 6A C8 66 C8 24 08 0A 25 A5 08 01 31 02 81 49 06 4A C8 (31)
                              [N8:R] TPOS 'Z' 82 (82)
                              [N8:R] TPOS 'I'
2025-12-09 11:56:42:712 [OUT] 25 A5 01 08 31 03 CA 3D 09 4D 19 (11)
                              [N8:R] RFLAG '=' 9 (9)
2025-12-09 11:56:42:900 [IN ] C8 24 08 0B 25 A5 08 01 31 03 CA 3A 09 4A 1A 66 (16)
                              [N8:R] RFLAG ':' 9 (9)
2025-12-09 11:56:42:921 [OUT] 25 A5 01 08 31 05 81 FF DC 77 1D 2F DE (13)
                              [N8:R] TPOS 255 220 119 29 (-2328803)
2025-12-09 11:56:43:108 [IN ] C8 24 08 0E 25 A5 08 01 31 06 81 53 FF FF FF A8 B9 4F 0A (19)
                              [N8:R] TPOS 'S' 255 255 255 168 (-88)
2025-12-09 11:56:47:322 [IN ] C8 24 0C 0E 25 A5 0C 01 31 06 81 45 FF D1 1E 5C 54 99 0A (19)
                              [N12:Z] TPOS 'E' 255 209 30 92 (-3072420)
2025-12-09 11:56:49:528 [IN ] C8 24 05 0E 25 A5 05 01 31 06 81 45 00 19 86 B2 54 55 0A (19)
                              [N5:V] TPOS 'E' 0 25 134 178 (1672882)
2025-12-09 11:56:49:953 [OUT] 25 A5 01 05 31 05 81 00 0D 03 C1 8E 19 (13)
                              [N5:V] TPOS 0 13 3 193 (852929)
2025-12-09 11:56:50:141 [IN ] C8 24 05 0E 25 A5 05 01 31 06 81 53 00 19 86 B2 62 9B 0A (19)
                              [N5:V] TPOS 'S' 0 25 134 178 (1672882)
2025-12-09 11:56:55:161 [IN ] C8 24 05 0E 25 A5 05 01 31 06 81 45 00 0D 01 84 95 F9 0A (19)
                              [N5:V] TPOS 'E' 0 13 1 132 (852356)
2025-12-09 11:56:55:384 [OUT] 25 A5 01 03 31 05 81 FF ED B1 30 88 70 (13)
                              [N3:X] TPOS 255 237 177 48 (-1199824)
2025-12-09 11:56:55:406 [OUT] 25 A5 01 04 31 05 81 FF F3 BD 0C 77 7E (13)
                              [N4:Y] TPOS 255 243 189 12 (-803572)
2025-12-09 11:56:55:511 [IN ] C8 24 08 0E 25 A5 08 01 31 06 81 45 FF DC 74 9F F4 81 0A (19)
                              [N8:R] TPOS 'E' 255 220 116 159 (-2329441)
2025-12-09 11:56:55:575 [OUT] 25 A5 01 08 31 05 81 FF EE 15 56 18 89 (13)
                              [N8:R] TPOS 255 238 21 86 (-1174186)
2025-12-09 11:56:55:575 [IN ] C8 24 03 0E 25 A5 03 01 31 06 81 53 FF FD 50 7A D5 8B 0A (19)
                              [N3:X] TPOS 'S' 255 253 80 122 (-176006)
2025-12-09 11:56:55:702 [IN ] C8 24 04 0E 25 A5 04 01 31 06 81 53 FF FD 50 1C 78 37 0A (19)
                              [N4:Y] TPOS 'S' 255 253 80 28 (-176100)
2025-12-09 11:56:55:827 [IN ] C8 24 08 0E 25 A5 08 01 31 06 81 53 FF DC 74 A3 06 CB 0A (19)
                              [N8:R] TPOS 'S' 255 220 116 163 (-2329437)
2025-12-09 11:56:59:038 [IN ] C8 24 04 0E 25 A5 04 01 31 06 81 45 FF F3 B9 FE AB 87 0A (19)
                              [N4:Y] TPOS 'E' 255 243 185 254 (-804354)
2025-12-09 11:57:00:847 [IN ] C8 24 03 0E 25 A5 03 01 31 06 81 45 FF ED AE E9 84 40 0A (19)
                              [N3:X] TPOS 'E' 255 237 174 233 (-1200407)
2025-12-09 11:57:02:855 [IN ] C8 24 07 0E 25 A5 07 01 31 06 81 45 FF F3 3A 7C AD 25 0A (19)
                              [N7:N] TPOS 'E' 255 243 58 124 (-836996)
2025-12-09 11:57:03:057 [IN ] C8 24 08 0E 25 A5 08 01 31 06 81 45 FF EE 15 E7 EF 41 0A (19)
                              [N8:R] TPOS 'E' 255 238 21 231 (-1174041)
