2026-04-16 16:38:21:948 [OUT] 25 A5 01 0A 31 05 D6 3D FF 00 00 53 ED (13)
                              [N10:HMI] HMILED '=' 255 0 0 (16711680)
2026-04-16 16:38:21:970 [OUT] 25 A5 01 03 31 05 81 FF EE C3 67 D2 CE (13)
                              [N3:X] TPOS 255 238 195 103 (-1129625)
2026-04-16 16:38:21:992 [OUT] 25 A5 01 04 31 05 81 FF F3 93 0A 4B 28 (13)
                              [N4:Y] TPOS 255 243 147 10 (-814326)
2026-04-16 16:38:22:140 [IN ] C8 24 0A 0D 25 A5 0A 01 31 05 D6 3A FF 00 00 50 EA A0 (18)
                              [N10:HMI] HMILED ':' 255 0 0 (16711680)
2026-04-16 16:38:22:266 [IN ] C8 24 03 0E 25 A5 03 01 31 06 81 53 FF ED 7C 60 D7 99 31 (19)
                              [N3:X] TPOS 'S' 255 237 124 96 (-1213344)
2026-04-16 16:38:22:392 [IN ] C8 24 04 0E 25 A5 04 01 31 06 81 53 FF FA D8 C0 A1 E2 31 (19)
                              [N4:Y] TPOS 'S' 255 250 216 192 (-337728)
2026-04-16 16:38:22:996 [IN ] C8 24 0B 0A 25 A5 0B 01 31 02 DE 00 1D CD D8 (15)
                              [N11:NG] NGSWSTATE 0 (0)
2026-04-16 16:38:23:198 [IN ] C8 24 03 0E 25 A5 03 01 31 06 81 45 FF EE C2 F3 A3 75 31 (19)
                              [N3:X] TPOS 'E' 255 238 194 243 (-1129741)
2026-04-16 16:38:24:002 [IN ] C8 24 0B 0A 25 A5 0B 01 31 02 DE 00 1D CD C2 (15)
                              [N11:NG] NGSWSTATE 0 (0)
2026-04-16 16:38:25:006 [IN ] C8 24 0B 0A 25 A5 0B 01 31 02 DE 00 1D CD C2 C8 24 04 0E 25 A5 04 01 31 06 81 45 FF F3 90 97 1B CE 31 (34)
                              [N11:NG] NGSWSTATE 0 (0)
                              [N4:Y] TPOS 'E' 255 243 144 151 (-814953)
