2026-04-16 13:45:09:252 [OUT] 25 A5 01 0A 31 05 D6 3D FF 00 00 53 ED (13)
                              [N10:HMI] HMILED '=' 255 0 0 (16711680)
2026-04-16 13:45:09:275 [OUT] 25 A5 01 03 31 02 D8 3F 4E CE (10)
                              [N3:X] INTERRUPT '?'
2026-04-16 13:45:09:576 [IN ] C8 24 0A 0D 25 A5 0A 01 31 05 D6 3A FF 00 00 50 EA 5F C8 24 03 0C 25 A5 03 01 31 04 D8 3A 01 01 4D 6A EA (35)
                              [N10:HMI] HMILED ':' 255 0 0 (16711680)
                              [N3:X] INTERRUPT ':' 1 1 (257)
2026-04-16 13:45:09:597 [OUT] 25 A5 01 09 31 03 C9 3D 09 4D 1C (11)
                              [N9:P] LFLAG '=' 9 (9)
2026-04-16 13:45:09:620 [OUT] 25 A5 01 04 31 02 D8 3F 4F D3 (10)
                              [N4:Y] INTERRUPT '?'
2026-04-16 13:45:09:621 [IN ] C8 24 0B 0A 25 A5 0B 01 31 02 DE 03 20 D0 4D (15)
                              [N11:NG] NGSWSTATE 3 (3)
2026-04-16 13:45:09:922 [IN ] C8 24 09 0B 25 A5 09 01 31 03 C9 3A 09 4A 1E 6A C8 24 04 0C 25 A5 04 01 31 04 D8 3A 01 01 4E 72 EA (33)
                              [N9:P] LFLAG ':' 9 (9)
                              [N4:Y] INTERRUPT ':' 1 1 (257)
2026-04-16 13:45:09:944 [OUT] 25 A5 01 09 31 03 CA 3D 09 4E 1F (11)
                              [N9:P] RFLAG '=' 9 (9)
2026-04-16 13:45:09:967 [OUT] 25 A5 01 0C 31 02 D8 3F 57 FB (10)
                              [N12:Z] INTERRUPT '?'
2026-04-16 13:45:10:268 [IN ] C8 24 09 0B 25 A5 09 01 31 03 CA 3A 09 4B 21 72 C8 24 0C 0C 25 A5 0C 01 31 04 D8 3A 01 01 56 B2 EA (33)
                              [N9:P] RFLAG ':' 9 (9)
                              [N12:Z] INTERRUPT ':' 1 1 (257)
2026-04-16 13:45:10:289 [OUT] 25 A5 01 08 31 03 C9 3D 09 4C 16 (11)
                              [N8:R] LFLAG '=' 9 (9)
2026-04-16 13:45:10:311 [OUT] 25 A5 01 03 31 03 C9 3D 0B 49 FA (11)
                              [N3:X] LFLAG '=' 11 (11)
2026-04-16 13:45:10:332 [OUT] 25 A5 01 04 31 03 C9 3D 0B 4A 00 (11)
                              [N4:Y] LFLAG '=' 11 (11)
2026-04-16 13:45:10:354 [OUT] 25 A5 01 0C 31 03 C9 3D 0B 52 30 (11)
                              [N12:Z] LFLAG '=' 11 (11)
2026-04-16 13:45:10:439 [IN ] C8 24 08 0B 25 A5 08 01 31 03 C9 3A 09 49 17 B2 (16)
                              [N8:R] LFLAG ':' 9 (9)
2026-04-16 13:45:10:462 [OUT] 25 A5 01 08 31 03 CA 3D 09 4D 19 (11)
                              [N8:R] RFLAG '=' 9 (9)
2026-04-16 13:45:10:568 [IN ] C8 24 03 0B 25 A5 03 01 31 03 C9 3A 0B 46 F6 B2 (16)
                              [N3:X] LFLAG ':' 11 (11)
2026-04-16 13:45:10:589 [OUT] 25 A5 01 03 31 03 88 00 50 10 02 (11)
                              [N3:X] RUN 0 80 (80)
2026-04-16 13:45:10:611 [IN ] C8 24 0B 0A 25 A5 0B 01 31 02 DE 03 20 D0 F6 (15)
                              [N11:NG] NGSWSTATE 3 (3)
2026-04-16 13:45:10:674 [IN ] C8 24 04 0B 25 A5 04 01 31 03 C9 3A 0B 47 FD B2 (16)
                              [N4:Y] LFLAG ':' 11 (11)
2026-04-16 13:45:10:696 [OUT] 25 A5 01 04 31 03 88 00 50 11 08 (11)
                              [N4:Y] RUN 0 80 (80)
2026-04-16 13:45:10:802 [IN ] C8 24 0C 0B 25 A5 0C 01 31 03 C9 3A 0B 4F 35 B2 (16)
                              [N12:Z] LFLAG ':' 11 (11)
2026-04-16 13:45:10:824 [OUT] 25 A5 01 0C 31 03 88 00 50 19 38 (11)
                              [N12:Z] RUN 0 80 (80)
2026-04-16 13:45:10:888 [IN ] C8 24 08 0B 25 A5 08 01 31 03 CA 3A 09 4A 1A B2 (16)
                              [N8:R] RFLAG ':' 9 (9)
2026-04-16 13:45:10:993 [IN ] C8 24 03 0C 25 A5 03 01 31 04 88 53 00 (13)
2026-04-16 13:45:11:015 [IN ] 50 64 C2 EA (4)
                              [N3:X] RUN 'S' 0 80 (80)
2026-04-16 13:45:11:141 [IN ] C8 24 04 0C 25 A5 04 01 31 04 88 53 00 50 65 CA EA (17)
                              [N4:Y] RUN 'S' 0 80 (80)
2026-04-16 13:45:11:247 [IN ] C8 24 0C 0C 25 A5 0C 01 31 04 88 53 00 50 6D 0A EA (17)
                              [N12:Z] RUN 'S' 0 80 (80)
2026-04-16 13:45:11:649 [IN ] C8 24 0B 0A 25 A5 0B 01 31 02 DE 03 20 D0 6D (15)
                              [N11:NG] NGSWSTATE 3 (3)
2026-04-16 13:45:12:652 [IN ] C8 24 0B 0A 25 A5 0B 01 31 02 DE 03 20 D0 6D (15)
                              [N11:NG] NGSWSTATE 3 (3)
2026-04-16 13:45:13:657 [IN ] C8 24 0B 0A 25 A5 0B 01 31 02 DE 03 20 D0 6D (15)
                              [N11:NG] NGSWSTATE 3 (3)
2026-04-16 13:45:14:662 [IN ] C8 24 0B 0A 25 A5 0B 01 31 02 DE 03 20 D0 6D (15)
                              [N11:NG] NGSWSTATE 3 (3)
2026-04-16 13:45:15:666 [IN ] C8 24 0B 0A 25 A5 0B 01 31 02 DE 03 20 D0 6D (15)
                              [N11:NG] NGSWSTATE 3 (3)
2026-04-16 13:45:16:671 [IN ] C8 24 0B 0A 25 A5 0B 01 31 02 DE 03 20 D0 6D (15)
                              [N11:NG] NGSWSTATE 3 (3)
2026-04-16 13:45:17:675 [IN ] C8 24 0B 0A 25 A5 0B 01 31 02 DE 03 20 D0 6D (15)
                              [N11:NG] NGSWSTATE 3 (3)
2026-04-16 13:45:17:877 [IN ] C8 24 04 0B 25 A5 04 01 31 03 81 5A 4C 60 A6 0A (16)
                              [N4:Y] TPOS 'Z' 76 (76)
2026-04-16 13:45:18:079 [IN ] C8 24 04 0A 25 A5 04 01 31 02 81 49 02 32 A6 (15)
                              [N4:Y] TPOS 'I'
2026-04-16 13:45:18:303 [OUT] 25 A5 01 09 31 02 D8 3F 54 EC (10)
                              [N9:P] INTERRUPT '?'
2026-04-16 13:45:18:604 [IN ] C8 24 09 0C 25 A5 09 01 31 04 D8 3A 01 00 52 99 EA (17)
                              [N9:P] INTERRUPT ':' 1 0 (256)
2026-04-16 13:45:18:625 [OUT] 25 A5 01 04 31 03 C9 3D 09 48 FE (11)
                              [N4:Y] LFLAG '=' 9 (9)
2026-04-16 13:45:18:647 [OUT] 25 A5 01 07 31 02 D8 3F 52 E2 (10)
                              [N7:N] INTERRUPT '?'
2026-04-16 13:45:18:948 [IN ] C8 24 0B 0A 25 A5 0B 01 31 02 DE 03 20 D0 52 C8 24 04 0B 25 A5 04 01 31 03 C9 3A 09 45 FB 99 C8 24 07 0C 25 A5 07 01 31 04 D8 3A 01 01 51 8A EA (48)
                              [N11:NG] NGSWSTATE 3 (3)
                              [N4:Y] LFLAG ':' 9 (9)
                              [N7:N] INTERRUPT ':' 1 1 (257)
2026-04-16 13:45:18:970 [OUT] 25 A5 01 09 31 03 C9 3D 0B 4F 1E (11)
                              [N9:P] LFLAG '=' 11 (11)
2026-04-16 13:45:18:994 [OUT] 25 A5 01 07 31 03 C9 3D 0B 4D 12 (11)
                              [N7:N] LFLAG '=' 11 (11)
2026-04-16 13:45:19:142 [IN ] C8 24 09 0B 25 A5 09 01 31 03 C9 3A 0B 4C 20 8A (16)
                              [N9:P] LFLAG ':' 11 (11)
2026-04-16 13:45:19:165 [OUT] 25 A5 01 09 31 03 88 00 50 16 26 (11)
                              [N9:P] RUN 0 80 (80)
2026-04-16 13:45:19:229 [IN ] C8 24 07 0B 25 A5 07 01 31 03 C9 3A 0B 4A 12 8A (16)
                              [N7:N] LFLAG ':' 11 (11)
2026-04-16 13:45:19:253 [OUT] 25 A5 01 07 31 03 88 00 50 14 1A (11)
                              [N7:N] RUN 0 80 (80)
2026-04-16 13:45:19:358 [IN ] C8 24 09 0C 25 A5 09 01 31 04 88 53 00 50 6A F2 EA (17)
                              [N9:P] RUN 'S' 0 80 (80)
2026-04-16 13:45:19:464 [IN ] C8 24 07 0C 25 A5 07 01 31 04 88 53 00 50 68 E2 EA (17)
                              [N7:N] RUN 'S' 0 80 (80)
2026-04-16 13:45:19:666 [IN ] C8 24 03 0B 25 A5 03 01 31 03 81 5A 4C 5F 9F E2 (16)
                              [N3:X] TPOS 'Z' 76 (76)
2026-04-16 13:45:19:869 [IN ] C8 24 03 0A 25 A5 03 01 31 02 81 49 01 2C 9F C8 24 0B 0A 25 A5 0B 01 31 02 DE 03 20 D0 9F (30)
                              [N3:X] TPOS 'I'
                              [N11:NG] NGSWSTATE 3 (3)
2026-04-16 13:45:20:093 [OUT] 25 A5 01 03 31 03 C9 3D 09 47 F8 (11)
                              [N3:X] LFLAG '=' 9 (9)
2026-04-16 13:45:20:262 [IN ] C8 24 03 0B 25 A5 03 01 31 03 C9 3A 09 44 F4 E2 (16)
                              [N3:X] LFLAG ':' 9 (9)
2026-04-16 13:45:20:863 [IN ] C8 24 0B 0A 25 A5 0B 01 31 02 DE 03 20 D0 F4 (15)
                              [N11:NG] NGSWSTATE 3 (3)
2026-04-16 13:45:21:869 [IN ] C8 24 0B 0A 25 A5 0B 01 31 02 DE 03 20 D0 F4 (15)
                              [N11:NG] NGSWSTATE 3 (3)
2026-04-16 13:45:22:876 [IN ] C8 24 0B 0A 25 A5 0B 01 31 02 DE 03 20 D0 F4 C8 24 0C 0B 25 A5 0C 01 31 03 81 5A 4C 68 DE E2 C8 24 0C 0A 25 A5 0C 01 31 02 81 49 0A 62 DE (46)
                              [N11:NG] NGSWSTATE 3 (3)
                              [N12:Z] TPOS 'Z' 76 (76)
                              [N12:Z] TPOS 'I'
2026-04-16 13:45:23:100 [OUT] 25 A5 01 0C 31 03 C9 3D 09 50 2E (11)
                              [N12:Z] LFLAG '=' 9 (9)
2026-04-16 13:45:23:269 [IN ] C8 24 0C 0B 25 A5 0C 01 31 03 C9 3A 09 4D 33 E2 (16)
                              [N12:Z] LFLAG ':' 9 (9)
2026-04-16 13:45:23:871 [IN ] C8 24 0B 0A 25 A5 0B 01 31 02 DE 03 20 D0 33 (15)
                              [N11:NG] NGSWSTATE 3 (3)
2026-04-16 13:45:24:874 [IN ] C8 24 0B 0A 25 A5 0B 01 31 02 DE 03 20 D0 33 (15)
                              [N11:NG] NGSWSTATE 3 (3)
2026-04-16 13:45:25:878 [IN ] C8 24 0B 0A 25 A5 0B 01 31 02 DE 03 20 D0 33 (15)
                              [N11:NG] NGSWSTATE 3 (3)
2026-04-16 13:45:26:882 [IN ] C8 24 0B 0A 25 A5 0B 01 31 02 DE 03 20 D0 33 (15)
                              [N11:NG] NGSWSTATE 3 (3)
2026-04-16 13:45:27:888 [IN ] C8 24 0B 0A 25 A5 0B 01 31 02 DE 03 20 D0 33 (15)
                              [N11:NG] NGSWSTATE 3 (3)
2026-04-16 13:45:28:292 [IN ] C8 24 09 0B 25 A5 09 01 31 03 81 5A 4C 65 C9 E2 (16)
                              [N9:P] TPOS 'Z' 76 (76)
2026-04-16 13:45:28:493 [IN ] C8 24 09 0A 25 A5 09 01 31 02 81 49 07 50 C9 (15)
                              [N9:P] TPOS 'I'
2026-04-16 13:45:28:717 [OUT] 25 A5 01 09 31 03 C9 3D 09 4D 1C (11)
                              [N9:P] LFLAG '=' 9 (9)
2026-04-16 13:45:28:740 [OUT] 25 A5 01 04 31 05 81 FF EE 88 01 32 FA (13)
                              [N4:Y] TPOS 255 238 136 1 (-1144831)
2026-04-16 13:45:28:762 [IN ] C8 24 0B 0A 25 A5 0B 01 31 02 DE 03 20 D0 C9 (15)
                              [N11:NG] NGSWSTATE 3 (3)
2026-04-16 13:45:28:888 [IN ] C8 24 09 0B 25 A5 09 01 31 03 C9 3A 09 4A 1E E2 (16)
                              [N9:P] LFLAG ':' 9 (9)
2026-04-16 13:45:29:015 [IN ] C8 24 04 0E 25 A5 04 01 31 06 81 53 00 00 00 00 10 88 D3 (19)
                              [N4:Y] TPOS 'S' 0 0 0 0 (0)
2026-04-16 13:45:29:819 [IN ] C8 24 0B 0A 25 A5 0B 01 31 02 DE 03 20 D0 00 (15)
                              [N11:NG] NGSWSTATE 3 (3)
2026-04-16 13:45:30:823 [IN ] C8 24 0B 0A 25 A5 0B 01 31 02 DE 03 20 D0 00 (15)
                              [N11:NG] NGSWSTATE 3 (3)
2026-04-16 13:45:31:829 [IN ] C8 24 0B 0A 25 A5 0B 01 31 02 DE 03 20 D0 00 (15)
                              [N11:NG] NGSWSTATE 3 (3)
2026-04-16 13:45:32:833 [IN ] C8 24 0B 0A 25 A5 0B 01 31 02 DE 03 20 D0 00 (15)
                              [N11:NG] NGSWSTATE 3 (3)
2026-04-16 13:45:33:837 [IN ] C8 24 0B 0A 25 A5 0B 01 31 02 DE 03 20 D0 00 (15)
                              [N11:NG] NGSWSTATE 3 (3)
2026-04-16 13:45:34:841 [IN ] C8 24 0B 0A 25 A5 0B 01 31 02 DE 03 20 D0 00 (15)
                              [N11:NG] NGSWSTATE 3 (3)
2026-04-16 13:45:35:042 [IN ] C8 24 04 0E 25 A5 04 01 31 06 81 45 FF EE 85 C5 39 D7 D3 (19)
                              [N4:Y] TPOS 'E' 255 238 133 197 (-1145403)
2026-04-16 13:45:35:266 [OUT] 25 A5 01 0C 31 05 81 FF BC D0 00 4F 33 (13)
                              [N12:Z] TPOS 255 188 208 0 (-4403200)
2026-04-16 13:45:35:288 [OUT] 25 A5 01 04 31 05 81 FF FD 50 01 09 B7 (13)
                              [N4:Y] TPOS 255 253 80 1 (-176127)
2026-04-16 13:45:35:310 [OUT] 25 A5 01 09 31 05 81 FF E7 5D 56 5A 0C (13)
                              [N9:P] TPOS 255 231 93 86 (-1614506)
2026-04-16 13:45:35:333 [OUT] 25 A5 01 03 31 05 81 FF EC 4A AB 9B 1A (13)
                              [N3:X] TPOS 255 236 74 171 (-1291605)
2026-04-16 13:45:35:355 [OUT] 25 A5 01 06 31 02 D8 3F 51 DD (10)
                              [N6:H] INTERRUPT '?'
2026-04-16 13:45:35:657 [IN ] C8 24 0C 0E 25 A5 0C 01 31 06 81 53 FF FF FF C2 D7 91 D3 C8 24 04 0E 25 A5 04 01 31 06 81 53 FF EE 85 C5 47 1D D3 (38)
                              [N12:Z] TPOS 'S' 255 255 255 194 (-62)
                              [N4:Y] TPOS 'S' 255 238 133 197 (-1145403)
2026-04-16 13:45:35:958 [IN ] C8 24 09 0E 25 A5 09 01 31 06 81 53 FF FF FF FC 0E AD D3 C8 24 0B 0A 25 A5 0B 01 31 02 DE 03 20 D0 FF C8 24 03 0E 25 A5 03 01 31 06 81 53 FF FF FF FA 06 6F D3 C8 24 06 0C 25 A5 06 01 31 04 D8 
3A 01 01 50 82 06 (70)
                              [N9:P] TPOS 'S' 255 255 255 252 (-4)
                              [N11:NG] NGSWSTATE 3 (3)
                              [N3:X] TPOS 'S' 255 255 255 250 (-6)
                              [N6:H] INTERRUPT ':' 1 1 (257)
2026-04-16 13:45:35:979 [OUT] 25 A5 01 06 31 03 C9 3D 0B 4C 0C (11)
                              [N6:H] LFLAG '=' 11 (11)
2026-04-16 13:45:36:147 [IN ] C8 24 06 0B 25 A5 06 01 31 03 C9 3A 0B 49 0B 82 (16)
                              [N6:H] LFLAG ':' 11 (11)
2026-04-16 13:45:36:169 [OUT] 25 A5 01 06 31 03 88 FF B0 72 72 (11)
                              [N6:H] RUN 255 176 (-80)
2026-04-16 13:45:36:318 [IN ] C8 24 06 0C 25 A5 06 01 (8)
2026-04-16 13:45:36:339 [IN ] 31 04 88 53 FF B0 C6 38 06 (9)
                              [N6:H] RUN 'S' 255 176 (-80)
2026-04-16 13:45:36:941 [IN ] C8 24 0B 0A 25 A5 0B 01 31 02 DE 03 20 D0 C6 (15)
                              [N11:NG] NGSWSTATE 3 (3)
2026-04-16 13:45:37:944 [IN ] C8 24 0B 0A 25 A5 0B 01 31 02 DE 03 20 D0 C6 (15)
                              [N11:NG] NGSWSTATE 3 (3)
2026-04-16 13:45:38:949 [IN ] C8 24 0B 0A 25 A5 0B 01 31 02 DE 03 20 D0 C6 (15)
                              [N11:NG] NGSWSTATE 3 (3)
2026-04-16 13:45:39:955 [IN ] C8 24 0B 0A 25 A5 0B 01 31 02 DE 03 20 D0 C6 (15)
                              [N11:NG] NGSWSTATE 3 (3)
2026-04-16 13:45:40:358 [IN ] C8 24 06 0B 25 A5 06 01 31 03 81 5A 4C 62 B4 38 C8 24 06 0A 25 A5 06 01 31 02 81 49 04 3E B4 (31)
                              [N6:H] TPOS 'Z' 76 (76)
                              [N6:H] TPOS 'I'
2026-04-16 13:45:40:581 [OUT] 25 A5 01 06 31 03 C9 3D 09 4A 0A (11)
                              [N6:H] LFLAG '=' 9 (9)
2026-04-16 13:45:40:750 [IN ] C8 24 06 0B 25 A5 06 01 31 03 C9 3A 09 47 09 38 (16)
                              [N6:H] LFLAG ':' 9 (9)
2026-04-16 13:45:40:771 [OUT] 25 A5 01 06 31 03 84 00 50 0F 08 (11)
                              [N6:H] VEL 0 80 (80)
2026-04-16 13:45:40:856 [IN ] C8 24 0B 0A 25 A5 0B 01 31 02 DE 03 20 D0 09 (15)
                              [N11:NG] NGSWSTATE 3 (3)
2026-04-16 13:45:40:940 [IN ] C8 24 06 0C 25 A5 06 01 31 04 84 53 00 50 63 CA 06 (17)
                              [N6:H] VEL 'S' 0 80 (80)
2026-04-16 13:45:40:961 [OUT] 25 A5 01 06 31 05 81 00 19 82 3C 95 BE (13)
                              [N6:H] TPOS 0 25 130 60 (1671740)
2026-04-16 13:45:41:151 [IN ] C8 24 06 0E 25 A5 06 01 31 06 81 53 00 00 00 00 12 9C D3 (19)
                              [N6:H] TPOS 'S' 0 0 0 0 (0)
2026-04-16 13:45:41:955 [IN ] C8 24 0B 0A 25 A5 0B 01 31 02 DE 03 20 D0 00 (15)
                              [N11:NG] NGSWSTATE 3 (3)
2026-04-16 13:45:42:559 [IN ] C8 24 07 0B 25 A5 07 01 31 03 81 5A 4C 63 BB 00 C8 24 07 0A 25 A5 07 01 31 02 81 49 05 44 BB (31)
                              [N7:N] TPOS 'Z' 76 (76)
                              [N7:N] TPOS 'I'
2026-04-16 13:45:42:762 [IN ] C8 24 03 0E 25 A5 03 01 31 06 81 45 FF EC 4A 1D 53 A9 D3 (19)
                              [N3:X] TPOS 'E' 255 236 74 29 (-1291747)
2026-04-16 13:45:42:784 [OUT] 25 A5 01 07 31 03 C9 3D 09 4B 10 (11)
                              [N7:N] LFLAG '=' 9 (9)
2026-04-16 13:45:42:851 [OUT] 25 A5 01 03 31 05 81 FF FD 50 01 08 AF (13)
                              [N3:X] TPOS 255 253 80 1 (-176127)
2026-04-16 13:45:42:873 [IN ] C8 24 0B 0A 25 A5 0B 01 31 02 DE 03 20 D0 4A (15)
                              [N11:NG] NGSWSTATE 3 (3)
2026-04-16 13:45:42:958 [IN ] C8 24 07 0B 25 A5 (6)
2026-04-16 13:45:42:980 [IN ] 07 01 31 03 C9 3A 09 48 10 1D (10)
                              [N7:N] LFLAG ':' 9 (9)
2026-04-16 13:45:43:002 [OUT] 25 A5 01 07 31 05 81 FF AB 19 75 F7 DF (13)
                              [N7:N] TPOS 255 171 25 117 (-5564043)
2026-04-16 13:45:43:087 [IN ] C8 24 03 0E 25 A5 03 01 31 06 81 53 FF EC 4A 1E 62 F0 D3 (19)
                              [N3:X] TPOS 'S' 255 236 74 30 (-1291746)
2026-04-16 13:45:43:234 [IN ] C8 24 07 0E 25 A5 07 01 31 06 81 53 FF FF FF FF 0F 9C D3 (19)
                              [N7:N] TPOS 'S' 255 255 255 255 (-1)
2026-04-16 13:45:43:837 [IN ] C8 24 04 0E 25 A5 04 01 31 06 81 45 FF FD 4F 6D BA 40 D3 (19)
                              [N4:Y] TPOS 'E' 255 253 79 109 (-176275)
2026-04-16 13:45:44:039 [IN ] C8 24 0B 0A 25 A5 0B 01 31 02 DE 03 20 D0 4F (15)
                              [N11:NG] NGSWSTATE 3 (3)
2026-04-16 13:45:44:240 [IN ] C8 24 09 0E 25 A5 09 01 31 06 81 45 FF E7 5B 7A C2 55 D3 (19)
                              [N9:P] TPOS 'E' 255 231 91 122 (-1614982)
2026-04-16 13:45:44:665 [OUT] 25 A5 01 09 31 05 81 FF FF D9 C8 60 BE (13)
                              [N9:P] TPOS 255 255 217 200 (-9784)
2026-04-16 13:45:44:855 [IN ] C8 24 09 0E 25 A5 09 01 31 06 81 53 FF E7 5B 7F D5 A0 D3 (19)
                              [N9:P] TPOS 'S' 255 231 91 127 (-1614977)
2026-04-16 13:45:45:056 [IN ] C8 24 0B 0A 25 A5 0B 01 31 02 DE 03 20 D0 5B (15)
                              [N11:NG] NGSWSTATE 3 (3)
2026-04-16 13:45:46:060 [IN ] C8 24 0B 0A 25 A5 0B 01 31 02 DE 03 20 D0 5B (15)
                              [N11:NG] NGSWSTATE 3 (3)
2026-04-16 13:45:47:065 [IN ] C8 24 0B 0A 25 A5 0B 01 31 02 DE 03 20 D0 5B (15)
                              [N11:NG] NGSWSTATE 3 (3)
2026-04-16 13:45:48:067 [IN ] C8 24 0B 0A 25 A5 0B 01 31 02 DE 03 20 D0 5B (15)
                              [N11:NG] NGSWSTATE 3 (3)
2026-04-16 13:45:48:871 [IN ] C8 24 06 0E 25 A5 06 01 31 06 81 45 00 19 84 FA 9B A3 D3 (19)
                              [N6:H] TPOS 'E' 0 25 132 250 (1672442)
2026-04-16 13:45:49:073 [IN ] C8 24 0B 0A 25 A5 0B 01 31 02 DE 03 20 D0 84 (15)
                              [N11:NG] NGSWSTATE 3 (3)
2026-04-16 13:45:49:296 [OUT] 25 A5 01 06 31 05 81 00 0D 39 61 65 2D (13)
                              [N6:H] TPOS 0 13 57 97 (866657)
2026-04-16 13:45:49:485 [IN ] C8 24 06 0E 25 A5 06 01 31 06 81 53 00 19 84 FA A9 E9 D3 (19)
                              [N6:H] TPOS 'S' 0 25 132 250 (1672442)
2026-04-16 13:45:50:088 [IN ] C8 24 0B 0A 25 A5 0B 01 31 02 DE 03 20 D0 84 (15)
                              [N11:NG] NGSWSTATE 3 (3)
2026-04-16 13:45:51:092 [IN ] C8 24 0B 0A 25 A5 0B 01 31 02 DE 03 20 D0 84 (15)
                              [N11:NG] NGSWSTATE 3 (3)
2026-04-16 13:45:52:097 [IN ] C8 24 03 0E 25 A5 03 01 31 06 81 45 FF FD 50 39 86 04 D3 C8 24 0B 0A 25 A5 0B 01 31 02 DE 03 20 D0 50 (34)
                              [N3:X] TPOS 'E' 255 253 80 57 (-176071)
                              [N11:NG] NGSWSTATE 3 (3)
2026-04-16 13:45:53:103 [IN ] C8 24 0B 0A 25 A5 0B 01 31 02 DE 03 20 D0 50 C8 24 06 0E 25 A5 06 01 31 06 81 45 00 0D 33 FF 43 E2 D3 (34)
                              [N11:NG] NGSWSTATE 3 (3)
                              [N6:H] TPOS 'E' 0 13 51 255 (865279)
2026-04-16 13:45:53:327 [OUT] 25 A5 01 05 31 02 D8 3F 50 D8 (10)
                              [N5:V] INTERRUPT '?'
2026-04-16 13:45:53:628 [IN ] C8 24 09 0E 25 A5 09 01 31 06 81 45 FF FF DB 9C 7C BF D3 C8 24 05 0C 25 A5 05 01 31 04 D8 3A 01 01 4F 7A 7C (36)
                              [N9:P] TPOS 'E' 255 255 219 156 (-9316)
                              [N5:V] INTERRUPT ':' 1 1 (257)
2026-04-16 13:45:53:650 [OUT] 25 A5 01 05 31 03 C9 3D 0B 4B 06 (11)
                              [N5:V] LFLAG '=' 11 (11)
2026-04-16 13:45:53:673 [OUT] 25 A5 01 08 31 02 D8 3F 53 E7 (10)
                              [N8:R] INTERRUPT '?'
2026-04-16 13:45:53:974 [IN ] C8 24 05 0B 25 A5 05 01 31 03 C9 3A 0B 48 04 7A C8 24 08 0C 25 A5 08 01 31 04 D8 3A 01 01 52 92 7C C8 24 0B 0A 25 A5 0B 01 31 02 DE 03 20 D0 52 (48)
                              [N5:V] LFLAG ':' 11 (11)
                              [N8:R] INTERRUPT ':' 1 1 (257)
                              [N11:NG] NGSWSTATE 3 (3)
2026-04-16 13:45:53:996 [OUT] 25 A5 01 05 31 03 88 FF B0 71 6C (11)
                              [N5:V] RUN 255 176 (-80)
2026-04-16 13:45:54:019 [OUT] 25 A5 01 08 31 03 CA 3D 0B 4F 1B (11)
                              [N8:R] RFLAG '=' 11 (11)
2026-04-16 13:45:54:167 [IN ] C8 24 05 0C 25 A5 05 01 31 04 88 53 FF B0 C5 30 7C (17)
                              [N5:V] RUN 'S' 255 176 (-80)
2026-04-16 13:45:54:272 [IN ] C8 24 08 0B 25 A5 08 01 31 03 CA 3A 0B 4C 1C 30 (16)
                              [N8:R] RFLAG ':' 11 (11)
2026-04-16 13:45:54:294 [OUT] 25 A5 01 08 31 03 88 00 50 15 20 (11)
                              [N8:R] RUN 0 80 (80)
2026-04-16 13:45:54:461 [IN ] C8 24 08 0C 25 A5 08 01 31 04 88 53 00 50 69 EA 7C (17)
                              [N8:R] RUN 'S' 0 80 (80)
2026-04-16 13:45:55:064 [IN ] C8 24 0B 0A 25 A5 0B 01 31 02 DE 03 20 D0 69 (15)
                              [N11:NG] NGSWSTATE 3 (3)
2026-04-16 13:45:56:069 [IN ] C8 24 0B 0A 25 A5 0B 01 31 02 DE 03 20 D0 69 (15)
                              [N11:NG] NGSWSTATE 3 (3)
2026-04-16 13:45:56:471 [IN ] C8 24 0C 0E 25 A5 0C 01 31 06 81 45 FF BC CD 75 07 D1 D3 (19)
                              [N12:Z] TPOS 'E' 255 188 205 117 (-4403851)
2026-04-16 13:45:56:897 [OUT] 25 A5 01 0C 31 05 81 FF D1 1A 67 15 6D (13)
                              [N12:Z] TPOS 255 209 26 103 (-3073433)
2026-04-16 13:45:56:982 [IN ] C8 24 0B 0A 25 A5 0B 01 31 02 DE 03 20 D0 CD (15)
                              [N11:NG] NGSWSTATE 3 (3)
2026-04-16 13:45:57:087 [IN ] C8 24 0C 0E 25 A5 0C 01 31 06 81 53 FF BC CD 79 19 1B D3 (19)
                              [N12:Z] TPOS 'S' 255 188 205 121 (-4403847)
2026-04-16 13:45:58:091 [IN ] C8 24 0B 0A 25 A5 0B 01 31 02 DE 03 20 D0 CD (15)
                              [N11:NG] NGSWSTATE 3 (3)
2026-04-16 13:45:58:494 [IN ] C8 24 05 0B 25 A5 05 01 31 03 81 5A 4C 61 AD 79 C8 24 05 0A 25 A5 05 01 31 02 81 49 03 38 AD (31)
                              [N5:V] TPOS 'Z' 76 (76)
                              [N5:V] TPOS 'I'
2026-04-16 13:45:58:717 [OUT] 25 A5 01 05 31 03 C9 3D 09 49 04 (11)
                              [N5:V] LFLAG '=' 9 (9)
2026-04-16 13:45:58:906 [IN ] C8 24 05 0B 25 A5 05 01 31 03 C9 3A 09 46 02 79 (16)
                              [N5:V] LFLAG ':' 9 (9)
2026-04-16 13:45:58:928 [OUT] 25 A5 01 05 31 03 84 00 50 0E 02 (11)
                              [N5:V] VEL 0 80 (80)
2026-04-16 13:45:58:991 [IN ] C8 24 0B 0A 25 A5 0B 01 31 02 DE 03 20 D0 02 (15)
                              [N11:NG] NGSWSTATE 3 (3)
2026-04-16 13:45:59:097 [IN ] C8 24 05 0C 25 A5 05 01 31 04 84 53 00 50 62 C2 19 (17)
                              [N5:V] VEL 'S' 0 80 (80)
2026-04-16 13:45:59:119 [OUT] 25 A5 01 05 31 05 81 00 19 82 3C 94 B6 (13)
                              [N5:V] TPOS 0 25 130 60 (1671740)
2026-04-16 13:45:59:163 [IN ] C8 24 08 0B 25 A5 08 01 31 03 81 5A 52 6A C8 C2 (16)
                              [N8:R] TPOS 'Z' 82 (82)
2026-04-16 13:45:59:185 [IN ] C8 24 08 0A 25 A5 08 01 31 02 81 49 06 4A C8 (15)
                              [N8:R] TPOS 'I'
2026-04-16 13:45:59:229 [OUT] 25 A5 01 08 31 03 CA 3D 09 4D 19 (11)
                              [N8:R] RFLAG '=' 9 (9)
2026-04-16 13:45:59:293 [IN ] C8 24 05 0E 25 A5 05 01 31 06 81 53 00 00 00 00 11 92 D3 (19)
                              [N5:V] TPOS 'S' 0 0 0 0 (0)
2026-04-16 13:45:59:418 [IN ] C8 24 08 0B 25 A5 08 01 31 03 CA 3A 09 4A 1A 00 (16)
                              [N8:R] RFLAG ':' 9 (9)
2026-04-16 13:45:59:440 [OUT] 25 A5 01 08 31 05 81 FF DC 77 1D 2F DE (13)
                              [N8:R] TPOS 255 220 119 29 (-2328803)
2026-04-16 13:45:59:629 [IN ] C8 24 08 0E 25 A5 08 01 31 06 81 53 FF FF FF EE FF 95 D3 (19)
                              [N8:R] TPOS 'S' 255 255 255 238 (-18)
2026-04-16 13:46:00:031 [IN ] C8 24 0B 0A 25 A5 0B 01 31 02 DE 03 20 D0 FF (15)
                              [N11:NG] NGSWSTATE 3 (3)
2026-04-16 13:46:01:035 [IN ] C8 24 0B 0A 25 A5 0B 01 31 02 DE 03 20 D0 FF (15)
                              [N11:NG] NGSWSTATE 3 (3)
2026-04-16 13:46:02:038 [IN ] C8 24 0B 0A 25 A5 0B 01 31 02 DE 03 20 D0 FF (15)
                              [N11:NG] NGSWSTATE 3 (3)
2026-04-16 13:46:03:043 [IN ] C8 24 0B 0A 25 A5 0B 01 31 02 DE 03 20 D0 FF (15)
                              [N11:NG] NGSWSTATE 3 (3)
2026-04-16 13:46:03:445 [IN ] C8 24 0C 0E 25 A5 0C 01 31 06 81 45 FF D1 1E 09 01 46 D3 (19)
                              [N12:Z] TPOS 'E' 255 209 30 9 (-3072503)
2026-04-16 13:46:04:049 [IN ] C8 24 0B 0A 25 A5 0B 01 31 02 DE 03 20 D0 1E (15)
                              [N11:NG] NGSWSTATE 3 (3)
2026-04-16 13:46:05:053 [IN ] C8 24 0B 0A 25 A5 0B 01 31 02 DE 03 20 D0 1E (15)
                              [N11:NG] NGSWSTATE 3 (3)
2026-04-16 13:46:06:055 [IN ] C8 24 0B 0A 25 A5 0B 01 31 02 DE 03 20 D0 1E (15)
                              [N11:NG] NGSWSTATE 3 (3)
2026-04-16 13:46:07:060 [IN ] C8 24 05 0E 25 A5 05 01 31 06 81 45 00 19 86 36 D8 D9 D3 C8 24 0B 0A 25 A5 0B 01 31 02 DE 03 20 D0 86 (34)
                              [N5:V] TPOS 'E' 0 25 134 54 (1672758)
                              [N11:NG] NGSWSTATE 3 (3)
2026-04-16 13:46:07:485 [OUT] 25 A5 01 05 31 05 81 00 0B D7 63 02 5D (13)
                              [N5:V] TPOS 0 11 215 99 (776035)
2026-04-16 13:46:07:675 [IN ] C8 24 07 0E 25 A5 07 01 31 06 81 45 FF AB 15 00 C4 87 D3 (19)
                              [N7:N] TPOS 'E' 255 171 21 0 (-5565184)
2026-04-16 13:46:07:698 [IN ] C8 24 05 0E 25 A5 05 01 31 06 81 53 00 19 86 36 E6 1F D3 (19)
                              [N5:V] TPOS 'S' 0 25 134 54 (1672758)
2026-04-16 13:46:07:921 [OUT] 25 A5 01 07 31 05 81 FF F3 35 BF A5 39 (13)
                              [N7:N] TPOS 255 243 53 191 (-838209)
2026-04-16 13:46:08:089 [IN ] C8 24 0B 0A 25 A5 0B 01 31 02 DE 03 20 D0 86 (15)
                              [N11:NG] NGSWSTATE 3 (3)
2026-04-16 13:46:08:111 [IN ] C8 24 07 0E 25 A5 07 01 31 06 81 53 FF AB 15 00 D2 CD D3 (19)
                              [N7:N] TPOS 'S' 255 171 21 0 (-5565184)
2026-04-16 13:46:09:116 [IN ] C8 24 0B 0A 25 A5 0B 01 31 02 DE 03 20 D0 15 (15)
                              [N11:NG] NGSWSTATE 3 (3)
2026-04-16 13:46:10:121 [IN ] C8 24 0B 0A 25 A5 0B 01 31 02 DE 03 20 D0 15 (15)
                              [N11:NG] NGSWSTATE 3 (3)
2026-04-16 13:46:11:125 [IN ] C8 24 0B 0A 25 A5 0B 01 31 02 DE 03 20 D0 15 (15)
                              [N11:NG] NGSWSTATE 3 (3)
2026-04-16 13:46:12:130 [IN ] C8 24 0B 0A 25 A5 0B 01 31 02 DE 03 20 D0 15 (15)
                              [N11:NG] NGSWSTATE 3 (3)
2026-04-16 13:46:13:135 [IN ] C8 24 05 0E 25 A5 05 01 31 06 81 45 00 0B D5 B2 95 C9 D3 C8 24 08 0E 25 A5 08 01 31 06 81 45 FF DC 75 07 5D EB D3 C8 24 0B 0A 25 A5 0B 01 31 02 DE 03 20 D0 75 (53)
                              [N5:V] TPOS 'E' 0 11 213 178 (775602)
                              [N8:R] TPOS 'E' 255 220 117 7 (-2329337)
                              [N11:NG] NGSWSTATE 3 (3)
2026-04-16 13:46:13:359 [OUT] 25 A5 01 03 31 05 81 FF EE C5 53 C0 BE (13)
                              [N3:X] TPOS 255 238 197 83 (-1129133)
2026-04-16 13:46:13:381 [OUT] 25 A5 01 08 31 05 81 FF EE 15 56 18 89 (13)
                              [N8:R] TPOS 255 238 21 86 (-1174186)
2026-04-16 13:46:13:404 [OUT] 25 A5 01 04 31 05 81 FF F3 95 60 A3 82 (13)
                              [N4:Y] TPOS 255 243 149 96 (-813728)
2026-04-16 13:46:13:551 [IN ] C8 24 03 0E 25 A5 03 01 31 06 81 53 FF FD 50 36 91 47 D3 (19)
                              [N3:X] TPOS 'S' 255 253 80 54 (-176074)
2026-04-16 13:46:13:678 [IN ] C8 24 08 0E 25 A5 08 01 31 06 81 53 FF DC 75 0F 73 39 D3 (19)
                              [N8:R] TPOS 'S' 255 220 117 15 (-2329329)
2026-04-16 13:46:13:803 [IN ] C8 24 04 0E 25 A5 04 01 31 06 81 53 FF FD (14)
2026-04-16 13:46:13:824 [IN ] 4F 6D C8 86 D3 (5)
                              [N4:Y] TPOS 'S' 255 253 79 109 (-176275)
2026-04-16 13:46:14:227 [IN ] C8 24 0B 0A 25 A5 0B 01 31 02 DE 03 20 D0 4F (15)
                              [N11:NG] NGSWSTATE 3 (3)
2026-04-16 13:46:15:232 [IN ] C8 24 0B 0A 25 A5 0B 01 31 02 DE 03 20 D0 4F (15)
                              [N11:NG] NGSWSTATE 3 (3)
2026-04-16 13:46:16:237 [IN ] C8 24 0B 0A 25 A5 0B 01 31 02 DE 03 20 D0 4F (15)
                              [N11:NG] NGSWSTATE 3 (3)
2026-04-16 13:46:17:241 [IN ] C8 24 04 0E 25 A5 04 01 31 06 81 45 FF F3 93 0A 91 47 D3 C8 24 0B 0A 25 A5 0B 01 31 02 DE 03 20 D0 93 (34)
                              [N4:Y] TPOS 'E' 255 243 147 10 (-814326)
                              [N11:NG] NGSWSTATE 3 (3)
2026-04-16 13:46:18:246 [IN ] C8 24 0B 0A 25 A5 0B 01 31 02 DE 03 20 D0 93 (15)
                              [N11:NG] NGSWSTATE 3 (3)
2026-04-16 13:46:18:448 [IN ] C8 24 03 0E 25 A5 03 01 31 06 81 45 FF EE C3 67 18 EB D3 (19)
                              [N3:X] TPOS 'E' 255 238 195 103 (-1129625)
2026-04-16 13:46:19:252 [IN ] C8 24 0B 0A 25 A5 0B 01 31 02 DE 03 20 D0 C3 (15)
                              [N11:NG] NGSWSTATE 3 (3)
2026-04-16 13:46:20:256 [IN ] C8 24 0B 0A 25 A5 0B 01 31 02 DE 03 20 D0 C3 (15)
                              [N11:NG] NGSWSTATE 3 (3)
2026-04-16 13:46:21:260 [IN ] C8 24 0B 0A 25 A5 0B 01 31 02 DE 03 20 D0 C3 (15)
                              [N11:NG] NGSWSTATE 3 (3)
2026-04-16 13:46:21:461 [IN ] C8 24 08 0E 25 A5 08 01 31 06 81 45 FF EE 14 F7 FE 4F D3 (19)
                              [N8:R] TPOS 'E' 255 238 20 247 (-1174281)
2026-04-16 13:46:22:265 [IN ] C8 24 0B 0A 25 A5 0B 01 31 02 DE 03 20 D0 14 (15)
                              [N11:NG] NGSWSTATE 3 (3)
2026-04-16 13:46:23:271 [IN ] C8 24 0B 0A 25 A5 0B 01 31 02 DE 03 20 D0 14 (15)
                              [N11:NG] NGSWSTATE 3 (3)
2026-04-16 13:46:24:274 [IN ] C8 24 0B 0A 25 A5 0B 01 31 02 DE 03 20 D0 14 (15)
                              [N11:NG] NGSWSTATE 3 (3)
2026-04-16 13:46:25:278 [IN ] C8 24 0B 0A 25 A5 0B 01 31 02 DE 03 20 D0 14 (15)
                              [N11:NG] NGSWSTATE 3 (3)
2026-04-16 13:46:26:282 [IN ] C8 24 0B 0A 25 A5 0B 01 31 02 DE 03 20 D0 14 (15)
                              [N11:NG] NGSWSTATE 3 (3)
2026-04-16 13:46:27:286 [IN ] C8 24 0B 0A 25 A5 0B 01 31 02 DE 03 20 D0 14 (15)
                              [N11:NG] NGSWSTATE 3 (3)
2026-04-16 13:46:28:289 [IN ] C8 24 0B 0A 25 A5 0B 01 31 02 DE 03 20 D0 14 (15)
                              [N11:NG] NGSWSTATE 3 (3)
2026-04-16 13:46:28:891 [IN ] C8 24 07 0E 25 A5 07 01 31 06 81 45 FF F3 3A 44 75 ED D3 (19)
                              [N7:N] TPOS 'E' 255 243 58 68 (-837052)
