2026-04-23 20:26:31:670 [OUT] 25 A5 01 0A 31 05 D6 3D FF 00 00 53 ED (13)
                              [N10:HMI] HMILED '=' 255 0 0 (16711680)
2026-04-23 20:26:31:692 [OUT] 25 A5 01 03 31 02 D8 3F 4E CE (10)
                              [N3:X] INTERRUPT '?'
2026-04-23 20:26:31:993 [IN ] C8 24 0A 0D 25 A5 0A 01 31 05 D6 3A FF 00 00 50 EA 06 C8 24 03 0C 25 A5 03 01 31 04 D8 3A 01 01 4D 6A EA (35)
                              [N10:HMI] HMILED ':' 255 0 0 (16711680)
                              [N3:X] INTERRUPT ':' 1 1 (257)
2026-04-23 20:26:32:015 [OUT] 25 A5 01 09 31 03 C9 3D 09 4D 1C (11)
                              [N9:P] LFLAG '=' 9 (9)
2026-04-23 20:26:32:039 [OUT] 25 A5 01 04 31 02 D8 3F 4F D3 (10)
                              [N4:Y] INTERRUPT '?'
2026-04-23 20:26:32:341 [IN ] C8 24 09 0B 25 A5 09 01 31 03 C9 3A 09 4A 1E 6A C8 24 04 0C 25 A5 04 01 31 04 D8 3A 01 01 4E 72 EA (33)
                              [N9:P] LFLAG ':' 9 (9)
                              [N4:Y] INTERRUPT ':' 1 1 (257)
2026-04-23 20:26:32:362 [OUT] 25 A5 01 09 31 03 CA 3D 09 4E 1F (11)
                              [N9:P] RFLAG '=' 9 (9)
2026-04-23 20:26:32:385 [OUT] 25 A5 01 0C 31 02 D8 3F 57 FB (10)
                              [N12:Z] INTERRUPT '?'
2026-04-23 20:26:32:686 [IN ] C8 24 09 0B 25 A5 09 01 31 03 CA 3A 09 4B 21 72 C8 24 0C 0C 25 A5 0C 01 31 04 D8 3A 01 01 56 B2 EA (33)
                              [N9:P] RFLAG ':' 9 (9)
                              [N12:Z] INTERRUPT ':' 1 1 (257)
2026-04-23 20:26:32:708 [OUT] 25 A5 01 08 31 03 C9 3D 09 4C 16 (11)
                              [N8:R] LFLAG '=' 9 (9)
2026-04-23 20:26:32:731 [OUT] 25 A5 01 03 31 03 C9 3D 0B 49 FA (11)
                              [N3:X] LFLAG '=' 11 (11)
2026-04-23 20:26:32:754 [OUT] 25 A5 01 04 31 03 C9 3D 0B 4A 00 (11)
                              [N4:Y] LFLAG '=' 11 (11)
2026-04-23 20:26:32:777 [OUT] 25 A5 01 0C 31 03 C9 3D 0B 52 30 (11)
                              [N12:Z] LFLAG '=' 11 (11)
2026-04-23 20:26:32:882 [IN ] C8 24 08 0B 25 A5 08 01 31 03 C9 3A 09 49 17 B2 (16)
                              [N8:R] LFLAG ':' 9 (9)
2026-04-23 20:26:32:904 [OUT] 25 A5 01 08 31 03 CA 3D 09 4D 19 (11)
                              [N8:R] RFLAG '=' 9 (9)
2026-04-23 20:26:32:990 [IN ] C8 24 03 0B 25 A5 03 01 31 03 C9 3A 0B 46 F6 B2 (16)
                              [N3:X] LFLAG ':' 11 (11)
2026-04-23 20:26:33:011 [OUT] 25 A5 01 03 31 03 88 00 50 10 02 (11)
                              [N3:X] RUN 0 80 (80)
2026-04-23 20:26:33:076 [IN ] C8 24 04 0B 25 A5 04 01 31 03 C9 3A 0B 47 FD B2 (16)
                              [N4:Y] LFLAG ':' 11 (11)
2026-04-23 20:26:33:099 [OUT] 25 A5 01 04 31 03 88 00 50 11 08 (11)
                              [N4:Y] RUN 0 80 (80)
2026-04-23 20:26:33:205 [IN ] C8 24 0C 0B 25 A5 0C 01 31 03 C9 3A 0B 4F 35 B2 (16)
                              [N12:Z] LFLAG ':' 11 (11)
2026-04-23 20:26:33:226 [OUT] 25 A5 01 0C 31 03 88 00 50 19 38 (11)
                              [N12:Z] RUN 0 80 (80)
2026-04-23 20:26:33:310 [IN ] C8 24 08 0B 25 A5 08 01 31 03 CA 3A 09 4A 1A B2 (16)
                              [N8:R] RFLAG ':' 9 (9)
2026-04-23 20:26:33:414 [IN ] C8 24 03 0C 25 A5 03 01 31 04 88 53 00 50 64 C2 EA (17)
                              [N3:X] RUN 'S' 0 80 (80)
2026-04-23 20:26:33:538 [IN ] C8 24 04 0C 25 A5 04 01 31 04 88 53 00 50 65 CA EA (17)
                              [N4:Y] RUN 'S' 0 80 (80)
2026-04-23 20:26:33:644 [IN ] C8 24 0C 0C 25 A5 0C 01 31 04 88 53 00 50 6D 0A EA (17)
                              [N12:Z] RUN 'S' 0 80 (80)
2026-04-23 20:26:40:867 [IN ] C8 24 04 0B 25 A5 04 01 31 03 81 5A 4C 60 A6 0A (16)
                              [N4:Y] TPOS 'Z' 76 (76)
2026-04-23 20:26:41:069 [IN ] C8 24 04 0A 25 A5 04 01 31 02 81 49 02 32 A6 (15)
                              [N4:Y] TPOS 'I'
2026-04-23 20:26:41:294 [OUT] 25 A5 01 09 31 02 D8 3F 54 EC (10)
                              [N9:P] INTERRUPT '?'
2026-04-23 20:26:41:595 [IN ] C8 24 09 0C 25 A5 09 01 31 04 D8 3A 01 01 53 9A EA (17)
                              [N9:P] INTERRUPT ':' 1 1 (257)
2026-04-23 20:26:41:616 [OUT] 25 A5 01 04 31 03 C9 3D 09 48 FE (11)
                              [N4:Y] LFLAG '=' 9 (9)
2026-04-23 20:26:41:638 [OUT] 25 A5 01 07 31 02 D8 3F 52 E2 (10)
                              [N7:N] INTERRUPT '?'
2026-04-23 20:26:41:939 [IN ] C8 24 04 0B 25 A5 04 01 31 03 C9 3A 09 45 FB 9A C8 24 07 0C 25 A5 07 01 31 04 D8 3A 01 01 51 8A EA (33)
                              [N4:Y] LFLAG ':' 9 (9)
                              [N7:N] INTERRUPT ':' 1 1 (257)
2026-04-23 20:26:41:960 [OUT] 25 A5 01 09 31 03 C9 3D 0B 4F 1E (11)
                              [N9:P] LFLAG '=' 11 (11)
2026-04-23 20:26:41:982 [OUT] 25 A5 01 07 31 03 C9 3D 0B 4D 12 (11)
                              [N7:N] LFLAG '=' 11 (11)
2026-04-23 20:26:42:129 [IN ] C8 24 09 0B 25 A5 09 01 31 03 C9 3A 0B 4C 20 8A (16)
                              [N9:P] LFLAG ':' 11 (11)
2026-04-23 20:26:42:151 [OUT] 25 A5 01 09 31 03 88 00 50 16 26 (11)
                              [N9:P] RUN 0 80 (80)
2026-04-23 20:26:42:236 [IN ] C8 24 07 0B 25 A5 07 01 31 03 C9 3A 0B 4A 12 8A (16)
                              [N7:N] LFLAG ':' 11 (11)
2026-04-23 20:26:42:257 [OUT] 25 A5 01 07 31 03 88 00 50 14 1A (11)
                              [N7:N] RUN 0 80 (80)
2026-04-23 20:26:42:362 [IN ] C8 24 09 0C 25 A5 09 01 31 04 88 53 00 50 6A F2 EA (17)
                              [N9:P] RUN 'S' 0 80 (80)
2026-04-23 20:26:42:404 [IN ] C8 24 09 0B 25 A5 09 01 31 03 81 5A 4C 65 C9 F2 (16)
                              [N9:P] TPOS 'Z' 76 (76)
2026-04-23 20:26:42:449 [IN ] C8 24 07 0C 25 A5 07 01 31 04 88 53 00 50 68 E2 EA C8 24 09 0A 25 A5 09 01 31 02 81 49 07 50 68 (32)
                              [N7:N] RUN 'S' 0 80 (80)
                              [N9:P] TPOS 'I'
2026-04-23 20:26:42:674 [OUT] 25 A5 01 09 31 03 C9 3D 09 4D 1C (11)
                              [N9:P] LFLAG '=' 9 (9)
2026-04-23 20:26:42:695 [OUT] 25 A5 01 04 31 05 81 FF EE 88 01 32 FA (13)
                              [N4:Y] TPOS 255 238 136 1 (-1144831)
2026-04-23 20:26:42:843 [IN ] C8 24 09 0B 25 A5 09 01 31 03 C9 3A 09 4A 1E E2 (16)
                              [N9:P] LFLAG ':' 9 (9)
2026-04-23 20:26:42:967 [IN ] C8 24 04 0E 25 A5 04 01 31 06 81 53 00 00 00 00 10 88 0A (19)
                              [N4:Y] TPOS 'S' 0 0 0 0 (0)
2026-04-23 20:26:43:569 [IN ] C8 24 03 0B 25 A5 03 01 31 03 81 5A 4C 5F 9F 00 C8 24 03 0A 25 A5 03 01 31 02 81 49 01 2C 9F (31)
                              [N3:X] TPOS 'Z' 76 (76)
                              [N3:X] TPOS 'I'
2026-04-23 20:26:43:792 [OUT] 25 A5 01 03 31 03 C9 3D 09 47 F8 (11)
                              [N3:X] LFLAG '=' 9 (9)
2026-04-23 20:26:43:981 [IN ] C8 24 03 0B 25 A5 03 01 31 03 C9 3A 09 44 F4 00 (16)
                              [N3:X] LFLAG ':' 9 (9)
2026-04-23 20:26:46:189 [IN ] C8 24 07 0B 25 A5 07 01 31 03 81 5A 4C 63 BB 00 (16)
                              [N7:N] TPOS 'Z' 76 (76)
2026-04-23 20:26:46:390 [IN ] C8 24 07 0A 25 A5 07 01 31 02 81 49 05 44 BB (15)
                              [N7:N] TPOS 'I'
2026-04-23 20:26:46:613 [OUT] 25 A5 01 07 31 03 C9 3D 09 4B 10 (11)
                              [N7:N] LFLAG '=' 9 (9)
2026-04-23 20:26:46:781 [IN ] C8 24 07 0B 25 A5 07 01 31 03 C9 3A 09 48 10 00 (16)
                              [N7:N] LFLAG ':' 9 (9)
2026-04-23 20:26:48:990 [IN ] C8 24 04 0E 25 A5 04 01 31 06 81 45 FF EE 84 E5 58 F5 0A (19)
                              [N4:Y] TPOS 'E' 255 238 132 229 (-1145627)
2026-04-23 20:26:49:214 [OUT] 25 A5 01 09 31 05 81 FF E7 5D 56 5A 0C (13)
                              [N9:P] TPOS 255 231 93 86 (-1614506)
2026-04-23 20:26:49:236 [OUT] 25 A5 01 04 31 05 81 FF FD 50 01 09 B7 (13)
                              [N4:Y] TPOS 255 253 80 1 (-176127)
2026-04-23 20:26:49:258 [OUT] 25 A5 01 07 31 05 81 FF AB 19 75 F7 DF (13)
                              [N7:N] TPOS 255 171 25 117 (-5564043)
2026-04-23 20:26:49:280 [OUT] 25 A5 01 03 31 05 81 FF EC 4A AB 9B 1A (13)
                              [N3:X] TPOS 255 236 74 171 (-1291605)
2026-04-23 20:26:49:302 [OUT] 25 A5 01 06 31 02 D8 3F 51 DD (10)
                              [N6:H] INTERRUPT '?'
2026-04-23 20:26:49:603 [IN ] C8 24 09 0E 25 A5 09 01 31 06 81 53 FF FF FF FD 0F AE 0A C8 24 04 0E 25 A5 04 01 31 06 81 53 FF EE 84 E5 66 3B 0A (38)
                              [N9:P] TPOS 'S' 255 255 255 253 (-3)
                              [N4:Y] TPOS 'S' 255 238 132 229 (-1145627)
2026-04-23 20:26:49:904 [IN ] C8 24 07 0E 25 A5 07 01 31 06 81 53 00 00 00 00 13 A6 0A C8 24 03 0E 25 A5 03 01 31 06 81 53 FF FF FF F1 FD 66 0A C8 24 06 0C 25 A5 06 01 31 04 D8 3A 01 01 50 82 FD (55)
                              [N7:N] TPOS 'S' 0 0 0 0 (0)
                              [N3:X] TPOS 'S' 255 255 255 241 (-15)
                              [N6:H] INTERRUPT ':' 1 1 (257)
2026-04-23 20:26:49:925 [OUT] 25 A5 01 06 31 03 C9 3D 0B 4C 0C (11)
                              [N6:H] LFLAG '=' 11 (11)
2026-04-23 20:26:50:072 [IN ] C8 24 06 0B 25 A5 06 01 31 03 C9 3A 0B 49 0B 82 (16)
                              [N6:H] LFLAG ':' 11 (11)
2026-04-23 20:26:50:093 [OUT] 25 A5 01 06 31 03 88 FF B0 72 72 (11)
                              [N6:H] RUN 255 176 (-80)
2026-04-23 20:26:50:261 [IN ] C8 24 06 0C 25 A5 06 01 31 04 88 53 FF B0 C6 38 FD (17)
                              [N6:H] RUN 'S' 255 176 (-80)
2026-04-23 20:26:51:066 [IN ] C8 24 0C 0B 25 A5 0C 01 31 03 81 5A 4C 68 DE 38 C8 24 0C 0A 25 A5 0C 01 31 02 81 49 0A 62 DE (31)
                              [N12:Z] TPOS 'Z' 76 (76)
                              [N12:Z] TPOS 'I'
2026-04-23 20:26:51:290 [OUT] 25 A5 01 0C 31 03 C9 3D 09 50 2E (11)
                              [N12:Z] LFLAG '=' 9 (9)
2026-04-23 20:26:51:478 [IN ] C8 24 0C 0B 25 A5 0C 01 31 03 C9 3A 09 4D 33 38 (16)
                              [N12:Z] LFLAG ':' 9 (9)
2026-04-23 20:26:51:500 [OUT] 25 A5 01 0C 31 05 81 FF BC D0 00 4F 33 (13)
                              [N12:Z] TPOS 255 188 208 0 (-4403200)
2026-04-23 20:26:51:689 [IN ] C8 24 0C 0E 25 A5 0C 01 31 06 81 53 FF FF FF 65 7A 34 0A (19)
                              [N12:Z] TPOS 'S' 255 255 255 101 (-155)
2026-04-23 20:26:56:104 [IN ] C8 24 06 0B 25 A5 06 01 31 03 81 5A 4C 62 B4 65 (16)
                              [N6:H] TPOS 'Z' 76 (76)
2026-04-23 20:26:56:306 [IN ] C8 24 06 0A 25 A5 06 01 31 02 81 49 04 3E B4 (15)
                              [N6:H] TPOS 'I'
2026-04-23 20:26:56:529 [OUT] 25 A5 01 06 31 03 C9 3D 09 4A 0A (11)
                              [N6:H] LFLAG '=' 9 (9)
2026-04-23 20:26:56:718 [IN ] C8 24 06 0B 25 A5 06 01 31 03 C9 3A 09 47 09 65 (16)
                              [N6:H] LFLAG ':' 9 (9)
2026-04-23 20:26:56:740 [OUT] 25 A5 01 06 31 03 84 00 50 0F 08 (11)
                              [N6:H] VEL 0 80 (80)
2026-04-23 20:26:56:866 [IN ] C8 24 03 0E 25 A5 03 01 31 06 81 45 FF EC 48 85 B9 0D 0A (19)
                              [N3:X] TPOS 'E' 255 236 72 133 (-1292155)
2026-04-23 20:26:56:910 [IN ] C8 24 06 0C 25 A5 06 01 31 04 84 53 00 50 63 CA B9 (17)
                              [N6:H] VEL 'S' 0 80 (80)
2026-04-23 20:26:56:932 [OUT] 25 A5 01 06 31 05 81 00 19 82 3C 95 BE (13)
                              [N6:H] TPOS 0 25 130 60 (1671740)
2026-04-23 20:26:56:954 [OUT] 25 A5 01 03 31 05 81 FF FD 50 01 08 AF (13)
                              [N3:X] TPOS 255 253 80 1 (-176127)
2026-04-23 20:26:57:122 [IN ] C8 24 06 0E 25 A5 06 01 31 06 81 53 00 00 00 00 12 9C 0A (19)
                              [N6:H] TPOS 'S' 0 0 0 0 (0)
2026-04-23 20:26:57:247 [IN ] C8 24 03 0E 25 A5 03 01 31 06 81 53 FF EC 48 86 C8 54 0A (19)
                              [N3:X] TPOS 'S' 255 236 72 134 (-1292154)
2026-04-23 20:26:57:649 [IN ] C8 24 09 0E 25 A5 09 01 31 06 81 45 FF E7 5A 1E 65 F7 0A (19)
                              [N9:P] TPOS 'E' 255 231 90 30 (-1615330)
2026-04-23 20:26:57:852 [IN ] C8 24 04 0E 25 A5 04 01 31 06 81 45 FF FD 4F 85 D2 58 0A (19)
                              [N4:Y] TPOS 'E' 255 253 79 133 (-176251)
2026-04-23 20:26:58:075 [OUT] 25 A5 01 09 31 05 81 FF FF D9 C8 60 BE (13)
                              [N9:P] TPOS 255 255 217 200 (-9784)
2026-04-23 20:26:58:265 [IN ] C8 24 09 0E 25 A5 09 01 31 06 81 53 FF E7 5A 1F 74 3E 0A (19)
                              [N9:P] TPOS 'S' 255 231 90 31 (-1615329)
2026-04-23 20:27:06:496 [IN ] C8 24 09 0E 25 A5 09 01 31 06 81 45 FF FF DB C6 A6 E9 0A (19)
                              [N9:P] TPOS 'E' 255 255 219 198 (-9274)
2026-04-23 20:27:06:718 [OUT] 25 A5 01 08 31 02 D8 3F 53 E7 (10)
                              [N8:R] INTERRUPT '?'
2026-04-23 20:27:07:020 [IN ] C8 24 08 0C 25 A5 08 01 31 04 D8 3A 01 01 52 92 A6 C8 24 03 0E 25 A5 03 01 31 06 81 45 FF FD 4F E2 2E AB 0A (36)
                              [N8:R] INTERRUPT ':' 1 1 (257)
                              [N3:X] TPOS 'E' 255 253 79 226 (-176158)
2026-04-23 20:27:07:041 [OUT] 25 A5 01 08 31 03 CA 3D 0B 4F 1B (11)
                              [N8:R] RFLAG '=' 11 (11)
2026-04-23 20:27:07:208 [IN ] C8 24 08 0B 25 A5 08 01 31 03 CA 3A 0B 4C 1C E2 (16)
                              [N8:R] RFLAG ':' 11 (11)
2026-04-23 20:27:07:229 [OUT] 25 A5 01 08 31 03 88 00 50 15 20 (11)
                              [N8:R] RUN 0 80 (80)
2026-04-23 20:27:07:415 [IN ] C8 24 08 0C 25 A5 08 01 31 04 88 53 00 50 69 EA 2E (17)
                              [N8:R] RUN 'S' 0 80 (80)
2026-04-23 20:27:09:223 [IN ] C8 24 06 0E 25 A5 06 01 31 06 81 45 00 19 81 33 D1 D6 0A (19)
                              [N6:H] TPOS 'E' 0 25 129 51 (1671475)
2026-04-23 20:27:09:649 [OUT] 25 A5 01 06 31 05 81 00 0D 03 C1 8F 21 (13)
                              [N6:H] TPOS 0 13 3 193 (852929)
2026-04-23 20:27:09:836 [IN ] C8 24 06 0E 25 A5 06 01 31 06 81 53 00 19 81 33 DF 1C 0A (19)
                              [N6:H] TPOS 'S' 0 25 129 51 (1671475)
2026-04-23 20:27:14:653 [IN ] C8 24 07 0E 25 A5 07 01 31 06 81 45 FF AB 14 DD A0 62 0A (19)
                              [N7:N] TPOS 'E' 255 171 20 221 (-5565219)
2026-04-23 20:27:14:856 [IN ] C8 24 06 0E 25 A5 06 01 31 06 81 45 00 0D 02 13 26 94 0A (19)
                              [N6:H] TPOS 'E' 0 13 2 19 (852499)
2026-04-23 20:27:15:080 [OUT] 25 A5 01 07 31 05 81 FF F3 35 BF A5 39 (13)
                              [N7:N] TPOS 255 243 53 191 (-838209)
2026-04-23 20:27:15:101 [OUT] 25 A5 01 05 31 02 D8 3F 50 D8 (10)
                              [N5:V] INTERRUPT '?'
2026-04-23 20:27:15:403 [IN ] C8 24 07 0E 25 A5 07 01 31 06 81 53 FF AB 14 DD AE A8 0A C8 24 05 0C 25 A5 05 01 31 04 D8 3A 01 01 4F 7A AE (36)
                              [N7:N] TPOS 'S' 255 171 20 221 (-5565219)
                              [N5:V] INTERRUPT ':' 1 1 (257)
2026-04-23 20:27:15:424 [OUT] 25 A5 01 05 31 03 C9 3D 0B 4B 06 (11)
                              [N5:V] LFLAG '=' 11 (11)
2026-04-23 20:27:15:590 [IN ] C8 24 05 0B 25 A5 05 01 31 03 C9 3A 0B 48 04 7A (16)
                              [N5:V] LFLAG ':' 11 (11)
2026-04-23 20:27:15:614 [OUT] 25 A5 01 05 31 03 88 FF B0 71 6C (11)
                              [N5:V] RUN 255 176 (-80)
2026-04-23 20:27:15:761 [IN ] C8 24 05 0C 25 A5 05 01 31 04 88 53 FF B0 C5 30 AE (17)
                              [N5:V] RUN 'S' 255 176 (-80)
2026-04-23 20:27:17:368 [IN ] C8 24 0C 0E 25 A5 0C 01 31 06 81 45 FF BC CE 2B BE 89 0A (19)
                              [N12:Z] TPOS 'E' 255 188 206 43 (-4403669)
2026-04-23 20:27:17:772 [IN ] C8 24 08 0B 25 A5 08 01 31 03 81 5A 52 6A C8 2B C8 24 08 0A 25 A5 08 01 31 02 81 49 06 4A C8 (31)
                              [N8:R] TPOS 'Z' 82 (82)
                              [N8:R] TPOS 'I'
2026-04-23 20:27:17:794 [OUT] 25 A5 01 0C 31 05 81 FF D1 1A 67 15 6D (13)
                              [N12:Z] TPOS 255 209 26 103 (-3073433)
2026-04-23 20:27:17:817 [OUT] 25 A5 01 08 31 03 CA 3D 09 4D 19 (11)
                              [N8:R] RFLAG '=' 9 (9)
2026-04-23 20:27:17:964 [IN ] C8 24 0C 0E 25 A5 0C 01 31 06 81 53 FF BC CE 2C CD D0 0A (19)
                              [N12:Z] TPOS 'S' 255 188 206 44 (-4403668)
2026-04-23 20:27:18:089 [IN ] C8 24 08 0B 25 A5 08 01 31 03 CA 3A 09 4A (14)
2026-04-23 20:27:18:110 [IN ] 1A 2C (2)
                              [N8:R] RFLAG ':' 9 (9)
2026-04-23 20:27:18:131 [OUT] 25 A5 01 08 31 05 81 FF DC 77 1D 2F DE (13)
                              [N8:R] TPOS 255 220 119 29 (-2328803)
2026-04-23 20:27:18:319 [IN ] C8 24 08 0E 25 A5 08 01 31 06 81 53 FF FF FF E1 F2 88 0A (19)
                              [N8:R] TPOS 'S' 255 255 255 225 (-31)
2026-04-23 20:27:20:727 [IN ] C8 24 05 0B 25 A5 05 01 31 03 81 5A 4C 61 AD E1 C8 24 05 0A 25 A5 05 01 31 02 81 49 03 38 AD (31)
                              [N5:V] TPOS 'Z' 76 (76)
                              [N5:V] TPOS 'I'
2026-04-23 20:27:20:950 [OUT] 25 A5 01 05 31 03 C9 3D 09 49 04 (11)
                              [N5:V] LFLAG '=' 9 (9)
2026-04-23 20:27:21:119 [IN ] C8 24 05 0B 25 A5 05 01 31 03 C9 3A 09 46 02 E1 (16)
                              [N5:V] LFLAG ':' 9 (9)
2026-04-23 20:27:21:141 [OUT] 25 A5 01 05 31 03 84 00 50 0E 02 (11)
                              [N5:V] VEL 0 80 (80)
2026-04-23 20:27:21:310 [IN ] C8 24 05 0C 25 A5 05 01 31 04 84 53 00 50 62 C2 F2 (17)
                              [N5:V] VEL 'S' 0 80 (80)
2026-04-23 20:27:21:331 [OUT] 25 A5 01 05 31 05 81 00 19 82 3C 94 B6 (13)
                              [N5:V] TPOS 0 25 130 60 (1671740)
2026-04-23 20:27:21:500 [IN ] C8 24 05 0E 25 A5 05 01 31 06 81 53 00 00 00 00 11 92 0A (19)
                              [N5:V] TPOS 'S' 0 0 0 0 (0)
2026-04-23 20:27:25:111 [IN ] C8 24 0C 0E 25 A5 0C 01 31 06 81 45 FF D1 1B F7 EC 2E 0A (19)
                              [N12:Z] TPOS 'E' 255 209 27 247 (-3073033)
2026-04-23 20:27:29:126 [IN ] C8 24 05 0E 25 A5 05 01 31 06 81 45 00 19 (14)
2026-04-23 20:27:29:327 [IN ] 85 4B EC EC 0A (5)
                              [N5:V] TPOS 'E' 0 25 133 75 (1672523)
2026-04-23 20:27:29:751 [OUT] 25 A5 01 05 31 05 81 00 0D 03 C1 8E 19 (13)
                              [N5:V] TPOS 0 13 3 193 (852929)
2026-04-23 20:27:29:921 [IN ] C8 24 05 0E (4)
2026-04-23 20:27:29:943 [IN ] 25 A5 05 01 31 06 81 53 00 19 85 4B FA 32 0A (15)
                              [N5:V] TPOS 'S' 0 25 133 75 (1672523)
2026-04-23 20:27:34:758 [IN ] C8 24 08 0E 25 A5 08 01 31 06 81 45 FF DC 75 CA 20 AE 0A (19)
                              [N8:R] TPOS 'E' 255 220 117 202 (-2329142)
2026-04-23 20:27:34:962 [IN ] C8 24 05 0E 25 A5 05 01 31 06 81 45 00 0D 02 0A 1C 81 0A (19)
                              [N5:V] TPOS 'E' 0 13 2 10 (852490)
2026-04-23 20:27:35:186 [OUT] 25 A5 01 08 31 05 81 FF EE 15 56 18 89 (13)
                              [N8:R] TPOS 255 238 21 86 (-1174186)
2026-04-23 20:27:35:208 [OUT] 25 A5 01 03 31 05 81 FF ED B1 30 88 70 (13)
                              [N3:X] TPOS 255 237 177 48 (-1199824)
2026-04-23 20:27:35:231 [OUT] 25 A5 01 04 31 05 81 FF F3 BD 0C 77 7E (13)
                              [N4:Y] TPOS 255 243 189 12 (-803572)
2026-04-23 20:27:35:356 [IN ] C8 24 08 0E 25 A5 08 01 31 06 81 (11)
2026-04-23 20:27:35:377 [IN ] 53 FF DC 75 CD 31 F7 0A (8)
                              [N8:R] TPOS 'S' 255 220 117 205 (-2329139)
2026-04-23 20:27:35:503 [IN ] C8 24 03 0E 25 A5 03 01 31 06 81 53 FF FD 4F D9 33 E8 0A (19)
                              [N3:X] TPOS 'S' 255 253 79 217 (-176167)
2026-04-23 20:27:35:629 [IN ] C8 24 04 0E 25 A5 04 01 31 06 81 53 FF FD 4F 85 E0 9E 0A (19)
                              [N4:Y] TPOS 'S' 255 253 79 133 (-176251)
2026-04-23 20:27:36:433 [IN ] C8 24 07 0E 25 A5 07 01 31 06 81 45 FF F3 3A 7F B0 28 0A (19)
                              [N7:N] TPOS 'E' 255 243 58 127 (-836993)
2026-04-23 20:27:39:045 [IN ] C8 24 04 0E 25 A5 04 01 31 06 81 45 FF F3 BA 1E CC A9 0A (19)
                              [N4:Y] TPOS 'E' 255 243 186 30 (-804322)
2026-04-23 20:27:41:054 [IN ] C8 24 03 0E 25 A5 03 01 31 06 81 45 FF ED AF 5F FB B8 0A (19)
                              [N3:X] TPOS 'E' 255 237 175 95 (-1200289)
2026-04-23 20:27:45:469 [IN ] C8 24 08 0E 25 A5 08 01 31 06 81 45 FF EE 13 DD E3 33 0A (19)
                              [N8:R] TPOS 'E' 255 238 19 221 (-1174563)
