2026-04-23 20:12:39:260 [OUT] 25 A5 01 0A 31 05 D6 3D FF 00 00 53 ED (13)
                              [N10:HMI] HMILED '=' 255 0 0 (16711680)
2026-04-23 20:12:39:283 [OUT] 25 A5 01 03 31 02 D8 3F 4E CE (10)
                              [N3:X] INTERRUPT '?'
2026-04-23 20:12:39:585 [IN ] C8 24 0A 0D 25 A5 0A 01 31 05 D6 3A FF 00 00 50 EA 0D C8 24 03 0C 25 A5 03 01 31 04 D8 3A 00 01 4C 68 EA (35)
                              [N10:HMI] HMILED ':' 255 0 0 (16711680)
                              [N3:X] INTERRUPT ':' 0 1 (1)
2026-04-23 20:12:39:607 [OUT] 25 A5 01 09 31 03 C9 3D 09 4D 1C (11)
                              [N9:P] LFLAG '=' 9 (9)
2026-04-23 20:12:39:630 [OUT] 25 A5 01 04 31 02 D8 3F 4F D3 (10)
                              [N4:Y] INTERRUPT '?'
2026-04-23 20:12:39:931 [IN ] C8 24 09 0B 25 A5 09 01 31 03 C9 3A 09 4A 1E 68 C8 24 04 0C 25 A5 04 01 31 04 D8 3A 01 01 4E 72 EA (33)
                              [N9:P] LFLAG ':' 9 (9)
                              [N4:Y] INTERRUPT ':' 1 1 (257)
2026-04-23 20:12:39:952 [OUT] 25 A5 01 09 31 03 CA 3D 09 4E 1F (11)
                              [N9:P] RFLAG '=' 9 (9)
2026-04-23 20:12:39:975 [OUT] 25 A5 01 0C 31 02 D8 3F 57 FB (10)
                              [N12:Z] INTERRUPT '?'
2026-04-23 20:12:40:280 [IN ] C8 24 09 0B 25 A5 09 01 31 03 CA 3A 09 4B 21 72 C8 24 0B 0A 25 A5 0B 01 31 02 DE 03 20 D0 21 C8 24 0C 0C 25 A5 0C 01 31 04 D8 3A 01 01 56 B2 EA (48)
                              [N9:P] RFLAG ':' 9 (9)
                              [N11:NG] NGSWSTATE 3 (3)
                              [N12:Z] INTERRUPT ':' 1 1 (257)
2026-04-23 20:12:40:302 [OUT] 25 A5 01 08 31 03 C9 3D 09 4C 16 (11)
                              [N8:R] LFLAG '=' 9 (9)
2026-04-23 20:12:40:324 [OUT] 25 A5 01 03 31 06 EA 3D 00 00 00 00 62 84 (14)
                              [N3:X] POSITION '=' 0 0 0 0 (0)
2026-04-23 20:12:40:346 [OUT] 25 A5 01 04 31 03 C9 3D 0B 4A 00 (11)
                              [N4:Y] LFLAG '=' 11 (11)
2026-04-23 20:12:40:368 [OUT] 25 A5 01 0C 31 03 C9 3D 0B 52 30 (11)
                              [N12:Z] LFLAG '=' 11 (11)
2026-04-23 20:12:40:473 [IN ] C8 24 08 0B 25 A5 08 01 31 03 C9 3A 09 49 17 B2 (16)
                              [N8:R] LFLAG ':' 9 (9)
2026-04-23 20:12:40:495 [OUT] 25 A5 01 08 31 03 CA 3D 09 4D 19 (11)
                              [N8:R] RFLAG '=' 9 (9)
2026-04-23 20:12:40:600 [IN ] C8 24 03 0E 25 A5 03 01 31 06 EA 3A 00 00 00 00 5F 77 0A (19)
                              [N3:X] POSITION ':' 0 0 0 0 (0)
2026-04-23 20:12:40:622 [OUT] 25 A5 01 03 31 03 C9 3D 09 47 F8 (11)
                              [N3:X] LFLAG '=' 9 (9)
2026-04-23 20:12:40:707 [IN ] C8 24 04 0B 25 A5 04 01 31 03 C9 3A 0B 47 FD 00 (16)
                              [N4:Y] LFLAG ':' 11 (11)
2026-04-23 20:12:40:728 [OUT] 25 A5 01 04 31 03 88 00 50 11 08 (11)
                              [N4:Y] RUN 0 80 (80)
2026-04-23 20:12:40:812 [IN ] C8 24 0C 0B 25 A5 0C 01 31 03 C9 3A 0B 4F 35 00 (16)
                              [N12:Z] LFLAG ':' 11 (11)
2026-04-23 20:12:40:834 [OUT] 25 A5 01 0C 31 03 88 00 50 19 38 (11)
                              [N12:Z] RUN 0 80 (80)
2026-04-23 20:12:40:939 [IN ] C8 24 08 0B 25 A5 08 01 31 03 CA 3A 09 4A 1A 00 (16)
                              [N8:R] RFLAG ':' 9 (9)
2026-04-23 20:12:41:064 [IN ] C8 24 03 0B 25 A5 03 01 31 03 C9 3A 09 44 F4 00 (16)
                              [N3:X] LFLAG ':' 9 (9)
2026-04-23 20:12:41:147 [IN ] C8 24 04 0C 25 A5 04 01 31 04 88 53 00 50 65 CA 5F (17)
                              [N4:Y] RUN 'S' 0 80 (80)
2026-04-23 20:12:41:231 [IN ] C8 24 0B 0A 25 A5 0B 01 31 02 DE 03 20 D0 65 (15)
                              [N11:NG] NGSWSTATE 3 (3)
2026-04-23 20:12:41:274 [IN ] C8 24 0C 0C 25 A5 0C 01 31 04 88 53 00 50 6D 0A 5F (17)
                              [N12:Z] RUN 'S' 0 80 (80)
2026-04-23 20:12:42:280 [IN ] C8 24 0B 0A 25 A5 0B 01 31 02 DE 03 20 D0 6D (15)
                              [N11:NG] NGSWSTATE 3 (3)
2026-04-23 20:12:43:285 [IN ] C8 24 0B 0A 25 A5 0B 01 31 02 DE 03 20 D0 6D (15)
                              [N11:NG] NGSWSTATE 3 (3)
2026-04-23 20:12:44:290 [IN ] C8 24 0B 0A 25 A5 0B 01 31 02 DE 03 20 D0 6D (15)
                              [N11:NG] NGSWSTATE 3 (3)
2026-04-23 20:12:44:693 [IN ] C8 24 04 0B 25 A5 04 01 31 03 81 5A 4C 60 A6 0A (16)
                              [N4:Y] TPOS 'Z' 76 (76)
2026-04-23 20:12:44:896 [IN ] C8 24 04 0A 25 A5 04 01 31 02 81 49 02 32 A6 (15)
                              [N4:Y] TPOS 'I'
2026-04-23 20:12:45:120 [OUT] 25 A5 01 09 31 02 D8 3F 54 EC (10)
                              [N9:P] INTERRUPT '?'
2026-04-23 20:12:45:421 [IN ] C8 24 0B 0A 25 A5 0B 01 31 02 DE 03 20 D0 A6 C8 24 09 0C 25 A5 09 01 31 04 D8 3A 01 01 53 9A 5F (32)
                              [N11:NG] NGSWSTATE 3 (3)
                              [N9:P] INTERRUPT ':' 1 1 (257)
2026-04-23 20:12:45:443 [OUT] 25 A5 01 04 31 03 C9 3D 09 48 FE (11)
                              [N4:Y] LFLAG '=' 9 (9)
2026-04-23 20:12:45:465 [OUT] 25 A5 01 07 31 02 D8 3F 52 E2 (10)
                              [N7:N] INTERRUPT '?'
2026-04-23 20:12:45:766 [IN ] C8 24 04 0B 25 A5 04 01 31 03 C9 3A 09 45 FB 9A C8 24 07 0C 25 A5 07 01 31 04 D8 3A 01 01 51 8A 5F (33)
                              [N4:Y] LFLAG ':' 9 (9)
                              [N7:N] INTERRUPT ':' 1 1 (257)
2026-04-23 20:12:45:788 [OUT] 25 A5 01 09 31 03 C9 3D 0B 4F 1E (11)
                              [N9:P] LFLAG '=' 11 (11)
2026-04-23 20:12:45:810 [OUT] 25 A5 01 07 31 03 C9 3D 0B 4D 12 (11)
                              [N7:N] LFLAG '=' 11 (11)
2026-04-23 20:12:45:958 [IN ] C8 24 09 0B 25 A5 09 01 31 03 C9 3A 0B 4C 20 8A (16)
                              [N9:P] LFLAG ':' 11 (11)
2026-04-23 20:12:45:979 [OUT] 25 A5 01 09 31 03 88 00 50 16 26 (11)
                              [N9:P] RUN 0 80 (80)
2026-04-23 20:12:46:064 [IN ] C8 24 07 0B 25 A5 07 01 31 03 C9 3A 0B 4A 12 8A (16)
                              [N7:N] LFLAG ':' 11 (11)
2026-04-23 20:12:46:085 [OUT] 25 A5 01 07 31 03 88 00 50 14 1A (11)
                              [N7:N] RUN 0 80 (80)
2026-04-23 20:12:46:191 [IN ] C8 24 09 0C 25 A5 09 01 31 04 88 53 00 50 6A F2 5F (17)
                              [N9:P] RUN 'S' 0 80 (80)
2026-04-23 20:12:46:275 [IN ] C8 24 0B 0A 25 A5 0B 01 31 02 DE 03 20 D0 6A (15)
                              [N11:NG] NGSWSTATE 3 (3)
2026-04-23 20:12:46:296 [IN ] C8 24 07 0C 25 A5 07 01 31 04 88 53 00 50 68 E2 5F (17)
                              [N7:N] RUN 'S' 0 80 (80)
2026-04-23 20:12:47:300 [IN ] C8 24 0B 0A 25 A5 0B 01 31 02 DE 03 20 D0 68 (15)
                              [N11:NG] NGSWSTATE 3 (3)
2026-04-23 20:12:48:304 [IN ] C8 24 09 0B 25 A5 09 01 31 03 81 5A 4C 65 C9 E2 C8 24 09 0A 25 A5 09 01 31 02 81 49 07 50 C9 C8 24 0B 0A 25 A5 0B 01 31 02 DE 03 20 D0 C9 (46)
                              [N9:P] TPOS 'Z' 76 (76)
                              [N9:P] TPOS 'I'
                              [N11:NG] NGSWSTATE 3 (3)
2026-04-23 20:12:48:528 [OUT] 25 A5 01 09 31 03 C9 3D 09 4D 1C (11)
                              [N9:P] LFLAG '=' 9 (9)
2026-04-23 20:12:48:550 [OUT] 25 A5 01 04 31 05 81 FF EE 88 01 32 FA (13)
                              [N4:Y] TPOS 255 238 136 1 (-1144831)
2026-04-23 20:12:48:697 [IN ] C8 24 09 0B 25 A5 09 01 31 03 C9 3A 09 4A 1E E2 (16)
                              [N9:P] LFLAG ':' 9 (9)
2026-04-23 20:12:48:823 [IN ] C8 24 04 0E 25 A5 04 01 31 06 81 53 00 00 00 00 10 88 0A (19)
                              [N4:Y] TPOS 'S' 0 0 0 0 (0)
2026-04-23 20:12:49:425 [IN ] C8 24 0B 0A 25 A5 0B 01 31 02 DE 03 20 D0 00 (15)
                              [N11:NG] NGSWSTATE 3 (3)
2026-04-23 20:12:50:428 [IN ] C8 24 0B 0A 25 A5 0B 01 31 02 DE 03 20 D0 00 (15)
                              [N11:NG] NGSWSTATE 3 (3)
2026-04-23 20:12:51:431 [IN ] C8 24 0B 0A 25 A5 0B 01 31 02 DE 03 20 D0 00 (15)
                              [N11:NG] NGSWSTATE 3 (3)
2026-04-23 20:12:52:439 [IN ] C8 24 07 0B 25 A5 07 01 31 03 81 5A 4C 63 BB 00 C8 24 0B 0A 25 A5 0B 01 31 02 DE 03 20 D0 BB C8 24 07 0A 25 A5 07 01 31 02 81 49 05 44 BB (46)
                              [N7:N] TPOS 'Z' 76 (76)
                              [N11:NG] NGSWSTATE 3 (3)
                              [N7:N] TPOS 'I'
2026-04-23 20:12:52:661 [OUT] 25 A5 01 07 31 03 C9 3D 09 4B 10 (11)
                              [N7:N] LFLAG '=' 9 (9)
2026-04-23 20:12:52:831 [IN ] C8 24 07 0B 25 A5 07 01 31 03 C9 3A 09 48 10 00 (16)
                              [N7:N] LFLAG ':' 9 (9)
2026-04-23 20:12:53:434 [IN ] C8 24 0B 0A 25 A5 0B 01 31 02 DE 03 20 D0 10 (15)
                              [N11:NG] NGSWSTATE 3 (3)
2026-04-23 20:12:54:439 [IN ] C8 24 0B 0A 25 A5 0B 01 31 02 DE 03 20 D0 10 (15)
                              [N11:NG] NGSWSTATE 3 (3)
2026-04-23 20:12:55:042 [IN ] C8 24 04 0E 25 A5 04 01 31 06 81 45 FF EE 85 14 88 26 0A (19)
                              [N4:Y] TPOS 'E' 255 238 133 20 (-1145580)
2026-04-23 20:12:55:265 [OUT] 25 A5 01 09 31 05 81 FF E7 5D 56 5A 0C (13)
                              [N9:P] TPOS 255 231 93 86 (-1614506)
2026-04-23 20:12:55:287 [OUT] 25 A5 01 04 31 05 81 FF FD 50 01 09 B7 (13)
                              [N4:Y] TPOS 255 253 80 1 (-176127)
2026-04-23 20:12:55:309 [OUT] 25 A5 01 07 31 05 81 FF AB 19 75 F7 DF (13)
                              [N7:N] TPOS 255 171 25 117 (-5564043)
2026-04-23 20:12:55:331 [OUT] 25 A5 01 03 31 03 84 00 50 0C F6 (11)
                              [N3:X] VEL 0 80 (80)
2026-04-23 20:12:55:353 [OUT] 25 A5 01 06 31 02 D8 3F 51 DD (10)
                              [N6:H] INTERRUPT '?'
2026-04-23 20:12:55:353 [IN ] C8 24 0B 0A 25 A5 0B 01 31 02 DE 03 20 D0 85 (15)
                              [N11:NG] NGSWSTATE 3 (3)
2026-04-23 20:12:55:655 [IN ] C8 24 09 0E 25 A5 09 01 31 06 81 53 FF FF FF F5 07 A6 0A C8 24 04 0E 25 A5 04 01 31 06 81 53 FF EE 85 14 96 6C 0A (38)
                              [N9:P] TPOS 'S' 255 255 255 245 (-11)
                              [N4:Y] TPOS 'S' 255 238 133 20 (-1145580)
2026-04-23 20:12:55:956 [IN ] C8 24 07 0E 25 A5 07 01 31 06 81 53 00 00 00 00 13 A6 0A C8 24 03 0C 25 A5 03 01 31 04 84 53 00 50 60 B2 13 C8 24 06 0C 25 A5 06 01 31 04 D8 3A 01 01 50 82 13 (53)
                              [N7:N] TPOS 'S' 0 0 0 0 (0)
                              [N3:X] VEL 'S' 0 80 (80)
                              [N6:H] INTERRUPT ':' 1 1 (257)
2026-04-23 20:12:55:977 [OUT] 25 A5 01 03 31 05 81 FF EC 4A AB 9B 1A (13)
                              [N3:X] TPOS 255 236 74 171 (-1291605)
2026-04-23 20:12:55:999 [OUT] 25 A5 01 06 31 03 C9 3D 0B 4C 0C (11)
                              [N6:H] LFLAG '=' 11 (11)
2026-04-23 20:12:56:145 [IN ] C8 24 03 0E 25 A5 03 01 31 06 81 53 00 00 00 00 0F 7E 0A (19)
                              [N3:X] TPOS 'S' 0 0 0 0 (0)
2026-04-23 20:12:56:271 [IN ] C8 24 06 0B 25 A5 06 01 31 03 C9 3A 0B 49 0B 00 (16)
                              [N6:H] LFLAG ':' 11 (11)
2026-04-23 20:12:56:292 [OUT] 25 A5 01 06 31 03 88 FF B0 72 72 (11)
                              [N6:H] RUN 255 176 (-80)
2026-04-23 20:12:56:354 [IN ] C8 24 0B 0A 25 A5 0B 01 31 02 DE 03 20 D0 0B (15)
                              [N11:NG] NGSWSTATE 3 (3)
2026-04-23 20:12:56:460 [IN ] C8 24 06 0C 25 A5 06 01 31 04 88 53 FF B0 C6 38 0F (17)
                              [N6:H] RUN 'S' 255 176 (-80)
2026-04-23 20:12:57:462 [IN ] C8 24 0B 0A 25 A5 0B 01 31 02 DE 03 20 D0 C6 (15)
                              [N11:NG] NGSWSTATE 3 (3)
2026-04-23 20:12:58:468 [IN ] C8 24 0B 0A 25 A5 0B 01 31 02 DE 03 20 D0 C6 (15)
                              [N11:NG] NGSWSTATE 3 (3)
2026-04-23 20:12:59:472 [IN ] C8 24 0B 0A 25 A5 0B 01 31 02 DE 03 20 D0 C6 (15)
                              [N11:NG] NGSWSTATE 3 (3)
2026-04-23 20:12:59:674 [IN ] C8 24 0C 0B 25 A5 0C 01 31 03 81 5A 4C 68 DE 38 C8 24 0C 0A 25 A5 0C 01 31 02 81 49 0A 62 DE (31)
                              [N12:Z] TPOS 'Z' 76 (76)
                              [N12:Z] TPOS 'I'
2026-04-23 20:12:59:897 [OUT] 25 A5 01 0C 31 03 C9 3D 09 50 2E (11)
                              [N12:Z] LFLAG '=' 9 (9)
2026-04-23 20:13:00:063 [IN ] C8 24 0C 0B 25 A5 0C 01 31 03 C9 3A 09 4D 33 38 (16)
                              [N12:Z] LFLAG ':' 9 (9)
2026-04-23 20:13:00:084 [OUT] 25 A5 01 0C 31 05 81 FF BC D0 00 4F 33 (13)
                              [N12:Z] TPOS 255 188 208 0 (-4403200)
2026-04-23 20:13:00:274 [IN ] C8 24 0C 0E 25 A5 0C 01 31 06 81 53 FF FF FF 6B 80 3A 0A (19)
                              [N12:Z] TPOS 'S' 255 255 255 107 (-149)
2026-04-23 20:13:00:475 [IN ] C8 24 0B 0A 25 A5 0B 01 31 02 DE 03 20 D0 FF (15)
                              [N11:NG] NGSWSTATE 3 (3)
2026-04-23 20:13:01:479 [IN ] C8 24 0B 0A 25 A5 0B 01 31 02 DE 03 20 D0 FF (15)
                              [N11:NG] NGSWSTATE 3 (3)
2026-04-23 20:13:02:284 [IN ] C8 24 06 0B 25 A5 06 01 31 03 81 5A 4C 62 B4 6B C8 24 06 0A 25 A5 06 01 31 02 81 49 04 3E B4 (31)
                              [N6:H] TPOS 'Z' 76 (76)
                              [N6:H] TPOS 'I'
2026-04-23 20:13:02:485 [IN ] C8 24 0B 0A 25 A5 0B 01 31 02 DE 03 20 D0 B4 (15)
                              [N11:NG] NGSWSTATE 3 (3)
2026-04-23 20:13:02:507 [OUT] 25 A5 01 06 31 03 C9 3D 09 4A 0A (11)
                              [N6:H] LFLAG '=' 9 (9)
2026-04-23 20:13:02:676 [IN ] C8 24 06 0B 25 A5 06 01 31 03 C9 3A 09 47 09 6B (16)
                              [N6:H] LFLAG ':' 9 (9)
2026-04-23 20:13:02:697 [OUT] 25 A5 01 06 31 03 84 00 50 0F 08 (11)
                              [N6:H] VEL 0 80 (80)
2026-04-23 20:13:02:864 [IN ] C8 24 06 0C 25 A5 06 01 31 04 84 53 00 50 63 CA 80 (17)
                              [N6:H] VEL 'S' 0 80 (80)
2026-04-23 20:13:02:885 [OUT] 25 A5 01 06 31 05 81 00 19 82 3C 95 BE (13)
                              [N6:H] TPOS 0 25 130 60 (1671740)
2026-04-23 20:13:03:074 [IN ] C8 24 06 0E 25 A5 06 01 31 06 81 53 00 00 00 00 12 9C 0A (19)
                              [N6:H] TPOS 'S' 0 0 0 0 (0)
2026-04-23 20:13:03:476 [IN ] C8 24 0B 0A 25 A5 0B 01 31 02 DE 03 20 D0 00 C8 24 03 0E 25 A5 03 01 31 06 81 45 FF EC 48 A2 D6 2A 0A (34)
                              [N11:NG] NGSWSTATE 3 (3)
                              [N3:X] TPOS 'E' 255 236 72 162 (-1292126)
2026-04-23 20:13:03:678 [IN ] C8 24 09 0E 25 A5 09 01 31 06 81 45 FF E7 5A 1A 61 F3 0A (19)
                              [N9:P] TPOS 'E' 255 231 90 26 (-1615334)
2026-04-23 20:13:03:902 [OUT] 25 A5 01 03 31 05 81 FF FD 50 01 08 AF (13)
                              [N3:X] TPOS 255 253 80 1 (-176127)
2026-04-23 20:13:03:924 [OUT] 25 A5 01 09 31 05 81 FF FF D9 C8 60 BE (13)
                              [N9:P] TPOS 255 255 217 200 (-9784)
2026-04-23 20:13:04:093 [IN ] C8 24 03 0E 25 A5 03 01 31 06 81 53 FF EC 48 A3 E5 71 0A (19)
                              [N3:X] TPOS 'S' 255 236 72 163 (-1292125)
2026-04-23 20:13:04:155 [IN ] C8 24 04 0E 25 A5 04 01 31 06 81 45 FF FD 4F 4A 97 1D 0A (19)
                              [N4:Y] TPOS 'E' 255 253 79 74 (-176310)
2026-04-23 20:13:04:240 [IN ] C8 24 09 0E 25 A5 09 01 31 06 81 53 FF E7 5A 1C 71 3B 0A (19)
                              [N9:P] TPOS 'S' 255 231 90 28 (-1615332)
2026-04-23 20:13:04:442 [IN ] C8 24 0B 0A 25 A5 0B 01 31 02 DE 03 20 D0 5A (15)
                              [N11:NG] NGSWSTATE 3 (3)
2026-04-23 20:13:05:446 [IN ] C8 24 0B 0A 25 A5 0B 01 31 02 DE 03 20 D0 5A (15)
                              [N11:NG] NGSWSTATE 3 (3)
2026-04-23 20:13:06:450 [IN ] C8 24 0B 0A 25 A5 0B 01 31 02 DE 03 20 D0 5A (15)
                              [N11:NG] NGSWSTATE 3 (3)
2026-04-23 20:13:07:452 [IN ] C8 24 0B 0A 25 A5 0B 01 31 02 DE 03 20 D0 5A (15)
                              [N11:NG] NGSWSTATE 3 (3)
2026-04-23 20:13:08:455 [IN ] C8 24 0B 0A 25 A5 0B 01 31 02 DE 03 20 D0 5A (15)
                              [N11:NG] NGSWSTATE 3 (3)
2026-04-23 20:13:09:459 [IN ] C8 24 0B 0A 25 A5 0B 01 31 02 DE 03 20 D0 5A (15)
                              [N11:NG] NGSWSTATE 3 (3)
2026-04-23 20:13:10:465 [IN ] C8 24 0B 0A 25 A5 0B 01 31 02 DE 03 20 D0 5A (15)
                              [N11:NG] NGSWSTATE 3 (3)
2026-04-23 20:13:11:469 [IN ] C8 24 0B 0A 25 A5 0B 01 31 02 DE 03 20 D0 5A (15)
                              [N11:NG] NGSWSTATE 3 (3)
2026-04-23 20:13:12:475 [IN ] C8 24 09 0E 25 A5 09 01 31 06 81 45 FF FF DB 88 68 AB 0A C8 24 0B 0A 25 A5 0B 01 31 02 DE 03 20 D0 DB (34)
                              [N9:P] TPOS 'E' 255 255 219 136 (-9336)
                              [N11:NG] NGSWSTATE 3 (3)
2026-04-23 20:13:12:698 [OUT] 25 A5 01 08 31 02 D8 3F 53 E7 (10)
                              [N8:R] INTERRUPT '?'
2026-04-23 20:13:13:000 [IN ] C8 24 08 0C 25 A5 08 01 31 04 D8 3A 01 01 52 92 68 (17)
                              [N8:R] INTERRUPT ':' 1 1 (257)
2026-04-23 20:13:13:022 [OUT] 25 A5 01 08 31 03 CA 3D 0B 4F 1B (11)
                              [N8:R] RFLAG '=' 11 (11)
2026-04-23 20:13:13:191 [IN ] C8 24 08 0B 25 A5 08 01 31 03 CA 3A 0B 4C 1C 92 (16)
                              [N8:R] RFLAG ':' 11 (11)
2026-04-23 20:13:13:212 [OUT] 25 A5 01 08 31 03 88 00 50 15 20 (11)
                              [N8:R] RUN 0 80 (80)
2026-04-23 20:13:13:358 [IN ] C8 24 08 0C 25 A5 08 01 31 04 (10)
2026-04-23 20:13:13:379 [IN ] 88 53 00 50 69 EA 68 (7)
                              [N8:R] RUN 'S' 0 80 (80)
2026-04-23 20:13:13:581 [IN ] C8 24 0B 0A 25 A5 0B 01 31 02 DE 03 20 D0 69 (15)
                              [N11:NG] NGSWSTATE 3 (3)
2026-04-23 20:13:13:982 [IN ] C8 24 03 0E 25 A5 03 01 31 06 81 45 FF FD 4F AF FB 78 0A (19)
                              [N3:X] TPOS 'E' 255 253 79 175 (-176209)
2026-04-23 20:13:14:585 [IN ] C8 24 0B 0A 25 A5 0B 01 31 02 DE 03 20 D0 4F (15)
                              [N11:NG] NGSWSTATE 3 (3)
2026-04-23 20:13:15:188 [IN ] C8 24 06 0E 25 A5 06 01 31 06 81 45 00 19 80 F9 96 9A 0A (19)
                              [N6:H] TPOS 'E' 0 25 128 249 (1671417)
2026-04-23 20:13:15:591 [IN ] C8 24 0B 0A 25 A5 0B 01 31 02 DE 03 20 D0 80 (15)
                              [N11:NG] NGSWSTATE 3 (3)
2026-04-23 20:13:15:613 [OUT] 25 A5 01 06 31 05 81 00 0D 03 C1 8F 21 (13)
                              [N6:H] TPOS 0 13 3 193 (852929)
2026-04-23 20:13:15:803 [IN ] C8 24 06 0E 25 A5 06 01 31 06 81 53 00 19 80 F8 A3 DF 0A (19)
                              [N6:H] TPOS 'S' 0 25 128 248 (1671416)
2026-04-23 20:13:16:606 [IN ] C8 24 0B 0A 25 A5 0B 01 31 02 DE 03 20 D0 80 (15)
                              [N11:NG] NGSWSTATE 3 (3)
2026-04-23 20:13:17:611 [IN ] C8 24 0B 0A 25 A5 0B 01 31 02 DE 03 20 D0 80 (15)
                              [N11:NG] NGSWSTATE 3 (3)
2026-04-23 20:13:18:615 [IN ] C8 24 0B 0A 25 A5 0B 01 31 02 DE 03 20 D0 80 (15)
                              [N11:NG] NGSWSTATE 3 (3)
2026-04-23 20:13:19:619 [IN ] C8 24 0B 0A 25 A5 0B 01 31 02 DE 03 20 D0 80 (15)
                              [N11:NG] NGSWSTATE 3 (3)
2026-04-23 20:13:20:624 [IN ] C8 24 07 0E 25 A5 07 01 31 06 81 45 FF AB 14 AB 6E 30 0A C8 24 0B 0A 25 A5 0B 01 31 02 DE 03 20 D0 14 (34)
                              [N7:N] TPOS 'E' 255 171 20 171 (-5565269)
                              [N11:NG] NGSWSTATE 3 (3)
2026-04-23 20:13:20:826 [IN ] C8 24 06 0E 25 A5 06 01 31 06 81 45 00 0D 01 FD 0F 7C 0A (19)
                              [N6:H] TPOS 'E' 0 13 1 253 (852477)
2026-04-23 20:13:21:050 [OUT] 25 A5 01 07 31 05 81 FF F3 35 BF A5 39 (13)
                              [N7:N] TPOS 255 243 53 191 (-838209)
2026-04-23 20:13:21:072 [OUT] 25 A5 01 05 31 02 D8 3F 50 D8 (10)
                              [N5:V] INTERRUPT '?'
2026-04-23 20:13:21:373 [IN ] C8 24 07 0E 25 A5 07 01 31 06 81 53 FF AB 14 AB 7C 76 0A C8 24 05 0C 25 A5 05 01 31 04 D8 3A 01 01 4F 7A 7C (36)
                              [N7:N] TPOS 'S' 255 171 20 171 (-5565269)
                              [N5:V] INTERRUPT ':' 1 1 (257)
2026-04-23 20:13:21:394 [OUT] 25 A5 01 05 31 03 C9 3D 0B 4B 06 (11)
                              [N5:V] LFLAG '=' 11 (11)
2026-04-23 20:13:21:541 [IN ] C8 24 0B 0A 25 A5 0B 01 31 02 DE 03 20 D0 4F (15)
                              [N11:NG] NGSWSTATE 3 (3)
2026-04-23 20:13:21:562 [IN ] C8 24 05 0B 25 A5 05 01 31 03 C9 3A 0B 48 04 7A (16)
                              [N5:V] LFLAG ':' 11 (11)
2026-04-23 20:13:21:583 [OUT] 25 A5 01 05 31 03 88 FF B0 71 6C (11)
                              [N5:V] RUN 255 176 (-80)
2026-04-23 20:13:21:750 [IN ] C8 24 05 0C 25 A5 05 01 31 04 88 53 FF B0 C5 30 7C (17)
                              [N5:V] RUN 'S' 255 176 (-80)
2026-04-23 20:13:22:553 [IN ] C8 24 0B 0A 25 A5 0B 01 31 02 DE 03 20 D0 C5 (15)
                              [N11:NG] NGSWSTATE 3 (3)
2026-04-23 20:13:23:559 [IN ] C8 24 0B 0A 25 A5 0B 01 31 02 DE 03 20 D0 C5 (15)
                              [N11:NG] NGSWSTATE 3 (3)
2026-04-23 20:13:23:962 [IN ] C8 24 08 0B 25 A5 08 01 31 03 81 5A 52 6A C8 30 C8 24 08 0A 25 A5 08 01 31 02 81 49 06 4A C8 (31)
                              [N8:R] TPOS 'Z' 82 (82)
                              [N8:R] TPOS 'I'
2026-04-23 20:13:24:185 [OUT] 25 A5 01 08 31 03 CA 3D 09 4D 19 (11)
                              [N8:R] RFLAG '=' 9 (9)
2026-04-23 20:13:24:353 [IN ] C8 24 08 0B 25 A5 08 01 31 03 CA 3A 09 4A 1A 30 (16)
                              [N8:R] RFLAG ':' 9 (9)
2026-04-23 20:13:24:374 [OUT] 25 A5 01 08 31 05 81 FF DC 77 1D 2F DE (13)
                              [N8:R] TPOS 255 220 119 29 (-2328803)
2026-04-23 20:13:24:562 [IN ] C8 24 08 0E 25 A5 08 01 31 06 81 53 FF FF FF C9 DA 70 0A C8 24 0B 0A 25 A5 0B 01 31 02 DE 03 20 D0 FF (34)
                              [N8:R] TPOS 'S' 255 255 255 201 (-55)
                              [N11:NG] NGSWSTATE 3 (3)
2026-04-23 20:13:25:569 [IN ] C8 24 0C 0E 25 A5 0C 01 31 06 81 45 FF BC CE 30 C3 8E 0A C8 24 0B 0A 25 A5 0B 01 31 02 DE 03 20 D0 CE (34)
                              [N12:Z] TPOS 'E' 255 188 206 48 (-4403664)
                              [N11:NG] NGSWSTATE 3 (3)
2026-04-23 20:13:25:995 [OUT] 25 A5 01 0C 31 05 81 FF D1 1A 67 15 6D (13)
                              [N12:Z] TPOS 255 209 26 103 (-3073433)
2026-04-23 20:13:26:186 [IN ] C8 24 0C 0E 25 A5 0C 01 31 06 81 53 FF BC CE 34 D5 D8 0A (19)
                              [N12:Z] TPOS 'S' 255 188 206 52 (-4403660)
2026-04-23 20:13:26:388 [IN ] C8 24 05 0B 25 A5 05 01 31 03 81 5A 4C 61 AD 34 C8 24 05 0A 25 A5 05 01 31 02 81 49 03 38 AD (31)
                              [N5:V] TPOS 'Z' 76 (76)
                              [N5:V] TPOS 'I'
2026-04-23 20:13:26:591 [IN ] C8 24 0B 0A 25 A5 0B 01 31 02 DE 03 20 D0 AD (15)
                              [N11:NG] NGSWSTATE 3 (3)
2026-04-23 20:13:26:612 [OUT] 25 A5 01 05 31 03 C9 3D 09 49 04 (11)
                              [N5:V] LFLAG '=' 9 (9)
2026-04-23 20:13:26:802 [IN ] C8 24 05 0B 25 A5 05 01 31 03 C9 3A 09 46 02 34 (16)
                              [N5:V] LFLAG ':' 9 (9)
2026-04-23 20:13:26:823 [OUT] 25 A5 01 05 31 03 84 00 50 0E 02 (11)
                              [N5:V] VEL 0 80 (80)
2026-04-23 20:13:26:991 [IN ] C8 24 05 0C 25 A5 05 01 31 04 84 53 00 50 62 C2 D5 (17)
                              [N5:V] VEL 'S' 0 80 (80)
2026-04-23 20:13:27:012 [OUT] 25 A5 01 05 31 05 81 00 19 82 3C 94 B6 (13)
                              [N5:V] TPOS 0 25 130 60 (1671740)
2026-04-23 20:13:27:200 [IN ] C8 24 05 0E 25 A5 05 01 31 06 81 53 00 00 00 00 11 92 0A (19)
                              [N5:V] TPOS 'S' 0 0 0 0 (0)
2026-04-23 20:13:27:601 [IN ] C8 24 0B 0A 25 A5 0B 01 31 02 DE 03 20 D0 00 (15)
                              [N11:NG] NGSWSTATE 3 (3)
2026-04-23 20:13:28:605 [IN ] C8 24 0B 0A 25 A5 0B 01 31 02 DE 03 20 D0 00 (15)
                              [N11:NG] NGSWSTATE 3 (3)
2026-04-23 20:13:29:609 [IN ] C8 24 0B 0A 25 A5 0B 01 31 02 DE 03 20 D0 00 (15)
                              [N11:NG] NGSWSTATE 3 (3)
2026-04-23 20:13:30:814 [IN ] C8 24 0B 0A 25 A5 0B 01 31 02 DE 03 20 D0 00 (15)
                              [N11:NG] NGSWSTATE 3 (3)
2026-04-23 20:13:31:618 [IN ] C8 24 0B 0A 25 A5 0B 01 31 02 (10)
2026-04-23 20:13:31:818 [IN ] DE 03 20 D0 00 (5)
                              [N11:NG] NGSWSTATE 3 (3)
2026-04-23 20:13:32:621 [IN ] C8 24 0B 0A 25 A5 0B 01 31 02 DE 03 20 D0 00 (15)
                              [N11:NG] NGSWSTATE 3 (3)
2026-04-23 20:13:33:424 [IN ] C8 24 0C 0E 25 A5 0C 01 31 06 81 45 FF D1 1C 1B 11 54 0A (19)
                              [N12:Z] TPOS 'E' 255 209 28 27 (-3072997)
2026-04-23 20:13:33:626 [IN ] C8 24 0B 0A 25 A5 0B 01 31 02 DE 03 20 D0 1C (15)
                              [N11:NG] NGSWSTATE 3 (3)
2026-04-23 20:13:34:632 [IN ] C8 24 0B 0A 25 A5 0B 01 31 02 DE 03 20 D0 1C (15)
                              [N11:NG] NGSWSTATE 3 (3)
2026-04-23 20:13:35:035 [IN ] C8 24 05 0E 25 A5 05 01 31 06 81 45 00 19 84 AD 4D 4C 0A (19)
                              [N5:V] TPOS 'E' 0 25 132 173 (1672365)
2026-04-23 20:13:35:460 [OUT] 25 A5 01 05 31 05 81 00 0D 03 C1 8E 19 (13)
                              [N5:V] TPOS 0 13 3 193 (852929)
2026-04-23 20:13:35:669 [IN ] C8 24 05 0E 25 A5 05 01 31 06 81 53 00 19 84 AD 5B 92 0A C8 24 0B 0A 25 A5 0B 01 31 02 DE 03 20 D0 84 (34)
                              [N5:V] TPOS 'S' 0 25 132 173 (1672365)
                              [N11:NG] NGSWSTATE 3 (3)
2026-04-23 20:13:36:677 [IN ] C8 24 0B 0A 25 A5 0B 01 31 02 DE 03 20 D0 84 (15)
                              [N11:NG] NGSWSTATE 3 (3)
2026-04-23 20:13:37:681 [IN ] C8 24 0B 0A 25 A5 0B 01 31 02 DE 03 20 D0 84 (15)
                              [N11:NG] NGSWSTATE 3 (3)
2026-04-23 20:13:38:686 [IN ] C8 24 0B 0A 25 A5 0B 01 31 02 DE 03 20 D0 84 (15)
                              [N11:NG] NGSWSTATE 3 (3)
2026-04-23 20:13:39:689 [IN ] C8 24 0B 0A 25 A5 0B 01 31 02 DE 03 20 D0 84 (15)
                              [N11:NG] NGSWSTATE 3 (3)
2026-04-23 20:13:40:693 [IN ] C8 24 05 0E 25 A5 05 01 31 06 81 45 00 0D 01 F2 03 67 0A C8 24 0B 0A 25 A5 0B 01 31 02 DE 03 20 D0 01 (34)
                              [N5:V] TPOS 'E' 0 13 1 242 (852466)
                              [N11:NG] NGSWSTATE 3 (3)
2026-04-23 20:13:40:897 [IN ] C8 24 08 0E 25 A5 08 01 31 06 81 45 FF DC 75 E9 3F CD 0A (19)
                              [N8:R] TPOS 'E' 255 220 117 233 (-2329111)
2026-04-23 20:13:40:919 [OUT] 25 A5 01 03 31 05 81 FF ED B1 30 88 70 (13)
                              [N3:X] TPOS 255 237 177 48 (-1199824)
2026-04-23 20:13:40:941 [OUT] 25 A5 01 04 31 05 81 FF F3 BD 0C 77 7E (13)
                              [N4:Y] TPOS 255 243 189 12 (-803572)
2026-04-23 20:13:40:963 [OUT] 25 A5 01 08 31 05 81 FF EE 15 56 18 89 (13)
                              [N8:R] TPOS 255 238 21 86 (-1174186)
2026-04-23 20:13:41:110 [IN ] C8 24 03 0E 25 A5 03 01 31 06 81 53 FF FD 4F A5 FF B4 0A (19)
                              [N3:X] TPOS 'S' 255 253 79 165 (-176219)
2026-04-23 20:13:41:236 [IN ] C8 24 04 0E 25 A5 04 01 31 06 81 53 FF FD 4F 4A A5 63 0A (19)
                              [N4:Y] TPOS 'S' 255 253 79 74 (-176310)
2026-04-23 20:13:41:363 [IN ] C8 24 08 0E 25 A5 08 01 31 06 81 53 FF DC 75 F0 54 1A 0A (19)
                              [N8:R] TPOS 'S' 255 220 117 240 (-2329104)
2026-04-23 20:13:41:766 [IN ] C8 24 0B 0A 25 A5 0B 01 31 02 DE 03 20 D0 75 (15)
                              [N11:NG] NGSWSTATE 3 (3)
2026-04-23 20:13:42:369 [IN ] C8 24 07 0E 25 A5 07 01 31 06 81 45 FF F3 3A 56 87 FF 0A (19)
                              [N7:N] TPOS 'E' 255 243 58 86 (-837034)
2026-04-23 20:13:42:772 [IN ] C8 24 0B 0A 25 A5 0B 01 31 02 DE 03 20 D0 3A (15)
                              [N11:NG] NGSWSTATE 3 (3)
2026-04-23 20:13:43:776 [IN ] C8 24 0B 0A 25 A5 0B 01 31 02 DE 03 20 D0 3A (15)
                              [N11:NG] NGSWSTATE 3 (3)
2026-04-23 20:13:44:579 [IN ] C8 24 04 0E 25 A5 04 01 31 06 81 45 FF F3 BA 5E 0C E9 0A (19)
                              [N4:Y] TPOS 'E' 255 243 186 94 (-804258)
2026-04-23 20:13:44:782 [IN ] C8 24 0B 0A 25 A5 0B 01 31 02 DE 03 20 D0 BA (15)
                              [N11:NG] NGSWSTATE 3 (3)
2026-04-23 20:13:45:785 [IN ] C8 24 0B 0A 25 A5 0B 01 31 02 DE 03 20 D0 BA (15)
                              [N11:NG] NGSWSTATE 3 (3)
2026-04-23 20:13:46:789 [IN ] C8 24 03 0E 25 A5 03 01 31 06 81 45 FF ED AF AA 46 03 0A C8 24 0B 0A 25 A5 0B 01 31 02 DE 03 20 D0 AF (34)
                              [N3:X] TPOS 'E' 255 237 175 170 (-1200214)
                              [N11:NG] NGSWSTATE 3 (3)
2026-04-23 20:13:47:795 [IN ] C8 24 0B 0A 25 A5 0B 01 31 02 DE 03 20 D0 AF (15)
                              [N11:NG] NGSWSTATE 3 (3)
2026-04-23 20:13:48:800 [IN ] C8 24 0B 0A 25 A5 0B 01 31 02 DE 03 20 D0 AF (15)
                              [N11:NG] NGSWSTATE 3 (3)
2026-04-23 20:13:49:806 [IN ] C8 24 0B 0A 25 A5 0B 01 31 02 DE 03 20 D0 AF (15)
                              [N11:NG] NGSWSTATE 3 (3)
2026-04-23 20:13:50:811 [IN ] C8 24 0B 0A 25 A5 0B 01 31 02 DE 03 20 D0 AF (15)
                              [N11:NG] NGSWSTATE 3 (3)
2026-04-23 20:13:51:214 [IN ] C8 24 08 0E 25 A5 08 01 31 06 81 45 FF EE 13 DF E5 35 0A (19)
                              [N8:R] TPOS 'E' 255 238 19 223 (-1174561)
