2026-04-20 16:16:56:161 [OUT] 25 A5 01 0A 31 05 D6 3D FF 00 00 53 ED (13)
                              [N10:HMI] HMILED '=' 255 0 0 (16711680)
2026-04-20 16:16:56:183 [OUT] 25 A5 01 03 31 02 D8 3F 4E CE (10)
                              [N3:X] INTERRUPT '?'
2026-04-20 16:16:56:484 [IN ] C8 24 0A 0D 25 A5 0A 01 31 05 D6 3A FF 00 00 50 EA 9A C8 24 03 0C 25 A5 03 01 31 04 D8 3A 01 01 4D 6A EA (35)
                              [N10:HMI] HMILED ':' 255 0 0 (16711680)
                              [N3:X] INTERRUPT ':' 1 1 (257)
2026-04-20 16:16:56:505 [OUT] 25 A5 01 09 31 03 C9 3D 09 4D 1C (11)
                              [N9:P] LFLAG '=' 9 (9)
2026-04-20 16:16:56:528 [OUT] 25 A5 01 04 31 02 D8 3F 4F D3 (10)
                              [N4:Y] INTERRUPT '?'
2026-04-20 16:16:56:829 [IN ] C8 24 09 0B 25 A5 09 01 31 03 C9 3A 09 4A 1E 6A C8 24 04 0C 25 A5 04 01 31 04 D8 3A 01 01 4E 72 EA (33)
                              [N9:P] LFLAG ':' 9 (9)
                              [N4:Y] INTERRUPT ':' 1 1 (257)
2026-04-20 16:16:56:850 [OUT] 25 A5 01 09 31 03 CA 3D 09 4E 1F (11)
                              [N9:P] RFLAG '=' 9 (9)
2026-04-20 16:16:56:872 [OUT] 25 A5 01 0C 31 02 D8 3F 57 FB (10)
                              [N12:Z] INTERRUPT '?'
2026-04-20 16:16:57:173 [IN ] C8 24 09 0B 25 A5 09 01 31 03 CA 3A 09 4B 21 72 C8 24 0C 0C 25 A5 0C 01 31 04 D8 3A 01 01 56 B2 EA (33)
                              [N9:P] RFLAG ':' 9 (9)
                              [N12:Z] INTERRUPT ':' 1 1 (257)
2026-04-20 16:16:57:194 [OUT] 25 A5 01 08 31 03 C9 3D 09 4C 16 (11)
                              [N8:R] LFLAG '=' 9 (9)
2026-04-20 16:16:57:216 [OUT] 25 A5 01 03 31 03 C9 3D 0B 49 FA (11)
                              [N3:X] LFLAG '=' 11 (11)
2026-04-20 16:16:57:237 [OUT] 25 A5 01 04 31 03 C9 3D 0B 4A 00 (11)
                              [N4:Y] LFLAG '=' 11 (11)
2026-04-20 16:16:57:259 [OUT] 25 A5 01 0C 31 03 C9 3D 0B 52 30 (11)
                              [N12:Z] LFLAG '=' 11 (11)
2026-04-20 16:16:57:365 [IN ] C8 24 08 0B 25 A5 08 01 31 03 C9 3A 09 49 17 B2 (16)
                              [N8:R] LFLAG ':' 9 (9)
2026-04-20 16:16:57:387 [OUT] 25 A5 01 08 31 03 CA 3D 09 4D 19 (11)
                              [N8:R] RFLAG '=' 9 (9)
2026-04-20 16:16:57:492 [IN ] C8 24 03 0B 25 A5 03 01 31 03 C9 3A 0B 46 F6 B2 (16)
                              [N3:X] LFLAG ':' 11 (11)
2026-04-20 16:16:57:513 [OUT] 25 A5 01 03 31 03 88 00 50 10 02 (11)
                              [N3:X] RUN 0 80 (80)
2026-04-20 16:16:57:577 [IN ] C8 24 04 0B 25 A5 04 01 31 03 C9 3A 0B 47 FD B2 (16)
                              [N4:Y] LFLAG ':' 11 (11)
2026-04-20 16:16:57:599 [OUT] 25 A5 01 04 31 03 88 00 50 11 08 (11)
                              [N4:Y] RUN 0 80 (80)
2026-04-20 16:16:57:683 [IN ] C8 24 0C 0B 25 A5 0C 01 31 03 C9 3A 0B 4F 35 B2 (16)
                              [N12:Z] LFLAG ':' 11 (11)
2026-04-20 16:16:57:705 [OUT] 25 A5 01 0C 31 03 88 00 50 19 38 (11)
                              [N12:Z] RUN 0 80 (80)
2026-04-20 16:16:57:811 [IN ] C8 24 08 0B 25 A5 08 01 31 03 CA 3A 09 4A 1A B2 (16)
                              [N8:R] RFLAG ':' 9 (9)
2026-04-20 16:16:57:937 [IN ] C8 24 03 0C 25 A5 03 01 31 04 88 53 00 50 64 C2 EA (17)
                              [N3:X] RUN 'S' 0 80 (80)
2026-04-20 16:16:58:021 [IN ] C8 24 04 0C 25 A5 04 01 31 04 88 53 00 50 65 CA EA (17)
                              [N4:Y] RUN 'S' 0 80 (80)
2026-04-20 16:16:58:148 [IN ] C8 24 0C 0C 25 A5 0C 01 31 04 88 53 00 50 6D 0A EA (17)
                              [N12:Z] RUN 'S' 0 80 (80)
2026-04-20 16:17:05:374 [IN ] C8 24 04 0B 25 A5 04 01 31 03 81 5A 4C 60 A6 0A C8 24 04 0A 25 A5 04 01 31 02 81 49 02 32 A6 (31)
                              [N4:Y] TPOS 'Z' 76 (76)
                              [N4:Y] TPOS 'I'
2026-04-20 16:17:05:598 [OUT] 25 A5 01 09 31 02 D8 3F 54 EC (10)
                              [N9:P] INTERRUPT '?'
2026-04-20 16:17:05:899 [IN ] C8 24 09 0C 25 A5 09 01 31 04 D8 3A 01 01 53 9A EA (17)
                              [N9:P] INTERRUPT ':' 1 1 (257)
2026-04-20 16:17:05:921 [OUT] 25 A5 01 04 31 03 C9 3D 09 48 FE (11)
                              [N4:Y] LFLAG '=' 9 (9)
2026-04-20 16:17:05:943 [OUT] 25 A5 01 07 31 02 D8 3F 52 E2 (10)
                              [N7:N] INTERRUPT '?'
2026-04-20 16:17:06:244 [IN ] C8 24 04 0B 25 A5 04 01 31 03 C9 3A 09 45 FB 9A C8 24 07 0C 25 A5 07 01 31 04 D8 3A 01 01 51 8A EA (33)
                              [N4:Y] LFLAG ':' 9 (9)
                              [N7:N] INTERRUPT ':' 1 1 (257)
2026-04-20 16:17:06:266 [OUT] 25 A5 01 09 31 03 C9 3D 0B 4F 1E (11)
                              [N9:P] LFLAG '=' 11 (11)
2026-04-20 16:17:06:288 [OUT] 25 A5 01 07 31 03 C9 3D 0B 4D 12 (11)
                              [N7:N] LFLAG '=' 11 (11)
2026-04-20 16:17:06:437 [IN ] C8 24 09 0B 25 A5 09 01 31 03 C9 3A 0B 4C 20 8A (16)
                              [N9:P] LFLAG ':' 11 (11)
2026-04-20 16:17:06:459 [OUT] 25 A5 01 09 31 03 88 00 50 16 26 (11)
                              [N9:P] RUN 0 80 (80)
2026-04-20 16:17:06:523 [IN ] C8 24 03 0B 25 A5 03 01 31 03 81 5A 4C 5F 9F 8A (16)
                              [N3:X] TPOS 'Z' 76 (76)
2026-04-20 16:17:06:567 [IN ] C8 24 07 0B 25 A5 07 01 31 03 C9 3A 0B 4A 12 8A C8 24 03 0A 25 A5 03 01 31 02 81 49 01 2C 12 (31)
                              [N7:N] LFLAG ':' 11 (11)
                              [N3:X] TPOS 'I'
2026-04-20 16:17:06:588 [OUT] 25 A5 01 07 31 03 88 00 50 14 1A (11)
                              [N7:N] RUN 0 80 (80)
2026-04-20 16:17:06:611 [OUT] 25 A5 01 03 31 03 C9 3D 09 47 F8 (11)
                              [N3:X] LFLAG '=' 9 (9)
2026-04-20 16:17:06:655 [IN ] C8 24 09 0C 25 A5 09 01 31 04 88 53 00 50 6A F2 EA (17)
                              [N9:P] RUN 'S' 0 80 (80)
2026-04-20 16:17:06:698 [IN ] C8 24 09 0B 25 A5 09 01 31 03 81 5A 4C 65 C9 F2 (16)
                              [N9:P] TPOS 'Z' 76 (76)
2026-04-20 16:17:06:763 [IN ] C8 24 09 0A 25 A5 09 01 31 02 81 49 07 50 C9 C8 24 07 0C 25 A5 07 01 31 04 88 53 00 50 68 E2 EA (32)
                              [N9:P] TPOS 'I'
                              [N7:N] RUN 'S' 0 80 (80)
2026-04-20 16:17:06:807 [OUT] 25 A5 01 09 31 03 C9 3D 09 4D 1C (11)
                              [N9:P] LFLAG '=' 9 (9)
2026-04-20 16:17:06:830 [OUT] 25 A5 01 04 31 05 81 FF EE 88 01 32 FA (13)
                              [N4:Y] TPOS 255 238 136 1 (-1144831)
2026-04-20 16:17:06:872 [IN ] C8 24 03 0B 25 A5 03 01 31 03 C9 3A 09 44 F4 E2 (16)
                              [N3:X] LFLAG ':' 9 (9)
2026-04-20 16:17:06:978 [IN ] C8 24 09 0B 25 A5 09 01 31 03 C9 3A 09 4A 1E E2 (16)
                              [N9:P] LFLAG ':' 9 (9)
2026-04-20 16:17:07:125 [IN ] C8 24 04 0E 25 A5 04 01 31 06 81 53 00 00 00 00 10 88 0A (19)
                              [N4:Y] TPOS 'S' 0 0 0 0 (0)
2026-04-20 16:17:10:339 [IN ] C8 24 0C 0B 25 A5 0C 01 31 03 81 5A 4C 68 DE 00 C8 24 0C 0A 25 A5 0C 01 31 02 81 49 0A 62 DE (31)
                              [N12:Z] TPOS 'Z' 76 (76)
                              [N12:Z] TPOS 'I'
2026-04-20 16:17:10:562 [OUT] 25 A5 01 0C 31 03 C9 3D 09 50 2E (11)
                              [N12:Z] LFLAG '=' 9 (9)
2026-04-20 16:17:10:750 [IN ] C8 24 0C 0B 25 A5 0C 01 31 03 C9 3A 09 4D 33 00 (16)
                              [N12:Z] LFLAG ':' 9 (9)
2026-04-20 16:17:11:354 [IN ] C8 24 07 0B 25 A5 07 01 31 03 81 5A 4C 63 BB 00 C8 24 07 0A 25 A5 07 01 31 02 81 49 05 44 BB (31)
                              [N7:N] TPOS 'Z' 76 (76)
                              [N7:N] TPOS 'I'
2026-04-20 16:17:11:577 [OUT] 25 A5 01 07 31 03 C9 3D 09 4B 10 (11)
                              [N7:N] LFLAG '=' 9 (9)
2026-04-20 16:17:11:746 [IN ] C8 24 07 0B 25 A5 07 01 31 03 C9 3A 09 48 10 00 (16)
                              [N7:N] LFLAG ':' 9 (9)
2026-04-20 16:17:13:152 [IN ] C8 24 04 0E 25 A5 04 01 31 06 81 45 FF EE 85 6A DE 7C 0A (19)
                              [N4:Y] TPOS 'E' 255 238 133 106 (-1145494)
2026-04-20 16:17:13:375 [OUT] 25 A5 01 0C 31 05 81 FF BC D0 00 4F 33 (13)
                              [N12:Z] TPOS 255 188 208 0 (-4403200)
2026-04-20 16:17:13:397 [OUT] 25 A5 01 04 31 05 81 FF FD 50 01 09 B7 (13)
                              [N4:Y] TPOS 255 253 80 1 (-176127)
2026-04-20 16:17:13:420 [OUT] 25 A5 01 09 31 05 81 FF E7 5D 56 5A 0C (13)
                              [N9:P] TPOS 255 231 93 86 (-1614506)
2026-04-20 16:17:13:444 [OUT] 25 A5 01 07 31 05 81 FF AB 19 75 F7 DF (13)
                              [N7:N] TPOS 255 171 25 117 (-5564043)
2026-04-20 16:17:13:466 [OUT] 25 A5 01 03 31 05 81 FF EC 4A AB 9B 1A (13)
                              [N3:X] TPOS 255 236 74 171 (-1291605)
2026-04-20 16:17:13:490 [OUT] 25 A5 01 06 31 02 D8 3F 51 DD (10)
                              [N6:H] INTERRUPT '?'
2026-04-20 16:17:13:791 [IN ] C8 24 0C 0E 25 A5 0C 01 31 06 81 53 FF FF FF B5 CA 84 0A C8 24 04 0E 25 A5 04 01 31 06 81 53 FF EE 85 6B ED C3 0A (38)
                              [N12:Z] TPOS 'S' 255 255 255 181 (-75)
                              [N4:Y] TPOS 'S' 255 238 133 107 (-1145493)
2026-04-20 16:17:14:092 [IN ] C8 24 09 0E 25 A5 09 01 31 06 81 53 FF FF FF FF 11 B0 0A C8 24 07 0E 25 A5 07 01 31 06 81 53 FF FF FF FD 0D 9A 0A C8 24 03 0E 25 A5 03 01 31 06 81 53 FF FF FF FA 06 6F 0A (57)
                              [N9:P] TPOS 'S' 255 255 255 255 (-1)
                              [N7:N] TPOS 'S' 255 255 255 253 (-3)
                              [N3:X] TPOS 'S' 255 255 255 250 (-6)
2026-04-20 16:17:14:394 [IN ] C8 24 06 0C 25 A5 06 01 31 04 D8 3A 01 01 50 82 06 (17)
                              [N6:H] INTERRUPT ':' 1 1 (257)
2026-04-20 16:17:14:416 [OUT] 25 A5 01 06 31 03 C9 3D 0B 4C 0C (11)
                              [N6:H] LFLAG '=' 11 (11)
2026-04-20 16:17:14:584 [IN ] C8 24 06 0B 25 A5 06 01 31 03 C9 3A 0B 49 0B 82 (16)
                              [N6:H] LFLAG ':' 11 (11)
2026-04-20 16:17:14:607 [OUT] 25 A5 01 06 31 03 88 FF B0 72 72 (11)
                              [N6:H] RUN 255 176 (-80)
2026-04-20 16:17:14:755 [IN ] C8 24 06 0C 25 A5 06 01 31 04 (10)
2026-04-20 16:17:14:776 [IN ] 88 53 FF B0 C6 38 06 (7)
                              [N6:H] RUN 'S' 255 176 (-80)
2026-04-20 16:17:18:791 [IN ] C8 24 06 0B 25 A5 06 01 31 03 81 5A 4C 62 B4 38 C8 24 06 0A 25 A5 06 01 31 02 81 49 04 3E B4 (31)
                              [N6:H] TPOS 'Z' 76 (76)
                              [N6:H] TPOS 'I'
2026-04-20 16:17:19:015 [OUT] 25 A5 01 06 31 03 C9 3D 09 4A 0A (11)
                              [N6:H] LFLAG '=' 9 (9)
2026-04-20 16:17:19:183 [IN ] C8 24 06 0B 25 A5 06 01 31 03 C9 3A 09 47 09 38 (16)
                              [N6:H] LFLAG ':' 9 (9)
2026-04-20 16:17:19:205 [OUT] 25 A5 01 06 31 03 84 00 50 0F 08 (11)
                              [N6:H] VEL 0 80 (80)
2026-04-20 16:17:19:372 [IN ] C8 24 06 0C 25 A5 06 01 31 04 84 53 00 50 63 CA 06 (17)
                              [N6:H] VEL 'S' 0 80 (80)
2026-04-20 16:17:19:393 [OUT] 25 A5 01 06 31 05 81 00 19 82 3C 95 BE (13)
                              [N6:H] TPOS 0 25 130 60 (1671740)
2026-04-20 16:17:19:582 [IN ] C8 24 06 0E 25 A5 06 01 31 06 81 53 00 00 00 01 13 9D 0A (19)
                              [N6:H] TPOS 'S' 0 0 0 1 (1)
2026-04-20 16:17:20:585 [IN ] C8 24 03 0E 25 A5 03 01 31 06 81 45 FF EC 49 6D A2 F7 0A (19)
                              [N3:X] TPOS 'E' 255 236 73 109 (-1291923)
2026-04-20 16:17:21:012 [OUT] 25 A5 01 03 31 05 81 FF FD 50 01 08 AF (13)
                              [N3:X] TPOS 255 253 80 1 (-176127)
2026-04-20 16:17:21:201 [IN ] C8 24 03 0E 25 A5 03 01 31 06 81 53 FF EC 49 6E B1 3E 0A (19)
                              [N3:X] TPOS 'S' 255 236 73 110 (-1291922)
2026-04-20 16:17:22:205 [IN ] C8 24 09 0E 25 A5 09 01 31 06 81 45 FF E7 5B 53 9B 2E 0A C8 24 04 0E 25 A5 04 01 31 06 81 45 FF FD 4F 62 AF 35 0A (38)
                              [N9:P] TPOS 'E' 255 231 91 83 (-1615021)
                              [N4:Y] TPOS 'E' 255 253 79 98 (-176286)
2026-04-20 16:17:22:630 [OUT] 25 A5 01 09 31 05 81 FF FF D9 C8 60 BE (13)
                              [N9:P] TPOS 255 255 217 200 (-9784)
2026-04-20 16:17:22:818 [IN ] C8 24 09 0E 25 A5 09 01 31 06 81 53 FF E7 5B 57 AD 78 0A (19)
                              [N9:P] TPOS 'S' 255 231 91 87 (-1615017)
2026-04-20 16:17:27:033 [IN ] C8 24 06 0E 25 A5 06 01 31 06 81 45 00 19 85 A0 42 4B 0A (19)
                              [N6:H] TPOS 'E' 0 25 133 160 (1672608)
2026-04-20 16:17:27:458 [OUT] 25 A5 01 06 31 05 81 00 0D 9D 22 8A B6 (13)
                              [N6:H] TPOS 0 13 157 34 (892194)
2026-04-20 16:17:27:647 [IN ] C8 24 06 0E 25 A5 06 01 31 06 81 53 00 19 85 9F 4F 90 0A (19)
                              [N6:H] TPOS 'S' 0 25 133 159 (1672607)
2026-04-20 16:17:30:057 [IN ] C8 24 03 0E 25 A5 03 01 31 06 81 45 FF FD 50 3A 87 05 0A (19)
                              [N3:X] TPOS 'E' 255 253 80 58 (-176070)
2026-04-20 16:17:31:060 [IN ] C8 24 06 0E 25 A5 06 01 31 06 81 45 00 0D 97 86 2E 31 0A (19)
                              [N6:H] TPOS 'E' 0 13 151 134 (890758)
2026-04-20 16:17:31:284 [OUT] 25 A5 01 05 31 02 D8 3F 50 D8 (10)
                              [N5:V] INTERRUPT '?'
2026-04-20 16:17:31:285 [IN ] C8 24 09 0E 25 A5 09 01 31 06 81 45 FF FF DB A1 81 C4 0A (19)
                              [N9:P] TPOS 'E' 255 255 219 161 (-9311)
2026-04-20 16:17:31:586 [IN ] C8 24 05 0C 25 A5 05 01 31 04 D8 3A 01 01 4F 7A 81 (17)
                              [N5:V] INTERRUPT ':' 1 1 (257)
2026-04-20 16:17:31:607 [OUT] 25 A5 01 05 31 03 C9 3D 0B 4B 06 (11)
                              [N5:V] LFLAG '=' 11 (11)
2026-04-20 16:17:31:630 [OUT] 25 A5 01 08 31 02 D8 3F 53 E7 (10)
                              [N8:R] INTERRUPT '?'
2026-04-20 16:17:31:932 [IN ] C8 24 05 0B 25 A5 05 01 31 03 C9 3A 0B 48 04 7A C8 24 08 0C 25 A5 08 01 31 04 D8 3A 01 01 52 92 81 (33)
                              [N5:V] LFLAG ':' 11 (11)
                              [N8:R] INTERRUPT ':' 1 1 (257)
2026-04-20 16:17:31:953 [OUT] 25 A5 01 05 31 03 88 FF B0 71 6C (11)
                              [N5:V] RUN 255 176 (-80)
2026-04-20 16:17:31:977 [OUT] 25 A5 01 08 31 03 CA 3D 0B 4F 1B (11)
                              [N8:R] RFLAG '=' 11 (11)
2026-04-20 16:17:32:125 [IN ] C8 24 05 0C 25 A5 05 01 31 04 88 53 FF B0 C5 30 81 (17)
                              [N5:V] RUN 'S' 255 176 (-80)
2026-04-20 16:17:32:230 [IN ] C8 24 08 0B 25 A5 08 01 31 03 CA 3A 0B 4C 1C 30 (16)
                              [N8:R] RFLAG ':' 11 (11)
2026-04-20 16:17:32:252 [OUT] 25 A5 01 08 31 03 88 00 50 15 20 (11)
                              [N8:R] RUN 0 80 (80)
2026-04-20 16:17:32:419 [IN ] C8 24 08 0C 25 A5 08 01 31 04 88 53 00 50 69 EA 81 (17)
                              [N8:R] RUN 'S' 0 80 (80)
2026-04-20 16:17:34:426 [IN ] C8 24 0C 0E 25 A5 0C 01 31 06 81 45 FF BC CD 54 E6 B0 0A (19)
                              [N12:Z] TPOS 'E' 255 188 205 84 (-4403884)
2026-04-20 16:17:34:851 [OUT] 25 A5 01 0C 31 05 81 FF D8 A0 CD 08 F4 (13)
                              [N12:Z] TPOS 255 216 160 205 (-2580275)
2026-04-20 16:17:35:040 [IN ] C8 24 0C 0E 25 A5 0C 01 31 06 81 53 FF BC CD 5A FA FC 0A (19)
                              [N12:Z] TPOS 'S' 255 188 205 90 (-4403878)
2026-04-20 16:17:36:447 [IN ] C8 24 05 0B 25 A5 05 01 31 03 81 5A 4C 61 AD 5A C8 24 05 0A 25 A5 05 01 31 02 81 49 03 38 AD (31)
                              [N5:V] TPOS 'Z' 76 (76)
                              [N5:V] TPOS 'I'
2026-04-20 16:17:36:670 [OUT] 25 A5 01 05 31 03 C9 3D 09 49 04 (11)
                              [N5:V] LFLAG '=' 9 (9)
2026-04-20 16:17:36:838 [IN ] C8 24 05 0B 25 A5 05 01 31 03 C9 3A 09 46 02 5A (16)
                              [N5:V] LFLAG ':' 9 (9)
2026-04-20 16:17:36:859 [OUT] 25 A5 01 05 31 03 84 00 50 0E 02 (11)
                              [N5:V] VEL 0 80 (80)
2026-04-20 16:17:37:026 [IN ] C8 24 05 0C 25 A5 05 01 31 04 84 53 00 50 62 C2 FA (17)
                              [N5:V] VEL 'S' 0 80 (80)
2026-04-20 16:17:37:049 [OUT] 25 A5 01 05 31 05 81 00 19 82 3C 94 B6 (13)
                              [N5:V] TPOS 0 25 130 60 (1671740)
2026-04-20 16:17:37:217 [IN ] C8 24 05 0E 25 A5 05 01 31 06 81 53 00 00 00 (15)
2026-04-20 16:17:37:238 [IN ] 00 11 92 0A (4)
                              [N5:V] TPOS 'S' 0 0 0 0 (0)
2026-04-20 16:17:38:242 [IN ] C8 24 07 0E 25 A5 07 01 31 06 81 45 FF AB 14 AB 6E 30 0A (19)
                              [N7:N] TPOS 'E' 255 171 20 171 (-5565269)
2026-04-20 16:17:38:667 [OUT] 25 A5 01 07 31 05 81 FF F0 47 34 29 C9 (13)
                              [N7:N] TPOS 255 240 71 52 (-1030348)
2026-04-20 16:17:38:855 [IN ] C8 24 07 0E 25 A5 07 01 31 06 81 53 FF AB 14 AB 7C 76 0A (19)
                              [N7:N] TPOS 'S' 255 171 20 171 (-5565269)
2026-04-20 16:17:41:265 [IN ] C8 24 08 0B 25 A5 08 01 31 03 81 5A 52 6A C8 AB C8 24 08 0A 25 A5 08 01 31 02 81 49 06 4A C8 (31)
                              [N8:R] TPOS 'Z' 82 (82)
                              [N8:R] TPOS 'I'
2026-04-20 16:17:41:488 [OUT] 25 A5 01 08 31 03 CA 3D 09 4D 19 (11)
                              [N8:R] RFLAG '=' 9 (9)
2026-04-20 16:17:41:655 [IN ] C8 24 08 0B 25 A5 08 01 31 03 CA 3A 09 4A 1A AB (16)
                              [N8:R] RFLAG ':' 9 (9)
2026-04-20 16:17:41:676 [OUT] 25 A5 01 08 31 05 81 FF DC 77 1D 2F DE (13)
                              [N8:R] TPOS 255 220 119 29 (-2328803)
2026-04-20 16:17:41:863 [IN ] C8 24 08 0E 25 A5 08 01 31 06 81 53 FF FF FF F5 06 9C 0A (19)
                              [N8:R] TPOS 'S' 255 255 255 245 (-11)
2026-04-20 16:17:43:672 [IN ] C8 24 0C 0E 25 A5 0C 01 31 06 81 45 FF D8 A4 50 D5 AE 0A (19)
                              [N12:Z] TPOS 'E' 255 216 164 80 (-2579376)
2026-04-20 16:17:44:878 [IN ] C8 24 05 0E 25 A5 05 01 31 06 81 45 00 19 86 6B 0D 0E 0A (19)
                              [N5:V] TPOS 'E' 0 25 134 107 (1672811)
2026-04-20 16:17:45:302 [OUT] 25 A5 01 05 31 05 81 00 0C 0B 15 E9 7A (13)
                              [N5:V] TPOS 0 12 11 21 (789269)
2026-04-20 16:17:45:490 [IN ] C8 24 05 0E 25 A5 05 01 31 06 81 53 00 19 86 6B 1B 54 0A (19)
                              [N5:V] TPOS 'S' 0 25 134 107 (1672811)
2026-04-20 16:17:50:912 [IN ] C8 24 05 0E 25 A5 05 01 31 06 81 45 00 0C 09 1C 34 9E 0A (19)
                              [N5:V] TPOS 'E' 0 12 9 28 (788764)
2026-04-20 16:17:51:136 [OUT] 25 A5 01 03 31 05 81 FF EE C6 38 A6 A5 (13)
                              [N3:X] TPOS 255 238 198 56 (-1128904)
2026-04-20 16:17:51:159 [OUT] 25 A5 01 04 31 05 81 FF F3 5F FC 09 B2 (13)
                              [N4:Y] TPOS 255 243 95 252 (-827396)
2026-04-20 16:17:51:327 [IN ] C8 24 03 0E 25 A5 03 01 31 06 81 53 FF FD 50 37 92 48 0A (19)
                              [N3:X] TPOS 'S' 255 253 80 55 (-176073)
2026-04-20 16:17:51:433 [IN ] C8 24 04 0E 25 A5 04 01 31 06 81 53 FF FD 4F 62 BD 7B 0A (19)
                              [N4:Y] TPOS 'S' 255 253 79 98 (-176286)
2026-04-20 16:17:54:847 [IN ] C8 24 08 0E 25 A5 08 01 31 06 81 45 FF DC 74 9E F3 80 0A (19)
                              [N8:R] TPOS 'E' 255 220 116 158 (-2329442)
2026-04-20 16:17:55:049 [IN ] C8 24 04 0E 25 A5 04 01 31 06 81 45 FF F3 5D 89 DA 5A 0A (19)
                              [N4:Y] TPOS 'E' 255 243 93 137 (-828023)
2026-04-20 16:17:55:272 [OUT] 25 A5 01 08 31 05 81 FF EE 15 56 18 89 (13)
                              [N8:R] TPOS 255 238 21 86 (-1174186)
2026-04-20 16:17:55:463 [IN ] C8 24 08 0E 25 A5 08 01 31 06 81 53 FF DC 74 A1 04 C9 0A (19)
                              [N8:R] TPOS 'S' 255 220 116 161 (-2329439)
2026-04-20 16:17:56:065 [IN ] C8 24 03 0E 25 A5 03 01 31 06 81 45 FF EE C3 D0 81 54 0A (19)
                              [N3:X] TPOS 'E' 255 238 195 208 (-1129520)
2026-04-20 16:17:58:681 [IN ] C8 24 07 0E 25 A5 07 01 31 06 81 45 FF F0 4C 14 54 D8 0A (19)
                              [N7:N] TPOS 'E' 255 240 76 20 (-1029100)
2026-04-20 16:18:03:500 [IN ] C8 24 08 0E 25 A5 08 01 31 06 81 45 FF EE 15 17 1F 71 0A (19)
                              [N8:R] TPOS 'E' 255 238 21 23 (-1174249)
