2026-04-20 16:26:02:894 [OUT] 25 A5 01 0A 31 05 D6 3D FF 00 00 53 ED (13)
                              [N10:HMI] HMILED '=' 255 0 0 (16711680)
2026-04-20 16:26:02:916 [OUT] 25 A5 01 03 31 02 D8 3F 4E CE (10)
                              [N3:X] INTERRUPT '?'
2026-04-20 16:26:03:218 [IN ] C8 24 0A 0D 25 A5 0A 01 31 05 D6 3A FF 00 00 50 EA DE C8 24 03 0C 25 A5 03 01 31 04 D8 3A 01 01 4D 6A EA (35)
                              [N10:HMI] HMILED ':' 255 0 0 (16711680)
                              [N3:X] INTERRUPT ':' 1 1 (257)
2026-04-20 16:26:03:239 [OUT] 25 A5 01 09 31 03 C9 3D 09 4D 1C (11)
                              [N9:P] LFLAG '=' 9 (9)
2026-04-20 16:26:03:262 [OUT] 25 A5 01 04 31 02 D8 3F 4F D3 (10)
                              [N4:Y] INTERRUPT '?'
2026-04-20 16:26:03:563 [IN ] C8 24 09 0B 25 A5 09 01 31 03 C9 3A 09 4A 1E 6A C8 24 04 0C 25 A5 04 01 31 04 D8 3A 01 01 4E 72 EA (33)
                              [N9:P] LFLAG ':' 9 (9)
                              [N4:Y] INTERRUPT ':' 1 1 (257)
2026-04-20 16:26:03:584 [OUT] 25 A5 01 09 31 03 CA 3D 09 4E 1F (11)
                              [N9:P] RFLAG '=' 9 (9)
2026-04-20 16:26:03:606 [OUT] 25 A5 01 0C 31 02 D8 3F 57 FB (10)
                              [N12:Z] INTERRUPT '?'
2026-04-20 16:26:03:908 [IN ] C8 24 09 0B 25 A5 09 01 31 03 CA 3A 09 4B 21 72 C8 24 0C 0C 25 A5 0C 01 31 04 D8 3A 01 01 56 B2 EA (33)
                              [N9:P] RFLAG ':' 9 (9)
                              [N12:Z] INTERRUPT ':' 1 1 (257)
2026-04-20 16:26:03:930 [OUT] 25 A5 01 08 31 03 C9 3D 09 4C 16 (11)
                              [N8:R] LFLAG '=' 9 (9)
2026-04-20 16:26:03:951 [OUT] 25 A5 01 03 31 03 C9 3D 0B 49 FA (11)
                              [N3:X] LFLAG '=' 11 (11)
2026-04-20 16:26:03:972 [OUT] 25 A5 01 04 31 03 C9 3D 0B 4A 00 (11)
                              [N4:Y] LFLAG '=' 11 (11)
2026-04-20 16:26:03:995 [OUT] 25 A5 01 0C 31 03 C9 3D 0B 52 30 (11)
                              [N12:Z] LFLAG '=' 11 (11)
2026-04-20 16:26:04:080 [IN ] C8 24 08 0B 25 A5 08 01 31 03 C9 3A 09 49 17 B2 (16)
                              [N8:R] LFLAG ':' 9 (9)
2026-04-20 16:26:04:102 [OUT] 25 A5 01 08 31 03 CA 3D 09 4D 19 (11)
                              [N8:R] RFLAG '=' 9 (9)
2026-04-20 16:26:04:208 [IN ] C8 24 03 0B 25 A5 03 01 31 03 C9 3A 0B 46 F6 B2 (16)
                              [N3:X] LFLAG ':' 11 (11)
2026-04-20 16:26:04:230 [OUT] 25 A5 01 03 31 03 88 00 50 10 02 (11)
                              [N3:X] RUN 0 80 (80)
2026-04-20 16:26:04:335 [IN ] C8 24 04 0B 25 A5 04 01 31 03 C9 3A 0B 47 FD B2 (16)
                              [N4:Y] LFLAG ':' 11 (11)
2026-04-20 16:26:04:357 [OUT] 25 A5 01 04 31 03 88 00 50 11 08 (11)
                              [N4:Y] RUN 0 80 (80)
2026-04-20 16:26:04:442 [IN ] C8 24 0C 0B 25 A5 0C 01 31 03 C9 3A 0B 4F 35 B2 (16)
                              [N12:Z] LFLAG ':' 11 (11)
2026-04-20 16:26:04:463 [OUT] 25 A5 01 0C 31 03 88 00 50 19 38 (11)
                              [N12:Z] RUN 0 80 (80)
2026-04-20 16:26:04:548 [IN ] C8 24 08 0B 25 A5 08 01 31 03 CA 3A 09 4A 1A B2 (16)
                              [N8:R] RFLAG ':' 9 (9)
2026-04-20 16:26:04:652 [IN ] C8 24 03 0C 25 A5 03 01 31 04 88 53 00 50 64 C2 EA (17)
                              [N3:X] RUN 'S' 0 80 (80)
2026-04-20 16:26:04:758 [IN ] C8 24 04 0C 25 A5 04 01 31 04 88 53 00 50 65 CA EA (17)
                              [N4:Y] RUN 'S' 0 80 (80)
2026-04-20 16:26:04:884 [IN ] C8 24 0C 0C 25 A5 0C 01 31 04 88 53 00 50 6D 0A EA (17)
                              [N12:Z] RUN 'S' 0 80 (80)
2026-04-20 16:26:11:912 [IN ] C8 24 04 0B 25 A5 04 01 31 03 81 5A 4C 60 A6 0A C8 24 04 0A 25 A5 04 01 31 02 81 49 02 32 A6 (31)
                              [N4:Y] TPOS 'Z' 76 (76)
                              [N4:Y] TPOS 'I'
2026-04-20 16:26:12:136 [OUT] 25 A5 01 09 31 02 D8 3F 54 EC (10)
                              [N9:P] INTERRUPT '?'
2026-04-20 16:26:12:437 [IN ] C8 24 09 0C 25 A5 09 01 31 04 D8 3A 01 01 53 9A EA (17)
                              [N9:P] INTERRUPT ':' 1 1 (257)
2026-04-20 16:26:12:459 [OUT] 25 A5 01 04 31 03 C9 3D 09 48 FE (11)
                              [N4:Y] LFLAG '=' 9 (9)
2026-04-20 16:26:12:482 [OUT] 25 A5 01 07 31 02 D8 3F 52 E2 (10)
                              [N7:N] INTERRUPT '?'
2026-04-20 16:26:12:783 [IN ] C8 24 04 0B 25 A5 04 01 31 03 C9 3A 09 45 FB 9A C8 24 07 0C 25 A5 07 01 31 04 D8 3A 01 01 51 8A EA (33)
                              [N4:Y] LFLAG ':' 9 (9)
                              [N7:N] INTERRUPT ':' 1 1 (257)
2026-04-20 16:26:12:804 [OUT] 25 A5 01 09 31 03 C9 3D 0B 4F 1E (11)
                              [N9:P] LFLAG '=' 11 (11)
2026-04-20 16:26:12:826 [OUT] 25 A5 01 07 31 03 C9 3D 0B 4D 12 (11)
                              [N7:N] LFLAG '=' 11 (11)
2026-04-20 16:26:12:973 [IN ] C8 24 09 0B 25 A5 09 01 31 03 C9 3A 0B 4C 20 8A (16)
                              [N9:P] LFLAG ':' 11 (11)
2026-04-20 16:26:12:995 [OUT] 25 A5 01 09 31 03 88 00 50 16 26 (11)
                              [N9:P] RUN 0 80 (80)
2026-04-20 16:26:13:079 [IN ] C8 24 07 0B 25 A5 07 01 31 03 C9 3A 0B 4A 12 8A (16)
                              [N7:N] LFLAG ':' 11 (11)
2026-04-20 16:26:13:101 [OUT] 25 A5 01 07 31 03 88 00 50 14 1A (11)
                              [N7:N] RUN 0 80 (80)
2026-04-20 16:26:13:102 [IN ] C8 24 03 0B 25 A5 03 01 31 03 81 5A 4C 5F 9F 8A (16)
                              [N3:X] TPOS 'Z' 76 (76)
2026-04-20 16:26:13:125 [IN ] C8 24 03 0A 25 A5 03 01 31 02 81 49 01 2C 9F (15)
                              [N3:X] TPOS 'I'
2026-04-20 16:26:13:175 [OUT] 25 A5 01 03 31 03 C9 3D 09 47 F8 (11)
                              [N3:X] LFLAG '=' 9 (9)
2026-04-20 16:26:13:197 [IN ] C8 24 09 0C 25 A5 09 01 31 04 88 53 00 50 6A F2 EA (17)
                              [N9:P] RUN 'S' 0 80 (80)
2026-04-20 16:26:13:240 [IN ] C8 24 09 0B 25 A5 09 01 31 03 81 5A 4C 65 C9 F2 (16)
                              [N9:P] TPOS 'Z' 76 (76)
2026-04-20 16:26:13:284 [IN ] C8 24 07 0C 25 A5 07 01 31 04 88 53 00 50 68 E2 EA C8 24 09 0A 25 A5 09 01 31 02 81 49 07 50 68 (32)
                              [N7:N] RUN 'S' 0 80 (80)
                              [N9:P] TPOS 'I'
2026-04-20 16:26:13:328 [OUT] 25 A5 01 09 31 03 C9 3D 09 4D 1C (11)
                              [N9:P] LFLAG '=' 9 (9)
2026-04-20 16:26:13:350 [OUT] 25 A5 01 04 31 05 81 FF EE 88 01 32 FA (13)
                              [N4:Y] TPOS 255 238 136 1 (-1144831)
2026-04-20 16:26:13:414 [IN ] C8 24 03 0B 25 A5 03 01 31 03 C9 3A 09 44 F4 E2 (16)
                              [N3:X] LFLAG ':' 9 (9)
2026-04-20 16:26:13:520 [IN ] C8 24 09 0B 25 A5 09 01 31 03 C9 3A 09 4A 1E E2 (16)
                              [N9:P] LFLAG ':' 9 (9)
2026-04-20 16:26:13:646 [IN ] C8 24 04 0E 25 A5 04 01 31 06 81 53 00 00 00 00 10 88 0A (19)
                              [N4:Y] TPOS 'S' 0 0 0 0 (0)
2026-04-20 16:26:17:055 [IN ] C8 24 0C 0B 25 A5 0C 01 31 03 81 5A 4C 68 DE 00 C8 24 0C 0A 25 A5 0C 01 31 02 81 49 0A 62 DE (31)
                              [N12:Z] TPOS 'Z' 76 (76)
                              [N12:Z] TPOS 'I'
2026-04-20 16:26:17:279 [OUT] 25 A5 01 0C 31 03 C9 3D 09 50 2E (11)
                              [N12:Z] LFLAG '=' 9 (9)
2026-04-20 16:26:17:446 [IN ] C8 24 0C 0B 25 A5 0C 01 31 03 C9 3A 09 4D 33 00 (16)
                              [N12:Z] LFLAG ':' 9 (9)
2026-04-20 16:26:17:848 [IN ] C8 24 07 0B 25 A5 07 01 31 03 81 5A 4C 63 BB 00 C8 24 07 0A 25 A5 07 01 31 02 81 49 05 44 BB (31)
                              [N7:N] TPOS 'Z' 76 (76)
                              [N7:N] TPOS 'I'
2026-04-20 16:26:18:072 [OUT] 25 A5 01 07 31 03 C9 3D 09 4B 10 (11)
                              [N7:N] LFLAG '=' 9 (9)
2026-04-20 16:26:18:240 [IN ] C8 24 07 0B 25 A5 07 01 31 03 C9 3A 09 48 10 00 (16)
                              [N7:N] LFLAG ':' 9 (9)
2026-04-20 16:26:19:645 [IN ] C8 24 04 0E 25 A5 04 01 31 06 81 45 FF EE 85 67 DB 79 0A (19)
                              [N4:Y] TPOS 'E' 255 238 133 103 (-1145497)
2026-04-20 16:26:19:870 [OUT] 25 A5 01 0C 31 05 81 FF BC D0 00 4F 33 (13)
                              [N12:Z] TPOS 255 188 208 0 (-4403200)
2026-04-20 16:26:19:893 [OUT] 25 A5 01 04 31 05 81 FF FD 50 01 09 B7 (13)
                              [N4:Y] TPOS 255 253 80 1 (-176127)
2026-04-20 16:26:19:914 [OUT] 25 A5 01 09 31 05 81 FF E7 5D 56 5A 0C (13)
                              [N9:P] TPOS 255 231 93 86 (-1614506)
2026-04-20 16:26:19:937 [OUT] 25 A5 01 07 31 05 81 FF AB 19 75 F7 DF (13)
                              [N7:N] TPOS 255 171 25 117 (-5564043)
2026-04-20 16:26:19:959 [OUT] 25 A5 01 03 31 05 81 FF EC 4A AB 9B 1A (13)
                              [N3:X] TPOS 255 236 74 171 (-1291605)
2026-04-20 16:26:19:982 [OUT] 25 A5 01 06 31 02 D8 3F 51 DD (10)
                              [N6:H] INTERRUPT '?'
2026-04-20 16:26:20:282 [IN ] C8 24 0C 0E 25 A5 0C 01 31 06 81 53 FF FF FF BB D0 8A 0A C8 24 04 0E 25 A5 04 01 31 06 81 53 FF EE 85 67 E9 BF 0A (38)
                              [N12:Z] TPOS 'S' 255 255 255 187 (-69)
                              [N4:Y] TPOS 'S' 255 238 133 103 (-1145497)
2026-04-20 16:26:20:584 [IN ] C8 24 09 0E 25 A5 09 01 31 06 81 53 FF FF FF FF 11 B0 0A C8 24 07 0E 25 A5 07 01 31 06 81 53 FF FF FF FC 0C 99 0A C8 24 03 0E 25 A5 03 01 31 06 81 53 FF FF FF FA 06 6F 0A (57)
                              [N9:P] TPOS 'S' 255 255 255 255 (-1)
                              [N7:N] TPOS 'S' 255 255 255 252 (-4)
                              [N3:X] TPOS 'S' 255 255 255 250 (-6)
2026-04-20 16:26:20:885 [IN ] C8 24 06 0C 25 A5 06 01 31 04 D8 3A 01 01 50 82 06 (17)
                              [N6:H] INTERRUPT ':' 1 1 (257)
2026-04-20 16:26:20:908 [OUT] 25 A5 01 06 31 03 C9 3D 0B 4C 0C (11)
                              [N6:H] LFLAG '=' 11 (11)
2026-04-20 16:26:21:076 [IN ] C8 24 06 0B 25 A5 06 01 31 03 C9 3A 0B 49 0B 82 (16)
                              [N6:H] LFLAG ':' 11 (11)
2026-04-20 16:26:21:098 [OUT] 25 A5 01 06 31 03 88 FF B0 72 72 (11)
                              [N6:H] RUN 255 176 (-80)
2026-04-20 16:26:21:267 [IN ] C8 24 06 0C 25 A5 06 01 31 04 88 53 FF B0 C6 38 06 (17)
                              [N6:H] RUN 'S' 255 176 (-80)
2026-04-20 16:26:25:284 [IN ] C8 24 06 0B 25 A5 06 01 31 03 81 5A 4C 62 B4 38 C8 24 06 0A 25 A5 06 01 31 02 81 49 04 3E B4 (31)
                              [N6:H] TPOS 'Z' 76 (76)
                              [N6:H] TPOS 'I'
2026-04-20 16:26:25:508 [OUT] 25 A5 01 06 31 03 C9 3D 09 4A 0A (11)
                              [N6:H] LFLAG '=' 9 (9)
2026-04-20 16:26:25:697 [IN ] C8 24 06 0B 25 A5 06 01 31 03 C9 3A 09 47 09 38 (16)
                              [N6:H] LFLAG ':' 9 (9)
2026-04-20 16:26:25:719 [OUT] 25 A5 01 06 31 03 84 00 50 0F 08 (11)
                              [N6:H] VEL 0 80 (80)
2026-04-20 16:26:25:888 [IN ] C8 24 06 0C 25 A5 06 (7)
2026-04-20 16:26:25:910 [IN ] 01 31 04 84 53 00 50 63 CA 06 (10)
                              [N6:H] VEL 'S' 0 80 (80)
2026-04-20 16:26:25:931 [OUT] 25 A5 01 06 31 05 81 00 19 82 3C 95 BE (13)
                              [N6:H] TPOS 0 25 130 60 (1671740)
2026-04-20 16:26:26:119 [IN ] C8 24 06 0E 25 A5 06 01 31 06 81 53 00 00 (14)
2026-04-20 16:26:26:141 [IN ] 00 00 12 9C 0A (5)
                              [N6:H] TPOS 'S' 0 0 0 0 (0)
2026-04-20 16:26:27:146 [IN ] C8 24 03 0E 25 A5 03 01 31 06 81 45 FF EC 49 5F 94 E9 0A (19)
                              [N3:X] TPOS 'E' 255 236 73 95 (-1291937)
2026-04-20 16:26:27:572 [OUT] 25 A5 01 03 31 05 81 FF FD 50 01 08 AF (13)
                              [N3:X] TPOS 255 253 80 1 (-176127)
2026-04-20 16:26:27:761 [IN ] C8 24 03 0E 25 A5 03 01 31 06 81 53 FF EC 49 5F A2 2F 0A (19)
                              [N3:X] TPOS 'S' 255 236 73 95 (-1291937)
2026-04-20 16:26:28:564 [IN ] C8 24 04 0E 25 A5 04 01 31 06 81 45 FF FD 4F 63 B0 36 0A C8 24 09 0E 25 A5 09 01 31 06 81 45 FF E7 5B 30 78 0B 0A (38)
                              [N4:Y] TPOS 'E' 255 253 79 99 (-176285)
                              [N9:P] TPOS 'E' 255 231 91 48 (-1615056)
2026-04-20 16:26:28:990 [OUT] 25 A5 01 09 31 05 81 FF FF D9 C8 60 BE (13)
                              [N9:P] TPOS 255 255 217 200 (-9784)
2026-04-20 16:26:29:180 [IN ] C8 24 09 0E 25 A5 09 01 31 06 81 53 FF E7 5B 32 88 53 0A (19)
                              [N9:P] TPOS 'S' 255 231 91 50 (-1615054)
2026-04-20 16:26:33:596 [IN ] C8 24 06 0E 25 A5 06 01 31 06 81 45 00 19 85 B4 56 5F 0A (19)
                              [N6:H] TPOS 'E' 0 25 133 180 (1672628)
2026-04-20 16:26:34:021 [OUT] 25 A5 01 06 31 05 81 00 0D 9D 22 8A B6 (13)
                              [N6:H] TPOS 0 13 157 34 (892194)
2026-04-20 16:26:34:210 [IN ] C8 24 06 0E 25 A5 06 01 31 06 81 53 00 19 85 B4 64 A5 0A (19)
                              [N6:H] TPOS 'S' 0 25 133 180 (1672628)
2026-04-20 16:26:36:620 [IN ] C8 24 03 0E 25 A5 03 01 31 06 81 45 FF FD 50 3C 89 07 0A (19)
                              [N3:X] TPOS 'E' 255 253 80 60 (-176068)
2026-04-20 16:26:37:624 [IN ] C8 24 09 0E 25 A5 09 01 31 06 81 45 FF FF DB A0 80 C3 0A C8 24 06 0E 25 A5 06 01 31 06 81 45 00 0D 97 98 40 43 0A (38)
                              [N9:P] TPOS 'E' 255 255 219 160 (-9312)
                              [N6:H] TPOS 'E' 0 13 151 152 (890776)
2026-04-20 16:26:37:847 [OUT] 25 A5 01 05 31 02 D8 3F 50 D8 (10)
                              [N5:V] INTERRUPT '?'
2026-04-20 16:26:38:148 [IN ] C8 24 05 0C 25 A5 05 01 31 04 D8 3A 01 01 4F 7A 40 (17)
                              [N5:V] INTERRUPT ':' 1 1 (257)
2026-04-20 16:26:38:170 [OUT] 25 A5 01 05 31 03 C9 3D 0B 4B 06 (11)
                              [N5:V] LFLAG '=' 11 (11)
2026-04-20 16:26:38:193 [OUT] 25 A5 01 08 31 02 D8 3F 53 E7 (10)
                              [N8:R] INTERRUPT '?'
2026-04-20 16:26:38:494 [IN ] C8 24 05 0B 25 A5 05 01 31 03 C9 3A 0B 48 04 7A C8 24 08 0C 25 A5 08 01 31 04 D8 3A 01 01 52 92 40 (33)
                              [N5:V] LFLAG ':' 11 (11)
                              [N8:R] INTERRUPT ':' 1 1 (257)
2026-04-20 16:26:38:516 [OUT] 25 A5 01 05 31 03 88 FF B0 71 6C (11)
                              [N5:V] RUN 255 176 (-80)
2026-04-20 16:26:38:539 [OUT] 25 A5 01 08 31 03 CA 3D 0B 4F 1B (11)
                              [N8:R] RFLAG '=' 11 (11)
2026-04-20 16:26:38:687 [IN ] C8 24 05 0C 25 A5 05 01 31 04 88 53 FF B0 C5 30 40 (17)
                              [N5:V] RUN 'S' 255 176 (-80)
2026-04-20 16:26:38:793 [IN ] C8 24 08 0B 25 A5 08 01 31 03 CA 3A 0B 4C 1C 30 (16)
                              [N8:R] RFLAG ':' 11 (11)
2026-04-20 16:26:38:815 [OUT] 25 A5 01 08 31 03 88 00 50 15 20 (11)
                              [N8:R] RUN 0 80 (80)
2026-04-20 16:26:38:986 [IN ] C8 24 08 0C 25 A5 08 01 31 04 88 53 00 50 69 EA 40 (17)
                              [N8:R] RUN 'S' 0 80 (80)
2026-04-20 16:26:40:794 [IN ] C8 24 0C 0E 25 A5 0C 01 31 06 81 45 FF BC CD 30 C2 8C 0A (19)
                              [N12:Z] TPOS 'E' 255 188 205 48 (-4403920)
2026-04-20 16:26:41:218 [OUT] 25 A5 01 0C 31 05 81 FF D8 A0 CD 08 F4 (13)
                              [N12:Z] TPOS 255 216 160 205 (-2580275)
2026-04-20 16:26:41:407 [IN ] C8 24 0C 0E 25 A5 0C 01 31 06 81 53 FF BC CD 32 D2 D4 0A (19)
                              [N12:Z] TPOS 'S' 255 188 205 50 (-4403918)
2026-04-20 16:26:43:015 [IN ] C8 24 05 0B 25 A5 05 01 31 03 81 5A 4C 61 AD 32 C8 24 05 0A 25 A5 05 01 31 02 81 49 03 38 AD (31)
                              [N5:V] TPOS 'Z' 76 (76)
                              [N5:V] TPOS 'I'
2026-04-20 16:26:43:240 [OUT] 25 A5 01 05 31 03 C9 3D 09 49 04 (11)
                              [N5:V] LFLAG '=' 9 (9)
2026-04-20 16:26:43:409 [IN ] C8 24 05 0B 25 A5 05 01 31 03 C9 3A 09 46 02 32 (16)
                              [N5:V] LFLAG ':' 9 (9)
2026-04-20 16:26:43:431 [OUT] 25 A5 01 05 31 03 84 00 50 0E 02 (11)
                              [N5:V] VEL 0 80 (80)
2026-04-20 16:26:43:577 [IN ] C8 24 05 0C 25 A5 05 01 31 04 84 53 00 50 62 C2 D2 (17)
                              [N5:V] VEL 'S' 0 80 (80)
2026-04-20 16:26:43:598 [OUT] 25 A5 01 05 31 05 81 00 19 82 3C 94 B6 (13)
                              [N5:V] TPOS 0 25 130 60 (1671740)
2026-04-20 16:26:43:786 [IN ] C8 24 05 0E 25 A5 05 01 31 06 81 53 00 00 00 00 11 92 0A (19)
                              [N5:V] TPOS 'S' 0 0 0 0 (0)
2026-04-20 16:26:44:791 [IN ] C8 24 07 0E 25 A5 07 01 31 06 81 45 FF AB 14 A2 65 27 0A (19)
                              [N7:N] TPOS 'E' 255 171 20 162 (-5565278)
2026-04-20 16:26:45:216 [OUT] 25 A5 01 07 31 05 81 FF F0 47 34 29 C9 (13)
                              [N7:N] TPOS 255 240 71 52 (-1030348)
2026-04-20 16:26:45:406 [IN ] C8 24 07 0E 25 A5 07 01 31 06 81 53 FF AB 14 A2 73 6D 0A (19)
                              [N7:N] TPOS 'S' 255 171 20 162 (-5565278)
2026-04-20 16:26:47:816 [IN ] C8 24 08 0B 25 A5 08 01 31 03 81 5A 52 6A C8 A2 C8 24 08 0A 25 A5 08 01 31 02 81 49 06 4A C8 (31)
                              [N8:R] TPOS 'Z' 82 (82)
                              [N8:R] TPOS 'I'
2026-04-20 16:26:48:040 [OUT] 25 A5 01 08 31 03 CA 3D 09 4D 19 (11)
                              [N8:R] RFLAG '=' 9 (9)
2026-04-20 16:26:48:213 [IN ] C8 24 08 0B 25 A5 08 01 31 03 CA 3A 09 4A 1A A2 (16)
                              [N8:R] RFLAG ':' 9 (9)
2026-04-20 16:26:48:234 [OUT] 25 A5 01 08 31 05 81 FF DC 77 1D 2F DE (13)
                              [N8:R] TPOS 255 220 119 29 (-2328803)
2026-04-20 16:26:48:423 [IN ] C8 24 08 0E 25 A5 08 01 31 06 81 53 FF FF FF F4 05 9B 0A (19)
                              [N8:R] TPOS 'S' 255 255 255 244 (-12)
2026-04-20 16:26:49:827 [IN ] C8 24 0C 0E 25 A5 0C 01 31 06 81 45 FF D8 A4 52 D7 B0 0A (19)
                              [N12:Z] TPOS 'E' 255 216 164 82 (-2579374)
2026-04-20 16:26:51:435 [IN ] C8 24 05 0E 25 A5 05 01 31 06 81 45 00 19 86 5E 00 01 0A (19)
                              [N5:V] TPOS 'E' 0 25 134 94 (1672798)
2026-04-20 16:26:51:859 [OUT] 25 A5 01 05 31 05 81 00 0C 0B 15 E9 7A (13)
                              [N5:V] TPOS 0 12 11 21 (789269)
2026-04-20 16:26:52:047 [IN ] C8 24 05 0E 25 A5 05 01 31 06 81 53 00 19 86 5E 0E 47 0A (19)
                              [N5:V] TPOS 'S' 0 25 134 94 (1672798)
2026-04-20 16:26:57:270 [IN ] C8 24 05 0E 25 A5 05 01 31 06 81 45 00 0C 09 09 21 8B 0A (19)
                              [N5:V] TPOS 'E' 0 12 9 9 (788745)
2026-04-20 16:26:57:498 [OUT] 25 A5 01 03 31 05 81 FF EE C6 38 A6 A5 (13)
                              [N3:X] TPOS 255 238 198 56 (-1128904)
2026-04-20 16:26:57:520 [OUT] 25 A5 01 04 31 05 81 FF F3 5F FC 09 B2 (13)
                              [N4:Y] TPOS 255 243 95 252 (-827396)
2026-04-20 16:26:57:687 [IN ] C8 24 03 0E 25 A5 03 01 31 06 81 53 FF FD 50 38 93 49 0A (19)
                              [N3:X] TPOS 'S' 255 253 80 56 (-176072)
2026-04-20 16:26:57:813 [IN ] C8 24 04 0E 25 A5 04 01 31 06 81 53 FF FD 4F 63 BE 7C 0A (19)
                              [N4:Y] TPOS 'S' 255 253 79 99 (-176285)
2026-04-20 16:27:01:227 [IN ] C8 24 04 0E 25 A5 04 01 31 06 81 45 FF F3 5D 6E BF 3F 0A (19)
                              [N4:Y] TPOS 'E' 255 243 93 110 (-828050)
2026-04-20 16:27:01:430 [IN ] C8 24 08 0E 25 A5 08 01 31 06 81 45 FF DC 74 C0 15 A2 0A (19)
                              [N8:R] TPOS 'E' 255 220 116 192 (-2329408)
2026-04-20 16:27:01:857 [OUT] 25 A5 01 08 31 05 81 FF EE 15 56 18 89 (13)
                              [N8:R] TPOS 255 238 21 86 (-1174186)
2026-04-20 16:27:02:047 [IN ] C8 24 08 0E 25 A5 08 01 31 06 81 53 FF DC 74 C5 28 ED 0A (19)
                              [N8:R] TPOS 'S' 255 220 116 197 (-2329403)
2026-04-20 16:27:02:448 [IN ] C8 24 03 0E 25 A5 03 01 31 06 81 45 FF EE C3 7E 2F 02 0A (19)
                              [N3:X] TPOS 'E' 255 238 195 126 (-1129602)
2026-04-20 16:27:05:262 [IN ] C8 24 07 0E 25 A5 07 01 31 06 81 45 FF F0 4C 0F 4F D3 0A (19)
                              [N7:N] TPOS 'E' 255 240 76 15 (-1029105)
2026-04-20 16:27:10:083 [IN ] C8 24 08 0E 25 A5 08 01 31 06 81 45 FF EE 15 93 9B ED 0A (19)
                              [N8:R] TPOS 'E' 255 238 21 147 (-1174125)
