2026-04-20 15:57:03:403 [OUT] 25 A5 01 0A 31 05 D6 3D FF 00 00 53 ED (13)
                              [N10:HMI] HMILED '=' 255 0 0 (16711680)
2026-04-20 15:57:03:426 [OUT] 25 A5 01 03 31 03 84 00 50 0C F6 (11)
                              [N3:X] VEL 0 80 (80)
2026-04-20 15:57:03:428 [IN ] C8 24 0C 0C 25 A5 0C 01 31 04 E4 3A 03 E8 4B CD EB (17)
                              [N12:Z] LOGPOS ':' 3 232 (1000)
2026-04-20 15:57:03:450 [OUT] 25 A5 01 0C 31 03 84 00 50 15 2C (11)
                              [N12:Z] VEL 0 80 (80)
2026-04-20 15:57:03:473 [OUT] 25 A5 01 04 31 03 84 00 50 0D FC (11)
                              [N4:Y] VEL 0 80 (80)
2026-04-20 15:57:03:494 [OUT] 25 A5 01 05 31 03 84 00 50 0E 02 (11)
                              [N5:V] VEL 0 80 (80)
2026-04-20 15:57:03:515 [OUT] 25 A5 01 06 31 03 84 00 50 0F 08 (11)
                              [N6:H] VEL 0 80 (80)
2026-04-20 15:57:03:599 [IN ] C8 24 0A 0D 25 A5 0A 01 31 05 D6 3A FF 00 00 50 EA 5A (18)
                              [N10:HMI] HMILED ':' 255 0 0 (16711680)
2026-04-20 15:57:03:704 [IN ] C8 24 03 0C 25 A5 03 01 31 04 84 53 00 50 60 B2 EA (17)
                              [N3:X] VEL 'S' 0 80 (80)
2026-04-20 15:57:03:725 [OUT] 25 A5 01 03 31 05 81 FF EE C6 38 A6 A5 (13)
                              [N3:X] TPOS 255 238 198 56 (-1128904)
2026-04-20 15:57:03:809 [IN ] C8 24 0C 0C 25 A5 0C 01 31 04 84 53 00 50 69 FA EA (17)
                              [N12:Z] VEL 'S' 0 80 (80)
2026-04-20 15:57:03:830 [OUT] 25 A5 01 0C 31 05 81 FF D8 A0 CD 08 F4 (13)
                              [N12:Z] TPOS 255 216 160 205 (-2580275)
2026-04-20 15:57:03:935 [IN ] C8 24 04 0C 25 A5 04 01 31 04 84 53 00 50 61 BA EA (17)
                              [N4:Y] VEL 'S' 0 80 (80)
2026-04-20 15:57:03:957 [OUT] 25 A5 01 04 31 05 81 FF F3 5F FC 09 B2 (13)
                              [N4:Y] TPOS 255 243 95 252 (-827396)
2026-04-20 15:57:04:040 [IN ] C8 24 05 0C 25 A5 05 01 31 04 84 53 00 50 62 C2 EA (17)
                              [N5:V] VEL 'S' 0 80 (80)
2026-04-20 15:57:04:061 [OUT] 25 A5 01 05 31 05 81 00 0C 0B 15 E9 7A (13)
                              [N5:V] TPOS 0 12 11 21 (789269)
2026-04-20 15:57:04:146 [IN ] C8 24 06 0C 25 A5 06 01 31 04 84 53 00 50 63 CA EA (17)
                              [N6:H] VEL 'S' 0 80 (80)
2026-04-20 15:57:04:167 [OUT] 25 A5 01 06 31 05 81 00 0D 9D 22 8A B6 (13)
                              [N6:H] TPOS 0 13 157 34 (892194)
2026-04-20 15:57:04:272 [IN ] C8 24 03 0E 25 A5 03 01 31 06 81 53 FF F0 F0 31 1F 5B A5 (19)
                              [N3:X] TPOS 'S' 255 240 240 49 (-987087)
2026-04-20 15:57:04:398 [IN ] C8 24 0C 0D 25 A5 0C 01 31 05 82 FF D7 3E 61 3A D1 5B C8 24 0C 0E 25 A5 0C 01 31 06 81 53 FF D7 3E 61 8D 36 A5 (37)
                              [N12:Z] GETPOS 255 215 62 97 (-2671007)
                              [N12:Z] TPOS 'S' 255 215 62 97 (-2671007)
2026-04-20 15:57:04:544 [IN ] C8 24 04 0E 25 A5 04 01 31 06 81 53 FF F2 1C EE 0B 80 A5 (19)
                              [N4:Y] TPOS 'S' 255 242 28 238 (-910098)
2026-04-20 15:57:04:669 [IN ] C8 24 05 0E 25 A5 05 01 31 06 81 53 00 0F C6 BA A0 05 A5 (19)
                              [N5:V] TPOS 'S' 0 15 198 186 (1033914)
2026-04-20 15:57:04:794 [IN ] C8 24 06 0E 25 A5 06 01 31 06 81 53 00 0B 68 0D 92 9A A5 (19)
                              [N6:H] TPOS 'S' 0 11 104 13 (747533)
2026-04-20 15:57:04:995 [IN ] C8 24 0C 0E 25 A5 0C 01 31 06 81 45 FF D8 A3 FD 81 59 A5 (19)
                              [N12:Z] TPOS 'E' 255 216 163 253 (-2579459)
2026-04-20 15:57:05:197 [IN ] C8 24 03 0E 25 A5 03 01 31 06 81 45 FF EE C3 D2 83 56 A5 (19)
                              [N3:X] TPOS 'E' 255 238 195 210 (-1129518)
2026-04-20 15:57:05:398 [IN ] C8 24 04 0E 25 A5 04 01 31 06 81 45 FF F3 5F 88 DB 5D A5 (19)
                              [N4:Y] TPOS 'E' 255 243 95 136 (-827512)
2026-04-20 15:57:05:600 [IN ] C8 24 0C 0D 25 A5 0C 01 31 05 82 FF D8 A3 F9 38 36 5D C8 24 06 0E 25 A5 06 01 31 06 81 45 00 0D A2 26 D9 E7 A5 (37)
                              [N12:Z] GETPOS 255 216 163 249 (-2579463)
                              [N6:H] TPOS 'E' 0 13 162 38 (893478)
2026-04-20 15:57:06:203 [IN ] C8 24 05 0E 25 A5 05 01 31 06 81 45 00 0C 09 23 3B A5 A5 (19)
                              [N5:V] TPOS 'E' 0 12 9 35 (788771)
