2026-04-20 13:58:59:039 [OUT] 25 A5 01 0A 31 05 D6 3D FF 00 00 53 ED (13)
                              [N10:HMI] HMILED '=' 255 0 0 (16711680)
2026-04-20 13:58:59:061 [OUT] 25 A5 01 09 31 05 81 FF E9 85 B1 DF BD (13)
                              [N9:P] TPOS 255 233 133 177 (-1473103)
2026-04-20 13:58:59:083 [OUT] 25 A5 01 08 31 05 81 FF EE 15 56 18 89 (13)
                              [N8:R] TPOS 255 238 21 86 (-1174186)
2026-04-20 13:58:59:230 [IN ] C8 24 0A 0D 25 A5 0A 01 31 05 D6 3A FF 00 00 50 EA 01 (18)
                              [N10:HMI] HMILED ':' 255 0 0 (16711680)
2026-04-20 13:58:59:356 [IN ] C8 24 09 0E 25 A5 09 01 31 06 81 53 FF FF DB 72 60 DB 31 (19)
                              [N9:P] TPOS 'S' 255 255 219 114 (-9358)
2026-04-20 13:58:59:483 [IN ] C8 24 08 0E 25 A5 08 01 31 06 81 53 FF EE 15 48 5E E8 31 (19)
                              [N8:R] TPOS 'S' 255 238 21 72 (-1174200)
2026-04-20 13:58:59:684 [IN ] C8 24 08 0E 25 A5 08 01 31 06 81 45 FF EE 15 45 4D 9F 31 (19)
                              [N8:R] TPOS 'E' 255 238 21 69 (-1174203)
2026-04-20 13:58:59:886 [IN ] C8 24 0B 0A 25 A5 0B 01 31 02 DE 03 20 D0 15 (15)
                              [N11:NG] NGSWSTATE 3 (3)
2026-04-20 13:59:00:890 [IN ] C8 24 0B 0A 25 A5 0B 01 31 02 DE 03 20 D0 15 (15)
                              [N11:NG] NGSWSTATE 3 (3)
2026-04-20 13:59:01:894 [IN ] C8 24 0B 0A 25 A5 0B 01 31 02 DE 03 20 D0 15 (15)
                              [N11:NG] NGSWSTATE 3 (3)
2026-04-20 13:59:02:898 [IN ] C8 24 0B 0A 25 A5 0B 01 31 02 DE 03 20 D0 15 (15)
                              [N11:NG] NGSWSTATE 3 (3)
2026-04-20 13:59:03:902 [IN ] C8 24 0B 0A 25 A5 0B 01 31 02 DE 03 20 D0 15 (15)
                              [N11:NG] NGSWSTATE 3 (3)
2026-04-20 13:59:04:906 [IN ] C8 24 0B 0A 25 A5 0B 01 31 02 DE 03 20 D0 15 (15)
                              [N11:NG] NGSWSTATE 3 (3)
2026-04-20 13:59:05:910 [IN ] C8 24 0B 0A 25 A5 0B 01 31 02 DE 03 20 D0 15 (15)
                              [N11:NG] NGSWSTATE 3 (3)
2026-04-20 13:59:06:915 [IN ] C8 24 0B 0A 25 A5 0B 01 31 02 DE 03 20 D0 15 (15)
                              [N11:NG] NGSWSTATE 3 (3)
2026-04-20 13:59:07:919 [IN ] C8 24 09 0E 25 A5 09 01 31 06 81 45 FF E9 87 F6 6C 2F 31 C8 24 0B 0A 25 A5 0B 01 31 02 DE 03 20 D0 87 (34)
                              [N9:P] TPOS 'E' 255 233 135 246 (-1472522)
                              [N11:NG] NGSWSTATE 3 (3)
