2026-04-20 14:53:39:228 [OUT] 25 A5 01 0A 31 05 D6 3D FF 00 00 53 ED (13)
                              [N10:HMI] HMILED '=' 255 0 0 (16711680)
2026-04-20 14:53:39:251 [OUT] 25 A5 01 0C 31 05 81 FF EB 70 92 B0 92 (13)
                              [N12:Z] TPOS 255 235 112 146 (-1347438)
2026-04-20 14:53:39:273 [OUT] 25 A5 01 05 31 05 81 00 0C 0B 15 E9 7A (13)
                              [N5:V] TPOS 0 12 11 21 (789269)
2026-04-20 14:53:39:296 [OUT] 25 A5 01 06 31 05 81 00 0D 9D 22 8A B6 (13)
                              [N6:H] TPOS 0 13 157 34 (892194)
2026-04-20 14:53:39:402 [IN ] C8 24 0A 0D 25 A5 0A 01 31 05 D6 3A FF 00 00 50 EA 07 (18)
                              [N10:HMI] HMILED ':' 255 0 0 (16711680)
2026-04-20 14:53:39:548 [IN ] C8 24 0C 0E 25 A5 0C 01 31 06 81 53 FF D7 45 1B 4E FE 31 (19)
                              [N12:Z] TPOS 'S' 255 215 69 27 (-2669285)
2026-04-20 14:53:39:675 [IN ] C8 24 05 0E 25 A5 05 01 31 06 81 53 00 0D B2 68 38 85 31 (19)
                              [N5:V] TPOS 'S' 0 13 178 104 (897640)
2026-04-20 14:53:39:800 [IN ] C8 24 06 0E 25 A5 06 01 31 06 81 53 00 0C BE B9 95 F5 31 (19)
                              [N6:H] TPOS 'S' 0 12 190 185 (835257)
2026-04-20 14:53:40:203 [IN ] C8 24 06 0E 25 A5 06 01 31 06 81 45 00 0D A2 4E 01 0F 31 (19)
                              [N6:H] TPOS 'E' 0 13 162 78 (893518)
2026-04-20 14:53:40:404 [IN ] C8 24 05 0E 25 A5 05 01 31 06 81 45 00 0C 09 2B 43 AD 31 (19)
                              [N5:V] TPOS 'E' 0 12 9 43 (788779)
2026-04-20 14:53:45:823 [IN ] C8 24 0C 0E 25 A5 0C 01 31 06 81 45 FF EB 73 7C E3 B1 31 (19)
                              [N12:Z] TPOS 'E' 255 235 115 124 (-1346692)
2026-04-20 14:53:46:246 [OUT] 25 A5 01 04 31 05 81 FF F1 BB 98 FF 00 (13)
                              [N4:Y] TPOS 255 241 187 152 (-935016)
2026-04-20 14:53:46:268 [OUT] 25 A5 01 03 31 05 81 FF F0 AD E1 38 22 (13)
                              [N3:X] TPOS 255 240 173 225 (-1004063)
2026-04-20 14:53:46:436 [IN ] C8 24 04 0E 25 A5 04 01 31 06 81 53 FF F4 FB 11 0F 67 31 (19)
                              [N4:Y] TPOS 'S' 255 244 251 17 (-722159)
2026-04-20 14:53:46:563 [IN ] C8 24 03 0E 25 A5 03 01 31 06 81 53 FF EC D2 E2 AE C4 31 (19)
                              [N3:X] TPOS 'S' 255 236 210 226 (-1256734)
2026-04-20 14:53:47:769 [IN ] C8 24 04 0E 25 A5 04 01 31 06 81 45 FF F1 B8 E7 91 68 31 (19)
                              [N4:Y] TPOS 'E' 255 241 184 231 (-935705)
2026-04-20 14:53:48:773 [IN ] C8 24 03 0E 25 A5 03 01 31 06 81 45 FF F0 AD 8F 2C ED 31 (19)
                              [N3:X] TPOS 'E' 255 240 173 143 (-1004145)
2026-04-20 14:53:49:197 [OUT] 25 A5 01 0C 31 05 81 FF D7 48 92 74 06 (13)
                              [N12:Z] TPOS 255 215 72 146 (-2668398)
2026-04-20 14:53:49:407 [IN ] C8 24 0C 0E 25 A5 0C 01 31 06 81 53 FF EB 73 77 EC F2 31 (19)
                              [N12:Z] TPOS 'S' 255 235 115 119 (-1346697)
2026-04-20 14:53:55:628 [IN ] C8 24 0C 0E 25 A5 0C 01 31 06 81 45 FF D7 45 14 39 B1 31 (19)
                              [N12:Z] TPOS 'E' 255 215 69 20 (-2669292)
2026-04-20 14:53:56:056 [OUT] 25 A5 01 05 31 05 81 00 0B 33 1C 17 CE (13)
                              [N5:V] TPOS 0 11 51 28 (733980)
2026-04-20 14:53:56:078 [OUT] 25 A5 01 06 31 05 81 00 12 B8 9E 26 77 (13)
                              [N6:H] TPOS 0 18 184 158 (1226910)
2026-04-20 14:53:56:100 [OUT] 25 A5 01 07 31 05 81 FF D7 EA C2 41 52 (13)
                              [N7:N] TPOS 255 215 234 194 (-2626878)
2026-04-20 14:53:56:248 [IN ] C8 24 05 0E 25 A5 05 01 31 06 81 53 00 0C 09 2B 51 F3 31 (19)
                              [N5:V] TPOS 'S' 0 12 9 43 (788779)
2026-04-20 14:53:56:354 [IN ] C8 24 06 0E 25 A5 06 01 31 06 81 53 00 0D A2 4E 0F 55 31 (19)
                              [N6:H] TPOS 'S' 0 13 162 78 (893518)
2026-04-20 14:53:56:500 [IN ] C8 24 07 0E 25 A5 07 01 31 06 81 53 FF D6 C2 A5 4F 4D 31 (19)
                              [N7:N] TPOS 'S' 255 214 194 165 (-2702683)
2026-04-20 14:53:56:702 [IN ] C8 24 05 0E 25 A5 05 01 31 06 81 45 00 0B 31 92 D1 61 31 (19)
                              [N5:V] TPOS 'E' 0 11 49 146 (733586)
2026-04-20 14:53:57:104 [IN ] C8 24 07 0E 25 A5 07 01 31 06 81 45 FF D7 EF D4 9E 93 31 (19)
                              [N7:N] TPOS 'E' 255 215 239 212 (-2625580)
2026-04-20 14:53:57:908 [IN ] C8 24 06 0E 25 A5 06 (7)
2026-04-20 14:53:58:110 [IN ] 01 31 06 81 45 00 12 BD DC AF E2 31 (12)
                              [N6:H] TPOS 'E' 0 18 189 220 (1228252)
