2026-04-20 15:53:19:074 [OUT] 25 A5 01 0A 31 05 D6 3D FF 00 00 53 ED (13)
                              [N10:HMI] HMILED '=' 255 0 0 (16711680)
2026-04-20 15:53:19:097 [OUT] 25 A5 01 0C 31 05 81 FF EB 69 BD D4 AF (13)
                              [N12:Z] TPOS 255 235 105 189 (-1349187)
2026-04-20 15:53:19:119 [OUT] 25 A5 01 05 31 05 81 00 0C 0B 15 E9 7A (13)
                              [N5:V] TPOS 0 12 11 21 (789269)
2026-04-20 15:53:19:140 [OUT] 25 A5 01 06 31 05 81 00 0D 9D 22 8A B6 (13)
                              [N6:H] TPOS 0 13 157 34 (892194)
2026-04-20 15:53:19:247 [IN ] C8 24 0A 0D 25 A5 0A 01 31 05 D6 3A FF 00 00 50 EA 02 (18)
                              [N10:HMI] HMILED ':' 255 0 0 (16711680)
2026-04-20 15:53:19:394 [IN ] C8 24 0C 0E 25 A5 0C 01 31 06 81 53 FF D7 3E 71 9D 46 A5 (19)
                              [N12:Z] TPOS 'S' 255 215 62 113 (-2670991)
2026-04-20 15:53:19:519 [IN ] C8 24 05 0E 25 A5 05 01 31 06 81 53 00 0B DC 8D 85 F8 A5 (19)
                              [N5:V] TPOS 'S' 0 11 220 141 (777357)
2026-04-20 15:53:19:666 [IN ] C8 24 06 0E 25 A5 06 01 31 06 81 53 00 0C 67 C6 4B 54 A5 (19)
                              [N6:H] TPOS 'S' 0 12 103 198 (812998)
2026-04-20 15:53:19:867 [IN ] C8 24 05 0E 25 A5 05 01 31 06 81 45 00 0C 0E D4 F1 60 A5 (19)
                              [N5:V] TPOS 'E' 0 12 14 212 (790228)
2026-04-20 15:53:20:269 [IN ] C8 24 06 0E 25 A5 06 01 31 06 81 45 00 0D A2 2D E0 EE A5 (19)
                              [N6:H] TPOS 'E' 0 13 162 45 (893485)
2026-04-20 15:53:25:688 [IN ] C8 24 0C 0E 25 A5 0C 01 31 06 81 45 FF EB 6C B1 11 D8 A5 (19)
                              [N12:Z] TPOS 'E' 255 235 108 177 (-1348431)
2026-04-20 15:53:26:111 [OUT] 25 A5 01 04 31 05 81 FF F2 1F 78 44 AB (13)
                              [N4:Y] TPOS 255 242 31 120 (-909448)
2026-04-20 15:53:26:133 [OUT] 25 A5 01 03 31 05 81 FF F0 F0 6C 06 33 (13)
                              [N3:X] TPOS 255 240 240 108 (-987028)
2026-04-20 15:53:26:301 [IN ] C8 24 04 0E 25 A5 04 01 31 06 81 53 FF F5 50 ED 41 F0 A5 (19)
                              [N4:Y] TPOS 'S' 255 245 80 237 (-700179)
2026-04-20 15:53:26:447 [IN ] C8 24 03 0E 25 A5 03 01 31 06 81 53 FF ED 1C D3 EA 4C A5 (19)
                              [N3:X] TPOS 'S' 255 237 28 211 (-1237805)
2026-04-20 15:53:27:653 [IN ] C8 24 04 0E 25 A5 04 01 31 06 81 45 FF F2 1C ED FC 39 A5 (19)
                              [N4:Y] TPOS 'E' 255 242 28 237 (-910099)
2026-04-20 15:53:28:657 [IN ] C8 24 03 0E 25 A5 03 01 31 06 81 45 FF F0 F0 31 11 15 A5 (19)
                              [N3:X] TPOS 'E' 255 240 240 49 (-987087)
2026-04-20 15:53:29:082 [OUT] 25 A5 01 0C 31 05 81 FF D7 41 BD 98 23 (13)
                              [N12:Z] TPOS 255 215 65 189 (-2670147)
2026-04-20 15:53:29:291 [IN ] C8 24 0C 0E 25 A5 0C 01 31 06 81 53 FF EB 6C AC 1A 19 A5 (19)
                              [N12:Z] TPOS 'S' 255 235 108 172 (-1348436)
2026-04-20 15:53:35:516 [IN ] C8 24 0C 0E 25 A5 0C 01 31 06 81 45 FF D7 3E 5C 7A EB A5 (19)
                              [N12:Z] TPOS 'E' 255 215 62 92 (-2671012)
2026-04-20 15:53:35:940 [OUT] 25 A5 01 05 31 05 81 00 0F C3 A9 38 87 (13)
                              [N5:V] TPOS 0 15 195 169 (1033129)
2026-04-20 15:53:35:962 [OUT] 25 A5 01 06 31 05 81 00 0B 6D 23 59 51 (13)
                              [N6:H] TPOS 0 11 109 35 (748835)
2026-04-20 15:53:35:984 [OUT] 25 A5 01 07 31 05 81 FF E0 1A 2E E6 39 (13)
                              [N7:N] TPOS 255 224 26 46 (-2090450)
2026-04-20 15:53:36:131 [IN ] C8 24 05 0E 25 A5 05 01 31 06 81 53 00 0C 0E D5 00 A7 A5 (19)
                              [N5:V] TPOS 'S' 0 12 14 213 (790229)
2026-04-20 15:53:36:258 [IN ] C8 24 06 0E 25 A5 06 01 31 06 81 53 00 0D A2 2E EF 35 A5 (19)
                              [N6:H] TPOS 'S' 0 13 162 46 (893486)
2026-04-20 15:53:36:404 [IN ] C8 24 07 0E 25 A5 07 01 31 06 81 53 FF DF 3F 8A BA 47 A5 (19)
                              [N7:N] TPOS 'S' 255 223 63 138 (-2146422)
2026-04-20 15:53:36:806 [IN ] C8 24 07 0E 25 A5 07 01 31 06 81 45 FF E0 1F 27 2A 61 A5 (19)
                              [N7:N] TPOS 'E' 255 224 31 39 (-2089177)
2026-04-20 15:53:37:007 [IN ] C8 24 06 0E 25 A5 06 01 31 06 81 45 00 0B 68 0D 84 54 A5 (19)
                              [N6:H] TPOS 'E' 0 11 104 13 (747533)
2026-04-20 15:53:37:409 [IN ] C8 24 05 0E 25 A5 05 01 31 06 81 45 00 0F C6 BB 93 C0 A5 (19)
                              [N5:V] TPOS 'E' 0 15 198 187 (1033915)
