2026-03-26 15:27:10:677 [OUT] 25 A5 01 0A 31 05 D6 3D FF 00 00 53 ED (13)
                              [N10:HMI] HMILED '=' 255 0 0 (16711680)
2026-03-26 15:27:10:699 [OUT] 25 A5 01 03 31 02 D8 3F 4E CE (10)
                              [N3:X] INTERRUPT '?'
2026-03-26 15:27:11:000 [IN ] C8 24 0A 0D 25 A5 0A 01 31 05 D6 3A FF 00 00 50 EA 93 C8 24 03 0C 25 A5 03 01 31 04 D8 3A 01 01 4D 6A EA (35)
                              [N10:HMI] HMILED ':' 255 0 0 (16711680)
                              [N3:X] INTERRUPT ':' 1 1 (257)
2026-03-26 15:27:11:021 [OUT] 25 A5 01 09 31 03 C9 3D 09 4D 1C (11)
                              [N9:P] LFLAG '=' 9 (9)
2026-03-26 15:27:11:044 [OUT] 25 A5 01 04 31 02 D8 3F 4F D3 (10)
                              [N4:Y] INTERRUPT '?'
2026-03-26 15:27:11:345 [IN ] C8 24 09 0B 25 A5 09 01 31 03 C9 3A 09 4A 1E 6A C8 24 04 0C 25 A5 04 01 31 04 D8 3A 01 01 4E 72 EA (33)
                              [N9:P] LFLAG ':' 9 (9)
                              [N4:Y] INTERRUPT ':' 1 1 (257)
2026-03-26 15:27:11:366 [OUT] 25 A5 01 09 31 03 CA 3D 09 4E 1F (11)
                              [N9:P] RFLAG '=' 9 (9)
2026-03-26 15:27:11:389 [OUT] 25 A5 01 0C 31 02 D8 3F 57 FB (10)
                              [N12:Z] INTERRUPT '?'
2026-03-26 15:27:11:692 [IN ] C8 24 09 0B 25 A5 09 01 31 03 CA 3A 09 4B 21 72 C8 24 0C 0C 25 A5 0C 01 31 04 D8 3A 01 01 56 B2 EA (33)
                              [N9:P] RFLAG ':' 9 (9)
                              [N12:Z] INTERRUPT ':' 1 1 (257)
2026-03-26 15:27:11:714 [OUT] 25 A5 01 08 31 03 C9 3D 09 4C 16 (11)
                              [N8:R] LFLAG '=' 9 (9)
2026-03-26 15:27:11:736 [OUT] 25 A5 01 03 31 03 C9 3D 0B 49 FA (11)
                              [N3:X] LFLAG '=' 11 (11)
2026-03-26 15:27:11:757 [OUT] 25 A5 01 04 31 03 C9 3D 0B 4A 00 (11)
                              [N4:Y] LFLAG '=' 11 (11)
2026-03-26 15:27:11:779 [OUT] 25 A5 01 0C 31 03 C9 3D 0B 52 30 (11)
                              [N12:Z] LFLAG '=' 11 (11)
2026-03-26 15:27:11:884 [IN ] C8 24 08 0B 25 A5 08 01 31 03 C9 3A 09 49 17 B2 (16)
                              [N8:R] LFLAG ':' 9 (9)
2026-03-26 15:27:11:907 [OUT] 25 A5 01 08 31 03 CA 3D 09 4D 19 (11)
                              [N8:R] RFLAG '=' 9 (9)
2026-03-26 15:27:11:990 [IN ] C8 24 (2)
2026-03-26 15:27:12:012 [IN ] 03 0B 25 A5 03 01 31 03 C9 3A 0B 46 F6 B2 (14)
                              [N3:X] LFLAG ':' 11 (11)
2026-03-26 15:27:12:034 [OUT] 25 A5 01 03 31 03 88 00 50 10 02 (11)
                              [N3:X] RUN 0 80 (80)
2026-03-26 15:27:12:097 [IN ] C8 24 04 0B 25 A5 04 01 31 03 C9 3A 0B 47 FD B2 (16)
                              [N4:Y] LFLAG ':' 11 (11)
2026-03-26 15:27:12:119 [OUT] 25 A5 01 04 31 03 88 00 50 11 08 (11)
                              [N4:Y] RUN 0 80 (80)
2026-03-26 15:27:12:204 [IN ] C8 24 0C 0B 25 A5 0C 01 31 03 C9 3A 0B 4F 35 B2 (16)
                              [N12:Z] LFLAG ':' 11 (11)
2026-03-26 15:27:12:225 [OUT] 25 A5 01 0C 31 03 88 00 50 19 38 (11)
                              [N12:Z] RUN 0 80 (80)
2026-03-26 15:27:12:331 [IN ] C8 24 08 0B 25 A5 08 01 31 03 CA 3A 09 4A 1A B2 (16)
                              [N8:R] RFLAG ':' 9 (9)
2026-03-26 15:27:12:437 [IN ] C8 24 03 0C 25 A5 03 01 31 04 88 53 00 50 64 C2 EA (17)
                              [N3:X] RUN 'S' 0 80 (80)
2026-03-26 15:27:12:542 [IN ] C8 24 04 0C 25 A5 04 01 31 04 88 53 00 50 65 CA EA (17)
                              [N4:Y] RUN 'S' 0 80 (80)
2026-03-26 15:27:12:670 [IN ] C8 24 0C 0C 25 A5 0C 01 31 04 88 53 00 50 6D 0A EA (17)
                              [N12:Z] RUN 'S' 0 80 (80)
2026-03-26 15:27:19:896 [IN ] C8 24 04 0B 25 A5 04 01 31 03 81 5A 4C 60 A6 0A C8 24 04 0A 25 A5 04 01 31 02 81 49 02 32 A6 (31)
                              [N4:Y] TPOS 'Z' 76 (76)
                              [N4:Y] TPOS 'I'
2026-03-26 15:27:20:123 [OUT] 25 A5 01 09 31 02 D8 3F 54 EC (10)
                              [N9:P] INTERRUPT '?'
2026-03-26 15:27:20:424 [IN ] C8 24 09 0C 25 A5 09 01 31 04 D8 3A 01 01 53 9A EA (17)
                              [N9:P] INTERRUPT ':' 1 1 (257)
2026-03-26 15:27:20:445 [OUT] 25 A5 01 04 31 03 C9 3D 09 48 FE (11)
                              [N4:Y] LFLAG '=' 9 (9)
2026-03-26 15:27:20:467 [OUT] 25 A5 01 07 31 02 D8 3F 52 E2 (10)
                              [N7:N] INTERRUPT '?'
2026-03-26 15:27:20:769 [IN ] C8 24 04 0B 25 A5 04 01 31 03 C9 3A 09 45 FB 9A C8 24 07 0C 25 A5 07 01 31 04 D8 3A 01 01 51 8A EA (33)
                              [N4:Y] LFLAG ':' 9 (9)
                              [N7:N] INTERRUPT ':' 1 1 (257)
2026-03-26 15:27:20:792 [OUT] 25 A5 01 09 31 03 C9 3D 0B 4F 1E (11)
                              [N9:P] LFLAG '=' 11 (11)
2026-03-26 15:27:20:813 [OUT] 25 A5 01 07 31 03 C9 3D 0B 4D 12 (11)
                              [N7:N] LFLAG '=' 11 (11)
2026-03-26 15:27:20:980 [IN ] C8 24 09 0B 25 A5 09 01 31 03 C9 3A 0B 4C 20 8A (16)
                              [N9:P] LFLAG ':' 11 (11)
2026-03-26 15:27:21:002 [OUT] 25 A5 01 09 31 03 88 00 50 16 26 (11)
                              [N9:P] RUN 0 80 (80)
2026-03-26 15:27:21:066 [IN ] C8 24 07 0B 25 A5 07 01 31 03 C9 3A 0B 4A 12 8A (16)
                              [N7:N] LFLAG ':' 11 (11)
2026-03-26 15:27:21:089 [OUT] 25 A5 01 07 31 03 88 00 50 14 1A (11)
                              [N7:N] RUN 0 80 (80)
2026-03-26 15:27:21:192 [IN ] C8 24 09 0C 25 A5 09 01 31 04 88 53 00 50 6A F2 EA (17)
                              [N9:P] RUN 'S' 0 80 (80)
2026-03-26 15:27:21:255 [IN ] C8 24 09 0B 25 A5 09 01 31 03 81 5A 4C 65 C9 F2 (16)
                              [N9:P] TPOS 'Z' 76 (76)
2026-03-26 15:27:21:299 [IN ] C8 24 07 0C 25 A5 07 01 31 04 88 53 00 50 68 E2 EA C8 24 09 0A 25 A5 09 01 31 02 81 49 07 50 68 (32)
                              [N7:N] RUN 'S' 0 80 (80)
                              [N9:P] TPOS 'I'
2026-03-26 15:27:21:523 [OUT] 25 A5 01 09 31 03 C9 3D 09 4D 1C (11)
                              [N9:P] LFLAG '=' 9 (9)
2026-03-26 15:27:21:546 [OUT] 25 A5 01 04 31 05 81 FF EE 88 01 32 FA (13)
                              [N4:Y] TPOS 255 238 136 1 (-1144831)
2026-03-26 15:27:21:694 [IN ] C8 24 09 0B 25 A5 09 01 31 03 C9 3A 09 4A 1E E2 (16)
                              [N9:P] LFLAG ':' 9 (9)
2026-03-26 15:27:21:819 [IN ] C8 24 04 0E 25 A5 04 01 31 06 81 53 00 00 00 00 10 88 FF (19)
                              [N4:Y] TPOS 'S' 0 0 0 0 (0)
2026-03-26 15:27:22:827 [IN ] C8 24 03 0B 25 A5 03 01 31 03 81 5A 4C 5F 9F 00 C8 24 03 0A 25 A5 03 01 31 02 81 49 01 2C 9F (31)
                              [N3:X] TPOS 'Z' 76 (76)
                              [N3:X] TPOS 'I'
2026-03-26 15:27:23:050 [OUT] 25 A5 01 03 31 03 C9 3D 09 47 F8 (11)
                              [N3:X] LFLAG '=' 9 (9)
2026-03-26 15:27:23:219 [IN ] C8 24 03 0B 25 A5 03 01 31 03 C9 3A 09 44 F4 00 (16)
                              [N3:X] LFLAG ':' 9 (9)
2026-03-26 15:27:25:027 [IN ] C8 24 07 0B 25 A5 07 01 31 03 81 5A 4C 63 BB 00 C8 24 07 0A 25 A5 07 01 31 02 81 49 05 44 BB (31)
                              [N7:N] TPOS 'Z' 76 (76)
                              [N7:N] TPOS 'I'
2026-03-26 15:27:25:250 [OUT] 25 A5 01 07 31 03 C9 3D 09 4B 10 (11)
                              [N7:N] LFLAG '=' 9 (9)
2026-03-26 15:27:25:417 [IN ] C8 24 07 0B 25 A5 07 01 31 03 C9 3A 09 48 10 00 (16)
                              [N7:N] LFLAG ':' 9 (9)
2026-03-26 15:27:28:028 [IN ] C8 24 0C 0B 25 A5 0C 01 31 03 81 5A 4C 68 DE 00 C8 24 0C 0A 25 A5 0C 01 31 02 81 49 0A 62 DE C8 24 04 0E 25 A5 04 01 31 06 81 45 FF EE 85 C2 36 D4 FF (50)
                              [N12:Z] TPOS 'Z' 76 (76)
                              [N12:Z] TPOS 'I'
                              [N4:Y] TPOS 'E' 255 238 133 194 (-1145406)
2026-03-26 15:27:28:252 [OUT] 25 A5 01 0C 31 03 C9 3D 09 50 2E (11)
                              [N12:Z] LFLAG '=' 9 (9)
2026-03-26 15:27:28:274 [OUT] 25 A5 01 09 31 05 81 FF E7 5D 56 5A 0C (13)
                              [N9:P] TPOS 255 231 93 86 (-1614506)
2026-03-26 15:27:28:297 [OUT] 25 A5 01 04 31 05 81 FF FD 50 01 09 B7 (13)
                              [N4:Y] TPOS 255 253 80 1 (-176127)
2026-03-26 15:27:28:319 [OUT] 25 A5 01 07 31 05 81 FF AB 19 75 F7 DF (13)
                              [N7:N] TPOS 255 171 25 117 (-5564043)
2026-03-26 15:27:28:343 [OUT] 25 A5 01 03 31 05 81 FF EC 4A AB 9B 1A (13)
                              [N3:X] TPOS 255 236 74 171 (-1291605)
2026-03-26 15:27:28:366 [OUT] 25 A5 01 06 31 02 D8 3F 51 DD (10)
                              [N6:H] INTERRUPT '?'
2026-03-26 15:27:28:667 [IN ] C8 24 0C 0B 25 A5 0C 01 31 03 C9 3A 09 4D 33 C2 C8 24 09 0E 25 A5 09 01 31 06 81 53 FF FF FF FE 10 AF FF (35)
                              [N12:Z] LFLAG ':' 9 (9)
                              [N9:P] TPOS 'S' 255 255 255 254 (-2)
2026-03-26 15:27:28:969 [IN ] C8 24 04 0E 25 A5 04 01 31 06 81 53 FF EE 85 C2 44 1A FF C8 24 07 0E 25 A5 07 01 31 06 81 53 FF FF FF EE FE 8B FF C8 24 03 0E 25 A5 03 01 31 06 81 53 00 00 00 00 0F 7E FF (57)
                              [N4:Y] TPOS 'S' 255 238 133 194 (-1145406)
                              [N7:N] TPOS 'S' 255 255 255 238 (-18)
                              [N3:X] TPOS 'S' 0 0 0 0 (0)
2026-03-26 15:27:29:270 [IN ] C8 24 06 0C 25 A5 06 01 31 04 D8 3A 01 01 50 82 0F (17)
                              [N6:H] INTERRUPT ':' 1 1 (257)
2026-03-26 15:27:29:291 [OUT] 25 A5 01 0C 31 05 81 FF BC D0 00 4F 33 (13)
                              [N12:Z] TPOS 255 188 208 0 (-4403200)
2026-03-26 15:27:29:313 [OUT] 25 A5 01 06 31 03 C9 3D 0B 4C 0C (11)
                              [N6:H] LFLAG '=' 11 (11)
2026-03-26 15:27:29:480 [IN ] C8 24 0C 0E 25 A5 0C 01 31 06 81 53 FF FF FF A1 B6 70 FF (19)
                              [N12:Z] TPOS 'S' 255 255 255 161 (-95)
2026-03-26 15:27:29:587 [IN ] C8 24 06 0B 25 A5 06 01 31 03 C9 3A 0B 49 0B A1 (16)
                              [N6:H] LFLAG ':' 11 (11)
2026-03-26 15:27:29:611 [OUT] 25 A5 01 06 31 03 88 FF B0 72 72 (11)
                              [N6:H] RUN 255 176 (-80)
2026-03-26 15:27:29:780 [IN ] C8 24 06 0C 25 A5 06 01 31 04 88 53 FF B0 C6 38 B6 (17)
                              [N6:H] RUN 'S' 255 176 (-80)
2026-03-26 15:27:33:593 [IN ] C8 24 06 0B 25 A5 06 01 31 03 81 5A 4C 62 B4 38 C8 24 06 0A 25 A5 06 01 31 02 81 49 04 3E B4 (31)
                              [N6:H] TPOS 'Z' 76 (76)
                              [N6:H] TPOS 'I'
2026-03-26 15:27:33:815 [OUT] 25 A5 01 06 31 03 C9 3D 09 4A 0A (11)
                              [N6:H] LFLAG '=' 9 (9)
2026-03-26 15:27:33:984 [IN ] C8 24 06 0B 25 A5 06 01 31 03 C9 3A 09 47 09 38 (16)
                              [N6:H] LFLAG ':' 9 (9)
2026-03-26 15:27:34:006 [OUT] 25 A5 01 06 31 03 84 00 50 0F 08 (11)
                              [N6:H] VEL 0 80 (80)
2026-03-26 15:27:34:171 [IN ] C8 24 06 0C 25 A5 06 01 31 04 84 53 00 50 63 CA B6 (17)
                              [N6:H] VEL 'S' 0 80 (80)
2026-03-26 15:27:34:193 [OUT] 25 A5 01 06 31 05 81 00 19 82 3C 95 BE (13)
                              [N6:H] TPOS 0 25 130 60 (1671740)
2026-03-26 15:27:34:401 [IN ] C8 24 06 0E 25 A5 06 01 31 06 81 53 00 00 00 01 13 9D FF (19)
                              [N6:H] TPOS 'S' 0 0 0 1 (1)
2026-03-26 15:27:36:808 [IN ] C8 24 03 0E 25 A5 03 01 31 06 81 45 FF EC 49 D3 08 5D FF (19)
                              [N3:X] TPOS 'E' 255 236 73 211 (-1291821)
2026-03-26 15:27:37:213 [IN ] C8 24 09 0E 25 A5 09 01 31 06 81 45 FF E7 5B 9C E4 77 FF (19)
                              [N9:P] TPOS 'E' 255 231 91 156 (-1614948)
2026-03-26 15:27:37:235 [OUT] 25 A5 01 03 31 05 81 FF FD 50 01 08 AF (13)
                              [N3:X] TPOS 255 253 80 1 (-176127)
2026-03-26 15:27:37:280 [OUT] 25 A5 01 09 31 05 81 FF FF D9 C8 60 BE (13)
                              [N9:P] TPOS 255 255 217 200 (-9784)
2026-03-26 15:27:37:425 [IN ] C8 24 03 0E 25 A5 03 01 31 06 81 53 FF EC 49 D3 16 A3 FF (19)
                              [N3:X] TPOS 'S' 255 236 73 211 (-1291821)
2026-03-26 15:27:37:551 [IN ] C8 24 (2)
2026-03-26 15:27:37:572 [IN ] 09 0E 25 A5 09 01 31 06 81 53 FF E7 5B A3 F9 C4 FF (17)
                              [N9:P] TPOS 'S' 255 231 91 163 (-1614941)
2026-03-26 15:27:38:376 [IN ] C8 24 04 0E 25 A5 04 01 31 06 81 45 FF FD 4F 78 C5 4B FF (19)
                              [N4:Y] TPOS 'E' 255 253 79 120 (-176264)
2026-03-26 15:27:41:791 [IN ] C8 24 06 0E 25 A5 06 01 31 06 81 45 00 19 84 7F 20 28 FF (19)
                              [N6:H] TPOS 'E' 0 25 132 127 (1672319)
2026-03-26 15:27:42:216 [OUT] 25 A5 01 06 31 05 81 00 0D 03 C1 8F 21 (13)
                              [N6:H] TPOS 0 13 3 193 (852929)
2026-03-26 15:27:42:404 [IN ] C8 24 06 0E 25 A5 06 01 31 06 81 53 00 19 84 7F 2E 6E FF (19)
                              [N6:H] TPOS 'S' 0 25 132 127 (1672319)
2026-03-26 15:27:46:218 [IN ] C8 24 06 0E 25 A5 06 01 31 06 81 45 00 0C FE D0 DE 46 FF C8 24 09 0E 25 A5 09 01 31 06 81 45 FF FF DB 69 49 8C FF (38)
                              [N6:H] TPOS 'E' 0 12 254 208 (851664)
                              [N9:P] TPOS 'E' 255 255 219 105 (-9367)
2026-03-26 15:27:46:440 [OUT] 25 A5 01 05 31 02 D8 3F 50 D8 (10)
                              [N5:V] INTERRUPT '?'
2026-03-26 15:27:46:742 [IN ] C8 24 05 0C 25 A5 05 01 31 04 D8 3A 01 01 4F 7A 49 (17)
                              [N5:V] INTERRUPT ':' 1 1 (257)
2026-03-26 15:27:46:764 [OUT] 25 A5 01 05 31 03 C9 3D 0B 4B 06 (11)
                              [N5:V] LFLAG '=' 11 (11)
2026-03-26 15:27:46:786 [OUT] 25 A5 01 08 31 02 D8 3F 53 E7 (10)
                              [N8:R] INTERRUPT '?'
2026-03-26 15:27:47:087 [IN ] C8 24 05 0B 25 A5 05 01 31 03 C9 3A 0B 48 04 7A C8 24 08 0C 25 A5 08 01 31 04 D8 3A 01 01 52 92 49 (33)
                              [N5:V] LFLAG ':' 11 (11)
                              [N8:R] INTERRUPT ':' 1 1 (257)
2026-03-26 15:27:47:108 [OUT] 25 A5 01 05 31 03 88 FF B0 71 6C (11)
                              [N5:V] RUN 255 176 (-80)
2026-03-26 15:27:47:131 [OUT] 25 A5 01 08 31 03 CA 3D 0B 4F 1B (11)
                              [N8:R] RFLAG '=' 11 (11)
2026-03-26 15:27:47:279 [IN ] C8 24 05 0C 25 A5 05 01 31 04 88 53 FF B0 C5 30 49 (17)
                              [N5:V] RUN 'S' 255 176 (-80)
2026-03-26 15:27:47:364 [IN ] C8 24 03 0E 25 A5 03 01 31 06 81 45 FF FD 4F 65 B1 2E FF (19)
                              [N3:X] TPOS 'E' 255 253 79 101 (-176283)
2026-03-26 15:27:47:386 [IN ] C8 24 08 0B 25 A5 08 01 31 03 CA 3A 0B 4C 1C 65 (16)
                              [N8:R] RFLAG ':' 11 (11)
2026-03-26 15:27:47:408 [OUT] 25 A5 01 08 31 03 88 00 50 15 20 (11)
                              [N8:R] RUN 0 80 (80)
2026-03-26 15:27:47:577 [IN ] C8 24 08 0C 25 A5 08 01 31 04 88 53 00 50 69 EA B1 (17)
                              [N8:R] RUN 'S' 0 80 (80)
2026-03-26 15:27:51:191 [IN ] C8 24 0C 0E 25 A5 0C 01 31 06 81 45 FF BC CD A4 36 00 FF (19)
                              [N12:Z] TPOS 'E' 255 188 205 164 (-4403804)
2026-03-26 15:27:51:619 [OUT] 25 A5 01 0C 31 05 81 FF D1 1A 67 15 6D (13)
                              [N12:Z] TPOS 255 209 26 103 (-3073433)
2026-03-26 15:27:51:807 [IN ] C8 24 0C 0E 25 A5 0C 01 31 06 81 53 FF BC CD AA 4A 4C FF (19)
                              [N12:Z] TPOS 'S' 255 188 205 170 (-4403798)
2026-03-26 15:27:52:009 [IN ] C8 24 05 0B 25 A5 05 01 31 03 81 5A 4C 61 AD AA C8 24 05 0A 25 A5 05 01 31 02 81 49 03 38 AD (31)
                              [N5:V] TPOS 'Z' 76 (76)
                              [N5:V] TPOS 'I'
2026-03-26 15:27:52:232 [OUT] 25 A5 01 05 31 03 C9 3D 09 49 04 (11)
                              [N5:V] LFLAG '=' 9 (9)
2026-03-26 15:27:52:401 [IN ] C8 24 05 0B 25 A5 05 01 31 03 C9 3A 09 46 02 AA (16)
                              [N5:V] LFLAG ':' 9 (9)
2026-03-26 15:27:52:423 [OUT] 25 A5 01 05 31 03 84 00 50 0E 02 (11)
                              [N5:V] VEL 0 80 (80)
2026-03-26 15:27:52:590 [IN ] C8 24 05 0C 25 A5 05 01 31 04 84 53 00 50 62 C2 4A (17)
                              [N5:V] VEL 'S' 0 80 (80)
2026-03-26 15:27:52:612 [OUT] 25 A5 01 05 31 05 81 00 19 82 3C 94 B6 (13)
                              [N5:V] TPOS 0 25 130 60 (1671740)
2026-03-26 15:27:52:780 [IN ] C8 24 05 0E 25 A5 05 01 31 06 81 53 00 00 00 00 11 92 FF (19)
                              [N5:V] TPOS 'S' 0 0 0 0 (0)
2026-03-26 15:27:53:184 [IN ] C8 24 07 0E 25 A5 07 01 31 06 81 45 FF AB 14 F0 B3 75 FF (19)
                              [N7:N] TPOS 'E' 255 171 20 240 (-5565200)
2026-03-26 15:27:53:608 [OUT] 25 A5 01 07 31 05 81 FF F3 35 BF A5 39 (13)
                              [N7:N] TPOS 255 243 53 191 (-838209)
2026-03-26 15:27:53:816 [IN ] C8 24 07 0E 25 A5 07 01 31 06 81 53 FF AB 14 F4 C5 BF FF (19)
                              [N7:N] TPOS 'S' 255 171 20 244 (-5565196)
2026-03-26 15:27:56:426 [IN ] C8 24 08 0B 25 A5 08 01 31 03 81 5A 52 6A C8 F4 (16)
                              [N8:R] TPOS 'Z' 82 (82)
2026-03-26 15:27:56:628 [IN ] C8 24 08 0A 25 A5 08 01 31 02 81 49 06 4A C8 (15)
                              [N8:R] TPOS 'I'
2026-03-26 15:27:56:851 [OUT] 25 A5 01 08 31 03 CA 3D 09 4D 19 (11)
                              [N8:R] RFLAG '=' 9 (9)
2026-03-26 15:27:57:020 [IN ] C8 24 08 0B 25 A5 08 01 31 03 CA 3A 09 4A 1A F4 (16)
                              [N8:R] RFLAG ':' 9 (9)
2026-03-26 15:27:57:043 [OUT] 25 A5 01 08 31 05 81 FF DC 77 1D 2F DE (13)
                              [N8:R] TPOS 255 220 119 29 (-2328803)
2026-03-26 15:27:57:231 [IN ] C8 24 08 0E 25 A5 08 01 31 06 81 53 FF FF FF E9 FA (17)
2026-03-26 15:27:57:252 [IN ] 90 FF (2)
                              [N8:R] TPOS 'S' 255 255 255 233 (-23)
2026-03-26 15:27:58:457 [IN ] C8 24 0C 0E 25 A5 0C 01 31 06 81 45 FF D1 1D DA D1 15 FF (19)
                              [N12:Z] TPOS 'E' 255 209 29 218 (-3072550)
2026-03-26 15:28:00:465 [IN ] C8 24 05 0E 25 A5 05 01 31 06 81 45 00 19 86 8B 2D 2E FF (19)
                              [N5:V] TPOS 'E' 0 25 134 139 (1672843)
2026-03-26 15:28:00:891 [OUT] 25 A5 01 05 31 05 81 00 0D 03 C1 8E 19 (13)
                              [N5:V] TPOS 0 13 3 193 (852929)
2026-03-26 15:28:01:080 [IN ] C8 24 05 0E 25 A5 05 01 31 06 81 53 00 19 86 8B 3B 74 FF (19)
                              [N5:V] TPOS 'S' 0 25 134 139 (1672843)
2026-03-26 15:28:05:897 [IN ] C8 24 05 0E 25 A5 05 01 31 06 81 45 00 0D 01 F8 09 6D FF (19)
                              [N5:V] TPOS 'E' 0 13 1 248 (852472)
2026-03-26 15:28:06:121 [OUT] 25 A5 01 03 31 05 81 FF ED B1 30 88 70 (13)
                              [N3:X] TPOS 255 237 177 48 (-1199824)
2026-03-26 15:28:06:143 [OUT] 25 A5 01 04 31 05 81 FF F3 BD 0C 77 7E (13)
                              [N4:Y] TPOS 255 243 189 12 (-803572)
2026-03-26 15:28:06:290 [IN ] C8 24 03 0E 25 (5)
2026-03-26 15:28:06:312 [IN ] A5 03 01 31 06 81 53 FF FD 4F 64 BE 73 FF (14)
                              [N3:X] TPOS 'S' 255 253 79 100 (-176284)
2026-03-26 15:28:06:440 [IN ] C8 24 04 0E 25 A5 04 01 31 06 81 53 FF FD 4F 78 D3 91 FF (19)
                              [N4:Y] TPOS 'S' 255 253 79 120 (-176264)
2026-03-26 15:28:09:854 [IN ] C8 24 04 0E 25 A5 04 01 31 06 81 45 FF F3 BB 1A C9 A7 FF (19)
                              [N4:Y] TPOS 'E' 255 243 187 26 (-804070)
2026-03-26 15:28:11:058 [IN ] C8 24 08 0E 25 A5 08 01 31 06 81 45 FF DC 75 2C 82 10 FF (19)
                              [N8:R] TPOS 'E' 255 220 117 44 (-2329300)
2026-03-26 15:28:11:483 [OUT] 25 A5 01 08 31 05 81 FF EE 15 56 18 89 (13)
                              [N8:R] TPOS 255 238 21 86 (-1174186)
2026-03-26 15:28:11:670 [IN ] C8 24 08 0E 25 A5 08 01 31 06 81 53 FF DC 75 34 98 5E FF (19)
                              [N8:R] TPOS 'S' 255 220 117 52 (-2329292)
2026-03-26 15:28:12:473 [IN ] C8 24 03 0E 25 A5 03 01 31 06 81 45 FF ED AF BA 56 13 FF (19)
                              [N3:X] TPOS 'E' 255 237 175 186 (-1200198)
2026-03-26 15:28:14:483 [IN ] C8 24 07 0E 25 A5 07 01 31 06 81 45 FF F3 3A 8F C0 38 FF (19)
                              [N7:N] TPOS 'E' 255 243 58 143 (-836977)
2026-03-26 15:28:19:701 [IN ] C8 24 08 0E 25 A5 08 01 31 06 81 45 FF EE 15 34 3C 8E FF (19)
                              [N8:R] TPOS 'E' 255 238 21 52 (-1174220)
