2026-01-07 13:18:58:719 [OUT] 25 A5 01 0A 31 05 D6 3D FF 00 00 53 ED (13)
                              [N10:HMI] HMILED '=' 255 0 0 (16711680)
2026-01-07 13:18:58:741 [OUT] 25 A5 01 03 31 02 D8 3F 4E CE (10)
                              [N3:X] INTERRUPT '?'
2026-01-07 13:18:58:742 [IN ] C8 24 0B 0A 25 A5 0B 01 31 02 DE 00 1D CD 5F (15)
                              [N11:NG] NGSWSTATE 0 (0)
2026-01-07 13:18:59:043 [IN ] C8 24 0A 0D 25 A5 0A 01 31 05 D6 3A FF 00 00 50 EA 0D C8 24 03 0C 25 A5 03 01 31 04 D8 3A 01 01 4D 6A EA (35)
                              [N10:HMI] HMILED ':' 255 0 0 (16711680)
                              [N3:X] INTERRUPT ':' 1 1 (257)
2026-01-07 13:18:59:065 [OUT] 25 A5 01 09 31 03 C9 3D 09 4D 1C (11)
                              [N9:P] LFLAG '=' 9 (9)
2026-01-07 13:18:59:087 [OUT] 25 A5 01 04 31 02 D8 3F 4F D3 (10)
                              [N4:Y] INTERRUPT '?'
2026-01-07 13:18:59:388 [IN ] C8 24 09 0B 25 A5 09 01 31 03 C9 3A 09 4A 1E 6A C8 24 04 0C 25 A5 04 01 31 04 D8 3A 01 01 4E 72 EA (33)
                              [N9:P] LFLAG ':' 9 (9)
                              [N4:Y] INTERRUPT ':' 1 1 (257)
2026-01-07 13:18:59:409 [OUT] 25 A5 01 09 31 03 CA 3D 09 4E 1F (11)
                              [N9:P] RFLAG '=' 9 (9)
2026-01-07 13:18:59:431 [OUT] 25 A5 01 0C 31 02 D8 3F 57 FB (10)
                              [N12:Z] INTERRUPT '?'
2026-01-07 13:18:59:732 [IN ] C8 24 09 0B 25 A5 09 01 31 03 CA 3A 09 4B 21 72 C8 24 0C 0C 25 A5 0C 01 31 04 D8 3A 01 01 56 B2 EA C8 24 0B 0A 25 A5 0B 01 31 02 DE 00 1D CD 56 (48)
                              [N9:P] RFLAG ':' 9 (9)
                              [N12:Z] INTERRUPT ':' 1 1 (257)
                              [N11:NG] NGSWSTATE 0 (0)
2026-01-07 13:18:59:753 [OUT] 25 A5 01 08 31 03 C9 3D 09 4C 16 (11)
                              [N8:R] LFLAG '=' 9 (9)
2026-01-07 13:18:59:775 [OUT] 25 A5 01 03 31 03 C9 3D 0B 49 FA (11)
                              [N3:X] LFLAG '=' 11 (11)
2026-01-07 13:18:59:797 [OUT] 25 A5 01 04 31 03 C9 3D 0B 4A 00 (11)
                              [N4:Y] LFLAG '=' 11 (11)
2026-01-07 13:18:59:819 [OUT] 25 A5 01 0C 31 03 C9 3D 0B 52 30 (11)
                              [N12:Z] LFLAG '=' 11 (11)
2026-01-07 13:18:59:923 [IN ] C8 24 08 0B 25 A5 08 01 31 03 C9 3A 09 49 17 B2 (16)
                              [N8:R] LFLAG ':' 9 (9)
2026-01-07 13:18:59:944 [OUT] 25 A5 01 08 31 03 CA 3D 09 4D 19 (11)
                              [N8:R] RFLAG '=' 9 (9)
2026-01-07 13:19:00:029 [IN ] C8 24 03 0B 25 A5 03 01 31 03 C9 3A 0B 46 F6 B2 (16)
                              [N3:X] LFLAG ':' 11 (11)
2026-01-07 13:19:00:050 [OUT] 25 A5 01 03 31 03 88 00 50 10 02 (11)
                              [N3:X] RUN 0 80 (80)
2026-01-07 13:19:00:156 [IN ] C8 24 04 0B 25 A5 04 01 31 03 C9 3A 0B 47 FD B2 (16)
                              [N4:Y] LFLAG ':' 11 (11)
2026-01-07 13:19:00:177 [OUT] 25 A5 01 04 31 03 88 00 50 11 08 (11)
                              [N4:Y] RUN 0 80 (80)
2026-01-07 13:19:00:261 [IN ] C8 24 0C 0B 25 A5 0C 01 31 03 C9 3A 0B 4F 35 B2 (16)
                              [N12:Z] LFLAG ':' 11 (11)
2026-01-07 13:19:00:282 [OUT] 25 A5 01 0C 31 03 88 00 50 19 38 (11)
                              [N12:Z] RUN 0 80 (80)
2026-01-07 13:19:00:366 [IN ] C8 24 08 0B 25 A5 08 01 31 03 CA 3A 09 4A 1A B2 (16)
                              [N8:R] RFLAG ':' 9 (9)
2026-01-07 13:19:00:471 [IN ] C8 24 03 0C 25 A5 03 01 31 04 88 53 00 50 64 C2 EA (17)
                              [N3:X] RUN 'S' 0 80 (80)
2026-01-07 13:19:00:577 [IN ] C8 24 04 0C 25 A5 04 01 31 04 88 53 00 50 65 CA EA (17)
                              [N4:Y] RUN 'S' 0 80 (80)
2026-01-07 13:19:00:681 [IN ] C8 24 0C 0C 25 A5 0C 01 31 04 88 53 00 50 6D 0A EA (17)
                              [N12:Z] RUN 'S' 0 80 (80)
2026-01-07 13:19:00:884 [IN ] C8 24 0B 0A 25 A5 0B 01 31 02 DE 00 1D CD 6D C8 24 04 0B 25 A5 04 01 31 03 81 5A 4C 60 A6 0A C8 24 04 0A 25 A5 04 01 31 02 81 49 02 32 A6 (46)
                              [N11:NG] NGSWSTATE 0 (0)
                              [N4:Y] TPOS 'Z' 76 (76)
                              [N4:Y] TPOS 'I'
2026-01-07 13:19:01:107 [OUT] 25 A5 01 09 31 02 D8 3F 54 EC (10)
                              [N9:P] INTERRUPT '?'
2026-01-07 13:19:01:408 [IN ] C8 24 09 0C 25 A5 09 01 31 04 D8 3A 01 01 53 9A EA (17)
                              [N9:P] INTERRUPT ':' 1 1 (257)
2026-01-07 13:19:01:429 [OUT] 25 A5 01 04 31 03 C9 3D 09 48 FE (11)
                              [N4:Y] LFLAG '=' 9 (9)
2026-01-07 13:19:01:452 [OUT] 25 A5 01 07 31 02 D8 3F 52 E2 (10)
                              [N7:N] INTERRUPT '?'
2026-01-07 13:19:01:754 [IN ] C8 24 04 0B 25 A5 04 01 31 03 C9 3A 09 45 FB 9A C8 24 07 0C 25 A5 07 01 31 04 D8 3A 01 01 51 8A EA C8 24 0B 0A 25 A5 0B 01 31 02 DE 00 1D CD 51 (48)
                              [N4:Y] LFLAG ':' 9 (9)
                              [N7:N] INTERRUPT ':' 1 1 (257)
                              [N11:NG] NGSWSTATE 0 (0)
2026-01-07 13:19:01:775 [OUT] 25 A5 01 09 31 03 C9 3D 0B 4F 1E (11)
                              [N9:P] LFLAG '=' 11 (11)
2026-01-07 13:19:01:796 [OUT] 25 A5 01 07 31 03 C9 3D 0B 4D 12 (11)
                              [N7:N] LFLAG '=' 11 (11)
2026-01-07 13:19:01:945 [IN ] C8 24 09 0B 25 A5 09 01 31 03 C9 3A 0B 4C 20 8A (16)
                              [N9:P] LFLAG ':' 11 (11)
2026-01-07 13:19:01:966 [OUT] 25 A5 01 09 31 03 88 00 50 16 26 (11)
                              [N9:P] RUN 0 80 (80)
2026-01-07 13:19:02:052 [IN ] C8 24 07 0B 25 A5 07 01 31 03 C9 3A 0B 4A 12 8A (16)
                              [N7:N] LFLAG ':' 11 (11)
2026-01-07 13:19:02:073 [OUT] 25 A5 01 07 31 03 88 00 50 14 1A (11)
                              [N7:N] RUN 0 80 (80)
2026-01-07 13:19:02:138 [IN ] C8 24 09 0C 25 A5 09 01 31 04 88 53 00 50 6A F2 EA (17)
                              [N9:P] RUN 'S' 0 80 (80)
2026-01-07 13:19:02:263 [IN ] C8 24 07 0C 25 A5 07 01 31 04 88 53 00 50 68 E2 EA (17)
                              [N7:N] RUN 'S' 0 80 (80)
2026-01-07 13:19:02:866 [IN ] C8 24 0B 0A 25 A5 0B 01 31 02 DE 00 1D CD 68 (15)
                              [N11:NG] NGSWSTATE 0 (0)
2026-01-07 13:19:03:871 [IN ] C8 24 0B 0A 25 A5 0B 01 31 02 DE 00 1D CD 68 (15)
                              [N11:NG] NGSWSTATE 0 (0)
2026-01-07 13:19:04:875 [IN ] C8 24 0B 0A 25 A5 0B 01 31 02 DE 00 1D CD 68 (15)
                              [N11:NG] NGSWSTATE 0 (0)
2026-01-07 13:19:05:879 [IN ] C8 24 0B 0A 25 A5 0B 01 31 02 DE 00 1D CD 68 (15)
                              [N11:NG] NGSWSTATE 0 (0)
2026-01-07 13:19:06:883 [IN ] C8 24 0B 0A 25 A5 0B 01 31 02 DE 00 1D CD 68 (15)
                              [N11:NG] NGSWSTATE 0 (0)
2026-01-07 13:19:07:887 [IN ] C8 24 0B 0A 25 A5 0B 01 31 02 DE 00 1D CD 68 (15)
                              [N11:NG] NGSWSTATE 0 (0)
2026-01-07 13:19:08:891 [IN ] C8 24 0B 0A 25 A5 0B 01 31 02 DE 00 1D CD 68 (15)
                              [N11:NG] NGSWSTATE 0 (0)
2026-01-07 13:19:09:496 [IN ] C8 24 09 0B 25 A5 09 01 31 03 81 5A 4C 65 C9 E2 C8 24 09 0A 25 A5 09 01 31 02 81 49 07 50 C9 (31)
                              [N9:P] TPOS 'Z' 76 (76)
                              [N9:P] TPOS 'I'
2026-01-07 13:19:09:722 [OUT] 25 A5 01 09 31 03 C9 3D 09 4D 1C (11)
                              [N9:P] LFLAG '=' 9 (9)
2026-01-07 13:19:09:744 [OUT] 25 A5 01 04 31 05 81 FF EE 88 01 32 FA (13)
                              [N4:Y] TPOS 255 238 136 1 (-1144831)
2026-01-07 13:19:09:765 [IN ] C8 24 07 0B 25 A5 07 01 31 03 81 5A 4C 63 BB E2 (16)
                              [N7:N] TPOS 'Z' 76 (76)
2026-01-07 13:19:09:806 [IN ] C8 24 0B 0A 25 A5 0B 01 31 02 DE 00 1D CD BB (15)
                              [N11:NG] NGSWSTATE 0 (0)
2026-01-07 13:19:09:828 [IN ] C8 24 07 0A 25 A5 07 01 31 02 81 49 05 44 BB (15)
                              [N7:N] TPOS 'I'
2026-01-07 13:19:09:872 [OUT] 25 A5 01 07 31 03 C9 3D 09 4B 10 (11)
                              [N7:N] LFLAG '=' 9 (9)
2026-01-07 13:19:09:893 [IN ] C8 24 09 0B 25 A5 09 01 31 03 C9 3A 09 4A 1E E2 (16)
                              [N9:P] LFLAG ':' 9 (9)
2026-01-07 13:19:10:019 [IN ] C8 24 04 0E 25 A5 04 01 31 06 81 53 00 00 00 00 10 88 0A (19)
                              [N4:Y] TPOS 'S' 0 0 0 0 (0)
2026-01-07 13:19:10:124 [IN ] C8 24 07 0B 25 A5 07 01 31 03 C9 3A 09 48 10 00 (16)
                              [N7:N] LFLAG ':' 9 (9)
2026-01-07 13:19:10:928 [IN ] C8 24 0B 0A 25 A5 0B 01 31 02 DE 00 1D CD 10 (15)
                              [N11:NG] NGSWSTATE 0 (0)
2026-01-07 13:19:11:932 [IN ] C8 24 0B 0A 25 A5 0B 01 31 02 DE 00 1D CD 10 (15)
                              [N11:NG] NGSWSTATE 0 (0)
2026-01-07 13:19:12:938 [IN ] C8 24 0B 0A 25 A5 0B 01 31 02 DE 00 1D CD 10 (15)
                              [N11:NG] NGSWSTATE 0 (0)
2026-01-07 13:19:13:943 [IN ] C8 24 0B 0A 25 A5 0B 01 31 02 DE 00 1D CD 10 (15)
                              [N11:NG] NGSWSTATE 0 (0)
2026-01-07 13:19:14:948 [IN ] C8 24 0B 0A 25 A5 0B 01 31 02 DE 00 1D CD 10 (15)
                              [N11:NG] NGSWSTATE 0 (0)
2026-01-07 13:19:15:150 [IN ] C8 24 0C 0B 25 A5 0C 01 31 03 81 5A 4C 68 DE 00 C8 24 0C 0A 25 A5 0C 01 31 02 81 49 0A 62 DE (31)
                              [N12:Z] TPOS 'Z' 76 (76)
                              [N12:Z] TPOS 'I'
2026-01-07 13:19:15:373 [OUT] 25 A5 01 0C 31 03 C9 3D 09 50 2E (11)
                              [N12:Z] LFLAG '=' 9 (9)
2026-01-07 13:19:15:540 [IN ] C8 24 0C 0B 25 A5 0C 01 31 03 C9 3A 09 4D 33 00 (16)
                              [N12:Z] LFLAG ':' 9 (9)
2026-01-07 13:19:15:742 [IN ] C8 24 03 0B 25 A5 03 01 31 03 81 5A 4C 5F 9F 00 C8 24 03 0A 25 A5 03 01 31 02 81 49 01 2C 9F C8 24 04 0E 25 A5 04 01 31 06 81 45 FF EE 85 15 89 27 0A (50)
                              [N3:X] TPOS 'Z' 76 (76)
                              [N3:X] TPOS 'I'
                              [N4:Y] TPOS 'E' 255 238 133 21 (-1145579)
2026-01-07 13:19:15:944 [IN ] C8 24 0B 0A 25 A5 0B 01 31 02 DE 00 1D CD 85 (15)
                              [N11:NG] NGSWSTATE 0 (0)
2026-01-07 13:19:15:966 [OUT] 25 A5 01 03 31 03 C9 3D 09 47 F8 (11)
                              [N3:X] LFLAG '=' 9 (9)
2026-01-07 13:19:15:989 [OUT] 25 A5 01 0C 31 05 81 FF BC D0 00 4F 33 (13)
                              [N12:Z] TPOS 255 188 208 0 (-4403200)
2026-01-07 13:19:16:013 [OUT] 25 A5 01 04 31 05 81 FF FD 50 01 09 B7 (13)
                              [N4:Y] TPOS 255 253 80 1 (-176127)
2026-01-07 13:19:16:035 [OUT] 25 A5 01 09 31 05 81 FF E7 5D 56 5A 0C (13)
                              [N9:P] TPOS 255 231 93 86 (-1614506)
2026-01-07 13:19:16:057 [OUT] 25 A5 01 07 31 05 81 FF AB 19 75 F7 DF (13)
                              [N7:N] TPOS 255 171 25 117 (-5564043)
2026-01-07 13:19:16:079 [OUT] 25 A5 01 06 31 02 D8 3F 51 DD (10)
                              [N6:H] INTERRUPT '?'
2026-01-07 13:19:16:380 [IN ] C8 24 03 0B 25 A5 03 01 31 03 C9 3A 09 44 F4 15 C8 24 0C 0E 25 A5 0C 01 31 06 81 53 FF FF FF 27 3C F6 0A C8 24 (37)
                              [N3:X] LFLAG ':' 9 (9)
                              [N12:Z] TPOS 'S' 255 255 255 39 (-217)
2026-01-07 13:19:16:681 [IN ] 04 0E 25 A5 04 01 31 06 81 53 FF EE 85 15 97 6D 0A C8 24 09 0E 25 A5 09 01 31 06 81 53 FF FF FF F6 08 A7 0A C8 24 07 0E 25 A5 07 01 31 06 81 53 FF FF FF FD 0D 9A 0A (55)
                              [N4:Y] TPOS 'S' 255 238 133 21 (-1145579)
                              [N9:P] TPOS 'S' 255 255 255 246 (-10)
                              [N7:N] TPOS 'S' 255 255 255 253 (-3)
2026-01-07 13:19:16:982 [IN ] C8 24 06 0C 25 A5 06 01 31 04 D8 3A 01 01 50 82 0D C8 24 0B 0A 25 A5 0B 01 31 02 DE 00 1D CD 50 (32)
                              [N6:H] INTERRUPT ':' 1 1 (257)
                              [N11:NG] NGSWSTATE 0 (0)
2026-01-07 13:19:17:003 [OUT] 25 A5 01 03 31 05 81 FF EC 4A AB 9B 1A (13)
                              [N3:X] TPOS 255 236 74 171 (-1291605)
2026-01-07 13:19:17:024 [OUT] 25 A5 01 06 31 03 C9 3D 0B 4C 0C (11)
                              [N6:H] LFLAG '=' 11 (11)
2026-01-07 13:19:17:192 [IN ] C8 24 03 0E 25 A5 03 01 31 06 81 53 00 00 00 (15)
2026-01-07 13:19:17:214 [IN ] 00 0F 7E 0A (4)
                              [N3:X] TPOS 'S' 0 0 0 0 (0)
2026-01-07 13:19:17:300 [IN ] C8 24 06 0B 25 A5 06 01 31 03 C9 3A 0B 49 0B 00 (16)
                              [N6:H] LFLAG ':' 11 (11)
2026-01-07 13:19:17:323 [OUT] 25 A5 01 06 31 03 88 FF B0 72 72 (11)
                              [N6:H] RUN 255 176 (-80)
2026-01-07 13:19:17:491 [IN ] C8 24 06 0C 25 A5 06 01 31 04 88 53 FF B0 C6 38 0F (17)
                              [N6:H] RUN 'S' 255 176 (-80)
2026-01-07 13:19:17:893 [IN ] C8 24 0B 0A 25 A5 0B 01 31 02 DE 00 1D CD C6 (15)
                              [N11:NG] NGSWSTATE 0 (0)
2026-01-07 13:19:18:897 [IN ] C8 24 0B 0A 25 A5 0B 01 31 02 DE 00 1D CD C6 (15)
                              [N11:NG] NGSWSTATE 0 (0)
2026-01-07 13:19:19:902 [IN ] C8 24 0B 0A 25 A5 0B 01 31 02 DE 00 1D CD C6 (15)
                              [N11:NG] NGSWSTATE 0 (0)
2026-01-07 13:19:20:907 [IN ] C8 24 0B 0A 25 A5 0B 01 31 02 DE 00 1D CD C6 (15)
                              [N11:NG] NGSWSTATE 0 (0)
2026-01-07 13:19:21:912 [IN ] C8 24 06 0B 25 A5 06 01 31 03 81 5A 4C 62 B4 38 C8 24 06 0A 25 A5 06 01 31 02 81 49 04 3E B4 C8 24 0B 0A 25 A5 0B 01 31 02 DE 00 1D CD B4 (46)
                              [N6:H] TPOS 'Z' 76 (76)
                              [N6:H] TPOS 'I'
                              [N11:NG] NGSWSTATE 0 (0)
2026-01-07 13:19:22:135 [OUT] 25 A5 01 06 31 03 C9 3D 09 4A 0A (11)
                              [N6:H] LFLAG '=' 9 (9)
2026-01-07 13:19:22:305 [IN ] C8 24 06 0B 25 A5 06 01 31 03 C9 3A 09 47 09 38 (16)
                              [N6:H] LFLAG ':' 9 (9)
2026-01-07 13:19:22:327 [OUT] 25 A5 01 06 31 03 84 00 50 0F 08 (11)
                              [N6:H] VEL 0 80 (80)
2026-01-07 13:19:22:495 [IN ] C8 24 06 0C 25 A5 06 01 31 04 84 53 00 50 63 CA 0F (17)
                              [N6:H] VEL 'S' 0 80 (80)
2026-01-07 13:19:22:516 [OUT] 25 A5 01 06 31 05 81 00 19 82 3C 95 BE (13)
                              [N6:H] TPOS 0 25 130 60 (1671740)
2026-01-07 13:19:22:706 [IN ] C8 24 06 0E 25 A5 06 01 31 06 81 53 00 00 00 01 13 9D 0A (19)
                              [N6:H] TPOS 'S' 0 0 0 1 (1)
2026-01-07 13:19:22:909 [IN ] C8 24 0B 0A 25 A5 0B 01 31 02 DE 00 1D CD 00 (15)
                              [N11:NG] NGSWSTATE 0 (0)
2026-01-07 13:19:23:712 [IN ] C8 24 03 0E 25 A5 03 01 31 06 81 45 FF EC 47 B1 E4 37 0A C8 24 04 0E 25 A5 04 01 31 06 81 45 FF FD 50 08 56 DD 0A (38)
                              [N3:X] TPOS 'E' 255 236 71 177 (-1292367)
                              [N4:Y] TPOS 'E' 255 253 80 8 (-176120)
2026-01-07 13:19:24:117 [IN ] C8 24 0B 0A 25 A5 0B 01 31 02 DE 00 1D CD 50 (15)
                              [N11:NG] NGSWSTATE 0 (0)
2026-01-07 13:19:24:139 [OUT] 25 A5 01 03 31 05 81 FF FD 50 01 08 AF (13)
                              [N3:X] TPOS 255 253 80 1 (-176127)
2026-01-07 13:19:24:327 [IN ] C8 24 03 0E 25 A5 03 01 31 06 81 53 FF EC 47 B1 F2 7D 0A (19)
                              [N3:X] TPOS 'S' 255 236 71 177 (-1292367)
2026-01-07 13:19:24:731 [IN ] C8 24 09 0E 25 A5 09 01 31 06 81 45 FF E7 5A 2A 71 03 0A (19)
                              [N9:P] TPOS 'E' 255 231 90 42 (-1615318)
2026-01-07 13:19:24:933 [IN ] C8 24 0B 0A 25 A5 0B 01 31 02 DE 00 1D CD 5A (15)
                              [N11:NG] NGSWSTATE 0 (0)
2026-01-07 13:19:25:154 [OUT] 25 A5 01 09 31 05 81 FF FF D9 C8 60 BE (13)
                              [N9:P] TPOS 255 255 217 200 (-9784)
2026-01-07 13:19:25:344 [IN ] C8 24 09 0E 25 A5 09 01 31 06 81 53 FF E7 5A 2B 80 4A 0A (19)
                              [N9:P] TPOS 'S' 255 231 90 43 (-1615317)
2026-01-07 13:19:25:946 [IN ] C8 24 0B 0A 25 A5 0B 01 31 02 DE 00 1D CD 5A (15)
                              [N11:NG] NGSWSTATE 0 (0)
2026-01-07 13:19:26:951 [IN ] C8 24 0B 0A 25 A5 0B 01 31 02 DE 00 1D CD 5A (15)
                              [N11:NG] NGSWSTATE 0 (0)
2026-01-07 13:19:27:953 [IN ] C8 24 0B 0A 25 A5 0B 01 31 02 DE 00 1D CD 5A (15)
                              [N11:NG] NGSWSTATE 0 (0)
2026-01-07 13:19:29:157 [IN ] C8 24 0B 0A 25 A5 0B 01 31 02 DE 00 1D CD 5A (15)
                              [N11:NG] NGSWSTATE 0 (0)
2026-01-07 13:19:30:161 [IN ] C8 24 0B 0A 25 A5 0B 01 31 02 DE 00 1D CD 5A (15)
                              [N11:NG] NGSWSTATE 0 (0)
2026-01-07 13:19:30:563 [IN ] C8 24 06 0E 25 A5 06 01 31 06 81 45 00 19 85 BD 5F 68 0A (19)
                              [N6:H] TPOS 'E' 0 25 133 189 (1672637)
2026-01-07 13:19:30:966 [IN ] C8 (1)
2026-01-07 13:19:30:988 [OUT] 25 A5 01 06 31 05 81 00 0D D6 C6 67 CC (13)
                              [N6:H] TPOS 0 13 214 198 (906950)
2026-01-07 13:19:30:988 [IN ] 24 0B 0A 25 A5 0B 01 31 02 DE 00 1D CD 85 (14)
                              [N11:NG] NGSWSTATE 0 (0)
2026-01-07 13:19:31:176 [IN ] C8 24 06 0E 25 A5 06 01 31 06 81 53 00 19 85 BD 6D AE 0A (19)
                              [N6:H] TPOS 'S' 0 25 133 189 (1672637)
2026-01-07 13:19:31:980 [IN ] C8 24 0B 0A 25 A5 0B 01 31 02 DE 00 1D CD 85 (15)
                              [N11:NG] NGSWSTATE 0 (0)
2026-01-07 13:19:32:784 [IN ] C8 24 03 0E 25 A5 03 01 31 06 81 45 FF FD 50 23 70 EE 0A (19)
                              [N3:X] TPOS 'E' 255 253 80 35 (-176093)
2026-01-07 13:19:32:985 [IN ] C8 24 0B 0A 25 A5 0B 01 31 02 DE 00 1D CD 50 (15)
                              [N11:NG] NGSWSTATE 0 (0)
2026-01-07 13:19:33:587 [IN ] C8 24 09 0E 25 A5 09 01 31 06 81 45 FF FF DC 59 3A 7E 0A (19)
                              [N9:P] TPOS 'E' 255 255 220 89 (-9127)
2026-01-07 13:19:33:811 [OUT] 25 A5 01 08 31 02 D8 3F 53 E7 (10)
                              [N8:R] INTERRUPT '?'
2026-01-07 13:19:34:112 [IN ] C8 24 08 0C 25 A5 08 01 31 04 D8 3A 01 01 52 92 3A C8 24 0B 0A 25 A5 0B 01 31 02 DE 00 1D CD 52 (32)
                              [N8:R] INTERRUPT ':' 1 1 (257)
                              [N11:NG] NGSWSTATE 0 (0)
2026-01-07 13:19:34:133 [OUT] 25 A5 01 08 31 03 CA 3D 0B 4F 1B (11)
                              [N8:R] RFLAG '=' 11 (11)
2026-01-07 13:19:34:300 [IN ] C8 24 08 0B 25 A5 08 01 31 03 CA 3A 0B 4C 1C 92 (16)
                              [N8:R] RFLAG ':' 11 (11)
2026-01-07 13:19:34:321 [OUT] 25 A5 01 08 31 03 88 00 50 15 20 (11)
                              [N8:R] RUN 0 80 (80)
2026-01-07 13:19:34:472 [IN ] C8 24 08 0C 25 A5 08 01 31 04 88 53 00 50 69 EA 3A (17)
                              [N8:R] RUN 'S' 0 80 (80)
2026-01-07 13:19:34:673 [IN ] C8 24 06 0E 25 A5 06 01 31 06 81 45 00 0D D1 EB CD 0A 0A (19)
                              [N6:H] TPOS 'E' 0 13 209 235 (905707)
2026-01-07 13:19:34:896 [OUT] 25 A5 01 05 31 02 D8 3F 50 D8 (10)
                              [N5:V] INTERRUPT '?'
2026-01-07 13:19:35:197 [IN ] C8 24 0B 0A 25 A5 0B 01 31 02 DE 00 1D CD D1 C8 24 05 0C 25 A5 05 01 31 04 D8 3A 01 01 4F 7A CD (32)
                              [N11:NG] NGSWSTATE 0 (0)
                              [N5:V] INTERRUPT ':' 1 1 (257)
2026-01-07 13:19:35:218 [OUT] 25 A5 01 05 31 03 C9 3D 0B 4B 06 (11)
                              [N5:V] LFLAG '=' 11 (11)
2026-01-07 13:19:35:365 [IN ] C8 24 05 0B 25 A5 05 01 31 03 C9 3A 0B 48 04 7A (16)
                              [N5:V] LFLAG ':' 11 (11)
2026-01-07 13:19:35:387 [OUT] 25 A5 01 05 31 03 88 FF B0 71 6C (11)
                              [N5:V] RUN 255 176 (-80)
2026-01-07 13:19:35:555 [IN ] C8 24 05 0C 25 A5 05 01 31 04 88 53 FF B0 C5 30 CD (17)
                              [N5:V] RUN 'S' 255 176 (-80)
2026-01-07 13:19:36:159 [IN ] C8 24 0B 0A 25 A5 0B 01 31 02 DE 00 1D CD C5 (15)
                              [N11:NG] NGSWSTATE 0 (0)
2026-01-07 13:19:37:164 [IN ] C8 24 0B 0A 25 A5 0B 01 31 02 DE 00 1D CD C5 (15)
                              [N11:NG] NGSWSTATE 0 (0)
2026-01-07 13:19:37:566 [IN ] C8 24 0C 0E 25 A5 0C 01 31 06 81 45 FF BC CC 2A BB 84 0A (19)
                              [N12:Z] TPOS 'E' 255 188 204 42 (-4404182)
2026-01-07 13:19:37:990 [OUT] 25 A5 01 0C 31 05 81 FF D7 04 00 9E EC (13)
                              [N12:Z] TPOS 255 215 4 0 (-2685952)
2026-01-07 13:19:38:033 [IN ] C8 24 0B 0A 25 A5 0B 01 31 02 DE 00 1D CD CC (15)
                              [N11:NG] NGSWSTATE 0 (0)
2026-01-07 13:19:38:179 [IN ] C8 24 0C 0E 25 A5 0C 01 31 06 81 53 FF BC CC 31 D0 D1 0A (19)
                              [N12:Z] TPOS 'S' 255 188 204 49 (-4404175)
2026-01-07 13:19:39:183 [IN ] C8 24 0B 0A 25 A5 0B 01 31 02 DE 00 1D CD CC (15)
                              [N11:NG] NGSWSTATE 0 (0)
2026-01-07 13:19:40:186 [IN ] C8 24 0B 0A 25 A5 0B 01 31 02 DE 00 1D CD CC C8 24 05 0B 25 A5 05 01 31 03 81 5A 4C 61 AD 31 (31)
                              [N11:NG] NGSWSTATE 0 (0)
                              [N5:V] TPOS 'Z' 76 (76)
2026-01-07 13:19:40:387 [IN ] C8 24 05 0A 25 A5 05 01 31 02 81 49 03 38 AD (15)
                              [N5:V] TPOS 'I'
2026-01-07 13:19:40:609 [OUT] 25 A5 01 05 31 03 C9 3D 09 49 04 (11)
                              [N5:V] LFLAG '=' 9 (9)
2026-01-07 13:19:40:777 [IN ] C8 24 05 0B 25 A5 05 01 31 03 C9 3A 09 46 02 31 (16)
                              [N5:V] LFLAG ':' 9 (9)
2026-01-07 13:19:40:798 [OUT] 25 A5 01 05 31 03 84 00 50 0E 02 (11)
                              [N5:V] VEL 0 80 (80)
2026-01-07 13:19:40:967 [IN ] C8 24 05 0C 25 A5 05 01 31 04 84 53 00 50 62 C2 D0 C8 24 07 0E 25 A5 07 01 31 06 81 45 FF AB 14 2C EF B1 0A (36)
                              [N5:V] VEL 'S' 0 80 (80)
                              [N7:N] TPOS 'E' 255 171 20 44 (-5565396)
2026-01-07 13:19:40:988 [OUT] 25 A5 01 05 31 05 81 00 19 82 3C 94 B6 (13)
                              [N5:V] TPOS 0 25 130 60 (1671740)
2026-01-07 13:19:41:031 [OUT] 25 A5 01 07 31 05 81 FF F0 47 34 29 C9 (13)
                              [N7:N] TPOS 255 240 71 52 (-1030348)
2026-01-07 13:19:41:053 [IN ] C8 24 0B 0A 25 A5 0B 01 31 02 DE 00 1D CD 14 (15)
                              [N11:NG] NGSWSTATE 0 (0)
2026-01-07 13:19:41:179 [IN ] C8 24 05 0E 25 A5 05 01 31 06 81 53 00 00 00 00 11 92 0A (19)
                              [N5:V] TPOS 'S' 0 0 0 0 (0)
2026-01-07 13:19:41:305 [IN ] C8 24 07 0E 25 A5 07 01 31 06 81 53 FF AB 14 2C FD F7 0A (19)
                              [N7:N] TPOS 'S' 255 171 20 44 (-5565396)
2026-01-07 13:19:41:708 [IN ] C8 24 08 0B 25 A5 08 01 31 03 81 5A 52 6A C8 2C C8 24 08 0A 25 A5 08 01 31 02 81 49 06 4A C8 (31)
                              [N8:R] TPOS 'Z' 82 (82)
                              [N8:R] TPOS 'I'
2026-01-07 13:19:41:932 [OUT] 25 A5 01 08 31 03 CA 3D 09 4D 19 (11)
                              [N8:R] RFLAG '=' 9 (9)
2026-01-07 13:19:42:058 [IN ] C8 24 0B 0A 25 A5 0B 01 31 02 DE 00 1D CD C8 (15)
                              [N11:NG] NGSWSTATE 0 (0)
2026-01-07 13:19:42:079 [IN ] C8 24 08 0B 25 A5 08 01 31 03 CA 3A 09 4A 1A 2C (16)
                              [N8:R] RFLAG ':' 9 (9)
2026-01-07 13:19:42:100 [OUT] 25 A5 01 08 31 05 81 FF DC 77 1D 2F DE (13)
                              [N8:R] TPOS 255 220 119 29 (-2328803)
2026-01-07 13:19:42:290 [IN ] C8 24 08 0E 25 A5 08 01 31 06 81 53 FF FF FF E5 F6 8C 0A (19)
                              [N8:R] TPOS 'S' 255 255 255 229 (-27)
2026-01-07 13:19:43:094 [IN ] C8 24 0B 0A 25 A5 0B 01 31 02 DE 00 1D CD FF (15)
                              [N11:NG] NGSWSTATE 0 (0)
2026-01-07 13:19:44:099 [IN ] C8 24 0B 0A 25 A5 0B 01 31 02 DE 00 1D CD FF (15)
                              [N11:NG] NGSWSTATE 0 (0)
2026-01-07 13:19:45:103 [IN ] C8 24 0B 0A 25 A5 0B 01 31 02 DE 00 1D CD FF (15)
                              [N11:NG] NGSWSTATE 0 (0)
2026-01-07 13:19:46:106 [IN ] C8 24 0B 0A 25 A5 0B 01 31 02 DE 00 1D CD FF (15)
                              [N11:NG] NGSWSTATE 0 (0)
2026-01-07 13:19:46:307 [IN ] C8 24 0C 0E 25 A5 0C 01 31 06 81 45 FF D7 08 04 EC 27 0A (19)
                              [N12:Z] TPOS 'E' 255 215 8 4 (-2684924)
2026-01-07 13:19:47:110 [IN ] C8 24 0B 0A 25 A5 0B 01 31 02 DE 00 1D CD 08 (15)
                              [N11:NG] NGSWSTATE 0 (0)
2026-01-07 13:19:48:113 [IN ] C8 24 0B 0A 25 A5 0B 01 31 02 DE 00 1D CD 08 (15)
                              [N11:NG] NGSWSTATE 0 (0)
2026-01-07 13:19:48:916 [IN ] C8 24 05 0E 25 A5 05 01 31 06 81 45 00 19 86 84 26 27 0A (19)
                              [N5:V] TPOS 'E' 0 25 134 132 (1672836)
2026-01-07 13:19:49:119 [IN ] C8 24 0B 0A 25 A5 0B 01 31 02 DE 00 1D CD 86 (15)
                              [N11:NG] NGSWSTATE 0 (0)
2026-01-07 13:19:49:341 [OUT] 25 A5 01 05 31 05 81 00 0B F4 5C 18 90 (13)
                              [N5:V] TPOS 0 11 244 92 (783452)
2026-01-07 13:19:49:529 [IN ] C8 24 05 0E 25 A5 05 01 31 06 81 53 (12)
2026-01-07 13:19:49:550 [IN ] 00 19 86 83 33 6C 0A (7)
                              [N5:V] TPOS 'S' 0 25 134 131 (1672835)
2026-01-07 13:19:50:152 [IN ] C8 24 0B 0A 25 A5 0B 01 31 02 DE 00 1D CD 86 (15)
                              [N11:NG] NGSWSTATE 0 (0)
2026-01-07 13:19:51:154 [IN ] C8 24 0B 0A 25 A5 0B 01 31 02 DE 00 1D CD 86 (15)
                              [N11:NG] NGSWSTATE 0 (0)
2026-01-07 13:19:52:159 [IN ] C8 24 0B 0A 25 A5 0B 01 31 02 DE 00 1D CD 86 (15)
                              [N11:NG] NGSWSTATE 0 (0)
2026-01-07 13:19:53:163 [IN ] C8 24 0B 0A 25 A5 0B 01 31 02 DE 00 1D CD 86 (15)
                              [N11:NG] NGSWSTATE 0 (0)
2026-01-07 13:19:54:167 [IN ] C8 24 0B 0A 25 A5 0B 01 31 02 DE 00 1D CD 86 (15)
                              [N11:NG] NGSWSTATE 0 (0)
2026-01-07 13:19:54:569 [IN ] C8 24 08 0E 25 A5 08 01 31 06 81 45 FF DC 74 4A 9F 2C 0A (19)
                              [N8:R] TPOS 'E' 255 220 116 74 (-2329526)
2026-01-07 13:19:54:994 [OUT] 25 A5 01 08 31 05 81 FF ED 7C 72 9A 70 (13)
                              [N8:R] TPOS 255 237 124 114 (-1213326)
2026-01-07 13:19:55:058 [IN ] C8 24 05 0E 25 A5 05 01 31 06 81 45 00 0B F2 DA DA 2B 0A (19)
                              [N5:V] TPOS 'E' 0 11 242 218 (783066)
2026-01-07 13:19:55:101 [OUT] 25 A5 01 03 31 05 81 FF EE D9 7C FD 0F (13)
                              [N3:X] TPOS 255 238 217 124 (-1123972)
2026-01-07 13:19:55:124 [OUT] 25 A5 01 04 31 05 81 FF F3 EB 54 ED 22 (13)
                              [N4:Y] TPOS 255 243 235 84 (-791724)
2026-01-07 13:19:55:186 [IN ] C8 24 0B 0A 25 A5 0B 01 31 02 DE 00 1D CD F2 C8 24 08 0E 25 A5 08 01 31 06 81 53 FF DC (29)
                              [N11:NG] NGSWSTATE 0 (0)
2026-01-07 13:19:55:208 [IN ] 74 4B AE 73 0A (5)
                              [N8:R] TPOS 'S' 255 220 116 75 (-2329525)
2026-01-07 13:19:55:312 [IN ] C8 24 03 0E 25 A5 03 01 31 06 81 53 FF FD 50 23 7E 34 0A (19)
                              [N3:X] TPOS 'S' 255 253 80 35 (-176093)
2026-01-07 13:19:55:438 [IN ] C8 24 04 0E 25 A5 04 01 31 06 81 53 FF FD 50 08 64 23 0A (19)
                              [N4:Y] TPOS 'S' 255 253 80 8 (-176120)
2026-01-07 13:19:56:243 [IN ] C8 24 0B 0A 25 A5 0B 01 31 02 DE 00 1D CD 50 (15)
                              [N11:NG] NGSWSTATE 0 (0)
2026-01-07 13:19:57:249 [IN ] C8 24 0B 0A 25 A5 0B 01 31 02 DE 00 1D CD 50 (15)
                              [N11:NG] NGSWSTATE 0 (0)
2026-01-07 13:19:58:252 [IN ] C8 24 0B 0A 25 A5 0B 01 31 02 DE 00 1D CD 50 (15)
                              [N11:NG] NGSWSTATE 0 (0)
2026-01-07 13:19:58:655 [IN ] C8 24 04 0E 25 A5 04 01 31 06 81 45 FF F3 E8 55 31 3C 0A (19)
                              [N4:Y] TPOS 'E' 255 243 232 85 (-792491)
2026-01-07 13:19:59:259 [IN ] C8 24 0B 0A 25 A5 0B 01 31 02 DE 00 1D CD E8 (15)
                              [N11:NG] NGSWSTATE 0 (0)
2026-01-07 13:20:00:062 [IN ] C8 24 03 0E 25 A5 03 01 31 06 81 45 FF EE D6 B9 7D 63 0A (19)
                              [N3:X] TPOS 'E' 255 238 214 185 (-1124679)
2026-01-07 13:20:00:264 [IN ] C8 24 0B 0A 25 A5 0B 01 31 02 DE 00 1D CD D6 (15)
                              [N11:NG] NGSWSTATE 0 (0)
2026-01-07 13:20:01:270 [IN ] C8 24 07 0E 25 A5 07 01 31 06 81 45 FF F0 4C 3A 7A FE 0A C8 24 0B 0A 25 A5 0B 01 31 02 DE 00 1D CD 4C (34)
                              [N7:N] TPOS 'E' 255 240 76 58 (-1029062)
                              [N11:NG] NGSWSTATE 0 (0)
2026-01-07 13:20:01:673 [IN ] C8 24 08 0E 25 A5 08 01 31 06 81 45 FF ED 7E 62 D2 8B 0A (19)
                              [N8:R] TPOS 'E' 255 237 126 98 (-1212830)
