2026-01-07 10:46:34:561 [OUT] 25 A5 01 0A 31 05 D6 3D FF 00 00 53 ED (13)
                              [N10:HMI] HMILED '=' 255 0 0 (16711680)
2026-01-07 10:46:34:583 [OUT] 25 A5 01 03 31 02 D8 3F 4E CE (10)
                              [N3:X] INTERRUPT '?'
2026-01-07 10:46:34:884 [IN ] C8 24 0A 0D 25 A5 0A 01 31 05 D6 3A FF 00 00 50 EA 0D C8 24 03 0C 25 A5 03 01 31 04 D8 3A 01 01 4D 6A EA (35)
                              [N10:HMI] HMILED ':' 255 0 0 (16711680)
                              [N3:X] INTERRUPT ':' 1 1 (257)
2026-01-07 10:46:34:905 [OUT] 25 A5 01 09 31 03 C9 3D 09 4D 1C (11)
                              [N9:P] LFLAG '=' 9 (9)
2026-01-07 10:46:34:928 [OUT] 25 A5 01 04 31 02 D8 3F 4F D3 (10)
                              [N4:Y] INTERRUPT '?'
2026-01-07 10:46:35:229 [IN ] C8 24 09 0B 25 A5 09 01 31 03 C9 3A 09 4A 1E 6A C8 24 04 0C 25 A5 04 01 31 04 D8 3A 01 01 4E 72 EA (33)
                              [N9:P] LFLAG ':' 9 (9)
                              [N4:Y] INTERRUPT ':' 1 1 (257)
2026-01-07 10:46:35:251 [OUT] 25 A5 01 09 31 03 CA 3D 09 4E 1F (11)
                              [N9:P] RFLAG '=' 9 (9)
2026-01-07 10:46:35:273 [OUT] 25 A5 01 0C 31 02 D8 3F 57 FB (10)
                              [N12:Z] INTERRUPT '?'
2026-01-07 10:46:35:577 [IN ] C8 24 0C 0D 25 A5 0C 01 31 05 82 FF DB 6D 85 91 5F 0D C8 24 0B 0A 25 A5 0B 01 31 02 DE 00 1D CD 85 C8 24 09 0B 25 A5 09 01 31 03 CA 3A 09 4B 21 91 C8 24 0C 0C 25 A5 0C 01 31 04 D8 3A 01 01 56 
B2 5F (66)
                              [N12:Z] GETPOS 255 219 109 133 (-2396795)
                              [N11:NG] NGSWSTATE 0 (0)
                              [N9:P] RFLAG ':' 9 (9)
                              [N12:Z] INTERRUPT ':' 1 1 (257)
2026-01-07 10:46:35:599 [OUT] 25 A5 01 08 31 03 C9 3D 09 4C 16 (11)
                              [N8:R] LFLAG '=' 9 (9)
2026-01-07 10:46:35:621 [OUT] 25 A5 01 03 31 03 C9 3D 0B 49 FA (11)
                              [N3:X] LFLAG '=' 11 (11)
2026-01-07 10:46:35:642 [OUT] 25 A5 01 04 31 03 C9 3D 0B 4A 00 (11)
                              [N4:Y] LFLAG '=' 11 (11)
2026-01-07 10:46:35:663 [OUT] 25 A5 01 0C 31 03 C9 3D 0B 52 30 (11)
                              [N12:Z] LFLAG '=' 11 (11)
2026-01-07 10:46:35:749 [IN ] C8 24 08 0B 25 A5 08 01 31 03 C9 3A 09 49 17 B2 (16)
                              [N8:R] LFLAG ':' 9 (9)
2026-01-07 10:46:35:772 [OUT] 25 A5 01 08 31 03 CA 3D 09 4D 19 (11)
                              [N8:R] RFLAG '=' 9 (9)
2026-01-07 10:46:35:878 [IN ] C8 24 03 0B 25 A5 03 01 31 03 C9 3A 0B 46 F6 B2 (16)
                              [N3:X] LFLAG ':' 11 (11)
2026-01-07 10:46:35:899 [OUT] 25 A5 01 03 31 03 88 00 50 10 02 (11)
                              [N3:X] RUN 0 80 (80)
2026-01-07 10:46:35:984 [IN ] C8 24 04 0B 25 A5 04 01 31 03 C9 3A 0B 47 FD B2 (16)
                              [N4:Y] LFLAG ':' 11 (11)
2026-01-07 10:46:36:005 [OUT] 25 A5 01 04 31 03 88 00 50 11 08 (11)
                              [N4:Y] RUN 0 80 (80)
2026-01-07 10:46:36:089 [IN ] C8 24 0C 0B 25 A5 0C 01 31 03 C9 3A 0B 4F 35 B2 (16)
                              [N12:Z] LFLAG ':' 11 (11)
2026-01-07 10:46:36:109 [OUT] 25 A5 01 0C 31 03 88 00 50 19 38 (11)
                              [N12:Z] RUN 0 80 (80)
2026-01-07 10:46:36:215 [IN ] C8 24 08 0B 25 A5 08 01 31 03 CA 3A 09 4A 1A B2 (16)
                              [N8:R] RFLAG ':' 9 (9)
2026-01-07 10:46:36:319 [IN ] C8 24 03 0C 25 A5 03 01 31 04 88 53 00 50 64 C2 5F (17)
                              [N3:X] RUN 'S' 0 80 (80)
2026-01-07 10:46:36:342 [IN ] C8 24 0B 0A 25 A5 0B 01 31 02 DE 00 1D CD 64 C8 24 0C 0D 25 A5 0C 01 31 05 82 FF DB 6D 85 91 5F 0D (33)
                              [N11:NG] NGSWSTATE 0 (0)
                              [N12:Z] GETPOS 255 219 109 133 (-2396795)
2026-01-07 10:46:36:405 [IN ] C8 24 04 0C 25 A5 04 01 31 04 88 53 00 50 65 CA 5F (17)
                              [N4:Y] RUN 'S' 0 80 (80)
2026-01-07 10:46:36:531 [IN ] C8 24 0C 0C 25 A5 0C 01 31 04 88 53 00 50 6D 0A 5F (17)
                              [N12:Z] RUN 'S' 0 80 (80)
2026-01-07 10:46:37:334 [IN ] C8 24 0B 0A 25 A5 0B 01 31 02 DE 00 1D CD 6D C8 24 0C 0D 25 A5 0C 01 31 05 82 FF DD FC B7 54 B5 0D (33)
                              [N11:NG] NGSWSTATE 0 (0)
                              [N12:Z] GETPOS 255 221 252 183 (-2229065)
2026-01-07 10:46:38:338 [IN ] C8 24 0B 0A 25 A5 0B 01 31 02 DE 00 1D CD B7 C8 24 0C 0D 25 A5 0C 01 31 05 82 FF E1 2F 74 48 E4 0D (33)
                              [N11:NG] NGSWSTATE 0 (0)
                              [N12:Z] GETPOS 255 225 47 116 (-2019468)
2026-01-07 10:46:39:542 [IN ] C8 24 0B 0A 25 A5 0B 01 31 02 DE 00 1D CD 74 C8 24 0C 0D 25 A5 0C 01 31 05 82 FF E4 6B C5 D8 B6 0D (33)
                              [N11:NG] NGSWSTATE 0 (0)
                              [N12:Z] GETPOS 255 228 107 197 (-1807419)
2026-01-07 10:46:40:545 [IN ] C8 24 0C 0D 25 A5 0C 01 31 05 82 FF E7 A0 19 64 7D 0D C8 24 0B 0A 25 A5 0B 01 31 02 DE 00 1D CD 19 (33)
                              [N12:Z] GETPOS 255 231 160 25 (-1597415)
                              [N11:NG] NGSWSTATE 0 (0)
2026-01-07 10:46:41:549 [IN ] C8 24 0B 0A 25 A5 0B 01 31 02 DE 00 1D CD 19 C8 24 0C 0D 25 A5 0C 01 31 05 82 FF EA CD 9E 19 65 0D (33)
                              [N11:NG] NGSWSTATE 0 (0)
                              [N12:Z] GETPOS 255 234 205 158 (-1389154)
2026-01-07 10:46:42:355 [IN ] C8 24 04 0B 25 A5 04 01 31 03 81 5A 4C 60 A6 19 C8 24 04 0A 25 A5 04 01 31 02 81 49 02 32 A6 (31)
                              [N4:Y] TPOS 'Z' 76 (76)
                              [N4:Y] TPOS 'I'
2026-01-07 10:46:42:578 [OUT] 25 A5 01 09 31 02 D8 3F 54 EC (10)
                              [N9:P] INTERRUPT '?'
2026-01-07 10:46:42:578 [IN ] C8 24 0B 0A 25 A5 0B 01 31 02 DE 00 1D CD A6 C8 24 0C 0D 25 A5 0C 01 31 05 82 FF ED FF AA 5A DE 0D (33)
                              [N11:NG] NGSWSTATE 0 (0)
                              [N12:Z] GETPOS 255 237 255 170 (-1179734)
2026-01-07 10:46:42:880 [IN ] C8 24 09 0C 25 A5 09 01 31 04 D8 3A 01 01 53 9A DE (17)
                              [N9:P] INTERRUPT ':' 1 1 (257)
2026-01-07 10:46:42:901 [OUT] 25 A5 01 04 31 03 C9 3D 09 48 FE (11)
                              [N4:Y] LFLAG '=' 9 (9)
2026-01-07 10:46:42:922 [OUT] 25 A5 01 07 31 02 D8 3F 52 E2 (10)
                              [N7:N] INTERRUPT '?'
2026-01-07 10:46:43:223 [IN ] C8 24 04 0B 25 A5 04 01 31 03 C9 3A 09 45 FB 9A C8 24 07 0C 25 A5 07 01 31 04 D8 3A 01 01 51 8A DE (33)
                              [N4:Y] LFLAG ':' 9 (9)
                              [N7:N] INTERRUPT ':' 1 1 (257)
2026-01-07 10:46:43:244 [OUT] 25 A5 01 09 31 03 C9 3D 0B 4F 1E (11)
                              [N9:P] LFLAG '=' 11 (11)
2026-01-07 10:46:43:266 [OUT] 25 A5 01 07 31 03 C9 3D 0B 4D 12 (11)
                              [N7:N] LFLAG '=' 11 (11)
2026-01-07 10:46:43:372 [IN ] C8 24 (2)
2026-01-07 10:46:43:394 [IN ] 0B 0A 25 A5 0B 01 31 02 DE 00 1D CD 51 C8 24 0C 0D 25 A5 0C 01 31 05 82 FF F1 25 55 2F E1 0D (31)
                              [N11:NG] NGSWSTATE 0 (0)
                              [N12:Z] GETPOS 255 241 37 85 (-973483)
2026-01-07 10:46:43:418 [IN ] C8 24 09 0B 25 A5 09 01 31 03 C9 3A 0B 4C 20 2F (16)
                              [N9:P] LFLAG ':' 11 (11)
2026-01-07 10:46:43:440 [OUT] 25 A5 01 09 31 03 88 00 50 16 26 (11)
                              [N9:P] RUN 0 80 (80)
2026-01-07 10:46:43:525 [IN ] C8 24 07 0B 25 A5 07 01 31 03 C9 3A 0B 4A 12 2F (16)
                              [N7:N] LFLAG ':' 11 (11)
2026-01-07 10:46:43:547 [OUT] 25 A5 01 07 31 03 88 00 50 14 1A (11)
                              [N7:N] RUN 0 80 (80)
2026-01-07 10:46:43:631 [IN ] C8 24 09 0C 25 A5 09 01 31 04 88 53 00 50 6A F2 E1 (17)
                              [N9:P] RUN 'S' 0 80 (80)
2026-01-07 10:46:43:694 [IN ] C8 24 09 0B 25 A5 09 01 31 03 81 5A 4C 65 C9 F2 (16)
                              [N9:P] TPOS 'Z' 76 (76)
2026-01-07 10:46:43:758 [IN ] C8 24 07 0C 25 A5 07 01 31 04 88 53 00 50 68 E2 E1 C8 24 09 0A 25 A5 09 01 31 02 81 49 07 50 68 (32)
                              [N7:N] RUN 'S' 0 80 (80)
                              [N9:P] TPOS 'I'
2026-01-07 10:46:43:982 [OUT] 25 A5 01 09 31 03 C9 3D 09 4D 1C (11)
                              [N9:P] LFLAG '=' 9 (9)
2026-01-07 10:46:44:004 [OUT] 25 A5 01 04 31 05 81 FF EE 88 01 32 FA (13)
                              [N4:Y] TPOS 255 238 136 1 (-1144831)
2026-01-07 10:46:44:150 [IN ] C8 24 09 0B 25 A5 09 01 31 03 C9 3A 09 4A 1E E2 (16)
                              [N9:P] LFLAG ':' 9 (9)
2026-01-07 10:46:44:298 [IN ] C8 24 04 0E 25 A5 04 01 31 06 81 53 FF FF FF FF 0C 7E 0A (19)
                              [N4:Y] TPOS 'S' 255 255 255 255 (-1)
2026-01-07 10:46:44:500 [IN ] C8 24 0B 0A 25 A5 0B 01 31 02 DE 00 1D CD FF C8 24 0C 0D 25 A5 0C 01 31 05 82 FF F4 41 8D 86 5A 7E (33)
                              [N11:NG] NGSWSTATE 0 (0)
                              [N12:Z] GETPOS 255 244 65 141 (-769651)
2026-01-07 10:46:44:702 [IN ] C8 24 03 0B 25 A5 03 01 31 03 81 5A 4C 5F 9F 86 C8 24 03 0A 25 A5 03 01 31 02 81 49 01 2C 9F (31)
                              [N3:X] TPOS 'Z' 76 (76)
                              [N3:X] TPOS 'I'
2026-01-07 10:46:44:925 [OUT] 25 A5 01 03 31 03 C9 3D 09 47 F8 (11)
                              [N3:X] LFLAG '=' 9 (9)
2026-01-07 10:46:45:113 [IN ] C8 24 03 0B 25 A5 03 01 31 03 C9 3A 09 44 F4 86 (16)
                              [N3:X] LFLAG ':' 9 (9)
2026-01-07 10:46:45:515 [IN ] C8 24 0C 0D 25 A5 0C 01 31 05 82 FF F7 65 0F 2F 2D 7E C8 24 0B 0A 25 A5 0B 01 31 02 DE 00 1D CD 0F (33)
                              [N12:Z] GETPOS 255 247 101 15 (-563953)
                              [N11:NG] NGSWSTATE 0 (0)
2026-01-07 10:46:46:520 [IN ] C8 24 0B 0A 25 A5 0B 01 31 02 DE 00 1D CD 0F C8 24 0C 0D 25 A5 0C 01 31 05 82 FF FA 6E 9F CB D8 7E (33)
                              [N11:NG] NGSWSTATE 0 (0)
                              [N12:Z] GETPOS 255 250 110 159 (-364897)
2026-01-07 10:46:47:524 [IN ] C8 24 0B 0A 25 A5 0B 01 31 02 DE 00 1D CD 9F C8 24 0C 0D 25 A5 0C 01 31 05 82 FF FD 68 72 9B A8 7E (33)
                              [N11:NG] NGSWSTATE 0 (0)
                              [N12:Z] GETPOS 255 253 104 114 (-169870)
2026-01-07 10:46:48:330 [IN ] C8 24 07 0B 25 A5 07 01 31 03 81 5A 4C 63 BB 9B C8 24 07 0A 25 A5 07 01 31 02 81 49 05 44 BB C8 24 0C 0B 25 A5 0C 01 31 03 81 5A 4C 68 DE 9B (47)
                              [N7:N] TPOS 'Z' 76 (76)
                              [N7:N] TPOS 'I'
                              [N12:Z] TPOS 'Z' 76 (76)
2026-01-07 10:46:48:532 [IN ] C8 24 0C 0A 25 A5 0C 01 31 02 81 49 0A 62 DE C8 24 0B 0A 25 A5 0B 01 31 02 DE 00 1D CD DE C8 24 0C 0D 25 A5 0C 01 31 05 82 FF FF FF 71 33 DB 7E (48)
                              [N12:Z] TPOS 'I'
                              [N11:NG] NGSWSTATE 0 (0)
                              [N12:Z] GETPOS 255 255 255 113 (-143)
2026-01-07 10:46:48:554 [OUT] 25 A5 01 07 31 03 C9 3D 09 4B 10 (11)
                              [N7:N] LFLAG '=' 9 (9)
2026-01-07 10:46:48:576 [OUT] 25 A5 01 0C 31 03 C9 3D 09 50 2E (11)
                              [N12:Z] LFLAG '=' 9 (9)
2026-01-07 10:46:48:722 [IN ] C8 24 07 0B 25 A5 07 01 31 03 C9 3A 09 48 10 33 (16)
                              [N7:N] LFLAG ':' 9 (9)
2026-01-07 10:46:48:847 [IN ] C8 24 0C 0B 25 A5 0C 01 31 03 C9 3A 09 4D 33 33 (16)
                              [N12:Z] LFLAG ':' 9 (9)
2026-01-07 10:46:49:451 [IN ] C8 24 0C 0D 25 A5 0C 01 31 05 82 FF FF FF 57 19 C1 7E C8 24 0B 0A 25 A5 0B 01 31 02 DE 00 1D CD 57 (33)
                              [N12:Z] GETPOS 255 255 255 87 (-169)
                              [N11:NG] NGSWSTATE 0 (0)
2026-01-07 10:46:50:054 [IN ] C8 24 04 0E 25 A5 04 01 31 06 81 45 FF EE 84 BB 2E CB 0A (19)
                              [N4:Y] TPOS 'E' 255 238 132 187 (-1145669)
2026-01-07 10:46:50:278 [OUT] 25 A5 01 0C 31 05 81 FF BC D0 00 4F 33 (13)
                              [N12:Z] TPOS 255 188 208 0 (-4403200)
2026-01-07 10:46:50:300 [OUT] 25 A5 01 04 31 05 81 FF FD 50 01 09 B7 (13)
                              [N4:Y] TPOS 255 253 80 1 (-176127)
2026-01-07 10:46:50:323 [OUT] 25 A5 01 09 31 05 81 FF E7 5D 56 5A 0C (13)
                              [N9:P] TPOS 255 231 93 86 (-1614506)
2026-01-07 10:46:50:345 [OUT] 25 A5 01 07 31 05 81 FF AB 19 75 F7 DF (13)
                              [N7:N] TPOS 255 171 25 117 (-5564043)
2026-01-07 10:46:50:368 [OUT] 25 A5 01 03 31 05 81 FF EC 4A AB 9B 1A (13)
                              [N3:X] TPOS 255 236 74 171 (-1291605)
2026-01-07 10:46:50:389 [OUT] 25 A5 01 06 31 02 D8 3F 51 DD (10)
                              [N6:H] INTERRUPT '?'
2026-01-07 10:46:50:691 [IN ] C8 24 0B 0A 25 A5 0B 01 31 02 DE 00 1D CD 84 C8 24 0C 0D 25 A5 0C 01 31 05 82 FF FF FF 55 17 BF CB C8 24 0C 0E 25 A5 0C 01 31 06 81 53 FF FF FF 55 6A 24 0A C8 24 04 0E 25 A5 04 01 31 06 81 53 
FF EE 84 BB 3C 11 0A (71)
                              [N11:NG] NGSWSTATE 0 (0)
                              [N12:Z] GETPOS 255 255 255 85 (-171)
                              [N12:Z] TPOS 'S' 255 255 255 85 (-171)
                              [N4:Y] TPOS 'S' 255 238 132 187 (-1145669)
2026-01-07 10:46:50:991 [IN ] C8 24 09 0E 25 A5 09 01 31 06 81 53 FF FF FF FB 0D AC 0A C8 24 07 0E 25 A5 07 01 31 06 81 53 FF FF FF FF 0F 9C 0A C8 24 03 0E 25 A5 03 01 31 06 81 53 00 00 00 00 0F 7E 0A (57)
                              [N9:P] TPOS 'S' 255 255 255 251 (-5)
                              [N7:N] TPOS 'S' 255 255 255 255 (-1)
                              [N3:X] TPOS 'S' 0 0 0 0 (0)
2026-01-07 10:46:51:293 [IN ] C8 24 06 0C 25 A5 06 01 31 04 D8 3A 01 01 50 82 0F (17)
                              [N6:H] INTERRUPT ':' 1 1 (257)
2026-01-07 10:46:51:314 [OUT] 25 A5 01 06 31 03 C9 3D 0B 4C 0C (11)
                              [N6:H] LFLAG '=' 11 (11)
2026-01-07 10:46:51:461 [IN ] C8 24 0B 0A 25 A5 0B 01 31 02 DE 00 1D CD 50 C8 24 0C 0D 25 A5 0C 01 31 05 82 FF FD 24 99 7E 47 7E (33)
                              [N11:NG] NGSWSTATE 0 (0)
                              [N12:Z] GETPOS 255 253 36 153 (-187239)
2026-01-07 10:46:51:483 [IN ] C8 24 06 0B 25 A5 06 01 31 03 C9 3A 0B 49 0B 7E (16)
                              [N6:H] LFLAG ':' 11 (11)
2026-01-07 10:46:51:505 [OUT] 25 A5 01 06 31 03 88 FF B0 72 72 (11)
                              [N6:H] RUN 255 176 (-80)
2026-01-07 10:46:51:673 [IN ] C8 24 06 0C 25 A5 06 01 31 04 88 53 FF B0 C6 38 47 (17)
                              [N6:H] RUN 'S' 255 176 (-80)
2026-01-07 10:46:52:476 [IN ] C8 24 0B 0A 25 A5 0B 01 31 02 DE 00 1D CD C6 C8 24 0C 0D 25 A5 0C 01 31 05 82 FF FA 2D CE B9 85 7E (33)
                              [N11:NG] NGSWSTATE 0 (0)
                              [N12:Z] GETPOS 255 250 45 206 (-381490)
2026-01-07 10:46:53:481 [IN ] C8 24 0B 0A 25 A5 0B 01 31 02 DE 00 1D CD CE C8 24 0C 0D 25 A5 0C 01 31 05 82 FF F7 21 3D 19 D3 7E (33)
                              [N11:NG] NGSWSTATE 0 (0)
                              [N12:Z] GETPOS 255 247 33 61 (-581315)
2026-01-07 10:46:54:483 [IN ] C8 24 0C 0D 25 A5 0C 01 31 05 82 FF F4 07 02 C1 5B 7E C8 24 0B 0A 25 A5 0B 01 31 02 DE 00 1D CD 02 (33)
                              [N12:Z] GETPOS 255 244 7 2 (-784638)
                              [N11:NG] NGSWSTATE 0 (0)
2026-01-07 10:46:55:488 [IN ] C8 24 0B 0A 25 A5 0B 01 31 02 DE 00 1D CD 02 C8 24 0C 0D 25 A5 0C 01 31 05 82 FF F0 EE DA 7C F5 7E (33)
                              [N11:NG] NGSWSTATE 0 (0)
                              [N12:Z] GETPOS 255 240 238 218 (-987430)
2026-01-07 10:46:56:093 [IN ] C8 24 06 0B 25 A5 06 01 31 03 81 5A 4C 62 B4 7C C8 24 06 0A 25 A5 06 01 31 02 81 49 04 3E B4 (31)
                              [N6:H] TPOS 'Z' 76 (76)
                              [N6:H] TPOS 'I'
2026-01-07 10:46:56:315 [OUT] 25 A5 01 06 31 03 C9 3D 09 4A 0A (11)
                              [N6:H] LFLAG '=' 9 (9)
2026-01-07 10:46:56:485 [IN ] C8 24 06 0B 25 A5 06 01 31 03 C9 3A 09 47 09 7C (16)
                              [N6:H] LFLAG ':' 9 (9)
2026-01-07 10:46:56:506 [OUT] 25 A5 01 06 31 03 84 00 50 0F 08 (11)
                              [N6:H] VEL 0 80 (80)
2026-01-07 10:46:56:508 [IN ] C8 24 0B 0A 25 A5 0B 01 31 02 DE 00 1D CD 09 C8 24 0C 0D 25 A5 0C 01 31 05 82 FF ED C8 9A 13 60 7E (33)
                              [N11:NG] NGSWSTATE 0 (0)
                              [N12:Z] GETPOS 255 237 200 154 (-1193830)
2026-01-07 10:46:56:676 [IN ] C8 24 06 0C 25 A5 06 01 31 04 84 53 00 50 63 CA 60 (17)
                              [N6:H] VEL 'S' 0 80 (80)
2026-01-07 10:46:56:697 [OUT] 25 A5 01 06 31 05 81 00 19 82 3C 95 BE (13)
                              [N6:H] TPOS 0 25 130 60 (1671740)
2026-01-07 10:46:56:886 [IN ] C8 24 06 0E 25 A5 06 01 31 06 81 53 00 00 00 00 12 9C 0A (19)
                              [N6:H] TPOS 'S' 0 0 0 0 (0)
2026-01-07 10:46:57:488 [IN ] C8 24 03 0E 25 A5 03 01 31 06 81 45 FF EC 47 EB 1E 71 0A (19)
                              [N3:X] TPOS 'E' 255 236 71 235 (-1292309)
2026-01-07 10:46:57:689 [IN ] C8 24 0B 0A 25 A5 0B 01 31 02 DE 00 1D CD 47 C8 24 0C 0D 25 A5 0C 01 31 05 82 FF EA 93 B8 F9 0B 71 (33)
                              [N11:NG] NGSWSTATE 0 (0)
                              [N12:Z] GETPOS 255 234 147 184 (-1403976)
2026-01-07 10:46:57:912 [OUT] 25 A5 01 03 31 05 81 FF FD 50 01 08 AF (13)
                              [N3:X] TPOS 255 253 80 1 (-176127)
2026-01-07 10:46:57:933 [IN ] C8 24 04 0E 25 A5 04 01 31 06 81 45 FF FD 50 23 71 F8 0A (19)
                              [N4:Y] TPOS 'E' 255 253 80 35 (-176093)
2026-01-07 10:46:58:102 [IN ] C8 24 03 0E 25 A5 03 01 31 06 81 53 FF EC 47 EB 2C B7 0A (19)
                              [N3:X] TPOS 'S' 255 236 71 235 (-1292309)
2026-01-07 10:46:58:505 [IN ] C8 24 0B 0A 25 A5 0B 01 31 02 DE 00 1D CD 47 C8 24 0C 0D 25 A5 0C 01 31 05 82 FF E7 63 90 9E 7A B7 (33)
                              [N11:NG] NGSWSTATE 0 (0)
                              [N12:Z] GETPOS 255 231 99 144 (-1612912)
2026-01-07 10:46:58:907 [IN ] C8 24 09 0E 25 A5 09 01 31 06 81 45 FF E7 5A 36 7D 0F 0A (19)
                              [N9:P] TPOS 'E' 255 231 90 54 (-1615306)
2026-01-07 10:46:59:333 [OUT] 25 A5 01 09 31 05 81 FF FF D9 C8 60 BE (13)
                              [N9:P] TPOS 255 255 217 200 (-9784)
2026-01-07 10:46:59:522 [IN ] C8 24 09 0E 25 A5 09 01 31 06 81 53 FF E7 5A 37 8C 56 0A C8 24 0B 0A 25 A5 0B 01 31 02 DE 00 1D CD 5A C8 24 0C 0D 25 A5 0C 01 31 05 82 FF E4 26 62 30 C9 56 (52)
                              [N9:P] TPOS 'S' 255 231 90 55 (-1615305)
                              [N11:NG] NGSWSTATE 0 (0)
                              [N12:Z] GETPOS 255 228 38 98 (-1825182)
2026-01-07 10:47:00:527 [IN ] C8 24 (2)
2026-01-07 10:47:00:728 [IN ] 0B 0A 25 A5 0B 01 31 02 DE 00 1D CD 62 C8 24 0C 0D 25 A5 0C 01 31 05 82 FF E0 E7 8E 19 6B 56 (31)
                              [N11:NG] NGSWSTATE 0 (0)
                              [N12:Z] GETPOS 255 224 231 142 (-2037874)
2026-01-07 10:47:01:532 [IN ] C8 24 0B 0A 25 A5 0B 01 31 02 DE 00 1D CD 8E C8 24 0C 0D 25 (20)
                              [N11:NG] NGSWSTATE 0 (0)
2026-01-07 10:47:01:733 [IN ] A5 0C 01 31 05 82 FF DD A8 E8 31 3E 56 (13)
                              [N12:Z] GETPOS 255 221 168 232 (-2250520)
2026-01-07 10:47:02:538 [IN ] C8 24 0B 0A 25 A5 0B 01 31 02 DE 00 1D CD E8 C8 24 0C 0D 25 A5 0C 01 31 05 82 FF DA 5F 62 5F 1D 56 (33)
                              [N11:NG] NGSWSTATE 0 (0)
                              [N12:Z] GETPOS 255 218 95 98 (-2465950)
2026-01-07 10:47:03:543 [IN ] C8 24 0C 0D 25 A5 0C 01 31 05 82 FF D7 1A 8C 41 B4 56 (18)
                              [N12:Z] GETPOS 255 215 26 140 (-2680180)
2026-01-07 10:47:03:745 [IN ] C8 24 0B 0A 25 A5 0B 01 31 02 DE 00 1D CD 8C (15)
                              [N11:NG] NGSWSTATE 0 (0)
2026-01-07 10:47:04:750 [IN ] C8 24 0B 0A 25 A5 0B 01 31 02 DE 00 1D CD 8C C8 24 0C 0D 25 A5 0C 01 31 05 82 FF D3 CC 9D 00 1D 56 C8 24 06 0E 25 A5 06 01 31 06 81 45 00 19 85 E9 8B 94 0A (52)
                              [N11:NG] NGSWSTATE 0 (0)
                              [N12:Z] GETPOS 255 211 204 157 (-2896739)
                              [N6:H] TPOS 'E' 0 25 133 233 (1672681)
2026-01-07 10:47:05:173 [OUT] 25 A5 01 06 31 05 81 00 0D D6 C6 67 CC (13)
                              [N6:H] TPOS 0 13 214 198 (906950)
2026-01-07 10:47:05:362 [IN ] C8 24 06 0E 25 A5 06 01 31 06 81 53 00 19 85 E9 99 DA 0A (19)
                              [N6:H] TPOS 'S' 0 25 133 233 (1672681)
2026-01-07 10:47:05:564 [IN ] C8 24 0B 0A 25 A5 0B 01 31 02 DE 00 1D CD 85 C8 24 0C 0D 25 A5 0C 01 31 05 82 FF D0 7E 34 46 0F DA (33)
                              [N11:NG] NGSWSTATE 0 (0)
                              [N12:Z] GETPOS 255 208 126 52 (-3113420)
2026-01-07 10:47:06:568 [IN ] C8 24 03 0E 25 A5 03 01 31 06 81 45 FF FD 50 26 73 F1 0A C8 24 0B 0A 25 A5 0B 01 31 02 DE 00 1D CD 50 C8 24 0C 0D 25 A5 0C 01 31 05 82 FF CD 2D D6 94 06 F1 (52)
                              [N3:X] TPOS 'E' 255 253 80 38 (-176090)
                              [N11:NG] NGSWSTATE 0 (0)
                              [N12:Z] GETPOS 255 205 45 214 (-3330602)
2026-01-07 10:47:07:774 [IN ] C8 24 0B 0A 25 A5 0B 01 31 02 DE 00 1D CD D6 C8 24 0C 0D 25 A5 0C 01 31 05 82 FF C9 D8 78 DD F2 F1 C8 24 09 0E 25 A5 09 01 31 06 81 45 FF FF DC 53 34 78 0A (52)
                              [N11:NG] NGSWSTATE 0 (0)
                              [N12:Z] GETPOS 255 201 216 120 (-3549064)
                              [N9:P] TPOS 'E' 255 255 220 83 (-9133)
2026-01-07 10:47:07:997 [OUT] 25 A5 01 08 31 02 D8 3F 53 E7 (10)
                              [N8:R] INTERRUPT '?'
2026-01-07 10:47:08:299 [IN ] C8 24 08 0C 25 A5 08 01 31 04 D8 3A 01 01 52 92 34 (17)
                              [N8:R] INTERRUPT ':' 1 1 (257)
2026-01-07 10:47:08:320 [OUT] 25 A5 01 08 31 03 CA 3D 0B 4F 1B (11)
                              [N8:R] RFLAG '=' 11 (11)
2026-01-07 10:47:08:486 [IN ] C8 24 08 0B 25 A5 08 01 31 03 CA 3A 0B 4C 1C 92 (16)
                              [N8:R] RFLAG ':' 11 (11)
2026-01-07 10:47:08:507 [OUT] 25 A5 01 08 31 03 88 00 50 15 20 (11)
                              [N8:R] RUN 0 80 (80)
2026-01-07 10:47:08:570 [IN ] C8 24 (2)
2026-01-07 10:47:08:591 [IN ] 0C 0D 25 A5 0C 01 31 05 82 FF C6 82 52 5E 17 78 C8 (17)
                              [N12:Z] GETPOS 255 198 130 82 (-3767726)
2026-01-07 10:47:08:612 [IN ] 24 0B 0A 25 A5 0B 01 31 02 DE 00 1D CD 52 (14)
                              [N11:NG] NGSWSTATE 0 (0)
2026-01-07 10:47:08:676 [IN ] C8 24 08 0C 25 A5 08 01 31 04 88 53 00 50 69 EA 17 (17)
                              [N8:R] RUN 'S' 0 80 (80)
2026-01-07 10:47:08:878 [IN ] C8 24 06 0E 25 A5 06 01 31 06 81 45 00 0D D1 F5 D7 14 0A (19)
                              [N6:H] TPOS 'E' 0 13 209 245 (905717)
2026-01-07 10:47:09:100 [OUT] 25 A5 01 05 31 02 D8 3F 50 D8 (10)
                              [N5:V] INTERRUPT '?'
2026-01-07 10:47:09:402 [IN ] C8 24 05 0C 25 A5 05 01 31 04 D8 3A 01 01 4F 7A D7 (17)
                              [N5:V] INTERRUPT ':' 1 1 (257)
2026-01-07 10:47:09:424 [OUT] 25 A5 01 05 31 03 C9 3D 0B 4B 06 (11)
                              [N5:V] LFLAG '=' 11 (11)
2026-01-07 10:47:09:592 [IN ] C8 24 05 0B 25 A5 05 01 31 03 C9 3A 0B 48 04 7A C8 24 0B 0A 25 A5 0B 01 31 02 DE 00 1D CD 04 C8 24 0C 0D 25 A5 (37)
                              [N5:V] LFLAG ':' 11 (11)
                              [N11:NG] NGSWSTATE 0 (0)
2026-01-07 10:47:09:613 [OUT] 25 A5 01 05 31 03 88 FF B0 71 6C (11)
                              [N5:V] RUN 255 176 (-80)
2026-01-07 10:47:09:614 [IN ] 0C 01 31 05 82 FF C3 2C 9A 4D AA 14 (12)
                              [N12:Z] GETPOS 255 195 44 154 (-3986278)
2026-01-07 10:47:09:782 [IN ] C8 24 05 0C 25 A5 05 01 31 04 88 53 FF B0 C5 30 AA (17)
                              [N5:V] RUN 'S' 255 176 (-80)
2026-01-07 10:47:10:787 [IN ] C8 24 0B 0A 25 A5 0B 01 31 02 DE 00 1D CD C5 C8 24 0C 0D 25 A5 0C 01 31 05 82 FF BF DD 8E EE F4 14 (33)
                              [N11:NG] NGSWSTATE 0 (0)
                              [N12:Z] GETPOS 255 191 221 142 (-4203122)
2026-01-07 10:47:11:791 [IN ] C8 24 0B 0A 25 A5 0B 01 31 02 DE 00 1D CD 8E C8 24 0C 0D 25 A5 0C 01 31 05 82 FF BC CC 1F 6B 5A 14 C8 24 0C 0E 25 A5 0C 01 31 06 81 45 FF BC CC 2D BE 87 0A (52)
                              [N11:NG] NGSWSTATE 0 (0)
                              [N12:Z] GETPOS 255 188 204 31 (-4404193)
                              [N12:Z] TPOS 'E' 255 188 204 45 (-4404179)
2026-01-07 10:47:12:215 [OUT] 25 A5 01 0C 31 05 81 FF D7 04 00 9E EC (13)
                              [N12:Z] TPOS 255 215 4 0 (-2685952)
2026-01-07 10:47:12:383 [IN ] C8 24 0C 0E 25 A5 0C 01 31 06 81 53 FF BC CC 41 E0 E1 0A (19)
                              [N12:Z] TPOS 'S' 255 188 204 65 (-4404159)
2026-01-07 10:47:12:785 [IN ] C8 24 0C 0D 25 A5 0C 01 31 05 82 FF BD 82 FD 00 A7 E1 C8 24 0B 0A 25 A5 0B 01 31 02 DE 00 1D CD FD (33)
                              [N12:Z] GETPOS 255 189 130 253 (-4357379)
                              [N11:NG] NGSWSTATE 0 (0)
2026-01-07 10:47:13:789 [IN ] C8 24 0B 0A 25 A5 0B 01 31 02 DE 00 1D CD FD C8 24 0C 0D 25 A5 0C 01 31 05 82 FF C0 D8 DD 39 3C E1 (33)
                              [N11:NG] NGSWSTATE 0 (0)
                              [N12:Z] GETPOS 255 192 216 221 (-4138787)
2026-01-07 10:47:14:393 [IN ] C8 24 05 0B 25 A5 05 01 31 03 81 5A 4C 61 AD 39 C8 24 05 0A 25 A5 05 01 31 02 81 49 03 38 AD (31)
                              [N5:V] TPOS 'Z' 76 (76)
                              [N5:V] TPOS 'I'
2026-01-07 10:47:14:616 [OUT] 25 A5 01 05 31 03 C9 3D 09 49 04 (11)
                              [N5:V] LFLAG '=' 9 (9)
2026-01-07 10:47:14:640 [IN ] C8 24 0B 0A 25 A5 0B 01 31 02 DE 00 1D CD AD C8 24 0C 0D 25 A5 0C 01 31 05 82 FF C4 35 DF 9C 04 E1 (33)
                              [N11:NG] NGSWSTATE 0 (0)
                              [N12:Z] GETPOS 255 196 53 223 (-3918369)
2026-01-07 10:47:14:786 [IN ] C8 24 05 0B 25 A5 05 01 31 03 C9 3A 09 46 02 9C (16)
                              [N5:V] LFLAG ':' 9 (9)
2026-01-07 10:47:14:807 [OUT] 25 A5 01 05 31 03 84 00 50 0E 02 (11)
                              [N5:V] VEL 0 80 (80)
2026-01-07 10:47:14:974 [IN ] C8 24 05 0C 25 A5 05 01 31 04 84 53 00 50 62 C2 04 (17)
                              [N5:V] VEL 'S' 0 80 (80)
2026-01-07 10:47:14:994 [OUT] 25 A5 01 05 31 05 81 00 19 82 3C 94 B6 (13)
                              [N5:V] TPOS 0 25 130 60 (1671740)
2026-01-07 10:47:15:162 [IN ] C8 24 05 0E 25 A5 05 01 31 06 81 53 00 00 00 (15)
2026-01-07 10:47:15:183 [IN ] 00 11 92 0A (4)
                              [N5:V] TPOS 'S' 0 0 0 0 (0)
2026-01-07 10:47:15:385 [IN ] C8 24 07 0E 25 A5 07 01 31 06 81 45 FF AB 14 5D 20 E2 0A (19)
                              [N7:N] TPOS 'E' 255 171 20 93 (-5565347)
2026-01-07 10:47:15:789 [IN ] C8 24 0B 0A 25 A5 0B 01 31 02 DE 00 1D CD 14 C8 24 0C 0D 25 A5 0C 01 31 05 82 FF C7 91 9E BA 84 E2 (33)
                              [N11:NG] NGSWSTATE 0 (0)
                              [N12:Z] GETPOS 255 199 145 158 (-3698274)
2026-01-07 10:47:15:810 [OUT] 25 A5 01 07 31 05 81 FF F0 47 34 29 C9 (13)
                              [N7:N] TPOS 255 240 71 52 (-1030348)
2026-01-07 10:47:15:833 [IN ] C8 24 08 0B 25 A5 08 01 31 03 81 5A 52 6A C8 BA (16)
                              [N8:R] TPOS 'Z' 82 (82)
2026-01-07 10:47:15:877 [IN ] C8 24 08 0A 25 A5 08 01 31 02 81 49 06 4A C8 (15)
                              [N8:R] TPOS 'I'
2026-01-07 10:47:15:920 [OUT] 25 A5 01 08 31 03 CA 3D 09 4D 19 (11)
                              [N8:R] RFLAG '=' 9 (9)
2026-01-07 10:47:16:004 [IN ] C8 24 07 0E 25 A5 07 01 31 06 81 53 FF AB 14 5D 2E 28 0A (19)
                              [N7:N] TPOS 'S' 255 171 20 93 (-5565347)
2026-01-07 10:47:16:088 [IN ] C8 24 08 0B 25 A5 08 01 31 03 CA 3A 09 4A 1A 5D (16)
                              [N8:R] RFLAG ':' 9 (9)
2026-01-07 10:47:16:110 [OUT] 25 A5 01 08 31 05 81 FF DC 77 1D 2F DE (13)
                              [N8:R] TPOS 255 220 119 29 (-2328803)
2026-01-07 10:47:16:297 [IN ] C8 24 08 0E 25 A5 08 01 31 06 81 53 FF FF FF E3 F4 8A 0A (19)
                              [N8:R] TPOS 'S' 255 255 255 227 (-29)
2026-01-07 10:47:16:699 [IN ] C8 24 0B 0A 25 A5 0B 01 31 02 DE 00 1D CD FF C8 24 0C 0D 25 A5 0C 01 31 05 82 FF CA F0 E2 60 8F 8A (33)
                              [N11:NG] NGSWSTATE 0 (0)
                              [N12:Z] GETPOS 255 202 240 226 (-3477278)
2026-01-07 10:47:17:703 [IN ] C8 24 0C 0D 25 A5 0C 01 31 05 82 FF CE 46 DD B5 42 8A C8 24 0B 0A 25 A5 0B 01 31 02 DE 00 1D CD DD (33)
                              [N12:Z] GETPOS 255 206 70 221 (-3258659)
                              [N11:NG] NGSWSTATE 0 (0)
2026-01-07 10:47:18:707 [IN ] C8 24 0B 0A 25 A5 0B 01 31 02 DE 00 1D CD DD C8 24 0C 0D 25 A5 0C 01 31 05 82 FF D1 9F 27 5B 47 8A (33)
                              [N11:NG] NGSWSTATE 0 (0)
                              [N12:Z] GETPOS 255 209 159 39 (-3039449)
2026-01-07 10:47:19:712 [IN ] C8 24 0B 0A 25 A5 0B 01 31 02 DE 00 1D CD 27 C8 24 0C 0D 25 A5 0C 01 31 05 82 FF D4 ED 1D A2 E2 8A (33)
                              [N11:NG] NGSWSTATE 0 (0)
                              [N12:Z] GETPOS 255 212 237 29 (-2822883)
2026-01-07 10:47:20:515 [IN ] C8 24 0C 0E 25 A5 0C 01 31 06 81 45 FF D7 07 DF C6 00 0A (19)
                              [N12:Z] TPOS 'E' 255 215 7 223 (-2684961)
2026-01-07 10:47:20:717 [IN ] C8 24 0B 0A 25 A5 0B 01 31 02 DE 00 1D CD 07 C8 24 0C 0D 25 A5 0C 01 31 05 82 FF D7 07 C6 68 C8 00 (33)
                              [N11:NG] NGSWSTATE 0 (0)
                              [N12:Z] GETPOS 255 215 7 198 (-2684986)
2026-01-07 10:47:21:723 [IN ] C8 24 0C 0D 25 A5 0C 01 31 05 82 FF D7 07 BE 60 C0 00 C8 24 0B 0A 25 A5 0B 01 31 02 DE 00 1D CD BE (33)
                              [N12:Z] GETPOS 255 215 7 190 (-2684994)
                              [N11:NG] NGSWSTATE 0 (0)
2026-01-07 10:47:22:727 [IN ] C8 24 0B 0A 25 A5 0B 01 31 02 DE 00 1D CD BE C8 24 0C 0D 25 A5 0C 01 31 05 82 FF D7 07 BD 5F BF 00 (33)
                              [N11:NG] NGSWSTATE 0 (0)
                              [N12:Z] GETPOS 255 215 7 189 (-2684995)
2026-01-07 10:47:22:928 [IN ] C8 24 05 0E 25 A5 05 01 31 06 81 45 00 19 86 44 E6 E7 0A (19)
                              [N5:V] TPOS 'E' 0 25 134 68 (1672772)
2026-01-07 10:47:23:352 [OUT] 25 A5 01 05 31 05 81 00 0B F4 5C 18 90 (13)
                              [N5:V] TPOS 0 11 244 92 (783452)
2026-01-07 10:47:23:542 [IN ] C8 24 05 0E 25 A5 05 01 31 06 81 53 00 19 86 44 F4 2D 0A (19)
                              [N5:V] TPOS 'S' 0 25 134 68 (1672772)
2026-01-07 10:47:23:743 [IN ] C8 24 0B 0A 25 A5 0B 01 31 02 DE 00 1D CD 86 C8 24 0C 0D 25 A5 0C 01 31 05 82 FF D7 07 BD 5F BF 2D (33)
                              [N11:NG] NGSWSTATE 0 (0)
                              [N12:Z] GETPOS 255 215 7 189 (-2684995)
2026-01-07 10:47:24:749 [IN ] C8 24 0B 0A 25 A5 0B 01 31 02 DE 00 1D CD BD C8 24 0C 0D 25 A5 0C 01 31 05 82 FF D7 07 BD 5F BF 2D (33)
                              [N11:NG] NGSWSTATE 0 (0)
                              [N12:Z] GETPOS 255 215 7 189 (-2684995)
2026-01-07 10:47:25:754 [IN ] C8 24 0B 0A 25 A5 0B 01 31 02 DE 00 1D CD BD C8 24 0C 0D 25 A5 0C 01 31 05 82 FF D7 07 BD 5F BF 2D (33)
                              [N11:NG] NGSWSTATE 0 (0)
                              [N12:Z] GETPOS 255 215 7 189 (-2684995)
2026-01-07 10:47:26:758 [IN ] C8 24 0C 0D 25 A5 0C 01 31 05 82 FF D7 07 BD 5F BF 2D C8 24 0B 0A 25 A5 0B 01 31 02 DE 00 1D CD BD (33)
                              [N12:Z] GETPOS 255 215 7 189 (-2684995)
                              [N11:NG] NGSWSTATE 0 (0)
2026-01-07 10:47:27:761 [IN ] C8 24 0B 0A 25 A5 0B 01 31 02 DE 00 1D CD BD C8 24 0C 0D 25 A5 0C 01 31 05 82 FF D7 07 BD 5F BF 2D (33)
                              [N11:NG] NGSWSTATE 0 (0)
                              [N12:Z] GETPOS 255 215 7 189 (-2684995)
2026-01-07 10:47:28:565 [IN ] C8 24 08 0E 25 A5 08 01 31 06 81 45 FF DC 74 DF 34 C1 0A (19)
                              [N8:R] TPOS 'E' 255 220 116 223 (-2329377)
2026-01-07 10:47:28:769 [IN ] C8 24 0B 0A 25 A5 0B 01 31 02 DE 00 1D CD 74 C8 24 0C 0D 25 A5 0C 01 31 05 82 FF D7 07 BD 5F BF C1 (33)
                              [N11:NG] NGSWSTATE 0 (0)
                              [N12:Z] GETPOS 255 215 7 189 (-2684995)
2026-01-07 10:47:28:992 [OUT] 25 A5 01 08 31 05 81 FF ED 7C 72 9A 70 (13)
                              [N8:R] TPOS 255 237 124 114 (-1213326)
2026-01-07 10:47:29:076 [IN ] C8 24 05 0E 25 A5 05 01 31 06 81 45 00 0B F2 A8 A8 F9 0A (19)
                              [N5:V] TPOS 'E' 0 11 242 168 (783016)
2026-01-07 10:47:29:119 [OUT] 25 A5 01 03 31 05 81 FF EE D9 7C FD 0F (13)
                              [N3:X] TPOS 255 238 217 124 (-1123972)
2026-01-07 10:47:29:141 [OUT] 25 A5 01 04 31 05 81 FF F3 EB 54 ED 22 (13)
                              [N4:Y] TPOS 255 243 235 84 (-791724)
2026-01-07 10:47:29:184 [IN ] C8 24 08 0E 25 A5 08 01 31 06 81 (11)
2026-01-07 10:47:29:206 [IN ] 53 FF DC 74 E0 43 08 0A (8)
                              [N8:R] TPOS 'S' 255 220 116 224 (-2329376)
2026-01-07 10:47:29:311 [IN ] C8 24 03 0E 25 A5 03 01 31 06 81 53 FF FD 50 26 81 37 0A (19)
                              [N3:X] TPOS 'S' 255 253 80 38 (-176090)
2026-01-07 10:47:29:436 [IN ] C8 24 04 0E 25 A5 04 01 31 06 81 53 FF FD 50 23 7F 3E 0A (19)
                              [N4:Y] TPOS 'S' 255 253 80 35 (-176093)
2026-01-07 10:47:29:838 [IN ] C8 24 0B 0A 25 A5 0B 01 31 02 DE 00 1D CD 50 C8 24 0C 0D 25 A5 0C 01 31 05 82 FF D7 07 BD 5F BF 3E (33)
                              [N11:NG] NGSWSTATE 0 (0)
                              [N12:Z] GETPOS 255 215 7 189 (-2684995)
2026-01-07 10:47:30:841 [IN ] C8 24 0C 0D 25 A5 0C 01 31 05 82 FF D7 07 BD 5F BF 3E C8 24 0B 0A 25 A5 0B 01 31 02 DE 00 1D CD BD (33)
                              [N12:Z] GETPOS 255 215 7 189 (-2684995)
                              [N11:NG] NGSWSTATE 0 (0)
2026-01-07 10:47:31:847 [IN ] C8 24 0B 0A 25 A5 0B 01 31 02 DE 00 1D CD BD C8 24 0C 0D 25 A5 0C 01 31 05 82 FF D7 07 BD 5F BF 3E (33)
                              [N11:NG] NGSWSTATE 0 (0)
                              [N12:Z] GETPOS 255 215 7 189 (-2684995)
2026-01-07 10:47:32:649 [IN ] C8 24 04 0E 25 A5 04 01 31 06 81 45 FF F3 E8 61 3D 48 0A (19)
                              [N4:Y] TPOS 'E' 255 243 232 97 (-792479)
2026-01-07 10:47:32:851 [IN ] C8 24 0B 0A 25 A5 0B 01 31 02 DE 00 1D CD E8 C8 24 0C 0D 25 A5 0C 01 31 05 82 FF D7 07 BD 5F BF 48 (33)
                              [N11:NG] NGSWSTATE 0 (0)
                              [N12:Z] GETPOS 255 215 7 189 (-2684995)
2026-01-07 10:47:33:856 [IN ] C8 24 0B 0A 25 A5 0B 01 31 02 DE 00 1D CD BD C8 24 0C 0D 25 A5 0C 01 31 05 82 FF D7 07 BD 5F BF 48 (33)
                              [N11:NG] NGSWSTATE 0 (0)
                              [N12:Z] GETPOS 255 215 7 189 (-2684995)
2026-01-07 10:47:34:057 [IN ] C8 24 03 0E 25 A5 03 01 31 06 81 45 FF EE D6 BC 80 66 0A (19)
                              [N3:X] TPOS 'E' 255 238 214 188 (-1124676)
2026-01-07 10:47:34:862 [IN ] C8 24 0C 0D 25 A5 0C 01 31 05 82 FF D7 07 BD 5F BF 66 (18)
                              [N12:Z] GETPOS 255 215 7 189 (-2684995)
2026-01-07 10:47:35:666 [IN ] C8 24 08 0E 25 A5 08 01 31 06 81 45 FF ED 7E 67 D7 90 0A (19)
                              [N8:R] TPOS 'E' 255 237 126 103 (-1212825)
2026-01-07 10:47:35:868 [IN ] C8 24 0C 0D 25 A5 0C 01 31 05 82 FF D7 07 BD 5F BF 90 (18)
                              [N12:Z] GETPOS 255 215 7 189 (-2684995)
2026-01-07 10:47:36:069 [IN ] C8 24 07 0E 25 A5 07 01 31 06 81 45 FF F0 4C 03 43 C7 0A (19)
                              [N7:N] TPOS 'E' 255 240 76 3 (-1029117)
