2026-01-07 13:45:23:461 [OUT] 25 A5 01 0A 31 05 D6 3D FF 00 00 53 ED (13)
                              [N10:HMI] HMILED '=' 255 0 0 (16711680)
2026-01-07 13:45:23:483 [OUT] 25 A5 01 04 31 07 E7 3D 65 00 00 00 B4 7A 90 (15)
                              [N4:Y] LONG32VALUE '=' 'e' 0 0 0 180 (180)
2026-01-07 13:45:23:504 [OUT] 25 A5 01 03 31 07 E7 3D 65 00 00 00 69 2E 3B (15)
                              [N3:X] LONG32VALUE '=' 'e' 0 0 0 105 (105)
2026-01-07 13:45:23:651 [IN ] C8 24 0A 0D 25 A5 0A 01 31 05 D6 3A FF 00 00 50 EA 23 (18)
                              [N10:HMI] HMILED ':' 255 0 0 (16711680)
2026-01-07 13:45:23:819 [IN ] C8 24 04 0F 25 A5 04 01 31 07 E7 3A 65 00 00 00 B4 77 81 02 (20)
                              [N4:Y] LONG32VALUE ':' 'e' 0 0 0 180 (180)
2026-01-07 13:45:23:840 [OUT] 25 A5 01 04 31 05 81 FF F3 69 1D 34 E7 (13)
                              [N4:Y] TPOS 255 243 105 29 (-825059)
2026-01-07 13:45:23:967 [IN ] C8 24 03 0F 25 A5 03 01 31 07 E7 3A 65 00 00 00 69 2B 2B 02 (20)
                              [N3:X] LONG32VALUE ':' 'e' 0 0 0 105 (105)
2026-01-07 13:45:23:988 [OUT] 25 A5 01 03 31 05 81 FF F7 2C 6A 47 BE (13)
                              [N3:X] TPOS 255 247 44 106 (-578454)
2026-01-07 13:45:24:093 [IN ] C8 24 04 0E 25 A5 04 01 31 06 81 53 FF F2 56 4E A5 54 2B (19)
                              [N4:Y] TPOS 'S' 255 242 86 78 (-895410)
2026-01-07 13:45:24:114 [OUT] 25 A5 01 04 31 01 DB 12 85 (9)
                              [N4:Y] STARTMOVE
2026-01-07 13:45:24:220 [IN ] C8 24 03 0E 25 A5 03 01 31 06 81 53 FF F6 8A CD 5B 3D 2B (19)
                              [N3:X] TPOS 'S' 255 246 138 205 (-619827)
2026-01-07 13:45:24:242 [OUT] 25 A5 01 03 31 01 DB 11 81 (9)
                              [N3:X] STARTMOVE
2026-01-07 13:45:24:283 [IN ] C8 24 0B 0A 25 A5 0B 01 31 02 DE 00 1D CD 8A (15)
                              [N11:NG] NGSWSTATE 0 (0)
2026-01-07 13:45:24:304 [IN ] C8 24 04 0A 25 A5 04 01 31 02 DB 01 14 9E 8A (15)
                              [N4:Y] STARTMOVE ''
2026-01-07 13:45:24:388 [IN ] C8 24 03 0A 25 A5 03 01 31 02 DB 01 13 98 8A (15)
                              [N3:X] STARTMOVE ''
2026-01-07 13:45:24:790 [IN ] C8 24 03 0E 25 A5 03 01 31 06 81 45 FF F7 2D 20 44 93 2B C8 24 04 0E 25 A5 04 01 31 06 81 45 FF F3 6B 9C FB 89 2B (38)
                              [N3:X] TPOS 'E' 255 247 45 32 (-578272)
                              [N4:Y] TPOS 'E' 255 243 107 156 (-824420)
2026-01-07 13:45:25:215 [OUT] 25 A5 01 04 31 07 E7 3D 65 00 00 00 99 5F 75 (15)
                              [N4:Y] LONG32VALUE '=' 'e' 0 0 0 153 (153)
2026-01-07 13:45:25:237 [OUT] 25 A5 01 03 31 07 E7 3D 65 00 00 00 B4 79 86 (15)
                              [N3:X] LONG32VALUE '=' 'e' 0 0 0 180 (180)
2026-01-07 13:45:25:280 [IN ] C8 24 0B 0A 25 A5 0B 01 31 02 DE 00 1D CD 6B (15)
                              [N11:NG] NGSWSTATE 0 (0)
2026-01-07 13:45:25:447 [IN ] C8 24 04 0F 25 A5 04 01 31 07 E7 3A 65 00 00 00 99 5C 66 02 (20)
                              [N4:Y] LONG32VALUE ':' 'e' 0 0 0 153 (153)
2026-01-07 13:45:25:470 [OUT] 25 A5 01 04 31 05 81 FF F8 42 34 29 BF (13)
                              [N4:Y] TPOS 255 248 66 52 (-507340)
2026-01-07 13:45:25:595 [IN ] C8 24 03 0F 25 A5 03 01 31 07 E7 3A 65 00 00 00 B4 76 76 02 (20)
                              [N3:X] LONG32VALUE ':' 'e' 0 0 0 180 (180)
2026-01-07 13:45:25:618 [OUT] 25 A5 01 03 31 05 81 FF F1 7F 8A B4 72 (13)
                              [N3:X] TPOS 255 241 127 138 (-950390)
2026-01-07 13:45:25:681 [IN ] C8 24 04 0E 25 A5 04 01 31 06 81 53 FF (13)
2026-01-07 13:45:25:702 [IN ] F3 6B 9C 09 CF 76 (6)
                              [N4:Y] TPOS 'S' 255 243 107 156 (-824420)
2026-01-07 13:45:25:723 [OUT] 25 A5 01 04 31 01 DB 12 85 (9)
                              [N4:Y] STARTMOVE
2026-01-07 13:45:25:828 [IN ] C8 24 03 0E 25 A5 03 01 31 06 81 53 FF F7 2D 20 52 D9 76 (19)
                              [N3:X] TPOS 'S' 255 247 45 32 (-578272)
2026-01-07 13:45:25:850 [OUT] 25 A5 01 03 31 01 DB 11 81 (9)
                              [N3:X] STARTMOVE
2026-01-07 13:45:25:913 [IN ] C8 24 04 0A 25 A5 04 01 31 02 DB 01 14 9E 2D (15)
                              [N4:Y] STARTMOVE ''
2026-01-07 13:45:25:996 [IN ] C8 24 (2)
2026-01-07 13:45:26:017 [IN ] 03 0A 25 A5 03 01 31 02 DB 01 13 98 2D (13)
                              [N3:X] STARTMOVE ''
2026-01-07 13:45:26:419 [IN ] C8 24 0B 0A 25 A5 0B 01 31 02 DE 00 1D CD 2D (15)
                              [N11:NG] NGSWSTATE 0 (0)
2026-01-07 13:45:27:424 [IN ] C8 24 0B 0A 25 A5 0B 01 31 02 DE 00 1D CD 2D (15)
                              [N11:NG] NGSWSTATE 0 (0)
2026-01-07 13:45:27:626 [IN ] C8 24 04 0E 25 A5 04 01 31 06 81 45 FF F8 44 24 61 D2 76 (19)
                              [N4:Y] TPOS 'E' 255 248 68 36 (-506844)
2026-01-07 13:45:27:828 [IN ] C8 24 03 0E 25 A5 03 01 31 06 81 45 FF F1 7B 9E 0A 9B 76 (19)
                              [N3:X] TPOS 'E' 255 241 123 158 (-951394)
2026-01-07 13:45:28:252 [OUT] 25 A5 01 04 31 03 84 00 50 0D FC (11)
                              [N4:Y] VEL 0 80 (80)
2026-01-07 13:45:28:273 [OUT] 25 A5 01 03 31 03 84 00 50 0C F6 (11)
                              [N3:X] VEL 0 80 (80)
2026-01-07 13:45:28:295 [OUT] 25 A5 01 09 31 05 81 FF EE E8 77 0D 58 (13)
                              [N9:P] TPOS 255 238 232 119 (-1120137)
2026-01-07 13:45:28:316 [OUT] 25 A5 01 05 31 05 81 00 0B DD 4D F2 53 (13)
                              [N5:V] TPOS 0 11 221 77 (777549)
2026-01-07 13:45:28:316 [IN ] C8 24 0B 0A 25 A5 0B 01 31 02 DE 00 1D CD 7B (15)
                              [N11:NG] NGSWSTATE 0 (0)
2026-01-07 13:45:28:338 [OUT] 25 A5 01 06 31 05 81 00 0E 0E 1B F5 94 (13)
                              [N6:H] TPOS 0 14 14 27 (921115)
2026-01-07 13:45:28:360 [OUT] 25 A5 01 07 31 05 81 FF D3 A3 98 CC 8E (13)
                              [N7:N] TPOS 255 211 163 152 (-2907240)
2026-01-07 13:45:28:402 [IN ] C8 24 04 0C 25 A5 04 01 31 04 84 53 00 50 61 BA 0A (17)
                              [N4:Y] VEL 'S' 0 80 (80)
2026-01-07 13:45:28:423 [OUT] 25 A5 01 04 31 05 81 FF F7 5E 58 68 18 (13)
                              [N4:Y] TPOS 255 247 94 88 (-565672)
2026-01-07 13:45:28:529 [IN ] C8 24 03 0C 25 A5 03 01 31 04 84 53 00 50 60 B2 0A (17)
                              [N3:X] VEL 'S' 0 80 (80)
2026-01-07 13:45:28:550 [OUT] 25 A5 01 03 31 05 81 FF F0 B8 43 A5 9A (13)
                              [N3:X] TPOS 255 240 184 67 (-1001405)
2026-01-07 13:45:28:654 [IN ] C8 24 09 0E 25 A5 09 01 31 06 81 53 FF EF 0E 46 57 E5 76 (19)
                              [N9:P] TPOS 'S' 255 239 14 70 (-1110458)
2026-01-07 13:45:28:780 [IN ] C8 24 05 0E 25 A5 05 01 31 06 81 53 00 0B 1E D0 0A BF 76 (19)
                              [N5:V] TPOS 'S' 0 11 30 208 (728784)
2026-01-07 13:45:28:801 [IN ] C8 24 09 0E 25 A5 09 01 31 06 81 45 FF EE E4 D3 AB D5 76 (19)
                              [N9:P] TPOS 'E' 255 238 228 211 (-1121069)
2026-01-07 13:45:28:906 [IN ] C8 24 06 0E 25 A5 06 01 31 06 81 53 00 0F 6B CB 57 6A 76 (19)
                              [N6:H] TPOS 'S' 0 15 107 203 (1010635)
2026-01-07 13:45:29:052 [IN ] C8 24 07 0E 25 A5 07 01 31 06 81 53 FF D4 E0 FE C4 DC 76 (19)
                              [N7:N] TPOS 'S' 255 212 224 254 (-2825986)
2026-01-07 13:45:29:115 [IN ] C8 24 05 0E 25 A5 05 01 31 06 81 45 00 0B E1 7C 6B AB 76 (19)
                              [N5:V] TPOS 'E' 0 11 225 124 (778620)
2026-01-07 13:45:29:178 [IN ] C8 24 04 0E 25 A5 04 01 31 06 81 53 FF F8 44 24 6F 18 76 (19)
                              [N4:Y] TPOS 'S' 255 248 68 36 (-506844)
2026-01-07 13:45:29:324 [IN ] C8 24 03 0E 25 A5 03 01 31 06 81 53 FF F1 7B 9E 18 E1 76 C8 24 0B 0A 25 A5 0B 01 31 02 DE 00 1D CD 7B (34)
                              [N3:X] TPOS 'S' 255 241 123 158 (-951394)
                              [N11:NG] NGSWSTATE 0 (0)
2026-01-07 13:45:29:527 [IN ] C8 24 06 0E 25 A5 06 01 31 06 81 45 00 0E 09 49 64 DB 76 C8 24 07 0E 25 A5 07 01 31 06 81 45 FF D3 9E 27 9C 38 76 (38)
                              [N6:H] TPOS 'E' 0 14 9 73 (919881)
                              [N7:N] TPOS 'E' 255 211 158 39 (-2908633)
2026-01-07 13:45:29:728 [IN ] C8 24 04 0E 25 A5 04 01 31 06 81 45 FF F7 5A 5A AC 31 76 C8 24 03 0E 25 A5 03 01 31 06 81 45 FF F0 B4 B0 54 1C 76 (38)
                              [N4:Y] TPOS 'E' 255 247 90 90 (-566694)
                              [N3:X] TPOS 'E' 255 240 180 176 (-1002320)
