2026-01-07 14:17:58:222 [OUT] 25 A5 01 0A 31 05 D6 3D FF 00 00 53 ED (13)
                              [N10:HMI] HMILED '=' 255 0 0 (16711680)
2026-01-07 14:17:58:246 [OUT] 25 A5 01 09 31 05 81 FF E8 D5 B5 32 5E (13)
                              [N9:P] TPOS 255 232 213 181 (-1518155)
2026-01-07 14:17:58:267 [OUT] 25 A5 01 08 31 05 81 FF EE 0B 91 49 B0 (13)
                              [N8:R] TPOS 255 238 11 145 (-1176687)
2026-01-07 14:17:58:394 [IN ] C8 24 0A 0D 25 A5 0A 01 31 05 D6 3A FF 00 00 50 EA 01 (18)
                              [N10:HMI] HMILED ':' 255 0 0 (16711680)
2026-01-07 14:17:58:543 [IN ] C8 24 09 0E 25 A5 09 01 31 06 81 53 FF EE 06 13 1B 9F 31 (19)
                              [N9:P] TPOS 'S' 255 238 6 19 (-1178093)
2026-01-07 14:17:58:647 [IN ] C8 24 08 0E 25 A5 08 01 31 06 81 53 FF ED 7E 38 B6 A7 31 (19)
                              [N8:R] TPOS 'S' 255 237 126 56 (-1212872)
2026-01-07 14:17:58:849 [IN ] C8 24 0B 0A 25 A5 0B 01 31 02 DE 03 20 D0 7E (15)
                              [N11:NG] NGSWSTATE 3 (3)
2026-01-07 14:17:59:050 [IN ] C8 24 08 0E 25 A5 08 01 31 06 81 45 FF EE 0C DE DD 26 31 (19)
                              [N8:R] TPOS 'E' 255 238 12 222 (-1176354)
2026-01-07 14:17:59:853 [IN ] C8 24 0B 0A 25 A5 0B 01 31 02 DE 03 20 D0 0C (15)
                              [N11:NG] NGSWSTATE 3 (3)
2026-01-07 14:18:00:456 [IN ] C8 24 09 0E 25 A5 09 01 31 06 81 45 FF E8 D2 8D 4D 59 31 (19)
                              [N9:P] TPOS 'E' 255 232 210 141 (-1518963)
