2026-01-07 13:29:17:340 [OUT] 25 A5 01 0A 31 05 D6 3D FF 00 00 53 ED (13)
                              [N10:HMI] HMILED '=' 255 0 0 (16711680)
2026-01-07 13:29:17:364 [OUT] 25 A5 01 04 31 07 E7 3D 65 00 00 00 B4 7A 90 (15)
                              [N4:Y] LONG32VALUE '=' 'e' 0 0 0 180 (180)
2026-01-07 13:29:17:386 [OUT] 25 A5 01 03 31 07 E7 3D 65 00 00 00 49 0E 1B (15)
                              [N3:X] LONG32VALUE '=' 'e' 0 0 0 73 (73)
2026-01-07 13:29:17:533 [IN ] C8 24 0A 0D 25 A5 0A 01 31 05 D6 3A FF 00 00 50 EA C2 (18)
                              [N10:HMI] HMILED ':' 255 0 0 (16711680)
2026-01-07 13:29:17:619 [IN ] C8 24 0B 0A 25 A5 0B 01 31 02 DE 00 1D CD 00 (15)
                              [N11:NG] NGSWSTATE 0 (0)
2026-01-07 13:29:17:704 [IN ] C8 24 04 0F 25 A5 04 01 31 07 E7 3A 65 00 00 00 B4 77 81 01 (20)
                              [N4:Y] LONG32VALUE ':' 'e' 0 0 0 180 (180)
2026-01-07 13:29:17:725 [OUT] 25 A5 01 04 31 05 81 FF EF 74 A0 BE 74 (13)
                              [N4:Y] TPOS 255 239 116 160 (-1084256)
2026-01-07 13:29:17:851 [IN ] C8 24 03 0F 25 A5 03 01 31 07 E7 3A 65 00 00 00 49 0B 0B 01 (20)
                              [N3:X] LONG32VALUE ':' 'e' 0 0 0 73 (73)
2026-01-07 13:29:17:872 [OUT] 25 A5 01 03 31 05 81 FF F2 9F BF 0A EA (13)
                              [N3:X] TPOS 255 242 159 191 (-876609)
2026-01-07 13:29:17:956 [IN ] C8 24 04 0E 25 A5 04 01 31 06 81 53 FF FF 8D 6D 08 08 0B (19)
                              [N4:Y] TPOS 'S' 255 255 141 109 (-29331)
2026-01-07 13:29:17:978 [OUT] 25 A5 01 04 31 01 DB 12 85 (9)
                              [N4:Y] STARTMOVE
2026-01-07 13:29:18:085 [IN ] C8 24 03 0E 25 A5 03 01 31 06 81 53 FF EC 11 10 1B 70 0B (19)
                              [N3:X] TPOS 'S' 255 236 17 16 (-1306352)
2026-01-07 13:29:18:106 [OUT] 25 A5 01 03 31 01 DB 11 81 (9)
                              [N3:X] STARTMOVE
2026-01-07 13:29:18:169 [IN ] C8 24 04 0A 25 A5 04 01 31 02 DB 01 14 9E 11 (15)
                              [N4:Y] STARTMOVE ''
2026-01-07 13:29:18:273 [IN ] C8 24 03 0A 25 A5 03 01 31 02 DB 01 13 98 11 (15)
                              [N3:X] STARTMOVE ''
2026-01-07 13:29:18:676 [IN ] C8 24 0B 0A 25 A5 0B 01 31 02 DE 00 1D CD 11 (15)
                              [N11:NG] NGSWSTATE 0 (0)
2026-01-07 13:29:19:681 [IN ] C8 24 0B 0A 25 A5 0B 01 31 02 DE 00 1D CD 11 (15)
                              [N11:NG] NGSWSTATE 0 (0)
2026-01-07 13:29:20:685 [IN ] C8 24 0B 0A 25 A5 0B 01 31 02 DE 00 1D CD 11 (15)
                              [N11:NG] NGSWSTATE 0 (0)
2026-01-07 13:29:21:690 [IN ] C8 24 0B 0A 25 A5 0B 01 31 02 DE 00 1D CD 11 (15)
                              [N11:NG] NGSWSTATE 0 (0)
2026-01-07 13:29:22:494 [IN ] C8 24 03 0E 25 A5 03 01 31 06 81 45 FF F2 9F 50 E1 98 0B (19)
                              [N3:X] TPOS 'E' 255 242 159 80 (-876720)
2026-01-07 13:29:22:695 [IN ] C8 24 0B 0A 25 A5 0B 01 31 02 DE 00 1D CD 9F (15)
                              [N11:NG] NGSWSTATE 0 (0)
2026-01-07 13:29:22:896 [IN ] C8 24 04 0E 25 A5 04 01 31 06 81 45 FF EF 70 BF 1F AA 0B (19)
                              [N4:Y] TPOS 'E' 255 239 112 191 (-1085249)
2026-01-07 13:29:23:319 [OUT] 25 A5 01 04 31 03 84 00 50 0D FC (11)
                              [N4:Y] VEL 0 80 (80)
2026-01-07 13:29:23:342 [OUT] 25 A5 01 03 31 03 84 00 50 0C F6 (11)
                              [N3:X] VEL 0 80 (80)
2026-01-07 13:29:23:489 [IN ] C8 24 04 0C 25 A5 04 01 31 04 84 53 00 50 61 BA 1F (17)
                              [N4:Y] VEL 'S' 0 80 (80)
2026-01-07 13:29:23:510 [OUT] 25 A5 01 04 31 05 81 FF EE 67 FB 0B B2 (13)
                              [N4:Y] TPOS 255 238 103 251 (-1153029)
2026-01-07 13:29:23:595 [IN ] C8 24 03 0C 25 A5 03 01 31 04 84 53 00 50 60 B2 1F (17)
                              [N3:X] VEL 'S' 0 80 (80)
2026-01-07 13:29:23:618 [OUT] 25 A5 01 03 31 05 81 FF F2 0E 65 1F 6E (13)
                              [N3:X] TPOS 255 242 14 101 (-913819)
2026-01-07 13:29:23:682 [IN ] C8 24 0B 0A 25 A5 0B 01 31 02 DE 00 1D CD 60 (15)
                              [N11:NG] NGSWSTATE 0 (0)
2026-01-07 13:29:23:724 [IN ] C8 24 04 0E 25 A5 04 01 31 06 81 53 FF EF 70 C0 2E F1 0B (19)
                              [N4:Y] TPOS 'S' 255 239 112 192 (-1085248)
2026-01-07 13:29:23:850 [IN ] C8 24 03 0E 25 A5 03 01 31 06 81 53 FF F2 9F 4F EE DD 0B (19)
                              [N3:X] TPOS 'S' 255 242 159 79 (-876721)
2026-01-07 13:29:24:252 [IN ] C8 24 03 0E 25 A5 03 01 31 06 81 45 FF F2 0A 3A 36 58 0B C8 24 04 0E 25 A5 04 01 31 06 81 45 FF EE 64 C6 19 96 0B (38)
                              [N3:X] TPOS 'E' 255 242 10 58 (-914886)
                              [N4:Y] TPOS 'E' 255 238 100 198 (-1153850)
