2025-09-04 14:21:59:321 [OUT] 25 A5 01 0A 31 05 D6 3D FF 00 00 53 ED (13)
                              [N10:HMI] HMILED '=' 255 0 0 (16711680)
2025-09-04 14:21:59:347 [OUT] 25 A5 01 0C 31 05 81 FF D4 54 00 EB 83 (13)
                              [N12:Z] TPOS 255 212 84 0 (-2862080)
2025-09-04 14:21:59:368 [OUT] 25 A5 01 03 31 05 81 FF EE 9E 16 5C 33 (13)
                              [N3:X] TPOS 255 238 158 22 (-1139178)
2025-09-04 14:21:59:389 [OUT] 25 A5 01 04 31 05 81 FF F3 B4 EE 50 4E (13)
                              [N4:Y] TPOS 255 243 180 238 (-805650)
2025-09-04 14:21:59:390 [IN ] C8 24 0B 0A 25 A5 0B 01 31 02 DE 00 1D CD 77 (15)
                              [N11:NG] NGSWSTATE 0 (0)
2025-09-04 14:21:59:411 [OUT] 25 A5 01 05 31 05 81 00 0C CC 38 CD 1F (13)
                              [N5:V] TPOS 0 12 204 56 (838712)
2025-09-04 14:21:59:433 [OUT] 25 A5 01 06 31 05 81 00 0C 8F FB 54 70 (13)
                              [N6:H] TPOS 0 12 143 251 (823291)
2025-09-04 14:21:59:455 [OUT] 25 A5 01 08 31 05 81 FF ED AA 50 A6 AA (13)
                              [N8:R] TPOS 255 237 170 80 (-1201584)
2025-09-04 14:21:59:519 [IN ] C8 24 0A 0D 25 A5 0A 01 31 05 D6 3A FF 00 00 50 EA 20 (18)
                              [N10:HMI] HMILED ':' 255 0 0 (16711680)
2025-09-04 14:21:59:644 [IN ] C8 24 0C 0E 25 A5 0C 01 31 06 81 53 FF D1 A1 77 00 00 49 (19)
                              [N12:Z] TPOS 'S' 255 209 161 119 (-3038857)
2025-09-04 14:21:59:771 [IN ] C8 24 03 0E 25 A5 03 01 31 06 81 53 FF F3 22 60 83 F7 49 (19)
                              [N3:X] TPOS 'S' 255 243 34 96 (-843168)
2025-09-04 14:21:59:897 [IN ] C8 24 04 0E 25 A5 04 01 31 06 81 53 FF F8 39 0A 4A E8 49 (19)
                              [N4:Y] TPOS 'S' 255 248 57 10 (-509686)
2025-09-04 14:22:00:044 [IN ] C8 24 05 0E 25 A5 05 01 31 06 81 53 00 0C 5D EA 64 5A 49 (19)
                              [N5:V] TPOS 'S' 0 12 93 234 (810474)
2025-09-04 14:22:00:148 [IN ] C8 24 06 0E 25 A5 06 01 31 06 81 53 00 0C 30 62 B0 82 49 (19)
                              [N6:H] TPOS 'S' 0 12 48 98 (798818)
2025-09-04 14:22:00:295 [IN ] C8 24 05 0E 25 A5 05 01 31 06 81 45 00 0C CF CA A8 D8 49 C8 24 08 0E 25 A5 08 01 31 06 81 53 FF EE 04 A2 A7 20 49 C8 24 0C 0D 25 A5 0C 01 31 05 82 FF D3 63 FF F9 AD 20 (56)
                              [N5:V] TPOS 'E' 0 12 207 202 (839626)
                              [N8:R] TPOS 'S' 255 238 4 162 (-1178462)
                              [N12:Z] GETPOS 255 211 99 255 (-2923521)
2025-09-04 14:22:00:497 [IN ] C8 24 0B 0A 25 A5 0B 01 31 02 DE 00 1D CD FF C8 24 06 0E 25 A5 06 01 31 06 81 45 00 0C 93 31 D4 D1 49 (34)
                              [N11:NG] NGSWSTATE 0 (0)
                              [N6:H] TPOS 'E' 0 12 147 49 (824113)
2025-09-04 14:22:00:699 [IN ] C8 24 08 0E 25 A5 08 01 31 06 81 45 FF ED A9 94 2F 13 49 (19)
                              [N8:R] TPOS 'E' 255 237 169 148 (-1201772)
2025-09-04 14:22:00:900 [IN ] C8 24 0C 0E 25 A5 0C 01 31 06 81 45 FF D4 56 D3 06 89 49 (19)
                              [N12:Z] TPOS 'E' 255 212 86 211 (-2861357)
2025-09-04 14:22:01:301 [IN ] C8 24 0C 0D 25 A5 0C 01 31 05 82 FF D4 56 D3 C1 6A 89 (18)
                              [N12:Z] GETPOS 255 212 86 211 (-2861357)
2025-09-04 14:22:01:502 [IN ] C8 24 0B 0A 25 A5 0B 01 31 02 DE 00 1D CD D3 (15)
                              [N11:NG] NGSWSTATE 0 (0)
2025-09-04 14:22:01:703 [IN ] C8 24 04 0E 25 A5 04 01 31 06 81 45 FF F3 B2 DA 80 55 49 (19)
                              [N4:Y] TPOS 'E' 255 243 178 218 (-806182)
2025-09-04 14:22:01:905 [IN ] C8 24 03 0E 25 A5 03 01 31 06 81 45 FF EE 9C B6 40 EC 49 (19)
                              [N3:X] TPOS 'E' 255 238 156 182 (-1139530)
