2025-09-04 10:33:01:511 [OUT] 25 A5 01 0A 31 05 D6 3D FF 00 00 53 ED (13)
                              [N10:HMI] HMILED '=' 255 0 0 (16711680)
2025-09-04 10:33:01:515 [IN ] C8 24 0B 0A 25 A5 0B 01 31 02 DE 03 20 D0 00 (15)
                              [N11:NG] NGSWSTATE 3 (3)
2025-09-04 10:33:01:536 [OUT] 25 A5 01 04 31 05 81 FF F8 FC C2 71 C1 (13)
                              [N4:Y] TPOS 255 248 252 194 (-459582)
2025-09-04 10:33:01:557 [OUT] 25 A5 01 03 31 05 81 FF E9 84 2A 51 04 (13)
                              [N3:X] TPOS 255 233 132 42 (-1473494)
2025-09-04 10:33:01:579 [OUT] 25 A5 01 05 31 05 81 00 0C 8D FC 52 65 (13)
                              [N5:V] TPOS 0 12 141 252 (822780)
2025-09-04 10:33:01:706 [IN ] C8 24 0A 0D 25 A5 0A 01 31 05 D6 3A FF 00 00 50 EA EB (18)
                              [N10:HMI] HMILED ':' 255 0 0 (16711680)
2025-09-04 10:33:01:832 [IN ] C8 24 04 0E 25 A5 04 01 31 06 81 53 FF F8 FB 01 03 63 35 (19)
                              [N4:Y] TPOS 'S' 255 248 251 1 (-460031)
2025-09-04 10:33:01:915 [IN ] C8 24 04 0E 25 A5 04 01 31 06 81 45 FF F8 FB 08 FC 24 35 (19)
                              [N4:Y] TPOS 'E' 255 248 251 8 (-460024)
2025-09-04 10:33:01:957 [IN ] C8 24 03 0E 25 A5 03 01 31 06 81 53 FF E9 82 (15)
2025-09-04 10:33:01:979 [IN ] DB 54 14 35 (4)
                              [N3:X] TPOS 'S' 255 233 130 219 (-1473829)
2025-09-04 10:33:02:064 [IN ] C8 24 03 0E 25 A5 03 01 31 06 81 45 FF E9 82 E2 4D D5 35 (19)
                              [N3:X] TPOS 'E' 255 233 130 226 (-1473822)
2025-09-04 10:33:02:085 [IN ] C8 24 05 0E 25 A5 05 01 31 06 81 53 00 0C 1C ED 26 DB 35 (19)
                              [N5:V] TPOS 'S' 0 12 28 237 (793837)
2025-09-04 10:33:02:487 [IN ] C8 24 05 0E 25 A5 05 01 31 06 81 45 00 0C 91 7E 1E 10 35 (19)
                              [N5:V] TPOS 'E' 0 12 145 126 (823678)
