2025-09-04 13:49:27:602 [OUT] 25 A5 01 0A 31 05 D6 3D FF 00 00 53 ED (13)
                              [N10:HMI] HMILED '=' 255 0 0 (16711680)
2025-09-04 13:49:27:625 [OUT] 25 A5 01 04 31 07 E7 3D 65 00 00 00 73 39 4F (15)
                              [N4:Y] LONG32VALUE '=' 'e' 0 0 0 115 (115)
2025-09-04 13:49:27:647 [OUT] 25 A5 01 03 31 07 E7 3D 65 00 00 00 87 4C 59 (15)
                              [N3:X] LONG32VALUE '=' 'e' 0 0 0 135 (135)
2025-09-04 13:49:27:795 [IN ] C8 24 0A 0D 25 A5 0A 01 31 05 D6 3A FF 00 00 50 EA 60 (18)
                              [N10:HMI] HMILED ':' 255 0 0 (16711680)
2025-09-04 13:49:27:902 [IN ] C8 24 0B 0A 25 A5 0B 01 31 02 DE 00 1D CD 00 (15)
                              [N11:NG] NGSWSTATE 0 (0)
2025-09-04 13:49:27:965 [IN ] C8 24 04 0F 25 A5 04 01 31 07 E7 3A 65 00 00 00 73 36 40 66 (20)
                              [N4:Y] LONG32VALUE ':' 'e' 0 0 0 115 (115)
2025-09-04 13:49:27:986 [OUT] 25 A5 01 04 31 05 81 FF F9 CC 52 D2 F4 (13)
                              [N4:Y] TPOS 255 249 204 82 (-406446)
2025-09-04 13:49:28:092 [IN ] C8 24 03 0F 25 A5 03 01 31 07 E7 3A 65 00 00 00 87 49 49 66 (20)
                              [N3:X] LONG32VALUE ':' 'e' 0 0 0 135 (135)
2025-09-04 13:49:28:112 [OUT] 25 A5 01 03 31 05 81 FF EA 68 C4 D0 69 (13)
                              [N3:X] TPOS 255 234 104 196 (-1414972)
2025-09-04 13:49:28:218 [IN ] C8 24 04 0E 25 A5 04 01 31 06 81 53 FF F9 08 5D 6D DC 49 (19)
                              [N4:Y] TPOS 'S' 255 249 8 93 (-456611)
2025-09-04 13:49:28:239 [OUT] 25 A5 01 04 31 01 DB 12 85 (9)
                              [N4:Y] STARTMOVE
2025-09-04 13:49:28:345 [IN ] C8 24 03 0E 25 A5 03 01 31 06 81 53 FF E9 83 6B E5 A6 49 (19)
                              [N3:X] TPOS 'S' 255 233 131 107 (-1473685)
2025-09-04 13:49:28:365 [OUT] 25 A5 01 03 31 01 DB 11 81 (9)
                              [N3:X] STARTMOVE
2025-09-04 13:49:28:429 [IN ] C8 24 04 0A 25 A5 04 01 31 02 DB 01 14 9E 83 (15)
                              [N4:Y] STARTMOVE ''
2025-09-04 13:49:28:534 [IN ] C8 24 03 0A 25 A5 03 01 31 02 DB 01 13 98 83 (15)
                              [N3:X] STARTMOVE ''
2025-09-04 13:49:28:938 [IN ] C8 24 04 0E 25 A5 04 01 31 06 81 45 FF F9 CD 2A F1 ED 49 C8 24 0B 0A 25 A5 0B 01 31 02 DE 00 1D CD CD (34)
                              [N4:Y] TPOS 'E' 255 249 205 42 (-406230)
                              [N11:NG] NGSWSTATE 0 (0)
2025-09-04 13:49:29:140 [IN ] C8 24 03 0E 25 A5 03 01 31 06 81 45 FF EA 68 F6 48 B8 49 (19)
                              [N3:X] TPOS 'E' 255 234 104 246 (-1414922)
2025-09-04 13:49:29:564 [OUT] 25 A5 01 04 31 07 E7 3D 65 00 00 00 4C 12 28 (15)
                              [N4:Y] LONG32VALUE '=' 'e' 0 0 0 76 (76)
2025-09-04 13:49:29:586 [OUT] 25 A5 01 03 31 07 E7 3D 65 00 00 00 87 4C 59 (15)
                              [N3:X] LONG32VALUE '=' 'e' 0 0 0 135 (135)
2025-09-04 13:49:29:795 [IN ] C8 24 04 0F 25 A5 04 01 31 07 E7 3A 65 00 00 00 4C 0F 19 66 (20)
                              [N4:Y] LONG32VALUE ':' 'e' 0 0 0 76 (76)
2025-09-04 13:49:29:817 [OUT] 25 A5 01 04 31 05 81 FF F3 E9 EB 82 B5 (13)
                              [N4:Y] TPOS 255 243 233 235 (-792085)
2025-09-04 13:49:29:923 [IN ] C8 24 0B 0A (4)
2025-09-04 13:49:29:944 [IN ] 25 A5 0B 01 31 02 DE 00 1D CD 00 C8 24 03 0F 25 A5 03 01 31 07 E7 3A 65 00 00 00 87 49 49 66 (31)
                              [N11:NG] NGSWSTATE 0 (0)
                              [N3:X] LONG32VALUE ':' 'e' 0 0 0 135 (135)
2025-09-04 13:49:29:965 [OUT] 25 A5 01 03 31 05 81 FF F4 BB C0 29 29 (13)
                              [N3:X] TPOS 255 244 187 192 (-738368)
2025-09-04 13:49:30:069 [IN ] C8 24 04 0E 25 A5 04 01 31 06 81 53 FF F9 CD 2A FF 33 49 (19)
                              [N4:Y] TPOS 'S' 255 249 205 42 (-406230)
2025-09-04 13:49:30:092 [OUT] 25 A5 01 04 31 01 DB 12 85 (9)
                              [N4:Y] STARTMOVE
2025-09-04 13:49:30:177 [IN ] C8 24 03 0E 25 A5 03 01 31 06 81 53 FF EA 68 F6 56 FE 49 (19)
                              [N3:X] TPOS 'S' 255 234 104 246 (-1414922)
2025-09-04 13:49:30:198 [OUT] 25 A5 01 03 31 01 DB 11 81 (9)
                              [N3:X] STARTMOVE
2025-09-04 13:49:30:281 [IN ] C8 24 04 0A 25 A5 04 01 31 02 DB 01 14 9E 68 (15)
                              [N4:Y] STARTMOVE ''
2025-09-04 13:49:30:365 [IN ] C8 24 03 0A 25 A5 03 01 31 02 DB 01 13 98 68 (15)
                              [N3:X] STARTMOVE ''
2025-09-04 13:49:30:968 [IN ] C8 24 0B 0A 25 A5 0B 01 31 02 DE 00 1D CD 68 (15)
                              [N11:NG] NGSWSTATE 0 (0)
2025-09-04 13:49:31:972 [IN ] C8 24 0B 0A 25 A5 0B 01 31 02 DE 00 1D CD 68 (15)
                              [N11:NG] NGSWSTATE 0 (0)
2025-09-04 13:49:32:975 [IN ] C8 24 0B 0A 25 A5 0B 01 31 02 DE 00 1D CD 68 (15)
                              [N11:NG] NGSWSTATE 0 (0)
2025-09-04 13:49:33:980 [IN ] C8 24 04 0E 25 A5 04 01 31 06 81 45 FF F3 E9 AF 8C 98 49 C8 24 0B 0A 25 A5 0B 01 31 02 DE 00 1D CD E9 (34)
                              [N4:Y] TPOS 'E' 255 243 233 175 (-792145)
                              [N11:NG] NGSWSTATE 0 (0)
2025-09-04 13:49:34:582 [IN ] C8 24 03 0E 25 A5 03 01 31 06 81 45 FF F4 BC 9B 4B 23 49 (19)
                              [N3:X] TPOS 'E' 255 244 188 155 (-738149)
2025-09-04 13:49:34:986 [IN ] C8 24 0B 0A 25 A5 0B 01 31 02 DE 00 1D CD BC (15)
                              [N11:NG] NGSWSTATE 0 (0)
2025-09-04 13:49:35:008 [OUT] 25 A5 01 04 31 03 84 00 50 0D FC (11)
                              [N4:Y] VEL 0 80 (80)
2025-09-04 13:49:35:030 [OUT] 25 A5 01 03 31 03 84 00 50 0C F6 (11)
                              [N3:X] VEL 0 80 (80)
2025-09-04 13:49:35:052 [OUT] 25 A5 01 09 31 05 81 FF EE B6 9E 02 1B (13)
                              [N9:P] TPOS 255 238 182 158 (-1132898)
2025-09-04 13:49:35:073 [OUT] 25 A5 01 05 31 05 81 00 0C 48 9C AD 7B (13)
                              [N5:V] TPOS 0 12 72 156 (805020)
2025-09-04 13:49:35:095 [OUT] 25 A5 01 06 31 05 81 00 0C CB 95 2A 82 (13)
                              [N6:H] TPOS 0 12 203 149 (838549)
2025-09-04 13:49:35:117 [OUT] 25 A5 01 07 31 05 81 FF D7 35 0E D8 34 (13)
                              [N7:N] TPOS 255 215 53 14 (-2673394)
2025-09-04 13:49:35:160 [IN ] C8 24 04 0C 25 A5 04 01 31 04 84 53 00 50 61 BA 4B (17)
                              [N4:Y] VEL 'S' 0 80 (80)
2025-09-04 13:49:35:181 [OUT] 25 A5 01 04 31 05 81 FF F2 EE 1F BA F0 (13)
                              [N4:Y] TPOS 255 242 238 31 (-856545)
2025-09-04 13:49:35:265 [IN ] C8 24 03 (3)
2025-09-04 13:49:35:287 [IN ] 0C 25 A5 03 01 31 04 84 53 00 50 60 B2 4B (14)
                              [N3:X] VEL 'S' 0 80 (80)
2025-09-04 13:49:35:309 [OUT] 25 A5 01 03 31 05 81 FF F4 12 44 04 5B (13)
                              [N3:X] TPOS 255 244 18 68 (-781756)
2025-09-04 13:49:35:394 [IN ] C8 24 09 0E 25 A5 09 01 31 06 81 53 FF ED A0 61 02 1E 49 (19)
                              [N9:P] TPOS 'S' 255 237 160 97 (-1204127)
2025-09-04 13:49:35:541 [IN ] C8 24 05 0E 25 A5 05 01 31 06 81 53 00 0D 5B 38 B1 A7 49 (19)
                              [N5:V] TPOS 'S' 0 13 91 56 (875320)
2025-09-04 13:49:35:667 [IN ] C8 24 06 0E 25 A5 06 01 31 06 81 53 00 0C 93 31 E2 17 49 (19)
                              [N6:H] TPOS 'S' 0 12 147 49 (824113)
2025-09-04 13:49:35:793 [IN ] C8 24 07 0E 25 A5 07 01 31 06 81 53 FF E0 0A 23 1F 79 49 (19)
                              [N7:N] TPOS 'S' 255 224 10 35 (-2094557)
2025-09-04 13:49:35:857 [IN ] C8 24 06 0E 25 A5 06 01 31 06 81 45 00 0C CE 66 44 7C 49 (19)
                              [N6:H] TPOS 'E' 0 12 206 102 (839270)
2025-09-04 13:49:35:920 [IN ] C8 24 04 0E 25 A5 04 01 31 06 81 53 FF F3 E9 AF 9A DE 49 C8 24 09 0E 25 A5 09 01 31 06 81 45 FF EE B8 DE 8A 88 49 (38)
                              [N4:Y] TPOS 'S' 255 243 233 175 (-792145)
                              [N9:P] TPOS 'E' 255 238 184 222 (-1132322)
2025-09-04 13:49:35:963 [IN ] C8 24 0B 0A 25 A5 0B (7)
2025-09-04 13:49:35:984 [IN ] 01 31 02 DE 00 1D CD B8 (8)
                              [N11:NG] NGSWSTATE 0 (0)
2025-09-04 13:49:36:048 [IN ] C8 24 03 0E 25 A5 03 01 31 06 81 53 FF F4 BC 9B 59 69 49 (19)
                              [N3:X] TPOS 'S' 255 244 188 155 (-738149)
2025-09-04 13:49:36:250 [IN ] C8 24 05 0E 25 A5 05 01 31 06 81 45 00 0C 48 07 5E 07 49 (19)
                              [N5:V] TPOS 'E' 0 12 72 7 (804871)
2025-09-04 13:49:36:451 [IN ] C8 24 04 0E 25 A5 04 01 31 06 81 45 FF F2 EC 2F 0E 1B 49 C8 24 03 0E 25 A5 03 01 31 06 81 45 FF F4 11 05 0A 37 49 (38)
                              [N4:Y] TPOS 'E' 255 242 236 47 (-857041)
                              [N3:X] TPOS 'E' 255 244 17 5 (-782075)
2025-09-04 13:49:37:055 [IN ] C8 24 0B 0A 25 A5 0B 01 31 02 DE 00 1D CD 11 (15)
                              [N11:NG] NGSWSTATE 0 (0)
2025-09-04 13:49:38:059 [IN ] C8 24 0B 0A 25 A5 0B 01 31 02 DE 00 1D CD 11 (15)
                              [N11:NG] NGSWSTATE 0 (0)
2025-09-04 13:49:38:662 [IN ] C8 24 07 0E 25 A5 07 01 31 06 81 45 FF D7 30 97 A2 D8 49 (19)
                              [N7:N] TPOS 'E' 255 215 48 151 (-2674537)
