2025-09-04 16:47:23:994 [OUT] 25 A5 01 0A 31 05 D6 3D FF 00 00 53 ED (13)
                              [N10:HMI] HMILED '=' 255 0 0 (16711680)
2025-09-04 16:47:24:016 [OUT] 25 A5 01 03 31 02 D8 3F 4E CE (10)
                              [N3:X] INTERRUPT '?'
2025-09-04 16:47:24:317 [IN ] C8 24 0A 0D 25 A5 0A 01 31 05 D6 3A FF 00 00 50 EA B4 C8 24 03 0C 25 A5 03 01 31 04 D8 3A 01 01 4D 6A EA (35)
                              [N10:HMI] HMILED ':' 255 0 0 (16711680)
                              [N3:X] INTERRUPT ':' 1 1 (257)
2025-09-04 16:47:24:338 [OUT] 25 A5 01 09 31 03 C9 3D 09 4D 1C (11)
                              [N9:P] LFLAG '=' 9 (9)
2025-09-04 16:47:24:360 [OUT] 25 A5 01 04 31 02 D8 3F 4F D3 (10)
                              [N4:Y] INTERRUPT '?'
2025-09-04 16:47:24:662 [IN ] C8 24 09 0B 25 A5 09 01 31 03 C9 3A 09 4A 1E 6A C8 24 04 0C 25 A5 04 01 31 04 D8 3A 01 01 4E 72 EA (33)
                              [N9:P] LFLAG ':' 9 (9)
                              [N4:Y] INTERRUPT ':' 1 1 (257)
2025-09-04 16:47:24:683 [OUT] 25 A5 01 09 31 03 CA 3D 09 4E 1F (11)
                              [N9:P] RFLAG '=' 9 (9)
2025-09-04 16:47:24:705 [OUT] 25 A5 01 0C 31 02 D8 3F 57 FB (10)
                              [N12:Z] INTERRUPT '?'
2025-09-04 16:47:25:007 [IN ] C8 24 09 0B 25 A5 09 01 31 03 CA 3A 09 4B 21 72 C8 24 0C 0C 25 A5 0C 01 31 04 D8 3A 01 01 56 B2 EA (33)
                              [N9:P] RFLAG ':' 9 (9)
                              [N12:Z] INTERRUPT ':' 1 1 (257)
2025-09-04 16:47:25:028 [OUT] 25 A5 01 08 31 03 C9 3D 09 4C 16 (11)
                              [N8:R] LFLAG '=' 9 (9)
2025-09-04 16:47:25:050 [OUT] 25 A5 01 03 31 03 C9 3D 0B 49 FA (11)
                              [N3:X] LFLAG '=' 11 (11)
2025-09-04 16:47:25:072 [OUT] 25 A5 01 04 31 03 C9 3D 0B 4A 00 (11)
                              [N4:Y] LFLAG '=' 11 (11)
2025-09-04 16:47:25:095 [OUT] 25 A5 01 0C 31 03 C9 3D 0B 52 30 (11)
                              [N12:Z] LFLAG '=' 11 (11)
2025-09-04 16:47:25:199 [IN ] C8 24 08 0B 25 A5 08 01 31 03 C9 3A 09 49 17 B2 (16)
                              [N8:R] LFLAG ':' 9 (9)
2025-09-04 16:47:25:221 [OUT] 25 A5 01 08 31 03 CA 3D 09 4D 19 (11)
                              [N8:R] RFLAG '=' 9 (9)
2025-09-04 16:47:25:306 [IN ] C8 24 03 0B 25 A5 03 01 31 03 C9 3A 0B 46 F6 B2 (16)
                              [N3:X] LFLAG ':' 11 (11)
2025-09-04 16:47:25:327 [OUT] 25 A5 01 03 31 03 88 00 50 10 02 (11)
                              [N3:X] RUN 0 80 (80)
2025-09-04 16:47:25:414 [IN ] C8 24 04 0B 25 A5 04 01 31 03 C9 3A 0B 47 FD B2 (16)
                              [N4:Y] LFLAG ':' 11 (11)
2025-09-04 16:47:25:436 [OUT] 25 A5 01 04 31 03 88 00 50 11 08 (11)
                              [N4:Y] RUN 0 80 (80)
2025-09-04 16:47:25:520 [IN ] C8 24 0C 0B 25 A5 0C 01 31 03 C9 3A 0B 4F 35 B2 (16)
                              [N12:Z] LFLAG ':' 11 (11)
2025-09-04 16:47:25:541 [OUT] 25 A5 01 0C 31 03 88 00 50 19 38 (11)
                              [N12:Z] RUN 0 80 (80)
2025-09-04 16:47:25:645 [IN ] C8 24 08 0B 25 A5 08 01 31 03 CA 3A 09 4A 1A B2 (16)
                              [N8:R] RFLAG ':' 9 (9)
2025-09-04 16:47:25:729 [IN ] C8 24 03 0C 25 A5 03 01 31 04 88 53 00 50 64 C2 EA (17)
                              [N3:X] RUN 'S' 0 80 (80)
2025-09-04 16:47:25:854 [IN ] C8 24 04 0C 25 A5 04 01 31 04 88 53 00 50 65 CA EA (17)
                              [N4:Y] RUN 'S' 0 80 (80)
2025-09-04 16:47:25:959 [IN ] C8 24 0C 0C 25 A5 0C 01 31 04 88 53 00 50 6D 0A EA (17)
                              [N12:Z] RUN 'S' 0 80 (80)
2025-09-04 16:47:33:588 [IN ] C8 24 04 0B 25 A5 04 01 31 03 81 5A 4C 60 A6 0A C8 24 04 0A 25 A5 04 01 31 02 81 49 02 32 A6 (31)
                              [N4:Y] TPOS 'Z' 76 (76)
                              [N4:Y] TPOS 'I'
2025-09-04 16:47:33:813 [OUT] 25 A5 01 09 31 02 D8 3F 54 EC (10)
                              [N9:P] INTERRUPT '?'
2025-09-04 16:47:34:115 [IN ] C8 24 09 0C 25 A5 09 01 31 04 D8 3A 01 01 53 9A EA (17)
                              [N9:P] INTERRUPT ':' 1 1 (257)
2025-09-04 16:47:34:135 [OUT] 25 A5 01 04 31 03 C9 3D 09 48 FE (11)
                              [N4:Y] LFLAG '=' 9 (9)
2025-09-04 16:47:34:158 [OUT] 25 A5 01 07 31 02 D8 3F 52 E2 (10)
                              [N7:N] INTERRUPT '?'
2025-09-04 16:47:34:460 [IN ] C8 24 04 0B 25 A5 04 01 31 03 C9 3A 09 45 FB 9A C8 24 07 0C 25 A5 07 01 31 04 D8 3A 01 01 51 8A EA (33)
                              [N4:Y] LFLAG ':' 9 (9)
                              [N7:N] INTERRUPT ':' 1 1 (257)
2025-09-04 16:47:34:481 [OUT] 25 A5 01 09 31 03 C9 3D 0B 4F 1E (11)
                              [N9:P] LFLAG '=' 11 (11)
2025-09-04 16:47:34:503 [OUT] 25 A5 01 07 31 03 C9 3D 0B 4D 12 (11)
                              [N7:N] LFLAG '=' 11 (11)
2025-09-04 16:47:34:650 [IN ] C8 24 09 0B 25 A5 09 01 31 03 C9 3A 0B 4C 20 8A (16)
                              [N9:P] LFLAG ':' 11 (11)
2025-09-04 16:47:34:674 [OUT] 25 A5 01 09 31 03 88 00 50 16 26 (11)
                              [N9:P] RUN 0 80 (80)
2025-09-04 16:47:34:758 [IN ] C8 24 07 0B 25 A5 07 01 31 03 C9 3A 0B 4A 12 8A (16)
                              [N7:N] LFLAG ':' 11 (11)
2025-09-04 16:47:34:779 [OUT] 25 A5 01 07 31 03 88 00 50 14 1A (11)
                              [N7:N] RUN 0 80 (80)
2025-09-04 16:47:34:864 [IN ] C8 24 09 0C 25 (5)
2025-09-04 16:47:34:885 [IN ] A5 09 01 31 04 88 53 00 50 6A F2 EA (12)
                              [N9:P] RUN 'S' 0 80 (80)
2025-09-04 16:47:34:950 [IN ] C8 24 09 0B 25 A5 09 01 31 03 81 5A 4C 65 C9 F2 (16)
                              [N9:P] TPOS 'Z' 76 (76)
2025-09-04 16:47:34:972 [IN ] C8 24 07 0C 25 A5 07 01 31 04 88 53 00 50 68 E2 EA (17)
                              [N7:N] RUN 'S' 0 80 (80)
2025-09-04 16:47:35:173 [IN ] C8 24 09 0A 25 A5 09 01 31 02 81 49 07 50 68 (15)
                              [N9:P] TPOS 'I'
2025-09-04 16:47:35:397 [OUT] 25 A5 01 09 31 03 C9 3D 09 4D 1C (11)
                              [N9:P] LFLAG '=' 9 (9)
2025-09-04 16:47:35:419 [OUT] 25 A5 01 04 31 05 81 FF EE 88 01 32 FA (13)
                              [N4:Y] TPOS 255 238 136 1 (-1144831)
2025-09-04 16:47:35:565 [IN ] C8 24 09 0B 25 A5 09 01 31 03 C9 3A 09 4A 1E E2 (16)
                              [N9:P] LFLAG ':' 9 (9)
2025-09-04 16:47:35:691 [IN ] C8 24 04 0E 25 A5 04 01 31 06 81 53 00 00 00 00 10 88 31 (19)
                              [N4:Y] TPOS 'S' 0 0 0 0 (0)
2025-09-04 16:47:37:901 [IN ] C8 24 03 0B 25 A5 03 01 31 03 81 5A 4C 5F 9F 00 C8 24 03 0A 25 A5 03 01 31 02 81 49 01 2C 9F (31)
                              [N3:X] TPOS 'Z' 76 (76)
                              [N3:X] TPOS 'I'
2025-09-04 16:47:38:124 [OUT] 25 A5 01 03 31 03 C9 3D 09 47 F8 (11)
                              [N3:X] LFLAG '=' 9 (9)
2025-09-04 16:47:38:291 [IN ] C8 24 03 0B 25 A5 03 01 31 03 C9 3A 09 44 F4 00 (16)
                              [N3:X] LFLAG ':' 9 (9)
2025-09-04 16:47:40:301 [IN ] C8 24 07 0B 25 A5 07 01 31 03 81 5A 4C 63 BB 00 C8 24 07 0A 25 A5 07 01 31 02 81 49 05 44 BB (31)
                              [N7:N] TPOS 'Z' 76 (76)
                              [N7:N] TPOS 'I'
2025-09-04 16:47:40:522 [OUT] 25 A5 01 07 31 03 C9 3D 09 4B 10 (11)
                              [N7:N] LFLAG '=' 9 (9)
2025-09-04 16:47:40:691 [IN ] C8 24 07 0B 25 A5 07 01 31 03 C9 3A 09 48 10 00 (16)
                              [N7:N] LFLAG ':' 9 (9)
2025-09-04 16:47:41:698 [IN ] C8 24 0C 0B 25 A5 0C 01 31 03 81 5A 4C 68 DE 00 C8 24 0C 0A 25 A5 0C 01 31 02 81 49 0A 62 DE (31)
                              [N12:Z] TPOS 'Z' 76 (76)
                              [N12:Z] TPOS 'I'
2025-09-04 16:47:41:921 [OUT] 25 A5 01 0C 31 03 C9 3D 09 50 2E (11)
                              [N12:Z] LFLAG '=' 9 (9)
2025-09-04 16:47:42:089 [IN ] C8 24 0C 0B 25 A5 0C 01 31 03 C9 3A 09 4D 33 00 (16)
                              [N12:Z] LFLAG ':' 9 (9)
2025-09-04 16:47:42:491 [IN ] C8 24 04 0E 25 A5 04 01 31 06 81 45 FF EE 85 F7 6B 09 31 (19)
                              [N4:Y] TPOS 'E' 255 238 133 247 (-1145353)
2025-09-04 16:47:42:714 [OUT] 25 A5 01 0C 31 05 81 FF BC D0 00 4F 33 (13)
                              [N12:Z] TPOS 255 188 208 0 (-4403200)
2025-09-04 16:47:42:736 [OUT] 25 A5 01 04 31 05 81 FF FD 50 01 09 B7 (13)
                              [N4:Y] TPOS 255 253 80 1 (-176127)
2025-09-04 16:47:42:762 [OUT] 25 A5 01 09 31 05 81 FF E7 5D 56 5A 0C (13)
                              [N9:P] TPOS 255 231 93 86 (-1614506)
2025-09-04 16:47:42:784 [OUT] 25 A5 01 07 31 05 81 FF AB 19 75 F7 DF (13)
                              [N7:N] TPOS 255 171 25 117 (-5564043)
2025-09-04 16:47:42:806 [OUT] 25 A5 01 03 31 05 81 FF EC 4A AB 9B 1A (13)
                              [N3:X] TPOS 255 236 74 171 (-1291605)
2025-09-04 16:47:42:832 [OUT] 25 A5 01 06 31 02 D8 3F 51 DD (10)
                              [N6:H] INTERRUPT '?'
2025-09-04 16:47:43:134 [IN ] C8 24 0C 0E 25 A5 0C 01 31 06 81 53 FF FF FF F7 0C C6 31 C8 24 04 0E 25 A5 04 01 31 06 81 53 FF EE 85 F7 79 4F 31 (38)
                              [N12:Z] TPOS 'S' 255 255 255 247 (-9)
                              [N4:Y] TPOS 'S' 255 238 133 247 (-1145353)
2025-09-04 16:47:43:435 [IN ] C8 24 09 0E 25 A5 09 01 31 06 81 53 FF FF FF FF 11 B0 31 C8 24 07 0E 25 A5 07 01 31 06 81 53 FF FF FF FF 0F 9C 31 C8 24 03 0E 25 A5 03 01 31 06 81 53 00 00 00 00 0F 7E 31 (57)
                              [N9:P] TPOS 'S' 255 255 255 255 (-1)
                              [N7:N] TPOS 'S' 255 255 255 255 (-1)
                              [N3:X] TPOS 'S' 0 0 0 0 (0)
2025-09-04 16:47:43:736 [IN ] C8 24 06 0C 25 A5 06 01 31 04 D8 3A 01 01 50 82 0F (17)
                              [N6:H] INTERRUPT ':' 1 1 (257)
2025-09-04 16:47:43:757 [OUT] 25 A5 01 06 31 03 C9 3D 0B 4C 0C (11)
                              [N6:H] LFLAG '=' 11 (11)
2025-09-04 16:47:43:926 [IN ] C8 24 06 0B 25 A5 06 01 31 03 C9 3A 0B 49 0B 82 (16)
                              [N6:H] LFLAG ':' 11 (11)
2025-09-04 16:47:43:947 [OUT] 25 A5 01 06 31 03 88 FF B0 72 72 (11)
                              [N6:H] RUN 255 176 (-80)
2025-09-04 16:47:44:116 [IN ] C8 24 06 0C 25 A5 06 01 31 04 88 53 FF B0 C6 38 0F (17)
                              [N6:H] RUN 'S' 255 176 (-80)
2025-09-04 16:47:48:933 [IN ] C8 24 06 0B 25 A5 06 01 31 03 81 5A 4C 62 B4 38 (16)
                              [N6:H] TPOS 'Z' 76 (76)
2025-09-04 16:47:49:135 [IN ] C8 24 06 0A 25 A5 06 01 31 02 81 49 04 3E B4 (15)
                              [N6:H] TPOS 'I'
2025-09-04 16:47:49:358 [OUT] 25 A5 01 06 31 03 C9 3D 09 4A 0A (11)
                              [N6:H] LFLAG '=' 9 (9)
2025-09-04 16:47:49:526 [IN ] C8 24 06 0B 25 A5 06 01 31 03 C9 3A 09 47 09 38 (16)
                              [N6:H] LFLAG ':' 9 (9)
2025-09-04 16:47:49:546 [OUT] 25 A5 01 06 31 03 84 00 50 0F 08 (11)
                              [N6:H] VEL 0 80 (80)
2025-09-04 16:47:49:714 [IN ] C8 24 06 0C 25 A5 06 01 31 04 84 53 00 50 63 CA 0F (17)
                              [N6:H] VEL 'S' 0 80 (80)
2025-09-04 16:47:49:735 [OUT] 25 A5 01 06 31 05 81 00 19 82 3C 95 BE (13)
                              [N6:H] TPOS 0 25 130 60 (1671740)
2025-09-04 16:47:49:922 [IN ] C8 24 06 0E 25 A5 06 01 31 06 81 53 00 00 00 01 13 9D 31 (19)
                              [N6:H] TPOS 'S' 0 0 0 1 (1)
2025-09-04 16:47:51:728 [IN ] C8 24 03 0E 25 A5 03 01 31 06 81 45 FF EC 49 CA FF 54 31 (19)
                              [N3:X] TPOS 'E' 255 236 73 202 (-1291830)
2025-09-04 16:47:52:154 [OUT] 25 A5 01 03 31 05 81 FF FD 50 01 08 AF (13)
                              [N3:X] TPOS 255 253 80 1 (-176127)
2025-09-04 16:47:52:301 [IN ] C8 24 04 0E 25 A5 04 01 31 06 81 45 FF FD 4F 4A 97 1D 31 (19)
                              [N4:Y] TPOS 'E' 255 253 79 74 (-176310)
2025-09-04 16:47:52:344 [IN ] C8 24 03 0E 25 A5 03 01 31 06 81 53 FF EC 49 CA 0D 9A 31 (19)
                              [N3:X] TPOS 'S' 255 236 73 202 (-1291830)
2025-09-04 16:47:53:349 [IN ] C8 24 09 0E 25 A5 09 01 31 06 81 45 FF E7 5B B6 FE 91 31 (19)
                              [N9:P] TPOS 'E' 255 231 91 182 (-1614922)
2025-09-04 16:47:53:773 [OUT] 25 A5 01 09 31 05 81 FF FF D9 C8 60 BE (13)
                              [N9:P] TPOS 255 255 217 200 (-9784)
2025-09-04 16:47:53:962 [IN ] C8 24 09 0E 25 A5 09 01 31 06 81 53 FF E7 5B B8 0E D9 31 (19)
                              [N9:P] TPOS 'S' 255 231 91 184 (-1614920)
2025-09-04 16:47:59:781 [IN ] C8 24 06 0E 25 A5 06 01 31 06 81 45 00 19 83 2D CD D4 31 (19)
                              [N6:H] TPOS 'E' 0 25 131 45 (1671981)
2025-09-04 16:48:00:207 [OUT] 25 A5 01 06 31 05 81 00 0C 8F FB 54 70 (13)
                              [N6:H] TPOS 0 12 143 251 (823291)
2025-09-04 16:48:00:395 [IN ] C8 24 06 0E 25 A5 06 01 31 06 81 53 00 19 (14)
2025-09-04 16:48:00:417 [IN ] 83 2D DB 1A 31 (5)
                              [N6:H] TPOS 'S' 0 25 131 45 (1671981)
2025-09-04 16:48:04:233 [IN ] C8 24 09 0E 25 A5 09 01 31 06 81 45 FF FF DA C1 A0 E2 31 (19)
                              [N9:P] TPOS 'E' 255 255 218 193 (-9535)
2025-09-04 16:48:04:456 [OUT] 25 A5 01 08 31 02 D8 3F 53 E7 (10)
                              [N8:R] INTERRUPT '?'
2025-09-04 16:48:04:758 [IN ] C8 24 08 0C 25 A5 08 01 31 04 D8 3A 01 01 52 92 A0 (17)
                              [N8:R] INTERRUPT ':' 1 1 (257)
2025-09-04 16:48:04:778 [OUT] 25 A5 01 08 31 03 CA 3D 0B 4F 1B (11)
                              [N8:R] RFLAG '=' 11 (11)
2025-09-04 16:48:04:946 [IN ] C8 24 03 0E 25 A5 03 01 31 06 81 45 FF FD 4F 8B D7 54 31 C8 24 08 0B 25 A5 08 01 31 03 CA 3A 0B 4C 1C 8B (35)
                              [N3:X] TPOS 'E' 255 253 79 139 (-176245)
                              [N8:R] RFLAG ':' 11 (11)
2025-09-04 16:48:04:968 [OUT] 25 A5 01 08 31 03 88 00 50 15 20 (11)
                              [N8:R] RUN 0 80 (80)
2025-09-04 16:48:05:137 [IN ] C8 24 08 0C 25 A5 08 01 31 04 88 53 00 50 69 EA D7 (17)
                              [N8:R] RUN 'S' 0 80 (80)
2025-09-04 16:48:05:338 [IN ] C8 24 06 0E 25 A5 06 01 31 06 81 45 00 0C 8C FB 97 8D 31 (19)
                              [N6:H] TPOS 'E' 0 12 140 251 (822523)
2025-09-04 16:48:05:560 [OUT] 25 A5 01 05 31 02 D8 3F 50 D8 (10)
                              [N5:V] INTERRUPT '?'
2025-09-04 16:48:05:862 [IN ] C8 24 05 0C 25 A5 05 01 31 04 D8 3A 01 01 4F 7A 97 (17)
                              [N5:V] INTERRUPT ':' 1 1 (257)
2025-09-04 16:48:05:883 [OUT] 25 A5 01 05 31 03 C9 3D 0B 4B 06 (11)
                              [N5:V] LFLAG '=' 11 (11)
2025-09-04 16:48:06:052 [IN ] C8 24 05 0B 25 A5 05 01 31 03 C9 3A 0B 48 04 7A (16)
                              [N5:V] LFLAG ':' 11 (11)
2025-09-04 16:48:06:073 [OUT] 25 A5 01 05 31 03 88 FF B0 71 6C (11)
                              [N5:V] RUN 255 176 (-80)
2025-09-04 16:48:06:240 [IN ] C8 24 05 0C 25 A5 05 01 31 04 88 53 FF B0 C5 30 97 (17)
                              [N5:V] RUN 'S' 255 176 (-80)
2025-09-04 16:48:08:046 [IN ] C8 24 0C 0E 25 A5 0C 01 31 06 81 45 FF BC CE 02 95 60 31 (19)
                              [N12:Z] TPOS 'E' 255 188 206 2 (-4403710)
2025-09-04 16:48:08:474 [OUT] 25 A5 01 0C 31 05 81 FF D4 54 00 EB 83 (13)
                              [N12:Z] TPOS 255 212 84 0 (-2862080)
2025-09-04 16:48:08:660 [IN ] C8 24 0C 0E 25 A5 0C 01 31 06 81 53 FF BC CE 03 A4 A7 31 (19)
                              [N12:Z] TPOS 'S' 255 188 206 3 (-4403709)
2025-09-04 16:48:10:869 [IN ] C8 24 07 0E 25 A5 07 01 31 06 81 45 FF AB 15 A3 67 2A 31 (19)
                              [N7:N] TPOS 'E' 255 171 21 163 (-5565021)
2025-09-04 16:48:10:890 [OUT] 25 A5 01 0C 31 01 82 C1 4C (9)
                              [N12:Z] GETPOS
2025-09-04 16:48:10:913 [OUT] 25 A5 01 07 31 01 82 BC 38 (9)
                              [N7:N] GETPOS
2025-09-04 16:48:11:021 [IN ] C8 24 0C (3)
2025-09-04 16:48:11:043 [IN ] 0D 25 A5 0C 01 31 05 82 FF C3 53 CD A7 2B 2A (15)
                              [N12:Z] GETPOS 255 195 83 205 (-3976243)
2025-09-04 16:48:11:127 [IN ] C8 24 07 0D 25 A5 07 01 31 05 82 FF AB 15 A3 22 10 2A (18)
                              [N7:N] GETPOS 255 171 21 163 (-5565021)
2025-09-04 16:48:11:148 [OUT] 25 A5 01 07 31 05 81 FF EF 4D 05 FF A3 (13)
                              [N7:N] TPOS 255 239 77 5 (-1094395)
2025-09-04 16:48:11:317 [IN ] C8 24 07 0E 25 A5 07 01 31 06 81 53 FF AB 15 A3 75 70 31 (19)
                              [N7:N] TPOS 'S' 255 171 21 163 (-5565021)
2025-09-04 16:48:12:119 [IN ] C8 24 05 0B 25 A5 05 01 31 03 81 5A 4C 61 AD A3 C8 24 05 0A 25 A5 05 01 31 02 81 49 03 38 AD (31)
                              [N5:V] TPOS 'Z' 76 (76)
                              [N5:V] TPOS 'I'
2025-09-04 16:48:12:343 [OUT] 25 A5 01 05 31 03 C9 3D 09 49 04 (11)
                              [N5:V] LFLAG '=' 9 (9)
2025-09-04 16:48:12:510 [IN ] C8 (1)
2025-09-04 16:48:12:533 [IN ] 24 05 0B 25 A5 05 01 31 03 C9 3A 09 46 02 A3 (15)
                              [N5:V] LFLAG ':' 9 (9)
2025-09-04 16:48:12:554 [OUT] 25 A5 01 05 31 03 84 00 50 0E 02 (11)
                              [N5:V] VEL 0 80 (80)
2025-09-04 16:48:12:720 [IN ] C8 24 05 0C 25 A5 05 01 31 04 84 53 00 50 62 C2 75 (17)
                              [N5:V] VEL 'S' 0 80 (80)
2025-09-04 16:48:12:741 [OUT] 25 A5 01 05 31 05 81 00 19 82 3C 94 B6 (13)
                              [N5:V] TPOS 0 25 130 60 (1671740)
2025-09-04 16:48:12:929 [IN ] C8 24 05 0E 25 A5 05 01 31 06 81 53 00 00 00 00 11 92 31 (19)
                              [N5:V] TPOS 'S' 0 0 0 0 (0)
2025-09-04 16:48:13:535 [IN ] C8 24 08 0B 25 A5 08 01 31 03 81 5A 52 6A C8 00 C8 24 08 0A 25 A5 08 01 31 02 81 49 06 4A C8 (31)
                              [N8:R] TPOS 'Z' 82 (82)
                              [N8:R] TPOS 'I'
2025-09-04 16:48:13:760 [OUT] 25 A5 01 08 31 03 CA 3D 09 4D 19 (11)
                              [N8:R] RFLAG '=' 9 (9)
2025-09-04 16:48:13:930 [IN ] C8 24 08 0B 25 A5 08 01 31 03 CA 3A 09 4A 1A 00 (16)
                              [N8:R] RFLAG ':' 9 (9)
2025-09-04 16:48:13:952 [OUT] 25 A5 01 08 31 05 81 FF DC 77 1D 2F DE (13)
                              [N8:R] TPOS 255 220 119 29 (-2328803)
2025-09-04 16:48:14:160 [IN ] C8 24 08 0E 25 A5 08 01 31 06 81 53 FF FF FF F8 09 9F 31 (19)
                              [N8:R] TPOS 'S' 255 255 255 248 (-8)
2025-09-04 16:48:17:171 [IN ] C8 24 0C 0E 25 A5 0C 01 31 06 81 45 FF D4 57 47 7B FF 31 (19)
                              [N12:Z] TPOS 'E' 255 212 87 71 (-2861241)
2025-09-04 16:48:21:785 [IN ] C8 24 05 0E 25 A5 05 01 31 06 81 45 00 19 85 80 21 21 31 (19)
                              [N5:V] TPOS 'E' 0 25 133 128 (1672576)
2025-09-04 16:48:22:209 [OUT] 25 A5 01 05 31 05 81 00 0C CC 38 CD 1F (13)
                              [N5:V] TPOS 0 12 204 56 (838712)
2025-09-04 16:48:22:397 [IN ] C8 24 05 0E 25 A5 05 01 31 06 81 53 00 19 85 80 2F 67 31 (19)
                              [N5:V] TPOS 'S' 0 25 133 128 (1672576)
2025-09-04 16:48:28:622 [IN ] C8 24 05 0E 25 A5 05 01 31 06 81 45 00 0C CB 19 F3 1F 31 (19)
                              [N5:V] TPOS 'E' 0 12 203 25 (838425)
2025-09-04 16:48:28:847 [OUT] 25 A5 01 03 31 05 81 FF EE 9E 16 5C 33 (13)
                              [N3:X] TPOS 255 238 158 22 (-1139178)
2025-09-04 16:48:28:869 [OUT] 25 A5 01 04 31 05 81 FF F3 B4 EE 50 4E (13)
                              [N4:Y] TPOS 255 243 180 238 (-805650)
2025-09-04 16:48:29:037 [IN ] C8 24 03 0E 25 A5 03 01 31 06 81 53 FF FD 4F 8B E5 9A 31 (19)
                              [N3:X] TPOS 'S' 255 253 79 139 (-176245)
2025-09-04 16:48:29:165 [IN ] C8 24 04 0E 25 A5 04 01 31 06 81 53 FF FD 4F 49 A4 62 31 (19)
                              [N4:Y] TPOS 'S' 255 253 79 73 (-176311)
2025-09-04 16:48:29:367 [IN ] C8 24 08 0E 25 A5 08 01 31 06 81 45 FF DC 75 7A D0 5E 31 (19)
                              [N8:R] TPOS 'E' 255 220 117 122 (-2329222)
2025-09-04 16:48:29:792 [OUT] 25 A5 01 08 31 05 81 FF ED AA 50 A6 AA (13)
                              [N8:R] TPOS 255 237 170 80 (-1201584)
2025-09-04 16:48:29:980 [IN ] C8 24 08 0E 25 A5 08 01 31 06 81 53 FF DC 75 7D E1 A7 31 (19)
                              [N8:R] TPOS 'S' 255 220 117 125 (-2329219)
2025-09-04 16:48:32:993 [IN ] C8 24 04 0E 25 A5 04 01 31 06 81 45 FF F3 B2 F4 9A 6F 31 C8 24 07 0E 25 A5 07 01 31 06 81 45 FF EF 51 53 97 1E 31 (38)
                              [N4:Y] TPOS 'E' 255 243 178 244 (-806156)
                              [N7:N] TPOS 'E' 255 239 81 83 (-1093293)
2025-09-04 16:48:35:202 [IN ] C8 24 03 0E 25 A5 03 01 31 06 81 45 FF EE 9C A0 2A D6 31 (19)
                              [N3:X] TPOS 'E' 255 238 156 160 (-1139552)
2025-09-04 16:48:37:614 [IN ] C8 24 08 0E 25 A5 08 01 31 06 81 45 FF ED AB 43 E0 C6 31 (19)
                              [N8:R] TPOS 'E' 255 237 171 67 (-1201341)
