2025-09-04 11:22:22:720 [OUT] 25 A5 01 0A 31 05 D6 3D FF 00 00 53 ED (13)
                              [N10:HMI] HMILED '=' 255 0 0 (16711680)
2025-09-04 11:22:22:742 [OUT] 25 A5 01 09 31 05 81 FF E8 2F 2D 04 8A (13)
                              [N9:P] TPOS 255 232 47 45 (-1560787)
2025-09-04 11:22:22:764 [OUT] 25 A5 01 08 31 05 81 FF ED AA 50 A6 AA (13)
                              [N8:R] TPOS 255 237 170 80 (-1201584)
2025-09-04 11:22:22:911 [IN ] C8 24 0A 0D 25 A5 0A 01 31 05 D6 3A FF 00 00 50 EA BA (18)
                              [N10:HMI] HMILED ':' 255 0 0 (16711680)
2025-09-04 11:22:22:975 [IN ] C8 24 0B 0A 25 A5 0B 01 31 02 DE 03 20 D0 00 (15)
                              [N11:NG] NGSWSTATE 3 (3)
2025-09-04 11:22:23:039 [IN ] C8 24 09 0E 25 A5 09 01 31 06 81 53 FF E8 6C BE 26 04 0A (19)
                              [N9:P] TPOS 'S' 255 232 108 190 (-1545026)
2025-09-04 11:22:23:164 [IN ] C8 24 08 0E 25 A5 08 01 31 06 81 53 FF ED AB 06 B1 CF 0A (19)
                              [N8:R] TPOS 'S' 255 237 171 6 (-1201402)
2025-09-04 11:22:23:365 [IN ] C8 24 09 0E 25 A5 09 01 31 06 81 45 FF E8 2D 1D 38 9F 0A C8 24 08 0E 25 A5 08 01 31 06 81 45 FF ED AA F7 93 78 0A (38)
                              [N9:P] TPOS 'E' 255 232 45 29 (-1561315)
                              [N8:R] TPOS 'E' 255 237 170 247 (-1201417)
2025-09-04 11:22:23:587 [OUT] 25 A5 01 09 31 05 81 FF E8 42 49 33 CC (13)
                              [N9:P] TPOS 255 232 66 73 (-1555895)
2025-09-04 11:22:23:777 [IN ] C8 24 09 0E 25 A5 09 01 31 06 81 53 FF E8 2D 20 49 E8 0A (19)
                              [N9:P] TPOS 'S' 255 232 45 32 (-1561312)
2025-09-04 11:22:23:981 [IN ] C8 24 09 0E 25 A5 09 01 31 06 81 45 FF E8 43 B1 E2 5F 0A C8 24 0B 0A 25 A5 0B 01 31 02 DE 03 20 D0 43 (34)
                              [N9:P] TPOS 'E' 255 232 67 177 (-1555535)
                              [N11:NG] NGSWSTATE 3 (3)
2025-09-04 11:22:24:204 [OUT] 25 A5 01 09 31 05 81 FF E8 55 66 63 0F (13)
                              [N9:P] TPOS 255 232 85 102 (-1551002)
2025-09-04 11:22:24:395 [IN ] C8 24 09 0E 25 A5 09 01 31 06 81 53 FF E8 43 B0 EF A4 0A (19)
                              [N9:P] TPOS 'S' 255 232 67 176 (-1555536)
2025-09-04 11:22:24:596 [IN ] C8 24 09 0E 25 A5 09 01 31 06 81 45 FF E8 56 9F E3 73 0A (19)
                              [N9:P] TPOS 'E' 255 232 86 159 (-1550689)
2025-09-04 11:22:24:818 [OUT] 25 A5 01 09 31 05 81 FF E8 68 82 92 51 (13)
                              [N9:P] TPOS 255 232 104 130 (-1546110)
2025-09-04 11:22:24:986 [IN ] C8 24 0B 0A 25 A5 0B 01 31 02 DE 03 20 D0 56 (15)
                              [N11:NG] NGSWSTATE 3 (3)
2025-09-04 11:22:25:008 [IN ] C8 24 09 0E 25 A5 09 01 31 06 81 53 FF E8 56 9F F1 B9 0A (19)
                              [N9:P] TPOS 'S' 255 232 86 159 (-1550689)
2025-09-04 11:22:25:210 [IN ] C8 24 09 0E 25 A5 09 01 31 06 81 45 FF E8 69 C7 1E C1 0A (19)
                              [N9:P] TPOS 'E' 255 232 105 199 (-1545785)
2025-09-04 11:22:25:432 [OUT] 25 A5 01 09 31 05 81 FF E8 7B 9E C1 93 (13)
                              [N9:P] TPOS 255 232 123 158 (-1541218)
2025-09-04 11:22:25:600 [IN ] C8 24 09 0E 25 A5 09 01 31 06 81 53 (12)
2025-09-04 11:22:25:622 [IN ] FF E8 69 C6 2B 06 0A (7)
                              [N9:P] TPOS 'S' 255 232 105 198 (-1545786)
2025-09-04 11:22:25:823 [IN ] C8 24 09 0E 25 A5 09 01 31 06 81 45 FF E8 7C D3 3D F3 0A (19)
                              [N9:P] TPOS 'E' 255 232 124 211 (-1540909)
2025-09-04 11:22:26:024 [IN ] C8 24 0B 0A 25 A5 0B 01 31 02 DE 03 20 D0 7C (15)
                              [N11:NG] NGSWSTATE 3 (3)
2025-09-04 11:22:26:046 [OUT] 25 A5 01 09 31 05 81 FF E8 8E BB F1 D6 (13)
                              [N9:P] TPOS 255 232 142 187 (-1536325)
2025-09-04 11:22:26:235 [IN ] C8 24 09 0E 25 A5 09 01 31 06 81 53 FF E8 7C D3 4B 39 0A (19)
                              [N9:P] TPOS 'S' 255 232 124 211 (-1540909)
2025-09-04 11:22:26:437 [IN ] C8 24 09 0E 25 A5 09 01 31 06 81 45 FF E8 90 0E 8C 56 0A (19)
                              [N9:P] TPOS 'E' 255 232 144 14 (-1535986)
2025-09-04 11:22:26:659 [OUT] 25 A5 01 09 31 05 81 FF E8 A1 D7 20 18 (13)
                              [N9:P] TPOS 255 232 161 215 (-1531433)
2025-09-04 11:22:26:848 [IN ] C8 24 09 0E 25 A5 09 01 31 06 81 53 FF E8 90 0E 9A 9C 0A (19)
                              [N9:P] TPOS 'S' 255 232 144 14 (-1535986)
2025-09-04 11:22:27:050 [IN ] C8 24 09 0E 25 A5 09 01 31 06 81 45 FF E8 A3 39 CA A7 0A C8 24 0B 0A 25 A5 0B 01 31 02 DE 03 20 D0 A3 (34)
                              [N9:P] TPOS 'E' 255 232 163 57 (-1531079)
                              [N11:NG] NGSWSTATE 3 (3)
2025-09-04 11:22:27:272 [OUT] 25 A5 01 09 31 05 81 FF E8 B4 F4 50 5B (13)
                              [N9:P] TPOS 255 232 180 244 (-1526540)
2025-09-04 11:22:27:462 [IN ] C8 24 09 0E 25 A5 09 01 31 06 81 53 FF E8 A3 38 D7 EC 0A (19)
                              [N9:P] TPOS 'S' 255 232 163 56 (-1531080)
2025-09-04 11:22:27:664 [IN ] C8 24 09 0E 25 A5 09 01 31 06 81 45 FF E8 B6 4E F2 E2 0A (19)
                              [N9:P] TPOS 'E' 255 232 182 78 (-1526194)
2025-09-04 11:22:27:887 [OUT] 25 A5 01 09 31 05 81 FF E8 C8 10 80 9F (13)
                              [N9:P] TPOS 255 232 200 16 (-1521648)
2025-09-04 11:22:28:014 [IN ] C8 24 0B 0A 25 A5 0B 01 31 02 DE 03 20 D0 B6 (15)
                              [N11:NG] NGSWSTATE 3 (3)
2025-09-04 11:22:28:055 [IN ] C8 24 09 0E 25 A5 09 01 31 06 81 53 FF (13)
2025-09-04 11:22:28:077 [IN ] E8 B6 4D FF 27 0A (6)
                              [N9:P] TPOS 'S' 255 232 182 77 (-1526195)
2025-09-04 11:22:28:278 [IN ] C8 24 09 0E 25 A5 09 01 31 06 81 45 FF E8 C9 65 1C 1F 0A (19)
                              [N9:P] TPOS 'E' 255 232 201 101 (-1521307)
2025-09-04 11:22:28:500 [OUT] 25 A5 01 09 31 05 81 FF E8 DB 2D B0 E2 (13)
                              [N9:P] TPOS 255 232 219 45 (-1516755)
2025-09-04 11:22:28:710 [IN ] C8 24 09 0E 25 A5 09 01 31 06 81 53 FF E8 C9 65 2A 65 0A (19)
                              [N9:P] TPOS 'S' 255 232 201 101 (-1521307)
2025-09-04 11:22:28:911 [IN ] C8 24 09 0E 25 A5 09 01 31 06 81 45 FF E8 DC 66 30 46 0A (19)
                              [N9:P] TPOS 'E' 255 232 220 102 (-1516442)
2025-09-04 11:22:29:113 [IN ] C8 24 0B 0A 25 A5 0B 01 31 02 DE 03 20 D0 DC (15)
                              [N11:NG] NGSWSTATE 3 (3)
2025-09-04 11:22:29:134 [OUT] 25 A5 01 09 31 05 81 FF E8 EE 49 DF 24 (13)
                              [N9:P] TPOS 255 232 238 73 (-1511863)
2025-09-04 11:22:29:322 [IN ] C8 24 09 0E 25 A5 09 01 31 06 81 53 FF E8 DC 64 3C 8A 0A (19)
                              [N9:P] TPOS 'S' 255 232 220 100 (-1516444)
2025-09-04 11:22:29:524 [IN ] C8 24 09 0E 25 A5 09 01 31 06 81 45 FF E8 EF 6C 49 72 0A (19)
                              [N9:P] TPOS 'E' 255 232 239 108 (-1511572)
2025-09-04 11:22:29:746 [OUT] 25 A5 01 09 31 05 81 FF E9 01 66 10 6A (13)
                              [N9:P] TPOS 255 233 1 102 (-1506970)
2025-09-04 11:22:29:936 [IN ] C8 24 09 0E 25 A5 09 01 31 06 81 53 FF E8 EF 6A 55 B6 0A (19)
                              [N9:P] TPOS 'S' 255 232 239 106 (-1511574)
2025-09-04 11:22:30:137 [IN ] C8 24 0B 0A 25 A5 0B 01 31 02 DE 03 20 D0 EF C8 24 09 0E 25 A5 09 01 31 06 81 45 FF E9 02 63 54 92 0A (34)
                              [N11:NG] NGSWSTATE 3 (3)
                              [N9:P] TPOS 'E' 255 233 2 99 (-1506717)
2025-09-04 11:22:30:361 [OUT] 25 A5 01 09 31 05 81 FF E9 14 82 3F AC (13)
                              [N9:P] TPOS 255 233 20 130 (-1502078)
2025-09-04 11:22:30:528 [IN ] C8 24 09 (3)
2025-09-04 11:22:30:549 [IN ] 0E 25 A5 09 01 31 06 81 53 FF E9 02 62 61 D7 0A (16)
                              [N9:P] TPOS 'S' 255 233 2 98 (-1506718)
2025-09-04 11:22:30:750 [IN ] C8 24 09 0E 25 A5 09 01 31 06 81 45 FF E9 15 5B 5F B0 0A (19)
                              [N9:P] TPOS 'E' 255 233 21 91 (-1501861)
2025-09-04 11:22:30:972 [OUT] 25 A5 01 09 31 05 81 FF E9 27 9E 6E EE (13)
                              [N9:P] TPOS 255 233 39 158 (-1497186)
2025-09-04 11:22:31:036 [IN ] C8 24 0B 0A 25 A5 0B 01 31 02 DE 03 20 D0 15 (15)
                              [N11:NG] NGSWSTATE 3 (3)
2025-09-04 11:22:31:162 [IN ] C8 24 09 0E 25 A5 09 01 31 06 81 53 FF E9 15 5A 6C F5 0A (19)
                              [N9:P] TPOS 'S' 255 233 21 90 (-1501862)
2025-09-04 11:22:31:364 [IN ] C8 24 09 0E 25 A5 09 01 31 06 81 45 FF E9 28 5E 75 D9 0A (19)
                              [N9:P] TPOS 'E' 255 233 40 94 (-1496994)
2025-09-04 11:22:31:587 [OUT] 25 A5 01 09 31 05 81 FF E9 3A BB 9E 31 (13)
                              [N9:P] TPOS 255 233 58 187 (-1492293)
2025-09-04 11:22:31:776 [IN ] C8 24 09 0E 25 A5 09 01 31 06 81 53 FF E9 28 5D 82 1E 0A (19)
                              [N9:P] TPOS 'S' 255 233 40 93 (-1496995)
2025-09-04 11:22:31:977 [IN ] C8 24 09 0E 25 A5 09 01 31 06 81 45 FF E9 3B 6F 99 10 0A (19)
                              [N9:P] TPOS 'E' 255 233 59 111 (-1492113)
2025-09-04 11:22:32:179 [IN ] C8 24 0B 0A 25 A5 0B 01 31 02 DE 03 20 D0 3B (15)
                              [N11:NG] NGSWSTATE 3 (3)
2025-09-04 11:22:32:200 [OUT] 25 A5 01 09 31 05 81 FF E9 4D D7 CD 73 (13)
                              [N9:P] TPOS 255 233 77 215 (-1487401)
2025-09-04 11:22:32:368 [IN ] C8 24 09 0E 25 A5 09 01 31 06 81 53 FF E9 3B 6E A6 55 0A (19)
                              [N9:P] TPOS 'S' 255 233 59 110 (-1492114)
2025-09-04 11:22:32:569 [IN ] C8 24 09 0E 25 A5 09 01 31 06 81 45 FF E9 4E D5 12 9C 0A (19)
                              [N9:P] TPOS 'E' 255 233 78 213 (-1487147)
2025-09-04 11:22:32:791 [OUT] 25 A5 01 09 31 05 81 FF E9 60 F4 FD B6 (13)
                              [N9:P] TPOS 255 233 96 244 (-1482508)
2025-09-04 11:22:32:980 [IN ] C8 24 09 0E 25 A5 09 01 31 06 81 53 FF E9 4E D3 (16)
2025-09-04 11:22:33:002 [IN ] 1E E0 0A (3)
                              [N9:P] TPOS 'S' 255 233 78 211 (-1487149)
2025-09-04 11:22:33:204 [IN ] C8 24 0B 0A 25 A5 0B 01 31 02 DE 03 20 D0 4E C8 24 09 0E 25 A5 09 01 31 06 81 45 FF E9 62 40 91 2F 0A (34)
                              [N11:NG] NGSWSTATE 3 (3)
                              [N9:P] TPOS 'E' 255 233 98 64 (-1482176)
2025-09-04 11:22:33:427 [OUT] 25 A5 01 09 31 05 81 FF E9 74 10 2D FA (13)
                              [N9:P] TPOS 255 233 116 16 (-1477616)
2025-09-04 11:22:33:615 [IN ] C8 24 09 0E 25 A5 09 01 31 06 81 53 FF E9 62 40 9F 75 0A (19)
                              [N9:P] TPOS 'S' 255 233 98 64 (-1482176)
2025-09-04 11:22:33:817 [IN ] C8 24 09 0E 25 A5 09 01 31 06 81 45 FF E9 75 62 C6 77 0A (19)
                              [N9:P] TPOS 'E' 255 233 117 98 (-1477278)
2025-09-04 11:22:34:039 [OUT] 25 A5 01 09 31 05 81 FF E9 87 2D 5D 3D (13)
                              [N9:P] TPOS 255 233 135 45 (-1472723)
2025-09-04 11:22:34:061 [IN ] C8 24 0B 0A 25 A5 0B 01 31 02 DE 03 20 D0 75 (15)
                              [N11:NG] NGSWSTATE 3 (3)
2025-09-04 11:22:34:230 [IN ] C8 24 09 0E 25 A5 09 01 31 06 81 53 FF E9 75 61 D3 BC 0A (19)
                              [N9:P] TPOS 'S' 255 233 117 97 (-1477279)
2025-09-04 11:22:34:432 [IN ] C8 24 09 0E 25 A5 09 01 31 06 81 45 FF E9 88 94 0B CF 0A (19)
                              [N9:P] TPOS 'E' 255 233 136 148 (-1472364)
2025-09-04 11:22:34:654 [OUT] 25 A5 01 09 31 05 81 FF E9 9A 49 8C 7F (13)
                              [N9:P] TPOS 255 233 154 73 (-1467831)
2025-09-04 11:22:34:844 [IN ] C8 24 09 0E 25 A5 09 01 31 06 81 53 FF E9 88 93 18 14 0A (19)
                              [N9:P] TPOS 'S' 255 233 136 147 (-1472365)
2025-09-04 11:22:35:046 [IN ] C8 24 09 0E 25 A5 09 01 31 06 81 45 FF E9 9B DB 65 3C 0A (19)
                              [N9:P] TPOS 'E' 255 233 155 219 (-1467429)
2025-09-04 11:22:35:248 [IN ] C8 24 0B 0A 25 A5 0B 01 31 02 DE 03 20 D0 9B (15)
                              [N11:NG] NGSWSTATE 3 (3)
2025-09-04 11:22:35:270 [OUT] 25 A5 01 09 31 05 81 FF E9 AD 66 BC C2 (13)
                              [N9:P] TPOS 255 233 173 102 (-1462938)
2025-09-04 11:22:35:437 [IN ] C8 24 09 0E 25 A5 09 01 31 06 81 53 FF E9 9B (15)
2025-09-04 11:22:35:458 [IN ] DA 72 81 0A (4)
                              [N9:P] TPOS 'S' 255 233 155 218 (-1467430)
2025-09-04 11:22:35:660 [IN ] C8 24 09 0E 25 A5 09 01 31 06 81 45 FF E9 AE F6 93 7D 0A (19)
                              [N9:P] TPOS 'E' 255 233 174 246 (-1462538)
2025-09-04 11:22:35:884 [OUT] 25 A5 01 09 31 05 81 FF E9 C0 82 EB 04 (13)
                              [N9:P] TPOS 255 233 192 130 (-1458046)
2025-09-04 11:22:36:073 [IN ] C8 24 09 0E 25 A5 09 01 31 06 81 53 FF E9 AE F5 A0 C2 0A C8 24 0B 0A 25 A5 0B 01 31 02 DE 03 20 D0 AE (34)
                              [N9:P] TPOS 'S' 255 233 174 245 (-1462539)
                              [N11:NG] NGSWSTATE 3 (3)
2025-09-04 11:22:36:274 [IN ] C8 24 09 0E 25 A5 09 01 31 06 81 45 FF E9 C2 24 D5 D3 0A (19)
                              [N9:P] TPOS 'E' 255 233 194 36 (-1457628)
2025-09-04 11:22:36:497 [OUT] 25 A5 01 09 31 05 81 FF E9 D3 9E 1A 46 (13)
                              [N9:P] TPOS 255 233 211 158 (-1453154)
2025-09-04 11:22:36:685 [IN ] C8 24 09 0E 25 A5 09 01 31 06 81 53 FF E9 C2 24 E3 19 0A (19)
                              [N9:P] TPOS 'S' 255 233 194 36 (-1457628)
2025-09-04 11:22:36:886 [IN ] C8 24 09 0E 25 A5 09 01 31 06 81 45 FF E9 D5 0F D3 E4 0A (19)
                              [N9:P] TPOS 'E' 255 233 213 15 (-1452785)
2025-09-04 11:22:37:089 [IN ] C8 24 0B 0A 25 A5 0B 01 31 02 DE 03 20 D0 D5 (15)
                              [N11:NG] NGSWSTATE 3 (3)
2025-09-04 11:22:37:110 [OUT] 25 A5 01 09 31 05 81 FF E9 E6 BB 4A 89 (13)
                              [N9:P] TPOS 255 233 230 187 (-1448261)
2025-09-04 11:22:37:299 [IN ] C8 24 09 0E 25 A5 09 01 31 06 81 53 FF E9 D5 0D DF 28 0A (19)
                              [N9:P] TPOS 'S' 255 233 213 13 (-1452787)
2025-09-04 11:22:37:500 [IN ] C8 24 09 0E 25 A5 09 01 31 06 81 45 FF E9 E8 1D F4 18 0A (19)
                              [N9:P] TPOS 'E' 255 233 232 29 (-1447907)
2025-09-04 11:22:37:722 [OUT] 25 A5 01 09 31 05 81 FF E9 F9 D7 79 CB (13)
                              [N9:P] TPOS 255 233 249 215 (-1443369)
2025-09-04 11:22:37:912 [IN ] C8 24 09 0E 25 A5 09 01 31 06 81 53 FF E9 E8 1C 01 5D 0A (19)
                              [N9:P] TPOS 'S' 255 233 232 28 (-1447908)
2025-09-04 11:22:38:115 [IN ] C8 24 09 0E 25 A5 09 01 31 06 81 45 FF E9 FA F8 E1 17 0A C8 24 0B 0A 25 A5 0B 01 31 02 DE 03 20 D0 FA (34)
                              [N9:P] TPOS 'E' 255 233 250 248 (-1443080)
                              [N11:NG] NGSWSTATE 3 (3)
2025-09-04 11:22:38:338 [OUT] 25 A5 01 09 31 05 81 FF EA 0C F4 AA 11 (13)
                              [N9:P] TPOS 255 234 12 244 (-1438476)
2025-09-04 11:22:38:528 [IN ] C8 24 09 0E 25 A5 09 01 31 06 81 53 FF E9 FA F7 EE 5C 0A (19)
                              [N9:P] TPOS 'S' 255 233 250 247 (-1443081)
2025-09-04 11:22:38:729 [IN ] C8 24 09 0E 25 A5 09 01 31 06 81 45 FF EA 0D FD FA 45 0A (19)
                              [N9:P] TPOS 'E' 255 234 13 253 (-1438211)
2025-09-04 11:22:38:952 [OUT] 25 A5 01 09 31 05 81 FF EA 20 10 DA 55 (13)
                              [N9:P] TPOS 255 234 32 16 (-1433584)
2025-09-04 11:22:39:099 [IN ] C8 24 0B 0A 25 A5 0B 01 31 02 DE 03 20 D0 0D (15)
                              [N11:NG] NGSWSTATE 3 (3)
2025-09-04 11:22:39:141 [IN ] C8 24 09 0E 25 A5 09 01 31 06 81 53 FF EA 0D FB 06 89 0A (19)
                              [N9:P] TPOS 'S' 255 234 13 251 (-1438213)
2025-09-04 11:22:39:343 [IN ] C8 24 09 0E 25 A5 09 01 31 06 81 45 FF EA 20 FA 0A 68 0A (19)
                              [N9:P] TPOS 'E' 255 234 32 250 (-1433350)
2025-09-04 11:22:39:566 [OUT] 25 A5 01 09 31 05 81 FF EA 33 2D 0A 98 (13)
                              [N9:P] TPOS 255 234 51 45 (-1428691)
2025-09-04 11:22:39:734 [IN ] C8 24 09 0E 25 A5 09 01 31 06 81 53 FF EA 20 F9 17 AD 0A (19)
                              [N9:P] TPOS 'S' 255 234 32 249 (-1433351)
2025-09-04 11:22:39:935 [IN ] C8 24 09 0E 25 A5 09 01 31 06 81 45 FF EA 34 08 2C 9E 0A (19)
                              [N9:P] TPOS 'E' 255 234 52 8 (-1428472)
2025-09-04 11:22:40:137 [IN ] C8 24 0B 0A 25 A5 0B 01 31 02 DE 03 20 D0 34 (15)
                              [N11:NG] NGSWSTATE 3 (3)
2025-09-04 11:22:40:159 [OUT] 25 A5 01 09 31 05 81 FF EA 46 49 39 DA (13)
                              [N9:P] TPOS 255 234 70 73 (-1423799)
2025-09-04 11:22:40:349 [IN ] C8 24 09 0E 25 A5 09 01 31 06 81 53 FF EA 34 07 39 E3 0A (19)
                              [N9:P] TPOS 'S' 255 234 52 7 (-1428473)
2025-09-04 11:22:40:550 [IN ] C8 24 09 0E 25 A5 09 01 31 06 81 45 FF EA 47 3C 73 F8 0A (19)
                              [N9:P] TPOS 'E' 255 234 71 60 (-1423556)
2025-09-04 11:22:40:772 [OUT] 25 A5 01 09 31 05 81 FF EA 59 66 69 1D (13)
                              [N9:P] TPOS 255 234 89 102 (-1418906)
2025-09-04 11:22:40:982 [IN ] C8 24 09 0E 25 A5 09 01 31 06 81 53 FF EA 47 3A 7F 3C 0A (19)
                              [N9:P] TPOS 'S' 255 234 71 58 (-1423558)
2025-09-04 11:22:41:184 [IN ] C8 24 09 0E 25 A5 09 01 31 06 81 45 FF EA 5A 75 BF 57 0A C8 24 0B 0A 25 A5 0B 01 31 02 DE 03 20 D0 5A (34)
                              [N9:P] TPOS 'E' 255 234 90 117 (-1418635)
                              [N11:NG] NGSWSTATE 3 (3)
2025-09-04 11:22:41:406 [OUT] 25 A5 01 09 31 05 81 FF EA 6C 82 98 5F (13)
                              [N9:P] TPOS 255 234 108 130 (-1414014)
2025-09-04 11:22:41:595 [IN ] C8 24 09 0E 25 A5 09 01 31 06 81 53 FF EA 5A 73 CB 9B 0A (19)
                              [N9:P] TPOS 'S' 255 234 90 115 (-1418637)
2025-09-04 11:22:41:797 [IN ] C8 24 09 0E 25 A5 09 01 31 06 81 45 FF EA 6D 9B F8 A3 0A (19)
                              [N9:P] TPOS 'E' 255 234 109 155 (-1413733)
2025-09-04 11:22:42:019 [OUT] 25 A5 01 09 31 05 81 FF EA 7F 9E C7 A1 (13)
                              [N9:P] TPOS 255 234 127 158 (-1409122)
2025-09-04 11:22:42:124 [IN ] C8 24 0B 0A 25 A5 0B 01 31 02 DE 03 20 D0 6D (15)
                              [N11:NG] NGSWSTATE 3 (3)
2025-09-04 11:22:42:208 [IN ] C8 24 09 0E 25 A5 09 01 31 06 81 53 FF EA 6D 99 04 E7 0A (19)
                              [N9:P] TPOS 'S' 255 234 109 153 (-1413735)
2025-09-04 11:22:42:409 [IN ] C8 24 09 0E 25 A5 09 01 31 06 81 45 FF EA 80 BA 2A E8 0A (19)
                              [N9:P] TPOS 'E' 255 234 128 186 (-1408838)
2025-09-04 11:22:42:632 [OUT] 25 A5 01 09 31 05 81 FF EA 92 BB F7 E4 (13)
                              [N9:P] TPOS 255 234 146 187 (-1404229)
2025-09-04 11:22:42:801 [IN ] C8 24 09 0E 25 A5 09 01 31 06 81 53 FF EA 80 B8 36 2C 0A (19)
                              [N9:P] TPOS 'S' 255 234 128 184 (-1408840)
2025-09-04 11:22:43:003 [IN ] C8 24 09 0E 25 A5 09 01 31 06 81 45 FF EA 93 F2 75 46 0A (19)
                              [N9:P] TPOS 'E' 255 234 147 242 (-1403918)
2025-09-04 11:22:43:205 [IN ] C8 24 0B 0A 25 A5 0B 01 31 02 DE 03 20 D0 93 (15)
                              [N11:NG] NGSWSTATE 3 (3)
2025-09-04 11:22:43:226 [OUT] 25 A5 01 09 31 05 81 FF EA A5 D7 26 26 (13)
                              [N9:P] TPOS 255 234 165 215 (-1399337)
2025-09-04 11:22:43:414 [IN ] C8 24 09 0E 25 A5 09 01 31 06 81 53 FF EA 93 F1 82 8B 0A (19)
                              [N9:P] TPOS 'S' 255 234 147 241 (-1403919)
2025-09-04 11:22:43:615 [IN ] C8 24 09 0E 25 A5 09 01 31 06 81 45 FF EA A7 38 CF B4 0A (19)
                              [N9:P] TPOS 'E' 255 234 167 56 (-1398984)
2025-09-04 11:22:43:838 [OUT] 25 A5 01 09 31 05 81 FF EA B8 F4 56 69 (13)
                              [N9:P] TPOS 255 234 184 244 (-1394444)
2025-09-04 11:22:44:027 [IN ] C8 24 09 0E 25 A5 09 01 31 06 81 53 FF EA A7 37 DC F9 0A (19)
                              [N9:P] TPOS 'S' 255 234 167 55 (-1398985)
2025-09-04 11:22:44:228 [IN ] C8 24 0B 0A 25 A5 0B 01 31 02 DE 03 20 D0 A7 C8 24 09 0E 25 A5 09 01 31 06 81 45 FF EA BA 90 3A 32 0A (34)
                              [N11:NG] NGSWSTATE 3 (3)
                              [N9:P] TPOS 'E' 255 234 186 144 (-1394032)
2025-09-04 11:22:44:450 [OUT] 25 A5 01 09 31 05 81 FF EA CC 10 86 AD (13)
                              [N9:P] TPOS 255 234 204 16 (-1389552)
2025-09-04 11:22:44:640 [IN ] C8 24 09 0E 25 A5 09 01 31 06 81 53 FF EA BA 8F 47 77 0A (19)
                              [N9:P] TPOS 'S' 255 234 186 143 (-1394033)
2025-09-04 11:22:44:841 [IN ] C8 24 09 0E 25 A5 09 01 31 06 81 45 FF EA CD A9 66 71 0A (19)
                              [N9:P] TPOS 'E' 255 234 205 169 (-1389143)
2025-09-04 11:22:45:064 [OUT] 25 A5 01 09 31 05 81 FF EA DF 2D B6 F0 (13)
                              [N9:P] TPOS 255 234 223 45 (-1384659)
2025-09-04 11:22:45:149 [IN ] C8 24 0B 0A 25 A5 0B 01 31 02 DE 03 20 D0 CD (15)
                              [N11:NG] NGSWSTATE 3 (3)
2025-09-04 11:22:45:232 [IN ] C8 24 09 0E 25 A5 09 01 31 06 81 53 FF EA CD A9 74 B7 0A (19)
                              [N9:P] TPOS 'S' 255 234 205 169 (-1389143)
2025-09-04 11:22:45:433 [IN ] C8 24 09 0E 25 A5 09 01 31 06 81 45 FF EA E0 C5 95 B3 0A (19)
                              [N9:P] TPOS 'E' 255 234 224 197 (-1384251)
2025-09-04 11:22:45:655 [OUT] 25 A5 01 09 31 05 81 FF EA F2 49 E5 32 (13)
                              [N9:P] TPOS 255 234 242 73 (-1379767)
2025-09-04 11:22:45:824 [IN ] C8 24 09 0E 25 A5 09 01 31 06 81 53 FF EA E0 C4 A2 F8 0A (19)
                              [N9:P] TPOS 'S' 255 234 224 196 (-1384252)
2025-09-04 11:22:46:025 [IN ] C8 24 09 0E 25 A5 09 01 31 06 81 45 FF EA F3 D5 B8 E9 0A (19)
                              [N9:P] TPOS 'E' 255 234 243 213 (-1379371)
2025-09-04 11:22:46:227 [IN ] C8 24 0B 0A 25 A5 0B 01 31 02 DE 03 20 D0 F3 (15)
                              [N11:NG] NGSWSTATE 3 (3)
2025-09-04 11:22:46:248 [OUT] 25 A5 01 09 31 05 81 FF EB 05 66 16 78 (13)
                              [N9:P] TPOS 255 235 5 102 (-1374874)
2025-09-04 11:22:46:437 [IN ] C8 24 09 0E 25 A5 09 01 31 06 81 53 FF EA F3 D4 C5 2E 0A (19)
                              [N9:P] TPOS 'S' 255 234 243 212 (-1379372)
2025-09-04 11:22:46:639 [IN ] C8 24 09 0E 25 A5 09 01 31 06 81 45 FF EB 06 DE D5 1B 0A (19)
                              [N9:P] TPOS 'E' 255 235 6 222 (-1374498)
2025-09-04 11:22:46:861 [OUT] 25 A5 01 09 31 05 81 FF EB 18 82 45 BA (13)
                              [N9:P] TPOS 255 235 24 130 (-1369982)
2025-09-04 11:22:47:051 [IN ] C8 24 09 0E 25 A5 09 01 31 06 81 53 FF EB 06 DD E2 60 0A (19)
                              [N9:P] TPOS 'S' 255 235 6 221 (-1374499)
2025-09-04 11:22:47:253 [IN ] C8 24 0B 0A 25 A5 0B 01 31 02 DE 03 20 D0 06 C8 24 09 0E 25 A5 09 01 31 06 81 45 FF EB 19 CF D9 32 0A (34)
                              [N11:NG] NGSWSTATE 3 (3)
                              [N9:P] TPOS 'E' 255 235 25 207 (-1369649)
2025-09-04 11:22:47:477 [OUT] 25 A5 01 09 31 05 81 FF EB 2B 9E 74 FC (13)
                              [N9:P] TPOS 255 235 43 158 (-1365090)
2025-09-04 11:22:47:666 [IN ] C8 24 09 0E 25 A5 09 01 31 06 81 53 FF EB 19 CD E5 76 0A (19)
                              [N9:P] TPOS 'S' 255 235 25 205 (-1369651)
2025-09-04 11:22:47:867 [IN ] C8 24 09 0E 25 A5 09 01 31 06 81 45 FF EB 2C C7 E4 50 0A (19)
                              [N9:P] TPOS 'E' 255 235 44 199 (-1364793)
2025-09-04 11:22:48:089 [OUT] 25 A5 01 09 31 05 81 FF EB 3E BB A4 3F (13)
                              [N9:P] TPOS 255 235 62 187 (-1360197)
2025-09-04 11:22:48:174 [IN ] C8 24 0B 0A 25 A5 0B 01 31 02 DE 03 20 D0 2C (15)
                              [N11:NG] NGSWSTATE 3 (3)
2025-09-04 11:22:48:279 [IN ] C8 24 09 0E 25 A5 09 01 31 06 81 53 FF EB 2C C6 F1 95 0A (19)
                              [N9:P] TPOS 'S' 255 235 44 198 (-1364794)
2025-09-04 11:22:48:480 [IN ] C8 24 09 0E 25 A5 09 01 31 06 81 45 FF EB 3F DF 0F 8E 0A (19)
                              [N9:P] TPOS 'E' 255 235 63 223 (-1359905)
2025-09-04 11:22:48:704 [OUT] 25 A5 01 09 31 05 81 FF EB 51 D7 D3 81 (13)
                              [N9:P] TPOS 255 235 81 215 (-1355305)
2025-09-04 11:22:48:894 [IN ] C8 24 09 0E 25 A5 09 01 31 06 81 53 FF EB 3F DD 1B D2 0A (19)
                              [N9:P] TPOS 'S' 255 235 63 221 (-1359907)
2025-09-04 11:22:49:095 [IN ] C8 24 09 0E 25 A5 09 01 31 06 81 45 FF EB 52 F2 35 C7 0A (19)
                              [N9:P] TPOS 'E' 255 235 82 242 (-1355022)
2025-09-04 11:22:49:296 [IN ] C8 24 0B 0A 25 A5 0B 01 31 02 DE 03 20 D0 52 (15)
                              [N11:NG] NGSWSTATE 3 (3)
2025-09-04 11:22:49:317 [OUT] 25 A5 01 09 31 05 81 FF EB 64 F4 03 C4 (13)
                              [N9:P] TPOS 255 235 100 244 (-1350412)
2025-09-04 11:22:49:505 [IN ] C8 24 09 0E 25 A5 09 01 31 06 81 53 FF EB 52 F1 42 0C 0A (19)
                              [N9:P] TPOS 'S' 255 235 82 241 (-1355023)
2025-09-04 11:22:49:706 [IN ] C8 24 09 0E 25 A5 09 01 31 06 81 45 FF EB 66 27 7E 24 0A (19)
                              [N9:P] TPOS 'E' 255 235 102 39 (-1350105)
2025-09-04 11:22:49:929 [OUT] 25 A5 01 09 31 05 81 FF EB 78 10 33 08 (13)
                              [N9:P] TPOS 255 235 120 16 (-1345520)
2025-09-04 11:22:50:118 [IN ] C8 24 09 0E 25 A5 09 01 31 06 81 53 FF EB 66 26 8B 69 0A (19)
                              [N9:P] TPOS 'S' 255 235 102 38 (-1350106)
2025-09-04 11:22:50:319 [IN ] C8 24 0B 0A 25 A5 0B 01 31 02 DE 03 20 D0 66 C8 24 09 0E 25 A5 09 01 31 06 81 45 FF EB 79 4B B5 6E 0A (34)
                              [N11:NG] NGSWSTATE 3 (3)
                              [N9:P] TPOS 'E' 255 235 121 75 (-1345205)
2025-09-04 11:22:50:541 [OUT] 25 A5 01 09 31 05 81 FF EB 8B 2D 63 4B (13)
                              [N9:P] TPOS 255 235 139 45 (-1340627)
2025-09-04 11:22:50:709 [IN ] C8 24 09 0E 25 A5 09 01 31 06 81 53 FF EB 79 49 C1 B2 0A (19)
                              [N9:P] TPOS 'S' 255 235 121 73 (-1345207)
2025-09-04 11:22:50:911 [IN ] C8 24 09 0E 25 A5 09 01 31 06 81 45 FF EB 8C 5B D8 A4 0A (19)
                              [N9:P] TPOS 'E' 255 235 140 91 (-1340325)
2025-09-04 11:22:51:133 [OUT] 25 A5 01 09 31 05 81 FF EB 9E 49 92 8D (13)
                              [N9:P] TPOS 255 235 158 73 (-1335735)
2025-09-04 11:22:51:197 [IN ] C8 24 0B 0A 25 A5 0B 01 31 02 DE 03 20 D0 8C (15)
                              [N11:NG] NGSWSTATE 3 (3)
2025-09-04 11:22:51:301 [IN ] C8 24 09 0E 25 A5 09 01 31 06 81 53 FF EB 8C 59 E4 E8 0A (19)
                              [N9:P] TPOS 'S' 255 235 140 89 (-1340327)
2025-09-04 11:22:51:503 [IN ] C8 24 09 0E 25 A5 09 01 31 06 81 45 FF EB 9F A5 35 14 0A (19)
                              [N9:P] TPOS 'E' 255 235 159 165 (-1335387)
2025-09-04 11:22:51:725 [OUT] 25 A5 01 09 31 05 81 FF EB B1 66 C2 D0 (13)
                              [N9:P] TPOS 255 235 177 102 (-1330842)
2025-09-04 11:22:51:914 [IN ] C8 24 09 0E 25 A5 09 01 31 06 81 53 FF EB 9F A3 41 58 0A (19)
                              [N9:P] TPOS 'S' 255 235 159 163 (-1335389)
2025-09-04 11:22:52:115 [IN ] C8 24 09 0E 25 A5 09 01 31 06 81 45 FF EB B2 CF 72 64 0A (19)
                              [N9:P] TPOS 'E' 255 235 178 207 (-1330481)
2025-09-04 11:22:52:316 [IN ] C8 24 0B 0A 25 A5 0B 01 31 02 DE 03 20 D0 B2 (15)
                              [N11:NG] NGSWSTATE 3 (3)
2025-09-04 11:22:52:337 [OUT] 25 A5 01 09 31 05 81 FF EB C4 82 F1 12 (13)
                              [N9:P] TPOS 255 235 196 130 (-1325950)
2025-09-04 11:22:52:526 [IN ] C8 24 09 0E 25 A5 09 01 31 06 81 53 FF EB B2 CD 7E A8 0A (19)
                              [N9:P] TPOS 'S' 255 235 178 205 (-1330483)
2025-09-04 11:22:52:727 [IN ] C8 24 09 0E 25 A5 09 01 31 06 81 45 FF EB C5 FE B4 B9 0A (19)
                              [N9:P] TPOS 'E' 255 235 197 254 (-1325570)
2025-09-04 11:22:52:949 [OUT] 25 A5 01 09 31 05 81 FF EB D7 9F 21 55 (13)
                              [N9:P] TPOS 255 235 215 159 (-1321057)
2025-09-04 11:22:53:137 [IN ] C8 24 09 0E 25 A5 09 01 31 06 81 53 FF EB C5 FC C0 FD 0A (19)
                              [N9:P] TPOS 'S' 255 235 197 252 (-1325572)
2025-09-04 11:22:53:339 [IN ] C8 24 0B 0A 25 A5 0B 01 31 02 DE 03 20 D0 C5 C8 24 09 0E 25 A5 09 01 31 06 81 45 FF EB D9 23 ED 06 0A (34)
                              [N11:NG] NGSWSTATE 3 (3)
                              [N9:P] TPOS 'E' 255 235 217 35 (-1320669)
2025-09-04 11:22:53:561 [OUT] 25 A5 01 09 31 05 81 FF EB EA BB 50 97 (13)
                              [N9:P] TPOS 255 235 234 187 (-1316165)
2025-09-04 11:22:53:730 [IN ] C8 24 09 0E 25 A5 09 01 31 06 81 53 FF EB D9 22 FA 4B 0A (19)
                              [N9:P] TPOS 'S' 255 235 217 34 (-1320670)
2025-09-04 11:22:53:931 [IN ] C8 24 09 0E 25 A5 09 01 31 06 81 45 FF EB EC 2A 07 33 0A (19)
                              [N9:P] TPOS 'E' 255 235 236 42 (-1315798)
2025-09-04 11:22:54:154 [OUT] 25 A5 01 09 31 05 81 FF EB FD D7 7F D9 (13)
                              [N9:P] TPOS 255 235 253 215 (-1311273)
2025-09-04 11:22:54:218 [IN ] C8 24 0B 0A 25 A5 0B 01 31 02 DE 03 20 D0 EC (15)
                              [N11:NG] NGSWSTATE 3 (3)
2025-09-04 11:22:54:323 [IN ] C8 24 09 0E 25 A5 09 01 31 06 81 53 FF EB EC 29 14 78 0A (19)
                              [N9:P] TPOS 'S' 255 235 236 41 (-1315799)
2025-09-04 11:22:54:525 [IN ] C8 24 09 0E 25 A5 09 01 31 06 81 45 FF EB FF 52 42 81 0A (19)
                              [N9:P] TPOS 'E' 255 235 255 82 (-1310894)
2025-09-04 11:22:54:747 [OUT] 25 A5 01 09 31 05 81 FF EC 10 F4 B0 1F (13)
                              [N9:P] TPOS 255 236 16 244 (-1306380)
2025-09-04 11:22:54:934 [IN ] C8 24 09 0E 25 A5 09 01 31 06 81 53 FF EB FF 51 4F C6 0A (19)
                              [N9:P] TPOS 'S' 255 235 255 81 (-1310895)
2025-09-04 11:22:55:136 [IN ] C8 24 09 0E 25 A5 09 01 31 06 81 45 FF EC 12 63 67 BB 0A (19)
                              [N9:P] TPOS 'E' 255 236 18 99 (-1306013)
2025-09-04 11:22:55:337 [IN ] C8 24 0B 0A 25 A5 0B 01 31 02 DE 03 20 D0 12 (15)
                              [N11:NG] NGSWSTATE 3 (3)
2025-09-04 11:22:55:358 [OUT] 25 A5 01 09 31 05 81 FF EC 24 10 E0 63 (13)
                              [N9:P] TPOS 255 236 36 16 (-1301488)
2025-09-04 11:22:55:547 [IN ] C8 24 09 0E 25 A5 09 01 31 06 81 53 FF EC 12 62 74 00 0A (19)
                              [N9:P] TPOS 'S' 255 236 18 98 (-1306014)
2025-09-04 11:22:55:749 [IN ] C8 24 09 0E 25 A5 09 01 31 06 81 45 FF EC 25 4F 66 CD 0A (19)
                              [N9:P] TPOS 'E' 255 236 37 79 (-1301169)
2025-09-04 11:22:55:971 [OUT] 25 A5 01 09 31 05 81 FF EC 37 2D 10 A6 (13)
                              [N9:P] TPOS 255 236 55 45 (-1296595)
2025-09-04 11:22:56:158 [IN ] C8 24 09 0E 25 A5 09 01 31 06 81 53 FF EC 25 4F 74 13 0A (19)
                              [N9:P] TPOS 'S' 255 236 37 79 (-1301169)
2025-09-04 11:22:56:359 [IN ] C8 24 0B 0A 25 A5 0B 01 31 02 DE 03 20 D0 25 C8 24 09 0E 25 A5 09 01 31 06 81 45 FF EC 38 34 5E D8 0A (34)
                              [N11:NG] NGSWSTATE 3 (3)
                              [N9:P] TPOS 'E' 255 236 56 52 (-1296332)
2025-09-04 11:22:56:582 [OUT] 25 A5 01 09 31 05 81 FF EC 4A 49 3F E8 (13)
                              [N9:P] TPOS 255 236 74 73 (-1291703)
2025-09-04 11:22:56:750 [IN ] C8 24 09 0E 25 A5 09 01 31 06 81 53 FF EC 38 31 69 1B 0A (19)
                              [N9:P] TPOS 'S' 255 236 56 49 (-1296335)
2025-09-04 11:22:56:952 [IN ] C8 24 09 0E 25 A5 09 01 31 06 81 45 FF EC 4B 2C 69 F6 0A (19)
                              [N9:P] TPOS 'E' 255 236 75 44 (-1291476)
2025-09-04 11:22:57:174 [OUT] 25 A5 01 09 31 05 81 FF EC 5D 66 6F 2B (13)
                              [N9:P] TPOS 255 236 93 102 (-1286810)
2025-09-04 11:22:57:240 [IN ] C8 24 0B 0A 25 A5 0B 01 31 02 DE 03 20 D0 4B (15)
                              [N11:NG] NGSWSTATE 3 (3)
2025-09-04 11:22:57:344 [IN ] C8 24 09 0E 25 A5 09 01 31 06 81 53 FF EC 4B 2A (16)
2025-09-04 11:22:57:364 [IN ] 75 3A 0A (3)
                              [N9:P] TPOS 'S' 255 236 75 42 (-1291478)
2025-09-04 11:22:57:566 [IN ] C8 24 09 0E 25 A5 09 01 31 06 81 45 FF EC 5E 26 76 16 0A (19)
                              [N9:P] TPOS 'E' 255 236 94 38 (-1286618)
2025-09-04 11:22:57:789 [OUT] 25 A5 01 09 31 05 81 FF EC 70 82 9E 6D (13)
                              [N9:P] TPOS 255 236 112 130 (-1281918)
2025-09-04 11:22:57:977 [IN ] C8 24 09 0E 25 A5 09 01 31 06 81 53 FF EC 5E 22 80 58 0A (19)
                              [N9:P] TPOS 'S' 255 236 94 34 (-1286622)
2025-09-04 11:22:58:179 [IN ] C8 24 09 0E 25 A5 09 01 31 06 81 45 FF EC 71 5E C1 74 0A (19)
                              [N9:P] TPOS 'E' 255 236 113 94 (-1281698)
2025-09-04 11:22:58:380 [IN ] C8 24 0B 0A 25 A5 0B 01 31 02 DE 03 20 D0 71 (15)
                              [N11:NG] NGSWSTATE 3 (3)
2025-09-04 11:22:58:401 [OUT] 25 A5 01 09 31 05 81 FF EC 83 9F CE B0 (13)
                              [N9:P] TPOS 255 236 131 159 (-1277025)
2025-09-04 11:22:58:591 [IN ] C8 24 09 0E 25 A5 09 01 31 06 81 53 FF EC 71 5C CD B8 0A (19)
                              [N9:P] TPOS 'S' 255 236 113 92 (-1281700)
2025-09-04 11:22:58:793 [IN ] C8 24 09 0E 25 A5 09 01 31 06 81 45 FF EC 84 B2 28 EE 0A (19)
                              [N9:P] TPOS 'E' 255 236 132 178 (-1276750)
2025-09-04 11:22:59:016 [OUT] 25 A5 01 09 31 05 81 FF EC 96 BB FD F2 (13)
                              [N9:P] TPOS 255 236 150 187 (-1272133)
2025-09-04 11:22:59:205 [IN ] C8 24 09 0E 25 A5 09 01 31 06 81 53 FF EC 84 B0 34 32 0A (19)
                              [N9:P] TPOS 'S' 255 236 132 176 (-1276752)
2025-09-04 11:22:59:407 [IN ] C8 24 09 0E 25 A5 09 01 31 06 81 45 FF EC 98 06 90 6A 0A (19)
                              [N9:P] TPOS 'E' 255 236 152 6 (-1271802)
2025-09-04 11:22:59:630 [OUT] 25 A5 01 09 31 05 81 FF EC A9 D7 2C 34 (13)
                              [N9:P] TPOS 255 236 169 215 (-1267241)
2025-09-04 11:22:59:819 [IN ] C8 24 09 0E 25 A5 09 01 31 06 81 53 FF EC 98 04 9C AE 0A (19)
                              [N9:P] TPOS 'S' 255 236 152 4 (-1271804)
2025-09-04 11:23:00:020 [IN ] C8 24 09 0E 25 A5 09 01 31 06 81 45 FF EC AB 51 EE DB 0A (19)
                              [N9:P] TPOS 'E' 255 236 171 81 (-1266863)
2025-09-04 11:23:00:243 [OUT] 25 A5 01 09 31 05 81 FF EC BC F4 5C 77 (13)
                              [N9:P] TPOS 255 236 188 244 (-1262348)
2025-09-04 11:23:00:432 [IN ] C8 24 09 0E 25 A5 09 01 31 06 81 53 FF EC AB 4F FA 1F 0A (19)
                              [N9:P] TPOS 'S' 255 236 171 79 (-1266865)
2025-09-04 11:23:00:634 [IN ] C8 24 09 0E 25 A5 09 01 31 06 81 45 FF EC BE 8A 3A 3A 0A (19)
                              [N9:P] TPOS 'E' 255 236 190 138 (-1261942)
2025-09-04 11:23:00:856 [OUT] 25 A5 01 09 31 05 81 FF EC D0 10 8C BB (13)
                              [N9:P] TPOS 255 236 208 16 (-1257456)
2025-09-04 11:23:01:045 [IN ] C8 24 09 0E 25 A5 09 01 31 06 81 53 FF EC BE 89 47 7F 0A (19)
                              [N9:P] TPOS 'S' 255 236 190 137 (-1261943)
2025-09-04 11:23:01:247 [IN ] C8 24 09 0E 25 A5 09 01 31 06 81 45 FF EC D1 B0 73 86 0A (19)
                              [N9:P] TPOS 'E' 255 236 209 176 (-1257040)
2025-09-04 11:23:01:470 [OUT] 25 A5 01 09 31 05 81 FF EC E3 2D BC FE (13)
                              [N9:P] TPOS 255 236 227 45 (-1252563)
2025-09-04 11:23:01:659 [IN ] C8 24 09 0E 25 A5 09 01 31 06 81 53 FF EC D1 AE 7F CA 0A (19)
                              [N9:P] TPOS 'S' 255 236 209 174 (-1257042)
2025-09-04 11:23:01:860 [IN ] C8 24 09 0E 25 A5 09 01 31 06 81 45 FF EC E4 DA B0 D6 0A (19)
                              [N9:P] TPOS 'E' 255 236 228 218 (-1252134)
2025-09-04 11:23:02:081 [OUT] 25 A5 01 09 31 05 81 FF EC F6 49 EB 40 (13)
                              [N9:P] TPOS 255 236 246 73 (-1247671)
2025-09-04 11:23:02:250 [IN ] C8 24 09 0E 25 A5 09 01 31 06 81 53 FF EC E4 D9 BD 1B 0A (19)
                              [N9:P] TPOS 'S' 255 236 228 217 (-1252135)
2025-09-04 11:23:02:451 [IN ] C8 24 09 0E 25 A5 09 01 31 06 81 45 FF EC F8 01 EB 25 0A (19)
                              [N9:P] TPOS 'E' 255 236 248 1 (-1247231)
2025-09-04 11:23:02:673 [OUT] 25 A5 01 09 31 05 81 FF ED 09 66 1C 86 (13)
                              [N9:P] TPOS 255 237 9 102 (-1242778)
2025-09-04 11:23:02:844 [IN ] C8 24 09 0E 25 A5 09 (7)
2025-09-04 11:23:02:865 [IN ] 01 31 06 81 53 FF EC F8 00 F8 6A 0A (12)
                              [N9:P] TPOS 'S' 255 236 248 0 (-1247232)
2025-09-04 11:23:03:066 [IN ] C8 24 09 0E 25 A5 09 01 31 06 81 45 FF ED 0B 27 25 74 0A (19)
                              [N9:P] TPOS 'E' 255 237 11 39 (-1242329)
2025-09-04 11:23:03:288 [OUT] 25 A5 01 09 31 05 81 FF ED 1C 82 4B C8 (13)
                              [N9:P] TPOS 255 237 28 130 (-1237886)
2025-09-04 11:23:03:477 [IN ] C8 24 09 0E 25 A5 09 01 31 06 81 53 FF ED 0B 27 33 BA 0A (19)
                              [N9:P] TPOS 'S' 255 237 11 39 (-1242329)
2025-09-04 11:23:03:679 [IN ] C8 24 09 0E 25 A5 09 01 31 06 81 45 FF ED 1E 37 48 AA 0A (19)
                              [N9:P] TPOS 'E' 255 237 30 55 (-1237449)
2025-09-04 11:23:03:902 [OUT] 25 A5 01 09 31 05 81 FF ED 2F 9F 7B 0B (13)
                              [N9:P] TPOS 255 237 47 159 (-1232993)
2025-09-04 11:23:04:071 [IN ] C8 24 09 0E 25 A5 09 01 31 06 81 53 FF ED 1E 35 54 EE 0A (19)
                              [N9:P] TPOS 'S' 255 237 30 53 (-1237451)
2025-09-04 11:23:04:272 [IN ] C8 24 09 0E 25 A5 09 01 31 06 81 45 FF ED 31 15 39 AE 0A (19)
                              [N9:P] TPOS 'E' 255 237 49 21 (-1232619)
2025-09-04 11:23:04:494 [OUT] 25 A5 01 09 31 05 81 FF ED 42 BB AA 4D (13)
                              [N9:P] TPOS 255 237 66 187 (-1228101)
2025-09-04 11:23:04:683 [IN ] C8 24 09 0E 25 A5 09 01 31 06 81 53 FF ED 31 14 46 F3 0A (19)
                              [N9:P] TPOS 'S' 255 237 49 20 (-1232620)
2025-09-04 11:23:04:884 [IN ] C8 24 09 0E 25 A5 09 01 31 06 81 45 FF ED 43 E7 1D A4 0A (19)
                              [N9:P] TPOS 'E' 255 237 67 231 (-1227801)
2025-09-04 11:23:05:107 [OUT] 25 A5 01 09 31 05 81 FF ED 55 D7 D9 8F (13)
                              [N9:P] TPOS 255 237 85 215 (-1223209)
2025-09-04 11:23:05:296 [IN ] C8 24 09 0E 25 A5 09 01 31 06 81 53 FF ED 43 E6 2A E9 0A (19)
                              [N9:P] TPOS 'S' 255 237 67 230 (-1227802)
2025-09-04 11:23:05:498 [IN ] C8 24 09 0E 25 A5 09 01 31 06 81 45 FF ED 56 BE 07 A1 0A (19)
                              [N9:P] TPOS 'E' 255 237 86 190 (-1222978)
2025-09-04 11:23:05:720 [OUT] 25 A5 01 09 31 05 81 FF ED 68 F4 09 D2 (13)
                              [N9:P] TPOS 255 237 104 244 (-1218316)
2025-09-04 11:23:05:908 [IN ] C8 24 09 0E 25 A5 09 01 31 06 81 53 FF ED 56 BC 13 E5 0A (19)
                              [N9:P] TPOS 'S' 255 237 86 188 (-1222980)
2025-09-04 11:23:06:108 [IN ] C8 24 09 0E 25 A5 09 01 31 06 81 45 FF ED 69 D5 31 DE 0A (19)
                              [N9:P] TPOS 'E' 255 237 105 213 (-1218091)
2025-09-04 11:23:06:331 [OUT] 25 A5 01 09 31 05 81 FF ED 7C 10 39 16 (13)
                              [N9:P] TPOS 255 237 124 16 (-1213424)
2025-09-04 11:23:06:520 [IN ] C8 24 09 0E 25 A5 09 01 31 06 81 53 FF ED 69 D2 3C 21 0A (19)
                              [N9:P] TPOS 'S' 255 237 105 210 (-1218094)
2025-09-04 11:23:06:722 [IN ] C8 24 09 0E 25 A5 09 01 31 06 81 45 FF ED 7D 1F 8F 50 0A (19)
                              [N9:P] TPOS 'E' 255 237 125 31 (-1213153)
2025-09-04 11:23:06:944 [OUT] 25 A5 01 09 31 05 81 FF ED 8F 2D 69 59 (13)
                              [N9:P] TPOS 255 237 143 45 (-1208531)
2025-09-04 11:23:07:133 [IN ] C8 24 09 0E 25 A5 09 01 31 06 81 53 FF ED 7D 1D 9B 94 0A (19)
                              [N9:P] TPOS 'S' 255 237 125 29 (-1213155)
2025-09-04 11:23:07:334 [IN ] C8 24 09 0E 25 A5 09 01 31 06 81 45 FF ED 90 5F E2 B6 0A (19)
                              [N9:P] TPOS 'E' 255 237 144 95 (-1208225)
2025-09-04 11:23:07:556 [OUT] 25 A5 01 09 31 05 81 FF ED A2 49 98 9B (13)
                              [N9:P] TPOS 255 237 162 73 (-1203639)
2025-09-04 11:23:07:745 [IN ] C8 24 09 0E 25 A5 09 01 31 06 81 53 FF ED 90 5D EE FA 0A (19)
                              [N9:P] TPOS 'S' 255 237 144 93 (-1208227)
2025-09-04 11:23:07:947 [IN ] C8 24 09 0E 25 A5 09 01 31 06 81 45 FF ED A3 BC 52 39 0A (19)
                              [N9:P] TPOS 'E' 255 237 163 188 (-1203268)
2025-09-04 11:23:08:169 [OUT] 25 A5 01 09 31 05 81 FF ED B5 66 C8 DE (13)
                              [N9:P] TPOS 255 237 181 102 (-1198746)
2025-09-04 11:23:08:358 [IN ] C8 24 09 0E 25 A5 09 01 31 06 81 53 FF ED A3 BA 5E 7D 0A (19)
                              [N9:P] TPOS 'S' 255 237 163 186 (-1203270)
2025-09-04 11:23:08:560 [IN ] C8 24 09 0E 25 A5 09 01 31 06 81 45 FF ED B6 EC 95 8F 0A (19)
                              [N9:P] TPOS 'E' 255 237 182 236 (-1198356)
2025-09-04 11:23:08:782 [OUT] 25 A5 01 09 31 05 81 FF ED C8 82 F7 20 (13)
                              [N9:P] TPOS 255 237 200 130 (-1193854)
2025-09-04 11:23:08:971 [IN ] C8 24 09 0E 25 A5 09 01 31 06 81 53 FF ED B6 E9 A0 D2 0A (19)
                              [N9:P] TPOS 'S' 255 237 182 233 (-1198359)
2025-09-04 11:23:09:174 [IN ] C8 24 09 0E 25 A5 09 01 31 06 81 45 FF ED CA 09 C6 D4 0A (19)
                              [N9:P] TPOS 'E' 255 237 202 9 (-1193463)
2025-09-04 11:23:09:396 [OUT] 25 A5 01 09 31 05 81 FF ED DB 9F 27 63 (13)
                              [N9:P] TPOS 255 237 219 159 (-1188961)
2025-09-04 11:23:09:586 [IN ] C8 24 09 0E 25 A5 09 01 31 06 81 53 FF ED CA 07 D2 18 0A (19)
                              [N9:P] TPOS 'S' 255 237 202 7 (-1193465)
2025-09-04 11:23:09:788 [IN ] C8 24 09 0E 25 A5 09 01 31 06 81 45 FF ED DD 1A EA 0B 0A (19)
                              [N9:P] TPOS 'E' 255 237 221 26 (-1188582)
2025-09-04 11:23:10:009 [OUT] 25 A5 01 09 31 05 81 FF ED EE BB 56 A5 (13)
                              [N9:P] TPOS 255 237 238 187 (-1184069)
2025-09-04 11:23:10:176 [IN ] C8 24 09 0E 25 A5 09 01 31 06 81 53 FF ED DD 18 F6 4F 0A (19)
                              [N9:P] TPOS 'S' 255 237 221 24 (-1188584)
2025-09-04 11:23:10:377 [IN ] C8 24 09 0E 25 A5 09 01 31 06 81 45 FF ED F0 53 36 6A 0A (19)
                              [N9:P] TPOS 'E' 255 237 240 83 (-1183661)
2025-09-04 11:23:10:600 [OUT] 25 A5 01 09 31 05 81 FF EE 01 D7 86 EA (13)
                              [N9:P] TPOS 255 238 1 215 (-1179177)
2025-09-04 11:23:10:768 [IN ] C8 24 09 0E 25 A5 09 01 31 06 81 53 FF ED F0 52 43 AF 0A (19)
                              [N9:P] TPOS 'S' 255 237 240 82 (-1183662)
2025-09-04 11:23:10:970 [IN ] C8 24 09 0E 25 A5 09 01 31 06 81 45 FF EE 03 60 57 A0 0A (19)
                              [N9:P] TPOS 'E' 255 238 3 96 (-1178784)
2025-09-04 11:23:11:191 [OUT] 25 A5 01 09 31 05 81 FF EE 14 F4 B6 2D (13)
                              [N9:P] TPOS 255 238 20 244 (-1174284)
2025-09-04 11:23:11:381 [IN ] C8 24 09 0E 25 A5 09 01 31 06 81 53 FF EE 03 5E 63 E4 0A (19)
                              [N9:P] TPOS 'S' 255 238 3 94 (-1178786)
2025-09-04 11:23:11:582 [IN ] C8 24 09 0E 25 A5 09 01 31 06 81 45 FF EE 16 8B 95 F1 0A (19)
                              [N9:P] TPOS 'E' 255 238 22 139 (-1173877)
2025-09-04 11:23:11:805 [OUT] 25 A5 01 09 31 05 81 FF EE 28 10 E6 71 (13)
                              [N9:P] TPOS 255 238 40 16 (-1169392)
2025-09-04 11:23:11:994 [IN ] C8 24 09 0E 25 A5 09 01 31 06 81 53 FF EE 16 8A A2 36 0A (19)
                              [N9:P] TPOS 'S' 255 238 22 138 (-1173878)
2025-09-04 11:23:12:195 [IN ] C8 24 09 0E 25 A5 09 01 31 06 81 45 FF EE 29 7D 9A 09 0A (19)
                              [N9:P] TPOS 'E' 255 238 41 125 (-1169027)
2025-09-04 11:23:12:417 [OUT] 25 A5 01 09 31 05 81 FF EE 3B 2D 16 B4 (13)
                              [N9:P] TPOS 255 238 59 45 (-1164499)
2025-09-04 11:23:12:604 [IN ] C8 24 09 0E 25 A5 09 01 31 06 81 53 FF EE 29 7B A6 4D 0A (19)
                              [N9:P] TPOS 'S' 255 238 41 123 (-1169029)
2025-09-04 11:23:12:806 [IN ] C8 24 09 0E 25 A5 09 01 31 06 81 45 FF EE 3C 75 A5 27 0A (19)
                              [N9:P] TPOS 'E' 255 238 60 117 (-1164171)
2025-09-04 11:23:13:029 [OUT] 25 A5 01 09 31 05 81 FF EE 4E 49 45 F6 (13)
                              [N9:P] TPOS 255 238 78 73 (-1159607)
2025-09-04 11:23:13:219 [IN ] C8 24 09 0E 25 A5 09 01 31 06 81 53 FF EE 3C 72 B0 6A 0A (19)
                              [N9:P] TPOS 'S' 255 238 60 114 (-1164174)
2025-09-04 11:23:13:421 [IN ] C8 24 09 0E 25 A5 09 01 31 06 81 45 FF EE 4F 71 B4 49 0A (19)
                              [N9:P] TPOS 'E' 255 238 79 113 (-1159311)
2025-09-04 11:23:13:643 [OUT] 25 A5 01 09 31 05 81 FF EE 61 66 75 39 (13)
                              [N9:P] TPOS 255 238 97 102 (-1154714)
2025-09-04 11:23:13:832 [IN ] C8 24 09 0E 25 A5 09 01 31 06 81 53 FF EE 4F 6F C0 8D 0A (19)
                              [N9:P] TPOS 'S' 255 238 79 111 (-1159313)
2025-09-04 11:23:14:034 [IN ] C8 24 09 0E 25 A5 09 01 31 06 81 45 FF EE 62 70 C6 6E 0A (19)
                              [N9:P] TPOS 'E' 255 238 98 112 (-1154448)
2025-09-04 11:23:14:256 [OUT] 25 A5 01 09 31 05 81 FF EE 74 82 A4 7B (13)
                              [N9:P] TPOS 255 238 116 130 (-1149822)
2025-09-04 11:23:14:445 [IN ] C8 24 09 0E 25 A5 09 01 31 06 81 53 FF EE 62 6F D3 B3 0A (19)
                              [N9:P] TPOS 'S' 255 238 98 111 (-1154449)
2025-09-04 11:23:14:647 [IN ] C8 24 09 0E 25 A5 09 01 31 06 81 45 FF EE 75 7E E7 A2 0A (19)
                              [N9:P] TPOS 'E' 255 238 117 126 (-1149570)
2025-09-04 11:23:14:870 [OUT] 25 A5 01 09 31 05 81 FF EE 87 9F D4 BE (13)
                              [N9:P] TPOS 255 238 135 159 (-1144929)
2025-09-04 11:23:15:059 [IN ] C8 24 09 0E 25 A5 09 01 31 06 81 53 FF EE 75 7B F2 E5 0A (19)
                              [N9:P] TPOS 'S' 255 238 117 123 (-1149573)
2025-09-04 11:23:15:261 [IN ] C8 24 09 0E 25 A5 09 01 31 06 81 45 FF EE 88 C4 40 0E 0A (19)
                              [N9:P] TPOS 'E' 255 238 136 196 (-1144636)
2025-09-04 11:23:15:483 [OUT] 25 A5 01 09 31 05 81 FF EE 9A BB 03 00 (13)
                              [N9:P] TPOS 255 238 154 187 (-1140037)
2025-09-04 11:23:15:672 [IN ] C8 24 09 0E 25 A5 09 01 31 06 81 53 FF EE 88 C2 4C 52 0A (19)
                              [N9:P] TPOS 'S' 255 238 136 194 (-1144638)
2025-09-04 11:23:15:874 [IN ] C8 24 09 0E 25 A5 09 01 31 06 81 45 FF EE 9C 02 92 74 0A (19)
                              [N9:P] TPOS 'E' 255 238 156 2 (-1139710)
2025-09-04 11:23:16:096 [OUT] 25 A5 01 09 31 05 81 FF EE AD D7 32 42 (13)
                              [N9:P] TPOS 255 238 173 215 (-1135145)
2025-09-04 11:23:16:264 [IN ] C8 24 09 0E 25 A5 09 01 31 06 81 (11)
2025-09-04 11:23:16:285 [IN ] 53 FF EE 9C 01 9F B9 0A (8)
                              [N9:P] TPOS 'S' 255 238 156 1 (-1139711)
2025-09-04 11:23:16:487 [IN ] C8 24 09 0E 25 A5 09 01 31 06 81 45 FF EE AF 41 E4 D9 0A (19)
                              [N9:P] TPOS 'E' 255 238 175 65 (-1134783)
2025-09-04 11:23:16:709 [OUT] 25 A5 01 09 31 05 81 FF EE C0 F4 62 85 (13)
                              [N9:P] TPOS 255 238 192 244 (-1130252)
2025-09-04 11:23:16:919 [IN ] C8 24 09 0E 25 A5 09 01 31 06 81 53 FF EE AF 40 F1 1E 0A (19)
                              [N9:P] TPOS 'S' 255 238 175 64 (-1134784)
2025-09-04 11:23:17:120 [IN ] C8 24 09 0E 25 A5 09 01 31 06 81 45 FF EE C2 A6 5C 64 0A (19)
                              [N9:P] TPOS 'E' 255 238 194 166 (-1129818)
2025-09-04 11:23:17:343 [OUT] 25 A5 01 09 31 05 81 FF EE D4 10 92 C9 (13)
                              [N9:P] TPOS 255 238 212 16 (-1125360)
2025-09-04 11:23:17:532 [IN ] C8 24 09 0E 25 A5 09 01 31 06 81 53 FF EE C2 A5 69 A9 0A (19)
                              [N9:P] TPOS 'S' 255 238 194 165 (-1129819)
2025-09-04 11:23:17:734 [IN ] C8 24 09 0E 25 A5 09 01 31 06 81 45 FF EE D5 B0 79 94 0A (19)
                              [N9:P] TPOS 'E' 255 238 213 176 (-1124944)
2025-09-04 11:23:17:956 [OUT] 25 A5 01 09 31 05 81 FF EE E7 2D C2 0C (13)
                              [N9:P] TPOS 255 238 231 45 (-1120467)
2025-09-04 11:23:18:145 [IN ] C8 24 09 0E 25 A5 09 01 31 06 81 53 FF EE D5 B0 87 DA 0A (19)
                              [N9:P] TPOS 'S' 255 238 213 176 (-1124944)
2025-09-04 11:23:18:346 [IN ] C8 24 09 0E 25 A5 09 01 31 06 81 45 FF EE E8 D8 B4 E2 0A (19)
                              [N9:P] TPOS 'E' 255 238 232 216 (-1120040)
2025-09-04 11:23:18:569 [OUT] 25 A5 01 09 31 05 81 FF EE FA 49 F1 4E (13)
                              [N9:P] TPOS 255 238 250 73 (-1115575)
2025-09-04 11:23:18:738 [IN ] C8 24 09 0E 25 A5 09 01 31 (9)
2025-09-04 11:23:18:759 [IN ] 06 81 53 FF EE E8 D7 C1 27 0A (10)
                              [N9:P] TPOS 'S' 255 238 232 215 (-1120041)
2025-09-04 11:23:18:960 [IN ] C8 24 09 0E 25 A5 09 01 31 06 81 45 FF EE FB DF CE 0F 0A (19)
                              [N9:P] TPOS 'E' 255 238 251 223 (-1115169)
2025-09-04 11:23:19:183 [OUT] 25 A5 01 09 31 05 81 FF EF 0D 66 22 94 (13)
                              [N9:P] TPOS 255 239 13 102 (-1110682)
2025-09-04 11:23:19:374 [IN ] C8 24 09 0E 25 A5 09 01 31 06 81 53 FF EE FB DE DB 54 0A (19)
                              [N9:P] TPOS 'S' 255 238 251 222 (-1115170)
2025-09-04 11:23:19:575 [IN ] C8 24 09 0E 25 A5 09 01 31 06 81 45 FF EF 0E F8 FB 51 0A (19)
                              [N9:P] TPOS 'E' 255 239 14 248 (-1110280)
2025-09-04 11:23:19:797 [OUT] 25 A5 01 09 31 05 81 FF EF 20 82 51 D6 (13)
                              [N9:P] TPOS 255 239 32 130 (-1105790)
2025-09-04 11:23:19:985 [IN ] C8 24 09 0E 25 A5 09 01 31 06 81 53 FF EF 0E F7 08 96 0A (19)
                              [N9:P] TPOS 'S' 255 239 14 247 (-1110281)
2025-09-04 11:23:20:187 [IN ] C8 24 09 0E 25 A5 09 01 31 06 81 45 FF EF 22 05 1C 86 0A (19)
                              [N9:P] TPOS 'E' 255 239 34 5 (-1105403)
2025-09-04 11:23:20:409 [OUT] 25 A5 01 09 31 05 81 FF EF 33 9F 81 19 (13)
                              [N9:P] TPOS 255 239 51 159 (-1100897)
2025-09-04 11:23:20:578 [IN ] C8 24 09 0E 25 A5 09 01 31 06 81 53 FF EF 22 04 29 CB 0A (19)
                              [N9:P] TPOS 'S' 255 239 34 4 (-1105404)
2025-09-04 11:23:20:779 [IN ] C8 24 09 0E 25 A5 09 01 31 06 81 45 FF EF 34 EF 18 94 0A (19)
                              [N9:P] TPOS 'E' 255 239 52 239 (-1100561)
2025-09-04 11:23:21:002 [OUT] 25 A5 01 09 31 05 81 FF EF 46 BB B0 5B (13)
                              [N9:P] TPOS 255 239 70 187 (-1096005)
2025-09-04 11:23:21:192 [IN ] C8 24 09 0E 25 A5 09 01 31 06 81 53 FF EF 34 EB 22 D6 0A (19)
                              [N9:P] TPOS 'S' 255 239 52 235 (-1100565)
2025-09-04 11:23:21:394 [IN ] C8 24 09 0E 25 A5 09 01 31 06 81 45 FF EF 47 FC 38 C7 0A (19)
                              [N9:P] TPOS 'E' 255 239 71 252 (-1095684)
2025-09-04 11:23:21:616 [OUT] 25 A5 01 09 31 05 81 FF EF 59 D7 DF 9D (13)
                              [N9:P] TPOS 255 239 89 215 (-1091113)
2025-09-04 11:23:21:805 [IN ] C8 24 09 0E 25 A5 09 01 31 06 81 53 FF EF 47 FA 44 0B 0A (19)
                              [N9:P] TPOS 'S' 255 239 71 250 (-1095686)
2025-09-04 11:23:22:006 [IN ] C8 24 09 0E 25 A5 09 01 31 06 81 45 FF EF 5A D3 22 C4 0A (19)
                              [N9:P] TPOS 'E' 255 239 90 211 (-1090861)
2025-09-04 11:23:22:229 [OUT] 25 A5 01 09 31 05 81 FF EF 6C F4 0F E0 (13)
                              [N9:P] TPOS 255 239 108 244 (-1086220)
2025-09-04 11:23:22:419 [IN ] C8 24 09 0E 25 A5 09 01 31 06 81 53 FF EF 5A D1 2E 08 0A (19)
                              [N9:P] TPOS 'S' 255 239 90 209 (-1090863)
2025-09-04 11:23:22:621 [IN ] C8 24 09 0E 25 A5 09 01 31 06 81 45 FF EF 6D C6 28 DD 0A (19)
                              [N9:P] TPOS 'E' 255 239 109 198 (-1086010)
2025-09-04 11:23:22:843 [OUT] 25 A5 01 09 31 05 81 FF EF 80 10 3F 24 (13)
                              [N9:P] TPOS 255 239 128 16 (-1081328)
2025-09-04 11:23:23:031 [IN ] C8 24 09 0E 25 A5 09 01 31 06 81 53 FF EF 6D C1 31 1E 0A (19)
                              [N9:P] TPOS 'S' 255 239 109 193 (-1086015)
2025-09-04 11:23:23:232 [IN ] C8 24 09 0E 25 A5 09 01 31 06 81 45 FF EF 80 C2 37 FF 0A (19)
                              [N9:P] TPOS 'E' 255 239 128 194 (-1081150)
2025-09-04 11:23:23:457 [OUT] 25 A5 01 09 31 05 81 FF EF 93 2D 6F 67 (13)
                              [N9:P] TPOS 255 239 147 45 (-1076435)
2025-09-04 11:23:23:627 [IN ] C8 24 09 0E 25 A5 09 01 31 06 81 53 FF EF 80 C0 43 43 0A (19)
                              [N9:P] TPOS 'S' 255 239 128 192 (-1081152)
2025-09-04 11:23:23:829 [IN ] C8 24 09 0E 25 A5 09 01 31 06 81 45 FF EF 94 08 91 6D 0A (19)
                              [N9:P] TPOS 'E' 255 239 148 8 (-1076216)
2025-09-04 11:23:24:051 [OUT] 25 A5 01 09 31 05 81 FF EF A6 49 9E A9 (13)
                              [N9:P] TPOS 255 239 166 73 (-1071543)
2025-09-04 11:23:24:219 [IN ] C8 24 09 0E 25 A5 09 01 31 06 (10)
2025-09-04 11:23:24:240 [IN ] 81 53 FF EF 94 05 9C B0 0A (9)
                              [N9:P] TPOS 'S' 255 239 148 5 (-1076219)
2025-09-04 11:23:24:443 [IN ] C8 24 09 0E 25 A5 09 01 31 06 81 45 FF EF A7 70 0C FB 0A (19)
                              [N9:P] TPOS 'E' 255 239 167 112 (-1071248)
2025-09-04 11:23:24:665 [OUT] 25 A5 01 09 31 05 81 FF EF B9 66 CE EC (13)
                              [N9:P] TPOS 255 239 185 102 (-1066650)
2025-09-04 11:23:24:874 [IN ] C8 24 09 0E 25 A5 09 01 31 06 81 53 FF EF A7 6C 16 3D 0A (19)
                              [N9:P] TPOS 'S' 255 239 167 108 (-1071252)
2025-09-04 11:23:25:075 [IN ] C8 24 09 0E 25 A5 09 01 31 06 81 45 FF EF BA A7 56 58 0A (19)
                              [N9:P] TPOS 'E' 255 239 186 167 (-1066329)
2025-09-04 11:23:25:297 [OUT] 25 A5 01 09 31 05 81 FF EF CC 82 FD 2E (13)
                              [N9:P] TPOS 255 239 204 130 (-1061758)
2025-09-04 11:23:25:485 [IN ] C8 24 09 0E 25 A5 09 01 31 06 81 53 FF EF BA A3 60 9A 0A (19)
                              [N9:P] TPOS 'S' 255 239 186 163 (-1066333)
2025-09-04 11:23:25:687 [IN ] C8 24 09 0E 25 A5 09 01 31 06 81 45 FF EF CD E8 AA BF 0A (19)
                              [N9:P] TPOS 'E' 255 239 205 232 (-1061400)
2025-09-04 11:23:25:910 [OUT] 25 A5 01 09 31 05 81 FF EF DF 9F 2D 71 (13)
                              [N9:P] TPOS 255 239 223 159 (-1056865)
2025-09-04 11:23:26:097 [IN ] C8 24 09 0E 25 A5 09 01 31 06 81 53 FF EF CD E6 B6 03 0A (19)
                              [N9:P] TPOS 'S' 255 239 205 230 (-1061402)
2025-09-04 11:23:26:299 [IN ] C8 24 09 0E 25 A5 09 01 31 06 81 45 FF EF E1 23 F9 22 0A (19)
                              [N9:P] TPOS 'E' 255 239 225 35 (-1056477)
2025-09-04 11:23:26:522 [OUT] 25 A5 01 09 31 05 81 FF EF F2 BB 5C B3 (13)
                              [N9:P] TPOS 255 239 242 187 (-1051973)
2025-09-04 11:23:26:711 [IN ] C8 24 09 0E 25 A5 09 01 31 06 81 53 FF EF E1 22 06 67 0A (19)
                              [N9:P] TPOS 'S' 255 239 225 34 (-1056478)
2025-09-04 11:23:26:912 [IN ] C8 24 09 0E 25 A5 09 01 31 06 81 45 FF EF F4 55 3E 7A 0A (19)
                              [N9:P] TPOS 'E' 255 239 244 85 (-1051563)
2025-09-04 11:23:27:134 [OUT] 25 A5 01 09 31 05 81 FF F0 05 D7 8C F8 (13)
                              [N9:P] TPOS 255 240 5 215 (-1047081)
2025-09-04 11:23:27:323 [IN ] C8 24 09 0E 25 A5 09 01 31 06 81 53 FF EF F4 54 4B BF 0A (19)
                              [N9:P] TPOS 'S' 255 239 244 84 (-1051564)
2025-09-04 11:23:27:524 [IN ] C8 24 09 0E 25 A5 09 01 31 06 81 45 FF F0 07 8C 89 DA 0A (19)
                              [N9:P] TPOS 'E' 255 240 7 140 (-1046644)
2025-09-04 11:23:27:746 [OUT] 25 A5 01 09 31 05 81 FF F0 18 F4 BC 3B (13)
                              [N9:P] TPOS 255 240 24 244 (-1042188)
2025-09-04 11:23:27:935 [IN ] C8 24 09 0E 25 A5 09 01 31 06 81 53 FF F0 07 8B 96 1F 0A (19)
                              [N9:P] TPOS 'S' 255 240 7 139 (-1046645)
2025-09-04 11:23:28:137 [IN ] C8 24 09 0E 25 A5 09 01 31 06 81 45 FF F0 1A C4 D4 38 0A (19)
                              [N9:P] TPOS 'E' 255 240 26 196 (-1041724)
2025-09-04 11:23:28:359 [OUT] 25 A5 01 09 31 05 81 FF F0 2C 10 EC 7F (13)
                              [N9:P] TPOS 255 240 44 16 (-1037296)
2025-09-04 11:23:28:548 [IN ] C8 24 09 0E 25 A5 09 01 31 06 81 53 FF F0 1A C3 E1 7D 0A (19)
                              [N9:P] TPOS 'S' 255 240 26 195 (-1041725)
2025-09-04 11:23:28:750 [IN ] C8 24 09 0E 25 A5 09 01 31 06 81 45 FF F0 2D CE F1 68 0A (19)
                              [N9:P] TPOS 'E' 255 240 45 206 (-1036850)
2025-09-04 11:23:28:972 [OUT] 25 A5 01 09 31 05 81 FF F0 3F 2D 1C C2 (13)
                              [N9:P] TPOS 255 240 63 45 (-1032403)
2025-09-04 11:23:29:141 [IN ] C8 24 09 0E 25 A5 09 01 31 06 81 53 FF F0 2D CC FD AC 0A (19)
                              [N9:P] TPOS 'S' 255 240 45 204 (-1036852)
2025-09-04 11:23:29:342 [IN ] C8 24 09 0E 25 A5 09 01 31 06 81 45 FF F0 40 C2 F8 82 0A (19)
                              [N9:P] TPOS 'E' 255 240 64 194 (-1031998)
2025-09-04 11:23:29:565 [OUT] 25 A5 01 09 31 05 81 FF F0 52 49 4B 04 (13)
                              [N9:P] TPOS 255 240 82 73 (-1027511)
2025-09-04 11:23:29:754 [IN ] C8 24 09 0E 25 A5 09 01 31 06 81 53 FF F0 40 C2 06 C8 0A (19)
                              [N9:P] TPOS 'S' 255 240 64 194 (-1031998)
2025-09-04 11:23:29:956 [IN ] C8 24 09 0E 25 A5 09 01 31 06 81 45 FF F0 53 BA 03 A0 0A (19)
                              [N9:P] TPOS 'E' 255 240 83 186 (-1027142)
2025-09-04 11:23:30:178 [OUT] 25 A5 01 09 31 05 81 FF F0 65 66 7B 47 (13)
                              [N9:P] TPOS 255 240 101 102 (-1022618)
2025-09-04 11:23:30:367 [IN ] C8 24 09 0E 25 A5 09 01 31 06 81 53 FF F0 53 B9 10 E5 0A (19)
                              [N9:P] TPOS 'S' 255 240 83 185 (-1027143)
2025-09-04 11:23:30:568 [IN ] C8 24 09 0E 25 A5 09 01 31 06 81 45 FF F0 66 AC 08 B8 0A (19)
                              [N9:P] TPOS 'E' 255 240 102 172 (-1022292)
2025-09-04 11:23:30:790 [OUT] 25 A5 01 09 31 05 81 FF F0 78 82 AA 89 (13)
                              [N9:P] TPOS 255 240 120 130 (-1017726)
2025-09-04 11:23:30:979 [IN ] C8 24 09 0E 25 A5 09 01 31 06 81 53 FF F0 66 AA 14 FC 0A (19)
                              [N9:P] TPOS 'S' 255 240 102 170 (-1022294)
2025-09-04 11:23:31:182 [IN ] C8 24 09 0E 25 A5 09 01 31 06 81 45 FF F0 79 9F 0E D1 0A (19)
                              [N9:P] TPOS 'E' 255 240 121 159 (-1017441)
2025-09-04 11:23:31:404 [OUT] 25 A5 01 09 31 05 81 FF F0 8B 9F DA CC (13)
                              [N9:P] TPOS 255 240 139 159 (-1012833)
2025-09-04 11:23:31:592 [IN ] C8 24 09 0E 25 A5 09 01 31 06 81 53 FF F0 79 9E 1B 16 0A (19)
                              [N9:P] TPOS 'S' 255 240 121 158 (-1017442)
2025-09-04 11:23:31:793 [IN ] C8 24 09 0E 25 A5 09 01 31 06 81 45 FF F0 8C A8 2A 00 0A (19)
                              [N9:P] TPOS 'E' 255 240 140 168 (-1012568)
2025-09-04 11:23:32:015 [OUT] 25 A5 01 09 31 05 81 FF F0 9E BB 09 0E (13)
                              [N9:P] TPOS 255 240 158 187 (-1007941)
2025-09-04 11:23:32:225 [IN ] C8 24 09 0E 25 A5 09 01 31 06 81 53 FF F0 8C A6 36 44 0A (19)
                              [N9:P] TPOS 'S' 255 240 140 166 (-1012570)
2025-09-04 11:23:32:426 [IN ] C8 24 09 0E 25 A5 09 01 31 06 81 45 FF F0 9F E6 7B 64 0A (19)
                              [N9:P] TPOS 'E' 255 240 159 230 (-1007642)
2025-09-04 11:23:32:648 [OUT] 25 A5 01 09 31 05 81 FF F0 B1 D7 38 50 (13)
                              [N9:P] TPOS 255 240 177 215 (-1003049)
2025-09-04 11:23:32:838 [IN ] C8 24 09 0E 25 A5 09 01 31 06 81 53 FF F0 9F E5 88 A9 0A (19)
                              [N9:P] TPOS 'S' 255 240 159 229 (-1007643)
2025-09-04 11:23:33:039 [IN ] C8 24 09 0E 25 A5 09 01 31 06 81 45 FF F0 B3 06 AF AC 0A (19)
                              [N9:P] TPOS 'E' 255 240 179 6 (-1002746)
2025-09-04 11:23:33:262 [OUT] 25 A5 01 09 31 05 81 FF F0 C4 F4 68 93 (13)
                              [N9:P] TPOS 255 240 196 244 (-998156)
2025-09-04 11:23:33:450 [IN ] C8 24 09 0E 25 A5 09 01 31 06 81 53 FF F0 B3 04 BB F0 0A (19)
                              [N9:P] TPOS 'S' 255 240 179 4 (-1002748)
2025-09-04 11:23:33:651 [IN ] C8 24 09 0E 25 A5 09 01 31 06 81 45 FF F0 C6 0B C7 D7 0A (19)
                              [N9:P] TPOS 'E' 255 240 198 11 (-997877)
2025-09-04 11:23:33:873 [OUT] 25 A5 01 09 31 05 81 FF F0 D8 10 98 D7 (13)
                              [N9:P] TPOS 255 240 216 16 (-993264)
2025-09-04 11:23:34:062 [IN ] C8 24 09 0E 25 A5 09 01 31 06 81 53 FF F0 C6 07 D1 19 0A (19)
                              [N9:P] TPOS 'S' 255 240 198 7 (-997881)
2025-09-04 11:23:34:264 [IN ] C8 24 09 0E 25 A5 09 01 31 06 81 45 FF F0 D9 39 08 2B 0A (19)
                              [N9:P] TPOS 'E' 255 240 217 57 (-992967)
2025-09-04 11:23:34:487 [OUT] 25 A5 01 09 31 05 81 FF F0 EB 2D C8 1A (13)
                              [N9:P] TPOS 255 240 235 45 (-988371)
2025-09-04 11:23:34:676 [IN ] C8 24 09 0E 25 A5 09 01 31 06 81 53 FF F0 D9 37 14 6F 0A (19)
                              [N9:P] TPOS 'S' 255 240 217 55 (-992969)
2025-09-04 11:23:34:878 [IN ] C8 24 09 0E 25 A5 09 01 31 06 81 45 FF F0 EC 8D 6F A5 0A (19)
                              [N9:P] TPOS 'E' 255 240 236 141 (-988019)
2025-09-04 11:23:35:101 [OUT] 25 A5 01 09 31 05 81 FF F0 FE 49 F7 5C (13)
                              [N9:P] TPOS 255 240 254 73 (-983479)
2025-09-04 11:23:35:290 [IN ] C8 24 09 0E 25 A5 09 01 31 06 81 53 FF F0 EC 89 79 E7 0A (19)
                              [N9:P] TPOS 'S' 255 240 236 137 (-988023)
2025-09-04 11:23:35:492 [IN ] C8 24 09 0E 25 A5 09 01 31 06 81 45 FF F0 FF E7 DC 25 0A (19)
                              [N9:P] TPOS 'E' 255 240 255 231 (-983065)
2025-09-04 11:23:35:714 [OUT] 25 A5 01 09 31 05 81 FF F1 11 66 28 A2 (13)
                              [N9:P] TPOS 255 241 17 102 (-978586)
2025-09-04 11:23:35:903 [IN ] C8 24 09 0E 25 A5 09 01 31 06 81 53 FF F0 FF E6 E9 6A 0A (19)
                              [N9:P] TPOS 'S' 255 240 255 230 (-983066)
2025-09-04 11:23:36:105 [IN ] C8 24 09 0E 25 A5 09 01 31 06 81 45 FF F1 13 29 33 92 0A (19)
                              [N9:P] TPOS 'E' 255 241 19 41 (-978135)
2025-09-04 11:23:36:327 [OUT] 25 A5 01 09 31 05 81 FF F1 24 82 57 E4 (13)
                              [N9:P] TPOS 255 241 36 130 (-973694)
2025-09-04 11:23:36:514 [IN ] C8 24 09 0E 25 A5 09 01 31 06 81 53 FF F1 13 28 40 D7 0A (19)
                              [N9:P] TPOS 'S' 255 241 19 40 (-978136)
2025-09-04 11:23:36:717 [IN ] C8 24 09 0E 25 A5 09 01 31 06 81 45 FF F1 26 43 60 D2 0A (19)
                              [N9:P] TPOS 'E' 255 241 38 67 (-973245)
2025-09-04 11:23:36:939 [OUT] 25 A5 01 09 31 05 81 FF F1 37 9F 87 27 (13)
                              [N9:P] TPOS 255 241 55 159 (-968801)
2025-09-04 11:23:37:149 [IN ] C8 24 09 0E 25 A5 09 01 31 06 81 53 FF F1 26 42 6D 17 0A (19)
                              [N9:P] TPOS 'S' 255 241 38 66 (-973246)
2025-09-04 11:23:37:350 [IN ] C8 24 09 0E 25 A5 09 01 31 06 81 45 FF F1 39 4B 7B 00 0A (19)
                              [N9:P] TPOS 'E' 255 241 57 75 (-968373)
