2026-04-08 18:35:15:343 [OUT] 25 A5 01 0A 31 05 D6 3D FF 00 00 53 ED (13)
                              [N10:HMI] HMILED '=' 255 0 0 (16711680)
2026-04-08 18:35:15:365 [OUT] 25 A5 01 03 31 02 D8 3F 4E CE (10)
                              [N3:X] INTERRUPT '?'
2026-04-08 18:35:15:667 [IN ] C8 24 0A 0D 25 A5 0A 01 31 05 D6 3A FF 00 00 50 EA 4D C8 24 03 0C 25 A5 03 01 31 04 D8 3A 01 01 4D 6A EA (35)
                              [N10:HMI] HMILED ':' 255 0 0 (16711680)
                              [N3:X] INTERRUPT ':' 1 1 (257)
2026-04-08 18:35:15:688 [OUT] 25 A5 01 09 31 03 C9 3D 09 4D 1C (11)
                              [N9:P] LFLAG '=' 9 (9)
2026-04-08 18:35:15:711 [OUT] 25 A5 01 04 31 02 D8 3F 4F D3 (10)
                              [N4:Y] INTERRUPT '?'
2026-04-08 18:35:16:012 [IN ] C8 24 09 0B 25 A5 09 01 31 03 C9 3A 09 4A 1E 6A C8 24 04 0C 25 A5 04 01 31 04 D8 3A 01 01 4E 72 EA (33)
                              [N9:P] LFLAG ':' 9 (9)
                              [N4:Y] INTERRUPT ':' 1 1 (257)
2026-04-08 18:35:16:033 [OUT] 25 A5 01 09 31 03 CA 3D 09 4E 1F (11)
                              [N9:P] RFLAG '=' 9 (9)
2026-04-08 18:35:16:055 [OUT] 25 A5 01 0C 31 02 D8 3F 57 FB (10)
                              [N12:Z] INTERRUPT '?'
2026-04-08 18:35:16:356 [IN ] C8 24 09 0B 25 A5 09 01 31 03 CA 3A 09 4B 21 72 C8 24 0C 0C 25 A5 0C 01 31 04 D8 3A 01 01 56 B2 EA (33)
                              [N9:P] RFLAG ':' 9 (9)
                              [N12:Z] INTERRUPT ':' 1 1 (257)
2026-04-08 18:35:16:377 [OUT] 25 A5 01 08 31 03 C9 3D 09 4C 16 (11)
                              [N8:R] LFLAG '=' 9 (9)
2026-04-08 18:35:16:399 [OUT] 25 A5 01 03 31 03 C9 3D 0B 49 FA (11)
                              [N3:X] LFLAG '=' 11 (11)
2026-04-08 18:35:16:421 [OUT] 25 A5 01 04 31 03 C9 3D 0B 4A 00 (11)
                              [N4:Y] LFLAG '=' 11 (11)
2026-04-08 18:35:16:446 [OUT] 25 A5 01 0C 31 03 C9 3D 0B 52 30 (11)
                              [N12:Z] LFLAG '=' 11 (11)
2026-04-08 18:35:16:531 [IN ] C8 24 08 0B 25 A5 08 01 31 03 C9 3A 09 49 17 B2 (16)
                              [N8:R] LFLAG ':' 9 (9)
2026-04-08 18:35:16:552 [OUT] 25 A5 01 08 31 03 CA 3D 09 4D 19 (11)
                              [N8:R] RFLAG '=' 9 (9)
2026-04-08 18:35:16:657 [IN ] C8 24 03 0B 25 A5 03 01 31 03 C9 3A 0B 46 F6 B2 (16)
                              [N3:X] LFLAG ':' 11 (11)
2026-04-08 18:35:16:678 [OUT] 25 A5 01 03 31 03 88 00 50 10 02 (11)
                              [N3:X] RUN 0 80 (80)
2026-04-08 18:35:16:764 [IN ] C8 24 04 0B 25 A5 04 01 31 03 C9 3A 0B 47 FD B2 (16)
                              [N4:Y] LFLAG ':' 11 (11)
2026-04-08 18:35:16:786 [OUT] 25 A5 01 04 31 03 88 00 50 11 08 (11)
                              [N4:Y] RUN 0 80 (80)
2026-04-08 18:35:16:871 [IN ] C8 24 0C 0B 25 A5 0C 01 31 03 C9 3A 0B 4F 35 B2 (16)
                              [N12:Z] LFLAG ':' 11 (11)
2026-04-08 18:35:16:893 [OUT] 25 A5 01 0C 31 03 88 00 50 19 38 (11)
                              [N12:Z] RUN 0 80 (80)
2026-04-08 18:35:16:978 [IN ] C8 24 08 0B 25 A5 08 01 31 03 CA 3A 09 4A 1A B2 (16)
                              [N8:R] RFLAG ':' 9 (9)
2026-04-08 18:35:17:103 [IN ] C8 24 03 0C 25 A5 03 01 31 04 88 53 00 50 64 C2 EA (17)
                              [N3:X] RUN 'S' 0 80 (80)
2026-04-08 18:35:17:209 [IN ] C8 24 04 0C 25 A5 04 01 31 04 88 53 00 50 65 CA EA (17)
                              [N4:Y] RUN 'S' 0 80 (80)
2026-04-08 18:35:17:314 [IN ] C8 24 0C 0C 25 A5 0C 01 31 04 88 53 00 50 6D 0A EA (17)
                              [N12:Z] RUN 'S' 0 80 (80)
2026-04-08 18:35:24:542 [IN ] C8 24 04 0B 25 A5 04 01 31 03 81 5A 4C 60 A6 0A C8 24 04 0A 25 A5 04 01 31 02 81 49 02 32 A6 (31)
                              [N4:Y] TPOS 'Z' 76 (76)
                              [N4:Y] TPOS 'I'
2026-04-08 18:35:24:765 [OUT] 25 A5 01 09 31 02 D8 3F 54 EC (10)
                              [N9:P] INTERRUPT '?'
2026-04-08 18:35:25:066 [IN ] C8 24 09 0C 25 A5 09 01 31 04 D8 3A 01 01 53 9A EA (17)
                              [N9:P] INTERRUPT ':' 1 1 (257)
2026-04-08 18:35:25:087 [OUT] 25 A5 01 04 31 03 C9 3D 09 48 FE (11)
                              [N4:Y] LFLAG '=' 9 (9)
2026-04-08 18:35:25:109 [OUT] 25 A5 01 07 31 02 D8 3F 52 E2 (10)
                              [N7:N] INTERRUPT '?'
2026-04-08 18:35:25:410 [IN ] C8 24 04 0B 25 A5 04 01 31 03 C9 3A 09 45 FB 9A C8 24 07 0C 25 A5 07 01 31 04 D8 3A 01 01 51 8A EA (33)
                              [N4:Y] LFLAG ':' 9 (9)
                              [N7:N] INTERRUPT ':' 1 1 (257)
2026-04-08 18:35:25:432 [OUT] 25 A5 01 09 31 03 C9 3D 0B 4F 1E (11)
                              [N9:P] LFLAG '=' 11 (11)
2026-04-08 18:35:25:454 [OUT] 25 A5 01 07 31 03 C9 3D 0B 4D 12 (11)
                              [N7:N] LFLAG '=' 11 (11)
2026-04-08 18:35:25:601 [IN ] C8 24 09 0B 25 A5 09 01 31 03 C9 3A 0B 4C 20 8A (16)
                              [N9:P] LFLAG ':' 11 (11)
2026-04-08 18:35:25:624 [OUT] 25 A5 01 09 31 03 88 00 50 16 26 (11)
                              [N9:P] RUN 0 80 (80)
2026-04-08 18:35:25:711 [IN ] C8 24 07 0B 25 A5 07 01 31 03 C9 3A 0B 4A 12 8A (16)
                              [N7:N] LFLAG ':' 11 (11)
2026-04-08 18:35:25:734 [OUT] 25 A5 01 07 31 03 88 00 50 14 1A (11)
                              [N7:N] RUN 0 80 (80)
2026-04-08 18:35:25:841 [IN ] C8 24 09 0C 25 A5 09 01 31 04 88 53 00 50 6A F2 EA (17)
                              [N9:P] RUN 'S' 0 80 (80)
2026-04-08 18:35:25:904 [IN ] C8 24 09 0B 25 A5 09 01 31 03 81 5A 4C 65 C9 F2 (16)
                              [N9:P] TPOS 'Z' 76 (76)
2026-04-08 18:35:25:927 [IN ] C8 24 07 0C 25 A5 07 01 31 04 88 53 00 50 68 E2 EA C8 24 09 0A 25 A5 09 01 31 02 81 49 07 50 68 (32)
                              [N7:N] RUN 'S' 0 80 (80)
                              [N9:P] TPOS 'I'
2026-04-08 18:35:26:152 [OUT] 25 A5 01 09 31 03 C9 3D 09 4D 1C (11)
                              [N9:P] LFLAG '=' 9 (9)
2026-04-08 18:35:26:173 [OUT] 25 A5 01 04 31 05 81 FF EE 88 01 32 FA (13)
                              [N4:Y] TPOS 255 238 136 1 (-1144831)
2026-04-08 18:35:26:320 [IN ] C8 24 09 0B 25 A5 09 01 31 03 C9 3A 09 4A 1E E2 (16)
                              [N9:P] LFLAG ':' 9 (9)
2026-04-08 18:35:26:446 [IN ] C8 24 04 0E 25 A5 04 01 31 06 81 53 00 00 00 00 10 88 0A (19)
                              [N4:Y] TPOS 'S' 0 0 0 0 (0)
2026-04-08 18:35:27:250 [IN ] C8 24 03 0B 25 A5 03 01 31 03 81 5A 4C 5F 9F 00 C8 24 03 0A 25 A5 03 01 31 02 81 49 01 2C 9F (31)
                              [N3:X] TPOS 'Z' 76 (76)
                              [N3:X] TPOS 'I'
2026-04-08 18:35:27:473 [OUT] 25 A5 01 03 31 03 C9 3D 09 47 F8 (11)
                              [N3:X] LFLAG '=' 9 (9)
2026-04-08 18:35:27:640 [IN ] C8 24 03 0B 25 A5 03 01 31 03 C9 3A 09 44 F4 00 (16)
                              [N3:X] LFLAG ':' 9 (9)
2026-04-08 18:35:29:852 [IN ] C8 24 07 0B 25 A5 07 01 31 03 81 5A 4C 63 BB 00 C8 24 07 0A 25 A5 07 01 31 02 81 49 05 44 BB (31)
                              [N7:N] TPOS 'Z' 76 (76)
                              [N7:N] TPOS 'I'
2026-04-08 18:35:30:076 [OUT] 25 A5 01 07 31 03 C9 3D 09 4B 10 (11)
                              [N7:N] LFLAG '=' 9 (9)
2026-04-08 18:35:30:244 [IN ] C8 24 07 0B 25 A5 07 01 31 03 C9 3A 09 48 10 00 (16)
                              [N7:N] LFLAG ':' 9 (9)
2026-04-08 18:35:33:055 [IN ] C8 24 0C 0B 25 A5 0C 01 31 03 81 5A 4C 68 DE 00 C8 24 0C 0A 25 A5 0C 01 31 02 81 49 0A 62 DE C8 24 04 0E 25 A5 04 01 31 06 81 45 FF EE 86 25 9A 39 0A (50)
                              [N12:Z] TPOS 'Z' 76 (76)
                              [N12:Z] TPOS 'I'
                              [N4:Y] TPOS 'E' 255 238 134 37 (-1145307)
2026-04-08 18:35:33:279 [OUT] 25 A5 01 0C 31 03 C9 3D 09 50 2E (11)
                              [N12:Z] LFLAG '=' 9 (9)
2026-04-08 18:35:33:302 [OUT] 25 A5 01 09 31 05 81 FF E7 5D 56 5A 0C (13)
                              [N9:P] TPOS 255 231 93 86 (-1614506)
2026-04-08 18:35:33:325 [OUT] 25 A5 01 04 31 05 81 FF FD 50 01 09 B7 (13)
                              [N4:Y] TPOS 255 253 80 1 (-176127)
2026-04-08 18:35:33:347 [OUT] 25 A5 01 07 31 05 81 FF AB 19 75 F7 DF (13)
                              [N7:N] TPOS 255 171 25 117 (-5564043)
2026-04-08 18:35:33:369 [OUT] 25 A5 01 03 31 05 81 FF EC 4A AB 9B 1A (13)
                              [N3:X] TPOS 255 236 74 171 (-1291605)
2026-04-08 18:35:33:390 [OUT] 25 A5 01 06 31 02 D8 3F 51 DD (10)
                              [N6:H] INTERRUPT '?'
2026-04-08 18:35:33:691 [IN ] C8 24 0C 0B 25 A5 0C 01 31 03 C9 3A 09 4D 33 25 C8 24 09 0E 25 A5 09 01 31 06 81 53 FF FF FF 97 A9 48 0A (35)
                              [N12:Z] LFLAG ':' 9 (9)
                              [N9:P] TPOS 'S' 255 255 255 151 (-105)
2026-04-08 18:35:33:993 [IN ] C8 24 04 0E 25 A5 04 01 31 06 81 53 FF EE 86 26 A9 80 0A C8 24 07 0E 25 A5 07 01 31 06 81 53 FF FF FF FD 0D 9A 0A C8 24 03 0E 25 A5 03 01 31 06 81 53 00 00 00 00 0F 7E 0A (57)
                              [N4:Y] TPOS 'S' 255 238 134 38 (-1145306)
                              [N7:N] TPOS 'S' 255 255 255 253 (-3)
                              [N3:X] TPOS 'S' 0 0 0 0 (0)
2026-04-08 18:35:34:295 [IN ] C8 24 06 0C 25 A5 06 01 31 04 D8 3A 01 01 50 82 0F (17)
                              [N6:H] INTERRUPT ':' 1 1 (257)
2026-04-08 18:35:34:317 [OUT] 25 A5 01 0C 31 05 81 FF BC D0 00 4F 33 (13)
                              [N12:Z] TPOS 255 188 208 0 (-4403200)
2026-04-08 18:35:34:339 [OUT] 25 A5 01 06 31 03 C9 3D 0B 4C 0C (11)
                              [N6:H] LFLAG '=' 11 (11)
2026-04-08 18:35:34:506 [IN ] C8 24 0C 0E 25 A5 0C 01 31 06 81 53 FF FF FF 45 5A 14 0A (19)
                              [N12:Z] TPOS 'S' 255 255 255 69 (-187)
2026-04-08 18:35:34:612 [IN ] C8 24 06 0B 25 A5 06 01 31 03 C9 3A 0B 49 0B 45 (16)
                              [N6:H] LFLAG ':' 11 (11)
2026-04-08 18:35:34:636 [OUT] 25 A5 01 06 31 03 88 FF B0 72 72 (11)
                              [N6:H] RUN 255 176 (-80)
2026-04-08 18:35:34:804 [IN ] C8 24 06 0C 25 A5 06 01 31 04 88 53 FF B0 C6 38 5A (17)
                              [N6:H] RUN 'S' 255 176 (-80)
2026-04-08 18:35:39:224 [IN ] C8 24 06 0B 25 A5 06 01 31 03 81 5A 4C 62 B4 38 C8 24 06 0A 25 A5 06 01 31 02 81 49 04 3E B4 (31)
                              [N6:H] TPOS 'Z' 76 (76)
                              [N6:H] TPOS 'I'
2026-04-08 18:35:39:448 [OUT] 25 A5 01 06 31 03 C9 3D 09 4A 0A (11)
                              [N6:H] LFLAG '=' 9 (9)
2026-04-08 18:35:39:596 [IN ] C8 24 06 0B 25 A5 06 01 31 03 C9 3A 09 47 (14)
2026-04-08 18:35:39:618 [IN ] 09 38 (2)
                              [N6:H] LFLAG ':' 9 (9)
2026-04-08 18:35:39:639 [OUT] 25 A5 01 06 31 03 84 00 50 0F 08 (11)
                              [N6:H] VEL 0 80 (80)
2026-04-08 18:35:39:807 [IN ] C8 24 06 0C 25 A5 06 01 31 04 84 53 00 50 63 CA 5A (17)
                              [N6:H] VEL 'S' 0 80 (80)
2026-04-08 18:35:39:828 [OUT] 25 A5 01 06 31 05 81 00 19 82 3C 95 BE (13)
                              [N6:H] TPOS 0 25 130 60 (1671740)
2026-04-08 18:35:40:017 [IN ] C8 24 06 0E 25 A5 06 01 31 06 81 53 00 00 00 02 14 9E 0A (19)
                              [N6:H] TPOS 'S' 0 0 0 2 (2)
2026-04-08 18:35:40:820 [IN ] C8 24 03 0E 25 A5 03 01 31 06 81 45 FF EC 48 19 4D A1 0A (19)
                              [N3:X] TPOS 'E' 255 236 72 25 (-1292263)
2026-04-08 18:35:41:245 [OUT] 25 A5 01 03 31 05 81 FF FD 50 01 08 AF (13)
                              [N3:X] TPOS 255 253 80 1 (-176127)
2026-04-08 18:35:41:413 [IN ] C8 24 03 0E 25 A5 03 01 31 06 81 53 FF EC 48 19 5B E7 0A (19)
                              [N3:X] TPOS 'S' 255 236 72 25 (-1292263)
2026-04-08 18:35:42:216 [IN ] C8 24 09 0E 25 A5 09 01 31 06 81 45 FF E7 5A BA 01 93 0A (19)
                              [N9:P] TPOS 'E' 255 231 90 186 (-1615174)
2026-04-08 18:35:42:619 [IN ] C8 24 04 0E 25 A5 04 01 31 06 81 45 FF FD 4F 77 C4 4A 0A (19)
                              [N4:Y] TPOS 'E' 255 253 79 119 (-176265)
2026-04-08 18:35:42:641 [OUT] 25 A5 01 09 31 05 81 FF FF D9 C8 60 BE (13)
                              [N9:P] TPOS 255 255 217 200 (-9784)
2026-04-08 18:35:42:829 [IN ] C8 24 09 0E 25 A5 09 01 31 06 81 53 FF E7 5A BC 11 DB 0A (19)
                              [N9:P] TPOS 'S' 255 231 90 188 (-1615172)
2026-04-08 18:35:48:450 [IN ] C8 24 06 0E 25 A5 06 01 31 06 81 45 00 19 87 0C B0 BB 0A (19)
                              [N6:H] TPOS 'E' 0 25 135 12 (1672972)
2026-04-08 18:35:48:875 [OUT] 25 A5 01 06 31 05 81 00 0D 03 C1 8F 21 (13)
                              [N6:H] TPOS 0 13 3 193 (852929)
2026-04-08 18:35:49:065 [IN ] C8 24 06 0E 25 A5 06 01 31 06 81 53 00 19 87 0C BE 01 0A (19)
                              [N6:H] TPOS 'S' 0 25 135 12 (1672972)
2026-04-08 18:35:51:475 [IN ] C8 24 03 0E 25 A5 03 01 31 06 81 45 FF FD 50 8B D8 56 0A (19)
                              [N3:X] TPOS 'E' 255 253 80 139 (-175989)
2026-04-08 18:35:51:678 [IN ] C8 24 09 0E 25 A5 09 01 31 06 81 45 FF FF DA 50 2F 71 0A (19)
                              [N9:P] TPOS 'E' 255 255 218 80 (-9648)
2026-04-08 18:35:51:901 [OUT] 25 A5 01 08 31 02 D8 3F 53 E7 (10)
                              [N8:R] INTERRUPT '?'
2026-04-08 18:35:52:203 [IN ] C8 24 08 0C 25 A5 08 01 31 04 D8 3A 01 01 52 92 2F (17)
                              [N8:R] INTERRUPT ':' 1 1 (257)
2026-04-08 18:35:52:224 [OUT] 25 A5 01 08 31 03 CA 3D 0B 4F 1B (11)
                              [N8:R] RFLAG '=' 11 (11)
2026-04-08 18:35:52:392 [IN ] C8 24 08 0B 25 A5 08 01 31 03 CA 3A 0B 4C 1C 92 (16)
                              [N8:R] RFLAG ':' 11 (11)
2026-04-08 18:35:52:413 [OUT] 25 A5 01 08 31 03 88 00 50 15 20 (11)
                              [N8:R] RUN 0 80 (80)
2026-04-08 18:35:52:581 [IN ] C8 24 08 0C 25 A5 08 01 31 04 88 53 00 50 69 EA 2F (17)
                              [N8:R] RUN 'S' 0 80 (80)
2026-04-08 18:35:52:782 [IN ] C8 24 06 0E 25 A5 06 01 31 06 81 45 00 0D 00 77 88 F4 0A (19)
                              [N6:H] TPOS 'E' 0 13 0 119 (852087)
2026-04-08 18:35:53:006 [OUT] 25 A5 01 05 31 02 D8 3F 50 D8 (10)
                              [N5:V] INTERRUPT '?'
2026-04-08 18:35:53:307 [IN ] C8 24 05 0C 25 A5 05 01 31 04 D8 3A 01 01 4F 7A 88 (17)
                              [N5:V] INTERRUPT ':' 1 1 (257)
2026-04-08 18:35:53:328 [OUT] 25 A5 01 05 31 03 C9 3D 0B 4B 06 (11)
                              [N5:V] LFLAG '=' 11 (11)
2026-04-08 18:35:53:497 [IN ] C8 24 05 0B 25 A5 05 01 31 03 C9 3A 0B 48 04 7A (16)
                              [N5:V] LFLAG ':' 11 (11)
2026-04-08 18:35:53:518 [OUT] 25 A5 01 05 31 03 88 FF B0 71 6C (11)
                              [N5:V] RUN 255 176 (-80)
2026-04-08 18:35:53:664 [IN ] C8 24 05 0C (4)
2026-04-08 18:35:53:686 [IN ] 25 A5 05 01 31 04 88 53 FF B0 C5 30 88 (13)
                              [N5:V] RUN 'S' 255 176 (-80)
2026-04-08 18:35:57:500 [IN ] C8 24 0C 0E 25 A5 0C 01 31 06 81 45 FF BC CD 3A CC 96 0A (19)
                              [N12:Z] TPOS 'E' 255 188 205 58 (-4403910)
2026-04-08 18:35:57:928 [OUT] 25 A5 01 0C 31 05 81 FF D1 1A 67 15 6D (13)
                              [N12:Z] TPOS 255 209 26 103 (-3073433)
2026-04-08 18:35:58:117 [IN ] C8 24 0C 0E 25 A5 0C 01 31 06 81 53 FF BC CD 41 E1 E3 0A (19)
                              [N12:Z] TPOS 'S' 255 188 205 65 (-4403903)
2026-04-08 18:35:58:319 [IN ] C8 24 05 0B 25 A5 05 01 31 03 81 5A 4C 61 AD 41 (16)
                              [N5:V] TPOS 'Z' 76 (76)
2026-04-08 18:35:58:522 [IN ] C8 24 05 0A 25 A5 05 01 31 02 81 49 03 38 AD (15)
                              [N5:V] TPOS 'I'
2026-04-08 18:35:58:746 [OUT] 25 A5 01 05 31 03 C9 3D 09 49 04 (11)
                              [N5:V] LFLAG '=' 9 (9)
2026-04-08 18:35:58:915 [IN ] C8 24 05 0B 25 A5 05 01 31 03 C9 3A 09 46 02 41 (16)
                              [N5:V] LFLAG ':' 9 (9)
2026-04-08 18:35:58:936 [OUT] 25 A5 01 05 31 03 84 00 50 0E 02 (11)
                              [N5:V] VEL 0 80 (80)
2026-04-08 18:35:58:979 [IN ] C8 24 07 0E 25 A5 07 01 31 06 81 45 FF AB 14 FA BD 7F 0A (19)
                              [N7:N] TPOS 'E' 255 171 20 250 (-5565190)
2026-04-08 18:35:59:046 [OUT] 25 A5 01 07 31 05 81 FF F3 35 BF A5 39 (13)
                              [N7:N] TPOS 255 243 53 191 (-838209)
2026-04-08 18:35:59:113 [IN ] C8 24 05 0C 25 A5 05 01 31 04 84 53 00 50 62 C2 BD (17)
                              [N5:V] VEL 'S' 0 80 (80)
2026-04-08 18:35:59:137 [OUT] 25 A5 01 05 31 05 81 00 19 82 3C 94 B6 (13)
                              [N5:V] TPOS 0 25 130 60 (1671740)
2026-04-08 18:35:59:243 [IN ] C8 24 07 0E 25 A5 07 01 31 06 81 53 FF AB 14 FA CB C5 0A (19)
                              [N7:N] TPOS 'S' 255 171 20 250 (-5565190)
2026-04-08 18:35:59:369 [IN ] C8 24 05 0E 25 A5 05 01 31 06 81 53 00 00 00 00 11 92 0A (19)
                              [N5:V] TPOS 'S' 0 0 0 0 (0)
2026-04-08 18:36:02:579 [IN ] C8 24 08 0B 25 A5 08 01 31 03 81 5A 52 6A C8 00 C8 24 08 0A 25 A5 08 01 31 02 81 49 06 4A C8 (31)
                              [N8:R] TPOS 'Z' 82 (82)
                              [N8:R] TPOS 'I'
2026-04-08 18:36:02:803 [OUT] 25 A5 01 08 31 03 CA 3D 09 4D 19 (11)
                              [N8:R] RFLAG '=' 9 (9)
2026-04-08 18:36:02:972 [IN ] C8 24 08 0B 25 A5 08 01 31 03 CA 3A 09 4A 1A 00 (16)
                              [N8:R] RFLAG ':' 9 (9)
2026-04-08 18:36:02:993 [OUT] 25 A5 01 08 31 05 81 FF DC 77 1D 2F DE (13)
                              [N8:R] TPOS 255 220 119 29 (-2328803)
2026-04-08 18:36:03:181 [IN ] C8 24 08 0E 25 A5 08 01 31 06 81 53 FF FF FF 9A AB 41 0A (19)
                              [N8:R] TPOS 'S' 255 255 255 154 (-102)
2026-04-08 18:36:05:191 [IN ] C8 24 0C 0E 25 A5 0C 01 31 06 81 45 FF D1 1D 5D 54 98 0A (19)
                              [N12:Z] TPOS 'E' 255 209 29 93 (-3072675)
2026-04-08 18:36:07:199 [IN ] C8 24 05 0E 25 A5 05 01 31 06 81 45 00 19 86 20 C2 C3 0A (19)
                              [N5:V] TPOS 'E' 0 25 134 32 (1672736)
2026-04-08 18:36:07:623 [OUT] 25 A5 01 05 31 05 81 00 0D 03 C1 8E 19 (13)
                              [N5:V] TPOS 0 13 3 193 (852929)
2026-04-08 18:36:07:816 [IN ] C8 24 05 0E 25 A5 05 01 31 06 81 53 00 19 86 20 D0 09 0A (19)
                              [N5:V] TPOS 'S' 0 25 134 32 (1672736)
2026-04-08 18:36:12:635 [IN ] C8 24 05 0E 25 A5 05 01 31 06 81 45 00 0D 01 BD CE 32 0A (19)
                              [N5:V] TPOS 'E' 0 13 1 189 (852413)
2026-04-08 18:36:12:859 [OUT] 25 A5 01 03 31 05 81 FF ED B1 30 88 70 (13)
                              [N3:X] TPOS 255 237 177 48 (-1199824)
2026-04-08 18:36:12:881 [OUT] 25 A5 01 04 31 05 81 FF F3 BD 0C 77 7E (13)
                              [N4:Y] TPOS 255 243 189 12 (-803572)
2026-04-08 18:36:13:048 [IN ] C8 24 03 0E 25 A5 03 01 31 06 81 53 FF FD 50 89 E4 9A 0A (19)
                              [N3:X] TPOS 'S' 255 253 80 137 (-175991)
2026-04-08 18:36:13:175 [IN ] C8 24 04 0E 25 A5 04 01 31 06 81 53 FF FD 4F 77 D2 90 0A (19)
                              [N4:Y] TPOS 'S' 255 253 79 119 (-176265)
2026-04-08 18:36:16:992 [IN ] C8 24 04 0E 25 A5 04 01 31 06 81 45 FF F3 BA CE 7C 59 0A (19)
                              [N4:Y] TPOS 'E' 255 243 186 206 (-804146)
2026-04-08 18:36:18:398 [IN ] C8 24 03 0E 25 A5 03 01 31 06 81 45 FF ED AE 7B 16 D2 0A (19)
                              [N3:X] TPOS 'E' 255 237 174 123 (-1200517)
2026-04-08 18:36:20:810 [IN ] C8 24 07 0E 25 A5 07 01 31 06 81 45 FF F3 39 ED 1D 94 0A C8 24 08 0E 25 A5 08 01 31 06 81 45 FF DC 76 92 E9 78 0A (38)
                              [N7:N] TPOS 'E' 255 243 57 237 (-837139)
                              [N8:R] TPOS 'E' 255 220 118 146 (-2328942)
2026-04-08 18:36:21:235 [OUT] 25 A5 01 08 31 05 81 FF EE 15 56 18 89 (13)
                              [N8:R] TPOS 255 238 21 86 (-1174186)
2026-04-08 18:36:21:423 [IN ] C8 24 08 0E 25 A5 08 01 31 06 81 53 FF DC 76 A3 08 CF 0A (19)
                              [N8:R] TPOS 'S' 255 220 118 163 (-2328925)
2026-04-08 18:36:30:860 [IN ] C8 24 08 0E 25 A5 08 01 31 06 81 45 FF EE 14 D8 DF 30 0A (19)
                              [N8:R] TPOS 'E' 255 238 20 216 (-1174312)
