2026-04-08 20:09:48:490 [OUT] 25 A5 01 0A 31 05 D6 3D FF 00 00 53 ED (13)
                              [N10:HMI] HMILED '=' 255 0 0 (16711680)
2026-04-08 20:09:48:513 [OUT] 25 A5 01 03 31 02 D8 3F 4E CE (10)
                              [N3:X] INTERRUPT '?'
2026-04-08 20:09:48:815 [IN ] C8 24 0A 0D 25 A5 0A 01 31 05 D6 3A FF 00 00 50 EA 77 C8 24 03 0C 25 A5 03 01 31 04 D8 3A 01 01 4D 6A EA (35)
                              [N10:HMI] HMILED ':' 255 0 0 (16711680)
                              [N3:X] INTERRUPT ':' 1 1 (257)
2026-04-08 20:09:48:835 [OUT] 25 A5 01 09 31 03 C9 3D 09 4D 1C (11)
                              [N9:P] LFLAG '=' 9 (9)
2026-04-08 20:09:48:859 [OUT] 25 A5 01 04 31 02 D8 3F 4F D3 (10)
                              [N4:Y] INTERRUPT '?'
2026-04-08 20:09:49:161 [IN ] C8 24 09 0B 25 A5 09 01 31 03 C9 3A 09 4A 1E 6A C8 24 04 0C 25 A5 04 01 31 04 D8 3A 01 01 4E 72 EA (33)
                              [N9:P] LFLAG ':' 9 (9)
                              [N4:Y] INTERRUPT ':' 1 1 (257)
2026-04-08 20:09:49:182 [OUT] 25 A5 01 09 31 03 CA 3D 09 4E 1F (11)
                              [N9:P] RFLAG '=' 9 (9)
2026-04-08 20:09:49:205 [OUT] 25 A5 01 0C 31 02 D8 3F 57 FB (10)
                              [N12:Z] INTERRUPT '?'
2026-04-08 20:09:49:505 [IN ] C8 24 09 0B 25 A5 09 01 31 03 CA 3A 09 4B 21 72 C8 24 0C 0C 25 A5 0C 01 31 04 D8 3A 01 01 56 B2 EA (33)
                              [N9:P] RFLAG ':' 9 (9)
                              [N12:Z] INTERRUPT ':' 1 1 (257)
2026-04-08 20:09:49:526 [OUT] 25 A5 01 08 31 03 C9 3D 09 4C 16 (11)
                              [N8:R] LFLAG '=' 9 (9)
2026-04-08 20:09:49:548 [OUT] 25 A5 01 03 31 03 C9 3D 0B 49 FA (11)
                              [N3:X] LFLAG '=' 11 (11)
2026-04-08 20:09:49:570 [OUT] 25 A5 01 04 31 03 C9 3D 0B 4A 00 (11)
                              [N4:Y] LFLAG '=' 11 (11)
2026-04-08 20:09:49:593 [OUT] 25 A5 01 0C 31 03 C9 3D 0B 52 30 (11)
                              [N12:Z] LFLAG '=' 11 (11)
2026-04-08 20:09:49:679 [IN ] C8 24 08 0B 25 A5 08 01 31 03 C9 (11)
2026-04-08 20:09:49:701 [IN ] 3A 09 49 17 B2 (5)
                              [N8:R] LFLAG ':' 9 (9)
2026-04-08 20:09:49:723 [OUT] 25 A5 01 08 31 03 CA 3D 09 4D 19 (11)
                              [N8:R] RFLAG '=' 9 (9)
2026-04-08 20:09:49:806 [IN ] C8 24 03 0B 25 A5 03 01 31 03 C9 3A 0B 46 F6 B2 (16)
                              [N3:X] LFLAG ':' 11 (11)
2026-04-08 20:09:49:828 [OUT] 25 A5 01 03 31 03 88 00 50 10 02 (11)
                              [N3:X] RUN 0 80 (80)
2026-04-08 20:09:49:915 [IN ] C8 24 04 0B 25 A5 04 01 31 03 C9 3A 0B 47 FD B2 (16)
                              [N4:Y] LFLAG ':' 11 (11)
2026-04-08 20:09:49:938 [OUT] 25 A5 01 04 31 03 88 00 50 11 08 (11)
                              [N4:Y] RUN 0 80 (80)
2026-04-08 20:09:50:023 [IN ] C8 24 0C 0B 25 A5 0C 01 31 03 C9 3A 0B 4F 35 B2 (16)
                              [N12:Z] LFLAG ':' 11 (11)
2026-04-08 20:09:50:048 [OUT] 25 A5 01 0C 31 03 88 00 50 19 38 (11)
                              [N12:Z] RUN 0 80 (80)
2026-04-08 20:09:50:133 [IN ] C8 24 08 0B 25 A5 08 01 31 03 CA 3A 09 4A 1A B2 (16)
                              [N8:R] RFLAG ':' 9 (9)
2026-04-08 20:09:50:237 [IN ] C8 24 03 0C 25 A5 03 01 31 04 88 53 00 50 64 C2 EA (17)
                              [N3:X] RUN 'S' 0 80 (80)
2026-04-08 20:09:50:363 [IN ] C8 24 04 0C 25 A5 04 01 31 04 88 53 00 50 65 CA EA (17)
                              [N4:Y] RUN 'S' 0 80 (80)
2026-04-08 20:09:50:468 [IN ] C8 24 0C 0C 25 A5 0C 01 31 04 88 53 00 50 6D 0A EA (17)
                              [N12:Z] RUN 'S' 0 80 (80)
2026-04-08 20:09:57:090 [IN ] C8 24 04 0B 25 A5 04 01 31 03 81 5A 4C 60 A6 0A C8 24 04 0A 25 A5 04 01 31 02 81 49 02 32 A6 (31)
                              [N4:Y] TPOS 'Z' 76 (76)
                              [N4:Y] TPOS 'I'
2026-04-08 20:09:57:313 [OUT] 25 A5 01 09 31 02 D8 3F 54 EC (10)
                              [N9:P] INTERRUPT '?'
2026-04-08 20:09:57:615 [IN ] C8 24 09 0C 25 A5 09 01 31 04 D8 3A 01 01 53 9A EA (17)
                              [N9:P] INTERRUPT ':' 1 1 (257)
2026-04-08 20:09:57:636 [OUT] 25 A5 01 04 31 03 C9 3D 09 48 FE (11)
                              [N4:Y] LFLAG '=' 9 (9)
2026-04-08 20:09:57:658 [OUT] 25 A5 01 07 31 02 D8 3F 52 E2 (10)
                              [N7:N] INTERRUPT '?'
2026-04-08 20:09:57:960 [IN ] C8 24 04 0B 25 A5 04 01 31 03 C9 3A 09 45 FB 9A C8 24 07 0C 25 A5 07 01 31 04 D8 3A 01 01 51 8A EA (33)
                              [N4:Y] LFLAG ':' 9 (9)
                              [N7:N] INTERRUPT ':' 1 1 (257)
2026-04-08 20:09:57:981 [OUT] 25 A5 01 09 31 03 C9 3D 0B 4F 1E (11)
                              [N9:P] LFLAG '=' 11 (11)
2026-04-08 20:09:58:002 [OUT] 25 A5 01 07 31 03 C9 3D 0B 4D 12 (11)
                              [N7:N] LFLAG '=' 11 (11)
2026-04-08 20:09:58:129 [IN ] C8 24 09 0B 25 A5 09 01 31 03 C9 3A 0B 4C 20 8A (16)
                              [N9:P] LFLAG ':' 11 (11)
2026-04-08 20:09:58:152 [OUT] 25 A5 01 09 31 03 88 00 50 16 26 (11)
                              [N9:P] RUN 0 80 (80)
2026-04-08 20:09:58:257 [IN ] C8 24 07 0B 25 A5 07 01 31 03 C9 3A 0B 4A 12 8A (16)
                              [N7:N] LFLAG ':' 11 (11)
2026-04-08 20:09:58:280 [OUT] 25 A5 01 07 31 03 88 00 50 14 1A (11)
                              [N7:N] RUN 0 80 (80)
2026-04-08 20:09:58:366 [IN ] C8 24 09 0C 25 A5 09 01 31 04 88 53 00 50 6A F2 EA (17)
                              [N9:P] RUN 'S' 0 80 (80)
2026-04-08 20:09:58:432 [IN ] C8 24 09 0B 25 A5 09 01 31 03 81 5A 4C 65 C9 F2 (16)
                              [N9:P] TPOS 'Z' 76 (76)
2026-04-08 20:09:58:475 [IN ] C8 24 07 0C 25 A5 07 01 31 04 88 53 00 50 68 E2 EA C8 24 09 0A 25 A5 09 01 31 02 81 49 07 50 68 (32)
                              [N7:N] RUN 'S' 0 80 (80)
                              [N9:P] TPOS 'I'
2026-04-08 20:09:58:699 [OUT] 25 A5 01 09 31 03 C9 3D 09 4D 1C (11)
                              [N9:P] LFLAG '=' 9 (9)
2026-04-08 20:09:58:721 [OUT] 25 A5 01 04 31 05 81 FF EE 88 01 32 FA (13)
                              [N4:Y] TPOS 255 238 136 1 (-1144831)
2026-04-08 20:09:58:867 [IN ] C8 24 09 0B 25 A5 09 01 31 03 C9 3A 09 4A 1E E2 (16)
                              [N9:P] LFLAG ':' 9 (9)
2026-04-08 20:09:58:889 [IN ] C8 24 03 0B 25 A5 03 01 31 03 81 5A 4C 5F 9F E2 (16)
                              [N3:X] TPOS 'Z' 76 (76)
2026-04-08 20:09:58:931 [IN ] C8 24 03 0A 25 A5 03 01 31 02 81 49 01 2C 9F (15)
                              [N3:X] TPOS 'I'
2026-04-08 20:09:58:975 [OUT] 25 A5 01 03 31 03 C9 3D 09 47 F8 (11)
                              [N3:X] LFLAG '=' 9 (9)
2026-04-08 20:09:58:997 [IN ] C8 24 04 0E 25 A5 04 01 31 06 81 53 00 00 00 00 10 88 0A (19)
                              [N4:Y] TPOS 'S' 0 0 0 0 (0)
2026-04-08 20:09:59:144 [IN ] C8 24 03 0B 25 A5 03 01 31 03 C9 3A 09 44 F4 00 (16)
                              [N3:X] LFLAG ':' 9 (9)
2026-04-08 20:10:02:360 [IN ] C8 24 07 0B 25 A5 07 01 31 03 81 5A 4C 63 BB 00 C8 24 07 0A 25 A5 07 01 31 02 81 49 05 44 BB (31)
                              [N7:N] TPOS 'Z' 76 (76)
                              [N7:N] TPOS 'I'
2026-04-08 20:10:02:584 [OUT] 25 A5 01 07 31 03 C9 3D 09 4B 10 (11)
                              [N7:N] LFLAG '=' 9 (9)
2026-04-08 20:10:02:730 [IN ] C8 24 07 0B 25 A5 07 01 31 03 C9 3A 09 48 10 00 (16)
                              [N7:N] LFLAG ':' 9 (9)
2026-04-08 20:10:05:137 [IN ] C8 24 04 0E 25 A5 04 01 31 06 81 45 FF EE 85 B5 29 C7 0A (19)
                              [N4:Y] TPOS 'E' 255 238 133 181 (-1145419)
2026-04-08 20:10:05:361 [OUT] 25 A5 01 09 31 05 81 FF E7 5D 56 5A 0C (13)
                              [N9:P] TPOS 255 231 93 86 (-1614506)
2026-04-08 20:10:05:382 [OUT] 25 A5 01 04 31 05 81 FF FD 50 01 09 B7 (13)
                              [N4:Y] TPOS 255 253 80 1 (-176127)
2026-04-08 20:10:05:408 [OUT] 25 A5 01 07 31 05 81 FF AB 19 75 F7 DF (13)
                              [N7:N] TPOS 255 171 25 117 (-5564043)
2026-04-08 20:10:05:432 [OUT] 25 A5 01 03 31 05 81 FF EC 4A AB 9B 1A (13)
                              [N3:X] TPOS 255 236 74 171 (-1291605)
2026-04-08 20:10:05:454 [OUT] 25 A5 01 06 31 02 D8 3F 51 DD (10)
                              [N6:H] INTERRUPT '?'
2026-04-08 20:10:05:756 [IN ] C8 24 09 0E 25 A5 09 01 31 06 81 53 FF FF FF 90 A2 41 0A C8 24 04 0E 25 A5 04 01 31 06 81 53 FF EE 85 B6 38 0E 0A (38)
                              [N9:P] TPOS 'S' 255 255 255 144 (-112)
                              [N4:Y] TPOS 'S' 255 238 133 182 (-1145418)
2026-04-08 20:10:06:057 [IN ] C8 24 07 0E 25 A5 07 01 31 06 81 53 FF FF FF F5 05 92 0A C8 24 03 0E 25 A5 03 01 31 06 81 53 00 00 00 00 0F 7E 0A C8 24 06 0C 25 A5 06 01 31 04 D8 3A 01 01 50 82 0F (55)
                              [N7:N] TPOS 'S' 255 255 255 245 (-11)
                              [N3:X] TPOS 'S' 0 0 0 0 (0)
                              [N6:H] INTERRUPT ':' 1 1 (257)
2026-04-08 20:10:06:077 [OUT] 25 A5 01 06 31 03 C9 3D 0B 4C 0C (11)
                              [N6:H] LFLAG '=' 11 (11)
2026-04-08 20:10:06:245 [IN ] C8 24 06 0B 25 A5 06 01 31 03 C9 3A 0B 49 0B 82 (16)
                              [N6:H] LFLAG ':' 11 (11)
2026-04-08 20:10:06:267 [OUT] 25 A5 01 06 31 03 88 FF B0 72 72 (11)
                              [N6:H] RUN 255 176 (-80)
2026-04-08 20:10:06:374 [IN ] C8 24 0C 0B 25 A5 0C 01 31 03 81 5A 4C 68 DE 82 (16)
                              [N12:Z] TPOS 'Z' 76 (76)
2026-04-08 20:10:06:439 [IN ] C8 24 0C 0A 25 A5 0C 01 31 02 81 49 0A 62 DE C8 24 06 0C 25 A5 06 01 31 04 88 53 FF B0 C6 38 0F (32)
                              [N12:Z] TPOS 'I'
                              [N6:H] RUN 'S' 255 176 (-80)
2026-04-08 20:10:06:662 [OUT] 25 A5 01 0C 31 03 C9 3D 09 50 2E (11)
                              [N12:Z] LFLAG '=' 9 (9)
2026-04-08 20:10:06:831 [IN ] C8 24 0C 0B 25 A5 0C 01 31 03 C9 3A 09 4D 33 38 (16)
                              [N12:Z] LFLAG ':' 9 (9)
2026-04-08 20:10:06:852 [OUT] 25 A5 01 0C 31 05 81 FF BC D0 00 4F 33 (13)
                              [N12:Z] TPOS 255 188 208 0 (-4403200)
2026-04-08 20:10:07:040 [IN ] C8 24 0C 0E 25 A5 0C 01 31 06 81 53 FF FF FF 5D 72 2C 0A (19)
                              [N12:Z] TPOS 'S' 255 255 255 93 (-163)
2026-04-08 20:10:10:658 [IN ] C8 24 06 0B 25 A5 06 01 31 03 81 5A 4C 62 B4 5D (16)
                              [N6:H] TPOS 'Z' 76 (76)
2026-04-08 20:10:10:861 [IN ] C8 24 06 0A 25 A5 06 01 31 02 81 49 04 3E B4 (15)
                              [N6:H] TPOS 'I'
2026-04-08 20:10:11:083 [OUT] 25 A5 01 06 31 03 C9 3D 09 4A 0A (11)
                              [N6:H] LFLAG '=' 9 (9)
2026-04-08 20:10:11:252 [IN ] C8 24 06 0B 25 A5 06 01 31 03 C9 3A 09 47 09 5D (16)
                              [N6:H] LFLAG ':' 9 (9)
2026-04-08 20:10:11:272 [OUT] 25 A5 01 06 31 03 84 00 50 0F 08 (11)
                              [N6:H] VEL 0 80 (80)
2026-04-08 20:10:11:442 [IN ] C8 24 06 0C 25 A5 06 01 31 04 84 53 00 50 63 CA 72 (17)
                              [N6:H] VEL 'S' 0 80 (80)
2026-04-08 20:10:11:463 [OUT] 25 A5 01 06 31 05 81 00 19 82 3C 95 BE (13)
                              [N6:H] TPOS 0 25 130 60 (1671740)
2026-04-08 20:10:11:632 [IN ] C8 24 06 0E 25 A5 06 01 31 06 81 53 00 00 (14)
2026-04-08 20:10:11:653 [IN ] 00 01 13 9D 0A (5)
                              [N6:H] TPOS 'S' 0 0 0 1 (1)
2026-04-08 20:10:12:256 [IN ] C8 24 03 0E 25 A5 03 01 31 06 81 45 FF EC 47 3D 70 C3 0A (19)
                              [N3:X] TPOS 'E' 255 236 71 61 (-1292483)
2026-04-08 20:10:12:680 [OUT] 25 A5 01 03 31 05 81 FF FD 50 01 08 AF (13)
                              [N3:X] TPOS 255 253 80 1 (-176127)
2026-04-08 20:10:12:869 [IN ] C8 24 03 0E 25 A5 03 01 31 06 81 53 FF EC 47 3D 7E 09 0A (19)
                              [N3:X] TPOS 'S' 255 236 71 61 (-1292483)
2026-04-08 20:10:13:875 [IN ] C8 24 04 0E 25 A5 04 01 31 06 81 45 FF FD 4F 96 E3 69 0A (19)
                              [N4:Y] TPOS 'E' 255 253 79 150 (-176234)
2026-04-08 20:10:14:277 [IN ] C8 24 09 0E 25 A5 09 01 31 06 81 45 FF E7 5A D5 1C AE 0A (19)
                              [N9:P] TPOS 'E' 255 231 90 213 (-1615147)
2026-04-08 20:10:14:703 [OUT] 25 A5 01 09 31 05 81 FF FF D9 C8 60 BE (13)
                              [N9:P] TPOS 255 255 217 200 (-9784)
2026-04-08 20:10:14:891 [IN ] C8 24 09 0E 25 A5 09 01 31 06 81 53 FF E7 5A DA 2F F9 0A (19)
                              [N9:P] TPOS 'S' 255 231 90 218 (-1615142)
2026-04-08 20:10:19:911 [IN ] C8 24 06 0E 25 A5 06 01 31 06 81 45 00 19 86 FF A2 AC 0A (19)
                              [N6:H] TPOS 'E' 0 25 134 255 (1672959)
2026-04-08 20:10:20:334 [OUT] 25 A5 01 06 31 05 81 00 0D 03 C1 8F 21 (13)
                              [N6:H] TPOS 0 13 3 193 (852929)
2026-04-08 20:10:20:522 [IN ] C8 24 06 0E 25 A5 06 01 31 06 81 53 00 19 86 FF B0 F2 0A (19)
                              [N6:H] TPOS 'S' 0 25 134 255 (1672959)
2026-04-08 20:10:21:328 [IN ] C8 24 03 0E 25 A5 03 01 31 06 81 45 FF FD 51 0A 58 D7 0A (19)
                              [N3:X] TPOS 'E' 255 253 81 10 (-175862)
2026-04-08 20:10:23:736 [IN ] C8 24 09 0E 25 A5 09 01 31 06 81 45 FF FF DA 39 18 5A 0A (19)
                              [N9:P] TPOS 'E' 255 255 218 57 (-9671)
2026-04-08 20:10:23:960 [OUT] 25 A5 01 08 31 02 D8 3F 53 E7 (10)
                              [N8:R] INTERRUPT '?'
2026-04-08 20:10:24:262 [IN ] C8 24 08 0C 25 A5 08 01 31 04 D8 3A 01 01 52 92 18 C8 24 06 0E 25 A5 06 01 31 06 81 45 00 0D 00 37 48 B4 0A (36)
                              [N8:R] INTERRUPT ':' 1 1 (257)
                              [N6:H] TPOS 'E' 0 13 0 55 (852023)
2026-04-08 20:10:24:282 [OUT] 25 A5 01 08 31 03 CA 3D 0B 4F 1B (11)
                              [N8:R] RFLAG '=' 11 (11)
2026-04-08 20:10:24:304 [OUT] 25 A5 01 05 31 02 D8 3F 50 D8 (10)
                              [N5:V] INTERRUPT '?'
2026-04-08 20:10:24:606 [IN ] C8 24 08 0B 25 A5 08 01 31 03 CA 3A 0B 4C 1C 37 C8 24 05 0C 25 A5 05 01 31 04 D8 3A 01 01 4F 7A 48 (33)
                              [N8:R] RFLAG ':' 11 (11)
                              [N5:V] INTERRUPT ':' 1 1 (257)
2026-04-08 20:10:24:627 [OUT] 25 A5 01 08 31 03 88 00 50 15 20 (11)
                              [N8:R] RUN 0 80 (80)
2026-04-08 20:10:24:649 [OUT] 25 A5 01 05 31 03 C9 3D 0B 4B 06 (11)
                              [N5:V] LFLAG '=' 11 (11)
2026-04-08 20:10:24:797 [IN ] C8 24 08 0C 25 A5 08 01 31 04 88 53 00 50 69 EA 48 (17)
                              [N8:R] RUN 'S' 0 80 (80)
2026-04-08 20:10:24:904 [IN ] C8 24 05 0B 25 A5 05 01 31 03 C9 3A 0B 48 04 EA (16)
                              [N5:V] LFLAG ':' 11 (11)
2026-04-08 20:10:24:926 [OUT] 25 A5 01 05 31 03 88 FF B0 71 6C (11)
                              [N5:V] RUN 255 176 (-80)
2026-04-08 20:10:25:094 [IN ] C8 24 05 0C 25 A5 05 01 31 04 88 53 FF B0 C5 30 48 (17)
                              [N5:V] RUN 'S' 255 176 (-80)
2026-04-08 20:10:29:717 [IN ] C8 24 05 0B 25 A5 05 01 31 03 81 5A 4C 61 AD 30 C8 24 05 0A 25 A5 05 01 31 02 81 49 03 38 AD (31)
                              [N5:V] TPOS 'Z' 76 (76)
                              [N5:V] TPOS 'I'
2026-04-08 20:10:29:939 [OUT] 25 A5 01 05 31 03 C9 3D 09 49 04 (11)
                              [N5:V] LFLAG '=' 9 (9)
2026-04-08 20:10:30:066 [IN ] C8 24 0C 0E 25 A5 0C 01 31 06 81 45 FF BC CD 57 E9 B3 0A (19)
                              [N12:Z] TPOS 'E' 255 188 205 87 (-4403881)
2026-04-08 20:10:30:111 [IN ] C8 24 05 0B 25 A5 05 01 31 03 C9 3A 09 46 02 57 (16)
                              [N5:V] LFLAG ':' 9 (9)
2026-04-08 20:10:30:133 [OUT] 25 A5 01 05 31 03 84 00 50 0E 02 (11)
                              [N5:V] VEL 0 80 (80)
2026-04-08 20:10:30:156 [OUT] 25 A5 01 0C 31 05 81 FF D1 1A 67 15 6D (13)
                              [N12:Z] TPOS 255 209 26 103 (-3073433)
2026-04-08 20:10:30:303 [IN ] C8 24 05 0C 25 A5 05 01 31 04 84 53 00 50 62 C2 E9 (17)
                              [N5:V] VEL 'S' 0 80 (80)
2026-04-08 20:10:30:325 [OUT] 25 A5 01 05 31 05 81 00 19 82 3C 94 B6 (13)
                              [N5:V] TPOS 0 25 130 60 (1671740)
2026-04-08 20:10:30:431 [IN ] C8 24 0C 0E 25 A5 0C 01 31 06 81 53 FF BC CD 59 F9 FB 0A (19)
                              [N12:Z] TPOS 'S' 255 188 205 89 (-4403879)
2026-04-08 20:10:30:556 [IN ] C8 24 05 0E 25 A5 05 01 31 06 81 53 FF FF FF FF 0D 88 0A (19)
                              [N5:V] TPOS 'S' 255 255 255 255 (-1)
2026-04-08 20:10:30:959 [IN ] C8 24 07 0E 25 A5 07 01 31 06 81 45 FF AB 15 3A FE C1 0A (19)
                              [N7:N] TPOS 'E' 255 171 21 58 (-5565126)
2026-04-08 20:10:31:382 [OUT] 25 A5 01 07 31 05 81 FF F3 35 BF A5 39 (13)
                              [N7:N] TPOS 255 243 53 191 (-838209)
2026-04-08 20:10:31:570 [IN ] C8 24 07 0E 25 A5 07 01 31 06 81 53 FF AB 15 3B 0D 08 0A (19)
                              [N7:N] TPOS 'S' 255 171 21 59 (-5565125)
2026-04-08 20:10:37:194 [IN ] C8 24 08 0B 25 A5 08 01 31 03 81 5A 52 6A C8 3B (16)
                              [N8:R] TPOS 'Z' 82 (82)
2026-04-08 20:10:37:395 [IN ] C8 24 08 0A 25 A5 08 01 31 02 81 49 06 4A C8 (15)
                              [N8:R] TPOS 'I'
2026-04-08 20:10:37:598 [IN ] C8 24 0C 0E 25 A5 0C 01 31 06 81 45 FF D1 1D 38 2F 73 0A (19)
                              [N12:Z] TPOS 'E' 255 209 29 56 (-3072712)
2026-04-08 20:10:37:620 [OUT] 25 A5 01 08 31 03 CA 3D 09 4D 19 (11)
                              [N8:R] RFLAG '=' 9 (9)
2026-04-08 20:10:37:809 [IN ] C8 24 08 0B 25 A5 08 01 31 03 CA 3A 09 4A 1A 38 (16)
                              [N8:R] RFLAG ':' 9 (9)
2026-04-08 20:10:37:831 [OUT] 25 A5 01 08 31 05 81 FF DC 77 1D 2F DE (13)
                              [N8:R] TPOS 255 220 119 29 (-2328803)
2026-04-08 20:10:38:000 [IN ] C8 24 (2)
2026-04-08 20:10:38:021 [IN ] 08 0E 25 A5 08 01 31 06 81 53 FF FF FF 70 81 17 0A (17)
                              [N8:R] TPOS 'S' 255 255 255 112 (-144)
2026-04-08 20:10:38:222 [IN ] C8 24 05 0E 25 A5 05 01 31 06 81 45 00 19 86 1A BC BD 0A (19)
                              [N5:V] TPOS 'E' 0 25 134 26 (1672730)
2026-04-08 20:10:38:651 [OUT] 25 A5 01 05 31 05 81 00 0D 03 C1 8E 19 (13)
                              [N5:V] TPOS 0 13 3 193 (852929)
2026-04-08 20:10:38:818 [IN ] C8 24 05 0E 25 A5 05 01 31 06 81 53 (12)
2026-04-08 20:10:38:840 [IN ] 00 19 86 1A CA 03 0A (7)
                              [N5:V] TPOS 'S' 0 25 134 26 (1672730)
2026-04-08 20:10:43:658 [IN ] C8 24 05 0E 25 A5 05 01 31 06 81 45 00 0D 01 BC CD 31 0A (19)
                              [N5:V] TPOS 'E' 0 13 1 188 (852412)
2026-04-08 20:10:43:881 [OUT] 25 A5 01 03 31 05 81 FF ED B1 30 88 70 (13)
                              [N3:X] TPOS 255 237 177 48 (-1199824)
2026-04-08 20:10:43:903 [OUT] 25 A5 01 04 31 05 81 FF F3 BD 0C 77 7E (13)
                              [N4:Y] TPOS 255 243 189 12 (-803572)
2026-04-08 20:10:44:071 [IN ] C8 24 03 0E 25 A5 03 01 31 06 81 53 FF FD 51 08 64 1B 0A (19)
                              [N3:X] TPOS 'S' 255 253 81 8 (-175864)
2026-04-08 20:10:44:197 [IN ] C8 24 04 0E 25 A5 04 01 31 06 81 53 FF FD 4F 96 F1 AF 0A (19)
                              [N4:Y] TPOS 'S' 255 253 79 150 (-176234)
2026-04-08 20:10:47:610 [IN ] C8 24 04 0E 25 A5 04 01 31 06 81 45 FF F3 BA 70 1E FB 0A (19)
                              [N4:Y] TPOS 'E' 255 243 186 112 (-804240)
2026-04-08 20:10:49:017 [IN ] C8 24 03 0E 25 A5 03 01 31 06 81 45 FF (13)
2026-04-08 20:10:49:218 [IN ] ED AD CB 65 20 0A (6)
                              [N3:X] TPOS 'E' 255 237 173 203 (-1200693)
2026-04-08 20:10:53:034 [IN ] C8 24 07 0E 25 A5 07 01 31 06 81 45 FF F3 39 B8 E8 5F 0A (19)
                              [N7:N] TPOS 'E' 255 243 57 184 (-837192)
2026-04-08 20:10:58:255 [IN ] C8 24 08 0E 25 A5 08 01 31 06 81 45 FF DC 77 47 9F 2F 0A (19)
                              [N8:R] TPOS 'E' 255 220 119 71 (-2328761)
2026-04-08 20:10:58:679 [OUT] 25 A5 01 08 31 05 81 FF EE 15 56 18 89 (13)
                              [N8:R] TPOS 255 238 21 86 (-1174186)
2026-04-08 20:10:58:847 [IN ] C8 24 (2)
2026-04-08 20:10:58:868 [IN ] 08 0E 25 A5 08 01 31 06 81 53 FF DC 77 59 BF 87 0A (17)
                              [N8:R] TPOS 'S' 255 220 119 89 (-2328743)
2026-04-08 20:11:10:715 [IN ] C8 24 08 0E 25 A5 08 01 31 06 81 45 FF EE 14 15 1C 6D 0A (19)
                              [N8:R] TPOS 'E' 255 238 20 21 (-1174507)
