2026-04-08 19:26:54:767 [OUT] 25 A5 01 0A 31 05 D6 3D FF 00 00 53 ED (13)
                              [N10:HMI] HMILED '=' 255 0 0 (16711680)
2026-04-08 19:26:54:791 [OUT] 25 A5 01 03 31 02 D8 3F 4E CE (10)
                              [N3:X] INTERRUPT '?'
2026-04-08 19:26:55:094 [IN ] C8 24 0A 0D 25 A5 0A 01 31 05 D6 3A FF 00 00 50 EA BD C8 24 03 0C 25 A5 03 01 31 04 D8 3A 01 01 4D 6A EA (35)
                              [N10:HMI] HMILED ':' 255 0 0 (16711680)
                              [N3:X] INTERRUPT ':' 1 1 (257)
2026-04-08 19:26:55:114 [OUT] 25 A5 01 09 31 03 C9 3D 09 4D 1C (11)
                              [N9:P] LFLAG '=' 9 (9)
2026-04-08 19:26:55:138 [OUT] 25 A5 01 04 31 02 D8 3F 4F D3 (10)
                              [N4:Y] INTERRUPT '?'
2026-04-08 19:26:55:439 [IN ] C8 24 09 0B 25 A5 09 01 31 03 C9 3A 09 4A 1E 6A C8 24 04 0C 25 A5 04 01 31 04 D8 3A 01 01 4E 72 EA (33)
                              [N9:P] LFLAG ':' 9 (9)
                              [N4:Y] INTERRUPT ':' 1 1 (257)
2026-04-08 19:26:55:460 [OUT] 25 A5 01 09 31 03 CA 3D 09 4E 1F (11)
                              [N9:P] RFLAG '=' 9 (9)
2026-04-08 19:26:55:483 [OUT] 25 A5 01 0C 31 02 D8 3F 57 FB (10)
                              [N12:Z] INTERRUPT '?'
2026-04-08 19:26:55:784 [IN ] C8 24 09 0B 25 A5 09 01 31 03 CA 3A 09 4B 21 72 C8 24 0C 0C 25 A5 0C 01 31 04 D8 3A 01 01 56 B2 EA (33)
                              [N9:P] RFLAG ':' 9 (9)
                              [N12:Z] INTERRUPT ':' 1 1 (257)
2026-04-08 19:26:55:806 [OUT] 25 A5 01 08 31 03 C9 3D 09 4C 16 (11)
                              [N8:R] LFLAG '=' 9 (9)
2026-04-08 19:26:55:827 [OUT] 25 A5 01 03 31 03 C9 3D 0B 49 FA (11)
                              [N3:X] LFLAG '=' 11 (11)
2026-04-08 19:26:55:849 [OUT] 25 A5 01 04 31 03 C9 3D 0B 4A 00 (11)
                              [N4:Y] LFLAG '=' 11 (11)
2026-04-08 19:26:55:872 [OUT] 25 A5 01 0C 31 03 C9 3D 0B 52 30 (11)
                              [N12:Z] LFLAG '=' 11 (11)
2026-04-08 19:26:55:979 [IN ] C8 24 08 0B 25 A5 08 01 31 03 C9 3A 09 49 17 B2 (16)
                              [N8:R] LFLAG ':' 9 (9)
2026-04-08 19:26:56:001 [OUT] 25 A5 01 08 31 03 CA 3D 09 4D 19 (11)
                              [N8:R] RFLAG '=' 9 (9)
2026-04-08 19:26:56:086 [IN ] C8 24 03 0B 25 A5 03 01 31 03 C9 3A 0B 46 F6 B2 (16)
                              [N3:X] LFLAG ':' 11 (11)
2026-04-08 19:26:56:108 [OUT] 25 A5 01 03 31 03 88 00 50 10 02 (11)
                              [N3:X] RUN 0 80 (80)
2026-04-08 19:26:56:193 [IN ] C8 24 04 0B 25 A5 04 01 31 03 C9 3A 0B 47 FD B2 (16)
                              [N4:Y] LFLAG ':' 11 (11)
2026-04-08 19:26:56:216 [OUT] 25 A5 01 04 31 03 88 00 50 11 08 (11)
                              [N4:Y] RUN 0 80 (80)
2026-04-08 19:26:56:302 [IN ] C8 24 0C 0B 25 A5 0C 01 31 03 C9 3A 0B 4F 35 B2 (16)
                              [N12:Z] LFLAG ':' 11 (11)
2026-04-08 19:26:56:324 [OUT] 25 A5 01 0C 31 03 88 00 50 19 38 (11)
                              [N12:Z] RUN 0 80 (80)
2026-04-08 19:26:56:409 [IN ] C8 24 08 0B 25 A5 08 01 31 03 CA 3A 09 4A 1A B2 (16)
                              [N8:R] RFLAG ':' 9 (9)
2026-04-08 19:26:56:535 [IN ] C8 24 03 0C 25 A5 03 01 31 04 88 53 00 50 64 C2 EA (17)
                              [N3:X] RUN 'S' 0 80 (80)
2026-04-08 19:26:56:640 [IN ] C8 24 04 0C 25 A5 04 01 31 04 88 53 00 50 65 CA EA (17)
                              [N4:Y] RUN 'S' 0 80 (80)
2026-04-08 19:26:56:746 [IN ] C8 24 0C 0C 25 A5 0C 01 31 04 88 53 00 50 6D 0A EA (17)
                              [N12:Z] RUN 'S' 0 80 (80)
2026-04-08 19:27:03:374 [IN ] C8 24 04 0B 25 A5 04 01 31 03 81 5A 4C 60 A6 0A C8 24 04 0A 25 A5 04 01 31 02 81 49 02 32 A6 (31)
                              [N4:Y] TPOS 'Z' 76 (76)
                              [N4:Y] TPOS 'I'
2026-04-08 19:27:03:596 [OUT] 25 A5 01 09 31 02 D8 3F 54 EC (10)
                              [N9:P] INTERRUPT '?'
2026-04-08 19:27:03:898 [IN ] C8 24 09 0C 25 A5 09 01 31 04 D8 3A 01 01 53 9A EA (17)
                              [N9:P] INTERRUPT ':' 1 1 (257)
2026-04-08 19:27:03:918 [OUT] 25 A5 01 04 31 03 C9 3D 09 48 FE (11)
                              [N4:Y] LFLAG '=' 9 (9)
2026-04-08 19:27:03:941 [OUT] 25 A5 01 07 31 02 D8 3F 52 E2 (10)
                              [N7:N] INTERRUPT '?'
2026-04-08 19:27:04:241 [IN ] C8 24 04 0B 25 A5 04 01 31 03 C9 3A 09 45 FB 9A C8 24 07 0C 25 A5 07 01 31 04 D8 3A 01 01 51 8A EA (33)
                              [N4:Y] LFLAG ':' 9 (9)
                              [N7:N] INTERRUPT ':' 1 1 (257)
2026-04-08 19:27:04:263 [OUT] 25 A5 01 09 31 03 C9 3D 0B 4F 1E (11)
                              [N9:P] LFLAG '=' 11 (11)
2026-04-08 19:27:04:285 [OUT] 25 A5 01 07 31 03 C9 3D 0B 4D 12 (11)
                              [N7:N] LFLAG '=' 11 (11)
2026-04-08 19:27:04:412 [IN ] C8 24 09 0B 25 A5 09 01 31 03 C9 3A 0B 4C 20 8A (16)
                              [N9:P] LFLAG ':' 11 (11)
2026-04-08 19:27:04:434 [OUT] 25 A5 01 09 31 03 88 00 50 16 26 (11)
                              [N9:P] RUN 0 80 (80)
2026-04-08 19:27:04:539 [IN ] C8 24 07 0B 25 A5 07 01 31 03 C9 3A 0B 4A 12 8A (16)
                              [N7:N] LFLAG ':' 11 (11)
2026-04-08 19:27:04:561 [OUT] 25 A5 01 07 31 03 88 00 50 14 1A (11)
                              [N7:N] RUN 0 80 (80)
2026-04-08 19:27:04:646 [IN ] C8 24 09 0C 25 A5 09 01 31 04 88 53 00 50 6A F2 EA (17)
                              [N9:P] RUN 'S' 0 80 (80)
2026-04-08 19:27:04:710 [IN ] C8 24 09 0B 25 A5 09 01 31 03 81 5A 4C 65 C9 F2 (16)
                              [N9:P] TPOS 'Z' 76 (76)
2026-04-08 19:27:04:774 [IN ] C8 24 07 0C 25 A5 07 01 31 04 88 53 00 50 68 E2 EA C8 24 09 0A 25 A5 09 01 31 02 81 49 07 50 68 (32)
                              [N7:N] RUN 'S' 0 80 (80)
                              [N9:P] TPOS 'I'
2026-04-08 19:27:04:997 [OUT] 25 A5 01 09 31 03 C9 3D 09 4D 1C (11)
                              [N9:P] LFLAG '=' 9 (9)
2026-04-08 19:27:05:020 [OUT] 25 A5 01 04 31 05 81 FF EE 88 01 32 FA (13)
                              [N4:Y] TPOS 255 238 136 1 (-1144831)
2026-04-08 19:27:05:166 [IN ] C8 24 09 0B 25 A5 09 01 31 03 C9 3A 09 4A 1E E2 (16)
                              [N9:P] LFLAG ':' 9 (9)
2026-04-08 19:27:05:292 [IN ] C8 (1)
2026-04-08 19:27:05:313 [IN ] 24 04 0E 25 A5 04 01 31 06 81 53 00 00 00 00 10 88 0A (18)
                              [N4:Y] TPOS 'S' 0 0 0 0 (0)
2026-04-08 19:27:05:715 [IN ] C8 24 03 0B 25 A5 03 01 31 03 81 5A 4C 5F 9F 00 C8 24 03 0A 25 A5 03 01 31 02 81 49 01 2C 9F (31)
                              [N3:X] TPOS 'Z' 76 (76)
                              [N3:X] TPOS 'I'
2026-04-08 19:27:05:938 [OUT] 25 A5 01 03 31 03 C9 3D 09 47 F8 (11)
                              [N3:X] LFLAG '=' 9 (9)
2026-04-08 19:27:06:105 [IN ] C8 24 03 0B 25 A5 03 01 31 03 C9 3A 09 44 F4 00 (16)
                              [N3:X] LFLAG ':' 9 (9)
2026-04-08 19:27:08:715 [IN ] C8 24 07 0B 25 A5 07 01 31 03 81 5A 4C 63 BB 00 C8 24 07 0A 25 A5 07 01 31 02 81 49 05 44 BB (31)
                              [N7:N] TPOS 'Z' 76 (76)
                              [N7:N] TPOS 'I'
2026-04-08 19:27:08:938 [OUT] 25 A5 01 07 31 03 C9 3D 09 4B 10 (11)
                              [N7:N] LFLAG '=' 9 (9)
2026-04-08 19:27:09:105 [IN ] C8 24 07 0B 25 A5 07 01 31 03 C9 3A 09 48 10 00 (16)
                              [N7:N] LFLAG ':' 9 (9)
2026-04-08 19:27:11:512 [IN ] C8 24 04 0E 25 A5 04 01 31 06 81 45 FF EE 85 D4 48 E6 0A (19)
                              [N4:Y] TPOS 'E' 255 238 133 212 (-1145388)
2026-04-08 19:27:11:738 [OUT] 25 A5 01 09 31 05 81 FF E7 5D 56 5A 0C (13)
                              [N9:P] TPOS 255 231 93 86 (-1614506)
2026-04-08 19:27:11:760 [OUT] 25 A5 01 04 31 05 81 FF FD 50 01 09 B7 (13)
                              [N4:Y] TPOS 255 253 80 1 (-176127)
2026-04-08 19:27:11:782 [OUT] 25 A5 01 07 31 05 81 FF AB 19 75 F7 DF (13)
                              [N7:N] TPOS 255 171 25 117 (-5564043)
2026-04-08 19:27:11:804 [OUT] 25 A5 01 03 31 05 81 FF EC 4A AB 9B 1A (13)
                              [N3:X] TPOS 255 236 74 171 (-1291605)
2026-04-08 19:27:11:826 [OUT] 25 A5 01 06 31 02 D8 3F 51 DD (10)
                              [N6:H] INTERRUPT '?'
2026-04-08 19:27:12:128 [IN ] C8 24 09 0E 25 A5 09 01 31 06 81 53 FF FF FF 85 97 36 0A C8 24 04 0E 25 A5 04 01 31 06 81 53 FF EE 85 D4 56 2C 0A (38)
                              [N9:P] TPOS 'S' 255 255 255 133 (-123)
                              [N4:Y] TPOS 'S' 255 238 133 212 (-1145388)
2026-04-08 19:27:12:429 [IN ] C8 24 07 0E 25 A5 07 01 31 06 81 53 FF FF FF FD 0D 9A 0A C8 24 03 0E 25 A5 03 01 31 06 81 53 00 00 00 00 0F 7E 0A C8 24 06 0C 25 A5 06 01 31 04 D8 3A 01 01 50 82 0F C8 24 0C 0B 25 A5 0C 01 31 
03 81 5A 4C 68 DE 82 (71)
                              [N7:N] TPOS 'S' 255 255 255 253 (-3)
                              [N3:X] TPOS 'S' 0 0 0 0 (0)
                              [N6:H] INTERRUPT ':' 1 1 (257)
                              [N12:Z] TPOS 'Z' 76 (76)
2026-04-08 19:27:12:451 [OUT] 25 A5 01 06 31 03 C9 3D 0B 4C 0C (11)
                              [N6:H] LFLAG '=' 11 (11)
2026-04-08 19:27:12:474 [IN ] C8 24 0C 0A 25 A5 0C 01 31 02 81 49 0A 62 DE (15)
                              [N12:Z] TPOS 'I'
2026-04-08 19:27:12:517 [OUT] 25 A5 01 0C 31 03 C9 3D 09 50 2E (11)
                              [N12:Z] LFLAG '=' 9 (9)
2026-04-08 19:27:12:623 [IN ] C8 24 06 0B 25 A5 06 01 31 03 C9 3A 0B 49 0B 82 (16)
                              [N6:H] LFLAG ':' 11 (11)
2026-04-08 19:27:12:646 [OUT] 25 A5 01 06 31 03 88 FF B0 72 72 (11)
                              [N6:H] RUN 255 176 (-80)
2026-04-08 19:27:12:733 [IN ] C8 24 0C 0B 25 A5 0C 01 31 03 C9 3A 09 4D 33 82 (16)
                              [N12:Z] LFLAG ':' 9 (9)
2026-04-08 19:27:12:756 [OUT] 25 A5 01 0C 31 05 81 FF BC D0 00 4F 33 (13)
                              [N12:Z] TPOS 255 188 208 0 (-4403200)
2026-04-08 19:27:12:843 [IN ] C8 24 06 0C 25 A5 06 01 31 04 88 53 FF B0 C6 38 0F (17)
                              [N6:H] RUN 'S' 255 176 (-80)
2026-04-08 19:27:12:970 [IN ] C8 24 0C 0E 25 A5 0C 01 31 06 81 53 FF FF FF A0 B5 6F 0A (19)
                              [N12:Z] TPOS 'S' 255 255 255 160 (-96)
2026-04-08 19:27:17:182 [IN ] C8 24 06 0B 25 A5 06 01 31 03 81 5A 4C 62 B4 A0 C8 24 06 0A 25 A5 06 01 31 02 81 49 04 3E B4 (31)
                              [N6:H] TPOS 'Z' 76 (76)
                              [N6:H] TPOS 'I'
2026-04-08 19:27:17:405 [OUT] 25 A5 01 06 31 03 C9 3D 09 4A 0A (11)
                              [N6:H] LFLAG '=' 9 (9)
2026-04-08 19:27:17:553 [IN ] C8 24 06 0B 25 A5 06 01 31 03 C9 3A 09 47 09 A0 (16)
                              [N6:H] LFLAG ':' 9 (9)
2026-04-08 19:27:17:575 [OUT] 25 A5 01 06 31 03 84 00 50 0F 08 (11)
                              [N6:H] VEL 0 80 (80)
2026-04-08 19:27:17:744 [IN ] C8 24 06 0C 25 A5 06 01 31 04 84 53 00 50 63 CA B5 (17)
                              [N6:H] VEL 'S' 0 80 (80)
2026-04-08 19:27:17:765 [OUT] 25 A5 01 06 31 05 81 00 19 82 3C 95 BE (13)
                              [N6:H] TPOS 0 25 130 60 (1671740)
2026-04-08 19:27:17:954 [IN ] C8 24 06 0E 25 A5 06 01 31 06 81 53 00 00 00 01 13 9D 0A (19)
                              [N6:H] TPOS 'S' 0 0 0 1 (1)
2026-04-08 19:27:18:758 [IN ] C8 24 03 0E 25 A5 03 01 31 06 81 45 FF EC 47 84 B7 0A 0A (19)
                              [N3:X] TPOS 'E' 255 236 71 132 (-1292412)
2026-04-08 19:27:19:182 [OUT] 25 A5 01 03 31 05 81 FF FD 50 01 08 AF (13)
                              [N3:X] TPOS 255 253 80 1 (-176127)
2026-04-08 19:27:19:371 [IN ] C8 24 03 0E 25 A5 03 01 31 06 81 53 FF EC 47 84 C5 50 0A (19)
                              [N3:X] TPOS 'S' 255 236 71 132 (-1292412)
2026-04-08 19:27:20:375 [IN ] C8 24 04 0E 25 A5 04 01 31 06 81 45 FF FD 4F AB F8 7E 0A (19)
                              [N4:Y] TPOS 'E' 255 253 79 171 (-176213)
2026-04-08 19:27:20:578 [IN ] C8 24 09 0E 25 A5 09 01 31 06 81 45 FF E7 5A BB 02 94 0A (19)
                              [N9:P] TPOS 'E' 255 231 90 187 (-1615173)
2026-04-08 19:27:21:002 [OUT] 25 A5 01 09 31 05 81 FF FF D9 C8 60 BE (13)
                              [N9:P] TPOS 255 255 217 200 (-9784)
2026-04-08 19:27:21:191 [IN ] C8 24 09 0E 25 A5 09 01 31 06 81 53 FF E7 5A BE 13 DD 0A (19)
                              [N9:P] TPOS 'S' 255 231 90 190 (-1615170)
2026-04-08 19:27:26:208 [IN ] C8 24 06 0E 25 A5 06 01 31 06 81 45 00 19 87 10 B4 BF 0A (19)
                              [N6:H] TPOS 'E' 0 25 135 16 (1672976)
2026-04-08 19:27:26:633 [OUT] 25 A5 01 06 31 05 81 00 0D 03 C1 8F 21 (13)
                              [N6:H] TPOS 0 13 3 193 (852929)
2026-04-08 19:27:26:823 [IN ] C8 24 06 0E 25 A5 06 01 31 06 81 53 00 19 87 10 C2 05 0A (19)
                              [N6:H] TPOS 'S' 0 25 135 16 (1672976)
2026-04-08 19:27:28:230 [IN ] C8 24 03 0E 25 A5 03 01 31 06 81 45 FF FD 50 EA 37 B5 0A (19)
                              [N3:X] TPOS 'E' 255 253 80 234 (-175894)
2026-04-08 19:27:30:037 [IN ] C8 24 09 0E 25 A5 09 01 31 06 81 45 FF FF DA 34 13 55 0A (19)
                              [N9:P] TPOS 'E' 255 255 218 52 (-9676)
2026-04-08 19:27:30:260 [OUT] 25 A5 01 08 31 02 D8 3F 53 E7 (10)
                              [N8:R] INTERRUPT '?'
2026-04-08 19:27:30:562 [IN ] C8 24 08 0C 25 A5 08 01 31 04 D8 3A 01 01 52 92 13 C8 24 06 0E 25 A5 06 01 31 06 81 45 00 0D 00 48 59 C5 0A (36)
                              [N8:R] INTERRUPT ':' 1 1 (257)
                              [N6:H] TPOS 'E' 0 13 0 72 (852040)
2026-04-08 19:27:30:583 [OUT] 25 A5 01 08 31 03 CA 3D 0B 4F 1B (11)
                              [N8:R] RFLAG '=' 11 (11)
2026-04-08 19:27:30:606 [OUT] 25 A5 01 05 31 02 D8 3F 50 D8 (10)
                              [N5:V] INTERRUPT '?'
2026-04-08 19:27:30:908 [IN ] C8 24 08 0B 25 A5 08 01 31 03 CA 3A 0B 4C 1C 48 C8 24 05 0C 25 A5 05 01 31 04 D8 3A 01 01 4F 7A 59 (33)
                              [N8:R] RFLAG ':' 11 (11)
                              [N5:V] INTERRUPT ':' 1 1 (257)
2026-04-08 19:27:30:928 [OUT] 25 A5 01 08 31 03 88 00 50 15 20 (11)
                              [N8:R] RUN 0 80 (80)
2026-04-08 19:27:30:950 [OUT] 25 A5 01 05 31 03 C9 3D 0B 4B 06 (11)
                              [N5:V] LFLAG '=' 11 (11)
2026-04-08 19:27:31:100 [IN ] C8 24 08 0C 25 A5 08 01 31 04 88 53 00 50 69 EA 59 (17)
                              [N8:R] RUN 'S' 0 80 (80)
2026-04-08 19:27:31:227 [IN ] C8 24 05 0B 25 A5 05 01 31 03 C9 3A 0B 48 04 EA (16)
                              [N5:V] LFLAG ':' 11 (11)
2026-04-08 19:27:31:249 [OUT] 25 A5 01 05 31 03 88 FF B0 71 6C (11)
                              [N5:V] RUN 255 176 (-80)
2026-04-08 19:27:31:417 [IN ] C8 24 05 0C 25 A5 05 01 31 04 88 53 FF B0 C5 30 59 (17)
                              [N5:V] RUN 'S' 255 176 (-80)
2026-04-08 19:27:35:835 [IN ] C8 24 0C 0E 25 A5 0C 01 31 06 81 45 FF BC CD 35 C7 91 0A (19)
                              [N12:Z] TPOS 'E' 255 188 205 53 (-4403915)
2026-04-08 19:27:36:037 [IN ] C8 24 05 0B 25 A5 05 01 31 03 81 5A 4C 61 AD 35 C8 24 05 0A 25 A5 05 01 31 02 81 49 03 38 AD (31)
                              [N5:V] TPOS 'Z' 76 (76)
                              [N5:V] TPOS 'I'
2026-04-08 19:27:36:259 [OUT] 25 A5 01 0C 31 05 81 FF D1 1A 67 15 6D (13)
                              [N12:Z] TPOS 255 209 26 103 (-3073433)
2026-04-08 19:27:36:282 [OUT] 25 A5 01 05 31 03 C9 3D 09 49 04 (11)
                              [N5:V] LFLAG '=' 9 (9)
2026-04-08 19:27:36:431 [IN ] C8 24 0C 0E 25 A5 0C 01 31 06 81 53 FF BC CD (15)
2026-04-08 19:27:36:452 [IN ] 4B EB ED 0A (4)
                              [N12:Z] TPOS 'S' 255 188 205 75 (-4403893)
2026-04-08 19:27:36:558 [IN ] C8 24 05 0B 25 A5 05 01 31 03 C9 (11)
2026-04-08 19:27:36:580 [IN ] 3A 09 46 02 4B (5)
                              [N5:V] LFLAG ':' 9 (9)
2026-04-08 19:27:36:602 [OUT] 25 A5 01 05 31 03 84 00 50 0E 02 (11)
                              [N5:V] VEL 0 80 (80)
2026-04-08 19:27:36:770 [IN ] C8 24 05 0C 25 A5 05 01 31 04 84 53 00 50 62 C2 EB (17)
                              [N5:V] VEL 'S' 0 80 (80)
2026-04-08 19:27:36:792 [OUT] 25 A5 01 05 31 05 81 00 19 82 3C 94 B6 (13)
                              [N5:V] TPOS 0 25 130 60 (1671740)
2026-04-08 19:27:36:962 [IN ] C8 24 05 0E 25 A5 05 01 31 06 81 53 00 00 00 00 11 92 0A (19)
                              [N5:V] TPOS 'S' 0 0 0 0 (0)
2026-04-08 19:27:37:364 [IN ] C8 24 07 0E 25 A5 07 01 31 06 81 45 FF AB 15 33 F7 BA 0A (19)
                              [N7:N] TPOS 'E' 255 171 21 51 (-5565133)
2026-04-08 19:27:37:791 [OUT] 25 A5 01 07 31 05 81 FF F3 35 BF A5 39 (13)
                              [N7:N] TPOS 255 243 53 191 (-838209)
2026-04-08 19:27:37:980 [IN ] C8 24 07 0E 25 A5 07 01 31 06 81 53 FF AB 15 34 06 01 0A (19)
                              [N7:N] TPOS 'S' 255 171 21 52 (-5565132)
2026-04-08 19:27:43:400 [IN ] C8 24 0C 0E 25 A5 0C 01 31 06 81 45 FF D1 1D 60 57 9B 0A (19)
                              [N12:Z] TPOS 'E' 255 209 29 96 (-3072672)
2026-04-08 19:27:44:006 [IN ] C8 24 08 0B 25 A5 08 01 31 03 81 5A 52 6A C8 60 C8 24 08 0A 25 A5 08 01 31 02 81 49 06 4A (30)
                              [N8:R] TPOS 'Z' 82 (82)
                              [N8:R] TPOS 'I'
2026-04-08 19:27:44:211 [IN ] C8 (1)
2026-04-08 19:27:44:231 [OUT] 25 A5 01 08 31 03 CA 3D 09 4D 19 (11)
                              [N8:R] RFLAG '=' 9 (9)
2026-04-08 19:27:44:400 [IN ] C8 24 08 0B 25 A5 08 01 31 03 CA 3A 09 4A 1A 60 (16)
                              [N8:R] RFLAG ':' 9 (9)
2026-04-08 19:27:44:421 [OUT] 25 A5 01 08 31 05 81 FF DC 77 1D 2F DE (13)
                              [N8:R] TPOS 255 220 119 29 (-2328803)
2026-04-08 19:27:44:610 [IN ] C8 24 05 0E 25 A5 05 01 31 06 81 45 00 19 86 21 C3 C4 0A C8 24 08 0E 25 A5 08 01 31 06 81 53 FF FF FF 98 A9 3F 0A (38)
                              [N5:V] TPOS 'E' 0 25 134 33 (1672737)
                              [N8:R] TPOS 'S' 255 255 255 152 (-104)
2026-04-08 19:27:45:036 [OUT] 25 A5 01 05 31 05 81 00 0D 03 C1 8E 19 (13)
                              [N5:V] TPOS 0 13 3 193 (852929)
2026-04-08 19:27:45:225 [IN ] C8 24 05 0E 25 A5 05 01 31 06 81 53 00 19 86 21 D1 0A 0A (19)
                              [N5:V] TPOS 'S' 0 25 134 33 (1672737)
2026-04-08 19:27:50:039 [IN ] C8 24 05 0E 25 A5 05 01 31 06 81 45 00 0D 01 B1 C2 26 0A (19)
                              [N5:V] TPOS 'E' 0 13 1 177 (852401)
2026-04-08 19:27:50:263 [OUT] 25 A5 01 03 31 05 81 FF ED B1 30 88 70 (13)
                              [N3:X] TPOS 255 237 177 48 (-1199824)
2026-04-08 19:27:50:287 [OUT] 25 A5 01 04 31 05 81 FF F3 BD 0C 77 7E (13)
                              [N4:Y] TPOS 255 243 189 12 (-803572)
2026-04-08 19:27:50:457 [IN ] C8 24 03 0E 25 A5 03 01 31 06 81 53 FF FD 50 E9 44 FA 0A (19)
                              [N3:X] TPOS 'S' 255 253 80 233 (-175895)
2026-04-08 19:27:50:603 [IN ] C8 24 04 0E 25 A5 04 01 31 06 81 53 FF FD 4F AB 06 C4 0A (19)
                              [N4:Y] TPOS 'S' 255 253 79 171 (-176213)
2026-04-08 19:27:54:018 [IN ] C8 24 04 0E 25 A5 04 01 31 06 81 45 FF F3 BA 56 04 E1 0A (19)
                              [N4:Y] TPOS 'E' 255 243 186 86 (-804266)
2026-04-08 19:27:55:627 [IN ] C8 24 03 0E 25 A5 03 01 31 06 81 45 FF ED AD EE 88 43 0A (19)
                              [N3:X] TPOS 'E' 255 237 173 238 (-1200658)
2026-04-08 19:27:59:443 [IN ] C8 24 07 0E 25 A5 07 01 31 06 81 45 FF F3 39 A3 D3 4A 0A (19)
                              [N7:N] TPOS 'E' 255 243 57 163 (-837213)
2026-04-08 19:28:03:661 [IN ] C8 24 08 0E 25 A5 08 01 31 06 81 45 FF DC 77 11 69 F9 0A (19)
                              [N8:R] TPOS 'E' 255 220 119 17 (-2328815)
2026-04-08 19:28:04:087 [OUT] 25 A5 01 08 31 05 81 FF EE 15 56 18 89 (13)
                              [N8:R] TPOS 255 238 21 86 (-1174186)
2026-04-08 19:28:04:276 [IN ] C8 24 08 0E 25 A5 08 01 31 06 81 53 FF DC 77 2D 93 5B 0A (19)
                              [N8:R] TPOS 'S' 255 220 119 45 (-2328787)
2026-04-08 19:28:14:516 [IN ] C8 24 08 0E 25 A5 08 01 31 06 81 45 FF EE 14 60 67 B8 0A (19)
                              [N8:R] TPOS 'E' 255 238 20 96 (-1174432)
