2026-04-15 17:04:09:306 [OUT] 25 A5 01 0A 31 05 D6 3D FF 00 00 53 ED (13)
                              [N10:HMI] HMILED '=' 255 0 0 (16711680)
2026-04-15 17:04:09:332 [OUT] 25 A5 01 03 31 02 D8 3F 4E CE (10)
                              [N3:X] INTERRUPT '?'
2026-04-15 17:04:09:633 [IN ] C8 24 0A 0D 25 A5 0A 01 31 05 D6 3A FF 00 00 50 EA 0D C8 24 03 0C 25 A5 03 01 31 04 D8 3A 01 01 4D 6A EA (35)
                              [N10:HMI] HMILED ':' 255 0 0 (16711680)
                              [N3:X] INTERRUPT ':' 1 1 (257)
2026-04-15 17:04:09:654 [OUT] 25 A5 01 09 31 03 C9 3D 09 4D 1C (11)
                              [N9:P] LFLAG '=' 9 (9)
2026-04-15 17:04:09:677 [OUT] 25 A5 01 04 31 02 D8 3F 4F D3 (10)
                              [N4:Y] INTERRUPT '?'
2026-04-15 17:04:09:979 [IN ] C8 24 09 0B 25 A5 09 01 31 03 C9 3A 09 4A 1E 6A C8 24 04 0C 25 A5 04 01 31 04 D8 3A 01 01 4E 72 EA (33)
                              [N9:P] LFLAG ':' 9 (9)
                              [N4:Y] INTERRUPT ':' 1 1 (257)
2026-04-15 17:04:10:000 [OUT] 25 A5 01 09 31 03 CA 3D 09 4E 1F (11)
                              [N9:P] RFLAG '=' 9 (9)
2026-04-15 17:04:10:023 [OUT] 25 A5 01 0C 31 02 D8 3F 57 FB (10)
                              [N12:Z] INTERRUPT '?'
2026-04-15 17:04:10:324 [IN ] C8 24 09 0B 25 A5 09 01 31 03 CA 3A 09 4B 21 72 C8 24 0C 0C 25 A5 0C 01 31 04 D8 3A 01 01 56 B2 EA (33)
                              [N9:P] RFLAG ':' 9 (9)
                              [N12:Z] INTERRUPT ':' 1 1 (257)
2026-04-15 17:04:10:345 [OUT] 25 A5 01 08 31 03 C9 3D 09 4C 16 (11)
                              [N8:R] LFLAG '=' 9 (9)
2026-04-15 17:04:10:367 [OUT] 25 A5 01 03 31 03 C9 3D 0B 49 FA (11)
                              [N3:X] LFLAG '=' 11 (11)
2026-04-15 17:04:10:390 [OUT] 25 A5 01 04 31 03 C9 3D 0B 4A 00 (11)
                              [N4:Y] LFLAG '=' 11 (11)
2026-04-15 17:04:10:412 [OUT] 25 A5 01 0C 31 03 C9 3D 0B 52 30 (11)
                              [N12:Z] LFLAG '=' 11 (11)
2026-04-15 17:04:10:498 [IN ] C8 24 08 0B 25 A5 08 01 31 (9)
2026-04-15 17:04:10:519 [IN ] 03 C9 3A 09 49 17 B2 (7)
                              [N8:R] LFLAG ':' 9 (9)
2026-04-15 17:04:10:541 [OUT] 25 A5 01 08 31 03 CA 3D 09 4D 19 (11)
                              [N8:R] RFLAG '=' 9 (9)
2026-04-15 17:04:10:626 [IN ] C8 24 03 0B 25 A5 03 01 31 03 C9 3A 0B 46 F6 B2 (16)
                              [N3:X] LFLAG ':' 11 (11)
2026-04-15 17:04:10:648 [OUT] 25 A5 01 03 31 03 88 00 50 10 02 (11)
                              [N3:X] RUN 0 80 (80)
2026-04-15 17:04:10:733 [IN ] C8 24 04 0B 25 A5 04 01 31 03 C9 3A 0B 47 FD B2 (16)
                              [N4:Y] LFLAG ':' 11 (11)
2026-04-15 17:04:10:755 [OUT] 25 A5 01 04 31 03 88 00 50 11 08 (11)
                              [N4:Y] RUN 0 80 (80)
2026-04-15 17:04:10:839 [IN ] C8 24 0C 0B 25 A5 0C 01 31 03 C9 3A 0B 4F 35 B2 (16)
                              [N12:Z] LFLAG ':' 11 (11)
2026-04-15 17:04:10:860 [OUT] 25 A5 01 0C 31 03 88 00 50 19 38 (11)
                              [N12:Z] RUN 0 80 (80)
2026-04-15 17:04:10:944 [IN ] C8 24 08 0B 25 A5 08 01 31 03 CA 3A 09 4A 1A B2 (16)
                              [N8:R] RFLAG ':' 9 (9)
2026-04-15 17:04:11:069 [IN ] C8 24 03 0C 25 A5 03 01 31 04 88 53 00 50 64 C2 EA (17)
                              [N3:X] RUN 'S' 0 80 (80)
2026-04-15 17:04:11:174 [IN ] C8 24 04 0C 25 A5 04 01 31 04 88 53 00 50 65 CA EA (17)
                              [N4:Y] RUN 'S' 0 80 (80)
2026-04-15 17:04:11:278 [IN ] C8 24 0C 0C 25 A5 0C 01 31 04 88 53 00 50 6D 0A EA (17)
                              [N12:Z] RUN 'S' 0 80 (80)
2026-04-15 17:04:12:484 [IN ] C8 24 03 0B 25 A5 03 01 31 03 81 5A 4C 5F 9F 0A C8 24 03 0A 25 A5 03 01 31 02 81 49 01 2C 9F (31)
                              [N3:X] TPOS 'Z' 76 (76)
                              [N3:X] TPOS 'I'
2026-04-15 17:04:12:686 [IN ] C8 24 04 0B 25 A5 04 01 31 03 81 5A 4C 60 A6 0A (16)
                              [N4:Y] TPOS 'Z' 76 (76)
2026-04-15 17:04:12:707 [OUT] 25 A5 01 03 31 03 C9 3D 09 47 F8 (11)
                              [N3:X] LFLAG '=' 9 (9)
2026-04-15 17:04:12:750 [IN ] C8 24 04 0A 25 A5 04 01 31 02 81 49 02 32 A6 (15)
                              [N4:Y] TPOS 'I'
2026-04-15 17:04:12:793 [OUT] 25 A5 01 09 31 02 D8 3F 54 EC (10)
                              [N9:P] INTERRUPT '?'
2026-04-15 17:04:13:095 [IN ] C8 24 03 0B 25 A5 03 01 31 03 C9 3A 09 44 F4 0A C8 24 09 0C 25 A5 09 01 31 04 D8 3A 01 01 53 9A EA (33)
                              [N3:X] LFLAG ':' 9 (9)
                              [N9:P] INTERRUPT ':' 1 1 (257)
2026-04-15 17:04:13:116 [OUT] 25 A5 01 04 31 03 C9 3D 09 48 FE (11)
                              [N4:Y] LFLAG '=' 9 (9)
2026-04-15 17:04:13:138 [OUT] 25 A5 01 07 31 02 D8 3F 52 E2 (10)
                              [N7:N] INTERRUPT '?'
2026-04-15 17:04:13:438 [IN ] C8 24 04 0B 25 A5 04 01 31 03 C9 3A 09 45 FB 9A (16)
                              [N4:Y] LFLAG ':' 9 (9)
2026-04-15 17:04:16:165 [OUT] 25 A5 01 09 31 03 C9 3D 0B 4F 1E (11)
                              [N9:P] LFLAG '=' 11 (11)
2026-04-15 17:04:16:335 [IN ] C8 24 09 0B 25 A5 09 01 31 03 C9 3A 0B 4C 20 9A (16)
                              [N9:P] LFLAG ':' 11 (11)
2026-04-15 17:04:16:356 [OUT] 25 A5 01 09 31 03 88 00 50 16 26 (11)
                              [N9:P] RUN 0 80 (80)
2026-04-15 17:04:16:525 [IN ] C8 24 09 0C 25 A5 09 01 31 04 88 53 00 50 6A F2 EA (17)
                              [N9:P] RUN 'S' 0 80 (80)
2026-04-15 17:04:17:931 [IN ] C8 24 09 0B 25 A5 09 01 31 03 81 5A 4C 65 C9 F2 (16)
                              [N9:P] TPOS 'Z' 76 (76)
2026-04-15 17:04:18:133 [IN ] C8 24 09 0A 25 A5 09 01 31 02 81 49 07 50 C9 (15)
                              [N9:P] TPOS 'I'
2026-04-15 17:04:18:358 [OUT] 25 A5 01 09 31 03 C9 3D 09 4D 1C (11)
                              [N9:P] LFLAG '=' 9 (9)
2026-04-15 17:04:18:379 [OUT] 25 A5 01 04 31 05 81 FF EE 88 01 32 FA (13)
                              [N4:Y] TPOS 255 238 136 1 (-1144831)
2026-04-15 17:04:18:547 [IN ] C8 24 09 0B 25 A5 09 01 31 03 C9 3A 09 4A 1E F2 (16)
                              [N9:P] LFLAG ':' 9 (9)
2026-04-15 17:04:18:672 [IN ] C8 24 04 0E 25 A5 04 01 31 06 81 53 00 00 00 00 10 88 0A (19)
                              [N4:Y] TPOS 'S' 0 0 0 0 (0)
2026-04-15 17:04:22:890 [IN ] C8 24 0C 0B 25 A5 0C 01 31 03 81 5A 4C 68 DE 00 (16)
                              [N12:Z] TPOS 'Z' 76 (76)
2026-04-15 17:04:23:092 [IN ] C8 24 0C 0A 25 A5 0C 01 31 02 81 49 0A 62 DE (15)
                              [N12:Z] TPOS 'I'
2026-04-15 17:04:23:316 [OUT] 25 A5 01 0C 31 03 C9 3D 09 50 2E (11)
                              [N12:Z] LFLAG '=' 9 (9)
2026-04-15 17:04:23:483 [IN ] C8 24 0C 0B 25 A5 0C 01 31 03 C9 3A 09 4D 33 00 (16)
                              [N12:Z] LFLAG ':' 9 (9)
2026-04-15 17:04:25:089 [IN ] C8 24 04 0E 25 A5 04 01 31 06 81 45 FF EE 85 E8 5C FA 0A (19)
                              [N4:Y] TPOS 'E' 255 238 133 232 (-1145368)
2026-04-15 17:04:25:312 [OUT] 25 A5 01 0C 31 05 81 FF BC D0 00 4F 33 (13)
                              [N12:Z] TPOS 255 188 208 0 (-4403200)
2026-04-15 17:04:25:334 [OUT] 25 A5 01 04 31 05 81 FF FD 50 01 09 B7 (13)
                              [N4:Y] TPOS 255 253 80 1 (-176127)
2026-04-15 17:04:25:357 [OUT] 25 A5 01 09 31 05 81 FF E7 5D 56 5A 0C (13)
                              [N9:P] TPOS 255 231 93 86 (-1614506)
2026-04-15 17:04:25:379 [OUT] 25 A5 01 03 31 05 81 FF EC 4A AB 9B 1A (13)
                              [N3:X] TPOS 255 236 74 171 (-1291605)
2026-04-15 17:04:25:401 [OUT] 25 A5 01 06 31 02 D8 3F 51 DD (10)
                              [N6:H] INTERRUPT '?'
2026-04-15 17:04:25:702 [IN ] C8 24 0C 0E 25 A5 0C 01 31 06 81 53 FF FF FF A2 B7 71 0A C8 24 04 0E 25 A5 04 01 31 06 81 53 FF EE 85 E8 6A 40 0A (38)
                              [N12:Z] TPOS 'S' 255 255 255 162 (-94)
                              [N4:Y] TPOS 'S' 255 238 133 232 (-1145368)
2026-04-15 17:04:26:004 [IN ] C8 24 09 0E 25 A5 09 01 31 06 81 53 FF FF FF E6 F8 97 0A C8 24 03 0E 25 A5 03 01 31 06 81 53 00 00 00 00 0F 7E 0A (38)
                              [N9:P] TPOS 'S' 255 255 255 230 (-26)
                              [N3:X] TPOS 'S' 0 0 0 0 (0)
2026-04-15 17:04:32:828 [IN ] C8 24 03 0E 25 A5 03 01 31 06 81 45 FF EC 47 C5 F8 4B 0A (19)
                              [N3:X] TPOS 'E' 255 236 71 197 (-1292347)
2026-04-15 17:04:33:254 [OUT] 25 A5 01 03 31 05 81 FF FD 50 01 08 AF (13)
                              [N3:X] TPOS 255 253 80 1 (-176127)
2026-04-15 17:04:33:443 [IN ] C8 24 03 0E 25 A5 03 01 31 06 81 53 FF EC 47 C5 06 91 0A (19)
                              [N3:X] TPOS 'S' 255 236 71 197 (-1292347)
2026-04-15 17:04:35:049 [IN ] C8 24 04 0E 25 A5 04 01 31 06 81 45 FF FD 4F D2 1F A5 0A C8 24 09 0E 25 A5 09 01 31 06 81 45 FF E7 5B E7 2F C2 0A (38)
                              [N4:Y] TPOS 'E' 255 253 79 210 (-176174)
                              [N9:P] TPOS 'E' 255 231 91 231 (-1614873)
2026-04-15 17:04:35:474 [OUT] 25 A5 01 09 31 05 81 FF FF D9 C8 60 BE (13)
                              [N9:P] TPOS 255 255 217 200 (-9784)
2026-04-15 17:04:35:663 [IN ] C8 24 09 0E 25 A5 09 01 31 06 81 53 FF E7 5B EE 44 0F 0A (19)
                              [N9:P] TPOS 'S' 255 231 91 238 (-1614866)
2026-04-15 17:04:42:886 [IN ] C8 24 03 0E 25 A5 03 01 31 06 81 45 FF FD 50 64 B1 2F 0A (19)
                              [N3:X] TPOS 'E' 255 253 80 100 (-176028)
2026-04-15 17:04:45:097 [IN ] C8 24 09 0E 25 A5 09 01 31 06 81 45 FF FF DA CA A9 EB 0A (19)
                              [N9:P] TPOS 'E' 255 255 218 202 (-9526)
2026-04-15 17:04:45:322 [OUT] 25 A5 01 08 31 02 D8 3F 53 E7 (10)
                              [N8:R] INTERRUPT '?'
2026-04-15 17:04:45:623 [IN ] C8 24 08 0C 25 A5 08 01 31 04 D8 3A 01 01 52 92 A9 (17)
                              [N8:R] INTERRUPT ':' 1 1 (257)
2026-04-15 17:04:45:644 [OUT] 25 A5 01 08 31 03 CA 3D 0B 4F 1B (11)
                              [N8:R] RFLAG '=' 11 (11)
2026-04-15 17:04:45:811 [IN ] C8 24 08 0B 25 A5 08 01 31 03 CA 3A 0B 4C 1C 92 (16)
                              [N8:R] RFLAG ':' 11 (11)
2026-04-15 17:04:45:832 [OUT] 25 A5 01 08 31 03 88 00 50 15 20 (11)
                              [N8:R] RUN 0 80 (80)
2026-04-15 17:04:46:002 [IN ] C8 24 08 0C 25 A5 08 01 31 04 88 53 00 50 69 EA A9 (17)
                              [N8:R] RUN 'S' 0 80 (80)
