2026-04-09 13:56:02:581 [OUT] 25 A5 01 0A 31 05 D6 3D FF 00 00 53 ED (13)
                              [N10:HMI] HMILED '=' 255 0 0 (16711680)
2026-04-09 13:56:02:605 [OUT] 25 A5 01 03 31 02 D8 3F 4E CE (10)
                              [N3:X] INTERRUPT '?'
2026-04-09 13:56:02:907 [IN ] C8 24 0A 0D 25 A5 0A 01 31 05 D6 3A FF 00 00 50 EA AE C8 24 03 0C 25 A5 03 01 31 04 D8 3A 01 01 4D 6A EA (35)
                              [N10:HMI] HMILED ':' 255 0 0 (16711680)
                              [N3:X] INTERRUPT ':' 1 1 (257)
2026-04-09 13:56:02:927 [OUT] 25 A5 01 09 31 03 C9 3D 09 4D 1C (11)
                              [N9:P] LFLAG '=' 9 (9)
2026-04-09 13:56:02:950 [OUT] 25 A5 01 04 31 02 D8 3F 4F D3 (10)
                              [N4:Y] INTERRUPT '?'
2026-04-09 13:56:03:252 [IN ] C8 24 09 0B 25 A5 09 01 31 03 C9 3A 09 4A 1E 6A C8 24 04 0C 25 A5 04 01 31 04 D8 3A 01 01 4E 72 EA (33)
                              [N9:P] LFLAG ':' 9 (9)
                              [N4:Y] INTERRUPT ':' 1 1 (257)
2026-04-09 13:56:03:273 [OUT] 25 A5 01 09 31 03 CA 3D 09 4E 1F (11)
                              [N9:P] RFLAG '=' 9 (9)
2026-04-09 13:56:03:297 [OUT] 25 A5 01 0C 31 02 D8 3F 57 FB (10)
                              [N12:Z] INTERRUPT '?'
2026-04-09 13:56:03:599 [IN ] C8 24 09 0B 25 A5 09 01 31 03 CA 3A 09 4B 21 72 C8 24 0C 0C 25 A5 0C 01 31 04 D8 3A 01 01 56 B2 EA (33)
                              [N9:P] RFLAG ':' 9 (9)
                              [N12:Z] INTERRUPT ':' 1 1 (257)
2026-04-09 13:56:03:620 [OUT] 25 A5 01 08 31 03 C9 3D 09 4C 16 (11)
                              [N8:R] LFLAG '=' 9 (9)
2026-04-09 13:56:03:641 [OUT] 25 A5 01 03 31 03 C9 3D 0B 49 FA (11)
                              [N3:X] LFLAG '=' 11 (11)
2026-04-09 13:56:03:663 [OUT] 25 A5 01 04 31 03 C9 3D 0B 4A 00 (11)
                              [N4:Y] LFLAG '=' 11 (11)
2026-04-09 13:56:03:685 [OUT] 25 A5 01 0C 31 03 C9 3D 0B 52 30 (11)
                              [N12:Z] LFLAG '=' 11 (11)
2026-04-09 13:56:03:789 [IN ] C8 24 08 0B 25 A5 08 01 31 03 C9 3A 09 49 17 B2 (16)
                              [N8:R] LFLAG ':' 9 (9)
2026-04-09 13:56:03:812 [OUT] 25 A5 01 08 31 03 CA 3D 09 4D 19 (11)
                              [N8:R] RFLAG '=' 9 (9)
2026-04-09 13:56:03:898 [IN ] C8 24 03 0B 25 A5 03 01 31 03 C9 3A 0B 46 F6 B2 (16)
                              [N3:X] LFLAG ':' 11 (11)
2026-04-09 13:56:03:922 [OUT] 25 A5 01 03 31 03 88 00 50 10 02 (11)
                              [N3:X] RUN 0 80 (80)
2026-04-09 13:56:04:006 [IN ] C8 24 04 0B 25 A5 04 01 31 03 C9 3A 0B 47 FD B2 (16)
                              [N4:Y] LFLAG ':' 11 (11)
2026-04-09 13:56:04:029 [OUT] 25 A5 01 04 31 03 88 00 50 11 08 (11)
                              [N4:Y] RUN 0 80 (80)
2026-04-09 13:56:04:132 [IN ] C8 24 0C 0B 25 A5 0C 01 31 03 C9 3A 0B 4F 35 B2 (16)
                              [N12:Z] LFLAG ':' 11 (11)
2026-04-09 13:56:04:154 [OUT] 25 A5 01 0C 31 03 88 00 50 19 38 (11)
                              [N12:Z] RUN 0 80 (80)
2026-04-09 13:56:04:237 [IN ] C8 24 08 0B 25 A5 08 01 31 03 CA 3A 09 4A 1A B2 (16)
                              [N8:R] RFLAG ':' 9 (9)
2026-04-09 13:56:04:340 [IN ] C8 24 03 0C 25 A5 03 01 31 04 88 53 00 50 64 C2 EA (17)
                              [N3:X] RUN 'S' 0 80 (80)
2026-04-09 13:56:04:445 [IN ] C8 24 04 0C 25 (5)
2026-04-09 13:56:04:468 [IN ] A5 04 01 31 04 88 53 00 50 65 CA EA (12)
                              [N4:Y] RUN 'S' 0 80 (80)
2026-04-09 13:56:04:552 [IN ] C8 24 0C 0C 25 A5 0C 01 31 04 88 53 00 50 6D 0A EA (17)
                              [N12:Z] RUN 'S' 0 80 (80)
2026-04-09 13:56:11:171 [IN ] C8 24 04 0B 25 A5 04 01 31 03 81 5A 4C 60 A6 0A C8 24 04 0A 25 A5 04 01 31 02 81 49 02 32 A6 (31)
                              [N4:Y] TPOS 'Z' 76 (76)
                              [N4:Y] TPOS 'I'
2026-04-09 13:56:11:394 [OUT] 25 A5 01 09 31 02 D8 3F 54 EC (10)
                              [N9:P] INTERRUPT '?'
2026-04-09 13:56:11:696 [IN ] C8 24 09 0C 25 A5 09 01 31 04 D8 3A 01 01 53 9A EA (17)
                              [N9:P] INTERRUPT ':' 1 1 (257)
2026-04-09 13:56:11:717 [OUT] 25 A5 01 04 31 03 C9 3D 09 48 FE (11)
                              [N4:Y] LFLAG '=' 9 (9)
2026-04-09 13:56:11:739 [OUT] 25 A5 01 07 31 02 D8 3F 52 E2 (10)
                              [N7:N] INTERRUPT '?'
2026-04-09 13:56:12:040 [IN ] C8 24 04 0B 25 A5 04 01 31 03 C9 3A 09 45 FB 9A C8 24 07 0C 25 A5 07 01 31 04 D8 3A 01 01 51 8A EA (33)
                              [N4:Y] LFLAG ':' 9 (9)
                              [N7:N] INTERRUPT ':' 1 1 (257)
2026-04-09 13:56:12:061 [OUT] 25 A5 01 09 31 03 C9 3D 0B 4F 1E (11)
                              [N9:P] LFLAG '=' 11 (11)
2026-04-09 13:56:12:085 [OUT] 25 A5 01 07 31 03 C9 3D 0B 4D 12 (11)
                              [N7:N] LFLAG '=' 11 (11)
2026-04-09 13:56:12:234 [IN ] C8 24 09 0B 25 A5 09 01 31 03 C9 3A 0B 4C 20 8A (16)
                              [N9:P] LFLAG ':' 11 (11)
2026-04-09 13:56:12:257 [OUT] 25 A5 01 09 31 03 88 00 50 16 26 (11)
                              [N9:P] RUN 0 80 (80)
2026-04-09 13:56:12:342 [IN ] C8 24 07 0B 25 A5 07 01 31 03 C9 3A 0B 4A 12 8A (16)
                              [N7:N] LFLAG ':' 11 (11)
2026-04-09 13:56:12:364 [OUT] 25 A5 01 07 31 03 88 00 50 14 1A (11)
                              [N7:N] RUN 0 80 (80)
2026-04-09 13:56:12:446 [IN ] C8 24 09 0C 25 A5 09 01 31 04 88 53 00 50 6A F2 EA (17)
                              [N9:P] RUN 'S' 0 80 (80)
2026-04-09 13:56:12:512 [IN ] C8 24 09 0B 25 A5 09 01 31 03 81 5A 4C 65 C9 F2 (16)
                              [N9:P] TPOS 'Z' 76 (76)
2026-04-09 13:56:12:557 [IN ] C8 24 09 0A 25 A5 09 01 31 02 81 49 07 50 C9 C8 24 07 0C 25 A5 07 01 31 04 88 53 00 50 68 E2 EA (32)
                              [N9:P] TPOS 'I'
                              [N7:N] RUN 'S' 0 80 (80)
2026-04-09 13:56:12:780 [OUT] 25 A5 01 09 31 03 C9 3D 09 4D 1C (11)
                              [N9:P] LFLAG '=' 9 (9)
2026-04-09 13:56:12:802 [OUT] 25 A5 01 04 31 05 81 FF EE 88 01 32 FA (13)
                              [N4:Y] TPOS 255 238 136 1 (-1144831)
2026-04-09 13:56:12:968 [IN ] C8 24 09 0B 25 A5 09 01 31 03 C9 3A 09 4A 1E E2 (16)
                              [N9:P] LFLAG ':' 9 (9)
2026-04-09 13:56:13:071 [IN ] C8 24 04 0E 25 A5 04 01 31 06 81 53 00 00 00 00 10 88 0A (19)
                              [N4:Y] TPOS 'S' 0 0 0 0 (0)
2026-04-09 13:56:13:474 [IN ] C8 24 03 0B 25 A5 03 01 31 03 81 5A 4C 5F 9F 00 C8 24 03 0A 25 A5 03 01 31 02 81 49 01 2C 9F (31)
                              [N3:X] TPOS 'Z' 76 (76)
                              [N3:X] TPOS 'I'
2026-04-09 13:56:13:697 [OUT] 25 A5 01 03 31 03 C9 3D 09 47 F8 (11)
                              [N3:X] LFLAG '=' 9 (9)
2026-04-09 13:56:13:862 [IN ] C8 24 03 0B 25 A5 03 01 31 03 C9 3A 09 44 F4 00 (16)
                              [N3:X] LFLAG ':' 9 (9)
2026-04-09 13:56:16:272 [IN ] C8 24 07 0B 25 A5 07 01 31 03 81 5A 4C 63 BB 00 (16)
                              [N7:N] TPOS 'Z' 76 (76)
2026-04-09 13:56:16:473 [IN ] C8 24 07 0A 25 A5 07 01 31 02 81 49 05 44 BB (15)
                              [N7:N] TPOS 'I'
2026-04-09 13:56:16:696 [OUT] 25 A5 01 07 31 03 C9 3D 09 4B 10 (11)
                              [N7:N] LFLAG '=' 9 (9)
2026-04-09 13:56:16:843 [IN ] C8 24 07 0B 25 A5 07 01 31 03 C9 3A 09 48 10 00 (16)
                              [N7:N] LFLAG ':' 9 (9)
2026-04-09 13:56:19:049 [IN ] C8 24 04 0E 25 A5 04 01 31 06 81 45 FF EE 85 52 C6 64 0A (19)
                              [N4:Y] TPOS 'E' 255 238 133 82 (-1145518)
2026-04-09 13:56:19:253 [IN ] C8 24 0C 0B 25 A5 0C 01 31 03 81 5A 4C 68 DE 52 C8 24 0C 0A 25 A5 0C 01 31 02 81 49 0A 62 DE (31)
                              [N12:Z] TPOS 'Z' 76 (76)
                              [N12:Z] TPOS 'I'
2026-04-09 13:56:19:274 [OUT] 25 A5 01 09 31 05 81 FF E7 5D 56 5A 0C (13)
                              [N9:P] TPOS 255 231 93 86 (-1614506)
2026-04-09 13:56:19:297 [OUT] 25 A5 01 0C 31 03 C9 3D 09 50 2E (11)
                              [N12:Z] LFLAG '=' 9 (9)
2026-04-09 13:56:19:319 [OUT] 25 A5 01 04 31 05 81 FF FD 50 01 09 B7 (13)
                              [N4:Y] TPOS 255 253 80 1 (-176127)
2026-04-09 13:56:19:344 [OUT] 25 A5 01 07 31 05 81 FF AB 19 75 F7 DF (13)
                              [N7:N] TPOS 255 171 25 117 (-5564043)
2026-04-09 13:56:19:368 [OUT] 25 A5 01 03 31 05 81 FF EC 4A AB 9B 1A (13)
                              [N3:X] TPOS 255 236 74 171 (-1291605)
2026-04-09 13:56:19:390 [OUT] 25 A5 01 06 31 02 D8 3F 51 DD (10)
                              [N6:H] INTERRUPT '?'
2026-04-09 13:56:19:691 [IN ] C8 24 09 0E 25 A5 09 01 31 06 81 53 FF FF FF FE 10 AF 0A C8 24 0C 0B 25 A5 0C 01 31 03 C9 3A 09 4D 33 FE (35)
                              [N9:P] TPOS 'S' 255 255 255 254 (-2)
                              [N12:Z] LFLAG ':' 9 (9)
2026-04-09 13:56:19:992 [IN ] C8 24 04 0E 25 A5 04 01 31 06 81 53 FF EE 85 52 D4 AA 0A C8 24 07 0E 25 A5 07 01 31 06 81 53 FF FF FF FF 0F 9C 0A C8 24 03 0E 25 A5 03 01 31 06 81 53 FF FF FF FA 06 6F 0A (57)
                              [N4:Y] TPOS 'S' 255 238 133 82 (-1145518)
                              [N7:N] TPOS 'S' 255 255 255 255 (-1)
                              [N3:X] TPOS 'S' 255 255 255 250 (-6)
2026-04-09 13:56:20:293 [IN ] C8 24 06 0C 25 A5 06 01 31 04 D8 3A 01 01 50 82 06 (17)
                              [N6:H] INTERRUPT ':' 1 1 (257)
2026-04-09 13:56:20:315 [OUT] 25 A5 01 0C 31 05 81 FF BC D0 00 4F 33 (13)
                              [N12:Z] TPOS 255 188 208 0 (-4403200)
2026-04-09 13:56:20:337 [OUT] 25 A5 01 06 31 03 C9 3D 0B 4C 0C (11)
                              [N6:H] LFLAG '=' 11 (11)
2026-04-09 13:56:20:501 [IN ] C8 24 0C 0E 25 A5 0C 01 31 06 81 53 FF FF FF B6 CB 85 0A (19)
                              [N12:Z] TPOS 'S' 255 255 255 182 (-74)
2026-04-09 13:56:20:626 [IN ] C8 24 06 0B 25 A5 06 01 31 03 C9 3A 0B 49 0B B6 (16)
                              [N6:H] LFLAG ':' 11 (11)
2026-04-09 13:56:20:649 [OUT] 25 A5 01 06 31 03 88 FF B0 72 72 (11)
                              [N6:H] RUN 255 176 (-80)
2026-04-09 13:56:20:817 [IN ] C8 24 06 0C 25 A5 06 01 31 04 88 53 FF B0 C6 38 CB (17)
                              [N6:H] RUN 'S' 255 176 (-80)
2026-04-09 13:56:24:632 [IN ] C8 24 06 0B 25 A5 06 01 31 03 81 5A 4C 62 B4 38 C8 24 06 0A 25 A5 06 01 31 02 81 49 04 3E B4 (31)
                              [N6:H] TPOS 'Z' 76 (76)
                              [N6:H] TPOS 'I'
2026-04-09 13:56:24:855 [OUT] 25 A5 01 06 31 03 C9 3D 09 4A 0A (11)
                              [N6:H] LFLAG '=' 9 (9)
2026-04-09 13:56:25:023 [IN ] C8 24 06 0B 25 A5 06 01 31 03 C9 3A 09 47 09 38 (16)
                              [N6:H] LFLAG ':' 9 (9)
2026-04-09 13:56:25:045 [OUT] 25 A5 01 06 31 03 84 00 50 0F 08 (11)
                              [N6:H] VEL 0 80 (80)
2026-04-09 13:56:25:210 [IN ] C8 24 06 0C 25 A5 06 01 31 04 84 53 00 50 63 CA CB (17)
                              [N6:H] VEL 'S' 0 80 (80)
2026-04-09 13:56:25:232 [OUT] 25 A5 01 06 31 05 81 00 19 82 3C 95 BE (13)
                              [N6:H] TPOS 0 25 130 60 (1671740)
2026-04-09 13:56:25:418 [IN ] C8 24 06 0E 25 A5 06 01 31 06 81 53 00 00 00 01 13 9D 0A (19)
                              [N6:H] TPOS 'S' 0 0 0 1 (1)
2026-04-09 13:56:26:621 [IN ] C8 24 03 0E 25 A5 03 01 31 06 81 45 FF EC 4A 36 6C C2 0A (19)
                              [N3:X] TPOS 'E' 255 236 74 54 (-1291722)
2026-04-09 13:56:27:045 [OUT] 25 A5 01 03 31 05 81 FF FD 50 01 08 AF (13)
                              [N3:X] TPOS 255 253 80 1 (-176127)
2026-04-09 13:56:27:231 [IN ] C8 24 03 0E 25 A5 03 01 31 06 81 53 FF EC 4A 36 7A 08 0A (19)
                              [N3:X] TPOS 'S' 255 236 74 54 (-1291722)
2026-04-09 13:56:28:034 [IN ] C8 24 04 0E 25 A5 04 01 31 06 81 45 FF FD 4F 6C B9 3F 0A C8 24 09 0E 25 A5 09 01 31 06 81 45 FF E7 5B 81 C9 5C 0A (38)
                              [N4:Y] TPOS 'E' 255 253 79 108 (-176276)
                              [N9:P] TPOS 'E' 255 231 91 129 (-1614975)
2026-04-09 13:56:28:458 [OUT] 25 A5 01 09 31 05 81 FF FF D9 C8 60 BE (13)
                              [N9:P] TPOS 255 255 217 200 (-9784)
2026-04-09 13:56:28:665 [IN ] C8 24 09 0E 25 A5 09 01 31 06 81 53 FF E7 5B 85 DB A6 0A (19)
                              [N9:P] TPOS 'S' 255 231 91 133 (-1614971)
2026-04-09 13:56:32:876 [IN ] C8 24 06 0E 25 A5 06 01 31 06 81 45 00 19 84 FA 9B A3 0A (19)
                              [N6:H] TPOS 'E' 0 25 132 250 (1672442)
2026-04-09 13:56:33:303 [OUT] 25 A5 01 06 31 05 81 00 0D 03 C1 8F 21 (13)
                              [N6:H] TPOS 0 13 3 193 (852929)
2026-04-09 13:56:33:489 [IN ] C8 24 06 0E 25 A5 06 01 31 06 81 53 00 19 84 FA A9 E9 0A (19)
                              [N6:H] TPOS 'S' 0 25 132 250 (1672442)
2026-04-09 13:56:36:096 [IN ] C8 24 03 0E 25 A5 03 01 31 06 81 45 FF FD 50 21 6E EC 0A (19)
                              [N3:X] TPOS 'E' 255 253 80 33 (-176095)
2026-04-09 13:56:37:102 [IN ] C8 24 06 (3)
2026-04-09 13:56:37:305 [IN ] 0E 25 A5 06 01 31 06 81 45 00 0C FE 93 A1 09 0A C8 24 09 0E 25 A5 09 01 31 06 81 45 FF FF DB 81 61 A4 0A (35)
                              [N6:H] TPOS 'E' 0 12 254 147 (851603)
                              [N9:P] TPOS 'E' 255 255 219 129 (-9343)
2026-04-09 13:56:37:527 [OUT] 25 A5 01 05 31 02 D8 3F 50 D8 (10)
                              [N5:V] INTERRUPT '?'
2026-04-09 13:56:37:829 [IN ] C8 24 05 0C 25 A5 05 01 31 04 D8 3A 01 01 4F 7A 61 (17)
                              [N5:V] INTERRUPT ':' 1 1 (257)
2026-04-09 13:56:37:850 [OUT] 25 A5 01 05 31 03 C9 3D 0B 4B 06 (11)
                              [N5:V] LFLAG '=' 11 (11)
2026-04-09 13:56:37:872 [OUT] 25 A5 01 08 31 02 D8 3F 53 E7 (10)
                              [N8:R] INTERRUPT '?'
2026-04-09 13:56:38:172 [IN ] C8 24 05 0B 25 A5 05 01 31 03 C9 3A 0B 48 04 7A C8 24 08 0C 25 A5 08 01 31 04 D8 3A 01 01 52 92 61 (33)
                              [N5:V] LFLAG ':' 11 (11)
                              [N8:R] INTERRUPT ':' 1 1 (257)
2026-04-09 13:56:38:194 [OUT] 25 A5 01 05 31 03 88 FF B0 71 6C (11)
                              [N5:V] RUN 255 176 (-80)
2026-04-09 13:56:38:215 [OUT] 25 A5 01 08 31 03 CA 3D 0B 4F 1B (11)
                              [N8:R] RFLAG '=' 11 (11)
2026-04-09 13:56:38:360 [IN ] C8 24 05 0C 25 A5 05 01 31 04 88 53 FF B0 C5 30 (16)
                              [N5:V] RUN 'S' 255 176 (-80)
2026-04-09 13:56:38:382 [IN ] 61 (1)
2026-04-09 13:56:38:466 [IN ] C8 24 08 0B 25 A5 08 01 31 03 CA 3A 0B 4C 1C 30 (16)
                              [N8:R] RFLAG ':' 11 (11)
2026-04-09 13:56:38:491 [OUT] 25 A5 01 08 31 03 88 00 50 15 20 (11)
                              [N8:R] RUN 0 80 (80)
2026-04-09 13:56:38:658 [IN ] C8 24 08 0C 25 A5 08 01 31 04 88 53 00 50 69 EA 61 (17)
                              [N8:R] RUN 'S' 0 80 (80)
2026-04-09 13:56:41:467 [IN ] C8 24 0C 0E 25 A5 0C 01 31 06 81 45 FF BC CD 45 D7 A1 0A (19)
                              [N12:Z] TPOS 'E' 255 188 205 69 (-4403899)
2026-04-09 13:56:41:893 [OUT] 25 A5 01 0C 31 05 81 FF D1 1A 67 15 6D (13)
                              [N12:Z] TPOS 255 209 26 103 (-3073433)
2026-04-09 13:56:42:078 [IN ] C8 24 0C 0E 25 A5 0C 01 31 06 81 53 FF BC CD 48 E8 EA 0A (19)
                              [N12:Z] TPOS 'S' 255 188 205 72 (-4403896)
2026-04-09 13:56:43:082 [IN ] C8 24 05 0B 25 A5 05 01 31 03 81 5A 4C 61 AD 48 C8 24 05 0A 25 A5 05 01 31 02 81 49 03 38 AD (31)
                              [N5:V] TPOS 'Z' 76 (76)
                              [N5:V] TPOS 'I'
2026-04-09 13:56:43:304 [OUT] 25 A5 01 05 31 03 C9 3D 09 49 04 (11)
                              [N5:V] LFLAG '=' 9 (9)
2026-04-09 13:56:43:469 [IN ] C8 24 05 0B 25 A5 05 01 31 03 C9 3A 09 46 02 48 (16)
                              [N5:V] LFLAG ':' 9 (9)
2026-04-09 13:56:43:491 [OUT] 25 A5 01 05 31 03 84 00 50 0E 02 (11)
                              [N5:V] VEL 0 80 (80)
2026-04-09 13:56:43:657 [IN ] C8 24 05 0C 25 A5 05 01 31 04 84 53 00 50 62 C2 E8 (17)
                              [N5:V] VEL 'S' 0 80 (80)
2026-04-09 13:56:43:678 [OUT] 25 A5 01 05 31 05 81 00 19 82 3C 94 B6 (13)
                              [N5:V] TPOS 0 25 130 60 (1671740)
2026-04-09 13:56:43:845 [IN ] C8 24 05 0E 25 A5 05 01 (8)
2026-04-09 13:56:43:867 [IN ] 31 06 81 53 00 00 00 00 11 92 0A (11)
                              [N5:V] TPOS 'S' 0 0 0 0 (0)
2026-04-09 13:56:44:470 [IN ] C8 24 07 0E 25 A5 07 01 31 06 81 45 FF AB 15 01 C5 88 0A (19)
                              [N7:N] TPOS 'E' 255 171 21 1 (-5565183)
2026-04-09 13:56:44:893 [OUT] 25 A5 01 07 31 05 81 FF F3 35 BF A5 39 (13)
                              [N7:N] TPOS 255 243 53 191 (-838209)
2026-04-09 13:56:45:058 [IN ] C8 24 07 0E 25 A5 07 01 31 06 81 53 FF (13)
2026-04-09 13:56:45:080 [IN ] AB 15 01 D3 CE 0A (6)
                              [N7:N] TPOS 'S' 255 171 21 1 (-5565183)
2026-04-09 13:56:47:486 [IN ] C8 24 08 0B 25 A5 08 01 31 03 81 5A 52 6A C8 01 C8 24 08 0A 25 A5 08 01 31 02 81 49 06 4A C8 (31)
                              [N8:R] TPOS 'Z' 82 (82)
                              [N8:R] TPOS 'I'
2026-04-09 13:56:47:709 [OUT] 25 A5 01 08 31 03 CA 3D 09 4D 19 (11)
                              [N8:R] RFLAG '=' 9 (9)
2026-04-09 13:56:47:874 [IN ] C8 24 08 0B 25 A5 08 01 31 03 CA 3A 09 4A 1A 01 (16)
                              [N8:R] RFLAG ':' 9 (9)
2026-04-09 13:56:47:897 [OUT] 25 A5 01 08 31 05 81 FF DC 77 1D 2F DE (13)
                              [N8:R] TPOS 255 220 119 29 (-2328803)
2026-04-09 13:56:48:083 [IN ] C8 24 08 0E 25 A5 08 01 31 06 81 53 FF FF FF E9 FA 90 0A (19)
                              [N8:R] TPOS 'S' 255 255 255 233 (-23)
2026-04-09 13:56:48:486 [IN ] C8 24 0C 0E 25 A5 0C 01 31 06 81 45 FF D1 1E 0C 04 49 0A (19)
                              [N12:Z] TPOS 'E' 255 209 30 12 (-3072500)
2026-04-09 13:56:51:495 [IN ] C8 24 05 0E 25 A5 05 01 31 06 81 45 00 19 86 5F 01 02 0A (19)
                              [N5:V] TPOS 'E' 0 25 134 95 (1672799)
2026-04-09 13:56:51:919 [OUT] 25 A5 01 05 31 05 81 00 0D 03 C1 8E 19 (13)
                              [N5:V] TPOS 0 13 3 193 (852929)
2026-04-09 13:56:52:104 [IN ] C8 (1)
2026-04-09 13:56:52:126 [IN ] 24 05 0E 25 A5 05 01 31 06 81 53 00 19 86 5F 0F 48 0A (18)
                              [N5:V] TPOS 'S' 0 25 134 95 (1672799)
2026-04-09 13:56:56:939 [IN ] C8 24 05 0E 25 A5 05 01 31 06 81 45 00 0D 01 AF C0 24 0A (19)
                              [N5:V] TPOS 'E' 0 13 1 175 (852399)
2026-04-09 13:56:57:162 [OUT] 25 A5 01 03 31 05 81 FF ED B1 30 88 70 (13)
                              [N3:X] TPOS 255 237 177 48 (-1199824)
2026-04-09 13:56:57:184 [OUT] 25 A5 01 04 31 05 81 FF F3 BD 0C 77 7E (13)
                              [N4:Y] TPOS 255 243 189 12 (-803572)
2026-04-09 13:56:57:349 [IN ] C8 24 03 0E 25 A5 03 01 31 06 81 53 FF FD 50 1E 79 2F 0A (19)
                              [N3:X] TPOS 'S' 255 253 80 30 (-176098)
2026-04-09 13:56:57:475 [IN ] C8 24 04 0E 25 A5 04 01 31 06 81 53 FF FD 4F 6C C7 85 0A (19)
                              [N4:Y] TPOS 'S' 255 253 79 108 (-176276)
2026-04-09 13:57:00:885 [IN ] C8 24 04 0E 25 A5 04 01 31 06 81 45 FF F3 BA A0 4E 2B 0A (19)
                              [N4:Y] TPOS 'E' 255 243 186 160 (-804192)
2026-04-09 13:57:01:488 [IN ] C8 24 08 0E 25 A5 08 01 31 06 81 45 FF DC 74 D1 26 B3 0A (19)
                              [N8:R] TPOS 'E' 255 220 116 209 (-2329391)
2026-04-09 13:57:01:913 [OUT] 25 A5 01 08 31 05 81 FF EE 15 56 18 89 (13)
                              [N8:R] TPOS 255 238 21 86 (-1174186)
2026-04-09 13:57:02:099 [IN ] C8 24 08 0E 25 A5 08 01 31 06 81 53 FF DC 74 DA 3D 02 0A (19)
                              [N8:R] TPOS 'S' 255 220 116 218 (-2329382)
2026-04-09 13:57:02:502 [IN ] C8 24 03 0E 25 A5 03 01 31 06 81 45 FF ED AF 93 2F EC 0A (19)
                              [N3:X] TPOS 'E' 255 237 175 147 (-1200237)
2026-04-09 13:57:06:111 [IN ] C8 24 07 0E 25 A5 07 01 31 06 81 45 FF F3 3A 45 76 EE 0A (19)
                              [N7:N] TPOS 'E' 255 243 58 69 (-837051)
2026-04-09 13:57:09:923 [IN ] C8 24 08 0E 25 A5 08 01 31 06 81 45 FF EE 15 50 58 AA 0A (19)
                              [N8:R] TPOS 'E' 255 238 21 80 (-1174192)
