2026-01-19 18:33:37:813 [OUT] 25 A5 01 0A 31 05 D6 3D FF 00 00 53 ED (13)
                              [N10:HMI] HMILED '=' 255 0 0 (16711680)
2026-01-19 18:33:37:839 [OUT] 25 A5 01 03 31 02 D8 3F 4E CE (10)
                              [N3:X] INTERRUPT '?'
2026-01-19 18:33:38:140 [IN ] C8 24 0A 0D 25 A5 0A 01 31 05 D6 3A FF 00 00 50 EA 04 C8 24 03 0C 25 A5 03 01 31 04 D8 3A 01 01 4D 6A EA (35)
                              [N10:HMI] HMILED ':' 255 0 0 (16711680)
                              [N3:X] INTERRUPT ':' 1 1 (257)
2026-01-19 18:33:38:162 [OUT] 25 A5 01 09 31 03 C9 3D 09 4D 1C (11)
                              [N9:P] LFLAG '=' 9 (9)
2026-01-19 18:33:38:185 [OUT] 25 A5 01 04 31 02 D8 3F 4F D3 (10)
                              [N4:Y] INTERRUPT '?'
2026-01-19 18:33:38:486 [IN ] C8 24 09 0B 25 A5 09 01 31 03 C9 3A 09 4A 1E 6A C8 24 04 0C 25 A5 04 01 31 04 D8 3A 01 01 4E 72 EA (33)
                              [N9:P] LFLAG ':' 9 (9)
                              [N4:Y] INTERRUPT ':' 1 1 (257)
2026-01-19 18:33:38:508 [OUT] 25 A5 01 09 31 03 CA 3D 09 4E 1F (11)
                              [N9:P] RFLAG '=' 9 (9)
2026-01-19 18:33:38:531 [OUT] 25 A5 01 0C 31 02 D8 3F 57 FB (10)
                              [N12:Z] INTERRUPT '?'
2026-01-19 18:33:38:835 [IN ] C8 24 09 0B 25 A5 09 01 31 03 CA 3A 09 4B 21 72 C8 24 0C 0C 25 A5 0C 01 31 04 D8 3A 01 01 56 B2 EA (33)
                              [N9:P] RFLAG ':' 9 (9)
                              [N12:Z] INTERRUPT ':' 1 1 (257)
2026-01-19 18:33:38:856 [OUT] 25 A5 01 08 31 03 C9 3D 09 4C 16 (11)
                              [N8:R] LFLAG '=' 9 (9)
2026-01-19 18:33:38:878 [OUT] 25 A5 01 03 31 03 C9 3D 0B 49 FA (11)
                              [N3:X] LFLAG '=' 11 (11)
2026-01-19 18:33:38:900 [OUT] 25 A5 01 04 31 03 C9 3D 0B 4A 00 (11)
                              [N4:Y] LFLAG '=' 11 (11)
2026-01-19 18:33:38:921 [OUT] 25 A5 01 0C 31 03 C9 3D 0B 52 30 (11)
                              [N12:Z] LFLAG '=' 11 (11)
2026-01-19 18:33:39:026 [IN ] C8 24 08 0B 25 A5 08 01 31 03 C9 3A 09 49 17 B2 (16)
                              [N8:R] LFLAG ':' 9 (9)
2026-01-19 18:33:39:048 [OUT] 25 A5 01 08 31 03 CA 3D 09 4D 19 (11)
                              [N8:R] RFLAG '=' 9 (9)
2026-01-19 18:33:39:133 [IN ] C8 24 03 0B 25 A5 03 01 31 03 C9 3A 0B 46 F6 B2 (16)
                              [N3:X] LFLAG ':' 11 (11)
2026-01-19 18:33:39:158 [OUT] 25 A5 01 03 31 03 88 00 50 10 02 (11)
                              [N3:X] RUN 0 80 (80)
2026-01-19 18:33:39:225 [IN ] C8 24 04 0B 25 A5 04 01 (8)
2026-01-19 18:33:39:247 [IN ] 31 03 C9 3A 0B 47 FD B2 (8)
                              [N4:Y] LFLAG ':' 11 (11)
2026-01-19 18:33:39:268 [OUT] 25 A5 01 04 31 03 88 00 50 11 08 (11)
                              [N4:Y] RUN 0 80 (80)
2026-01-19 18:33:39:331 [IN ] C8 24 0C 0B 25 A5 0C 01 31 03 C9 3A 0B 4F 35 B2 (16)
                              [N12:Z] LFLAG ':' 11 (11)
2026-01-19 18:33:39:354 [OUT] 25 A5 01 0C 31 03 88 00 50 19 38 (11)
                              [N12:Z] RUN 0 80 (80)
2026-01-19 18:33:39:458 [IN ] C8 24 08 0B 25 A5 08 01 31 03 CA 3A 09 4A 1A B2 (16)
                              [N8:R] RFLAG ':' 9 (9)
2026-01-19 18:33:39:585 [IN ] C8 24 03 0C 25 A5 03 01 31 04 88 53 00 50 64 C2 EA (17)
                              [N3:X] RUN 'S' 0 80 (80)
2026-01-19 18:33:39:669 [IN ] C8 24 04 0C 25 A5 04 01 31 04 88 53 00 50 65 CA EA (17)
                              [N4:Y] RUN 'S' 0 80 (80)
2026-01-19 18:33:39:794 [IN ] C8 24 0C 0C 25 A5 0C 01 31 04 88 53 00 50 6D 0A EA (17)
                              [N12:Z] RUN 'S' 0 80 (80)
2026-01-19 18:33:46:419 [IN ] C8 24 04 0B 25 A5 04 01 31 03 81 5A 4C 60 A6 0A C8 24 04 0A 25 A5 04 01 31 02 81 49 02 32 A6 (31)
                              [N4:Y] TPOS 'Z' 76 (76)
                              [N4:Y] TPOS 'I'
2026-01-19 18:33:46:643 [OUT] 25 A5 01 09 31 02 D8 3F 54 EC (10)
                              [N9:P] INTERRUPT '?'
2026-01-19 18:33:46:945 [IN ] C8 24 09 0C 25 A5 09 01 31 04 D8 3A 01 01 53 9A EA (17)
                              [N9:P] INTERRUPT ':' 1 1 (257)
2026-01-19 18:33:46:966 [OUT] 25 A5 01 04 31 03 C9 3D 09 48 FE (11)
                              [N4:Y] LFLAG '=' 9 (9)
2026-01-19 18:33:46:988 [OUT] 25 A5 01 07 31 02 D8 3F 52 E2 (10)
                              [N7:N] INTERRUPT '?'
2026-01-19 18:33:47:289 [IN ] C8 24 04 0B 25 A5 04 01 31 03 C9 3A 09 45 FB 9A C8 24 07 0C 25 A5 07 01 31 04 D8 3A 01 01 51 8A EA (33)
                              [N4:Y] LFLAG ':' 9 (9)
                              [N7:N] INTERRUPT ':' 1 1 (257)
2026-01-19 18:33:47:310 [OUT] 25 A5 01 09 31 03 C9 3D 0B 4F 1E (11)
                              [N9:P] LFLAG '=' 11 (11)
2026-01-19 18:33:47:333 [OUT] 25 A5 01 07 31 03 C9 3D 0B 4D 12 (11)
                              [N7:N] LFLAG '=' 11 (11)
2026-01-19 18:33:47:463 [IN ] C8 24 09 0B 25 A5 09 01 31 03 C9 3A 0B 4C 20 8A (16)
                              [N9:P] LFLAG ':' 11 (11)
2026-01-19 18:33:47:488 [OUT] 25 A5 01 09 31 03 88 00 50 16 26 (11)
                              [N9:P] RUN 0 80 (80)
2026-01-19 18:33:47:594 [IN ] C8 24 07 0B 25 A5 07 01 31 03 C9 3A 0B 4A 12 8A (16)
                              [N7:N] LFLAG ':' 11 (11)
2026-01-19 18:33:47:617 [OUT] 25 A5 01 07 31 03 88 00 50 14 1A (11)
                              [N7:N] RUN 0 80 (80)
2026-01-19 18:33:47:702 [IN ] C8 24 09 0C 25 A5 09 01 31 04 88 53 00 50 6A F2 EA (17)
                              [N9:P] RUN 'S' 0 80 (80)
2026-01-19 18:33:47:766 [IN ] C8 24 09 0B 25 A5 09 01 31 03 81 5A 4C 65 C9 F2 (16)
                              [N9:P] TPOS 'Z' 76 (76)
2026-01-19 18:33:47:789 [IN ] C8 24 09 0A 25 A5 09 01 31 02 81 49 07 50 C9 (15)
                              [N9:P] TPOS 'I'
2026-01-19 18:33:47:813 [IN ] C8 24 07 0C 25 A5 07 01 31 04 88 53 00 50 68 E2 EA (17)
                              [N7:N] RUN 'S' 0 80 (80)
2026-01-19 18:33:47:835 [OUT] 25 A5 01 09 31 03 C9 3D 09 4D 1C (11)
                              [N9:P] LFLAG '=' 9 (9)
2026-01-19 18:33:47:857 [OUT] 25 A5 01 04 31 05 81 FF EE 88 01 32 FA (13)
                              [N4:Y] TPOS 255 238 136 1 (-1144831)
2026-01-19 18:33:48:004 [IN ] C8 24 09 0B 25 A5 09 01 31 03 C9 3A 09 4A 1E E2 (16)
                              [N9:P] LFLAG ':' 9 (9)
2026-01-19 18:33:48:131 [IN ] C8 24 04 0E 25 A5 04 01 31 06 81 53 00 00 00 00 10 88 A5 (19)
                              [N4:Y] TPOS 'S' 0 0 0 0 (0)
2026-01-19 18:33:49:136 [IN ] C8 24 03 0B 25 A5 03 01 31 03 81 5A 4C 5F 9F 00 (16)
                              [N3:X] TPOS 'Z' 76 (76)
2026-01-19 18:33:49:337 [IN ] C8 24 03 0A 25 A5 03 01 31 02 81 49 01 2C 9F (15)
                              [N3:X] TPOS 'I'
2026-01-19 18:33:49:561 [OUT] 25 A5 01 03 31 03 C9 3D 09 47 F8 (11)
                              [N3:X] LFLAG '=' 9 (9)
2026-01-19 18:33:49:730 [IN ] C8 24 03 0B 25 A5 03 01 31 03 C9 3A 09 44 F4 00 (16)
                              [N3:X] LFLAG ':' 9 (9)
2026-01-19 18:33:51:538 [IN ] C8 24 07 0B 25 A5 07 01 31 03 81 5A 4C 63 BB 00 C8 24 07 0A 25 A5 07 01 31 02 81 49 05 44 BB (31)
                              [N7:N] TPOS 'Z' 76 (76)
                              [N7:N] TPOS 'I'
2026-01-19 18:33:51:761 [OUT] 25 A5 01 07 31 03 C9 3D 09 4B 10 (11)
                              [N7:N] LFLAG '=' 9 (9)
2026-01-19 18:33:51:928 [IN ] C8 24 07 0B 25 A5 07 01 31 03 C9 3A 09 48 10 00 (16)
                              [N7:N] LFLAG ':' 9 (9)
2026-01-19 18:33:54:138 [IN ] C8 24 04 0E 25 A5 04 01 31 06 81 45 FF EE 85 74 E8 86 A5 (19)
                              [N4:Y] TPOS 'E' 255 238 133 116 (-1145484)
2026-01-19 18:33:54:362 [OUT] 25 A5 01 09 31 05 81 FF E7 5D 56 5A 0C (13)
                              [N9:P] TPOS 255 231 93 86 (-1614506)
2026-01-19 18:33:54:384 [OUT] 25 A5 01 04 31 05 81 FF FD 50 01 09 B7 (13)
                              [N4:Y] TPOS 255 253 80 1 (-176127)
2026-01-19 18:33:54:406 [OUT] 25 A5 01 07 31 05 81 FF AB 19 75 F7 DF (13)
                              [N7:N] TPOS 255 171 25 117 (-5564043)
2026-01-19 18:33:54:429 [OUT] 25 A5 01 03 31 05 81 FF EC 4A AB 9B 1A (13)
                              [N3:X] TPOS 255 236 74 171 (-1291605)
2026-01-19 18:33:54:453 [OUT] 25 A5 01 06 31 02 D8 3F 51 DD (10)
                              [N6:H] INTERRUPT '?'
2026-01-19 18:33:54:755 [IN ] C8 24 09 0E 25 A5 09 01 31 06 81 53 FF FF FF FA 0C AB A5 C8 24 04 0E 25 A5 04 01 31 06 81 53 FF EE 85 74 F6 CC A5 (38)
                              [N9:P] TPOS 'S' 255 255 255 250 (-6)
                              [N4:Y] TPOS 'S' 255 238 133 116 (-1145484)
2026-01-19 18:33:55:056 [IN ] C8 24 07 0E 25 A5 07 01 31 06 81 53 FF FF FF F9 09 96 A5 C8 24 03 0E 25 A5 03 01 31 06 81 53 00 00 00 00 0F 7E A5 C8 24 06 0C 25 A5 06 01 31 04 D8 3A 01 01 50 82 0F (55)
                              [N7:N] TPOS 'S' 255 255 255 249 (-7)
                              [N3:X] TPOS 'S' 0 0 0 0 (0)
                              [N6:H] INTERRUPT ':' 1 1 (257)
2026-01-19 18:33:55:077 [OUT] 25 A5 01 06 31 03 C9 3D 0B 4C 0C (11)
                              [N6:H] LFLAG '=' 11 (11)
2026-01-19 18:33:55:246 [IN ] C8 24 06 0B 25 A5 06 01 31 03 C9 3A 0B 49 0B 82 (16)
                              [N6:H] LFLAG ':' 11 (11)
2026-01-19 18:33:55:268 [OUT] 25 A5 01 06 31 03 88 FF B0 72 72 (11)
                              [N6:H] RUN 255 176 (-80)
2026-01-19 18:33:55:437 [IN ] C8 24 06 0C 25 A5 06 01 31 04 88 53 FF B0 C6 38 0F (17)
                              [N6:H] RUN 'S' 255 176 (-80)
2026-01-19 18:33:56:043 [IN ] C8 24 0C 0B 25 A5 0C 01 31 03 81 5A 4C 68 DE 38 C8 24 0C 0A 25 A5 0C 01 31 02 81 49 0A 62 DE (31)
                              [N12:Z] TPOS 'Z' 76 (76)
                              [N12:Z] TPOS 'I'
2026-01-19 18:33:56:266 [OUT] 25 A5 01 0C 31 03 C9 3D 09 50 2E (11)
                              [N12:Z] LFLAG '=' 9 (9)
2026-01-19 18:33:56:414 [IN ] C8 24 0C 0B 25 A5 0C 01 31 03 C9 3A 09 4D 33 38 (16)
                              [N12:Z] LFLAG ':' 9 (9)
2026-01-19 18:33:56:436 [OUT] 25 A5 01 0C 31 05 81 FF BC D0 00 4F 33 (13)
                              [N12:Z] TPOS 255 188 208 0 (-4403200)
2026-01-19 18:33:56:623 [IN ] C8 24 0C 0E 25 A5 0C 01 31 06 81 53 FF FF FE FB 0F C8 A5 (19)
                              [N12:Z] TPOS 'S' 255 255 254 251 (-261)
2026-01-19 18:33:59:438 [IN ] C8 24 06 0B 25 A5 06 01 31 03 81 5A 4C 62 B4 FB C8 24 06 0A 25 A5 06 01 31 02 81 49 04 3E B4 (31)
                              [N6:H] TPOS 'Z' 76 (76)
                              [N6:H] TPOS 'I'
2026-01-19 18:33:59:661 [OUT] 25 A5 01 06 31 03 C9 3D 09 4A 0A (11)
                              [N6:H] LFLAG '=' 9 (9)
2026-01-19 18:33:59:829 [IN ] C8 24 06 0B 25 A5 06 01 31 03 C9 3A 09 47 09 FB (16)
                              [N6:H] LFLAG ':' 9 (9)
2026-01-19 18:33:59:851 [OUT] 25 A5 01 06 31 03 84 00 50 0F 08 (11)
                              [N6:H] VEL 0 80 (80)
2026-01-19 18:34:00:040 [IN ] C8 24 06 0C 25 A5 06 01 31 04 84 53 00 50 63 CA 0F (17)
                              [N6:H] VEL 'S' 0 80 (80)
2026-01-19 18:34:00:062 [OUT] 25 A5 01 06 31 05 81 00 19 82 3C 95 BE (13)
                              [N6:H] TPOS 0 25 130 60 (1671740)
2026-01-19 18:34:00:251 [IN ] C8 24 06 0E 25 A5 06 01 31 06 81 53 00 00 00 05 17 A1 A5 (19)
                              [N6:H] TPOS 'S' 0 0 0 5 (5)
2026-01-19 18:34:01:658 [IN ] C8 24 03 0E 25 A5 03 01 31 06 81 45 FF EC 48 2E 62 B6 A5 (19)
                              [N3:X] TPOS 'E' 255 236 72 46 (-1292242)
2026-01-19 18:34:02:084 [OUT] 25 A5 01 03 31 05 81 FF FD 50 01 08 AF (13)
                              [N3:X] TPOS 255 253 80 1 (-176127)
2026-01-19 18:34:02:272 [IN ] C8 24 03 0E 25 A5 03 01 31 06 81 53 FF EC 48 2E 70 FC A5 (19)
                              [N3:X] TPOS 'S' 255 236 72 46 (-1292242)
2026-01-19 18:34:03:076 [IN ] C8 24 04 0E 25 A5 04 01 31 06 81 45 FF FD 4F B2 FF 85 A5 (19)
                              [N4:Y] TPOS 'E' 255 253 79 178 (-176206)
2026-01-19 18:34:03:680 [IN ] C8 24 09 0E 25 A5 09 01 31 06 81 45 FF E7 5B 40 88 1B A5 (19)
                              [N9:P] TPOS 'E' 255 231 91 64 (-1615040)
2026-01-19 18:34:04:104 [OUT] 25 A5 01 09 31 05 81 FF FF D9 C8 60 BE (13)
                              [N9:P] TPOS 255 255 217 200 (-9784)
2026-01-19 18:34:04:292 [IN ] C8 24 09 0E 25 A5 09 01 31 06 81 53 FF E7 5B 45 9B 66 A5 (19)
                              [N9:P] TPOS 'S' 255 231 91 69 (-1615035)
2026-01-19 18:34:08:107 [IN ] C8 24 06 0E 25 A5 06 01 31 06 81 (11)
2026-01-19 18:34:08:309 [IN ] 45 00 19 85 9E 40 49 A5 (8)
                              [N6:H] TPOS 'E' 0 25 133 158 (1672606)
2026-01-19 18:34:08:733 [OUT] 25 A5 01 06 31 05 81 00 0D 03 C1 8F 21 (13)
                              [N6:H] TPOS 0 13 3 193 (852929)
2026-01-19 18:34:08:922 [IN ] C8 24 06 0E 25 A5 06 01 31 06 81 53 00 19 85 9C 4C 8D A5 (19)
                              [N6:H] TPOS 'S' 0 25 133 156 (1672604)
2026-01-19 18:34:11:732 [IN ] C8 24 03 0E 25 A5 03 01 31 06 81 45 FF FD 50 38 85 03 A5 (19)
                              [N3:X] TPOS 'E' 255 253 80 56 (-176072)
2026-01-19 18:34:12:938 [IN ] C8 24 06 0E 25 A5 06 01 31 06 81 45 00 0C FF 16 25 8E A5 (19)
                              [N6:H] TPOS 'E' 0 12 255 22 (851734)
2026-01-19 18:34:13:162 [OUT] 25 A5 01 05 31 02 D8 3F 50 D8 (10)
                              [N5:V] INTERRUPT '?'
2026-01-19 18:34:13:464 [IN ] C8 24 05 0C 25 A5 05 01 31 04 D8 3A 01 01 4F 7A 25 C8 24 09 0E 25 A5 09 01 31 06 81 45 FF FF DB A7 87 CA A5 (36)
                              [N5:V] INTERRUPT ':' 1 1 (257)
                              [N9:P] TPOS 'E' 255 255 219 167 (-9305)
2026-01-19 18:34:13:486 [OUT] 25 A5 01 05 31 03 C9 3D 0B 4B 06 (11)
                              [N5:V] LFLAG '=' 11 (11)
2026-01-19 18:34:13:507 [OUT] 25 A5 01 08 31 02 D8 3F 53 E7 (10)
                              [N8:R] INTERRUPT '?'
2026-01-19 18:34:13:809 [IN ] C8 24 05 0B 25 A5 05 01 31 03 C9 3A 0B 48 04 A7 C8 24 08 0C 25 A5 08 01 31 04 D8 3A 01 01 52 92 87 (33)
                              [N5:V] LFLAG ':' 11 (11)
                              [N8:R] INTERRUPT ':' 1 1 (257)
2026-01-19 18:34:13:831 [OUT] 25 A5 01 05 31 03 88 FF B0 71 6C (11)
                              [N5:V] RUN 255 176 (-80)
2026-01-19 18:34:13:852 [OUT] 25 A5 01 08 31 03 CA 3D 0B 4F 1B (11)
                              [N8:R] RFLAG '=' 11 (11)
2026-01-19 18:34:14:001 [IN ] C8 24 05 0C 25 A5 05 01 31 04 88 53 FF B0 C5 30 87 (17)
                              [N5:V] RUN 'S' 255 176 (-80)
2026-01-19 18:34:14:106 [IN ] C8 24 08 0B 25 A5 08 01 31 03 CA 3A 0B 4C 1C 30 (16)
                              [N8:R] RFLAG ':' 11 (11)
2026-01-19 18:34:14:129 [OUT] 25 A5 01 08 31 03 88 00 50 15 20 (11)
                              [N8:R] RUN 0 80 (80)
2026-01-19 18:34:14:299 [IN ] C8 24 08 0C 25 A5 08 01 31 04 88 53 00 50 69 EA 87 (17)
                              [N8:R] RUN 'S' 0 80 (80)
2026-01-19 18:34:19:117 [IN ] C8 24 07 0E 25 A5 07 01 31 06 81 45 FF AB 14 75 38 FA A5 C8 24 05 0B 25 A5 05 01 31 03 81 5A 4C 61 AD 75 C8 24 05 0A 25 A5 05 01 31 02 81 49 03 38 AD (50)
                              [N7:N] TPOS 'E' 255 171 20 117 (-5565323)
                              [N5:V] TPOS 'Z' 76 (76)
                              [N5:V] TPOS 'I'
2026-01-19 18:34:19:342 [OUT] 25 A5 01 05 31 03 C9 3D 09 49 04 (11)
                              [N5:V] LFLAG '=' 9 (9)
2026-01-19 18:34:19:364 [OUT] 25 A5 01 07 31 05 81 FF F3 35 BF A5 39 (13)
                              [N7:N] TPOS 255 243 53 191 (-838209)
2026-01-19 18:34:19:512 [IN ] C8 24 05 0B 25 A5 05 01 31 03 C9 3A 09 46 02 75 (16)
                              [N5:V] LFLAG ':' 9 (9)
2026-01-19 18:34:19:533 [OUT] 25 A5 01 05 31 03 84 00 50 0E 02 (11)
                              [N5:V] VEL 0 80 (80)
2026-01-19 18:34:19:638 [IN ] C8 24 07 0E 25 A5 07 01 31 06 81 53 FF AB 14 76 47 41 A5 (19)
                              [N7:N] TPOS 'S' 255 171 20 118 (-5565322)
2026-01-19 18:34:19:745 [IN ] C8 24 05 0C 25 A5 05 01 31 04 84 53 00 50 62 C2 47 (17)
                              [N5:V] VEL 'S' 0 80 (80)
2026-01-19 18:34:19:768 [OUT] 25 A5 01 05 31 05 81 00 19 82 3C 94 B6 (13)
                              [N5:V] TPOS 0 25 130 60 (1671740)
2026-01-19 18:34:19:832 [IN ] C8 24 0C 0E 25 A5 0C 01 31 06 81 45 FF BC CD 6F 01 CB A5 (19)
                              [N12:Z] TPOS 'E' 255 188 205 111 (-4403857)
2026-01-19 18:34:19:896 [OUT] 25 A5 01 0C 31 05 81 FF D1 1A 67 15 6D (13)
                              [N12:Z] TPOS 255 209 26 103 (-3073433)
2026-01-19 18:34:19:960 [IN ] C8 24 05 0E 25 A5 05 01 31 06 81 53 00 00 00 00 11 92 A5 (19)
                              [N5:V] TPOS 'S' 0 0 0 0 (0)
2026-01-19 18:34:20:087 [IN ] C8 24 0C 0E 25 A5 0C 01 31 06 81 53 FF BC CD 9E 3E 40 A5 (19)
                              [N12:Z] TPOS 'S' 255 188 205 158 (-4403810)
2026-01-19 18:34:21:295 [IN ] C8 24 08 0B 25 A5 08 01 31 03 81 5A 52 6A C8 9E C8 24 08 0A 25 A5 08 01 31 02 81 49 06 4A C8 (31)
                              [N8:R] TPOS 'Z' 82 (82)
                              [N8:R] TPOS 'I'
2026-01-19 18:34:21:518 [OUT] 25 A5 01 08 31 03 CA 3D 09 4D 19 (11)
                              [N8:R] RFLAG '=' 9 (9)
2026-01-19 18:34:21:686 [IN ] C8 24 08 0B 25 A5 08 01 31 03 CA 3A 09 4A 1A 9E (16)
                              [N8:R] RFLAG ':' 9 (9)
2026-01-19 18:34:21:708 [OUT] 25 A5 01 08 31 05 81 FF DC 77 1D 2F DE (13)
                              [N8:R] TPOS 255 220 119 29 (-2328803)
2026-01-19 18:34:21:897 [IN ] C8 24 08 0E 25 A5 08 01 31 06 81 53 FF FF FF CA DB 71 A5 (19)
                              [N8:R] TPOS 'S' 255 255 255 202 (-54)
2026-01-19 18:34:26:716 [IN ] C8 24 0C 0E 25 A5 0C 01 31 06 81 45 FF D1 1D 05 FC 40 A5 (19)
                              [N12:Z] TPOS 'E' 255 209 29 5 (-3072763)
2026-01-19 18:34:27:722 [IN ] C8 24 05 0E 25 A5 05 01 31 06 81 45 00 19 86 DF 81 82 A5 (19)
                              [N5:V] TPOS 'E' 0 25 134 223 (1672927)
2026-01-19 18:34:28:149 [OUT] 25 A5 01 05 31 05 81 00 0D 03 C1 8E 19 (13)
                              [N5:V] TPOS 0 13 3 193 (852929)
2026-01-19 18:34:28:317 [IN ] C8 24 05 0E 25 A5 05 01 31 06 81 53 00 19 86 DF 8F C8 A5 (19)
                              [N5:V] TPOS 'S' 0 25 134 223 (1672927)
2026-01-19 18:34:34:340 [IN ] C8 24 05 0E 25 A5 05 01 31 06 81 45 00 0D 02 34 46 AB A5 (19)
                              [N5:V] TPOS 'E' 0 13 2 52 (852532)
2026-01-19 18:34:34:563 [OUT] 25 A5 01 03 31 05 81 FF ED B1 30 88 70 (13)
                              [N3:X] TPOS 255 237 177 48 (-1199824)
2026-01-19 18:34:34:587 [OUT] 25 A5 01 04 31 05 81 FF F3 BD 0C 77 7E (13)
                              [N4:Y] TPOS 255 243 189 12 (-803572)
2026-01-19 18:34:34:755 [IN ] C8 24 03 0E 25 A5 03 01 31 06 81 53 FF FD 50 38 93 49 A5 (19)
                              [N3:X] TPOS 'S' 255 253 80 56 (-176072)
2026-01-19 18:34:34:881 [IN ] C8 24 04 0E 25 A5 04 01 31 06 81 53 FF FD 4F B2 0D CB A5 (19)
                              [N4:Y] TPOS 'S' 255 253 79 178 (-176206)
2026-01-19 18:34:35:083 [IN ] C8 24 08 0E 25 A5 08 01 31 06 81 45 FF DC 74 19 6E FB A5 (19)
                              [N8:R] TPOS 'E' 255 220 116 25 (-2329575)
2026-01-19 18:34:35:511 [OUT] 25 A5 01 08 31 05 81 FF EE 15 56 18 89 (13)
                              [N8:R] TPOS 255 238 21 86 (-1174186)
2026-01-19 18:34:35:699 [IN ] C8 24 08 0E 25 A5 08 01 31 06 81 53 FF DC 74 1A 7D 42 A5 (19)
                              [N8:R] TPOS 'S' 255 220 116 26 (-2329574)
2026-01-19 18:34:38:311 [IN ] C8 24 04 0E 25 A5 04 01 31 06 81 45 FF F3 BA 47 F5 D2 A5 (19)
                              [N4:Y] TPOS 'E' 255 243 186 71 (-804281)
2026-01-19 18:34:40:118 [IN ] C8 24 03 0E 25 A5 03 01 31 06 81 45 FF ED AD FE 98 53 A5 C8 24 07 0E 25 A5 07 01 31 06 81 45 FF F3 3B 1C 4E C7 A5 (38)
                              [N3:X] TPOS 'E' 255 237 173 254 (-1200642)
                              [N7:N] TPOS 'E' 255 243 59 28 (-836836)
2026-01-19 18:34:42:328 [IN ] C8 24 08 0E 25 A5 08 01 31 06 81 45 FF EE 17 B2 BC 10 A5 (19)
                              [N8:R] TPOS 'E' 255 238 23 178 (-1173582)
