2026-01-19 16:39:03:042 [OUT] 25 A5 01 0A 31 05 D6 3D FF 00 00 53 ED (13)
                              [N10:HMI] HMILED '=' 255 0 0 (16711680)
2026-01-19 16:39:03:064 [OUT] 25 A5 01 03 31 02 D8 3F 4E CE (10)
                              [N3:X] INTERRUPT '?'
2026-01-19 16:39:03:365 [IN ] C8 24 0A 0D 25 A5 0A 01 31 05 D6 3A FF 00 00 50 EA E6 C8 24 03 0C 25 A5 03 01 31 04 D8 3A 01 01 4D 6A EA (35)
                              [N10:HMI] HMILED ':' 255 0 0 (16711680)
                              [N3:X] INTERRUPT ':' 1 1 (257)
2026-01-19 16:39:03:387 [OUT] 25 A5 01 09 31 03 C9 3D 09 4D 1C (11)
                              [N9:P] LFLAG '=' 9 (9)
2026-01-19 16:39:03:410 [OUT] 25 A5 01 04 31 02 D8 3F 4F D3 (10)
                              [N4:Y] INTERRUPT '?'
2026-01-19 16:39:03:711 [IN ] C8 24 09 0B 25 A5 09 01 31 03 C9 3A 09 4A 1E 6A C8 24 04 0C 25 A5 04 01 31 04 D8 3A 01 01 4E 72 EA (33)
                              [N9:P] LFLAG ':' 9 (9)
                              [N4:Y] INTERRUPT ':' 1 1 (257)
2026-01-19 16:39:03:733 [OUT] 25 A5 01 09 31 03 CA 3D 09 4E 1F (11)
                              [N9:P] RFLAG '=' 9 (9)
2026-01-19 16:39:03:756 [OUT] 25 A5 01 0C 31 02 D8 3F 57 FB (10)
                              [N12:Z] INTERRUPT '?'
2026-01-19 16:39:04:058 [IN ] C8 24 09 0B 25 A5 09 01 31 03 CA 3A 09 4B 21 72 C8 24 0C 0C 25 A5 0C 01 31 04 D8 3A 01 01 56 B2 EA (33)
                              [N9:P] RFLAG ':' 9 (9)
                              [N12:Z] INTERRUPT ':' 1 1 (257)
2026-01-19 16:39:04:079 [OUT] 25 A5 01 08 31 03 C9 3D 09 4C 16 (11)
                              [N8:R] LFLAG '=' 9 (9)
2026-01-19 16:39:04:102 [OUT] 25 A5 01 03 31 03 C9 3D 0B 49 FA (11)
                              [N3:X] LFLAG '=' 11 (11)
2026-01-19 16:39:04:125 [OUT] 25 A5 01 04 31 03 C9 3D 0B 4A 00 (11)
                              [N4:Y] LFLAG '=' 11 (11)
2026-01-19 16:39:04:148 [OUT] 25 A5 01 0C 31 03 C9 3D 0B 52 30 (11)
                              [N12:Z] LFLAG '=' 11 (11)
2026-01-19 16:39:04:254 [IN ] C8 24 08 0B 25 A5 08 01 31 03 C9 3A 09 49 17 B2 (16)
                              [N8:R] LFLAG ':' 9 (9)
2026-01-19 16:39:04:276 [OUT] 25 A5 01 08 31 03 CA 3D 09 4D 19 (11)
                              [N8:R] RFLAG '=' 9 (9)
2026-01-19 16:39:04:361 [IN ] C8 24 03 0B 25 A5 03 01 31 03 C9 3A 0B 46 F6 B2 (16)
                              [N3:X] LFLAG ':' 11 (11)
2026-01-19 16:39:04:382 [OUT] 25 A5 01 03 31 03 88 00 50 10 02 (11)
                              [N3:X] RUN 0 80 (80)
2026-01-19 16:39:04:466 [IN ] C8 24 04 0B 25 A5 04 01 31 03 C9 3A 0B 47 FD B2 (16)
                              [N4:Y] LFLAG ':' 11 (11)
2026-01-19 16:39:04:488 [OUT] 25 A5 01 04 31 03 88 00 50 11 08 (11)
                              [N4:Y] RUN 0 80 (80)
2026-01-19 16:39:04:573 [IN ] C8 24 0C 0B 25 A5 0C 01 31 03 C9 3A 0B 4F 35 B2 (16)
                              [N12:Z] LFLAG ':' 11 (11)
2026-01-19 16:39:04:596 [OUT] 25 A5 01 0C 31 03 88 00 50 19 38 (11)
                              [N12:Z] RUN 0 80 (80)
2026-01-19 16:39:04:681 [IN ] C8 24 08 0B 25 A5 08 01 31 03 CA 3A 09 4A 1A B2 (16)
                              [N8:R] RFLAG ':' 9 (9)
2026-01-19 16:39:04:786 [IN ] C8 24 03 (3)
2026-01-19 16:39:04:809 [IN ] 0C 25 A5 03 01 31 04 88 53 00 50 64 C2 EA (14)
                              [N3:X] RUN 'S' 0 80 (80)
2026-01-19 16:39:04:913 [IN ] C8 24 04 0C 25 A5 04 01 31 04 88 53 00 50 65 CA EA (17)
                              [N4:Y] RUN 'S' 0 80 (80)
2026-01-19 16:39:05:019 [IN ] C8 24 0C 0C 25 A5 0C 01 31 04 88 53 00 50 6D 0A EA (17)
                              [N12:Z] RUN 'S' 0 80 (80)
2026-01-19 16:39:11:839 [IN ] C8 24 04 0B 25 A5 04 01 31 03 81 5A 4C 60 A6 0A C8 24 04 0A 25 A5 04 01 31 02 81 49 02 32 A6 (31)
                              [N4:Y] TPOS 'Z' 76 (76)
                              [N4:Y] TPOS 'I'
2026-01-19 16:39:12:063 [OUT] 25 A5 01 09 31 02 D8 3F 54 EC (10)
                              [N9:P] INTERRUPT '?'
2026-01-19 16:39:12:365 [IN ] C8 24 09 0C 25 A5 09 01 31 04 D8 3A 01 01 53 9A EA (17)
                              [N9:P] INTERRUPT ':' 1 1 (257)
2026-01-19 16:39:12:387 [OUT] 25 A5 01 04 31 03 C9 3D 09 48 FE (11)
                              [N4:Y] LFLAG '=' 9 (9)
2026-01-19 16:39:12:411 [OUT] 25 A5 01 07 31 02 D8 3F 52 E2 (10)
                              [N7:N] INTERRUPT '?'
2026-01-19 16:39:12:713 [IN ] C8 24 04 0B 25 A5 04 01 31 03 C9 3A 09 45 FB 9A C8 24 07 0C 25 A5 07 01 31 04 D8 3A 01 01 51 8A EA (33)
                              [N4:Y] LFLAG ':' 9 (9)
                              [N7:N] INTERRUPT ':' 1 1 (257)
2026-01-19 16:39:12:734 [OUT] 25 A5 01 09 31 03 C9 3D 0B 4F 1E (11)
                              [N9:P] LFLAG '=' 11 (11)
2026-01-19 16:39:12:756 [OUT] 25 A5 01 07 31 03 C9 3D 0B 4D 12 (11)
                              [N7:N] LFLAG '=' 11 (11)
2026-01-19 16:39:12:904 [IN ] C8 24 09 0B 25 A5 09 01 31 03 C9 3A 0B 4C 20 8A (16)
                              [N9:P] LFLAG ':' 11 (11)
2026-01-19 16:39:12:926 [OUT] 25 A5 01 09 31 03 88 00 50 16 26 (11)
                              [N9:P] RUN 0 80 (80)
2026-01-19 16:39:13:010 [IN ] C8 24 07 0B 25 A5 07 01 31 03 C9 3A 0B 4A 12 8A (16)
                              [N7:N] LFLAG ':' 11 (11)
2026-01-19 16:39:13:034 [OUT] 25 A5 01 07 31 03 88 00 50 14 1A (11)
                              [N7:N] RUN 0 80 (80)
2026-01-19 16:39:13:097 [IN ] C8 24 09 0C 25 A5 09 01 31 04 88 53 00 (13)
2026-01-19 16:39:13:121 [IN ] 50 6A F2 EA (4)
                              [N9:P] RUN 'S' 0 80 (80)
2026-01-19 16:39:13:166 [IN ] C8 24 09 0B 25 A5 09 01 31 03 81 5A 4C 65 C9 F2 (16)
                              [N9:P] TPOS 'Z' 76 (76)
2026-01-19 16:39:13:208 [IN ] C8 24 09 0A 25 A5 09 01 31 02 81 49 07 50 C9 (15)
                              [N9:P] TPOS 'I'
2026-01-19 16:39:13:231 [IN ] C8 24 07 0C 25 A5 07 01 31 04 88 53 00 50 68 E2 EA (17)
                              [N7:N] RUN 'S' 0 80 (80)
2026-01-19 16:39:13:253 [OUT] 25 A5 01 09 31 03 C9 3D 09 4D 1C (11)
                              [N9:P] LFLAG '=' 9 (9)
2026-01-19 16:39:13:276 [OUT] 25 A5 01 04 31 05 81 FF EE 88 01 32 FA (13)
                              [N4:Y] TPOS 255 238 136 1 (-1144831)
2026-01-19 16:39:13:424 [IN ] C8 24 09 0B 25 A5 09 01 31 03 C9 3A 09 4A 1E E2 (16)
                              [N9:P] LFLAG ':' 9 (9)
2026-01-19 16:39:13:551 [IN ] C8 24 04 0E 25 A5 04 01 31 06 81 53 FF FF FF FF 0C 7E 53 (19)
                              [N4:Y] TPOS 'S' 255 255 255 255 (-1)
2026-01-19 16:39:14:756 [IN ] C8 24 03 0B 25 A5 03 01 31 03 81 5A 4C 5F 9F FF C8 24 03 0A 25 A5 03 01 31 02 81 49 01 2C 9F (31)
                              [N3:X] TPOS 'Z' 76 (76)
                              [N3:X] TPOS 'I'
2026-01-19 16:39:14:981 [OUT] 25 A5 01 03 31 03 C9 3D 09 47 F8 (11)
                              [N3:X] LFLAG '=' 9 (9)
2026-01-19 16:39:15:149 [IN ] C8 24 03 0B 25 A5 03 01 31 03 C9 3A 09 44 F4 FF (16)
                              [N3:X] LFLAG ':' 9 (9)
2026-01-19 16:39:16:960 [IN ] C8 24 07 0B 25 A5 07 01 31 03 81 5A 4C 63 BB FF C8 24 07 0A 25 A5 07 01 31 02 81 49 05 44 BB (31)
                              [N7:N] TPOS 'Z' 76 (76)
                              [N7:N] TPOS 'I'
2026-01-19 16:39:17:184 [OUT] 25 A5 01 07 31 03 C9 3D 09 4B 10 (11)
                              [N7:N] LFLAG '=' 9 (9)
2026-01-19 16:39:17:332 [IN ] C8 24 07 0B 25 A5 07 01 31 03 C9 3A 09 (13)
2026-01-19 16:39:17:352 [IN ] 48 10 FF (3)
                              [N7:N] LFLAG ':' 9 (9)
2026-01-19 16:39:19:760 [IN ] C8 24 04 0E 25 A5 04 01 31 06 81 45 FF EE 85 88 FC 9A 53 (19)
                              [N4:Y] TPOS 'E' 255 238 133 136 (-1145464)
2026-01-19 16:39:19:984 [OUT] 25 A5 01 09 31 05 81 FF E7 5D 56 5A 0C (13)
                              [N9:P] TPOS 255 231 93 86 (-1614506)
2026-01-19 16:39:20:007 [OUT] 25 A5 01 04 31 05 81 FF FD 50 01 09 B7 (13)
                              [N4:Y] TPOS 255 253 80 1 (-176127)
2026-01-19 16:39:20:030 [OUT] 25 A5 01 07 31 05 81 FF AB 19 75 F7 DF (13)
                              [N7:N] TPOS 255 171 25 117 (-5564043)
2026-01-19 16:39:20:053 [OUT] 25 A5 01 03 31 05 81 FF EC 4A AB 9B 1A (13)
                              [N3:X] TPOS 255 236 74 171 (-1291605)
2026-01-19 16:39:20:076 [OUT] 25 A5 01 06 31 02 D8 3F 51 DD (10)
                              [N6:H] INTERRUPT '?'
2026-01-19 16:39:20:380 [IN ] C8 24 09 0E 25 A5 09 01 31 06 81 53 FF FF FF F4 06 A5 53 C8 24 04 0E 25 A5 04 01 31 06 81 53 FF EE 85 88 0A E0 53 (38)
                              [N9:P] TPOS 'S' 255 255 255 244 (-12)
                              [N4:Y] TPOS 'S' 255 238 133 136 (-1145464)
2026-01-19 16:39:20:682 [IN ] C8 24 07 0E 25 A5 07 01 31 06 81 53 FF FF FF FC 0C 99 53 C8 24 03 0E 25 A5 03 01 31 06 81 53 00 00 00 00 0F 7E 53 C8 24 06 0C 25 A5 06 01 31 04 D8 3A 01 01 50 82 0F (55)
                              [N7:N] TPOS 'S' 255 255 255 252 (-4)
                              [N3:X] TPOS 'S' 0 0 0 0 (0)
                              [N6:H] INTERRUPT ':' 1 1 (257)
2026-01-19 16:39:20:704 [OUT] 25 A5 01 06 31 03 C9 3D 0B 4C 0C (11)
                              [N6:H] LFLAG '=' 11 (11)
2026-01-19 16:39:20:872 [IN ] C8 24 06 0B 25 A5 06 01 31 03 C9 3A 0B 49 0B 82 (16)
                              [N6:H] LFLAG ':' 11 (11)
2026-01-19 16:39:20:894 [OUT] 25 A5 01 06 31 03 88 FF B0 72 72 (11)
                              [N6:H] RUN 255 176 (-80)
2026-01-19 16:39:21:083 [IN ] C8 24 06 0C 25 A5 06 01 31 04 88 53 FF B0 C6 38 0F (17)
                              [N6:H] RUN 'S' 255 176 (-80)
2026-01-19 16:39:21:486 [IN ] C8 24 0C 0B 25 A5 0C 01 31 03 81 5A 4C 68 DE 38 (16)
                              [N12:Z] TPOS 'Z' 76 (76)
2026-01-19 16:39:21:689 [IN ] C8 24 0C 0A 25 A5 0C 01 31 02 81 49 0A 62 DE (15)
                              [N12:Z] TPOS 'I'
2026-01-19 16:39:21:912 [OUT] 25 A5 01 0C 31 03 C9 3D 09 50 2E (11)
                              [N12:Z] LFLAG '=' 9 (9)
2026-01-19 16:39:22:083 [IN ] C8 24 0C 0B 25 A5 0C 01 31 03 C9 3A 09 4D 33 38 (16)
                              [N12:Z] LFLAG ':' 9 (9)
2026-01-19 16:39:22:105 [OUT] 25 A5 01 0C 31 05 81 FF BC D0 00 4F 33 (13)
                              [N12:Z] TPOS 255 188 208 0 (-4403200)
2026-01-19 16:39:22:314 [IN ] C8 24 0C 0E 25 A5 0C 01 31 06 81 53 FF FF FE CB DF 98 53 (19)
                              [N12:Z] TPOS 'S' 255 255 254 203 (-309)
2026-01-19 16:39:25:125 [IN ] C8 24 06 0B 25 A5 06 01 31 03 81 5A 4C 62 B4 CB C8 24 06 0A 25 A5 06 01 31 02 81 49 04 3E B4 (31)
                              [N6:H] TPOS 'Z' 76 (76)
                              [N6:H] TPOS 'I'
2026-01-19 16:39:25:350 [OUT] 25 A5 01 06 31 03 C9 3D 09 4A 0A (11)
                              [N6:H] LFLAG '=' 9 (9)
2026-01-19 16:39:25:499 [IN ] C8 24 06 0B 25 A5 06 01 31 03 C9 3A 09 47 09 CB (16)
                              [N6:H] LFLAG ':' 9 (9)
2026-01-19 16:39:25:521 [OUT] 25 A5 01 06 31 03 84 00 50 0F 08 (11)
                              [N6:H] VEL 0 80 (80)
2026-01-19 16:39:25:669 [IN ] C8 24 06 0C 25 A5 06 01 31 04 84 53 00 50 63 CA DF (17)
                              [N6:H] VEL 'S' 0 80 (80)
2026-01-19 16:39:25:690 [OUT] 25 A5 01 06 31 05 81 00 19 82 3C 95 BE (13)
                              [N6:H] TPOS 0 25 130 60 (1671740)
2026-01-19 16:39:25:879 [IN ] C8 24 06 0E 25 A5 06 01 31 06 81 53 00 00 00 05 17 A1 53 (19)
                              [N6:H] TPOS 'S' 0 0 0 5 (5)
2026-01-19 16:39:27:484 [IN ] C8 24 03 0E 25 A5 03 01 31 06 81 45 FF EC 48 53 87 DB 53 (19)
                              [N3:X] TPOS 'E' 255 236 72 83 (-1292205)
2026-01-19 16:39:27:908 [OUT] 25 A5 01 03 31 05 81 FF FD 50 01 08 AF (13)
                              [N3:X] TPOS 255 253 80 1 (-176127)
2026-01-19 16:39:28:096 [IN ] C8 24 03 0E 25 A5 03 01 31 06 81 53 FF EC 48 53 95 21 53 (19)
                              [N3:X] TPOS 'S' 255 236 72 83 (-1292205)
2026-01-19 16:39:29:100 [IN ] C8 24 04 0E 25 A5 04 01 31 06 81 45 FF FD 4F 9B E8 6E 53 (19)
                              [N4:Y] TPOS 'E' 255 253 79 155 (-176229)
2026-01-19 16:39:29:304 [IN ] C8 24 09 0E 25 A5 09 01 31 06 81 45 FF E7 5C 15 5E F2 53 (19)
                              [N9:P] TPOS 'E' 255 231 92 21 (-1614827)
2026-01-19 16:39:29:730 [OUT] 25 A5 01 09 31 05 81 FF FF D9 C8 60 BE (13)
                              [N9:P] TPOS 255 255 217 200 (-9784)
2026-01-19 16:39:29:920 [IN ] C8 24 09 0E 25 A5 09 01 31 06 81 53 FF E7 5C 1A 71 3D 53 (19)
                              [N9:P] TPOS 'S' 255 231 92 26 (-1614822)
2026-01-19 16:39:33:934 [IN ] C8 24 06 0E 25 A5 06 01 31 06 81 45 00 19 85 8C 2E 37 53 (19)
                              [N6:H] TPOS 'E' 0 25 133 140 (1672588)
2026-01-19 16:39:34:359 [OUT] 25 A5 01 06 31 05 81 00 0D 03 C1 8F 21 (13)
                              [N6:H] TPOS 0 13 3 193 (852929)
2026-01-19 16:39:34:549 [IN ] C8 24 06 0E 25 A5 06 01 31 06 81 53 00 19 85 8A 3A 7B 53 (19)
                              [N6:H] TPOS 'S' 0 25 133 138 (1672586)
2026-01-19 16:39:37:761 [IN ] C8 24 03 0E 25 A5 03 01 31 06 81 45 FF FD 50 0A 57 D5 53 (19)
                              [N3:X] TPOS 'E' 255 253 80 10 (-176118)
2026-01-19 16:39:38:565 [IN ] C8 24 06 0E 25 A5 06 01 31 06 81 45 00 0C FF 47 56 BF 53 (19)
                              [N6:H] TPOS 'E' 0 12 255 71 (851783)
2026-01-19 16:39:38:789 [OUT] 25 A5 01 05 31 02 D8 3F 50 D8 (10)
                              [N5:V] INTERRUPT '?'
2026-01-19 16:39:39:092 [IN ] C8 24 05 0C 25 A5 05 01 31 04 D8 3A 01 01 4F 7A 56 C8 24 09 0E 25 A5 09 01 31 06 81 45 FF FF DC 00 E1 25 53 (36)
                              [N5:V] INTERRUPT ':' 1 1 (257)
                              [N9:P] TPOS 'E' 255 255 220 0 (-9216)
2026-01-19 16:39:39:114 [OUT] 25 A5 01 05 31 03 C9 3D 0B 4B 06 (11)
                              [N5:V] LFLAG '=' 11 (11)
2026-01-19 16:39:39:135 [OUT] 25 A5 01 08 31 02 D8 3F 53 E7 (10)
                              [N8:R] INTERRUPT '?'
2026-01-19 16:39:39:437 [IN ] C8 24 05 0B 25 A5 05 01 31 03 C9 3A 0B 48 04 00 C8 24 08 0C 25 A5 08 01 31 04 D8 3A 01 01 52 92 E1 (33)
                              [N5:V] LFLAG ':' 11 (11)
                              [N8:R] INTERRUPT ':' 1 1 (257)
2026-01-19 16:39:39:459 [OUT] 25 A5 01 05 31 03 88 FF B0 71 6C (11)
                              [N5:V] RUN 255 176 (-80)
2026-01-19 16:39:39:481 [OUT] 25 A5 01 08 31 03 CA 3D 0B 4F 1B (11)
                              [N8:R] RFLAG '=' 11 (11)
2026-01-19 16:39:39:627 [IN ] C8 24 05 0C 25 A5 05 01 31 04 88 53 FF B0 C5 30 E1 (17)
                              [N5:V] RUN 'S' 255 176 (-80)
2026-01-19 16:39:39:733 [IN ] C8 24 08 0B 25 A5 08 01 31 03 CA 3A 0B 4C 1C 30 (16)
                              [N8:R] RFLAG ':' 11 (11)
2026-01-19 16:39:39:756 [OUT] 25 A5 01 08 31 03 88 00 50 15 20 (11)
                              [N8:R] RUN 0 80 (80)
2026-01-19 16:39:39:922 [IN ] C8 24 08 0C 25 A5 08 01 31 04 88 53 00 50 69 EA E1 (17)
                              [N8:R] RUN 'S' 0 80 (80)
2026-01-19 16:39:44:938 [IN ] C8 24 07 0E 25 A5 07 01 31 06 81 45 FF AB 14 97 5A 1C 53 C8 24 05 0B 25 A5 05 01 31 03 81 5A 4C 61 AD 97 C8 24 05 0A 25 A5 05 01 31 02 81 49 03 38 AD (50)
                              [N7:N] TPOS 'E' 255 171 20 151 (-5565289)
                              [N5:V] TPOS 'Z' 76 (76)
                              [N5:V] TPOS 'I'
2026-01-19 16:39:45:163 [OUT] 25 A5 01 05 31 03 C9 3D 09 49 04 (11)
                              [N5:V] LFLAG '=' 9 (9)
2026-01-19 16:39:45:186 [OUT] 25 A5 01 07 31 05 81 FF F3 35 BF A5 39 (13)
                              [N7:N] TPOS 255 243 53 191 (-838209)
2026-01-19 16:39:45:331 [IN ] C8 24 05 0B 25 A5 05 01 31 03 C9 3A 09 46 02 97 (16)
                              [N5:V] LFLAG ':' 9 (9)
2026-01-19 16:39:45:353 [OUT] 25 A5 01 05 31 03 84 00 50 0E 02 (11)
                              [N5:V] VEL 0 80 (80)
2026-01-19 16:39:45:458 [IN ] C8 24 07 0E 25 A5 07 01 31 06 81 53 FF AB 14 98 69 63 53 (19)
                              [N7:N] TPOS 'S' 255 171 20 152 (-5565288)
2026-01-19 16:39:45:564 [IN ] C8 24 05 0C 25 A5 05 01 31 04 84 53 00 50 62 C2 69 (17)
                              [N5:V] VEL 'S' 0 80 (80)
2026-01-19 16:39:45:586 [OUT] 25 A5 01 05 31 05 81 00 19 82 3C 94 B6 (13)
                              [N5:V] TPOS 0 25 130 60 (1671740)
2026-01-19 16:39:45:753 [IN ] C8 24 05 0E 25 A5 05 01 31 06 81 53 00 00 00 00 (16)
2026-01-19 16:39:45:776 [IN ] 11 92 53 (3)
                              [N5:V] TPOS 'S' 0 0 0 0 (0)
2026-01-19 16:39:45:980 [IN ] C8 24 0C 0E 25 A5 0C 01 31 06 81 45 FF BC CD C5 57 21 53 (19)
                              [N12:Z] TPOS 'E' 255 188 205 197 (-4403771)
2026-01-19 16:39:46:407 [OUT] 25 A5 01 0C 31 05 81 FF D1 1A 67 15 6D (13)
                              [N12:Z] TPOS 255 209 26 103 (-3073433)
2026-01-19 16:39:46:598 [IN ] C8 24 0C 0E 25 A5 0C 01 31 06 81 53 FF BC CD EF 8F 91 53 (19)
                              [N12:Z] TPOS 'S' 255 188 205 239 (-4403729)
2026-01-19 16:39:47:003 [IN ] C8 24 08 0B 25 A5 08 01 31 03 81 5A 52 6A C8 EF C8 24 08 0A 25 A5 08 01 31 02 81 49 06 4A C8 (31)
                              [N8:R] TPOS 'Z' 82 (82)
                              [N8:R] TPOS 'I'
2026-01-19 16:39:47:229 [OUT] 25 A5 01 08 31 03 CA 3D 09 4D 19 (11)
                              [N8:R] RFLAG '=' 9 (9)
2026-01-19 16:39:47:399 [IN ] C8 24 08 0B 25 A5 08 01 31 03 CA 3A 09 4A 1A EF (16)
                              [N8:R] RFLAG ':' 9 (9)
2026-01-19 16:39:47:421 [OUT] 25 A5 01 08 31 05 81 FF DC 77 1D 2F DE (13)
                              [N8:R] TPOS 255 220 119 29 (-2328803)
2026-01-19 16:39:47:609 [IN ] C8 24 08 0E 25 A5 08 01 31 06 81 53 FF FF FF D8 E9 7F 53 (19)
                              [N8:R] TPOS 'S' 255 255 255 216 (-40)
2026-01-19 16:39:53:425 [IN ] C8 24 0C 0E 25 A5 0C 01 31 06 81 45 FF D1 1C AB A1 E4 53 (19)
                              [N12:Z] TPOS 'E' 255 209 28 171 (-3072853)
2026-01-19 16:39:53:828 [IN ] C8 24 05 0E 25 A5 05 01 31 06 81 45 00 19 86 6F 11 12 53 (19)
                              [N5:V] TPOS 'E' 0 25 134 111 (1672815)
2026-01-19 16:39:54:257 [OUT] 25 A5 01 05 31 05 81 00 0D 03 C1 8E 19 (13)
                              [N5:V] TPOS 0 13 3 193 (852929)
2026-01-19 16:39:54:446 [IN ] C8 24 05 0E 25 A5 05 01 31 06 81 53 00 19 86 6F 1F 58 53 (19)
                              [N5:V] TPOS 'S' 0 25 134 111 (1672815)
2026-01-19 16:40:00:063 [IN ] C8 24 05 0E 25 A5 05 01 31 06 81 45 00 0D 02 52 64 C9 53 (19)
                              [N5:V] TPOS 'E' 0 13 2 82 (852562)
2026-01-19 16:40:00:288 [OUT] 25 A5 01 03 31 05 81 FF ED B1 30 88 70 (13)
                              [N3:X] TPOS 255 237 177 48 (-1199824)
2026-01-19 16:40:00:311 [OUT] 25 A5 01 04 31 05 81 FF F3 BD 0C 77 7E (13)
                              [N4:Y] TPOS 255 243 189 12 (-803572)
2026-01-19 16:40:00:480 [IN ] C8 24 03 0E 25 A5 03 01 31 06 81 53 FF FD 50 0A 65 1B 53 (19)
                              [N3:X] TPOS 'S' 255 253 80 10 (-176118)
2026-01-19 16:40:00:606 [IN ] C8 24 04 0E 25 A5 04 01 31 06 81 53 FF FD 4F 9B F6 B4 53 (19)
                              [N4:Y] TPOS 'S' 255 253 79 155 (-176229)
2026-01-19 16:40:00:808 [IN ] C8 24 08 0E 25 A5 08 01 31 06 81 45 FF DC 74 3E 93 20 53 (19)
                              [N8:R] TPOS 'E' 255 220 116 62 (-2329538)
2026-01-19 16:40:01:233 [OUT] 25 A5 01 08 31 05 81 FF EE 15 56 18 89 (13)
                              [N8:R] TPOS 255 238 21 86 (-1174186)
2026-01-19 16:40:01:424 [IN ] C8 24 08 0E 25 A5 08 01 31 06 81 53 FF DC 74 40 A3 68 53 (19)
                              [N8:R] TPOS 'S' 255 220 116 64 (-2329536)
2026-01-19 16:40:04:033 [IN ] C8 24 04 0E 25 A5 04 01 31 06 81 45 FF F3 BA BC 6A 47 53 (19)
                              [N4:Y] TPOS 'E' 255 243 186 188 (-804164)
2026-01-19 16:40:05:842 [IN ] C8 24 03 0E 25 A5 03 01 31 06 81 45 FF ED AE 60 FB B7 53 (19)
                              [N3:X] TPOS 'E' 255 237 174 96 (-1200544)
2026-01-19 16:40:06:248 [IN ] C8 24 07 0E 25 A5 07 01 31 06 81 45 FF F3 3A FD 2E A6 53 (19)
                              [N7:N] TPOS 'E' 255 243 58 253 (-836867)
2026-01-19 16:40:08:056 [IN ] C8 24 08 0E 25 A5 08 01 31 06 81 45 FF EE 17 A0 AA FE 53 (19)
                              [N8:R] TPOS 'E' 255 238 23 160 (-1173600)
