2026-01-19 16:44:07:393 [OUT] 25 A5 01 0A 31 05 D6 3D FF 00 00 53 ED (13)
                              [N10:HMI] HMILED '=' 255 0 0 (16711680)
2026-01-19 16:44:07:416 [OUT] 25 A5 01 03 31 02 D8 3F 4E CE (10)
                              [N3:X] INTERRUPT '?'
2026-01-19 16:44:07:717 [IN ] C8 24 0A 0D 25 A5 0A 01 31 05 D6 3A FF 00 00 50 EA D9 C8 24 03 0C 25 A5 03 01 31 04 D8 3A 01 01 4D 6A EA (35)
                              [N10:HMI] HMILED ':' 255 0 0 (16711680)
                              [N3:X] INTERRUPT ':' 1 1 (257)
2026-01-19 16:44:07:741 [OUT] 25 A5 01 09 31 03 C9 3D 09 4D 1C (11)
                              [N9:P] LFLAG '=' 9 (9)
2026-01-19 16:44:07:765 [OUT] 25 A5 01 04 31 02 D8 3F 4F D3 (10)
                              [N4:Y] INTERRUPT '?'
2026-01-19 16:44:08:067 [IN ] C8 24 09 0B 25 A5 09 01 31 03 C9 3A 09 4A 1E 6A C8 24 04 0C 25 A5 04 01 31 04 D8 3A 01 01 4E 72 EA (33)
                              [N9:P] LFLAG ':' 9 (9)
                              [N4:Y] INTERRUPT ':' 1 1 (257)
2026-01-19 16:44:08:087 [OUT] 25 A5 01 09 31 03 CA 3D 09 4E 1F (11)
                              [N9:P] RFLAG '=' 9 (9)
2026-01-19 16:44:08:110 [OUT] 25 A5 01 0C 31 02 D8 3F 57 FB (10)
                              [N12:Z] INTERRUPT '?'
2026-01-19 16:44:08:412 [IN ] C8 24 09 0B 25 A5 09 01 31 03 CA 3A 09 4B 21 72 C8 24 0C 0C 25 A5 0C 01 31 04 D8 3A 01 01 56 B2 EA (33)
                              [N9:P] RFLAG ':' 9 (9)
                              [N12:Z] INTERRUPT ':' 1 1 (257)
2026-01-19 16:44:08:433 [OUT] 25 A5 01 08 31 03 C9 3D 09 4C 16 (11)
                              [N8:R] LFLAG '=' 9 (9)
2026-01-19 16:44:08:455 [OUT] 25 A5 01 03 31 03 C9 3D 0B 49 FA (11)
                              [N3:X] LFLAG '=' 11 (11)
2026-01-19 16:44:08:479 [OUT] 25 A5 01 04 31 03 C9 3D 0B 4A 00 (11)
                              [N4:Y] LFLAG '=' 11 (11)
2026-01-19 16:44:08:502 [OUT] 25 A5 01 0C 31 03 C9 3D 0B 52 30 (11)
                              [N12:Z] LFLAG '=' 11 (11)
2026-01-19 16:44:08:608 [IN ] C8 24 08 0B 25 A5 08 01 31 03 C9 3A 09 49 17 B2 (16)
                              [N8:R] LFLAG ':' 9 (9)
2026-01-19 16:44:08:630 [OUT] 25 A5 01 08 31 03 CA 3D 09 4D 19 (11)
                              [N8:R] RFLAG '=' 9 (9)
2026-01-19 16:44:08:712 [IN ] C8 24 03 0B 25 A5 03 01 31 03 C9 3A 0B 46 F6 B2 (16)
                              [N3:X] LFLAG ':' 11 (11)
2026-01-19 16:44:08:733 [OUT] 25 A5 01 03 31 03 88 00 50 10 02 (11)
                              [N3:X] RUN 0 80 (80)
2026-01-19 16:44:08:817 [IN ] C8 24 04 0B 25 A5 04 01 31 03 C9 3A 0B 47 FD B2 (16)
                              [N4:Y] LFLAG ':' 11 (11)
2026-01-19 16:44:08:839 [OUT] 25 A5 01 04 31 03 88 00 50 11 08 (11)
                              [N4:Y] RUN 0 80 (80)
2026-01-19 16:44:08:926 [IN ] C8 24 0C 0B 25 A5 0C 01 31 03 C9 3A 0B 4F 35 B2 (16)
                              [N12:Z] LFLAG ':' 11 (11)
2026-01-19 16:44:08:948 [OUT] 25 A5 01 0C 31 03 88 00 50 19 38 (11)
                              [N12:Z] RUN 0 80 (80)
2026-01-19 16:44:09:033 [IN ] C8 24 08 0B 25 A5 08 01 31 03 CA 3A 09 4A 1A B2 (16)
                              [N8:R] RFLAG ':' 9 (9)
2026-01-19 16:44:09:137 [IN ] C8 24 03 0C 25 A5 03 01 31 04 88 53 00 50 64 C2 EA (17)
                              [N3:X] RUN 'S' 0 80 (80)
2026-01-19 16:44:09:262 [IN ] C8 24 04 0C 25 A5 04 01 31 04 88 53 00 50 65 CA EA (17)
                              [N4:Y] RUN 'S' 0 80 (80)
2026-01-19 16:44:09:368 [IN ] C8 24 0C 0C 25 A5 0C 01 31 04 88 53 00 50 6D 0A EA (17)
                              [N12:Z] RUN 'S' 0 80 (80)
2026-01-19 16:44:16:189 [IN ] C8 24 04 0B 25 A5 04 01 31 03 81 5A 4C 60 A6 0A C8 24 04 0A 25 A5 04 01 31 02 81 49 02 32 A6 (31)
                              [N4:Y] TPOS 'Z' 76 (76)
                              [N4:Y] TPOS 'I'
2026-01-19 16:44:16:412 [OUT] 25 A5 01 09 31 02 D8 3F 54 EC (10)
                              [N9:P] INTERRUPT '?'
2026-01-19 16:44:16:714 [IN ] C8 24 09 0C 25 A5 09 01 31 04 D8 3A 01 01 53 9A EA (17)
                              [N9:P] INTERRUPT ':' 1 1 (257)
2026-01-19 16:44:16:736 [OUT] 25 A5 01 04 31 03 C9 3D 09 48 FE (11)
                              [N4:Y] LFLAG '=' 9 (9)
2026-01-19 16:44:16:759 [OUT] 25 A5 01 07 31 02 D8 3F 52 E2 (10)
                              [N7:N] INTERRUPT '?'
2026-01-19 16:44:17:061 [IN ] C8 24 04 0B 25 A5 04 01 31 03 C9 3A 09 45 FB 9A C8 24 07 0C 25 A5 07 01 31 04 D8 3A 01 01 51 8A EA (33)
                              [N4:Y] LFLAG ':' 9 (9)
                              [N7:N] INTERRUPT ':' 1 1 (257)
2026-01-19 16:44:17:083 [OUT] 25 A5 01 09 31 03 C9 3D 0B 4F 1E (11)
                              [N9:P] LFLAG '=' 11 (11)
2026-01-19 16:44:17:105 [OUT] 25 A5 01 07 31 03 C9 3D 0B 4D 12 (11)
                              [N7:N] LFLAG '=' 11 (11)
2026-01-19 16:44:17:233 [IN ] C8 24 (2)
2026-01-19 16:44:17:255 [IN ] 09 0B 25 A5 09 01 31 03 C9 3A 0B 4C 20 8A (14)
                              [N9:P] LFLAG ':' 11 (11)
2026-01-19 16:44:17:276 [OUT] 25 A5 01 09 31 03 88 00 50 16 26 (11)
                              [N9:P] RUN 0 80 (80)
2026-01-19 16:44:17:362 [IN ] C8 24 07 0B 25 A5 07 01 31 03 C9 3A 0B 4A 12 8A (16)
                              [N7:N] LFLAG ':' 11 (11)
2026-01-19 16:44:17:386 [OUT] 25 A5 01 07 31 03 88 00 50 14 1A (11)
                              [N7:N] RUN 0 80 (80)
2026-01-19 16:44:17:469 [IN ] C8 24 09 0C 25 A5 09 01 31 04 88 53 00 50 6A F2 EA (17)
                              [N9:P] RUN 'S' 0 80 (80)
2026-01-19 16:44:17:538 [IN ] C8 24 09 0B 25 A5 09 01 31 03 81 5A 4C 65 C9 F2 (16)
                              [N9:P] TPOS 'Z' 76 (76)
2026-01-19 16:44:17:582 [IN ] C8 24 09 0A 25 A5 09 01 31 02 81 49 07 50 C9 C8 24 07 0C 25 A5 07 01 31 04 88 53 00 50 68 E2 EA (32)
                              [N9:P] TPOS 'I'
                              [N7:N] RUN 'S' 0 80 (80)
2026-01-19 16:44:17:805 [OUT] 25 A5 01 09 31 03 C9 3D 09 4D 1C (11)
                              [N9:P] LFLAG '=' 9 (9)
2026-01-19 16:44:17:827 [OUT] 25 A5 01 04 31 05 81 FF EE 88 01 32 FA (13)
                              [N4:Y] TPOS 255 238 136 1 (-1144831)
2026-01-19 16:44:17:975 [IN ] C8 24 09 0B 25 A5 09 01 31 03 C9 3A 09 4A 1E E2 (16)
                              [N9:P] LFLAG ':' 9 (9)
2026-01-19 16:44:18:102 [IN ] C8 24 04 0E 25 A5 (6)
2026-01-19 16:44:18:124 [IN ] 04 01 31 06 81 53 00 00 00 00 10 88 53 (13)
                              [N4:Y] TPOS 'S' 0 0 0 0 (0)
2026-01-19 16:44:19:128 [IN ] C8 24 03 0B 25 A5 03 01 31 03 81 5A 4C 5F 9F 00 C8 24 03 0A 25 A5 03 01 31 02 81 49 01 2C 9F (31)
                              [N3:X] TPOS 'Z' 76 (76)
                              [N3:X] TPOS 'I'
2026-01-19 16:44:19:351 [OUT] 25 A5 01 03 31 03 C9 3D 09 47 F8 (11)
                              [N3:X] LFLAG '=' 9 (9)
2026-01-19 16:44:19:521 [IN ] C8 24 03 0B 25 A5 03 01 31 03 C9 3A 09 44 F4 00 (16)
                              [N3:X] LFLAG ':' 9 (9)
2026-01-19 16:44:21:328 [IN ] C8 24 07 0B 25 A5 07 01 31 03 81 5A 4C 63 BB 00 C8 24 07 0A 25 A5 07 01 31 02 81 49 05 44 BB (31)
                              [N7:N] TPOS 'Z' 76 (76)
                              [N7:N] TPOS 'I'
2026-01-19 16:44:21:552 [OUT] 25 A5 01 07 31 03 C9 3D 09 4B 10 (11)
                              [N7:N] LFLAG '=' 9 (9)
2026-01-19 16:44:21:719 [IN ] C8 24 07 0B 25 A5 07 01 31 03 C9 3A 09 48 10 00 (16)
                              [N7:N] LFLAG ':' 9 (9)
2026-01-19 16:44:24:328 [IN ] C8 24 04 0E 25 A5 04 01 31 06 81 45 FF EE 85 78 EC 8A 53 (19)
                              [N4:Y] TPOS 'E' 255 238 133 120 (-1145480)
2026-01-19 16:44:24:552 [OUT] 25 A5 01 09 31 05 81 FF E7 5D 56 5A 0C (13)
                              [N9:P] TPOS 255 231 93 86 (-1614506)
2026-01-19 16:44:24:574 [OUT] 25 A5 01 04 31 05 81 FF FD 50 01 09 B7 (13)
                              [N4:Y] TPOS 255 253 80 1 (-176127)
2026-01-19 16:44:24:597 [OUT] 25 A5 01 07 31 05 81 FF AB 19 75 F7 DF (13)
                              [N7:N] TPOS 255 171 25 117 (-5564043)
2026-01-19 16:44:24:621 [OUT] 25 A5 01 03 31 05 81 FF EC 4A AB 9B 1A (13)
                              [N3:X] TPOS 255 236 74 171 (-1291605)
2026-01-19 16:44:24:646 [OUT] 25 A5 01 06 31 02 D8 3F 51 DD (10)
                              [N6:H] INTERRUPT '?'
2026-01-19 16:44:24:948 [IN ] C8 24 09 0E 25 A5 09 01 31 06 81 53 FF FF FF F5 07 A6 53 C8 24 04 0E 25 A5 04 01 31 06 81 53 FF EE 85 78 FA D0 53 (38)
                              [N9:P] TPOS 'S' 255 255 255 245 (-11)
                              [N4:Y] TPOS 'S' 255 238 133 120 (-1145480)
2026-01-19 16:44:25:251 [IN ] C8 24 07 0E 25 A5 07 01 31 06 81 53 FF FF FF FC 0C 99 53 C8 24 03 0E 25 A5 03 01 31 06 81 53 00 00 00 00 0F 7E 53 C8 24 06 0C 25 A5 06 01 31 04 D8 3A 01 01 50 82 0F (55)
                              [N7:N] TPOS 'S' 255 255 255 252 (-4)
                              [N3:X] TPOS 'S' 0 0 0 0 (0)
                              [N6:H] INTERRUPT ':' 1 1 (257)
2026-01-19 16:44:25:273 [OUT] 25 A5 01 06 31 03 C9 3D 0B 4C 0C (11)
                              [N6:H] LFLAG '=' 11 (11)
2026-01-19 16:44:25:441 [IN ] C8 24 06 0B 25 A5 06 01 31 03 C9 3A 0B 49 0B 82 (16)
                              [N6:H] LFLAG ':' 11 (11)
2026-01-19 16:44:25:464 [OUT] 25 A5 01 06 31 03 88 FF B0 72 72 (11)
                              [N6:H] RUN 255 176 (-80)
2026-01-19 16:44:25:634 [IN ] C8 24 06 0C 25 A5 06 01 31 04 88 53 FF B0 C6 38 0F (17)
                              [N6:H] RUN 'S' 255 176 (-80)
2026-01-19 16:44:25:837 [IN ] C8 24 0C 0B 25 A5 0C 01 31 03 81 5A 4C 68 DE 38 C8 24 0C 0A 25 A5 0C 01 31 02 81 49 0A 62 DE (31)
                              [N12:Z] TPOS 'Z' 76 (76)
                              [N12:Z] TPOS 'I'
2026-01-19 16:44:26:062 [OUT] 25 A5 01 0C 31 03 C9 3D 09 50 2E (11)
                              [N12:Z] LFLAG '=' 9 (9)
2026-01-19 16:44:26:231 [IN ] C8 24 0C 0B 25 A5 0C 01 31 03 C9 3A 09 4D 33 38 (16)
                              [N12:Z] LFLAG ':' 9 (9)
2026-01-19 16:44:26:253 [OUT] 25 A5 01 0C 31 05 81 FF BC D0 00 4F 33 (13)
                              [N12:Z] TPOS 255 188 208 0 (-4403200)
2026-01-19 16:44:26:443 [IN ] C8 24 0C 0E 25 A5 0C 01 31 06 81 53 FF FF FE D8 EC A5 53 (19)
                              [N12:Z] TPOS 'S' 255 255 254 216 (-296)
2026-01-19 16:44:29:655 [IN ] C8 24 06 0B 25 A5 06 01 31 03 81 5A 4C 62 B4 D8 C8 24 06 0A 25 A5 06 01 31 02 81 49 04 3E B4 (31)
                              [N6:H] TPOS 'Z' 76 (76)
                              [N6:H] TPOS 'I'
2026-01-19 16:44:29:880 [OUT] 25 A5 01 06 31 03 C9 3D 09 4A 0A (11)
                              [N6:H] LFLAG '=' 9 (9)
2026-01-19 16:44:30:048 [IN ] C8 24 06 0B 25 A5 06 01 31 03 C9 3A 09 47 09 D8 (16)
                              [N6:H] LFLAG ':' 9 (9)
2026-01-19 16:44:30:070 [OUT] 25 A5 01 06 31 03 84 00 50 0F 08 (11)
                              [N6:H] VEL 0 80 (80)
2026-01-19 16:44:30:239 [IN ] C8 24 06 0C 25 A5 06 01 31 04 84 53 00 50 63 CA EC (17)
                              [N6:H] VEL 'S' 0 80 (80)
2026-01-19 16:44:30:261 [OUT] 25 A5 01 06 31 05 81 00 19 82 3C 95 BE (13)
                              [N6:H] TPOS 0 25 130 60 (1671740)
2026-01-19 16:44:30:430 [IN ] C8 24 (2)
2026-01-19 16:44:30:451 [IN ] 06 0E 25 A5 06 01 31 06 81 53 00 00 00 05 17 A1 53 (17)
                              [N6:H] TPOS 'S' 0 0 0 5 (5)
2026-01-19 16:44:32:056 [IN ] C8 24 03 0E 25 A5 03 01 31 06 81 45 FF EC 48 5A 8E E2 53 (19)
                              [N3:X] TPOS 'E' 255 236 72 90 (-1292198)
2026-01-19 16:44:32:484 [OUT] 25 A5 01 03 31 05 81 FF FD 50 01 08 AF (13)
                              [N3:X] TPOS 255 253 80 1 (-176127)
2026-01-19 16:44:32:674 [IN ] C8 24 03 0E 25 A5 03 01 31 06 81 53 FF EC 48 5A 9C 28 53 (19)
                              [N3:X] TPOS 'S' 255 236 72 90 (-1292198)
2026-01-19 16:44:33:276 [IN ] C8 24 04 0E 25 A5 04 01 31 06 81 45 FF FD 4F A7 F4 7A 53 (19)
                              [N4:Y] TPOS 'E' 255 253 79 167 (-176217)
2026-01-19 16:44:33:882 [IN ] C8 24 09 0E 25 A5 09 01 31 06 81 45 FF E7 5B F4 3C CF 53 (19)
                              [N9:P] TPOS 'E' 255 231 91 244 (-1614860)
2026-01-19 16:44:34:306 [OUT] 25 A5 01 09 31 05 81 FF FF D9 C8 60 BE (13)
                              [N9:P] TPOS 255 255 217 200 (-9784)
2026-01-19 16:44:34:495 [IN ] C8 24 09 0E 25 A5 09 01 31 06 81 53 FF E7 5B F9 4F 1A 53 (19)
                              [N9:P] TPOS 'S' 255 231 91 249 (-1614855)
2026-01-19 16:44:38:507 [IN ] C8 24 06 0E 25 A5 06 01 31 06 81 45 00 19 85 96 38 41 53 (19)
                              [N6:H] TPOS 'E' 0 25 133 150 (1672598)
2026-01-19 16:44:38:934 [OUT] 25 A5 01 06 31 05 81 00 0D 03 C1 8F 21 (13)
                              [N6:H] TPOS 0 13 3 193 (852929)
2026-01-19 16:44:39:101 [IN ] C8 24 06 0E 25 A5 06 01 31 (9)
2026-01-19 16:44:39:122 [IN ] 06 81 53 00 19 85 94 44 85 53 (10)
                              [N6:H] TPOS 'S' 0 25 133 148 (1672596)
2026-01-19 16:44:42:332 [IN ] C8 24 03 0E 25 A5 03 01 31 06 81 45 FF FD 50 13 60 DE 53 (19)
                              [N3:X] TPOS 'E' 255 253 80 19 (-176109)
2026-01-19 16:44:43:137 [IN ] C8 24 06 0E 25 A5 06 01 31 06 81 45 00 0C FF 5F 6E D7 53 (19)
                              [N6:H] TPOS 'E' 0 12 255 95 (851807)
2026-01-19 16:44:43:360 [OUT] 25 A5 01 05 31 02 D8 3F 50 D8 (10)
                              [N5:V] INTERRUPT '?'
2026-01-19 16:44:43:661 [IN ] C8 24 05 0C 25 A5 05 01 31 04 D8 3A 01 01 4F 7A 6E (17)
                              [N5:V] INTERRUPT ':' 1 1 (257)
2026-01-19 16:44:43:683 [OUT] 25 A5 01 05 31 03 C9 3D 0B 4B 06 (11)
                              [N5:V] LFLAG '=' 11 (11)
2026-01-19 16:44:43:705 [IN ] C8 24 09 0E 25 A5 09 01 31 06 81 45 FF FF DB F6 D6 19 53 (19)
                              [N9:P] TPOS 'E' 255 255 219 246 (-9226)
2026-01-19 16:44:43:749 [OUT] 25 A5 01 08 31 02 D8 3F 53 E7 (10)
                              [N8:R] INTERRUPT '?'
2026-01-19 16:44:44:051 [IN ] C8 24 05 0B 25 A5 05 01 31 03 C9 3A 0B 48 04 F6 C8 24 08 0C 25 A5 08 01 31 04 D8 3A 01 01 52 92 D6 (33)
                              [N5:V] LFLAG ':' 11 (11)
                              [N8:R] INTERRUPT ':' 1 1 (257)
2026-01-19 16:44:44:072 [OUT] 25 A5 01 05 31 03 88 FF B0 71 6C (11)
                              [N5:V] RUN 255 176 (-80)
2026-01-19 16:44:44:094 [OUT] 25 A5 01 08 31 03 CA 3D 0B 4F 1B (11)
                              [N8:R] RFLAG '=' 11 (11)
2026-01-19 16:44:44:241 [IN ] C8 24 05 0C 25 A5 05 01 31 04 88 53 FF B0 C5 30 D6 (17)
                              [N5:V] RUN 'S' 255 176 (-80)
2026-01-19 16:44:44:328 [IN ] C8 24 08 0B 25 A5 08 01 31 03 CA 3A 0B 4C 1C 30 (16)
                              [N8:R] RFLAG ':' 11 (11)
2026-01-19 16:44:44:350 [OUT] 25 A5 01 08 31 03 88 00 50 15 20 (11)
                              [N8:R] RUN 0 80 (80)
2026-01-19 16:44:44:518 [IN ] C8 24 08 0C 25 A5 08 01 31 04 88 53 00 50 69 EA D6 (17)
                              [N8:R] RUN 'S' 0 80 (80)
2026-01-19 16:44:49:334 [IN ] C8 24 07 0E 25 A5 07 01 31 06 81 45 FF AB 14 93 56 18 53 (19)
                              [N7:N] TPOS 'E' 255 171 20 147 (-5565293)
2026-01-19 16:44:49:537 [IN ] C8 24 05 0B 25 A5 05 01 31 03 81 5A 4C 61 AD 93 C8 24 05 0A 25 A5 05 01 31 02 81 49 03 38 AD (31)
                              [N5:V] TPOS 'Z' 76 (76)
                              [N5:V] TPOS 'I'
2026-01-19 16:44:49:761 [OUT] 25 A5 01 07 31 05 81 FF F3 35 BF A5 39 (13)
                              [N7:N] TPOS 255 243 53 191 (-838209)
2026-01-19 16:44:49:786 [OUT] 25 A5 01 05 31 03 C9 3D 09 49 04 (11)
                              [N5:V] LFLAG '=' 9 (9)
2026-01-19 16:44:49:915 [IN ] C8 24 0C 0E 25 A5 0C 01 31 06 81 45 FF BC CD B5 47 11 53 (19)
                              [N12:Z] TPOS 'E' 255 188 205 181 (-4403787)
2026-01-19 16:44:49:960 [IN ] C8 24 07 0E 25 A5 07 01 31 06 81 53 FF AB 14 94 65 5F 53 (19)
                              [N7:N] TPOS 'S' 255 171 20 148 (-5565292)
2026-01-19 16:44:49:982 [OUT] 25 A5 01 0C 31 05 81 FF D1 1A 67 15 6D (13)
                              [N12:Z] TPOS 255 209 26 103 (-3073433)
2026-01-19 16:44:50:046 [IN ] C8 24 05 0B 25 A5 05 01 31 03 C9 3A 09 46 02 94 (16)
                              [N5:V] LFLAG ':' 9 (9)
2026-01-19 16:44:50:069 [OUT] 25 A5 01 05 31 03 84 00 50 0E 02 (11)
                              [N5:V] VEL 0 80 (80)
2026-01-19 16:44:50:196 [IN ] C8 24 0C 0E 25 A5 0C 01 31 06 81 53 FF BC CD D3 73 75 53 (19)
                              [N12:Z] TPOS 'S' 255 188 205 211 (-4403757)
2026-01-19 16:44:50:302 [IN ] C8 24 05 0C 25 A5 05 01 31 04 84 53 00 50 62 C2 73 (17)
                              [N5:V] VEL 'S' 0 80 (80)
2026-01-19 16:44:50:324 [OUT] 25 A5 01 05 31 05 81 00 19 82 3C 94 B6 (13)
                              [N5:V] TPOS 0 25 130 60 (1671740)
2026-01-19 16:44:50:515 [IN ] C8 24 05 0E 25 A5 05 01 31 06 81 53 00 00 00 00 11 92 53 (19)
                              [N5:V] TPOS 'S' 0 0 0 0 (0)
2026-01-19 16:44:51:521 [IN ] C8 24 08 0B 25 A5 08 01 31 03 81 5A 52 6A C8 00 C8 24 08 0A 25 A5 08 01 31 02 81 49 06 4A C8 (31)
                              [N8:R] TPOS 'Z' 82 (82)
                              [N8:R] TPOS 'I'
2026-01-19 16:44:51:745 [OUT] 25 A5 01 08 31 03 CA 3D 09 4D 19 (11)
                              [N8:R] RFLAG '=' 9 (9)
2026-01-19 16:44:51:913 [IN ] C8 24 08 0B 25 A5 08 01 31 03 CA 3A 09 4A 1A 00 (16)
                              [N8:R] RFLAG ':' 9 (9)
2026-01-19 16:44:51:934 [OUT] 25 A5 01 08 31 05 81 FF DC 77 1D 2F DE (13)
                              [N8:R] TPOS 255 220 119 29 (-2328803)
2026-01-19 16:44:52:125 [IN ] C8 24 08 0E 25 A5 08 01 31 06 81 53 FF FF FF DA EB 81 53 (19)
                              [N8:R] TPOS 'S' 255 255 255 218 (-38)
2026-01-19 16:44:56:940 [IN ] C8 24 0C 0E 25 A5 0C 01 31 06 81 45 FF D1 1C BF B5 F8 53 (19)
                              [N12:Z] TPOS 'E' 255 209 28 191 (-3072833)
2026-01-19 16:44:58:546 [IN ] C8 24 05 0E 25 A5 05 01 31 06 81 45 00 19 86 64 06 07 53 (19)
                              [N5:V] TPOS 'E' 0 25 134 100 (1672804)
2026-01-19 16:44:58:974 [OUT] 25 A5 01 05 31 05 81 00 0D 03 C1 8E 19 (13)
                              [N5:V] TPOS 0 13 3 193 (852929)
2026-01-19 16:44:59:163 [IN ] C8 24 05 0E 25 A5 05 01 31 06 81 53 00 19 86 64 14 4D 53 (19)
                              [N5:V] TPOS 'S' 0 25 134 100 (1672804)
2026-01-19 16:45:04:780 [IN ] C8 24 05 0E 25 A5 05 01 31 06 81 45 00 0D 02 2F 41 A6 53 (19)
                              [N5:V] TPOS 'E' 0 13 2 47 (852527)
2026-01-19 16:45:05:004 [OUT] 25 A5 01 03 31 05 81 FF ED B1 30 88 70 (13)
                              [N3:X] TPOS 255 237 177 48 (-1199824)
2026-01-19 16:45:05:026 [OUT] 25 A5 01 04 31 05 81 FF F3 BD 0C 77 7E (13)
                              [N4:Y] TPOS 255 243 189 12 (-803572)
2026-01-19 16:45:05:174 [IN ] C8 24 03 0E 25 A5 03 01 31 06 81 53 FF FD 50 13 6E 24 53 (19)
                              [N3:X] TPOS 'S' 255 253 80 19 (-176109)
2026-01-19 16:45:05:322 [IN ] C8 24 08 0E 25 A5 08 01 31 06 81 45 FF DC 74 75 CA 57 53 C8 24 04 0E 25 A5 04 01 31 06 81 53 FF FD 4F A7 02 C0 53 (38)
                              [N8:R] TPOS 'E' 255 220 116 117 (-2329483)
                              [N4:Y] TPOS 'S' 255 253 79 167 (-176217)
2026-01-19 16:45:05:748 [OUT] 25 A5 01 08 31 05 81 FF EE 15 56 18 89 (13)
                              [N8:R] TPOS 255 238 21 86 (-1174186)
2026-01-19 16:45:05:917 [IN ] C8 24 08 0E 25 A5 08 (7)
2026-01-19 16:45:05:939 [IN ] 01 31 06 81 53 FF DC 74 77 DA 9F 53 (12)
                              [N8:R] TPOS 'S' 255 220 116 119 (-2329481)
2026-01-19 16:45:08:747 [IN ] C8 24 04 0E 25 A5 04 01 31 06 81 45 FF F3 BA 57 05 E2 53 (19)
                              [N4:Y] TPOS 'E' 255 243 186 87 (-804265)
2026-01-19 16:45:10:554 [IN ] C8 24 03 0E 25 A5 03 01 31 06 81 45 FF ED AE 3E D9 95 53 C8 24 07 0E 25 A5 07 01 31 06 81 45 FF F3 3B 14 46 BF 53 (38)
                              [N3:X] TPOS 'E' 255 237 174 62 (-1200578)
                              [N7:N] TPOS 'E' 255 243 59 20 (-836844)
2026-01-19 16:45:12:561 [IN ] C8 24 08 0E 25 A5 08 01 31 06 81 45 FF EE 17 41 4B 9F 53 (19)
                              [N8:R] TPOS 'E' 255 238 23 65 (-1173695)
