2025-07-08 14:43:23:038 [OUT] 25 A5 01 0A 31 05 D6 3D FF 00 00 53 ED (13)
                              [N10:HMI] HMILED '=' 255 0 0 (16711680)
2025-07-08 14:43:23:060 [OUT] 25 A5 01 03 31 02 D8 3F 4E CE (10)
                              [N3:X] INTERRUPT '?'
2025-07-08 14:43:23:361 [IN ] C8 24 0A 0D 25 A5 0A 01 31 05 D6 3A FF 00 00 50 EA 27 C8 24 03 0C 25 A5 03 01 31 04 D8 3A 01 01 4D 6A EA (35)
                              [N10:HMI] HMILED ':' 255 0 0 (16711680)
                              [N3:X] INTERRUPT ':' 1 1 (257)
2025-07-08 14:43:23:383 [OUT] 25 A5 01 09 31 03 C9 3D 09 4D 1C (11)
                              [N9:P] LFLAG '=' 9 (9)
2025-07-08 14:43:23:405 [OUT] 25 A5 01 04 31 02 D8 3F 4F D3 (10)
                              [N4:Y] INTERRUPT '?'
2025-07-08 14:43:23:706 [IN ] C8 24 09 0B 25 A5 09 01 31 03 C9 3A 09 4A 1E 6A C8 24 04 0C 25 A5 04 01 31 04 D8 3A 01 01 4E 72 EA (33)
                              [N9:P] LFLAG ':' 9 (9)
                              [N4:Y] INTERRUPT ':' 1 1 (257)
2025-07-08 14:43:23:727 [OUT] 25 A5 01 09 31 03 CA 3D 09 4E 1F (11)
                              [N9:P] RFLAG '=' 9 (9)
2025-07-08 14:43:23:749 [OUT] 25 A5 01 0C 31 02 D8 3F 57 FB (10)
                              [N12:Z] INTERRUPT '?'
2025-07-08 14:43:24:050 [IN ] C8 24 09 0B 25 A5 09 01 31 03 CA 3A 09 4B 21 72 C8 24 0C 0C 25 A5 0C 01 31 04 D8 3A 01 01 56 B2 EA (33)
                              [N9:P] RFLAG ':' 9 (9)
                              [N12:Z] INTERRUPT ':' 1 1 (257)
2025-07-08 14:43:24:072 [OUT] 25 A5 01 08 31 03 C9 3D 09 4C 16 (11)
                              [N8:R] LFLAG '=' 9 (9)
2025-07-08 14:43:24:094 [OUT] 25 A5 01 03 31 03 C9 3D 0B 49 FA (11)
                              [N3:X] LFLAG '=' 11 (11)
2025-07-08 14:43:24:115 [OUT] 25 A5 01 04 31 03 C9 3D 0B 4A 00 (11)
                              [N4:Y] LFLAG '=' 11 (11)
2025-07-08 14:43:24:135 [OUT] 25 A5 01 0C 31 03 C9 3D 0B 52 30 (11)
                              [N12:Z] LFLAG '=' 11 (11)
2025-07-08 14:43:24:239 [IN ] C8 24 08 0B 25 A5 08 01 31 03 C9 3A 09 49 17 B2 (16)
                              [N8:R] LFLAG ':' 9 (9)
2025-07-08 14:43:24:260 [OUT] 25 A5 01 08 31 03 CA 3D 09 4D 19 (11)
                              [N8:R] RFLAG '=' 9 (9)
2025-07-08 14:43:24:342 [IN ] C8 24 03 0B 25 A5 03 01 31 03 C9 3A 0B 46 F6 B2 (16)
                              [N3:X] LFLAG ':' 11 (11)
2025-07-08 14:43:24:362 [OUT] 25 A5 01 03 31 03 88 00 50 10 02 (11)
                              [N3:X] RUN 0 80 (80)
2025-07-08 14:43:24:465 [IN ] C8 24 04 0B 25 A5 04 01 31 03 C9 3A 0B 47 FD B2 (16)
                              [N4:Y] LFLAG ':' 11 (11)
2025-07-08 14:43:24:486 [OUT] 25 A5 01 04 31 03 88 00 50 11 08 (11)
                              [N4:Y] RUN 0 80 (80)
2025-07-08 14:43:24:547 [IN ] C8 24 0C 0B 25 A5 0C 01 31 03 C9 3A 0B 4F 35 (15)
                              [N12:Z] LFLAG ':' 11 (11)
2025-07-08 14:43:24:568 [OUT] 25 A5 01 0C 31 03 88 00 50 19 38 (11)
                              [N12:Z] RUN 0 80 (80)
2025-07-08 14:43:24:569 [IN ] B2 (1)
2025-07-08 14:43:24:692 [IN ] C8 24 08 0B 25 A5 08 01 31 03 CA 3A 09 4A 1A B2 (16)
                              [N8:R] RFLAG ':' 9 (9)
2025-07-08 14:43:24:796 [IN ] C8 24 03 0C 25 A5 03 01 31 04 88 53 00 50 64 C2 EA (17)
                              [N3:X] RUN 'S' 0 80 (80)
2025-07-08 14:43:24:898 [IN ] C8 24 04 0C 25 A5 04 01 31 04 88 53 00 50 65 CA EA (17)
                              [N4:Y] RUN 'S' 0 80 (80)
2025-07-08 14:43:25:001 [IN ] C8 24 0C 0C 25 A5 0C 01 31 04 88 53 00 50 6D 0A EA (17)
                              [N12:Z] RUN 'S' 0 80 (80)
2025-07-08 14:43:32:018 [IN ] C8 24 04 0B 25 A5 04 01 31 03 81 5A 4C 60 A6 0A C8 24 04 0A 25 A5 04 01 31 02 81 49 02 32 A6 (31)
                              [N4:Y] TPOS 'Z' 76 (76)
                              [N4:Y] TPOS 'I'
2025-07-08 14:43:32:243 [OUT] 25 A5 01 09 31 02 D8 3F 54 EC (10)
                              [N9:P] INTERRUPT '?'
2025-07-08 14:43:32:544 [IN ] C8 24 09 0C 25 A5 09 01 31 04 D8 3A 01 01 53 9A EA (17)
                              [N9:P] INTERRUPT ':' 1 1 (257)
2025-07-08 14:43:32:566 [OUT] 25 A5 01 04 31 03 C9 3D 09 48 FE (11)
                              [N4:Y] LFLAG '=' 9 (9)
2025-07-08 14:43:32:588 [OUT] 25 A5 01 07 31 02 D8 3F 52 E2 (10)
                              [N7:N] INTERRUPT '?'
2025-07-08 14:43:32:889 [IN ] C8 24 04 0B 25 A5 04 01 31 03 C9 3A 09 45 FB 9A C8 24 07 0C 25 A5 07 01 31 04 D8 3A 01 01 51 8A EA (33)
                              [N4:Y] LFLAG ':' 9 (9)
                              [N7:N] INTERRUPT ':' 1 1 (257)
2025-07-08 14:43:32:911 [OUT] 25 A5 01 09 31 03 C9 3D 0B 4F 1E (11)
                              [N9:P] LFLAG '=' 11 (11)
2025-07-08 14:43:32:932 [OUT] 25 A5 01 07 31 03 C9 3D 0B 4D 12 (11)
                              [N7:N] LFLAG '=' 11 (11)
2025-07-08 14:43:33:076 [IN ] C8 24 09 0B 25 A5 09 01 31 03 C9 3A 0B 4C 20 8A (16)
                              [N9:P] LFLAG ':' 11 (11)
2025-07-08 14:43:33:098 [OUT] 25 A5 01 09 31 03 88 00 50 16 26 (11)
                              [N9:P] RUN 0 80 (80)
2025-07-08 14:43:33:181 [IN ] C8 24 07 0B 25 A5 07 01 31 03 C9 3A 0B 4A 12 8A (16)
                              [N7:N] LFLAG ':' 11 (11)
2025-07-08 14:43:33:202 [OUT] 25 A5 01 07 31 03 88 00 50 14 1A (11)
                              [N7:N] RUN 0 80 (80)
2025-07-08 14:43:33:305 [IN ] C8 24 09 0C 25 A5 09 01 31 04 88 53 00 50 6A F2 EA (17)
                              [N9:P] RUN 'S' 0 80 (80)
2025-07-08 14:43:33:368 [IN ] C8 24 09 0B 25 A5 09 01 31 03 81 5A 4C 65 C9 F2 (16)
                              [N9:P] TPOS 'Z' 76 (76)
2025-07-08 14:43:33:409 [IN ] C8 24 07 0C 25 A5 07 01 31 04 88 53 00 50 68 E2 EA C8 24 09 0A 25 A5 09 01 31 02 81 49 07 50 68 (32)
                              [N7:N] RUN 'S' 0 80 (80)
                              [N9:P] TPOS 'I'
2025-07-08 14:43:33:633 [OUT] 25 A5 01 09 31 03 C9 3D 09 4D 1C (11)
                              [N9:P] LFLAG '=' 9 (9)
2025-07-08 14:43:33:654 [OUT] 25 A5 01 04 31 05 81 FF EE 88 01 32 FA (13)
                              [N4:Y] TPOS 255 238 136 1 (-1144831)
2025-07-08 14:43:33:798 [IN ] C8 24 09 0B 25 A5 09 01 31 03 C9 3A 09 4A 1E E2 (16)
                              [N9:P] LFLAG ':' 9 (9)
2025-07-08 14:43:33:942 [IN ] C8 24 04 0E 25 A5 04 01 31 06 81 53 00 00 00 00 10 88 0A (19)
                              [N4:Y] TPOS 'S' 0 0 0 0 (0)
2025-07-08 14:43:36:148 [IN ] C8 24 03 0B 25 A5 03 01 31 03 81 5A 4C 5F 9F 00 C8 24 03 0A 25 A5 03 01 31 02 81 49 01 2C 9F (31)
                              [N3:X] TPOS 'Z' 76 (76)
                              [N3:X] TPOS 'I'
2025-07-08 14:43:36:371 [OUT] 25 A5 01 03 31 03 C9 3D 09 47 F8 (11)
                              [N3:X] LFLAG '=' 9 (9)
2025-07-08 14:43:36:535 [IN ] C8 24 03 0B 25 A5 03 01 31 03 C9 3A 09 44 F4 00 (16)
                              [N3:X] LFLAG ':' 9 (9)
2025-07-08 14:43:37:341 [IN ] C8 24 07 0B 25 A5 07 01 31 03 81 5A 4C 63 BB 00 C8 24 07 0A 25 A5 07 01 31 02 81 49 05 44 BB (31)
                              [N7:N] TPOS 'Z' 76 (76)
                              [N7:N] TPOS 'I'
2025-07-08 14:43:37:565 [OUT] 25 A5 01 07 31 03 C9 3D 09 4B 10 (11)
                              [N7:N] LFLAG '=' 9 (9)
2025-07-08 14:43:37:730 [IN ] C8 24 07 0B 25 A5 07 01 31 03 C9 3A 09 48 10 00 (16)
                              [N7:N] LFLAG ':' 9 (9)
2025-07-08 14:43:40:337 [IN ] C8 24 04 0E 25 A5 04 01 31 06 81 45 FF EE 85 79 ED 8B 0A (19)
                              [N4:Y] TPOS 'E' 255 238 133 121 (-1145479)
2025-07-08 14:43:40:561 [OUT] 25 A5 01 09 31 05 81 FF E7 5D 56 5A 0C (13)
                              [N9:P] TPOS 255 231 93 86 (-1614506)
2025-07-08 14:43:40:583 [OUT] 25 A5 01 04 31 05 81 FF FD 50 01 09 B7 (13)
                              [N4:Y] TPOS 255 253 80 1 (-176127)
2025-07-08 14:43:40:605 [OUT] 25 A5 01 07 31 05 81 FF AB 19 75 F7 DF (13)
                              [N7:N] TPOS 255 171 25 117 (-5564043)
2025-07-08 14:43:40:626 [OUT] 25 A5 01 03 31 05 81 FF EB D8 01 7E 89 (13)
                              [N3:X] TPOS 255 235 216 1 (-1320959)
2025-07-08 14:43:40:648 [OUT] 25 A5 01 06 31 02 D8 3F 51 DD (10)
                              [N6:H] INTERRUPT '?'
2025-07-08 14:43:40:949 [IN ] C8 24 09 0E 25 A5 09 01 31 06 81 53 FF FF FF FA 0C AB 0A C8 24 04 0E 25 A5 04 01 31 06 81 53 FF EE 85 79 FB D1 0A (38)
                              [N9:P] TPOS 'S' 255 255 255 250 (-6)
                              [N4:Y] TPOS 'S' 255 238 133 121 (-1145479)
2025-07-08 14:43:41:250 [IN ] C8 24 07 0E 25 A5 07 01 31 06 81 53 FF FF FF FB 0B 98 0A C8 24 03 0E 25 A5 03 01 31 06 81 53 00 00 00 00 0F 7E 0A C8 24 06 0C 25 A5 06 01 31 04 D8 3A 01 01 50 82 0F (55)
                              [N7:N] TPOS 'S' 255 255 255 251 (-5)
                              [N3:X] TPOS 'S' 0 0 0 0 (0)
                              [N6:H] INTERRUPT ':' 1 1 (257)
2025-07-08 14:43:41:272 [OUT] 25 A5 01 06 31 03 C9 3D 0B 4C 0C (11)
                              [N6:H] LFLAG '=' 11 (11)
2025-07-08 14:43:41:455 [IN ] C8 24 06 0B 25 A5 06 01 31 03 C9 3A 0B 49 0B 82 (16)
                              [N6:H] LFLAG ':' 11 (11)
2025-07-08 14:43:41:477 [OUT] 25 A5 01 06 31 03 88 FF B0 72 72 (11)
                              [N6:H] RUN 255 176 (-80)
2025-07-08 14:43:41:660 [IN ] C8 24 06 0C 25 A5 06 01 31 04 88 53 FF B0 C6 38 0F (17)
                              [N6:H] RUN 'S' 255 176 (-80)
2025-07-08 14:43:42:665 [IN ] C8 24 0C 0B 25 A5 0C 01 31 03 81 5A 4C 68 DE 38 C8 24 0C 0A 25 A5 0C 01 31 02 81 49 0A 62 DE (31)
                              [N12:Z] TPOS 'Z' 76 (76)
                              [N12:Z] TPOS 'I'
2025-07-08 14:43:42:888 [OUT] 25 A5 01 0C 31 03 C9 3D 09 50 2E (11)
                              [N12:Z] LFLAG '=' 9 (9)
2025-07-08 14:43:43:054 [IN ] C8 24 0C 0B 25 A5 0C 01 31 03 C9 3A 09 4D 33 38 (16)
                              [N12:Z] LFLAG ':' 9 (9)
2025-07-08 14:43:43:075 [OUT] 25 A5 01 0C 31 05 81 FF BC D0 00 4F 33 (13)
                              [N12:Z] TPOS 255 188 208 0 (-4403200)
2025-07-08 14:43:43:260 [IN ] C8 24 0C 0E 25 A5 0C 01 31 06 81 53 FF FF FF BF D4 8E 0A (19)
                              [N12:Z] TPOS 'S' 255 255 255 191 (-65)
2025-07-08 14:43:46:669 [IN ] C8 24 06 0B 25 A5 06 01 31 03 81 5A 4C 62 B4 BF C8 24 06 0A 25 A5 06 01 31 02 81 49 04 3E B4 (31)
                              [N6:H] TPOS 'Z' 76 (76)
                              [N6:H] TPOS 'I'
2025-07-08 14:43:46:892 [OUT] 25 A5 01 06 31 03 C9 3D 09 4A 0A (11)
                              [N6:H] LFLAG '=' 9 (9)
2025-07-08 14:43:47:057 [IN ] C8 24 06 0B 25 A5 06 01 31 03 C9 3A 09 47 09 BF (16)
                              [N6:H] LFLAG ':' 9 (9)
2025-07-08 14:43:47:079 [OUT] 25 A5 01 06 31 03 84 00 50 0F 08 (11)
                              [N6:H] VEL 0 80 (80)
2025-07-08 14:43:47:243 [IN ] C8 24 06 0C 25 A5 06 01 31 04 84 53 00 50 63 CA D4 (17)
                              [N6:H] VEL 'S' 0 80 (80)
2025-07-08 14:43:47:265 [OUT] 25 A5 01 06 31 05 81 00 19 82 3C 95 BE (13)
                              [N6:H] TPOS 0 25 130 60 (1671740)
2025-07-08 14:43:47:450 [IN ] C8 24 06 0E 25 A5 06 01 31 06 81 53 00 00 00 01 13 9D 0A (19)
                              [N6:H] TPOS 'S' 0 0 0 1 (1)
2025-07-08 14:43:48:653 [IN ] C8 24 03 0E 25 A5 03 01 31 06 81 45 FF EB D6 8D 4E 2E 0A (19)
                              [N3:X] TPOS 'E' 255 235 214 141 (-1321331)
2025-07-08 14:43:49:078 [OUT] 25 A5 01 03 31 05 81 FF FD 50 01 08 AF (13)
                              [N3:X] TPOS 255 253 80 1 (-176127)
2025-07-08 14:43:49:283 [IN ] C8 24 03 0E 25 A5 03 01 31 06 81 53 FF EB D6 8D 5C 74 0A (19)
                              [N3:X] TPOS 'S' 255 235 214 141 (-1321331)
2025-07-08 14:43:49:684 [IN ] C8 24 04 0E 25 A5 04 01 31 06 81 45 FF FD 4F B7 04 8A 0A (19)
                              [N4:Y] TPOS 'E' 255 253 79 183 (-176201)
2025-07-08 14:43:49:886 [IN ] C8 24 09 0E 25 A5 09 01 31 06 81 45 FF E7 5B 33 7B 0E 0A (19)
                              [N9:P] TPOS 'E' 255 231 91 51 (-1615053)
2025-07-08 14:43:50:311 [OUT] 25 A5 01 09 31 05 81 FF FF D9 C8 60 BE (13)
                              [N9:P] TPOS 255 255 217 200 (-9784)
2025-07-08 14:43:50:515 [IN ] C8 24 09 0E 25 A5 09 01 31 06 81 53 FF E7 5B 39 8F 5A 0A (19)
                              [N9:P] TPOS 'S' 255 231 91 57 (-1615047)
2025-07-08 14:43:56:525 [IN ] C8 24 06 0E 25 A5 06 01 31 06 81 45 00 19 84 F1 92 9A 0A (19)
                              [N6:H] TPOS 'E' 0 25 132 241 (1672433)
2025-07-08 14:43:56:951 [OUT] 25 A5 01 06 31 05 81 00 0D 03 C1 8F 21 (13)
                              [N6:H] TPOS 0 13 3 193 (852929)
2025-07-08 14:43:57:135 [IN ] C8 24 06 0E 25 A5 06 01 31 06 81 53 00 19 84 F1 A0 E0 0A (19)
                              [N6:H] TPOS 'S' 0 25 132 241 (1672433)
2025-07-08 14:43:59:540 [IN ] C8 24 09 0E 25 A5 09 01 31 06 81 45 FF FF DA B2 91 D3 0A (19)
                              [N9:P] TPOS 'E' 255 255 218 178 (-9550)
2025-07-08 14:43:59:764 [OUT] 25 A5 01 08 31 02 D8 3F 53 E7 (10)
                              [N8:R] INTERRUPT '?'
2025-07-08 14:44:00:065 [IN ] C8 24 08 0C 25 A5 08 01 31 04 D8 3A 01 01 52 92 91 (17)
                              [N8:R] INTERRUPT ':' 1 1 (257)
2025-07-08 14:44:00:087 [OUT] 25 A5 01 08 31 03 CA 3D 0B 4F 1B (11)
                              [N8:R] RFLAG '=' 11 (11)
2025-07-08 14:44:00:251 [IN ] C8 24 08 0B 25 A5 08 01 31 03 CA 3A 0B 4C 1C 92 (16)
                              [N8:R] RFLAG ':' 11 (11)
2025-07-08 14:44:00:272 [OUT] 25 A5 01 08 31 03 88 00 50 15 20 (11)
                              [N8:R] RUN 0 80 (80)
2025-07-08 14:44:00:355 [IN ] C8 24 03 0E 25 A5 03 01 31 06 81 45 FF FD 50 1F 6C EA 0A (19)
                              [N3:X] TPOS 'E' 255 253 80 31 (-176097)
2025-07-08 14:44:00:437 [IN ] C8 24 08 0C 25 A5 08 01 31 04 88 53 00 50 69 EA 6C (17)
                              [N8:R] RUN 'S' 0 80 (80)
2025-07-08 14:44:01:039 [IN ] C8 24 06 0E 25 A5 06 01 31 06 81 45 00 0C FE BB C9 31 0A (19)
                              [N6:H] TPOS 'E' 0 12 254 187 (851643)
2025-07-08 14:44:01:262 [OUT] 25 A5 01 05 31 02 D8 3F 50 D8 (10)
                              [N5:V] INTERRUPT '?'
2025-07-08 14:44:01:563 [IN ] C8 24 05 0C 25 A5 05 01 31 04 D8 3A 01 01 4F 7A C9 (17)
                              [N5:V] INTERRUPT ':' 1 1 (257)
2025-07-08 14:44:01:585 [OUT] 25 A5 01 05 31 03 C9 3D 0B 4B 06 (11)
                              [N5:V] LFLAG '=' 11 (11)
2025-07-08 14:44:01:749 [IN ] C8 24 05 0B 25 A5 05 01 31 03 C9 3A 0B 48 04 7A (16)
                              [N5:V] LFLAG ':' 11 (11)
2025-07-08 14:44:01:770 [OUT] 25 A5 01 05 31 03 88 FF B0 71 6C (11)
                              [N5:V] RUN 255 176 (-80)
2025-07-08 14:44:01:934 [IN ] C8 24 05 0C 25 A5 05 01 31 04 88 53 FF B0 C5 30 C9 (17)
                              [N5:V] RUN 'S' 255 176 (-80)
2025-07-08 14:44:06:143 [IN ] C8 24 07 0E 25 A5 07 01 31 06 81 45 FF AB 14 9E 61 23 0A (19)
                              [N7:N] TPOS 'E' 255 171 20 158 (-5565282)
2025-07-08 14:44:06:569 [OUT] 25 A5 01 07 31 05 81 FF F3 35 BF A5 39 (13)
                              [N7:N] TPOS 255 243 53 191 (-838209)
2025-07-08 14:44:06:569 [IN ] C8 24 08 0B 25 A5 08 01 31 03 81 5A 52 6A C8 9E (16)
                              [N8:R] TPOS 'Z' 82 (82)
2025-07-08 14:44:06:591 [IN ] C8 24 08 0A 25 A5 08 01 31 02 81 (11)
2025-07-08 14:44:06:612 [IN ] 49 06 4A C8 (4)
                              [N8:R] TPOS 'I'
2025-07-08 14:44:06:654 [OUT] 25 A5 01 08 31 03 CA 3D 09 4D 19 (11)
                              [N8:R] RFLAG '=' 9 (9)
2025-07-08 14:44:06:756 [IN ] C8 24 07 0E 25 A5 07 01 31 06 81 53 FF AB 14 9E 6F 69 0A (19)
                              [N7:N] TPOS 'S' 255 171 20 158 (-5565282)
2025-07-08 14:44:06:859 [IN ] C8 24 (2)
2025-07-08 14:44:06:880 [IN ] 08 0B 25 A5 08 01 31 03 CA 3A 09 4A 1A 9E (14)
                              [N8:R] RFLAG ':' 9 (9)
2025-07-08 14:44:06:901 [OUT] 25 A5 01 08 31 05 81 FF DC 77 1D 2F DE (13)
                              [N8:R] TPOS 255 220 119 29 (-2328803)
2025-07-08 14:44:06:923 [IN ] C8 24 05 0B 25 A5 05 01 31 03 81 5A 4C 61 AD 9E (16)
                              [N5:V] TPOS 'Z' 76 (76)
2025-07-08 14:44:06:986 [IN ] C8 24 05 0A 25 A5 05 01 31 02 81 49 03 38 AD (15)
                              [N5:V] TPOS 'I'
2025-07-08 14:44:07:028 [OUT] 25 A5 01 05 31 03 C9 3D 09 49 04 (11)
                              [N5:V] LFLAG '=' 9 (9)
2025-07-08 14:44:07:090 [IN ] C8 24 08 0E 25 A5 08 01 31 06 81 53 FF FF FF F8 09 9F 0A (19)
                              [N8:R] TPOS 'S' 255 255 255 248 (-8)
2025-07-08 14:44:07:194 [IN ] C8 24 05 0B 25 A5 05 01 31 03 C9 3A 09 46 02 F8 (16)
                              [N5:V] LFLAG ':' 9 (9)
2025-07-08 14:44:07:215 [OUT] 25 A5 01 05 31 03 84 00 50 0E 02 (11)
                              [N5:V] VEL 0 80 (80)
2025-07-08 14:44:07:378 [IN ] C8 24 05 0C 25 A5 05 01 31 04 84 53 00 50 62 C2 09 (17)
                              [N5:V] VEL 'S' 0 80 (80)
2025-07-08 14:44:07:400 [OUT] 25 A5 01 05 31 05 81 00 19 82 3C 94 B6 (13)
                              [N5:V] TPOS 0 25 130 60 (1671740)
2025-07-08 14:44:07:583 [IN ] C8 24 05 0E 25 A5 05 01 31 06 81 53 00 00 00 00 11 92 0A (19)
                              [N5:V] TPOS 'S' 0 0 0 0 (0)
2025-07-08 14:44:08:987 [IN ] C8 24 0C 0E 25 A5 0C 01 31 06 81 45 FF BC CE 73 06 D1 0A (19)
                              [N12:Z] TPOS 'E' 255 188 206 115 (-4403597)
2025-07-08 14:44:09:412 [OUT] 25 A5 01 0C 31 05 81 FF D1 1A 67 15 6D (13)
                              [N12:Z] TPOS 255 209 26 103 (-3073433)
2025-07-08 14:44:09:597 [IN ] C8 24 0C 0E 25 A5 0C 01 31 06 81 53 FF BC CE 81 22 25 0A (19)
                              [N12:Z] TPOS 'S' 255 188 206 129 (-4403583)
2025-07-08 14:44:15:407 [IN ] C8 24 05 0E 25 A5 05 01 31 06 81 45 00 19 86 31 D3 D4 0A (19)
                              [N5:V] TPOS 'E' 0 25 134 49 (1672753)
2025-07-08 14:44:15:832 [OUT] 25 A5 01 05 31 05 81 00 0D 03 C1 8E 19 (13)
                              [N5:V] TPOS 0 13 3 193 (852929)
2025-07-08 14:44:16:017 [IN ] C8 24 05 0E 25 A5 05 01 31 06 81 53 00 19 86 31 E1 1A 0A (19)
                              [N5:V] TPOS 'S' 0 25 134 49 (1672753)
2025-07-08 14:44:17:220 [IN ] C8 24 0C 0E 25 A5 0C 01 31 06 81 45 FF D1 1C 56 4C 8F 0A (19)
                              [N12:Z] TPOS 'E' 255 209 28 86 (-3072938)
2025-07-08 14:44:19:028 [IN ] C8 24 08 0E 25 A5 08 01 31 06 81 45 FF DC 74 D7 2C B9 0A (19)
                              [N8:R] TPOS 'E' 255 220 116 215 (-2329385)
2025-07-08 14:44:19:453 [OUT] 25 A5 01 08 31 05 81 FF EE 15 56 18 89 (13)
                              [N8:R] TPOS 255 238 21 86 (-1174186)
2025-07-08 14:44:19:637 [IN ] C8 24 08 0E (4)
2025-07-08 14:44:19:658 [IN ] 25 A5 08 01 31 06 81 53 FF DC 74 DD 40 05 0A (15)
                              [N8:R] TPOS 'S' 255 220 116 221 (-2329379)
2025-07-08 14:44:21:261 [IN ] C8 24 05 0E 25 A5 05 01 31 06 81 45 00 0D 02 32 44 A9 0A (19)
                              [N5:V] TPOS 'E' 0 13 2 50 (852530)
2025-07-08 14:44:21:485 [OUT] 25 A5 01 03 31 05 81 FF ED B1 30 88 70 (13)
                              [N3:X] TPOS 255 237 177 48 (-1199824)
2025-07-08 14:44:21:507 [OUT] 25 A5 01 04 31 05 81 FF F3 BD 0C 77 7E (13)
                              [N4:Y] TPOS 255 243 189 12 (-803572)
2025-07-08 14:44:21:672 [IN ] C8 24 03 0E 25 A5 03 01 31 06 81 53 FF FD 50 1F 7A 30 0A (19)
                              [N3:X] TPOS 'S' 255 253 80 31 (-176097)
2025-07-08 14:44:21:815 [IN ] C8 24 04 0E 25 A5 04 01 31 06 81 53 FF FD 4F B7 12 D0 0A (19)
                              [N4:Y] TPOS 'S' 255 253 79 183 (-176201)
2025-07-08 14:44:25:222 [IN ] C8 24 04 0E 25 A5 04 01 31 06 81 45 FF F3 BA 91 3F 1C 0A (19)
                              [N4:Y] TPOS 'E' 255 243 186 145 (-804207)
2025-07-08 14:44:25:825 [IN ] C8 24 08 0E 25 A5 08 01 31 06 81 45 FF EE 18 96 A1 F6 0A (19)
                              [N8:R] TPOS 'E' 255 238 24 150 (-1173354)
2025-07-08 14:44:27:229 [IN ] C8 24 03 0E 25 A5 03 01 31 06 81 45 FF ED AE F8 93 4F 0A (19)
                              [N3:X] TPOS 'E' 255 237 174 248 (-1200392)
2025-07-08 14:44:28:032 [IN ] C8 24 07 0E 25 A5 07 01 31 06 81 45 FF F3 3A 8C BD 35 0A (19)
                              [N7:N] TPOS 'E' 255 243 58 140 (-836980)
