2025-07-08 14:44:38:956 [OUT] 25 A5 01 0A 31 05 D6 3D FF 00 00 53 ED (13)
                              [N10:HMI] HMILED '=' 255 0 0 (16711680)
2025-07-08 14:44:38:978 [OUT] 25 A5 01 03 31 02 D8 3F 4E CE (10)
                              [N3:X] INTERRUPT '?'
2025-07-08 14:44:39:279 [IN ] C8 24 0A 0D 25 A5 0A 01 31 05 D6 3A FF 00 00 50 EA 35 C8 24 03 0C 25 A5 03 01 31 04 D8 3A 01 01 4D 6A EA (35)
                              [N10:HMI] HMILED ':' 255 0 0 (16711680)
                              [N3:X] INTERRUPT ':' 1 1 (257)
2025-07-08 14:44:39:300 [OUT] 25 A5 01 09 31 03 C9 3D 09 4D 1C (11)
                              [N9:P] LFLAG '=' 9 (9)
2025-07-08 14:44:39:323 [OUT] 25 A5 01 04 31 02 D8 3F 4F D3 (10)
                              [N4:Y] INTERRUPT '?'
2025-07-08 14:44:39:625 [IN ] C8 24 09 0B 25 A5 09 01 31 03 C9 3A 09 4A 1E 6A C8 24 04 0C 25 A5 04 01 31 04 D8 3A 01 01 4E 72 EA (33)
                              [N9:P] LFLAG ':' 9 (9)
                              [N4:Y] INTERRUPT ':' 1 1 (257)
2025-07-08 14:44:39:647 [OUT] 25 A5 01 09 31 03 CA 3D 09 4E 1F (11)
                              [N9:P] RFLAG '=' 9 (9)
2025-07-08 14:44:39:668 [OUT] 25 A5 01 0C 31 02 D8 3F 57 FB (10)
                              [N12:Z] INTERRUPT '?'
2025-07-08 14:44:39:969 [IN ] C8 24 09 0B 25 A5 09 01 31 03 CA 3A 09 4B 21 72 C8 24 0C 0C 25 A5 0C 01 31 04 D8 3A 01 01 56 B2 EA (33)
                              [N9:P] RFLAG ':' 9 (9)
                              [N12:Z] INTERRUPT ':' 1 1 (257)
2025-07-08 14:44:39:991 [OUT] 25 A5 01 08 31 03 C9 3D 09 4C 16 (11)
                              [N8:R] LFLAG '=' 9 (9)
2025-07-08 14:44:40:012 [OUT] 25 A5 01 03 31 03 C9 3D 0B 49 FA (11)
                              [N3:X] LFLAG '=' 11 (11)
2025-07-08 14:44:40:033 [OUT] 25 A5 01 04 31 03 C9 3D 0B 4A 00 (11)
                              [N4:Y] LFLAG '=' 11 (11)
2025-07-08 14:44:40:054 [OUT] 25 A5 01 0C 31 03 C9 3D 0B 52 30 (11)
                              [N12:Z] LFLAG '=' 11 (11)
2025-07-08 14:44:40:156 [IN ] C8 24 08 0B 25 A5 08 01 31 03 C9 3A 09 49 17 B2 (16)
                              [N8:R] LFLAG ':' 9 (9)
2025-07-08 14:44:40:178 [OUT] 25 A5 01 08 31 03 CA 3D 09 4D 19 (11)
                              [N8:R] RFLAG '=' 9 (9)
2025-07-08 14:44:40:260 [IN ] C8 24 03 0B 25 A5 03 01 31 03 C9 3A 0B 46 F6 B2 (16)
                              [N3:X] LFLAG ':' 11 (11)
2025-07-08 14:44:40:282 [OUT] 25 A5 01 03 31 03 88 00 50 10 02 (11)
                              [N3:X] RUN 0 80 (80)
2025-07-08 14:44:40:384 [IN ] C8 24 04 0B 25 A5 04 01 31 03 C9 3A 0B 47 FD B2 (16)
                              [N4:Y] LFLAG ':' 11 (11)
2025-07-08 14:44:40:405 [OUT] 25 A5 01 04 31 03 88 00 50 11 08 (11)
                              [N4:Y] RUN 0 80 (80)
2025-07-08 14:44:40:487 [IN ] C8 24 0C 0B 25 A5 0C 01 31 03 C9 3A 0B 4F 35 B2 (16)
                              [N12:Z] LFLAG ':' 11 (11)
2025-07-08 14:44:40:509 [OUT] 25 A5 01 0C 31 03 88 00 50 19 38 (11)
                              [N12:Z] RUN 0 80 (80)
2025-07-08 14:44:40:590 [IN ] C8 24 08 0B 25 A5 08 01 31 03 CA 3A 09 4A 1A B2 (16)
                              [N8:R] RFLAG ':' 9 (9)
2025-07-08 14:44:40:714 [IN ] C8 24 03 0C 25 A5 03 01 31 04 88 53 00 50 64 C2 EA (17)
                              [N3:X] RUN 'S' 0 80 (80)
2025-07-08 14:44:40:818 [IN ] C8 24 04 0C 25 A5 04 01 31 04 88 53 00 50 65 CA EA (17)
                              [N4:Y] RUN 'S' 0 80 (80)
2025-07-08 14:44:40:920 [IN ] C8 24 0C 0C 25 A5 0C 01 31 04 88 53 00 50 6D 0A EA (17)
                              [N12:Z] RUN 'S' 0 80 (80)
2025-07-08 14:44:47:937 [IN ] C8 24 04 0B 25 A5 04 01 31 03 81 5A 4C 60 A6 0A C8 24 04 0A 25 A5 04 01 31 02 81 49 02 32 A6 (31)
                              [N4:Y] TPOS 'Z' 76 (76)
                              [N4:Y] TPOS 'I'
2025-07-08 14:44:48:161 [OUT] 25 A5 01 09 31 02 D8 3F 54 EC (10)
                              [N9:P] INTERRUPT '?'
2025-07-08 14:44:48:462 [IN ] C8 24 09 0C 25 A5 09 01 31 04 D8 3A 01 01 53 9A EA (17)
                              [N9:P] INTERRUPT ':' 1 1 (257)
2025-07-08 14:44:48:484 [OUT] 25 A5 01 04 31 03 C9 3D 09 48 FE (11)
                              [N4:Y] LFLAG '=' 9 (9)
2025-07-08 14:44:48:506 [OUT] 25 A5 01 07 31 02 D8 3F 52 E2 (10)
                              [N7:N] INTERRUPT '?'
2025-07-08 14:44:48:807 [IN ] C8 24 04 0B 25 A5 04 01 31 03 C9 3A 09 45 FB 9A C8 24 07 0C 25 A5 07 01 31 04 D8 3A 01 01 51 8A EA (33)
                              [N4:Y] LFLAG ':' 9 (9)
                              [N7:N] INTERRUPT ':' 1 1 (257)
2025-07-08 14:44:48:829 [OUT] 25 A5 01 09 31 03 C9 3D 0B 4F 1E (11)
                              [N9:P] LFLAG '=' 11 (11)
2025-07-08 14:44:48:850 [OUT] 25 A5 01 07 31 03 C9 3D 0B 4D 12 (11)
                              [N7:N] LFLAG '=' 11 (11)
2025-07-08 14:44:48:992 [IN ] C8 24 09 0B 25 A5 09 01 31 03 C9 3A 0B 4C 20 8A (16)
                              [N9:P] LFLAG ':' 11 (11)
2025-07-08 14:44:49:014 [OUT] 25 A5 01 09 31 03 88 00 50 16 26 (11)
                              [N9:P] RUN 0 80 (80)
2025-07-08 14:44:49:096 [IN ] C8 24 07 (3)
2025-07-08 14:44:49:117 [IN ] 0B 25 A5 07 01 31 03 C9 3A 0B 4A 12 8A (13)
                              [N7:N] LFLAG ':' 11 (11)
2025-07-08 14:44:49:137 [OUT] 25 A5 01 07 31 03 88 00 50 14 1A (11)
                              [N7:N] RUN 0 80 (80)
2025-07-08 14:44:49:220 [IN ] C8 24 09 0C 25 A5 09 01 31 04 88 53 00 50 6A F2 EA (17)
                              [N9:P] RUN 'S' 0 80 (80)
2025-07-08 14:44:49:283 [IN ] C8 24 09 0B 25 A5 09 01 31 03 81 5A 4C 65 C9 F2 (16)
                              [N9:P] TPOS 'Z' 76 (76)
2025-07-08 14:44:49:324 [IN ] C8 24 07 0C 25 A5 07 01 31 04 88 53 00 50 68 E2 EA C8 24 09 0A 25 A5 09 01 (25)
                              [N7:N] RUN 'S' 0 80 (80)
2025-07-08 14:44:49:526 [IN ] 31 02 81 49 07 50 68 (7)
                              [N9:P] TPOS 'I'
2025-07-08 14:44:49:750 [OUT] 25 A5 01 09 31 03 C9 3D 09 4D 1C (11)
                              [N9:P] LFLAG '=' 9 (9)
2025-07-08 14:44:49:772 [OUT] 25 A5 01 04 31 05 81 FF EE 88 01 32 FA (13)
                              [N4:Y] TPOS 255 238 136 1 (-1144831)
2025-07-08 14:44:49:916 [IN ] C8 24 09 0B 25 A5 09 01 31 03 C9 3A 09 4A 1E E2 (16)
                              [N9:P] LFLAG ':' 9 (9)
2025-07-08 14:44:50:038 [IN ] C8 24 04 0E 25 A5 04 01 31 06 81 53 00 00 00 00 10 88 0A (19)
                              [N4:Y] TPOS 'S' 0 0 0 0 (0)
2025-07-08 14:44:51:845 [IN ] C8 24 03 0B 25 A5 03 01 31 03 81 5A 4C 5F 9F 00 C8 24 03 0A 25 A5 03 01 31 02 81 49 01 2C 9F (31)
                              [N3:X] TPOS 'Z' 76 (76)
                              [N3:X] TPOS 'I'
2025-07-08 14:44:52:069 [OUT] 25 A5 01 03 31 03 C9 3D 09 47 F8 (11)
                              [N3:X] LFLAG '=' 9 (9)
2025-07-08 14:44:52:234 [IN ] C8 24 03 0B 25 A5 03 01 31 03 C9 3A 09 44 F4 00 (16)
                              [N3:X] LFLAG ':' 9 (9)
2025-07-08 14:44:53:238 [IN ] C8 24 07 0B 25 A5 07 01 31 03 81 5A 4C 63 BB 00 C8 24 07 0A 25 A5 07 01 31 02 81 49 05 44 BB (31)
                              [N7:N] TPOS 'Z' 76 (76)
                              [N7:N] TPOS 'I'
2025-07-08 14:44:53:462 [OUT] 25 A5 01 07 31 03 C9 3D 09 4B 10 (11)
                              [N7:N] LFLAG '=' 9 (9)
2025-07-08 14:44:53:645 [IN ] C8 24 07 0B 25 A5 07 01 31 03 C9 3A 09 48 10 00 (16)
                              [N7:N] LFLAG ':' 9 (9)
2025-07-08 14:44:56:253 [IN ] C8 24 04 0E 25 A5 04 01 31 06 81 45 FF EE 85 79 ED 8B 0A (19)
                              [N4:Y] TPOS 'E' 255 238 133 121 (-1145479)
2025-07-08 14:44:56:476 [OUT] 25 A5 01 09 31 05 81 FF E7 5D 56 5A 0C (13)
                              [N9:P] TPOS 255 231 93 86 (-1614506)
2025-07-08 14:44:56:498 [OUT] 25 A5 01 04 31 05 81 FF FD 50 01 09 B7 (13)
                              [N4:Y] TPOS 255 253 80 1 (-176127)
2025-07-08 14:44:56:519 [OUT] 25 A5 01 07 31 05 81 FF AB 19 75 F7 DF (13)
                              [N7:N] TPOS 255 171 25 117 (-5564043)
2025-07-08 14:44:56:541 [OUT] 25 A5 01 03 31 05 81 FF EB D8 01 7E 89 (13)
                              [N3:X] TPOS 255 235 216 1 (-1320959)
2025-07-08 14:44:56:563 [OUT] 25 A5 01 06 31 02 D8 3F 51 DD (10)
                              [N6:H] INTERRUPT '?'
2025-07-08 14:44:56:864 [IN ] C8 24 09 0E 25 A5 09 01 31 06 81 53 FF FF FF FB 0D AC 0A C8 24 04 0E 25 A5 04 01 31 06 81 53 FF EE 85 79 FB D1 0A (38)
                              [N9:P] TPOS 'S' 255 255 255 251 (-5)
                              [N4:Y] TPOS 'S' 255 238 133 121 (-1145479)
2025-07-08 14:44:57:166 [IN ] C8 24 07 0E 25 A5 07 01 31 06 81 53 FF FF FF FC 0C 99 0A C8 24 03 0E 25 A5 03 01 31 06 81 53 00 00 00 00 0F 7E 0A C8 24 06 0C 25 A5 06 01 31 04 D8 3A 01 01 50 82 0F (55)
                              [N7:N] TPOS 'S' 255 255 255 252 (-4)
                              [N3:X] TPOS 'S' 0 0 0 0 (0)
                              [N6:H] INTERRUPT ':' 1 1 (257)
2025-07-08 14:44:57:188 [OUT] 25 A5 01 06 31 03 C9 3D 0B 4C 0C (11)
                              [N6:H] LFLAG '=' 11 (11)
2025-07-08 14:44:57:353 [IN ] C8 24 06 0B 25 A5 06 01 31 03 C9 3A 0B 49 0B 82 (16)
                              [N6:H] LFLAG ':' 11 (11)
2025-07-08 14:44:57:374 [OUT] 25 A5 01 06 31 03 88 FF B0 72 72 (11)
                              [N6:H] RUN 255 176 (-80)
2025-07-08 14:44:57:538 [IN ] C8 24 06 0C 25 A5 06 01 31 04 88 53 FF B0 C6 38 0F (17)
                              [N6:H] RUN 'S' 255 176 (-80)
2025-07-08 14:44:58:543 [IN ] C8 24 0C 0B 25 A5 0C 01 31 03 81 5A 4C 68 DE 38 C8 24 0C 0A 25 A5 0C 01 31 02 81 49 0A 62 DE (31)
                              [N12:Z] TPOS 'Z' 76 (76)
                              [N12:Z] TPOS 'I'
2025-07-08 14:44:58:766 [OUT] 25 A5 01 0C 31 03 C9 3D 09 50 2E (11)
                              [N12:Z] LFLAG '=' 9 (9)
2025-07-08 14:44:58:931 [IN ] C8 24 (2)
2025-07-08 14:44:58:951 [IN ] 0C 0B 25 A5 0C 01 31 03 C9 3A 09 4D 33 38 (14)
                              [N12:Z] LFLAG ':' 9 (9)
2025-07-08 14:44:58:972 [OUT] 25 A5 01 0C 31 05 81 FF BC D0 00 4F 33 (13)
                              [N12:Z] TPOS 255 188 208 0 (-4403200)
2025-07-08 14:44:59:158 [IN ] C8 24 0C 0E 25 A5 0C 01 31 06 81 53 FF FF FF A7 BC 76 0A (19)
                              [N12:Z] TPOS 'S' 255 255 255 167 (-89)
2025-07-08 14:45:02:569 [IN ] C8 24 06 0B 25 A5 06 01 31 03 81 5A 4C 62 B4 A7 C8 24 06 0A 25 A5 06 01 31 02 81 49 04 3E B4 (31)
                              [N6:H] TPOS 'Z' 76 (76)
                              [N6:H] TPOS 'I'
2025-07-08 14:45:02:793 [OUT] 25 A5 01 06 31 03 C9 3D 09 4A 0A (11)
                              [N6:H] LFLAG '=' 9 (9)
2025-07-08 14:45:02:958 [IN ] C8 24 06 0B 25 A5 06 01 31 03 C9 3A 09 47 09 A7 (16)
                              [N6:H] LFLAG ':' 9 (9)
2025-07-08 14:45:02:979 [OUT] 25 A5 01 06 31 03 84 00 50 0F 08 (11)
                              [N6:H] VEL 0 80 (80)
2025-07-08 14:45:03:144 [IN ] C8 24 06 0C 25 A5 06 01 31 04 84 53 00 50 63 CA BC (17)
                              [N6:H] VEL 'S' 0 80 (80)
2025-07-08 14:45:03:165 [OUT] 25 A5 01 06 31 05 81 00 19 82 3C 95 BE (13)
                              [N6:H] TPOS 0 25 130 60 (1671740)
2025-07-08 14:45:03:348 [IN ] C8 24 06 0E 25 A5 06 01 31 06 81 53 00 00 00 01 13 9D 0A (19)
                              [N6:H] TPOS 'S' 0 0 0 1 (1)
2025-07-08 14:45:04:350 [IN ] C8 24 03 0E 25 A5 03 01 31 06 81 45 FF EB D6 89 4A 2A 0A (19)
                              [N3:X] TPOS 'E' 255 235 214 137 (-1321335)
2025-07-08 14:45:04:777 [OUT] 25 A5 01 03 31 05 81 FF FD 50 01 08 AF (13)
                              [N3:X] TPOS 255 253 80 1 (-176127)
2025-07-08 14:45:04:959 [IN ] C8 24 03 0E 25 A5 03 01 31 06 81 53 FF EB D6 89 58 70 0A (19)
                              [N3:X] TPOS 'S' 255 235 214 137 (-1321335)
2025-07-08 14:45:05:561 [IN ] C8 24 04 0E 25 A5 04 01 31 06 81 45 FF FD 4F AA F7 7D 0A (19)
                              [N4:Y] TPOS 'E' 255 253 79 170 (-176214)
2025-07-08 14:45:05:763 [IN ] C8 24 09 0E 25 A5 09 01 31 06 81 45 FF E7 5B 13 5B EE 0A (19)
                              [N9:P] TPOS 'E' 255 231 91 19 (-1615085)
2025-07-08 14:45:06:188 [OUT] 25 A5 01 09 31 05 81 FF FF D9 C8 60 BE (13)
                              [N9:P] TPOS 255 255 217 200 (-9784)
2025-07-08 14:45:06:374 [IN ] C8 24 09 0E 25 A5 09 01 31 06 81 53 FF E7 5B 18 6E 39 0A (19)
                              [N9:P] TPOS 'S' 255 231 91 24 (-1615080)
2025-07-08 14:45:12:388 [IN ] C8 24 06 0E 25 A5 06 01 31 06 81 45 00 19 85 0A AC B5 0A (19)
                              [N6:H] TPOS 'E' 0 25 133 10 (1672458)
2025-07-08 14:45:12:812 [OUT] 25 A5 01 06 31 05 81 00 0D 03 C1 8F 21 (13)
                              [N6:H] TPOS 0 13 3 193 (852929)
2025-07-08 14:45:12:995 [IN ] C8 24 06 0E 25 A5 06 01 31 06 81 53 00 19 85 0A BA FB 0A (19)
                              [N6:H] TPOS 'S' 0 25 133 10 (1672458)
2025-07-08 14:45:15:400 [IN ] C8 24 09 0E 25 A5 09 01 31 06 81 45 FF FF DA B2 91 D3 0A (19)
                              [N9:P] TPOS 'E' 255 255 218 178 (-9550)
2025-07-08 14:45:15:625 [OUT] 25 A5 01 08 31 02 D8 3F 53 E7 (10)
                              [N8:R] INTERRUPT '?'
2025-07-08 14:45:15:927 [IN ] C8 24 08 0C 25 A5 08 01 31 04 D8 3A 01 01 52 92 91 (17)
                              [N8:R] INTERRUPT ':' 1 1 (257)
2025-07-08 14:45:15:948 [OUT] 25 A5 01 08 31 03 CA 3D 0B 4F 1B (11)
                              [N8:R] RFLAG '=' 11 (11)
2025-07-08 14:45:16:070 [IN ] C8 24 03 0E 25 A5 03 01 31 06 81 45 FF FD 50 21 6E EC 0A (19)
                              [N3:X] TPOS 'E' 255 253 80 33 (-176095)
2025-07-08 14:45:16:112 [IN ] C8 24 08 0B 25 A5 08 01 31 03 CA 3A 0B 4C 1C 21 (16)
                              [N8:R] RFLAG ':' 11 (11)
2025-07-08 14:45:16:133 [OUT] 25 A5 01 08 31 03 88 00 50 15 20 (11)
                              [N8:R] RUN 0 80 (80)
2025-07-08 14:45:16:297 [IN ] C8 24 08 0C 25 A5 08 01 31 04 88 53 00 50 69 EA 6E (17)
                              [N8:R] RUN 'S' 0 80 (80)
2025-07-08 14:45:16:899 [IN ] C8 24 06 0E 25 A5 06 01 31 06 81 45 00 0C FE C4 D2 3A 0A (19)
                              [N6:H] TPOS 'E' 0 12 254 196 (851652)
2025-07-08 14:45:17:122 [OUT] 25 A5 01 05 31 02 D8 3F 50 D8 (10)
                              [N5:V] INTERRUPT '?'
2025-07-08 14:45:17:423 [IN ] C8 24 05 0C 25 A5 05 01 31 04 D8 3A 01 01 4F 7A D2 (17)
                              [N5:V] INTERRUPT ':' 1 1 (257)
2025-07-08 14:45:17:445 [OUT] 25 A5 01 05 31 03 C9 3D 0B 4B 06 (11)
                              [N5:V] LFLAG '=' 11 (11)
2025-07-08 14:45:17:628 [IN ] C8 24 05 0B 25 A5 05 01 31 03 C9 3A 0B 48 04 7A (16)
                              [N5:V] LFLAG ':' 11 (11)
2025-07-08 14:45:17:650 [OUT] 25 A5 01 05 31 03 88 FF B0 71 6C (11)
                              [N5:V] RUN 255 176 (-80)
2025-07-08 14:45:17:815 [IN ] C8 24 05 0C 25 A5 05 01 31 04 88 53 FF B0 C5 30 D2 (17)
                              [N5:V] RUN 'S' 255 176 (-80)
2025-07-08 14:45:22:221 [IN ] C8 24 07 0E 25 A5 07 01 31 06 81 45 FF AB 14 A1 64 26 0A (19)
                              [N7:N] TPOS 'E' 255 171 20 161 (-5565279)
2025-07-08 14:45:22:627 [IN ] C8 24 08 0B 25 A5 08 01 31 03 81 5A 52 6A C8 A1 C8 24 08 0A 25 A5 08 01 31 02 81 49 06 4A C8 (31)
                              [N8:R] TPOS 'Z' 82 (82)
                              [N8:R] TPOS 'I'
2025-07-08 14:45:22:648 [OUT] 25 A5 01 07 31 05 81 FF F3 35 BF A5 39 (13)
                              [N7:N] TPOS 255 243 53 191 (-838209)
2025-07-08 14:45:22:670 [OUT] 25 A5 01 08 31 03 CA 3D 09 4D 19 (11)
                              [N8:R] RFLAG '=' 9 (9)
2025-07-08 14:45:22:834 [IN ] C8 24 05 0B 25 A5 05 01 31 03 81 5A 4C 61 AD A1 C8 24 07 0E 25 A5 07 01 31 06 81 53 FF AB 14 A1 72 6C 0A (35)
                              [N5:V] TPOS 'Z' 76 (76)
                              [N7:N] TPOS 'S' 255 171 20 161 (-5565279)
2025-07-08 14:45:22:856 [IN ] C8 24 05 0A 25 A5 05 01 31 02 81 49 03 38 14 (15)
                              [N5:V] TPOS 'I'
2025-07-08 14:45:22:897 [OUT] 25 A5 01 05 31 03 C9 3D 09 49 04 (11)
                              [N5:V] LFLAG '=' 9 (9)
2025-07-08 14:45:22:919 [IN ] C8 24 08 0B 25 A5 08 01 31 03 CA 3A 09 4A 1A A1 (16)
                              [N8:R] RFLAG ':' 9 (9)
2025-07-08 14:45:22:940 [OUT] 25 A5 01 08 31 05 81 FF DC 77 1D 2F DE (13)
                              [N8:R] TPOS 255 220 119 29 (-2328803)
2025-07-08 14:45:23:062 [IN ] C8 24 05 0B 25 A5 05 01 31 03 C9 3A 09 46 02 A1 (16)
                              [N5:V] LFLAG ':' 9 (9)
2025-07-08 14:45:23:083 [OUT] 25 A5 01 05 31 03 84 00 50 0E 02 (11)
                              [N5:V] VEL 0 80 (80)
2025-07-08 14:45:23:185 [IN ] C8 24 08 0E 25 A5 08 01 31 06 81 53 FF FF FF F3 04 9A 0A (19)
                              [N8:R] TPOS 'S' 255 255 255 243 (-13)
2025-07-08 14:45:23:309 [IN ] C8 24 05 0C 25 A5 05 01 31 04 84 53 00 50 62 C2 04 (17)
                              [N5:V] VEL 'S' 0 80 (80)
2025-07-08 14:45:23:330 [OUT] 25 A5 01 05 31 05 81 00 19 82 3C 94 B6 (13)
                              [N5:V] TPOS 0 25 130 60 (1671740)
2025-07-08 14:45:23:494 [IN ] C8 24 05 0E 25 A5 05 01 31 06 81 53 00 00 00 00 11 92 (18)
                              [N5:V] TPOS 'S' 0 0 0 0 (0)
2025-07-08 14:45:23:695 [IN ] 0A (1)
2025-07-08 14:45:25:099 [IN ] C8 24 0C 0E 25 A5 0C 01 31 06 81 45 FF BC CE 70 03 CE 0A (19)
                              [N12:Z] TPOS 'E' 255 188 206 112 (-4403600)
2025-07-08 14:45:25:525 [OUT] 25 A5 01 0C 31 05 81 FF D1 1A 67 15 6D (13)
                              [N12:Z] TPOS 255 209 26 103 (-3073433)
2025-07-08 14:45:25:708 [IN ] C8 24 0C 0E 25 A5 0C 01 31 06 81 53 FF BC CE 7D 1E 21 0A (19)
                              [N12:Z] TPOS 'S' 255 188 206 125 (-4403587)
2025-07-08 14:45:31:319 [IN ] C8 24 05 0E 25 A5 05 01 31 06 81 45 00 19 86 2F D1 D2 0A (19)
                              [N5:V] TPOS 'E' 0 25 134 47 (1672751)
2025-07-08 14:45:31:745 [OUT] 25 A5 01 05 31 05 81 00 0D 03 C1 8E 19 (13)
                              [N5:V] TPOS 0 13 3 193 (852929)
2025-07-08 14:45:31:930 [IN ] C8 24 05 0E 25 A5 05 01 31 06 81 53 00 19 86 2F DF 18 0A (19)
                              [N5:V] TPOS 'S' 0 25 134 47 (1672751)
2025-07-08 14:45:33:334 [IN ] C8 24 0C 0E 25 A5 0C 01 31 06 81 45 FF D1 1C 67 5D A0 0A (19)
                              [N12:Z] TPOS 'E' 255 209 28 103 (-3072921)
2025-07-08 14:45:35:140 [IN ] C8 24 08 0E 25 A5 08 01 31 06 81 45 FF DC 74 89 DE 6B 0A (19)
                              [N8:R] TPOS 'E' 255 220 116 137 (-2329463)
2025-07-08 14:45:35:564 [OUT] 25 A5 01 08 31 05 81 FF EE 15 56 18 89 (13)
                              [N8:R] TPOS 255 238 21 86 (-1174186)
2025-07-08 14:45:35:750 [IN ] C8 24 08 0E 25 A5 08 01 31 06 81 53 FF DC 74 8F F2 B7 0A (19)
                              [N8:R] TPOS 'S' 255 220 116 143 (-2329457)
2025-07-08 14:45:37:153 [IN ] C8 24 05 0E 25 A5 05 01 31 06 81 45 00 0D 02 0A 1C 81 0A (19)
                              [N5:V] TPOS 'E' 0 13 2 10 (852490)
2025-07-08 14:45:37:377 [OUT] 25 A5 01 03 31 05 81 FF ED B1 30 88 70 (13)
                              [N3:X] TPOS 255 237 177 48 (-1199824)
2025-07-08 14:45:37:399 [OUT] 25 A5 01 04 31 05 81 FF F3 BD 0C 77 7E (13)
                              [N4:Y] TPOS 255 243 189 12 (-803572)
2025-07-08 14:45:37:562 [IN ] C8 24 03 0E 25 A5 03 01 31 06 81 53 FF FD 50 21 7C 32 0A (19)
                              [N3:X] TPOS 'S' 255 253 80 33 (-176095)
2025-07-08 14:45:37:686 [IN ] C8 24 04 0E 25 A5 04 01 31 06 81 53 FF FD 4F AA 05 C3 0A (19)
                              [N4:Y] TPOS 'S' 255 253 79 170 (-176214)
2025-07-08 14:45:41:293 [IN ] C8 24 04 0E 25 A5 04 01 31 06 81 45 FF F3 BA 91 3F 1C 0A (19)
                              [N4:Y] TPOS 'E' 255 243 186 145 (-804207)
2025-07-08 14:45:41:896 [IN ] C8 24 08 0E 25 A5 08 01 31 06 81 45 FF EE 18 91 9C F1 0A (19)
                              [N8:R] TPOS 'E' 255 238 24 145 (-1173359)
2025-07-08 14:45:43:300 [IN ] C8 24 03 0E 25 A5 03 01 31 06 81 45 FF ED AE F8 93 4F 0A (19)
                              [N3:X] TPOS 'E' 255 237 174 248 (-1200392)
2025-07-08 14:45:44:104 [IN ] C8 24 07 0E 25 A5 07 01 31 06 81 45 FF F3 3A 8D BE 36 0A (19)
                              [N7:N] TPOS 'E' 255 243 58 141 (-836979)
