2025-07-08 10:45:44:987 [OUT] 25 A5 01 0B 31 03 88 00 64 2C 46 (11)
                              [N11:NG] RUN 0 100 (100)
2025-07-08 10:45:45:008 [OUT] 25 A5 01 0A 31 05 D6 3D FF 00 00 53 ED (13)
                              [N10:HMI] HMILED '=' 255 0 0 (16711680)
2025-07-08 10:45:45:030 [OUT] 25 A5 01 0C 31 05 81 FF DB 6A 9A A2 5E (13)
                              [N12:Z] TPOS 255 219 106 154 (-2397542)
2025-07-08 10:45:45:152 [IN ] C8 24 0B 0C 25 A5 0B 01 31 04 88 53 00 64 80 16 EB (17)
                              [N11:NG] RUN 'S' 0 100 (100)
2025-07-08 10:45:45:295 [IN ] C8 24 0A 0D 25 A5 0A 01 31 05 D6 3A FF 00 00 50 EA CB (18)
                              [N10:HMI] HMILED ':' 255 0 0 (16711680)
2025-07-08 10:45:45:398 [IN ] C8 24 0C 0E 25 A5 0C 01 31 06 81 53 FF D1 1C 81 85 00 E5 (19)
                              [N12:Z] TPOS 'S' 255 209 28 129 (-3072895)
2025-07-08 10:45:45:799 [IN ] C8 24 0B 0A 25 A5 0B 01 31 02 DE 03 20 D0 1C (15)
                              [N11:NG] NGSWSTATE 3 (3)
2025-07-08 10:45:46:801 [IN ] C8 24 0B 0A 25 A5 0B 01 31 02 DE 03 20 D0 1C (15)
                              [N11:NG] NGSWSTATE 3 (3)
2025-07-08 10:45:47:803 [IN ] C8 24 0B 0A 25 A5 0B 01 31 02 DE 03 20 D0 1C (15)
                              [N11:NG] NGSWSTATE 3 (3)
2025-07-08 10:45:48:806 [IN ] C8 24 0B 0A 25 A5 0B 01 31 02 DE 03 20 D0 1C (15)
                              [N11:NG] NGSWSTATE 3 (3)
2025-07-08 10:45:49:408 [IN ] C8 24 0C 0E 25 A5 0C 01 31 06 81 45 FF DB 6C C7 17 BE E5 (19)
                              [N12:Z] TPOS 'E' 255 219 108 199 (-2396985)
