2026-02-02 10:44:32:094 [OUT] 25 A5 01 0A 31 05 D6 3D FF 00 00 53 ED (13)
                              [N10:HMI] HMILED '=' 255 0 0 (16711680)
2026-02-02 10:44:32:117 [OUT] 25 A5 01 04 31 07 E7 3D 65 00 00 00 B4 7A 90 (15)
                              [N4:Y] LONG32VALUE '=' 'e' 0 0 0 180 (180)
2026-02-02 10:44:32:139 [OUT] 25 A5 01 03 31 07 E7 3D 65 00 00 00 7B 40 4D (15)
                              [N3:X] LONG32VALUE '=' 'e' 0 0 0 123 (123)
2026-02-02 10:44:32:267 [IN ] C8 24 0A 0D 25 A5 0A 01 31 05 D6 3A FF 00 00 50 EA 01 (18)
                              [N10:HMI] HMILED ':' 255 0 0 (16711680)
2026-02-02 10:44:32:437 [IN ] C8 24 04 0F 25 A5 04 01 31 07 E7 3A 65 00 00 00 B4 77 81 02 (20)
                              [N4:Y] LONG32VALUE ':' 'e' 0 0 0 180 (180)
2026-02-02 10:44:32:459 [OUT] 25 A5 01 04 31 05 81 FF F3 27 80 55 C6 (13)
                              [N4:Y] TPOS 255 243 39 128 (-841856)
2026-02-02 10:44:32:586 [IN ] C8 24 03 0F 25 A5 03 01 31 07 E7 3A 65 00 00 00 7B 3D 3D 02 (20)
                              [N3:X] LONG32VALUE ':' 'e' 0 0 0 123 (123)
2026-02-02 10:44:32:607 [OUT] 25 A5 01 03 31 05 81 FF F1 85 E1 11 D5 (13)
                              [N3:X] TPOS 255 241 133 225 (-948767)
2026-02-02 10:44:32:713 [IN ] C8 24 04 0E 25 A5 04 01 31 06 81 53 FF F2 2A 50 7B FE 3D (19)
                              [N4:Y] TPOS 'S' 255 242 42 80 (-906672)
2026-02-02 10:44:32:736 [OUT] 25 A5 01 04 31 01 DB 12 85 (9)
                              [N4:Y] STARTMOVE
2026-02-02 10:44:32:841 [IN ] C8 24 0B 0A 25 A5 0B 01 31 02 DE 00 1D CD 2A C8 24 03 0E 25 A5 03 01 31 06 81 53 FF F0 D7 DE B3 D6 3D (34)
                              [N11:NG] NGSWSTATE 0 (0)
                              [N3:X] TPOS 'S' 255 240 215 222 (-993314)
2026-02-02 10:44:32:863 [OUT] 25 A5 01 03 31 01 DB 11 81 (9)
                              [N3:X] STARTMOVE
2026-02-02 10:44:32:928 [IN ] C8 24 04 0A 25 A5 04 01 31 (9)
2026-02-02 10:44:32:949 [IN ] 02 DB 01 14 9E D7 (6)
                              [N4:Y] STARTMOVE ''
2026-02-02 10:44:33:013 [IN ] C8 24 03 0A 25 A5 03 01 31 02 DB 01 13 98 D7 (15)
                              [N3:X] STARTMOVE ''
2026-02-02 10:44:33:415 [IN ] C8 24 03 0E 25 A5 03 01 31 06 81 45 FF F1 86 DC 53 EF 3D C8 24 04 0E 25 A5 04 01 31 06 81 45 FF F3 28 F4 10 5B 3D (38)
                              [N3:X] TPOS 'E' 255 241 134 220 (-948516)
                              [N4:Y] TPOS 'E' 255 243 40 244 (-841484)
2026-02-02 10:44:33:839 [OUT] 25 A5 01 04 31 07 E7 3D 65 00 00 00 86 4C 62 (15)
                              [N4:Y] LONG32VALUE '=' 'e' 0 0 0 134 (134)
2026-02-02 10:44:33:839 [IN ] C8 24 0B 0A 25 A5 0B 01 31 02 DE 00 1D CD 28 (15)
                              [N11:NG] NGSWSTATE 0 (0)
2026-02-02 10:44:33:861 [OUT] 25 A5 01 03 31 07 E7 3D 65 00 00 00 B4 79 86 (15)
                              [N3:X] LONG32VALUE '=' 'e' 0 0 0 180 (180)
2026-02-02 10:44:34:069 [IN ] C8 24 04 0F 25 A5 04 01 31 07 E7 3A 65 00 00 00 86 49 53 02 (20)
                              [N4:Y] LONG32VALUE ':' 'e' 0 0 0 134 (134)
2026-02-02 10:44:34:090 [OUT] 25 A5 01 04 31 05 81 FF F7 0F D7 98 F9 (13)
                              [N4:Y] TPOS 255 247 15 215 (-585769)
2026-02-02 10:44:34:195 [IN ] C8 24 03 0F 25 A5 03 01 31 07 E7 3A 65 00 00 00 B4 76 76 02 (20)
                              [N3:X] LONG32VALUE ':' 'e' 0 0 0 180 (180)
2026-02-02 10:44:34:216 [OUT] 25 A5 01 03 31 05 81 FF EC 4A 69 59 D8 (13)
                              [N3:X] TPOS 255 236 74 105 (-1291671)
2026-02-02 10:44:34:342 [IN ] C8 24 04 0E 25 A5 04 01 31 06 81 53 FF F3 28 F4 1E A1 76 (19)
                              [N4:Y] TPOS 'S' 255 243 40 244 (-841484)
2026-02-02 10:44:34:364 [OUT] 25 A5 01 04 31 01 DB 12 85 (9)
                              [N4:Y] STARTMOVE
2026-02-02 10:44:34:449 [IN ] C8 24 03 0E 25 A5 03 01 31 06 81 53 FF F1 86 DC 61 35 76 (19)
                              [N3:X] TPOS 'S' 255 241 134 220 (-948516)
2026-02-02 10:44:34:470 [OUT] 25 A5 01 03 31 01 DB 11 81 (9)
                              [N3:X] STARTMOVE
2026-02-02 10:44:34:554 [IN ] C8 24 04 0A 25 A5 04 01 31 02 DB 01 14 9E 86 (15)
                              [N4:Y] STARTMOVE ''
2026-02-02 10:44:34:641 [IN ] C8 24 03 0A 25 A5 03 01 31 02 DB 01 13 98 86 (15)
                              [N3:X] STARTMOVE ''
2026-02-02 10:44:34:843 [IN ] C8 24 0B 0A 25 A5 0B 01 31 02 DE 00 1D CD 86 (15)
                              [N11:NG] NGSWSTATE 0 (0)
2026-02-02 10:44:36:049 [IN ] C8 24 0B 0A 25 A5 0B 01 31 02 DE 00 1D CD 86 C8 24 04 0E 25 A5 04 01 31 06 81 45 FF F7 11 6E 77 B3 76 (34)
                              [N11:NG] NGSWSTATE 0 (0)
                              [N4:Y] TPOS 'E' 255 247 17 110 (-585362)
2026-02-02 10:44:36:450 [IN ] C8 24 03 0E 25 A5 03 01 31 06 81 45 FF EC 47 02 35 88 76 (19)
                              [N3:X] TPOS 'E' 255 236 71 2 (-1292542)
2026-02-02 10:44:36:876 [OUT] 25 A5 01 04 31 03 84 00 50 0D FC (11)
                              [N4:Y] VEL 0 80 (80)
2026-02-02 10:44:36:876 [IN ] C8 24 0B 0A 25 A5 0B 01 31 02 DE 00 1D CD 47 (15)
                              [N11:NG] NGSWSTATE 0 (0)
2026-02-02 10:44:36:898 [OUT] 25 A5 01 03 31 03 84 00 50 0C F6 (11)
                              [N3:X] VEL 0 80 (80)
2026-02-02 10:44:36:921 [OUT] 25 A5 01 09 31 05 81 FF EF E3 71 03 4B (13)
                              [N9:P] TPOS 255 239 227 113 (-1055887)
2026-02-02 10:44:36:943 [OUT] 25 A5 01 07 31 05 81 FF DB 63 30 2C BE (13)
                              [N7:N] TPOS 255 219 99 48 (-2399440)
2026-02-02 10:44:37:048 [IN ] C8 24 04 0C 25 A5 04 01 31 04 84 53 00 50 61 BA 35 (17)
                              [N4:Y] VEL 'S' 0 80 (80)
2026-02-02 10:44:37:070 [OUT] 25 A5 01 04 31 05 81 FF F6 3A 97 82 0C (13)
                              [N4:Y] TPOS 255 246 58 151 (-640361)
2026-02-02 10:44:37:154 [IN ] C8 24 03 0C 25 A5 03 01 31 04 84 53 00 50 60 B2 35 (17)
                              [N3:X] VEL 'S' 0 80 (80)
2026-02-02 10:44:37:175 [OUT] 25 A5 01 03 31 05 81 FF EB 7A 71 90 3D (13)
                              [N3:X] TPOS 255 235 122 113 (-1344911)
2026-02-02 10:44:37:281 [IN ] C8 24 09 0E 25 A5 09 01 31 06 81 53 FF EF 64 25 8C 70 76 (19)
                              [N9:P] TPOS 'S' 255 239 100 37 (-1088475)
2026-02-02 10:44:37:408 [IN ] C8 24 07 0E 25 A5 07 01 31 06 81 53 FF DF 69 F6 50 07 76 (19)
                              [N7:N] TPOS 'S' 255 223 105 246 (-2135562)
2026-02-02 10:44:37:533 [IN ] C8 24 04 0E 25 A5 04 01 31 06 81 53 FF F7 11 6E 85 F9 76 (19)
                              [N4:Y] TPOS 'S' 255 247 17 110 (-585362)
2026-02-02 10:44:37:555 [IN ] C8 24 09 0E 25 A5 09 01 31 06 81 (11)
2026-02-02 10:44:37:576 [IN ] 45 FF EF E6 28 03 31 76 (8)
                              [N9:P] TPOS 'E' 255 239 230 40 (-1055192)
2026-02-02 10:44:37:683 [IN ] C8 24 03 0E 25 A5 03 01 31 06 81 53 FF EC 47 02 43 CE 76 (19)
                              [N3:X] TPOS 'S' 255 236 71 2 (-1292542)
2026-02-02 10:44:37:885 [IN ] C8 24 0B 0A 25 A5 0B 01 31 02 DE 00 1D CD 47 (15)
                              [N11:NG] NGSWSTATE 0 (0)
2026-02-02 10:44:38:086 [IN ] C8 24 04 0E 25 A5 04 01 31 06 81 45 FF F6 38 31 60 C1 76 C8 24 03 0E 25 A5 03 01 31 06 81 45 FF EB 78 43 A6 28 76 (38)
                              [N4:Y] TPOS 'E' 255 246 56 49 (-640975)
                              [N3:X] TPOS 'E' 255 235 120 67 (-1345469)
2026-02-02 10:44:38:689 [IN ] C8 24 07 0E 25 A5 07 01 31 06 81 45 FF DB 5D E4 20 8B 76 (19)
                              [N7:N] TPOS 'E' 255 219 93 228 (-2400796)
