2026-02-02 10:58:30:295 [OUT] 25 A5 01 0A 31 05 D6 3D FF 00 00 53 ED (13)
                              [N10:HMI] HMILED '=' 255 0 0 (16711680)
2026-02-02 10:58:30:318 [OUT] 25 A5 01 04 31 07 E7 3D 65 00 00 00 B4 7A 90 (15)
                              [N4:Y] LONG32VALUE '=' 'e' 0 0 0 180 (180)
2026-02-02 10:58:30:341 [OUT] 25 A5 01 03 31 07 E7 3D 65 00 00 00 A2 67 74 (15)
                              [N3:X] LONG32VALUE '=' 'e' 0 0 0 162 (162)
2026-02-02 10:58:30:447 [IN ] C8 24 0B 0A 25 A5 0B 01 (8)
2026-02-02 10:58:30:469 [IN ] 31 02 DE 03 20 D0 B7 C8 24 0A 0D 25 A5 0A (14)
                              [N11:NG] NGSWSTATE 3 (3)
2026-02-02 10:58:30:492 [IN ] 01 31 05 D6 3A FF 00 00 50 EA 93 (11)
                              [N10:HMI] HMILED ':' 255 0 0 (16711680)
2026-02-02 10:58:30:640 [IN ] C8 24 04 0F 25 A5 04 01 31 07 E7 3A 65 00 00 00 B4 77 81 02 (20)
                              [N4:Y] LONG32VALUE ':' 'e' 0 0 0 180 (180)
2026-02-02 10:58:30:662 [OUT] 25 A5 01 04 31 05 81 FF F0 00 9E 49 8D (13)
                              [N4:Y] TPOS 255 240 0 158 (-1048418)
2026-02-02 10:58:30:787 [IN ] C8 24 03 0F 25 A5 03 01 31 07 E7 3A 65 00 00 00 A2 64 64 02 (20)
                              [N3:X] LONG32VALUE ':' 'e' 0 0 0 162 (162)
2026-02-02 10:58:30:808 [OUT] 25 A5 01 03 31 05 81 FF F1 0A D4 89 D2 (13)
                              [N3:X] TPOS 255 241 10 212 (-980268)
2026-02-02 10:58:30:914 [IN ] C8 24 04 0E 25 A5 04 01 31 06 81 53 FF F3 BA B1 6D 82 64 (19)
                              [N4:Y] TPOS 'S' 255 243 186 177 (-804175)
2026-02-02 10:58:30:935 [OUT] 25 A5 01 04 31 01 DB 12 85 (9)
                              [N4:Y] STARTMOVE
2026-02-02 10:58:31:041 [IN ] C8 24 03 0E 25 A5 03 01 31 06 81 53 FF ED AE F1 9A 8E 64 (19)
                              [N3:X] TPOS 'S' 255 237 174 241 (-1200399)
2026-02-02 10:58:31:063 [OUT] 25 A5 01 03 31 01 DB 11 81 (9)
                              [N3:X] STARTMOVE
2026-02-02 10:58:31:148 [IN ] C8 24 04 0A 25 A5 04 01 31 02 DB 01 14 9E AE (15)
                              [N4:Y] STARTMOVE ''
2026-02-02 10:58:31:233 [IN ] C8 24 03 0A 25 A5 03 01 31 02 DB 01 13 98 AE (15)
                              [N3:X] STARTMOVE ''
2026-02-02 10:58:31:635 [IN ] C8 24 0B 0A 25 A5 0B 01 31 02 DE 03 20 D0 AE (15)
                              [N11:NG] NGSWSTATE 3 (3)
2026-02-02 10:58:32:439 [IN ] C8 24 04 0E 25 A5 04 01 31 06 81 45 FF EF FD 0B F8 10 64 (19)
                              [N4:Y] TPOS 'E' 255 239 253 11 (-1049333)
2026-02-02 10:58:32:641 [IN ] C8 24 03 0E 25 A5 03 01 31 06 81 45 FF F1 0C 4A 47 69 64 C8 24 0B 0A 25 A5 0B 01 31 02 DE 03 20 D0 0C (34)
                              [N3:X] TPOS 'E' 255 241 12 74 (-979894)
                              [N11:NG] NGSWSTATE 3 (3)
2026-02-02 10:58:33:066 [OUT] 25 A5 01 04 31 03 84 00 50 0D FC (11)
                              [N4:Y] VEL 0 80 (80)
2026-02-02 10:58:33:087 [OUT] 25 A5 01 03 31 03 84 00 50 0C F6 (11)
                              [N3:X] VEL 0 80 (80)
2026-02-02 10:58:33:109 [OUT] 25 A5 01 09 31 05 81 FF F3 B9 C4 30 56 (13)
                              [N9:P] TPOS 255 243 185 196 (-804412)
2026-02-02 10:58:33:131 [OUT] 25 A5 01 07 31 05 81 FF BB FE 2E A5 92 (13)
                              [N7:N] TPOS 255 187 254 46 (-4456914)
2026-02-02 10:58:33:236 [IN ] C8 24 04 0C 25 A5 04 01 31 04 84 53 00 50 61 BA 47 (17)
                              [N4:Y] VEL 'S' 0 80 (80)
2026-02-02 10:58:33:257 [OUT] 25 A5 01 04 31 05 81 FF EE FC 13 B8 F4 (13)
                              [N4:Y] TPOS 255 238 252 19 (-1115117)
2026-02-02 10:58:33:342 [IN ] C8 24 03 0C 25 A5 03 01 31 04 84 53 00 50 60 B2 47 (17)
                              [N3:X] VEL 'S' 0 80 (80)
2026-02-02 10:58:33:364 [OUT] 25 A5 01 03 31 05 81 FF F0 72 40 5C 0B (13)
                              [N3:X] TPOS 255 240 114 64 (-1019328)
2026-02-02 10:58:33:470 [IN ] C8 24 09 0E 25 A5 09 01 31 06 81 53 FF F8 EC F3 EB 69 64 (19)
                              [N9:P] TPOS 'S' 255 248 236 243 (-463629)
2026-02-02 10:58:33:492 [IN ] C8 24 0B 0A 25 A5 0B 01 31 02 DE 03 20 D0 EC (15)
                              [N11:NG] NGSWSTATE 3 (3)
2026-02-02 10:58:33:596 [IN ] C8 24 07 0E 25 A5 07 01 31 06 81 53 FF CA 45 71 92 FB 64 (19)
                              [N7:N] TPOS 'S' 255 202 69 113 (-3521167)
2026-02-02 10:58:33:743 [IN ] C8 24 04 0E 25 A5 04 01 31 06 81 53 FF EF FD 0B 06 56 64 (19)
                              [N4:Y] TPOS 'S' 255 239 253 11 (-1049333)
2026-02-02 10:58:33:870 [IN ] C8 24 03 0E 25 A5 03 01 31 06 81 53 FF F1 0C 4A 55 AF 64 (19)
                              [N3:X] TPOS 'S' 255 241 12 74 (-979894)
2026-02-02 10:58:34:273 [IN ] C8 24 03 0E 25 A5 03 01 31 06 81 45 FF F0 6F 9B FA 7D 64 C8 24 04 0E 25 A5 04 01 31 06 81 45 FF EE F9 90 78 8A 64 (38)
                              [N3:X] TPOS 'E' 255 240 111 155 (-1020005)
                              [N4:Y] TPOS 'E' 255 238 249 144 (-1115760)
2026-02-02 10:58:34:674 [IN ] C8 24 0B 0A 25 A5 0B 01 31 02 DE 03 20 D0 F9 (15)
                              [N11:NG] NGSWSTATE 3 (3)
2026-02-02 10:58:35:478 [IN ] C8 24 09 0E 25 A5 09 01 31 06 81 45 FF F3 B7 AB 5B 62 64 (19)
                              [N9:P] TPOS 'E' 255 243 183 171 (-804949)
2026-02-02 10:58:35:680 [IN ] C8 24 0B 0A 25 A5 0B 01 31 02 DE 03 20 D0 B7 (15)
                              [N11:NG] NGSWSTATE 3 (3)
2026-02-02 10:58:36:684 [IN ] C8 24 0B 0A 25 A5 0B 01 31 02 DE 03 20 D0 B7 (15)
                              [N11:NG] NGSWSTATE 3 (3)
2026-02-02 10:58:37:688 [IN ] C8 24 0B 0A 25 A5 0B 01 31 02 DE 03 20 D0 B7 (15)
                              [N11:NG] NGSWSTATE 3 (3)
2026-02-02 10:58:37:890 [IN ] C8 24 07 0E 25 A5 07 01 31 06 81 45 FF BB F9 04 BC 83 64 (19)
                              [N7:N] TPOS 'E' 255 187 249 4 (-4458236)
