2026-02-02 11:30:15:560 [IN ] C8 24 0B 0A 25 A5 0B 01 31 02 DE 00 1D CD 25 (15)
                              [N11:NG] NGSWSTATE 0 (0)
2026-02-02 11:30:15:583 [OUT] 25 A5 01 0A 31 05 D6 3D FF 00 00 53 ED (13)
                              [N10:HMI] HMILED '=' 255 0 0 (16711680)
2026-02-02 11:30:15:605 [OUT] 25 A5 01 04 31 07 E7 3D 65 00 00 00 B4 7A 90 (15)
                              [N4:Y] LONG32VALUE '=' 'e' 0 0 0 180 (180)
2026-02-02 11:30:15:627 [OUT] 25 A5 01 03 31 07 E7 3D 65 00 00 00 95 5A 67 (15)
                              [N3:X] LONG32VALUE '=' 'e' 0 0 0 149 (149)
2026-02-02 11:30:15:775 [IN ] C8 24 0A 0D 25 A5 0A 01 31 05 D6 3A FF 00 00 50 EA 01 (18)
                              [N10:HMI] HMILED ':' 255 0 0 (16711680)
2026-02-02 11:30:15:942 [IN ] C8 24 04 0F 25 A5 04 01 31 07 E7 3A 65 00 00 00 B4 77 81 02 (20)
                              [N4:Y] LONG32VALUE ':' 'e' 0 0 0 180 (180)
2026-02-02 11:30:15:963 [OUT] 25 A5 01 04 31 05 81 FF F4 BA AC 15 1B (13)
                              [N4:Y] TPOS 255 244 186 172 (-738644)
2026-02-02 11:30:16:090 [IN ] C8 24 03 0F 25 A5 03 01 31 07 E7 3A 65 00 00 00 95 57 57 02 (20)
                              [N3:X] LONG32VALUE ':' 'e' 0 0 0 149 (149)
2026-02-02 11:30:16:111 [OUT] 25 A5 01 03 31 05 81 FF ED E4 FB 86 A1 (13)
                              [N3:X] TPOS 255 237 228 251 (-1186565)
2026-02-02 11:30:16:217 [IN ] C8 24 04 0E 25 A5 04 01 31 06 81 53 FF F3 D2 EE C2 EF 57 (19)
                              [N4:Y] TPOS 'S' 255 243 210 238 (-797970)
2026-02-02 11:30:16:237 [OUT] 25 A5 01 04 31 01 DB 12 85 (9)
                              [N4:Y] STARTMOVE
2026-02-02 11:30:16:343 [IN ] C8 24 03 0E 25 A5 03 01 31 06 81 53 FF ED 24 89 A8 12 57 (19)
                              [N3:X] TPOS 'S' 255 237 36 137 (-1235831)
2026-02-02 11:30:16:365 [OUT] 25 A5 01 03 31 01 DB 11 81 (9)
                              [N3:X] STARTMOVE
2026-02-02 11:30:16:428 [IN ] C8 24 04 0A 25 A5 04 01 31 02 DB 01 14 9E 24 (15)
                              [N4:Y] STARTMOVE ''
2026-02-02 11:30:16:511 [IN ] C8 24 03 0A 25 A5 03 01 31 02 DB 01 13 98 24 (15)
                              [N3:X] STARTMOVE ''
2026-02-02 11:30:16:712 [IN ] C8 24 0B 0A 25 A5 0B 01 31 02 DE 00 1D CD 24 (15)
                              [N11:NG] NGSWSTATE 0 (0)
2026-02-02 11:30:16:914 [IN ] C8 24 04 0E 25 A5 04 01 31 06 81 45 FF F4 BC 2D DE BF 57 C8 24 03 0E 25 A5 03 01 31 06 81 45 FF ED E6 41 14 08 57 (38)
                              [N4:Y] TPOS 'E' 255 244 188 45 (-738259)
                              [N3:X] TPOS 'E' 255 237 230 65 (-1186239)
2026-02-02 11:30:17:337 [OUT] 25 A5 01 04 31 07 E7 3D 65 00 00 00 44 0A 20 (15)
                              [N4:Y] LONG32VALUE '=' 'e' 0 0 0 68 (68)
2026-02-02 11:30:17:361 [OUT] 25 A5 01 03 31 07 E7 3D 65 00 00 00 B4 79 86 (15)
                              [N3:X] LONG32VALUE '=' 'e' 0 0 0 180 (180)
2026-02-02 11:30:17:549 [IN ] C8 24 04 0F 25 A5 04 01 31 07 E7 3A 65 00 00 00 44 07 11 02 (20)
                              [N4:Y] LONG32VALUE ':' 'e' 0 0 0 68 (68)
2026-02-02 11:30:17:571 [OUT] 25 A5 01 04 31 05 81 FF F3 5C F6 00 A6 (13)
                              [N4:Y] TPOS 255 243 92 246 (-828170)
2026-02-02 11:30:17:572 [IN ] C8 24 0B 0A 25 A5 0B 01 31 02 DE 00 1D CD 00 (15)
                              [N11:NG] NGSWSTATE 0 (0)
2026-02-02 11:30:17:720 [IN ] C8 24 03 0F 25 A5 03 01 31 07 E7 3A 65 00 00 00 B4 76 76 02 (20)
                              [N3:X] LONG32VALUE ':' 'e' 0 0 0 180 (180)
2026-02-02 11:30:17:742 [OUT] 25 A5 01 03 31 05 81 FF F1 82 1B 48 09 (13)
                              [N3:X] TPOS 255 241 130 27 (-949733)
2026-02-02 11:30:17:826 [IN ] C8 24 04 0E 25 A5 04 01 31 06 81 53 FF F4 BC 2D EC 05 76 (19)
                              [N4:Y] TPOS 'S' 255 244 188 45 (-738259)
2026-02-02 11:30:17:847 [OUT] 25 A5 01 04 31 01 DB 12 85 (9)
                              [N4:Y] STARTMOVE
2026-02-02 11:30:17:973 [IN ] C8 24 03 0E 25 A5 03 01 31 06 81 53 FF ED E6 41 22 4E 76 (19)
                              [N3:X] TPOS 'S' 255 237 230 65 (-1186239)
2026-02-02 11:30:17:996 [OUT] 25 A5 01 03 31 01 DB 11 81 (9)
                              [N3:X] STARTMOVE
2026-02-02 11:30:18:039 [IN ] C8 24 04 0A 25 A5 04 01 31 02 DB 01 14 9E E6 (15)
                              [N4:Y] STARTMOVE ''
2026-02-02 11:30:18:166 [IN ] C8 24 03 0A 25 A5 03 01 31 02 DB 01 13 98 E6 (15)
                              [N3:X] STARTMOVE ''
2026-02-02 11:30:18:567 [IN ] C8 24 0B 0A 25 A5 0B 01 31 02 DE 00 1D CD E6 (15)
                              [N11:NG] NGSWSTATE 0 (0)
2026-02-02 11:30:19:169 [IN ] C8 24 04 0E 25 A5 04 01 31 06 81 45 FF F3 5C F9 49 C8 76 (19)
                              [N4:Y] TPOS 'E' 255 243 92 249 (-828167)
2026-02-02 11:30:19:572 [IN ] C8 24 03 0E 25 A5 03 01 31 06 81 45 FF F1 83 A9 1D B6 76 C8 24 0B 0A 25 A5 0B (26)
                              [N3:X] TPOS 'E' 255 241 131 169 (-949335)
2026-02-02 11:30:19:776 [IN ] 01 31 02 DE 00 1D CD 83 (8)
                              [N11:NG] NGSWSTATE 0 (0)
2026-02-02 11:30:19:999 [OUT] 25 A5 01 04 31 03 84 00 50 0D FC (11)
                              [N4:Y] VEL 0 80 (80)
2026-02-02 11:30:20:020 [OUT] 25 A5 01 03 31 03 84 00 50 0C F6 (11)
                              [N3:X] VEL 0 80 (80)
2026-02-02 11:30:20:042 [OUT] 25 A5 01 09 31 05 81 FF EF 91 E5 25 1B (13)
                              [N9:P] TPOS 255 239 145 229 (-1076763)
2026-02-02 11:30:20:064 [OUT] 25 A5 01 07 31 05 81 FF DD FE 8D 26 57 (13)
                              [N7:N] TPOS 255 221 254 141 (-2228595)
2026-02-02 11:30:20:147 [IN ] C8 24 04 0C 25 A5 04 01 31 04 84 53 00 50 61 BA 1D (17)
                              [N4:Y] VEL 'S' 0 80 (80)
2026-02-02 11:30:20:168 [OUT] 25 A5 01 04 31 05 81 FF F2 63 04 14 BF (13)
                              [N4:Y] TPOS 255 242 99 4 (-892156)
2026-02-02 11:30:20:275 [IN ] C8 24 03 0C 25 A5 03 01 31 04 84 53 00 50 60 B2 1D (17)
                              [N3:X] VEL 'S' 0 80 (80)
2026-02-02 11:30:20:296 [OUT] 25 A5 01 03 31 05 81 FF F0 D5 3C BB CD (13)
                              [N3:X] TPOS 255 240 213 60 (-993988)
2026-02-02 11:30:20:402 [IN ] C8 24 09 0E 25 A5 09 01 31 06 81 53 FF F0 0C 0C 1C AA 76 (19)
                              [N9:P] TPOS 'S' 255 240 12 12 (-1045492)
2026-02-02 11:30:20:549 [IN ] C8 24 07 0E 25 A5 07 01 31 06 81 53 FF DA 25 5E 6F D8 76 (19)
                              [N7:N] TPOS 'S' 255 218 37 94 (-2480802)
2026-02-02 11:30:20:592 [IN ] C8 24 0B 0A 25 A5 0B 01 31 02 DE 00 1D CD 25 (15)
                              [N11:NG] NGSWSTATE 0 (0)
2026-02-02 11:30:20:675 [IN ] C8 24 04 0E 25 A5 04 01 31 06 81 53 FF F3 5C F9 57 0E 76 C8 24 09 0E 25 A5 09 01 31 06 81 45 FF EF 8F 63 E7 BE 76 (38)
                              [N4:Y] TPOS 'S' 255 243 92 249 (-828167)
                              [N9:P] TPOS 'E' 255 239 143 99 (-1077405)
2026-02-02 11:30:20:801 [IN ] C8 24 03 0E 25 A5 03 01 31 06 81 53 FF F1 83 A9 2B FC 76 (19)
                              [N3:X] TPOS 'S' 255 241 131 169 (-949335)
2026-02-02 11:30:21:203 [IN ] C8 24 04 0E 25 A5 04 01 31 06 81 45 FF F2 60 B1 04 85 76 C8 24 03 0E 25 A5 03 01 31 06 81 45 FF F0 D2 A9 6B 51 76 (38)
                              [N4:Y] TPOS 'E' 255 242 96 177 (-892751)
                              [N3:X] TPOS 'E' 255 240 210 169 (-994647)
2026-02-02 11:30:21:605 [IN ] C8 24 0B 0A 25 A5 0B 01 31 02 DE 00 1D CD D2 (15)
                              [N11:NG] NGSWSTATE 0 (0)
2026-02-02 11:30:21:806 [IN ] C8 24 07 0E 25 A5 07 01 31 06 81 45 FF DE 03 B2 97 AE 76 (19)
                              [N7:N] TPOS 'E' 255 222 3 178 (-2227278)
