2026-01-27 11:39:36:314 [OUT] 25 A5 01 0A 31 05 D6 3D FF 00 00 53 ED (13)
                              [N10:HMI] HMILED '=' 255 0 0 (16711680)
2026-01-27 11:39:36:336 [OUT] 25 A5 01 03 31 02 D8 3F 4E CE (10)
                              [N3:X] INTERRUPT '?'
2026-01-27 11:39:36:638 [IN ] C8 24 0A 0D 25 A5 0A 01 31 05 D6 3A FF 00 00 50 EA 0E C8 24 03 0C 25 A5 03 01 31 04 D8 3A 01 01 4D 6A EA (35)
                              [N10:HMI] HMILED ':' 255 0 0 (16711680)
                              [N3:X] INTERRUPT ':' 1 1 (257)
2026-01-27 11:39:36:660 [OUT] 25 A5 01 09 31 03 C9 3D 09 4D 1C (11)
                              [N9:P] LFLAG '=' 9 (9)
2026-01-27 11:39:36:684 [OUT] 25 A5 01 04 31 02 D8 3F 4F D3 (10)
                              [N4:Y] INTERRUPT '?'
2026-01-27 11:39:36:985 [IN ] C8 24 09 0B 25 A5 09 01 31 03 C9 3A 09 4A 1E 6A C8 24 04 0C 25 A5 04 01 31 04 D8 3A 01 01 4E 72 EA (33)
                              [N9:P] LFLAG ':' 9 (9)
                              [N4:Y] INTERRUPT ':' 1 1 (257)
2026-01-27 11:39:37:007 [OUT] 25 A5 01 09 31 03 CA 3D 09 4E 1F (11)
                              [N9:P] RFLAG '=' 9 (9)
2026-01-27 11:39:37:030 [OUT] 25 A5 01 0C 31 02 D8 3F 57 FB (10)
                              [N12:Z] INTERRUPT '?'
2026-01-27 11:39:37:331 [IN ] C8 24 09 0B 25 A5 09 01 31 03 CA 3A 09 4B 21 72 C8 24 0C 0C 25 A5 0C 01 31 04 D8 3A 01 01 56 B2 EA (33)
                              [N9:P] RFLAG ':' 9 (9)
                              [N12:Z] INTERRUPT ':' 1 1 (257)
2026-01-27 11:39:37:353 [OUT] 25 A5 01 08 31 03 C9 3D 09 4C 16 (11)
                              [N8:R] LFLAG '=' 9 (9)
2026-01-27 11:39:37:374 [OUT] 25 A5 01 03 31 03 C9 3D 0B 49 FA (11)
                              [N3:X] LFLAG '=' 11 (11)
2026-01-27 11:39:37:396 [OUT] 25 A5 01 04 31 03 C9 3D 0B 4A 00 (11)
                              [N4:Y] LFLAG '=' 11 (11)
2026-01-27 11:39:37:418 [OUT] 25 A5 01 0C 31 03 C9 3D 0B 52 30 (11)
                              [N12:Z] LFLAG '=' 11 (11)
2026-01-27 11:39:37:524 [IN ] C8 24 08 0B 25 A5 08 01 31 03 C9 3A 09 49 17 B2 (16)
                              [N8:R] LFLAG ':' 9 (9)
2026-01-27 11:39:37:545 [OUT] 25 A5 01 08 31 03 CA 3D 09 4D 19 (11)
                              [N8:R] RFLAG '=' 9 (9)
2026-01-27 11:39:37:630 [IN ] C8 24 03 0B 25 A5 03 01 31 03 C9 3A 0B 46 F6 B2 (16)
                              [N3:X] LFLAG ':' 11 (11)
2026-01-27 11:39:37:653 [OUT] 25 A5 01 03 31 03 88 00 50 10 02 (11)
                              [N3:X] RUN 0 80 (80)
2026-01-27 11:39:37:738 [IN ] C8 24 04 0B 25 A5 04 01 31 03 C9 3A 0B 47 FD B2 (16)
                              [N4:Y] LFLAG ':' 11 (11)
2026-01-27 11:39:37:759 [OUT] 25 A5 01 04 31 03 88 00 50 11 08 (11)
                              [N4:Y] RUN 0 80 (80)
2026-01-27 11:39:37:843 [IN ] C8 24 0C 0B 25 A5 0C 01 31 03 C9 3A 0B 4F 35 B2 (16)
                              [N12:Z] LFLAG ':' 11 (11)
2026-01-27 11:39:37:865 [OUT] 25 A5 01 0C 31 03 88 00 50 19 38 (11)
                              [N12:Z] RUN 0 80 (80)
2026-01-27 11:39:37:970 [IN ] C8 24 08 0B 25 A5 08 01 31 03 CA 3A 09 4A 1A B2 (16)
                              [N8:R] RFLAG ':' 9 (9)
2026-01-27 11:39:38:076 [IN ] C8 24 03 0C 25 A5 03 01 31 04 88 53 00 50 64 C2 EA (17)
                              [N3:X] RUN 'S' 0 80 (80)
2026-01-27 11:39:38:183 [IN ] C8 24 04 0C 25 A5 04 01 31 04 88 53 00 50 65 CA EA (17)
                              [N4:Y] RUN 'S' 0 80 (80)
2026-01-27 11:39:38:288 [IN ] C8 24 0C 0C 25 A5 0C 01 31 04 88 53 00 50 6D 0A EA (17)
                              [N12:Z] RUN 'S' 0 80 (80)
2026-01-27 11:39:45:115 [IN ] C8 24 04 0B 25 A5 04 01 31 03 81 5A 4C 60 A6 0A C8 24 04 0A 25 A5 04 01 31 02 81 49 02 32 A6 (31)
                              [N4:Y] TPOS 'Z' 76 (76)
                              [N4:Y] TPOS 'I'
2026-01-27 11:39:45:340 [OUT] 25 A5 01 09 31 02 D8 3F 54 EC (10)
                              [N9:P] INTERRUPT '?'
2026-01-27 11:39:45:641 [IN ] C8 24 09 0C 25 A5 09 01 31 04 D8 3A 01 01 53 9A EA (17)
                              [N9:P] INTERRUPT ':' 1 1 (257)
2026-01-27 11:39:45:662 [OUT] 25 A5 01 04 31 03 C9 3D 09 48 FE (11)
                              [N4:Y] LFLAG '=' 9 (9)
2026-01-27 11:39:45:684 [OUT] 25 A5 01 07 31 02 D8 3F 52 E2 (10)
                              [N7:N] INTERRUPT '?'
2026-01-27 11:39:45:986 [IN ] C8 24 04 0B 25 A5 04 01 31 03 C9 3A 09 45 FB 9A C8 24 07 0C 25 A5 07 01 31 04 D8 3A 01 01 51 8A EA (33)
                              [N4:Y] LFLAG ':' 9 (9)
                              [N7:N] INTERRUPT ':' 1 1 (257)
2026-01-27 11:39:46:007 [OUT] 25 A5 01 09 31 03 C9 3D 0B 4F 1E (11)
                              [N9:P] LFLAG '=' 11 (11)
2026-01-27 11:39:46:029 [OUT] 25 A5 01 07 31 03 C9 3D 0B 4D 12 (11)
                              [N7:N] LFLAG '=' 11 (11)
2026-01-27 11:39:46:156 [IN ] C8 24 09 0B 25 A5 09 01 31 03 C9 3A 0B 4C 20 8A (16)
                              [N9:P] LFLAG ':' 11 (11)
2026-01-27 11:39:46:179 [OUT] 25 A5 01 09 31 03 88 00 50 16 26 (11)
                              [N9:P] RUN 0 80 (80)
2026-01-27 11:39:46:283 [IN ] C8 24 07 0B 25 A5 07 01 31 03 C9 3A 0B 4A 12 8A (16)
                              [N7:N] LFLAG ':' 11 (11)
2026-01-27 11:39:46:305 [OUT] 25 A5 01 07 31 03 88 00 50 14 1A (11)
                              [N7:N] RUN 0 80 (80)
2026-01-27 11:39:46:392 [IN ] C8 24 09 0C 25 A5 09 01 31 04 88 53 00 50 6A F2 EA (17)
                              [N9:P] RUN 'S' 0 80 (80)
2026-01-27 11:39:46:434 [IN ] C8 24 09 0B 25 A5 09 01 31 03 81 5A 4C 65 C9 F2 (16)
                              [N9:P] TPOS 'Z' 76 (76)
2026-01-27 11:39:46:478 [IN ] C8 24 09 0A 25 A5 09 01 31 02 81 49 07 50 C9 (15)
                              [N9:P] TPOS 'I'
2026-01-27 11:39:46:500 [IN ] C8 24 07 0C 25 A5 07 01 31 04 88 53 00 50 68 E2 EA (17)
                              [N7:N] RUN 'S' 0 80 (80)
2026-01-27 11:39:46:522 [OUT] 25 A5 01 09 31 03 C9 3D 09 4D 1C (11)
                              [N9:P] LFLAG '=' 9 (9)
2026-01-27 11:39:46:543 [OUT] 25 A5 01 04 31 05 81 FF EE 88 01 32 FA (13)
                              [N4:Y] TPOS 255 238 136 1 (-1144831)
2026-01-27 11:39:46:691 [IN ] C8 24 09 0B 25 A5 09 01 31 03 C9 3A 09 4A 1E E2 (16)
                              [N9:P] LFLAG ':' 9 (9)
2026-01-27 11:39:46:817 [IN ] C8 24 04 0E 25 A5 04 01 31 06 81 53 00 00 00 00 10 88 0A (19)
                              [N4:Y] TPOS 'S' 0 0 0 0 (0)
2026-01-27 11:39:47:821 [IN ] C8 24 03 0B 25 A5 03 01 31 03 81 5A 4C 5F 9F 00 (16)
                              [N3:X] TPOS 'Z' 76 (76)
2026-01-27 11:39:48:022 [IN ] C8 24 03 0A 25 A5 03 01 31 02 81 49 01 2C 9F (15)
                              [N3:X] TPOS 'I'
2026-01-27 11:39:48:245 [OUT] 25 A5 01 03 31 03 C9 3D 09 47 F8 (11)
                              [N3:X] LFLAG '=' 9 (9)
2026-01-27 11:39:48:413 [IN ] C8 24 03 0B 25 A5 03 01 31 03 C9 3A 09 44 F4 00 (16)
                              [N3:X] LFLAG ':' 9 (9)
2026-01-27 11:39:50:222 [IN ] C8 24 07 0B 25 A5 07 01 31 03 81 5A 4C 63 BB 00 C8 24 07 0A 25 A5 07 01 31 02 81 49 05 44 BB (31)
                              [N7:N] TPOS 'Z' 76 (76)
                              [N7:N] TPOS 'I'
2026-01-27 11:39:50:446 [OUT] 25 A5 01 07 31 03 C9 3D 09 4B 10 (11)
                              [N7:N] LFLAG '=' 9 (9)
2026-01-27 11:39:50:614 [IN ] C8 24 07 0B 25 A5 07 01 31 03 C9 3A 09 48 10 00 (16)
                              [N7:N] LFLAG ':' 9 (9)
2026-01-27 11:39:53:022 [IN ] C8 24 04 0E 25 A5 04 01 31 06 81 45 FF EE 85 6A DE 7C 0A (19)
                              [N4:Y] TPOS 'E' 255 238 133 106 (-1145494)
2026-01-27 11:39:53:246 [OUT] 25 A5 01 09 31 05 81 FF E7 5D 56 5A 0C (13)
                              [N9:P] TPOS 255 231 93 86 (-1614506)
2026-01-27 11:39:53:269 [OUT] 25 A5 01 04 31 05 81 FF FD 50 01 09 B7 (13)
                              [N4:Y] TPOS 255 253 80 1 (-176127)
2026-01-27 11:39:53:291 [OUT] 25 A5 01 07 31 05 81 FF AB 19 75 F7 DF (13)
                              [N7:N] TPOS 255 171 25 117 (-5564043)
2026-01-27 11:39:53:313 [OUT] 25 A5 01 03 31 05 81 FF EC 4A AB 9B 1A (13)
                              [N3:X] TPOS 255 236 74 171 (-1291605)
2026-01-27 11:39:53:337 [OUT] 25 A5 01 06 31 02 D8 3F 51 DD (10)
                              [N6:H] INTERRUPT '?'
2026-01-27 11:39:53:638 [IN ] C8 24 09 0E 25 A5 09 01 31 06 81 53 FF FF FF FA 0C AB 0A C8 24 04 0E 25 A5 04 01 31 06 81 53 FF EE 85 6A EC C2 0A (38)
                              [N9:P] TPOS 'S' 255 255 255 250 (-6)
                              [N4:Y] TPOS 'S' 255 238 133 106 (-1145494)
2026-01-27 11:39:53:939 [IN ] C8 24 07 0E 25 A5 07 01 31 06 81 53 FF FF FF F6 06 93 0A C8 24 03 0E 25 A5 03 01 31 06 81 53 00 00 00 00 0F 7E 0A C8 24 06 0C 25 A5 06 01 31 04 D8 3A 01 01 50 82 0F (55)
                              [N7:N] TPOS 'S' 255 255 255 246 (-10)
                              [N3:X] TPOS 'S' 0 0 0 0 (0)
                              [N6:H] INTERRUPT ':' 1 1 (257)
2026-01-27 11:39:53:960 [OUT] 25 A5 01 06 31 03 C9 3D 0B 4C 0C (11)
                              [N6:H] LFLAG '=' 11 (11)
2026-01-27 11:39:53:982 [IN ] C8 24 0C 0B 25 A5 0C 01 31 03 81 5A 4C 68 DE 82 (16)
                              [N12:Z] TPOS 'Z' 76 (76)
2026-01-27 11:39:54:025 [IN ] C8 24 0C 0A 25 A5 0C 01 31 02 81 49 0A 62 DE (15)
                              [N12:Z] TPOS 'I'
2026-01-27 11:39:54:068 [OUT] 25 A5 01 0C 31 03 C9 3D 09 50 2E (11)
                              [N12:Z] LFLAG '=' 9 (9)
2026-01-27 11:39:54:111 [IN ] C8 24 06 0B 25 A5 06 01 31 03 C9 3A 0B 49 0B 82 (16)
                              [N6:H] LFLAG ':' 11 (11)
2026-01-27 11:39:54:134 [OUT] 25 A5 01 06 31 03 88 FF B0 72 72 (11)
                              [N6:H] RUN 255 176 (-80)
2026-01-27 11:39:54:241 [IN ] C8 24 0C 0B 25 A5 0C 01 31 03 C9 3A 09 4D 33 82 (16)
                              [N12:Z] LFLAG ':' 9 (9)
2026-01-27 11:39:54:262 [OUT] 25 A5 01 0C 31 05 81 FF BC D0 00 4F 33 (13)
                              [N12:Z] TPOS 255 188 208 0 (-4403200)
2026-01-27 11:39:54:345 [IN ] C8 24 06 0C 25 A5 06 01 31 04 88 53 FF B0 C6 38 0F (17)
                              [N6:H] RUN 'S' 255 176 (-80)
2026-01-27 11:39:54:473 [IN ] C8 24 0C 0E 25 A5 0C 01 31 06 81 53 FF FF FF 09 1E D8 0A (19)
                              [N12:Z] TPOS 'S' 255 255 255 9 (-247)
2026-01-27 11:39:58:286 [IN ] C8 24 06 0B 25 A5 06 01 31 03 81 5A 4C 62 B4 09 (16)
                              [N6:H] TPOS 'Z' 76 (76)
2026-01-27 11:39:58:490 [IN ] C8 24 06 0A 25 A5 06 01 31 02 81 49 04 3E B4 (15)
                              [N6:H] TPOS 'I'
2026-01-27 11:39:58:713 [OUT] 25 A5 01 06 31 03 C9 3D 09 4A 0A (11)
                              [N6:H] LFLAG '=' 9 (9)
2026-01-27 11:39:58:882 [IN ] C8 24 06 0B (4)
2026-01-27 11:39:58:904 [IN ] 25 A5 06 01 31 03 C9 3A 09 47 09 09 (12)
                              [N6:H] LFLAG ':' 9 (9)
2026-01-27 11:39:58:924 [OUT] 25 A5 01 06 31 03 84 00 50 0F 08 (11)
                              [N6:H] VEL 0 80 (80)
2026-01-27 11:39:59:093 [IN ] C8 24 06 0C 25 A5 06 01 31 04 84 53 00 50 63 CA 1E (17)
                              [N6:H] VEL 'S' 0 80 (80)
2026-01-27 11:39:59:114 [OUT] 25 A5 01 06 31 05 81 00 19 82 3C 95 BE (13)
                              [N6:H] TPOS 0 25 130 60 (1671740)
2026-01-27 11:39:59:302 [IN ] C8 24 06 0E 25 A5 06 01 31 06 81 53 00 00 00 07 19 A3 0A (19)
                              [N6:H] TPOS 'S' 0 0 0 7 (7)
2026-01-27 11:40:00:710 [IN ] C8 24 03 0E 25 A5 03 01 31 06 81 45 FF EC 48 68 9C F0 0A (19)
                              [N3:X] TPOS 'E' 255 236 72 104 (-1292184)
2026-01-27 11:40:01:136 [OUT] 25 A5 01 03 31 05 81 FF FD 50 01 08 AF (13)
                              [N3:X] TPOS 255 253 80 1 (-176127)
2026-01-27 11:40:01:325 [IN ] C8 24 03 0E 25 A5 03 01 31 06 81 53 FF EC 48 69 AB 37 0A (19)
                              [N3:X] TPOS 'S' 255 236 72 105 (-1292183)
2026-01-27 11:40:02:330 [IN ] C8 24 04 0E 25 A5 04 01 31 06 81 45 FF FD 4F 8E DB 61 0A (19)
                              [N4:Y] TPOS 'E' 255 253 79 142 (-176242)
2026-01-27 11:40:02:733 [IN ] C8 24 09 0E 25 A5 09 01 31 06 81 45 FF E7 5C 0F 58 EC 0A (19)
                              [N9:P] TPOS 'E' 255 231 92 15 (-1614833)
2026-01-27 11:40:03:158 [OUT] 25 A5 01 09 31 05 81 FF FF D9 C8 60 BE (13)
                              [N9:P] TPOS 255 255 217 200 (-9784)
2026-01-27 11:40:03:347 [IN ] C8 24 09 0E 25 A5 09 01 31 06 81 53 FF E7 5C 13 6A 36 0A (19)
                              [N9:P] TPOS 'S' 255 231 92 19 (-1614829)
2026-01-27 11:40:07:161 [IN ] C8 24 06 0E 25 A5 06 01 31 06 81 45 00 19 85 B4 56 5F 0A (19)
                              [N6:H] TPOS 'E' 0 25 133 180 (1672628)
2026-01-27 11:40:07:586 [OUT] 25 A5 01 06 31 05 81 00 0D 03 C1 8F 21 (13)
                              [N6:H] TPOS 0 13 3 193 (852929)
2026-01-27 11:40:07:754 [IN ] C8 24 06 0E 25 A5 06 01 31 06 81 (11)
2026-01-27 11:40:07:775 [IN ] 53 00 19 85 B0 60 A1 0A (8)
                              [N6:H] TPOS 'S' 0 25 133 176 (1672624)
2026-01-27 11:40:10:787 [IN ] C8 24 03 0E 25 A5 03 01 31 06 81 45 FF FD 50 5E AB 29 0A (19)
                              [N3:X] TPOS 'E' 255 253 80 94 (-176034)
2026-01-27 11:40:11:590 [IN ] C8 24 06 0E 25 A5 06 01 31 06 81 45 00 0C FE EA F8 60 0A (19)
                              [N6:H] TPOS 'E' 0 12 254 234 (851690)
2026-01-27 11:40:11:818 [OUT] 25 A5 01 05 31 02 D8 3F 50 D8 (10)
                              [N5:V] INTERRUPT '?'
2026-01-27 11:40:12:120 [IN ] C8 24 05 0C 25 A5 05 01 31 04 D8 3A 01 01 4F 7A F8 (17)
                              [N5:V] INTERRUPT ':' 1 1 (257)
2026-01-27 11:40:12:141 [OUT] 25 A5 01 05 31 03 C9 3D 0B 4B 06 (11)
                              [N5:V] LFLAG '=' 11 (11)
2026-01-27 11:40:12:308 [IN ] C8 24 05 0B 25 A5 05 01 31 03 C9 3A 0B 48 04 7A (16)
                              [N5:V] LFLAG ':' 11 (11)
2026-01-27 11:40:12:329 [OUT] 25 A5 01 05 31 03 88 FF B0 71 6C (11)
                              [N5:V] RUN 255 176 (-80)
2026-01-27 11:40:12:496 [IN ] C8 24 05 0C (4)
2026-01-27 11:40:12:519 [IN ] 25 A5 05 01 31 04 88 53 FF B0 C5 30 F8 (13)
                              [N5:V] RUN 'S' 255 176 (-80)
2026-01-27 11:40:12:922 [IN ] C8 24 09 0E 25 A5 09 01 31 06 81 45 FF FF DC 16 F7 3B 0A (19)
                              [N9:P] TPOS 'E' 255 255 220 22 (-9194)
2026-01-27 11:40:13:146 [OUT] 25 A5 01 08 31 02 D8 3F 53 E7 (10)
                              [N8:R] INTERRUPT '?'
2026-01-27 11:40:13:447 [IN ] C8 24 08 0C 25 A5 08 01 31 04 D8 3A 01 01 52 92 F7 (17)
                              [N8:R] INTERRUPT ':' 1 1 (257)
2026-01-27 11:40:13:468 [OUT] 25 A5 01 08 31 03 CA 3D 0B 4F 1B (11)
                              [N8:R] RFLAG '=' 11 (11)
2026-01-27 11:40:13:636 [IN ] C8 24 08 0B 25 A5 08 01 31 03 CA 3A 0B 4C 1C 92 (16)
                              [N8:R] RFLAG ':' 11 (11)
2026-01-27 11:40:13:657 [OUT] 25 A5 01 08 31 03 88 00 50 15 20 (11)
                              [N8:R] RUN 0 80 (80)
2026-01-27 11:40:13:843 [IN ] C8 24 08 0C 25 A5 08 01 31 04 88 53 00 50 69 EA F7 (17)
                              [N8:R] RUN 'S' 0 80 (80)
2026-01-27 11:40:17:256 [IN ] C8 24 0C 0E 25 A5 0C 01 31 06 81 45 FF BC CD 75 07 D1 0A (19)
                              [N12:Z] TPOS 'E' 255 188 205 117 (-4403851)
2026-01-27 11:40:17:661 [IN ] C8 24 05 0B 25 A5 05 01 31 03 81 5A 4C 61 AD 75 C8 24 05 0A 25 A5 05 01 31 02 81 49 03 38 AD (31)
                              [N5:V] TPOS 'Z' 76 (76)
                              [N5:V] TPOS 'I'
2026-01-27 11:40:17:682 [OUT] 25 A5 01 0C 31 05 81 FF D1 1A 67 15 6D (13)
                              [N12:Z] TPOS 255 209 26 103 (-3073433)
2026-01-27 11:40:17:704 [OUT] 25 A5 01 05 31 03 C9 3D 09 49 04 (11)
                              [N5:V] LFLAG '=' 9 (9)
2026-01-27 11:40:17:852 [IN ] C8 24 0C 0E 25 A5 0C 01 31 06 81 53 FF BC CD 8E (16)
2026-01-27 11:40:17:874 [IN ] 2E 30 0A (3)
                              [N12:Z] TPOS 'S' 255 188 205 142 (-4403826)
2026-01-27 11:40:17:979 [IN ] C8 24 05 0B 25 A5 05 01 31 03 C9 3A 09 46 02 8E (16)
                              [N5:V] LFLAG ':' 9 (9)
2026-01-27 11:40:18:000 [OUT] 25 A5 01 05 31 03 84 00 50 0E 02 (11)
                              [N5:V] VEL 0 80 (80)
2026-01-27 11:40:18:000 [IN ] C8 24 07 0E 25 A5 07 01 31 06 81 45 FF AB 14 CD 90 52 0A (19)
                              [N7:N] TPOS 'E' 255 171 20 205 (-5565235)
2026-01-27 11:40:18:066 [OUT] 25 A5 01 07 31 05 81 FF F3 35 BF A5 39 (13)
                              [N7:N] TPOS 255 243 53 191 (-838209)
2026-01-27 11:40:18:170 [IN ] C8 24 05 0C 25 A5 05 01 31 04 84 53 00 50 62 C2 90 (17)
                              [N5:V] VEL 'S' 0 80 (80)
2026-01-27 11:40:18:192 [OUT] 25 A5 01 05 31 05 81 00 19 82 3C 94 B6 (13)
                              [N5:V] TPOS 0 25 130 60 (1671740)
2026-01-27 11:40:18:315 [IN ] C8 24 07 0E 25 A5 07 01 31 06 81 53 FF AB 14 CD 9E 98 0A (19)
                              [N7:N] TPOS 'S' 255 171 20 205 (-5565235)
2026-01-27 11:40:18:441 [IN ] C8 24 05 0E 25 A5 05 01 31 06 81 53 00 00 00 01 12 93 0A (19)
                              [N5:V] TPOS 'S' 0 0 0 1 (1)
2026-01-27 11:40:20:654 [IN ] C8 24 08 0B 25 A5 08 01 31 03 81 5A 52 6A C8 01 C8 24 08 0A 25 A5 08 01 31 02 81 49 06 4A C8 (31)
                              [N8:R] TPOS 'Z' 82 (82)
                              [N8:R] TPOS 'I'
2026-01-27 11:40:20:878 [OUT] 25 A5 01 08 31 03 CA 3D 09 4D 19 (11)
                              [N8:R] RFLAG '=' 9 (9)
2026-01-27 11:40:21:049 [IN ] C8 24 08 0B 25 A5 08 01 31 03 CA 3A 09 4A 1A 01 (16)
                              [N8:R] RFLAG ':' 9 (9)
2026-01-27 11:40:21:071 [OUT] 25 A5 01 08 31 05 81 FF DC 77 1D 2F DE (13)
                              [N8:R] TPOS 255 220 119 29 (-2328803)
2026-01-27 11:40:21:241 [IN ] C8 24 08 0E 25 A5 08 01 31 06 81 53 FF FF FF FA 0B A1 0A (19)
                              [N8:R] TPOS 'S' 255 255 255 250 (-6)
2026-01-27 11:40:24:653 [IN ] C8 24 0C 0E 25 A5 0C 01 31 06 81 45 FF D1 1D 08 FF 43 0A (19)
                              [N12:Z] TPOS 'E' 255 209 29 8 (-3072760)
2026-01-27 11:40:26:461 [IN ] C8 24 05 0E 25 A5 05 01 31 06 81 45 00 19 86 04 A6 A7 0A (19)
                              [N5:V] TPOS 'E' 0 25 134 4 (1672708)
2026-01-27 11:40:26:887 [OUT] 25 A5 01 05 31 05 81 00 0D 03 C1 8E 19 (13)
                              [N5:V] TPOS 0 13 3 193 (852929)
2026-01-27 11:40:27:054 [IN ] C8 24 05 0E 25 A5 05 01 31 06 81 53 00 19 86 03 B3 EC 0A (19)
                              [N5:V] TPOS 'S' 0 25 134 3 (1672707)
2026-01-27 11:40:32:474 [IN ] C8 24 05 0E 25 A5 05 01 31 06 81 45 00 0D 02 71 83 E8 0A (19)
                              [N5:V] TPOS 'E' 0 13 2 113 (852593)
2026-01-27 11:40:32:698 [OUT] 25 A5 01 03 31 05 81 FF ED B1 30 88 70 (13)
                              [N3:X] TPOS 255 237 177 48 (-1199824)
2026-01-27 11:40:32:720 [OUT] 25 A5 01 04 31 05 81 FF F3 BD 0C 77 7E (13)
                              [N4:Y] TPOS 255 243 189 12 (-803572)
2026-01-27 11:40:32:889 [IN ] C8 24 03 0E 25 A5 03 01 31 06 81 53 FF FD 50 5E B9 6F 0A (19)
                              [N3:X] TPOS 'S' 255 253 80 94 (-176034)
2026-01-27 11:40:33:018 [IN ] C8 24 04 0E 25 A5 04 01 31 06 81 53 FF FD 4F 8E E9 A7 0A (19)
                              [N4:Y] TPOS 'S' 255 253 79 142 (-176242)
2026-01-27 11:40:34:223 [IN ] C8 24 08 0E 25 A5 08 01 31 06 81 45 FF DC 74 11 66 F3 0A (19)
                              [N8:R] TPOS 'E' 255 220 116 17 (-2329583)
2026-01-27 11:40:34:647 [OUT] 25 A5 01 08 31 05 81 FF EE 15 56 18 89 (13)
                              [N8:R] TPOS 255 238 21 86 (-1174186)
2026-01-27 11:40:34:836 [IN ] C8 24 08 0E 25 A5 08 01 31 06 81 53 FF DC 74 11 74 39 0A (19)
                              [N8:R] TPOS 'S' 255 220 116 17 (-2329583)
2026-01-27 11:40:36:440 [IN ] C8 24 04 0E 25 A5 04 01 31 06 81 45 FF F3 BA 71 1F FC 0A (19)
                              [N4:Y] TPOS 'E' 255 243 186 113 (-804239)
2026-01-27 11:40:38:448 [IN ] C8 24 03 0E 25 A5 03 01 31 06 81 45 FF ED AE 9D 38 F4 0A (19)
                              [N3:X] TPOS 'E' 255 237 174 157 (-1200483)
2026-01-27 11:40:38:851 [IN ] C8 24 07 0E 25 A5 07 01 31 06 81 45 FF F3 3A F0 21 (17)
2026-01-27 11:40:39:052 [IN ] 99 0A (2)
                              [N7:N] TPOS 'E' 255 243 58 240 (-836880)
2026-01-27 11:40:41:464 [IN ] C8 24 08 0E 25 A5 08 01 31 06 81 45 FF EE 17 88 92 E6 0A (19)
                              [N8:R] TPOS 'E' 255 238 23 136 (-1173624)
