2026-01-27 14:28:01:574 [OUT] 25 A5 01 0A 31 05 D6 3D FF 00 00 53 ED (13)
                              [N10:HMI] HMILED '=' 255 0 0 (16711680)
2026-01-27 14:28:01:604 [OUT] 25 A5 01 05 31 05 81 00 07 2D 9C 8D 36 (13)
                              [N5:V] TPOS 0 7 45 156 (470428)
2026-01-27 14:28:01:626 [OUT] 25 A5 01 06 31 05 81 00 0D 33 BC BA 7C (13)
                              [N6:H] TPOS 0 13 51 188 (865212)
2026-01-27 14:28:01:648 [OUT] 25 A5 01 07 31 05 81 FF CE 32 11 CF 16 (13)
                              [N7:N] TPOS 255 206 50 17 (-3263983)
2026-01-27 14:28:01:775 [IN ] C8 24 0A 0D 25 A5 0A 01 31 05 D6 3A FF 00 00 50 EA 86 (18)
                              [N10:HMI] HMILED ':' 255 0 0 (16711680)
2026-01-27 14:28:01:901 [IN ] C8 24 05 0E 25 A5 05 01 31 06 81 53 00 06 FA E5 F6 7D 0A (19)
                              [N5:V] TPOS 'S' 0 6 250 229 (457445)
2026-01-27 14:28:02:026 [IN ] C8 24 06 0E 25 A5 06 01 31 06 81 53 00 0D E1 D0 D0 55 0A (19)
                              [N6:H] TPOS 'S' 0 13 225 208 (909776)
2026-01-27 14:28:02:070 [IN ] C8 24 05 0E 25 A5 05 01 31 06 81 45 00 07 31 16 51 D9 0A (19)
                              [N5:V] TPOS 'E' 0 7 49 22 (471318)
2026-01-27 14:28:02:155 [IN ] C8 24 07 0E 25 A5 07 01 31 06 81 53 FF CE 57 12 49 CC 0A (19)
                              [N7:N] TPOS 'S' 255 206 87 18 (-3254510)
2026-01-27 14:28:02:356 [IN ] C8 24 07 0E 25 A5 07 01 31 06 81 45 FF CE 2D 72 71 92 0A C8 24 06 0E 25 A5 06 01 31 06 81 45 00 0D 2E D9 18 B2 0A (38)
                              [N7:N] TPOS 'E' 255 206 45 114 (-3265166)
                              [N6:H] TPOS 'E' 0 13 46 217 (863961)
