2026-01-27 15:30:01:475 [OUT] 25 A5 01 0A 31 05 D6 3D FF 00 00 53 ED (13)
                              [N10:HMI] HMILED '=' 255 0 0 (16711680)
2026-01-27 15:30:01:499 [OUT] 25 A5 01 09 31 05 81 FF ED B8 36 9B B4 (13)
                              [N9:P] TPOS 255 237 184 54 (-1198026)
2026-01-27 15:30:01:521 [OUT] 25 A5 01 05 31 05 81 00 15 EF F6 B7 3E (13)
                              [N5:V] TPOS 0 21 239 246 (1437686)
2026-01-27 15:30:01:543 [OUT] 25 A5 01 06 31 05 81 00 0E BC 6A F2 3F (13)
                              [N6:H] TPOS 0 14 188 106 (965738)
2026-01-27 15:30:01:566 [OUT] 25 A5 01 07 31 05 81 FF D7 2B D2 92 E4 (13)
                              [N7:N] TPOS 255 215 43 210 (-2675758)
2026-01-27 15:30:01:651 [IN ] C8 24 0A 0D 25 A5 0A 01 31 05 D6 3A FF 00 00 (15)
2026-01-27 15:30:01:673 [IN ] 50 EA B0 (3)
                              [N10:HMI] HMILED ':' 255 0 0 (16711680)
2026-01-27 15:30:01:799 [IN ] C8 24 09 0E 25 A5 09 01 31 06 81 53 FF ED 3F 24 64 1F 0A (19)
                              [N9:P] TPOS 'S' 255 237 63 36 (-1229020)
2026-01-27 15:30:01:926 [IN ] C8 24 05 0E 25 A5 05 01 31 06 81 53 00 15 AF C7 9C F6 0A (19)
                              [N5:V] TPOS 'S' 0 21 175 199 (1421255)
2026-01-27 15:30:02:051 [IN ] C8 24 06 0E 25 A5 06 01 31 06 81 53 00 0B FB 4E 66 01 0A (19)
                              [N6:H] TPOS 'S' 0 11 251 78 (785230)
2026-01-27 15:30:02:072 [IN ] C8 24 09 0E 25 A5 09 01 31 06 81 45 FF ED BA AE 5B 59 0A (19)
                              [N9:P] TPOS 'E' 255 237 186 174 (-1197394)
2026-01-27 15:30:02:115 [IN ] C8 24 05 0E 25 A5 05 01 31 06 81 45 00 15 F3 A4 AF 15 0A (19)
                              [N5:V] TPOS 'E' 0 21 243 164 (1438628)
2026-01-27 15:30:02:179 [IN ] C8 24 07 0E 25 A5 07 01 31 06 81 53 FF DA 91 EC 69 3E 0A (19)
                              [N7:N] TPOS 'S' 255 218 145 236 (-2453012)
2026-01-27 15:30:02:982 [IN ] C8 24 06 0E 25 A5 06 01 31 06 81 45 00 0E C0 FE D0 FE 0A (19)
                              [N6:H] TPOS 'E' 0 14 192 254 (966910)
2026-01-27 15:30:03:385 [IN ] C8 24 07 0E 25 A5 07 01 31 06 81 45 FF D7 26 99 9A C6 0A (19)
                              [N7:N] TPOS 'E' 255 215 38 153 (-2677095)
