2026-01-27 15:29:12:296 [OUT] 25 A5 01 0A 31 05 D6 3D FF 00 00 53 ED (13)
                              [N10:HMI] HMILED '=' 255 0 0 (16711680)
2026-01-27 15:29:12:326 [OUT] 25 A5 01 0C 31 05 81 FF E8 C0 A3 0E 3A (13)
                              [N12:Z] TPOS 255 232 192 163 (-1523549)
2026-01-27 15:29:12:350 [OUT] 25 A5 01 05 31 05 81 00 0C 95 50 AE C9 (13)
                              [N5:V] TPOS 0 12 149 80 (824656)
2026-01-27 15:29:12:372 [OUT] 25 A5 01 06 31 05 81 00 0D 72 2B 68 69 (13)
                              [N6:H] TPOS 0 13 114 43 (881195)
2026-01-27 15:29:12:478 [IN ] C8 24 0A 0D 25 A5 0A 01 31 05 D6 3A FF 00 00 50 EA 2E (18)
                              [N10:HMI] HMILED ':' 255 0 0 (16711680)
2026-01-27 15:29:12:625 [IN ] C8 24 0C 0E 25 A5 0C 01 31 06 81 53 FF D4 94 B1 30 29 0A (19)
                              [N12:Z] TPOS 'S' 255 212 148 177 (-2845519)
2026-01-27 15:29:12:752 [IN ] C8 24 05 0E 25 A5 05 01 31 06 81 53 00 06 3F 15 6B 37 0A (19)
                              [N5:V] TPOS 'S' 0 6 63 21 (409365)
2026-01-27 15:29:12:877 [IN ] C8 24 (2)
2026-01-27 15:29:12:899 [IN ] 06 0E 25 A5 06 01 31 06 81 53 00 0E 8C EB 97 C9 0A (17)
                              [N6:H] TPOS 'S' 0 14 140 235 (953579)
2026-01-27 15:29:13:502 [IN ] C8 24 06 0E 25 A5 06 01 31 06 81 45 00 0D 6D 8C 0A E3 0A (19)
                              [N6:H] TPOS 'E' 0 13 109 140 (880012)
2026-01-27 15:29:14:908 [IN ] C8 24 05 0E 25 A5 05 01 31 06 81 45 00 0C 99 07 AF A9 0A (19)
                              [N5:V] TPOS 'E' 0 12 153 7 (825607)
2026-01-27 15:29:19:324 [IN ] C8 24 0C 0E 25 A5 0C 01 31 06 81 45 FF E8 C4 36 EB 04 0A (19)
                              [N12:Z] TPOS 'E' 255 232 196 54 (-1522634)
2026-01-27 15:29:19:751 [OUT] 25 A5 01 04 31 05 81 FF F3 3E 39 25 AD (13)
                              [N4:Y] TPOS 255 243 62 57 (-836039)
2026-01-27 15:29:19:773 [OUT] 25 A5 01 03 31 05 81 FF F1 C3 DF 4D 4F (13)
                              [N3:X] TPOS 255 241 195 223 (-932897)
2026-01-27 15:29:19:941 [IN ] C8 24 04 0E 25 A5 04 01 31 06 81 53 FF F6 4A ED 3C E7 0A (19)
                              [N4:Y] TPOS 'S' 255 246 74 237 (-636179)
2026-01-27 15:29:20:067 [IN ] C8 24 03 0E (4)
2026-01-27 15:29:20:089 [IN ] 25 A5 03 01 31 06 81 53 FF EE 0D 68 71 C6 0A (15)
                              [N3:X] TPOS 'S' 255 238 13 104 (-1176216)
2026-01-27 15:29:21:094 [IN ] C8 24 04 0E 25 (5)
2026-01-27 15:29:21:296 [IN ] A5 04 01 31 06 81 45 FF F3 3B B5 E4 42 0A (14)
                              [N4:Y] TPOS 'E' 255 243 59 181 (-836683)
2026-01-27 15:29:22:500 [IN ] C8 24 03 0E 25 A5 03 01 31 06 81 45 FF F1 C3 79 2D 06 0A (19)
                              [N3:X] TPOS 'E' 255 241 195 121 (-932999)
2026-01-27 15:29:22:925 [OUT] 25 A5 01 0C 31 05 81 FF D4 98 A2 D1 AD (13)
                              [N12:Z] TPOS 255 212 152 162 (-2844510)
2026-01-27 15:29:23:136 [IN ] C8 24 0C 0E 25 A5 0C 01 31 06 81 53 FF E8 C4 29 EC 3D 0A (19)
                              [N12:Z] TPOS 'S' 255 232 196 41 (-1522647)
2026-01-27 15:29:29:760 [IN ] C8 24 0C 0E 25 A5 0C 01 31 06 81 45 FF D4 94 AA 1B DC 0A (19)
                              [N12:Z] TPOS 'E' 255 212 148 170 (-2845526)
2026-01-27 15:29:30:185 [OUT] 25 A5 01 09 31 05 81 FF EE 0A 1D D5 42 (13)
                              [N9:P] TPOS 255 238 10 29 (-1177059)
2026-01-27 15:29:30:207 [OUT] 25 A5 01 05 31 05 81 00 06 10 7B 4E D8 (13)
                              [N5:V] TPOS 0 6 16 123 (397435)
2026-01-27 15:29:30:231 [OUT] 25 A5 01 06 31 05 81 00 0C C9 3E D1 27 (13)
                              [N6:H] TPOS 0 12 201 62 (837950)
2026-01-27 15:29:30:252 [OUT] 25 A5 01 07 31 05 81 FF D2 0B 97 32 5A (13)
                              [N7:N] TPOS 255 210 11 151 (-3011689)
2026-01-27 15:29:30:377 [IN ] C8 24 09 0E 25 A5 09 01 31 06 81 53 FF EE 3C 7D BB 75 0A (19)
                              [N9:P] TPOS 'S' 255 238 60 125 (-1164163)
2026-01-27 15:29:30:504 [IN ] C8 24 05 0E 25 A5 05 01 31 06 81 53 00 0C 99 07 BD EF 0A (19)
                              [N5:V] TPOS 'S' 0 12 153 7 (825607)
2026-01-27 15:29:30:568 [IN ] C8 24 09 0E 25 A5 09 01 31 06 81 45 FF EE 08 21 1D 6B 0A (19)
                              [N9:P] TPOS 'E' 255 238 8 33 (-1177567)
2026-01-27 15:29:30:632 [IN ] C8 24 06 0E 25 A5 06 01 31 06 81 53 00 0D 6D 8E 1A 2B 0A (19)
                              [N6:H] TPOS 'S' 0 13 109 142 (880014)
2026-01-27 15:29:30:758 [IN ] C8 24 07 0E 25 A5 07 01 31 06 81 53 FF D0 88 52 BC 74 0A (19)
                              [N7:N] TPOS 'S' 255 208 136 82 (-3110830)
2026-01-27 15:29:30:959 [IN ] C8 24 06 0E 25 A5 06 01 31 06 81 45 00 0C C4 D7 AB D9 0A (19)
                              [N6:H] TPOS 'E' 0 12 196 215 (836823)
2026-01-27 15:29:31:361 [IN ] C8 24 07 0E 25 A5 07 01 31 06 81 45 FF D2 10 C4 AA B6 0A (19)
                              [N7:N] TPOS 'E' 255 210 16 196 (-3010364)
2026-01-27 15:29:33:169 [IN ] C8 24 05 0E 25 A5 05 01 31 06 81 45 00 06 0E D7 EE 51 0A (19)
                              [N5:V] TPOS 'E' 0 6 14 215 (397015)
