2026-01-27 15:01:31:509 [OUT] 25 A5 01 0A 31 05 D6 3D FF 00 00 53 ED (13)
                              [N10:HMI] HMILED '=' 255 0 0 (16711680)
2026-01-27 15:01:31:538 [OUT] 25 A5 01 09 31 05 81 FF EC F6 E3 85 DA (13)
                              [N9:P] TPOS 255 236 246 227 (-1247517)
2026-01-27 15:01:31:559 [OUT] 25 A5 01 05 31 05 81 00 0F 4D B0 C9 A2 (13)
                              [N5:V] TPOS 0 15 77 176 (1002928)
2026-01-27 15:01:31:580 [OUT] 25 A5 01 06 31 05 81 00 0C B2 E9 65 A4 (13)
                              [N6:H] TPOS 0 12 178 233 (832233)
2026-01-27 15:01:31:603 [OUT] 25 A5 01 07 31 05 81 FF E0 1C B9 73 C8 (13)
                              [N7:N] TPOS 255 224 28 185 (-2089799)
2026-01-27 15:01:31:687 [IN ] C8 24 0A 0D 25 A5 0A 01 31 05 D6 3A FF 00 00 50 EA 4E (18)
                              [N10:HMI] HMILED ':' 255 0 0 (16711680)
2026-01-27 15:01:31:835 [IN ] C8 24 09 0E 25 A5 09 01 31 06 81 53 FF ED EF C1 B1 1C 05 (19)
                              [N9:P] TPOS 'S' 255 237 239 193 (-1183807)
2026-01-27 15:01:31:960 [IN ] C8 24 05 0E 25 A5 05 01 31 06 81 53 00 14 A4 1B E4 31 05 (19)
                              [N5:V] TPOS 'S' 0 20 164 27 (1352731)
2026-01-27 15:01:32:066 [IN ] C8 24 06 0E 25 A5 06 01 31 06 81 53 00 0C 72 F6 86 9A 05 (19)
                              [N6:H] TPOS 'S' 0 12 114 246 (815862)
2026-01-27 15:01:32:214 [IN ] C8 24 07 0E 25 A5 07 01 31 06 81 53 FF DB 1A A9 B0 10 05 (19)
                              [N7:N] TPOS 'S' 255 219 26 169 (-2418007)
2026-01-27 15:01:32:415 [IN ] C8 24 06 0E 25 A5 06 01 31 06 81 45 00 0C B6 F2 B8 D8 05 C8 24 09 0E 25 A5 09 01 31 06 81 45 FF EC F5 C1 A8 DF 05 (38)
                              [N6:H] TPOS 'E' 0 12 182 242 (833266)
                              [N9:P] TPOS 'E' 255 236 245 193 (-1247807)
2026-01-27 15:01:33:820 [IN ] C8 24 07 0E 25 A5 07 01 31 06 81 45 FF E0 21 E8 ED 26 05 (19)
                              [N7:N] TPOS 'E' 255 224 33 232 (-2088472)
2026-01-27 15:01:34:424 [IN ] C8 24 05 0E 25 A5 05 01 31 06 81 45 00 0F 4C 96 F4 A7 05 (19)
                              [N5:V] TPOS 'E' 0 15 76 150 (1002646)
