2026-01-27 11:42:08:670 [OUT] 25 A5 01 0A 31 05 D6 3D FF 00 00 53 ED (13)
                              [N10:HMI] HMILED '=' 255 0 0 (16711680)
2026-01-27 11:42:08:696 [OUT] 25 A5 01 03 31 02 D8 3F 4E CE (10)
                              [N3:X] INTERRUPT '?'
2026-01-27 11:42:08:998 [IN ] C8 24 0A 0D 25 A5 0A 01 31 05 D6 3A FF 00 00 50 EA FD C8 24 03 0C 25 A5 03 01 31 04 D8 3A 01 01 4D 6A EA (35)
                              [N10:HMI] HMILED ':' 255 0 0 (16711680)
                              [N3:X] INTERRUPT ':' 1 1 (257)
2026-01-27 11:42:09:020 [OUT] 25 A5 01 09 31 03 C9 3D 09 4D 1C (11)
                              [N9:P] LFLAG '=' 9 (9)
2026-01-27 11:42:09:043 [OUT] 25 A5 01 04 31 02 D8 3F 4F D3 (10)
                              [N4:Y] INTERRUPT '?'
2026-01-27 11:42:09:344 [IN ] C8 24 09 0B 25 A5 09 01 31 03 C9 3A 09 4A 1E 6A C8 24 04 0C 25 A5 04 01 31 04 D8 3A 01 01 4E 72 EA (33)
                              [N9:P] LFLAG ':' 9 (9)
                              [N4:Y] INTERRUPT ':' 1 1 (257)
2026-01-27 11:42:09:366 [OUT] 25 A5 01 09 31 03 CA 3D 09 4E 1F (11)
                              [N9:P] RFLAG '=' 9 (9)
2026-01-27 11:42:09:389 [OUT] 25 A5 01 0C 31 02 D8 3F 57 FB (10)
                              [N12:Z] INTERRUPT '?'
2026-01-27 11:42:09:690 [IN ] C8 24 09 0B 25 A5 09 01 31 03 CA 3A 09 4B 21 72 C8 24 0C 0C 25 A5 0C 01 31 04 D8 3A 01 01 56 B2 EA (33)
                              [N9:P] RFLAG ':' 9 (9)
                              [N12:Z] INTERRUPT ':' 1 1 (257)
2026-01-27 11:42:09:712 [OUT] 25 A5 01 08 31 03 C9 3D 09 4C 16 (11)
                              [N8:R] LFLAG '=' 9 (9)
2026-01-27 11:42:09:734 [OUT] 25 A5 01 03 31 03 C9 3D 0B 49 FA (11)
                              [N3:X] LFLAG '=' 11 (11)
2026-01-27 11:42:09:756 [OUT] 25 A5 01 04 31 03 C9 3D 0B 4A 00 (11)
                              [N4:Y] LFLAG '=' 11 (11)
2026-01-27 11:42:09:778 [OUT] 25 A5 01 0C 31 03 C9 3D 0B 52 30 (11)
                              [N12:Z] LFLAG '=' 11 (11)
2026-01-27 11:42:09:863 [IN ] C8 24 (2)
2026-01-27 11:42:09:885 [IN ] 08 0B 25 A5 08 01 31 03 C9 3A 09 49 17 B2 (14)
                              [N8:R] LFLAG ':' 9 (9)
2026-01-27 11:42:09:907 [OUT] 25 A5 01 08 31 03 CA 3D 09 4D 19 (11)
                              [N8:R] RFLAG '=' 9 (9)
2026-01-27 11:42:09:993 [IN ] C8 24 03 0B 25 A5 03 01 31 03 C9 3A 0B 46 F6 B2 (16)
                              [N3:X] LFLAG ':' 11 (11)
2026-01-27 11:42:10:016 [OUT] 25 A5 01 03 31 03 88 00 50 10 02 (11)
                              [N3:X] RUN 0 80 (80)
2026-01-27 11:42:10:099 [IN ] C8 24 04 0B 25 A5 04 01 31 03 C9 3A 0B 47 FD B2 (16)
                              [N4:Y] LFLAG ':' 11 (11)
2026-01-27 11:42:10:121 [OUT] 25 A5 01 04 31 03 88 00 50 11 08 (11)
                              [N4:Y] RUN 0 80 (80)
2026-01-27 11:42:10:204 [IN ] C8 24 0C 0B 25 A5 0C 01 31 03 C9 3A 0B 4F 35 B2 (16)
                              [N12:Z] LFLAG ':' 11 (11)
2026-01-27 11:42:10:225 [OUT] 25 A5 01 0C 31 03 88 00 50 19 38 (11)
                              [N12:Z] RUN 0 80 (80)
2026-01-27 11:42:10:310 [IN ] C8 24 08 0B 25 A5 08 01 31 03 CA 3A 09 4A 1A B2 (16)
                              [N8:R] RFLAG ':' 9 (9)
2026-01-27 11:42:10:415 [IN ] C8 24 03 0C 25 A5 03 01 31 04 88 53 00 50 64 C2 EA (17)
                              [N3:X] RUN 'S' 0 80 (80)
2026-01-27 11:42:10:540 [IN ] C8 24 04 0C 25 A5 04 01 31 04 88 53 00 50 65 CA EA (17)
                              [N4:Y] RUN 'S' 0 80 (80)
2026-01-27 11:42:10:646 [IN ] C8 24 0C 0C 25 A5 0C 01 31 04 88 53 00 50 6D 0A EA (17)
                              [N12:Z] RUN 'S' 0 80 (80)
2026-01-27 11:42:17:470 [IN ] C8 24 04 0B 25 A5 04 01 31 03 81 5A 4C 60 A6 0A C8 24 04 0A 25 A5 04 01 31 02 81 49 02 32 A6 (31)
                              [N4:Y] TPOS 'Z' 76 (76)
                              [N4:Y] TPOS 'I'
2026-01-27 11:42:17:692 [OUT] 25 A5 01 09 31 02 D8 3F 54 EC (10)
                              [N9:P] INTERRUPT '?'
2026-01-27 11:42:17:993 [IN ] C8 24 09 0C 25 A5 09 01 31 04 D8 3A 01 01 53 9A EA (17)
                              [N9:P] INTERRUPT ':' 1 1 (257)
2026-01-27 11:42:18:014 [OUT] 25 A5 01 04 31 03 C9 3D 09 48 FE (11)
                              [N4:Y] LFLAG '=' 9 (9)
2026-01-27 11:42:18:036 [OUT] 25 A5 01 07 31 02 D8 3F 52 E2 (10)
                              [N7:N] INTERRUPT '?'
2026-01-27 11:42:18:338 [IN ] C8 24 04 0B 25 A5 04 01 31 03 C9 3A 09 45 FB 9A C8 24 07 0C 25 A5 07 01 31 04 D8 3A 01 01 51 8A EA (33)
                              [N4:Y] LFLAG ':' 9 (9)
                              [N7:N] INTERRUPT ':' 1 1 (257)
2026-01-27 11:42:18:360 [OUT] 25 A5 01 09 31 03 C9 3D 0B 4F 1E (11)
                              [N9:P] LFLAG '=' 11 (11)
2026-01-27 11:42:18:382 [OUT] 25 A5 01 07 31 03 C9 3D 0B 4D 12 (11)
                              [N7:N] LFLAG '=' 11 (11)
2026-01-27 11:42:18:528 [IN ] C8 24 09 0B 25 A5 09 01 31 03 C9 3A 0B 4C 20 8A (16)
                              [N9:P] LFLAG ':' 11 (11)
2026-01-27 11:42:18:551 [OUT] 25 A5 01 09 31 03 88 00 50 16 26 (11)
                              [N9:P] RUN 0 80 (80)
2026-01-27 11:42:18:636 [IN ] C8 24 07 0B 25 A5 07 01 31 03 C9 3A 0B 4A 12 8A (16)
                              [N7:N] LFLAG ':' 11 (11)
2026-01-27 11:42:18:658 [OUT] 25 A5 01 07 31 03 88 00 50 14 1A (11)
                              [N7:N] RUN 0 80 (80)
2026-01-27 11:42:18:743 [IN ] C8 24 09 0C 25 A5 09 01 (8)
2026-01-27 11:42:18:765 [IN ] 31 04 88 53 00 50 6A F2 EA (9)
                              [N9:P] RUN 'S' 0 80 (80)
2026-01-27 11:42:18:807 [IN ] C8 24 09 0B 25 A5 09 01 31 03 81 5A 4C 65 C9 F2 (16)
                              [N9:P] TPOS 'Z' 76 (76)
2026-01-27 11:42:18:850 [IN ] C8 24 07 0C 25 A5 07 01 31 04 88 53 00 50 68 E2 EA C8 24 09 0A 25 A5 09 01 31 02 81 49 07 50 68 (32)
                              [N7:N] RUN 'S' 0 80 (80)
                              [N9:P] TPOS 'I'
2026-01-27 11:42:19:073 [OUT] 25 A5 01 09 31 03 C9 3D 09 4D 1C (11)
                              [N9:P] LFLAG '=' 9 (9)
2026-01-27 11:42:19:095 [OUT] 25 A5 01 04 31 05 81 FF EE 88 01 32 FA (13)
                              [N4:Y] TPOS 255 238 136 1 (-1144831)
2026-01-27 11:42:19:243 [IN ] C8 24 09 0B 25 A5 09 01 31 03 C9 3A 09 4A 1E E2 (16)
                              [N9:P] LFLAG ':' 9 (9)
2026-01-27 11:42:19:370 [IN ] C8 24 04 0E 25 A5 04 01 31 06 81 53 00 00 00 00 10 88 0A (19)
                              [N4:Y] TPOS 'S' 0 0 0 0 (0)
2026-01-27 11:42:20:378 [IN ] C8 24 03 0B 25 A5 03 01 31 03 81 5A 4C 5F 9F 00 C8 24 03 0A 25 A5 03 01 31 02 81 49 01 2C 9F (31)
                              [N3:X] TPOS 'Z' 76 (76)
                              [N3:X] TPOS 'I'
2026-01-27 11:42:20:603 [OUT] 25 A5 01 03 31 03 C9 3D 09 47 F8 (11)
                              [N3:X] LFLAG '=' 9 (9)
2026-01-27 11:42:20:770 [IN ] C8 24 03 0B 25 A5 03 01 31 03 C9 3A 09 44 F4 00 (16)
                              [N3:X] LFLAG ':' 9 (9)
2026-01-27 11:42:22:579 [IN ] C8 24 07 0B 25 A5 07 01 31 03 81 5A 4C 63 BB 00 C8 24 07 0A 25 A5 07 01 31 02 81 49 05 44 BB (31)
                              [N7:N] TPOS 'Z' 76 (76)
                              [N7:N] TPOS 'I'
2026-01-27 11:42:22:803 [OUT] 25 A5 01 07 31 03 C9 3D 09 4B 10 (11)
                              [N7:N] LFLAG '=' 9 (9)
2026-01-27 11:42:22:950 [IN ] C8 24 07 0B 25 (5)
2026-01-27 11:42:22:971 [IN ] A5 07 01 31 03 C9 3A 09 48 10 00 (11)
                              [N7:N] LFLAG ':' 9 (9)
2026-01-27 11:42:25:580 [IN ] C8 24 04 0E 25 A5 04 01 31 06 81 45 FF EE 85 67 DB 79 0A (19)
                              [N4:Y] TPOS 'E' 255 238 133 103 (-1145497)
2026-01-27 11:42:25:803 [OUT] 25 A5 01 09 31 05 81 FF E7 5D 56 5A 0C (13)
                              [N9:P] TPOS 255 231 93 86 (-1614506)
2026-01-27 11:42:25:825 [OUT] 25 A5 01 04 31 05 81 FF FD 50 01 09 B7 (13)
                              [N4:Y] TPOS 255 253 80 1 (-176127)
2026-01-27 11:42:25:847 [OUT] 25 A5 01 07 31 05 81 FF AB 19 75 F7 DF (13)
                              [N7:N] TPOS 255 171 25 117 (-5564043)
2026-01-27 11:42:25:869 [OUT] 25 A5 01 03 31 05 81 FF EC 4A AB 9B 1A (13)
                              [N3:X] TPOS 255 236 74 171 (-1291605)
2026-01-27 11:42:25:891 [OUT] 25 A5 01 06 31 02 D8 3F 51 DD (10)
                              [N6:H] INTERRUPT '?'
2026-01-27 11:42:26:192 [IN ] C8 24 09 0E 25 A5 09 01 31 06 81 53 FF FF FF F9 0B AA 0A C8 24 04 0E 25 A5 04 01 31 06 81 53 FF EE 85 67 E9 BF 0A (38)
                              [N9:P] TPOS 'S' 255 255 255 249 (-7)
                              [N4:Y] TPOS 'S' 255 238 133 103 (-1145497)
2026-01-27 11:42:26:495 [IN ] C8 24 07 0E 25 A5 07 01 31 06 81 53 FF FF FF FA 0A 97 0A C8 24 0C 0B 25 A5 0C 01 31 03 81 5A 4C 68 DE FA C8 24 0C 0A 25 A5 0C 01 31 02 81 49 0A 62 DE C8 24 03 0E 25 A5 03 01 31 06 81 53 00 00 
00 00 0F 7E 0A C8 24 06 0C 25 A5 06 01 31 04 D8 3A 01 01 50 82 0F (86)
                              [N7:N] TPOS 'S' 255 255 255 250 (-6)
                              [N12:Z] TPOS 'Z' 76 (76)
                              [N12:Z] TPOS 'I'
                              [N3:X] TPOS 'S' 0 0 0 0 (0)
                              [N6:H] INTERRUPT ':' 1 1 (257)
2026-01-27 11:42:26:516 [OUT] 25 A5 01 06 31 03 C9 3D 0B 4C 0C (11)
                              [N6:H] LFLAG '=' 11 (11)
2026-01-27 11:42:26:538 [OUT] 25 A5 01 0C 31 03 C9 3D 09 50 2E (11)
                              [N12:Z] LFLAG '=' 9 (9)
2026-01-27 11:42:26:686 [IN ] C8 24 06 0B 25 A5 06 01 31 03 C9 3A 0B 49 0B 82 (16)
                              [N6:H] LFLAG ':' 11 (11)
2026-01-27 11:42:26:710 [OUT] 25 A5 01 06 31 03 88 FF B0 72 72 (11)
                              [N6:H] RUN 255 176 (-80)
2026-01-27 11:42:26:796 [IN ] C8 24 0C 0B 25 A5 0C 01 31 03 C9 3A 09 4D (14)
2026-01-27 11:42:26:817 [IN ] 33 82 (2)
                              [N12:Z] LFLAG ':' 9 (9)
2026-01-27 11:42:26:838 [OUT] 25 A5 01 0C 31 05 81 FF BC D0 00 4F 33 (13)
                              [N12:Z] TPOS 255 188 208 0 (-4403200)
2026-01-27 11:42:26:881 [IN ] C8 24 06 0C 25 A5 06 01 31 04 88 (11)
2026-01-27 11:42:26:902 [IN ] 53 FF B0 C6 38 0F (6)
                              [N6:H] RUN 'S' 255 176 (-80)
2026-01-27 11:42:27:027 [IN ] C8 24 0C 0E 25 A5 0C 01 31 06 81 53 FF FF FE F0 04 BD 0A (19)
                              [N12:Z] TPOS 'S' 255 255 254 240 (-272)
2026-01-27 11:42:30:844 [IN ] C8 24 06 0B 25 A5 06 01 31 03 81 5A 4C 62 B4 F0 (16)
                              [N6:H] TPOS 'Z' 76 (76)
2026-01-27 11:42:31:045 [IN ] C8 24 06 0A 25 A5 06 01 31 02 81 49 04 3E B4 (15)
                              [N6:H] TPOS 'I'
2026-01-27 11:42:31:269 [OUT] 25 A5 01 06 31 03 C9 3D 09 4A 0A (11)
                              [N6:H] LFLAG '=' 9 (9)
2026-01-27 11:42:31:437 [IN ] C8 24 06 0B 25 A5 06 01 31 03 C9 3A 09 47 09 F0 (16)
                              [N6:H] LFLAG ':' 9 (9)
2026-01-27 11:42:31:458 [OUT] 25 A5 01 06 31 03 84 00 50 0F 08 (11)
                              [N6:H] VEL 0 80 (80)
2026-01-27 11:42:31:624 [IN ] C8 24 06 0C 25 A5 06 01 31 04 84 53 00 50 63 CA 04 (17)
                              [N6:H] VEL 'S' 0 80 (80)
2026-01-27 11:42:31:645 [OUT] 25 A5 01 06 31 05 81 00 19 82 3C 95 BE (13)
                              [N6:H] TPOS 0 25 130 60 (1671740)
2026-01-27 11:42:31:832 [IN ] C8 24 06 0E 25 A5 06 01 31 06 81 53 00 00 00 09 1B A5 0A (19)
                              [N6:H] TPOS 'S' 0 0 0 9 (9)
2026-01-27 11:42:33:238 [IN ] C8 24 03 0E 25 A5 03 01 31 06 81 45 FF EC 48 74 A8 FC 0A (19)
                              [N3:X] TPOS 'E' 255 236 72 116 (-1292172)
2026-01-27 11:42:33:663 [OUT] 25 A5 01 03 31 05 81 FF FD 50 01 08 AF (13)
                              [N3:X] TPOS 255 253 80 1 (-176127)
2026-01-27 11:42:33:852 [IN ] C8 24 03 0E 25 A5 03 01 31 06 81 53 FF EC 48 75 B7 43 0A (19)
                              [N3:X] TPOS 'S' 255 236 72 117 (-1292171)
2026-01-27 11:42:34:858 [IN ] C8 24 04 0E 25 A5 04 01 31 06 81 45 FF FD 4F 90 DD 63 0A (19)
                              [N4:Y] TPOS 'E' 255 253 79 144 (-176240)
2026-01-27 11:42:35:460 [IN ] C8 24 09 0E 25 A5 09 01 31 06 81 45 FF E7 5B F0 38 CB 0A (19)
                              [N9:P] TPOS 'E' 255 231 91 240 (-1614864)
2026-01-27 11:42:35:888 [OUT] 25 A5 01 09 31 05 81 FF FF D9 C8 60 BE (13)
                              [N9:P] TPOS 255 255 217 200 (-9784)
2026-01-27 11:42:36:077 [IN ] C8 24 09 0E 25 A5 09 01 31 06 81 53 FF E7 5B F4 4A 15 0A (19)
                              [N9:P] TPOS 'S' 255 231 91 244 (-1614860)
2026-01-27 11:42:39:688 [IN ] C8 24 06 0E 25 A5 06 01 31 06 81 45 00 19 85 C5 67 70 0A (19)
                              [N6:H] TPOS 'E' 0 25 133 197 (1672645)
2026-01-27 11:42:40:113 [OUT] 25 A5 01 06 31 05 81 00 0D 03 C1 8F 21 (13)
                              [N6:H] TPOS 0 13 3 193 (852929)
2026-01-27 11:42:40:302 [IN ] C8 24 06 0E 25 A5 06 01 31 06 81 53 00 19 85 C1 71 B2 0A (19)
                              [N6:H] TPOS 'S' 0 25 133 193 (1672641)
2026-01-27 11:42:43:314 [IN ] C8 24 03 0E 25 A5 03 01 31 06 81 45 FF FD 50 47 94 12 0A (19)
                              [N3:X] TPOS 'E' 255 253 80 71 (-176057)
2026-01-27 11:42:44:118 [IN ] C8 24 06 0E 25 A5 06 01 31 06 81 45 00 0C FE FD 0B 73 0A (19)
                              [N6:H] TPOS 'E' 0 12 254 253 (851709)
2026-01-27 11:42:44:341 [OUT] 25 A5 01 05 31 02 D8 3F 50 D8 (10)
                              [N5:V] INTERRUPT '?'
2026-01-27 11:42:44:642 [IN ] C8 24 05 0C 25 A5 05 01 31 04 D8 3A 01 01 4F 7A 0B (17)
                              [N5:V] INTERRUPT ':' 1 1 (257)
2026-01-27 11:42:44:663 [OUT] 25 A5 01 05 31 03 C9 3D 0B 4B 06 (11)
                              [N5:V] LFLAG '=' 11 (11)
2026-01-27 11:42:44:832 [IN ] C8 24 05 0B 25 A5 05 01 31 03 C9 3A 0B 48 04 7A (16)
                              [N5:V] LFLAG ':' 11 (11)
2026-01-27 11:42:44:855 [OUT] 25 A5 01 05 31 03 88 FF B0 71 6C (11)
                              [N5:V] RUN 255 176 (-80)
2026-01-27 11:42:45:024 [IN ] C8 24 05 0C 25 A5 05 01 31 04 88 53 FF B0 C5 30 0B (17)
                              [N5:V] RUN 'S' 255 176 (-80)
2026-01-27 11:42:45:627 [IN ] C8 24 09 0E 25 A5 09 01 31 06 81 45 FF FF DC 27 08 4C 0A (19)
                              [N9:P] TPOS 'E' 255 255 220 39 (-9177)
2026-01-27 11:42:45:850 [OUT] 25 A5 01 08 31 02 D8 3F 53 E7 (10)
                              [N8:R] INTERRUPT '?'
2026-01-27 11:42:46:152 [IN ] C8 24 08 0C 25 A5 08 01 31 04 D8 3A 01 01 52 92 08 (17)
                              [N8:R] INTERRUPT ':' 1 1 (257)
2026-01-27 11:42:46:175 [OUT] 25 A5 01 08 31 03 CA 3D 0B 4F 1B (11)
                              [N8:R] RFLAG '=' 11 (11)
2026-01-27 11:42:46:343 [IN ] C8 24 08 0B 25 A5 08 01 31 03 CA 3A 0B 4C 1C 92 (16)
                              [N8:R] RFLAG ':' 11 (11)
2026-01-27 11:42:46:364 [OUT] 25 A5 01 08 31 03 88 00 50 15 20 (11)
                              [N8:R] RUN 0 80 (80)
2026-01-27 11:42:46:531 [IN ] C8 24 08 0C 25 A5 08 01 31 04 88 53 00 50 69 EA 08 (17)
                              [N8:R] RUN 'S' 0 80 (80)
2026-01-27 11:42:49:742 [IN ] C8 24 0C 0E 25 A5 0C 01 31 06 81 45 FF BC CD 64 F6 C0 0A (19)
                              [N12:Z] TPOS 'E' 255 188 205 100 (-4403868)
2026-01-27 11:42:50:146 [IN ] C8 24 05 0B 25 A5 05 01 31 03 81 5A 4C 61 AD 64 C8 24 05 0A 25 A5 05 01 31 02 81 49 03 38 AD (31)
                              [N5:V] TPOS 'Z' 76 (76)
                              [N5:V] TPOS 'I'
2026-01-27 11:42:50:167 [OUT] 25 A5 01 0C 31 05 81 FF D1 1A 67 15 6D (13)
                              [N12:Z] TPOS 255 209 26 103 (-3073433)
2026-01-27 11:42:50:191 [OUT] 25 A5 01 05 31 03 C9 3D 09 49 04 (11)
                              [N5:V] LFLAG '=' 9 (9)
2026-01-27 11:42:50:339 [IN ] C8 24 0C 0E 25 A5 0C 01 31 06 81 (11)
2026-01-27 11:42:50:361 [IN ] 53 FF BC CD 75 15 17 0A (8)
                              [N12:Z] TPOS 'S' 255 188 205 117 (-4403851)
2026-01-27 11:42:50:445 [IN ] C8 24 05 0B 25 A5 05 (7)
2026-01-27 11:42:50:467 [IN ] 01 31 03 C9 3A 09 46 02 75 (9)
                              [N5:V] LFLAG ':' 9 (9)
2026-01-27 11:42:50:489 [OUT] 25 A5 01 05 31 03 84 00 50 0E 02 (11)
                              [N5:V] VEL 0 80 (80)
2026-01-27 11:42:50:576 [IN ] C8 24 07 0E 25 A5 07 01 31 06 81 45 FF AB 14 BE 81 43 0A (19)
                              [N7:N] TPOS 'E' 255 171 20 190 (-5565250)
2026-01-27 11:42:50:643 [OUT] 25 A5 01 07 31 05 81 FF F3 35 BF A5 39 (13)
                              [N7:N] TPOS 255 243 53 191 (-838209)
2026-01-27 11:42:50:646 [IN ] C8 24 05 0C 25 A5 05 01 31 04 84 53 00 50 62 C2 81 (17)
                              [N5:V] VEL 'S' 0 80 (80)
2026-01-27 11:42:50:667 [OUT] 25 A5 01 05 31 05 81 00 19 82 3C 94 B6 (13)
                              [N5:V] TPOS 0 25 130 60 (1671740)
2026-01-27 11:42:50:813 [IN ] C8 24 07 0E 25 A5 07 01 31 06 81 53 FF AB 14 BE 8F 89 0A (19)
                              [N7:N] TPOS 'S' 255 171 20 190 (-5565250)
2026-01-27 11:42:50:939 [IN ] C8 24 05 0E 25 A5 05 01 31 06 81 53 00 00 00 01 12 93 0A (19)
                              [N5:V] TPOS 'S' 0 0 0 1 (1)
2026-01-27 11:42:53:350 [IN ] C8 24 08 0B 25 A5 08 01 31 03 81 5A 52 6A C8 01 C8 24 08 0A 25 A5 08 01 31 02 81 49 06 4A C8 (31)
                              [N8:R] TPOS 'Z' 82 (82)
                              [N8:R] TPOS 'I'
2026-01-27 11:42:53:574 [OUT] 25 A5 01 08 31 03 CA 3D 09 4D 19 (11)
                              [N8:R] RFLAG '=' 9 (9)
2026-01-27 11:42:53:721 [IN ] C8 24 08 0B 25 A5 08 01 31 03 CA 3A 09 4A 1A 01 (16)
                              [N8:R] RFLAG ':' 9 (9)
2026-01-27 11:42:53:742 [OUT] 25 A5 01 08 31 05 81 FF DC 77 1D 2F DE (13)
                              [N8:R] TPOS 255 220 119 29 (-2328803)
2026-01-27 11:42:53:932 [IN ] C8 24 08 0E 25 A5 08 01 31 06 81 53 FF FF FF F3 04 9A 0A (19)
                              [N8:R] TPOS 'S' 255 255 255 243 (-13)
2026-01-27 11:42:57:144 [IN ] C8 24 0C 0E 25 A5 0C 01 31 06 81 45 FF D1 1D 20 17 5B 0A (19)
                              [N12:Z] TPOS 'E' 255 209 29 32 (-3072736)
2026-01-27 11:42:58:952 [IN ] C8 24 05 0E 25 A5 05 01 31 06 81 45 00 19 85 F3 94 94 0A (19)
                              [N5:V] TPOS 'E' 0 25 133 243 (1672691)
2026-01-27 11:42:59:377 [OUT] 25 A5 01 05 31 05 81 00 0D 03 C1 8E 19 (13)
                              [N5:V] TPOS 0 13 3 193 (852929)
2026-01-27 11:42:59:566 [IN ] C8 24 05 0E 25 A5 05 01 31 06 81 53 00 19 85 F2 A1 D9 0A (19)
                              [N5:V] TPOS 'S' 0 25 133 242 (1672690)
2026-01-27 11:43:04:986 [IN ] C8 24 05 0E 25 A5 05 01 31 06 81 45 00 0D 02 86 98 FD 0A (19)
                              [N5:V] TPOS 'E' 0 13 2 134 (852614)
2026-01-27 11:43:05:209 [OUT] 25 A5 01 03 31 05 81 FF ED B1 30 88 70 (13)
                              [N3:X] TPOS 255 237 177 48 (-1199824)
2026-01-27 11:43:05:231 [OUT] 25 A5 01 04 31 05 81 FF F3 BD 0C 77 7E (13)
                              [N4:Y] TPOS 255 243 189 12 (-803572)
2026-01-27 11:43:05:401 [IN ] C8 24 03 0E 25 A5 03 01 31 06 81 53 FF FD 50 47 A2 58 0A (19)
                              [N3:X] TPOS 'S' 255 253 80 71 (-176057)
2026-01-27 11:43:05:528 [IN ] C8 24 04 0E 25 A5 04 01 31 06 81 53 FF FD 4F 90 EB A9 0A (19)
                              [N4:Y] TPOS 'S' 255 253 79 144 (-176240)
2026-01-27 11:43:06:935 [IN ] C8 24 08 0E 25 A5 08 01 31 06 81 45 FF DC 74 20 75 02 0A (19)
                              [N8:R] TPOS 'E' 255 220 116 32 (-2329568)
2026-01-27 11:43:07:360 [OUT] 25 A5 01 08 31 05 81 FF EE 15 56 18 89 (13)
                              [N8:R] TPOS 255 238 21 86 (-1174186)
2026-01-27 11:43:07:549 [IN ] C8 24 08 0E 25 A5 08 01 31 06 81 53 FF DC 74 21 84 49 0A (19)
                              [N8:R] TPOS 'S' 255 220 116 33 (-2329567)
2026-01-27 11:43:08:955 [IN ] C8 24 04 0E 25 A5 04 01 31 06 81 45 FF F3 BA 6A 18 F5 0A (19)
                              [N4:Y] TPOS 'E' 255 243 186 106 (-804246)
2026-01-27 11:43:10:963 [IN ] C8 24 03 0E 25 A5 03 01 31 06 81 45 FF ED AE AA 45 01 0A (19)
                              [N3:X] TPOS 'E' 255 237 174 170 (-1200470)
2026-01-27 11:43:11:368 [IN ] C8 24 (2)
2026-01-27 11:43:11:570 [IN ] 07 0E 25 A5 07 01 31 06 81 45 FF F3 3A F4 25 9D 0A (17)
                              [N7:N] TPOS 'E' 255 243 58 244 (-836876)
2026-01-27 11:43:14:182 [IN ] C8 24 08 0E 25 A5 08 01 31 06 81 45 FF EE 17 BF C9 1D 0A (19)
                              [N8:R] TPOS 'E' 255 238 23 191 (-1173569)
