2026-01-27 15:24:59:723 [OUT] 25 A5 01 03 31 05 81 FF EF 9A BF 02 D7 (13)
                              [N3:X] TPOS 255 239 154 191 (-1074497)
2026-01-27 15:24:59:746 [OUT] 25 A5 01 04 31 05 81 FF F4 5E F2 FF A9 (13)
                              [N4:Y] TPOS 255 244 94 242 (-762126)
2026-01-27 15:24:59:768 [IN ] C8 24 0A 0D 25 A5 0A 01 31 05 D6 3A 00 FF 00 50 EB CD (18)
                              [N10:HMI] HMILED ':' 0 255 0 (65280)
2026-01-27 15:24:59:790 [OUT] 25 A5 01 0A 31 05 D6 3D FF 00 00 53 ED (13)
                              [N10:HMI] HMILED '=' 255 0 0 (16711680)
2026-01-27 15:24:59:897 [IN ] C8 24 03 0E 25 A5 03 01 31 06 81 53 FF EF 75 B0 22 E1 0A (19)
                              [N3:X] TPOS 'S' 255 239 117 176 (-1083984)
2026-01-27 15:24:59:938 [IN ] C8 24 0C 0D 25 A5 0C 01 31 05 82 FF D5 F4 D3 60 A9 E1 (18)
                              [N12:Z] GETPOS 255 213 244 211 (-2755373)
2026-01-27 15:25:00:044 [IN ] C8 24 04 0E 25 A5 04 01 31 06 81 53 FF F4 2F 55 87 13 0A (19)
                              [N4:Y] TPOS 'S' 255 244 47 85 (-774315)
2026-01-27 15:25:00:107 [IN ] C8 24 03 0E 25 A5 03 01 31 06 81 45 FF EF 99 FA 82 2D 0A (19)
                              [N3:X] TPOS 'E' 255 239 153 250 (-1074694)
2026-01-27 15:25:00:170 [IN ] C8 24 0A 0D 25 A5 0A 01 31 05 D6 3A FF 00 00 50 EA 2D (18)
                              [N10:HMI] HMILED ':' 255 0 0 (16711680)
2026-01-27 15:25:00:371 [IN ] C8 24 04 0E 25 A5 04 01 31 06 81 45 FF F4 5E 61 B4 37 0A (19)
                              [N4:Y] TPOS 'E' 255 244 94 97 (-762271)
