2026-01-27 16:36:43:557 [OUT] 25 A5 01 0A 31 05 D6 3D FF 00 00 53 ED (13)
                              [N10:HMI] HMILED '=' 255 0 0 (16711680)
2026-01-27 16:36:43:579 [OUT] 25 A5 01 09 31 05 81 FF F0 EE FF 9D F2 (13)
                              [N9:P] TPOS 255 240 238 255 (-987393)
2026-01-27 16:36:43:601 [OUT] 25 A5 01 08 31 05 81 FF EE 33 EA CA 59 (13)
                              [N8:R] TPOS 255 238 51 234 (-1166358)
2026-01-27 16:36:43:749 [IN ] C8 24 0A 0D 25 A5 0A 01 31 05 D6 3A FF 00 00 50 EA 40 (18)
                              [N10:HMI] HMILED ':' 255 0 0 (16711680)
2026-01-27 16:36:43:855 [IN ] C8 24 09 0E 25 A5 09 01 31 06 81 53 FF EE 03 36 3B BC 0A (19)
                              [N9:P] TPOS 'S' 255 238 3 54 (-1178826)
2026-01-27 16:36:44:002 [IN ] C8 24 08 0E 25 A5 08 01 31 06 81 53 FF EE 31 E7 19 BF 0A (19)
                              [N8:R] TPOS 'S' 255 238 49 231 (-1166873)
2026-01-27 16:36:44:204 [IN ] C8 24 08 0E 25 A5 08 01 31 06 81 45 FF EE 32 16 3B AA 0A (19)
                              [N8:R] TPOS 'E' 255 238 50 22 (-1166826)
2026-01-27 16:36:45:207 [IN ] C8 24 09 0E 25 A5 09 01 31 06 81 45 FF F0 F0 CB B1 EB 0A (19)
                              [N9:P] TPOS 'E' 255 240 240 203 (-986933)
2026-01-27 16:36:45:429 [OUT] 25 A5 01 09 31 05 81 FF F0 DB E3 6E B0 (13)
                              [N9:P] TPOS 255 240 219 227 (-992285)
2026-01-27 16:36:45:617 [IN ] C8 24 09 0E 25 A5 09 01 31 06 81 53 FF F0 F0 C8 BC 2E 0A (19)
                              [N9:P] TPOS 'S' 255 240 240 200 (-986936)
2026-01-27 16:36:45:821 [IN ] C8 24 09 0E 25 A5 09 01 31 06 81 45 FF F0 D9 DC AB CE 0A (19)
                              [N9:P] TPOS 'E' 255 240 217 220 (-992804)
2026-01-27 16:36:46:043 [OUT] 25 A5 01 09 31 05 81 FF F0 C8 C6 3E 6D (13)
                              [N9:P] TPOS 255 240 200 198 (-997178)
2026-01-27 16:36:46:233 [IN ] C8 24 09 0E 25 A5 09 01 31 06 81 53 FF F0 D9 DC B9 14 0A (19)
                              [N9:P] TPOS 'S' 255 240 217 220 (-992804)
2026-01-27 16:36:46:434 [IN ] C8 24 09 0E 25 A5 09 01 31 06 81 45 FF F0 C6 E2 9E AE 0A (19)
                              [N9:P] TPOS 'E' 255 240 198 226 (-997662)
2026-01-27 16:36:46:656 [OUT] 25 A5 01 09 31 05 81 FF F0 B5 AA 0F 2B (13)
                              [N9:P] TPOS 255 240 181 170 (-1002070)
2026-01-27 16:36:46:846 [IN ] C8 24 09 0E 25 A5 09 01 31 06 81 53 FF F0 C6 E3 AD F5 0A (19)
                              [N9:P] TPOS 'S' 255 240 198 227 (-997661)
2026-01-27 16:36:47:047 [IN ] C8 24 09 0E 25 A5 09 01 31 06 81 45 FF F0 B3 C7 70 6D 0A (19)
                              [N9:P] TPOS 'E' 255 240 179 199 (-1002553)
2026-01-27 16:36:47:270 [OUT] 25 A5 01 09 31 05 81 FF F0 A2 8D DF E8 (13)
                              [N9:P] TPOS 255 240 162 141 (-1006963)
2026-01-27 16:36:47:458 [IN ] C8 24 09 0E 25 A5 09 01 31 06 81 53 FF F0 B3 C8 7F B4 0A (19)
                              [N9:P] TPOS 'S' 255 240 179 200 (-1002552)
2026-01-27 16:36:47:660 [IN ] C8 24 09 0E 25 A5 09 01 31 06 81 45 FF F0 A0 65 FB E5 0A (19)
                              [N9:P] TPOS 'E' 255 240 160 101 (-1007515)
2026-01-27 16:36:47:882 [OUT] 25 A5 01 09 31 05 81 FF F0 8F 71 B0 A6 (13)
                              [N9:P] TPOS 255 240 143 113 (-1011855)
2026-01-27 16:36:48:071 [IN ] C8 24 09 0E 25 A5 09 01 31 06 81 53 FF F0 A0 65 09 2B 0A (19)
                              [N9:P] TPOS 'S' 255 240 160 101 (-1007515)
2026-01-27 16:36:48:273 [IN ] C8 24 09 0E 25 A5 09 01 31 06 81 45 FF F0 8D 40 C3 9A 0A (19)
                              [N9:P] TPOS 'E' 255 240 141 64 (-1012416)
2026-01-27 16:36:48:495 [OUT] 25 A5 01 09 31 05 81 FF F0 7C 55 81 64 (13)
                              [N9:P] TPOS 255 240 124 85 (-1016747)
2026-01-27 16:36:48:664 [IN ] C8 24 09 0E 25 A5 09 01 (8)
2026-01-27 16:36:48:685 [IN ] 31 06 81 53 FF F0 8D 40 D1 E0 0A (11)
                              [N9:P] TPOS 'S' 255 240 141 64 (-1012416)
2026-01-27 16:36:48:888 [IN ] C8 24 09 0E 25 A5 09 01 31 06 81 45 FF F0 7A 30 A0 64 0A (19)
                              [N9:P] TPOS 'E' 255 240 122 48 (-1017296)
2026-01-27 16:36:49:111 [OUT] 25 A5 01 09 31 05 81 FF F0 69 38 51 21 (13)
                              [N9:P] TPOS 255 240 105 56 (-1021640)
2026-01-27 16:36:49:301 [IN ] C8 24 09 0E 25 A5 09 01 31 06 81 53 FF F0 7A 30 AE AA 0A (19)
                              [N9:P] TPOS 'S' 255 240 122 48 (-1017296)
2026-01-27 16:36:49:506 [IN ] C8 24 09 0E 25 A5 09 01 31 06 81 45 FF F0 67 32 8F 40 0A (19)
                              [N9:P] TPOS 'E' 255 240 103 50 (-1022158)
2026-01-27 16:36:49:728 [OUT] 25 A5 01 09 31 05 81 FF F0 56 1C 22 DF (13)
                              [N9:P] TPOS 255 240 86 28 (-1026532)
2026-01-27 16:36:49:918 [IN ] C8 24 09 0E 25 A5 09 01 31 06 81 53 FF F0 67 33 9E 87 0A (19)
                              [N9:P] TPOS 'S' 255 240 103 51 (-1022157)
2026-01-27 16:36:50:121 [IN ] C8 24 09 0E 25 A5 09 01 31 06 81 45 FF F0 54 3B 85 23 0A (19)
                              [N9:P] TPOS 'E' 255 240 84 59 (-1027013)
2026-01-27 16:36:50:344 [OUT] 25 A5 01 09 31 05 81 FF F0 42 FF F1 9A (13)
                              [N9:P] TPOS 255 240 66 255 (-1031425)
2026-01-27 16:36:50:533 [IN ] C8 24 09 0E 25 A5 09 01 31 06 81 53 FF F0 54 3C 94 6A 0A (19)
                              [N9:P] TPOS 'S' 255 240 84 60 (-1027012)
2026-01-27 16:36:50:735 [IN ] C8 24 09 0E 25 A5 09 01 31 06 81 45 FF F0 41 33 6A F5 0A (19)
                              [N9:P] TPOS 'E' 255 240 65 51 (-1031885)
2026-01-27 16:36:50:957 [OUT] 25 A5 01 09 31 05 81 FF F0 2F E3 C2 58 (13)
                              [N9:P] TPOS 255 240 47 227 (-1036317)
2026-01-27 16:36:51:147 [IN ] C8 24 09 0E 25 A5 09 01 31 06 81 53 FF F0 41 34 79 3C 0A (19)
                              [N9:P] TPOS 'S' 255 240 65 52 (-1031884)
2026-01-27 16:36:51:348 [IN ] C8 24 09 0E 25 A5 09 01 31 06 81 45 FF F0 2E 43 67 DF 0A (19)
                              [N9:P] TPOS 'E' 255 240 46 67 (-1036733)
2026-01-27 16:36:51:570 [OUT] 25 A5 01 09 31 05 81 FF F0 1C C6 92 15 (13)
                              [N9:P] TPOS 255 240 28 198 (-1041210)
2026-01-27 16:36:51:759 [IN ] C8 24 09 0E 25 A5 09 01 31 06 81 53 FF F0 2E 44 76 26 0A (19)
                              [N9:P] TPOS 'S' 255 240 46 68 (-1036732)
2026-01-27 16:36:51:960 [IN ] C8 24 09 0E 25 A5 09 01 31 06 81 45 FF F0 1B 50 61 C6 0A (19)
                              [N9:P] TPOS 'E' 255 240 27 80 (-1041584)
2026-01-27 16:36:52:184 [OUT] 25 A5 01 09 31 05 81 FF F0 09 AA 63 D3 (13)
                              [N9:P] TPOS 255 240 9 170 (-1046102)
2026-01-27 16:36:52:373 [IN ] C8 24 09 0E 25 A5 09 01 31 06 81 53 FF F0 1B 52 71 0E 0A (19)
                              [N9:P] TPOS 'S' 255 240 27 82 (-1041582)
2026-01-27 16:36:52:574 [IN ] C8 24 09 0E 25 A5 09 01 31 06 81 45 FF F0 08 64 62 B4 0A (19)
                              [N9:P] TPOS 'E' 255 240 8 100 (-1046428)
2026-01-27 16:36:52:796 [OUT] 25 A5 01 09 31 05 81 FF EF F6 8D 32 8D (13)
                              [N9:P] TPOS 255 239 246 141 (-1050995)
2026-01-27 16:36:52:985 [IN ] C8 24 09 0E 25 A5 09 01 31 06 81 53 FF F0 08 65 71 FB 0A (19)
                              [N9:P] TPOS 'S' 255 240 8 101 (-1046427)
2026-01-27 16:36:53:187 [IN ] C8 24 09 0E 25 A5 09 01 31 06 81 45 FF EF F5 85 6F AC 0A (19)
                              [N9:P] TPOS 'E' 255 239 245 133 (-1051259)
2026-01-27 16:36:53:410 [OUT] 25 A5 01 09 31 05 81 FF EF E3 71 03 4B (13)
                              [N9:P] TPOS 255 239 227 113 (-1055887)
2026-01-27 16:36:53:600 [IN ] C8 24 09 0E 25 A5 09 01 31 06 81 53 FF EF F5 86 7E F3 0A (19)
                              [N9:P] TPOS 'S' 255 239 245 134 (-1051258)
2026-01-27 16:36:53:801 [IN ] C8 24 09 0E 25 A5 09 01 31 06 81 45 FF EF E2 61 38 62 0A (19)
                              [N9:P] TPOS 'E' 255 239 226 97 (-1056159)
2026-01-27 16:36:54:023 [OUT] 25 A5 01 09 31 05 81 FF EF D0 55 D4 09 (13)
                              [N9:P] TPOS 255 239 208 85 (-1060779)
2026-01-27 16:36:54:192 [IN ] C8 24 09 0E 25 A5 09 01 31 06 81 53 FF EF E2 63 48 AA 0A (19)
                              [N9:P] TPOS 'S' 255 239 226 99 (-1056157)
2026-01-27 16:36:54:393 [IN ] C8 24 09 0E 25 A5 09 01 31 06 81 45 FF EF CF 16 DA F1 0A (19)
                              [N9:P] TPOS 'E' 255 239 207 22 (-1061098)
2026-01-27 16:36:54:616 [OUT] 25 A5 01 09 31 05 81 FF EF BD 38 A4 C6 (13)
                              [N9:P] TPOS 255 239 189 56 (-1065672)
2026-01-27 16:36:54:805 [IN ] C8 24 09 0E 25 A5 09 01 31 06 81 53 FF EF CF 18 EA 39 0A (19)
                              [N9:P] TPOS 'S' 255 239 207 24 (-1061096)
2026-01-27 16:36:55:007 [IN ] C8 24 09 0E 25 A5 09 01 31 06 81 45 FF EF BC 09 BA BE 0A (19)
                              [N9:P] TPOS 'E' 255 239 188 9 (-1065975)
2026-01-27 16:36:55:229 [OUT] 25 A5 01 09 31 05 81 FF EF AA 1C 75 84 (13)
                              [N9:P] TPOS 255 239 170 28 (-1070564)
2026-01-27 16:36:55:419 [IN ] C8 24 09 0E 25 A5 09 01 31 06 81 53 FF EF BC 0B CA 06 0A (19)
                              [N9:P] TPOS 'S' 255 239 188 11 (-1065973)
2026-01-27 16:36:55:621 [IN ] C8 24 09 0E 25 A5 09 01 31 06 81 45 FF EF A8 A7 44 34 0A (19)
                              [N9:P] TPOS 'E' 255 239 168 167 (-1070937)
2026-01-27 16:36:55:843 [OUT] 25 A5 01 09 31 05 81 FF EF 96 FF 44 3F (13)
                              [N9:P] TPOS 255 239 150 255 (-1075457)
2026-01-27 16:36:56:012 [IN ] C8 24 09 0E 25 A5 09 01 31 06 81 53 FF EF A8 A8 53 7B 0A (19)
                              [N9:P] TPOS 'S' 255 239 168 168 (-1070936)
2026-01-27 16:36:56:213 [IN ] C8 24 09 0E 25 A5 09 01 31 06 81 45 FF EF 95 38 C2 9F 0A (19)
                              [N9:P] TPOS 'E' 255 239 149 56 (-1075912)
2026-01-27 16:36:56:436 [OUT] 25 A5 01 09 31 05 81 FF EF 83 E3 15 FD (13)
                              [N9:P] TPOS 255 239 131 227 (-1080349)
2026-01-27 16:36:56:625 [IN ] C8 24 09 0E 25 A5 09 01 31 06 81 53 FF EF 95 39 D1 E6 0A (19)
                              [N9:P] TPOS 'S' 255 239 149 57 (-1075911)
2026-01-27 16:36:56:826 [IN ] C8 24 09 0E 25 A5 09 01 31 06 81 45 FF EF 82 09 80 4A 0A (19)
                              [N9:P] TPOS 'E' 255 239 130 9 (-1080823)
2026-01-27 16:36:57:049 [OUT] 25 A5 01 09 31 05 81 FF EF 70 C6 E5 BA (13)
                              [N9:P] TPOS 255 239 112 198 (-1085242)
2026-01-27 16:36:57:237 [IN ] C8 24 09 0E 25 A5 09 01 31 06 81 53 FF EF 82 0A 8F 91 0A (19)
                              [N9:P] TPOS 'S' 255 239 130 10 (-1080822)
2026-01-27 16:36:57:438 [IN ] C8 24 09 0E 25 A5 09 01 31 06 81 45 FF EF 6E E3 46 FC 0A (19)
                              [N9:P] TPOS 'E' 255 239 110 227 (-1085725)
2026-01-27 16:36:57:661 [OUT] 25 A5 01 09 31 05 81 FF EF 5D AA B6 78 (13)
                              [N9:P] TPOS 255 239 93 170 (-1090134)
2026-01-27 16:36:57:849 [IN ] C8 24 09 0E 25 A5 09 01 31 06 81 53 FF EF 6E E4 55 43 0A (19)
                              [N9:P] TPOS 'S' 255 239 110 228 (-1085724)
2026-01-27 16:36:58:051 [IN ] C8 24 09 0E 25 A5 09 01 31 06 81 45 FF EF 5B D6 26 C9 0A (19)
                              [N9:P] TPOS 'E' 255 239 91 214 (-1090602)
2026-01-27 16:36:58:275 [OUT] 25 A5 01 09 31 05 81 FF EF 4A 8D 86 35 (13)
                              [N9:P] TPOS 255 239 74 141 (-1095027)
2026-01-27 16:36:58:443 [IN ] C8 (1)
2026-01-27 16:36:58:464 [IN ] 24 09 0E 25 A5 09 01 31 06 81 53 FF EF 5B D8 36 11 0A (18)
                              [N9:P] TPOS 'S' 255 239 91 216 (-1090600)
2026-01-27 16:36:58:665 [IN ] C8 24 09 0E 25 A5 09 01 31 06 81 45 FF EF 48 C1 FE 8E 0A (19)
                              [N9:P] TPOS 'E' 255 239 72 193 (-1095487)
2026-01-27 16:36:58:888 [OUT] 25 A5 01 09 31 05 81 FF EF 37 71 57 F3 (13)
                              [N9:P] TPOS 255 239 55 113 (-1099919)
2026-01-27 16:36:59:096 [IN ] C8 24 09 0E 25 A5 09 01 31 06 81 53 FF EF 48 C1 0C D4 0A (19)
                              [N9:P] TPOS 'S' 255 239 72 193 (-1095487)
2026-01-27 16:36:59:297 [IN ] C8 24 09 0E 25 A5 09 01 31 06 81 45 FF EF 35 C2 EC 69 0A (19)
                              [N9:P] TPOS 'E' 255 239 53 194 (-1100350)
2026-01-27 16:36:59:520 [OUT] 25 A5 01 09 31 05 81 FF EF 24 55 28 B1 (13)
                              [N9:P] TPOS 255 239 36 85 (-1104811)
2026-01-27 16:36:59:710 [IN ] C8 24 09 0E 25 A5 09 01 31 06 81 53 FF EF 35 C2 FA AF 0A (19)
                              [N9:P] TPOS 'S' 255 239 53 194 (-1100350)
2026-01-27 16:36:59:911 [IN ] C8 24 09 0E 25 A5 09 01 31 06 81 45 FF EF 22 C3 DA 44 0A (19)
                              [N9:P] TPOS 'E' 255 239 34 195 (-1105213)
2026-01-27 16:37:00:133 [OUT] 25 A5 01 09 31 05 81 FF EF 11 38 F8 6E (13)
                              [N9:P] TPOS 255 239 17 56 (-1109704)
2026-01-27 16:37:00:322 [IN ] C8 24 09 0E 25 A5 09 01 31 06 81 53 FF EF 22 C3 E8 8A 0A (19)
                              [N9:P] TPOS 'S' 255 239 34 195 (-1105213)
2026-01-27 16:37:00:523 [IN ] C8 24 09 0E 25 A5 09 01 31 06 81 45 FF EF 0F AE B2 09 0A (19)
                              [N9:P] TPOS 'E' 255 239 15 174 (-1110098)
2026-01-27 16:37:00:745 [OUT] 25 A5 01 09 31 05 81 FF EE FE 1C C8 29 (13)
                              [N9:P] TPOS 255 238 254 28 (-1114596)
2026-01-27 16:37:00:934 [IN ] C8 24 09 0E 25 A5 09 01 31 06 81 53 FF EF 0F B0 C2 51 0A (19)
                              [N9:P] TPOS 'S' 255 239 15 176 (-1110096)
2026-01-27 16:37:01:137 [IN ] C8 24 09 0E 25 A5 09 01 31 06 81 45 FF EE FC 91 81 C3 0A (19)
                              [N9:P] TPOS 'E' 255 238 252 145 (-1114991)
2026-01-27 16:37:01:359 [OUT] 25 A5 01 09 31 05 81 FF EE EA FF 97 E4 (13)
                              [N9:P] TPOS 255 238 234 255 (-1119489)
2026-01-27 16:37:01:527 [IN ] C8 24 09 0E 25 A5 09 01 31 06 81 53 FF EE FC 93 91 0B 0A (19)
                              [N9:P] TPOS 'S' 255 238 252 147 (-1114989)
2026-01-27 16:37:01:729 [IN ] C8 24 09 0E 25 A5 09 01 31 06 81 45 FF EE E9 A0 7D AC 0A (19)
                              [N9:P] TPOS 'E' 255 238 233 160 (-1119840)
2026-01-27 16:37:01:951 [OUT] 25 A5 01 09 31 05 81 FF EE D7 E3 68 A2 (13)
                              [N9:P] TPOS 255 238 215 227 (-1124381)
2026-01-27 16:37:02:161 [IN ] C8 24 09 0E 25 A5 09 01 31 06 81 53 FF EE E9 A2 8D F4 0A (19)
                              [N9:P] TPOS 'S' 255 238 233 162 (-1119838)
2026-01-27 16:37:02:363 [IN ] C8 24 09 0E 25 A5 09 01 31 06 81 45 FF EE D6 55 1F 3B 0A (19)
                              [N9:P] TPOS 'E' 255 238 214 85 (-1124779)
2026-01-27 16:37:02:585 [OUT] 25 A5 01 09 31 05 81 FF EE C4 C6 38 5F (13)
                              [N9:P] TPOS 255 238 196 198 (-1129274)
2026-01-27 16:37:02:774 [IN ] C8 24 09 0E 25 A5 09 01 31 06 81 53 FF EE D6 57 2F 83 0A (19)
                              [N9:P] TPOS 'S' 255 238 214 87 (-1124777)
2026-01-27 16:37:02:976 [IN ] C8 24 09 0E 25 A5 09 01 31 06 81 45 FF EE C3 31 E8 F1 0A (19)
                              [N9:P] TPOS 'E' 255 238 195 49 (-1129679)
2026-01-27 16:37:03:198 [OUT] 25 A5 01 09 31 05 81 FF EE B1 AA 09 1D (13)
                              [N9:P] TPOS 255 238 177 170 (-1134166)
2026-01-27 16:37:03:367 [IN ] C8 24 09 0E 25 A5 09 01 31 06 81 53 FF EE C3 32 F7 38 0A (19)
                              [N9:P] TPOS 'S' 255 238 195 50 (-1129678)
2026-01-27 16:37:03:572 [IN ] C8 24 09 0E 25 A5 09 01 31 06 81 45 FF EE B0 25 C9 BF 0A (19)
                              [N9:P] TPOS 'E' 255 238 176 37 (-1134555)
2026-01-27 16:37:03:794 [OUT] 25 A5 01 09 31 05 81 FF EE 9E 8D D9 DA (13)
                              [N9:P] TPOS 255 238 158 141 (-1139059)
2026-01-27 16:37:03:983 [IN ] C8 24 09 0E 25 A5 09 01 31 06 81 53 (12)
2026-01-27 16:37:04:005 [IN ] FF EE B0 28 DA 08 0A (7)
                              [N9:P] TPOS 'S' 255 238 176 40 (-1134552)
2026-01-27 16:37:04:206 [IN ] C8 24 09 0E 25 A5 09 01 31 06 81 45 FF EE 9C DE 6E 50 0A (19)
                              [N9:P] TPOS 'E' 255 238 156 222 (-1139490)
2026-01-27 16:37:04:428 [OUT] 25 A5 01 09 31 05 81 FF EE 8B 71 AA 98 (13)
                              [N9:P] TPOS 255 238 139 113 (-1143951)
2026-01-27 16:37:04:618 [IN ] C8 24 09 0E 25 A5 09 01 31 06 81 53 FF EE 9C DF 7D 97 0A (19)
                              [N9:P] TPOS 'S' 255 238 156 223 (-1139489)
2026-01-27 16:37:04:819 [IN ] C8 24 09 0E 25 A5 09 01 31 06 81 45 FF EE 89 96 13 E2 0A (19)
                              [N9:P] TPOS 'E' 255 238 137 150 (-1144426)
2026-01-27 16:37:05:041 [OUT] 25 A5 01 09 31 05 81 FF EE 78 55 7B 56 (13)
                              [N9:P] TPOS 255 238 120 85 (-1148843)
2026-01-27 16:37:05:230 [IN ] C8 24 09 0E 25 A5 09 01 31 06 81 53 FF EE 89 98 23 2A 0A (19)
                              [N9:P] TPOS 'S' 255 238 137 152 (-1144424)
2026-01-27 16:37:05:432 [IN ] C8 24 09 0E 25 A5 09 01 31 06 81 45 FF EE 76 80 EA A6 0A (19)
                              [N9:P] TPOS 'E' 255 238 118 128 (-1149312)
2026-01-27 16:37:05:653 [OUT] 25 A5 01 09 31 05 81 FF EE 65 38 4B 13 (13)
                              [N9:P] TPOS 255 238 101 56 (-1153736)
2026-01-27 16:37:05:822 [IN ] C8 24 (2)
2026-01-27 16:37:05:844 [IN ] 09 0E 25 A5 09 01 31 06 81 53 FF EE 76 82 FA EE 0A (17)
                              [N9:P] TPOS 'S' 255 238 118 130 (-1149310)
2026-01-27 16:37:06:045 [IN ] C8 24 09 0E 25 A5 09 01 31 06 81 45 FF EE 63 76 CD 76 0A (19)
                              [N9:P] TPOS 'E' 255 238 99 118 (-1154186)
2026-01-27 16:37:06:268 [OUT] 25 A5 01 09 31 05 81 FF EE 52 1C 1C D1 (13)
                              [N9:P] TPOS 255 238 82 28 (-1158628)
2026-01-27 16:37:06:459 [IN ] C8 24 09 0E 25 A5 09 01 31 06 81 53 FF EE 63 76 DB BC 0A (19)
                              [N9:P] TPOS 'S' 255 238 99 118 (-1154186)
2026-01-27 16:37:06:660 [IN ] C8 24 09 0E 25 A5 09 01 31 06 81 45 FF EE 50 55 99 2F 0A (19)
                              [N9:P] TPOS 'E' 255 238 80 85 (-1159083)
2026-01-27 16:37:06:882 [OUT] 25 A5 01 09 31 05 81 FF EE 3E FF EB 8C (13)
                              [N9:P] TPOS 255 238 62 255 (-1163521)
2026-01-27 16:37:07:071 [IN ] C8 24 09 0E 25 A5 09 01 31 06 81 53 FF EE 50 56 A8 76 0A (19)
                              [N9:P] TPOS 'S' 255 238 80 86 (-1159082)
2026-01-27 16:37:07:274 [IN ] C8 24 09 0E 25 A5 09 01 31 06 81 45 FF EE 3D 64 95 18 0A (19)
                              [N9:P] TPOS 'E' 255 238 61 100 (-1163932)
2026-01-27 16:37:07:497 [OUT] 25 A5 01 09 31 05 81 FF EE 2B E3 BC 4A (13)
                              [N9:P] TPOS 255 238 43 227 (-1168413)
2026-01-27 16:37:07:666 [IN ] C8 24 09 0E 25 A5 09 01 31 06 81 (11)
2026-01-27 16:37:07:687 [IN ] 53 FF EE 3D 65 A4 5F 0A (8)
                              [N9:P] TPOS 'S' 255 238 61 101 (-1163931)
2026-01-27 16:37:07:888 [IN ] C8 24 09 0E 25 A5 09 01 31 06 81 45 FF EE 2A 6A 88 F8 0A (19)
                              [N9:P] TPOS 'E' 255 238 42 106 (-1168790)
2026-01-27 16:37:08:111 [OUT] 25 A5 01 09 31 05 81 FF EE 18 C6 8C 07 (13)
                              [N9:P] TPOS 255 238 24 198 (-1173306)
2026-01-27 16:37:08:299 [IN ] C8 24 09 0E 25 A5 09 01 31 06 81 53 FF EE 2A 6B 97 3F 0A (19)
                              [N9:P] TPOS 'S' 255 238 42 107 (-1168789)
2026-01-27 16:37:08:502 [IN ] C8 24 09 0E 25 A5 09 01 31 06 81 45 FF EE 17 4E 59 B6 0A (19)
                              [N9:P] TPOS 'E' 255 238 23 78 (-1173682)
2026-01-27 16:37:08:725 [OUT] 25 A5 01 09 31 05 81 FF EE 05 AA 5D C5 (13)
                              [N9:P] TPOS 255 238 5 170 (-1178198)
2026-01-27 16:37:08:915 [IN ] C8 24 09 0E 25 A5 09 01 31 06 81 53 FF EE 17 50 69 FE 0A (19)
                              [N9:P] TPOS 'S' 255 238 23 80 (-1173680)
2026-01-27 16:37:09:116 [IN ] C8 24 09 0E 25 A5 09 01 31 06 81 45 FF EE 04 45 3D 87 0A (19)
                              [N9:P] TPOS 'E' 255 238 4 69 (-1178555)
2026-01-27 16:37:09:338 [OUT] 25 A5 01 09 31 05 81 FF ED F2 8D 2C 7F (13)
                              [N9:P] TPOS 255 237 242 141 (-1183091)
2026-01-27 16:37:09:527 [IN ] C8 24 09 0E 25 A5 09 01 31 06 81 (11)
2026-01-27 16:37:09:548 [IN ] 53 FF EE 04 46 4C CE 0A (8)
                              [N9:P] TPOS 'S' 255 238 4 70 (-1178554)
2026-01-27 16:37:09:750 [IN ] C8 24 09 0E 25 A5 09 01 31 06 81 45 FF ED F1 11 F5 2A 0A (19)
                              [N9:P] TPOS 'E' 255 237 241 17 (-1183471)
2026-01-27 16:37:09:972 [OUT] 25 A5 01 09 31 05 81 FF ED DF 71 FD 3D (13)
                              [N9:P] TPOS 255 237 223 113 (-1187983)
2026-01-27 16:37:10:163 [IN ] C8 24 09 0E 25 A5 09 01 31 06 81 53 FF ED F1 12 04 71 0A (19)
                              [N9:P] TPOS 'S' 255 237 241 18 (-1183470)
2026-01-27 16:37:10:365 [IN ] C8 24 09 0E 25 A5 09 01 31 06 81 45 FF ED DE 06 D7 F9 0A (19)
                              [N9:P] TPOS 'E' 255 237 222 6 (-1188346)
2026-01-27 16:37:10:587 [OUT] 25 A5 01 09 31 05 81 FF ED CC 55 CE FB (13)
                              [N9:P] TPOS 255 237 204 85 (-1192875)
2026-01-27 16:37:10:776 [IN ] C8 24 09 0E 25 A5 09 01 31 06 81 53 FF ED DE 08 E7 41 0A (19)
                              [N9:P] TPOS 'S' 255 237 222 8 (-1188344)
2026-01-27 16:37:10:979 [IN ] C8 24 09 0E 25 A5 09 01 31 06 81 45 FF ED CA E3 A0 AE 0A (19)
                              [N9:P] TPOS 'E' 255 237 202 227 (-1193245)
2026-01-27 16:37:11:202 [OUT] 25 A5 01 09 31 05 81 FF ED B9 38 9E B8 (13)
                              [N9:P] TPOS 255 237 185 56 (-1197768)
2026-01-27 16:37:11:369 [IN ] C8 24 09 0E 25 A5 09 01 31 (9)
2026-01-27 16:37:11:390 [IN ] 06 81 53 FF ED CA E4 AF F5 0A (10)
                              [N9:P] TPOS 'S' 255 237 202 228 (-1193244)
2026-01-27 16:37:11:592 [IN ] C8 24 09 0E 25 A5 09 01 31 06 81 45 FF ED B7 99 43 3E 0A (19)
                              [N9:P] TPOS 'E' 255 237 183 153 (-1198183)
2026-01-27 16:37:11:815 [OUT] 25 A5 01 09 31 05 81 FF ED A6 1C 6F 76 (13)
                              [N9:P] TPOS 255 237 166 28 (-1202660)
2026-01-27 16:37:12:025 [IN ] C8 24 09 0E 25 A5 09 01 31 06 81 53 FF ED B7 9C 54 87 0A (19)
                              [N9:P] TPOS 'S' 255 237 183 156 (-1198180)
2026-01-27 16:37:12:227 [IN ] C8 24 09 0E 25 A5 09 01 31 06 81 45 FF ED A4 62 F9 E1 0A (19)
                              [N9:P] TPOS 'E' 255 237 164 98 (-1203102)
2026-01-27 16:37:12:450 [OUT] 25 A5 01 09 31 05 81 FF ED 92 FF 3E 31 (13)
                              [N9:P] TPOS 255 237 146 255 (-1207553)
2026-01-27 16:37:12:639 [IN ] C8 24 09 0E 25 A5 09 01 31 06 81 53 FF ED A4 63 08 28 0A (19)
                              [N9:P] TPOS 'S' 255 237 164 99 (-1203101)
2026-01-27 16:37:12:840 [IN ] C8 24 09 0E 25 A5 09 01 31 06 81 45 FF ED 91 0C 90 65 0A (19)
                              [N9:P] TPOS 'E' 255 237 145 12 (-1208052)
2026-01-27 16:37:13:062 [OUT] 25 A5 01 09 31 05 81 FF ED 7F E3 0F EF (13)
                              [N9:P] TPOS 255 237 127 227 (-1212445)
2026-01-27 16:37:13:229 [IN ] C8 24 09 0E 25 A5 09 01 (8)
2026-01-27 16:37:13:253 [IN ] 31 06 81 53 FF ED 91 0D 9F AC 0A (11)
                              [N9:P] TPOS 'S' 255 237 145 13 (-1208051)
2026-01-27 16:37:13:455 [IN ] C8 24 09 0E 25 A5 09 01 31 06 81 45 FF ED 7D D1 41 02 0A (19)
                              [N9:P] TPOS 'E' 255 237 125 209 (-1212975)
2026-01-27 16:37:13:679 [OUT] 25 A5 01 09 31 05 81 FF ED 6C C6 DF AC (13)
                              [N9:P] TPOS 255 237 108 198 (-1217338)
2026-01-27 16:37:13:867 [IN ] C8 24 09 0E 25 A5 09 01 31 06 81 53 FF ED 7D D2 50 49 0A (19)
                              [N9:P] TPOS 'S' 255 237 125 210 (-1212974)
2026-01-27 16:37:14:069 [IN ] C8 24 09 0E 25 A5 09 01 31 06 81 45 FF ED 6A B4 11 BF 0A (19)
                              [N9:P] TPOS 'E' 255 237 106 180 (-1217868)
2026-01-27 16:37:14:291 [OUT] 25 A5 01 09 31 05 81 FF ED 59 AA B0 6A (13)
                              [N9:P] TPOS 255 237 89 170 (-1222230)
2026-01-27 16:37:14:479 [IN ] C8 24 09 0E 25 A5 09 01 31 06 81 53 FF ED 6A B5 20 06 0A (19)
                              [N9:P] TPOS 'S' 255 237 106 181 (-1217867)
2026-01-27 16:37:14:681 [IN ] C8 24 09 0E 25 A5 09 01 31 06 81 45 FF ED 57 B0 FA 95 0A (19)
                              [N9:P] TPOS 'E' 255 237 87 176 (-1222736)
2026-01-27 16:37:14:903 [OUT] 25 A5 01 09 31 05 81 FF ED 46 8D 80 27 (13)
                              [N9:P] TPOS 255 237 70 141 (-1227123)
2026-01-27 16:37:15:093 [IN ] C8 24 09 0E 25 A5 09 01 31 06 81 53 FF ED 57 B1 09 DC 0A (19)
                              [N9:P] TPOS 'S' 255 237 87 177 (-1222735)
2026-01-27 16:37:15:294 [IN ] C8 24 09 0E 25 A5 09 01 31 06 81 45 FF ED 44 A6 DD 65 0A (19)
                              [N9:P] TPOS 'E' 255 237 68 166 (-1227610)
2026-01-27 16:37:15:517 [OUT] 25 A5 01 09 31 05 81 FF ED 33 71 51 E5 (13)
                              [N9:P] TPOS 255 237 51 113 (-1232015)
2026-01-27 16:37:15:705 [IN ] C8 24 09 0E 25 A5 09 01 31 06 81 53 FF ED 44 A7 EC AC 0A (19)
                              [N9:P] TPOS 'S' 255 237 68 167 (-1227609)
2026-01-27 16:37:15:907 [IN ] C8 24 09 0E 25 A5 09 01 31 06 81 45 FF ED 31 BC E0 55 0A (19)
                              [N9:P] TPOS 'E' 255 237 49 188 (-1232452)
2026-01-27 16:37:16:129 [OUT] 25 A5 01 09 31 05 81 FF ED 20 55 22 A3 (13)
                              [N9:P] TPOS 255 237 32 85 (-1236907)
2026-01-27 16:37:16:317 [IN ] C8 24 09 0E 25 A5 09 01 31 06 81 53 FF ED 31 BE F0 9D 0A (19)
                              [N9:P] TPOS 'S' 255 237 49 190 (-1232450)
2026-01-27 16:37:16:519 [IN ] C8 24 09 0E 25 A5 09 01 31 06 81 45 FF ED 1E CE DF 41 0A (19)
                              [N9:P] TPOS 'E' 255 237 30 206 (-1237298)
2026-01-27 16:37:16:742 [OUT] 25 A5 01 09 31 05 81 FF ED 0D 38 F2 60 (13)
                              [N9:P] TPOS 255 237 13 56 (-1241800)
2026-01-27 16:37:16:910 [IN ] C8 24 09 0E 25 A5 09 01 31 06 81 53 (12)
2026-01-27 16:37:16:931 [IN ] FF ED 1E CF EE 88 0A (7)
                              [N9:P] TPOS 'S' 255 237 30 207 (-1237297)
2026-01-27 16:37:17:132 [IN ] C8 24 09 0E 25 A5 09 01 31 06 81 45 FF ED 0B F7 F5 44 0A (19)
                              [N9:P] TPOS 'E' 255 237 11 247 (-1242121)
2026-01-27 16:37:17:354 [OUT] 25 A5 01 09 31 05 81 FF EC FA 1C C2 1B (13)
                              [N9:P] TPOS 255 236 250 28 (-1246692)
2026-01-27 16:37:17:544 [IN ] C8 24 09 0E 25 A5 09 01 31 06 81 53 FF ED 0B F9 05 8C 0A (19)
                              [N9:P] TPOS 'S' 255 237 11 249 (-1242119)
2026-01-27 16:37:17:746 [IN ] C8 24 09 0E 25 A5 09 01 31 06 81 45 FF EC F8 E5 CF 09 0A (19)
                              [N9:P] TPOS 'E' 255 236 248 229 (-1247003)
2026-01-27 16:37:17:969 [OUT] 25 A5 01 09 31 05 81 FF EC E6 FF 91 D6 (13)
                              [N9:P] TPOS 255 236 230 255 (-1251585)
2026-01-27 16:37:18:155 [IN ] C8 24 09 0E 25 A5 09 01 31 06 81 53 FF EC F8 E7 DF 51 0A (19)
                              [N9:P] TPOS 'S' 255 236 248 231 (-1247001)
2026-01-27 16:37:18:359 [IN ] C8 24 09 0E 25 A5 09 01 31 06 81 45 FF EC E5 CF A6 CD 0A (19)
                              [N9:P] TPOS 'E' 255 236 229 207 (-1251889)
2026-01-27 16:37:18:582 [OUT] 25 A5 01 09 31 05 81 FF EC D3 E3 62 94 (13)
                              [N9:P] TPOS 255 236 211 227 (-1256477)
2026-01-27 16:37:18:751 [IN ] C8 24 09 0E 25 A5 09 01 31 06 81 53 FF EC E5 D2 B7 16 0A (19)
                              [N9:P] TPOS 'S' 255 236 229 210 (-1251886)
2026-01-27 16:37:18:953 [IN ] C8 24 09 0E 25 A5 09 01 31 06 81 45 FF EC D2 DA 9E B2 0A (19)
                              [N9:P] TPOS 'E' 255 236 210 218 (-1256742)
2026-01-27 16:37:19:176 [OUT] 25 A5 01 09 31 05 81 FF EC C0 C6 32 51 (13)
                              [N9:P] TPOS 255 236 192 198 (-1261370)
2026-01-27 16:37:19:370 [IN ] C8 24 09 0E 25 A5 09 01 31 06 81 53 FF EC D2 DC AE FA 0A (19)
                              [N9:P] TPOS 'S' 255 236 210 220 (-1256740)
2026-01-27 16:37:19:570 [IN ] C8 24 09 0E 25 A5 09 01 31 06 81 45 FF EC BF B5 66 67 0A (19)
                              [N9:P] TPOS 'E' 255 236 191 181 (-1261643)
2026-01-27 16:37:19:793 [OUT] 25 A5 01 09 31 05 81 FF EC AD AA 03 0F (13)
                              [N9:P] TPOS 255 236 173 170 (-1266262)
2026-01-27 16:37:19:981 [IN ] C8 24 09 0E 25 A5 09 01 31 06 81 53 FF EC BF B7 76 AF 0A (19)
                              [N9:P] TPOS 'S' 255 236 191 183 (-1261641)
2026-01-27 16:37:20:182 [IN ] C8 24 09 0E 25 A5 09 01 31 06 81 45 FF EC AC 46 E4 D2 0A (19)
                              [N9:P] TPOS 'E' 255 236 172 70 (-1266618)
2026-01-27 16:37:20:406 [OUT] 25 A5 01 09 31 05 81 FF EC 9A 8D D3 CC (13)
                              [N9:P] TPOS 255 236 154 141 (-1271155)
2026-01-27 16:37:20:596 [IN ] C8 24 09 0E 25 A5 09 01 31 06 81 53 FF EC AC 47 F3 19 0A (19)
                              [N9:P] TPOS 'S' 255 236 172 71 (-1266617)
2026-01-27 16:37:20:798 [IN ] C8 24 09 0E 25 A5 09 01 31 06 81 45 FF EC 99 17 A2 7D 0A (19)
                              [N9:P] TPOS 'E' 255 236 153 23 (-1271529)
2026-01-27 16:37:21:021 [OUT] 25 A5 01 09 31 05 81 FF EC 87 71 A4 8A (13)
                              [N9:P] TPOS 255 236 135 113 (-1276047)
2026-01-27 16:37:21:210 [IN ] C8 24 09 0E 25 A5 09 01 31 06 81 53 FF EC 99 18 B1 C4 0A (19)
                              [N9:P] TPOS 'S' 255 236 153 24 (-1271528)
2026-01-27 16:37:21:412 [IN ] C8 24 09 0E 25 A5 09 01 31 06 81 45 FF EC 85 EC 63 2A 0A (19)
                              [N9:P] TPOS 'E' 255 236 133 236 (-1276436)
2026-01-27 16:37:21:635 [OUT] 25 A5 01 09 31 05 81 FF EC 74 55 75 48 (13)
                              [N9:P] TPOS 255 236 116 85 (-1280939)
2026-01-27 16:37:21:824 [IN ] C8 24 09 0E 25 A5 09 01 31 06 81 53 FF EC 85 ED 72 71 0A (19)
                              [N9:P] TPOS 'S' 255 236 133 237 (-1276435)
2026-01-27 16:37:22:026 [IN ] C8 24 09 0E 25 A5 09 01 31 06 81 45 FF EC 72 AE 12 C6 0A (19)
                              [N9:P] TPOS 'E' 255 236 114 174 (-1281362)
2026-01-27 16:37:22:248 [OUT] 25 A5 01 09 31 05 81 FF EC 61 38 45 05 (13)
                              [N9:P] TPOS 255 236 97 56 (-1285832)
2026-01-27 16:37:22:436 [IN ] C8 24 09 0E 25 A5 09 01 31 06 81 53 FF EC 72 B0 22 0E 0A (19)
                              [N9:P] TPOS 'S' 255 236 114 176 (-1281360)
2026-01-27 16:37:22:637 [IN ] C8 24 09 0E 25 A5 09 01 31 06 81 45 FF EC 5F 82 D3 74 0A (19)
                              [N9:P] TPOS 'E' 255 236 95 130 (-1286270)
2026-01-27 16:37:22:860 [OUT] 25 A5 01 09 31 05 81 FF EC 4E 1C 16 C3 (13)
                              [N9:P] TPOS 255 236 78 28 (-1290724)
2026-01-27 16:37:23:049 [IN ] C8 24 09 0E 25 A5 09 01 31 06 81 53 FF EC 5F 84 E3 BC 0A (19)
                              [N9:P] TPOS 'S' 255 236 95 132 (-1286268)
2026-01-27 16:37:23:251 [IN ] C8 24 09 0E 25 A5 09 01 31 06 81 45 FF EC 4C 57 95 23 0A (19)
                              [N9:P] TPOS 'E' 255 236 76 87 (-1291177)
2026-01-27 16:37:23:474 [OUT] 25 A5 01 09 31 05 81 FF EC 3A FF E5 7E (13)
                              [N9:P] TPOS 255 236 58 255 (-1295617)
2026-01-27 16:37:23:663 [IN ] C8 24 09 0E 25 A5 09 01 31 06 81 53 FF EC 4C 58 A4 6A 0A (19)
                              [N9:P] TPOS 'S' 255 236 76 88 (-1291176)
2026-01-27 16:37:23:864 [IN ] C8 24 09 0E 25 A5 09 01 31 06 81 45 FF EC 39 2B 56 D1 0A (19)
                              [N9:P] TPOS 'E' 255 236 57 43 (-1296085)
2026-01-27 16:37:24:086 [OUT] 25 A5 01 09 31 05 81 FF EC 27 E3 B6 3C (13)
                              [N9:P] TPOS 255 236 39 227 (-1300509)
2026-01-27 16:37:24:276 [IN ] C8 24 09 0E 25 A5 09 01 31 06 81 53 FF EC 39 2D 66 19 0A (19)
                              [N9:P] TPOS 'S' 255 236 57 45 (-1296083)
2026-01-27 16:37:24:478 [IN ] C8 24 09 0E 25 A5 09 01 31 06 81 45 FF EC 26 1D 35 9D 0A (19)
                              [N9:P] TPOS 'E' 255 236 38 29 (-1300963)
2026-01-27 16:37:24:702 [OUT] 25 A5 01 09 31 05 81 FF EC 14 C6 86 F9 (13)
                              [N9:P] TPOS 255 236 20 198 (-1305402)
2026-01-27 16:37:24:891 [IN ] C8 24 09 0E 25 A5 09 01 31 06 81 53 FF EC 26 1E 44 E4 0A (19)
                              [N9:P] TPOS 'S' 255 236 38 30 (-1300962)
2026-01-27 16:37:25:093 [IN ] C8 24 09 0E 25 A5 09 01 31 06 81 45 FF EC 13 33 38 8D 0A (19)
                              [N9:P] TPOS 'E' 255 236 19 51 (-1305805)
2026-01-27 16:37:25:315 [OUT] 25 A5 01 09 31 05 81 FF EC 01 AA 57 B7 (13)
                              [N9:P] TPOS 255 236 1 170 (-1310294)
2026-01-27 16:37:25:504 [IN ] C8 24 09 0E 25 A5 09 01 31 06 81 53 FF EC 13 34 47 D4 0A (19)
                              [N9:P] TPOS 'S' 255 236 19 52 (-1305804)
2026-01-27 16:37:25:705 [IN ] C8 24 09 0E 25 A5 09 01 31 06 81 45 FF EC 00 47 39 7B 0A (19)
                              [N9:P] TPOS 'E' 255 236 0 71 (-1310649)
2026-01-27 16:37:25:928 [OUT] 25 A5 01 09 31 05 81 FF EB EE 8D 26 71 (13)
                              [N9:P] TPOS 255 235 238 141 (-1315187)
2026-01-27 16:37:26:118 [IN ] C8 24 09 0E 25 A5 09 01 31 06 81 53 FF EC 00 49 49 C3 0A (19)
                              [N9:P] TPOS 'S' 255 236 0 73 (-1310647)
2026-01-27 16:37:26:321 [IN ] C8 24 09 0E 25 A5 09 01 31 06 81 45 FF EB ED 2A 08 35 0A (19)
                              [N9:P] TPOS 'E' 255 235 237 42 (-1315542)
2026-01-27 16:37:26:543 [OUT] 25 A5 01 09 31 05 81 FF EB DB 71 F7 2F (13)
                              [N9:P] TPOS 255 235 219 113 (-1320079)
2026-01-27 16:37:26:732 [IN ] C8 24 09 0E 25 A5 09 01 31 06 81 53 FF EB ED 2B 17 7C 0A (19)
                              [N9:P] TPOS 'S' 255 235 237 43 (-1315541)
2026-01-27 16:37:26:933 [IN ] C8 24 09 0E 25 A5 09 01 31 06 81 45 FF EB DA 31 FC 16 0A (19)
                              [N9:P] TPOS 'E' 255 235 218 49 (-1320399)
2026-01-27 16:37:27:156 [OUT] 25 A5 01 09 31 05 81 FF EB C8 55 C8 ED (13)
                              [N9:P] TPOS 255 235 200 85 (-1324971)
2026-01-27 16:37:27:346 [IN ] C8 24 09 0E 25 A5 09 01 31 06 81 53 FF EB DA 34 0D 5F 0A (19)
                              [N9:P] TPOS 'S' 255 235 218 52 (-1320396)
2026-01-27 16:37:27:547 [IN ] C8 24 09 0E 25 A5 09 01 31 06 81 45 FF EB C7 5B 13 1A 0A (19)
                              [N9:P] TPOS 'E' 255 235 199 91 (-1325221)
2026-01-27 16:37:27:769 [OUT] 25 A5 01 09 31 05 81 FF EB B5 38 98 AA (13)
                              [N9:P] TPOS 255 235 181 56 (-1329864)
2026-01-27 16:37:27:959 [IN ] C8 24 09 0E 25 A5 09 01 31 06 81 53 FF EB C7 5D 23 62 0A (19)
                              [N9:P] TPOS 'S' 255 235 199 93 (-1325219)
2026-01-27 16:37:28:161 [IN ] C8 24 09 0E 25 A5 09 01 31 06 81 45 FF EB B4 72 17 0B 0A (19)
                              [N9:P] TPOS 'E' 255 235 180 114 (-1330062)
2026-01-27 16:37:28:383 [OUT] 25 A5 01 09 31 05 81 FF EB A2 1C 69 68 (13)
                              [N9:P] TPOS 255 235 162 28 (-1334756)
2026-01-27 16:37:28:574 [IN ] C8 24 09 0E 25 A5 09 01 31 06 81 53 FF EB B4 74 27 53 0A (19)
                              [N9:P] TPOS 'S' 255 235 180 116 (-1330060)
2026-01-27 16:37:28:776 [IN ] C8 24 09 0E 25 A5 09 01 31 06 81 45 FF EB A0 DE 6F 4F 0A (19)
                              [N9:P] TPOS 'E' 255 235 160 222 (-1335074)
2026-01-27 16:37:28:998 [OUT] 25 A5 01 09 31 05 81 FF EB 8E FF 38 23 (13)
                              [N9:P] TPOS 255 235 142 255 (-1339649)
2026-01-27 16:37:29:187 [IN ] C8 24 09 0E 25 A5 09 01 31 06 81 53 FF EB A0 E0 7F 97 0A (19)
                              [N9:P] TPOS 'S' 255 235 160 224 (-1335072)
2026-01-27 16:37:29:389 [IN ] C8 24 09 0E 25 A5 09 01 31 06 81 45 FF EB 8D BA 38 05 0A (19)
                              [N9:P] TPOS 'E' 255 235 141 186 (-1339974)
2026-01-27 16:37:29:610 [OUT] 25 A5 01 09 31 05 81 FF EB 7B E3 09 E1 (13)
                              [N9:P] TPOS 255 235 123 227 (-1344541)
2026-01-27 16:37:29:800 [IN ] C8 24 09 0E 25 A5 09 01 31 06 81 53 FF EB 8D BC 48 4D 0A (19)
                              [N9:P] TPOS 'S' 255 235 141 188 (-1339972)
2026-01-27 16:37:30:002 [IN ] C8 24 09 0E 25 A5 09 01 31 06 81 45 FF EB 7A 7E E9 A3 0A (19)
                              [N9:P] TPOS 'E' 255 235 122 126 (-1344898)
2026-01-27 16:37:30:225 [OUT] 25 A5 01 09 31 05 81 FF EB 68 C6 D9 9E (13)
                              [N9:P] TPOS 255 235 104 198 (-1349434)
2026-01-27 16:37:30:414 [IN ] C8 24 09 0E 25 A5 09 01 31 06 81 53 FF EB 7A 81 FA EC 0A (19)
                              [N9:P] TPOS 'S' 255 235 122 129 (-1344895)
2026-01-27 16:37:30:616 [IN ] C8 24 09 0E 25 A5 09 01 31 06 81 45 FF EB 67 0E 66 0D 0A (19)
                              [N9:P] TPOS 'E' 255 235 103 14 (-1349874)
2026-01-27 16:37:30:838 [OUT] 25 A5 01 09 31 05 81 FF EB 55 AA AA 5C (13)
                              [N9:P] TPOS 255 235 85 170 (-1354326)
2026-01-27 16:37:31:029 [IN ] C8 24 09 0E 25 A5 09 01 31 06 81 53 FF EB 67 0F 75 54 0A (19)
                              [N9:P] TPOS 'S' 255 235 103 15 (-1349873)
2026-01-27 16:37:31:233 [IN ] C8 24 09 0E 25 A5 09 01 31 06 81 45 FF EB 53 DF 23 B6 0A (19)
                              [N9:P] TPOS 'E' 255 235 83 223 (-1354785)
2026-01-27 16:37:31:456 [OUT] 25 A5 01 09 31 05 81 FF EB 42 8D 7A 19 (13)
                              [N9:P] TPOS 255 235 66 141 (-1359219)
2026-01-27 16:37:31:645 [IN ] C8 24 09 0E 25 A5 09 01 31 06 81 53 FF EB 53 E0 32 FD 0A (19)
                              [N9:P] TPOS 'S' 255 235 83 224 (-1354784)
2026-01-27 16:37:31:847 [IN ] C8 24 09 0E 25 A5 09 01 31 06 81 45 FF EB 40 BC ED 6D 0A (19)
                              [N9:P] TPOS 'E' 255 235 64 188 (-1359684)
2026-01-27 16:37:32:069 [OUT] 25 A5 01 09 31 05 81 FF EB 2F 71 4B D7 (13)
                              [N9:P] TPOS 255 235 47 113 (-1364111)
2026-01-27 16:37:32:259 [IN ] C8 24 09 0E 25 A5 09 01 31 06 (10)
2026-01-27 16:37:32:280 [IN ] 81 53 FF EB 40 BE FD B5 0A (9)
                              [N9:P] TPOS 'S' 255 235 64 190 (-1359682)
2026-01-27 16:37:32:481 [IN ] C8 24 09 0E 25 A5 09 01 31 06 81 45 FF EB 2D B8 D6 43 0A (19)
                              [N9:P] TPOS 'E' 255 235 45 184 (-1364552)
2026-01-27 16:37:32:704 [OUT] 25 A5 01 09 31 05 81 FF EB 1C 55 1C 95 (13)
                              [N9:P] TPOS 255 235 28 85 (-1369003)
2026-01-27 16:37:32:893 [IN ] C8 24 09 0E 25 A5 09 01 31 06 81 53 FF EB 2D B8 E4 89 0A (19)
                              [N9:P] TPOS 'S' 255 235 45 184 (-1364552)
2026-01-27 16:37:33:094 [IN ] C8 24 09 0E 25 A5 09 01 31 06 81 45 FF EB 1A D4 DF 39 0A (19)
                              [N9:P] TPOS 'E' 255 235 26 212 (-1369388)
2026-01-27 16:37:33:316 [OUT] 25 A5 01 09 31 05 81 FF EB 09 38 EC 52 (13)
                              [N9:P] TPOS 255 235 9 56 (-1373896)
2026-01-27 16:37:33:504 [IN ] C8 24 09 0E 25 A5 09 01 31 06 81 53 FF EB 1A D5 EE 80 0A (19)
                              [N9:P] TPOS 'S' 255 235 26 213 (-1369387)
2026-01-27 16:37:33:706 [IN ] C8 24 09 0E 25 A5 09 01 31 06 81 45 FF EB 07 F4 EC 33 0A (19)
                              [N9:P] TPOS 'E' 255 235 7 244 (-1374220)
2026-01-27 16:37:33:929 [OUT] 25 A5 01 09 31 05 81 FF EA F6 1C BC 0D (13)
                              [N9:P] TPOS 255 234 246 28 (-1378788)
2026-01-27 16:37:34:117 [IN ] C8 24 09 0E 25 A5 09 01 31 (9)
2026-01-27 16:37:34:138 [IN ] 06 81 53 FF EB 07 F6 FC 7B 0A (10)
                              [N9:P] TPOS 'S' 255 235 7 246 (-1374218)
2026-01-27 16:37:34:340 [IN ] C8 24 09 0E 25 A5 09 01 31 06 81 45 FF EA F4 E5 C9 FB 0A (19)
                              [N9:P] TPOS 'E' 255 234 244 229 (-1379099)
2026-01-27 16:37:34:563 [OUT] 25 A5 01 09 31 05 81 FF EA E2 FF 8B C8 (13)
                              [N9:P] TPOS 255 234 226 255 (-1383681)
2026-01-27 16:37:34:753 [IN ] C8 24 09 0E 25 A5 09 01 31 06 81 53 FF EA F4 E6 D8 42 0A (19)
                              [N9:P] TPOS 'S' 255 234 244 230 (-1379098)
2026-01-27 16:37:34:955 [IN ] C8 24 09 0E 25 A5 09 01 31 06 81 45 FF EA E1 E1 B2 D1 0A (19)
                              [N9:P] TPOS 'E' 255 234 225 225 (-1383967)
2026-01-27 16:37:35:177 [OUT] 25 A5 01 09 31 05 81 FF EA CF E3 5C 86 (13)
                              [N9:P] TPOS 255 234 207 227 (-1388573)
2026-01-27 16:37:35:367 [IN ] C8 24 09 0E 25 A5 09 01 31 06 81 53 FF EA E1 E3 C2 19 0A (19)
                              [N9:P] TPOS 'S' 255 234 225 227 (-1383965)
2026-01-27 16:37:35:570 [IN ] C8 24 09 0E 25 A5 09 01 31 06 81 45 FF EA CE EF AD B9 0A (19)
                              [N9:P] TPOS 'E' 255 234 206 239 (-1388817)
2026-01-27 16:37:35:793 [OUT] 25 A5 01 09 31 05 81 FF EA BC C6 2C 43 (13)
                              [N9:P] TPOS 255 234 188 198 (-1393466)
2026-01-27 16:37:36:003 [IN ] C8 24 09 0E 25 A5 09 01 31 06 81 53 FF EA CE F0 BC 00 0A (19)
                              [N9:P] TPOS 'S' 255 234 206 240 (-1388816)
2026-01-27 16:37:36:204 [IN ] C8 24 09 0E 25 A5 09 01 31 06 81 45 FF EA BB EF 9A 93 0A (19)
                              [N9:P] TPOS 'E' 255 234 187 239 (-1393681)
2026-01-27 16:37:36:426 [OUT] 25 A5 01 09 31 05 81 FF EA A9 AA FD 01 (13)
                              [N9:P] TPOS 255 234 169 170 (-1398358)
2026-01-27 16:37:36:616 [IN ] C8 24 09 0E 25 A5 09 01 31 06 81 53 FF EA BB F1 AA DB 0A (19)
                              [N9:P] TPOS 'S' 255 234 187 241 (-1393679)
2026-01-27 16:37:36:818 [IN ] C8 24 09 0E 25 A5 09 01 31 06 81 45 FF EA A9 02 9B 82 0A (19)
                              [N9:P] TPOS 'E' 255 234 169 2 (-1398526)
2026-01-27 16:37:37:040 [OUT] 25 A5 01 09 31 05 81 FF EA 96 8D CD BE (13)
                              [N9:P] TPOS 255 234 150 141 (-1403251)
2026-01-27 16:37:37:229 [IN ] C8 24 09 0E 25 A5 09 01 31 06 81 53 FF EA A9 05 AC CB 0A (19)
                              [N9:P] TPOS 'S' 255 234 169 5 (-1398523)
2026-01-27 16:37:37:430 [IN ] C8 24 09 0E 25 A5 09 01 31 06 81 45 FF EA 95 48 CD A0 0A (19)
                              [N9:P] TPOS 'E' 255 234 149 72 (-1403576)
2026-01-27 16:37:37:652 [OUT] 25 A5 01 09 31 05 81 FF EA 83 71 9E 7C (13)
                              [N9:P] TPOS 255 234 131 113 (-1408143)
2026-01-27 16:37:37:841 [IN ] C8 24 09 0E 25 A5 09 01 31 06 81 53 FF EA 95 49 DC E7 0A (19)
                              [N9:P] TPOS 'S' 255 234 149 73 (-1403575)
2026-01-27 16:37:38:042 [IN ] C8 24 09 0E 25 A5 09 01 31 06 81 45 FF EA 82 6B DD 9D 0A (19)
                              [N9:P] TPOS 'E' 255 234 130 107 (-1408405)
2026-01-27 16:37:38:264 [OUT] 25 A5 01 09 31 05 81 FF EA 70 55 6F 3A (13)
                              [N9:P] TPOS 255 234 112 85 (-1413035)
2026-01-27 16:37:38:453 [IN ] C8 24 09 0E 25 A5 09 01 31 06 81 53 FF EA 82 6E EE E6 0A (19)
                              [N9:P] TPOS 'S' 255 234 130 110 (-1408402)
2026-01-27 16:37:38:655 [IN ] C8 24 09 0E 25 A5 09 01 31 06 81 45 FF EA 6F 4D AC 59 0A (19)
                              [N9:P] TPOS 'E' 255 234 111 77 (-1413299)
2026-01-27 16:37:38:878 [OUT] 25 A5 01 09 31 05 81 FF EA 5D 38 3F F7 (13)
                              [N9:P] TPOS 255 234 93 56 (-1417928)
2026-01-27 16:37:39:068 [IN ] C8 24 09 0E 25 A5 09 01 31 06 81 53 FF EA 6F 4F BC A1 0A (19)
                              [N9:P] TPOS 'S' 255 234 111 79 (-1413297)
2026-01-27 16:37:39:272 [IN ] C8 24 09 0E 25 A5 09 01 31 06 81 45 FF EA 5B F2 3D D6 0A (19)
                              [N9:P] TPOS 'E' 255 234 91 242 (-1418254)
2026-01-27 16:37:39:494 [OUT] 25 A5 01 09 31 05 81 FF EA 4A 1C 10 B5 (13)
                              [N9:P] TPOS 255 234 74 28 (-1422820)
2026-01-27 16:37:39:664 [IN ] C8 (1)
2026-01-27 16:37:39:686 [IN ] 24 09 0E 25 A5 09 01 31 06 81 53 FF EA 5B F3 4C 1D 0A (18)
                              [N9:P] TPOS 'S' 255 234 91 243 (-1418253)
2026-01-27 16:37:39:887 [IN ] C8 24 09 0E 25 A5 09 01 31 06 81 45 FF EA 48 73 AB 31 0A (19)
                              [N9:P] TPOS 'E' 255 234 72 115 (-1423245)
2026-01-27 16:37:40:109 [OUT] 25 A5 01 09 31 05 81 FF EA 36 FF DF 70 (13)
                              [N9:P] TPOS 255 234 54 255 (-1427713)
2026-01-27 16:37:40:298 [IN ] C8 24 09 0E 25 A5 09 01 31 06 81 53 FF EA 48 75 BB 79 0A (19)
                              [N9:P] TPOS 'S' 255 234 72 117 (-1423243)
2026-01-27 16:37:40:499 [IN ] C8 24 09 0E 25 A5 09 01 31 06 81 45 FF EA 35 62 87 FA 0A (19)
                              [N9:P] TPOS 'E' 255 234 53 98 (-1428126)
2026-01-27 16:37:40:721 [OUT] 25 A5 01 09 31 05 81 FF EA 23 E3 B0 2E (13)
                              [N9:P] TPOS 255 234 35 227 (-1432605)
2026-01-27 16:37:40:910 [IN ] C8 24 09 0E 25 A5 09 01 31 06 81 53 FF EA 35 63 96 41 0A (19)
                              [N9:P] TPOS 'S' 255 234 53 99 (-1428125)
2026-01-27 16:37:41:111 [IN ] C8 24 09 0E 25 A5 09 01 31 06 81 45 FF EA 22 3A 4C AC 0A (19)
                              [N9:P] TPOS 'E' 255 234 34 58 (-1433030)
2026-01-27 16:37:41:334 [OUT] 25 A5 01 09 31 05 81 FF EA 10 C6 80 EB (13)
                              [N9:P] TPOS 255 234 16 198 (-1437498)
2026-01-27 16:37:41:502 [IN ] C8 24 09 0E 25 A5 (6)
2026-01-27 16:37:41:523 [IN ] 09 01 31 06 81 53 FF EA 22 3C 5C F4 0A (13)
                              [N9:P] TPOS 'S' 255 234 34 60 (-1433028)
2026-01-27 16:37:41:725 [IN ] C8 24 09 0E 25 A5 09 01 31 06 81 45 FF EA 0F 13 12 5F 0A (19)
                              [N9:P] TPOS 'E' 255 234 15 19 (-1437933)
2026-01-27 16:37:41:947 [OUT] 25 A5 01 09 31 05 81 FF E9 FD AA 50 A6 (13)
                              [N9:P] TPOS 255 233 253 170 (-1442390)
2026-01-27 16:37:42:136 [IN ] C8 24 09 0E 25 A5 09 01 31 06 81 53 FF EA 0F 14 21 A6 0A (19)
                              [N9:P] TPOS 'S' 255 234 15 20 (-1437932)
2026-01-27 16:37:42:337 [IN ] C8 24 09 0E 25 A5 09 01 31 06 81 45 FF E9 FC 38 23 5B 0A (19)
                              [N9:P] TPOS 'E' 255 233 252 56 (-1442760)
2026-01-27 16:37:42:559 [OUT] 25 A5 01 09 31 05 81 FF E9 EA 8D 20 63 (13)
                              [N9:P] TPOS 255 233 234 141 (-1447283)
2026-01-27 16:37:42:749 [IN ] C8 24 09 0E 25 A5 09 01 31 06 81 53 FF E9 FC 39 32 A2 0A (19)
                              [N9:P] TPOS 'S' 255 233 252 57 (-1442759)
2026-01-27 16:37:42:950 [IN ] C8 24 09 0E 25 A5 09 01 31 06 81 45 FF E9 E9 31 09 2E 0A (19)
                              [N9:P] TPOS 'E' 255 233 233 49 (-1447631)
2026-01-27 16:37:43:173 [OUT] 25 A5 01 09 31 05 81 FF E9 D7 71 F1 21 (13)
                              [N9:P] TPOS 255 233 215 113 (-1452175)
2026-01-27 16:37:43:361 [IN ] C8 24 09 0E (4)
2026-01-27 16:37:43:383 [IN ] 25 A5 09 01 31 06 81 53 FF E9 E9 33 19 76 0A (15)
                              [N9:P] TPOS 'S' 255 233 233 51 (-1447629)
2026-01-27 16:37:43:584 [IN ] C8 24 09 0E 25 A5 09 01 31 06 81 45 FF E9 D6 1C E1 F3 0A (19)
                              [N9:P] TPOS 'E' 255 233 214 28 (-1452516)
2026-01-27 16:37:43:806 [OUT] 25 A5 01 09 31 05 81 FF E9 C4 55 C2 DF (13)
                              [N9:P] TPOS 255 233 196 85 (-1457067)
2026-01-27 16:37:43:994 [IN ] C8 24 09 0E 25 A5 09 01 31 06 81 53 FF E9 D6 1E F1 3B 0A (19)
                              [N9:P] TPOS 'S' 255 233 214 30 (-1452514)
2026-01-27 16:37:44:195 [IN ] C8 24 09 0E 25 A5 09 01 31 06 81 45 FF E9 C3 53 05 04 0A (19)
                              [N9:P] TPOS 'E' 255 233 195 83 (-1457325)
2026-01-27 16:37:44:417 [OUT] 25 A5 01 09 31 05 81 FF E9 B1 38 92 9C (13)
                              [N9:P] TPOS 255 233 177 56 (-1461960)
2026-01-27 16:37:44:607 [IN ] C8 24 09 0E 25 A5 09 01 31 06 81 53 FF E9 C3 55 15 4C 0A (19)
                              [N9:P] TPOS 'S' 255 233 195 85 (-1457323)
2026-01-27 16:37:44:808 [IN ] C8 24 09 0E 25 A5 09 01 31 06 81 45 FF E9 B0 3B DA C6 0A (19)
                              [N9:P] TPOS 'E' 255 233 176 59 (-1462213)
2026-01-27 16:37:45:030 [OUT] 25 A5 01 09 31 05 81 FF E9 9E 1C 63 5A (13)
                              [N9:P] TPOS 255 233 158 28 (-1466852)
2026-01-27 16:37:45:198 [IN ] C8 24 09 0E 25 A5 09 01 (8)
2026-01-27 16:37:45:219 [IN ] 31 06 81 53 FF E9 B0 3D EA 0E 0A (11)
                              [N9:P] TPOS 'S' 255 233 176 61 (-1462211)
2026-01-27 16:37:45:424 [IN ] C8 24 09 0E 25 A5 09 01 31 06 81 45 FF E9 9D 4B D7 B0 0A (19)
                              [N9:P] TPOS 'E' 255 233 157 75 (-1467061)
2026-01-27 16:37:45:646 [OUT] 25 A5 01 09 31 05 81 FF E9 8A FF 32 15 (13)
                              [N9:P] TPOS 255 233 138 255 (-1471745)
2026-01-27 16:37:45:835 [IN ] C8 24 09 0E 25 A5 09 01 31 06 81 53 FF E9 9D 4D E7 F8 0A (19)
                              [N9:P] TPOS 'S' 255 233 157 77 (-1467059)
2026-01-27 16:37:46:036 [IN ] C8 24 09 0E 25 A5 09 01 31 06 81 45 FF E9 89 D5 4D 12 0A (19)
                              [N9:P] TPOS 'E' 255 233 137 213 (-1472043)
2026-01-27 16:37:46:258 [OUT] 25 A5 01 09 31 05 81 FF E9 77 E3 03 D3 (13)
                              [N9:P] TPOS 255 233 119 227 (-1476637)
2026-01-27 16:37:46:448 [IN ] C8 24 09 0E 25 A5 09 01 31 06 81 53 FF E9 89 D8 5E 5B 0A (19)
                              [N9:P] TPOS 'S' 255 233 137 216 (-1472040)
2026-01-27 16:37:46:649 [IN ] C8 24 09 0E 25 A5 09 01 31 06 81 45 FF E9 76 A8 0D BF 0A (19)
                              [N9:P] TPOS 'E' 255 233 118 168 (-1476952)
2026-01-27 16:37:46:871 [OUT] 25 A5 01 09 31 05 81 FF E9 64 C6 D3 90 (13)
                              [N9:P] TPOS 255 233 100 198 (-1481530)
2026-01-27 16:37:47:060 [IN ] C8 24 09 0E 25 A5 09 01 31 06 81 53 FF E9 76 AA 1D 07 0A (19)
                              [N9:P] TPOS 'S' 255 233 118 170 (-1476950)
2026-01-27 16:37:47:262 [IN ] C8 24 09 0E 25 A5 09 01 31 06 81 45 FF E9 63 89 DB 7A 0A (19)
                              [N9:P] TPOS 'E' 255 233 99 137 (-1481847)
2026-01-27 16:37:47:485 [OUT] 25 A5 01 09 31 05 81 FF E9 51 AA A4 4E (13)
                              [N9:P] TPOS 255 233 81 170 (-1486422)
2026-01-27 16:37:47:674 [IN ] C8 24 09 0E 25 A5 09 01 31 06 81 53 FF E9 63 8B EB C2 0A (19)
                              [N9:P] TPOS 'S' 255 233 99 139 (-1481845)
2026-01-27 16:37:47:876 [IN ] C8 24 09 0E 25 A5 09 01 31 06 81 45 FF E9 50 3C 7B 07 0A (19)
                              [N9:P] TPOS 'E' 255 233 80 60 (-1486788)
2026-01-27 16:37:48:098 [OUT] 25 A5 01 09 31 05 81 FF E9 3E 8D 74 0B (13)
                              [N9:P] TPOS 255 233 62 141 (-1491315)
2026-01-27 16:37:48:287 [IN ] C8 24 09 0E 25 A5 09 01 31 06 81 53 FF E9 50 3D 8A 4E 0A (19)
                              [N9:P] TPOS 'S' 255 233 80 61 (-1486787)
2026-01-27 16:37:48:488 [IN ] C8 24 09 0E 25 A5 09 01 31 06 81 45 FF E9 3D 00 2C A5 0A (19)
                              [N9:P] TPOS 'E' 255 233 61 0 (-1491712)
2026-01-27 16:37:48:710 [OUT] 25 A5 01 09 31 05 81 FF E9 2B 71 45 C9 (13)
                              [N9:P] TPOS 255 233 43 113 (-1496207)
2026-01-27 16:37:48:899 [IN ] C8 24 09 0E 25 A5 09 01 31 06 81 53 FF E9 3D 01 3B EC 0A (19)
                              [N9:P] TPOS 'S' 255 233 61 1 (-1491711)
2026-01-27 16:37:49:101 [IN ] C8 24 09 0E 25 A5 09 01 31 06 81 45 FF E9 2A 0F 28 8E 0A (19)
                              [N9:P] TPOS 'E' 255 233 42 15 (-1496561)
2026-01-27 16:37:49:324 [OUT] 25 A5 01 09 31 05 81 FF E9 18 55 16 87 (13)
                              [N9:P] TPOS 255 233 24 85 (-1501099)
2026-01-27 16:37:49:513 [IN ] C8 24 09 0E 25 A5 09 01 31 06 81 53 FF E9 2A 11 38 D6 0A (19)
                              [N9:P] TPOS 'S' 255 233 42 17 (-1496559)
2026-01-27 16:37:49:715 [IN ] C8 24 09 0E 25 A5 09 01 31 06 81 45 FF E9 17 00 06 59 0A (19)
                              [N9:P] TPOS 'E' 255 233 23 0 (-1501440)
2026-01-27 16:37:49:938 [OUT] 25 A5 01 09 31 05 81 FF E9 05 38 E6 44 (13)
                              [N9:P] TPOS 255 233 5 56 (-1505992)
2026-01-27 16:37:50:127 [IN ] C8 24 09 0E 25 A5 09 01 31 06 81 53 FF E9 17 02 16 A1 0A (19)
                              [N9:P] TPOS 'S' 255 233 23 2 (-1501438)
2026-01-27 16:37:50:328 [IN ] C8 24 09 0E 25 A5 09 01 31 06 81 45 FF E9 04 17 0A 4A 0A (19)
                              [N9:P] TPOS 'E' 255 233 4 23 (-1506281)
2026-01-27 16:37:50:551 [OUT] 25 A5 01 09 31 05 81 FF E8 F2 1C B6 FF (13)
                              [N9:P] TPOS 255 232 242 28 (-1510884)
2026-01-27 16:37:50:719 [IN ] C8 24 09 0E 25 A5 09 01 31 06 81 53 FF E9 04 19 1A 92 0A (19)
                              [N9:P] TPOS 'S' 255 233 4 25 (-1506279)
2026-01-27 16:37:50:920 [IN ] C8 24 09 0E 25 A5 09 01 31 06 81 45 FF E8 F1 16 F5 20 0A (19)
                              [N9:P] TPOS 'E' 255 232 241 22 (-1511146)
2026-01-27 16:37:51:143 [OUT] 25 A5 01 09 31 05 81 FF E8 DE FF 85 BA (13)
                              [N9:P] TPOS 255 232 222 255 (-1515777)
2026-01-27 16:37:51:333 [IN ] C8 24 09 0E 25 A5 09 01 31 06 81 53 FF E8 F1 19 06 69 0A (19)
                              [N9:P] TPOS 'S' 255 232 241 25 (-1511143)
2026-01-27 16:37:51:534 [IN ] C8 24 09 0E 25 A5 09 01 31 06 81 45 FF E8 DE 26 F2 0A 0A (19)
                              [N9:P] TPOS 'E' 255 232 222 38 (-1515994)
2026-01-27 16:37:51:757 [OUT] 25 A5 01 09 31 05 81 FF E8 CB E3 56 78 (13)
                              [N9:P] TPOS 255 232 203 227 (-1520669)
2026-01-27 16:37:51:946 [IN ] C8 24 09 0E 25 A5 09 01 31 06 81 53 FF E8 DE 28 02 52 0A (19)
                              [N9:P] TPOS 'S' 255 232 222 40 (-1515992)
2026-01-27 16:37:52:148 [IN ] C8 24 09 0E 25 A5 09 01 31 06 81 45 FF E8 CB 10 C9 CE 0A (19)
                              [N9:P] TPOS 'E' 255 232 203 16 (-1520880)
2026-01-27 16:37:52:370 [OUT] 25 A5 01 09 31 05 81 FF E8 B8 C6 26 35 (13)
                              [N9:P] TPOS 255 232 184 198 (-1525562)
2026-01-27 16:37:52:540 [IN ] C8 24 09 0E 25 A5 09 01 31 06 81 53 FF E8 CB 12 D9 16 0A (19)
                              [N9:P] TPOS 'S' 255 232 203 18 (-1520878)
2026-01-27 16:37:52:742 [IN ] C8 24 09 0E 25 A5 09 01 31 06 81 45 FF E8 B8 09 AF A1 0A (19)
                              [N9:P] TPOS 'E' 255 232 184 9 (-1525751)
2026-01-27 16:37:52:964 [OUT] 25 A5 01 09 31 05 81 FF E8 A5 AA F7 F3 (13)
                              [N9:P] TPOS 255 232 165 170 (-1530454)
2026-01-27 16:37:53:133 [IN ] C8 (1)
2026-01-27 16:37:53:155 [IN ] 24 09 0E 25 A5 09 01 31 06 81 53 FF E8 B8 0C C0 EA 0A (18)
                              [N9:P] TPOS 'S' 255 232 184 12 (-1525748)
2026-01-27 16:37:53:356 [IN ] C8 24 09 0E 25 A5 09 01 31 06 81 45 FF E8 A4 BF 51 2F 0A (19)
                              [N9:P] TPOS 'E' 255 232 164 191 (-1530689)
2026-01-27 16:37:53:579 [OUT] 25 A5 01 09 31 05 81 FF E8 92 8D C7 B0 (13)
                              [N9:P] TPOS 255 232 146 141 (-1535347)
2026-01-27 16:37:53:768 [IN ] C8 24 09 0E 25 A5 09 01 31 06 81 53 FF E8 A4 C0 60 76 0A (19)
                              [N9:P] TPOS 'S' 255 232 164 192 (-1530688)
2026-01-27 16:37:53:969 [IN ] C8 24 09 0E 25 A5 09 01 31 06 81 45 FF E8 91 E6 65 30 0A (19)
                              [N9:P] TPOS 'E' 255 232 145 230 (-1535514)
2026-01-27 16:37:54:192 [OUT] 25 A5 01 09 31 05 81 FF E8 7F 71 98 6E (13)
                              [N9:P] TPOS 255 232 127 113 (-1540239)
2026-01-27 16:37:54:380 [IN ] C8 24 09 0E 25 A5 09 01 31 06 81 53 FF E8 91 E9 76 79 0A (19)
                              [N9:P] TPOS 'S' 255 232 145 233 (-1535511)
2026-01-27 16:37:54:581 [IN ] C8 24 09 0E 25 A5 09 01 31 06 81 45 FF E8 7E 68 D4 8C 0A (19)
                              [N9:P] TPOS 'E' 255 232 126 104 (-1540504)
2026-01-27 16:37:54:803 [OUT] 25 A5 01 09 31 05 81 FF E8 6C 55 69 2C (13)
                              [N9:P] TPOS 255 232 108 85 (-1545131)
2026-01-27 16:37:54:971 [IN ] C8 24 09 0E 25 A5 09 01 31 06 (10)
2026-01-27 16:37:54:993 [IN ] 81 53 FF E8 7E 6A E4 D4 0A (9)
                              [N9:P] TPOS 'S' 255 232 126 106 (-1540502)
2026-01-27 16:37:55:195 [IN ] C8 24 09 0E 25 A5 09 01 31 06 81 45 FF E8 6B 52 AB 50 0A (19)
                              [N9:P] TPOS 'E' 255 232 107 82 (-1545390)
2026-01-27 16:37:55:417 [OUT] 25 A5 01 09 31 05 81 FF E8 59 38 39 E9 (13)
                              [N9:P] TPOS 255 232 89 56 (-1550024)
2026-01-27 16:37:55:607 [IN ] C8 24 09 0E 25 A5 09 01 31 06 81 53 FF E8 6B 53 BA 97 0A (19)
                              [N9:P] TPOS 'S' 255 232 107 83 (-1545389)
2026-01-27 16:37:55:809 [IN ] C8 24 09 0E 25 A5 09 01 31 06 81 45 FF E8 58 2F 75 07 0A (19)
                              [N9:P] TPOS 'E' 255 232 88 47 (-1550289)
2026-01-27 16:37:56:031 [OUT] 25 A5 01 09 31 05 81 FF E8 46 1C 0A A7 (13)
                              [N9:P] TPOS 255 232 70 28 (-1554916)
2026-01-27 16:37:56:220 [IN ] C8 24 09 0E 25 A5 09 01 31 06 81 53 FF E8 58 31 85 4F 0A (19)
                              [N9:P] TPOS 'S' 255 232 88 49 (-1550287)
2026-01-27 16:37:56:421 [IN ] C8 24 09 0E 25 A5 09 01 31 06 81 45 FF E8 44 CD FF 7D 0A (19)
                              [N9:P] TPOS 'E' 255 232 68 205 (-1555251)
2026-01-27 16:37:56:644 [OUT] 25 A5 01 09 31 05 81 FF E8 32 FF D9 62 (13)
                              [N9:P] TPOS 255 232 50 255 (-1559809)
2026-01-27 16:37:56:813 [IN ] C8 24 09 0E 25 A5 09 01 31 06 81 53 FF E8 44 CE 0E C4 0A (19)
                              [N9:P] TPOS 'S' 255 232 68 206 (-1555250)
2026-01-27 16:37:57:014 [IN ] C8 24 09 0E 25 A5 09 01 31 06 81 45 FF E8 31 6E 8D F8 0A (19)
                              [N9:P] TPOS 'E' 255 232 49 110 (-1560210)
2026-01-27 16:37:57:236 [OUT] 25 A5 01 09 31 05 81 FF E8 1F E3 AA 20 (13)
                              [N9:P] TPOS 255 232 31 227 (-1564701)
2026-01-27 16:37:57:425 [IN ] C8 24 09 0E 25 A5 09 01 31 06 81 53 FF E8 31 70 9D 40 0A (19)
                              [N9:P] TPOS 'S' 255 232 49 112 (-1560208)
2026-01-27 16:37:57:626 [IN ] C8 24 09 0E 25 A5 09 01 31 06 81 45 FF E8 1E 60 6C C4 0A (19)
                              [N9:P] TPOS 'E' 255 232 30 96 (-1565088)
2026-01-27 16:37:57:848 [OUT] 25 A5 01 09 31 05 81 FF E8 0C C6 7A DD (13)
                              [N9:P] TPOS 255 232 12 198 (-1569594)
2026-01-27 16:37:58:038 [IN ] C8 24 09 0E 25 A5 09 01 31 06 81 53 FF E8 1E 62 7C 0C 0A (19)
                              [N9:P] TPOS 'S' 255 232 30 98 (-1565086)
2026-01-27 16:37:58:239 [IN ] C8 24 09 0E 25 A5 09 01 31 06 81 45 FF E8 0B 47 40 85 0A (19)
                              [N9:P] TPOS 'E' 255 232 11 71 (-1569977)
2026-01-27 16:37:58:462 [OUT] 25 A5 01 09 31 05 81 FF E7 F9 AA 4A 98 (13)
                              [N9:P] TPOS 255 231 249 170 (-1574486)
2026-01-27 16:37:58:631 [IN ] C8 24 09 0E 25 A5 09 01 31 06 81 53 FF E8 0B 49 50 CD 0A (19)
                              [N9:P] TPOS 'S' 255 232 11 73 (-1569975)
2026-01-27 16:37:58:832 [IN ] C8 24 09 0E 25 A5 09 01 31 06 81 45 FF E7 F8 50 35 65 0A (19)
                              [N9:P] TPOS 'E' 255 231 248 80 (-1574832)
