2026-01-27 14:09:49:428 [OUT] 25 A5 01 0A 31 05 D6 3D FF 00 00 53 ED (13)
                              [N10:HMI] HMILED '=' 255 0 0 (16711680)
2026-01-27 14:09:49:452 [OUT] 25 A5 01 09 31 05 81 FF ED B6 57 BA D1 (13)
                              [N9:P] TPOS 255 237 182 87 (-1198505)
2026-01-27 14:09:49:474 [OUT] 25 A5 01 05 31 05 81 00 0E 5F E4 0E F7 (13)
                              [N5:V] TPOS 0 14 95 228 (942052)
2026-01-27 14:09:49:496 [OUT] 25 A5 01 06 31 05 81 00 10 BA 82 0A 59 (13)
                              [N6:H] TPOS 0 16 186 130 (1096322)
2026-01-27 14:09:49:519 [OUT] 25 A5 01 07 31 05 81 FF D5 AB A1 DF AD (13)
                              [N7:N] TPOS 255 213 171 161 (-2774111)
2026-01-27 14:09:49:603 [IN ] C8 24 0A 0D 25 A5 0A 01 31 05 D6 3A FF 00 00 50 EA 73 (18)
                              [N10:HMI] HMILED ':' 255 0 0 (16711680)
2026-01-27 14:09:49:730 [IN ] C8 24 09 0E 25 A5 09 01 31 06 81 53 FF ED BF 83 43 7E 0A (19)
                              [N9:P] TPOS 'S' 255 237 191 131 (-1196157)
2026-01-27 14:09:49:878 [IN ] C8 24 09 0E 25 A5 09 01 31 06 81 45 FF ED B4 E2 89 81 0A C8 24 05 0E 25 A5 05 01 31 06 81 53 00 0A 1A C2 F7 A6 0A (38)
                              [N9:P] TPOS 'E' 255 237 180 226 (-1198878)
                              [N5:V] TPOS 'S' 0 10 26 194 (662210)
2026-01-27 14:09:50:003 [IN ] C8 24 06 0E 25 A5 06 01 31 06 81 53 00 0C 8E DF 8B BB 0A (19)
                              [N6:H] TPOS 'S' 0 12 142 223 (823007)
2026-01-27 14:09:50:130 [IN ] C8 24 07 0E 25 A5 07 01 31 06 81 53 FF D4 F7 C4 A1 D0 0A (19)
                              [N7:N] TPOS 'S' 255 212 247 196 (-2820156)
2026-01-27 14:09:50:536 [IN ] C8 24 07 0E 25 A5 07 01 31 06 81 45 FF D5 B0 95 1E D0 0A (19)
                              [N7:N] TPOS 'E' 255 213 176 149 (-2772843)
2026-01-27 14:09:51:339 [IN ] C8 24 05 0E 25 A5 05 01 31 06 81 45 00 0E 63 A8 1C E4 0A (19)
                              [N5:V] TPOS 'E' 0 14 99 168 (943016)
2026-01-27 14:09:51:541 [IN ] C8 24 06 0E 25 A5 06 01 31 06 81 45 00 10 BE B3 85 B5 0A (19)
                              [N6:H] TPOS 'E' 0 16 190 179 (1097395)
