2026-01-27 11:21:49:408 [OUT] 25 A5 01 0A 31 05 D6 3D FF 00 00 53 ED (13)
                              [N10:HMI] HMILED '=' 255 0 0 (16711680)
2026-01-27 11:21:49:431 [OUT] 25 A5 01 03 31 02 D8 3F 4E CE (10)
                              [N3:X] INTERRUPT '?'
2026-01-27 11:21:49:733 [IN ] C8 24 0A 0D 25 A5 0A 01 31 05 D6 3A FF 00 00 50 EA 80 C8 24 03 0C 25 A5 03 01 31 04 D8 3A 01 01 4D 6A EA (35)
                              [N10:HMI] HMILED ':' 255 0 0 (16711680)
                              [N3:X] INTERRUPT ':' 1 1 (257)
2026-01-27 11:21:49:754 [OUT] 25 A5 01 09 31 03 C9 3D 09 4D 1C (11)
                              [N9:P] LFLAG '=' 9 (9)
2026-01-27 11:21:49:778 [OUT] 25 A5 01 04 31 02 D8 3F 4F D3 (10)
                              [N4:Y] INTERRUPT '?'
2026-01-27 11:21:50:079 [IN ] C8 24 09 0B 25 A5 09 01 31 03 C9 3A 09 4A 1E 6A C8 24 04 0C 25 A5 04 01 31 04 D8 3A 01 01 4E 72 EA (33)
                              [N9:P] LFLAG ':' 9 (9)
                              [N4:Y] INTERRUPT ':' 1 1 (257)
2026-01-27 11:21:50:099 [OUT] 25 A5 01 09 31 03 CA 3D 09 4E 1F (11)
                              [N9:P] RFLAG '=' 9 (9)
2026-01-27 11:21:50:122 [OUT] 25 A5 01 0C 31 02 D8 3F 57 FB (10)
                              [N12:Z] INTERRUPT '?'
2026-01-27 11:21:50:424 [IN ] C8 24 09 0B 25 A5 09 01 31 03 CA 3A 09 4B 21 72 C8 24 0C 0C 25 A5 0C 01 31 04 D8 3A 01 01 56 B2 EA (33)
                              [N9:P] RFLAG ':' 9 (9)
                              [N12:Z] INTERRUPT ':' 1 1 (257)
2026-01-27 11:21:50:445 [OUT] 25 A5 01 08 31 03 C9 3D 09 4C 16 (11)
                              [N8:R] LFLAG '=' 9 (9)
2026-01-27 11:21:50:467 [OUT] 25 A5 01 03 31 03 C9 3D 0B 49 FA (11)
                              [N3:X] LFLAG '=' 11 (11)
2026-01-27 11:21:50:488 [OUT] 25 A5 01 04 31 03 C9 3D 0B 4A 00 (11)
                              [N4:Y] LFLAG '=' 11 (11)
2026-01-27 11:21:50:510 [OUT] 25 A5 01 0C 31 03 C9 3D 0B 52 30 (11)
                              [N12:Z] LFLAG '=' 11 (11)
2026-01-27 11:21:50:597 [IN ] C8 24 08 0B 25 A5 08 01 31 03 C9 3A 09 49 17 B2 (16)
                              [N8:R] LFLAG ':' 9 (9)
2026-01-27 11:21:50:618 [OUT] 25 A5 01 08 31 03 CA 3D 09 4D 19 (11)
                              [N8:R] RFLAG '=' 9 (9)
2026-01-27 11:21:50:726 [IN ] C8 24 03 0B 25 A5 03 01 31 03 C9 3A 0B 46 F6 B2 (16)
                              [N3:X] LFLAG ':' 11 (11)
2026-01-27 11:21:50:747 [OUT] 25 A5 01 03 31 03 88 00 50 10 02 (11)
                              [N3:X] RUN 0 80 (80)
2026-01-27 11:21:50:831 [IN ] C8 24 04 0B 25 A5 04 01 31 03 C9 3A 0B 47 FD B2 (16)
                              [N4:Y] LFLAG ':' 11 (11)
2026-01-27 11:21:50:852 [OUT] 25 A5 01 04 31 03 88 00 50 11 08 (11)
                              [N4:Y] RUN 0 80 (80)
2026-01-27 11:21:50:935 [IN ] C8 24 0C 0B 25 A5 0C 01 31 03 C9 3A 0B 4F 35 B2 (16)
                              [N12:Z] LFLAG ':' 11 (11)
2026-01-27 11:21:50:956 [OUT] 25 A5 01 0C 31 03 88 00 50 19 38 (11)
                              [N12:Z] RUN 0 80 (80)
2026-01-27 11:21:51:062 [IN ] C8 24 08 0B 25 A5 08 01 31 03 CA 3A 09 4A 1A B2 (16)
                              [N8:R] RFLAG ':' 9 (9)
2026-01-27 11:21:51:148 [IN ] C8 24 03 0C 25 A5 03 01 31 04 88 53 00 50 64 C2 EA (17)
                              [N3:X] RUN 'S' 0 80 (80)
2026-01-27 11:21:51:273 [IN ] C8 24 04 0C 25 A5 04 01 31 04 88 53 00 50 65 CA EA (17)
                              [N4:Y] RUN 'S' 0 80 (80)
2026-01-27 11:21:51:379 [IN ] C8 24 0C 0C 25 A5 0C 01 31 04 88 53 00 50 6D 0A EA (17)
                              [N12:Z] RUN 'S' 0 80 (80)
2026-01-27 11:21:58:199 [IN ] C8 24 04 0B 25 A5 04 01 31 03 81 5A 4C 60 A6 0A C8 24 04 0A 25 A5 04 01 31 02 81 49 02 32 A6 (31)
                              [N4:Y] TPOS 'Z' 76 (76)
                              [N4:Y] TPOS 'I'
2026-01-27 11:21:58:426 [OUT] 25 A5 01 09 31 02 D8 3F 54 EC (10)
                              [N9:P] INTERRUPT '?'
2026-01-27 11:21:58:728 [IN ] C8 24 09 0C 25 A5 09 01 31 04 D8 3A 01 01 53 9A EA (17)
                              [N9:P] INTERRUPT ':' 1 1 (257)
2026-01-27 11:21:58:749 [OUT] 25 A5 01 04 31 03 C9 3D 09 48 FE (11)
                              [N4:Y] LFLAG '=' 9 (9)
2026-01-27 11:21:58:771 [OUT] 25 A5 01 07 31 02 D8 3F 52 E2 (10)
                              [N7:N] INTERRUPT '?'
2026-01-27 11:21:59:072 [IN ] C8 24 04 0B 25 A5 04 01 31 03 C9 3A 09 45 FB 9A C8 24 07 0C 25 A5 07 01 31 04 D8 3A 01 01 51 8A EA (33)
                              [N4:Y] LFLAG ':' 9 (9)
                              [N7:N] INTERRUPT ':' 1 1 (257)
2026-01-27 11:21:59:093 [OUT] 25 A5 01 09 31 03 C9 3D 0B 4F 1E (11)
                              [N9:P] LFLAG '=' 11 (11)
2026-01-27 11:21:59:115 [OUT] 25 A5 01 07 31 03 C9 3D 0B 4D 12 (11)
                              [N7:N] LFLAG '=' 11 (11)
2026-01-27 11:21:59:263 [IN ] C8 24 09 0B 25 A5 09 01 31 03 C9 3A 0B 4C 20 8A (16)
                              [N9:P] LFLAG ':' 11 (11)
2026-01-27 11:21:59:285 [OUT] 25 A5 01 09 31 03 88 00 50 16 26 (11)
                              [N9:P] RUN 0 80 (80)
2026-01-27 11:21:59:371 [IN ] C8 24 07 0B 25 A5 07 01 31 03 C9 3A 0B 4A 12 8A (16)
                              [N7:N] LFLAG ':' 11 (11)
2026-01-27 11:21:59:392 [OUT] 25 A5 01 07 31 03 88 00 50 14 1A (11)
                              [N7:N] RUN 0 80 (80)
2026-01-27 11:21:59:477 [IN ] C8 24 09 0C 25 A5 09 01 31 04 88 53 00 50 6A F2 EA (17)
                              [N9:P] RUN 'S' 0 80 (80)
2026-01-27 11:21:59:540 [IN ] C8 24 09 0B 25 A5 09 01 31 03 81 5A 4C 65 C9 F2 (16)
                              [N9:P] TPOS 'Z' 76 (76)
2026-01-27 11:21:59:584 [IN ] C8 24 09 0A 25 A5 09 01 31 02 81 49 07 50 C9 (15)
                              [N9:P] TPOS 'I'
2026-01-27 11:21:59:607 [IN ] C8 24 07 0C 25 A5 07 01 31 04 88 53 00 50 68 E2 EA (17)
                              [N7:N] RUN 'S' 0 80 (80)
2026-01-27 11:21:59:629 [OUT] 25 A5 01 09 31 03 C9 3D 09 4D 1C (11)
                              [N9:P] LFLAG '=' 9 (9)
2026-01-27 11:21:59:651 [OUT] 25 A5 01 04 31 05 81 FF EE 88 01 32 FA (13)
                              [N4:Y] TPOS 255 238 136 1 (-1144831)
2026-01-27 11:21:59:798 [IN ] C8 24 09 0B 25 A5 09 01 31 03 C9 3A 09 4A 1E E2 (16)
                              [N9:P] LFLAG ':' 9 (9)
2026-01-27 11:21:59:946 [IN ] C8 24 04 0E 25 A5 04 01 31 06 81 53 00 00 00 00 10 88 0A (19)
                              [N4:Y] TPOS 'S' 0 0 0 0 (0)
2026-01-27 11:22:01:153 [IN ] C8 24 03 0B 25 A5 03 01 31 03 81 5A 4C 5F 9F 00 C8 24 03 0A 25 A5 03 01 31 02 81 49 01 2C 9F (31)
                              [N3:X] TPOS 'Z' 76 (76)
                              [N3:X] TPOS 'I'
2026-01-27 11:22:01:377 [OUT] 25 A5 01 03 31 03 C9 3D 09 47 F8 (11)
                              [N3:X] LFLAG '=' 9 (9)
2026-01-27 11:22:01:545 [IN ] C8 24 03 0B 25 A5 03 01 31 03 C9 3A 09 44 F4 00 (16)
                              [N3:X] LFLAG ':' 9 (9)
2026-01-27 11:22:03:352 [IN ] C8 24 07 0B 25 A5 07 01 31 03 81 5A 4C 63 BB 00 C8 24 07 0A 25 A5 07 01 31 02 81 49 05 44 BB (31)
                              [N7:N] TPOS 'Z' 76 (76)
                              [N7:N] TPOS 'I'
2026-01-27 11:22:03:575 [OUT] 25 A5 01 07 31 03 C9 3D 09 4B 10 (11)
                              [N7:N] LFLAG '=' 9 (9)
2026-01-27 11:22:03:765 [IN ] C8 24 07 0B 25 A5 07 01 31 03 C9 3A 09 48 10 00 (16)
                              [N7:N] LFLAG ':' 9 (9)
2026-01-27 11:22:05:974 [IN ] C8 24 04 0E 25 A5 04 01 31 06 81 45 FF EE 85 75 E9 87 0A (19)
                              [N4:Y] TPOS 'E' 255 238 133 117 (-1145483)
2026-01-27 11:22:06:198 [OUT] 25 A5 01 09 31 05 81 FF E7 5D 56 5A 0C (13)
                              [N9:P] TPOS 255 231 93 86 (-1614506)
2026-01-27 11:22:06:224 [OUT] 25 A5 01 04 31 05 81 FF FD 50 01 09 B7 (13)
                              [N4:Y] TPOS 255 253 80 1 (-176127)
2026-01-27 11:22:06:246 [OUT] 25 A5 01 07 31 05 81 FF AB 19 75 F7 DF (13)
                              [N7:N] TPOS 255 171 25 117 (-5564043)
2026-01-27 11:22:06:268 [OUT] 25 A5 01 03 31 05 81 FF EC 4A AB 9B 1A (13)
                              [N3:X] TPOS 255 236 74 171 (-1291605)
2026-01-27 11:22:06:291 [OUT] 25 A5 01 06 31 02 D8 3F 51 DD (10)
                              [N6:H] INTERRUPT '?'
2026-01-27 11:22:06:594 [IN ] C8 24 09 0E 25 A5 09 01 31 06 81 53 FF FF FF F9 0B AA 0A C8 24 04 0E 25 A5 04 01 31 06 81 53 FF EE 85 75 F7 CD 0A (38)
                              [N9:P] TPOS 'S' 255 255 255 249 (-7)
                              [N4:Y] TPOS 'S' 255 238 133 117 (-1145483)
2026-01-27 11:22:06:895 [IN ] C8 24 07 0E 25 A5 07 01 31 06 81 53 FF FF FF F2 02 8F 0A C8 24 03 0E 25 A5 03 01 31 06 81 53 FF FF FF FF 0B 74 0A C8 24 06 0C 25 A5 06 01 31 04 D8 3A 01 01 50 82 0B (55)
                              [N7:N] TPOS 'S' 255 255 255 242 (-14)
                              [N3:X] TPOS 'S' 255 255 255 255 (-1)
                              [N6:H] INTERRUPT ':' 1 1 (257)
2026-01-27 11:22:06:916 [OUT] 25 A5 01 06 31 03 C9 3D 0B 4C 0C (11)
                              [N6:H] LFLAG '=' 11 (11)
2026-01-27 11:22:07:085 [IN ] C8 24 06 0B 25 A5 06 01 31 03 C9 3A 0B 49 0B 82 (16)
                              [N6:H] LFLAG ':' 11 (11)
2026-01-27 11:22:07:106 [OUT] 25 A5 01 06 31 03 88 FF B0 72 72 (11)
                              [N6:H] RUN 255 176 (-80)
2026-01-27 11:22:07:152 [IN ] C8 24 0C 0B 25 A5 0C 01 31 03 81 5A 4C 68 DE 82 (16)
                              [N12:Z] TPOS 'Z' 76 (76)
2026-01-27 11:22:07:195 [IN ] C8 24 0C 0A 25 A5 0C 01 31 02 81 49 0A 62 DE (15)
                              [N12:Z] TPOS 'I'
2026-01-27 11:22:07:242 [OUT] 25 A5 01 0C 31 03 C9 3D 09 50 2E (11)
                              [N12:Z] LFLAG '=' 9 (9)
2026-01-27 11:22:07:264 [IN ] C8 24 06 0C 25 A5 06 01 31 04 88 53 FF B0 C6 38 0B (17)
                              [N6:H] RUN 'S' 255 176 (-80)
2026-01-27 11:22:07:412 [IN ] C8 24 0C 0B 25 A5 0C 01 31 03 C9 3A 09 4D 33 38 (16)
                              [N12:Z] LFLAG ':' 9 (9)
2026-01-27 11:22:07:434 [OUT] 25 A5 01 0C 31 05 81 FF BC D0 00 4F 33 (13)
                              [N12:Z] TPOS 255 188 208 0 (-4403200)
2026-01-27 11:22:07:644 [IN ] C8 24 0C 0E 25 A5 0C 01 31 06 81 53 FF FF FE F5 09 C2 0A (19)
                              [N12:Z] TPOS 'S' 255 255 254 245 (-267)
2026-01-27 11:22:11:256 [IN ] C8 24 06 0B 25 A5 06 01 31 03 81 5A 4C 62 B4 F5 (16)
                              [N6:H] TPOS 'Z' 76 (76)
2026-01-27 11:22:11:459 [IN ] C8 24 06 0A 25 A5 06 01 31 02 81 49 04 3E B4 (15)
                              [N6:H] TPOS 'I'
2026-01-27 11:22:11:684 [OUT] 25 A5 01 06 31 03 C9 3D 09 4A 0A (11)
                              [N6:H] LFLAG '=' 9 (9)
2026-01-27 11:22:11:855 [IN ] C8 24 06 0B 25 A5 06 01 31 03 C9 3A 09 47 09 F5 (16)
                              [N6:H] LFLAG ':' 9 (9)
2026-01-27 11:22:11:876 [OUT] 25 A5 01 06 31 03 84 00 50 0F 08 (11)
                              [N6:H] VEL 0 80 (80)
2026-01-27 11:22:12:024 [IN ] C8 24 06 0C 25 A5 06 01 31 04 84 53 00 50 63 CA 09 (17)
                              [N6:H] VEL 'S' 0 80 (80)
2026-01-27 11:22:12:046 [OUT] 25 A5 01 06 31 05 81 00 19 82 3C 95 BE (13)
                              [N6:H] TPOS 0 25 130 60 (1671740)
2026-01-27 11:22:12:235 [IN ] C8 24 06 0E 25 A5 06 01 31 06 81 53 00 00 00 07 19 A3 0A (19)
                              [N6:H] TPOS 'S' 0 0 0 7 (7)
2026-01-27 11:22:13:841 [IN ] C8 24 03 0E 25 A5 03 01 31 06 81 45 FF EC 48 94 C8 1C 0A (19)
                              [N3:X] TPOS 'E' 255 236 72 148 (-1292140)
2026-01-27 11:22:14:269 [OUT] 25 A5 01 03 31 05 81 FF FD 50 01 08 AF (13)
                              [N3:X] TPOS 255 253 80 1 (-176127)
2026-01-27 11:22:14:436 [IN ] C8 24 03 0E 25 A5 03 01 31 06 81 53 FF EC 48 94 D6 62 0A (19)
                              [N3:X] TPOS 'S' 255 236 72 148 (-1292140)
2026-01-27 11:22:15:239 [IN ] C8 24 04 0E 25 A5 04 01 31 06 81 45 FF FD 4F 9F EC 72 0A (19)
                              [N4:Y] TPOS 'E' 255 253 79 159 (-176225)
2026-01-27 11:22:15:642 [IN ] C8 24 09 0E 25 A5 09 01 31 06 81 45 FF E7 5C 5B A4 38 0A (19)
                              [N9:P] TPOS 'E' 255 231 92 91 (-1614757)
2026-01-27 11:22:16:068 [OUT] 25 A5 01 09 31 05 81 FF FF D9 C8 60 BE (13)
                              [N9:P] TPOS 255 255 217 200 (-9784)
2026-01-27 11:22:16:258 [IN ] C8 24 09 0E 25 A5 09 01 31 06 81 53 FF E7 5C 5E B5 81 0A (19)
                              [N9:P] TPOS 'S' 255 231 92 94 (-1614754)
2026-01-27 11:22:20:069 [IN ] C8 24 06 0E 25 A5 06 01 31 06 81 45 00 19 85 95 37 40 0A (19)
                              [N6:H] TPOS 'E' 0 25 133 149 (1672597)
2026-01-27 11:22:20:494 [OUT] 25 A5 01 06 31 05 81 00 0D 03 C1 8F 21 (13)
                              [N6:H] TPOS 0 13 3 193 (852929)
2026-01-27 11:22:20:683 [IN ] C8 24 06 0E 25 A5 06 01 31 06 81 53 00 19 85 94 44 85 0A (19)
                              [N6:H] TPOS 'S' 0 25 133 148 (1672596)
2026-01-27 11:22:24:092 [IN ] C8 24 03 0E 25 A5 03 01 31 06 81 45 FF FD 50 25 72 F0 0A (19)
                              [N3:X] TPOS 'E' 255 253 80 37 (-176091)
2026-01-27 11:22:24:495 [IN ] C8 24 06 0E 25 A5 06 01 31 06 81 45 00 0C FF 14 23 8C 0A (19)
                              [N6:H] TPOS 'E' 0 12 255 20 (851732)
2026-01-27 11:22:24:718 [OUT] 25 A5 01 05 31 02 D8 3F 50 D8 (10)
                              [N5:V] INTERRUPT '?'
2026-01-27 11:22:25:020 [IN ] C8 24 05 0C 25 A5 05 01 31 04 D8 3A 01 01 4F 7A 23 (17)
                              [N5:V] INTERRUPT ':' 1 1 (257)
2026-01-27 11:22:25:041 [OUT] 25 A5 01 05 31 03 C9 3D 0B 4B 06 (11)
                              [N5:V] LFLAG '=' 11 (11)
2026-01-27 11:22:25:230 [IN ] C8 24 05 0B 25 A5 05 01 31 03 C9 3A 0B 48 04 7A (16)
                              [N5:V] LFLAG ':' 11 (11)
2026-01-27 11:22:25:253 [OUT] 25 A5 01 05 31 03 88 FF B0 71 6C (11)
                              [N5:V] RUN 255 176 (-80)
2026-01-27 11:22:25:422 [IN ] C8 24 05 0C 25 A5 05 01 31 04 88 (11)
2026-01-27 11:22:25:444 [IN ] 53 FF B0 C5 30 23 (6)
                              [N5:V] RUN 'S' 255 176 (-80)
2026-01-27 11:22:25:645 [IN ] C8 24 09 0E 25 A5 09 01 31 06 81 45 FF FF DB D3 B3 F6 0A (19)
                              [N9:P] TPOS 'E' 255 255 219 211 (-9261)
2026-01-27 11:22:25:870 [OUT] 25 A5 01 08 31 02 D8 3F 53 E7 (10)
                              [N8:R] INTERRUPT '?'
2026-01-27 11:22:26:171 [IN ] C8 24 08 0C 25 A5 08 01 31 04 D8 3A 01 01 52 92 B3 (17)
                              [N8:R] INTERRUPT ':' 1 1 (257)
2026-01-27 11:22:26:192 [OUT] 25 A5 01 08 31 03 CA 3D 0B 4F 1B (11)
                              [N8:R] RFLAG '=' 11 (11)
2026-01-27 11:22:26:361 [IN ] C8 24 08 0B 25 A5 08 01 31 03 CA 3A 0B 4C 1C 92 (16)
                              [N8:R] RFLAG ':' 11 (11)
2026-01-27 11:22:26:383 [OUT] 25 A5 01 08 31 03 88 00 50 15 20 (11)
                              [N8:R] RUN 0 80 (80)
2026-01-27 11:22:26:550 [IN ] C8 24 08 0C 25 A5 08 01 31 04 88 53 00 50 69 EA B3 (17)
                              [N8:R] RUN 'S' 0 80 (80)
2026-01-27 11:22:30:360 [IN ] C8 24 0C 0E 25 A5 0C 01 31 06 81 45 FF BC CD 75 07 D1 0A (19)
                              [N12:Z] TPOS 'E' 255 188 205 117 (-4403851)
2026-01-27 11:22:30:562 [IN ] C8 24 05 0B 25 A5 05 01 31 03 81 5A 4C 61 AD 75 C8 24 05 0A 25 A5 05 01 31 02 81 49 03 38 AD (31)
                              [N5:V] TPOS 'Z' 76 (76)
                              [N5:V] TPOS 'I'
2026-01-27 11:22:30:786 [OUT] 25 A5 01 0C 31 05 81 FF D1 1A 67 15 6D (13)
                              [N12:Z] TPOS 255 209 26 103 (-3073433)
2026-01-27 11:22:30:809 [OUT] 25 A5 01 05 31 03 C9 3D 09 49 04 (11)
                              [N5:V] LFLAG '=' 9 (9)
2026-01-27 11:22:30:956 [IN ] C8 24 0C 0E 25 A5 0C 01 31 06 81 53 FF BC CD 9C 3C 3E 0A (19)
                              [N12:Z] TPOS 'S' 255 188 205 156 (-4403812)
2026-01-27 11:22:31:082 [IN ] C8 24 05 0B 25 A5 05 01 31 03 C9 3A 09 46 02 9C (16)
                              [N5:V] LFLAG ':' 9 (9)
2026-01-27 11:22:31:104 [OUT] 25 A5 01 05 31 03 84 00 50 0E 02 (11)
                              [N5:V] VEL 0 80 (80)
2026-01-27 11:22:31:105 [IN ] C8 24 07 0E 25 A5 07 01 31 06 81 45 FF AB 14 F8 BB 7D 0A (19)
                              [N7:N] TPOS 'E' 255 171 20 248 (-5565192)
2026-01-27 11:22:31:171 [OUT] 25 A5 01 07 31 05 81 FF F3 35 BF A5 39 (13)
                              [N7:N] TPOS 255 243 53 191 (-838209)
2026-01-27 11:22:31:260 [IN ] C8 24 05 0C 25 A5 05 01 31 04 84 53 00 50 62 C2 BB (17)
                              [N5:V] VEL 'S' 0 80 (80)
2026-01-27 11:22:31:281 [OUT] 25 A5 01 05 31 05 81 00 19 82 3C 94 B6 (13)
                              [N5:V] TPOS 0 25 130 60 (1671740)
2026-01-27 11:22:31:386 [IN ] C8 24 07 0E 25 A5 07 01 31 06 81 53 FF AB 14 F8 (16)
2026-01-27 11:22:31:407 [IN ] C9 C3 0A (3)
                              [N7:N] TPOS 'S' 255 171 20 248 (-5565192)
2026-01-27 11:22:31:534 [IN ] C8 24 05 0E 25 A5 05 01 31 06 81 53 00 00 00 02 13 94 0A (19)
                              [N5:V] TPOS 'S' 0 0 0 2 (2)
2026-01-27 11:22:33:541 [IN ] C8 24 08 0B 25 A5 08 01 31 03 81 5A 52 6A C8 02 C8 24 08 0A 25 A5 08 01 31 02 81 49 06 4A C8 (31)
                              [N8:R] TPOS 'Z' 82 (82)
                              [N8:R] TPOS 'I'
2026-01-27 11:22:33:766 [OUT] 25 A5 01 08 31 03 CA 3D 09 4D 19 (11)
                              [N8:R] RFLAG '=' 9 (9)
2026-01-27 11:22:33:937 [IN ] C8 24 08 0B 25 A5 08 01 31 03 CA 3A 09 4A 1A 02 (16)
                              [N8:R] RFLAG ':' 9 (9)
2026-01-27 11:22:33:959 [OUT] 25 A5 01 08 31 05 81 FF DC 77 1D 2F DE (13)
                              [N8:R] TPOS 255 220 119 29 (-2328803)
2026-01-27 11:22:34:149 [IN ] C8 24 08 0E 25 A5 08 01 31 06 81 53 FF FF FF F4 05 9B 0A (19)
                              [N8:R] TPOS 'S' 255 255 255 244 (-12)
2026-01-27 11:22:37:761 [IN ] C8 24 0C 0E 25 A5 0C 01 31 06 81 45 FF D1 1D 03 FA 3E 0A (19)
                              [N12:Z] TPOS 'E' 255 209 29 3 (-3072765)
2026-01-27 11:22:39:568 [IN ] C8 24 05 0E 25 A5 05 01 31 06 81 45 00 19 85 E2 83 83 0A (19)
                              [N5:V] TPOS 'E' 0 25 133 226 (1672674)
2026-01-27 11:22:39:995 [OUT] 25 A5 01 05 31 05 81 00 0D 03 C1 8E 19 (13)
                              [N5:V] TPOS 0 13 3 193 (852929)
2026-01-27 11:22:40:184 [IN ] C8 24 05 0E 25 A5 05 01 31 06 81 53 00 19 85 E1 90 C8 0A (19)
                              [N5:V] TPOS 'S' 0 25 133 225 (1672673)
2026-01-27 11:22:45:602 [IN ] C8 24 05 0E 25 A5 05 01 31 06 81 45 00 0D 02 89 9B 00 0A (19)
                              [N5:V] TPOS 'E' 0 13 2 137 (852617)
2026-01-27 11:22:45:825 [OUT] 25 A5 01 03 31 05 81 FF ED B1 30 88 70 (13)
                              [N3:X] TPOS 255 237 177 48 (-1199824)
2026-01-27 11:22:45:848 [OUT] 25 A5 01 04 31 05 81 FF F3 BD 0C 77 7E (13)
                              [N4:Y] TPOS 255 243 189 12 (-803572)
2026-01-27 11:22:46:017 [IN ] C8 24 03 0E 25 A5 03 01 31 06 81 53 FF FD 50 25 80 36 0A (19)
                              [N3:X] TPOS 'S' 255 253 80 37 (-176091)
2026-01-27 11:22:46:164 [IN ] C8 24 04 0E 25 A5 04 01 31 06 81 53 FF FD 4F 9F FA B8 0A (19)
                              [N4:Y] TPOS 'S' 255 253 79 159 (-176225)
2026-01-27 11:22:47:168 [IN ] C8 24 08 0E 25 A5 08 01 31 06 81 45 FF DC 74 19 6E FB 0A (19)
                              [N8:R] TPOS 'E' 255 220 116 25 (-2329575)
2026-01-27 11:22:47:592 [OUT] 25 A5 01 08 31 05 81 FF EE 15 56 18 89 (13)
                              [N8:R] TPOS 255 238 21 86 (-1174186)
2026-01-27 11:22:47:761 [IN ] C8 24 08 0E 25 A5 08 01 31 06 81 53 FF DC 74 19 7C 41 0A (19)
                              [N8:R] TPOS 'S' 255 220 116 25 (-2329575)
2026-01-27 11:22:49:567 [IN ] C8 24 04 0E 25 A5 04 01 31 06 81 45 FF F3 BA 5C 0A E7 0A (19)
                              [N4:Y] TPOS 'E' 255 243 186 92 (-804260)
2026-01-27 11:22:51:574 [IN ] C8 24 03 0E 25 A5 03 01 31 06 81 45 FF ED AE C7 62 1E 0A (19)
                              [N3:X] TPOS 'E' 255 237 174 199 (-1200441)
2026-01-27 11:22:52:177 [IN ] C8 24 07 0E 25 A5 07 01 31 06 81 45 FF F3 3A D0 01 79 0A (19)
                              [N7:N] TPOS 'E' 255 243 58 208 (-836912)
2026-01-27 11:22:54:384 [IN ] C8 24 08 0E 25 A5 08 01 31 06 81 45 FF EE 17 08 12 66 0A (19)
                              [N8:R] TPOS 'E' 255 238 23 8 (-1173752)
