2025-12-31 17:03:03:175 [OUT] 25 A5 01 0A 31 05 D6 3D FF 00 00 53 ED (13)
                              [N10:HMI] HMILED '=' 255 0 0 (16711680)
2025-12-31 17:03:03:198 [OUT] 25 A5 01 03 31 02 D8 3F 4E CE (10)
                              [N3:X] INTERRUPT '?'
2025-12-31 17:03:03:500 [IN ] C8 24 0A 0D 25 A5 0A 01 31 05 D6 3A FF 00 00 50 EA 8B C8 24 03 0C 25 A5 03 01 31 04 D8 3A 01 01 4D 6A EA (35)
                              [N10:HMI] HMILED ':' 255 0 0 (16711680)
                              [N3:X] INTERRUPT ':' 1 1 (257)
2025-12-31 17:03:03:522 [OUT] 25 A5 01 09 31 03 C9 3D 09 4D 1C (11)
                              [N9:P] LFLAG '=' 9 (9)
2025-12-31 17:03:03:545 [OUT] 25 A5 01 04 31 02 D8 3F 4F D3 (10)
                              [N4:Y] INTERRUPT '?'
2025-12-31 17:03:03:847 [IN ] C8 24 09 0B 25 A5 09 01 31 03 C9 3A 09 4A 1E 6A C8 24 04 0C 25 A5 04 01 31 04 D8 3A 01 01 4E 72 EA (33)
                              [N9:P] LFLAG ':' 9 (9)
                              [N4:Y] INTERRUPT ':' 1 1 (257)
2025-12-31 17:03:03:868 [OUT] 25 A5 01 09 31 03 CA 3D 09 4E 1F (11)
                              [N9:P] RFLAG '=' 9 (9)
2025-12-31 17:03:03:890 [OUT] 25 A5 01 0C 31 02 D8 3F 57 FB (10)
                              [N12:Z] INTERRUPT '?'
2025-12-31 17:03:04:194 [IN ] C8 24 09 0B 25 A5 09 01 31 03 CA 3A 09 4B 21 72 C8 24 0C 0C 25 A5 0C 01 31 04 D8 3A 01 01 56 B2 EA (33)
                              [N9:P] RFLAG ':' 9 (9)
                              [N12:Z] INTERRUPT ':' 1 1 (257)
2025-12-31 17:03:04:215 [OUT] 25 A5 01 08 31 03 C9 3D 09 4C 16 (11)
                              [N8:R] LFLAG '=' 9 (9)
2025-12-31 17:03:04:237 [OUT] 25 A5 01 03 31 03 C9 3D 0B 49 FA (11)
                              [N3:X] LFLAG '=' 11 (11)
2025-12-31 17:03:04:259 [OUT] 25 A5 01 04 31 03 C9 3D 0B 4A 00 (11)
                              [N4:Y] LFLAG '=' 11 (11)
2025-12-31 17:03:04:280 [OUT] 25 A5 01 0C 31 03 C9 3D 0B 52 30 (11)
                              [N12:Z] LFLAG '=' 11 (11)
2025-12-31 17:03:04:384 [IN ] C8 24 08 0B 25 A5 08 01 31 03 C9 3A 09 49 17 B2 (16)
                              [N8:R] LFLAG ':' 9 (9)
2025-12-31 17:03:04:405 [OUT] 25 A5 01 08 31 03 CA 3D 09 4D 19 (11)
                              [N8:R] RFLAG '=' 9 (9)
2025-12-31 17:03:04:490 [IN ] C8 24 03 0B (4)
2025-12-31 17:03:04:512 [IN ] 25 A5 03 01 31 03 C9 3A 0B 46 F6 B2 (12)
                              [N3:X] LFLAG ':' 11 (11)
2025-12-31 17:03:04:534 [OUT] 25 A5 01 03 31 03 88 00 50 10 02 (11)
                              [N3:X] RUN 0 80 (80)
2025-12-31 17:03:04:598 [IN ] C8 24 04 0B 25 A5 04 01 31 03 C9 3A 0B 47 FD B2 (16)
                              [N4:Y] LFLAG ':' 11 (11)
2025-12-31 17:03:04:619 [OUT] 25 A5 01 04 31 03 88 00 50 11 08 (11)
                              [N4:Y] RUN 0 80 (80)
2025-12-31 17:03:04:706 [IN ] C8 24 0C 0B 25 A5 0C 01 31 03 C9 3A 0B 4F 35 B2 (16)
                              [N12:Z] LFLAG ':' 11 (11)
2025-12-31 17:03:04:730 [OUT] 25 A5 01 0C 31 03 88 00 50 19 38 (11)
                              [N12:Z] RUN 0 80 (80)
2025-12-31 17:03:04:816 [IN ] C8 24 08 0B 25 A5 08 01 31 03 CA 3A 09 4A 1A B2 (16)
                              [N8:R] RFLAG ':' 9 (9)
2025-12-31 17:03:04:921 [IN ] C8 24 03 0C 25 A5 03 01 31 04 88 53 00 50 64 C2 EA (17)
                              [N3:X] RUN 'S' 0 80 (80)
2025-12-31 17:03:05:048 [IN ] C8 24 04 0C 25 A5 04 01 31 04 88 53 00 50 65 CA EA (17)
                              [N4:Y] RUN 'S' 0 80 (80)
2025-12-31 17:03:05:153 [IN ] C8 24 0C 0C 25 A5 0C 01 31 04 88 53 00 50 6D 0A EA (17)
                              [N12:Z] RUN 'S' 0 80 (80)
2025-12-31 17:03:11:578 [IN ] C8 24 04 0B 25 A5 04 01 31 03 81 5A 4C 60 A6 0A C8 24 04 0A 25 A5 04 01 31 02 81 49 02 32 A6 (31)
                              [N4:Y] TPOS 'Z' 76 (76)
                              [N4:Y] TPOS 'I'
2025-12-31 17:03:11:802 [OUT] 25 A5 01 09 31 02 D8 3F 54 EC (10)
                              [N9:P] INTERRUPT '?'
2025-12-31 17:03:12:103 [IN ] C8 24 09 0C 25 A5 09 01 31 04 D8 3A 01 01 53 9A EA (17)
                              [N9:P] INTERRUPT ':' 1 1 (257)
2025-12-31 17:03:12:124 [OUT] 25 A5 01 04 31 03 C9 3D 09 48 FE (11)
                              [N4:Y] LFLAG '=' 9 (9)
2025-12-31 17:03:12:146 [OUT] 25 A5 01 07 31 02 D8 3F 52 E2 (10)
                              [N7:N] INTERRUPT '?'
2025-12-31 17:03:12:447 [IN ] C8 24 04 0B 25 A5 04 01 31 03 C9 3A 09 45 FB 9A C8 24 07 0C 25 A5 07 01 31 04 D8 3A 01 01 51 8A EA (33)
                              [N4:Y] LFLAG ':' 9 (9)
                              [N7:N] INTERRUPT ':' 1 1 (257)
2025-12-31 17:03:12:468 [OUT] 25 A5 01 09 31 03 C9 3D 0B 4F 1E (11)
                              [N9:P] LFLAG '=' 11 (11)
2025-12-31 17:03:12:491 [OUT] 25 A5 01 07 31 03 C9 3D 0B 4D 12 (11)
                              [N7:N] LFLAG '=' 11 (11)
2025-12-31 17:03:12:639 [IN ] C8 24 09 0B 25 A5 09 01 31 03 C9 3A 0B 4C 20 8A (16)
                              [N9:P] LFLAG ':' 11 (11)
2025-12-31 17:03:12:660 [OUT] 25 A5 01 09 31 03 88 00 50 16 26 (11)
                              [N9:P] RUN 0 80 (80)
2025-12-31 17:03:12:744 [IN ] C8 24 07 0B 25 A5 07 01 31 03 C9 3A 0B 4A 12 8A (16)
                              [N7:N] LFLAG ':' 11 (11)
2025-12-31 17:03:12:770 [OUT] 25 A5 01 07 31 03 88 00 50 14 1A (11)
                              [N7:N] RUN 0 80 (80)
2025-12-31 17:03:12:855 [IN ] C8 24 09 0C 25 A5 09 01 31 04 88 53 00 50 6A F2 EA (17)
                              [N9:P] RUN 'S' 0 80 (80)
2025-12-31 17:03:12:920 [IN ] C8 24 09 0B 25 A5 09 01 31 03 81 5A 4C 65 C9 F2 (16)
                              [N9:P] TPOS 'Z' 76 (76)
2025-12-31 17:03:12:963 [IN ] C8 24 07 0C 25 A5 07 01 31 04 88 53 00 50 68 E2 EA C8 24 09 0A 25 A5 09 01 31 02 81 49 07 50 68 (32)
                              [N7:N] RUN 'S' 0 80 (80)
                              [N9:P] TPOS 'I'
2025-12-31 17:03:13:187 [OUT] 25 A5 01 09 31 03 C9 3D 09 4D 1C (11)
                              [N9:P] LFLAG '=' 9 (9)
2025-12-31 17:03:13:208 [OUT] 25 A5 01 04 31 05 81 FF EE 88 01 32 FA (13)
                              [N4:Y] TPOS 255 238 136 1 (-1144831)
2025-12-31 17:03:13:356 [IN ] C8 24 09 0B 25 A5 09 01 31 03 C9 3A 09 4A 1E E2 (16)
                              [N9:P] LFLAG ':' 9 (9)
2025-12-31 17:03:13:481 [IN ] C8 24 04 0E 25 A5 04 01 31 06 81 53 00 00 00 00 10 88 0A (19)
                              [N4:Y] TPOS 'S' 0 0 0 0 (0)
2025-12-31 17:03:14:085 [IN ] C8 24 03 0B 25 A5 03 01 31 03 81 5A 4C 5F 9F 00 C8 24 03 0A 25 A5 03 01 31 02 81 49 01 2C 9F (31)
                              [N3:X] TPOS 'Z' 76 (76)
                              [N3:X] TPOS 'I'
2025-12-31 17:03:14:307 [OUT] 25 A5 01 03 31 03 C9 3D 09 47 F8 (11)
                              [N3:X] LFLAG '=' 9 (9)
2025-12-31 17:03:14:454 [IN ] C8 24 03 0B (4)
2025-12-31 17:03:14:475 [IN ] 25 A5 03 01 31 03 C9 3A 09 44 F4 00 (12)
                              [N3:X] LFLAG ':' 9 (9)
2025-12-31 17:03:16:683 [IN ] C8 24 07 0B 25 A5 07 01 31 03 81 5A 4C 63 BB 00 C8 24 07 0A 25 A5 07 01 31 02 81 49 05 44 BB (31)
                              [N7:N] TPOS 'Z' 76 (76)
                              [N7:N] TPOS 'I'
2025-12-31 17:03:16:909 [OUT] 25 A5 01 07 31 03 C9 3D 09 4B 10 (11)
                              [N7:N] LFLAG '=' 9 (9)
2025-12-31 17:03:17:074 [IN ] C8 24 07 0B 25 A5 07 01 31 03 C9 3A 09 48 10 00 (16)
                              [N7:N] LFLAG ':' 9 (9)
2025-12-31 17:03:19:282 [IN ] C8 24 04 0E 25 A5 04 01 31 06 81 45 FF EE 84 EE 61 FE 0A (19)
                              [N4:Y] TPOS 'E' 255 238 132 238 (-1145618)
2025-12-31 17:03:19:505 [OUT] 25 A5 01 09 31 05 81 FF E7 5D 56 5A 0C (13)
                              [N9:P] TPOS 255 231 93 86 (-1614506)
2025-12-31 17:03:19:527 [OUT] 25 A5 01 04 31 05 81 FF FD 50 01 09 B7 (13)
                              [N4:Y] TPOS 255 253 80 1 (-176127)
2025-12-31 17:03:19:550 [OUT] 25 A5 01 07 31 05 81 FF AB 19 75 F7 DF (13)
                              [N7:N] TPOS 255 171 25 117 (-5564043)
2025-12-31 17:03:19:574 [OUT] 25 A5 01 03 31 05 81 FF EC 4A AB 9B 1A (13)
                              [N3:X] TPOS 255 236 74 171 (-1291605)
2025-12-31 17:03:19:597 [OUT] 25 A5 01 06 31 02 D8 3F 51 DD (10)
                              [N6:H] INTERRUPT '?'
2025-12-31 17:03:19:899 [IN ] C8 24 09 0E 25 A5 09 01 31 06 81 53 FF FF FF F9 0B AA 0A C8 24 04 0E 25 A5 04 01 31 06 81 53 FF EE 84 EE 6F 44 0A (38)
                              [N9:P] TPOS 'S' 255 255 255 249 (-7)
                              [N4:Y] TPOS 'S' 255 238 132 238 (-1145618)
2025-12-31 17:03:20:201 [IN ] C8 24 0C 0B 25 A5 0C 01 31 03 81 5A 4C 68 DE EE C8 24 07 0E 25 A5 07 01 31 06 81 53 FF FF FF FF 0F 9C 0A C8 24 0C 0A 25 A5 0C 01 31 02 81 49 0A 62 FF C8 24 03 0E 25 A5 03 01 31 06 81 53 00 00 
00 00 0F 7E 0A C8 24 06 0C 25 A5 06 01 31 04 D8 3A 01 01 50 82 0F (86)
                              [N12:Z] TPOS 'Z' 76 (76)
                              [N7:N] TPOS 'S' 255 255 255 255 (-1)
                              [N12:Z] TPOS 'I'
                              [N3:X] TPOS 'S' 0 0 0 0 (0)
                              [N6:H] INTERRUPT ':' 1 1 (257)
2025-12-31 17:03:20:222 [OUT] 25 A5 01 06 31 03 C9 3D 0B 4C 0C (11)
                              [N6:H] LFLAG '=' 11 (11)
2025-12-31 17:03:20:244 [OUT] 25 A5 01 0C 31 03 C9 3D 09 50 2E (11)
                              [N12:Z] LFLAG '=' 9 (9)
2025-12-31 17:03:20:392 [IN ] C8 24 06 0B 25 A5 06 01 31 03 C9 3A 0B 49 0B 82 (16)
                              [N6:H] LFLAG ':' 11 (11)
2025-12-31 17:03:20:413 [OUT] 25 A5 01 06 31 03 88 FF B0 72 72 (11)
                              [N6:H] RUN 255 176 (-80)
2025-12-31 17:03:20:499 [IN ] C8 24 0C 0B 25 A5 0C 01 31 03 C9 3A 09 4D 33 82 (16)
                              [N12:Z] LFLAG ':' 9 (9)
2025-12-31 17:03:20:522 [OUT] 25 A5 01 0C 31 05 81 FF BC D0 00 4F 33 (13)
                              [N12:Z] TPOS 255 188 208 0 (-4403200)
2025-12-31 17:03:20:608 [IN ] C8 24 06 0C 25 A5 06 01 31 04 88 53 FF B0 C6 38 0F (17)
                              [N6:H] RUN 'S' 255 176 (-80)
2025-12-31 17:03:20:735 [IN ] C8 24 0C 0E 25 A5 0C 01 31 06 81 53 FF FF FF 2C 41 FB 0A (19)
                              [N12:Z] TPOS 'S' 255 255 255 44 (-212)
2025-12-31 17:03:24:755 [IN ] C8 24 06 0B 25 A5 06 01 31 03 81 5A 4C 62 B4 2C C8 24 06 0A 25 A5 06 01 31 02 81 49 04 3E B4 (31)
                              [N6:H] TPOS 'Z' 76 (76)
                              [N6:H] TPOS 'I'
2025-12-31 17:03:24:977 [OUT] 25 A5 01 06 31 03 C9 3D 09 4A 0A (11)
                              [N6:H] LFLAG '=' 9 (9)
2025-12-31 17:03:25:146 [IN ] C8 24 06 0B 25 A5 06 01 31 03 C9 3A 09 47 09 2C (16)
                              [N6:H] LFLAG ':' 9 (9)
2025-12-31 17:03:25:167 [OUT] 25 A5 01 06 31 03 84 00 50 0F 08 (11)
                              [N6:H] VEL 0 80 (80)
2025-12-31 17:03:25:335 [IN ] C8 24 06 0C 25 A5 06 01 31 04 84 53 00 50 63 CA 41 (17)
                              [N6:H] VEL 'S' 0 80 (80)
2025-12-31 17:03:25:357 [OUT] 25 A5 01 06 31 05 81 00 19 82 3C 95 BE (13)
                              [N6:H] TPOS 0 25 130 60 (1671740)
2025-12-31 17:03:25:546 [IN ] C8 24 06 0E 25 A5 06 01 31 06 81 53 00 00 00 00 12 9C 0A (19)
                              [N6:H] TPOS 'S' 0 0 0 0 (0)
2025-12-31 17:03:26:551 [IN ] C8 24 03 0E 25 A5 03 01 31 06 81 45 FF EC 47 E9 1C 6F 0A (19)
                              [N3:X] TPOS 'E' 255 236 71 233 (-1292311)
2025-12-31 17:03:26:974 [OUT] 25 A5 01 03 31 05 81 FF FD 50 01 08 AF (13)
                              [N3:X] TPOS 255 253 80 1 (-176127)
2025-12-31 17:03:27:163 [IN ] C8 24 03 0E 25 A5 03 01 31 06 81 53 FF EC 47 EA 2B B6 0A (19)
                              [N3:X] TPOS 'S' 255 236 71 234 (-1292310)
2025-12-31 17:03:27:766 [IN ] C8 24 04 0E 25 A5 04 01 31 06 81 45 FF FD 4F CD 1A A0 0A C8 24 09 0E 25 A5 09 01 31 06 81 45 FF E7 5A 14 5B ED 0A (38)
                              [N4:Y] TPOS 'E' 255 253 79 205 (-176179)
                              [N9:P] TPOS 'E' 255 231 90 20 (-1615340)
2025-12-31 17:03:28:191 [OUT] 25 A5 01 09 31 05 81 FF FF D9 C8 60 BE (13)
                              [N9:P] TPOS 255 255 217 200 (-9784)
2025-12-31 17:03:28:377 [IN ] C8 24 09 0E 25 A5 09 01 31 06 81 53 FF E7 5A 15 6A 34 0A (19)
                              [N9:P] TPOS 'S' 255 231 90 21 (-1615339)
2025-12-31 17:03:33:395 [IN ] C8 24 06 0E 25 A5 06 01 31 06 81 45 00 19 85 D4 76 7F 0A (19)
                              [N6:H] TPOS 'E' 0 25 133 212 (1672660)
2025-12-31 17:03:33:822 [OUT] 25 A5 01 06 31 05 81 00 0D 03 C1 8F 21 (13)
                              [N6:H] TPOS 0 13 3 193 (852929)
2025-12-31 17:03:34:010 [IN ] C8 24 06 0E 25 A5 06 01 31 06 81 53 00 19 85 D4 84 C5 0A (19)
                              [N6:H] TPOS 'S' 0 25 133 212 (1672660)
2025-12-31 17:03:36:017 [IN ] C8 24 03 0E 25 A5 03 01 31 06 81 45 FF FD 50 3A 87 05 0A (19)
                              [N3:X] TPOS 'E' 255 253 80 58 (-176070)
2025-12-31 17:03:36:621 [IN ] C8 24 09 0E 25 A5 09 01 31 06 81 45 FF FF DC 4D 2E 72 0A (19)
                              [N9:P] TPOS 'E' 255 255 220 77 (-9139)
2025-12-31 17:03:36:844 [OUT] 25 A5 01 08 31 02 D8 3F 53 E7 (10)
                              [N8:R] INTERRUPT '?'
2025-12-31 17:03:37:146 [IN ] C8 24 08 0C 25 A5 08 01 31 04 D8 3A 01 01 52 92 2E (17)
                              [N8:R] INTERRUPT ':' 1 1 (257)
2025-12-31 17:03:37:167 [OUT] 25 A5 01 08 31 03 CA 3D 0B 4F 1B (11)
                              [N8:R] RFLAG '=' 11 (11)
2025-12-31 17:03:37:336 [IN ] C8 24 08 0B 25 A5 08 01 31 03 CA 3A 0B 4C 1C 92 (16)
                              [N8:R] RFLAG ':' 11 (11)
2025-12-31 17:03:37:358 [OUT] 25 A5 01 08 31 03 88 00 50 15 20 (11)
                              [N8:R] RUN 0 80 (80)
2025-12-31 17:03:37:527 [IN ] C8 24 08 0C 25 A5 08 01 31 04 88 53 00 50 69 EA 2E (17)
                              [N8:R] RUN 'S' 0 80 (80)
2025-12-31 17:03:37:929 [IN ] C8 24 06 0E 25 A5 06 01 31 06 81 45 00 0C FF 11 20 89 0A (19)
                              [N6:H] TPOS 'E' 0 12 255 17 (851729)
2025-12-31 17:03:38:152 [OUT] 25 A5 01 05 31 02 D8 3F 50 D8 (10)
                              [N5:V] INTERRUPT '?'
2025-12-31 17:03:38:453 [IN ] C8 24 05 0C 25 A5 05 01 31 04 D8 3A 01 01 4F 7A 20 (17)
                              [N5:V] INTERRUPT ':' 1 1 (257)
2025-12-31 17:03:38:474 [OUT] 25 A5 01 05 31 03 C9 3D 0B 4B 06 (11)
                              [N5:V] LFLAG '=' 11 (11)
2025-12-31 17:03:38:662 [IN ] C8 24 05 0B 25 A5 05 01 31 03 C9 3A 0B 48 04 7A (16)
                              [N5:V] LFLAG ':' 11 (11)
2025-12-31 17:03:38:684 [OUT] 25 A5 01 05 31 03 88 FF B0 71 6C (11)
                              [N5:V] RUN 255 176 (-80)
2025-12-31 17:03:38:852 [IN ] C8 24 05 0C 25 A5 05 01 31 04 88 53 FF B0 C5 30 20 (17)
                              [N5:V] RUN 'S' 255 176 (-80)
2025-12-31 17:03:41:862 [IN ] C8 24 0C 0E 25 A5 0C 01 31 06 81 45 FF BC CB EF 7F 47 0A (19)
                              [N12:Z] TPOS 'E' 255 188 203 239 (-4404241)
2025-12-31 17:03:42:287 [OUT] 25 A5 01 0C 31 05 81 FF D1 1A 67 15 6D (13)
                              [N12:Z] TPOS 255 209 26 103 (-3073433)
2025-12-31 17:03:42:475 [IN ] C8 24 0C 0E 25 A5 0C 01 31 06 81 53 FF BC CC 01 A0 A1 0A (19)
                              [N12:Z] TPOS 'S' 255 188 204 1 (-4404223)
2025-12-31 17:03:43:281 [IN ] C8 24 08 0B 25 A5 08 01 31 03 81 5A 52 6A C8 01 C8 24 08 0A 25 A5 08 01 31 02 81 49 06 4A C8 (31)
                              [N8:R] TPOS 'Z' 82 (82)
                              [N8:R] TPOS 'I'
2025-12-31 17:03:43:504 [OUT] 25 A5 01 08 31 03 CA 3D 09 4D 19 (11)
                              [N8:R] RFLAG '=' 9 (9)
2025-12-31 17:03:43:673 [IN ] C8 24 08 0B 25 A5 08 01 31 03 CA 3A 09 4A 1A 01 (16)
                              [N8:R] RFLAG ':' 9 (9)
2025-12-31 17:03:43:694 [OUT] 25 A5 01 08 31 05 81 FF DC 77 1D 2F DE (13)
                              [N8:R] TPOS 255 220 119 29 (-2328803)
2025-12-31 17:03:43:695 [IN ] C8 24 05 0B 25 A5 05 01 31 03 81 5A 4C 61 AD 01 (16)
                              [N5:V] TPOS 'Z' 76 (76)
2025-12-31 17:03:43:737 [IN ] C8 24 05 0A 25 A5 05 01 31 02 81 49 03 38 AD (15)
                              [N5:V] TPOS 'I'
2025-12-31 17:03:43:781 [OUT] 25 A5 01 05 31 03 C9 3D 09 49 04 (11)
                              [N5:V] LFLAG '=' 9 (9)
2025-12-31 17:03:43:889 [IN ] C8 24 08 0E 25 A5 08 01 31 06 81 53 FF FF FF FA 0B A1 0A (19)
                              [N8:R] TPOS 'S' 255 255 255 250 (-6)
2025-12-31 17:03:43:994 [IN ] C8 24 05 0B 25 A5 05 01 31 03 C9 3A 09 46 02 FA (16)
                              [N5:V] LFLAG ':' 9 (9)
2025-12-31 17:03:44:018 [OUT] 25 A5 01 05 31 03 84 00 50 0E 02 (11)
                              [N5:V] VEL 0 80 (80)
2025-12-31 17:03:44:124 [IN ] C8 24 07 0E 25 A5 07 01 31 06 81 45 FF AB 14 06 C9 8B 0A (19)
                              [N7:N] TPOS 'E' 255 171 20 6 (-5565434)
2025-12-31 17:03:44:189 [OUT] 25 A5 01 07 31 05 81 FF F3 35 BF A5 39 (13)
                              [N7:N] TPOS 255 243 53 191 (-838209)
2025-12-31 17:03:44:192 [IN ] C8 24 05 0C 25 A5 05 01 31 04 84 53 00 50 62 C2 C9 (17)
                              [N5:V] VEL 'S' 0 80 (80)
2025-12-31 17:03:44:215 [OUT] 25 A5 01 05 31 05 81 00 19 82 3C 94 B6 (13)
                              [N5:V] TPOS 0 25 130 60 (1671740)
2025-12-31 17:03:44:381 [IN ] C8 24 07 0E 25 A5 07 01 31 06 81 53 FF AB 14 06 D7 D1 0A (19)
                              [N7:N] TPOS 'S' 255 171 20 6 (-5565434)
2025-12-31 17:03:44:508 [IN ] C8 24 05 0E 25 A5 05 01 31 06 81 53 00 00 00 00 11 92 0A (19)
                              [N5:V] TPOS 'S' 0 0 0 0 (0)
2025-12-31 17:03:48:727 [IN ] C8 24 0C 0E 25 A5 0C 01 31 06 81 45 FF D1 1E C3 BB 00 0A (19)
                              [N12:Z] TPOS 'E' 255 209 30 195 (-3072317)
2025-12-31 17:03:52:339 [IN ] C8 24 05 0E 25 A5 05 01 31 06 81 45 00 19 86 A8 4A 4B 0A (19)
                              [N5:V] TPOS 'E' 0 25 134 168 (1672872)
2025-12-31 17:03:52:763 [OUT] 25 A5 01 05 31 05 81 00 0D 03 C1 8E 19 (13)
                              [N5:V] TPOS 0 13 3 193 (852929)
2025-12-31 17:03:52:931 [IN ] C8 24 (2)
2025-12-31 17:03:52:953 [IN ] 05 0E 25 A5 05 01 31 06 81 53 00 19 86 A8 58 91 0A (17)
                              [N5:V] TPOS 'S' 0 25 134 168 (1672872)
2025-12-31 17:03:55:161 [IN ] C8 24 08 0E 25 A5 08 01 31 06 81 45 FF DC 73 61 B5 41 0A (19)
                              [N8:R] TPOS 'E' 255 220 115 97 (-2329759)
2025-12-31 17:03:55:587 [OUT] 25 A5 01 08 31 05 81 FF EE 15 56 18 89 (13)
                              [N8:R] TPOS 255 238 21 86 (-1174186)
2025-12-31 17:03:55:777 [IN ] C8 24 08 0E 25 A5 08 01 31 06 81 53 FF DC 73 62 C4 88 0A (19)
                              [N8:R] TPOS 'S' 255 220 115 98 (-2329758)
2025-12-31 17:03:58:183 [IN ] C8 24 05 0E 25 A5 05 01 31 06 81 45 00 0D 02 30 42 A7 0A (19)
                              [N5:V] TPOS 'E' 0 13 2 48 (852528)
2025-12-31 17:03:58:409 [OUT] 25 A5 01 03 31 05 81 FF ED B1 30 88 70 (13)
                              [N3:X] TPOS 255 237 177 48 (-1199824)
2025-12-31 17:03:58:431 [OUT] 25 A5 01 04 31 05 81 FF F3 BD 0C 77 7E (13)
                              [N4:Y] TPOS 255 243 189 12 (-803572)
2025-12-31 17:03:58:600 [IN ] C8 24 03 0E 25 A5 03 01 31 06 81 53 FF FD 50 3A 95 4B 0A (19)
                              [N3:X] TPOS 'S' 255 253 80 58 (-176070)
2025-12-31 17:03:58:727 [IN ] C8 24 04 0E 25 A5 04 01 31 06 81 53 FF FD 4F CD 28 E6 0A (19)
                              [N4:Y] TPOS 'S' 255 253 79 205 (-176179)
2025-12-31 17:04:01:338 [IN ] C8 24 08 0E 25 A5 08 01 31 06 81 45 FF EE 18 46 51 A6 0A (19)
                              [N8:R] TPOS 'E' 255 238 24 70 (-1173434)
2025-12-31 17:04:01:941 [IN ] C8 24 04 0E 25 A5 04 01 31 06 81 45 FF F3 BA 03 B1 8E 0A (19)
                              [N4:Y] TPOS 'E' 255 243 186 3 (-804349)
2025-12-31 17:04:03:747 [IN ] C8 24 03 0E 25 A5 03 01 31 06 81 45 FF ED AE 56 F1 AD 0A (19)
                              [N3:X] TPOS 'E' 255 237 174 86 (-1200554)
2025-12-31 17:04:04:952 [IN ] C8 24 07 0E 25 A5 07 01 31 06 81 45 FF F3 3A EB 1C 94 0A (19)
                              [N7:N] TPOS 'E' 255 243 58 235 (-836885)
