2025-12-31 18:36:01:454 [OUT] 25 A5 01 0A 31 05 D6 3D FF 00 00 53 ED (13)
                              [N10:HMI] HMILED '=' 255 0 0 (16711680)
2025-12-31 18:36:01:477 [OUT] 25 A5 01 03 31 02 D8 3F 4E CE (10)
                              [N3:X] INTERRUPT '?'
2025-12-31 18:36:01:778 [IN ] C8 24 0A 0D 25 A5 0A 01 31 05 D6 3A FF 00 00 50 EA C6 C8 24 03 0C 25 A5 03 01 31 04 D8 3A 01 01 4D 6A EA (35)
                              [N10:HMI] HMILED ':' 255 0 0 (16711680)
                              [N3:X] INTERRUPT ':' 1 1 (257)
2025-12-31 18:36:01:800 [OUT] 25 A5 01 09 31 03 C9 3D 09 4D 1C (11)
                              [N9:P] LFLAG '=' 9 (9)
2025-12-31 18:36:01:823 [OUT] 25 A5 01 04 31 02 D8 3F 4F D3 (10)
                              [N4:Y] INTERRUPT '?'
2025-12-31 18:36:02:124 [IN ] C8 24 09 0B 25 A5 09 01 31 03 C9 3A 09 4A 1E 6A C8 24 04 0C 25 A5 04 01 31 04 D8 3A 01 01 4E 72 EA (33)
                              [N9:P] LFLAG ':' 9 (9)
                              [N4:Y] INTERRUPT ':' 1 1 (257)
2025-12-31 18:36:02:145 [OUT] 25 A5 01 09 31 03 CA 3D 09 4E 1F (11)
                              [N9:P] RFLAG '=' 9 (9)
2025-12-31 18:36:02:166 [OUT] 25 A5 01 0C 31 02 D8 3F 57 FB (10)
                              [N12:Z] INTERRUPT '?'
2025-12-31 18:36:02:467 [IN ] C8 24 09 0B 25 A5 09 01 31 03 CA 3A 09 4B 21 72 C8 24 0C 0C 25 A5 0C 01 31 04 D8 3A 01 01 56 B2 EA (33)
                              [N9:P] RFLAG ':' 9 (9)
                              [N12:Z] INTERRUPT ':' 1 1 (257)
2025-12-31 18:36:02:488 [OUT] 25 A5 01 08 31 03 C9 3D 09 4C 16 (11)
                              [N8:R] LFLAG '=' 9 (9)
2025-12-31 18:36:02:510 [OUT] 25 A5 01 03 31 03 C9 3D 0B 49 FA (11)
                              [N3:X] LFLAG '=' 11 (11)
2025-12-31 18:36:02:532 [OUT] 25 A5 01 04 31 03 C9 3D 0B 4A 00 (11)
                              [N4:Y] LFLAG '=' 11 (11)
2025-12-31 18:36:02:555 [OUT] 25 A5 01 0C 31 03 C9 3D 0B 52 30 (11)
                              [N12:Z] LFLAG '=' 11 (11)
2025-12-31 18:36:02:663 [IN ] C8 24 08 0B 25 A5 08 01 31 03 C9 3A 09 49 17 B2 (16)
                              [N8:R] LFLAG ':' 9 (9)
2025-12-31 18:36:02:684 [OUT] 25 A5 01 08 31 03 CA 3D 09 4D 19 (11)
                              [N8:R] RFLAG '=' 9 (9)
2025-12-31 18:36:02:768 [IN ] C8 24 03 0B 25 A5 03 01 31 03 C9 3A 0B 46 F6 B2 (16)
                              [N3:X] LFLAG ':' 11 (11)
2025-12-31 18:36:02:792 [OUT] 25 A5 01 03 31 03 88 00 50 10 02 (11)
                              [N3:X] RUN 0 80 (80)
2025-12-31 18:36:02:857 [IN ] C8 24 04 0B 25 A5 04 01 31 03 C9 3A 0B 47 FD B2 (16)
                              [N4:Y] LFLAG ':' 11 (11)
2025-12-31 18:36:02:880 [OUT] 25 A5 01 04 31 03 88 00 50 11 08 (11)
                              [N4:Y] RUN 0 80 (80)
2025-12-31 18:36:02:965 [IN ] C8 24 0C 0B 25 A5 0C 01 31 03 C9 3A 0B 4F 35 B2 (16)
                              [N12:Z] LFLAG ':' 11 (11)
2025-12-31 18:36:02:987 [OUT] 25 A5 01 0C 31 03 88 00 50 19 38 (11)
                              [N12:Z] RUN 0 80 (80)
2025-12-31 18:36:03:093 [IN ] C8 24 08 0B 25 A5 08 01 31 03 CA 3A 09 4A 1A B2 (16)
                              [N8:R] RFLAG ':' 9 (9)
2025-12-31 18:36:03:219 [IN ] C8 24 03 0C 25 A5 03 01 31 04 88 53 00 50 64 C2 EA (17)
                              [N3:X] RUN 'S' 0 80 (80)
2025-12-31 18:36:03:303 [IN ] C8 24 04 0C 25 A5 04 01 31 04 88 53 00 50 65 CA EA (17)
                              [N4:Y] RUN 'S' 0 80 (80)
2025-12-31 18:36:03:429 [IN ] C8 24 0C 0C 25 A5 0C 01 31 04 88 53 00 50 6D 0A EA (17)
                              [N12:Z] RUN 'S' 0 80 (80)
2025-12-31 18:36:09:859 [IN ] C8 24 04 0B 25 A5 04 01 31 03 81 5A 4C 60 A6 0A C8 24 04 0A 25 A5 04 01 31 02 81 49 02 32 A6 (31)
                              [N4:Y] TPOS 'Z' 76 (76)
                              [N4:Y] TPOS 'I'
2025-12-31 18:36:10:081 [OUT] 25 A5 01 09 31 02 D8 3F 54 EC (10)
                              [N9:P] INTERRUPT '?'
2025-12-31 18:36:10:382 [IN ] C8 24 09 0C 25 A5 09 01 31 04 D8 3A 01 01 53 9A EA (17)
                              [N9:P] INTERRUPT ':' 1 1 (257)
2025-12-31 18:36:10:403 [OUT] 25 A5 01 04 31 03 C9 3D 09 48 FE (11)
                              [N4:Y] LFLAG '=' 9 (9)
2025-12-31 18:36:10:426 [OUT] 25 A5 01 07 31 02 D8 3F 52 E2 (10)
                              [N7:N] INTERRUPT '?'
2025-12-31 18:36:10:727 [IN ] C8 24 04 0B 25 A5 04 01 31 03 C9 3A 09 45 FB 9A C8 24 07 0C 25 A5 07 01 31 04 D8 3A 01 01 51 8A EA (33)
                              [N4:Y] LFLAG ':' 9 (9)
                              [N7:N] INTERRUPT ':' 1 1 (257)
2025-12-31 18:36:10:748 [OUT] 25 A5 01 09 31 03 C9 3D 0B 4F 1E (11)
                              [N9:P] LFLAG '=' 11 (11)
2025-12-31 18:36:10:770 [OUT] 25 A5 01 07 31 03 C9 3D 0B 4D 12 (11)
                              [N7:N] LFLAG '=' 11 (11)
2025-12-31 18:36:10:919 [IN ] C8 24 09 0B 25 A5 09 01 31 03 C9 3A 0B 4C 20 8A (16)
                              [N9:P] LFLAG ':' 11 (11)
2025-12-31 18:36:10:943 [OUT] 25 A5 01 09 31 03 88 00 50 16 26 (11)
                              [N9:P] RUN 0 80 (80)
2025-12-31 18:36:11:028 [IN ] C8 24 07 0B 25 A5 07 01 31 03 C9 3A 0B 4A 12 8A (16)
                              [N7:N] LFLAG ':' 11 (11)
2025-12-31 18:36:11:051 [OUT] 25 A5 01 07 31 03 88 00 50 14 1A (11)
                              [N7:N] RUN 0 80 (80)
2025-12-31 18:36:11:114 [IN ] C8 24 09 0C 25 A5 09 01 31 04 88 53 00 50 6A F2 EA (17)
                              [N9:P] RUN 'S' 0 80 (80)
2025-12-31 18:36:11:177 [IN ] C8 24 09 0B 25 A5 09 01 31 03 81 5A 4C 65 C9 F2 (16)
                              [N9:P] TPOS 'Z' 76 (76)
2025-12-31 18:36:11:242 [IN ] C8 24 09 0A 25 A5 09 01 31 02 81 49 07 50 C9 C8 24 07 0C 25 A5 07 01 31 04 88 53 00 50 68 E2 EA (32)
                              [N9:P] TPOS 'I'
                              [N7:N] RUN 'S' 0 80 (80)
2025-12-31 18:36:11:465 [OUT] 25 A5 01 09 31 03 C9 3D 09 4D 1C (11)
                              [N9:P] LFLAG '=' 9 (9)
2025-12-31 18:36:11:487 [OUT] 25 A5 01 04 31 05 81 FF EE 88 01 32 FA (13)
                              [N4:Y] TPOS 255 238 136 1 (-1144831)
2025-12-31 18:36:11:635 [IN ] C8 24 09 0B 25 A5 09 01 31 03 C9 3A 09 4A 1E E2 (16)
                              [N9:P] LFLAG ':' 9 (9)
2025-12-31 18:36:11:761 [IN ] C8 24 04 0E 25 A5 04 01 31 06 81 53 00 00 00 00 10 88 0A (19)
                              [N4:Y] TPOS 'S' 0 0 0 0 (0)
2025-12-31 18:36:12:364 [IN ] C8 24 03 0B 25 A5 03 01 31 03 81 5A 4C 5F 9F 00 C8 24 03 0A 25 A5 03 01 31 (25)
                              [N3:X] TPOS 'Z' 76 (76)
2025-12-31 18:36:12:567 [IN ] 02 81 49 01 2C 9F (6)
                              [N3:X] TPOS 'I'
2025-12-31 18:36:12:789 [OUT] 25 A5 01 03 31 03 C9 3D 09 47 F8 (11)
                              [N3:X] LFLAG '=' 9 (9)
2025-12-31 18:36:12:957 [IN ] C8 24 03 0B 25 A5 03 01 31 03 C9 3A 09 44 F4 00 (16)
                              [N3:X] LFLAG ':' 9 (9)
2025-12-31 18:36:14:968 [IN ] C8 24 07 0B 25 A5 07 01 31 03 81 5A 4C 63 BB 00 C8 24 07 0A 25 A5 07 01 31 02 81 49 05 44 BB (31)
                              [N7:N] TPOS 'Z' 76 (76)
                              [N7:N] TPOS 'I'
2025-12-31 18:36:15:190 [OUT] 25 A5 01 07 31 03 C9 3D 09 4B 10 (11)
                              [N7:N] LFLAG '=' 9 (9)
2025-12-31 18:36:15:358 [IN ] C8 24 07 0B 25 A5 07 01 31 03 C9 3A 09 48 (14)
2025-12-31 18:36:15:379 [IN ] 10 00 (2)
                              [N7:N] LFLAG ':' 9 (9)
2025-12-31 18:36:17:587 [IN ] C8 24 04 0E 25 A5 04 01 31 06 81 45 FF EE 84 DC 4F EC 0A (19)
                              [N4:Y] TPOS 'E' 255 238 132 220 (-1145636)
2025-12-31 18:36:17:811 [OUT] 25 A5 01 09 31 05 81 FF E7 5D 56 5A 0C (13)
                              [N9:P] TPOS 255 231 93 86 (-1614506)
2025-12-31 18:36:17:833 [OUT] 25 A5 01 04 31 05 81 FF FD 50 01 09 B7 (13)
                              [N4:Y] TPOS 255 253 80 1 (-176127)
2025-12-31 18:36:17:855 [OUT] 25 A5 01 07 31 05 81 FF AB 19 75 F7 DF (13)
                              [N7:N] TPOS 255 171 25 117 (-5564043)
2025-12-31 18:36:17:878 [OUT] 25 A5 01 03 31 05 81 FF EC 4A AB 9B 1A (13)
                              [N3:X] TPOS 255 236 74 171 (-1291605)
2025-12-31 18:36:17:900 [OUT] 25 A5 01 06 31 02 D8 3F 51 DD (10)
                              [N6:H] INTERRUPT '?'
2025-12-31 18:36:18:201 [IN ] C8 24 09 0E 25 A5 09 01 31 06 81 53 FF FF FF FC 0E AD 0A C8 24 04 0E 25 A5 04 01 31 06 81 53 FF EE 84 DC 5D 32 0A C8 24 0C 0B 25 A5 0C 01 31 03 81 5A 4C 68 DE DC (54)
                              [N9:P] TPOS 'S' 255 255 255 252 (-4)
                              [N4:Y] TPOS 'S' 255 238 132 220 (-1145636)
                              [N12:Z] TPOS 'Z' 76 (76)
2025-12-31 18:36:18:503 [IN ] C8 24 0C 0A 25 A5 0C 01 31 02 81 49 0A 62 DE C8 24 07 0E 25 A5 07 01 31 06 81 53 FF FF FF FE 0E 9B 0A C8 24 03 0E 25 A5 03 01 31 06 81 53 00 00 00 00 0F 7E 0A C8 24 06 0C 25 A5 06 01 31 04 D8 
3A 01 01 50 82 0F (70)
                              [N12:Z] TPOS 'I'
                              [N7:N] TPOS 'S' 255 255 255 254 (-2)
                              [N3:X] TPOS 'S' 0 0 0 0 (0)
                              [N6:H] INTERRUPT ':' 1 1 (257)
2025-12-31 18:36:18:525 [OUT] 25 A5 01 06 31 03 C9 3D 0B 4C 0C (11)
                              [N6:H] LFLAG '=' 11 (11)
2025-12-31 18:36:18:548 [OUT] 25 A5 01 0C 31 03 C9 3D 09 50 2E (11)
                              [N12:Z] LFLAG '=' 9 (9)
2025-12-31 18:36:18:675 [IN ] C8 24 06 0B 25 A5 06 01 31 03 C9 3A 0B 49 0B 82 (16)
                              [N6:H] LFLAG ':' 11 (11)
2025-12-31 18:36:18:698 [OUT] 25 A5 01 06 31 03 88 FF B0 72 72 (11)
                              [N6:H] RUN 255 176 (-80)
2025-12-31 18:36:18:785 [IN ] C8 24 0C 0B 25 A5 0C 01 31 03 C9 3A 09 4D 33 82 (16)
                              [N12:Z] LFLAG ':' 9 (9)
2025-12-31 18:36:18:808 [OUT] 25 A5 01 0C 31 05 81 FF BC D0 00 4F 33 (13)
                              [N12:Z] TPOS 255 188 208 0 (-4403200)
2025-12-31 18:36:18:914 [IN ] C8 24 06 0C 25 A5 06 01 31 04 88 53 FF B0 C6 38 0F (17)
                              [N6:H] RUN 'S' 255 176 (-80)
2025-12-31 18:36:19:040 [IN ] C8 24 0C 0E 25 A5 0C 01 31 06 81 53 FF FF FF 33 48 02 0A (19)
                              [N12:Z] TPOS 'S' 255 255 255 51 (-205)
2025-12-31 18:36:23:058 [IN ] C8 24 06 0B 25 A5 06 01 31 03 81 5A 4C 62 B4 33 C8 24 06 0A 25 A5 06 01 31 02 81 49 04 3E B4 (31)
                              [N6:H] TPOS 'Z' 76 (76)
                              [N6:H] TPOS 'I'
2025-12-31 18:36:23:282 [OUT] 25 A5 01 06 31 03 C9 3D 09 4A 0A (11)
                              [N6:H] LFLAG '=' 9 (9)
2025-12-31 18:36:23:450 [IN ] C8 24 06 0B 25 A5 06 01 31 03 C9 3A 09 47 09 33 (16)
                              [N6:H] LFLAG ':' 9 (9)
2025-12-31 18:36:23:471 [OUT] 25 A5 01 06 31 03 84 00 50 0F 08 (11)
                              [N6:H] VEL 0 80 (80)
2025-12-31 18:36:23:640 [IN ] C8 24 06 0C 25 A5 06 01 31 04 84 53 00 50 63 CA 48 (17)
                              [N6:H] VEL 'S' 0 80 (80)
2025-12-31 18:36:23:661 [OUT] 25 A5 01 06 31 05 81 00 19 82 3C 95 BE (13)
                              [N6:H] TPOS 0 25 130 60 (1671740)
2025-12-31 18:36:23:850 [IN ] C8 24 06 0E 25 A5 06 01 31 06 81 53 00 00 00 00 12 9C 0A (19)
                              [N6:H] TPOS 'S' 0 0 0 0 (0)
2025-12-31 18:36:24:856 [IN ] C8 24 03 0E 25 A5 03 01 31 06 81 45 FF EC 47 CC FF 52 0A (19)
                              [N3:X] TPOS 'E' 255 236 71 204 (-1292340)
2025-12-31 18:36:25:284 [OUT] 25 A5 01 03 31 05 81 FF FD 50 01 08 AF (13)
                              [N3:X] TPOS 255 253 80 1 (-176127)
2025-12-31 18:36:25:451 [IN ] C8 24 03 0E 25 A5 03 01 31 06 (10)
2025-12-31 18:36:25:472 [IN ] 81 53 FF EC 47 CC 0D 98 0A (9)
                              [N3:X] TPOS 'S' 255 236 71 204 (-1292340)
2025-12-31 18:36:26:074 [IN ] C8 24 09 0E 25 A5 09 01 31 06 81 45 FF E7 59 E0 26 B7 0A (19)
                              [N9:P] TPOS 'E' 255 231 89 224 (-1615392)
2025-12-31 18:36:26:276 [IN ] C8 24 04 0E 25 A5 04 01 31 06 81 45 FF FD 4F F2 3F C5 0A (19)
                              [N4:Y] TPOS 'E' 255 253 79 242 (-176142)
2025-12-31 18:36:26:499 [OUT] 25 A5 01 09 31 05 81 FF FF D9 C8 60 BE (13)
                              [N9:P] TPOS 255 255 217 200 (-9784)
2025-12-31 18:36:26:687 [IN ] C8 24 09 0E 25 A5 09 01 31 06 81 53 FF E7 59 E1 35 FE 0A (19)
                              [N9:P] TPOS 'S' 255 231 89 225 (-1615391)
2025-12-31 18:36:31:709 [IN ] C8 24 06 0E 25 A5 06 01 31 06 81 45 00 19 85 C6 68 71 0A (19)
                              [N6:H] TPOS 'E' 0 25 133 198 (1672646)
2025-12-31 18:36:32:132 [OUT] 25 A5 01 06 31 05 81 00 0D 03 C1 8F 21 (13)
                              [N6:H] TPOS 0 13 3 193 (852929)
2025-12-31 18:36:32:320 [IN ] C8 24 06 0E 25 A5 06 01 31 06 81 53 00 19 85 C6 76 B7 0A (19)
                              [N6:H] TPOS 'S' 0 25 133 198 (1672646)
2025-12-31 18:36:34:329 [IN ] C8 24 03 0E 25 A5 03 01 31 06 81 45 FF FD 50 58 A5 23 0A (19)
                              [N3:X] TPOS 'E' 255 253 80 88 (-176040)
2025-12-31 18:36:34:933 [IN ] C8 24 09 0E 25 A5 09 01 31 06 81 45 FF FF DC 8E 6F B3 0A (19)
                              [N9:P] TPOS 'E' 255 255 220 142 (-9074)
2025-12-31 18:36:35:159 [OUT] 25 A5 01 08 31 02 D8 3F 53 E7 (10)
                              [N8:R] INTERRUPT '?'
2025-12-31 18:36:35:461 [IN ] C8 24 08 0C 25 A5 08 01 31 04 D8 3A 01 01 52 92 6F (17)
                              [N8:R] INTERRUPT ':' 1 1 (257)
2025-12-31 18:36:35:482 [OUT] 25 A5 01 08 31 03 CA 3D 0B 4F 1B (11)
                              [N8:R] RFLAG '=' 11 (11)
2025-12-31 18:36:35:651 [IN ] C8 24 08 0B 25 A5 08 01 31 03 CA 3A 0B 4C 1C 92 (16)
                              [N8:R] RFLAG ':' 11 (11)
2025-12-31 18:36:35:672 [OUT] 25 A5 01 08 31 03 88 00 50 15 20 (11)
                              [N8:R] RUN 0 80 (80)
2025-12-31 18:36:35:840 [IN ] C8 24 08 0C 25 A5 08 01 31 04 88 53 00 50 69 EA 6F (17)
                              [N8:R] RUN 'S' 0 80 (80)
2025-12-31 18:36:36:042 [IN ] C8 24 06 0E 25 A5 06 01 31 06 81 45 00 0C FE FE 0C 74 0A (19)
                              [N6:H] TPOS 'E' 0 12 254 254 (851710)
2025-12-31 18:36:36:265 [OUT] 25 A5 01 05 31 02 D8 3F 50 D8 (10)
                              [N5:V] INTERRUPT '?'
2025-12-31 18:36:36:567 [IN ] C8 24 05 0C 25 A5 05 01 31 04 D8 3A 01 01 4F 7A 0C (17)
                              [N5:V] INTERRUPT ':' 1 1 (257)
2025-12-31 18:36:36:588 [OUT] 25 A5 01 05 31 03 C9 3D 0B 4B 06 (11)
                              [N5:V] LFLAG '=' 11 (11)
2025-12-31 18:36:36:757 [IN ] C8 24 05 0B 25 A5 05 01 31 03 C9 3A 0B 48 04 7A (16)
                              [N5:V] LFLAG ':' 11 (11)
2025-12-31 18:36:36:779 [OUT] 25 A5 01 05 31 03 88 FF B0 71 6C (11)
                              [N5:V] RUN 255 176 (-80)
2025-12-31 18:36:36:947 [IN ] C8 24 05 0C 25 A5 05 01 31 04 88 53 FF B0 C5 30 0C (17)
                              [N5:V] RUN 'S' 255 176 (-80)
2025-12-31 18:36:40:159 [IN ] C8 24 0C 0E 25 A5 0C 01 31 06 81 45 FF BC CB BC 4C 14 0A (19)
                              [N12:Z] TPOS 'E' 255 188 203 188 (-4404292)
2025-12-31 18:36:40:584 [OUT] 25 A5 01 0C 31 05 81 FF D1 1A 67 15 6D (13)
                              [N12:Z] TPOS 255 209 26 103 (-3073433)
2025-12-31 18:36:40:773 [IN ] C8 24 0C 0E 25 A5 0C 01 31 06 81 53 FF BC CB C9 67 67 0A (19)
                              [N12:Z] TPOS 'S' 255 188 203 201 (-4404279)
2025-12-31 18:36:41:578 [IN ] C8 24 08 0B 25 A5 08 01 31 03 81 5A 52 6A C8 C9 C8 24 08 0A 25 A5 08 01 31 02 81 49 06 4A C8 (31)
                              [N8:R] TPOS 'Z' 82 (82)
                              [N8:R] TPOS 'I'
2025-12-31 18:36:41:784 [IN ] C8 24 05 0B 25 A5 05 01 31 03 81 5A 4C 61 AD C9 (16)
                              [N5:V] TPOS 'Z' 76 (76)
2025-12-31 18:36:41:806 [OUT] 25 A5 01 08 31 03 CA 3D 09 4D 19 (11)
                              [N8:R] RFLAG '=' 9 (9)
2025-12-31 18:36:41:807 [IN ] C8 24 05 0A 25 A5 05 01 31 02 81 49 03 38 AD (15)
                              [N5:V] TPOS 'I'
2025-12-31 18:36:41:850 [OUT] 25 A5 01 05 31 03 C9 3D 09 49 04 (11)
                              [N5:V] LFLAG '=' 9 (9)
2025-12-31 18:36:41:977 [IN ] C8 24 08 0B 25 A5 08 01 31 03 CA 3A 09 4A 1A C9 (16)
                              [N8:R] RFLAG ':' 9 (9)
2025-12-31 18:36:41:999 [OUT] 25 A5 01 08 31 05 81 FF DC 77 1D 2F DE (13)
                              [N8:R] TPOS 255 220 119 29 (-2328803)
2025-12-31 18:36:42:084 [IN ] C8 24 05 0B 25 A5 05 01 31 03 C9 3A 09 46 02 C9 (16)
                              [N5:V] LFLAG ':' 9 (9)
2025-12-31 18:36:42:105 [OUT] 25 A5 01 05 31 03 84 00 50 0E 02 (11)
                              [N5:V] VEL 0 80 (80)
2025-12-31 18:36:42:210 [IN ] C8 24 07 0E 25 A5 07 01 31 06 81 45 FF AB 13 D2 94 55 0A C8 24 08 0E 25 A5 08 01 31 06 81 53 FF FF FF FE 0F A5 0A (38)
                              [N7:N] TPOS 'E' 255 171 19 210 (-5565486)
                              [N8:R] TPOS 'S' 255 255 255 254 (-2)
2025-12-31 18:36:42:276 [OUT] 25 A5 01 07 31 05 81 FF F3 35 BF A5 39 (13)
                              [N7:N] TPOS 255 243 53 191 (-838209)
2025-12-31 18:36:42:319 [IN ] C8 24 05 0C 25 A5 05 01 31 04 84 53 00 50 62 C2 0F (17)
                              [N5:V] VEL 'S' 0 80 (80)
2025-12-31 18:36:42:341 [OUT] 25 A5 01 05 31 05 81 00 19 82 3C 94 B6 (13)
                              [N5:V] TPOS 0 25 130 60 (1671740)
2025-12-31 18:36:42:468 [IN ] C8 24 07 0E 25 A5 07 01 31 06 81 53 FF AB 13 D2 A2 9B 0A (19)
                              [N7:N] TPOS 'S' 255 171 19 210 (-5565486)
2025-12-31 18:36:42:594 [IN ] C8 24 05 0E 25 A5 05 01 31 06 81 53 00 00 00 01 12 93 0A (19)
                              [N5:V] TPOS 'S' 0 0 0 1 (1)
2025-12-31 18:36:47:010 [IN ] C8 24 0C 0E 25 A5 0C 01 31 06 81 45 FF D1 1E E5 DD 22 0A (19)
                              [N12:Z] TPOS 'E' 255 209 30 229 (-3072283)
2025-12-31 18:36:50:224 [IN ] C8 24 05 0E 25 A5 05 01 31 06 81 45 00 19 86 D5 77 78 0A (19)
                              [N5:V] TPOS 'E' 0 25 134 213 (1672917)
2025-12-31 18:36:50:648 [OUT] 25 A5 01 05 31 05 81 00 0D 03 C1 8E 19 (13)
                              [N5:V] TPOS 0 13 3 193 (852929)
2025-12-31 18:36:50:838 [IN ] C8 24 05 0E 25 A5 05 01 31 06 81 53 00 19 86 D5 85 BE 0A (19)
                              [N5:V] TPOS 'S' 0 25 134 213 (1672917)
2025-12-31 18:36:53:248 [IN ] C8 24 08 0E 25 A5 08 01 31 06 81 45 FF DC 73 63 B7 43 0A (19)
                              [N8:R] TPOS 'E' 255 220 115 99 (-2329757)
2025-12-31 18:36:53:676 [OUT] 25 A5 01 08 31 05 81 FF EE 15 56 18 89 (13)
                              [N8:R] TPOS 255 238 21 86 (-1174186)
2025-12-31 18:36:53:865 [IN ] C8 24 08 0E 25 A5 08 01 31 06 81 53 FF DC 73 63 C5 89 0A (19)
                              [N8:R] TPOS 'S' 255 220 115 99 (-2329757)
2025-12-31 18:36:56:075 [IN ] C8 24 05 0E 25 A5 05 01 31 06 81 45 00 0D 02 12 24 89 0A (19)
                              [N5:V] TPOS 'E' 0 13 2 18 (852498)
2025-12-31 18:36:56:299 [OUT] 25 A5 01 03 31 05 81 FF ED B1 30 88 70 (13)
                              [N3:X] TPOS 255 237 177 48 (-1199824)
2025-12-31 18:36:56:321 [OUT] 25 A5 01 04 31 05 81 FF F3 BD 0C 77 7E (13)
                              [N4:Y] TPOS 255 243 189 12 (-803572)
2025-12-31 18:36:56:488 [IN ] C8 24 03 0E 25 A5 03 01 31 06 81 53 FF FD 50 58 B3 69 0A (19)
                              [N3:X] TPOS 'S' 255 253 80 88 (-176040)
2025-12-31 18:36:56:594 [IN ] C8 24 04 0E 25 A5 04 01 (8)
2025-12-31 18:36:56:616 [IN ] 31 06 81 53 FF FD 4F F2 4D 0B 0A (11)
                              [N4:Y] TPOS 'S' 255 253 79 242 (-176142)
2025-12-31 18:36:59:429 [IN ] C8 24 08 0E 25 A5 08 01 31 06 81 45 FF EE 18 84 8F E4 0A (19)
                              [N8:R] TPOS 'E' 255 238 24 132 (-1173372)
2025-12-31 18:36:59:831 [IN ] C8 24 04 0E 25 A5 04 01 31 06 81 45 FF F3 B9 DA 87 63 0A (19)
                              [N4:Y] TPOS 'E' 255 243 185 218 (-804390)
2025-12-31 18:37:01:639 [IN ] C8 24 03 0E 25 A5 03 01 31 06 81 45 FF ED AE 4C E7 A3 0A (19)
                              [N3:X] TPOS 'E' 255 237 174 76 (-1200564)
2025-12-31 18:37:02:846 [IN ] C8 24 07 0E 25 A5 07 01 31 06 81 45 FF F3 3B 0D 3F B8 0A (19)
                              [N7:N] TPOS 'E' 255 243 59 13 (-836851)
