2026-04-24 09:38:48:681 [OUT] 25 A5 01 0A 31 05 D6 3D FF 00 00 53 ED (13)
                              [N10:HMI] HMILED '=' 255 0 0 (16711680)
2026-04-24 09:38:48:704 [OUT] 25 A5 01 03 31 02 D8 3F 4E CE (10)
                              [N3:X] INTERRUPT '?'
2026-04-24 09:38:49:005 [IN ] C8 24 0A 0D 25 A5 0A 01 31 05 D6 3A FF 00 00 50 EA 67 C8 24 03 0C 25 A5 03 01 31 04 D8 3A 01 01 4D 6A EA (35)
                              [N10:HMI] HMILED ':' 255 0 0 (16711680)
                              [N3:X] INTERRUPT ':' 1 1 (257)
2026-04-24 09:38:49:026 [OUT] 25 A5 01 09 31 03 C9 3D 09 4D 1C (11)
                              [N9:P] LFLAG '=' 9 (9)
2026-04-24 09:38:49:049 [OUT] 25 A5 01 04 31 02 D8 3F 4F D3 (10)
                              [N4:Y] INTERRUPT '?'
2026-04-24 09:38:49:350 [IN ] C8 24 09 0B 25 A5 09 01 31 03 C9 3A 09 4A 1E 6A C8 24 04 0C 25 A5 04 01 31 04 D8 3A 01 01 4E 72 EA (33)
                              [N9:P] LFLAG ':' 9 (9)
                              [N4:Y] INTERRUPT ':' 1 1 (257)
2026-04-24 09:38:49:372 [OUT] 25 A5 01 09 31 03 CA 3D 09 4E 1F (11)
                              [N9:P] RFLAG '=' 9 (9)
2026-04-24 09:38:49:396 [OUT] 25 A5 01 0C 31 02 D8 3F 57 FB (10)
                              [N12:Z] INTERRUPT '?'
2026-04-24 09:38:49:698 [IN ] C8 24 09 0B 25 A5 09 01 31 03 CA 3A 09 4B 21 72 C8 24 0C 0C 25 A5 0C 01 31 04 D8 3A 01 01 56 B2 EA (33)
                              [N9:P] RFLAG ':' 9 (9)
                              [N12:Z] INTERRUPT ':' 1 1 (257)
2026-04-24 09:38:49:719 [OUT] 25 A5 01 08 31 03 C9 3D 09 4C 16 (11)
                              [N8:R] LFLAG '=' 9 (9)
2026-04-24 09:38:49:742 [OUT] 25 A5 01 03 31 03 C9 3D 0B 49 FA (11)
                              [N3:X] LFLAG '=' 11 (11)
2026-04-24 09:38:49:763 [OUT] 25 A5 01 04 31 03 C9 3D 0B 4A 00 (11)
                              [N4:Y] LFLAG '=' 11 (11)
2026-04-24 09:38:49:785 [OUT] 25 A5 01 0C 31 03 C9 3D 0B 52 30 (11)
                              [N12:Z] LFLAG '=' 11 (11)
2026-04-24 09:38:49:890 [IN ] C8 24 08 0B 25 A5 08 01 31 03 C9 3A 09 49 17 B2 (16)
                              [N8:R] LFLAG ':' 9 (9)
2026-04-24 09:38:49:911 [OUT] 25 A5 01 08 31 03 CA 3D 09 4D 19 (11)
                              [N8:R] RFLAG '=' 9 (9)
2026-04-24 09:38:49:994 [IN ] C8 24 03 0B 25 A5 03 01 31 03 C9 3A 0B 46 F6 B2 (16)
                              [N3:X] LFLAG ':' 11 (11)
2026-04-24 09:38:50:016 [OUT] 25 A5 01 03 31 03 88 00 50 10 02 (11)
                              [N3:X] RUN 0 80 (80)
2026-04-24 09:38:50:119 [IN ] C8 24 04 0B 25 A5 04 01 31 03 C9 3A 0B 47 FD B2 (16)
                              [N4:Y] LFLAG ':' 11 (11)
2026-04-24 09:38:50:140 [OUT] 25 A5 01 04 31 03 88 00 50 11 08 (11)
                              [N4:Y] RUN 0 80 (80)
2026-04-24 09:38:50:222 [IN ] C8 24 0C 0B 25 A5 0C 01 31 03 C9 3A 0B 4F 35 B2 (16)
                              [N12:Z] LFLAG ':' 11 (11)
2026-04-24 09:38:50:244 [OUT] 25 A5 01 0C 31 03 88 00 50 19 38 (11)
                              [N12:Z] RUN 0 80 (80)
2026-04-24 09:38:50:326 [IN ] C8 24 08 0B 25 A5 08 01 31 03 CA 3A 09 4A 1A B2 (16)
                              [N8:R] RFLAG ':' 9 (9)
2026-04-24 09:38:50:449 [IN ] C8 24 03 0C 25 A5 03 01 31 04 88 53 00 50 64 C2 EA (17)
                              [N3:X] RUN 'S' 0 80 (80)
2026-04-24 09:38:50:552 [IN ] C8 24 04 0C 25 A5 04 01 31 04 88 53 00 50 65 CA EA (17)
                              [N4:Y] RUN 'S' 0 80 (80)
2026-04-24 09:38:50:655 [IN ] C8 24 0C 0C 25 A5 0C 01 31 04 88 53 00 50 6D 0A EA (17)
                              [N12:Z] RUN 'S' 0 80 (80)
2026-04-24 09:38:57:668 [IN ] C8 24 04 0B 25 A5 04 01 31 03 81 5A 4C 60 A6 0A C8 24 04 0A 25 A5 04 01 31 02 81 49 02 32 A6 (31)
                              [N4:Y] TPOS 'Z' 76 (76)
                              [N4:Y] TPOS 'I'
2026-04-24 09:38:57:891 [OUT] 25 A5 01 09 31 02 D8 3F 54 EC (10)
                              [N9:P] INTERRUPT '?'
2026-04-24 09:38:58:192 [IN ] C8 24 09 0C 25 A5 09 01 31 04 D8 3A 01 01 53 9A EA (17)
                              [N9:P] INTERRUPT ':' 1 1 (257)
2026-04-24 09:38:58:214 [OUT] 25 A5 01 04 31 03 C9 3D 09 48 FE (11)
                              [N4:Y] LFLAG '=' 9 (9)
2026-04-24 09:38:58:237 [OUT] 25 A5 01 07 31 02 D8 3F 52 E2 (10)
                              [N7:N] INTERRUPT '?'
2026-04-24 09:38:58:538 [IN ] C8 24 04 0B 25 A5 04 01 31 03 C9 3A 09 45 FB 9A C8 24 07 0C 25 A5 07 01 31 04 D8 3A 01 01 51 8A EA (33)
                              [N4:Y] LFLAG ':' 9 (9)
                              [N7:N] INTERRUPT ':' 1 1 (257)
2026-04-24 09:38:58:559 [OUT] 25 A5 01 09 31 03 C9 3D 0B 4F 1E (11)
                              [N9:P] LFLAG '=' 11 (11)
2026-04-24 09:38:58:581 [OUT] 25 A5 01 07 31 03 C9 3D 0B 4D 12 (11)
                              [N7:N] LFLAG '=' 11 (11)
2026-04-24 09:38:58:724 [IN ] C8 24 09 0B 25 A5 09 01 31 03 C9 3A 0B 4C 20 8A (16)
                              [N9:P] LFLAG ':' 11 (11)
2026-04-24 09:38:58:746 [OUT] 25 A5 01 09 31 03 88 00 50 16 26 (11)
                              [N9:P] RUN 0 80 (80)
2026-04-24 09:38:58:747 [IN ] C8 24 03 0B 25 A5 03 01 31 03 81 5A 4C 5F 9F 8A (16)
                              [N3:X] TPOS 'Z' 76 (76)
2026-04-24 09:38:58:769 [IN ] C8 24 03 0A 25 A5 03 01 31 02 81 49 01 2C 9F (15)
                              [N3:X] TPOS 'I'
2026-04-24 09:38:58:812 [OUT] 25 A5 01 03 31 03 C9 3D 09 47 F8 (11)
                              [N3:X] LFLAG '=' 9 (9)
2026-04-24 09:38:58:833 [IN ] C8 24 07 0B 25 A5 07 01 31 03 C9 3A 0B 4A 12 8A (16)
                              [N7:N] LFLAG ':' 11 (11)
2026-04-24 09:38:58:854 [OUT] 25 A5 01 07 31 03 88 00 50 14 1A (11)
                              [N7:N] RUN 0 80 (80)
2026-04-24 09:38:58:937 [IN ] C8 24 09 0C 25 A5 09 01 31 04 88 53 00 50 6A F2 EA (17)
                              [N9:P] RUN 'S' 0 80 (80)
2026-04-24 09:38:59:019 [IN ] C8 24 09 0B 25 A5 09 01 31 03 81 5A 4C 65 C9 F2 (16)
                              [N9:P] TPOS 'Z' 76 (76)
2026-04-24 09:38:59:041 [IN ] C8 24 09 0A 25 A5 09 01 31 02 81 49 07 50 C9 C8 24 03 0B 25 A5 03 01 31 (24)
                              [N9:P] TPOS 'I'
2026-04-24 09:38:59:063 [IN ] 03 C9 3A 09 44 F4 F2 (7)
                              [N3:X] LFLAG ':' 9 (9)
2026-04-24 09:38:59:084 [OUT] 25 A5 01 09 31 03 C9 3D 09 4D 1C (11)
                              [N9:P] LFLAG '=' 9 (9)
2026-04-24 09:38:59:105 [OUT] 25 A5 01 04 31 05 81 FF EE 88 01 32 FA (13)
                              [N4:Y] TPOS 255 238 136 1 (-1144831)
2026-04-24 09:38:59:168 [IN ] C8 24 07 0C 25 A5 07 01 31 04 88 53 00 50 68 E2 EA (17)
                              [N7:N] RUN 'S' 0 80 (80)
2026-04-24 09:38:59:292 [IN ] C8 24 09 0B 25 A5 09 01 31 03 C9 3A 09 4A 1E E2 (16)
                              [N9:P] LFLAG ':' 9 (9)
2026-04-24 09:38:59:416 [IN ] C8 24 04 0E 25 A5 04 01 31 06 81 53 00 00 00 00 10 88 31 (19)
                              [N4:Y] TPOS 'S' 0 0 0 0 (0)
2026-04-24 09:39:05:429 [IN ] C8 24 0C 0B 25 A5 0C 01 31 03 81 5A 4C 68 DE 00 C8 24 0C 0A 25 A5 0C 01 31 02 81 49 0A 62 DE C8 24 04 0E 25 A5 04 01 31 06 81 45 FF EE 85 9B 0F AD 31 (50)
                              [N12:Z] TPOS 'Z' 76 (76)
                              [N12:Z] TPOS 'I'
                              [N4:Y] TPOS 'E' 255 238 133 155 (-1145445)
2026-04-24 09:39:05:652 [OUT] 25 A5 01 0C 31 03 C9 3D 09 50 2E (11)
                              [N12:Z] LFLAG '=' 9 (9)
2026-04-24 09:39:05:674 [OUT] 25 A5 01 09 31 05 81 FF E7 5D 56 5A 0C (13)
                              [N9:P] TPOS 255 231 93 86 (-1614506)
2026-04-24 09:39:05:696 [OUT] 25 A5 01 04 31 05 81 FF FD 50 01 09 B7 (13)
                              [N4:Y] TPOS 255 253 80 1 (-176127)
2026-04-24 09:39:05:718 [OUT] 25 A5 01 03 31 05 81 FF EC 4A AB 9B 1A (13)
                              [N3:X] TPOS 255 236 74 171 (-1291605)
2026-04-24 09:39:05:740 [OUT] 25 A5 01 06 31 02 D8 3F 51 DD (10)
                              [N6:H] INTERRUPT '?'
2026-04-24 09:39:06:041 [IN ] C8 24 0C 0B 25 A5 0C 01 31 03 C9 3A 09 4D 33 9B C8 24 07 0B 25 A5 07 01 31 03 81 5A 4C 63 BB 9B C8 24 09 0E 25 A5 09 01 31 06 81 53 FF FF FF C0 D2 71 31 C8 24 07 0A 25 A5 07 01 31 02 81 49 05 
44 FF (66)
                              [N12:Z] LFLAG ':' 9 (9)
                              [N7:N] TPOS 'Z' 76 (76)
                              [N9:P] TPOS 'S' 255 255 255 192 (-64)
                              [N7:N] TPOS 'I'
2026-04-24 09:39:06:342 [IN ] C8 24 04 0E 25 A5 04 01 31 06 81 53 FF EE 85 9B 1D F3 31 C8 24 03 0E 25 A5 03 01 31 06 81 53 00 00 00 00 0F 7E 31 C8 24 06 0C 25 A5 06 01 31 04 D8 3A 01 01 50 82 0F (55)
                              [N4:Y] TPOS 'S' 255 238 133 155 (-1145445)
                              [N3:X] TPOS 'S' 0 0 0 0 (0)
                              [N6:H] INTERRUPT ':' 1 1 (257)
2026-04-24 09:39:06:363 [OUT] 25 A5 01 0C 31 05 81 FF BC D0 00 4F 33 (13)
                              [N12:Z] TPOS 255 188 208 0 (-4403200)
2026-04-24 09:39:06:385 [OUT] 25 A5 01 06 31 03 C9 3D 0B 4C 0C (11)
                              [N6:H] LFLAG '=' 11 (11)
2026-04-24 09:39:06:407 [OUT] 25 A5 01 07 31 03 C9 3D 09 4B 10 (11)
                              [N7:N] LFLAG '=' 9 (9)
2026-04-24 09:39:06:531 [IN ] C8 24 0C 0E 25 A5 0C 01 31 06 81 53 FF FF FF 6C 81 3B 31 (19)
                              [N12:Z] TPOS 'S' 255 255 255 108 (-148)
2026-04-24 09:39:06:654 [IN ] C8 24 06 0B 25 A5 06 01 31 03 C9 3A 0B 49 0B 6C (16)
                              [N6:H] LFLAG ':' 11 (11)
2026-04-24 09:39:06:676 [OUT] 25 A5 01 06 31 03 88 FF B0 72 72 (11)
                              [N6:H] RUN 255 176 (-80)
2026-04-24 09:39:06:759 [IN ] C8 24 07 0B 25 A5 07 01 31 03 C9 3A 09 48 10 6C (16)
                              [N7:N] LFLAG ':' 9 (9)
2026-04-24 09:39:06:780 [OUT] 25 A5 01 07 31 05 81 FF AB 19 75 F7 DF (13)
                              [N7:N] TPOS 255 171 25 117 (-5564043)
2026-04-24 09:39:06:883 [IN ] C8 24 06 0C 25 A5 06 01 31 04 88 53 FF B0 C6 38 81 (17)
                              [N6:H] RUN 'S' 255 176 (-80)
2026-04-24 09:39:07:007 [IN ] C8 24 07 0E 25 A5 07 01 31 06 81 53 FF FF FF FD 0D 9A 31 (19)
                              [N7:N] TPOS 'S' 255 255 255 253 (-3)
2026-04-24 09:39:12:621 [IN ] C8 24 03 0E 25 A5 03 01 31 06 81 45 FF EC 47 5E 91 E4 31 (19)
                              [N3:X] TPOS 'E' 255 236 71 94 (-1292450)
2026-04-24 09:39:13:026 [IN ] C8 24 06 0B 25 A5 06 01 31 03 81 5A 4C 62 B4 5E (16)
                              [N6:H] TPOS 'Z' 76 (76)
2026-04-24 09:39:13:047 [OUT] 25 A5 01 03 31 05 81 FF FD 50 01 08 AF (13)
                              [N3:X] TPOS 255 253 80 1 (-176127)
2026-04-24 09:39:13:070 [IN ] C8 24 06 0A 25 A5 06 01 31 02 81 49 04 3E B4 (15)
                              [N6:H] TPOS 'I'
2026-04-24 09:39:13:112 [OUT] 25 A5 01 06 31 03 C9 3D 09 4A 0A (11)
                              [N6:H] LFLAG '=' 9 (9)
2026-04-24 09:39:13:236 [IN ] C8 24 03 0E 25 A5 03 01 31 06 81 53 FF EC 47 5E 9F 2A 31 (19)
                              [N3:X] TPOS 'S' 255 236 71 94 (-1292450)
2026-04-24 09:39:13:339 [IN ] C8 24 06 0B 25 A5 06 01 31 03 C9 3A 09 47 09 5E (16)
                              [N6:H] LFLAG ':' 9 (9)
2026-04-24 09:39:13:361 [OUT] 25 A5 01 06 31 03 84 00 50 0F 08 (11)
                              [N6:H] VEL 0 80 (80)
2026-04-24 09:39:13:524 [IN ] C8 24 06 0C 25 A5 06 01 31 04 84 53 00 50 63 CA 9F (17)
                              [N6:H] VEL 'S' 0 80 (80)
2026-04-24 09:39:13:544 [OUT] 25 A5 01 06 31 05 81 00 19 82 3C 95 BE (13)
                              [N6:H] TPOS 0 25 130 60 (1671740)
2026-04-24 09:39:13:729 [IN ] C8 24 06 0E 25 A5 06 01 31 06 81 53 00 00 00 01 13 9D 31 (19)
                              [N6:H] TPOS 'S' 0 0 0 1 (1)
2026-04-24 09:39:14:130 [IN ] C8 24 04 0E 25 A5 04 01 31 06 81 45 FF FD 4F 70 BD 43 31 (19)
                              [N4:Y] TPOS 'E' 255 253 79 112 (-176272)
2026-04-24 09:39:14:532 [IN ] C8 24 09 0E 25 A5 09 01 31 06 81 45 FF E7 5A EA 31 C3 31 (19)
                              [N9:P] TPOS 'E' 255 231 90 234 (-1615126)
2026-04-24 09:39:14:956 [OUT] 25 A5 01 09 31 05 81 FF FF D9 C8 60 BE (13)
                              [N9:P] TPOS 255 255 217 200 (-9784)
2026-04-24 09:39:15:141 [IN ] C8 24 09 0E 25 A5 09 01 31 06 81 53 FF E7 5A EC 41 0B 31 (19)
                              [N9:P] TPOS 'S' 255 231 90 236 (-1615124)
2026-04-24 09:39:21:755 [IN ] C8 24 03 0E 25 A5 03 01 31 06 81 45 FF FD 50 99 E6 64 31 (19)
                              [N3:X] TPOS 'E' 255 253 80 153 (-175975)
2026-04-24 09:39:21:956 [IN ] C8 24 06 0E 25 A5 06 01 31 06 81 45 00 19 86 AA 4D 57 31 (19)
                              [N6:H] TPOS 'E' 0 25 134 170 (1672874)
2026-04-24 09:39:22:380 [OUT] 25 A5 01 06 31 05 81 00 0D 89 75 C9 E1 (13)
                              [N6:H] TPOS 0 13 137 117 (887157)
2026-04-24 09:39:22:565 [IN ] C8 24 06 0E 25 A5 06 01 31 06 81 53 00 19 86 AA 5B 9D 31 (19)
                              [N6:H] TPOS 'S' 0 25 134 170 (1672874)
2026-04-24 09:39:23:968 [IN ] C8 24 09 0E 25 A5 09 01 31 06 81 45 FF FF DA B3 92 D4 31 (19)
                              [N9:P] TPOS 'E' 255 255 218 179 (-9549)
2026-04-24 09:39:24:191 [OUT] 25 A5 01 08 31 02 D8 3F 53 E7 (10)
                              [N8:R] INTERRUPT '?'
2026-04-24 09:39:24:492 [IN ] C8 24 08 0C 25 A5 08 01 31 04 D8 3A 01 01 52 92 92 (17)
                              [N8:R] INTERRUPT ':' 1 1 (257)
2026-04-24 09:39:24:513 [OUT] 25 A5 01 08 31 03 CA 3D 0B 4F 1B (11)
                              [N8:R] RFLAG '=' 11 (11)
2026-04-24 09:39:24:678 [IN ] C8 24 08 0B 25 A5 08 01 31 03 CA 3A 0B 4C 1C 92 (16)
                              [N8:R] RFLAG ':' 11 (11)
2026-04-24 09:39:24:700 [OUT] 25 A5 01 08 31 03 88 00 50 15 20 (11)
                              [N8:R] RUN 0 80 (80)
2026-04-24 09:39:24:885 [IN ] C8 24 08 0C 25 A5 08 01 31 04 88 53 00 50 69 EA 92 (17)
                              [N8:R] RUN 'S' 0 80 (80)
2026-04-24 09:39:26:087 [IN ] C8 24 06 0E 25 A5 06 01 31 06 81 45 00 0D 84 28 BD AD 31 (19)
                              [N6:H] TPOS 'E' 0 13 132 40 (885800)
2026-04-24 09:39:26:310 [OUT] 25 A5 01 05 31 02 D8 3F 50 D8 (10)
                              [N5:V] INTERRUPT '?'
2026-04-24 09:39:26:612 [IN ] C8 24 05 0C 25 A5 05 01 31 04 D8 3A 01 01 4F 7A BD (17)
                              [N5:V] INTERRUPT ':' 1 1 (257)
2026-04-24 09:39:26:633 [OUT] 25 A5 01 05 31 03 C9 3D 0B 4B 06 (11)
                              [N5:V] LFLAG '=' 11 (11)
2026-04-24 09:39:26:797 [IN ] C8 24 05 0B 25 A5 05 01 31 03 C9 3A 0B 48 04 7A (16)
                              [N5:V] LFLAG ':' 11 (11)
2026-04-24 09:39:26:818 [OUT] 25 A5 01 05 31 03 88 FF B0 71 6C (11)
                              [N5:V] RUN 255 176 (-80)
2026-04-24 09:39:26:983 [IN ] C8 24 05 0C 25 A5 05 01 31 04 88 53 FF B0 C5 30 BD (17)
                              [N5:V] RUN 'S' 255 176 (-80)
2026-04-24 09:39:28:787 [IN ] C8 24 05 0B 25 A5 05 01 31 03 81 5A 4C 61 AD 30 (16)
                              [N5:V] TPOS 'Z' 76 (76)
2026-04-24 09:39:28:989 [IN ] C8 24 05 0A 25 A5 05 01 31 02 81 49 03 38 AD C8 24 0C 0E 25 A5 0C 01 31 06 81 45 FF BC CD 5C EE B8 31 (34)
                              [N5:V] TPOS 'I'
                              [N12:Z] TPOS 'E' 255 188 205 92 (-4403876)
2026-04-24 09:39:29:212 [OUT] 25 A5 01 05 31 03 C9 3D 09 49 04 (11)
                              [N5:V] LFLAG '=' 9 (9)
2026-04-24 09:39:29:234 [OUT] 25 A5 01 0C 31 05 81 FF D3 40 CD A3 25 (13)
                              [N12:Z] TPOS 255 211 64 205 (-2932531)
2026-04-24 09:39:29:358 [IN ] C8 24 05 0B 25 A5 05 01 31 03 C9 3A 09 46 02 5C (16)
                              [N5:V] LFLAG ':' 9 (9)
2026-04-24 09:39:29:380 [OUT] 25 A5 01 05 31 03 84 00 50 0E 02 (11)
                              [N5:V] VEL 0 80 (80)
2026-04-24 09:39:29:504 [IN ] C8 24 0C 0E 25 A5 0C 01 31 06 81 53 FF BC CD 63 03 05 31 (19)
                              [N12:Z] TPOS 'S' 255 188 205 99 (-4403869)
2026-04-24 09:39:29:627 [IN ] C8 24 05 0C 25 A5 05 01 31 04 84 53 00 50 62 C2 03 (17)
                              [N5:V] VEL 'S' 0 80 (80)
2026-04-24 09:39:29:649 [OUT] 25 A5 01 05 31 05 81 00 19 82 3C 94 B6 (13)
                              [N5:V] TPOS 0 25 130 60 (1671740)
2026-04-24 09:39:29:835 [IN ] C8 24 05 0E 25 A5 05 01 31 06 81 53 00 00 00 00 11 92 31 (19)
                              [N5:V] TPOS 'S' 0 0 0 0 (0)
2026-04-24 09:39:32:040 [IN ] C8 24 07 0E 25 A5 07 01 31 06 81 45 FF AB 14 DD A0 62 31 (19)
                              [N7:N] TPOS 'E' 255 171 20 221 (-5565219)
2026-04-24 09:39:32:463 [OUT] 25 A5 01 07 31 05 81 FF E8 F2 D7 6F AA (13)
                              [N7:N] TPOS 255 232 242 215 (-1510697)
2026-04-24 09:39:32:649 [IN ] C8 24 07 0E 25 A5 07 01 31 06 81 53 FF AB 14 DD AE A8 31 (19)
                              [N7:N] TPOS 'S' 255 171 20 221 (-5565219)
2026-04-24 09:39:33:453 [IN ] C8 24 08 0B 25 A5 08 01 31 03 81 5A 52 6A C8 DD C8 24 08 0A 25 A5 08 01 31 02 81 49 06 4A C8 (31)
                              [N8:R] TPOS 'Z' 82 (82)
                              [N8:R] TPOS 'I'
2026-04-24 09:39:33:676 [OUT] 25 A5 01 08 31 03 CA 3D 09 4D 19 (11)
                              [N8:R] RFLAG '=' 9 (9)
2026-04-24 09:39:33:841 [IN ] C8 24 08 0B 25 A5 08 01 31 03 CA 3A 09 4A 1A DD (16)
                              [N8:R] RFLAG ':' 9 (9)
2026-04-24 09:39:33:865 [OUT] 25 A5 01 08 31 05 81 FF DC 77 1D 2F DE (13)
                              [N8:R] TPOS 255 220 119 29 (-2328803)
2026-04-24 09:39:34:050 [IN ] C8 24 08 0E 25 A5 08 01 31 06 81 53 FF FF FF E4 F5 8B 31 (19)
                              [N8:R] TPOS 'S' 255 255 255 228 (-28)
2026-04-24 09:39:37:054 [IN ] C8 24 0C 0E 25 A5 0C 01 31 06 81 45 FF D3 42 E8 06 73 31 (19)
                              [N12:Z] TPOS 'E' 255 211 66 232 (-2931992)
2026-04-24 09:39:37:657 [IN ] C8 24 05 0E 25 A5 05 01 31 06 81 45 00 19 85 FD 9E 9E 31 (19)
                              [N5:V] TPOS 'E' 0 25 133 253 (1672701)
2026-04-24 09:39:38:081 [OUT] 25 A5 01 05 31 05 81 00 0B 3D 49 4E 0F (13)
                              [N5:V] TPOS 0 11 61 73 (736585)
2026-04-24 09:39:38:265 [IN ] C8 24 05 0E 25 A5 05 01 31 06 81 53 00 19 85 FD AC E4 31 (19)
                              [N5:V] TPOS 'S' 0 25 133 253 (1672701)
2026-04-24 09:39:44:078 [IN ] C8 24 05 0E 25 A5 05 01 31 06 81 45 00 0B 3B 98 E1 7B 31 (19)
                              [N5:V] TPOS 'E' 0 11 59 152 (736152)
2026-04-24 09:39:44:301 [OUT] 25 A5 01 03 31 05 81 FF EE 9F F8 3F 17 (13)
                              [N3:X] TPOS 255 238 159 248 (-1138696)
2026-04-24 09:39:44:323 [OUT] 25 A5 01 04 31 05 81 FF F2 F4 4F F0 2C (13)
                              [N4:Y] TPOS 255 242 244 79 (-854961)
2026-04-24 09:39:44:488 [IN ] C8 24 03 0E 25 A5 03 01 31 06 81 53 FF FD 50 99 F4 AA 31 (19)
                              [N3:X] TPOS 'S' 255 253 80 153 (-175975)
2026-04-24 09:39:44:631 [IN ] C8 24 04 0E 25 A5 04 01 31 06 81 53 FF FD 4F 6F CA 88 31 (19)
                              [N4:Y] TPOS 'S' 255 253 79 111 (-176273)
2026-04-24 09:39:48:239 [IN ] C8 24 04 0E 25 A5 04 01 31 06 81 45 FF F2 F1 C2 A6 B8 31 (19)
                              [N4:Y] TPOS 'E' 255 242 241 194 (-855614)
2026-04-24 09:39:49:242 [IN ] C8 24 03 0E 25 A5 03 01 31 06 81 45 FF EE 9C A1 2B D7 31 (19)
                              [N3:X] TPOS 'E' 255 238 156 161 (-1139551)
2026-04-24 09:39:50:246 [IN ] C8 24 08 0E 25 A5 08 01 31 06 81 45 FF DC 75 B1 07 95 31 (19)
                              [N8:R] TPOS 'E' 255 220 117 177 (-2329167)
2026-04-24 09:39:50:670 [OUT] 25 A5 01 08 31 05 81 FF EE 15 56 18 89 (13)
                              [N8:R] TPOS 255 238 21 86 (-1174186)
2026-04-24 09:39:50:874 [IN ] C8 24 08 0E 25 A5 08 01 31 06 81 53 FF DC 75 B4 18 DE 31 (19)
                              [N8:R] TPOS 'S' 255 220 117 180 (-2329164)
2026-04-24 09:39:51:076 [IN ] C8 24 07 0E 25 A5 07 01 31 06 81 45 FF E8 F7 A3 86 A5 31 (19)
                              [N7:N] TPOS 'E' 255 232 247 163 (-1509469)
2026-04-24 09:39:59:293 [IN ] C8 24 08 0E 25 A5 08 01 31 06 81 45 FF EE 15 DC E4 36 31 (19)
                              [N8:R] TPOS 'E' 255 238 21 220 (-1174052)
