2026-02-23 10:31:10:953 [OUT] 25 A5 01 0B 31 03 88 00 64 2C 46 (11)
                              [N11:NG] RUN 0 100 (100)
2026-02-23 10:31:10:974 [OUT] 25 A5 01 0A 31 05 D6 3D FF 00 00 53 ED (13)
                              [N10:HMI] HMILED '=' 255 0 0 (16711680)
2026-02-23 10:31:10:997 [OUT] 25 A5 01 0C 31 05 81 FF DB 6A 9A A2 5E (13)
                              [N12:Z] TPOS 255 219 106 154 (-2397542)
2026-02-23 10:31:11:018 [OUT] 25 A5 01 03 31 05 81 FF ED B1 30 88 70 (13)
                              [N3:X] TPOS 255 237 177 48 (-1199824)
2026-02-23 10:31:11:042 [OUT] 25 A5 01 04 31 05 81 FF F3 BD 0C 77 7E (13)
                              [N4:Y] TPOS 255 243 189 12 (-803572)
2026-02-23 10:31:11:065 [OUT] 25 A5 01 05 31 03 84 00 50 0E 02 (11)
                              [N5:V] VEL 0 80 (80)
2026-02-23 10:31:11:087 [OUT] 25 A5 01 07 31 05 81 FF F3 35 BF A5 39 (13)
                              [N7:N] TPOS 255 243 53 191 (-838209)
2026-02-23 10:31:11:109 [OUT] 25 A5 01 08 31 05 81 FF EE 15 56 18 89 (13)
                              [N8:R] TPOS 255 238 21 86 (-1174186)
2026-02-23 10:31:11:110 [IN ] C8 24 0B 0C 25 A5 0B 01 31 04 88 53 00 64 80 16 D3 (17)
                              [N11:NG] RUN 'S' 0 100 (100)
2026-02-23 10:31:11:257 [IN ] C8 24 0A 0D 25 A5 0A 01 31 05 D6 3A FF 00 00 50 EA 89 (18)
                              [N10:HMI] HMILED ':' 255 0 0 (16711680)
2026-02-23 10:31:11:362 [IN ] C8 24 0C 0E 25 A5 0C 01 31 06 81 53 00 00 00 00 18 D8 0A (19)
                              [N12:Z] TPOS 'S' 0 0 0 0 (0)
2026-02-23 10:31:11:404 [IN ] C8 24 0B 0A 25 A5 0B 01 31 02 DE 03 20 D0 00 (15)
                              [N11:NG] NGSWSTATE 3 (3)
2026-02-23 10:31:11:508 [IN ] C8 24 03 0E 25 A5 03 01 31 06 81 53 00 00 00 00 0F 7E 0A (19)
                              [N3:X] TPOS 'S' 0 0 0 0 (0)
2026-02-23 10:31:11:633 [IN ] C8 24 04 0E 25 A5 04 01 31 06 81 53 00 00 00 00 10 88 0A (19)
                              [N4:Y] TPOS 'S' 0 0 0 0 (0)
2026-02-23 10:31:11:759 [IN ] C8 24 05 0C 25 A5 05 01 31 04 84 53 00 50 (14)
2026-02-23 10:31:11:781 [IN ] 62 C2 10 (3)
                              [N5:V] VEL 'S' 0 80 (80)
2026-02-23 10:31:11:802 [OUT] 25 A5 01 05 31 05 81 00 0D 03 C1 8E 19 (13)
                              [N5:V] TPOS 0 13 3 193 (852929)
2026-02-23 10:31:11:887 [IN ] C8 24 07 0E 25 A5 07 01 31 06 81 53 FF B8 D9 33 D6 AF 0A (19)
                              [N7:N] TPOS 'S' 255 184 217 51 (-4662989)
2026-02-23 10:31:12:035 [IN ] C8 24 08 0E 25 A5 08 01 31 06 81 53 00 10 77 61 FC 2F 0A (19)
                              [N8:R] TPOS 'S' 0 16 119 97 (1079137)
2026-02-23 10:31:12:163 [IN ] C8 24 05 0E 25 A5 05 01 31 06 81 53 FF F5 FB 98 98 FB 0A (19)
                              [N5:V] TPOS 'S' 255 245 251 152 (-656488)
2026-02-23 10:31:12:565 [IN ] C8 24 0B 0A 25 A5 0B 01 31 02 DE 03 20 D0 FB (15)
                              [N11:NG] NGSWSTATE 3 (3)
2026-02-23 10:31:13:568 [IN ] C8 24 0B 0A 25 A5 0B 01 31 02 DE 03 20 D0 FB (15)
                              [N11:NG] NGSWSTATE 3 (3)
2026-02-23 10:31:14:572 [IN ] C8 24 0B 0A 25 A5 0B 01 31 02 DE 03 20 D0 FB (15)
                              [N11:NG] NGSWSTATE 3 (3)
2026-02-23 10:31:15:575 [IN ] C8 24 0B 0A 25 A5 0B 01 31 02 DE 03 20 D0 FB (15)
                              [N11:NG] NGSWSTATE 3 (3)
2026-02-23 10:31:16:580 [IN ] C8 24 0B 0A 25 A5 0B 01 31 02 DE 03 20 D0 FB C8 24 04 0E 25 A5 04 01 31 06 81 45 FF F3 BA 51 FF DC 0A (34)
                              [N11:NG] NGSWSTATE 3 (3)
                              [N4:Y] TPOS 'E' 255 243 186 81 (-804271)
2026-02-23 10:31:17:585 [IN ] C8 24 0B 0A 25 A5 0B 01 31 02 DE 03 20 D0 BA (15)
                              [N11:NG] NGSWSTATE 3 (3)
2026-02-23 10:31:17:990 [IN ] C8 24 03 0E 25 A5 03 01 31 06 81 45 FF ED AE 93 2E EA 0A (19)
                              [N3:X] TPOS 'E' 255 237 174 147 (-1200493)
2026-02-23 10:31:18:593 [IN ] C8 24 0B 0A 25 A5 0B 01 31 02 DE 03 20 D0 AE (15)
                              [N11:NG] NGSWSTATE 3 (3)
2026-02-23 10:31:19:598 [IN ] C8 24 0B 0A 25 A5 0B 01 31 02 DE 03 20 D0 AE (15)
                              [N11:NG] NGSWSTATE 3 (3)
2026-02-23 10:31:20:601 [IN ] C8 24 0B 0A 25 A5 0B 01 31 02 DE 03 20 D0 AE (15)
                              [N11:NG] NGSWSTATE 3 (3)
2026-02-23 10:31:21:605 [IN ] C8 24 0B 0A 25 A5 0B 01 31 02 DE 03 20 D0 AE (15)
                              [N11:NG] NGSWSTATE 3 (3)
2026-02-23 10:31:22:609 [IN ] C8 24 0B 0A 25 A5 0B 01 31 02 DE 03 20 D0 AE (15)
                              [N11:NG] NGSWSTATE 3 (3)
2026-02-23 10:31:23:612 [IN ] C8 24 0B 0A 25 A5 0B 01 31 02 DE 03 20 D0 AE (15)
                              [N11:NG] NGSWSTATE 3 (3)
2026-02-23 10:31:24:619 [IN ] C8 24 0B 0A 25 A5 0B 01 31 02 DE 03 20 D0 AE (15)
                              [N11:NG] NGSWSTATE 3 (3)
2026-02-23 10:31:25:623 [IN ] C8 24 0B 0A 25 A5 0B 01 31 02 DE 03 20 D0 AE (15)
                              [N11:NG] NGSWSTATE 3 (3)
2026-02-23 10:31:26:628 [IN ] C8 24 0B 0A 25 A5 0B 01 31 02 DE 03 20 D0 AE (15)
                              [N11:NG] NGSWSTATE 3 (3)
2026-02-23 10:31:27:030 [IN ] C8 24 08 0E 25 A5 08 01 31 06 81 45 FF EE 14 0E 15 66 0A (19)
                              [N8:R] TPOS 'E' 255 238 20 14 (-1174514)
2026-02-23 10:31:27:633 [IN ] C8 24 0B 0A 25 A5 0B 01 31 02 DE 03 20 D0 14 C8 24 01 04 D8 3A 00 00 31 (24)
                              [N11:NG] NGSWSTATE 3 (3)
2026-02-23 10:31:29:058 [OUT] 25 A5 01 0C 31 01 82 C1 4C (9)
                              [N12:Z] GETPOS
2026-02-23 10:31:29:080 [OUT] 25 A5 01 05 31 01 82 BA 30 (9)
                              [N5:V] GETPOS
2026-02-23 10:31:29:101 [OUT] 25 A5 01 07 31 01 82 BC 38 (9)
                              [N7:N] GETPOS
