2026-02-27 23:31:36:007 [OUT] 25 A5 01 0A 31 05 D6 3D FF 00 00 53 ED (13)
                              [N10:HMI] HMILED '=' 255 0 0 (16711680)
2026-02-27 23:31:36:029 [OUT] 25 A5 01 03 31 02 D8 3F 4E CE (10)
                              [N3:X] INTERRUPT '?'
2026-02-27 23:31:36:333 [IN ] C8 24 0A 0D 25 A5 0A 01 31 05 D6 3A FF 00 00 50 EA 88 C8 24 03 0C 25 A5 03 01 31 04 D8 3A 01 01 4D 6A EA (35)
                              [N10:HMI] HMILED ':' 255 0 0 (16711680)
                              [N3:X] INTERRUPT ':' 1 1 (257)
2026-02-27 23:31:36:353 [OUT] 25 A5 01 09 31 03 C9 3D 09 4D 1C (11)
                              [N9:P] LFLAG '=' 9 (9)
2026-02-27 23:31:36:376 [OUT] 25 A5 01 04 31 02 D8 3F 4F D3 (10)
                              [N4:Y] INTERRUPT '?'
2026-02-27 23:31:36:679 [IN ] C8 24 09 0B 25 A5 09 01 31 03 C9 3A 09 4A 1E 6A C8 24 04 0C 25 A5 04 01 31 04 D8 3A 01 01 4E 72 EA (33)
                              [N9:P] LFLAG ':' 9 (9)
                              [N4:Y] INTERRUPT ':' 1 1 (257)
2026-02-27 23:31:36:699 [OUT] 25 A5 01 09 31 03 CA 3D 09 4E 1F (11)
                              [N9:P] RFLAG '=' 9 (9)
2026-02-27 23:31:36:721 [OUT] 25 A5 01 0C 31 02 D8 3F 57 FB (10)
                              [N12:Z] INTERRUPT '?'
2026-02-27 23:31:37:023 [IN ] C8 24 09 0B 25 A5 09 01 31 03 CA 3A 09 4B 21 72 C8 24 0C 0C 25 A5 0C 01 31 04 D8 3A 01 01 56 B2 EA (33)
                              [N9:P] RFLAG ':' 9 (9)
                              [N12:Z] INTERRUPT ':' 1 1 (257)
2026-02-27 23:31:37:044 [OUT] 25 A5 01 08 31 03 C9 3D 09 4C 16 (11)
                              [N8:R] LFLAG '=' 9 (9)
2026-02-27 23:31:37:066 [OUT] 25 A5 01 03 31 03 C9 3D 0B 49 FA (11)
                              [N3:X] LFLAG '=' 11 (11)
2026-02-27 23:31:37:089 [OUT] 25 A5 01 04 31 03 C9 3D 0B 4A 00 (11)
                              [N4:Y] LFLAG '=' 11 (11)
2026-02-27 23:31:37:111 [OUT] 25 A5 01 0C 31 03 C9 3D 0B 52 30 (11)
                              [N12:Z] LFLAG '=' 11 (11)
2026-02-27 23:31:37:215 [IN ] C8 24 08 0B 25 A5 08 01 31 03 C9 3A 09 49 17 B2 (16)
                              [N8:R] LFLAG ':' 9 (9)
2026-02-27 23:31:37:237 [OUT] 25 A5 01 08 31 03 CA 3D 09 4D 19 (11)
                              [N8:R] RFLAG '=' 9 (9)
2026-02-27 23:31:37:303 [IN ] C8 24 03 0B 25 A5 03 01 31 03 C9 3A 0B 46 F6 B2 (16)
                              [N3:X] LFLAG ':' 11 (11)
2026-02-27 23:31:37:325 [OUT] 25 A5 01 03 31 03 88 00 50 10 02 (11)
                              [N3:X] RUN 0 80 (80)
2026-02-27 23:31:37:432 [IN ] C8 24 04 0B 25 A5 04 01 31 03 C9 3A 0B 47 FD B2 (16)
                              [N4:Y] LFLAG ':' 11 (11)
2026-02-27 23:31:37:453 [OUT] 25 A5 01 04 31 03 88 00 50 11 08 (11)
                              [N4:Y] RUN 0 80 (80)
2026-02-27 23:31:37:537 [IN ] C8 24 0C 0B 25 A5 0C 01 31 03 C9 3A 0B 4F 35 (15)
                              [N12:Z] LFLAG ':' 11 (11)
2026-02-27 23:31:37:557 [OUT] 25 A5 01 0C 31 03 88 00 50 19 38 (11)
                              [N12:Z] RUN 0 80 (80)
2026-02-27 23:31:37:558 [IN ] B2 (1)
2026-02-27 23:31:37:661 [IN ] C8 24 08 0B 25 A5 08 01 31 03 CA 3A 09 4A 1A B2 (16)
                              [N8:R] RFLAG ':' 9 (9)
2026-02-27 23:31:37:766 [IN ] C8 24 03 0C 25 A5 03 01 31 04 88 53 00 50 64 C2 EA (17)
                              [N3:X] RUN 'S' 0 80 (80)
2026-02-27 23:31:37:870 [IN ] C8 24 04 0C 25 A5 04 01 31 04 88 53 00 50 65 CA EA (17)
                              [N4:Y] RUN 'S' 0 80 (80)
2026-02-27 23:31:37:974 [IN ] C8 24 0C 0C 25 A5 0C 01 31 04 88 53 00 50 6D 0A EA (17)
                              [N12:Z] RUN 'S' 0 80 (80)
2026-02-27 23:31:44:393 [IN ] C8 24 04 0B 25 A5 04 01 31 03 81 5A 4C 60 A6 0A C8 24 04 0A 25 A5 04 01 31 02 81 49 02 32 A6 (31)
                              [N4:Y] TPOS 'Z' 76 (76)
                              [N4:Y] TPOS 'I'
2026-02-27 23:31:44:615 [OUT] 25 A5 01 09 31 02 D8 3F 54 EC (10)
                              [N9:P] INTERRUPT '?'
2026-02-27 23:31:44:918 [IN ] C8 24 09 0C 25 A5 09 01 31 04 D8 3A 01 01 53 9A EA (17)
                              [N9:P] INTERRUPT ':' 1 1 (257)
2026-02-27 23:31:44:939 [OUT] 25 A5 01 04 31 03 C9 3D 09 48 FE (11)
                              [N4:Y] LFLAG '=' 9 (9)
2026-02-27 23:31:44:961 [OUT] 25 A5 01 07 31 02 D8 3F 52 E2 (10)
                              [N7:N] INTERRUPT '?'
2026-02-27 23:31:45:263 [IN ] C8 24 04 0B 25 A5 04 01 31 03 C9 3A 09 45 FB 9A C8 24 07 0C 25 A5 07 01 31 04 D8 3A 01 01 51 8A EA (33)
                              [N4:Y] LFLAG ':' 9 (9)
                              [N7:N] INTERRUPT ':' 1 1 (257)
2026-02-27 23:31:45:284 [OUT] 25 A5 01 09 31 03 C9 3D 0B 4F 1E (11)
                              [N9:P] LFLAG '=' 11 (11)
2026-02-27 23:31:45:305 [OUT] 25 A5 01 07 31 03 C9 3D 0B 4D 12 (11)
                              [N7:N] LFLAG '=' 11 (11)
2026-02-27 23:31:45:473 [IN ] C8 24 09 0B 25 A5 09 01 31 03 C9 3A 0B 4C 20 8A (16)
                              [N9:P] LFLAG ':' 11 (11)
2026-02-27 23:31:45:494 [OUT] 25 A5 01 09 31 03 88 00 50 16 26 (11)
                              [N9:P] RUN 0 80 (80)
2026-02-27 23:31:45:557 [IN ] C8 24 07 0B 25 A5 07 01 31 03 C9 3A 0B 4A 12 8A (16)
                              [N7:N] LFLAG ':' 11 (11)
2026-02-27 23:31:45:578 [OUT] 25 A5 01 07 31 03 88 00 50 14 1A (11)
                              [N7:N] RUN 0 80 (80)
2026-02-27 23:31:45:663 [IN ] C8 24 09 0C 25 A5 09 01 31 04 88 53 00 50 6A F2 EA (17)
                              [N9:P] RUN 'S' 0 80 (80)
2026-02-27 23:31:45:746 [IN ] C8 24 09 0B 25 A5 09 01 31 03 81 5A 4C 65 C9 F2 (16)
                              [N9:P] TPOS 'Z' 76 (76)
2026-02-27 23:31:45:789 [IN ] C8 24 07 0C 25 A5 07 01 31 04 88 53 00 50 68 E2 EA C8 24 09 0A 25 A5 09 01 31 02 81 49 07 50 68 (32)
                              [N7:N] RUN 'S' 0 80 (80)
                              [N9:P] TPOS 'I'
2026-02-27 23:31:46:012 [OUT] 25 A5 01 09 31 03 C9 3D 09 4D 1C (11)
                              [N9:P] LFLAG '=' 9 (9)
2026-02-27 23:31:46:034 [OUT] 25 A5 01 04 31 05 81 FF EE 88 01 32 FA (13)
                              [N4:Y] TPOS 255 238 136 1 (-1144831)
2026-02-27 23:31:46:179 [IN ] C8 24 09 0B 25 A5 09 01 31 03 C9 3A 09 4A 1E E2 (16)
                              [N9:P] LFLAG ':' 9 (9)
2026-02-27 23:31:46:323 [IN ] C8 24 04 0E 25 A5 04 01 31 06 81 53 00 00 00 00 10 88 0A (19)
                              [N4:Y] TPOS 'S' 0 0 0 0 (0)
2026-02-27 23:31:47:527 [IN ] C8 24 03 0B 25 A5 03 01 31 03 81 5A 4C 5F 9F 00 C8 24 03 0A 25 A5 03 01 31 02 81 49 01 2C 9F (31)
                              [N3:X] TPOS 'Z' 76 (76)
                              [N3:X] TPOS 'I'
2026-02-27 23:31:47:749 [OUT] 25 A5 01 03 31 03 C9 3D 09 47 F8 (11)
                              [N3:X] LFLAG '=' 9 (9)
2026-02-27 23:31:47:914 [IN ] C8 24 03 0B 25 A5 03 01 31 03 C9 3A 09 44 F4 00 (16)
                              [N3:X] LFLAG ':' 9 (9)
2026-02-27 23:31:49:520 [IN ] C8 24 07 0B 25 A5 07 01 31 03 81 5A 4C 63 BB 00 (16)
                              [N7:N] TPOS 'Z' 76 (76)
2026-02-27 23:31:49:723 [IN ] C8 24 07 0A 25 A5 07 01 31 02 81 49 05 44 BB (15)
                              [N7:N] TPOS 'I'
2026-02-27 23:31:49:947 [OUT] 25 A5 01 07 31 03 C9 3D 09 4B 10 (11)
                              [N7:N] LFLAG '=' 9 (9)
2026-02-27 23:31:50:112 [IN ] C8 24 07 0B 25 A5 07 01 31 03 C9 3A 09 48 10 00 (16)
                              [N7:N] LFLAG ':' 9 (9)
2026-02-27 23:31:52:317 [IN ] C8 24 04 0E 25 A5 04 01 31 06 81 45 FF EE 85 A6 1A B8 0A (19)
                              [N4:Y] TPOS 'E' 255 238 133 166 (-1145434)
2026-02-27 23:31:52:540 [OUT] 25 A5 01 09 31 05 81 FF E7 5D 56 5A 0C (13)
                              [N9:P] TPOS 255 231 93 86 (-1614506)
2026-02-27 23:31:52:561 [OUT] 25 A5 01 04 31 05 81 FF FD 50 01 09 B7 (13)
                              [N4:Y] TPOS 255 253 80 1 (-176127)
2026-02-27 23:31:52:583 [OUT] 25 A5 01 07 31 05 81 FF AB 19 75 F7 DF (13)
                              [N7:N] TPOS 255 171 25 117 (-5564043)
2026-02-27 23:31:52:605 [OUT] 25 A5 01 03 31 05 81 FF EC 4A AB 9B 1A (13)
                              [N3:X] TPOS 255 236 74 171 (-1291605)
2026-02-27 23:31:52:627 [OUT] 25 A5 01 06 31 02 D8 3F 51 DD (10)
                              [N6:H] INTERRUPT '?'
2026-02-27 23:31:52:929 [IN ] C8 24 09 0E 25 A5 09 01 31 06 81 53 FF FF FF F0 02 A1 0A C8 24 04 0E 25 A5 04 01 31 06 81 53 FF EE 85 A6 28 FE 0A (38)
                              [N9:P] TPOS 'S' 255 255 255 240 (-16)
                              [N4:Y] TPOS 'S' 255 238 133 166 (-1145434)
2026-02-27 23:31:53:232 [IN ] C8 24 07 0E 25 A5 07 01 31 06 81 53 FF FF FF FA 0A 97 0A C8 24 03 0E 25 A5 03 01 31 06 81 53 FF FF FF FE 0A 73 0A C8 24 06 0C 25 A5 06 01 31 04 D8 3A 01 01 50 82 0A (55)
                              [N7:N] TPOS 'S' 255 255 255 250 (-6)
                              [N3:X] TPOS 'S' 255 255 255 254 (-2)
                              [N6:H] INTERRUPT ':' 1 1 (257)
2026-02-27 23:31:53:254 [OUT] 25 A5 01 06 31 03 C9 3D 0B 4C 0C (11)
                              [N6:H] LFLAG '=' 11 (11)
2026-02-27 23:31:53:420 [IN ] C8 24 06 0B 25 A5 06 01 31 03 C9 3A 0B 49 0B 82 (16)
                              [N6:H] LFLAG ':' 11 (11)
2026-02-27 23:31:53:441 [OUT] 25 A5 01 06 31 03 88 FF B0 72 72 (11)
                              [N6:H] RUN 255 176 (-80)
2026-02-27 23:31:53:611 [IN ] C8 24 06 0C 25 A5 06 01 31 04 88 53 FF B0 C6 38 0A (17)
                              [N6:H] RUN 'S' 255 176 (-80)
2026-02-27 23:31:55:822 [IN ] C8 24 0C 0B 25 A5 0C 01 31 03 81 5A 4C 68 DE 38 C8 24 0C 0A 25 A5 0C 01 31 02 81 49 0A 62 DE (31)
                              [N12:Z] TPOS 'Z' 76 (76)
                              [N12:Z] TPOS 'I'
2026-02-27 23:31:56:046 [OUT] 25 A5 01 0C 31 03 C9 3D 09 50 2E (11)
                              [N12:Z] LFLAG '=' 9 (9)
2026-02-27 23:31:56:212 [IN ] C8 24 0C 0B 25 A5 0C 01 31 03 C9 3A 09 4D 33 38 (16)
                              [N12:Z] LFLAG ':' 9 (9)
2026-02-27 23:31:56:233 [OUT] 25 A5 01 0C 31 05 81 FF BC D0 00 4F 33 (13)
                              [N12:Z] TPOS 255 188 208 0 (-4403200)
2026-02-27 23:31:56:418 [IN ] C8 24 0C 0E 25 A5 0C 01 31 06 81 53 FF FF FF 86 9B 55 0A (19)
                              [N12:Z] TPOS 'S' 255 255 255 134 (-122)
2026-02-27 23:31:57:622 [IN ] C8 24 06 0B 25 A5 06 01 31 03 81 5A 4C 62 B4 86 (16)
                              [N6:H] TPOS 'Z' 76 (76)
2026-02-27 23:31:57:824 [IN ] C8 24 06 0A 25 A5 06 01 31 02 81 49 04 3E B4 (15)
                              [N6:H] TPOS 'I'
2026-02-27 23:31:58:047 [OUT] 25 A5 01 06 31 03 C9 3D 09 4A 0A (11)
                              [N6:H] LFLAG '=' 9 (9)
2026-02-27 23:31:58:211 [IN ] C8 24 06 0B 25 A5 06 01 31 03 C9 3A 09 47 09 86 (16)
                              [N6:H] LFLAG ':' 9 (9)
2026-02-27 23:31:58:232 [OUT] 25 A5 01 06 31 03 84 00 50 0F 08 (11)
                              [N6:H] VEL 0 80 (80)
2026-02-27 23:31:58:397 [IN ] C8 24 06 0C 25 A5 06 01 31 04 84 53 00 50 63 CA 9B (17)
                              [N6:H] VEL 'S' 0 80 (80)
2026-02-27 23:31:58:418 [OUT] 25 A5 01 06 31 05 81 00 19 82 3C 95 BE (13)
                              [N6:H] TPOS 0 25 130 60 (1671740)
2026-02-27 23:31:58:625 [IN ] C8 24 06 0E 25 A5 06 01 31 06 81 53 00 00 00 00 12 9C 0A (19)
                              [N6:H] TPOS 'S' 0 0 0 0 (0)
2026-02-27 23:31:59:628 [IN ] C8 24 03 0E 25 A5 03 01 31 06 81 45 FF EC 47 6E A1 F4 0A (19)
                              [N3:X] TPOS 'E' 255 236 71 110 (-1292434)
2026-02-27 23:32:00:050 [OUT] 25 A5 01 03 31 05 81 FF FD 50 01 08 AF (13)
                              [N3:X] TPOS 255 253 80 1 (-176127)
2026-02-27 23:32:00:235 [IN ] C8 24 03 0E 25 A5 03 01 31 06 81 53 FF EC 47 6E AF 3A 0A (19)
                              [N3:X] TPOS 'S' 255 236 71 110 (-1292434)
2026-02-27 23:32:01:439 [IN ] C8 24 04 0E 25 A5 04 01 31 06 81 45 FF FD 4F A5 F2 78 0A (19)
                              [N4:Y] TPOS 'E' 255 253 79 165 (-176219)
2026-02-27 23:32:02:644 [IN ] C8 24 09 0E 25 A5 09 01 31 06 81 45 FF E7 5B CD 15 A8 0A (19)
                              [N9:P] TPOS 'E' 255 231 91 205 (-1614899)
2026-02-27 23:32:03:069 [OUT] 25 A5 01 09 31 05 81 FF FF D9 C8 60 BE (13)
                              [N9:P] TPOS 255 255 217 200 (-9784)
2026-02-27 23:32:03:256 [IN ] C8 24 09 0E 25 A5 09 01 31 06 81 53 FF E7 5B DA 30 FB 0A (19)
                              [N9:P] TPOS 'S' 255 231 91 218 (-1614886)
2026-02-27 23:32:06:465 [IN ] C8 24 06 0E 25 A5 06 01 31 06 81 45 00 19 86 47 EA F4 0A (19)
                              [N6:H] TPOS 'E' 0 25 134 71 (1672775)
2026-02-27 23:32:06:887 [OUT] 25 A5 01 06 31 05 81 00 0D 03 C1 8F 21 (13)
                              [N6:H] TPOS 0 13 3 193 (852929)
2026-02-27 23:32:07:072 [IN ] C8 24 06 0E 25 A5 06 01 31 06 81 53 00 19 86 47 F8 3A 0A (19)
                              [N6:H] TPOS 'S' 0 25 134 71 (1672775)
2026-02-27 23:32:10:081 [IN ] C8 24 03 0E 25 A5 03 01 31 06 81 45 FF FD 50 C8 15 93 0A (19)
                              [N3:X] TPOS 'E' 255 253 80 200 (-175928)
2026-02-27 23:32:10:884 [IN ] C8 24 06 0E 25 A5 06 01 31 06 81 45 00 0C FE DE EC 54 0A (19)
                              [N6:H] TPOS 'E' 0 12 254 222 (851678)
2026-02-27 23:32:11:106 [OUT] 25 A5 01 05 31 02 D8 3F 50 D8 (10)
                              [N5:V] INTERRUPT '?'
2026-02-27 23:32:11:408 [IN ] C8 24 05 0C 25 A5 05 01 31 04 D8 3A 01 01 4F 7A EC (17)
                              [N5:V] INTERRUPT ':' 1 1 (257)
2026-02-27 23:32:11:430 [OUT] 25 A5 01 05 31 03 C9 3D 0B 4B 06 (11)
                              [N5:V] LFLAG '=' 11 (11)
2026-02-27 23:32:11:594 [IN ] C8 24 05 0B (4)
2026-02-27 23:32:11:616 [IN ] 25 A5 05 01 31 03 C9 3A 0B 48 04 7A (12)
                              [N5:V] LFLAG ':' 11 (11)
2026-02-27 23:32:11:636 [OUT] 25 A5 01 05 31 03 88 FF B0 71 6C (11)
                              [N5:V] RUN 255 176 (-80)
2026-02-27 23:32:11:801 [IN ] C8 24 05 0C 25 A5 05 01 31 04 88 53 FF B0 C5 30 EC (17)
                              [N5:V] RUN 'S' 255 176 (-80)
2026-02-27 23:32:13:205 [IN ] C8 24 09 0E 25 A5 09 01 31 06 81 45 FF FF DA 75 54 96 0A (19)
                              [N9:P] TPOS 'E' 255 255 218 117 (-9611)
2026-02-27 23:32:13:427 [OUT] 25 A5 01 08 31 02 D8 3F 53 E7 (10)
                              [N8:R] INTERRUPT '?'
2026-02-27 23:32:13:729 [IN ] C8 24 08 0C 25 A5 08 01 31 04 D8 3A 01 01 52 92 54 (17)
                              [N8:R] INTERRUPT ':' 1 1 (257)
2026-02-27 23:32:13:750 [OUT] 25 A5 01 08 31 03 CA 3D 0B 4F 1B (11)
                              [N8:R] RFLAG '=' 11 (11)
2026-02-27 23:32:13:935 [IN ] C8 24 08 0B 25 A5 08 01 31 03 CA 3A 0B 4C 1C 92 (16)
                              [N8:R] RFLAG ':' 11 (11)
2026-02-27 23:32:13:956 [OUT] 25 A5 01 08 31 03 88 00 50 15 20 (11)
                              [N8:R] RUN 0 80 (80)
2026-02-27 23:32:14:121 [IN ] C8 24 08 0C 25 A5 08 01 31 04 88 53 00 50 69 EA 54 (17)
                              [N8:R] RUN 'S' 0 80 (80)
2026-02-27 23:32:16:931 [IN ] C8 24 05 0B 25 A5 05 01 31 03 81 5A 4C 61 AD EA C8 24 05 0A 25 A5 05 01 31 02 81 49 03 38 AD (31)
                              [N5:V] TPOS 'Z' 76 (76)
                              [N5:V] TPOS 'I'
2026-02-27 23:32:17:153 [OUT] 25 A5 01 05 31 03 C9 3D 09 49 04 (11)
                              [N5:V] LFLAG '=' 9 (9)
2026-02-27 23:32:17:318 [IN ] C8 24 05 0B 25 A5 05 01 31 03 C9 3A 09 46 02 EA (16)
                              [N5:V] LFLAG ':' 9 (9)
2026-02-27 23:32:17:339 [OUT] 25 A5 01 05 31 03 84 00 50 0E 02 (11)
                              [N5:V] VEL 0 80 (80)
2026-02-27 23:32:17:504 [IN ] C8 24 05 0C 25 A5 05 01 31 04 84 53 00 50 62 C2 54 (17)
                              [N5:V] VEL 'S' 0 80 (80)
2026-02-27 23:32:17:526 [OUT] 25 A5 01 05 31 05 81 00 19 82 3C 94 B6 (13)
                              [N5:V] TPOS 0 25 130 60 (1671740)
2026-02-27 23:32:17:712 [IN ] C8 24 05 0E 25 A5 05 01 31 06 81 53 00 00 00 00 11 92 0A (19)
                              [N5:V] TPOS 'S' 0 0 0 0 (0)
2026-02-27 23:32:17:915 [IN ] C8 24 07 0E 25 A5 07 01 31 06 81 45 FF AB 14 9C 5F 21 0A (19)
                              [N7:N] TPOS 'E' 255 171 20 156 (-5565284)
2026-02-27 23:32:18:337 [OUT] 25 A5 01 07 31 05 81 FF F3 35 BF A5 39 (13)
                              [N7:N] TPOS 255 243 53 191 (-838209)
2026-02-27 23:32:18:523 [IN ] C8 24 07 0E 25 A5 07 01 31 06 81 53 FF AB 14 9C 6D 67 0A (19)
                              [N7:N] TPOS 'S' 255 171 20 156 (-5565284)
2026-02-27 23:32:22:131 [IN ] C8 24 0C 0E 25 A5 0C 01 31 06 81 45 FF BC CE 9B 2E F9 0A (19)
                              [N12:Z] TPOS 'E' 255 188 206 155 (-4403557)
2026-02-27 23:32:22:554 [OUT] 25 A5 01 0C 31 05 81 FF D1 1A 67 15 6D (13)
                              [N12:Z] TPOS 255 209 26 103 (-3073433)
2026-02-27 23:32:22:739 [IN ] C8 24 0C 0E 25 A5 0C 01 31 06 81 53 FF BC CE 9D 3E 41 0A (19)
                              [N12:Z] TPOS 'S' 255 188 206 157 (-4403555)
2026-02-27 23:32:22:942 [IN ] C8 24 08 0B 25 A5 08 01 31 03 81 5A 52 6A C8 9D C8 24 08 0A 25 A5 08 01 31 02 81 49 06 4A C8 (31)
                              [N8:R] TPOS 'Z' 82 (82)
                              [N8:R] TPOS 'I'
2026-02-27 23:32:23:164 [OUT] 25 A5 01 08 31 03 CA 3D 09 4D 19 (11)
                              [N8:R] RFLAG '=' 9 (9)
2026-02-27 23:32:23:330 [IN ] C8 24 08 0B 25 A5 08 01 31 03 CA 3A 09 4A 1A 9D (16)
                              [N8:R] RFLAG ':' 9 (9)
2026-02-27 23:32:23:351 [OUT] 25 A5 01 08 31 05 81 FF DC 77 1D 2F DE (13)
                              [N8:R] TPOS 255 220 119 29 (-2328803)
2026-02-27 23:32:23:535 [IN ] C8 24 08 0E 25 A5 08 01 31 06 81 53 FF FF FF EA FB 91 0A (19)
                              [N8:R] TPOS 'S' 255 255 255 234 (-22)
2026-02-27 23:32:25:743 [IN ] C8 24 05 0E 25 A5 05 01 31 06 81 45 00 19 85 F4 95 95 0A (19)
                              [N5:V] TPOS 'E' 0 25 133 244 (1672692)
2026-02-27 23:32:26:168 [OUT] 25 A5 01 05 31 05 81 00 0D 03 C1 8E 19 (13)
                              [N5:V] TPOS 0 13 3 193 (852929)
2026-02-27 23:32:26:354 [IN ] C8 24 05 0E 25 A5 05 01 31 06 81 53 00 19 85 F4 A3 DB 0A (19)
                              [N5:V] TPOS 'S' 0 25 133 244 (1672692)
2026-02-27 23:32:30:363 [IN ] C8 24 0C 0E 25 A5 0C 01 31 06 81 45 FF D1 1B BF B4 F6 0A (19)
                              [N12:Z] TPOS 'E' 255 209 27 191 (-3073089)
2026-02-27 23:32:31:567 [IN ] C8 24 05 0E 25 A5 05 01 31 06 81 45 00 0D 02 4F 61 C6 0A (19)
                              [N5:V] TPOS 'E' 0 13 2 79 (852559)
2026-02-27 23:32:31:790 [OUT] 25 A5 01 03 31 05 81 FF ED B1 30 88 70 (13)
                              [N3:X] TPOS 255 237 177 48 (-1199824)
2026-02-27 23:32:31:812 [OUT] 25 A5 01 04 31 05 81 FF F3 BD 0C 77 7E (13)
                              [N4:Y] TPOS 255 243 189 12 (-803572)
2026-02-27 23:32:31:980 [IN ] C8 24 03 0E 25 A5 03 01 31 06 81 53 FF FD 50 C8 23 D9 0A (19)
                              [N3:X] TPOS 'S' 255 253 80 200 (-175928)
2026-02-27 23:32:32:104 [IN ] C8 24 04 0E 25 A5 04 01 31 06 81 53 FF FD 4F A5 00 BE 0A (19)
                              [N4:Y] TPOS 'S' 255 253 79 165 (-176219)
2026-02-27 23:32:35:312 [IN ] C8 24 04 0E 25 A5 04 01 31 06 81 45 FF F3 B9 1B C8 A4 0A (19)
                              [N4:Y] TPOS 'E' 255 243 185 27 (-804581)
2026-02-27 23:32:37:119 [IN ] C8 24 03 0E 25 A5 03 01 31 06 81 45 FF ED AD 83 1D D8 0A (19)
                              [N3:X] TPOS 'E' 255 237 173 131 (-1200765)
2026-02-27 23:32:38:925 [IN ] C8 24 08 0E 25 A5 08 01 31 06 81 45 FF DC 74 43 98 25 0A (19)
                              [N8:R] TPOS 'E' 255 220 116 67 (-2329533)
2026-02-27 23:32:39:348 [OUT] 25 A5 01 08 31 05 81 FF EE 15 56 18 89 (13)
                              [N8:R] TPOS 255 238 21 86 (-1174186)
2026-02-27 23:32:39:534 [IN ] C8 24 08 0E 25 A5 08 01 31 06 81 53 FF DC 74 51 B4 79 0A (19)
                              [N8:R] TPOS 'S' 255 220 116 81 (-2329519)
2026-02-27 23:32:39:736 [IN ] C8 24 07 0E 25 A5 07 01 31 06 81 45 FF F3 3A FC 2D A5 0A (19)
                              [N7:N] TPOS 'E' 255 243 58 252 (-836868)
2026-02-27 23:32:47:957 [IN ] C8 24 08 0E 25 A5 08 01 31 06 81 45 FF EE 17 04 0E 62 0A (19)
                              [N8:R] TPOS 'E' 255 238 23 4 (-1173756)
