2026-02-27 22:36:09:531 [OUT] 25 A5 01 0A 31 05 D6 3D FF 00 00 53 ED (13)
                              [N10:HMI] HMILED '=' 255 0 0 (16711680)
2026-02-27 22:36:09:553 [OUT] 25 A5 01 03 31 02 D8 3F 4E CE (10)
                              [N3:X] INTERRUPT '?'
2026-02-27 22:36:09:855 [IN ] C8 24 0A 0D 25 A5 0A 01 31 05 D6 3A FF 00 00 50 EA 2C C8 24 03 0C 25 A5 03 01 31 04 D8 3A 01 01 4D 6A EA (35)
                              [N10:HMI] HMILED ':' 255 0 0 (16711680)
                              [N3:X] INTERRUPT ':' 1 1 (257)
2026-02-27 22:36:09:875 [OUT] 25 A5 01 09 31 03 C9 3D 09 4D 1C (11)
                              [N9:P] LFLAG '=' 9 (9)
2026-02-27 22:36:09:898 [OUT] 25 A5 01 04 31 02 D8 3F 4F D3 (10)
                              [N4:Y] INTERRUPT '?'
2026-02-27 22:36:10:201 [IN ] C8 24 09 0B 25 A5 09 01 31 03 C9 3A 09 4A 1E 6A C8 24 04 0C 25 A5 04 01 31 04 D8 3A 01 01 4E 72 EA (33)
                              [N9:P] LFLAG ':' 9 (9)
                              [N4:Y] INTERRUPT ':' 1 1 (257)
2026-02-27 22:36:10:223 [OUT] 25 A5 01 09 31 03 CA 3D 09 4E 1F (11)
                              [N9:P] RFLAG '=' 9 (9)
2026-02-27 22:36:10:244 [OUT] 25 A5 01 0C 31 02 D8 3F 57 FB (10)
                              [N12:Z] INTERRUPT '?'
2026-02-27 22:36:10:546 [IN ] C8 24 09 0B 25 A5 09 01 31 03 CA 3A 09 4B 21 72 C8 24 0C 0C 25 A5 0C 01 31 04 D8 3A 01 01 56 B2 EA (33)
                              [N9:P] RFLAG ':' 9 (9)
                              [N12:Z] INTERRUPT ':' 1 1 (257)
2026-02-27 22:36:10:568 [OUT] 25 A5 01 08 31 03 C9 3D 09 4C 16 (11)
                              [N8:R] LFLAG '=' 9 (9)
2026-02-27 22:36:10:590 [OUT] 25 A5 01 03 31 03 C9 3D 0B 49 FA (11)
                              [N3:X] LFLAG '=' 11 (11)
2026-02-27 22:36:10:612 [OUT] 25 A5 01 04 31 03 C9 3D 0B 4A 00 (11)
                              [N4:Y] LFLAG '=' 11 (11)
2026-02-27 22:36:10:634 [OUT] 25 A5 01 0C 31 03 C9 3D 0B 52 30 (11)
                              [N12:Z] LFLAG '=' 11 (11)
2026-02-27 22:36:10:738 [IN ] C8 24 08 0B 25 A5 08 01 31 03 C9 3A 09 49 17 B2 (16)
                              [N8:R] LFLAG ':' 9 (9)
2026-02-27 22:36:10:759 [OUT] 25 A5 01 08 31 03 CA 3D 09 4D 19 (11)
                              [N8:R] RFLAG '=' 9 (9)
2026-02-27 22:36:10:846 [IN ] C8 24 03 0B 25 A5 03 01 31 03 C9 3A 0B 46 F6 B2 (16)
                              [N3:X] LFLAG ':' 11 (11)
2026-02-27 22:36:10:866 [OUT] 25 A5 01 03 31 03 88 00 50 10 02 (11)
                              [N3:X] RUN 0 80 (80)
2026-02-27 22:36:10:951 [IN ] C8 24 04 0B 25 A5 04 01 31 03 C9 3A 0B 47 FD B2 (16)
                              [N4:Y] LFLAG ':' 11 (11)
2026-02-27 22:36:10:972 [OUT] 25 A5 01 04 31 03 88 00 50 11 08 (11)
                              [N4:Y] RUN 0 80 (80)
2026-02-27 22:36:11:077 [IN ] C8 24 0C 0B 25 A5 0C 01 31 03 C9 3A 0B 4F 35 B2 (16)
                              [N12:Z] LFLAG ':' 11 (11)
2026-02-27 22:36:11:098 [OUT] 25 A5 01 0C 31 03 88 00 50 19 38 (11)
                              [N12:Z] RUN 0 80 (80)
2026-02-27 22:36:11:162 [IN ] C8 24 08 0B 25 A5 08 01 31 03 CA 3A 09 4A 1A B2 (16)
                              [N8:R] RFLAG ':' 9 (9)
2026-02-27 22:36:11:286 [IN ] C8 24 03 0C 25 A5 03 01 31 04 88 53 00 50 64 C2 EA (17)
                              [N3:X] RUN 'S' 0 80 (80)
2026-02-27 22:36:11:389 [IN ] C8 24 04 0C 25 A5 04 01 31 04 88 53 00 50 65 CA EA (17)
                              [N4:Y] RUN 'S' 0 80 (80)
2026-02-27 22:36:11:493 [IN ] C8 24 0C 0C 25 A5 0C 01 31 04 88 53 00 50 6D 0A EA (17)
                              [N12:Z] RUN 'S' 0 80 (80)
2026-02-27 22:36:17:909 [IN ] C8 24 04 0B 25 A5 04 01 31 03 81 5A 4C 60 A6 0A C8 24 04 0A 25 A5 04 01 31 02 81 49 02 32 A6 (31)
                              [N4:Y] TPOS 'Z' 76 (76)
                              [N4:Y] TPOS 'I'
2026-02-27 22:36:18:131 [OUT] 25 A5 01 09 31 02 D8 3F 54 EC (10)
                              [N9:P] INTERRUPT '?'
2026-02-27 22:36:18:433 [IN ] C8 24 09 0C 25 A5 09 01 31 04 D8 3A 01 01 53 9A EA (17)
                              [N9:P] INTERRUPT ':' 1 1 (257)
2026-02-27 22:36:18:454 [OUT] 25 A5 01 04 31 03 C9 3D 09 48 FE (11)
                              [N4:Y] LFLAG '=' 9 (9)
2026-02-27 22:36:18:476 [OUT] 25 A5 01 07 31 02 D8 3F 52 E2 (10)
                              [N7:N] INTERRUPT '?'
2026-02-27 22:36:18:780 [IN ] C8 24 04 0B 25 A5 04 01 31 03 C9 3A 09 45 FB 9A C8 24 07 0C 25 A5 07 01 31 04 D8 3A 01 01 51 8A EA (33)
                              [N4:Y] LFLAG ':' 9 (9)
                              [N7:N] INTERRUPT ':' 1 1 (257)
2026-02-27 22:36:18:801 [OUT] 25 A5 01 09 31 03 C9 3D 0B 4F 1E (11)
                              [N9:P] LFLAG '=' 11 (11)
2026-02-27 22:36:18:823 [OUT] 25 A5 01 07 31 03 C9 3D 0B 4D 12 (11)
                              [N7:N] LFLAG '=' 11 (11)
2026-02-27 22:36:18:973 [IN ] C8 24 09 0B 25 A5 09 01 31 03 C9 3A 0B 4C 20 8A (16)
                              [N9:P] LFLAG ':' 11 (11)
2026-02-27 22:36:18:995 [OUT] 25 A5 01 09 31 03 88 00 50 16 26 (11)
                              [N9:P] RUN 0 80 (80)
2026-02-27 22:36:19:079 [IN ] C8 24 07 0B 25 A5 07 01 31 03 C9 3A 0B 4A 12 8A (16)
                              [N7:N] LFLAG ':' 11 (11)
2026-02-27 22:36:19:100 [OUT] 25 A5 01 07 31 03 88 00 50 14 1A (11)
                              [N7:N] RUN 0 80 (80)
2026-02-27 22:36:19:183 [IN ] C8 24 09 0C 25 A5 09 01 31 04 88 53 00 50 6A F2 EA (17)
                              [N9:P] RUN 'S' 0 80 (80)
2026-02-27 22:36:19:267 [IN ] C8 24 09 0B 25 A5 09 01 31 03 81 5A 4C 65 C9 F2 (16)
                              [N9:P] TPOS 'Z' 76 (76)
2026-02-27 22:36:19:309 [IN ] C8 24 07 0C 25 A5 07 01 31 04 88 53 00 50 68 E2 EA C8 24 09 0A 25 A5 09 01 31 02 81 49 07 50 68 (32)
                              [N7:N] RUN 'S' 0 80 (80)
                              [N9:P] TPOS 'I'
2026-02-27 22:36:19:533 [OUT] 25 A5 01 09 31 03 C9 3D 09 4D 1C (11)
                              [N9:P] LFLAG '=' 9 (9)
2026-02-27 22:36:19:554 [OUT] 25 A5 01 04 31 05 81 FF EE 88 01 32 FA (13)
                              [N4:Y] TPOS 255 238 136 1 (-1144831)
2026-02-27 22:36:19:700 [IN ] C8 24 09 0B 25 A5 09 01 31 03 C9 3A 09 4A 1E E2 (16)
                              [N9:P] LFLAG ':' 9 (9)
2026-02-27 22:36:19:823 [IN ] C8 24 04 0E 25 A5 04 01 (8)
2026-02-27 22:36:19:846 [IN ] 31 06 81 53 00 00 00 00 10 88 0A (11)
                              [N4:Y] TPOS 'S' 0 0 0 0 (0)
2026-02-27 22:36:21:453 [IN ] C8 24 03 0B 25 A5 03 01 31 03 81 5A 4C 5F 9F 00 C8 24 03 0A 25 A5 03 01 31 02 81 49 01 2C 9F (31)
                              [N3:X] TPOS 'Z' 76 (76)
                              [N3:X] TPOS 'I'
2026-02-27 22:36:21:675 [OUT] 25 A5 01 03 31 03 C9 3D 09 47 F8 (11)
                              [N3:X] LFLAG '=' 9 (9)
2026-02-27 22:36:21:841 [IN ] C8 24 03 0B 25 A5 03 01 31 03 C9 3A 09 44 F4 00 (16)
                              [N3:X] LFLAG ':' 9 (9)
2026-02-27 22:36:23:046 [IN ] C8 24 07 0B 25 A5 07 01 31 03 81 5A 4C 63 BB 00 (16)
                              [N7:N] TPOS 'Z' 76 (76)
2026-02-27 22:36:23:249 [IN ] C8 24 07 0A 25 A5 07 01 31 02 81 49 05 44 BB (15)
                              [N7:N] TPOS 'I'
2026-02-27 22:36:23:471 [OUT] 25 A5 01 07 31 03 C9 3D 09 4B 10 (11)
                              [N7:N] LFLAG '=' 9 (9)
2026-02-27 22:36:23:636 [IN ] C8 24 07 0B 25 A5 07 01 31 03 C9 3A 09 48 10 00 (16)
                              [N7:N] LFLAG ':' 9 (9)
2026-02-27 22:36:26:042 [IN ] C8 24 04 0E 25 A5 04 01 31 06 81 45 FF EE 85 FF 73 11 0A (19)
                              [N4:Y] TPOS 'E' 255 238 133 255 (-1145345)
2026-02-27 22:36:26:264 [OUT] 25 A5 01 09 31 05 81 FF E7 5D 56 5A 0C (13)
                              [N9:P] TPOS 255 231 93 86 (-1614506)
2026-02-27 22:36:26:285 [OUT] 25 A5 01 04 31 05 81 FF FD 50 01 09 B7 (13)
                              [N4:Y] TPOS 255 253 80 1 (-176127)
2026-02-27 22:36:26:307 [OUT] 25 A5 01 07 31 05 81 FF AB 19 75 F7 DF (13)
                              [N7:N] TPOS 255 171 25 117 (-5564043)
2026-02-27 22:36:26:329 [OUT] 25 A5 01 03 31 05 81 FF EC 4A AB 9B 1A (13)
                              [N3:X] TPOS 255 236 74 171 (-1291605)
2026-02-27 22:36:26:350 [OUT] 25 A5 01 06 31 02 D8 3F 51 DD (10)
                              [N6:H] INTERRUPT '?'
2026-02-27 22:36:26:652 [IN ] C8 24 09 0E 25 A5 09 01 31 06 81 53 FF FF FF EC FE 9D 0A C8 24 04 0E 25 A5 04 01 31 06 81 53 FF EE 85 FF 81 57 0A (38)
                              [N9:P] TPOS 'S' 255 255 255 236 (-20)
                              [N4:Y] TPOS 'S' 255 238 133 255 (-1145345)
2026-02-27 22:36:26:955 [IN ] C8 24 07 0E 25 A5 07 01 31 06 81 53 FF FF FF FC 0C 99 0A C8 24 03 0E 25 A5 03 01 31 06 81 53 FF FF FF FF 0B 74 0A C8 24 06 0C 25 A5 06 01 31 04 D8 3A 01 01 50 82 0B (55)
                              [N7:N] TPOS 'S' 255 255 255 252 (-4)
                              [N3:X] TPOS 'S' 255 255 255 255 (-1)
                              [N6:H] INTERRUPT ':' 1 1 (257)
2026-02-27 22:36:26:976 [OUT] 25 A5 01 06 31 03 C9 3D 0B 4C 0C (11)
                              [N6:H] LFLAG '=' 11 (11)
2026-02-27 22:36:27:142 [IN ] C8 24 06 0B 25 A5 06 01 31 03 C9 3A 0B 49 0B 82 (16)
                              [N6:H] LFLAG ':' 11 (11)
2026-02-27 22:36:27:163 [OUT] 25 A5 01 06 31 03 88 FF B0 72 72 (11)
                              [N6:H] RUN 255 176 (-80)
2026-02-27 22:36:27:330 [IN ] C8 24 06 0C 25 A5 06 01 31 04 88 53 FF B0 C6 38 0B (17)
                              [N6:H] RUN 'S' 255 176 (-80)
2026-02-27 22:36:29:135 [IN ] C8 24 0C 0B 25 A5 0C 01 31 03 81 5A 4C 68 DE 38 C8 24 0C 0A 25 A5 0C 01 31 02 81 49 0A 62 DE (31)
                              [N12:Z] TPOS 'Z' 76 (76)
                              [N12:Z] TPOS 'I'
2026-02-27 22:36:29:358 [OUT] 25 A5 01 0C 31 03 C9 3D 09 50 2E (11)
                              [N12:Z] LFLAG '=' 9 (9)
2026-02-27 22:36:29:524 [IN ] C8 24 0C 0B 25 A5 0C 01 31 03 C9 3A 09 4D 33 38 (16)
                              [N12:Z] LFLAG ':' 9 (9)
2026-02-27 22:36:29:545 [OUT] 25 A5 01 0C 31 05 81 FF BC D0 00 4F 33 (13)
                              [N12:Z] TPOS 255 188 208 0 (-4403200)
2026-02-27 22:36:29:730 [IN ] C8 24 0C 0E 25 A5 0C 01 31 06 81 53 FF FF FF 81 96 50 0A (19)
                              [N12:Z] TPOS 'S' 255 255 255 129 (-127)
2026-02-27 22:36:31:536 [IN ] C8 24 06 0B 25 A5 06 01 31 03 81 5A 4C 62 B4 81 C8 24 06 0A 25 A5 06 01 31 02 81 49 04 3E B4 (31)
                              [N6:H] TPOS 'Z' 76 (76)
                              [N6:H] TPOS 'I'
2026-02-27 22:36:31:758 [OUT] 25 A5 01 06 31 03 C9 3D 09 4A 0A (11)
                              [N6:H] LFLAG '=' 9 (9)
2026-02-27 22:36:31:923 [IN ] C8 24 06 0B 25 A5 06 01 31 03 C9 3A 09 47 09 81 (16)
                              [N6:H] LFLAG ':' 9 (9)
2026-02-27 22:36:31:944 [OUT] 25 A5 01 06 31 03 84 00 50 0F 08 (11)
                              [N6:H] VEL 0 80 (80)
2026-02-27 22:36:32:109 [IN ] C8 24 06 0C 25 A5 06 01 31 04 84 53 00 50 63 CA 96 (17)
                              [N6:H] VEL 'S' 0 80 (80)
2026-02-27 22:36:32:130 [OUT] 25 A5 01 06 31 05 81 00 19 82 3C 95 BE (13)
                              [N6:H] TPOS 0 25 130 60 (1671740)
2026-02-27 22:36:32:317 [IN ] C8 24 06 0E 25 A5 06 01 31 06 81 53 00 00 00 00 12 9C 0A (19)
                              [N6:H] TPOS 'S' 0 0 0 0 (0)
2026-02-27 22:36:33:320 [IN ] C8 24 03 0E 25 A5 03 01 31 06 81 45 FF EC 47 9A CD 20 0A (19)
                              [N3:X] TPOS 'E' 255 236 71 154 (-1292390)
2026-02-27 22:36:33:744 [OUT] 25 A5 01 03 31 05 81 FF FD 50 01 08 AF (13)
                              [N3:X] TPOS 255 253 80 1 (-176127)
2026-02-27 22:36:33:930 [IN ] C8 24 03 0E 25 A5 03 01 31 06 81 53 FF EC 47 9B DC 67 0A (19)
                              [N3:X] TPOS 'S' 255 236 71 155 (-1292389)
2026-02-27 22:36:35:535 [IN ] C8 24 04 0E 25 A5 04 01 31 06 81 45 FF FD 4F 96 E3 69 0A (19)
                              [N4:Y] TPOS 'E' 255 253 79 150 (-176234)
2026-02-27 22:36:36:538 [IN ] C8 24 09 0E 25 A5 09 01 31 06 81 45 FF E7 5C 57 A0 34 0A (19)
                              [N9:P] TPOS 'E' 255 231 92 87 (-1614761)
2026-02-27 22:36:36:961 [OUT] 25 A5 01 09 31 05 81 FF FF D9 C8 60 BE (13)
                              [N9:P] TPOS 255 255 217 200 (-9784)
2026-02-27 22:36:37:146 [IN ] C8 24 09 0E 25 A5 09 01 31 06 81 53 FF E7 5C (15)
2026-02-27 22:36:37:168 [IN ] 63 BA 86 0A (4)
                              [N9:P] TPOS 'S' 255 231 92 99 (-1614749)
2026-02-27 22:36:40:376 [IN ] C8 24 06 0E 25 A5 06 01 31 06 81 45 00 19 86 17 BA C4 0A (19)
                              [N6:H] TPOS 'E' 0 25 134 23 (1672727)
2026-02-27 22:36:40:799 [OUT] 25 A5 01 06 31 05 81 00 0D 03 C1 8F 21 (13)
                              [N6:H] TPOS 0 13 3 193 (852929)
2026-02-27 22:36:40:985 [IN ] C8 24 06 0E 25 A5 06 01 31 06 81 53 00 19 86 16 C7 09 0A (19)
                              [N6:H] TPOS 'S' 0 25 134 22 (1672726)
2026-02-27 22:36:44:193 [IN ] C8 24 03 0E 25 A5 03 01 31 06 81 45 FF FD 50 DC 29 A7 0A (19)
                              [N3:X] TPOS 'E' 255 253 80 220 (-175908)
2026-02-27 22:36:44:796 [IN ] C8 24 06 0E 25 A5 06 01 31 06 81 45 00 0C FE D9 E7 4F 0A (19)
                              [N6:H] TPOS 'E' 0 12 254 217 (851673)
2026-02-27 22:36:45:019 [OUT] 25 A5 01 05 31 02 D8 3F 50 D8 (10)
                              [N5:V] INTERRUPT '?'
2026-02-27 22:36:45:321 [IN ] C8 24 05 0C 25 A5 05 01 31 04 D8 3A 01 01 4F 7A E7 (17)
                              [N5:V] INTERRUPT ':' 1 1 (257)
2026-02-27 22:36:45:341 [OUT] 25 A5 01 05 31 03 C9 3D 0B 4B 06 (11)
                              [N5:V] LFLAG '=' 11 (11)
2026-02-27 22:36:45:510 [IN ] C8 24 05 0B 25 A5 05 01 31 03 C9 3A 0B 48 04 7A (16)
                              [N5:V] LFLAG ':' 11 (11)
2026-02-27 22:36:45:531 [OUT] 25 A5 01 05 31 03 88 FF B0 71 6C (11)
                              [N5:V] RUN 255 176 (-80)
2026-02-27 22:36:45:696 [IN ] C8 24 05 0C 25 A5 05 01 31 04 88 53 FF B0 C5 30 E7 (17)
                              [N5:V] RUN 'S' 255 176 (-80)
2026-02-27 22:36:47:501 [IN ] C8 24 09 0E 25 A5 09 01 31 06 81 45 FF FF DA 5E 3D 7F 0A (19)
                              [N9:P] TPOS 'E' 255 255 218 94 (-9634)
2026-02-27 22:36:47:723 [OUT] 25 A5 01 08 31 02 D8 3F 53 E7 (10)
                              [N8:R] INTERRUPT '?'
2026-02-27 22:36:48:025 [IN ] C8 24 08 0C 25 A5 08 01 31 04 D8 3A 01 01 52 92 3D (17)
                              [N8:R] INTERRUPT ':' 1 1 (257)
2026-02-27 22:36:48:046 [OUT] 25 A5 01 08 31 03 CA 3D 0B 4F 1B (11)
                              [N8:R] RFLAG '=' 11 (11)
2026-02-27 22:36:48:232 [IN ] C8 24 08 0B 25 A5 08 01 31 03 CA 3A 0B 4C 1C 92 (16)
                              [N8:R] RFLAG ':' 11 (11)
2026-02-27 22:36:48:253 [OUT] 25 A5 01 08 31 03 88 00 50 15 20 (11)
                              [N8:R] RUN 0 80 (80)
2026-02-27 22:36:48:418 [IN ] C8 24 08 0C 25 A5 08 01 31 04 88 53 00 50 69 EA 3D (17)
                              [N8:R] RUN 'S' 0 80 (80)
2026-02-27 22:36:50:829 [IN ] C8 24 05 0B 25 A5 05 01 31 03 81 5A 4C 61 AD EA C8 24 05 0A 25 A5 05 01 31 02 81 49 03 38 AD (31)
                              [N5:V] TPOS 'Z' 76 (76)
                              [N5:V] TPOS 'I'
2026-02-27 22:36:51:052 [OUT] 25 A5 01 05 31 03 C9 3D 09 49 04 (11)
                              [N5:V] LFLAG '=' 9 (9)
2026-02-27 22:36:51:217 [IN ] C8 24 05 0B 25 A5 05 01 31 03 C9 3A 09 46 02 EA (16)
                              [N5:V] LFLAG ':' 9 (9)
2026-02-27 22:36:51:238 [OUT] 25 A5 01 05 31 03 84 00 50 0E 02 (11)
                              [N5:V] VEL 0 80 (80)
2026-02-27 22:36:51:403 [IN ] C8 24 05 0C 25 A5 05 01 31 04 84 53 00 50 62 C2 3D (17)
                              [N5:V] VEL 'S' 0 80 (80)
2026-02-27 22:36:51:425 [OUT] 25 A5 01 05 31 05 81 00 19 82 3C 94 B6 (13)
                              [N5:V] TPOS 0 25 130 60 (1671740)
2026-02-27 22:36:51:613 [IN ] C8 24 05 0E 25 A5 05 01 31 06 81 53 00 00 00 00 11 92 0A (19)
                              [N5:V] TPOS 'S' 0 0 0 0 (0)
2026-02-27 22:36:51:814 [IN ] C8 24 07 0E 25 A5 07 01 31 06 81 45 FF AB 14 7D 40 02 0A (19)
                              [N7:N] TPOS 'E' 255 171 20 125 (-5565315)
2026-02-27 22:36:52:237 [OUT] 25 A5 01 07 31 05 81 FF F3 35 BF A5 39 (13)
                              [N7:N] TPOS 255 243 53 191 (-838209)
2026-02-27 22:36:52:423 [IN ] C8 24 07 0E 25 A5 07 01 31 06 81 53 FF AB 14 7D 4E 48 0A (19)
                              [N7:N] TPOS 'S' 255 171 20 125 (-5565315)
2026-02-27 22:36:55:430 [IN ] C8 24 0C 0E 25 A5 0C 01 31 06 81 45 FF BC CE A6 39 04 0A (19)
                              [N12:Z] TPOS 'E' 255 188 206 166 (-4403546)
2026-02-27 22:36:55:853 [OUT] 25 A5 01 0C 31 05 81 FF D1 1A 67 15 6D (13)
                              [N12:Z] TPOS 255 209 26 103 (-3073433)
2026-02-27 22:36:56:037 [IN ] C8 24 0C 0E 25 A5 0C 01 31 06 81 53 FF BC CE A7 48 4B 0A (19)
                              [N12:Z] TPOS 'S' 255 188 206 167 (-4403545)
2026-02-27 22:36:57:043 [IN ] C8 24 08 0B 25 A5 08 01 31 03 81 5A 52 6A C8 A7 C8 24 08 0A 25 A5 08 01 31 02 81 49 06 4A C8 (31)
                              [N8:R] TPOS 'Z' 82 (82)
                              [N8:R] TPOS 'I'
2026-02-27 22:36:57:267 [OUT] 25 A5 01 08 31 03 CA 3D 09 4D 19 (11)
                              [N8:R] RFLAG '=' 9 (9)
2026-02-27 22:36:57:433 [IN ] C8 24 08 0B 25 A5 08 01 31 03 CA 3A 09 4A 1A A7 (16)
                              [N8:R] RFLAG ':' 9 (9)
2026-02-27 22:36:57:454 [OUT] 25 A5 01 08 31 05 81 FF DC 77 1D 2F DE (13)
                              [N8:R] TPOS 255 220 119 29 (-2328803)
2026-02-27 22:36:57:642 [IN ] C8 24 08 0E 25 A5 08 01 31 06 81 53 FF FF FF DC ED 83 0A (19)
                              [N8:R] TPOS 'S' 255 255 255 220 (-36)
2026-02-27 22:36:59:648 [IN ] C8 24 05 0E 25 A5 05 01 31 06 81 45 00 19 85 D0 71 71 0A (19)
                              [N5:V] TPOS 'E' 0 25 133 208 (1672656)
2026-02-27 22:37:00:072 [OUT] 25 A5 01 05 31 05 81 00 0D 03 C1 8E 19 (13)
                              [N5:V] TPOS 0 13 3 193 (852929)
2026-02-27 22:37:00:258 [IN ] C8 24 05 0E 25 A5 05 01 31 06 81 53 00 19 85 D0 7F B7 0A (19)
                              [N5:V] TPOS 'S' 0 25 133 208 (1672656)
2026-02-27 22:37:03:667 [IN ] C8 24 0C 0E 25 A5 0C 01 31 06 81 45 FF D1 1B B0 A5 E7 0A (19)
                              [N12:Z] TPOS 'E' 255 209 27 176 (-3073104)
2026-02-27 22:37:05:473 [IN ] C8 24 05 0E 25 A5 05 01 31 06 81 45 00 0D 02 35 47 AC 0A (19)
                              [N5:V] TPOS 'E' 0 13 2 53 (852533)
2026-02-27 22:37:05:696 [OUT] 25 A5 01 03 31 05 81 FF ED B1 30 88 70 (13)
                              [N3:X] TPOS 255 237 177 48 (-1199824)
2026-02-27 22:37:05:717 [OUT] 25 A5 01 04 31 05 81 FF F3 BD 0C 77 7E (13)
                              [N4:Y] TPOS 255 243 189 12 (-803572)
2026-02-27 22:37:05:904 [IN ] C8 24 03 0E 25 A5 03 01 31 06 81 53 FF FD 50 DC 37 ED 0A (19)
                              [N3:X] TPOS 'S' 255 253 80 220 (-175908)
2026-02-27 22:37:06:009 [IN ] C8 24 04 0E 25 A5 04 01 31 06 81 53 FF FD 4F 96 F1 AF 0A (19)
                              [N4:Y] TPOS 'S' 255 253 79 150 (-176234)
2026-02-27 22:37:09:217 [IN ] C8 24 04 0E 25 A5 04 01 31 06 81 45 FF F3 B9 38 E5 C1 0A (19)
                              [N4:Y] TPOS 'E' 255 243 185 56 (-804552)
2026-02-27 22:37:11:023 [IN ] C8 24 03 0E 25 A5 03 01 31 06 81 45 FF ED AD DC 76 31 0A (19)
                              [N3:X] TPOS 'E' 255 237 173 220 (-1200676)
2026-02-27 22:37:13:028 [IN ] C8 24 08 0E 25 A5 08 01 31 06 81 45 FF DC 74 74 C9 56 0A (19)
                              [N8:R] TPOS 'E' 255 220 116 116 (-2329484)
2026-02-27 22:37:13:452 [OUT] 25 A5 01 08 31 05 81 FF EE 15 56 18 89 (13)
                              [N8:R] TPOS 255 238 21 86 (-1174186)
2026-02-27 22:37:13:576 [IN ] C8 24 07 0E 25 A5 07 01 31 06 81 45 FF F3 (14)
2026-02-27 22:37:13:599 [IN ] 3A CC FD 75 0A (5)
                              [N7:N] TPOS 'E' 255 243 58 204 (-836916)
2026-02-27 22:37:13:662 [IN ] C8 24 08 0E 25 A5 08 01 31 06 81 53 FF DC 74 7F E2 A7 0A (19)
                              [N8:R] TPOS 'S' 255 220 116 127 (-2329473)
2026-02-27 22:37:22:081 [IN ] C8 24 08 0E 25 A5 08 01 31 06 81 45 FF EE 16 E3 EC 3F 0A (19)
                              [N8:R] TPOS 'E' 255 238 22 227 (-1173789)
