2026-02-27 22:40:19:172 [OUT] 25 A5 01 0A 31 05 D6 3D FF 00 00 53 ED (13)
                              [N10:HMI] HMILED '=' 255 0 0 (16711680)
2026-02-27 22:40:19:194 [OUT] 25 A5 01 03 31 02 D8 3F 4E CE (10)
                              [N3:X] INTERRUPT '?'
2026-02-27 22:40:19:497 [IN ] C8 24 0A 0D 25 A5 0A 01 31 05 D6 3A FF 00 00 50 EA 32 C8 24 03 0C 25 A5 03 01 31 04 D8 3A 01 01 4D 6A EA (35)
                              [N10:HMI] HMILED ':' 255 0 0 (16711680)
                              [N3:X] INTERRUPT ':' 1 1 (257)
2026-02-27 22:40:19:519 [OUT] 25 A5 01 09 31 03 C9 3D 09 4D 1C (11)
                              [N9:P] LFLAG '=' 9 (9)
2026-02-27 22:40:19:541 [OUT] 25 A5 01 04 31 02 D8 3F 4F D3 (10)
                              [N4:Y] INTERRUPT '?'
2026-02-27 22:40:19:843 [IN ] C8 24 09 0B 25 A5 09 01 31 03 C9 3A 09 4A 1E 6A C8 24 04 0C 25 A5 04 01 31 04 D8 3A 01 01 4E 72 EA (33)
                              [N9:P] LFLAG ':' 9 (9)
                              [N4:Y] INTERRUPT ':' 1 1 (257)
2026-02-27 22:40:19:864 [OUT] 25 A5 01 09 31 03 CA 3D 09 4E 1F (11)
                              [N9:P] RFLAG '=' 9 (9)
2026-02-27 22:40:19:886 [OUT] 25 A5 01 0C 31 02 D8 3F 57 FB (10)
                              [N12:Z] INTERRUPT '?'
2026-02-27 22:40:20:188 [IN ] C8 24 09 0B 25 A5 09 01 31 03 CA 3A 09 4B 21 72 C8 24 0C 0C 25 A5 0C 01 31 04 D8 3A 01 01 56 B2 EA (33)
                              [N9:P] RFLAG ':' 9 (9)
                              [N12:Z] INTERRUPT ':' 1 1 (257)
2026-02-27 22:40:20:209 [OUT] 25 A5 01 08 31 03 C9 3D 09 4C 16 (11)
                              [N8:R] LFLAG '=' 9 (9)
2026-02-27 22:40:20:231 [OUT] 25 A5 01 03 31 03 C9 3D 0B 49 FA (11)
                              [N3:X] LFLAG '=' 11 (11)
2026-02-27 22:40:20:253 [OUT] 25 A5 01 04 31 03 C9 3D 0B 4A 00 (11)
                              [N4:Y] LFLAG '=' 11 (11)
2026-02-27 22:40:20:275 [OUT] 25 A5 01 0C 31 03 C9 3D 0B 52 30 (11)
                              [N12:Z] LFLAG '=' 11 (11)
2026-02-27 22:40:20:379 [IN ] C8 24 08 0B 25 A5 08 01 31 03 C9 3A 09 49 17 B2 (16)
                              [N8:R] LFLAG ':' 9 (9)
2026-02-27 22:40:20:400 [OUT] 25 A5 01 08 31 03 CA 3D 09 4D 19 (11)
                              [N8:R] RFLAG '=' 9 (9)
2026-02-27 22:40:20:483 [IN ] C8 24 03 0B 25 A5 03 01 31 03 C9 3A 0B 46 F6 B2 (16)
                              [N3:X] LFLAG ':' 11 (11)
2026-02-27 22:40:20:504 [OUT] 25 A5 01 03 31 03 88 00 50 10 02 (11)
                              [N3:X] RUN 0 80 (80)
2026-02-27 22:40:20:589 [IN ] C8 24 04 0B 25 A5 04 01 31 03 C9 3A 0B 47 FD B2 (16)
                              [N4:Y] LFLAG ':' 11 (11)
2026-02-27 22:40:20:610 [OUT] 25 A5 01 04 31 03 88 00 50 11 08 (11)
                              [N4:Y] RUN 0 80 (80)
2026-02-27 22:40:20:695 [IN ] C8 24 0C 0B 25 A5 0C 01 31 03 C9 3A 0B 4F 35 B2 (16)
                              [N12:Z] LFLAG ':' 11 (11)
2026-02-27 22:40:20:716 [OUT] 25 A5 01 0C 31 03 88 00 50 19 38 (11)
                              [N12:Z] RUN 0 80 (80)
2026-02-27 22:40:20:799 [IN ] C8 (1)
2026-02-27 22:40:20:821 [IN ] 24 08 0B 25 A5 08 01 31 03 CA 3A 09 4A 1A B2 (15)
                              [N8:R] RFLAG ':' 9 (9)
2026-02-27 22:40:20:946 [IN ] C8 24 03 0C 25 A5 03 01 31 04 88 53 00 50 64 C2 EA (17)
                              [N3:X] RUN 'S' 0 80 (80)
2026-02-27 22:40:21:028 [IN ] C8 24 04 0C 25 A5 04 01 31 04 88 53 00 50 65 CA EA (17)
                              [N4:Y] RUN 'S' 0 80 (80)
2026-02-27 22:40:21:153 [IN ] C8 24 0C 0C 25 A5 0C 01 31 04 88 53 00 50 6D 0A EA (17)
                              [N12:Z] RUN 'S' 0 80 (80)
2026-02-27 22:40:27:570 [IN ] C8 24 04 0B 25 A5 04 01 31 03 81 5A 4C 60 A6 0A C8 24 04 0A 25 A5 04 01 31 02 81 49 02 32 A6 (31)
                              [N4:Y] TPOS 'Z' 76 (76)
                              [N4:Y] TPOS 'I'
2026-02-27 22:40:27:792 [OUT] 25 A5 01 09 31 02 D8 3F 54 EC (10)
                              [N9:P] INTERRUPT '?'
2026-02-27 22:40:28:095 [IN ] C8 24 09 0C 25 A5 09 01 31 04 D8 3A 01 01 53 9A EA (17)
                              [N9:P] INTERRUPT ':' 1 1 (257)
2026-02-27 22:40:28:116 [OUT] 25 A5 01 04 31 03 C9 3D 09 48 FE (11)
                              [N4:Y] LFLAG '=' 9 (9)
2026-02-27 22:40:28:137 [OUT] 25 A5 01 07 31 02 D8 3F 52 E2 (10)
                              [N7:N] INTERRUPT '?'
2026-02-27 22:40:28:439 [IN ] C8 24 04 0B 25 A5 04 01 31 03 C9 3A 09 45 FB 9A C8 24 07 0C 25 A5 07 01 31 04 D8 3A 01 01 51 8A EA (33)
                              [N4:Y] LFLAG ':' 9 (9)
                              [N7:N] INTERRUPT ':' 1 1 (257)
2026-02-27 22:40:28:460 [OUT] 25 A5 01 09 31 03 C9 3D 0B 4F 1E (11)
                              [N9:P] LFLAG '=' 11 (11)
2026-02-27 22:40:28:482 [OUT] 25 A5 01 07 31 03 C9 3D 0B 4D 12 (11)
                              [N7:N] LFLAG '=' 11 (11)
2026-02-27 22:40:28:649 [IN ] C8 24 09 0B 25 A5 09 01 31 03 C9 3A 0B 4C 20 8A (16)
                              [N9:P] LFLAG ':' 11 (11)
2026-02-27 22:40:28:670 [OUT] 25 A5 01 09 31 03 88 00 50 16 26 (11)
                              [N9:P] RUN 0 80 (80)
2026-02-27 22:40:28:734 [IN ] C8 24 07 0B 25 A5 07 01 31 03 C9 3A 0B 4A 12 8A (16)
                              [N7:N] LFLAG ':' 11 (11)
2026-02-27 22:40:28:756 [OUT] 25 A5 01 07 31 03 88 00 50 14 1A (11)
                              [N7:N] RUN 0 80 (80)
2026-02-27 22:40:28:839 [IN ] C8 24 09 0C 25 A5 09 01 31 04 88 53 00 50 6A F2 EA (17)
                              [N9:P] RUN 'S' 0 80 (80)
2026-02-27 22:40:28:922 [IN ] C8 24 09 0B 25 A5 09 01 31 03 81 5A 4C 65 C9 F2 (16)
                              [N9:P] TPOS 'Z' 76 (76)
2026-02-27 22:40:28:967 [IN ] C8 24 07 0C 25 A5 07 01 31 04 88 53 00 50 68 E2 EA C8 24 09 0A 25 A5 09 01 31 02 81 49 07 50 68 (32)
                              [N7:N] RUN 'S' 0 80 (80)
                              [N9:P] TPOS 'I'
2026-02-27 22:40:29:189 [OUT] 25 A5 01 09 31 03 C9 3D 09 4D 1C (11)
                              [N9:P] LFLAG '=' 9 (9)
2026-02-27 22:40:29:211 [OUT] 25 A5 01 04 31 05 81 FF EE 88 01 32 FA (13)
                              [N4:Y] TPOS 255 238 136 1 (-1144831)
2026-02-27 22:40:29:356 [IN ] C8 24 09 0B 25 A5 09 01 31 03 C9 3A 09 4A 1E E2 (16)
                              [N9:P] LFLAG ':' 9 (9)
2026-02-27 22:40:29:500 [IN ] C8 24 04 0E 25 A5 04 01 31 06 81 53 00 00 00 00 10 88 0A (19)
                              [N4:Y] TPOS 'S' 0 0 0 0 (0)
2026-02-27 22:40:30:906 [IN ] C8 24 03 0B 25 A5 03 01 31 03 81 5A 4C 5F 9F 00 C8 24 03 0A 25 A5 03 01 31 02 81 49 01 2C 9F (31)
                              [N3:X] TPOS 'Z' 76 (76)
                              [N3:X] TPOS 'I'
2026-02-27 22:40:31:128 [OUT] 25 A5 01 03 31 03 C9 3D 09 47 F8 (11)
                              [N3:X] LFLAG '=' 9 (9)
2026-02-27 22:40:31:272 [IN ] C8 24 03 0B 25 A5 03 01 31 03 C9 3A 09 44 F4 00 (16)
                              [N3:X] LFLAG ':' 9 (9)
2026-02-27 22:40:32:881 [IN ] C8 24 07 0B 25 A5 07 01 31 03 81 5A 4C 63 BB 00 C8 24 07 0A 25 A5 07 01 31 02 81 49 05 44 BB (31)
                              [N7:N] TPOS 'Z' 76 (76)
                              [N7:N] TPOS 'I'
2026-02-27 22:40:33:104 [OUT] 25 A5 01 07 31 03 C9 3D 09 4B 10 (11)
                              [N7:N] LFLAG '=' 9 (9)
2026-02-27 22:40:33:268 [IN ] C8 24 07 0B 25 A5 07 01 31 03 C9 3A 09 48 10 00 (16)
                              [N7:N] LFLAG ':' 9 (9)
2026-02-27 22:40:35:474 [IN ] C8 24 04 0E 25 A5 04 01 31 06 81 45 FF EE 85 79 ED 8B 0A (19)
                              [N4:Y] TPOS 'E' 255 238 133 121 (-1145479)
2026-02-27 22:40:35:697 [OUT] 25 A5 01 09 31 05 81 FF E7 5D 56 5A 0C (13)
                              [N9:P] TPOS 255 231 93 86 (-1614506)
2026-02-27 22:40:35:718 [OUT] 25 A5 01 04 31 05 81 FF FD 50 01 09 B7 (13)
                              [N4:Y] TPOS 255 253 80 1 (-176127)
2026-02-27 22:40:35:740 [OUT] 25 A5 01 07 31 05 81 FF AB 19 75 F7 DF (13)
                              [N7:N] TPOS 255 171 25 117 (-5564043)
2026-02-27 22:40:35:762 [OUT] 25 A5 01 03 31 05 81 FF EC 4A AB 9B 1A (13)
                              [N3:X] TPOS 255 236 74 171 (-1291605)
2026-02-27 22:40:35:784 [OUT] 25 A5 01 06 31 02 D8 3F 51 DD (10)
                              [N6:H] INTERRUPT '?'
2026-02-27 22:40:36:087 [IN ] C8 24 09 0E 25 A5 09 01 31 06 81 53 FF FF FF EE 00 9F 0A C8 24 04 0E 25 A5 04 01 31 06 81 53 FF EE 85 79 FB D1 0A (38)
                              [N9:P] TPOS 'S' 255 255 255 238 (-18)
                              [N4:Y] TPOS 'S' 255 238 133 121 (-1145479)
2026-02-27 22:40:36:390 [IN ] C8 24 07 0E 25 A5 07 01 31 06 81 53 FF FF FF FB 0B 98 0A C8 24 03 0E 25 A5 03 01 31 06 81 53 FF FF FF FF 0B 74 0A C8 24 06 0C 25 A5 06 01 31 04 D8 3A 01 01 50 82 0B (55)
                              [N7:N] TPOS 'S' 255 255 255 251 (-5)
                              [N3:X] TPOS 'S' 255 255 255 255 (-1)
                              [N6:H] INTERRUPT ':' 1 1 (257)
2026-02-27 22:40:36:411 [OUT] 25 A5 01 06 31 03 C9 3D 0B 4C 0C (11)
                              [N6:H] LFLAG '=' 11 (11)
2026-02-27 22:40:36:576 [IN ] C8 24 06 0B 25 A5 06 01 31 03 C9 3A 0B 49 0B 82 (16)
                              [N6:H] LFLAG ':' 11 (11)
2026-02-27 22:40:36:598 [OUT] 25 A5 01 06 31 03 88 FF B0 72 72 (11)
                              [N6:H] RUN 255 176 (-80)
2026-02-27 22:40:36:784 [IN ] C8 24 06 0C 25 A5 06 01 31 04 88 53 FF B0 C6 38 0B (17)
                              [N6:H] RUN 'S' 255 176 (-80)
2026-02-27 22:40:38:790 [IN ] C8 24 0C 0B 25 A5 0C 01 31 03 81 5A 4C 68 DE 38 C8 24 0C 0A 25 A5 0C 01 31 02 81 49 0A 62 DE (31)
                              [N12:Z] TPOS 'Z' 76 (76)
                              [N12:Z] TPOS 'I'
2026-02-27 22:40:39:013 [OUT] 25 A5 01 0C 31 03 C9 3D 09 50 2E (11)
                              [N12:Z] LFLAG '=' 9 (9)
2026-02-27 22:40:39:177 [IN ] C8 24 0C 0B 25 A5 0C 01 31 03 C9 3A 09 4D 33 38 (16)
                              [N12:Z] LFLAG ':' 9 (9)
2026-02-27 22:40:39:198 [OUT] 25 A5 01 0C 31 05 81 FF BC D0 00 4F 33 (13)
                              [N12:Z] TPOS 255 188 208 0 (-4403200)
2026-02-27 22:40:39:384 [IN ] C8 24 0C 0E 25 A5 0C 01 31 06 81 53 FF FF FF 63 78 32 0A (19)
                              [N12:Z] TPOS 'S' 255 255 255 99 (-157)
2026-02-27 22:40:40:990 [IN ] C8 24 06 0B 25 A5 06 01 31 03 81 5A 4C 62 B4 63 C8 24 06 0A 25 A5 06 01 31 02 81 49 04 3E B4 (31)
                              [N6:H] TPOS 'Z' 76 (76)
                              [N6:H] TPOS 'I'
2026-02-27 22:40:41:213 [OUT] 25 A5 01 06 31 03 C9 3D 09 4A 0A (11)
                              [N6:H] LFLAG '=' 9 (9)
2026-02-27 22:40:41:379 [IN ] C8 24 06 0B 25 A5 06 01 31 03 C9 3A 09 47 09 63 (16)
                              [N6:H] LFLAG ':' 9 (9)
2026-02-27 22:40:41:399 [OUT] 25 A5 01 06 31 03 84 00 50 0F 08 (11)
                              [N6:H] VEL 0 80 (80)
2026-02-27 22:40:41:564 [IN ] C8 24 06 0C 25 A5 06 01 31 04 84 53 00 50 63 CA 78 (17)
                              [N6:H] VEL 'S' 0 80 (80)
2026-02-27 22:40:41:585 [OUT] 25 A5 01 06 31 05 81 00 19 82 3C 95 BE (13)
                              [N6:H] TPOS 0 25 130 60 (1671740)
2026-02-27 22:40:41:772 [IN ] C8 24 06 0E 25 A5 06 01 31 06 81 53 00 00 00 00 12 9C 0A (19)
                              [N6:H] TPOS 'S' 0 0 0 0 (0)
2026-02-27 22:40:42:775 [IN ] C8 24 03 0E 25 A5 03 01 31 06 81 45 FF EC 47 A3 D6 29 0A (19)
                              [N3:X] TPOS 'E' 255 236 71 163 (-1292381)
2026-02-27 22:40:43:198 [OUT] 25 A5 01 03 31 05 81 FF FD 50 01 08 AF (13)
                              [N3:X] TPOS 255 253 80 1 (-176127)
2026-02-27 22:40:43:383 [IN ] C8 24 03 0E 25 A5 03 01 31 06 81 53 FF EC 47 A3 E4 6F 0A (19)
                              [N3:X] TPOS 'S' 255 236 71 163 (-1292381)
2026-02-27 22:40:44:787 [IN ] C8 24 04 0E 25 A5 04 01 31 06 81 45 FF FD 4F 80 CD 53 0A (19)
                              [N4:Y] TPOS 'E' 255 253 79 128 (-176256)
2026-02-27 22:40:45:990 [IN ] C8 24 09 0E 25 A5 09 01 31 06 81 45 FF E7 5C 73 BC 50 0A (19)
                              [N9:P] TPOS 'E' 255 231 92 115 (-1614733)
2026-02-27 22:40:46:413 [OUT] 25 A5 01 09 31 05 81 FF FF D9 C8 60 BE (13)
                              [N9:P] TPOS 255 255 217 200 (-9784)
2026-02-27 22:40:46:597 [IN ] C8 (1)
2026-02-27 22:40:46:619 [IN ] 24 09 0E 25 A5 09 01 31 06 81 53 FF E7 5C 7F D6 A2 0A (18)
                              [N9:P] TPOS 'S' 255 231 92 127 (-1614721)
2026-02-27 22:40:49:826 [IN ] C8 24 06 0E 25 A5 06 01 31 06 81 45 00 19 86 27 CA D4 0A (19)
                              [N6:H] TPOS 'E' 0 25 134 39 (1672743)
2026-02-27 22:40:50:249 [OUT] 25 A5 01 06 31 05 81 00 0D 03 C1 8F 21 (13)
                              [N6:H] TPOS 0 13 3 193 (852929)
2026-02-27 22:40:50:435 [IN ] C8 24 06 0E 25 A5 06 01 31 06 81 53 00 19 86 27 D8 1A 0A (19)
                              [N6:H] TPOS 'S' 0 25 134 39 (1672743)
2026-02-27 22:40:53:642 [IN ] C8 24 03 0E 25 A5 03 01 31 06 81 45 FF FD 50 E2 2F AD 0A (19)
                              [N3:X] TPOS 'E' 255 253 80 226 (-175902)
2026-02-27 22:40:54:245 [IN ] C8 24 06 0E 25 A5 06 01 31 06 81 45 00 0C FE CE DC 44 0A (19)
                              [N6:H] TPOS 'E' 0 12 254 206 (851662)
2026-02-27 22:40:54:468 [OUT] 25 A5 01 05 31 02 D8 3F 50 D8 (10)
                              [N5:V] INTERRUPT '?'
2026-02-27 22:40:54:769 [IN ] C8 24 05 0C 25 A5 05 01 31 04 D8 3A 01 01 4F 7A DC (17)
                              [N5:V] INTERRUPT ':' 1 1 (257)
2026-02-27 22:40:54:790 [OUT] 25 A5 01 05 31 03 C9 3D 0B 4B 06 (11)
                              [N5:V] LFLAG '=' 11 (11)
2026-02-27 22:40:54:956 [IN ] C8 24 05 0B 25 A5 05 01 31 03 C9 3A 0B 48 04 7A (16)
                              [N5:V] LFLAG ':' 11 (11)
2026-02-27 22:40:54:977 [OUT] 25 A5 01 05 31 03 88 FF B0 71 6C (11)
                              [N5:V] RUN 255 176 (-80)
2026-02-27 22:40:55:164 [IN ] C8 24 05 0C 25 A5 05 01 31 04 88 53 FF B0 C5 30 DC (17)
                              [N5:V] RUN 'S' 255 176 (-80)
2026-02-27 22:40:56:769 [IN ] C8 24 09 0E 25 A5 09 01 31 06 81 45 FF FF DA 7F 5E A0 0A (19)
                              [N9:P] TPOS 'E' 255 255 218 127 (-9601)
2026-02-27 22:40:56:991 [OUT] 25 A5 01 08 31 02 D8 3F 53 E7 (10)
                              [N8:R] INTERRUPT '?'
2026-02-27 22:40:57:292 [IN ] C8 24 08 0C 25 A5 08 01 31 04 D8 3A 01 01 52 92 5E (17)
                              [N8:R] INTERRUPT ':' 1 1 (257)
2026-02-27 22:40:57:313 [OUT] 25 A5 01 08 31 03 CA 3D 0B 4F 1B (11)
                              [N8:R] RFLAG '=' 11 (11)
2026-02-27 22:40:57:479 [IN ] C8 24 08 0B 25 A5 08 01 31 03 CA 3A 0B 4C 1C 92 (16)
                              [N8:R] RFLAG ':' 11 (11)
2026-02-27 22:40:57:500 [OUT] 25 A5 01 08 31 03 88 00 50 15 20 (11)
                              [N8:R] RUN 0 80 (80)
2026-02-27 22:40:57:687 [IN ] C8 24 08 0C 25 A5 08 01 31 04 88 53 00 50 69 EA 5E (17)
                              [N8:R] RUN 'S' 0 80 (80)
2026-02-27 22:41:00:295 [IN ] C8 24 05 0B 25 A5 05 01 31 03 81 5A 4C 61 AD EA C8 24 05 0A 25 A5 05 01 31 02 81 49 03 38 AD (31)
                              [N5:V] TPOS 'Z' 76 (76)
                              [N5:V] TPOS 'I'
2026-02-27 22:41:00:518 [OUT] 25 A5 01 05 31 03 C9 3D 09 49 04 (11)
                              [N5:V] LFLAG '=' 9 (9)
2026-02-27 22:41:00:683 [IN ] C8 24 05 0B 25 A5 05 01 31 03 C9 3A 09 46 02 EA (16)
                              [N5:V] LFLAG ':' 9 (9)
2026-02-27 22:41:00:704 [OUT] 25 A5 01 05 31 03 84 00 50 0E 02 (11)
                              [N5:V] VEL 0 80 (80)
2026-02-27 22:41:00:868 [IN ] C8 24 05 0C 25 A5 05 01 31 04 84 53 00 50 62 C2 5E (17)
                              [N5:V] VEL 'S' 0 80 (80)
2026-02-27 22:41:00:889 [OUT] 25 A5 01 05 31 05 81 00 19 82 3C 94 B6 (13)
                              [N5:V] TPOS 0 25 130 60 (1671740)
2026-02-27 22:41:01:075 [IN ] C8 24 05 0E 25 A5 05 01 31 06 81 53 FF FF FF FE 0C 87 0A C8 24 07 0E 25 A5 07 01 31 06 81 45 FF AB 14 81 44 06 0A (38)
                              [N5:V] TPOS 'S' 255 255 255 254 (-2)
                              [N7:N] TPOS 'E' 255 171 20 129 (-5565311)
2026-02-27 22:41:01:497 [OUT] 25 A5 01 07 31 05 81 FF F3 35 BF A5 39 (13)
                              [N7:N] TPOS 255 243 53 191 (-838209)
2026-02-27 22:41:01:683 [IN ] C8 24 07 0E 25 A5 07 01 31 06 81 53 FF AB 14 81 52 4C 0A (19)
                              [N7:N] TPOS 'S' 255 171 20 129 (-5565311)
2026-02-27 22:41:05:090 [IN ] C8 24 0C 0E 25 A5 0C 01 31 06 81 45 FF BC CE AF 42 0D 0A (19)
                              [N12:Z] TPOS 'E' 255 188 206 175 (-4403537)
2026-02-27 22:41:05:515 [OUT] 25 A5 01 0C 31 05 81 FF D1 1A 67 15 6D (13)
                              [N12:Z] TPOS 255 209 26 103 (-3073433)
2026-02-27 22:41:05:700 [IN ] C8 24 0C 0E 25 A5 0C 01 31 06 81 53 FF BC CE B1 52 55 0A (19)
                              [N12:Z] TPOS 'S' 255 188 206 177 (-4403535)
2026-02-27 22:41:06:304 [IN ] C8 24 08 0B 25 A5 08 01 31 03 81 5A 52 6A C8 B1 C8 24 08 0A 25 A5 08 01 31 02 81 49 06 4A C8 (31)
                              [N8:R] TPOS 'Z' 82 (82)
                              [N8:R] TPOS 'I'
2026-02-27 22:41:06:526 [OUT] 25 A5 01 08 31 03 CA 3D 09 4D 19 (11)
                              [N8:R] RFLAG '=' 9 (9)
2026-02-27 22:41:06:691 [IN ] C8 24 08 0B (4)
2026-02-27 22:41:06:713 [IN ] 25 A5 08 01 31 03 CA 3A 09 4A 1A B1 (12)
                              [N8:R] RFLAG ':' 9 (9)
2026-02-27 22:41:06:734 [OUT] 25 A5 01 08 31 05 81 FF DC 77 1D 2F DE (13)
                              [N8:R] TPOS 255 220 119 29 (-2328803)
2026-02-27 22:41:06:919 [IN ] C8 24 08 0E 25 A5 08 01 31 06 81 53 FF FF FF D0 E1 77 0A (19)
                              [N8:R] TPOS 'S' 255 255 255 208 (-48)
2026-02-27 22:41:09:124 [IN ] C8 24 05 0E 25 A5 05 01 31 06 81 45 00 19 85 E4 85 85 0A (19)
                              [N5:V] TPOS 'E' 0 25 133 228 (1672676)
2026-02-27 22:41:09:547 [OUT] 25 A5 01 05 31 05 81 00 0D 03 C1 8E 19 (13)
                              [N5:V] TPOS 0 13 3 193 (852929)
2026-02-27 22:41:09:752 [IN ] C8 24 05 0E 25 A5 05 01 31 06 81 53 00 19 85 E3 92 CA 0A (19)
                              [N5:V] TPOS 'S' 0 25 133 227 (1672675)
2026-02-27 22:41:13:162 [IN ] C8 24 0C 0E 25 A5 0C 01 31 06 81 45 FF D1 1B BB B0 F2 0A (19)
                              [N12:Z] TPOS 'E' 255 209 27 187 (-3073093)
2026-02-27 22:41:14:968 [IN ] C8 24 05 0E 25 A5 05 01 31 06 81 45 00 0D 02 30 42 A7 0A (19)
                              [N5:V] TPOS 'E' 0 13 2 48 (852528)
2026-02-27 22:41:15:189 [OUT] 25 A5 01 03 31 05 81 FF ED B1 30 88 70 (13)
                              [N3:X] TPOS 255 237 177 48 (-1199824)
2026-02-27 22:41:15:213 [OUT] 25 A5 01 04 31 05 81 FF F3 BD 0C 77 7E (13)
                              [N4:Y] TPOS 255 243 189 12 (-803572)
2026-02-27 22:41:15:377 [IN ] C8 24 03 0E 25 A5 03 01 31 06 81 53 FF FD 50 E1 3C F2 0A (19)
                              [N3:X] TPOS 'S' 255 253 80 225 (-175903)
2026-02-27 22:41:15:501 [IN ] C8 24 04 0E 25 A5 04 01 31 06 81 53 FF FD 4F 80 DB 99 0A (19)
                              [N4:Y] TPOS 'S' 255 253 79 128 (-176256)
2026-02-27 22:41:18:709 [IN ] C8 24 04 0E 25 A5 04 01 31 06 81 45 FF F3 B9 2E DB B7 0A (19)
                              [N4:Y] TPOS 'E' 255 243 185 46 (-804562)
2026-02-27 22:41:20:516 [IN ] C8 24 03 0E 25 A5 03 01 31 06 81 45 FF ED AD D3 6D 28 0A (19)
                              [N3:X] TPOS 'E' 255 237 173 211 (-1200685)
2026-02-27 22:41:22:323 [IN ] C8 24 08 0E 25 A5 08 01 31 06 81 45 FF DC 74 7D D2 5F 0A (19)
                              [N8:R] TPOS 'E' 255 220 116 125 (-2329475)
2026-02-27 22:41:22:745 [OUT] 25 A5 01 08 31 05 81 FF EE 15 56 18 89 (13)
                              [N8:R] TPOS 255 238 21 86 (-1174186)
2026-02-27 22:41:22:829 [IN ] C8 24 07 0E 25 A5 07 01 31 06 81 45 FF F3 3A EE 1F 97 (18)
                              [N7:N] TPOS 'E' 255 243 58 238 (-836882)
2026-02-27 22:41:22:849 [IN ] 0A (1)
2026-02-27 22:41:22:932 [IN ] C8 24 08 0E 25 A5 08 01 31 06 81 53 FF DC 74 8A ED B2 0A (19)
                              [N8:R] TPOS 'S' 255 220 116 138 (-2329462)
2026-02-27 22:41:31:351 [IN ] C8 24 08 0E 25 A5 08 01 31 06 81 45 FF EE 16 CC D5 28 0A (19)
                              [N8:R] TPOS 'E' 255 238 22 204 (-1173812)
