2026-04-23 13:20:25:402 [IN ] C8 24 0B 0A 25 A5 0B 01 31 02 DE 00 1D CD 12 (15)
                              [N11:NG] NGSWSTATE 0 (0)
2026-04-23 13:20:25:425 [OUT] 25 A5 01 0A 31 05 D6 3D FF 00 00 53 ED (13)
                              [N10:HMI] HMILED '=' 255 0 0 (16711680)
2026-04-23 13:20:25:447 [OUT] 25 A5 01 03 31 02 D8 3F 4E CE (10)
                              [N3:X] INTERRUPT '?'
2026-04-23 13:20:25:749 [IN ] C8 24 0A 0D 25 A5 0A 01 31 05 D6 3A FF 00 00 50 EA CB C8 24 03 0C 25 A5 03 01 31 04 D8 3A 01 01 4D 6A EA (35)
                              [N10:HMI] HMILED ':' 255 0 0 (16711680)
                              [N3:X] INTERRUPT ':' 1 1 (257)
2026-04-23 13:20:25:770 [OUT] 25 A5 01 09 31 03 C9 3D 09 4D 1C (11)
                              [N9:P] LFLAG '=' 9 (9)
2026-04-23 13:20:25:793 [OUT] 25 A5 01 04 31 02 D8 3F 4F D3 (10)
                              [N4:Y] INTERRUPT '?'
2026-04-23 13:20:26:094 [IN ] C8 24 09 0B 25 A5 09 01 31 03 C9 3A 09 4A 1E 6A C8 24 04 0C 25 A5 04 01 31 04 D8 3A 01 01 4E 72 EA (33)
                              [N9:P] LFLAG ':' 9 (9)
                              [N4:Y] INTERRUPT ':' 1 1 (257)
2026-04-23 13:20:26:116 [OUT] 25 A5 01 09 31 03 CA 3D 09 4E 1F (11)
                              [N9:P] RFLAG '=' 9 (9)
2026-04-23 13:20:26:140 [OUT] 25 A5 01 0C 31 02 D8 3F 57 FB (10)
                              [N12:Z] INTERRUPT '?'
2026-04-23 13:20:26:441 [IN ] C8 24 09 0B 25 A5 09 01 31 03 CA 3A 09 4B 21 72 C8 24 0C 0C 25 A5 0C 01 31 04 D8 3A 01 01 56 B2 EA C8 24 0B 0A 25 A5 0B 01 31 02 DE 00 1D CD 56 (48)
                              [N9:P] RFLAG ':' 9 (9)
                              [N12:Z] INTERRUPT ':' 1 1 (257)
                              [N11:NG] NGSWSTATE 0 (0)
2026-04-23 13:20:26:463 [OUT] 25 A5 01 08 31 03 C9 3D 09 4C 16 (11)
                              [N8:R] LFLAG '=' 9 (9)
2026-04-23 13:20:26:485 [OUT] 25 A5 01 03 31 03 C9 3D 0B 49 FA (11)
                              [N3:X] LFLAG '=' 11 (11)
2026-04-23 13:20:26:507 [OUT] 25 A5 01 04 31 03 C9 3D 0B 4A 00 (11)
                              [N4:Y] LFLAG '=' 11 (11)
2026-04-23 13:20:26:529 [OUT] 25 A5 01 0C 31 03 C9 3D 0B 52 30 (11)
                              [N12:Z] LFLAG '=' 11 (11)
2026-04-23 13:20:26:635 [IN ] C8 24 08 0B 25 A5 08 01 31 03 C9 3A 09 49 17 B2 (16)
                              [N8:R] LFLAG ':' 9 (9)
2026-04-23 13:20:26:657 [OUT] 25 A5 01 08 31 03 CA 3D 09 4D 19 (11)
                              [N8:R] RFLAG '=' 9 (9)
2026-04-23 13:20:26:740 [IN ] C8 24 03 0B 25 A5 03 (7)
2026-04-23 13:20:26:761 [IN ] 01 31 03 C9 3A 0B 46 F6 B2 (9)
                              [N3:X] LFLAG ':' 11 (11)
2026-04-23 13:20:26:783 [OUT] 25 A5 01 03 31 03 88 00 50 10 02 (11)
                              [N3:X] RUN 0 80 (80)
2026-04-23 13:20:26:846 [IN ] C8 24 04 0B 25 A5 04 01 31 03 C9 3A 0B 47 FD B2 (16)
                              [N4:Y] LFLAG ':' 11 (11)
2026-04-23 13:20:26:868 [OUT] 25 A5 01 04 31 03 88 00 50 11 08 (11)
                              [N4:Y] RUN 0 80 (80)
2026-04-23 13:20:26:952 [IN ] C8 24 0C 0B 25 A5 0C 01 31 03 C9 3A 0B 4F 35 B2 (16)
                              [N12:Z] LFLAG ':' 11 (11)
2026-04-23 13:20:26:973 [OUT] 25 A5 01 0C 31 03 88 00 50 19 38 (11)
                              [N12:Z] RUN 0 80 (80)
2026-04-23 13:20:27:078 [IN ] C8 24 08 0B 25 A5 08 01 31 03 CA 3A 09 4A 1A B2 (16)
                              [N8:R] RFLAG ':' 9 (9)
2026-04-23 13:20:27:161 [IN ] C8 24 03 0C 25 A5 03 01 31 04 88 53 00 50 64 C2 EA (17)
                              [N3:X] RUN 'S' 0 80 (80)
2026-04-23 13:20:27:287 [IN ] C8 24 04 0C 25 A5 04 01 31 04 88 53 00 50 65 CA EA (17)
                              [N4:Y] RUN 'S' 0 80 (80)
2026-04-23 13:20:27:413 [IN ] C8 24 0C 0C 25 A5 0C 01 31 04 88 53 00 50 6D 0A EA (17)
                              [N12:Z] RUN 'S' 0 80 (80)
2026-04-23 13:20:27:615 [IN ] C8 24 0B 0A 25 A5 0B 01 31 02 DE 00 1D CD 6D (15)
                              [N11:NG] NGSWSTATE 0 (0)
2026-04-23 13:20:28:417 [IN ] C8 24 0B (3)
2026-04-23 13:20:28:618 [IN ] 0A 25 A5 0B 01 31 02 DE 00 1D CD 6D (12)
                              [N11:NG] NGSWSTATE 0 (0)
2026-04-23 13:20:29:423 [IN ] C8 24 0B 0A 25 A5 0B 01 31 02 DE 00 1D CD 6D (15)
                              [N11:NG] NGSWSTATE 0 (0)
2026-04-23 13:20:30:430 [IN ] C8 24 0B 0A 25 A5 0B 01 31 02 DE 00 1D CD 6D (15)
                              [N11:NG] NGSWSTATE 0 (0)
2026-04-23 13:20:31:436 [IN ] C8 24 0B 0A 25 A5 0B 01 31 02 DE 00 1D CD 6D (15)
                              [N11:NG] NGSWSTATE 0 (0)
2026-04-23 13:20:32:641 [IN ] C8 24 0B 0A 25 A5 0B 01 31 02 DE 00 1D CD 6D (15)
                              [N11:NG] NGSWSTATE 0 (0)
2026-04-23 13:20:33:444 [IN ] C8 24 04 0B 25 A5 04 01 31 03 81 5A 4C 60 A6 0A (16)
                              [N4:Y] TPOS 'Z' 76 (76)
2026-04-23 13:20:33:647 [IN ] C8 24 04 0A 25 A5 04 01 31 02 81 49 02 32 A6 C8 24 0B 0A 25 A5 0B 01 31 02 DE 00 1D CD A6 (30)
                              [N4:Y] TPOS 'I'
                              [N11:NG] NGSWSTATE 0 (0)
2026-04-23 13:20:33:871 [OUT] 25 A5 01 09 31 02 D8 3F 54 EC (10)
                              [N9:P] INTERRUPT '?'
2026-04-23 13:20:34:174 [IN ] C8 24 09 0C 25 A5 09 01 31 04 D8 3A 01 01 53 9A EA (17)
                              [N9:P] INTERRUPT ':' 1 1 (257)
2026-04-23 13:20:34:195 [OUT] 25 A5 01 04 31 03 C9 3D 09 48 FE (11)
                              [N4:Y] LFLAG '=' 9 (9)
2026-04-23 13:20:34:216 [OUT] 25 A5 01 07 31 02 D8 3F 52 E2 (10)
                              [N7:N] INTERRUPT '?'
2026-04-23 13:20:34:517 [IN ] C8 24 04 0B 25 A5 04 01 31 03 C9 3A 09 45 FB 9A C8 24 07 0C 25 A5 07 01 31 04 D8 3A 01 01 51 8A EA C8 24 0B 0A 25 A5 0B 01 31 02 DE 00 1D CD 51 (48)
                              [N4:Y] LFLAG ':' 9 (9)
                              [N7:N] INTERRUPT ':' 1 1 (257)
                              [N11:NG] NGSWSTATE 0 (0)
2026-04-23 13:20:34:538 [OUT] 25 A5 01 09 31 03 C9 3D 0B 4F 1E (11)
                              [N9:P] LFLAG '=' 11 (11)
2026-04-23 13:20:34:560 [OUT] 25 A5 01 07 31 03 C9 3D 0B 4D 12 (11)
                              [N7:N] LFLAG '=' 11 (11)
2026-04-23 13:20:34:707 [IN ] C8 24 09 0B 25 A5 09 01 31 03 C9 3A 0B 4C 20 8A (16)
                              [N9:P] LFLAG ':' 11 (11)
2026-04-23 13:20:34:731 [OUT] 25 A5 01 09 31 03 88 00 50 16 26 (11)
                              [N9:P] RUN 0 80 (80)
2026-04-23 13:20:34:815 [IN ] C8 24 07 0B 25 A5 07 01 31 03 C9 3A 0B 4A 12 8A (16)
                              [N7:N] LFLAG ':' 11 (11)
2026-04-23 13:20:34:837 [OUT] 25 A5 01 07 31 03 88 00 50 14 1A (11)
                              [N7:N] RUN 0 80 (80)
2026-04-23 13:20:34:942 [IN ] C8 24 09 0C 25 A5 09 01 31 04 88 53 00 50 6A F2 EA (17)
                              [N9:P] RUN 'S' 0 80 (80)
2026-04-23 13:20:35:005 [IN ] C8 24 09 0B 25 A5 09 01 31 03 81 5A 4C 65 C9 F2 (16)
                              [N9:P] TPOS 'Z' 76 (76)
2026-04-23 13:20:35:026 [IN ] C8 24 07 0C 25 A5 07 01 31 04 88 53 00 50 68 E2 EA C8 24 09 0A 25 A5 09 01 31 02 81 49 07 50 68 (32)
                              [N7:N] RUN 'S' 0 80 (80)
                              [N9:P] TPOS 'I'
2026-04-23 13:20:35:251 [OUT] 25 A5 01 09 31 03 C9 3D 09 4D 1C (11)
                              [N9:P] LFLAG '=' 9 (9)
2026-04-23 13:20:35:272 [OUT] 25 A5 01 04 31 05 81 FF EE 88 01 32 FA (13)
                              [N4:Y] TPOS 255 238 136 1 (-1144831)
2026-04-23 13:20:35:440 [IN ] C8 24 09 0B 25 A5 09 01 31 03 C9 3A 09 4A 1E E2 (16)
                              [N9:P] LFLAG ':' 9 (9)
2026-04-23 13:20:35:482 [IN ] C8 24 0B 0A 25 A5 0B 01 31 02 DE 00 1D CD 1E (15)
                              [N11:NG] NGSWSTATE 0 (0)
2026-04-23 13:20:35:566 [IN ] C8 24 04 0E 25 A5 04 01 31 06 81 53 00 00 00 00 10 88 F0 (19)
                              [N4:Y] TPOS 'S' 0 0 0 0 (0)
2026-04-23 13:20:36:370 [IN ] C8 24 03 0B 25 A5 03 01 31 03 81 5A 4C 5F 9F 00 C8 24 03 0A 25 A5 03 01 31 02 81 49 01 2C 9F (31)
                              [N3:X] TPOS 'Z' 76 (76)
                              [N3:X] TPOS 'I'
2026-04-23 13:20:36:571 [IN ] C8 24 0B 0A 25 A5 0B 01 31 02 DE 00 1D CD 9F (15)
                              [N11:NG] NGSWSTATE 0 (0)
2026-04-23 13:20:36:592 [OUT] 25 A5 01 03 31 03 C9 3D 09 47 F8 (11)
                              [N3:X] LFLAG '=' 9 (9)
2026-04-23 13:20:36:781 [IN ] C8 24 03 0B 25 A5 03 01 31 03 C9 3A 09 44 F4 00 (16)
                              [N3:X] LFLAG ':' 9 (9)
2026-04-23 13:20:37:586 [IN ] C8 24 0B 0A 25 A5 0B 01 31 02 DE 00 1D CD F4 (15)
                              [N11:NG] NGSWSTATE 0 (0)
2026-04-23 13:20:38:590 [IN ] C8 24 0B 0A 25 A5 0B 01 31 02 DE 00 1D CD F4 (15)
                              [N11:NG] NGSWSTATE 0 (0)
2026-04-23 13:20:39:595 [IN ] C8 24 0B 0A 25 A5 0B 01 31 02 DE 00 1D CD F4 (15)
                              [N11:NG] NGSWSTATE 0 (0)
2026-04-23 13:20:39:798 [IN ] C8 24 07 0B 25 A5 07 01 31 03 81 5A 4C 63 BB 00 C8 24 07 0A 25 A5 07 01 31 02 81 49 05 44 BB (31)
                              [N7:N] TPOS 'Z' 76 (76)
                              [N7:N] TPOS 'I'
2026-04-23 13:20:40:022 [OUT] 25 A5 01 07 31 03 C9 3D 09 4B 10 (11)
                              [N7:N] LFLAG '=' 9 (9)
2026-04-23 13:20:40:191 [IN ] C8 24 07 0B 25 A5 07 01 31 03 C9 3A 09 48 10 00 (16)
                              [N7:N] LFLAG ':' 9 (9)
2026-04-23 13:20:40:393 [IN ] C8 24 0C 0B 25 A5 0C 01 31 03 81 5A 4C 68 DE 00 (16)
                              [N12:Z] TPOS 'Z' 76 (76)
2026-04-23 13:20:40:596 [IN ] C8 24 0C 0A 25 A5 0C 01 31 02 81 49 0A 62 DE C8 24 0B 0A 25 A5 0B 01 31 02 DE 00 1D CD DE (30)
                              [N12:Z] TPOS 'I'
                              [N11:NG] NGSWSTATE 0 (0)
2026-04-23 13:20:40:820 [OUT] 25 A5 01 0C 31 03 C9 3D 09 50 2E (11)
                              [N12:Z] LFLAG '=' 9 (9)
2026-04-23 13:20:40:986 [IN ] C8 24 0C 0B 25 A5 0C 01 31 03 C9 3A 09 4D 33 00 (16)
                              [N12:Z] LFLAG ':' 9 (9)
2026-04-23 13:20:41:588 [IN ] C8 24 04 0E 25 A5 04 01 31 06 81 45 FF EE 85 C8 3C DA F0 C8 24 0B 0A 25 A5 0B 01 31 02 DE 00 1D CD 85 (34)
                              [N4:Y] TPOS 'E' 255 238 133 200 (-1145400)
                              [N11:NG] NGSWSTATE 0 (0)
2026-04-23 13:20:41:812 [OUT] 25 A5 01 0C 31 05 81 FF BC D0 00 4F 33 (13)
                              [N12:Z] TPOS 255 188 208 0 (-4403200)
2026-04-23 13:20:41:835 [OUT] 25 A5 01 04 31 05 81 FF FD 50 01 09 B7 (13)
                              [N4:Y] TPOS 255 253 80 1 (-176127)
2026-04-23 13:20:41:857 [OUT] 25 A5 01 09 31 05 81 FF E6 EA AB 3B 78 (13)
                              [N9:P] TPOS 255 230 234 171 (-1643861)
2026-04-23 13:20:41:879 [OUT] 25 A5 01 07 31 05 81 FF AB 19 75 F7 DF (13)
                              [N7:N] TPOS 255 171 25 117 (-5564043)
2026-04-23 13:20:41:901 [OUT] 25 A5 01 03 31 05 81 FF EC 4A AB 9B 1A (13)
                              [N3:X] TPOS 255 236 74 171 (-1291605)
2026-04-23 13:20:41:924 [OUT] 25 A5 01 06 31 02 D8 3F 51 DD (10)
                              [N6:H] INTERRUPT '?'
2026-04-23 13:20:42:225 [IN ] C8 24 0C 0E 25 A5 0C 01 31 06 81 53 FF FF FF 86 9B 55 F0 C8 24 04 0E 25 A5 04 01 31 06 81 53 FF EE 85 C8 4A 20 F0 (38)
                              [N12:Z] TPOS 'S' 255 255 255 134 (-122)
                              [N4:Y] TPOS 'S' 255 238 133 200 (-1145400)
2026-04-23 13:20:42:525 [IN ] C8 24 09 0E 25 A5 09 01 31 06 81 53 FF FF FF F2 04 A3 F0 C8 24 07 0E 25 A5 07 01 31 06 81 53 FF FF FF FE 0E 9B F0 C8 24 03 0E 25 A5 03 01 31 06 81 53 00 00 00 00 0F 7E F0 (57)
                              [N9:P] TPOS 'S' 255 255 255 242 (-14)
                              [N7:N] TPOS 'S' 255 255 255 254 (-2)
                              [N3:X] TPOS 'S' 0 0 0 0 (0)
2026-04-23 13:20:42:827 [IN ] C8 24 0B 0A 25 A5 0B 01 31 02 DE 00 1D CD 00 C8 24 06 0C 25 A5 06 01 31 04 D8 3A 01 01 50 82 0F (32)
                              [N11:NG] NGSWSTATE 0 (0)
                              [N6:H] INTERRUPT ':' 1 1 (257)
2026-04-23 13:20:42:848 [OUT] 25 A5 01 06 31 03 C9 3D 0B 4C 0C (11)
                              [N6:H] LFLAG '=' 11 (11)
2026-04-23 13:20:43:017 [IN ] C8 24 06 0B 25 A5 06 01 31 03 C9 3A 0B 49 0B 82 (16)
                              [N6:H] LFLAG ':' 11 (11)
2026-04-23 13:20:43:039 [OUT] 25 A5 01 06 31 03 88 FF B0 72 72 (11)
                              [N6:H] RUN 255 176 (-80)
2026-04-23 13:20:43:207 [IN ] C8 24 06 0C 25 A5 06 01 31 04 88 53 FF B0 C6 38 0F (17)
                              [N6:H] RUN 'S' 255 176 (-80)
2026-04-23 13:20:43:610 [IN ] C8 24 0B 0A 25 A5 0B 01 31 02 DE 00 1D CD C6 (15)
                              [N11:NG] NGSWSTATE 0 (0)
2026-04-23 13:20:44:614 [IN ] C8 24 0B 0A 25 A5 0B 01 31 02 DE 00 1D CD C6 (15)
                              [N11:NG] NGSWSTATE 0 (0)
2026-04-23 13:20:45:617 [IN ] C8 24 0B 0A 25 A5 0B 01 31 02 DE 00 1D CD C6 (15)
                              [N11:NG] NGSWSTATE 0 (0)
2026-04-23 13:20:46:619 [IN ] C8 24 0B 0A 25 A5 0B 01 31 02 DE 00 1D CD C6 (15)
                              [N11:NG] NGSWSTATE 0 (0)
2026-04-23 13:20:47:224 [IN ] C8 24 06 0B 25 A5 06 01 31 03 81 5A 4C 62 B4 38 C8 24 06 0A 25 A5 06 01 31 02 81 49 04 3E B4 (31)
                              [N6:H] TPOS 'Z' 76 (76)
                              [N6:H] TPOS 'I'
2026-04-23 13:20:47:447 [OUT] 25 A5 01 06 31 03 C9 3D 09 4A 0A (11)
                              [N6:H] LFLAG '=' 9 (9)
2026-04-23 13:20:47:572 [IN ] C8 24 0B 0A 25 A5 0B 01 31 02 DE 00 1D CD B4 (15)
                              [N11:NG] NGSWSTATE 0 (0)
2026-04-23 13:20:47:615 [IN ] C8 24 06 0B 25 A5 06 01 31 03 C9 3A 09 47 09 38 (16)
                              [N6:H] LFLAG ':' 9 (9)
2026-04-23 13:20:47:637 [OUT] 25 A5 01 06 31 03 84 00 50 0F 08 (11)
                              [N6:H] VEL 0 80 (80)
2026-04-23 13:20:47:806 [IN ] C8 24 06 0C 25 A5 06 01 31 04 84 53 00 50 63 CA 0F (17)
                              [N6:H] VEL 'S' 0 80 (80)
2026-04-23 13:20:47:826 [OUT] 25 A5 01 06 31 05 81 00 19 82 3C 95 BE (13)
                              [N6:H] TPOS 0 25 130 60 (1671740)
2026-04-23 13:20:48:015 [IN ] C8 24 06 0E 25 A5 06 01 31 06 81 53 00 00 00 00 12 9C F0 (19)
                              [N6:H] TPOS 'S' 0 0 0 0 (0)
2026-04-23 13:20:48:617 [IN ] C8 24 0B 0A 25 A5 0B 01 31 02 DE 00 1D CD 00 (15)
                              [N11:NG] NGSWSTATE 0 (0)
2026-04-23 13:20:49:420 [IN ] C8 24 03 0E 25 A5 03 01 31 06 81 45 FF EC 48 90 C4 18 F0 (19)
                              [N3:X] TPOS 'E' 255 236 72 144 (-1292144)
2026-04-23 13:20:49:623 [IN ] C8 24 0B 0A 25 A5 0B 01 31 02 DE 00 1D CD 48 (15)
                              [N11:NG] NGSWSTATE 0 (0)
2026-04-23 13:20:49:823 [IN ] C8 24 04 0E 25 A5 04 01 31 06 81 45 FF FD 4F 98 E5 6B F0 (19)
                              [N4:Y] TPOS 'E' 255 253 79 152 (-176232)
2026-04-23 13:20:49:845 [OUT] 25 A5 01 03 31 05 81 FF FD 50 01 08 AF (13)
                              [N3:X] TPOS 255 253 80 1 (-176127)
2026-04-23 13:20:50:014 [IN ] C8 24 03 0E 25 A5 03 01 31 06 81 53 FF EC 48 (15)
2026-04-23 13:20:50:035 [IN ] 90 D2 5E F0 (4)
                              [N3:X] TPOS 'S' 255 236 72 144 (-1292144)
2026-04-23 13:20:50:639 [IN ] C8 24 0B 0A 25 A5 0B 01 31 02 DE 00 1D CD 48 (15)
                              [N11:NG] NGSWSTATE 0 (0)
2026-04-23 13:20:52:046 [IN ] C8 24 09 0E 25 A5 09 01 31 06 81 45 FF E6 E8 6B 3F 5D F0 (19)
                              [N9:P] TPOS 'E' 255 230 232 107 (-1644437)
2026-04-23 13:20:52:471 [OUT] 25 A5 01 09 31 05 81 FF FF D9 C8 60 BE (13)
                              [N9:P] TPOS 255 255 217 200 (-9784)
2026-04-23 13:20:52:658 [IN ] C8 24 09 0E 25 A5 09 01 31 06 81 53 FF E6 E8 72 54 AA F0 (19)
                              [N9:P] TPOS 'S' 255 230 232 114 (-1644430)
2026-04-23 13:20:55:870 [IN ] C8 24 06 0E 25 A5 06 01 31 06 81 45 00 19 85 DE 80 89 F0 (19)
                              [N6:H] TPOS 'E' 0 25 133 222 (1672670)
2026-04-23 13:20:56:294 [OUT] 25 A5 01 06 31 05 81 00 0D 19 9F 83 2B (13)
                              [N6:H] TPOS 0 13 25 159 (858527)
2026-04-23 13:20:56:503 [IN ] C8 24 06 0E 25 A5 06 01 31 06 81 53 00 19 85 DE 8E CF F0 (19)
                              [N6:H] TPOS 'S' 0 25 133 222 (1672670)
2026-04-23 13:20:59:312 [IN ] C8 24 03 0E 25 A5 03 01 31 06 81 45 FF FD 50 54 A1 1F F0 (19)
                              [N3:X] TPOS 'E' 255 253 80 84 (-176044)
2026-04-23 13:21:00:316 [IN ] C8 24 06 0E 25 A5 06 01 31 06 81 45 00 0D 14 AF D4 54 F0 (19)
                              [N6:H] TPOS 'E' 0 13 20 175 (857263)
2026-04-23 13:21:00:541 [OUT] 25 A5 01 05 31 02 D8 3F 50 D8 (10)
                              [N5:V] INTERRUPT '?'
2026-04-23 13:21:00:842 [IN ] C8 24 05 0C 25 A5 05 01 31 04 D8 3A 01 01 4F 7A D4 (17)
                              [N5:V] INTERRUPT ':' 1 1 (257)
2026-04-23 13:21:00:863 [OUT] 25 A5 01 05 31 03 C9 3D 0B 4B 06 (11)
                              [N5:V] LFLAG '=' 11 (11)
2026-04-23 13:21:01:009 [IN ] C8 24 05 (3)
2026-04-23 13:21:01:031 [IN ] 0B 25 A5 05 01 31 03 C9 3A 0B 48 04 7A (13)
                              [N5:V] LFLAG ':' 11 (11)
2026-04-23 13:21:01:052 [OUT] 25 A5 01 05 31 03 88 FF B0 71 6C (11)
                              [N5:V] RUN 255 176 (-80)
2026-04-23 13:21:01:198 [IN ] C8 24 05 0C 25 A5 05 01 31 04 88 53 FF B0 C5 30 D4 (17)
                              [N5:V] RUN 'S' 255 176 (-80)
2026-04-23 13:21:02:603 [IN ] C8 24 09 0E 25 A5 09 01 31 06 81 45 FF FF DA AA 89 CB F0 (19)
                              [N9:P] TPOS 'E' 255 255 218 170 (-9558)
2026-04-23 13:21:02:827 [OUT] 25 A5 01 08 31 02 D8 3F 53 E7 (10)
                              [N8:R] INTERRUPT '?'
2026-04-23 13:21:03:130 [IN ] C8 24 08 0C 25 A5 08 01 31 04 D8 3A 01 01 52 92 89 (17)
                              [N8:R] INTERRUPT ':' 1 1 (257)
2026-04-23 13:21:03:151 [OUT] 25 A5 01 08 31 03 CA 3D 0B 4F 1B (11)
                              [N8:R] RFLAG '=' 11 (11)
2026-04-23 13:21:03:319 [IN ] C8 24 08 0B 25 A5 08 01 31 03 CA 3A 0B 4C 1C 92 (16)
                              [N8:R] RFLAG ':' 11 (11)
2026-04-23 13:21:03:340 [OUT] 25 A5 01 08 31 03 88 00 50 15 20 (11)
                              [N8:R] RUN 0 80 (80)
2026-04-23 13:21:03:486 [IN ] C8 24 08 0C 25 A5 08 01 31 04 88 53 00 50 69 EA 89 (17)
                              [N8:R] RUN 'S' 0 80 (80)
2026-04-23 13:21:03:687 [IN ] C8 24 0C 0E 25 A5 0C 01 31 06 81 45 FF BC CC 73 04 CD F0 (19)
                              [N12:Z] TPOS 'E' 255 188 204 115 (-4404109)
2026-04-23 13:21:04:113 [OUT] 25 A5 01 0C 31 05 81 FF D7 8D 9A C1 98 (13)
                              [N12:Z] TPOS 255 215 141 154 (-2650726)
2026-04-23 13:21:04:300 [IN ] C8 24 0C 0E 25 A5 0C 01 31 06 81 53 FF BC CC 73 12 13 F0 (19)
                              [N12:Z] TPOS 'S' 255 188 204 115 (-4404109)
2026-04-23 13:21:06:305 [IN ] C8 24 05 0B 25 A5 05 01 31 03 81 5A 4C 61 AD 73 (16)
                              [N5:V] TPOS 'Z' 76 (76)
2026-04-23 13:21:06:506 [IN ] C8 24 05 0A 25 A5 05 01 31 02 81 49 03 38 AD (15)
                              [N5:V] TPOS 'I'
2026-04-23 13:21:06:730 [OUT] 25 A5 01 05 31 03 C9 3D 09 49 04 (11)
                              [N5:V] LFLAG '=' 9 (9)
2026-04-23 13:21:06:900 [IN ] C8 24 05 0B 25 A5 05 01 (8)
2026-04-23 13:21:06:921 [IN ] 31 03 C9 3A 09 46 02 73 (8)
                              [N5:V] LFLAG ':' 9 (9)
2026-04-23 13:21:06:941 [OUT] 25 A5 01 05 31 03 84 00 50 0E 02 (11)
                              [N5:V] VEL 0 80 (80)
2026-04-23 13:21:07:107 [IN ] C8 24 05 0C 25 A5 05 01 31 04 84 53 00 50 62 C2 12 (17)
                              [N5:V] VEL 'S' 0 80 (80)
2026-04-23 13:21:07:129 [OUT] 25 A5 01 05 31 05 81 00 19 82 3C 94 B6 (13)
                              [N5:V] TPOS 0 25 130 60 (1671740)
2026-04-23 13:21:07:318 [IN ] C8 24 05 0E 25 A5 05 01 31 06 81 53 00 00 00 00 11 92 F0 (19)
                              [N5:V] TPOS 'S' 0 0 0 0 (0)
2026-04-23 13:21:07:719 [IN ] C8 24 07 0E 25 A5 07 01 31 06 81 45 FF AB 14 D2 95 57 F0 (19)
                              [N7:N] TPOS 'E' 255 171 20 210 (-5565230)
2026-04-23 13:21:08:143 [OUT] 25 A5 01 07 31 05 81 FF F0 47 34 29 C9 (13)
                              [N7:N] TPOS 255 240 71 52 (-1030348)
2026-04-23 13:21:08:312 [IN ] C8 24 07 0E 25 A5 07 01 31 06 81 53 FF AB 14 D3 A4 9E F0 (19)
                              [N7:N] TPOS 'S' 255 171 20 211 (-5565229)
2026-04-23 13:21:10:322 [IN ] C8 24 08 0B 25 A5 08 01 31 03 81 5A 52 6A C8 D3 C8 24 08 0A 25 A5 08 01 31 02 81 49 06 4A C8 (31)
                              [N8:R] TPOS 'Z' 82 (82)
                              [N8:R] TPOS 'I'
2026-04-23 13:21:10:546 [OUT] 25 A5 01 08 31 03 CA 3D 09 4D 19 (11)
                              [N8:R] RFLAG '=' 9 (9)
2026-04-23 13:21:10:692 [IN ] C8 (1)
2026-04-23 13:21:10:713 [IN ] 24 08 0B 25 A5 08 01 31 03 CA 3A 09 4A 1A D3 (15)
                              [N8:R] RFLAG ':' 9 (9)
2026-04-23 13:21:10:735 [OUT] 25 A5 01 08 31 05 81 FF DC 77 1D 2F DE (13)
                              [N8:R] TPOS 255 220 119 29 (-2328803)
2026-04-23 13:21:10:924 [IN ] C8 24 08 0E 25 A5 08 01 31 06 81 53 FF FF FF E8 F9 8F F0 (19)
                              [N8:R] TPOS 'S' 255 255 255 232 (-24)
2026-04-23 13:21:12:529 [IN ] C8 24 0C 0E 25 A5 0C 01 31 06 81 45 FF D7 91 88 F9 BD F0 (19)
                              [N12:Z] TPOS 'E' 255 215 145 136 (-2649720)
2026-04-23 13:21:15:537 [IN ] C8 24 05 0E 25 A5 05 01 31 06 81 45 00 19 85 96 37 37 F0 (19)
                              [N5:V] TPOS 'E' 0 25 133 150 (1672598)
2026-04-23 13:21:15:960 [OUT] 25 A5 01 05 31 05 81 00 0C A2 C9 34 5C (13)
                              [N5:V] TPOS 0 12 162 201 (828105)
2026-04-23 13:21:16:148 [IN ] C8 24 05 0E 25 A5 05 01 31 06 81 53 00 19 85 96 45 7D F0 (19)
                              [N5:V] TPOS 'S' 0 25 133 150 (1672598)
2026-04-23 13:21:21:771 [IN ] C8 24 05 0E 25 A5 05 01 31 06 81 45 00 0C A1 D2 82 84 F0 (19)
                              [N5:V] TPOS 'E' 0 12 161 210 (827858)
2026-04-23 13:21:21:994 [OUT] 25 A5 01 03 31 05 81 FF EE E2 8B 15 30 (13)
                              [N3:X] TPOS 255 238 226 139 (-1121653)
2026-04-23 13:21:22:016 [OUT] 25 A5 01 04 31 05 81 FF F4 06 F0 A5 F7 (13)
                              [N4:Y] TPOS 255 244 6 240 (-784656)
2026-04-23 13:21:22:185 [IN ] C8 24 03 0E 25 A5 03 01 31 06 81 53 FF FD 50 54 AF 65 F0 (19)
                              [N3:X] TPOS 'S' 255 253 80 84 (-176044)
2026-04-23 13:21:22:309 [IN ] C8 24 04 0E 25 A5 04 01 31 06 81 53 FF FD 4F 98 F3 B1 F0 (19)
                              [N4:Y] TPOS 'S' 255 253 79 152 (-176232)
2026-04-23 13:21:23:716 [IN ] C8 24 08 0E 25 A5 08 01 31 06 81 45 FF DC 74 2D 82 0F F0 (19)
                              [N8:R] TPOS 'E' 255 220 116 45 (-2329555)
2026-04-23 13:21:24:140 [OUT] 25 A5 01 08 31 05 81 FF EE 15 56 18 89 (13)
                              [N8:R] TPOS 255 238 21 86 (-1174186)
2026-04-23 13:21:24:328 [IN ] C8 24 08 0E 25 A5 08 01 31 06 81 53 FF DC 74 3E A1 66 F0 (19)
                              [N8:R] TPOS 'S' 255 220 116 62 (-2329538)
2026-04-23 13:21:25:533 [IN ] C8 24 04 0E 25 A5 04 01 31 06 81 45 FF F4 03 71 69 91 F0 (19)
                              [N4:Y] TPOS 'E' 255 244 3 113 (-785551)
2026-04-23 13:21:27:340 [IN ] C8 24 03 0E 25 A5 03 01 31 06 81 45 FF EE E0 5C 2A 1A F0 (19)
                              [N3:X] TPOS 'E' 255 238 224 92 (-1122212)
2026-04-23 13:21:29:149 [IN ] C8 24 07 0E 25 A5 07 01 31 06 81 45 FF F0 4B 89 C8 4B F0 (19)
                              [N7:N] TPOS 'E' 255 240 75 137 (-1029239)
2026-04-23 13:21:30:959 [IN ] C8 24 08 0E 25 A5 08 01 31 06 81 45 FF EE 17 8E 98 EC F0 (19)
                              [N8:R] TPOS 'E' 255 238 23 142 (-1173618)
