2026-02-28 00:32:22:168 [OUT] 25 A5 01 0A 31 05 D6 3D FF 00 00 53 ED (13)
                              [N10:HMI] HMILED '=' 255 0 0 (16711680)
2026-02-28 00:32:22:190 [OUT] 25 A5 01 03 31 02 D8 3F 4E CE (10)
                              [N3:X] INTERRUPT '?'
2026-02-28 00:32:22:493 [IN ] C8 24 0A 0D 25 A5 0A 01 31 05 D6 3A FF 00 00 50 EA 79 C8 24 03 0C 25 A5 03 01 31 04 D8 3A 01 01 4D 6A EA (35)
                              [N10:HMI] HMILED ':' 255 0 0 (16711680)
                              [N3:X] INTERRUPT ':' 1 1 (257)
2026-02-28 00:32:22:514 [OUT] 25 A5 01 09 31 03 C9 3D 09 4D 1C (11)
                              [N9:P] LFLAG '=' 9 (9)
2026-02-28 00:32:22:537 [OUT] 25 A5 01 04 31 02 D8 3F 4F D3 (10)
                              [N4:Y] INTERRUPT '?'
2026-02-28 00:32:22:840 [IN ] C8 24 09 0B 25 A5 09 01 31 03 C9 3A 09 4A 1E 6A C8 24 04 0C 25 A5 04 01 31 04 D8 3A 01 01 4E 72 EA (33)
                              [N9:P] LFLAG ':' 9 (9)
                              [N4:Y] INTERRUPT ':' 1 1 (257)
2026-02-28 00:32:22:860 [OUT] 25 A5 01 09 31 03 CA 3D 09 4E 1F (11)
                              [N9:P] RFLAG '=' 9 (9)
2026-02-28 00:32:22:883 [OUT] 25 A5 01 0C 31 02 D8 3F 57 FB (10)
                              [N12:Z] INTERRUPT '?'
2026-02-28 00:32:23:189 [IN ] C8 24 09 0B 25 A5 09 01 31 03 CA 3A 09 4B 21 72 C8 24 0C 0C 25 A5 0C 01 31 04 D8 3A 01 01 56 B2 EA (33)
                              [N9:P] RFLAG ':' 9 (9)
                              [N12:Z] INTERRUPT ':' 1 1 (257)
2026-02-28 00:32:23:211 [OUT] 25 A5 01 08 31 03 C9 3D 09 4C 16 (11)
                              [N8:R] LFLAG '=' 9 (9)
2026-02-28 00:32:23:232 [OUT] 25 A5 01 03 31 03 C9 3D 0B 49 FA (11)
                              [N3:X] LFLAG '=' 11 (11)
2026-02-28 00:32:23:253 [OUT] 25 A5 01 04 31 03 C9 3D 0B 4A 00 (11)
                              [N4:Y] LFLAG '=' 11 (11)
2026-02-28 00:32:23:274 [OUT] 25 A5 01 0C 31 03 C9 3D 0B 52 30 (11)
                              [N12:Z] LFLAG '=' 11 (11)
2026-02-28 00:32:23:380 [IN ] C8 24 08 0B 25 A5 08 01 31 03 C9 3A 09 49 17 B2 (16)
                              [N8:R] LFLAG ':' 9 (9)
2026-02-28 00:32:23:400 [OUT] 25 A5 01 08 31 03 CA 3D 09 4D 19 (11)
                              [N8:R] RFLAG '=' 9 (9)
2026-02-28 00:32:23:505 [IN ] C8 24 03 0B 25 A5 03 01 31 03 C9 3A 0B 46 F6 B2 (16)
                              [N3:X] LFLAG ':' 11 (11)
2026-02-28 00:32:23:526 [OUT] 25 A5 01 03 31 03 88 00 50 10 02 (11)
                              [N3:X] RUN 0 80 (80)
2026-02-28 00:32:23:590 [IN ] C8 24 04 0B 25 A5 04 01 31 03 C9 3A 0B 47 FD B2 (16)
                              [N4:Y] LFLAG ':' 11 (11)
2026-02-28 00:32:23:611 [OUT] 25 A5 01 04 31 03 88 00 50 11 08 (11)
                              [N4:Y] RUN 0 80 (80)
2026-02-28 00:32:23:715 [IN ] C8 24 0C 0B 25 A5 0C 01 31 03 C9 3A 0B 4F 35 B2 (16)
                              [N12:Z] LFLAG ':' 11 (11)
2026-02-28 00:32:23:736 [OUT] 25 A5 01 0C 31 03 88 00 50 19 38 (11)
                              [N12:Z] RUN 0 80 (80)
2026-02-28 00:32:23:818 [IN ] C8 24 08 0B 25 A5 08 01 31 03 (10)
2026-02-28 00:32:23:840 [IN ] CA 3A 09 4A 1A B2 (6)
                              [N8:R] RFLAG ':' 9 (9)
2026-02-28 00:32:23:923 [IN ] C8 24 03 0C 25 A5 03 01 31 04 88 53 00 50 64 C2 EA (17)
                              [N3:X] RUN 'S' 0 80 (80)
2026-02-28 00:32:24:047 [IN ] C8 24 04 0C 25 A5 04 01 31 04 88 53 00 50 65 CA EA (17)
                              [N4:Y] RUN 'S' 0 80 (80)
2026-02-28 00:32:24:150 [IN ] C8 24 0C 0C 25 A5 0C 01 31 04 88 53 00 50 6D 0A EA (17)
                              [N12:Z] RUN 'S' 0 80 (80)
2026-02-28 00:32:30:367 [IN ] C8 24 04 0B 25 A5 04 01 31 03 81 5A 4C 60 A6 0A C8 24 04 0A 25 A5 04 01 31 02 81 49 02 32 A6 (31)
                              [N4:Y] TPOS 'Z' 76 (76)
                              [N4:Y] TPOS 'I'
2026-02-28 00:32:30:589 [OUT] 25 A5 01 09 31 02 D8 3F 54 EC (10)
                              [N9:P] INTERRUPT '?'
2026-02-28 00:32:30:890 [IN ] C8 24 09 0C 25 A5 09 01 31 04 D8 3A 01 01 53 9A EA (17)
                              [N9:P] INTERRUPT ':' 1 1 (257)
2026-02-28 00:32:30:911 [OUT] 25 A5 01 04 31 03 C9 3D 09 48 FE (11)
                              [N4:Y] LFLAG '=' 9 (9)
2026-02-28 00:32:30:933 [OUT] 25 A5 01 07 31 02 D8 3F 52 E2 (10)
                              [N7:N] INTERRUPT '?'
2026-02-28 00:32:31:235 [IN ] C8 24 04 0B 25 A5 04 01 31 03 C9 3A 09 45 FB 9A C8 24 07 0C 25 A5 07 01 31 04 D8 3A 01 01 51 8A EA (33)
                              [N4:Y] LFLAG ':' 9 (9)
                              [N7:N] INTERRUPT ':' 1 1 (257)
2026-02-28 00:32:31:256 [OUT] 25 A5 01 09 31 03 C9 3D 0B 4F 1E (11)
                              [N9:P] LFLAG '=' 11 (11)
2026-02-28 00:32:31:279 [OUT] 25 A5 01 07 31 03 C9 3D 0B 4D 12 (11)
                              [N7:N] LFLAG '=' 11 (11)
2026-02-28 00:32:31:445 [IN ] C8 24 09 0B 25 A5 09 01 31 03 C9 3A 0B 4C 20 8A (16)
                              [N9:P] LFLAG ':' 11 (11)
2026-02-28 00:32:31:466 [OUT] 25 A5 01 09 31 03 88 00 50 16 26 (11)
                              [N9:P] RUN 0 80 (80)
2026-02-28 00:32:31:529 [IN ] C8 24 07 0B 25 A5 07 01 31 03 C9 3A 0B 4A 12 8A (16)
                              [N7:N] LFLAG ':' 11 (11)
2026-02-28 00:32:31:550 [OUT] 25 A5 01 07 31 03 88 00 50 14 1A (11)
                              [N7:N] RUN 0 80 (80)
2026-02-28 00:32:31:655 [IN ] C8 24 09 0C 25 A5 09 01 31 04 88 53 00 50 6A F2 EA (17)
                              [N9:P] RUN 'S' 0 80 (80)
2026-02-28 00:32:31:737 [IN ] C8 24 09 0B 25 A5 09 01 31 03 81 5A 4C 65 C9 F2 (16)
                              [N9:P] TPOS 'Z' 76 (76)
2026-02-28 00:32:31:758 [IN ] C8 24 07 0C 25 A5 07 01 31 04 88 53 00 50 68 E2 EA (17)
                              [N7:N] RUN 'S' 0 80 (80)
2026-02-28 00:32:31:960 [IN ] C8 24 09 0A 25 A5 09 01 31 02 81 49 07 50 68 (15)
                              [N9:P] TPOS 'I'
2026-02-28 00:32:32:182 [OUT] 25 A5 01 09 31 03 C9 3D 09 4D 1C (11)
                              [N9:P] LFLAG '=' 9 (9)
2026-02-28 00:32:32:203 [OUT] 25 A5 01 04 31 05 81 FF EE 88 01 32 FA (13)
                              [N4:Y] TPOS 255 238 136 1 (-1144831)
2026-02-28 00:32:32:347 [IN ] C8 24 09 0B 25 A5 09 01 31 03 C9 3A 09 4A 1E E2 (16)
                              [N9:P] LFLAG ':' 9 (9)
2026-02-28 00:32:32:472 [IN ] C8 24 04 0E 25 A5 04 01 31 06 81 53 00 00 00 00 10 88 0A (19)
                              [N4:Y] TPOS 'S' 0 0 0 0 (0)
2026-02-28 00:32:33:475 [IN ] C8 24 03 0B 25 A5 03 01 31 03 81 5A 4C 5F 9F 00 C8 24 03 0A 25 A5 03 01 31 02 81 49 01 2C 9F (31)
                              [N3:X] TPOS 'Z' 76 (76)
                              [N3:X] TPOS 'I'
2026-02-28 00:32:33:698 [OUT] 25 A5 01 03 31 03 C9 3D 09 47 F8 (11)
                              [N3:X] LFLAG '=' 9 (9)
2026-02-28 00:32:33:882 [IN ] C8 24 03 0B 25 A5 03 01 31 03 C9 3A 09 44 F4 00 (16)
                              [N3:X] LFLAG ':' 9 (9)
2026-02-28 00:32:35:688 [IN ] C8 24 07 0B 25 A5 07 01 31 03 81 5A 4C 63 BB 00 C8 24 07 0A 25 A5 07 01 31 02 81 49 05 44 BB (31)
                              [N7:N] TPOS 'Z' 76 (76)
                              [N7:N] TPOS 'I'
2026-02-28 00:32:35:911 [OUT] 25 A5 01 07 31 03 C9 3D 09 4B 10 (11)
                              [N7:N] LFLAG '=' 9 (9)
2026-02-28 00:32:36:075 [IN ] C8 24 07 0B 25 A5 07 01 31 03 C9 3A 09 48 10 00 (16)
                              [N7:N] LFLAG ':' 9 (9)
2026-02-28 00:32:38:481 [IN ] C8 24 04 0E 25 A5 04 01 31 06 81 45 FF EE 85 68 DC 7A 0A (19)
                              [N4:Y] TPOS 'E' 255 238 133 104 (-1145496)
2026-02-28 00:32:38:704 [OUT] 25 A5 01 09 31 05 81 FF E7 5D 56 5A 0C (13)
                              [N9:P] TPOS 255 231 93 86 (-1614506)
2026-02-28 00:32:38:725 [OUT] 25 A5 01 04 31 05 81 FF FD 50 01 09 B7 (13)
                              [N4:Y] TPOS 255 253 80 1 (-176127)
2026-02-28 00:32:38:747 [OUT] 25 A5 01 07 31 05 81 FF AB 19 75 F7 DF (13)
                              [N7:N] TPOS 255 171 25 117 (-5564043)
2026-02-28 00:32:38:769 [OUT] 25 A5 01 03 31 05 81 FF EC 4A AB 9B 1A (13)
                              [N3:X] TPOS 255 236 74 171 (-1291605)
2026-02-28 00:32:38:791 [OUT] 25 A5 01 06 31 02 D8 3F 51 DD (10)
                              [N6:H] INTERRUPT '?'
2026-02-28 00:32:39:094 [IN ] C8 24 09 0E 25 A5 09 01 31 06 81 53 FF FF FF F5 07 A6 0A C8 24 04 0E 25 A5 04 01 31 06 81 53 FF EE 85 69 EB C1 0A (38)
                              [N9:P] TPOS 'S' 255 255 255 245 (-11)
                              [N4:Y] TPOS 'S' 255 238 133 105 (-1145495)
2026-02-28 00:32:39:396 [IN ] C8 24 07 0E 25 A5 07 01 31 06 81 53 FF FF FF F7 07 94 0A C8 24 03 0E 25 A5 03 01 31 06 81 53 FF FF FF FF 0B 74 0A C8 24 06 0C 25 A5 06 01 31 04 D8 3A 01 01 50 82 0B (55)
                              [N7:N] TPOS 'S' 255 255 255 247 (-9)
                              [N3:X] TPOS 'S' 255 255 255 255 (-1)
                              [N6:H] INTERRUPT ':' 1 1 (257)
2026-02-28 00:32:39:417 [OUT] 25 A5 01 06 31 03 C9 3D 0B 4C 0C (11)
                              [N6:H] LFLAG '=' 11 (11)
2026-02-28 00:32:39:583 [IN ] C8 24 06 0B 25 A5 06 01 31 03 C9 3A 0B 49 0B 82 (16)
                              [N6:H] LFLAG ':' 11 (11)
2026-02-28 00:32:39:604 [OUT] 25 A5 01 06 31 03 88 FF B0 72 72 (11)
                              [N6:H] RUN 255 176 (-80)
2026-02-28 00:32:39:769 [IN ] C8 24 06 0C 25 A5 06 01 31 04 88 53 FF B0 C6 38 0B (17)
                              [N6:H] RUN 'S' 255 176 (-80)
2026-02-28 00:32:41:978 [IN ] C8 24 0C 0B 25 A5 0C 01 31 03 81 5A 4C 68 DE 38 C8 24 0C 0A 25 A5 0C 01 31 02 81 49 0A 62 DE (31)
                              [N12:Z] TPOS 'Z' 76 (76)
                              [N12:Z] TPOS 'I'
2026-02-28 00:32:42:200 [OUT] 25 A5 01 0C 31 03 C9 3D 09 50 2E (11)
                              [N12:Z] LFLAG '=' 9 (9)
2026-02-28 00:32:42:365 [IN ] C8 24 0C 0B 25 A5 0C 01 31 03 C9 3A 09 4D 33 38 (16)
                              [N12:Z] LFLAG ':' 9 (9)
2026-02-28 00:32:42:386 [OUT] 25 A5 01 0C 31 05 81 FF BC D0 00 4F 33 (13)
                              [N12:Z] TPOS 255 188 208 0 (-4403200)
2026-02-28 00:32:42:570 [IN ] C8 24 0C 0E 25 A5 0C 01 31 06 81 53 FF FF FF 81 96 50 0A (19)
                              [N12:Z] TPOS 'S' 255 255 255 129 (-127)
2026-02-28 00:32:43:774 [IN ] C8 24 06 0B 25 A5 06 01 31 03 81 5A 4C 62 B4 81 C8 24 06 0A 25 A5 06 01 31 02 81 49 (28)
                              [N6:H] TPOS 'Z' 76 (76)
2026-02-28 00:32:43:976 [IN ] 04 3E B4 (3)
                              [N6:H] TPOS 'I'
2026-02-28 00:32:44:199 [OUT] 25 A5 01 06 31 03 C9 3D 09 4A 0A (11)
                              [N6:H] LFLAG '=' 9 (9)
2026-02-28 00:32:44:364 [IN ] C8 24 06 0B 25 A5 06 01 31 03 C9 3A 09 47 09 81 (16)
                              [N6:H] LFLAG ':' 9 (9)
2026-02-28 00:32:44:385 [OUT] 25 A5 01 06 31 03 84 00 50 0F 08 (11)
                              [N6:H] VEL 0 80 (80)
2026-02-28 00:32:44:549 [IN ] C8 24 06 0C 25 A5 06 01 31 04 84 53 00 50 63 CA 96 (17)
                              [N6:H] VEL 'S' 0 80 (80)
2026-02-28 00:32:44:570 [OUT] 25 A5 01 06 31 05 81 00 19 82 3C 95 BE (13)
                              [N6:H] TPOS 0 25 130 60 (1671740)
2026-02-28 00:32:44:756 [IN ] C8 24 06 0E 25 A5 06 01 31 06 81 53 00 00 00 00 12 9C 0A (19)
                              [N6:H] TPOS 'S' 0 0 0 0 (0)
2026-02-28 00:32:45:760 [IN ] C8 24 03 0E 25 A5 03 01 31 06 81 45 FF EC 47 58 8B DE 0A (19)
                              [N3:X] TPOS 'E' 255 236 71 88 (-1292456)
2026-02-28 00:32:46:183 [OUT] 25 A5 01 03 31 05 81 FF FD 50 01 08 AF (13)
                              [N3:X] TPOS 255 253 80 1 (-176127)
2026-02-28 00:32:46:369 [IN ] C8 24 03 0E 25 A5 03 01 31 06 81 53 FF EC 47 58 99 24 0A (19)
                              [N3:X] TPOS 'S' 255 236 71 88 (-1292456)
2026-02-28 00:32:47:373 [IN ] C8 24 04 0E 25 A5 04 01 31 06 81 45 FF FD 4F B0 FD 83 0A (19)
                              [N4:Y] TPOS 'E' 255 253 79 176 (-176208)
2026-02-28 00:32:48:778 [IN ] C8 24 09 0E 25 A5 09 01 31 06 81 45 FF E7 5B 99 E1 74 0A (19)
                              [N9:P] TPOS 'E' 255 231 91 153 (-1614951)
2026-02-28 00:32:49:202 [OUT] 25 A5 01 09 31 05 81 FF FF D9 C8 60 BE (13)
                              [N9:P] TPOS 255 255 217 200 (-9784)
2026-02-28 00:32:49:387 [IN ] C8 24 09 0E 25 A5 09 01 31 06 81 53 FF E7 5B A6 FC C7 0A (19)
                              [N9:P] TPOS 'S' 255 231 91 166 (-1614938)
2026-02-28 00:32:52:597 [IN ] C8 24 06 0E 25 A5 06 01 31 06 81 45 00 19 86 31 D4 DE 0A (19)
                              [N6:H] TPOS 'E' 0 25 134 49 (1672753)
2026-02-28 00:32:53:021 [OUT] 25 A5 01 06 31 05 81 00 0D 03 C1 8F 21 (13)
                              [N6:H] TPOS 0 13 3 193 (852929)
2026-02-28 00:32:53:207 [IN ] C8 24 06 0E 25 A5 06 01 31 06 81 53 00 19 86 31 E2 24 0A (19)
                              [N6:H] TPOS 'S' 0 25 134 49 (1672753)
2026-02-28 00:32:55:815 [IN ] C8 24 03 0E 25 A5 03 01 31 06 81 45 FF FD 50 DC 29 A7 0A (19)
                              [N3:X] TPOS 'E' 255 253 80 220 (-175908)
2026-02-28 00:32:57:019 [IN ] C8 24 06 0E 25 A5 06 01 31 06 81 45 00 0C FE C6 D4 3C 0A (19)
                              [N6:H] TPOS 'E' 0 12 254 198 (851654)
2026-02-28 00:32:57:242 [OUT] 25 A5 01 05 31 02 D8 3F 50 D8 (10)
                              [N5:V] INTERRUPT '?'
2026-02-28 00:32:57:544 [IN ] C8 24 05 0C 25 A5 05 01 31 04 D8 3A 01 01 4F 7A D4 (17)
                              [N5:V] INTERRUPT ':' 1 1 (257)
2026-02-28 00:32:57:565 [OUT] 25 A5 01 05 31 03 C9 3D 0B 4B 06 (11)
                              [N5:V] LFLAG '=' 11 (11)
2026-02-28 00:32:57:751 [IN ] C8 24 05 0B 25 A5 05 01 31 03 C9 3A 0B 48 04 7A (16)
                              [N5:V] LFLAG ':' 11 (11)
2026-02-28 00:32:57:772 [OUT] 25 A5 01 05 31 03 88 FF B0 71 6C (11)
                              [N5:V] RUN 255 176 (-80)
2026-02-28 00:32:57:936 [IN ] C8 24 05 0C 25 A5 05 01 31 04 88 53 FF (13)
2026-02-28 00:32:57:961 [IN ] B0 C5 30 D4 (4)
                              [N5:V] RUN 'S' 255 176 (-80)
2026-02-28 00:32:59:165 [IN ] C8 24 09 0E 25 A5 09 01 31 06 81 45 FF FF DA 44 23 65 0A (19)
                              [N9:P] TPOS 'E' 255 255 218 68 (-9660)
2026-02-28 00:32:59:387 [OUT] 25 A5 01 08 31 02 D8 3F 53 E7 (10)
                              [N8:R] INTERRUPT '?'
2026-02-28 00:32:59:689 [IN ] C8 24 08 0C 25 A5 08 01 31 04 D8 3A 01 01 52 92 23 (17)
                              [N8:R] INTERRUPT ':' 1 1 (257)
2026-02-28 00:32:59:710 [OUT] 25 A5 01 08 31 03 CA 3D 0B 4F 1B (11)
                              [N8:R] RFLAG '=' 11 (11)
2026-02-28 00:32:59:878 [IN ] C8 24 08 0B 25 A5 08 01 31 03 CA 3A 0B 4C 1C 92 (16)
                              [N8:R] RFLAG ':' 11 (11)
2026-02-28 00:32:59:899 [OUT] 25 A5 01 08 31 03 88 00 50 15 20 (11)
                              [N8:R] RUN 0 80 (80)
2026-02-28 00:33:00:084 [IN ] C8 24 08 0C 25 A5 08 01 31 04 88 53 00 50 69 EA 23 (17)
                              [N8:R] RUN 'S' 0 80 (80)
2026-02-28 00:33:02:892 [IN ] C8 24 05 0B 25 A5 05 01 31 03 81 5A 4C 61 AD EA (16)
                              [N5:V] TPOS 'Z' 76 (76)
2026-02-28 00:33:03:094 [IN ] C8 24 05 0A 25 A5 05 01 31 02 81 49 03 38 AD (15)
                              [N5:V] TPOS 'I'
2026-02-28 00:33:03:316 [OUT] 25 A5 01 05 31 03 C9 3D 09 49 04 (11)
                              [N5:V] LFLAG '=' 9 (9)
2026-02-28 00:33:03:482 [IN ] C8 24 05 0B 25 A5 05 01 31 03 C9 3A 09 46 02 EA (16)
                              [N5:V] LFLAG ':' 9 (9)
2026-02-28 00:33:03:503 [OUT] 25 A5 01 05 31 03 84 00 50 0E 02 (11)
                              [N5:V] VEL 0 80 (80)
2026-02-28 00:33:03:667 [IN ] C8 24 05 0C 25 A5 05 01 31 04 84 53 00 50 62 C2 23 (17)
                              [N5:V] VEL 'S' 0 80 (80)
2026-02-28 00:33:03:687 [OUT] 25 A5 01 05 31 05 81 00 19 82 3C 94 B6 (13)
                              [N5:V] TPOS 0 25 130 60 (1671740)
2026-02-28 00:33:03:872 [IN ] C8 24 05 0E 25 A5 05 01 31 06 81 53 FF FF FF FF 0D 88 0A (19)
                              [N5:V] TPOS 'S' 255 255 255 255 (-1)
2026-02-28 00:33:04:074 [IN ] C8 24 07 0E 25 A5 07 01 31 06 81 45 FF AB 14 7C 3F 01 0A (19)
                              [N7:N] TPOS 'E' 255 171 20 124 (-5565316)
2026-02-28 00:33:04:497 [OUT] 25 A5 01 07 31 05 81 FF F3 35 BF A5 39 (13)
                              [N7:N] TPOS 255 243 53 191 (-838209)
2026-02-28 00:33:04:683 [IN ] C8 24 07 0E 25 A5 07 01 31 06 81 53 FF AB 14 7C 4D 47 0A (19)
                              [N7:N] TPOS 'S' 255 171 20 124 (-5565316)
2026-02-28 00:33:08:291 [IN ] C8 24 0C 0E 25 A5 0C 01 31 06 81 45 FF BC CE 9C 2F FA 0A (19)
                              [N12:Z] TPOS 'E' 255 188 206 156 (-4403556)
2026-02-28 00:33:08:715 [OUT] 25 A5 01 0C 31 05 81 FF D1 1A 67 15 6D (13)
                              [N12:Z] TPOS 255 209 26 103 (-3073433)
2026-02-28 00:33:08:757 [IN ] C8 24 08 0B 25 A5 08 01 31 03 81 5A 52 6A C8 9C (16)
                              [N8:R] TPOS 'Z' 82 (82)
2026-02-28 00:33:08:780 [IN ] C8 24 08 0A 25 A5 08 01 31 02 81 49 06 4A C8 (15)
                              [N8:R] TPOS 'I'
2026-02-28 00:33:08:822 [OUT] 25 A5 01 08 31 03 CA 3D 09 4D 19 (11)
                              [N8:R] RFLAG '=' 9 (9)
2026-02-28 00:33:08:906 [IN ] C8 24 0C 0E 25 A5 0C 01 31 06 81 53 FF BC CE 9E 3F 42 0A (19)
                              [N12:Z] TPOS 'S' 255 188 206 158 (-4403554)
2026-02-28 00:33:09:008 [IN ] C8 24 08 0B 25 A5 08 01 31 03 CA 3A 09 4A 1A 9E (16)
                              [N8:R] RFLAG ':' 9 (9)
2026-02-28 00:33:09:029 [OUT] 25 A5 01 08 31 05 81 FF DC 77 1D 2F DE (13)
                              [N8:R] TPOS 255 220 119 29 (-2328803)
2026-02-28 00:33:09:214 [IN ] C8 24 08 0E 25 A5 08 01 31 06 81 53 FF FF FF E0 F1 87 0A (19)
                              [N8:R] TPOS 'S' 255 255 255 224 (-32)
2026-02-28 00:33:11:820 [IN ] C8 24 05 0E 25 A5 05 01 31 06 81 45 00 19 85 E1 82 82 0A (19)
                              [N5:V] TPOS 'E' 0 25 133 225 (1672673)
2026-02-28 00:33:12:244 [OUT] 25 A5 01 05 31 05 81 00 0D 03 C1 8E 19 (13)
                              [N5:V] TPOS 0 13 3 193 (852929)
2026-02-28 00:33:12:429 [IN ] C8 24 05 0E 25 A5 05 01 31 06 81 53 00 19 85 E1 90 C8 0A (19)
                              [N5:V] TPOS 'S' 0 25 133 225 (1672673)
2026-02-28 00:33:16:439 [IN ] C8 24 0C 0E 25 A5 0C 01 31 06 81 45 FF D1 1B AE A3 E5 0A (19)
                              [N12:Z] TPOS 'E' 255 209 27 174 (-3073106)
2026-02-28 00:33:17:643 [IN ] C8 24 05 0E 25 A5 05 01 31 06 81 45 00 0D 02 4A 5C C1 0A (19)
                              [N5:V] TPOS 'E' 0 13 2 74 (852554)
2026-02-28 00:33:17:867 [OUT] 25 A5 01 03 31 05 81 FF ED B1 30 88 70 (13)
                              [N3:X] TPOS 255 237 177 48 (-1199824)
2026-02-28 00:33:17:889 [OUT] 25 A5 01 04 31 05 81 FF F3 BD 0C 77 7E (13)
                              [N4:Y] TPOS 255 243 189 12 (-803572)
2026-02-28 00:33:18:033 [IN ] C8 24 03 0E 25 A5 03 01 31 06 81 53 FF FD 50 DC 37 ED 0A (19)
                              [N3:X] TPOS 'S' 255 253 80 220 (-175908)
2026-02-28 00:33:18:177 [IN ] C8 24 04 0E 25 A5 04 01 31 06 81 53 FF FD 4F B0 0B C9 0A (19)
                              [N4:Y] TPOS 'S' 255 253 79 176 (-176208)
2026-02-28 00:33:21:386 [IN ] C8 24 04 0E 25 A5 04 01 31 06 81 45 FF F3 B9 3A E7 C3 0A (19)
                              [N4:Y] TPOS 'E' 255 243 185 58 (-804550)
2026-02-28 00:33:22:991 [IN ] C8 24 03 0E 25 A5 03 01 31 06 81 45 FF ED AD 7F 19 D4 0A (19)
                              [N3:X] TPOS 'E' 255 237 173 127 (-1200769)
2026-02-28 00:33:24:596 [IN ] C8 24 08 0E 25 A5 08 01 31 06 81 45 FF DC 74 9A EF 7C 0A (19)
                              [N8:R] TPOS 'E' 255 220 116 154 (-2329446)
2026-02-28 00:33:25:020 [OUT] 25 A5 01 08 31 05 81 FF EE 15 56 18 89 (13)
                              [N8:R] TPOS 255 238 21 86 (-1174186)
2026-02-28 00:33:25:225 [IN ] C8 24 08 0E 25 A5 08 01 31 06 81 53 FF DC 74 A8 0B D0 0A (19)
                              [N8:R] TPOS 'S' 255 220 116 168 (-2329432)
2026-02-28 00:33:25:827 [IN ] C8 24 07 0E 25 A5 07 01 31 06 81 45 FF F3 3A E9 1A 92 0A (19)
                              [N7:N] TPOS 'E' 255 243 58 233 (-836887)
2026-02-28 00:33:33:647 [IN ] C8 24 08 0E 25 A5 08 01 31 06 81 45 FF EE 16 EF F8 4B 0A (19)
                              [N8:R] TPOS 'E' 255 238 22 239 (-1173777)
