2026-04-21 10:24:41:478 [OUT] 25 A5 01 0A 31 05 D6 3D FF 00 00 53 ED (13)
                              [N10:HMI] HMILED '=' 255 0 0 (16711680)
2026-04-21 10:24:41:500 [OUT] 25 A5 01 09 31 05 81 FF E9 85 8B B9 97 (13)
                              [N9:P] TPOS 255 233 133 139 (-1473141)
2026-04-21 10:24:41:668 [IN ] C8 24 0A 0D 25 A5 0A 01 31 05 D6 3A FF 00 00 50 EA D4 (18)
                              [N10:HMI] HMILED ':' 255 0 0 (16711680)
2026-04-21 10:24:41:793 [IN ] C8 24 09 0E 25 A5 09 01 31 06 81 53 FF FF DB 9A 88 03 0A (19)
                              [N9:P] TPOS 'S' 255 255 219 154 (-9318)
2026-04-21 10:24:41:996 [IN ] C8 24 0B 0A 25 A5 0B 01 31 02 DE 03 20 D0 DB (15)
                              [N11:NG] NGSWSTATE 3 (3)
2026-04-21 10:24:43:000 [IN ] C8 24 0B 0A 25 A5 0B 01 31 02 DE 03 20 D0 DB (15)
                              [N11:NG] NGSWSTATE 3 (3)
2026-04-21 10:24:44:004 [IN ] C8 24 0B 0A 25 A5 0B 01 31 02 DE 03 20 D0 DB (15)
                              [N11:NG] NGSWSTATE 3 (3)
2026-04-21 10:24:45:008 [IN ] C8 24 0B 0A 25 A5 0B 01 31 02 DE 03 20 D0 DB (15)
                              [N11:NG] NGSWSTATE 3 (3)
2026-04-21 10:24:46:011 [IN ] C8 24 0B 0A 25 A5 0B 01 31 02 DE 03 20 D0 DB (15)
                              [N11:NG] NGSWSTATE 3 (3)
2026-04-21 10:24:47:015 [IN ] C8 24 0B 0A 25 A5 0B 01 31 02 DE 03 20 D0 DB (15)
                              [N11:NG] NGSWSTATE 3 (3)
2026-04-21 10:24:48:020 [IN ] C8 24 0B 0A 25 A5 0B 01 31 02 DE 03 20 D0 DB (15)
                              [N11:NG] NGSWSTATE 3 (3)
2026-04-21 10:24:49:026 [IN ] C8 24 0B 0A 25 A5 0B 01 31 02 DE 03 20 D0 DB (15)
                              [N11:NG] NGSWSTATE 3 (3)
2026-04-21 10:24:49:227 [IN ] C8 24 09 0E 25 A5 09 01 31 06 81 45 FF E9 82 2E 9F 5D 0A (19)
                              [N9:P] TPOS 'E' 255 233 130 46 (-1474002)
