2026-04-21 17:02:15:734 [OUT] 25 A5 01 0A 31 05 D6 3D FF 00 00 53 ED (13)
                              [N10:HMI] HMILED '=' 255 0 0 (16711680)
2026-04-21 17:02:15:758 [OUT] 25 A5 01 04 31 05 81 FF F1 D3 EC 6B 84 (13)
                              [N4:Y] TPOS 255 241 211 236 (-928788)
2026-04-21 17:02:15:780 [OUT] 25 A5 01 03 31 05 81 FF EA 81 5D 82 34 (13)
                              [N3:X] TPOS 255 234 129 93 (-1408675)
2026-04-21 17:02:15:802 [OUT] 25 A5 01 09 31 05 81 FF F1 EB 19 B5 09 (13)
                              [N9:P] TPOS 255 241 235 25 (-922855)
2026-04-21 17:02:15:824 [OUT] 25 A5 01 05 31 05 81 00 0C 2E 04 FB AF (13)
                              [N5:V] TPOS 0 12 46 4 (798212)
2026-04-21 17:02:15:846 [OUT] 25 A5 01 06 31 05 81 00 0D 9A C6 2B 54 (13)
                              [N6:H] TPOS 0 13 154 198 (891590)
2026-04-21 17:02:15:930 [IN ] C8 24 0A 0D 25 A5 0A 01 31 05 D6 3A FF 00 00 50 EA 22 (18)
                              [N10:HMI] HMILED ':' 255 0 0 (16711680)
2026-04-21 17:02:16:054 [IN ] C8 24 04 0E 25 A5 04 01 31 06 81 53 FF F1 D1 85 56 7E 76 (19)
                              [N4:Y] TPOS 'S' 255 241 209 133 (-929403)
2026-04-21 17:02:16:159 [IN ] C8 24 04 0E 25 A5 04 01 31 06 81 45 FF F1 D2 90 54 45 76 (19)
                              [N4:Y] TPOS 'E' 255 241 210 144 (-929136)
2026-04-21 17:02:16:180 [IN ] C8 24 03 0E 25 A5 03 01 31 06 81 53 FF EA 80 52 CA 8A 76 (19)
                              [N3:X] TPOS 'S' 255 234 128 82 (-1408942)
2026-04-21 17:02:16:285 [IN ] C8 24 03 0E 25 A5 03 01 31 06 81 45 FF EA 80 7D E7 6F 76 (19)
                              [N3:X] TPOS 'E' 255 234 128 125 (-1408899)
2026-04-21 17:02:16:307 [IN ] C8 24 09 0E 25 A5 09 01 31 06 81 53 FF F1 E7 45 31 9C 76 (19)
                              [N9:P] TPOS 'S' 255 241 231 69 (-923835)
2026-04-21 17:02:16:412 [IN ] C8 24 0B 0A 25 A5 0B 01 31 02 DE 03 20 D0 E7 C8 24 09 0E 25 A5 09 01 31 06 81 45 FF F1 EB 56 38 6F 76 (34)
                              [N11:NG] NGSWSTATE 3 (3)
                              [N9:P] TPOS 'E' 255 241 235 86 (-922794)
2026-04-21 17:02:16:433 [IN ] C8 24 05 0E 25 A5 05 01 31 06 81 53 00 0C 09 1F 45 E7 76 (19)
                              [N5:V] TPOS 'S' 0 12 9 31 (788767)
2026-04-21 17:02:16:581 [IN ] C8 24 06 0E 25 A5 06 01 31 06 81 53 00 0D E6 59 5E E8 76 (19)
                              [N6:H] TPOS 'S' 0 13 230 89 (910937)
2026-04-21 17:02:16:783 [IN ] C8 24 05 0E 25 A5 05 01 31 06 81 45 00 0C 31 BC FC 8E 76 C8 24 06 0E 25 A5 06 01 31 06 81 45 00 0D 95 21 C7 C8 76 (38)
                              [N5:V] TPOS 'E' 0 12 49 188 (799164)
                              [N6:H] TPOS 'E' 0 13 149 33 (890145)
