2026-04-21 11:10:52:009 [OUT] 25 A5 01 0A 31 05 D6 3D FF 00 00 53 ED (13)
                              [N10:HMI] HMILED '=' 255 0 0 (16711680)
2026-04-21 11:10:52:033 [OUT] 25 A5 01 05 31 05 81 00 0F 48 17 2B FF (13)
                              [N5:V] TPOS 0 15 72 23 (1001495)
2026-04-21 11:10:52:055 [OUT] 25 A5 01 06 31 05 81 00 12 21 E0 D1 8B (13)
                              [N6:H] TPOS 0 18 33 224 (1188320)
2026-04-21 11:10:52:077 [OUT] 25 A5 01 07 31 05 81 FF DE 74 68 78 21 (13)
                              [N7:N] TPOS 255 222 116 104 (-2198424)
2026-04-21 11:10:52:203 [IN ] C8 24 0A 0D 25 A5 0A 01 31 05 D6 3A FF 00 00 50 EA 0B (18)
                              [N10:HMI] HMILED ':' 255 0 0 (16711680)
2026-04-21 11:10:52:330 [IN ] C8 24 05 0E 25 A5 05 01 31 06 81 53 00 0D 79 63 FA 0E 31 (19)
                              [N5:V] TPOS 'S' 0 13 121 99 (883043)
2026-04-21 11:10:52:455 [IN ] C8 24 06 0E 25 A5 06 01 31 06 81 53 00 0A EF B9 C4 51 31 (19)
                              [N6:H] TPOS 'S' 0 10 239 185 (716729)
2026-04-21 11:10:52:580 [IN ] C8 24 07 0E 25 A5 07 01 31 06 81 53 FF DD (14)
2026-04-21 11:10:52:602 [IN ] 39 34 5C DF 31 (5)
                              [N7:N] TPOS 'S' 255 221 57 52 (-2279116)
2026-04-21 11:10:53:005 [IN ] C8 24 05 0E 25 A5 05 01 31 06 81 45 00 0F 4B DA 37 E9 31 (19)
                              [N5:V] TPOS 'E' 0 15 75 218 (1002458)
2026-04-21 11:10:53:207 [IN ] C8 24 07 0E 25 A5 07 01 31 06 81 45 FF DE 79 50 AB 38 31 (19)
                              [N7:N] TPOS 'E' 255 222 121 80 (-2197168)
2026-04-21 11:10:54:614 [IN ] C8 24 06 0E 25 A5 06 01 31 06 81 45 00 12 26 BB F7 93 31 (19)
                              [N6:H] TPOS 'E' 0 18 38 187 (1189563)
