2026-04-21 15:36:58:742 [OUT] 25 A5 01 0A 31 05 D6 3D FF 00 00 53 ED (13)
                              [N10:HMI] HMILED '=' 255 0 0 (16711680)
2026-04-21 15:36:58:765 [OUT] 25 A5 01 03 31 02 D8 3F 4E CE (10)
                              [N3:X] INTERRUPT '?'
2026-04-21 15:36:59:067 [IN ] C8 24 0B 0A 25 A5 0B 01 31 02 DE 00 1D CD 5F C8 24 0A 0D 25 A5 0A 01 31 05 D6 3A FF 00 00 50 EA 0D C8 24 03 0C 25 A5 03 01 31 04 D8 3A 01 01 4D 6A EA (50)
                              [N11:NG] NGSWSTATE 0 (0)
                              [N10:HMI] HMILED ':' 255 0 0 (16711680)
                              [N3:X] INTERRUPT ':' 1 1 (257)
2026-04-21 15:36:59:089 [OUT] 25 A5 01 09 31 03 C9 3D 09 4D 1C (11)
                              [N9:P] LFLAG '=' 9 (9)
2026-04-21 15:36:59:111 [OUT] 25 A5 01 04 31 02 D8 3F 4F D3 (10)
                              [N4:Y] INTERRUPT '?'
2026-04-21 15:36:59:412 [IN ] C8 24 09 0B 25 A5 09 01 31 03 C9 3A 09 4A 1E 6A C8 24 04 0C 25 A5 04 01 31 04 D8 3A 01 01 4E 72 EA (33)
                              [N9:P] LFLAG ':' 9 (9)
                              [N4:Y] INTERRUPT ':' 1 1 (257)
2026-04-21 15:36:59:434 [OUT] 25 A5 01 09 31 03 CA 3D 09 4E 1F (11)
                              [N9:P] RFLAG '=' 9 (9)
2026-04-21 15:36:59:456 [OUT] 25 A5 01 0C 31 02 D8 3F 57 FB (10)
                              [N12:Z] INTERRUPT '?'
2026-04-21 15:36:59:757 [IN ] C8 24 09 0B 25 A5 09 01 31 03 CA 3A 09 4B 21 72 C8 24 0C 0C 25 A5 0C 01 31 04 D8 3A 01 01 56 B2 EA (33)
                              [N9:P] RFLAG ':' 9 (9)
                              [N12:Z] INTERRUPT ':' 1 1 (257)
2026-04-21 15:36:59:779 [OUT] 25 A5 01 08 31 03 C9 3D 09 4C 16 (11)
                              [N8:R] LFLAG '=' 9 (9)
2026-04-21 15:36:59:801 [OUT] 25 A5 01 03 31 03 C9 3D 0B 49 FA (11)
                              [N3:X] LFLAG '=' 11 (11)
2026-04-21 15:36:59:823 [OUT] 25 A5 01 04 31 03 C9 3D 0B 4A 00 (11)
                              [N4:Y] LFLAG '=' 11 (11)
2026-04-21 15:36:59:845 [OUT] 25 A5 01 0C 31 03 C9 3D 0B 52 30 (11)
                              [N12:Z] LFLAG '=' 11 (11)
2026-04-21 15:36:59:929 [IN ] C8 24 0B 0A 25 A5 0B 01 31 02 DE 00 1D CD 56 (15)
                              [N11:NG] NGSWSTATE 0 (0)
2026-04-21 15:36:59:951 [IN ] C8 24 08 0B 25 A5 08 01 31 03 C9 3A 09 49 17 B2 (16)
                              [N8:R] LFLAG ':' 9 (9)
2026-04-21 15:36:59:972 [OUT] 25 A5 01 08 31 03 CA 3D 09 4D 19 (11)
                              [N8:R] RFLAG '=' 9 (9)
2026-04-21 15:37:00:056 [IN ] C8 24 03 0B 25 A5 03 01 31 03 C9 3A 0B 46 F6 B2 (16)
                              [N3:X] LFLAG ':' 11 (11)
2026-04-21 15:37:00:077 [OUT] 25 A5 01 03 31 03 88 00 50 10 02 (11)
                              [N3:X] RUN 0 80 (80)
2026-04-21 15:37:00:164 [IN ] C8 24 04 0B 25 A5 04 01 31 03 C9 3A 0B 47 FD B2 (16)
                              [N4:Y] LFLAG ':' 11 (11)
2026-04-21 15:37:00:186 [OUT] 25 A5 01 04 31 03 88 00 50 11 08 (11)
                              [N4:Y] RUN 0 80 (80)
2026-04-21 15:37:00:270 [IN ] C8 24 0C 0B 25 A5 0C 01 31 03 C9 3A 0B 4F 35 B2 (16)
                              [N12:Z] LFLAG ':' 11 (11)
2026-04-21 15:37:00:292 [OUT] 25 A5 01 0C 31 03 88 00 50 19 38 (11)
                              [N12:Z] RUN 0 80 (80)
2026-04-21 15:37:00:377 [IN ] C8 24 08 0B 25 A5 08 01 31 03 CA 3A 09 4A 1A B2 (16)
                              [N8:R] RFLAG ':' 9 (9)
2026-04-21 15:37:00:503 [IN ] C8 24 03 0C 25 A5 03 01 31 04 88 53 00 50 64 C2 EA (17)
                              [N3:X] RUN 'S' 0 80 (80)
2026-04-21 15:37:00:608 [IN ] C8 24 04 0C 25 A5 04 01 31 04 88 53 00 50 65 CA EA (17)
                              [N4:Y] RUN 'S' 0 80 (80)
2026-04-21 15:37:00:713 [IN ] C8 24 0C 0C 25 A5 0C 01 31 04 88 53 00 50 6D 0A EA (17)
                              [N12:Z] RUN 'S' 0 80 (80)
2026-04-21 15:37:00:917 [IN ] C8 24 04 0B 25 A5 04 01 31 03 81 5A 4C 60 A6 0A C8 24 0B 0A 25 A5 0B 01 31 02 DE 00 1D CD A6 C8 24 04 0A 25 A5 04 01 31 02 81 49 02 32 A6 (46)
                              [N4:Y] TPOS 'Z' 76 (76)
                              [N11:NG] NGSWSTATE 0 (0)
                              [N4:Y] TPOS 'I'
2026-04-21 15:37:01:140 [OUT] 25 A5 01 09 31 02 D8 3F 54 EC (10)
                              [N9:P] INTERRUPT '?'
2026-04-21 15:37:01:442 [IN ] C8 24 09 0C 25 A5 09 01 31 04 D8 3A 01 01 53 9A EA (17)
                              [N9:P] INTERRUPT ':' 1 1 (257)
2026-04-21 15:37:01:463 [OUT] 25 A5 01 04 31 03 C9 3D 09 48 FE (11)
                              [N4:Y] LFLAG '=' 9 (9)
2026-04-21 15:37:01:485 [OUT] 25 A5 01 07 31 02 D8 3F 52 E2 (10)
                              [N7:N] INTERRUPT '?'
2026-04-21 15:37:01:787 [IN ] C8 24 04 0B 25 A5 04 01 31 03 C9 3A 09 45 FB 9A C8 24 07 0C 25 A5 07 01 31 04 D8 3A 01 01 51 8A EA (33)
                              [N4:Y] LFLAG ':' 9 (9)
                              [N7:N] INTERRUPT ':' 1 1 (257)
2026-04-21 15:37:01:809 [OUT] 25 A5 01 09 31 03 C9 3D 0B 4F 1E (11)
                              [N9:P] LFLAG '=' 11 (11)
2026-04-21 15:37:01:833 [OUT] 25 A5 01 07 31 03 C9 3D 0B 4D 12 (11)
                              [N7:N] LFLAG '=' 11 (11)
2026-04-21 15:37:01:938 [IN ] C8 24 0B 0A 25 A5 0B 01 31 02 DE 00 1D CD 51 (15)
                              [N11:NG] NGSWSTATE 0 (0)
2026-04-21 15:37:01:980 [IN ] C8 24 09 0B 25 A5 09 01 31 03 C9 3A 0B 4C 20 8A (16)
                              [N9:P] LFLAG ':' 11 (11)
2026-04-21 15:37:02:001 [OUT] 25 A5 01 09 31 03 88 00 50 16 26 (11)
                              [N9:P] RUN 0 80 (80)
2026-04-21 15:37:02:086 [IN ] C8 24 07 0B 25 A5 07 01 31 03 C9 3A 0B 4A 12 8A (16)
                              [N7:N] LFLAG ':' 11 (11)
2026-04-21 15:37:02:107 [OUT] 25 A5 01 07 31 03 88 00 50 14 1A (11)
                              [N7:N] RUN 0 80 (80)
2026-04-21 15:37:02:213 [IN ] C8 24 09 0C 25 A5 09 01 31 04 88 53 00 50 6A F2 EA (17)
                              [N9:P] RUN 'S' 0 80 (80)
2026-04-21 15:37:02:318 [IN ] C8 24 07 0C 25 A5 07 01 31 04 88 53 00 50 68 E2 EA (17)
                              [N7:N] RUN 'S' 0 80 (80)
2026-04-21 15:37:03:122 [IN ] C8 24 0B 0A 25 A5 0B 01 31 02 DE 00 1D CD 68 (15)
                              [N11:NG] NGSWSTATE 0 (0)
2026-04-21 15:37:04:126 [IN ] C8 24 0B 0A 25 A5 0B 01 31 02 DE 00 1D CD 68 (15)
                              [N11:NG] NGSWSTATE 0 (0)
2026-04-21 15:37:05:130 [IN ] C8 24 0B 0A 25 A5 0B 01 31 02 DE 00 1D CD 68 (15)
                              [N11:NG] NGSWSTATE 0 (0)
2026-04-21 15:37:06:135 [IN ] C8 24 0B 0A 25 A5 0B 01 31 02 DE 00 1D CD 68 (15)
                              [N11:NG] NGSWSTATE 0 (0)
2026-04-21 15:37:07:140 [IN ] C8 24 0B 0A 25 A5 0B 01 31 02 DE 00 1D CD 68 (15)
                              [N11:NG] NGSWSTATE 0 (0)
2026-04-21 15:37:08:147 [IN ] C8 24 0B 0A 25 A5 0B 01 31 02 DE 00 1D CD 68 C8 24 09 0B 25 A5 09 01 31 03 81 5A 4C 65 C9 E2 C8 24 09 0A 25 A5 09 01 31 02 81 49 07 50 C9 (46)
                              [N11:NG] NGSWSTATE 0 (0)
                              [N9:P] TPOS 'Z' 76 (76)
                              [N9:P] TPOS 'I'
2026-04-21 15:37:08:370 [OUT] 25 A5 01 09 31 03 C9 3D 09 4D 1C (11)
                              [N9:P] LFLAG '=' 9 (9)
2026-04-21 15:37:08:392 [OUT] 25 A5 01 04 31 05 81 FF EE 88 01 32 FA (13)
                              [N4:Y] TPOS 255 238 136 1 (-1144831)
2026-04-21 15:37:08:539 [IN ] C8 24 09 0B 25 A5 09 01 31 03 C9 3A 09 4A 1E E2 (16)
                              [N9:P] LFLAG ':' 9 (9)
2026-04-21 15:37:08:664 [IN ] C8 24 04 0E 25 A5 04 01 31 06 81 53 00 00 00 00 10 88 0A (19)
                              [N4:Y] TPOS 'S' 0 0 0 0 (0)
2026-04-21 15:37:09:067 [IN ] C8 24 0B 0A 25 A5 0B 01 31 02 DE 00 1D CD 00 (15)
                              [N11:NG] NGSWSTATE 0 (0)
2026-04-21 15:37:10:070 [IN ] C8 24 0B 0A 25 A5 0B 01 31 02 DE 00 1D CD 00 (15)
                              [N11:NG] NGSWSTATE 0 (0)
2026-04-21 15:37:11:075 [IN ] C8 24 0B 0A 25 A5 0B 01 31 02 DE 00 1D CD 00 (15)
                              [N11:NG] NGSWSTATE 0 (0)
2026-04-21 15:37:12:080 [IN ] C8 24 07 0B 25 A5 07 01 31 03 81 5A 4C 63 BB 00 C8 24 0B 0A 25 A5 0B 01 31 02 DE 00 1D CD BB C8 24 07 0A 25 A5 07 01 31 02 81 49 05 44 BB (46)
                              [N7:N] TPOS 'Z' 76 (76)
                              [N11:NG] NGSWSTATE 0 (0)
                              [N7:N] TPOS 'I'
2026-04-21 15:37:12:303 [OUT] 25 A5 01 07 31 03 C9 3D 09 4B 10 (11)
                              [N7:N] LFLAG '=' 9 (9)
2026-04-21 15:37:12:471 [IN ] C8 24 07 0B 25 A5 07 01 31 03 C9 3A 09 48 10 00 (16)
                              [N7:N] LFLAG ':' 9 (9)
2026-04-21 15:37:12:874 [IN ] C8 24 0C 0B 25 A5 0C 01 31 03 81 5A 4C 68 DE 00 (16)
                              [N12:Z] TPOS 'Z' 76 (76)
2026-04-21 15:37:13:075 [IN ] C8 24 0C 0A 25 A5 0C 01 31 02 81 49 0A 62 DE C8 24 0B 0A 25 A5 0B 01 31 02 DE 00 1D CD DE (30)
                              [N12:Z] TPOS 'I'
                              [N11:NG] NGSWSTATE 0 (0)
2026-04-21 15:37:13:300 [OUT] 25 A5 01 0C 31 03 C9 3D 09 50 2E (11)
                              [N12:Z] LFLAG '=' 9 (9)
2026-04-21 15:37:13:467 [IN ] C8 24 0C 0B 25 A5 0C 01 31 03 C9 3A 09 4D 33 00 (16)
                              [N12:Z] LFLAG ':' 9 (9)
2026-04-21 15:37:14:071 [IN ] C8 24 0B 0A 25 A5 0B 01 31 02 DE 00 1D CD 33 (15)
                              [N11:NG] NGSWSTATE 0 (0)
2026-04-21 15:37:14:673 [IN ] C8 24 04 0E 25 A5 04 01 31 06 81 45 FF EE 85 4D C1 5F 0A (19)
                              [N4:Y] TPOS 'E' 255 238 133 77 (-1145523)
2026-04-21 15:37:14:896 [OUT] 25 A5 01 0C 31 05 81 FF BC D0 00 4F 33 (13)
                              [N12:Z] TPOS 255 188 208 0 (-4403200)
2026-04-21 15:37:14:920 [OUT] 25 A5 01 04 31 05 81 FF FD 50 01 09 B7 (13)
                              [N4:Y] TPOS 255 253 80 1 (-176127)
2026-04-21 15:37:14:942 [OUT] 25 A5 01 09 31 05 81 FF E7 5D 56 5A 0C (13)
                              [N9:P] TPOS 255 231 93 86 (-1614506)
2026-04-21 15:37:14:964 [OUT] 25 A5 01 07 31 05 81 FF AB 19 75 F7 DF (13)
                              [N7:N] TPOS 255 171 25 117 (-5564043)
2026-04-21 15:37:14:986 [OUT] 25 A5 01 06 31 02 D8 3F 51 DD (10)
                              [N6:H] INTERRUPT '?'
2026-04-21 15:37:15:288 [IN ] C8 24 0B 0A 25 A5 0B 01 31 02 DE 00 1D CD 85 C8 24 0C 0E 25 A5 0C 01 31 06 81 53 FF FF FF BD D2 8C 0A C8 24 04 0E 25 A5 04 01 31 06 81 53 FF EE 85 4E D0 A6 0A (53)
                              [N11:NG] NGSWSTATE 0 (0)
                              [N12:Z] TPOS 'S' 255 255 255 189 (-67)
                              [N4:Y] TPOS 'S' 255 238 133 78 (-1145522)
2026-04-21 15:37:15:589 [IN ] C8 24 09 0E 25 A5 09 01 31 06 81 53 FF FF FF FC 0E AD 0A C8 24 07 0E 25 A5 07 01 31 06 81 53 FF FF FF FE 0E 9B 0A C8 24 06 0C 25 A5 06 01 31 04 D8 3A 01 01 50 82 0E (55)
                              [N9:P] TPOS 'S' 255 255 255 252 (-4)
                              [N7:N] TPOS 'S' 255 255 255 254 (-2)
                              [N6:H] INTERRUPT ':' 1 1 (257)
2026-04-21 15:37:15:610 [OUT] 25 A5 01 06 31 03 C9 3D 0B 4C 0C (11)
                              [N6:H] LFLAG '=' 11 (11)
2026-04-21 15:37:15:778 [IN ] C8 24 06 0B 25 A5 06 01 31 03 C9 3A 0B 49 0B 82 (16)
                              [N6:H] LFLAG ':' 11 (11)
2026-04-21 15:37:15:799 [OUT] 25 A5 01 06 31 03 88 FF B0 72 72 (11)
                              [N6:H] RUN 255 176 (-80)
2026-04-21 15:37:15:967 [IN ] C8 24 06 0C 25 A5 06 01 31 04 88 53 FF B0 C6 38 0E (17)
                              [N6:H] RUN 'S' 255 176 (-80)
2026-04-21 15:37:16:169 [IN ] C8 24 03 0B 25 A5 03 01 31 03 81 5A 4C 5F 9F 38 C8 24 0B 0A 25 A5 0B 01 31 02 DE 00 1D CD 9F C8 24 03 0A 25 A5 03 01 31 02 81 49 01 2C 9F (46)
                              [N3:X] TPOS 'Z' 76 (76)
                              [N11:NG] NGSWSTATE 0 (0)
                              [N3:X] TPOS 'I'
2026-04-21 15:37:16:393 [OUT] 25 A5 01 03 31 03 C9 3D 09 47 F8 (11)
                              [N3:X] LFLAG '=' 9 (9)
2026-04-21 15:37:16:560 [IN ] C8 24 03 0B 25 A5 03 01 31 03 C9 3A 09 44 F4 38 (16)
                              [N3:X] LFLAG ':' 9 (9)
2026-04-21 15:37:16:582 [OUT] 25 A5 01 03 31 05 81 FF EC 4A AB 9B 1A (13)
                              [N3:X] TPOS 255 236 74 171 (-1291605)
2026-04-21 15:37:16:769 [IN ] C8 24 03 0E 25 A5 03 01 31 06 81 53 FF FF FF FB 07 70 0A (19)
                              [N3:X] TPOS 'S' 255 255 255 251 (-5)
2026-04-21 15:37:17:171 [IN ] C8 24 0B 0A 25 A5 0B 01 31 02 DE 00 1D CD FF (15)
                              [N11:NG] NGSWSTATE 0 (0)
2026-04-21 15:37:18:176 [IN ] C8 24 0B 0A 25 A5 0B 01 31 02 DE 00 1D CD FF (15)
                              [N11:NG] NGSWSTATE 0 (0)
2026-04-21 15:37:19:181 [IN ] C8 24 0B 0A 25 A5 0B 01 31 02 DE 00 1D CD FF (15)
                              [N11:NG] NGSWSTATE 0 (0)
2026-04-21 15:37:19:986 [IN ] C8 24 06 0B 25 A5 06 01 31 03 81 5A 4C 62 B4 FB C8 24 06 0A 25 A5 06 01 31 02 81 49 04 3E B4 (31)
                              [N6:H] TPOS 'Z' 76 (76)
                              [N6:H] TPOS 'I'
2026-04-21 15:37:20:188 [IN ] C8 24 0B 0A 25 A5 0B 01 31 02 DE 00 1D CD B4 (15)
                              [N11:NG] NGSWSTATE 0 (0)
2026-04-21 15:37:20:209 [OUT] 25 A5 01 06 31 03 C9 3D 09 4A 0A (11)
                              [N6:H] LFLAG '=' 9 (9)
2026-04-21 15:37:20:381 [IN ] C8 24 06 0B 25 A5 06 01 31 03 C9 3A 09 47 09 FB (16)
                              [N6:H] LFLAG ':' 9 (9)
2026-04-21 15:37:20:403 [OUT] 25 A5 01 06 31 03 84 00 50 0F 08 (11)
                              [N6:H] VEL 0 80 (80)
2026-04-21 15:37:20:572 [IN ] C8 24 06 0C 25 A5 06 01 31 04 84 53 00 50 63 CA 07 (17)
                              [N6:H] VEL 'S' 0 80 (80)
2026-04-21 15:37:20:593 [OUT] 25 A5 01 06 31 05 81 00 19 82 3C 95 BE (13)
                              [N6:H] TPOS 0 25 130 60 (1671740)
2026-04-21 15:37:20:780 [IN ] C8 24 06 0E 25 A5 06 01 31 06 81 53 00 00 00 00 12 9C 0A (19)
                              [N6:H] TPOS 'S' 0 0 0 0 (0)
2026-04-21 15:37:21:183 [IN ] C8 24 0B 0A 25 A5 0B 01 31 02 DE 00 1D CD 00 (15)
                              [N11:NG] NGSWSTATE 0 (0)
2026-04-21 15:37:22:187 [IN ] C8 24 0B 0A 25 A5 0B 01 31 02 DE 00 1D CD 00 (15)
                              [N11:NG] NGSWSTATE 0 (0)
2026-04-21 15:37:23:192 [IN ] C8 24 0B 0A 25 A5 0B 01 31 02 DE 00 1D CD 00 C8 24 03 0E 25 A5 03 01 31 06 81 45 FF EC 49 12 47 9C 0A (34)
                              [N11:NG] NGSWSTATE 0 (0)
                              [N3:X] TPOS 'E' 255 236 73 18 (-1292014)
2026-04-21 15:37:23:595 [IN ] C8 24 09 0E 25 A5 09 01 31 06 81 45 FF E7 5B 30 78 0B 0A C8 24 04 0E 25 A5 04 01 31 06 81 45 FF FD 4F 85 D2 58 0A (38)
                              [N9:P] TPOS 'E' 255 231 91 48 (-1615056)
                              [N4:Y] TPOS 'E' 255 253 79 133 (-176251)
2026-04-21 15:37:23:617 [OUT] 25 A5 01 03 31 05 81 FF FD 50 01 08 AF (13)
                              [N3:X] TPOS 255 253 80 1 (-176127)
2026-04-21 15:37:23:661 [OUT] 25 A5 01 09 31 05 81 FF FF D9 C8 60 BE (13)
                              [N9:P] TPOS 255 255 217 200 (-9784)
2026-04-21 15:37:23:806 [IN ] C8 24 03 0E 25 A5 03 01 31 06 81 53 FF EC 49 13 56 E3 0A (19)
                              [N3:X] TPOS 'S' 255 236 73 19 (-1292013)
2026-04-21 15:37:23:931 [IN ] C8 24 09 0E 25 A5 09 01 31 06 81 53 FF E7 5B 33 89 54 0A (19)
                              [N9:P] TPOS 'S' 255 231 91 51 (-1615053)
2026-04-21 15:37:24:133 [IN ] C8 24 0B 0A 25 A5 0B 01 31 02 DE 00 1D CD 5B (15)
                              [N11:NG] NGSWSTATE 0 (0)
2026-04-21 15:37:25:137 [IN ] C8 24 0B 0A 25 A5 0B 01 31 02 DE 00 1D CD 5B (15)
                              [N11:NG] NGSWSTATE 0 (0)
2026-04-21 15:37:26:142 [IN ] C8 24 0B 0A 25 A5 0B 01 31 02 DE 00 1D CD 5B (15)
                              [N11:NG] NGSWSTATE 0 (0)
2026-04-21 15:37:27:146 [IN ] C8 24 0B 0A 25 A5 0B 01 31 02 DE 00 1D CD 5B (15)
                              [N11:NG] NGSWSTATE 0 (0)
2026-04-21 15:37:28:150 [IN ] C8 24 06 0E 25 A5 06 01 31 06 81 45 00 19 85 6E 10 19 0A C8 24 0B 0A 25 A5 0B 01 31 02 DE 00 1D CD 85 (34)
                              [N6:H] TPOS 'E' 0 25 133 110 (1672558)
                              [N11:NG] NGSWSTATE 0 (0)
2026-04-21 15:37:28:574 [OUT] 25 A5 01 06 31 05 81 00 0D 9D 22 8A B6 (13)
                              [N6:H] TPOS 0 13 157 34 (892194)
2026-04-21 15:37:28:763 [IN ] C8 24 06 0E 25 A5 06 01 31 06 81 53 00 19 85 6E 1E 5F 0A (19)
                              [N6:H] TPOS 'S' 0 25 133 110 (1672558)
2026-04-21 15:37:29:166 [IN ] C8 24 0B 0A 25 A5 0B 01 31 02 DE 00 1D CD 85 (15)
                              [N11:NG] NGSWSTATE 0 (0)
2026-04-21 15:37:30:173 [IN ] C8 24 0B 0A 25 A5 0B 01 31 02 DE 00 1D CD 85 (15)
                              [N11:NG] NGSWSTATE 0 (0)
2026-04-21 15:37:31:178 [IN ] C8 24 0B 0A 25 A5 0B 01 31 02 DE 00 1D CD 85 (15)
                              [N11:NG] NGSWSTATE 0 (0)
2026-04-21 15:37:32:183 [IN ] C8 24 06 0E 25 A5 06 01 31 06 81 45 00 0D 97 88 30 33 0A C8 24 0B 0A 25 A5 0B 01 31 02 DE 00 1D CD 97 (34)
                              [N6:H] TPOS 'E' 0 13 151 136 (890760)
                              [N11:NG] NGSWSTATE 0 (0)
2026-04-21 15:37:32:408 [OUT] 25 A5 01 05 31 02 D8 3F 50 D8 (10)
                              [N5:V] INTERRUPT '?'
2026-04-21 15:37:32:408 [IN ] C8 24 09 0E 25 A5 09 01 31 06 81 45 FF FF DB 7F 5F A2 0A (19)
                              [N9:P] TPOS 'E' 255 255 219 127 (-9345)
2026-04-21 15:37:32:710 [IN ] C8 24 03 0E 25 A5 03 01 31 06 81 45 FF FD 50 41 8E 0C 0A C8 24 05 0C 25 A5 05 01 31 04 D8 3A 01 01 4F 7A 8E (36)
                              [N3:X] TPOS 'E' 255 253 80 65 (-176063)
                              [N5:V] INTERRUPT ':' 1 1 (257)
2026-04-21 15:37:32:732 [OUT] 25 A5 01 05 31 03 C9 3D 0B 4B 06 (11)
                              [N5:V] LFLAG '=' 11 (11)
2026-04-21 15:37:32:755 [OUT] 25 A5 01 08 31 02 D8 3F 53 E7 (10)
                              [N8:R] INTERRUPT '?'
2026-04-21 15:37:33:056 [IN ] C8 24 05 0B 25 A5 05 01 31 03 C9 3A 0B 48 04 7A C8 24 08 0C 25 A5 08 01 31 04 D8 3A 01 01 52 92 8E (33)
                              [N5:V] LFLAG ':' 11 (11)
                              [N8:R] INTERRUPT ':' 1 1 (257)
2026-04-21 15:37:33:077 [OUT] 25 A5 01 05 31 03 88 FF B0 71 6C (11)
                              [N5:V] RUN 255 176 (-80)
2026-04-21 15:37:33:099 [OUT] 25 A5 01 08 31 03 CA 3D 0B 4F 1B (11)
                              [N8:R] RFLAG '=' 11 (11)
2026-04-21 15:37:33:184 [IN ] C8 24 0B 0A 25 A5 0B 01 31 02 DE 00 1D CD 52 (15)
                              [N11:NG] NGSWSTATE 0 (0)
2026-04-21 15:37:33:248 [IN ] C8 24 05 0C 25 A5 05 01 31 04 88 53 FF B0 C5 30 8E (17)
                              [N5:V] RUN 'S' 255 176 (-80)
2026-04-21 15:37:33:354 [IN ] C8 24 08 0B 25 A5 08 01 31 03 CA 3A 0B 4C 1C 30 (16)
                              [N8:R] RFLAG ':' 11 (11)
2026-04-21 15:37:33:375 [OUT] 25 A5 01 08 31 03 88 00 50 15 20 (11)
                              [N8:R] RUN 0 80 (80)
2026-04-21 15:37:33:543 [IN ] C8 24 08 0C 25 A5 08 01 31 04 88 53 00 50 69 EA 8E (17)
                              [N8:R] RUN 'S' 0 80 (80)
2026-04-21 15:37:34:346 [IN ] C8 24 0B 0A 25 A5 0B 01 31 02 DE 00 1D CD 69 (15)
                              [N11:NG] NGSWSTATE 0 (0)
2026-04-21 15:37:35:352 [IN ] C8 24 0B 0A 25 A5 0B 01 31 02 DE 00 1D CD 69 (15)
                              [N11:NG] NGSWSTATE 0 (0)
2026-04-21 15:37:35:753 [IN ] C8 24 0C 0E 25 A5 0C 01 31 06 81 45 FF BC CD 1F B1 7B 0A (19)
                              [N12:Z] TPOS 'E' 255 188 205 31 (-4403937)
2026-04-21 15:37:36:179 [OUT] 25 A5 01 0C 31 05 81 FF D8 A0 CD 08 F4 (13)
                              [N12:Z] TPOS 255 216 160 205 (-2580275)
2026-04-21 15:37:36:201 [IN ] C8 24 0B 0A 25 A5 0B 01 31 02 DE 00 1D CD CD (15)
                              [N11:NG] NGSWSTATE 0 (0)
2026-04-21 15:37:36:368 [IN ] C8 24 0C 0E 25 A5 0C 01 31 06 81 53 FF BC CD 20 C0 C2 0A (19)
                              [N12:Z] TPOS 'S' 255 188 205 32 (-4403936)
2026-04-21 15:37:37:373 [IN ] C8 24 0B 0A 25 A5 0B 01 31 02 DE 00 1D CD CD (15)
                              [N11:NG] NGSWSTATE 0 (0)
2026-04-21 15:37:37:575 [IN ] C8 24 05 0B 25 A5 05 01 31 03 81 5A 4C 61 AD 20 C8 24 05 0A 25 A5 05 01 31 02 81 49 03 38 AD (31)
                              [N5:V] TPOS 'Z' 76 (76)
                              [N5:V] TPOS 'I'
2026-04-21 15:37:37:796 [OUT] 25 A5 01 05 31 03 C9 3D 09 49 04 (11)
                              [N5:V] LFLAG '=' 9 (9)
2026-04-21 15:37:37:965 [IN ] C8 24 05 0B 25 A5 05 01 31 03 C9 3A 09 46 02 20 (16)
                              [N5:V] LFLAG ':' 9 (9)
2026-04-21 15:37:37:987 [OUT] 25 A5 01 05 31 03 84 00 50 0E 02 (11)
                              [N5:V] VEL 0 80 (80)
2026-04-21 15:37:38:134 [IN ] C8 24 05 0C 25 A5 05 01 31 04 84 53 00 50 62 C2 C0 (17)
                              [N5:V] VEL 'S' 0 80 (80)
2026-04-21 15:37:38:156 [OUT] 25 A5 01 05 31 05 81 00 19 82 3C 94 B6 (13)
                              [N5:V] TPOS 0 25 130 60 (1671740)
2026-04-21 15:37:38:219 [IN ] C8 24 0B 0A 25 A5 0B 01 31 02 DE 00 1D CD 62 (15)
                              [N11:NG] NGSWSTATE 0 (0)
2026-04-21 15:37:38:324 [IN ] C8 24 05 0E 25 A5 05 01 31 06 81 53 00 00 00 00 11 92 0A (19)
                              [N5:V] TPOS 'S' 0 0 0 0 (0)
2026-04-21 15:37:39:329 [IN ] C8 24 0B 0A 25 A5 0B 01 31 02 DE 00 1D CD 00 (15)
                              [N11:NG] NGSWSTATE 0 (0)
2026-04-21 15:37:39:730 [IN ] C8 24 07 0E 25 A5 07 01 31 06 81 45 FF AB 14 93 56 18 0A (19)
                              [N7:N] TPOS 'E' 255 171 20 147 (-5565293)
2026-04-21 15:37:40:156 [OUT] 25 A5 01 07 31 05 81 FF F0 47 34 29 C9 (13)
                              [N7:N] TPOS 255 240 71 52 (-1030348)
2026-04-21 15:37:40:240 [IN ] C8 24 0B 0A 25 A5 0B 01 31 02 DE 00 1D CD 14 (15)
                              [N11:NG] NGSWSTATE 0 (0)
2026-04-21 15:37:40:325 [IN ] C8 24 07 0E 25 A5 07 01 31 06 81 53 FF AB 14 92 63 5D 0A (19)
                              [N7:N] TPOS 'S' 255 171 20 146 (-5565294)
2026-04-21 15:37:41:332 [IN ] C8 24 0B 0A 25 A5 0B 01 31 02 DE 00 1D CD 14 (15)
                              [N11:NG] NGSWSTATE 0 (0)
2026-04-21 15:37:42:338 [IN ] C8 24 0B 0A 25 A5 0B 01 31 02 DE 00 1D CD 14 C8 24 08 0B 25 A5 08 01 31 03 81 5A 52 6A C8 92 C8 24 08 0A 25 A5 08 01 31 02 81 49 06 4A C8 (46)
                              [N11:NG] NGSWSTATE 0 (0)
                              [N8:R] TPOS 'Z' 82 (82)
                              [N8:R] TPOS 'I'
2026-04-21 15:37:42:561 [OUT] 25 A5 01 08 31 03 CA 3D 09 4D 19 (11)
                              [N8:R] RFLAG '=' 9 (9)
2026-04-21 15:37:42:728 [IN ] C8 24 08 0B 25 A5 08 01 31 03 CA 3A 09 4A 1A 92 (16)
                              [N8:R] RFLAG ':' 9 (9)
2026-04-21 15:37:42:750 [OUT] 25 A5 01 08 31 05 81 FF DC 77 1D 2F DE (13)
                              [N8:R] TPOS 255 220 119 29 (-2328803)
2026-04-21 15:37:42:959 [IN ] C8 24 08 0E 25 A5 08 01 31 06 81 53 FF FF FF F8 09 9F 0A (19)
                              [N8:R] TPOS 'S' 255 255 255 248 (-8)
2026-04-21 15:37:43:362 [IN ] C8 24 0B 0A 25 A5 0B 01 31 02 DE 00 1D CD FF (15)
                              [N11:NG] NGSWSTATE 0 (0)
2026-04-21 15:37:44:366 [IN ] C8 24 0B 0A 25 A5 0B 01 31 02 DE 00 1D CD FF (15)
                              [N11:NG] NGSWSTATE 0 (0)
2026-04-21 15:37:44:770 [IN ] C8 24 0C 0E 25 A5 0C 01 31 06 81 45 FF D8 A4 58 DD B6 0A (19)
                              [N12:Z] TPOS 'E' 255 216 164 88 (-2579368)
2026-04-21 15:37:45:373 [IN ] C8 24 0B 0A 25 A5 0B 01 31 02 DE 00 1D CD A4 (15)
                              [N11:NG] NGSWSTATE 0 (0)
2026-04-21 15:37:45:976 [IN ] C8 24 05 0E 25 A5 05 01 31 06 81 45 00 19 86 51 F3 F4 0A (19)
                              [N5:V] TPOS 'E' 0 25 134 81 (1672785)
2026-04-21 15:37:46:380 [IN ] C8 24 0B 0A 25 A5 0B 01 31 02 DE 00 1D CD 86 (15)
                              [N11:NG] NGSWSTATE 0 (0)
2026-04-21 15:37:46:401 [OUT] 25 A5 01 05 31 05 81 00 0C 0B 15 E9 7A (13)
                              [N5:V] TPOS 0 12 11 21 (789269)
2026-04-21 15:37:46:569 [IN ] C8 24 05 0E 25 A5 05 01 31 06 81 53 00 19 86 51 01 3A 0A (19)
                              [N5:V] TPOS 'S' 0 25 134 81 (1672785)
2026-04-21 15:37:47:372 [IN ] C8 24 0B 0A 25 A5 0B 01 31 02 DE 00 1D CD 86 (15)
                              [N11:NG] NGSWSTATE 0 (0)
2026-04-21 15:37:48:375 [IN ] C8 24 0B 0A 25 A5 0B 01 31 02 DE 00 1D CD 86 (15)
                              [N11:NG] NGSWSTATE 0 (0)
2026-04-21 15:37:49:379 [IN ] C8 24 0B 0A 25 A5 0B 01 31 02 DE 00 1D CD 86 (15)
                              [N11:NG] NGSWSTATE 0 (0)
2026-04-21 15:37:50:384 [IN ] C8 24 0B 0A 25 A5 0B 01 31 02 DE 00 1D CD 86 (15)
                              [N11:NG] NGSWSTATE 0 (0)
2026-04-21 15:37:51:389 [IN ] C8 24 0B 0A 25 A5 0B 01 31 02 DE 00 1D CD 86 (15)
                              [N11:NG] NGSWSTATE 0 (0)
2026-04-21 15:37:51:992 [IN ] C8 24 05 0E 25 A5 05 01 31 06 81 45 00 0C 09 05 1D 87 0A (19)
                              [N5:V] TPOS 'E' 0 12 9 5 (788741)
2026-04-21 15:37:52:215 [OUT] 25 A5 01 03 31 05 81 FF EE C6 38 A6 A5 (13)
                              [N3:X] TPOS 255 238 198 56 (-1128904)
2026-04-21 15:37:52:237 [OUT] 25 A5 01 04 31 05 81 FF F3 5F FC 09 B2 (13)
                              [N4:Y] TPOS 255 243 95 252 (-827396)
2026-04-21 15:37:52:342 [IN ] C8 24 0B 0A 25 A5 0B 01 31 02 DE 00 1D CD 09 (15)
                              [N11:NG] NGSWSTATE 0 (0)
2026-04-21 15:37:52:384 [IN ] C8 24 03 0E 25 A5 03 01 31 06 81 53 FF FD 50 3E 99 4F 0A (19)
                              [N3:X] TPOS 'S' 255 253 80 62 (-176066)
2026-04-21 15:37:52:530 [IN ] C8 24 04 0E 25 A5 04 01 31 06 81 53 FF FD 4F 85 E0 9E 0A (19)
                              [N4:Y] TPOS 'S' 255 253 79 133 (-176251)
2026-04-21 15:37:53:534 [IN ] C8 24 0B 0A 25 A5 0B 01 31 02 DE 00 1D CD 4F (15)
                              [N11:NG] NGSWSTATE 0 (0)
2026-04-21 15:37:54:539 [IN ] C8 24 0B 0A 25 A5 0B 01 31 02 DE 00 1D CD 4F (15)
                              [N11:NG] NGSWSTATE 0 (0)
2026-04-21 15:37:55:544 [IN ] C8 24 0B 0A 25 A5 0B 01 31 02 DE 00 1D CD 4F (15)
                              [N11:NG] NGSWSTATE 0 (0)
2026-04-21 15:37:55:946 [IN ] C8 24 08 0E 25 A5 08 01 31 06 81 45 FF DC 74 A5 FA 87 0A C8 24 04 0E 25 A5 04 01 31 06 81 45 FF F3 5D 7E CF 4F 0A (38)
                              [N8:R] TPOS 'E' 255 220 116 165 (-2329435)
                              [N4:Y] TPOS 'E' 255 243 93 126 (-828034)
2026-04-21 15:37:56:371 [OUT] 25 A5 01 08 31 05 81 FF EE 15 56 18 89 (13)
                              [N8:R] TPOS 255 238 21 86 (-1174186)
2026-04-21 15:37:56:372 [IN ] C8 24 0B 0A 25 A5 0B 01 31 02 DE 00 1D CD 5D (15)
                              [N11:NG] NGSWSTATE 0 (0)
2026-04-21 15:37:56:539 [IN ] C8 24 08 0E 25 A5 08 01 31 06 81 53 FF DC 74 A7 0A CF 0A (19)
                              [N8:R] TPOS 'S' 255 220 116 167 (-2329433)
2026-04-21 15:37:57:143 [IN ] C8 24 03 0E 25 A5 03 01 31 06 81 45 FF EE C3 C6 77 4A 0A (19)
                              [N3:X] TPOS 'E' 255 238 195 198 (-1129530)
2026-04-21 15:37:57:546 [IN ] C8 24 0B 0A 25 A5 0B 01 31 02 DE 00 1D CD C3 (15)
                              [N11:NG] NGSWSTATE 0 (0)
2026-04-21 15:37:58:551 [IN ] C8 24 0B 0A 25 A5 0B 01 31 02 DE 00 1D CD C3 (15)
                              [N11:NG] NGSWSTATE 0 (0)
2026-04-21 15:37:59:557 [IN ] C8 24 0B 0A 25 A5 0B 01 31 02 DE 00 1D CD C3 (15)
                              [N11:NG] NGSWSTATE 0 (0)
2026-04-21 15:38:00:159 [IN ] C8 24 07 0E 25 A5 07 01 31 06 81 45 FF F0 4C 20 60 E4 0A (19)
                              [N7:N] TPOS 'E' 255 240 76 32 (-1029088)
2026-04-21 15:38:00:563 [IN ] C8 24 0B 0A 25 A5 0B 01 31 02 DE 00 1D CD 4C (15)
                              [N11:NG] NGSWSTATE 0 (0)
2026-04-21 15:38:01:567 [IN ] C8 24 0B 0A 25 A5 0B 01 31 02 DE 00 1D CD 4C (15)
                              [N11:NG] NGSWSTATE 0 (0)
2026-04-21 15:38:04:577 [IN ] C8 24 08 0E 25 A5 08 01 31 06 81 45 FF EE 15 9B A3 F5 0A (19)
                              [N8:R] TPOS 'E' 255 238 21 155 (-1174117)
