2026-04-21 17:19:10:887 [OUT] 25 A5 01 0A 31 05 D6 3D FF 00 00 53 ED (13)
                              [N10:HMI] HMILED '=' 255 0 0 (16711680)
2026-04-21 17:19:10:908 [OUT] 25 A5 01 09 31 05 81 FF EF 61 52 62 28 (13)
                              [N9:P] TPOS 255 239 97 82 (-1089198)
2026-04-21 17:19:10:930 [OUT] 25 A5 01 08 31 05 81 FF EE 15 56 18 89 (13)
                              [N8:R] TPOS 255 238 21 86 (-1174186)
2026-04-21 17:19:11:058 [IN ] C8 24 0A 0D 25 A5 0A 01 31 05 D6 3A FF 00 00 50 EA 8C (18)
                              [N10:HMI] HMILED ':' 255 0 0 (16711680)
2026-04-21 17:19:11:184 [IN ] C8 24 09 0E 25 A5 09 01 (8)
2026-04-21 17:19:11:205 [IN ] 31 06 81 53 FF EC 91 C1 52 5D 72 (11)
                              [N9:P] TPOS 'S' 255 236 145 193 (-1273407)
2026-04-21 17:19:11:331 [IN ] C8 24 08 0E 25 A5 08 01 31 06 81 53 FF E9 48 E2 26 D9 72 (19)
                              [N8:R] TPOS 'S' 255 233 72 226 (-1488670)
2026-04-21 17:19:11:532 [IN ] C8 24 0B 0A 25 A5 0B 01 31 02 DE 03 20 D0 48 (15)
                              [N11:NG] NGSWSTATE 3 (3)
2026-04-21 17:19:12:335 [IN ] C8 24 09 0E 25 A5 09 01 31 06 81 45 FF EF 64 CD 26 D2 72 (19)
                              [N9:P] TPOS 'E' 255 239 100 205 (-1088307)
2026-04-21 17:19:12:537 [IN ] C8 24 0B 0A 25 A5 0B 01 31 02 DE 03 20 D0 64 (15)
                              [N11:NG] NGSWSTATE 3 (3)
2026-04-21 17:19:13:541 [IN ] C8 24 0B 0A 25 A5 0B 01 31 02 DE 03 20 D0 64 (15)
                              [N11:NG] NGSWSTATE 3 (3)
2026-04-21 17:19:13:742 [IN ] C8 24 08 0E 25 A5 08 01 31 06 81 45 FF EE 15 A2 AA FC 72 (19)
                              [N8:R] TPOS 'E' 255 238 21 162 (-1174110)
