2026-04-21 14:47:31:103 [OUT] 25 A5 01 0A 31 05 D6 3D FF 00 00 53 ED (13)
                              [N10:HMI] HMILED '=' 255 0 0 (16711680)
2026-04-21 14:47:31:126 [OUT] 25 A5 01 04 31 07 E7 3D 65 00 00 00 B4 7A 90 (15)
                              [N4:Y] LONG32VALUE '=' 'e' 0 0 0 180 (180)
2026-04-21 14:47:31:147 [OUT] 25 A5 01 03 31 07 E7 3D 65 00 00 00 7B 40 4D (15)
                              [N3:X] LONG32VALUE '=' 'e' 0 0 0 123 (123)
2026-04-21 14:47:31:295 [IN ] C8 24 0A 0D 25 A5 0A 01 31 05 D6 3A FF 00 00 50 EA 01 (18)
                              [N10:HMI] HMILED ':' 255 0 0 (16711680)
2026-04-21 14:47:31:443 [IN ] C8 24 0B 0A 25 A5 0B 01 31 02 DE 00 1D CD 00 (15)
                              [N11:NG] NGSWSTATE 0 (0)
2026-04-21 14:47:31:464 [IN ] C8 24 04 0F 25 A5 04 01 31 07 E7 3A 65 00 00 00 B4 77 81 02 (20)
                              [N4:Y] LONG32VALUE ':' 'e' 0 0 0 180 (180)
2026-04-21 14:47:31:486 [OUT] 25 A5 01 04 31 05 81 FF F0 86 2D 5E 28 (13)
                              [N4:Y] TPOS 255 240 134 45 (-1014227)
2026-04-21 14:47:31:612 [IN ] C8 24 03 0F 25 A5 03 01 31 07 E7 3A 65 00 00 00 7B 3D 3D 02 (20)
                              [N3:X] LONG32VALUE ':' 'e' 0 0 0 123 (123)
2026-04-21 14:47:31:634 [OUT] 25 A5 01 03 31 05 81 FF EC EB CC 5D 7D (13)
                              [N3:X] TPOS 255 236 235 204 (-1250356)
2026-04-21 14:47:31:717 [IN ] C8 24 04 0E 25 A5 04 01 31 06 81 53 FF EF 91 B5 44 28 3D (19)
                              [N4:Y] TPOS 'S' 255 239 145 181 (-1076811)
2026-04-21 14:47:31:738 [OUT] 25 A5 01 04 31 01 DB 12 85 (9)
                              [N4:Y] STARTMOVE
2026-04-21 14:47:31:843 [IN ] C8 24 03 0E 25 A5 03 01 31 06 81 53 FF EC 43 FA 37 BE 3D (19)
                              [N3:X] TPOS 'S' 255 236 67 250 (-1293318)
2026-04-21 14:47:31:864 [OUT] 25 A5 01 03 31 01 DB 11 81 (9)
                              [N3:X] STARTMOVE
2026-04-21 14:47:31:927 [IN ] C8 24 (2)
2026-04-21 14:47:31:948 [IN ] 04 0A 25 A5 04 01 31 02 DB 01 14 9E 43 (13)
                              [N4:Y] STARTMOVE ''
2026-04-21 14:47:32:053 [IN ] C8 24 03 0A 25 A5 03 01 31 02 DB 01 13 98 43 (15)
                              [N3:X] STARTMOVE ''
2026-04-21 14:47:32:457 [IN ] C8 24 04 0E 25 A5 04 01 31 06 81 45 FF F0 87 B3 2B CF 3D C8 24 03 0E 25 A5 03 01 31 06 81 45 FF EC EC A5 7D 75 3D C8 24 0B 0A 25 A5 0B 01 31 02 DE 00 1D CD EC (53)
                              [N4:Y] TPOS 'E' 255 240 135 179 (-1013837)
                              [N3:X] TPOS 'E' 255 236 236 165 (-1250139)
                              [N11:NG] NGSWSTATE 0 (0)
2026-04-21 14:47:32:882 [OUT] 25 A5 01 04 31 03 84 00 50 0D FC (11)
                              [N4:Y] VEL 0 80 (80)
2026-04-21 14:47:32:904 [OUT] 25 A5 01 03 31 03 84 00 50 0C F6 (11)
                              [N3:X] VEL 0 80 (80)
2026-04-21 14:47:33:051 [IN ] C8 24 04 0C 25 A5 04 01 31 04 84 53 00 50 61 BA 7D (17)
                              [N4:Y] VEL 'S' 0 80 (80)
2026-04-21 14:47:33:073 [OUT] 25 A5 01 04 31 05 81 FF FF 6B 4A 6F 3C (13)
                              [N4:Y] TPOS 255 255 107 74 (-38070)
2026-04-21 14:47:33:156 [IN ] C8 24 03 0C 25 A5 03 01 31 04 84 53 00 50 60 B2 7D (17)
                              [N3:X] VEL 'S' 0 80 (80)
2026-04-21 14:47:33:177 [OUT] 25 A5 01 03 31 05 81 FF EB D8 1F 9C A7 (13)
                              [N3:X] TPOS 255 235 216 31 (-1320929)
2026-04-21 14:47:33:283 [IN ] C8 24 04 0E 25 A5 04 01 31 06 81 53 FF F0 87 B3 39 15 3D (19)
                              [N4:Y] TPOS 'S' 255 240 135 179 (-1013837)
2026-04-21 14:47:33:428 [IN ] C8 24 03 0E 25 A5 03 01 31 06 81 53 FF EC EC A4 8A BA 3D (19)
                              [N3:X] TPOS 'S' 255 236 236 164 (-1250140)
2026-04-21 14:47:33:629 [IN ] C8 24 0B 0A 25 A5 0B 01 31 02 DE 00 1D CD EC (15)
                              [N11:NG] NGSWSTATE 0 (0)
2026-04-21 14:47:34:031 [IN ] C8 24 03 0E 25 A5 03 01 31 06 81 45 FF EB D5 B8 78 57 3D (19)
                              [N3:X] TPOS 'E' 255 235 213 184 (-1321544)
2026-04-21 14:47:34:633 [IN ] C8 24 0B 0A 25 A5 0B 01 31 02 DE 00 1D CD D5 (15)
                              [N11:NG] NGSWSTATE 0 (0)
2026-04-21 14:47:35:638 [IN ] C8 24 0B 0A 25 A5 0B 01 31 02 DE 00 1D CD D5 (15)
                              [N11:NG] NGSWSTATE 0 (0)
2026-04-21 14:47:36:644 [IN ] C8 24 0B 0A 25 A5 0B 01 31 02 DE 00 1D CD D5 (15)
                              [N11:NG] NGSWSTATE 0 (0)
2026-04-21 14:47:37:649 [IN ] C8 24 0B 0A 25 A5 0B 01 31 02 DE 00 1D CD D5 (15)
                              [N11:NG] NGSWSTATE 0 (0)
2026-04-21 14:47:38:654 [IN ] C8 24 0B 0A 25 A5 0B 01 31 02 DE 00 1D CD D5 (15)
                              [N11:NG] NGSWSTATE 0 (0)
2026-04-21 14:47:39:658 [IN ] C8 24 0B 0A 25 A5 0B 01 31 02 DE 00 1D CD D5 (15)
                              [N11:NG] NGSWSTATE 0 (0)
2026-04-21 14:47:40:663 [IN ] C8 24 0B 0A 25 A5 0B 01 31 02 DE 00 1D CD D5 (15)
                              [N11:NG] NGSWSTATE 0 (0)
2026-04-21 14:47:41:666 [IN ] C8 24 0B 0A 25 A5 0B 01 31 02 DE 00 1D CD D5 C8 24 04 0E 25 A5 04 01 31 06 81 45 FF FF 6A C8 32 D7 3D (34)
                              [N11:NG] NGSWSTATE 0 (0)
                              [N4:Y] TPOS 'E' 255 255 106 200 (-38200)
