2026-04-21 16:18:10:590 [OUT] 25 A5 01 09 31 04 E4 3D 00 00 60 C8 (12)
                              [N9:P] LOGPOS '=' 0 0 (0)
2026-04-21 16:18:10:612 [OUT] 25 A5 01 0A 31 05 D6 3D FF 00 00 53 ED (13)
                              [N10:HMI] HMILED '=' 255 0 0 (16711680)
2026-04-21 16:18:10:634 [OUT] 25 A5 01 08 31 05 81 FF EE 15 56 18 89 (13)
                              [N8:R] TPOS 255 238 21 86 (-1174186)
2026-04-21 16:18:10:760 [IN ] C8 24 09 0C 25 A5 09 01 31 04 E4 3A 00 00 5D C7 06 (17)
                              [N9:P] LOGPOS ':' 0 0 (0)
2026-04-21 16:18:10:781 [OUT] 25 A5 01 09 31 03 84 00 50 12 1A (11)
                              [N9:P] VEL 0 80 (80)
2026-04-21 16:18:10:888 [IN ] C8 24 0A 0D 25 A5 0A 01 31 05 D6 3A FF 00 00 50 EA 22 (18)
                              [N10:HMI] HMILED ':' 255 0 0 (16711680)
2026-04-21 16:18:11:014 [IN ] C8 24 08 0E 25 A5 08 01 31 06 81 53 FF EE 15 99 AF 39 0A (19)
                              [N8:R] TPOS 'S' 255 238 21 153 (-1174119)
2026-04-21 16:18:11:140 [IN ] C8 24 08 0E 25 A5 08 01 31 06 81 45 FF EE 15 72 7A CC 0A C8 24 09 0C 25 A5 09 01 31 04 84 53 00 50 66 E2 7A (36)
                              [N8:R] TPOS 'E' 255 238 21 114 (-1174158)
                              [N9:P] VEL 'S' 0 80 (80)
2026-04-21 16:18:11:162 [OUT] 25 A5 01 09 31 05 81 FF EC 05 52 03 67 (13)
                              [N9:P] TPOS 255 236 5 82 (-1309358)
2026-04-21 16:18:11:350 [IN ] C8 24 09 0E 25 A5 09 01 31 06 81 53 FF E9 81 F5 73 68 0A (19)
                              [N9:P] TPOS 'S' 255 233 129 245 (-1474059)
2026-04-21 16:18:11:551 [IN ] C8 24 0B 0A 25 A5 0B 01 31 02 DE 03 20 D0 81 (15)
                              [N11:NG] NGSWSTATE 3 (3)
2026-04-21 16:18:12:355 [IN ] C8 24 09 0E 25 A5 09 01 31 06 81 45 FF EC 08 AB A5 EF 0A (19)
                              [N9:P] TPOS 'E' 255 236 8 171 (-1308501)
2026-04-21 16:18:12:557 [IN ] C8 24 0B 0A 25 A5 0B 01 31 02 DE 03 20 D0 08 (15)
                              [N11:NG] NGSWSTATE 3 (3)
2026-04-21 16:18:12:578 [OUT] 25 A5 01 09 31 05 81 FF EC 2B 8B 62 EC (13)
                              [N9:P] TPOS 255 236 43 139 (-1299573)
2026-04-21 16:18:12:767 [IN ] C8 24 09 0E 25 A5 09 01 31 06 81 53 FF EC 08 AA B2 34 0A (19)
                              [N9:P] TPOS 'S' 255 236 8 170 (-1308502)
2026-04-21 16:18:12:968 [IN ] C8 24 09 0E 25 A5 09 01 31 06 81 45 FF EC 2F 05 26 97 0A (19)
                              [N9:P] TPOS 'E' 255 236 47 5 (-1298683)
2026-04-21 16:18:13:192 [OUT] 25 A5 01 09 31 05 81 FF EC 51 C4 C1 71 (13)
                              [N9:P] TPOS 255 236 81 196 (-1289788)
2026-04-21 16:18:13:380 [IN ] C8 24 09 0E 25 A5 09 01 31 06 81 53 FF EC 2F 05 34 DD 0A (19)
                              [N9:P] TPOS 'S' 255 236 47 5 (-1298683)
2026-04-21 16:18:13:582 [IN ] C8 24 0B 0A 25 A5 0B 01 31 02 DE 03 20 D0 2F C8 24 09 0E 25 A5 09 01 31 06 81 45 FF EC 55 25 6C 03 0A (34)
                              [N11:NG] NGSWSTATE 3 (3)
                              [N9:P] TPOS 'E' 255 236 85 37 (-1288923)
2026-04-21 16:18:13:806 [OUT] 25 A5 01 09 31 05 81 FF EC 77 FD 20 F6 (13)
                              [N9:P] TPOS 255 236 119 253 (-1280003)
2026-04-21 16:18:13:997 [IN ] C8 24 09 0E 25 A5 09 01 31 06 81 53 FF EC 55 25 7A 49 0A (19)
                              [N9:P] TPOS 'S' 255 236 85 37 (-1288923)
2026-04-21 16:18:14:198 [IN ] C8 24 09 0E 25 A5 09 01 31 06 81 45 FF EC 7B 41 AE 6B 0A (19)
                              [N9:P] TPOS 'E' 255 236 123 65 (-1279167)
2026-04-21 16:18:14:420 [OUT] 25 A5 01 09 31 05 81 FF EC 9E 36 80 7D (13)
                              [N9:P] TPOS 255 236 158 54 (-1270218)
2026-04-21 16:18:14:484 [IN ] C8 24 0B 0A 25 A5 0B 01 31 02 DE 03 20 D0 7B (15)
                              [N11:NG] NGSWSTATE 3 (3)
2026-04-21 16:18:14:610 [IN ] C8 24 09 0E 25 A5 09 01 31 06 81 53 FF EC 7B 40 BB B0 0A (19)
                              [N9:P] TPOS 'S' 255 236 123 64 (-1279168)
2026-04-21 16:18:14:811 [IN ] C8 24 09 0E 25 A5 09 01 31 06 81 45 FF EC A1 20 B3 96 0A (19)
                              [N9:P] TPOS 'E' 255 236 161 32 (-1269472)
2026-04-21 16:18:15:033 [OUT] 25 A5 01 09 31 05 81 FF EC C4 6F DF 02 (13)
                              [N9:P] TPOS 255 236 196 111 (-1260433)
2026-04-21 16:18:15:220 [IN ] C8 24 09 0E 25 A5 09 01 31 06 81 53 FF EC A1 1F C0 DB 0A (19)
                              [N9:P] TPOS 'S' 255 236 161 31 (-1269473)
2026-04-21 16:18:15:422 [IN ] C8 24 09 0E 25 A5 09 01 31 06 81 45 FF EC C6 CA 82 8A 0A (19)
                              [N9:P] TPOS 'E' 255 236 198 202 (-1259830)
2026-04-21 16:18:15:623 [IN ] C8 24 0B 0A 25 A5 0B 01 31 02 DE 03 20 D0 C6 (15)
                              [N11:NG] NGSWSTATE 3 (3)
2026-04-21 16:18:15:645 [OUT] 25 A5 01 09 31 05 81 FF EC EA A8 3E 87 (13)
                              [N9:P] TPOS 255 236 234 168 (-1250648)
2026-04-21 16:18:15:853 [IN ] C8 24 09 0E 25 A5 09 01 31 06 81 53 FF EC C6 C9 8F CF 0A (19)
                              [N9:P] TPOS 'S' 255 236 198 201 (-1259831)
2026-04-21 16:18:16:054 [IN ] C8 24 09 0E 25 A5 09 01 31 06 81 45 FF EC EC AB 89 B7 0A (19)
                              [N9:P] TPOS 'E' 255 236 236 171 (-1250133)
2026-04-21 16:18:16:277 [OUT] 25 A5 01 09 31 05 81 FF ED 10 E1 9E 0F (13)
                              [N9:P] TPOS 255 237 16 225 (-1240863)
2026-04-21 16:18:16:465 [IN ] C8 24 09 0E 25 A5 09 01 31 06 81 53 FF EC EC AA 96 FC 0A (19)
                              [N9:P] TPOS 'S' 255 236 236 170 (-1250134)
2026-04-21 16:18:16:668 [IN ] C8 24 0B 0A 25 A5 0B 01 31 02 DE 03 20 D0 EC C8 24 09 0E 25 A5 09 01 31 06 81 45 FF ED 12 EA EF 45 0A (34)
                              [N11:NG] NGSWSTATE 3 (3)
                              [N9:P] TPOS 'E' 255 237 18 234 (-1240342)
2026-04-21 16:18:16:891 [OUT] 25 A5 01 09 31 05 81 FF ED 37 19 FD 95 (13)
                              [N9:P] TPOS 255 237 55 25 (-1231079)
2026-04-21 16:18:17:080 [IN ] C8 24 09 (3)
2026-04-21 16:18:17:101 [IN ] 0E 25 A5 09 01 31 06 81 53 FF ED 12 E9 FC 8A 0A (16)
                              [N9:P] TPOS 'S' 255 237 18 233 (-1240343)
2026-04-21 16:18:17:302 [IN ] C8 24 09 0E 25 A5 09 01 31 06 81 45 FF ED 39 82 AE 2B 0A (19)
                              [N9:P] TPOS 'E' 255 237 57 130 (-1230462)
2026-04-21 16:18:17:505 [IN ] C8 24 0B 0A 25 A5 0B 01 31 02 DE 03 20 D0 39 (15)
                              [N11:NG] NGSWSTATE 3 (3)
2026-04-21 16:18:17:526 [OUT] 25 A5 01 09 31 05 81 FF ED 5D 52 5C 1A (13)
                              [N9:P] TPOS 255 237 93 82 (-1221294)
2026-04-21 16:18:17:716 [IN ] C8 24 09 0E 25 A5 09 01 31 06 81 53 FF ED 39 81 BB 70 0A (19)
                              [N9:P] TPOS 'S' 255 237 57 129 (-1230463)
2026-04-21 16:18:17:917 [IN ] C8 24 09 0E 25 A5 09 01 31 06 81 45 FF ED 60 2D 80 24 0A (19)
                              [N9:P] TPOS 'E' 255 237 96 45 (-1220563)
2026-04-21 16:18:18:140 [OUT] 25 A5 01 09 31 05 81 FF ED 83 8B BB 9F (13)
                              [N9:P] TPOS 255 237 131 139 (-1211509)
2026-04-21 16:18:18:328 [IN ] C8 24 09 0E 25 A5 09 01 31 06 81 53 FF ED 60 2C 8D 69 0A (19)
                              [N9:P] TPOS 'S' 255 237 96 44 (-1220564)
2026-04-21 16:18:18:530 [IN ] C8 24 09 0E 25 A5 09 01 31 06 81 45 FF ED 86 BF 38 02 0A C8 24 0B 0A 25 A5 0B 01 31 02 DE 03 20 D0 86 (34)
                              [N9:P] TPOS 'E' 255 237 134 191 (-1210689)
                              [N11:NG] NGSWSTATE 3 (3)
2026-04-21 16:18:18:752 [OUT] 25 A5 01 09 31 05 81 FF ED A9 C4 1A 24 (13)
                              [N9:P] TPOS 255 237 169 196 (-1201724)
2026-04-21 16:18:18:940 [IN ] C8 24 09 0E 25 A5 09 01 31 06 81 53 FF ED 86 BF 46 48 0A (19)
                              [N9:P] TPOS 'S' 255 237 134 191 (-1210689)
2026-04-21 16:18:19:141 [IN ] C8 24 09 0E 25 A5 09 01 31 06 81 45 FF ED AC F7 96 86 0A (19)
                              [N9:P] TPOS 'E' 255 237 172 247 (-1200905)
2026-04-21 16:18:19:364 [OUT] 25 A5 01 09 31 05 81 FF ED CF FD 79 A9 (13)
                              [N9:P] TPOS 255 237 207 253 (-1191939)
2026-04-21 16:18:19:532 [IN ] C8 24 09 0E 25 A5 09 01 31 06 81 53 FF ED AC F7 A4 CC 0A C8 24 0B 0A 25 A5 0B 01 31 (28)
                              [N9:P] TPOS 'S' 255 237 172 247 (-1200905)
2026-04-21 16:18:19:734 [IN ] 02 DE 03 20 D0 AC C8 24 09 0E 25 A5 09 01 31 06 81 45 FF ED D3 29 EF 06 0A (25)
                              [N11:NG] NGSWSTATE 3 (3)
                              [N9:P] TPOS 'E' 255 237 211 41 (-1191127)
2026-04-21 16:18:19:956 [OUT] 25 A5 01 09 31 05 81 FF ED F6 36 D9 30 (13)
                              [N9:P] TPOS 255 237 246 54 (-1182154)
2026-04-21 16:18:20:144 [IN ] C8 24 09 0E 25 A5 09 01 31 06 81 53 FF ED D3 28 FC 4B 0A (19)
                              [N9:P] TPOS 'S' 255 237 211 40 (-1191128)
2026-04-21 16:18:20:345 [IN ] C8 24 09 0E 25 A5 09 01 31 06 81 45 FF ED F9 28 14 51 0A (19)
                              [N9:P] TPOS 'E' 255 237 249 40 (-1181400)
2026-04-21 16:18:20:547 [IN ] C8 24 0B 0A (4)
2026-04-21 16:18:20:568 [OUT] 25 A5 01 09 31 05 81 FF EE 1C 6F 39 B8 (13)
                              [N9:P] TPOS 255 238 28 111 (-1172369)
2026-04-21 16:18:20:569 [IN ] 25 A5 0B 01 31 02 DE 03 20 D0 F9 (11)
                              [N11:NG] NGSWSTATE 3 (3)
2026-04-21 16:18:20:756 [IN ] C8 24 09 0E 25 A5 09 01 31 06 81 53 FF ED F9 28 22 97 0A (19)
                              [N9:P] TPOS 'S' 255 237 249 40 (-1181400)
2026-04-21 16:18:20:958 [IN ] C8 24 09 0E 25 A5 09 01 31 06 81 45 FF EE 1F 1B 2E 93 0A (19)
                              [N9:P] TPOS 'E' 255 238 31 27 (-1171685)
2026-04-21 16:18:21:180 [OUT] 25 A5 01 09 31 05 81 FF EE 42 A8 98 3D (13)
                              [N9:P] TPOS 255 238 66 168 (-1162584)
2026-04-21 16:18:21:368 [IN ] C8 24 09 0E 25 A5 09 01 31 06 81 53 FF EE 1F 1A 3B D8 0A (19)
                              [N9:P] TPOS 'S' 255 238 31 26 (-1171686)
2026-04-21 16:18:21:569 [IN ] C8 24 09 0E 25 A5 09 01 31 06 81 45 FF EE 44 F7 2F B9 0A C8 24 0B 0A 25 A5 0B 01 31 02 DE 03 20 D0 44 (34)
                              [N9:P] TPOS 'E' 255 238 68 247 (-1161993)
                              [N11:NG] NGSWSTATE 3 (3)
2026-04-21 16:18:21:791 [OUT] 25 A5 01 09 31 05 81 FF EE 68 E1 F7 C2 (13)
                              [N9:P] TPOS 255 238 104 225 (-1152799)
2026-04-21 16:18:21:980 [IN ] C8 24 09 0E 25 A5 09 01 31 06 81 53 FF EE 44 F6 3C FE 0A (19)
                              [N9:P] TPOS 'S' 255 238 68 246 (-1161994)
2026-04-21 16:18:22:182 [IN ] C8 24 09 0E 25 A5 09 01 31 06 81 45 FF EE 6B 4C AB 5C 0A (19)
                              [N9:P] TPOS 'E' 255 238 107 76 (-1152180)
2026-04-21 16:18:22:404 [OUT] 25 A5 01 09 31 05 81 FF EE 8F 19 56 48 (13)
                              [N9:P] TPOS 255 238 143 25 (-1143015)
2026-04-21 16:18:22:574 [IN ] C8 24 0B 0A 25 A5 0B 01 31 02 DE 03 20 D0 6B (15)
                              [N11:NG] NGSWSTATE 3 (3)
2026-04-21 16:18:22:595 [IN ] C8 24 09 0E 25 A5 09 01 31 06 81 53 FF EE 6B 4B B8 A1 0A (19)
                              [N9:P] TPOS 'S' 255 238 107 75 (-1152181)
2026-04-21 16:18:22:796 [IN ] C8 24 09 0E 25 A5 09 01 31 06 81 45 FF EE 91 E4 69 40 0A (19)
                              [N9:P] TPOS 'E' 255 238 145 228 (-1142300)
2026-04-21 16:18:23:018 [OUT] 25 A5 01 09 31 05 81 FF EE B5 52 B5 CD (13)
                              [N9:P] TPOS 255 238 181 82 (-1133230)
2026-04-21 16:18:23:208 [IN ] C8 24 09 0E 25 A5 09 01 31 06 81 53 FF EE 91 E4 77 86 0A (19)
                              [N9:P] TPOS 'S' 255 238 145 228 (-1142300)
2026-04-21 16:18:23:409 [IN ] C8 24 09 0E 25 A5 09 01 31 06 81 45 FF EE B8 9A 46 44 0A (19)
                              [N9:P] TPOS 'E' 255 238 184 154 (-1132390)
2026-04-21 16:18:23:611 [IN ] C8 24 0B 0A 25 A5 0B 01 31 02 DE 03 20 D0 B8 (15)
                              [N11:NG] NGSWSTATE 3 (3)
2026-04-21 16:18:23:632 [OUT] 25 A5 01 09 31 05 81 FF EE DB 8B 14 52 (13)
                              [N9:P] TPOS 255 238 219 139 (-1123445)
2026-04-21 16:18:23:800 [IN ] C8 24 09 0E 25 A5 09 01 31 06 81 53 FF EE B8 9A 54 8A 0A (19)
                              [N9:P] TPOS 'S' 255 238 184 154 (-1132390)
2026-04-21 16:18:24:001 [IN ] C8 24 09 0E 25 A5 09 01 31 06 81 45 FF EE DF 1A ED 12 0A (19)
                              [N9:P] TPOS 'E' 255 238 223 26 (-1122534)
2026-04-21 16:18:24:224 [OUT] 25 A5 01 09 31 05 81 FF EF 01 C4 74 DA (13)
                              [N9:P] TPOS 255 239 1 196 (-1113660)
2026-04-21 16:18:24:413 [IN ] C8 24 09 0E 25 A5 09 01 31 06 81 53 FF EE DF 1A FB 58 0A (19)
                              [N9:P] TPOS 'S' 255 238 223 26 (-1122534)
2026-04-21 16:18:24:614 [IN ] C8 24 09 0E 25 A5 09 01 31 06 81 45 FF EF 05 39 33 80 0A C8 24 0B 0A 25 A5 0B 01 31 02 DE 03 20 D0 05 (34)
                              [N9:P] TPOS 'E' 255 239 5 57 (-1112775)
                              [N11:NG] NGSWSTATE 3 (3)
2026-04-21 16:18:24:836 [OUT] 25 A5 01 09 31 05 81 FF EF 27 FD D3 5F (13)
                              [N9:P] TPOS 255 239 39 253 (-1103875)
2026-04-21 16:18:25:025 [IN ] C8 24 09 0E 25 A5 09 01 31 06 81 53 FF EF 05 39 41 C6 0A (19)
                              [N9:P] TPOS 'S' 255 239 5 57 (-1112775)
2026-04-21 16:18:25:227 [IN ] C8 24 09 0E 25 A5 09 01 31 06 81 45 FF EF 2B 64 84 F7 0A (19)
                              [N9:P] TPOS 'E' 255 239 43 100 (-1103004)
2026-04-21 16:18:25:449 [OUT] 25 A5 01 09 31 05 81 FF EF 4E 36 33 E6 (13)
                              [N9:P] TPOS 255 239 78 54 (-1094090)
2026-04-21 16:18:25:597 [IN ] C8 24 0B 0A 25 A5 0B 01 31 02 DE 03 20 D0 2B (15)
                              [N11:NG] NGSWSTATE 3 (3)
2026-04-21 16:18:25:639 [IN ] C8 24 09 0E 25 A5 09 01 31 06 81 53 FF EF 2B 63 91 3C 0A (19)
                              [N9:P] TPOS 'S' 255 239 43 99 (-1103005)
2026-04-21 16:18:25:841 [IN ] C8 24 09 0E 25 A5 09 01 31 06 81 45 FF EF 51 55 9B 34 0A (19)
                              [N9:P] TPOS 'E' 255 239 81 85 (-1093291)
2026-04-21 16:18:26:063 [OUT] 25 A5 01 09 31 05 81 FF EF 74 6F 92 6B (13)
                              [N9:P] TPOS 255 239 116 111 (-1084305)
2026-04-21 16:18:26:252 [IN ] C8 24 09 0E 25 A5 09 01 31 06 81 53 FF EF 51 55 A9 7A 0A (19)
                              [N9:P] TPOS 'S' 255 239 81 85 (-1093291)
2026-04-21 16:18:26:453 [IN ] C8 24 09 0E 25 A5 09 01 31 06 81 45 FF EF 77 3A A6 65 0A (19)
                              [N9:P] TPOS 'E' 255 239 119 58 (-1083590)
2026-04-21 16:18:26:654 [IN ] C8 24 0B 0A 25 A5 0B 01 31 02 DE 03 20 D0 77 (15)
                              [N11:NG] NGSWSTATE 3 (3)
2026-04-21 16:18:26:675 [OUT] 25 A5 01 09 31 05 81 FF EF 9A A8 F1 F0 (13)
                              [N9:P] TPOS 255 239 154 168 (-1074520)
2026-04-21 16:18:26:864 [IN ] C8 24 09 0E 25 A5 09 01 31 06 81 53 FF EF 77 39 B3 AA 0A (19)
                              [N9:P] TPOS 'S' 255 239 119 57 (-1083591)
2026-04-21 16:18:27:066 [IN ] C8 24 09 0E 25 A5 09 01 31 06 81 45 FF EF 9C EC 7D 61 0A (19)
                              [N9:P] TPOS 'E' 255 239 156 236 (-1073940)
2026-04-21 16:18:27:288 [OUT] 25 A5 01 09 31 05 81 FF EF C0 E1 50 75 (13)
                              [N9:P] TPOS 255 239 192 225 (-1064735)
2026-04-21 16:18:27:475 [IN ] C8 24 09 0E 25 A5 09 01 31 06 81 53 FF EF 9C E9 88 A4 0A (19)
                              [N9:P] TPOS 'S' 255 239 156 233 (-1073943)
2026-04-21 16:18:27:676 [IN ] C8 24 0B 0A 25 A5 0B 01 31 02 DE 03 20 D0 9C C8 24 09 0E 25 A5 09 01 31 06 81 45 FF EF C3 2C E4 EF 0A (34)
                              [N11:NG] NGSWSTATE 3 (3)
                              [N9:P] TPOS 'E' 255 239 195 44 (-1064148)
2026-04-21 16:18:27:899 [OUT] 25 A5 01 09 31 05 81 FF EF E7 19 AF FB (13)
                              [N9:P] TPOS 255 239 231 25 (-1054951)
2026-04-21 16:18:28:068 [IN ] C8 24 09 0E 25 A5 09 (7)
2026-04-21 16:18:28:091 [IN ] 01 31 06 81 53 FF EF C3 2B F1 34 0A (12)
                              [N9:P] TPOS 'S' 255 239 195 43 (-1064149)
2026-04-21 16:18:28:293 [IN ] C8 24 09 0E 25 A5 09 01 31 06 81 45 FF EF E9 A0 7E AF 0A (19)
                              [N9:P] TPOS 'E' 255 239 233 160 (-1054304)
2026-04-21 16:18:28:515 [OUT] 25 A5 01 09 31 05 81 FF F0 0D 52 0F 83 (13)
                              [N9:P] TPOS 255 240 13 82 (-1045166)
2026-04-21 16:18:28:602 [IN ] C8 24 0B 0A 25 A5 0B 01 31 02 DE 03 20 D0 E9 (15)
                              [N11:NG] NGSWSTATE 3 (3)
2026-04-21 16:18:28:706 [IN ] C8 24 09 0E 25 A5 09 01 31 06 81 53 FF EF E9 9F 8B F4 0A (19)
                              [N9:P] TPOS 'S' 255 239 233 159 (-1054305)
2026-04-21 16:18:28:908 [IN ] C8 24 09 0E 25 A5 09 01 31 06 81 45 FF F0 10 4B 51 AB 0A (19)
                              [N9:P] TPOS 'E' 255 240 16 75 (-1044405)
2026-04-21 16:18:29:130 [OUT] 25 A5 01 09 31 05 81 FF F0 33 8B 6E 08 (13)
                              [N9:P] TPOS 255 240 51 139 (-1035381)
2026-04-21 16:18:29:318 [IN ] C8 24 09 0E 25 A5 09 01 31 06 81 (11)
2026-04-21 16:18:29:339 [IN ] 53 FF F0 10 4B 5F F1 0A (8)
                              [N9:P] TPOS 'S' 255 240 16 75 (-1044405)
2026-04-21 16:18:29:541 [IN ] C8 24 09 0E 25 A5 09 01 31 06 81 45 FF F0 36 C9 F5 75 0A (19)
                              [N9:P] TPOS 'E' 255 240 54 201 (-1034551)
2026-04-21 16:18:29:743 [IN ] C8 24 0B 0A 25 A5 0B 01 31 02 DE 03 20 D0 36 (15)
                              [N11:NG] NGSWSTATE 3 (3)
2026-04-21 16:18:29:765 [OUT] 25 A5 01 09 31 05 81 FF F0 59 C4 CD 8D (13)
                              [N9:P] TPOS 255 240 89 196 (-1025596)
2026-04-21 16:18:29:954 [IN ] C8 24 09 0E 25 A5 09 01 31 06 81 53 FF F0 36 C9 03 BB 0A (19)
                              [N9:P] TPOS 'S' 255 240 54 201 (-1034551)
2026-04-21 16:18:30:155 [IN ] C8 24 09 0E 25 A5 09 01 31 06 81 45 FF F0 5D 0E 61 08 0A (19)
                              [N9:P] TPOS 'E' 255 240 93 14 (-1024754)
2026-04-21 16:18:30:377 [OUT] 25 A5 01 09 31 05 81 FF F0 7F FD 2C 12 (13)
                              [N9:P] TPOS 255 240 127 253 (-1015811)
2026-04-21 16:18:30:566 [IN ] C8 24 09 0E 25 A5 09 01 31 06 81 53 FF (13)
2026-04-21 16:18:30:587 [IN ] F0 5D 0E 6F 4E 0A (6)
                              [N9:P] TPOS 'S' 255 240 93 14 (-1024754)
2026-04-21 16:18:30:788 [IN ] C8 24 0B 0A 25 A5 0B 01 31 02 DE 03 20 D0 5D C8 24 09 0E 25 A5 09 01 31 06 81 45 FF F0 83 42 BB 88 0A (34)
                              [N11:NG] NGSWSTATE 3 (3)
                              [N9:P] TPOS 'E' 255 240 131 66 (-1014974)
2026-04-21 16:18:31:011 [OUT] 25 A5 01 09 31 05 81 FF F0 A6 36 8C 99 (13)
                              [N9:P] TPOS 255 240 166 54 (-1006026)
2026-04-21 16:18:31:199 [IN ] C8 24 09 0E 25 A5 09 01 31 06 81 53 FF F0 83 41 C8 CD 0A (19)
                              [N9:P] TPOS 'S' 255 240 131 65 (-1014975)
2026-04-21 16:18:31:400 [IN ] C8 24 09 0E 25 A5 09 01 31 06 81 45 FF F0 A9 23 C2 B5 0A (19)
                              [N9:P] TPOS 'E' 255 240 169 35 (-1005277)
2026-04-21 16:18:31:624 [OUT] 25 A5 01 09 31 05 81 FF F0 CC 6F EB 1E (13)
                              [N9:P] TPOS 255 240 204 111 (-996241)
2026-04-21 16:18:31:625 [IN ] C8 24 0B 0A 25 A5 0B 01 31 02 DE 03 20 D0 A9 (15)
                              [N11:NG] NGSWSTATE 3 (3)
2026-04-21 16:18:31:813 [IN ] C8 24 09 0E 25 A5 09 01 31 06 81 53 FF F0 A9 22 CF FA 0A (19)
                              [N9:P] TPOS 'S' 255 240 169 34 (-1005278)
2026-04-21 16:18:32:014 [IN ] C8 24 09 0E 25 A5 09 01 31 06 81 45 FF F0 CF 0D D2 EB 0A (19)
                              [N9:P] TPOS 'E' 255 240 207 13 (-995571)
2026-04-21 16:18:32:236 [OUT] 25 A5 01 09 31 05 81 FF F0 F2 A8 4A A3 (13)
                              [N9:P] TPOS 255 240 242 168 (-986456)
2026-04-21 16:18:32:426 [IN ] C8 24 09 0E 25 A5 09 01 31 06 81 53 FF F0 CF 0D E0 31 0A (19)
                              [N9:P] TPOS 'S' 255 240 207 13 (-995571)
2026-04-21 16:18:32:627 [IN ] C8 24 09 0E 25 A5 09 01 31 06 81 45 FF F0 F4 D9 C3 01 0A C8 24 0B 0A 25 A5 0B 01 31 02 DE 03 20 D0 F4 (34)
                              [N9:P] TPOS 'E' 255 240 244 217 (-985895)
                              [N11:NG] NGSWSTATE 3 (3)
2026-04-21 16:18:32:850 [OUT] 25 A5 01 09 31 05 81 FF F1 18 E1 AA 2B (13)
                              [N9:P] TPOS 255 241 24 225 (-976671)
2026-04-21 16:18:33:018 [IN ] C8 24 09 0E 25 A5 09 01 31 06 81 53 FF F0 F4 D8 D0 46 0A (19)
                              [N9:P] TPOS 'S' 255 240 244 216 (-985896)
2026-04-21 16:18:33:219 [IN ] C8 24 09 0E 25 A5 09 01 31 06 81 45 FF F1 1B 3B 4D B4 0A (19)
                              [N9:P] TPOS 'E' 255 241 27 59 (-976069)
2026-04-21 16:18:33:442 [OUT] 25 A5 01 09 31 05 81 FF F1 3F 19 09 B1 (13)
                              [N9:P] TPOS 255 241 63 25 (-966887)
2026-04-21 16:18:33:632 [IN ] C8 24 09 0E 25 A5 09 01 31 06 81 53 FF F1 1B 39 59 F8 0A (19)
                              [N9:P] TPOS 'S' 255 241 27 57 (-976071)
2026-04-21 16:18:33:834 [IN ] C8 24 0B 0A 25 A5 0B 01 31 02 DE 03 20 D0 1B C8 24 09 0E 25 A5 09 01 31 06 81 45 FF F1 41 C2 FA 87 0A (34)
                              [N11:NG] NGSWSTATE 3 (3)
                              [N9:P] TPOS 'E' 255 241 65 194 (-966206)
2026-04-21 16:18:34:057 [OUT] 25 A5 01 09 31 05 81 FF F1 65 52 68 36 (13)
                              [N9:P] TPOS 255 241 101 82 (-957102)
2026-04-21 16:18:34:246 [IN ] C8 24 09 0E 25 A5 09 01 31 06 81 53 FF F1 41 C2 08 CD 0A (19)
                              [N9:P] TPOS 'S' 255 241 65 194 (-966206)
2026-04-21 16:18:34:449 [IN ] C8 24 09 0E 25 A5 09 01 31 06 81 45 FF F1 68 8F EE A2 0A (19)
                              [N9:P] TPOS 'E' 255 241 104 143 (-956273)
2026-04-21 16:18:34:651 [IN ] C8 24 0B 0A 25 A5 0B 01 31 02 DE 03 20 D0 68 (15)
                              [N11:NG] NGSWSTATE 3 (3)
2026-04-21 16:18:34:672 [OUT] 25 A5 01 09 31 05 81 FF F1 8B 8B C7 BB (13)
                              [N9:P] TPOS 255 241 139 139 (-947317)
2026-04-21 16:18:34:882 [IN ] C8 24 09 0E 25 A5 09 01 31 06 81 53 FF F1 68 8F FC E8 0A (19)
                              [N9:P] TPOS 'S' 255 241 104 143 (-956273)
2026-04-21 16:18:35:084 [IN ] C8 24 09 0E 25 A5 09 01 31 06 81 45 FF F1 8F 21 A7 82 0A (19)
                              [N9:P] TPOS 'E' 255 241 143 33 (-946399)
2026-04-21 16:18:35:305 [OUT] 25 A5 01 09 31 05 81 FF F1 B1 C4 26 40 (13)
                              [N9:P] TPOS 255 241 177 196 (-937532)
2026-04-21 16:18:35:495 [IN ] C8 24 09 0E 25 A5 09 01 31 06 81 53 FF F1 8F 21 B5 C8 0A (19)
                              [N9:P] TPOS 'S' 255 241 143 33 (-946399)
2026-04-21 16:18:35:696 [IN ] C8 24 09 0E 25 A5 09 01 31 06 81 45 FF F1 B5 66 12 13 0A C8 24 0B 0A 25 A5 0B 01 31 02 DE 03 20 D0 B5 (34)
                              [N9:P] TPOS 'E' 255 241 181 102 (-936602)
                              [N11:NG] NGSWSTATE 3 (3)
2026-04-21 16:18:35:919 [OUT] 25 A5 01 09 31 05 81 FF F1 D7 FD 85 C5 (13)
                              [N9:P] TPOS 255 241 215 253 (-927747)
2026-04-21 16:18:36:109 [IN ] C8 24 09 0E 25 A5 09 01 31 06 81 53 FF F1 B5 66 20 59 0A (19)
                              [N9:P] TPOS 'S' 255 241 181 102 (-936602)
2026-04-21 16:18:36:310 [IN ] C8 24 09 0E 25 A5 09 01 31 06 81 45 FF F1 DB 84 56 7D 0A (19)
                              [N9:P] TPOS 'E' 255 241 219 132 (-926844)
2026-04-21 16:18:36:533 [OUT] 25 A5 01 09 31 05 81 FF F1 FE 36 E5 4C (13)
                              [N9:P] TPOS 255 241 254 54 (-917962)
2026-04-21 16:18:36:660 [IN ] C8 24 0B 0A 25 A5 0B 01 31 02 DE 03 20 D0 DB (15)
                              [N11:NG] NGSWSTATE 3 (3)
2026-04-21 16:18:36:702 [IN ] C8 24 09 0E 25 A5 09 01 31 06 81 53 FF F1 DB 84 64 C3 0A (19)
                              [N9:P] TPOS 'S' 255 241 219 132 (-926844)
2026-04-21 16:18:36:905 [IN ] C8 24 09 0E 25 A5 09 01 31 06 81 45 FF F2 01 65 5E AD 0A (19)
                              [N9:P] TPOS 'E' 255 242 1 101 (-917147)
2026-04-21 16:18:37:128 [OUT] 25 A5 01 09 31 05 81 FF F2 24 6F 45 D4 (13)
                              [N9:P] TPOS 255 242 36 111 (-908177)
2026-04-21 16:18:37:293 [IN ] C8 24 09 0E 25 A5 09 01 31 06 81 53 FF F2 01 65 (16)
2026-04-21 16:18:37:315 [IN ] 6C F3 0A (3)
                              [N9:P] TPOS 'S' 255 242 1 101 (-917147)
2026-04-21 16:18:37:517 [IN ] C8 24 09 0E 25 A5 09 01 31 06 81 45 FF F2 27 41 60 D5 0A (19)
                              [N9:P] TPOS 'E' 255 242 39 65 (-907455)
2026-04-21 16:18:37:719 [IN ] C8 24 0B 0A 25 A5 0B 01 31 02 DE 03 20 D0 27 (15)
                              [N11:NG] NGSWSTATE 3 (3)
2026-04-21 16:18:37:741 [OUT] 25 A5 01 09 31 05 81 FF F2 4A A8 A4 59 (13)
                              [N9:P] TPOS 255 242 74 168 (-898392)
2026-04-21 16:18:37:952 [IN ] C8 24 09 0E 25 A5 09 01 31 06 81 53 FF F2 27 41 6E 1B 0A (19)
                              [N9:P] TPOS 'S' 255 242 39 65 (-907455)
2026-04-21 16:18:38:153 [IN ] C8 24 09 0E 25 A5 09 01 31 06 81 45 FF F2 4C ED 31 CB 0A (19)
                              [N9:P] TPOS 'E' 255 242 76 237 (-897811)
2026-04-21 16:18:38:375 [OUT] 25 A5 01 09 31 05 81 FF F2 70 E1 03 DE (13)
                              [N9:P] TPOS 255 242 112 225 (-888607)
2026-04-21 16:18:38:564 [IN ] C8 24 09 0E 25 (5)
2026-04-21 16:18:38:586 [IN ] A5 09 01 31 06 81 53 FF F2 4C EB 3D 0F 0A (14)
                              [N9:P] TPOS 'S' 255 242 76 235 (-897813)
2026-04-21 16:18:38:787 [IN ] C8 24 0B 0A 25 A5 0B 01 31 02 DE 03 20 D0 4C C8 24 09 0E 25 A5 09 01 31 06 81 45 FF F2 73 1B 86 47 0A (34)
                              [N11:NG] NGSWSTATE 3 (3)
                              [N9:P] TPOS 'E' 255 242 115 27 (-888037)
2026-04-21 16:18:39:010 [OUT] 25 A5 01 09 31 05 81 FF F2 97 19 62 64 (13)
                              [N9:P] TPOS 255 242 151 25 (-878823)
2026-04-21 16:18:39:199 [IN ] C8 24 09 0E 25 A5 09 01 31 06 81 53 FF F2 73 1A 93 8C 0A (19)
                              [N9:P] TPOS 'S' 255 242 115 26 (-888038)
2026-04-21 16:18:39:401 [IN ] C8 24 09 0E 25 A5 09 01 31 06 81 45 FF F2 99 B2 43 2A 0A (19)
                              [N9:P] TPOS 'E' 255 242 153 178 (-878158)
2026-04-21 16:18:39:623 [OUT] 25 A5 01 09 31 05 81 FF F2 BD 52 C1 E9 (13)
                              [N9:P] TPOS 255 242 189 82 (-869038)
2026-04-21 16:18:39:708 [IN ] C8 24 0B 0A 25 A5 0B 01 31 02 DE 03 20 D0 99 (15)
                              [N11:NG] NGSWSTATE 3 (3)
2026-04-21 16:18:39:813 [IN ] C8 24 09 0E 25 A5 09 01 31 (9)
2026-04-21 16:18:39:834 [IN ] 06 81 53 FF F2 99 B1 50 6F 0A (10)
                              [N9:P] TPOS 'S' 255 242 153 177 (-878159)
2026-04-21 16:18:40:035 [IN ] C8 24 09 0E 25 A5 09 01 31 06 81 45 FF F2 C0 81 39 47 0A (19)
                              [N9:P] TPOS 'E' 255 242 192 129 (-868223)
2026-04-21 16:18:40:258 [OUT] 25 A5 01 09 31 05 81 FF F2 E3 8B 20 6E (13)
                              [N9:P] TPOS 255 242 227 139 (-859253)
2026-04-21 16:18:40:446 [IN ] C8 24 09 0E 25 A5 09 01 31 06 81 53 FF F2 C0 81 47 8D 0A (19)
                              [N9:P] TPOS 'S' 255 242 192 129 (-868223)
2026-04-21 16:18:40:648 [IN ] C8 24 09 0E 25 A5 09 01 31 06 81 45 FF F2 E6 FF DD 11 0A (19)
                              [N9:P] TPOS 'E' 255 242 230 255 (-858369)
2026-04-21 16:18:40:849 [IN ] C8 24 0B 0A 25 A5 0B 01 31 02 DE 03 20 D0 E6 (15)
                              [N11:NG] NGSWSTATE 3 (3)
2026-04-21 16:18:40:870 [OUT] 25 A5 01 09 31 05 81 FF F3 09 C4 80 F6 (13)
                              [N9:P] TPOS 255 243 9 196 (-849468)
2026-04-21 16:18:41:038 [IN ] C8 24 09 0E 25 A5 09 01 31 06 81 53 FF F2 E6 FF EB 57 0A (19)
                              [N9:P] TPOS 'S' 255 242 230 255 (-858369)
2026-04-21 16:18:41:239 [IN ] C8 24 09 0E 25 A5 09 01 31 06 81 45 FF F3 0D 46 4C A9 0A (19)
                              [N9:P] TPOS 'E' 255 243 13 70 (-848570)
2026-04-21 16:18:41:463 [OUT] 25 A5 01 09 31 05 81 FF F3 2F FD DF 7B (13)
                              [N9:P] TPOS 255 243 47 253 (-839683)
2026-04-21 16:18:41:651 [IN ] C8 24 09 0E 25 A5 09 01 31 06 81 53 FF F3 0D 45 59 EE 0A (19)
                              [N9:P] TPOS 'S' 255 243 13 69 (-848571)
2026-04-21 16:18:41:852 [IN ] C8 24 0B 0A 25 A5 0B 01 31 02 DE 03 20 D0 0D C8 24 09 0E 25 A5 09 01 31 06 81 45 FF F3 33 66 92 15 0A (34)
                              [N11:NG] NGSWSTATE 3 (3)
                              [N9:P] TPOS 'E' 255 243 51 102 (-838810)
2026-04-21 16:18:42:074 [OUT] 25 A5 01 09 31 05 81 FF F3 56 36 3F 02 (13)
                              [N9:P] TPOS 255 243 86 54 (-829898)
2026-04-21 16:18:42:263 [IN ] C8 24 09 0E 25 A5 09 01 31 06 81 53 FF F3 33 66 A0 5B 0A (19)
                              [N9:P] TPOS 'S' 255 243 51 102 (-838810)
2026-04-21 16:18:42:465 [IN ] C8 24 09 0E 25 A5 09 01 31 06 81 45 FF F3 59 47 99 42 0A (19)
                              [N9:P] TPOS 'E' 255 243 89 71 (-829113)
2026-04-21 16:18:42:688 [OUT] 25 A5 01 09 31 05 81 FF F3 7C 6F 9E 87 (13)
                              [N9:P] TPOS 255 243 124 111 (-820113)
2026-04-21 16:18:42:710 [IN ] C8 24 0B 0A 25 A5 0B 01 31 02 DE 03 20 D0 59 (15)
                              [N11:NG] NGSWSTATE 3 (3)
2026-04-21 16:18:42:879 [IN ] C8 24 09 0E 25 A5 09 01 31 06 81 53 FF F3 59 46 A6 87 0A (19)
                              [N9:P] TPOS 'S' 255 243 89 70 (-829114)
2026-04-21 16:18:43:080 [IN ] C8 24 09 0E 25 A5 09 01 31 06 81 45 FF F3 7F 05 7D 4C 0A (19)
                              [N9:P] TPOS 'E' 255 243 127 5 (-819451)
2026-04-21 16:18:43:302 [OUT] 25 A5 01 09 31 05 81 FF F3 A2 A8 FD 0C (13)
                              [N9:P] TPOS 255 243 162 168 (-810328)
2026-04-21 16:18:43:490 [IN ] C8 24 09 0E 25 A5 09 01 31 06 81 53 FF F3 7F 04 8A 91 0A (19)
                              [N9:P] TPOS 'S' 255 243 127 4 (-819452)
2026-04-21 16:18:43:691 [IN ] C8 24 09 0E 25 A5 09 01 31 06 81 45 FF F3 A4 C5 62 56 0A (19)
                              [N9:P] TPOS 'E' 255 243 164 197 (-809787)
