2026-04-21 12:56:11:498 [OUT] 25 A5 01 0A 31 05 D6 3D FF 00 00 53 ED (13)
                              [N10:HMI] HMILED '=' 255 0 0 (16711680)
2026-04-21 12:56:11:522 [OUT] 25 A5 01 09 31 05 81 FF EF 36 7F 64 FF (13)
                              [N9:P] TPOS 255 239 54 127 (-1100161)
2026-04-21 12:56:11:543 [OUT] 25 A5 01 05 31 05 81 00 0E 4E 12 2B 03 (13)
                              [N5:V] TPOS 0 14 78 18 (937490)
2026-04-21 12:56:11:565 [OUT] 25 A5 01 06 31 05 81 00 0E BE A1 2B 7A (13)
                              [N6:H] TPOS 0 14 190 161 (966305)
2026-04-21 12:56:11:588 [OUT] 25 A5 01 07 31 05 81 FF D3 6D 34 32 BE (13)
                              [N7:N] TPOS 255 211 109 52 (-2921164)
2026-04-21 12:56:11:694 [IN ] C8 24 0A 0D 25 A5 0A 01 31 05 D6 3A FF 00 00 50 EA A6 (18)
                              [N10:HMI] HMILED ':' 255 0 0 (16711680)
2026-04-21 12:56:11:799 [IN ] C8 24 09 0E 25 A5 09 01 31 06 81 53 FF EC 2D A3 D0 77 0B (19)
                              [N9:P] TPOS 'S' 255 236 45 163 (-1299037)
2026-04-21 12:56:11:925 [IN ] C8 (1)
2026-04-21 12:56:11:946 [IN ] 24 05 0E 25 A5 05 01 31 06 81 53 00 00 3F DD 2D ED 0B (18)
                              [N5:V] TPOS 'S' 0 0 63 221 (16349)
2026-04-21 12:56:12:072 [IN ] C8 24 06 0E 25 A5 06 01 31 06 81 53 00 0D 2A 9F E8 B6 0B (19)
                              [N6:H] TPOS 'S' 0 13 42 159 (862879)
2026-04-21 12:56:12:198 [IN ] C8 24 07 0E 25 A5 07 01 31 06 81 53 FF ED FB E2 DC 41 0B (19)
                              [N7:N] TPOS 'S' 255 237 251 226 (-1180702)
2026-04-21 12:56:12:800 [IN ] C8 24 06 0E 25 A5 06 01 31 06 81 45 00 0E C3 45 1A 4B 0B (19)
                              [N6:H] TPOS 'E' 0 14 195 69 (967493)
2026-04-21 12:56:13:002 [IN ] C8 24 09 0E 25 A5 09 01 31 06 81 45 FF EF 3A 67 96 18 0B (19)
                              [N9:P] TPOS 'E' 255 239 58 103 (-1099161)
2026-04-21 12:56:16:215 [IN ] C8 24 05 0E 25 A5 05 01 31 06 81 45 00 0E 51 9B FD B3 0B (19)
                              [N5:V] TPOS 'E' 0 14 81 155 (938395)
2026-04-21 12:56:19:827 [IN ] C8 24 07 0E 25 A5 07 01 31 06 81 45 FF D3 67 FC 3A 9F 0B (19)
                              [N7:N] TPOS 'E' 255 211 103 252 (-2922500)
