2026-04-21 12:54:13:077 [OUT] 25 A5 01 0A 31 05 D6 3D FF 00 00 53 ED (13)
                              [N10:HMI] HMILED '=' 255 0 0 (16711680)
2026-04-21 12:54:13:101 [OUT] 25 A5 01 05 31 05 81 00 07 30 CC C0 6C (13)
                              [N5:V] TPOS 0 7 48 204 (471244)
2026-04-21 12:54:13:125 [OUT] 25 A5 01 06 31 05 81 00 0D A0 CE 39 68 (13)
                              [N6:H] TPOS 0 13 160 206 (893134)
2026-04-21 12:54:13:146 [OUT] 25 A5 01 07 31 05 81 FF D3 BC 65 B2 8D (13)
                              [N7:N] TPOS 255 211 188 101 (-2900891)
2026-04-21 12:54:13:273 [IN ] C8 24 0A 0D 25 A5 0A 01 31 05 D6 3A FF 00 00 50 EA 74 (18)
                              [N10:HMI] HMILED ':' 255 0 0 (16711680)
2026-04-21 12:54:13:400 [IN ] C8 24 05 0E 25 A5 05 01 31 06 81 53 00 06 60 EB 62 4F 0B (19)
                              [N5:V] TPOS 'S' 0 6 96 235 (418027)
2026-04-21 12:54:13:525 [IN ] C8 24 06 0E 25 A5 06 01 31 06 81 53 00 0E F5 0B 20 BB 0B (19)
                              [N6:H] TPOS 'S' 0 14 245 11 (980235)
2026-04-21 12:54:13:673 [IN ] C8 24 07 0E 25 A5 07 01 31 06 81 53 FF D4 2D 42 55 BA 0B (19)
                              [N7:N] TPOS 'S' 255 212 45 66 (-2871998)
2026-04-21 12:54:13:874 [IN ] C8 24 05 0E 25 A5 05 01 31 06 81 45 00 07 34 FD 3B C6 0B (19)
                              [N5:V] TPOS 'E' 0 7 52 253 (472317)
2026-04-21 12:54:14:076 [IN ] C8 24 07 0E 25 A5 07 01 31 06 81 45 FF D3 B7 40 CE 83 0B C8 24 06 0E 25 A5 06 01 31 06 81 45 00 0D 9B 25 D1 D8 0B (38)
                              [N7:N] TPOS 'E' 255 211 183 64 (-2902208)
                              [N6:H] TPOS 'E' 0 13 155 37 (891685)
