2026-04-21 17:17:05:371 [OUT] 25 A5 01 0A 31 05 D6 3D FF 00 00 53 ED (13)
                              [N10:HMI] HMILED '=' 255 0 0 (16711680)
2026-04-21 17:17:05:395 [OUT] 25 A5 01 05 31 05 81 00 09 A3 05 6E 91 (13)
                              [N5:V] TPOS 0 9 163 5 (631557)
2026-04-21 17:17:05:418 [OUT] 25 A5 01 06 31 05 81 00 0D A7 08 7A B0 (13)
                              [N6:H] TPOS 0 13 167 8 (894728)
2026-04-21 17:17:05:420 [IN ] C8 24 0B 0A 25 A5 0B 01 31 02 DE 03 20 D0 (14)
                              [N11:NG] NGSWSTATE 3 (3)
2026-04-21 17:17:05:441 [IN ] 00 (1)
2026-04-21 17:17:05:548 [IN ] C8 24 0A 0D 25 A5 0A 01 31 05 D6 3A FF 00 00 50 EA 6D (18)
                              [N10:HMI] HMILED ':' 255 0 0 (16711680)
2026-04-21 17:17:05:696 [IN ] C8 24 05 0E 25 A5 05 01 31 06 81 53 00 0C 44 C1 22 FF 2A (19)
                              [N5:V] TPOS 'S' 0 12 68 193 (804033)
2026-04-21 17:17:05:824 [IN ] C8 24 06 0E 25 A5 06 01 31 06 81 53 00 0D 97 B1 67 A2 2A (19)
                              [N6:H] TPOS 'S' 0 13 151 177 (890801)
2026-04-21 17:17:06:026 [IN ] C8 24 06 0E 25 A5 06 01 31 06 81 45 00 0D AA D1 8C A2 2A (19)
                              [N6:H] TPOS 'E' 0 13 170 209 (895697)
2026-04-21 17:17:06:427 [IN ] C8 24 0B 0A 25 A5 0B 01 (8)
2026-04-21 17:17:06:628 [IN ] 31 02 DE 03 20 D0 AA (7)
                              [N11:NG] NGSWSTATE 3 (3)
2026-04-21 17:17:06:830 [IN ] C8 24 05 0E 25 A5 05 01 31 06 81 45 00 09 A0 DE 8A 85 2A (19)
                              [N5:V] TPOS 'E' 0 9 160 222 (631006)
