2026-04-21 15:32:29:377 [OUT] 25 A5 01 0A 31 05 D6 3D FF 00 00 53 ED (13)
                              [N10:HMI] HMILED '=' 255 0 0 (16711680)
2026-04-21 15:32:29:399 [OUT] 25 A5 01 05 31 05 81 00 02 1D 28 04 93 (13)
                              [N5:V] TPOS 0 2 29 40 (138536)
2026-04-21 15:32:29:423 [OUT] 25 A5 01 06 31 05 81 00 06 33 A2 99 4D (13)
                              [N6:H] TPOS 0 6 51 162 (406434)
2026-04-21 15:32:29:549 [IN ] C8 24 0A 0D 25 A5 0A 01 31 05 D6 3A FF 00 00 50 EA 22 (18)
                              [N10:HMI] HMILED ':' 255 0 0 (16711680)
2026-04-21 15:32:29:677 [IN ] C8 24 05 0E 25 A5 05 01 31 06 81 53 00 07 F0 E1 E9 68 62 (19)
                              [N5:V] TPOS 'S' 0 7 240 225 (520417)
2026-04-21 15:32:29:782 [IN ] C8 24 0B 0A 25 A5 0B 01 31 02 DE 03 20 D0 F0 (15)
                              [N11:NG] NGSWSTATE 3 (3)
2026-04-21 15:32:29:825 [IN ] C8 24 06 0E 25 A5 06 01 31 06 81 53 00 09 A2 66 23 61 62 (19)
                              [N6:H] TPOS 'S' 0 9 162 102 (631398)
2026-04-21 15:32:30:829 [IN ] C8 24 0B 0A 25 A5 0B 01 31 02 DE 03 20 D0 A2 (15)
                              [N11:NG] NGSWSTATE 3 (3)
2026-04-21 15:32:31:030 [IN ] C8 24 06 0E 25 A5 06 01 31 06 81 45 00 06 2E 75 AD 39 62 (19)
                              [N6:H] TPOS 'E' 0 6 46 117 (405109)
2026-04-21 15:32:31:832 [IN ] C8 24 05 0E 25 A5 05 01 31 06 81 45 00 02 1A AD CC 33 62 C8 24 0B 0A 25 A5 0B 01 31 02 DE 03 20 D0 1A (34)
                              [N5:V] TPOS 'E' 0 2 26 173 (137901)
                              [N11:NG] NGSWSTATE 3 (3)
