2026-04-21 16:52:36:647 [OUT] 25 A5 01 0B 31 03 88 FF 9C 63 7C (11)
                              [N11:NG] RUN 255 156 (-100)
2026-04-21 16:52:36:796 [IN ] C8 24 0B 16 25 A5 0B 01 31 04 88 53 FF 9C B7 4C 25 A5 0B 01 31 02 DE 00 1D CD CD (27)
                              [N11:NG] RUN 'S' 255 156 (-100)
                              [N11:NG] NGSWSTATE 0 (0)
2026-04-21 16:52:36:997 [IN ] C8 24 0B 0A 25 A5 0B 01 31 02 DE 01 1E CE B7 (15)
                              [N11:NG] NGSWSTATE 1 (1)
2026-04-21 16:52:37:198 [IN ] C8 24 0B 0A 25 A5 0B 01 31 02 DE 03 20 D0 B7 (15)
                              [N11:NG] NGSWSTATE 3 (3)
2026-04-21 16:52:37:421 [OUT] 25 A5 01 0B 31 03 88 00 64 2C 46 (11)
                              [N11:NG] RUN 0 100 (100)
2026-04-21 16:52:37:589 [IN ] C8 24 0B 0C 25 A5 0B 01 31 04 88 53 00 64 80 16 25 (17)
                              [N11:NG] RUN 'S' 0 100 (100)
2026-04-21 16:52:37:991 [IN ] C8 24 0B 0A 25 A5 0B 01 31 02 DE 03 20 D0 80 (15)
                              [N11:NG] NGSWSTATE 3 (3)
2026-04-21 16:52:38:192 [IN ] C8 24 0B 0A 25 A5 0B 01 31 02 DE 01 1E CE 80 (15)
                              [N11:NG] NGSWSTATE 1 (1)
2026-04-21 16:52:38:393 [IN ] C8 24 0B 0A 25 A5 0B 01 31 02 DE 00 1D CD 80 (15)
                              [N11:NG] NGSWSTATE 0 (0)
2026-04-21 16:52:38:616 [OUT] 25 A5 01 0B 31 03 88 FF 9C 63 7C (11)
                              [N11:NG] RUN 255 156 (-100)
2026-04-21 16:52:38:783 [IN ] C8 24 0B 0C 25 A5 0B 01 31 04 88 53 FF 9C B7 4C 25 (17)
                              [N11:NG] RUN 'S' 255 156 (-100)
2026-04-21 16:52:38:984 [IN ] C8 24 0B 0A 25 A5 0B 01 31 02 DE 00 1D CD B7 C8 24 0B 0A 25 A5 0B 01 31 02 DE 01 1E CE B7 (30)
                              [N11:NG] NGSWSTATE 0 (0)
                              [N11:NG] NGSWSTATE 1 (1)
2026-04-21 16:52:39:185 [IN ] C8 24 0B 0A 25 A5 0B 01 31 02 DE 03 20 D0 B7 (15)
                              [N11:NG] NGSWSTATE 3 (3)
2026-04-21 16:52:39:408 [OUT] 25 A5 01 0B 31 03 88 00 64 2C 46 (11)
                              [N11:NG] RUN 0 100 (100)
2026-04-21 16:52:39:575 [IN ] C8 24 0B 0C 25 A5 0B 01 31 04 88 53 00 64 80 16 25 (17)
                              [N11:NG] RUN 'S' 0 100 (100)
2026-04-21 16:52:39:977 [IN ] C8 24 0B 0A 25 A5 0B 01 31 02 DE 03 20 D0 80 (15)
                              [N11:NG] NGSWSTATE 3 (3)
2026-04-21 16:52:40:178 [IN ] C8 24 0B 0A 25 A5 0B 01 31 02 DE 01 1E CE 80 (15)
                              [N11:NG] NGSWSTATE 1 (1)
2026-04-21 16:52:40:380 [IN ] C8 24 0B 0A 25 A5 0B 01 31 02 DE 00 1D CD 80 (15)
                              [N11:NG] NGSWSTATE 0 (0)
2026-04-21 16:52:40:602 [OUT] 25 A5 01 0B 31 03 88 FF 9C 63 7C (11)
                              [N11:NG] RUN 255 156 (-100)
2026-04-21 16:52:40:770 [IN ] C8 24 0B 0C 25 A5 0B 01 31 04 88 53 FF 9C B7 4C 25 (17)
                              [N11:NG] RUN 'S' 255 156 (-100)
2026-04-21 16:52:40:971 [IN ] C8 24 0B 0A 25 A5 0B 01 31 02 DE 00 1D CD B7 C8 24 0B 0A 25 A5 0B 01 31 02 DE 01 1E CE B7 (30)
                              [N11:NG] NGSWSTATE 0 (0)
                              [N11:NG] NGSWSTATE 1 (1)
2026-04-21 16:52:41:172 [IN ] C8 24 0B 0A 25 A5 0B 01 31 02 DE 03 20 D0 B7 (15)
                              [N11:NG] NGSWSTATE 3 (3)
2026-04-21 16:52:41:394 [OUT] 25 A5 01 0B 31 03 88 00 64 2C 46 (11)
                              [N11:NG] RUN 0 100 (100)
2026-04-21 16:52:41:561 [IN ] C8 24 0B 0C 25 A5 0B 01 31 04 88 53 00 64 80 16 25 (17)
                              [N11:NG] RUN 'S' 0 100 (100)
2026-04-21 16:52:41:965 [IN ] C8 24 0B 0A 25 A5 0B 01 31 02 DE 03 20 D0 80 (15)
                              [N11:NG] NGSWSTATE 3 (3)
2026-04-21 16:52:42:166 [IN ] C8 24 0B 0A 25 A5 0B 01 31 02 DE 01 1E CE 80 (15)
                              [N11:NG] NGSWSTATE 1 (1)
2026-04-21 16:52:42:368 [IN ] C8 24 0B 0A 25 A5 0B 01 31 02 DE 00 1D CD 80 (15)
                              [N11:NG] NGSWSTATE 0 (0)
2026-04-21 16:52:42:590 [OUT] 25 A5 01 0B 31 03 88 FF 9C 63 7C (11)
                              [N11:NG] RUN 255 156 (-100)
2026-04-21 16:52:42:756 [IN ] C8 24 0B 0C 25 A5 0B 01 31 04 88 53 FF 9C B7 4C 25 (17)
                              [N11:NG] RUN 'S' 255 156 (-100)
2026-04-21 16:52:42:957 [IN ] C8 24 0B 0A 25 A5 0B 01 31 02 DE 00 1D CD B7 C8 24 0B 0A 25 A5 0B 01 31 02 DE 01 1E CE B7 (30)
                              [N11:NG] NGSWSTATE 0 (0)
                              [N11:NG] NGSWSTATE 1 (1)
2026-04-21 16:52:43:158 [IN ] C8 24 0B 0A 25 A5 0B 01 31 02 DE 03 20 D0 B7 (15)
                              [N11:NG] NGSWSTATE 3 (3)
2026-04-21 16:52:43:380 [OUT] 25 A5 01 0B 31 03 88 00 64 2C 46 (11)
                              [N11:NG] RUN 0 100 (100)
2026-04-21 16:52:43:548 [IN ] C8 24 0B 0C 25 A5 0B 01 31 04 88 53 00 64 80 16 25 (17)
                              [N11:NG] RUN 'S' 0 100 (100)
2026-04-21 16:52:43:951 [IN ] C8 24 0B 0A 25 A5 0B 01 31 02 DE 03 20 D0 80 (15)
                              [N11:NG] NGSWSTATE 3 (3)
2026-04-21 16:52:44:152 [IN ] C8 24 0B 0A 25 A5 0B 01 31 02 DE 01 1E CE 80 (15)
                              [N11:NG] NGSWSTATE 1 (1)
2026-04-21 16:52:44:354 [IN ] C8 24 0B 0A 25 A5 0B 01 31 02 DE 00 1D CD 80 (15)
                              [N11:NG] NGSWSTATE 0 (0)
2026-04-21 16:52:44:577 [OUT] 25 A5 01 0B 31 03 88 FF 9C 63 7C (11)
                              [N11:NG] RUN 255 156 (-100)
2026-04-21 16:52:44:744 [IN ] C8 24 0B 0C 25 A5 0B 01 31 04 88 53 FF 9C B7 4C 25 (17)
                              [N11:NG] RUN 'S' 255 156 (-100)
2026-04-21 16:52:44:945 [IN ] C8 24 0B 14 25 A5 0B 01 31 02 DE 01 1E CE 25 A5 0B 01 31 02 DE 01 1E CE 1D (25)
                              [N11:NG] NGSWSTATE 1 (1)
                              [N11:NG] NGSWSTATE 1 (1)
2026-04-21 16:52:45:147 [IN ] C8 24 0B 0A 25 A5 0B 01 31 02 DE 03 20 D0 25 (15)
                              [N11:NG] NGSWSTATE 3 (3)
