2026-04-21 16:48:34:248 [OUT] 25 A5 01 0A 31 05 D6 3D FF 00 00 53 ED (13)
                              [N10:HMI] HMILED '=' 255 0 0 (16711680)
2026-04-21 16:48:34:273 [OUT] 25 A5 01 04 31 07 E7 3D 65 00 00 00 B4 7A 90 (15)
                              [N4:Y] LONG32VALUE '=' 'e' 0 0 0 180 (180)
2026-04-21 16:48:34:296 [OUT] 25 A5 01 03 31 07 E7 3D 65 00 00 00 6E 33 40 (15)
                              [N3:X] LONG32VALUE '=' 'e' 0 0 0 110 (110)
2026-04-21 16:48:34:442 [IN ] C8 24 0A 0D 25 A5 0A 01 31 05 D6 3A FF 00 00 50 EA F8 (18)
                              [N10:HMI] HMILED ':' 255 0 0 (16711680)
2026-04-21 16:48:34:611 [IN ] C8 24 04 0F 25 A5 04 01 31 07 E7 3A 65 00 00 00 B4 77 81 02 (20)
                              [N4:Y] LONG32VALUE ':' 'e' 0 0 0 180 (180)
2026-04-21 16:48:34:632 [OUT] 25 A5 01 04 31 05 81 FF F9 17 4D 18 85 (13)
                              [N4:Y] TPOS 255 249 23 77 (-452787)
2026-04-21 16:48:34:759 [IN ] C8 24 03 0F 25 A5 03 01 31 07 E7 3A 65 00 00 00 6E 30 30 02 (20)
                              [N3:X] LONG32VALUE ':' 'e' 0 0 0 110 (110)
2026-04-21 16:48:34:780 [OUT] 25 A5 01 03 31 05 81 FF EF B5 7D DB CB (13)
                              [N3:X] TPOS 255 239 181 125 (-1067651)
2026-04-21 16:48:34:864 [IN ] C8 24 04 0E 25 A5 04 01 31 06 81 53 FF FF 6A E8 60 3D 30 (19)
                              [N4:Y] TPOS 'S' 255 255 106 232 (-38168)
2026-04-21 16:48:34:887 [OUT] 25 A5 01 04 31 01 DB 12 85 (9)
                              [N4:Y] STARTMOVE
2026-04-21 16:48:34:910 [IN ] C8 24 0B 0A 25 A5 0B 01 31 02 DE 00 1D CD 6A (15)
                              [N11:NG] NGSWSTATE 0 (0)
2026-04-21 16:48:34:995 [IN ] C8 24 03 0E 25 A5 03 01 31 06 81 53 FF EB D6 3B 0A 22 30 (19)
                              [N3:X] TPOS 'S' 255 235 214 59 (-1321413)
2026-04-21 16:48:35:017 [OUT] 25 A5 01 03 31 01 DB 11 81 (9)
                              [N3:X] STARTMOVE
2026-04-21 16:48:35:080 [IN ] C8 24 04 0A 25 A5 04 01 31 02 DB 01 14 9E D6 (15)
                              [N4:Y] STARTMOVE ''
2026-04-21 16:48:35:186 [IN ] C8 24 03 0A 25 A5 03 01 31 02 DB 01 13 98 D6 (15)
                              [N3:X] STARTMOVE ''
2026-04-21 16:48:35:990 [IN ] C8 24 0B 0A 25 A5 0B 01 31 02 DE 00 1D CD D6 (15)
                              [N11:NG] NGSWSTATE 0 (0)
2026-04-21 16:48:36:995 [IN ] C8 24 03 0E 25 A5 03 01 31 06 81 45 FF EF B6 2D D2 9A 30 C8 24 0B 0A 25 A5 0B 01 31 02 DE 00 1D CD B6 C8 24 04 0E 25 A5 04 01 31 06 81 45 FF F9 13 CA D7 19 30 (53)
                              [N3:X] TPOS 'E' 255 239 182 45 (-1067475)
                              [N11:NG] NGSWSTATE 0 (0)
                              [N4:Y] TPOS 'E' 255 249 19 202 (-453686)
2026-04-21 16:48:37:420 [OUT] 25 A5 01 04 31 03 84 00 50 0D FC (11)
                              [N4:Y] VEL 0 80 (80)
2026-04-21 16:48:37:442 [OUT] 25 A5 01 03 31 03 84 00 50 0C F6 (11)
                              [N3:X] VEL 0 80 (80)
2026-04-21 16:48:37:464 [OUT] 25 A5 01 05 31 05 81 00 0C 36 33 32 EE (13)
                              [N5:V] TPOS 0 12 54 51 (800307)
2026-04-21 16:48:37:485 [OUT] 25 A5 01 06 31 05 81 00 0D E8 6D 20 97 (13)
                              [N6:H] TPOS 0 13 232 109 (911469)
2026-04-21 16:48:37:590 [IN ] C8 24 04 0C 25 A5 04 01 31 04 84 53 00 50 61 BA D7 (17)
                              [N4:Y] VEL 'S' 0 80 (80)
2026-04-21 16:48:37:611 [OUT] 25 A5 01 04 31 05 81 FF F8 3A 04 F1 7F (13)
                              [N4:Y] TPOS 255 248 58 4 (-509436)
2026-04-21 16:48:37:695 [IN ] C8 24 03 0C 25 A5 03 01 31 04 84 53 00 50 60 B2 D7 (17)
                              [N3:X] VEL 'S' 0 80 (80)
2026-04-21 16:48:37:716 [OUT] 25 A5 01 03 31 05 81 FF EE D2 7C F6 01 (13)
                              [N3:X] TPOS 255 238 210 124 (-1125764)
2026-04-21 16:48:37:823 [IN ] C8 24 05 0E 25 A5 05 01 31 06 81 53 00 0B D5 00 F1 5D 30 (19)
                              [N5:V] TPOS 'S' 0 11 213 0 (775424)
2026-04-21 16:48:37:928 [IN ] C8 24 0B 0A 25 A5 0B 01 31 02 DE 00 1D CD D5 (15)
                              [N11:NG] NGSWSTATE 0 (0)
2026-04-21 16:48:37:971 [IN ] C8 24 06 0E 25 A5 06 01 31 06 81 53 00 0D BA 91 6A C8 30 (19)
                              [N6:H] TPOS 'S' 0 13 186 145 (899729)
2026-04-21 16:48:38:055 [IN ] C8 24 05 0E 25 A5 05 01 31 06 81 45 00 0C 3A 52 9B 36 30 (19)
                              [N5:V] TPOS 'E' 0 12 58 82 (801362)
2026-04-21 16:48:38:097 [IN ] C8 24 04 0E 25 A5 04 01 31 06 81 53 FF F9 13 CD E8 62 30 (19)
                              [N4:Y] TPOS 'S' 255 249 19 205 (-453683)
2026-04-21 16:48:38:117 [IN ] C8 24 06 0E 25 A5 06 01 31 06 81 45 00 0D ED 21 1F 78 30 (19)
                              [N6:H] TPOS 'E' 0 13 237 33 (912673)
2026-04-21 16:48:38:223 [IN ] C8 24 03 0E 25 A5 03 01 31 06 81 53 FF EF B6 2A DD DD 30 (19)
                              [N3:X] TPOS 'S' 255 239 182 42 (-1067478)
2026-04-21 16:48:38:626 [IN ] C8 24 04 0E 25 A5 04 01 31 06 81 45 FF F8 37 93 C3 27 30 C8 24 03 0E 25 A5 03 01 31 06 81 45 FF EE D0 55 13 F3 30 (38)
                              [N4:Y] TPOS 'E' 255 248 55 147 (-510061)
                              [N3:X] TPOS 'E' 255 238 208 85 (-1126315)
