2026-04-21 17:04:24:073 [OUT] 25 A5 01 0A 31 05 D6 3D FF 00 00 53 ED (13)
                              [N10:HMI] HMILED '=' 255 0 0 (16711680)
2026-04-21 17:04:24:097 [OUT] 25 A5 01 04 31 07 E7 3D 65 00 00 00 B4 7A 90 (15)
                              [N4:Y] LONG32VALUE '=' 'e' 0 0 0 180 (180)
2026-04-21 17:04:24:120 [OUT] 25 A5 01 03 31 07 E7 3D 65 00 00 00 7B 40 4D (15)
                              [N3:X] LONG32VALUE '=' 'e' 0 0 0 123 (123)
2026-04-21 17:04:24:265 [IN ] C8 24 0A 0D 25 A5 0A 01 31 05 D6 3A FF 00 00 50 EA D9 (18)
                              [N10:HMI] HMILED ':' 255 0 0 (16711680)
2026-04-21 17:04:24:413 [IN ] C8 24 0B 0A 25 A5 0B 01 31 02 DE 00 1D CD 00 C8 24 04 0F 25 A5 04 01 31 07 E7 3A 65 00 00 00 B4 77 81 01 (35)
                              [N11:NG] NGSWSTATE 0 (0)
                              [N4:Y] LONG32VALUE ':' 'e' 0 0 0 180 (180)
2026-04-21 17:04:24:434 [OUT] 25 A5 01 04 31 05 81 FF F2 13 CF 8F EA (13)
                              [N4:Y] TPOS 255 242 19 207 (-912433)
2026-04-21 17:04:24:582 [IN ] C8 24 03 0F 25 A5 03 01 31 07 E7 3A 65 00 00 00 7B 3D 3D 01 (20)
                              [N3:X] LONG32VALUE ':' 'e' 0 0 0 123 (123)
2026-04-21 17:04:24:603 [OUT] 25 A5 01 03 31 05 81 FF F4 FA E2 8A C9 (13)
                              [N3:X] TPOS 255 244 250 226 (-722206)
2026-04-21 17:04:24:669 [IN ] C8 24 04 0E 25 A5 04 01 31 06 81 53 FF FF 6A CA 42 1F (18)
                              [N4:Y] TPOS 'S' 255 255 106 202 (-38198)
2026-04-21 17:04:24:690 [OUT] 25 A5 01 04 31 01 DB 12 85 (9)
                              [N4:Y] STARTMOVE
2026-04-21 17:04:24:692 [IN ] 3D (1)
2026-04-21 17:04:24:819 [IN ] C8 24 03 0E 25 A5 03 01 31 06 81 53 FF EB D6 23 F2 0A 3D (19)
                              [N3:X] TPOS 'S' 255 235 214 35 (-1321437)
2026-04-21 17:04:24:842 [OUT] 25 A5 01 03 31 01 DB 11 81 (9)
                              [N3:X] STARTMOVE
2026-04-21 17:04:24:906 [IN ] C8 24 04 0A 25 A5 04 01 31 02 DB 01 14 9E D6 (15)
                              [N4:Y] STARTMOVE ''
2026-04-21 17:04:25:011 [IN ] C8 24 03 0A 25 A5 03 01 31 02 DB 01 13 98 D6 (15)
                              [N3:X] STARTMOVE ''
2026-04-21 17:04:25:615 [IN ] C8 24 0B 0A 25 A5 0B 01 31 02 DE 00 1D CD D6 (15)
                              [N11:NG] NGSWSTATE 0 (0)
2026-04-21 17:04:26:619 [IN ] C8 24 0B 0A 25 A5 0B 01 31 02 DE 00 1D CD D6 (15)
                              [N11:NG] NGSWSTATE 0 (0)
2026-04-21 17:04:27:623 [IN ] C8 24 0B 0A 25 A5 0B 01 31 02 DE 00 1D CD D6 (15)
                              [N11:NG] NGSWSTATE 0 (0)
2026-04-21 17:04:28:627 [IN ] C8 24 0B 0A 25 A5 0B 01 31 02 DE 00 1D CD D6 C8 24 03 0E 25 A5 03 01 31 06 81 45 FF F4 FB F4 E3 FA 3D (34)
                              [N11:NG] NGSWSTATE 0 (0)
                              [N3:X] TPOS 'E' 255 244 251 244 (-721932)
2026-04-21 17:04:28:828 [IN ] C8 24 04 0E 25 A5 04 01 31 06 81 45 FF F2 10 16 19 4A 3D (19)
                              [N4:Y] TPOS 'E' 255 242 16 22 (-913386)
2026-04-21 17:04:29:252 [OUT] 25 A5 01 04 31 03 84 00 50 0D FC (11)
                              [N4:Y] VEL 0 80 (80)
2026-04-21 17:04:29:274 [OUT] 25 A5 01 03 31 03 84 00 50 0C F6 (11)
                              [N3:X] VEL 0 80 (80)
2026-04-21 17:04:29:295 [OUT] 25 A5 01 05 31 05 81 00 0B A9 1F 90 BD (13)
                              [N5:V] TPOS 0 11 169 31 (764191)
2026-04-21 17:04:29:317 [OUT] 25 A5 01 06 31 05 81 00 0D CC 57 EE 49 (13)
                              [N6:H] TPOS 0 13 204 87 (904279)
2026-04-21 17:04:29:422 [IN ] C8 24 04 0C 25 A5 04 01 31 04 84 53 00 (13)
2026-04-21 17:04:29:444 [IN ] 50 61 BA 19 C8 24 0B 0A 25 A5 0B 01 31 02 DE 00 1D CD 61 (19)
                              [N4:Y] VEL 'S' 0 80 (80)
                              [N11:NG] NGSWSTATE 0 (0)
2026-04-21 17:04:29:466 [OUT] 25 A5 01 04 31 05 81 FF F1 07 31 E4 31 (13)
                              [N4:Y] TPOS 255 241 7 49 (-981199)
2026-04-21 17:04:29:530 [IN ] C8 24 03 0C 25 A5 03 01 31 04 84 53 00 50 60 B2 19 (17)
                              [N3:X] VEL 'S' 0 80 (80)
2026-04-21 17:04:29:551 [OUT] 25 A5 01 03 31 05 81 FF F4 5E 11 1D C0 (13)
                              [N3:X] TPOS 255 244 94 17 (-762351)
2026-04-21 17:04:29:657 [IN ] C8 24 05 0E 25 A5 05 01 31 (9)
2026-04-21 17:04:29:679 [IN ] 06 81 53 00 0C 4D CE 38 1E 3D (10)
                              [N5:V] TPOS 'S' 0 12 77 206 (806350)
2026-04-21 17:04:29:783 [IN ] C8 24 06 0E 25 A5 06 01 31 06 81 53 00 0E 02 4A 6C 14 3D (19)
                              [N6:H] TPOS 'S' 0 14 2 74 (918090)
2026-04-21 17:04:29:908 [IN ] C8 24 04 0E 25 A5 04 01 31 06 81 53 FF F2 10 (15)
2026-04-21 17:04:29:929 [IN ] 17 28 91 3D (4)
                              [N4:Y] TPOS 'S' 255 242 16 23 (-913385)
2026-04-21 17:04:29:971 [IN ] C8 24 06 0E 25 A5 06 01 31 06 81 45 00 0D C6 C0 97 C9 3D (19)
                              [N6:H] TPOS 'E' 0 13 198 192 (902848)
2026-04-21 17:04:30:014 [IN ] C8 24 05 0E 25 A5 05 01 31 06 81 45 00 0B A7 5D 12 18 3D (19)
                              [N5:V] TPOS 'E' 0 11 167 93 (763741)
2026-04-21 17:04:30:056 [IN ] C8 24 03 0E 25 A5 03 01 31 06 81 53 FF F4 FB F3 F0 3F 3D (19)
                              [N3:X] TPOS 'S' 255 244 251 243 (-721933)
2026-04-21 17:04:30:459 [IN ] C8 24 03 0E 25 A5 03 01 31 06 81 45 FF F4 5B 3F 8E 05 3D C8 24 04 0E 25 A5 04 01 31 06 81 45 FF F1 04 CE C4 E7 3D C8 24 0B 0A 25 A5 0B 01 31 02 DE 00 1D CD 04 (53)
                              [N3:X] TPOS 'E' 255 244 91 63 (-763073)
                              [N4:Y] TPOS 'E' 255 241 4 206 (-981810)
                              [N11:NG] NGSWSTATE 0 (0)
