2026-04-21 10:39:14:566 [OUT] 25 A5 01 0A 31 05 D6 3D FF 00 00 53 ED (13)
                              [N10:HMI] HMILED '=' 255 0 0 (16711680)
2026-04-21 10:39:14:596 [OUT] 25 A5 01 09 31 05 81 FF F1 6C 46 63 38 (13)
                              [N9:P] TPOS 255 241 108 70 (-955322)
2026-04-21 10:39:14:618 [OUT] 25 A5 01 05 31 05 81 00 13 5B 62 8D 7C (13)
                              [N5:V] TPOS 0 19 91 98 (1268578)
2026-04-21 10:39:14:640 [OUT] 25 A5 01 06 31 05 81 00 11 80 AF FE 15 (13)
                              [N6:H] TPOS 0 17 128 175 (1147055)
2026-04-21 10:39:14:662 [OUT] 25 A5 01 07 31 05 81 FF C5 04 A7 2E 35 (13)
                              [N7:N] TPOS 255 197 4 167 (-3865433)
2026-04-21 10:39:14:745 [IN ] C8 24 0A 0D 25 A5 0A 01 31 05 D6 3A FF 00 00 50 EA 6C (18)
                              [N10:HMI] HMILED ':' 255 0 0 (16711680)
2026-04-21 10:39:14:871 [IN ] C8 24 09 0E 25 A5 09 01 31 06 81 53 FF EC D3 E2 B5 02 0A (19)
                              [N9:P] TPOS 'S' 255 236 211 226 (-1256478)
2026-04-21 10:39:14:997 [IN ] C8 (1)
2026-04-21 10:39:15:019 [IN ] 24 05 0E 25 A5 05 01 31 06 81 53 00 03 F2 A6 AC 25 0A (18)
                              [N5:V] TPOS 'S' 0 3 242 166 (258726)
2026-04-21 10:39:15:145 [IN ] C8 24 06 0E 25 A5 06 01 31 06 81 53 00 0D 34 3F 92 6A 0A (19)
                              [N6:H] TPOS 'S' 0 13 52 63 (865343)
2026-04-21 10:39:15:271 [IN ] C8 24 07 0E 25 A5 07 01 31 06 81 53 FF EB 17 21 35 B2 0A (19)
                              [N7:N] TPOS 'S' 255 235 23 33 (-1370335)
2026-04-21 10:39:16:679 [IN ] C8 24 06 0E 25 A5 06 01 31 06 81 45 00 11 85 99 33 2C 0A C8 24 09 0E 25 A5 09 01 31 06 81 45 FF F1 6F FA 60 1B 0A (38)
                              [N6:H] TPOS 'E' 0 17 133 153 (1148313)
                              [N9:P] TPOS 'E' 255 241 111 250 (-954374)
2026-04-21 10:39:19:692 [IN ] C8 24 05 0E 25 A5 05 01 31 06 81 45 00 13 5F 82 F7 C5 0A (19)
                              [N5:V] TPOS 'E' 0 19 95 130 (1269634)
2026-04-21 10:39:26:113 [IN ] C8 24 07 0E 25 A5 07 01 31 06 81 45 FF C4 FF 7A 41 20 0A (19)
                              [N7:N] TPOS 'E' 255 196 255 122 (-3866758)
