2026-04-21 12:41:48:691 [OUT] 25 A5 01 09 31 04 E4 3D 00 00 60 C8 (12)
                              [N9:P] LOGPOS '=' 0 0 (0)
2026-04-21 12:41:48:713 [OUT] 25 A5 01 0A 31 05 D6 3D FF 00 00 53 ED (13)
                              [N10:HMI] HMILED '=' 255 0 0 (16711680)
2026-04-21 12:41:48:734 [OUT] 25 A5 01 08 31 05 81 FF EE 15 56 18 89 (13)
                              [N8:R] TPOS 255 238 21 86 (-1174186)
2026-04-21 12:41:48:862 [IN ] C8 24 09 0C 25 A5 09 01 31 04 E4 3A 00 00 5D C7 0F (17)
                              [N9:P] LOGPOS ':' 0 0 (0)
2026-04-21 12:41:48:884 [OUT] 25 A5 01 09 31 05 81 FF E7 77 8B A9 75 (13)
                              [N9:P] TPOS 255 231 119 139 (-1607797)
2026-04-21 12:41:48:989 [IN ] C8 24 0A 0D 25 A5 0A 01 31 05 D6 3A FF 00 00 50 EA 29 (18)
                              [N10:HMI] HMILED ':' 255 0 0 (16711680)
2026-04-21 12:41:49:135 [IN ] C8 24 08 0E 25 A5 08 01 31 06 81 53 FF EE 15 4A 60 EA 0B (19)
                              [N8:R] TPOS 'S' 255 238 21 74 (-1174198)
2026-04-21 12:41:49:240 [IN ] C8 24 08 0E 25 A5 08 01 31 06 81 45 FF EE 15 6F 77 C9 0B (19)
                              [N8:R] TPOS 'E' 255 238 21 111 (-1174161)
2026-04-21 12:41:49:262 [IN ] C8 24 09 0E 25 A5 09 01 31 06 81 53 FF E7 6C 2F 96 72 0B (19)
                              [N9:P] TPOS 'S' 255 231 108 47 (-1610705)
2026-04-21 12:41:49:463 [IN ] C8 24 09 0E 25 A5 09 01 31 06 81 45 FF E7 78 67 CC 7C 0B (19)
                              [N9:P] TPOS 'E' 255 231 120 103 (-1607577)
2026-04-21 12:41:49:685 [OUT] 25 A5 01 09 31 05 81 FF E7 8A A8 D9 B8 (13)
                              [N9:P] TPOS 255 231 138 168 (-1602904)
2026-04-21 12:41:49:874 [IN ] C8 24 09 0E 25 A5 09 01 31 06 81 53 FF E7 78 67 DA C2 0B (19)
                              [N9:P] TPOS 'S' 255 231 120 103 (-1607577)
2026-04-21 12:41:50:075 [IN ] C8 24 09 0E 25 A5 09 01 31 06 81 45 FF E7 8B BD 35 F8 0B (19)
                              [N9:P] TPOS 'E' 255 231 139 189 (-1602627)
2026-04-21 12:41:50:297 [OUT] 25 A5 01 09 31 05 81 FF E7 9D C4 08 FA (13)
                              [N9:P] TPOS 255 231 157 196 (-1598012)
2026-04-21 12:41:50:486 [IN ] C8 24 09 0E 25 A5 09 01 31 06 81 53 FF E7 8B BD 43 3E 0B (19)
                              [N9:P] TPOS 'S' 255 231 139 189 (-1602627)
2026-04-21 12:41:50:688 [IN ] C8 24 09 0E 25 A5 09 01 31 06 81 45 FF E7 9E E1 6C 42 0B (19)
                              [N9:P] TPOS 'E' 255 231 158 225 (-1597727)
2026-04-21 12:41:50:910 [OUT] 25 A5 01 09 31 05 81 FF E7 B0 E0 37 3C (13)
                              [N9:P] TPOS 255 231 176 224 (-1593120)
2026-04-21 12:41:51:099 [IN ] C8 24 09 0E 25 A5 09 01 31 06 81 53 FF E7 9E E1 7A 88 0B (19)
                              [N9:P] TPOS 'S' 255 231 158 225 (-1597727)
2026-04-21 12:41:51:300 [IN ] C8 24 09 0E 25 A5 09 01 31 06 81 45 FF E7 B2 12 B1 9B 0B (19)
                              [N9:P] TPOS 'E' 255 231 178 18 (-1592814)
2026-04-21 12:41:51:523 [OUT] 25 A5 01 09 31 05 81 FF E7 C3 FD 67 7F (13)
                              [N9:P] TPOS 255 231 195 253 (-1588227)
2026-04-21 12:41:51:711 [IN ] C8 24 09 0E 25 A5 09 01 31 06 81 53 FF E7 B2 12 BF E1 0B (19)
                              [N9:P] TPOS 'S' 255 231 178 18 (-1592814)
2026-04-21 12:41:51:912 [IN ] C8 24 09 0E 25 A5 09 01 31 06 81 45 FF E7 C5 4E 00 FD 0B (19)
                              [N9:P] TPOS 'E' 255 231 197 78 (-1587890)
2026-04-21 12:41:52:135 [OUT] 25 A5 01 09 31 05 81 FF E7 D7 19 97 C3 (13)
                              [N9:P] TPOS 255 231 215 25 (-1583335)
2026-04-21 12:41:52:345 [IN ] C8 24 09 0E 25 A5 09 01 31 06 81 53 FF E7 C5 4D 0D 42 0B (19)
                              [N9:P] TPOS 'S' 255 231 197 77 (-1587891)
2026-04-21 12:41:52:546 [IN ] C8 24 09 0E 25 A5 09 01 31 06 81 45 FF E7 D8 B4 79 89 0B (19)
                              [N9:P] TPOS 'E' 255 231 216 180 (-1582924)
2026-04-21 12:41:52:768 [OUT] 25 A5 01 09 31 05 81 FF E7 EA 36 C7 06 (13)
                              [N9:P] TPOS 255 231 234 54 (-1578442)
2026-04-21 12:41:52:958 [IN ] C8 24 09 0E 25 A5 09 01 31 06 81 53 FF E7 D8 B3 86 CE 0B (19)
                              [N9:P] TPOS 'S' 255 231 216 179 (-1582925)
2026-04-21 12:41:53:159 [IN ] C8 24 09 0E 25 A5 09 01 31 06 81 45 FF E7 EB EF C7 EA 0B (19)
                              [N9:P] TPOS 'E' 255 231 235 239 (-1578001)
2026-04-21 12:41:53:382 [OUT] 25 A5 01 09 31 05 81 FF E7 FD 52 F6 48 (13)
                              [N9:P] TPOS 255 231 253 82 (-1573550)
2026-04-21 12:41:53:591 [IN ] C8 24 09 0E 25 A5 09 01 31 06 81 53 FF E7 EB EE D4 2F 0B (19)
                              [N9:P] TPOS 'S' 255 231 235 238 (-1578002)
2026-04-21 12:41:53:793 [IN ] C8 24 09 0E 25 A5 09 01 31 06 81 45 FF E7 FF 1E 0A 41 0B (19)
                              [N9:P] TPOS 'E' 255 231 255 30 (-1573090)
2026-04-21 12:41:54:016 [OUT] 25 A5 01 09 31 05 81 FF E8 10 6F 27 8E (13)
                              [N9:P] TPOS 255 232 16 111 (-1568657)
2026-04-21 12:41:54:205 [IN ] C8 24 09 0E 25 A5 09 01 31 06 81 53 FF E7 FF 1E 18 87 0B (19)
                              [N9:P] TPOS 'S' 255 231 255 30 (-1573090)
2026-04-21 12:41:54:406 [IN ] C8 24 09 0E 25 A5 09 01 31 06 81 45 FF E8 12 44 44 90 0B (19)
                              [N9:P] TPOS 'E' 255 232 18 68 (-1568188)
2026-04-21 12:41:54:631 [OUT] 25 A5 01 09 31 05 81 FF E8 23 8B 56 D0 (13)
                              [N9:P] TPOS 255 232 35 139 (-1563765)
2026-04-21 12:41:54:841 [IN ] C8 24 09 0E 25 A5 09 01 31 06 81 53 FF E8 12 43 51 D5 0B (19)
                              [N9:P] TPOS 'S' 255 232 18 67 (-1568189)
2026-04-21 12:41:55:042 [IN ] C8 24 09 0E 25 A5 09 01 31 06 81 45 FF E8 25 56 69 C8 0B (19)
                              [N9:P] TPOS 'E' 255 232 37 86 (-1563306)
2026-04-21 12:41:55:264 [OUT] 25 A5 01 09 31 05 81 FF E8 36 A8 86 13 (13)
                              [N9:P] TPOS 255 232 54 168 (-1558872)
2026-04-21 12:41:55:452 [IN ] C8 24 09 0E 25 A5 09 01 31 06 81 53 FF E8 25 55 76 0D 0B (19)
                              [N9:P] TPOS 'S' 255 232 37 85 (-1563307)
2026-04-21 12:41:55:654 [IN ] C8 24 09 0E 25 A5 09 01 31 06 81 45 FF E8 38 75 9B 0D 0B (19)
                              [N9:P] TPOS 'E' 255 232 56 117 (-1558411)
2026-04-21 12:41:55:876 [OUT] 25 A5 01 09 31 05 81 FF E8 49 C4 B5 55 (13)
                              [N9:P] TPOS 255 232 73 196 (-1553980)
2026-04-21 12:41:56:066 [IN ] C8 24 09 0E 25 A5 09 01 31 06 81 53 FF E8 38 74 A8 52 0B (19)
                              [N9:P] TPOS 'S' 255 232 56 116 (-1558412)
2026-04-21 12:41:56:267 [IN ] C8 24 09 0E 25 A5 09 01 31 06 81 45 FF E8 4B 8E C7 4C 0B (19)
                              [N9:P] TPOS 'E' 255 232 75 142 (-1553522)
2026-04-21 12:41:56:488 [OUT] 25 A5 01 09 31 05 81 FF E8 5C E0 E4 97 (13)
                              [N9:P] TPOS 255 232 92 224 (-1549088)
2026-04-21 12:41:56:677 [IN ] C8 24 09 0E 25 A5 09 01 31 06 81 53 FF E8 4B 8D D4 91 0B (19)
                              [N9:P] TPOS 'S' 255 232 75 141 (-1553523)
2026-04-21 12:41:56:879 [IN ] C8 24 09 0E 25 A5 09 01 31 06 81 45 FF E8 5E 93 DF 77 0B (19)
                              [N9:P] TPOS 'E' 255 232 94 147 (-1548653)
2026-04-21 12:41:57:101 [OUT] 25 A5 01 09 31 05 81 FF E8 6F FD 14 DA (13)
                              [N9:P] TPOS 255 232 111 253 (-1544195)
2026-04-21 12:41:57:289 [IN ] C8 24 09 0E 25 A5 09 01 31 06 81 53 FF E8 5E 92 EC BC 0B (19)
                              [N9:P] TPOS 'S' 255 232 94 146 (-1548654)
2026-04-21 12:41:57:490 [IN ] C8 24 09 0E 25 A5 09 01 31 06 81 45 FF E8 71 A4 03 AE 0B (19)
                              [N9:P] TPOS 'E' 255 232 113 164 (-1543772)
2026-04-21 12:41:57:712 [OUT] 25 A5 01 09 31 05 81 FF E8 83 19 44 1E (13)
                              [N9:P] TPOS 255 232 131 25 (-1539303)
2026-04-21 12:41:57:901 [IN ] C8 24 09 0E 25 A5 09 01 31 06 81 53 FF E8 71 A3 10 F3 0B (19)
                              [N9:P] TPOS 'S' 255 232 113 163 (-1543773)
2026-04-21 12:41:58:102 [IN ] C8 24 09 0E 25 A5 09 01 31 06 81 45 FF E8 84 D4 46 04 0B (19)
                              [N9:P] TPOS 'E' 255 232 132 212 (-1538860)
2026-04-21 12:41:58:324 [OUT] 25 A5 01 09 31 05 81 FF E8 96 36 74 61 (13)
                              [N9:P] TPOS 255 232 150 54 (-1534410)
2026-04-21 12:41:58:513 [IN ] C8 24 09 0E 25 A5 09 01 31 06 81 53 FF E8 84 D3 53 49 0B (19)
                              [N9:P] TPOS 'S' 255 232 132 211 (-1538861)
2026-04-21 12:41:58:715 [IN ] C8 24 09 0E 25 A5 09 01 31 06 81 45 FF E8 97 E2 67 38 0B (19)
                              [N9:P] TPOS 'E' 255 232 151 226 (-1533982)
2026-04-21 12:41:58:937 [OUT] 25 A5 01 09 31 05 81 FF E8 A9 52 A3 A3 (13)
                              [N9:P] TPOS 255 232 169 82 (-1529518)
2026-04-21 12:41:59:126 [IN ] C8 24 09 0E 25 A5 09 01 31 06 81 53 FF E8 97 E1 74 7D 0B (19)
                              [N9:P] TPOS 'S' 255 232 151 225 (-1533983)
2026-04-21 12:41:59:327 [IN ] C8 24 09 0E 25 A5 09 01 31 06 81 45 FF E8 AA E5 7D 61 0B (19)
                              [N9:P] TPOS 'E' 255 232 170 229 (-1529115)
2026-04-21 12:41:59:550 [OUT] 25 A5 01 09 31 05 81 FF E8 BC 6F D3 E6 (13)
                              [N9:P] TPOS 255 232 188 111 (-1524625)
2026-04-21 12:41:59:759 [IN ] C8 24 09 0E 25 A5 09 01 31 06 81 53 FF E8 AA E4 8A A6 0B (19)
                              [N9:P] TPOS 'S' 255 232 170 228 (-1529116)
2026-04-21 12:41:59:960 [IN ] C8 24 09 0E 25 A5 09 01 31 06 81 45 FF E8 BD FF AA A1 0B (19)
                              [N9:P] TPOS 'E' 255 232 189 255 (-1524225)
2026-04-21 12:42:00:183 [OUT] 25 A5 01 09 31 05 81 FF E8 CF 8B 02 28 (13)
                              [N9:P] TPOS 255 232 207 139 (-1519733)
2026-04-21 12:42:00:372 [IN ] C8 24 09 0E 25 A5 09 01 31 06 81 53 FF E8 BD FE B7 E6 0B (19)
                              [N9:P] TPOS 'S' 255 232 189 254 (-1524226)
2026-04-21 12:42:00:573 [IN ] C8 24 09 0E 25 A5 09 01 31 06 81 45 FF E8 D1 0B CA D5 0B (19)
                              [N9:P] TPOS 'E' 255 232 209 11 (-1519349)
2026-04-21 12:42:00:796 [OUT] 25 A5 01 09 31 05 81 FF E8 E2 A8 32 6B (13)
                              [N9:P] TPOS 255 232 226 168 (-1514840)
2026-04-21 12:42:01:005 [IN ] C8 24 09 0E 25 A5 09 01 31 06 81 53 FF E8 D1 0B D8 1B 0B (19)
                              [N9:P] TPOS 'S' 255 232 209 11 (-1519349)
2026-04-21 12:42:01:206 [IN ] C8 24 09 0E 25 A5 09 01 31 06 81 45 FF E8 E4 36 08 26 0B (19)
                              [N9:P] TPOS 'E' 255 232 228 54 (-1514442)
2026-04-21 12:42:01:429 [OUT] 25 A5 01 09 31 05 81 FF E8 F5 C4 61 AD (13)
                              [N9:P] TPOS 255 232 245 196 (-1509948)
2026-04-21 12:42:01:617 [IN ] C8 24 09 0E 25 A5 09 01 31 06 81 53 FF E8 E4 35 15 6B 0B (19)
                              [N9:P] TPOS 'S' 255 232 228 53 (-1514443)
2026-04-21 12:42:01:818 [IN ] C8 24 09 0E 25 A5 09 01 31 06 81 45 FF E8 F7 2E 13 44 0B (19)
                              [N9:P] TPOS 'E' 255 232 247 46 (-1509586)
2026-04-21 12:42:02:041 [OUT] 25 A5 01 09 31 05 81 FF E9 08 E0 91 F2 (13)
                              [N9:P] TPOS 255 233 8 224 (-1505056)
2026-04-21 12:42:02:250 [IN ] C8 24 09 0E 25 A5 09 01 31 06 81 53 FF E8 F7 2D 20 89 0B (19)
                              [N9:P] TPOS 'S' 255 232 247 45 (-1509587)
2026-04-21 12:42:02:450 [IN ] C8 24 09 0E 25 A5 09 01 31 06 81 45 FF E9 0A 6A 63 A9 0B (19)
                              [N9:P] TPOS 'E' 255 233 10 106 (-1504662)
2026-04-21 12:42:02:673 [OUT] 25 A5 01 09 31 05 81 FF E9 1B FD C1 35 (13)
                              [N9:P] TPOS 255 233 27 253 (-1500163)
2026-04-21 12:42:02:859 [IN ] C8 24 09 0E 25 A5 09 01 31 06 81 53 FF E9 0A 69 70 EE 0B (19)
                              [N9:P] TPOS 'S' 255 233 10 105 (-1504663)
2026-04-21 12:42:03:060 [IN ] C8 24 09 0E 25 A5 09 01 31 06 81 45 FF E9 1D B1 BD 16 0B (19)
                              [N9:P] TPOS 'E' 255 233 29 177 (-1499727)
2026-04-21 12:42:03:283 [OUT] 25 A5 01 09 31 05 81 FF E9 2F 19 F1 79 (13)
                              [N9:P] TPOS 255 233 47 25 (-1495271)
2026-04-21 12:42:03:472 [IN ] C8 24 09 0E 25 A5 09 01 31 06 81 53 FF E9 1D AF C9 5A 0B (19)
                              [N9:P] TPOS 'S' 255 233 29 175 (-1499729)
2026-04-21 12:42:03:673 [IN ] C8 24 09 0E 25 A5 09 01 31 06 81 45 FF E9 30 D9 F8 64 0B (19)
                              [N9:P] TPOS 'E' 255 233 48 217 (-1494823)
2026-04-21 12:42:03:895 [OUT] 25 A5 01 09 31 05 81 FF E9 42 36 21 BC (13)
                              [N9:P] TPOS 255 233 66 54 (-1490378)
2026-04-21 12:42:04:083 [IN ] C8 24 09 0E 25 A5 09 01 31 06 81 53 FF E9 30 D8 05 A9 0B (19)
                              [N9:P] TPOS 'S' 255 233 48 216 (-1494824)
2026-04-21 12:42:04:284 [IN ] C8 24 09 0E 25 A5 09 01 31 06 81 45 FF E9 44 17 4A CA 0B (19)
                              [N9:P] TPOS 'E' 255 233 68 23 (-1489897)
2026-04-21 12:42:04:507 [OUT] 25 A5 01 09 31 05 81 FF E9 55 52 50 FE (13)
                              [N9:P] TPOS 255 233 85 82 (-1485486)
2026-04-21 12:42:04:698 [IN ] C8 24 09 0E 25 A5 09 01 31 06 81 53 FF E9 44 15 56 0E 0B (19)
                              [N9:P] TPOS 'S' 255 233 68 21 (-1489899)
2026-04-21 12:42:04:900 [IN ] C8 24 09 0E 25 A5 09 01 31 06 81 45 FF E9 57 3F 85 18 0B (19)
                              [N9:P] TPOS 'E' 255 233 87 63 (-1484993)
2026-04-21 12:42:05:122 [OUT] 25 A5 01 09 31 05 81 FF E9 68 6F 80 41 (13)
                              [N9:P] TPOS 255 233 104 111 (-1480593)
2026-04-21 12:42:05:310 [IN ] C8 24 09 0E 25 A5 09 01 31 06 81 53 FF E9 57 3E 92 5D 0B (19)
                              [N9:P] TPOS 'S' 255 233 87 62 (-1484994)
2026-04-21 12:42:05:511 [IN ] C8 24 09 0E 25 A5 09 01 31 06 81 45 FF E9 6A 7F D8 7E 0B (19)
                              [N9:P] TPOS 'E' 255 233 106 127 (-1480065)
2026-04-21 12:42:05:733 [OUT] 25 A5 01 09 31 05 81 FF E9 7B 8B AF 83 (13)
                              [N9:P] TPOS 255 233 123 139 (-1475701)
2026-04-21 12:42:05:922 [IN ] C8 24 09 0E 25 A5 09 01 31 06 81 53 FF E9 (14)
2026-04-21 12:42:05:943 [IN ] 6A 7F E6 C4 0B (5)
                              [N9:P] TPOS 'S' 255 233 106 127 (-1480065)
2026-04-21 12:42:06:144 [IN ] C8 24 09 0E 25 A5 09 01 31 06 81 45 FF E9 7D CA 36 EF 0B (19)
                              [N9:P] TPOS 'E' 255 233 125 202 (-1475126)
2026-04-21 12:42:06:367 [OUT] 25 A5 01 09 31 05 81 FF E9 8E A8 DF C6 (13)
                              [N9:P] TPOS 255 233 142 168 (-1470808)
2026-04-21 12:42:06:555 [IN ] C8 24 09 0E 25 A5 09 01 31 06 81 53 FF E9 7D CA 44 35 0B (19)
                              [N9:P] TPOS 'S' 255 233 125 202 (-1475126)
2026-04-21 12:42:06:757 [IN ] C8 24 09 0E 25 A5 09 01 31 06 81 45 FF E9 90 EC 6B 37 0B (19)
                              [N9:P] TPOS 'E' 255 233 144 236 (-1470228)
2026-04-21 12:42:06:978 [OUT] 25 A5 01 09 31 05 81 FF E9 A1 C4 0E 08 (13)
                              [N9:P] TPOS 255 233 161 196 (-1465916)
2026-04-21 12:42:07:146 [IN ] C8 24 09 0E 25 A5 09 01 31 06 81 53 FF E9 90 EC 79 7D 0B (19)
                              [N9:P] TPOS 'S' 255 233 144 236 (-1470228)
2026-04-21 12:42:07:347 [IN ] C8 24 09 0E 25 A5 09 01 31 06 81 45 FF E9 A4 00 93 73 0B (19)
                              [N9:P] TPOS 'E' 255 233 164 0 (-1465344)
2026-04-21 12:42:07:570 [OUT] 25 A5 01 09 31 05 81 FF E9 B4 E0 3D 4A (13)
                              [N9:P] TPOS 255 233 180 224 (-1461024)
2026-04-21 12:42:07:757 [IN ] C8 24 09 0E 25 A5 09 01 31 06 81 53 FF E9 A4 00 A1 B9 0B (19)
                              [N9:P] TPOS 'S' 255 233 164 0 (-1465344)
2026-04-21 12:42:07:959 [IN ] C8 24 09 0E 25 A5 09 01 31 06 81 45 FF E9 B7 09 AF A2 0B (19)
                              [N9:P] TPOS 'E' 255 233 183 9 (-1460471)
2026-04-21 12:42:08:182 [OUT] 25 A5 01 09 31 05 81 FF E9 C7 FD 6D 8D (13)
                              [N9:P] TPOS 255 233 199 253 (-1456131)
2026-04-21 12:42:08:372 [IN ] C8 24 09 0E 25 A5 09 01 31 06 81 53 FF E9 B7 09 BD E8 0B (19)
                              [N9:P] TPOS 'S' 255 233 183 9 (-1460471)
2026-04-21 12:42:08:573 [IN ] C8 24 09 0E 25 A5 09 01 31 06 81 45 FF E9 CA 0C C5 CB 0B (19)
                              [N9:P] TPOS 'E' 255 233 202 12 (-1455604)
2026-04-21 12:42:08:795 [OUT] 25 A5 01 09 31 05 81 FF E9 DB 19 9D D1 (13)
                              [N9:P] TPOS 255 233 219 25 (-1451239)
2026-04-21 12:42:08:982 [IN ] C8 24 09 0E 25 A5 09 01 31 06 81 53 FF E9 CA 0B D2 10 0B (19)
                              [N9:P] TPOS 'S' 255 233 202 11 (-1455605)
2026-04-21 12:42:09:184 [IN ] C8 24 09 0E 25 A5 09 01 31 06 81 45 FF E9 DD 1B E7 00 0B (19)
                              [N9:P] TPOS 'E' 255 233 221 27 (-1450725)
2026-04-21 12:42:09:406 [OUT] 25 A5 01 09 31 05 81 FF E9 EE 36 CD 14 (13)
                              [N9:P] TPOS 255 233 238 54 (-1446346)
2026-04-21 12:42:09:595 [IN ] C8 24 09 0E 25 A5 09 01 31 06 81 53 FF E9 DD 1A F4 45 0B (19)
                              [N9:P] TPOS 'S' 255 233 221 26 (-1450726)
2026-04-21 12:42:09:796 [IN ] C8 24 09 0E 25 A5 09 01 31 06 81 45 FF E9 F0 1D FC 28 0B (19)
                              [N9:P] TPOS 'E' 255 233 240 29 (-1445859)
2026-04-21 12:42:10:019 [OUT] 25 A5 01 09 31 05 81 FF EA 01 52 FD 59 (13)
                              [N9:P] TPOS 255 234 1 82 (-1441454)
2026-04-21 12:42:10:208 [IN ] C8 24 09 0E 25 A5 09 01 31 06 81 53 FF E9 F0 1C 09 6D 0B (19)
                              [N9:P] TPOS 'S' 255 233 240 28 (-1445860)
2026-04-21 12:42:10:409 [IN ] C8 24 09 0E 25 A5 09 01 31 06 81 45 FF EA 03 28 1B 5C 0B (19)
                              [N9:P] TPOS 'E' 255 234 3 40 (-1440984)
2026-04-21 12:42:10:631 [OUT] 25 A5 01 09 31 05 81 FF EA 14 6F 2D 9C (13)
                              [N9:P] TPOS 255 234 20 111 (-1436561)
2026-04-21 12:42:10:820 [IN ] C8 24 09 0E 25 A5 09 01 31 06 81 53 FF EA 03 28 29 A2 0B (19)
                              [N9:P] TPOS 'S' 255 234 3 40 (-1440984)
2026-04-21 12:42:11:021 [IN ] C8 24 09 0E 25 A5 09 01 31 06 81 45 FF EA 16 23 29 7D 0B (19)
                              [N9:P] TPOS 'E' 255 234 22 35 (-1436125)
2026-04-21 12:42:11:243 [OUT] 25 A5 01 09 31 05 81 FF EA 27 8B 5C DE (13)
                              [N9:P] TPOS 255 234 39 139 (-1431669)
2026-04-21 12:42:11:431 [IN ] C8 24 09 0E 25 A5 09 01 31 06 81 53 FF EA 16 22 36 C2 0B (19)
                              [N9:P] TPOS 'S' 255 234 22 34 (-1436126)
2026-04-21 12:42:11:633 [IN ] C8 24 09 0E 25 A5 09 01 31 06 81 45 FF EA 29 33 4C B3 0B (19)
                              [N9:P] TPOS 'E' 255 234 41 51 (-1431245)
2026-04-21 12:42:11:855 [OUT] 25 A5 01 09 31 05 81 FF EA 3A A8 8C 21 (13)
                              [N9:P] TPOS 255 234 58 168 (-1426776)
2026-04-21 12:42:12:043 [IN ] C8 24 09 0E 25 A5 09 01 31 06 81 53 FF EA 29 33 5A F9 0B (19)
                              [N9:P] TPOS 'S' 255 234 41 51 (-1431245)
2026-04-21 12:42:12:244 [IN ] C8 24 09 0E 25 A5 09 01 31 06 81 45 FF EA 3C 3B 67 E1 0B (19)
                              [N9:P] TPOS 'E' 255 234 60 59 (-1426373)
2026-04-21 12:42:12:466 [OUT] 25 A5 01 09 31 05 81 FF EA 4D C4 BB 63 (13)
                              [N9:P] TPOS 255 234 77 196 (-1421884)
2026-04-21 12:42:12:654 [IN ] C8 24 09 0E 25 A5 09 01 31 06 81 53 FF EA 3C 3B 75 27 0B (19)
                              [N9:P] TPOS 'S' 255 234 60 59 (-1426373)
2026-04-21 12:42:12:856 [IN ] C8 24 09 0E 25 A5 09 01 31 06 81 45 FF EA 4F 44 83 10 0B (19)
                              [N9:P] TPOS 'E' 255 234 79 68 (-1421500)
2026-04-21 12:42:13:077 [OUT] 25 A5 01 09 31 05 81 FF EA 60 E1 EB A6 (13)
                              [N9:P] TPOS 255 234 96 225 (-1416991)
2026-04-21 12:42:13:267 [IN ] C8 24 09 0E 25 A5 09 01 31 06 81 53 FF EA 4F 43 90 55 0B (19)
                              [N9:P] TPOS 'S' 255 234 79 67 (-1421501)
2026-04-21 12:42:13:468 [IN ] C8 24 09 0E 25 A5 09 01 31 06 81 45 FF EA 62 8A DC 7C 0B (19)
                              [N9:P] TPOS 'E' 255 234 98 138 (-1416566)
2026-04-21 12:42:13:690 [OUT] 25 A5 01 09 31 05 81 FF EA 73 FD 1A E8 (13)
                              [N9:P] TPOS 255 234 115 253 (-1412099)
2026-04-21 12:42:13:858 [IN ] C8 24 09 0E 25 A5 09 01 31 06 81 (11)
2026-04-21 12:42:13:880 [IN ] 53 FF EA 62 8A EA C2 0B (8)
                              [N9:P] TPOS 'S' 255 234 98 138 (-1416566)
2026-04-21 12:42:14:081 [IN ] C8 24 09 0E 25 A5 09 01 31 06 81 45 FF EA 75 AA 0F C2 0B (19)
                              [N9:P] TPOS 'E' 255 234 117 170 (-1411670)
2026-04-21 12:42:14:303 [OUT] 25 A5 01 09 31 05 81 FF EA 87 19 4A 2C (13)
                              [N9:P] TPOS 255 234 135 25 (-1407207)
2026-04-21 12:42:14:491 [IN ] C8 24 09 0E 25 A5 09 01 31 06 81 53 FF EA 75 A9 1C 07 0B (19)
                              [N9:P] TPOS 'S' 255 234 117 169 (-1411671)
2026-04-21 12:42:14:692 [IN ] C8 24 09 0E 25 A5 09 01 31 06 81 45 FF EA 88 F5 6D 33 0B (19)
                              [N9:P] TPOS 'E' 255 234 136 245 (-1406731)
2026-04-21 12:42:14:914 [OUT] 25 A5 01 09 31 05 81 FF EA 9A 36 7A 6F (13)
                              [N9:P] TPOS 255 234 154 54 (-1402314)
2026-04-21 12:42:15:081 [IN ] C8 24 09 0E 25 A5 09 01 31 06 81 53 FF EA 88 F5 7B 79 0B (19)
                              [N9:P] TPOS 'S' 255 234 136 245 (-1406731)
2026-04-21 12:42:15:282 [IN ] C8 24 09 0E 25 A5 09 01 31 06 81 45 FF EA 9C 28 B4 8E 0B (19)
                              [N9:P] TPOS 'E' 255 234 156 40 (-1401816)
2026-04-21 12:42:15:505 [OUT] 25 A5 01 09 31 05 81 FF EA AD 52 A9 B1 (13)
                              [N9:P] TPOS 255 234 173 82 (-1397422)
2026-04-21 12:42:15:695 [IN ] C8 24 09 0E 25 A5 09 01 31 06 81 53 FF EA 9C 28 C2 D4 0B (19)
                              [N9:P] TPOS 'S' 255 234 156 40 (-1401816)
2026-04-21 12:42:15:897 [IN ] C8 24 09 0E 25 A5 09 01 31 06 81 45 FF EA AF 69 08 F5 0B (19)
                              [N9:P] TPOS 'E' 255 234 175 105 (-1396887)
2026-04-21 12:42:16:119 [OUT] 25 A5 01 09 31 05 81 FF EA C0 6F D9 F4 (13)
                              [N9:P] TPOS 255 234 192 111 (-1392529)
2026-04-21 12:42:16:308 [IN ] C8 24 09 0E 25 A5 09 01 31 06 81 53 FF EA AF 69 16 3B 0B (19)
                              [N9:P] TPOS 'S' 255 234 175 105 (-1396887)
2026-04-21 12:42:16:510 [IN ] C8 24 09 0E 25 A5 09 01 31 06 81 45 FF EA C2 AC 5E 5E 0B (19)
                              [N9:P] TPOS 'E' 255 234 194 172 (-1391956)
2026-04-21 12:42:16:732 [OUT] 25 A5 01 09 31 05 81 FF EA D3 8B 08 36 (13)
                              [N9:P] TPOS 255 234 211 139 (-1387637)
2026-04-21 12:42:16:920 [IN ] C8 24 09 0E 25 A5 09 01 31 06 81 53 FF EA C2 AC 6C A4 0B (19)
                              [N9:P] TPOS 'S' 255 234 194 172 (-1391956)
2026-04-21 12:42:17:121 [IN ] C8 24 09 0E 25 A5 09 01 31 06 81 45 FF EA D5 DB A0 B3 0B (19)
                              [N9:P] TPOS 'E' 255 234 213 219 (-1387045)
2026-04-21 12:42:17:343 [OUT] 25 A5 01 09 31 05 81 FF EA E6 A8 38 79 (13)
                              [N9:P] TPOS 255 234 230 168 (-1382744)
2026-04-21 12:42:17:531 [IN ] C8 24 09 0E 25 A5 09 01 31 06 81 53 FF EA D5 DB AE F9 0B (19)
                              [N9:P] TPOS 'S' 255 234 213 219 (-1387045)
2026-04-21 12:42:17:732 [IN ] C8 24 09 0E 25 A5 09 01 31 06 81 45 FF EA E8 E1 B9 DF 0B (19)
                              [N9:P] TPOS 'E' 255 234 232 225 (-1382175)
2026-04-21 12:42:17:955 [OUT] 25 A5 01 09 31 05 81 FF EA F9 C4 67 BB (13)
                              [N9:P] TPOS 255 234 249 196 (-1377852)
2026-04-21 12:42:18:141 [IN ] C8 24 09 0E 25 A5 09 01 31 06 81 53 FF EA E8 E1 C7 25 0B (19)
                              [N9:P] TPOS 'S' 255 234 232 225 (-1382175)
2026-04-21 12:42:18:342 [IN ] C8 24 09 0E 25 A5 09 01 31 06 81 45 FF EA FC 0D F9 33 0B (19)
                              [N9:P] TPOS 'E' 255 234 252 13 (-1377267)
2026-04-21 12:42:18:564 [OUT] 25 A5 01 09 31 05 81 FF EB 0C E1 98 01 (13)
                              [N9:P] TPOS 255 235 12 225 (-1372959)
2026-04-21 12:42:18:754 [IN ] C8 24 09 0E 25 A5 09 01 31 06 81 53 FF EA FC 0D 07 79 0B (19)
                              [N9:P] TPOS 'S' 255 234 252 13 (-1377267)
2026-04-21 12:42:18:955 [IN ] C8 24 09 0E 25 A5 09 01 31 06 81 45 FF EB 0F 17 17 66 0B (19)
                              [N9:P] TPOS 'E' 255 235 15 23 (-1372393)
2026-04-21 12:42:19:177 [OUT] 25 A5 01 09 31 05 81 FF EB 1F FD C7 43 (13)
                              [N9:P] TPOS 255 235 31 253 (-1368067)
2026-04-21 12:42:19:366 [IN ] C8 24 09 0E 25 A5 09 01 31 06 81 53 FF EB 0F 17 25 AC 0B (19)
                              [N9:P] TPOS 'S' 255 235 15 23 (-1372393)
2026-04-21 12:42:19:569 [IN ] C8 24 09 0E 25 A5 09 01 31 06 81 45 FF EB 22 28 3B 9D 0B (19)
                              [N9:P] TPOS 'E' 255 235 34 40 (-1367512)
2026-04-21 12:42:19:792 [OUT] 25 A5 01 09 31 05 81 FF EB 33 19 F7 87 (13)
                              [N9:P] TPOS 255 235 51 25 (-1363175)
2026-04-21 12:42:19:981 [IN ] C8 24 09 0E 25 A5 09 01 31 06 81 53 FF EB 22 28 49 E3 0B (19)
                              [N9:P] TPOS 'S' 255 235 34 40 (-1367512)
2026-04-21 12:42:20:182 [IN ] C8 24 09 0E 25 A5 09 01 31 06 81 45 FF EB 35 46 6C E1 0B (19)
                              [N9:P] TPOS 'E' 255 235 53 70 (-1362618)
2026-04-21 12:42:20:405 [OUT] 25 A5 01 09 31 05 81 FF EB 46 36 27 CA (13)
                              [N9:P] TPOS 255 235 70 54 (-1358282)
2026-04-21 12:42:20:613 [IN ] C8 24 09 0E 25 A5 09 01 31 06 81 53 FF EB 35 45 79 26 0B (19)
                              [N9:P] TPOS 'S' 255 235 53 69 (-1362619)
2026-04-21 12:42:20:814 [IN ] C8 24 09 0E 25 A5 09 01 31 06 81 45 FF EB 48 44 7D 05 0B (19)
                              [N9:P] TPOS 'E' 255 235 72 68 (-1357756)
2026-04-21 12:42:21:036 [OUT] 25 A5 01 09 31 05 81 FF EB 59 52 56 0C (13)
                              [N9:P] TPOS 255 235 89 82 (-1353390)
2026-04-21 12:42:21:225 [IN ] C8 24 09 0E 25 A5 09 01 31 06 81 53 FF EB 48 43 8A 4A 0B (19)
                              [N9:P] TPOS 'S' 255 235 72 67 (-1357757)
2026-04-21 12:42:21:427 [IN ] C8 24 09 0E 25 A5 09 01 31 06 81 45 FF EB 5B 49 95 30 0B (19)
                              [N9:P] TPOS 'E' 255 235 91 73 (-1352887)
2026-04-21 12:42:21:649 [OUT] 25 A5 01 09 31 05 81 FF EB 6C 6F 86 4F (13)
                              [N9:P] TPOS 255 235 108 111 (-1348497)
2026-04-21 12:42:21:857 [IN ] C8 24 09 0E 25 A5 09 01 31 06 81 53 FF EB 5B 49 A3 76 0B (19)
                              [N9:P] TPOS 'S' 255 235 91 73 (-1352887)
2026-04-21 12:42:22:059 [IN ] C8 24 09 0E 25 A5 09 01 31 06 81 45 FF EB 6E 59 B8 66 0B (19)
                              [N9:P] TPOS 'E' 255 235 110 89 (-1348007)
2026-04-21 12:42:22:282 [OUT] 25 A5 01 09 31 05 81 FF EB 7F 8B B5 91 (13)
                              [N9:P] TPOS 255 235 127 139 (-1343605)
2026-04-21 12:42:22:470 [IN ] C8 24 09 0E 25 A5 09 01 31 06 81 53 FF EB 6E 59 C6 AC 0B (19)
                              [N9:P] TPOS 'S' 255 235 110 89 (-1348007)
2026-04-21 12:42:22:672 [IN ] C8 24 09 0E 25 A5 09 01 31 06 81 45 FF EB 81 3F B1 72 0B (19)
                              [N9:P] TPOS 'E' 255 235 129 63 (-1343169)
2026-04-21 12:42:22:894 [OUT] 25 A5 01 09 31 05 81 FF EB 92 A8 E5 D4 (13)
                              [N9:P] TPOS 255 235 146 168 (-1338712)
2026-04-21 12:42:23:106 [IN ] C8 24 09 0E 25 A5 09 01 31 06 81 53 FF EB 81 3E BE B7 0B (19)
                              [N9:P] TPOS 'S' 255 235 129 62 (-1343170)
2026-04-21 12:42:23:307 [IN ] C8 24 09 0E 25 A5 09 01 31 06 81 45 FF EB 94 41 C6 9A 0B (19)
                              [N9:P] TPOS 'E' 255 235 148 65 (-1338303)
2026-04-21 12:42:23:530 [OUT] 25 A5 01 09 31 05 81 FF EB A5 C4 14 16 (13)
                              [N9:P] TPOS 255 235 165 196 (-1333820)
2026-04-21 12:42:23:718 [IN ] C8 24 09 0E 25 A5 09 01 31 06 81 53 FF EB 94 40 D3 DF 0B (19)
                              [N9:P] TPOS 'S' 255 235 148 64 (-1338304)
2026-04-21 12:42:23:919 [IN ] C8 24 09 0E 25 A5 09 01 31 06 81 45 FF EB A7 56 EE D5 0B (19)
                              [N9:P] TPOS 'E' 255 235 167 86 (-1333418)
2026-04-21 12:42:24:142 [OUT] 25 A5 01 09 31 05 81 FF EB B8 E1 44 59 (13)
                              [N9:P] TPOS 255 235 184 225 (-1328927)
2026-04-21 12:42:24:350 [IN ] C8 24 09 0E 25 A5 09 01 31 06 81 53 FF EB A7 54 FA 19 0B (19)
                              [N9:P] TPOS 'S' 255 235 167 84 (-1333420)
2026-04-21 12:42:24:552 [IN ] C8 24 09 0E 25 A5 09 01 31 06 81 45 FF EB BA 92 3D 37 0B (19)
                              [N9:P] TPOS 'E' 255 235 186 146 (-1328494)
2026-04-21 12:42:24:775 [OUT] 25 A5 01 09 31 05 81 FF EB CB FD 73 9B (13)
                              [N9:P] TPOS 255 235 203 253 (-1324035)
2026-04-21 12:42:24:964 [IN ] C8 24 09 0E 25 A5 09 01 31 06 81 53 FF EB BA 92 4B 7D 0B (19)
                              [N9:P] TPOS 'S' 255 235 186 146 (-1328494)
2026-04-21 12:42:25:165 [IN ] C8 24 09 0E 25 A5 09 01 31 06 81 45 FF EB CD EA A8 B5 0B (19)
                              [N9:P] TPOS 'E' 255 235 205 234 (-1323542)
2026-04-21 12:42:25:387 [OUT] 25 A5 01 09 31 05 81 FF EB DF 19 A3 DF (13)
                              [N9:P] TPOS 255 235 223 25 (-1319143)
2026-04-21 12:42:25:596 [IN ] C8 24 09 0E 25 A5 09 01 31 06 81 53 FF EB CD EA B6 FB 0B (19)
                              [N9:P] TPOS 'S' 255 235 205 234 (-1323542)
2026-04-21 12:42:25:797 [IN ] C8 24 09 0E 25 A5 09 01 31 06 81 45 FF EB E1 3E 10 31 0B (19)
                              [N9:P] TPOS 'E' 255 235 225 62 (-1318594)
2026-04-21 12:42:26:020 [OUT] 25 A5 01 09 31 05 81 FF EB F2 36 D3 22 (13)
                              [N9:P] TPOS 255 235 242 54 (-1314250)
2026-04-21 12:42:26:207 [IN ] C8 24 09 0E 25 A5 09 01 31 06 81 53 FF EB E1 3E 1E 77 0B (19)
                              [N9:P] TPOS 'S' 255 235 225 62 (-1318594)
2026-04-21 12:42:26:409 [IN ] C8 24 09 0E 25 A5 09 01 31 06 81 45 FF EB F4 6B 50 84 0B (19)
                              [N9:P] TPOS 'E' 255 235 244 107 (-1313685)
2026-04-21 12:42:26:631 [OUT] 25 A5 01 09 31 05 81 FF EC 05 52 03 67 (13)
                              [N9:P] TPOS 255 236 5 82 (-1309358)
2026-04-21 12:42:26:820 [IN ] C8 24 09 0E 25 A5 09 01 31 06 81 53 FF EB F4 6B 5E CA 0B (19)
                              [N9:P] TPOS 'S' 255 235 244 107 (-1313685)
2026-04-21 12:42:27:021 [IN ] C8 24 09 0E 25 A5 09 01 31 06 81 45 FF EC 07 B1 AA F3 0B (19)
                              [N9:P] TPOS 'E' 255 236 7 177 (-1308751)
2026-04-21 12:42:27:243 [OUT] 25 A5 01 09 31 05 81 FF EC 18 6F 33 AA (13)
                              [N9:P] TPOS 255 236 24 111 (-1304465)
2026-04-21 12:42:27:432 [IN ] C8 24 09 0E 25 A5 09 01 31 06 81 53 FF EC 07 B1 B8 39 0B (19)
                              [N9:P] TPOS 'S' 255 236 7 177 (-1308751)
2026-04-21 12:42:27:636 [IN ] C8 24 09 0E 25 A5 09 01 31 06 81 45 FF EC 1A FC 08 64 0B (19)
                              [N9:P] TPOS 'E' 255 236 26 252 (-1303812)
2026-04-21 12:42:27:859 [OUT] 25 A5 01 09 31 05 81 FF EC 2B 8B 62 EC (13)
                              [N9:P] TPOS 255 236 43 139 (-1299573)
2026-04-21 12:42:28:047 [IN ] C8 24 09 0E 25 A5 09 01 31 06 81 53 FF EC 1A FC 16 AA 0B (19)
                              [N9:P] TPOS 'S' 255 236 26 252 (-1303812)
2026-04-21 12:42:28:249 [IN ] C8 24 09 0E 25 A5 09 01 31 06 81 45 FF EC 2E 31 51 C1 0B (19)
                              [N9:P] TPOS 'E' 255 236 46 49 (-1298895)
2026-04-21 12:42:28:471 [OUT] 25 A5 01 09 31 05 81 FF EC 3E A8 92 2F (13)
                              [N9:P] TPOS 255 236 62 168 (-1294680)
2026-04-21 12:42:28:660 [IN ] C8 24 09 0E 25 A5 09 01 31 06 81 53 FF EC 2E 31 5F 07 0B (19)
                              [N9:P] TPOS 'S' 255 236 46 49 (-1298895)
2026-04-21 12:42:28:861 [IN ] C8 24 09 0E 25 A5 09 01 31 06 81 45 FF EC 41 50 83 06 0B (19)
                              [N9:P] TPOS 'E' 255 236 65 80 (-1294000)
2026-04-21 12:42:29:084 [OUT] 25 A5 01 09 31 05 81 FF EC 51 C4 C1 71 (13)
                              [N9:P] TPOS 255 236 81 196 (-1289788)
2026-04-21 12:42:29:273 [IN ] C8 24 09 0E 25 A5 09 01 31 06 81 53 FF EC 41 50 91 4C 0B (19)
                              [N9:P] TPOS 'S' 255 236 65 80 (-1294000)
2026-04-21 12:42:29:474 [IN ] C8 24 09 0E 25 A5 09 01 31 06 81 45 FF EC 54 60 A6 3C 0B (19)
                              [N9:P] TPOS 'E' 255 236 84 96 (-1289120)
2026-04-21 12:42:29:696 [OUT] 25 A5 01 09 31 05 81 FF EC 64 E1 F1 B4 (13)
                              [N9:P] TPOS 255 236 100 225 (-1284895)
2026-04-21 12:42:29:885 [IN ] C8 24 09 0E 25 A5 09 01 31 06 81 53 FF EC 54 5F B3 81 0B (19)
                              [N9:P] TPOS 'S' 255 236 84 95 (-1289121)
2026-04-21 12:42:30:088 [IN ] C8 24 09 0E 25 A5 09 01 31 06 81 45 FF EC 67 5B B4 5D 0B (19)
                              [N9:P] TPOS 'E' 255 236 103 91 (-1284261)
2026-04-21 12:42:30:309 [OUT] 25 A5 01 09 31 05 81 FF EC 77 FD 20 F6 (13)
                              [N9:P] TPOS 255 236 119 253 (-1280003)
2026-04-21 12:42:30:498 [IN ] C8 24 09 0E (4)
2026-04-21 12:42:30:519 [IN ] 25 A5 09 01 31 06 81 53 FF EC 67 5B C2 A3 0B (15)
                              [N9:P] TPOS 'S' 255 236 103 91 (-1284261)
2026-04-21 12:42:30:720 [IN ] C8 24 09 0E 25 A5 09 01 31 06 81 45 FF EC 7A 6A D6 92 0B (19)
                              [N9:P] TPOS 'E' 255 236 122 106 (-1279382)
2026-04-21 12:42:30:942 [OUT] 25 A5 01 09 31 05 81 FF EC 8B 19 50 3A (13)
                              [N9:P] TPOS 255 236 139 25 (-1275111)
2026-04-21 12:42:31:131 [IN ] C8 24 09 0E 25 A5 09 01 31 06 81 53 FF EC 7A 6A E4 D8 0B (19)
                              [N9:P] TPOS 'S' 255 236 122 106 (-1279382)
2026-04-21 12:42:31:333 [IN ] C8 24 09 0E 25 A5 09 01 31 06 81 45 FF EC 8D 6B EA B9 0B (19)
                              [N9:P] TPOS 'E' 255 236 141 107 (-1274517)
2026-04-21 12:42:31:556 [OUT] 25 A5 01 09 31 05 81 FF EC 9E 36 80 7D (13)
                              [N9:P] TPOS 255 236 158 54 (-1270218)
2026-04-21 12:42:31:764 [IN ] C8 24 09 0E 25 A5 09 01 31 06 81 53 FF EC 8D 6A F7 FE 0B (19)
                              [N9:P] TPOS 'S' 255 236 141 106 (-1274518)
2026-04-21 12:42:31:965 [IN ] C8 24 09 0E 25 A5 09 01 31 06 81 45 FF EC A0 4F E1 C3 0B (19)
                              [N9:P] TPOS 'E' 255 236 160 79 (-1269681)
2026-04-21 12:42:32:187 [OUT] 25 A5 01 09 31 05 81 FF EC B1 52 AF BF (13)
                              [N9:P] TPOS 255 236 177 82 (-1265326)
2026-04-21 12:42:32:374 [IN ] C8 24 09 0E 25 A5 09 01 31 06 81 53 FF EC A0 4F EF 09 0B (19)
                              [N9:P] TPOS 'S' 255 236 160 79 (-1269681)
2026-04-21 12:42:32:575 [IN ] C8 24 09 0E 25 A5 09 01 31 06 81 45 FF EC B3 2C D1 C6 0B (19)
                              [N9:P] TPOS 'E' 255 236 179 44 (-1264852)
2026-04-21 12:42:32:799 [OUT] 25 A5 01 09 31 05 81 FF EC C4 6F DF 02 (13)
                              [N9:P] TPOS 255 236 196 111 (-1260433)
2026-04-21 12:42:33:009 [IN ] C8 24 09 0E 25 A5 09 01 31 06 81 53 FF EC B3 2B DE 0B 0B (19)
                              [N9:P] TPOS 'S' 255 236 179 43 (-1264853)
2026-04-21 12:42:33:212 [IN ] C8 24 09 0E 25 A5 09 01 31 06 81 45 FF EC C6 18 D0 D8 0B (19)
                              [N9:P] TPOS 'E' 255 236 198 24 (-1260008)
2026-04-21 12:42:33:434 [OUT] 25 A5 01 09 31 05 81 FF EC D7 8B 0E 44 (13)
                              [N9:P] TPOS 255 236 215 139 (-1255541)
2026-04-21 12:42:33:623 [IN ] C8 24 09 0E 25 A5 09 01 31 06 81 53 FF EC C6 17 DD 1D 0B (19)
                              [N9:P] TPOS 'S' 255 236 198 23 (-1260009)
2026-04-21 12:42:33:824 [IN ] C8 24 09 0E 25 A5 09 01 31 06 81 45 FF EC D9 0D D8 F3 0B (19)
                              [N9:P] TPOS 'E' 255 236 217 13 (-1255155)
2026-04-21 12:42:34:046 [OUT] 25 A5 01 09 31 05 81 FF EC EA A8 3E 87 (13)
                              [N9:P] TPOS 255 236 234 168 (-1250648)
2026-04-21 12:42:34:255 [IN ] C8 24 09 0E 25 A5 09 01 31 06 81 53 FF EC D9 0C E5 38 0B (19)
                              [N9:P] TPOS 'S' 255 236 217 12 (-1255156)
2026-04-21 12:42:34:456 [IN ] C8 24 09 0E 25 A5 09 01 31 06 81 45 FF EC EC 22 00 2E 0B (19)
                              [N9:P] TPOS 'E' 255 236 236 34 (-1250270)
2026-04-21 12:42:34:679 [OUT] 25 A5 01 09 31 05 81 FF EC FD C4 6D C9 (13)
                              [N9:P] TPOS 255 236 253 196 (-1245756)
2026-04-21 12:42:34:869 [IN ] C8 24 09 0E 25 A5 09 01 31 06 81 53 FF EC EC 20 0C 72 0B (19)
                              [N9:P] TPOS 'S' 255 236 236 32 (-1250272)
2026-04-21 12:42:35:071 [IN ] C8 24 09 0E 25 A5 09 01 31 06 81 45 FF EC FF 2B 1C 5D 0B (19)
                              [N9:P] TPOS 'E' 255 236 255 43 (-1245397)
2026-04-21 12:42:35:294 [OUT] 25 A5 01 09 31 05 81 FF ED 10 E1 9E 0F (13)
                              [N9:P] TPOS 255 237 16 225 (-1240863)
2026-04-21 12:42:35:501 [IN ] C8 24 09 0E 25 A5 09 01 31 06 81 53 FF EC FF 2A 29 A2 0B (19)
                              [N9:P] TPOS 'S' 255 236 255 42 (-1245398)
2026-04-21 12:42:35:702 [IN ] C8 24 09 0E 25 A5 09 01 31 06 81 45 FF ED 12 68 6D C3 0B (19)
                              [N9:P] TPOS 'E' 255 237 18 104 (-1240472)
2026-04-21 12:42:35:925 [OUT] 25 A5 01 09 31 05 81 FF ED 23 FD CD 51 (13)
                              [N9:P] TPOS 255 237 35 253 (-1235971)
2026-04-21 12:42:36:113 [IN ] C8 24 09 0E 25 A5 09 01 31 06 81 53 FF ED 12 67 7A 08 0B (19)
                              [N9:P] TPOS 'S' 255 237 18 103 (-1240473)
2026-04-21 12:42:36:314 [IN ] C8 24 09 0E 25 A5 09 01 31 06 81 45 FF ED 25 BD D5 3E 0B (19)
                              [N9:P] TPOS 'E' 255 237 37 189 (-1235523)
2026-04-21 12:42:36:535 [OUT] 25 A5 01 09 31 05 81 FF ED 37 19 FD 95 (13)
                              [N9:P] TPOS 255 237 55 25 (-1231079)
2026-04-21 12:42:36:723 [IN ] C8 24 09 0E 25 A5 09 01 31 06 81 53 FF ED 25 BC E2 83 0B (19)
                              [N9:P] TPOS 'S' 255 237 37 188 (-1235524)
2026-04-21 12:42:36:925 [IN ] C8 24 09 0E 25 A5 09 01 31 06 81 45 FF ED 38 EC 17 93 0B (19)
                              [N9:P] TPOS 'E' 255 237 56 236 (-1230612)
2026-04-21 12:42:37:148 [OUT] 25 A5 01 09 31 05 81 FF ED 4A 36 2D D8 (13)
                              [N9:P] TPOS 255 237 74 54 (-1226186)
2026-04-21 12:42:37:357 [IN ] C8 24 09 0E 25 A5 09 01 31 06 81 53 FF ED 38 EC 25 D9 0B (19)
                              [N9:P] TPOS 'S' 255 237 56 236 (-1230612)
2026-04-21 12:42:37:558 [IN ] C8 24 09 0E 25 A5 09 01 31 06 81 45 FF ED 4C 44 83 13 0B (19)
                              [N9:P] TPOS 'E' 255 237 76 68 (-1225660)
2026-04-21 12:42:37:781 [OUT] 25 A5 01 09 31 05 81 FF ED 5D 52 5C 1A (13)
                              [N9:P] TPOS 255 237 93 82 (-1221294)
2026-04-21 12:42:37:969 [IN ] C8 24 09 0E 25 A5 09 01 31 06 81 53 FF ED 4C 43 90 58 0B (19)
                              [N9:P] TPOS 'S' 255 237 76 67 (-1225661)
2026-04-21 12:42:38:170 [IN ] C8 24 09 0E 25 A5 09 01 31 06 81 45 FF ED 5F 83 D5 78 0B (19)
                              [N9:P] TPOS 'E' 255 237 95 131 (-1220733)
2026-04-21 12:42:38:392 [OUT] 25 A5 01 09 31 05 81 FF ED 70 6F 8C 5D (13)
                              [N9:P] TPOS 255 237 112 111 (-1216401)
2026-04-21 12:42:38:581 [IN ] C8 24 09 0E 25 A5 09 01 31 06 81 53 FF ED 5F 83 E3 BE 0B (19)
                              [N9:P] TPOS 'S' 255 237 95 131 (-1220733)
2026-04-21 12:42:38:782 [IN ] C8 24 09 0E 25 A5 09 01 31 06 81 45 FF ED 72 CC 31 E7 0B (19)
                              [N9:P] TPOS 'E' 255 237 114 204 (-1215796)
2026-04-21 12:42:39:005 [OUT] 25 A5 01 09 31 05 81 FF ED 83 8B BB 9F (13)
                              [N9:P] TPOS 255 237 131 139 (-1211509)
2026-04-21 12:42:39:194 [IN ] C8 24 09 0E 25 A5 09 01 31 06 81 53 FF ED 72 CC 3F 2D 0B (19)
                              [N9:P] TPOS 'S' 255 237 114 204 (-1215796)
2026-04-21 12:42:39:395 [IN ] C8 24 09 0E 25 A5 09 01 31 06 81 45 FF ED 86 0E 87 51 0B (19)
                              [N9:P] TPOS 'E' 255 237 134 14 (-1210866)
2026-04-21 12:42:39:618 [OUT] 25 A5 01 09 31 05 81 FF ED 96 A8 EB E2 (13)
                              [N9:P] TPOS 255 237 150 168 (-1206616)
2026-04-21 12:42:39:806 [IN ] C8 24 09 0E 25 A5 09 01 31 06 81 53 FF ED 86 0E 95 97 0B (19)
                              [N9:P] TPOS 'S' 255 237 134 14 (-1210866)
2026-04-21 12:42:40:009 [IN ] C8 24 09 0E 25 A5 09 01 31 06 81 45 FF ED 99 1C A8 85 0B (19)
                              [N9:P] TPOS 'E' 255 237 153 28 (-1205988)
2026-04-21 12:42:40:231 [OUT] 25 A5 01 09 31 05 81 FF ED A9 C4 1A 24 (13)
                              [N9:P] TPOS 255 237 169 196 (-1201724)
2026-04-21 12:42:40:420 [IN ] C8 24 09 0E 25 A5 09 01 31 06 81 53 FF ED (14)
2026-04-21 12:42:40:442 [IN ] 99 1C B6 CB 0B (5)
                              [N9:P] TPOS 'S' 255 237 153 28 (-1205988)
2026-04-21 12:42:40:643 [IN ] C8 24 09 0E 25 A5 09 01 31 06 81 45 FF ED AC 44 E3 D3 0B (19)
                              [N9:P] TPOS 'E' 255 237 172 68 (-1201084)
2026-04-21 12:42:40:865 [OUT] 25 A5 01 09 31 05 81 FF ED BC E1 4A 67 (13)
                              [N9:P] TPOS 255 237 188 225 (-1196831)
2026-04-21 12:42:41:054 [IN ] C8 24 09 0E 25 A5 09 01 31 06 81 53 FF ED AC 44 F1 19 0B (19)
                              [N9:P] TPOS 'S' 255 237 172 68 (-1201084)
2026-04-21 12:42:41:255 [IN ] C8 24 09 0E 25 A5 09 01 31 06 81 45 FF ED BF 53 05 08 0B (19)
                              [N9:P] TPOS 'E' 255 237 191 83 (-1196205)
2026-04-21 12:42:41:478 [OUT] 25 A5 01 09 31 05 81 FF ED CF FD 79 A9 (13)
                              [N9:P] TPOS 255 237 207 253 (-1191939)
2026-04-21 12:42:41:666 [IN ] C8 24 09 0E 25 A5 09 01 31 06 81 (11)
2026-04-21 12:42:41:688 [IN ] 53 FF ED BF 53 13 4E 0B (8)
                              [N9:P] TPOS 'S' 255 237 191 83 (-1196205)
2026-04-21 12:42:41:890 [IN ] C8 24 09 0E 25 A5 09 01 31 06 81 45 FF ED D2 63 28 3E 0B (19)
                              [N9:P] TPOS 'E' 255 237 210 99 (-1191325)
2026-04-21 12:42:42:112 [OUT] 25 A5 01 09 31 05 81 FF ED E3 19 A9 ED (13)
                              [N9:P] TPOS 255 237 227 25 (-1187047)
2026-04-21 12:42:42:301 [IN ] C8 24 09 0E 25 A5 09 01 31 06 81 53 FF ED D2 63 36 84 0B (19)
                              [N9:P] TPOS 'S' 255 237 210 99 (-1191325)
2026-04-21 12:42:42:502 [IN ] C8 24 09 0E 25 A5 09 01 31 06 81 45 FF ED E5 74 4C 75 0B (19)
                              [N9:P] TPOS 'E' 255 237 229 116 (-1186444)
2026-04-21 12:42:42:725 [OUT] 25 A5 01 09 31 05 81 FF ED F6 36 D9 30 (13)
                              [N9:P] TPOS 255 237 246 54 (-1182154)
2026-04-21 12:42:42:913 [IN ] C8 24 09 0E 25 A5 09 01 31 (9)
2026-04-21 12:42:42:935 [IN ] 06 81 53 FF ED E5 74 5A BB 0B (10)
                              [N9:P] TPOS 'S' 255 237 229 116 (-1186444)
2026-04-21 12:42:43:136 [IN ] C8 24 09 0E 25 A5 09 01 31 06 81 45 FF ED F8 73 5E 9A 0B (19)
                              [N9:P] TPOS 'E' 255 237 248 115 (-1181581)
2026-04-21 12:42:43:359 [OUT] 25 A5 01 09 31 05 81 FF EE 09 52 09 75 (13)
                              [N9:P] TPOS 255 238 9 82 (-1177262)
2026-04-21 12:42:43:546 [IN ] C8 24 09 0E 25 A5 09 01 31 06 81 53 FF ED F8 73 6C E0 0B (19)
                              [N9:P] TPOS 'S' 255 237 248 115 (-1181581)
2026-04-21 12:42:43:747 [IN ] C8 24 09 0E 25 A5 09 01 31 06 81 45 FF EE 0B 76 75 C6 0B (19)
                              [N9:P] TPOS 'E' 255 238 11 118 (-1176714)
2026-04-21 12:42:43:969 [OUT] 25 A5 01 09 31 05 81 FF EE 1C 6F 39 B8 (13)
                              [N9:P] TPOS 255 238 28 111 (-1172369)
2026-04-21 12:42:44:158 [IN ] C8 24 09 0E 25 A5 (6)
2026-04-21 12:42:44:180 [IN ] 09 01 31 06 81 53 FF EE 0B 76 83 0C 0B (13)
                              [N9:P] TPOS 'S' 255 238 11 118 (-1176714)
2026-04-21 12:42:44:382 [IN ] C8 24 09 0E 25 A5 09 01 31 06 81 45 FF EE 1E 77 89 ED 0B (19)
                              [N9:P] TPOS 'E' 255 238 30 119 (-1171849)
2026-04-21 12:42:44:604 [OUT] 25 A5 01 09 31 05 81 FF EE 2F 8B 68 FA (13)
                              [N9:P] TPOS 255 238 47 139 (-1167477)
2026-04-21 12:42:44:792 [IN ] C8 24 09 0E 25 A5 09 01 31 06 81 53 FF EE 1E 77 97 33 0B (19)
                              [N9:P] TPOS 'S' 255 238 30 119 (-1171849)
2026-04-21 12:42:44:994 [IN ] C8 24 09 0E 25 A5 09 01 31 06 81 45 FF EE 31 65 8A 01 0B (19)
                              [N9:P] TPOS 'E' 255 238 49 101 (-1167003)
2026-04-21 12:42:45:217 [OUT] 25 A5 01 09 31 05 81 FF EE 42 A8 98 3D (13)
                              [N9:P] TPOS 255 238 66 168 (-1162584)
2026-04-21 12:42:45:407 [IN ] C8 24 09 0E 25 A5 09 01 31 06 81 53 FF EE 31 64 97 46 0B (19)
                              [N9:P] TPOS 'S' 255 238 49 100 (-1167004)
2026-04-21 12:42:45:609 [IN ] C8 24 09 0E 25 A5 09 01 31 06 81 45 FF EE 44 63 9B 25 0B (19)
                              [N9:P] TPOS 'E' 255 238 68 99 (-1162141)
2026-04-21 12:42:45:832 [OUT] 25 A5 01 09 31 05 81 FF EE 55 C4 C7 7F (13)
                              [N9:P] TPOS 255 238 85 196 (-1157692)
2026-04-21 12:42:46:019 [IN ] C8 24 09 0E 25 A5 09 01 31 06 81 53 FF EE 44 62 A8 6A 0B (19)
                              [N9:P] TPOS 'S' 255 238 68 98 (-1162142)
2026-04-21 12:42:46:221 [IN ] C8 24 09 0E 25 A5 09 01 31 06 81 45 FF EE 57 75 C0 5D 0B (19)
                              [N9:P] TPOS 'E' 255 238 87 117 (-1157259)
2026-04-21 12:42:46:443 [OUT] 25 A5 01 09 31 05 81 FF EE 68 E1 F7 C2 (13)
                              [N9:P] TPOS 255 238 104 225 (-1152799)
2026-04-21 12:42:46:631 [IN ] C8 24 09 0E 25 A5 09 01 31 06 81 53 FF EE 57 (15)
2026-04-21 12:42:46:653 [IN ] 75 CE A3 0B (4)
                              [N9:P] TPOS 'S' 255 238 87 117 (-1157259)
2026-04-21 12:42:46:855 [IN ] C8 24 09 0E 25 A5 09 01 31 06 81 45 FF EE 6A BC 1A CA 0B (19)
                              [N9:P] TPOS 'E' 255 238 106 188 (-1152324)
2026-04-21 12:42:47:077 [OUT] 25 A5 01 09 31 05 81 FF EE 7B FD 26 04 (13)
                              [N9:P] TPOS 255 238 123 253 (-1147907)
2026-04-21 12:42:47:267 [IN ] C8 24 09 0E 25 A5 09 01 31 06 81 53 FF EE 6A BB 27 0F 0B (19)
                              [N9:P] TPOS 'S' 255 238 106 187 (-1152325)
2026-04-21 12:42:47:468 [IN ] C8 24 09 0E 25 A5 09 01 31 06 81 45 FF EE 7D E3 54 17 0B (19)
                              [N9:P] TPOS 'E' 255 238 125 227 (-1147421)
2026-04-21 12:42:47:691 [OUT] 25 A5 01 09 31 05 81 FF EE 8F 19 56 48 (13)
                              [N9:P] TPOS 255 238 143 25 (-1143015)
2026-04-21 12:42:47:879 [IN ] C8 24 09 0E 25 A5 09 01 31 06 81 53 (12)
2026-04-21 12:42:47:900 [IN ] FF EE 7D E3 62 5D 0B (7)
                              [N9:P] TPOS 'S' 255 238 125 227 (-1147421)
2026-04-21 12:42:48:101 [IN ] C8 24 09 0E 25 A5 09 01 31 06 81 45 FF EE 91 34 B9 90 0B (19)
                              [N9:P] TPOS 'E' 255 238 145 52 (-1142476)
2026-04-21 12:42:48:323 [OUT] 25 A5 01 09 31 05 81 FF EE A2 36 86 8B (13)
                              [N9:P] TPOS 255 238 162 54 (-1138122)
2026-04-21 12:42:48:512 [IN ] C8 24 09 0E 25 A5 09 01 31 06 81 53 FF EE 91 34 C7 D6 0B (19)
                              [N9:P] TPOS 'S' 255 238 145 52 (-1142476)
2026-04-21 12:42:48:715 [IN ] C8 24 09 0E 25 A5 09 01 31 06 81 45 FF EE A4 67 FF E9 0B (19)
                              [N9:P] TPOS 'E' 255 238 164 103 (-1137561)
2026-04-21 12:42:48:937 [OUT] 25 A5 01 09 31 05 81 FF EE B5 52 B5 CD (13)
                              [N9:P] TPOS 255 238 181 82 (-1133230)
2026-04-21 12:42:49:126 [IN ] C8 24 09 0E 25 A5 09 01 31 06 (10)
2026-04-21 12:42:49:147 [IN ] 81 53 FF EE A4 67 0D 2F 0B (9)
                              [N9:P] TPOS 'S' 255 238 164 103 (-1137561)
2026-04-21 12:42:49:348 [IN ] C8 24 09 0E 25 A5 09 01 31 06 81 45 FF EE B7 C3 6E 6B 0B (19)
                              [N9:P] TPOS 'E' 255 238 183 195 (-1132605)
2026-04-21 12:42:49:571 [OUT] 25 A5 01 09 31 05 81 FF EE C8 6F E5 10 (13)
                              [N9:P] TPOS 255 238 200 111 (-1128337)
2026-04-21 12:42:49:759 [IN ] C8 24 09 0E 25 A5 09 01 31 06 81 53 FF EE B7 C3 7C B1 0B (19)
                              [N9:P] TPOS 'S' 255 238 183 195 (-1132605)
2026-04-21 12:42:49:960 [IN ] C8 24 09 0E 25 A5 09 01 31 06 81 45 FF EE CB 18 D7 E8 0B (19)
                              [N9:P] TPOS 'E' 255 238 203 24 (-1127656)
2026-04-21 12:42:50:183 [OUT] 25 A5 01 09 31 05 81 FF EE DB 8B 14 52 (13)
                              [N9:P] TPOS 255 238 219 139 (-1123445)
2026-04-21 12:42:50:352 [IN ] C8 24 09 0E 25 A5 09 01 31 06 81 53 FF EE CB 18 E5 2E 0B (19)
                              [N9:P] TPOS 'S' 255 238 203 24 (-1127656)
2026-04-21 12:42:50:554 [IN ] C8 24 09 0E 25 A5 09 01 31 06 81 45 FF EE DE 33 05 29 0B (19)
                              [N9:P] TPOS 'E' 255 238 222 51 (-1122765)
2026-04-21 12:42:50:775 [OUT] 25 A5 01 09 31 05 81 FF EE EE A8 44 95 (13)
                              [N9:P] TPOS 255 238 238 168 (-1118552)
2026-04-21 12:42:50:965 [IN ] C8 24 09 0E 25 A5 09 01 31 06 81 53 FF EE DE 33 13 6F 0B (19)
                              [N9:P] TPOS 'S' 255 238 222 51 (-1122765)
2026-04-21 12:42:51:166 [IN ] C8 24 09 0E 25 A5 09 01 31 06 81 45 FF EE F1 43 28 5F 0B (19)
                              [N9:P] TPOS 'E' 255 238 241 67 (-1117885)
2026-04-21 12:42:51:389 [OUT] 25 A5 01 09 31 05 81 FF EF 01 C4 74 DA (13)
                              [N9:P] TPOS 255 239 1 196 (-1113660)
2026-04-21 12:42:51:577 [IN ] C8 24 09 0E 25 A5 09 01 31 06 81 53 FF EE F1 43 36 A5 0B (19)
                              [N9:P] TPOS 'S' 255 238 241 67 (-1117885)
2026-04-21 12:42:51:779 [IN ] C8 24 09 0E 25 A5 09 01 31 06 81 45 FF EF 04 67 60 AC 0B (19)
                              [N9:P] TPOS 'E' 255 239 4 103 (-1112985)
2026-04-21 12:42:52:002 [OUT] 25 A5 01 09 31 05 81 FF EF 14 E1 A4 1D (13)
                              [N9:P] TPOS 255 239 20 225 (-1108767)
2026-04-21 12:42:52:191 [IN ] C8 24 09 0E 25 A5 09 01 31 06 81 53 FF EF 04 67 6E F2 0B (19)
                              [N9:P] TPOS 'S' 255 239 4 103 (-1112985)
2026-04-21 12:42:52:393 [IN ] C8 24 09 0E 25 A5 09 01 31 06 81 45 FF EF 17 8B 97 F6 0B (19)
                              [N9:P] TPOS 'E' 255 239 23 139 (-1108085)
2026-04-21 12:42:52:614 [OUT] 25 A5 01 09 31 05 81 FF EF 27 FD D3 5F (13)
                              [N9:P] TPOS 255 239 39 253 (-1103875)
2026-04-21 12:42:52:803 [IN ] C8 24 09 0E 25 A5 09 01 31 06 81 53 FF EF 17 8B A5 3C 0B (19)
                              [N9:P] TPOS 'S' 255 239 23 139 (-1108085)
2026-04-21 12:42:53:005 [IN ] C8 24 09 0E 25 A5 09 01 31 06 81 45 FF EF 2A 91 B0 22 0B (19)
                              [N9:P] TPOS 'E' 255 239 42 145 (-1103215)
2026-04-21 12:42:53:227 [OUT] 25 A5 01 09 31 05 81 FF EF 3B 19 03 A3 (13)
                              [N9:P] TPOS 255 239 59 25 (-1098983)
2026-04-21 12:42:53:415 [IN ] C8 24 09 0E 25 A5 09 01 31 06 81 53 FF EF 2A 91 BE 68 0B (19)
                              [N9:P] TPOS 'S' 255 239 42 145 (-1103215)
2026-04-21 12:42:53:617 [IN ] C8 24 09 0E 25 A5 09 01 31 06 81 45 FF EF 3D A2 D4 59 0B (19)
                              [N9:P] TPOS 'E' 255 239 61 162 (-1098334)
2026-04-21 12:42:53:840 [OUT] 25 A5 01 09 31 05 81 FF EF 4E 36 33 E6 (13)
                              [N9:P] TPOS 255 239 78 54 (-1094090)
2026-04-21 12:42:54:028 [IN ] C8 24 09 0E 25 A5 09 01 31 06 81 53 FF EF 3D A1 E1 9E 0B (19)
                              [N9:P] TPOS 'S' 255 239 61 161 (-1098335)
2026-04-21 12:42:54:229 [IN ] C8 24 09 0E 25 A5 09 01 31 06 81 45 FF EF 50 97 DC 74 0B (19)
                              [N9:P] TPOS 'E' 255 239 80 151 (-1093481)
2026-04-21 12:42:54:451 [OUT] 25 A5 01 09 31 05 81 FF EF 61 52 62 28 (13)
                              [N9:P] TPOS 255 239 97 82 (-1089198)
2026-04-21 12:42:54:638 [IN ] C8 24 09 0E 25 A5 09 01 31 06 81 53 FF EF 50 96 E9 B9 0B (19)
                              [N9:P] TPOS 'S' 255 239 80 150 (-1093482)
2026-04-21 12:42:54:841 [IN ] C8 24 09 0E 25 A5 09 01 31 06 81 45 FF EF 63 A1 F9 A4 0B (19)
                              [N9:P] TPOS 'E' 255 239 99 161 (-1088607)
2026-04-21 12:42:55:063 [OUT] 25 A5 01 09 31 05 81 FF EF 74 6F 92 6B (13)
                              [N9:P] TPOS 255 239 116 111 (-1084305)
2026-04-21 12:42:55:252 [IN ] C8 24 09 0E 25 A5 09 01 31 06 81 53 FF EF 63 A1 07 EA 0B (19)
                              [N9:P] TPOS 'S' 255 239 99 161 (-1088607)
2026-04-21 12:42:55:453 [IN ] C8 24 09 0E 25 A5 09 01 31 06 81 45 FF EF 76 95 00 BE 0B (19)
                              [N9:P] TPOS 'E' 255 239 118 149 (-1083755)
2026-04-21 12:42:55:675 [OUT] 25 A5 01 09 31 05 81 FF EF 87 8B C1 AD (13)
                              [N9:P] TPOS 255 239 135 139 (-1079413)
2026-04-21 12:42:55:862 [IN ] C8 24 09 0E 25 A5 09 01 31 06 81 53 FF EF 76 94 0D 03 0B (19)
                              [N9:P] TPOS 'S' 255 239 118 148 (-1083756)
2026-04-21 12:42:56:065 [IN ] C8 24 09 0E 25 A5 09 01 31 06 81 45 FF EF 89 67 E5 B6 0B (19)
                              [N9:P] TPOS 'E' 255 239 137 103 (-1078937)
2026-04-21 12:42:56:287 [OUT] 25 A5 01 09 31 05 81 FF EF 9A A8 F1 F0 (13)
                              [N9:P] TPOS 255 239 154 168 (-1074520)
2026-04-21 12:42:56:475 [IN ] C8 24 09 0E 25 A5 09 01 31 06 81 53 FF EF 89 66 F2 FB 0B (19)
                              [N9:P] TPOS 'S' 255 239 137 102 (-1078938)
2026-04-21 12:42:56:677 [IN ] C8 24 09 0E 25 A5 09 01 31 06 81 45 FF EF 9C 71 02 E6 0B (19)
                              [N9:P] TPOS 'E' 255 239 156 113 (-1074063)
2026-04-21 12:42:56:900 [OUT] 25 A5 01 09 31 05 81 FF EF AD C4 20 32 (13)
                              [N9:P] TPOS 255 239 173 196 (-1069628)
2026-04-21 12:42:57:089 [IN ] C8 24 09 0E 25 A5 09 01 31 06 81 53 FF EF 9C 70 0F 2B 0B (19)
                              [N9:P] TPOS 'S' 255 239 156 112 (-1074064)
2026-04-21 12:42:57:292 [IN ] C8 24 09 0E 25 A5 09 01 31 06 81 45 FF EF AF 72 16 0D 0B (19)
                              [N9:P] TPOS 'E' 255 239 175 114 (-1069198)
2026-04-21 12:42:57:515 [OUT] 25 A5 01 09 31 05 81 FF EF C0 E1 50 75 (13)
                              [N9:P] TPOS 255 239 192 225 (-1064735)
2026-04-21 12:42:57:704 [IN ] C8 24 09 0E 25 A5 09 01 31 06 81 53 FF EF AF 72 24 53 0B (19)
                              [N9:P] TPOS 'S' 255 239 175 114 (-1069198)
2026-04-21 12:42:57:905 [IN ] C8 24 09 0E 25 A5 09 01 31 06 81 45 FF EF C2 9E 55 5F 0B (19)
                              [N9:P] TPOS 'E' 255 239 194 158 (-1064290)
2026-04-21 12:42:58:127 [OUT] 25 A5 01 09 31 05 81 FF EF D3 FD 7F B7 (13)
                              [N9:P] TPOS 255 239 211 253 (-1059843)
2026-04-21 12:42:58:315 [IN ] C8 24 09 0E 25 A5 09 01 31 06 81 53 (12)
2026-04-21 12:42:58:336 [IN ] FF EF C2 9D 62 A4 0B (7)
                              [N9:P] TPOS 'S' 255 239 194 157 (-1064291)
2026-04-21 12:42:58:537 [IN ] C8 24 09 0E 25 A5 09 01 31 06 81 45 FF EF D5 D2 9C B9 0B (19)
                              [N9:P] TPOS 'E' 255 239 213 210 (-1059374)
2026-04-21 12:42:58:760 [OUT] 25 A5 01 09 31 05 81 FF EF E7 19 AF FB (13)
                              [N9:P] TPOS 255 239 231 25 (-1054951)
2026-04-21 12:42:58:948 [IN ] C8 24 09 0E 25 A5 09 01 31 06 81 53 FF EF D5 D2 AA FF 0B (19)
                              [N9:P] TPOS 'S' 255 239 213 210 (-1059374)
2026-04-21 12:42:59:149 [IN ] C8 24 09 0E 25 A5 09 01 31 06 81 45 FF EF E9 0D EB 1C 0B (19)
                              [N9:P] TPOS 'E' 255 239 233 13 (-1054451)
2026-04-21 12:42:59:371 [OUT] 25 A5 01 09 31 05 81 FF EF FA 36 DF 3E (13)
                              [N9:P] TPOS 255 239 250 54 (-1050058)
2026-04-21 12:42:59:560 [IN ] C8 24 09 0E 25 A5 09 01 31 (9)
2026-04-21 12:42:59:582 [IN ] 06 81 53 FF EF E9 0D F9 62 0B (10)
                              [N9:P] TPOS 'S' 255 239 233 13 (-1054451)
2026-04-21 12:42:59:782 [IN ] C8 24 09 0E 25 A5 09 01 31 06 81 45 FF EF FC 3C 2D 71 0B (19)
                              [N9:P] TPOS 'E' 255 239 252 60 (-1049540)
2026-04-21 12:43:00:005 [OUT] 25 A5 01 09 31 05 81 FF F0 0D 52 0F 83 (13)
                              [N9:P] TPOS 255 240 13 82 (-1045166)
2026-04-21 12:43:00:194 [IN ] C8 24 09 0E 25 A5 09 01 31 06 81 53 FF EF FC 3C 3B B7 0B (19)
                              [N9:P] TPOS 'S' 255 239 252 60 (-1049540)
2026-04-21 12:43:00:396 [IN ] C8 24 09 0E 25 A5 09 01 31 06 81 45 FF F0 0F 8C 91 EA 0B (19)
                              [N9:P] TPOS 'E' 255 240 15 140 (-1044596)
2026-04-21 12:43:00:619 [OUT] 25 A5 01 09 31 05 81 FF F0 20 6F 3F C6 (13)
                              [N9:P] TPOS 255 240 32 111 (-1040273)
2026-04-21 12:43:00:808 [IN ] C8 24 09 0E 25 (5)
2026-04-21 12:43:00:829 [IN ] A5 09 01 31 06 81 53 FF F0 0F 8B 9E 2F 0B (14)
                              [N9:P] TPOS 'S' 255 240 15 139 (-1044597)
2026-04-21 12:43:01:030 [IN ] C8 24 09 0E 25 A5 09 01 31 06 81 45 FF F0 22 CA E2 4E 0B (19)
                              [N9:P] TPOS 'E' 255 240 34 202 (-1039670)
2026-04-21 12:43:01:252 [OUT] 25 A5 01 09 31 05 81 FF F0 33 8B 6E 08 (13)
                              [N9:P] TPOS 255 240 51 139 (-1035381)
2026-04-21 12:43:01:441 [IN ] C8 24 09 0E 25 A5 09 01 31 06 81 53 FF F0 22 CA F0 94 0B (19)
                              [N9:P] TPOS 'S' 255 240 34 202 (-1039670)
2026-04-21 12:43:01:642 [IN ] C8 24 09 0E 25 A5 09 01 31 06 81 45 FF F0 35 EF 1A 99 0B (19)
                              [N9:P] TPOS 'E' 255 240 53 239 (-1034769)
2026-04-21 12:43:01:865 [OUT] 25 A5 01 09 31 05 81 FF F0 46 A8 9E 4B (13)
                              [N9:P] TPOS 255 240 70 168 (-1030488)
2026-04-21 12:43:02:051 [IN ] C8 (1)
2026-04-21 12:43:02:072 [IN ] 24 09 0E 25 A5 09 01 31 06 81 53 FF F0 35 EF 28 DF 0B (18)
                              [N9:P] TPOS 'S' 255 240 53 239 (-1034769)
2026-04-21 12:43:02:273 [IN ] C8 24 09 0E 25 A5 09 01 31 06 81 45 FF F0 49 18 57 EA 0B (19)
                              [N9:P] TPOS 'E' 255 240 73 24 (-1029864)
2026-04-21 12:43:02:495 [OUT] 25 A5 01 09 31 05 81 FF F0 59 C4 CD 8D (13)
                              [N9:P] TPOS 255 240 89 196 (-1025596)
2026-04-21 12:43:02:682 [IN ] C8 24 09 0E 25 A5 09 01 31 06 81 53 FF F0 49 18 65 30 0B (19)
                              [N9:P] TPOS 'S' 255 240 73 24 (-1029864)
2026-04-21 12:43:02:883 [IN ] C8 24 09 0E 25 A5 09 01 31 06 81 45 FF F0 5C 3B 8D 33 0B (19)
                              [N9:P] TPOS 'E' 255 240 92 59 (-1024965)
2026-04-21 12:43:03:106 [OUT] 25 A5 01 09 31 05 81 FF F0 6C E1 FD D0 (13)
                              [N9:P] TPOS 255 240 108 225 (-1020703)
2026-04-21 12:43:03:316 [IN ] C8 24 09 0E 25 A5 09 01 31 06 81 53 FF F0 5C 3B 9B 79 0B (19)
                              [N9:P] TPOS 'S' 255 240 92 59 (-1024965)
2026-04-21 12:43:03:517 [IN ] C8 24 09 0E 25 A5 09 01 31 06 81 45 FF F0 6F 4E B3 6C 0B (19)
                              [N9:P] TPOS 'E' 255 240 111 78 (-1020082)
