2026-04-23 12:57:13:147 [OUT] 25 A5 01 0A 31 05 D6 3D FF 00 00 53 ED (13)
                              [N10:HMI] HMILED '=' 255 0 0 (16711680)
2026-04-23 12:57:13:170 [OUT] 25 A5 01 03 31 02 D8 3F 4E CE (10)
                              [N3:X] INTERRUPT '?'
2026-04-23 12:57:13:471 [IN ] C8 24 0A 0D 25 A5 0A 01 31 05 D6 3A FF 00 00 50 EA 81 C8 24 03 0C 25 A5 03 01 31 04 D8 3A 01 01 4D 6A EA (35)
                              [N10:HMI] HMILED ':' 255 0 0 (16711680)
                              [N3:X] INTERRUPT ':' 1 1 (257)
2026-04-23 12:57:13:492 [OUT] 25 A5 01 09 31 03 C9 3D 09 4D 1C (11)
                              [N9:P] LFLAG '=' 9 (9)
2026-04-23 12:57:13:514 [OUT] 25 A5 01 04 31 02 D8 3F 4F D3 (10)
                              [N4:Y] INTERRUPT '?'
2026-04-23 12:57:13:815 [IN ] C8 24 09 0B 25 A5 09 01 31 03 C9 3A 09 4A 1E 6A C8 24 04 0C 25 A5 04 01 31 04 D8 3A 01 01 4E 72 EA (33)
                              [N9:P] LFLAG ':' 9 (9)
                              [N4:Y] INTERRUPT ':' 1 1 (257)
2026-04-23 12:57:13:837 [OUT] 25 A5 01 09 31 03 CA 3D 09 4E 1F (11)
                              [N9:P] RFLAG '=' 9 (9)
2026-04-23 12:57:13:859 [OUT] 25 A5 01 0C 31 02 D8 3F 57 FB (10)
                              [N12:Z] INTERRUPT '?'
2026-04-23 12:57:14:162 [IN ] C8 24 09 0B 25 A5 09 01 31 03 CA 3A 09 4B 21 72 C8 24 0C 0C 25 A5 0C 01 31 04 D8 3A 01 01 56 B2 EA (33)
                              [N9:P] RFLAG ':' 9 (9)
                              [N12:Z] INTERRUPT ':' 1 1 (257)
2026-04-23 12:57:14:183 [OUT] 25 A5 01 08 31 03 C9 3D 09 4C 16 (11)
                              [N8:R] LFLAG '=' 9 (9)
2026-04-23 12:57:14:204 [OUT] 25 A5 01 03 31 03 C9 3D 0B 49 FA (11)
                              [N3:X] LFLAG '=' 11 (11)
2026-04-23 12:57:14:226 [OUT] 25 A5 01 04 31 03 C9 3D 0B 4A 00 (11)
                              [N4:Y] LFLAG '=' 11 (11)
2026-04-23 12:57:14:248 [OUT] 25 A5 01 0C 31 03 C9 3D 0B 52 30 (11)
                              [N12:Z] LFLAG '=' 11 (11)
2026-04-23 12:57:14:331 [IN ] C8 24 08 0B 25 A5 08 01 31 03 C9 3A 09 49 17 B2 (16)
                              [N8:R] LFLAG ':' 9 (9)
2026-04-23 12:57:14:353 [OUT] 25 A5 01 08 31 03 CA 3D 09 4D 19 (11)
                              [N8:R] RFLAG '=' 9 (9)
2026-04-23 12:57:14:457 [IN ] C8 24 03 0B 25 A5 03 01 31 03 C9 3A 0B 46 F6 B2 (16)
                              [N3:X] LFLAG ':' 11 (11)
2026-04-23 12:57:14:479 [OUT] 25 A5 01 03 31 03 88 00 50 10 02 (11)
                              [N3:X] RUN 0 80 (80)
2026-04-23 12:57:14:582 [IN ] C8 24 04 0B 25 A5 04 01 31 03 C9 3A 0B 47 FD B2 (16)
                              [N4:Y] LFLAG ':' 11 (11)
2026-04-23 12:57:14:603 [OUT] 25 A5 01 04 31 03 88 00 50 11 08 (11)
                              [N4:Y] RUN 0 80 (80)
2026-04-23 12:57:14:685 [IN ] C8 24 0C 0B 25 A5 0C 01 31 03 C9 3A 0B 4F 35 B2 (16)
                              [N12:Z] LFLAG ':' 11 (11)
2026-04-23 12:57:14:707 [OUT] 25 A5 01 0C 31 03 88 00 50 19 38 (11)
                              [N12:Z] RUN 0 80 (80)
2026-04-23 12:57:14:789 [IN ] C8 24 08 0B 25 A5 08 01 31 03 CA 3A 09 4A 1A B2 (16)
                              [N8:R] RFLAG ':' 9 (9)
2026-04-23 12:57:14:891 [IN ] C8 24 03 0C 25 A5 03 01 31 04 88 53 00 50 64 C2 EA (17)
                              [N3:X] RUN 'S' 0 80 (80)
2026-04-23 12:57:15:014 [IN ] C8 24 04 0C 25 A5 04 01 31 04 88 53 00 50 65 CA EA (17)
                              [N4:Y] RUN 'S' 0 80 (80)
2026-04-23 12:57:15:116 [IN ] C8 24 0C 0C 25 A5 0C 01 31 04 88 53 00 50 6D 0A EA (17)
                              [N12:Z] RUN 'S' 0 80 (80)
2026-04-23 12:57:19:125 [IN ] C8 24 04 0B 25 A5 04 01 31 03 81 5A 4C 60 A6 0A (16)
                              [N4:Y] TPOS 'Z' 76 (76)
2026-04-23 12:57:19:327 [IN ] C8 24 04 0A 25 A5 04 01 31 02 81 49 02 32 A6 (15)
                              [N4:Y] TPOS 'I'
2026-04-23 12:57:19:551 [OUT] 25 A5 01 09 31 02 D8 3F 54 EC (10)
                              [N9:P] INTERRUPT '?'
2026-04-23 12:57:19:852 [IN ] C8 24 09 0C 25 A5 09 01 31 04 D8 3A 01 01 53 9A EA (17)
                              [N9:P] INTERRUPT ':' 1 1 (257)
2026-04-23 12:57:19:873 [OUT] 25 A5 01 04 31 03 C9 3D 09 48 FE (11)
                              [N4:Y] LFLAG '=' 9 (9)
2026-04-23 12:57:19:916 [OUT] 25 A5 01 09 31 03 C9 3D 0B 4F 1E (11)
                              [N9:P] LFLAG '=' 11 (11)
2026-04-23 12:57:20:039 [IN ] C8 24 04 0B 25 A5 04 01 31 03 C9 3A 09 45 FB 9A (16)
                              [N4:Y] LFLAG ':' 9 (9)
2026-04-23 12:57:20:162 [IN ] C8 24 09 0B 25 A5 09 01 31 03 C9 3A 0B 4C 20 9A (16)
                              [N9:P] LFLAG ':' 11 (11)
2026-04-23 12:57:20:184 [OUT] 25 A5 01 09 31 03 88 00 50 16 26 (11)
                              [N9:P] RUN 0 80 (80)
2026-04-23 12:57:20:369 [IN ] C8 24 09 0C 25 A5 09 01 31 04 88 53 00 50 6A F2 EA (17)
                              [N9:P] RUN 'S' 0 80 (80)
2026-04-23 12:57:20:571 [IN ] C8 24 09 0B 25 A5 09 01 31 03 81 5A 4C 65 C9 F2 C8 24 09 0A 25 A5 09 01 31 02 81 49 07 50 C9 (31)
                              [N9:P] TPOS 'Z' 76 (76)
                              [N9:P] TPOS 'I'
2026-04-23 12:57:20:794 [OUT] 25 A5 01 09 31 03 C9 3D 09 4D 1C (11)
                              [N9:P] LFLAG '=' 9 (9)
2026-04-23 12:57:20:815 [OUT] 25 A5 01 04 31 05 81 FF EE 88 01 32 FA (13)
                              [N4:Y] TPOS 255 238 136 1 (-1144831)
2026-04-23 12:57:20:960 [IN ] C8 24 03 0B 25 A5 03 01 31 03 81 5A 4C 5F 9F F2 C8 24 09 0B 25 A5 09 01 31 03 C9 3A 09 4A 1E F2 (32)
                              [N3:X] TPOS 'Z' 76 (76)
                              [N9:P] LFLAG ':' 9 (9)
2026-04-23 12:57:20:982 [IN ] C8 24 03 0A 25 A5 03 01 31 02 81 49 01 2C 1E (15)
                              [N3:X] TPOS 'I'
2026-04-23 12:57:21:025 [OUT] 25 A5 01 03 31 03 C9 3D 09 47 F8 (11)
                              [N3:X] LFLAG '=' 9 (9)
2026-04-23 12:57:21:086 [IN ] C8 24 04 0E 25 A5 04 01 31 06 81 53 FF FF FF CD DA 4C 0A (19)
                              [N4:Y] TPOS 'S' 255 255 255 205 (-51)
2026-04-23 12:57:21:209 [IN ] C8 24 03 0B 25 A5 03 01 31 03 C9 3A 09 44 F4 CD (16)
                              [N3:X] LFLAG ':' 9 (9)
2026-04-23 12:57:26:419 [IN ] C8 24 04 0E 25 A5 04 01 31 06 81 45 FF EE 83 AB 1D B9 0A (19)
                              [N4:Y] TPOS 'E' 255 238 131 171 (-1145941)
2026-04-23 12:57:26:643 [OUT] 25 A5 01 09 31 05 81 FF E7 5D 56 5A 0C (13)
                              [N9:P] TPOS 255 231 93 86 (-1614506)
2026-04-23 12:57:26:665 [OUT] 25 A5 01 04 31 05 81 FF FD 50 01 09 B7 (13)
                              [N4:Y] TPOS 255 253 80 1 (-176127)
2026-04-23 12:57:26:707 [OUT] 25 A5 01 03 31 05 81 FF EC 4A AB 9B 1A (13)
                              [N3:X] TPOS 255 236 74 171 (-1291605)
2026-04-23 12:57:26:851 [IN ] C8 24 09 0E 25 A5 09 01 31 06 81 53 FF FF FF FC 0E AD 0A (19)
                              [N9:P] TPOS 'S' 255 255 255 252 (-4)
2026-04-23 12:57:26:954 [IN ] C8 24 04 0E 25 A5 04 01 31 06 81 53 FF EE 83 AB 2B FF 0A (19)
                              [N4:Y] TPOS 'S' 255 238 131 171 (-1145941)
2026-04-23 12:57:27:098 [IN ] C8 24 03 0E 25 A5 03 01 31 06 81 53 00 00 00 00 0F 7E 0A (19)
                              [N3:X] TPOS 'S' 0 0 0 0 (0)
2026-04-23 12:57:27:300 [IN ] C8 24 0C 0B 25 A5 0C 01 31 03 81 5A 4C 68 DE 00 C8 24 0C 0A 25 A5 0C 01 31 02 81 49 0A 62 DE (31)
                              [N12:Z] TPOS 'Z' 76 (76)
                              [N12:Z] TPOS 'I'
2026-04-23 12:57:27:523 [OUT] 25 A5 01 0C 31 03 C9 3D 09 50 2E (11)
                              [N12:Z] LFLAG '=' 9 (9)
2026-04-23 12:57:27:708 [IN ] C8 24 0C 0B 25 A5 0C 01 31 03 C9 3A 09 4D 33 00 (16)
                              [N12:Z] LFLAG ':' 9 (9)
2026-04-23 12:57:27:729 [OUT] 25 A5 01 0C 31 05 81 FF BC D0 00 4F 33 (13)
                              [N12:Z] TPOS 255 188 208 0 (-4403200)
2026-04-23 12:57:27:914 [IN ] C8 24 0C 0E 25 A5 0C 01 31 06 81 53 FF FF FF CD E2 9C 0A (19)
                              [N12:Z] TPOS 'S' 255 255 255 205 (-51)
2026-04-23 12:57:31:925 [IN ] C8 24 04 0E 25 A5 04 01 31 06 81 45 FF FD 52 C1 11 9A 0A (19)
                              [N4:Y] TPOS 'E' 255 253 82 193 (-175423)
2026-04-23 12:57:32:348 [OUT] 25 A5 01 04 31 05 81 FF F3 5F FC 09 B2 (13)
                              [N4:Y] TPOS 255 243 95 252 (-827396)
2026-04-23 12:57:32:533 [IN ] C8 24 04 0E 25 A5 04 01 31 06 81 53 FF FD 52 BC 1A DB 0A (19)
                              [N4:Y] TPOS 'S' 255 253 82 188 (-175428)
2026-04-23 12:57:33:335 [IN ] C8 24 03 0E 25 A5 03 01 31 06 81 45 FF EC 46 E7 19 6B 0A (19)
                              [N3:X] TPOS 'E' 255 236 70 231 (-1292569)
2026-04-23 12:57:33:758 [OUT] 25 A5 01 03 31 05 81 FF FD 50 01 08 AF (13)
                              [N3:X] TPOS 255 253 80 1 (-176127)
2026-04-23 12:57:33:942 [IN ] C8 24 03 0E 25 A5 03 01 31 06 81 53 FF EC 46 E7 27 B1 0A (19)
                              [N3:X] TPOS 'S' 255 236 70 231 (-1292569)
2026-04-23 12:57:35:345 [IN ] C8 24 09 0E 25 A5 09 01 31 06 81 45 FF E7 5A 01 48 DA 0A (19)
                              [N9:P] TPOS 'E' 255 231 90 1 (-1615359)
2026-04-23 12:57:35:748 [IN ] C8 24 04 0E 25 A5 04 01 31 06 81 45 FF F3 5B A3 F2 70 0A (19)
                              [N4:Y] TPOS 'E' 255 243 91 163 (-828509)
2026-04-23 12:57:35:769 [OUT] 25 A5 01 09 31 05 81 FF FF D9 C8 60 BE (13)
                              [N9:P] TPOS 255 255 217 200 (-9784)
2026-04-23 12:57:35:953 [IN ] C8 24 09 0E 25 A5 09 01 31 06 81 53 FF E7 5A 04 59 23 0A (19)
                              [N9:P] TPOS 'S' 255 231 90 4 (-1615356)
2026-04-23 12:57:40:162 [IN ] C8 24 03 0E 25 A5 03 01 31 06 81 45 FF FD 52 8D DC 5C 0A (19)
                              [N3:X] TPOS 'E' 255 253 82 141 (-175475)
2026-04-23 12:57:40:586 [OUT] 25 A5 01 03 31 05 81 FF EE C6 38 A6 A5 (13)
                              [N3:X] TPOS 255 238 198 56 (-1128904)
2026-04-23 12:57:40:771 [IN ] C8 24 03 0E 25 A5 03 01 31 06 81 53 FF FD 52 8C E9 A1 0A (19)
                              [N3:X] TPOS 'S' 255 253 82 140 (-175476)
2026-04-23 12:57:44:581 [IN ] C8 24 09 0E 25 A5 09 01 31 06 81 45 FF FF D9 D3 B1 F2 0A (19)
                              [N9:P] TPOS 'E' 255 255 217 211 (-9773)
2026-04-23 12:57:44:805 [OUT] 25 A5 01 08 31 02 D8 3F 53 E7 (10)
                              [N8:R] INTERRUPT '?'
2026-04-23 12:57:45:106 [IN ] C8 24 08 0C 25 A5 08 01 31 04 D8 3A 01 01 52 92 B1 (17)
                              [N8:R] INTERRUPT ':' 1 1 (257)
2026-04-23 12:57:45:127 [OUT] 25 A5 01 08 31 03 CA 3D 0B 4F 1B (11)
                              [N8:R] RFLAG '=' 11 (11)
2026-04-23 12:57:45:290 [IN ] C8 24 08 0B 25 A5 08 01 31 03 CA 3A 0B 4C 1C 92 (16)
                              [N8:R] RFLAG ':' 11 (11)
2026-04-23 12:57:45:312 [OUT] 25 A5 01 08 31 03 88 00 50 15 20 (11)
                              [N8:R] RUN 0 80 (80)
2026-04-23 12:57:45:332 [IN ] C8 24 03 0E 25 A5 03 01 31 06 81 45 FF EE C2 F7 A7 79 0A (19)
                              [N3:X] TPOS 'E' 255 238 194 247 (-1129737)
2026-04-23 12:57:45:478 [IN ] C8 24 08 0C 25 A5 08 01 31 04 88 53 00 50 69 EA A7 (17)
                              [N8:R] RUN 'S' 0 80 (80)
2026-04-23 12:57:48:486 [IN ] C8 24 0C 0E 25 A5 0C 01 31 06 81 45 FF BC CC CE 5F 28 0A (19)
                              [N12:Z] TPOS 'E' 255 188 204 206 (-4404018)
2026-04-23 12:57:48:910 [OUT] 25 A5 01 0C 31 05 81 FF D8 A0 CD 08 F4 (13)
                              [N12:Z] TPOS 255 216 160 205 (-2580275)
2026-04-23 12:57:49:115 [IN ] C8 24 0C 0E 25 A5 0C 01 31 06 81 53 FF BC CC E7 86 87 0A (19)
                              [N12:Z] TPOS 'S' 255 188 204 231 (-4403993)
2026-04-23 12:57:56:934 [IN ] C8 24 08 0B 25 A5 08 01 31 03 81 5A 52 6A C8 E7 C8 24 08 0A 25 A5 08 01 31 02 81 49 06 4A C8 (31)
                              [N8:R] TPOS 'Z' 82 (82)
                              [N8:R] TPOS 'I'
2026-04-23 12:57:57:156 [OUT] 25 A5 01 08 31 03 CA 3D 09 4D 19 (11)
                              [N8:R] RFLAG '=' 9 (9)
2026-04-23 12:57:57:320 [IN ] C8 24 08 0B 25 A5 08 01 31 03 CA 3A 09 4A 1A E7 (16)
                              [N8:R] RFLAG ':' 9 (9)
2026-04-23 12:57:57:341 [OUT] 25 A5 01 08 31 05 81 FF DC 77 1D 2F DE (13)
                              [N8:R] TPOS 255 220 119 29 (-2328803)
2026-04-23 12:57:57:527 [IN ] C8 24 08 0E 25 A5 08 01 31 06 81 53 FF FF FF B8 C9 5F 0A (19)
                              [N8:R] TPOS 'S' 255 255 255 184 (-72)
2026-04-23 12:57:58:129 [IN ] C8 24 0C 0E 25 A5 0C 01 31 06 81 45 FF D8 A3 B5 39 11 0A (19)
                              [N12:Z] TPOS 'E' 255 216 163 181 (-2579531)
2026-04-23 12:58:12:565 [IN ] C8 24 08 0E 25 A5 08 01 31 06 81 45 FF DC 77 38 90 20 0A (19)
                              [N8:R] TPOS 'E' 255 220 119 56 (-2328776)
2026-04-23 12:58:12:992 [OUT] 25 A5 01 08 31 05 81 FF EE 15 56 18 89 (13)
                              [N8:R] TPOS 255 238 21 86 (-1174186)
2026-04-23 12:58:13:176 [IN ] C8 24 08 0E 25 A5 08 01 31 06 81 53 FF DC 77 75 DB A3 0A (19)
                              [N8:R] TPOS 'S' 255 220 119 117 (-2328715)
2026-04-23 12:58:23:597 [IN ] C8 24 08 0E 25 A5 08 01 31 06 81 45 FF EE 13 C5 CB 1B 0A (19)
                              [N8:R] TPOS 'E' 255 238 19 197 (-1174587)
