2026-02-25 17:16:21:456 [OUT] 25 A5 01 0A 31 05 D6 3D FF 00 00 53 ED (13)
                              [N10:HMI] HMILED '=' 255 0 0 (16711680)
2026-02-25 17:16:21:479 [OUT] 25 A5 01 09 31 05 81 FF EC D8 25 A9 E0 (13)
                              [N9:P] TPOS 255 236 216 37 (-1255387)
2026-02-25 17:16:21:502 [OUT] 25 A5 01 05 31 05 81 00 06 F9 E1 9D 10 (13)
                              [N5:V] TPOS 0 6 249 225 (457185)
2026-02-25 17:16:21:525 [OUT] 25 A5 01 06 31 05 81 00 0B 4C B1 C6 9D (13)
                              [N6:H] TPOS 0 11 76 177 (740529)
2026-02-25 17:16:21:548 [OUT] 25 A5 01 07 31 05 81 FF D1 E6 60 D5 D6 (13)
                              [N7:N] TPOS 255 209 230 96 (-3021216)
2026-02-25 17:16:21:653 [IN ] C8 24 0A 0D 25 A5 0A 01 31 05 D6 3A FF 00 00 50 EA 3B (18)
                              [N10:HMI] HMILED ':' 255 0 0 (16711680)
2026-02-25 17:16:21:779 [IN ] C8 24 09 0E 25 A5 09 01 31 06 81 53 FF EA 1C B7 D1 63 05 (19)
                              [N9:P] TPOS 'S' 255 234 28 183 (-1434441)
2026-02-25 17:16:21:905 [IN ] C8 24 05 0E 25 A5 05 01 31 06 81 53 00 0E 35 D1 25 F7 05 (19)
                              [N5:V] TPOS 'S' 0 14 53 209 (931281)
2026-02-25 17:16:22:052 [IN ] C8 24 06 0E 25 A5 06 01 31 06 81 53 00 0C F9 A3 BA 55 05 (19)
                              [N6:H] TPOS 'S' 0 12 249 163 (850339)
2026-02-25 17:16:22:158 [IN ] C8 24 07 0E 25 A5 07 01 31 06 81 53 FF E7 26 DD FC 80 05 (19)
                              [N7:N] TPOS 'S' 255 231 38 221 (-1628451)
2026-02-25 17:16:22:760 [IN ] C8 24 06 0E 25 A5 06 01 31 06 81 45 00 0B 48 AB 02 B2 05 C8 24 09 0E 25 A5 09 01 31 06 81 45 FF EC DB (34)
                              [N6:H] TPOS 'E' 0 11 72 171 (739499)
2026-02-25 17:16:22:962 [IN ] 56 23 40 05 (4)
                              [N9:P] TPOS 'E' 255 236 219 86 (-1254570)
2026-02-25 17:16:24:968 [IN ] C8 24 05 0E 25 A5 05 01 31 06 81 45 00 06 F8 2F 30 7D 05 (19)
                              [N5:V] TPOS 'E' 0 6 248 47 (456751)
2026-02-25 17:16:28:583 [IN ] C8 24 07 0E 25 A5 07 01 31 06 81 45 FF D1 E1 FF B5 90 05 (19)
                              [N7:N] TPOS 'E' 255 209 225 255 (-3022337)
