2026-02-25 16:39:48:134 [OUT] 25 A5 01 0A 31 05 D6 3D FF 00 00 53 ED (13)
                              [N10:HMI] HMILED '=' 255 0 0 (16711680)
2026-02-25 16:39:48:156 [OUT] 25 A5 01 05 31 05 81 00 0B D6 41 DF 39 (13)
                              [N5:V] TPOS 0 11 214 65 (775745)
2026-02-25 16:39:48:178 [OUT] 25 A5 01 06 31 05 81 00 0C 91 D9 34 52 (13)
                              [N6:H] TPOS 0 12 145 217 (823769)
2026-02-25 16:39:48:326 [IN ] C8 24 0A 0D 25 A5 0A 01 31 05 D6 3A FF 00 00 50 EA A5 (18)
                              [N10:HMI] HMILED ':' 255 0 0 (16711680)
2026-02-25 16:39:48:453 [IN ] C8 24 05 0E 25 A5 05 01 31 06 81 53 00 0E 76 69 FE 11 0C (19)
                              [N5:V] TPOS 'S' 0 14 118 105 (947817)
2026-02-25 16:39:48:496 [IN ] C8 24 0B 0A 25 A5 0B 01 31 02 DE 01 1E CE 76 (15)
                              [N11:NG] NGSWSTATE 1 (1)
2026-02-25 16:39:48:518 [IN ] C8 24 0B 0A 25 A5 0B 01 31 02 DE 00 1D CD 76 (15)
                              [N11:NG] NGSWSTATE 0 (0)
2026-02-25 16:39:48:581 [IN ] C8 24 06 0E 25 A5 06 01 31 06 81 53 00 0E 6D 7D 0A 1D 0C (19)
                              [N6:H] TPOS 'S' 0 14 109 125 (945533)
2026-02-25 16:39:48:983 [IN ] C8 24 0B 0A 25 A5 0B 01 31 02 DE 00 1D CD 6D (15)
                              [N11:NG] NGSWSTATE 0 (0)
2026-02-25 16:39:49:386 [IN ] C8 24 06 0E 25 A5 06 01 31 06 81 45 00 0C 8D 6D 0A 01 0C (19)
                              [N6:H] TPOS 'E' 0 12 141 109 (822637)
2026-02-25 16:39:49:587 [IN ] C8 24 05 0E 25 A5 05 01 31 06 81 45 00 0B D4 DC BE F1 0C (19)
                              [N5:V] TPOS 'E' 0 11 212 220 (775388)
