2026-02-25 16:36:54:805 [OUT] 25 A5 01 0A 31 05 D6 3D FF 00 00 53 ED (13)
                              [N10:HMI] HMILED '=' 255 0 0 (16711680)
2026-02-25 16:36:54:831 [OUT] 25 A5 01 09 31 05 81 FF ED 0B 6A 22 8E (13)
                              [N9:P] TPOS 255 237 11 106 (-1242262)
2026-02-25 16:36:54:853 [OUT] 25 A5 01 05 31 05 81 00 09 98 54 B2 CA (13)
                              [N5:V] TPOS 0 9 152 84 (628820)
2026-02-25 16:36:54:875 [OUT] 25 A5 01 06 31 05 81 00 0C 74 6F AD AE (13)
                              [N6:H] TPOS 0 12 116 111 (816239)
2026-02-25 16:36:54:898 [OUT] 25 A5 01 07 31 05 81 FF D7 2E C6 89 DE (13)
                              [N7:N] TPOS 255 215 46 198 (-2675002)
2026-02-25 16:36:54:982 [IN ] C8 24 0A 0D 25 A5 0A 01 31 05 D6 3A FF 00 00 50 EA 96 (18)
                              [N10:HMI] HMILED ':' 255 0 0 (16711680)
2026-02-25 16:36:55:129 [IN ] C8 24 09 0E 25 A5 09 01 31 06 81 53 FF EA F0 34 22 88 0C (19)
                              [N9:P] TPOS 'S' 255 234 240 52 (-1380300)
2026-02-25 16:36:55:254 [IN ] C8 24 05 0E 25 A5 05 01 31 06 81 53 00 0F C7 8F 76 DC 0C (19)
                              [N5:V] TPOS 'S' 0 15 199 143 (1034127)
2026-02-25 16:36:55:382 [IN ] C8 24 06 0E 25 A5 06 01 31 06 81 53 00 0A 66 08 8A 8E 0C (19)
                              [N6:H] TPOS 'S' 0 10 102 8 (681480)
2026-02-25 16:36:55:509 [IN ] C8 24 07 0E 25 A5 07 01 31 06 81 53 FF E8 3E 05 3D DB 0C (19)
                              [N7:N] TPOS 'S' 255 232 62 5 (-1556987)
2026-02-25 16:36:55:910 [IN ] C8 24 09 0E 25 A5 09 01 31 06 81 45 FF ED 0E D4 D5 27 0C (19)
                              [N9:P] TPOS 'E' 255 237 14 212 (-1241388)
2026-02-25 16:36:56:112 [IN ] C8 24 06 0E 25 A5 06 01 31 06 81 45 00 0C 79 25 AE 91 0C (19)
                              [N6:H] TPOS 'E' 0 12 121 37 (817445)
2026-02-25 16:36:57:919 [IN ] C8 24 05 0E 25 A5 05 01 31 06 81 45 00 09 96 AE 50 41 0C (19)
                              [N5:V] TPOS 'E' 0 9 150 174 (628398)
2026-02-25 16:37:00:732 [IN ] C8 24 07 0E 25 A5 07 01 31 06 81 45 FF D7 2A 37 3C 6C 0C (19)
                              [N7:N] TPOS 'E' 255 215 42 55 (-2676169)
