2026-02-25 17:09:48:028 [OUT] 25 A5 01 0A 31 05 D6 3D FF 00 00 53 ED (13)
                              [N10:HMI] HMILED '=' 255 0 0 (16711680)
2026-02-25 17:09:48:050 [OUT] 25 A5 01 09 31 05 81 FF F0 42 FF F1 9A (13)
                              [N9:P] TPOS 255 240 66 255 (-1031425)
2026-02-25 17:09:48:072 [OUT] 25 A5 01 08 31 05 81 FF EE 15 56 18 89 (13)
                              [N8:R] TPOS 255 238 21 86 (-1174186)
2026-02-25 17:09:48:221 [IN ] C8 24 0A 0D 25 A5 0A 01 31 05 D6 3A FF 00 00 50 EA 68 (18)
                              [N10:HMI] HMILED ':' 255 0 0 (16711680)
2026-02-25 17:09:48:347 [IN ] C8 24 09 0E 25 A5 09 01 31 06 81 53 FF F0 45 9E E7 AE 31 (19)
                              [N9:P] TPOS 'S' 255 240 69 158 (-1030754)
2026-02-25 17:09:48:450 [IN ] C8 24 09 0E 25 A5 09 01 31 06 81 45 FF F0 43 AD E6 73 31 (19)
                              [N9:P] TPOS 'E' 255 240 67 173 (-1031251)
2026-02-25 17:09:48:493 [IN ] C8 24 08 0E 25 A5 08 01 31 06 81 53 FF EE 16 95 AC 37 31 (19)
                              [N8:R] TPOS 'S' 255 238 22 149 (-1173867)
2026-02-25 17:09:48:696 [IN ] C8 24 08 0E 25 A5 08 01 31 06 81 45 FF EE 16 72 7B CE 31 (19)
                              [N8:R] TPOS 'E' 255 238 22 114 (-1173902)
2026-02-25 17:09:48:918 [OUT] 25 A5 01 09 31 05 81 FF F0 2F E3 C2 58 (13)
                              [N9:P] TPOS 255 240 47 227 (-1036317)
2026-02-25 17:09:49:107 [IN ] C8 24 09 0E 25 A5 09 01 31 06 81 53 FF F0 43 AD F4 B9 31 (19)
                              [N9:P] TPOS 'S' 255 240 67 173 (-1031251)
2026-02-25 17:09:49:308 [IN ] C8 24 09 0E 25 A5 09 01 31 06 81 45 FF F0 2D 16 39 B0 31 (19)
                              [N9:P] TPOS 'E' 255 240 45 22 (-1037034)
2026-02-25 17:09:49:530 [OUT] 25 A5 01 09 31 05 81 FF F0 1C C6 92 15 (13)
                              [N9:P] TPOS 255 240 28 198 (-1041210)
2026-02-25 17:09:49:719 [IN ] C8 24 09 0E 25 A5 09 01 31 06 81 53 FF F0 2D 17 48 F7 31 (19)
                              [N9:P] TPOS 'S' 255 240 45 23 (-1037033)
2026-02-25 17:09:49:922 [IN ] C8 24 09 0E 25 A5 09 01 31 06 81 45 FF F0 1A 62 72 D6 31 (19)
                              [N9:P] TPOS 'E' 255 240 26 98 (-1041822)
2026-02-25 17:09:50:144 [OUT] 25 A5 01 09 31 05 81 FF F0 09 AA 63 D3 (13)
                              [N9:P] TPOS 255 240 9 170 (-1046102)
2026-02-25 17:09:50:330 [IN ] C8 24 09 0E 25 A5 09 01 31 06 81 53 FF F0 1A 62 80 1C 31 (19)
                              [N9:P] TPOS 'S' 255 240 26 98 (-1041822)
2026-02-25 17:09:50:532 [IN ] C8 24 09 0E 25 A5 09 01 31 06 81 45 FF F0 07 69 66 B7 31 (19)
                              [N9:P] TPOS 'E' 255 240 7 105 (-1046679)
2026-02-25 17:09:50:754 [OUT] 25 A5 01 09 31 05 81 FF EF F6 8D 32 8D (13)
                              [N9:P] TPOS 255 239 246 141 (-1050995)
2026-02-25 17:09:50:922 [IN ] C8 24 09 0E 25 A5 09 01 31 06 81 53 FF F0 07 6A 75 FE 31 (19)
                              [N9:P] TPOS 'S' 255 240 7 106 (-1046678)
2026-02-25 17:09:51:125 [IN ] C8 24 09 0E 25 A5 09 01 31 06 81 45 FF EF F4 5B 44 80 31 (19)
                              [N9:P] TPOS 'E' 255 239 244 91 (-1051557)
2026-02-25 17:09:51:346 [OUT] 25 A5 01 09 31 05 81 FF EF E3 71 03 4B (13)
                              [N9:P] TPOS 255 239 227 113 (-1055887)
2026-02-25 17:09:51:536 [IN ] C8 24 09 0E 25 A5 09 01 31 06 81 53 FF EF F4 5B 52 C6 31 (19)
                              [N9:P] TPOS 'S' 255 239 244 91 (-1051557)
2026-02-25 17:09:51:740 [IN ] C8 24 09 0E 25 A5 09 01 31 06 81 45 FF EF E1 3E 14 3D 31 (19)
                              [N9:P] TPOS 'E' 255 239 225 62 (-1056450)
2026-02-25 17:09:51:962 [OUT] 25 A5 01 09 31 05 81 FF EF D0 55 D4 09 (13)
                              [N9:P] TPOS 255 239 208 85 (-1060779)
2026-02-25 17:09:52:151 [IN ] C8 24 09 0E 25 A5 09 01 31 06 81 53 FF EF E1 3F 23 84 31 (19)
                              [N9:P] TPOS 'S' 255 239 225 63 (-1056449)
2026-02-25 17:09:52:352 [IN ] C8 24 09 0E 25 A5 09 01 31 06 81 45 FF EF CE 13 D6 EC 31 (19)
                              [N9:P] TPOS 'E' 255 239 206 19 (-1061357)
2026-02-25 17:09:52:575 [OUT] 25 A5 01 09 31 05 81 FF EF BD 38 A4 C6 (13)
                              [N9:P] TPOS 255 239 189 56 (-1065672)
2026-02-25 17:09:52:743 [IN ] C8 24 09 0E 25 A5 09 01 31 06 81 53 FF EF CE 14 E5 33 31 (19)
                              [N9:P] TPOS 'S' 255 239 206 20 (-1061356)
2026-02-25 17:09:52:944 [IN ] C8 24 09 0E 25 A5 09 01 31 06 81 45 FF EF BB 0B BB BE 31 (19)
                              [N9:P] TPOS 'E' 255 239 187 11 (-1066229)
2026-02-25 17:09:53:167 [OUT] 25 A5 01 09 31 05 81 FF EF AA 1C 75 84 (13)
                              [N9:P] TPOS 255 239 170 28 (-1070564)
2026-02-25 17:09:53:335 [IN ] C8 24 09 0E 25 A5 09 01 31 06 81 53 FF EF BB 0C CA 05 31 (19)
                              [N9:P] TPOS 'S' 255 239 187 12 (-1066228)
2026-02-25 17:09:53:536 [IN ] C8 24 09 0E 25 A5 09 01 31 06 81 45 FF EF A7 E6 82 71 31 (19)
                              [N9:P] TPOS 'E' 255 239 167 230 (-1071130)
2026-02-25 17:09:53:758 [OUT] 25 A5 01 09 31 05 81 FF EF 96 FF 44 3F (13)
                              [N9:P] TPOS 255 239 150 255 (-1075457)
2026-02-25 17:09:53:927 [IN ] C8 24 09 0E 25 A5 09 01 31 06 81 53 FF EF A7 E7 91 B8 31 (19)
                              [N9:P] TPOS 'S' 255 239 167 231 (-1071129)
2026-02-25 17:09:54:128 [IN ] C8 24 09 0E 25 A5 09 01 31 06 81 45 FF EF 94 D5 5E 3A 31 (19)
                              [N9:P] TPOS 'E' 255 239 148 213 (-1076011)
2026-02-25 17:09:54:351 [OUT] 25 A5 01 09 31 05 81 FF EF 83 E3 15 FD (13)
                              [N9:P] TPOS 255 239 131 227 (-1080349)
2026-02-25 17:09:54:518 [IN ] C8 24 09 0E 25 A5 09 01 31 06 81 53 FF EF 94 D7 6E 82 31 (19)
                              [N9:P] TPOS 'S' 255 239 148 215 (-1076009)
2026-02-25 17:09:54:720 [IN ] C8 24 09 0E 25 A5 09 01 31 06 81 45 FF EF 81 91 07 D0 31 (19)
                              [N9:P] TPOS 'E' 255 239 129 145 (-1080943)
2026-02-25 17:09:54:941 [OUT] 25 A5 01 09 31 05 81 FF EF 70 C6 E5 BA (13)
                              [N9:P] TPOS 255 239 112 198 (-1085242)
2026-02-25 17:09:55:110 [IN ] C8 24 09 0E 25 A5 09 01 31 06 81 53 FF EF 81 92 16 17 31 (19)
                              [N9:P] TPOS 'S' 255 239 129 146 (-1080942)
2026-02-25 17:09:55:312 [IN ] C8 24 09 0E 25 A5 09 01 31 06 81 45 FF EF 6E 69 CC 82 31 (19)
                              [N9:P] TPOS 'E' 255 239 110 105 (-1085847)
2026-02-25 17:09:55:534 [OUT] 25 A5 01 09 31 05 81 FF EF 5D AA B6 78 (13)
                              [N9:P] TPOS 255 239 93 170 (-1090134)
2026-02-25 17:09:55:702 [IN ] C8 24 09 0E 25 A5 09 01 31 06 81 53 FF EF 6E 69 DA C8 31 (19)
                              [N9:P] TPOS 'S' 255 239 110 105 (-1085847)
2026-02-25 17:09:55:903 [IN ] C8 24 09 0E 25 A5 09 01 31 06 81 45 FF EF 5B 6D BD 60 31 (19)
                              [N9:P] TPOS 'E' 255 239 91 109 (-1090707)
2026-02-25 17:09:56:125 [OUT] 25 A5 01 09 31 05 81 FF EF 4A 8D 86 35 (13)
                              [N9:P] TPOS 255 239 74 141 (-1095027)
2026-02-25 17:09:56:315 [IN ] C8 24 09 0E 25 (5)
2026-02-25 17:09:56:336 [IN ] A5 09 01 31 06 81 53 FF EF 5B 6E CC A7 31 (14)
                              [N9:P] TPOS 'S' 255 239 91 110 (-1090706)
2026-02-25 17:09:56:538 [IN ] C8 24 09 0E 25 A5 09 01 31 06 81 45 FF EF 48 2E 6B FB 31 (19)
                              [N9:P] TPOS 'E' 255 239 72 46 (-1095634)
2026-02-25 17:09:56:760 [OUT] 25 A5 01 09 31 05 81 FF EF 37 71 57 F3 (13)
                              [N9:P] TPOS 255 239 55 113 (-1099919)
2026-02-25 17:09:56:949 [IN ] C8 24 09 0E 25 A5 09 01 31 06 81 53 FF EF 48 2E 79 41 31 (19)
                              [N9:P] TPOS 'S' 255 239 72 46 (-1095634)
2026-02-25 17:09:57:151 [IN ] C8 24 09 0E 25 A5 09 01 31 06 81 45 FF EF 35 05 2F AC 31 (19)
                              [N9:P] TPOS 'E' 255 239 53 5 (-1100539)
2026-02-25 17:09:57:374 [OUT] 25 A5 01 09 31 05 81 FF EF 24 55 28 B1 (13)
                              [N9:P] TPOS 255 239 36 85 (-1104811)
2026-02-25 17:09:57:564 [IN ] C8 24 09 0E 25 A5 09 01 31 06 81 53 FF EF 35 06 3E F3 31 (19)
                              [N9:P] TPOS 'S' 255 239 53 6 (-1100538)
2026-02-25 17:09:57:766 [IN ] C8 24 09 0E 25 A5 09 01 31 06 81 45 FF EF 21 DC F2 5B 31 (19)
                              [N9:P] TPOS 'E' 255 239 33 220 (-1105444)
2026-02-25 17:09:57:988 [OUT] 25 A5 01 09 31 05 81 FF EF 11 38 F8 6E (13)
                              [N9:P] TPOS 255 239 17 56 (-1109704)
2026-02-25 17:09:58:177 [IN ] C8 24 09 0E 25 A5 09 01 31 06 81 53 FF EF 21 DC 00 A1 31 (19)
                              [N9:P] TPOS 'S' 255 239 33 220 (-1105444)
2026-02-25 17:09:58:380 [IN ] C8 24 09 0E 25 A5 09 01 31 06 81 45 FF EF 0E AE B1 07 31 (19)
                              [N9:P] TPOS 'E' 255 239 14 174 (-1110354)
2026-02-25 17:09:58:602 [OUT] 25 A5 01 09 31 05 81 FF EE FE 1C C8 29 (13)
                              [N9:P] TPOS 255 238 254 28 (-1114596)
2026-02-25 17:09:58:791 [IN ] C8 24 09 0E 25 A5 09 01 31 06 81 53 FF EF 0E AF C0 4E 31 (19)
                              [N9:P] TPOS 'S' 255 239 14 175 (-1110353)
2026-02-25 17:09:58:992 [IN ] C8 24 09 0E 25 A5 09 01 31 06 81 45 FF EE FB A4 93 D4 31 (19)
                              [N9:P] TPOS 'E' 255 238 251 164 (-1115228)
2026-02-25 17:09:59:214 [OUT] 25 A5 01 09 31 05 81 FF EE EA FF 97 E4 (13)
                              [N9:P] TPOS 255 238 234 255 (-1119489)
2026-02-25 17:09:59:401 [IN ] C8 24 09 0E 25 A5 09 01 31 06 81 53 FF EE FB A5 A2 1B 31 (19)
                              [N9:P] TPOS 'S' 255 238 251 165 (-1115227)
2026-02-25 17:09:59:603 [IN ] C8 24 09 0E 25 A5 09 01 31 06 81 45 FF EE E8 5B 37 65 31 (19)
                              [N9:P] TPOS 'E' 255 238 232 91 (-1120165)
2026-02-25 17:09:59:825 [OUT] 25 A5 01 09 31 05 81 FF EE D7 E3 68 A2 (13)
                              [N9:P] TPOS 255 238 215 227 (-1124381)
2026-02-25 17:10:00:013 [IN ] C8 24 09 0E 25 A5 09 01 31 06 81 53 FF EE E8 5B 45 AB 31 (19)
                              [N9:P] TPOS 'S' 255 238 232 91 (-1120165)
2026-02-25 17:10:00:215 [IN ] C8 24 09 0E 25 A5 09 01 31 06 81 45 FF EE D5 49 12 2D 31 (19)
                              [N9:P] TPOS 'E' 255 238 213 73 (-1125047)
2026-02-25 17:10:00:437 [OUT] 25 A5 01 09 31 05 81 FF EE C4 C6 38 5F (13)
                              [N9:P] TPOS 255 238 196 198 (-1129274)
2026-02-25 17:10:00:607 [IN ] C8 24 09 0E 25 A5 09 01 31 06 81 53 FF EE D5 4A 21 74 31 (19)
                              [N9:P] TPOS 'S' 255 238 213 74 (-1125046)
2026-02-25 17:10:00:809 [IN ] C8 24 09 0E 25 A5 09 01 31 06 81 45 FF EE C2 1F D5 DD 31 (19)
                              [N9:P] TPOS 'E' 255 238 194 31 (-1129953)
2026-02-25 17:10:01:030 [OUT] 25 A5 01 09 31 05 81 FF EE B1 AA 09 1D (13)
                              [N9:P] TPOS 255 238 177 170 (-1134166)
2026-02-25 17:10:01:220 [IN ] C8 24 09 0E 25 A5 09 01 31 06 81 53 FF EE C2 1F E3 23 31 (19)
                              [N9:P] TPOS 'S' 255 238 194 31 (-1129953)
2026-02-25 17:10:01:422 [IN ] C8 24 09 0E 25 A5 09 01 31 06 81 45 FF EE AF 15 B8 AD 31 (19)
                              [N9:P] TPOS 'E' 255 238 175 21 (-1134827)
2026-02-25 17:10:01:644 [OUT] 25 A5 01 09 31 05 81 FF EE 9E 8D D9 DA (13)
                              [N9:P] TPOS 255 238 158 141 (-1139059)
2026-02-25 17:10:01:834 [IN ] C8 24 09 0E 25 A5 09 01 31 06 81 53 FF EE AF 15 C6 F3 31 (19)
                              [N9:P] TPOS 'S' 255 238 175 21 (-1134827)
2026-02-25 17:10:02:034 [IN ] C8 24 09 0E 25 A5 09 01 31 06 81 45 FF EE 9C 14 A4 86 31 (19)
                              [N9:P] TPOS 'E' 255 238 156 20 (-1139692)
2026-02-25 17:10:02:257 [OUT] 25 A5 01 09 31 05 81 FF EE 8B 71 AA 98 (13)
                              [N9:P] TPOS 255 238 139 113 (-1143951)
2026-02-25 17:10:02:425 [IN ] C8 24 09 0E 25 A5 09 01 31 06 81 53 FF EE 9C 15 B3 CD 31 (19)
                              [N9:P] TPOS 'S' 255 238 156 21 (-1139691)
2026-02-25 17:10:02:626 [IN ] C8 24 09 0E 25 A5 09 01 31 06 81 45 FF EE 89 00 7D 4C 31 (19)
                              [N9:P] TPOS 'E' 255 238 137 0 (-1144576)
2026-02-25 17:10:02:849 [OUT] 25 A5 01 09 31 05 81 FF EE 78 55 7B 56 (13)
                              [N9:P] TPOS 255 238 120 85 (-1148843)
2026-02-25 17:10:03:017 [IN ] C8 24 09 0E 25 A5 09 01 31 06 81 53 FF EE 89 00 8B 92 31 (19)
                              [N9:P] TPOS 'S' 255 238 137 0 (-1144576)
2026-02-25 17:10:03:218 [IN ] C8 24 09 0E 25 A5 09 01 31 06 81 45 FF EE 75 F3 5C 17 31 (19)
                              [N9:P] TPOS 'E' 255 238 117 243 (-1149453)
2026-02-25 17:10:03:440 [OUT] 25 A5 01 09 31 05 81 FF EE 65 38 4B 13 (13)
                              [N9:P] TPOS 255 238 101 56 (-1153736)
2026-02-25 17:10:03:608 [IN ] C8 24 09 0E 25 A5 09 01 31 06 81 53 FF EE 75 F4 6B (17)
2026-02-25 17:10:03:629 [IN ] 5E 31 (2)
                              [N9:P] TPOS 'S' 255 238 117 244 (-1149452)
2026-02-25 17:10:03:830 [IN ] C8 24 09 0E 25 A5 09 01 31 06 81 45 FF EE 63 1A 71 1A 31 (19)
                              [N9:P] TPOS 'E' 255 238 99 26 (-1154278)
2026-02-25 17:10:04:056 [OUT] 25 A5 01 09 31 05 81 FF EE 52 1C 1C D1 (13)
                              [N9:P] TPOS 255 238 82 28 (-1158628)
2026-02-25 17:10:04:247 [IN ] C8 24 09 0E 25 A5 09 01 31 06 81 53 FF EE 63 1B 80 61 31 (19)
                              [N9:P] TPOS 'S' 255 238 99 27 (-1154277)
2026-02-25 17:10:04:449 [IN ] C8 24 09 0E 25 A5 09 01 31 06 81 45 FF EE 50 08 4C E2 31 (19)
                              [N9:P] TPOS 'E' 255 238 80 8 (-1159160)
2026-02-25 17:10:04:672 [OUT] 25 A5 01 09 31 05 81 FF EE 3E FF EB 8C (13)
                              [N9:P] TPOS 255 238 62 255 (-1163521)
2026-02-25 17:10:04:860 [IN ] C8 24 09 0E 25 A5 09 01 31 06 81 53 FF EE 50 09 5B 29 31 (19)
                              [N9:P] TPOS 'S' 255 238 80 9 (-1159159)
2026-02-25 17:10:05:062 [IN ] C8 24 09 0E 25 A5 09 01 31 06 81 45 FF EE 3D 05 36 B9 31 (19)
                              [N9:P] TPOS 'E' 255 238 61 5 (-1164027)
2026-02-25 17:10:05:284 [OUT] 25 A5 01 09 31 05 81 FF EE 2B E3 BC 4A (13)
                              [N9:P] TPOS 255 238 43 227 (-1168413)
2026-02-25 17:10:05:473 [IN ] C8 24 09 0E 25 A5 09 01 31 06 81 53 FF EE 3D 05 44 FF 31 (19)
                              [N9:P] TPOS 'S' 255 238 61 5 (-1164027)
2026-02-25 17:10:05:675 [IN ] C8 24 09 0E 25 A5 09 01 31 06 81 45 FF EE 29 DB F8 67 31 (19)
                              [N9:P] TPOS 'E' 255 238 41 219 (-1168933)
2026-02-25 17:10:05:898 [OUT] 25 A5 01 09 31 05 81 FF EE 18 C6 8C 07 (13)
                              [N9:P] TPOS 255 238 24 198 (-1173306)
2026-02-25 17:10:06:086 [IN ] C8 24 09 0E 25 A5 09 01 31 06 81 53 FF EE 29 DC 07 AE 31 (19)
                              [N9:P] TPOS 'S' 255 238 41 220 (-1168932)
2026-02-25 17:10:06:288 [IN ] C8 24 09 0E 25 A5 09 01 31 06 81 45 FF EE 16 D0 DA 36 31 (19)
                              [N9:P] TPOS 'E' 255 238 22 208 (-1173808)
2026-02-25 17:10:06:510 [OUT] 25 A5 01 09 31 05 81 FF EE 05 AA 5D C5 (13)
                              [N9:P] TPOS 255 238 5 170 (-1178198)
2026-02-25 17:10:06:701 [IN ] C8 24 09 0E 25 A5 09 01 31 06 81 53 FF EE 16 D1 E9 7D 31 (19)
                              [N9:P] TPOS 'S' 255 238 22 209 (-1173807)
2026-02-25 17:10:06:902 [IN ] C8 24 09 0E 25 A5 09 01 31 06 81 45 FF EE 03 D0 C7 10 31 (19)
                              [N9:P] TPOS 'E' 255 238 3 208 (-1178672)
2026-02-25 17:10:07:125 [OUT] 25 A5 01 09 31 05 81 FF ED F2 8D 2C 7F (13)
                              [N9:P] TPOS 255 237 242 141 (-1183091)
2026-02-25 17:10:07:314 [IN ] C8 24 09 0E 25 A5 09 01 31 06 81 53 FF EE 03 D1 D6 57 31 (19)
                              [N9:P] TPOS 'S' 255 238 3 209 (-1178671)
2026-02-25 17:10:07:515 [IN ] C8 24 09 0E 25 A5 09 01 31 06 81 45 FF ED F0 B8 9B CF 31 (19)
                              [N9:P] TPOS 'E' 255 237 240 184 (-1183560)
2026-02-25 17:10:07:737 [OUT] 25 A5 01 09 31 05 81 FF ED DF 71 FD 3D (13)
                              [N9:P] TPOS 255 237 223 113 (-1187983)
2026-02-25 17:10:07:927 [IN ] C8 24 09 0E 25 A5 09 01 31 06 81 53 FF ED F0 BA AB 17 31 (19)
                              [N9:P] TPOS 'S' 255 237 240 186 (-1183558)
2026-02-25 17:10:08:129 [IN ] C8 24 09 0E 25 A5 09 01 31 06 81 45 FF ED DD 72 42 63 31 (19)
                              [N9:P] TPOS 'E' 255 237 221 114 (-1188494)
2026-02-25 17:10:08:351 [OUT] 25 A5 01 09 31 05 81 FF ED CC 55 CE FB (13)
                              [N9:P] TPOS 255 237 204 85 (-1192875)
2026-02-25 17:10:08:540 [IN ] C8 24 09 0E 25 A5 09 01 31 06 81 53 FF ED DD 75 53 AC 31 (19)
                              [N9:P] TPOS 'S' 255 237 221 117 (-1188491)
2026-02-25 17:10:08:742 [IN ] C8 24 09 0E 25 A5 09 01 31 06 81 45 FF ED CA 46 03 11 31 (19)
                              [N9:P] TPOS 'E' 255 237 202 70 (-1193402)
2026-02-25 17:10:08:964 [OUT] 25 A5 01 09 31 05 81 FF ED B9 38 9E B8 (13)
                              [N9:P] TPOS 255 237 185 56 (-1197768)
2026-02-25 17:10:09:152 [IN ] C8 24 09 0E 25 A5 09 01 31 06 81 53 FF ED CA 49 14 5A 31 (19)
                              [N9:P] TPOS 'S' 255 237 202 73 (-1193399)
2026-02-25 17:10:09:354 [IN ] C8 24 09 0E 25 A5 09 01 31 06 81 45 FF ED B6 F1 9A 94 31 (19)
                              [N9:P] TPOS 'E' 255 237 182 241 (-1198351)
2026-02-25 17:10:09:577 [OUT] 25 A5 01 09 31 05 81 FF ED A6 1C 6F 76 (13)
                              [N9:P] TPOS 255 237 166 28 (-1202660)
2026-02-25 17:10:09:766 [IN ] C8 24 09 0E 25 A5 09 01 31 06 81 53 FF ED (14)
2026-02-25 17:10:09:788 [IN ] B6 F2 A9 DB 31 (5)
                              [N9:P] TPOS 'S' 255 237 182 242 (-1198350)
2026-02-25 17:10:09:989 [IN ] C8 24 09 0E 25 A5 09 01 31 06 81 45 FF ED A3 CF 65 4C 31 (19)
                              [N9:P] TPOS 'E' 255 237 163 207 (-1203249)
2026-02-25 17:10:10:212 [OUT] 25 A5 01 09 31 05 81 FF ED 92 FF 3E 31 (13)
                              [N9:P] TPOS 255 237 146 255 (-1207553)
2026-02-25 17:10:10:400 [IN ] C8 24 09 0E 25 A5 09 01 31 06 81 53 FF ED A3 D0 74 93 31 (19)
                              [N9:P] TPOS 'S' 255 237 163 208 (-1203248)
2026-02-25 17:10:10:602 [IN ] C8 24 09 0E 25 A5 09 01 31 06 81 45 FF ED 90 AA 2D 01 31 (19)
                              [N9:P] TPOS 'E' 255 237 144 170 (-1208150)
2026-02-25 17:10:10:824 [OUT] 25 A5 01 09 31 05 81 FF ED 7F E3 0F EF (13)
                              [N9:P] TPOS 255 237 127 227 (-1212445)
2026-02-25 17:10:11:013 [IN ] C8 24 09 0E 25 A5 09 01 31 06 81 53 FF ED 90 AB 3C 48 31 (19)
                              [N9:P] TPOS 'S' 255 237 144 171 (-1208149)
2026-02-25 17:10:11:214 [IN ] C8 24 09 0E 25 A5 09 01 31 06 81 45 FF ED 7D 99 09 CA 31 (19)
                              [N9:P] TPOS 'E' 255 237 125 153 (-1213031)
2026-02-25 17:10:11:438 [OUT] 25 A5 01 09 31 05 81 FF ED 6C C6 DF AC (13)
                              [N9:P] TPOS 255 237 108 198 (-1217338)
2026-02-25 17:10:11:626 [IN ] C8 24 09 0E 25 A5 09 01 31 06 81 53 FF ED 7D 9A 18 11 31 (19)
                              [N9:P] TPOS 'S' 255 237 125 154 (-1213030)
2026-02-25 17:10:11:828 [IN ] C8 24 09 0E 25 A5 09 01 31 06 81 45 FF ED 6A 6D CA 78 31 (19)
                              [N9:P] TPOS 'E' 255 237 106 109 (-1217939)
2026-02-25 17:10:12:050 [OUT] 25 A5 01 09 31 05 81 FF ED 59 AA B0 6A (13)
                              [N9:P] TPOS 255 237 89 170 (-1222230)
2026-02-25 17:10:12:239 [IN ] C8 24 09 0E 25 A5 09 01 31 06 81 53 FF ED 6A 6E D9 BF 31 (19)
                              [N9:P] TPOS 'S' 255 237 106 110 (-1217938)
2026-02-25 17:10:12:440 [IN ] C8 24 09 0E 25 A5 09 01 31 06 81 45 FF ED 57 4A 94 2F 31 (19)
                              [N9:P] TPOS 'E' 255 237 87 74 (-1222838)
2026-02-25 17:10:12:662 [OUT] 25 A5 01 09 31 05 81 FF ED 46 8D 80 27 (13)
                              [N9:P] TPOS 255 237 70 141 (-1227123)
2026-02-25 17:10:12:850 [IN ] C8 24 09 0E 25 A5 09 01 31 06 81 53 FF ED 57 4A A2 75 31 (19)
                              [N9:P] TPOS 'S' 255 237 87 74 (-1222838)
2026-02-25 17:10:13:052 [IN ] C8 24 09 0E 25 A5 09 01 31 06 81 45 FF ED 44 44 7B 03 31 (19)
                              [N9:P] TPOS 'E' 255 237 68 68 (-1227708)
2026-02-25 17:10:13:273 [OUT] 25 A5 01 09 31 05 81 FF ED 33 71 51 E5 (13)
                              [N9:P] TPOS 255 237 51 113 (-1232015)
2026-02-25 17:10:13:462 [IN ] C8 24 09 0E 25 A5 09 01 31 06 81 53 FF ED 44 45 8A 4A 31 (19)
                              [N9:P] TPOS 'S' 255 237 68 69 (-1227707)
2026-02-25 17:10:13:665 [IN ] C8 24 09 0E 25 A5 09 01 31 06 81 45 FF ED 31 2D 51 C6 31 (19)
                              [N9:P] TPOS 'E' 255 237 49 45 (-1232595)
2026-02-25 17:10:13:888 [OUT] 25 A5 01 09 31 05 81 FF ED 20 55 22 A3 (13)
                              [N9:P] TPOS 255 237 32 85 (-1236907)
2026-02-25 17:10:14:055 [IN ] C8 24 09 0E 25 A5 09 01 31 06 81 53 FF ED 31 2E 60 0D 31 (19)
                              [N9:P] TPOS 'S' 255 237 49 46 (-1232594)
2026-02-25 17:10:14:258 [IN ] C8 24 09 0E 25 A5 09 01 31 06 81 45 FF ED 1E 34 45 A7 31 (19)
                              [N9:P] TPOS 'E' 255 237 30 52 (-1237452)
2026-02-25 17:10:14:481 [OUT] 25 A5 01 09 31 05 81 FF ED 0D 38 F2 60 (13)
                              [N9:P] TPOS 255 237 13 56 (-1241800)
2026-02-25 17:10:14:672 [IN ] C8 24 09 0E 25 A5 09 01 31 06 81 53 FF ED 1E 35 54 EE 31 (19)
                              [N9:P] TPOS 'S' 255 237 30 53 (-1237451)
2026-02-25 17:10:14:873 [IN ] C8 24 09 0E 25 A5 09 01 31 06 81 45 FF ED 0B 3B 39 88 31 (19)
                              [N9:P] TPOS 'E' 255 237 11 59 (-1242309)
2026-02-25 17:10:15:095 [OUT] 25 A5 01 09 31 05 81 FF EC FA 1C C2 1B (13)
                              [N9:P] TPOS 255 236 250 28 (-1246692)
2026-02-25 17:10:15:284 [IN ] C8 24 09 0E 25 A5 09 01 31 06 81 53 FF ED 0B 3D 49 D0 31 (19)
                              [N9:P] TPOS 'S' 255 237 11 61 (-1242307)
2026-02-25 17:10:15:486 [IN ] C8 24 09 0E 25 A5 09 01 31 06 81 45 FF EC F8 1B 05 3F 31 (19)
                              [N9:P] TPOS 'E' 255 236 248 27 (-1247205)
2026-02-25 17:10:15:708 [OUT] 25 A5 01 09 31 05 81 FF EC E6 FF 91 D6 (13)
                              [N9:P] TPOS 255 236 230 255 (-1251585)
2026-02-25 17:10:15:897 [IN ] C8 24 09 0E 25 A5 09 01 31 06 81 53 FF EC F8 1C 14 86 31 (19)
                              [N9:P] TPOS 'S' 255 236 248 28 (-1247204)
2026-02-25 17:10:16:099 [IN ] C8 24 09 0E 25 A5 09 01 31 06 81 45 FF EC E5 1A F1 18 31 (19)
                              [N9:P] TPOS 'E' 255 236 229 26 (-1252070)
2026-02-25 17:10:16:321 [OUT] 25 A5 01 09 31 05 81 FF EC D3 E3 62 94 (13)
                              [N9:P] TPOS 255 236 211 227 (-1256477)
2026-02-25 17:10:16:489 [IN ] C8 24 09 0E 25 A5 09 01 31 06 81 53 FF EC E5 1B 00 5F 31 (19)
                              [N9:P] TPOS 'S' 255 236 229 27 (-1252069)
2026-02-25 17:10:16:692 [IN ] C8 24 09 0E 25 A5 09 01 31 06 81 45 FF EC D2 05 C9 DD 31 (19)
                              [N9:P] TPOS 'E' 255 236 210 5 (-1256955)
2026-02-25 17:10:16:913 [OUT] 25 A5 01 09 31 05 81 FF EC C0 C6 32 51 (13)
                              [N9:P] TPOS 255 236 192 198 (-1261370)
2026-02-25 17:10:17:101 [IN ] C8 24 09 0E 25 A5 09 01 31 06 81 (11)
2026-02-25 17:10:17:122 [IN ] 53 FF EC D2 06 D8 24 31 (8)
                              [N9:P] TPOS 'S' 255 236 210 6 (-1256954)
2026-02-25 17:10:17:324 [IN ] C8 24 09 0E 25 A5 09 01 31 06 81 45 FF EC BE E5 95 95 31 (19)
                              [N9:P] TPOS 'E' 255 236 190 229 (-1261851)
2026-02-25 17:10:17:546 [OUT] 25 A5 01 09 31 05 81 FF EC AD AA 03 0F (13)
                              [N9:P] TPOS 255 236 173 170 (-1266262)
2026-02-25 17:10:17:735 [IN ] C8 24 09 0E 25 A5 09 01 31 06 81 53 FF EC BE E7 A5 DD 31 (19)
                              [N9:P] TPOS 'S' 255 236 190 231 (-1261849)
2026-02-25 17:10:17:936 [IN ] C8 24 09 0E 25 A5 09 01 31 06 81 45 FF EC AB A9 46 33 31 (19)
                              [N9:P] TPOS 'E' 255 236 171 169 (-1266775)
2026-02-25 17:10:18:158 [OUT] 25 A5 01 09 31 05 81 FF EC 9A 8D D3 CC (13)
                              [N9:P] TPOS 255 236 154 141 (-1271155)
2026-02-25 17:10:18:347 [IN ] C8 24 09 0E 25 A5 09 01 31 06 81 53 FF EC AB AA 55 7A 31 (19)
                              [N9:P] TPOS 'S' 255 236 171 170 (-1266774)
2026-02-25 17:10:18:550 [IN ] C8 24 09 0E 25 A5 09 01 31 06 81 45 FF EC 98 5D E7 C1 31 (19)
                              [N9:P] TPOS 'E' 255 236 152 93 (-1271715)
2026-02-25 17:10:18:773 [OUT] 25 A5 01 09 31 05 81 FF EC 87 71 A4 8A (13)
                              [N9:P] TPOS 255 236 135 113 (-1276047)
2026-02-25 17:10:18:962 [IN ] C8 24 09 0E 25 A5 09 01 31 06 81 53 FF EC 98 5E F6 08 31 (19)
                              [N9:P] TPOS 'S' 255 236 152 94 (-1271714)
2026-02-25 17:10:19:163 [IN ] C8 24 09 0E 25 A5 09 01 31 06 81 45 FF EC 85 39 B0 77 31 (19)
                              [N9:P] TPOS 'E' 255 236 133 57 (-1276615)
2026-02-25 17:10:19:384 [OUT] 25 A5 01 09 31 05 81 FF EC 74 55 75 48 (13)
                              [N9:P] TPOS 255 236 116 85 (-1280939)
2026-02-25 17:10:19:572 [IN ] C8 24 09 0E 25 A5 09 01 31 06 81 53 FF EC 85 3A BF BE 31 (19)
                              [N9:P] TPOS 'S' 255 236 133 58 (-1276614)
2026-02-25 17:10:19:774 [IN ] C8 24 09 0E 25 A5 09 01 31 06 81 45 FF EC 72 0F 73 27 31 (19)
                              [N9:P] TPOS 'E' 255 236 114 15 (-1281521)
2026-02-25 17:10:19:996 [OUT] 25 A5 01 09 31 05 81 FF EC 61 38 45 05 (13)
                              [N9:P] TPOS 255 236 97 56 (-1285832)
2026-02-25 17:10:20:187 [IN ] C8 24 09 0E 25 A5 09 01 31 06 81 53 FF EC 72 10 82 6E 31 (19)
                              [N9:P] TPOS 'S' 255 236 114 16 (-1281520)
2026-02-25 17:10:20:388 [IN ] C8 24 09 0E 25 A5 09 01 31 06 81 45 FF EC 5E CB 1B BB 31 (19)
                              [N9:P] TPOS 'E' 255 236 94 203 (-1286453)
2026-02-25 17:10:20:610 [OUT] 25 A5 01 09 31 05 81 FF EC 4E 1C 16 C3 (13)
                              [N9:P] TPOS 255 236 78 28 (-1290724)
2026-02-25 17:10:20:799 [IN ] C8 24 09 0E 25 A5 09 01 31 06 81 53 FF EC 5E CC 2A 02 31 (19)
                              [N9:P] TPOS 'S' 255 236 94 204 (-1286452)
2026-02-25 17:10:21:000 [IN ] C8 24 09 0E 25 A5 09 01 31 06 81 45 FF EC 4B AD EA 77 31 (19)
                              [N9:P] TPOS 'E' 255 236 75 173 (-1291347)
2026-02-25 17:10:21:223 [OUT] 25 A5 01 09 31 05 81 FF EC 3A FF E5 7E (13)
                              [N9:P] TPOS 255 236 58 255 (-1295617)
2026-02-25 17:10:21:391 [IN ] C8 24 09 0E 25 A5 09 01 31 06 81 53 FF EC 4B AE F9 BE 31 (19)
                              [N9:P] TPOS 'S' 255 236 75 174 (-1291346)
2026-02-25 17:10:21:593 [IN ] C8 24 09 0E 25 A5 09 01 31 06 81 45 FF EC 38 88 B2 2C 31 (19)
                              [N9:P] TPOS 'E' 255 236 56 136 (-1296248)
2026-02-25 17:10:21:814 [OUT] 25 A5 01 09 31 05 81 FF EC 27 E3 B6 3C (13)
                              [N9:P] TPOS 255 236 39 227 (-1300509)
2026-02-25 17:10:22:004 [IN ] C8 24 09 0E 25 A5 09 01 31 06 81 53 FF EC 38 88 C0 72 31 (19)
                              [N9:P] TPOS 'S' 255 236 56 136 (-1296248)
2026-02-25 17:10:22:206 [IN ] C8 24 09 0E 25 A5 09 01 31 06 81 45 FF EC 25 80 97 FE 31 (19)
                              [N9:P] TPOS 'E' 255 236 37 128 (-1301120)
2026-02-25 17:10:22:426 [OUT] 25 A5 01 09 31 05 81 FF EC 14 C6 86 F9 (13)
                              [N9:P] TPOS 255 236 20 198 (-1305402)
2026-02-25 17:10:22:617 [IN ] C8 24 09 0E 25 A5 09 01 31 06 81 53 FF EC 25 81 A6 45 31 (19)
                              [N9:P] TPOS 'S' 255 236 37 129 (-1301119)
2026-02-25 17:10:22:818 [IN ] C8 24 09 0E 25 A5 09 01 31 06 81 45 FF EC 12 64 68 BC 31 (19)
                              [N9:P] TPOS 'E' 255 236 18 100 (-1306012)
2026-02-25 17:10:23:040 [OUT] 25 A5 01 09 31 05 81 FF EC 01 AA 57 B7 (13)
                              [N9:P] TPOS 255 236 1 170 (-1310294)
2026-02-25 17:10:23:208 [IN ] C8 24 09 0E 25 A5 09 01 31 06 81 53 FF EC 12 64 76 02 31 (19)
                              [N9:P] TPOS 'S' 255 236 18 100 (-1306012)
2026-02-25 17:10:23:410 [IN ] C8 24 09 0E 25 A5 09 01 31 06 81 45 FF EB FF 54 44 83 31 (19)
                              [N9:P] TPOS 'E' 255 235 255 84 (-1310892)
2026-02-25 17:10:23:631 [OUT] 25 A5 01 09 31 05 81 FF EB EE 8D 26 71 (13)
                              [N9:P] TPOS 255 235 238 141 (-1315187)
2026-02-25 17:10:23:818 [IN ] C8 24 09 0E 25 A5 09 01 31 06 81 53 FF EB FF 55 53 CA 31 (19)
                              [N9:P] TPOS 'S' 255 235 255 85 (-1310891)
2026-02-25 17:10:24:020 [IN ] C8 24 09 0E 25 A5 09 01 31 06 81 45 FF EB EC 50 2D 59 31 (19)
                              [N9:P] TPOS 'E' 255 235 236 80 (-1315760)
2026-02-25 17:10:24:242 [OUT] 25 A5 01 09 31 05 81 FF EB DB 71 F7 2F (13)
                              [N9:P] TPOS 255 235 219 113 (-1320079)
2026-02-25 17:10:24:411 [IN ] C8 24 09 0E 25 A5 09 01 31 06 81 53 FF EB EC 51 (16)
2026-02-25 17:10:24:433 [IN ] 3C A0 31 (3)
                              [N9:P] TPOS 'S' 255 235 236 81 (-1315759)
2026-02-25 17:10:24:635 [IN ] C8 24 09 0E 25 A5 09 01 31 06 81 45 FF EB D9 4B 15 2E 31 (19)
                              [N9:P] TPOS 'E' 255 235 217 75 (-1320629)
2026-02-25 17:10:24:857 [OUT] 25 A5 01 09 31 05 81 FF EB C8 55 C8 ED (13)
                              [N9:P] TPOS 255 235 200 85 (-1324971)
2026-02-25 17:10:25:045 [IN ] C8 24 09 0E 25 A5 09 01 31 06 81 53 FF EB D9 4C 24 75 31 (19)
                              [N9:P] TPOS 'S' 255 235 217 76 (-1320628)
2026-02-25 17:10:25:247 [IN ] C8 24 09 0E 25 A5 09 01 31 06 81 45 FF EB C6 34 EB F1 31 (19)
                              [N9:P] TPOS 'E' 255 235 198 52 (-1325516)
2026-02-25 17:10:25:469 [OUT] 25 A5 01 09 31 05 81 FF EB B5 38 98 AA (13)
                              [N9:P] TPOS 255 235 181 56 (-1329864)
2026-02-25 17:10:25:659 [IN ] C8 24 09 0E 25 A5 09 01 31 06 81 53 FF EB C6 35 FA 38 31 (19)
                              [N9:P] TPOS 'S' 255 235 198 53 (-1325515)
2026-02-25 17:10:25:860 [IN ] C8 24 09 0E 25 A5 09 01 31 06 81 45 FF EB B3 2E D2 C5 31 (19)
                              [N9:P] TPOS 'E' 255 235 179 46 (-1330386)
2026-02-25 17:10:26:082 [OUT] 25 A5 01 09 31 05 81 FF EB A2 1C 69 68 (13)
                              [N9:P] TPOS 255 235 162 28 (-1334756)
2026-02-25 17:10:26:272 [IN ] C8 24 09 0E 25 A5 09 01 31 06 81 53 FF EB B3 2F E1 0C 31 (19)
                              [N9:P] TPOS 'S' 255 235 179 47 (-1330385)
2026-02-25 17:10:26:474 [IN ] C8 24 09 0E 25 A5 09 01 31 06 81 45 FF EB 9F E1 71 50 31 (19)
                              [N9:P] TPOS 'E' 255 235 159 225 (-1335327)
2026-02-25 17:10:26:696 [OUT] 25 A5 01 09 31 05 81 FF EB 8E FF 38 23 (13)
                              [N9:P] TPOS 255 235 142 255 (-1339649)
2026-02-25 17:10:26:884 [IN ] C8 24 09 0E 25 A5 09 01 31 06 81 53 FF EB 9F E2 80 97 31 (19)
                              [N9:P] TPOS 'S' 255 235 159 226 (-1335326)
2026-02-25 17:10:27:086 [IN ] C8 24 09 0E 25 A5 09 01 31 06 81 45 FF EB 8C C3 40 0C 31 (19)
                              [N9:P] TPOS 'E' 255 235 140 195 (-1340221)
2026-02-25 17:10:27:308 [OUT] 25 A5 01 09 31 05 81 FF EB 7B E3 09 E1 (13)
                              [N9:P] TPOS 255 235 123 227 (-1344541)
2026-02-25 17:10:27:497 [IN ] C8 24 09 0E 25 A5 09 01 31 06 81 53 FF EB 8C C4 4F 53 31 (19)
                              [N9:P] TPOS 'S' 255 235 140 196 (-1340220)
2026-02-25 17:10:27:698 [IN ] C8 24 09 0E 25 A5 09 01 31 06 81 45 FF EB 79 A3 0D C6 31 (19)
                              [N9:P] TPOS 'E' 255 235 121 163 (-1345117)
2026-02-25 17:10:27:920 [OUT] 25 A5 01 09 31 05 81 FF EB 68 C6 D9 9E (13)
                              [N9:P] TPOS 255 235 104 198 (-1349434)
2026-02-25 17:10:28:109 [IN ] C8 24 09 0E 25 A5 09 01 31 06 81 53 FF EB 79 A4 1C 0D 31 (19)
                              [N9:P] TPOS 'S' 255 235 121 164 (-1345116)
2026-02-25 17:10:28:310 [IN ] C8 24 09 0E 25 A5 09 01 31 06 81 45 FF EB 66 86 DD 83 31 (19)
                              [N9:P] TPOS 'E' 255 235 102 134 (-1350010)
2026-02-25 17:10:28:533 [OUT] 25 A5 01 09 31 05 81 FF EB 55 AA AA 5C (13)
                              [N9:P] TPOS 255 235 85 170 (-1354326)
2026-02-25 17:10:28:722 [IN ] C8 24 09 0E 25 A5 09 01 31 06 81 53 FF EB 66 87 EC CA 31 (19)
                              [N9:P] TPOS 'S' 255 235 102 135 (-1350009)
2026-02-25 17:10:28:923 [IN ] C8 24 09 0E 25 A5 09 01 31 06 81 45 FF EB 53 76 BA 4D 31 (19)
                              [N9:P] TPOS 'E' 255 235 83 118 (-1354890)
2026-02-25 17:10:29:146 [OUT] 25 A5 01 09 31 05 81 FF EB 42 8D 7A 19 (13)
                              [N9:P] TPOS 255 235 66 141 (-1359219)
2026-02-25 17:10:29:314 [IN ] C8 24 09 0E 25 A5 09 01 31 06 81 53 FF EB 53 77 C9 94 31 (19)
                              [N9:P] TPOS 'S' 255 235 83 119 (-1354889)
2026-02-25 17:10:29:515 [IN ] C8 24 09 0E 25 A5 09 01 31 06 81 45 FF EB 40 4E 7F FF 31 (19)
                              [N9:P] TPOS 'E' 255 235 64 78 (-1359794)
2026-02-25 17:10:29:738 [OUT] 25 A5 01 09 31 05 81 FF EB 2F 71 4B D7 (13)
                              [N9:P] TPOS 255 235 47 113 (-1364111)
2026-02-25 17:10:29:926 [IN ] C8 24 09 0E 25 A5 09 01 31 06 81 53 FF EB 40 4F 8E 46 31 (19)
                              [N9:P] TPOS 'S' 255 235 64 79 (-1359793)
2026-02-25 17:10:30:127 [IN ] C8 24 09 0E 25 A5 09 01 31 06 81 45 FF EB 2D 3C 5A C7 31 (19)
                              [N9:P] TPOS 'E' 255 235 45 60 (-1364676)
2026-02-25 17:10:30:349 [OUT] 25 A5 01 09 31 05 81 FF EB 1C 55 1C 95 (13)
                              [N9:P] TPOS 255 235 28 85 (-1369003)
2026-02-25 17:10:30:539 [IN ] C8 24 09 0E 25 A5 09 01 31 06 81 53 FF EB 2D 3D 69 0E 31 (19)
                              [N9:P] TPOS 'S' 255 235 45 61 (-1364675)
2026-02-25 17:10:30:740 [IN ] C8 24 09 0E 25 A5 09 01 31 06 81 45 FF EB 1A 26 31 8B 31 (19)
                              [N9:P] TPOS 'E' 255 235 26 38 (-1369562)
2026-02-25 17:10:30:963 [OUT] 25 A5 01 09 31 05 81 FF EB 09 38 EC 52 (13)
                              [N9:P] TPOS 255 235 9 56 (-1373896)
2026-02-25 17:10:31:151 [IN ] C8 24 09 0E 25 A5 09 01 31 06 81 53 FF EB 1A 27 40 D2 31 (19)
                              [N9:P] TPOS 'S' 255 235 26 39 (-1369561)
2026-02-25 17:10:31:353 [IN ] C8 24 09 0E 25 A5 09 01 31 06 81 45 FF EB 07 07 FF 46 31 (19)
                              [N9:P] TPOS 'E' 255 235 7 7 (-1374457)
2026-02-25 17:10:31:575 [OUT] 25 A5 01 09 31 05 81 FF EA F6 1C BC 0D (13)
                              [N9:P] TPOS 255 234 246 28 (-1378788)
2026-02-25 17:10:31:742 [IN ] C8 24 09 0E (4)
2026-02-25 17:10:31:764 [IN ] 25 A5 09 01 31 06 81 53 FF EB 07 08 0E 8D 31 (15)
                              [N9:P] TPOS 'S' 255 235 7 8 (-1374456)
2026-02-25 17:10:31:965 [IN ] C8 24 09 0E 25 A5 09 01 31 06 81 45 FF EA F3 F9 DC 0D 31 (19)
                              [N9:P] TPOS 'E' 255 234 243 249 (-1379335)
2026-02-25 17:10:32:188 [OUT] 25 A5 01 09 31 05 81 FF EA E2 FF 8B C8 (13)
                              [N9:P] TPOS 255 234 226 255 (-1383681)
2026-02-25 17:10:32:377 [IN ] C8 24 09 0E 25 A5 09 01 31 06 81 53 FF EA F3 FA EB 54 31 (19)
                              [N9:P] TPOS 'S' 255 234 243 250 (-1379334)
2026-02-25 17:10:32:579 [IN ] C8 24 09 0E 25 A5 09 01 31 06 81 45 FF EA E0 CD 9D BB 31 (19)
                              [N9:P] TPOS 'E' 255 234 224 205 (-1384243)
2026-02-25 17:10:32:801 [OUT] 25 A5 01 09 31 05 81 FF EA CF E3 5C 86 (13)
                              [N9:P] TPOS 255 234 207 227 (-1388573)
2026-02-25 17:10:32:991 [IN ] C8 24 09 0E 25 A5 09 01 31 06 81 53 FF EA E0 CE AC 02 31 (19)
                              [N9:P] TPOS 'S' 255 234 224 206 (-1384242)
2026-02-25 17:10:33:195 [IN ] C8 24 09 0E 25 A5 09 01 31 06 81 45 FF EA CD C3 80 8B 31 (19)
                              [N9:P] TPOS 'E' 255 234 205 195 (-1389117)
2026-02-25 17:10:33:416 [OUT] 25 A5 01 09 31 05 81 FF EA BC C6 2C 43 (13)
                              [N9:P] TPOS 255 234 188 198 (-1393466)
2026-02-25 17:10:33:605 [IN ] C8 24 09 0E 25 A5 09 01 31 06 81 53 FF EA CD C5 90 D3 31 (19)
                              [N9:P] TPOS 'S' 255 234 205 197 (-1389115)
2026-02-25 17:10:33:807 [IN ] C8 24 09 0E 25 A5 09 01 31 06 81 45 FF EA BA A5 4F 47 31 (19)
                              [N9:P] TPOS 'E' 255 234 186 165 (-1394011)
2026-02-25 17:10:34:029 [OUT] 25 A5 01 09 31 05 81 FF EA A9 AA FD 01 (13)
                              [N9:P] TPOS 255 234 169 170 (-1398358)
2026-02-25 17:10:34:217 [IN ] C8 24 09 0E 25 A5 09 01 31 06 81 53 FF EA BA A5 5D 8D 31 (19)
                              [N9:P] TPOS 'S' 255 234 186 165 (-1394011)
2026-02-25 17:10:34:418 [IN ] C8 24 09 0E 25 A5 09 01 31 06 81 45 FF EA A7 97 2E 13 31 (19)
                              [N9:P] TPOS 'E' 255 234 167 151 (-1398889)
2026-02-25 17:10:34:640 [OUT] 25 A5 01 09 31 05 81 FF EA 96 8D CD BE (13)
                              [N9:P] TPOS 255 234 150 141 (-1403251)
2026-02-25 17:10:34:830 [IN ] C8 24 09 0E 25 A5 09 01 31 06 81 53 FF EA A7 98 3D 5A 31 (19)
                              [N9:P] TPOS 'S' 255 234 167 152 (-1398888)
2026-02-25 17:10:35:030 [IN ] C8 24 09 0E 25 A5 09 01 31 06 81 45 FF EA 94 8E 12 E4 31 (19)
                              [N9:P] TPOS 'E' 255 234 148 142 (-1403762)
2026-02-25 17:10:35:253 [OUT] 25 A5 01 09 31 05 81 FF EA 83 71 9E 7C (13)
                              [N9:P] TPOS 255 234 131 113 (-1408143)
2026-02-25 17:10:35:442 [IN ] C8 24 09 0E 25 A5 09 01 31 06 81 53 FF EA 94 8F 21 2B 31 (19)
                              [N9:P] TPOS 'S' 255 234 148 143 (-1403761)
2026-02-25 17:10:35:644 [IN ] C8 24 09 0E 25 A5 09 01 31 06 81 45 FF EA 81 57 C8 87 31 (19)
                              [N9:P] TPOS 'E' 255 234 129 87 (-1408681)
2026-02-25 17:10:35:865 [OUT] 25 A5 01 09 31 05 81 FF EA 70 55 6F 3A (13)
                              [N9:P] TPOS 255 234 112 85 (-1413035)
2026-02-25 17:10:36:054 [IN ] C8 24 09 0E 25 A5 09 01 31 06 81 53 FF EA 81 59 D8 CF 31 (19)
                              [N9:P] TPOS 'S' 255 234 129 89 (-1408679)
2026-02-25 17:10:36:256 [IN ] C8 24 09 0E 25 A5 09 01 31 06 81 45 FF EA 6E 4C AA 56 31 (19)
                              [N9:P] TPOS 'E' 255 234 110 76 (-1413556)
2026-02-25 17:10:36:478 [OUT] 25 A5 01 09 31 05 81 FF EA 5D 38 3F F7 (13)
                              [N9:P] TPOS 255 234 93 56 (-1417928)
2026-02-25 17:10:36:646 [IN ] C8 24 09 0E 25 A5 09 01 31 06 81 53 FF EA 6E 4C B8 9C 31 (19)
                              [N9:P] TPOS 'S' 255 234 110 76 (-1413556)
2026-02-25 17:10:36:847 [IN ] C8 24 09 0E 25 A5 09 01 31 06 81 45 FF EA 5B 4A 95 2E 31 (19)
                              [N9:P] TPOS 'E' 255 234 91 74 (-1418422)
2026-02-25 17:10:37:069 [OUT] 25 A5 01 09 31 05 81 FF EA 4A 1C 10 B5 (13)
                              [N9:P] TPOS 255 234 74 28 (-1422820)
2026-02-25 17:10:37:236 [IN ] C8 24 09 0E 25 A5 09 01 31 06 81 53 FF EA 5B 4B A4 75 31 (19)
                              [N9:P] TPOS 'S' 255 234 91 75 (-1418421)
2026-02-25 17:10:37:438 [IN ] C8 24 09 0E 25 A5 09 01 31 06 81 45 FF EA 48 22 5A E0 31 (19)
                              [N9:P] TPOS 'E' 255 234 72 34 (-1423326)
2026-02-25 17:10:37:661 [OUT] 25 A5 01 09 31 05 81 FF EA 36 FF DF 70 (13)
                              [N9:P] TPOS 255 234 54 255 (-1427713)
2026-02-25 17:10:37:828 [IN ] C8 24 09 0E 25 A5 09 01 31 06 81 53 FF EA 48 23 69 27 31 (19)
                              [N9:P] TPOS 'S' 255 234 72 35 (-1423325)
2026-02-25 17:10:38:030 [IN ] C8 24 09 0E 25 A5 09 01 31 06 81 45 FF EA 35 24 49 BC 31 (19)
                              [N9:P] TPOS 'E' 255 234 53 36 (-1428188)
2026-02-25 17:10:38:252 [OUT] 25 A5 01 09 31 05 81 FF EA 23 E3 B0 2E (13)
                              [N9:P] TPOS 255 234 35 227 (-1432605)
2026-02-25 17:10:38:421 [IN ] C8 24 09 0E 25 A5 09 01 31 06 81 53 FF EA 35 25 58 03 31 (19)
                              [N9:P] TPOS 'S' 255 234 53 37 (-1428187)
2026-02-25 17:10:38:623 [IN ] C8 24 09 0E 25 A5 09 01 31 06 81 45 FF EA 22 1A 2C 8C 31 (19)
                              [N9:P] TPOS 'E' 255 234 34 26 (-1433062)
2026-02-25 17:10:38:846 [OUT] 25 A5 01 09 31 05 81 FF EA 10 C6 80 EB (13)
                              [N9:P] TPOS 255 234 16 198 (-1437498)
2026-02-25 17:10:39:016 [IN ] C8 24 09 0E 25 A5 09 01 31 06 81 53 FF EA 22 1B 3B D3 31 (19)
                              [N9:P] TPOS 'S' 255 234 34 27 (-1433061)
2026-02-25 17:10:39:218 [IN ] C8 24 09 0E 25 A5 09 01 31 06 81 45 FF EA 0F 02 01 4E 31 (19)
                              [N9:P] TPOS 'E' 255 234 15 2 (-1437950)
2026-02-25 17:10:39:440 [OUT] 25 A5 01 09 31 05 81 FF E9 FD AA 50 A6 (13)
                              [N9:P] TPOS 255 233 253 170 (-1442390)
2026-02-25 17:10:39:629 [IN ] C8 24 09 0E 25 A5 09 01 31 06 81 53 FF EA 0F 03 10 95 31 (19)
                              [N9:P] TPOS 'S' 255 234 15 3 (-1437949)
2026-02-25 17:10:39:830 [IN ] C8 24 09 0E 25 A5 09 01 31 06 81 45 FF E9 FB DB C5 FC 31 (19)
                              [N9:P] TPOS 'E' 255 233 251 219 (-1442853)
2026-02-25 17:10:40:051 [OUT] 25 A5 01 09 31 05 81 FF E9 EA 8D 20 63 (13)
                              [N9:P] TPOS 255 233 234 141 (-1447283)
2026-02-25 17:10:40:240 [IN ] C8 24 09 0E 25 A5 09 01 31 06 81 53 FF E9 FB DD D5 44 31 (19)
                              [N9:P] TPOS 'S' 255 233 251 221 (-1442851)
2026-02-25 17:10:40:442 [IN ] C8 24 09 0E 25 A5 09 01 31 06 81 45 FF E9 E8 98 6F 93 31 (19)
                              [N9:P] TPOS 'E' 255 233 232 152 (-1447784)
2026-02-25 17:10:40:664 [OUT] 25 A5 01 09 31 05 81 FF E9 D7 71 F1 21 (13)
                              [N9:P] TPOS 255 233 215 113 (-1452175)
2026-02-25 17:10:40:854 [IN ] C8 24 09 0E 25 A5 09 01 31 06 81 53 FF E9 E8 99 7E DA 31 (19)
                              [N9:P] TPOS 'S' 255 233 232 153 (-1447783)
2026-02-25 17:10:41:055 [IN ] C8 24 09 0E 25 A5 09 01 31 06 81 45 FF E9 D5 76 3A 4B 31 (19)
                              [N9:P] TPOS 'E' 255 233 213 118 (-1452682)
2026-02-25 17:10:41:277 [OUT] 25 A5 01 09 31 05 81 FF E9 C4 55 C2 DF (13)
                              [N9:P] TPOS 255 233 196 85 (-1457067)
2026-02-25 17:10:41:467 [IN ] C8 24 09 0E 25 A5 09 01 31 06 81 53 FF E9 D5 78 4A 93 31 (19)
                              [N9:P] TPOS 'S' 255 233 213 120 (-1452680)
2026-02-25 17:10:41:669 [IN ] C8 24 09 0E 25 A5 09 01 31 06 81 45 FF E9 C2 60 11 0F 31 (19)
                              [N9:P] TPOS 'E' 255 233 194 96 (-1457568)
2026-02-25 17:10:41:890 [OUT] 25 A5 01 09 31 05 81 FF E9 B1 38 92 9C (13)
                              [N9:P] TPOS 255 233 177 56 (-1461960)
2026-02-25 17:10:42:060 [IN ] C8 24 09 0E 25 A5 09 01 31 06 81 53 FF E9 C2 62 21 57 31 (19)
                              [N9:P] TPOS 'S' 255 233 194 98 (-1457566)
2026-02-25 17:10:42:262 [IN ] C8 24 09 0E 25 A5 09 01 31 06 81 45 FF E9 AF 2F CD B8 31 (19)
                              [N9:P] TPOS 'E' 255 233 175 47 (-1462481)
2026-02-25 17:10:42:484 [OUT] 25 A5 01 09 31 05 81 FF E9 9E 1C 63 5A (13)
                              [N9:P] TPOS 255 233 158 28 (-1466852)
2026-02-25 17:10:42:676 [IN ] C8 24 09 0E 25 A5 09 01 31 06 81 53 FF E9 AF 31 DD 00 31 (19)
                              [N9:P] TPOS 'S' 255 233 175 49 (-1462479)
2026-02-25 17:10:42:878 [IN ] C8 24 09 0E 25 A5 09 01 31 06 81 45 FF E9 9C 0A 95 6D 31 (19)
                              [N9:P] TPOS 'E' 255 233 156 10 (-1467382)
2026-02-25 17:10:43:100 [OUT] 25 A5 01 09 31 05 81 FF E9 8A FF 32 15 (13)
                              [N9:P] TPOS 255 233 138 255 (-1471745)
2026-02-25 17:10:43:290 [IN ] C8 24 09 0E 25 A5 09 01 31 06 81 53 FF E9 9C 0B A4 B4 31 (19)
                              [N9:P] TPOS 'S' 255 233 156 11 (-1467381)
2026-02-25 17:10:43:490 [IN ] C8 24 09 0E 25 A5 09 01 31 06 81 45 FF E9 88 BC 33 F7 31 (19)
                              [N9:P] TPOS 'E' 255 233 136 188 (-1472324)
2026-02-25 17:10:43:715 [OUT] 25 A5 01 09 31 05 81 FF E9 77 E3 03 D3 (13)
                              [N9:P] TPOS 255 233 119 227 (-1476637)
2026-02-25 17:10:43:904 [IN ] C8 24 09 0E 25 A5 09 01 31 06 81 53 FF E9 88 BD 42 3E 31 (19)
                              [N9:P] TPOS 'S' 255 233 136 189 (-1472323)
2026-02-25 17:10:44:105 [IN ] C8 24 09 0E 25 A5 09 01 31 06 81 45 FF E9 75 90 F4 A5 31 (19)
                              [N9:P] TPOS 'E' 255 233 117 144 (-1477232)
2026-02-25 17:10:44:327 [OUT] 25 A5 01 09 31 05 81 FF E9 64 C6 D3 90 (13)
                              [N9:P] TPOS 255 233 100 198 (-1481530)
2026-02-25 17:10:44:517 [IN ] C8 24 09 0E 25 A5 09 01 31 06 81 53 FF E9 75 91 03 EC 31 (19)
                              [N9:P] TPOS 'S' 255 233 117 145 (-1477231)
2026-02-25 17:10:44:718 [IN ] C8 24 09 0E 25 A5 09 01 31 06 81 45 FF E9 62 80 D1 6F 31 (19)
                              [N9:P] TPOS 'E' 255 233 98 128 (-1482112)
2026-02-25 17:10:44:940 [OUT] 25 A5 01 09 31 05 81 FF E9 51 AA A4 4E (13)
                              [N9:P] TPOS 255 233 81 170 (-1486422)
2026-02-25 17:10:45:128 [IN ] C8 24 09 0E 25 A5 09 01 31 06 81 53 FF E9 62 81 E0 B6 31 (19)
                              [N9:P] TPOS 'S' 255 233 98 129 (-1482111)
2026-02-25 17:10:45:329 [IN ] C8 24 09 0E 25 A5 09 01 31 06 81 45 FF E9 4F 51 8F 1A 31 (19)
                              [N9:P] TPOS 'E' 255 233 79 81 (-1487023)
2026-02-25 17:10:45:552 [OUT] 25 A5 01 09 31 05 81 FF E9 3E 8D 74 0B (13)
                              [N9:P] TPOS 255 233 62 141 (-1491315)
2026-02-25 17:10:45:720 [IN ] C8 24 09 0E 25 A5 09 01 31 06 81 53 FF E9 4F 51 9D 60 31 (19)
                              [N9:P] TPOS 'S' 255 233 79 81 (-1487023)
2026-02-25 17:10:45:922 [IN ] C8 24 09 0E 25 A5 09 01 31 06 81 45 FF E9 3C 51 7C F4 31 (19)
                              [N9:P] TPOS 'E' 255 233 60 81 (-1491887)
2026-02-25 17:10:46:144 [OUT] 25 A5 01 09 31 05 81 FF E9 2B 71 45 C9 (13)
                              [N9:P] TPOS 255 233 43 113 (-1496207)
2026-02-25 17:10:46:311 [IN ] C8 24 09 0E 25 A5 09 01 31 06 81 53 FF E9 3C 51 8A 3A 31 (19)
                              [N9:P] TPOS 'S' 255 233 60 81 (-1491887)
2026-02-25 17:10:46:512 [IN ] C8 24 09 0E 25 A5 09 01 31 06 81 45 FF E9 29 3A 52 B7 31 (19)
                              [N9:P] TPOS 'E' 255 233 41 58 (-1496774)
2026-02-25 17:10:46:734 [OUT] 25 A5 01 09 31 05 81 FF E9 18 55 16 87 (13)
                              [N9:P] TPOS 255 233 24 85 (-1501099)
2026-02-25 17:10:46:901 [IN ] C8 24 09 0E 25 A5 09 01 31 06 81 53 FF E9 29 3A 60 FD 31 (19)
                              [N9:P] TPOS 'S' 255 233 41 58 (-1496774)
2026-02-25 17:10:47:106 [IN ] C8 24 09 0E 25 A5 09 01 31 06 81 45 FF E9 16 3F 44 96 31 (19)
                              [N9:P] TPOS 'E' 255 233 22 63 (-1501633)
2026-02-25 17:10:47:329 [OUT] 25 A5 01 09 31 05 81 FF E9 05 38 E6 44 (13)
                              [N9:P] TPOS 255 233 5 56 (-1505992)
2026-02-25 17:10:47:518 [IN ] C8 24 09 0E 25 A5 09 01 31 06 81 53 FF E9 16 3F 52 DC 31 (19)
                              [N9:P] TPOS 'S' 255 233 22 63 (-1501633)
2026-02-25 17:10:47:719 [IN ] C8 24 09 0E 25 A5 09 01 31 06 81 45 FF E9 03 43 35 74 31 (19)
                              [N9:P] TPOS 'E' 255 233 3 67 (-1506493)
2026-02-25 17:10:47:941 [OUT] 25 A5 01 09 31 05 81 FF E8 F2 1C B6 FF (13)
                              [N9:P] TPOS 255 232 242 28 (-1510884)
2026-02-25 17:10:48:130 [IN ] C8 24 09 0E 25 A5 09 01 31 06 81 53 FF E9 03 44 (16)
2026-02-25 17:10:48:151 [IN ] 44 BB 31 (3)
                              [N9:P] TPOS 'S' 255 233 3 68 (-1506492)
2026-02-25 17:10:48:352 [IN ] C8 24 09 0E 25 A5 09 01 31 06 81 45 FF E8 F0 0B E9 13 31 (19)
                              [N9:P] TPOS 'E' 255 232 240 11 (-1511413)
2026-02-25 17:10:48:575 [OUT] 25 A5 01 09 31 05 81 FF E8 DE FF 85 BA (13)
                              [N9:P] TPOS 255 232 222 255 (-1515777)
2026-02-25 17:10:48:764 [IN ] C8 24 09 0E 25 A5 09 01 31 06 81 53 FF E8 F0 0B F7 59 31 (19)
                              [N9:P] TPOS 'S' 255 232 240 11 (-1511413)
2026-02-25 17:10:48:966 [IN ] C8 24 09 0E 25 A5 09 01 31 06 81 45 FF E8 DD 0A D5 EC 31 (19)
                              [N9:P] TPOS 'E' 255 232 221 10 (-1516278)
2026-02-25 17:10:49:188 [OUT] 25 A5 01 09 31 05 81 FF E8 CB E3 56 78 (13)
                              [N9:P] TPOS 255 232 203 227 (-1520669)
2026-02-25 17:10:49:378 [IN ] C8 24 09 0E 25 A5 09 01 31 06 81 53 FF E8 DD 0B E4 33 31 (19)
                              [N9:P] TPOS 'S' 255 232 221 11 (-1516277)
2026-02-25 17:10:49:579 [IN ] C8 24 09 0E 25 A5 09 01 31 06 81 45 FF E8 C9 F2 A9 AC 31 (19)
                              [N9:P] TPOS 'E' 255 232 201 242 (-1521166)
2026-02-25 17:10:49:802 [OUT] 25 A5 01 09 31 05 81 FF E8 B8 C6 26 35 (13)
                              [N9:P] TPOS 255 232 184 198 (-1525562)
2026-02-25 17:10:49:991 [IN ] C8 24 09 0E 25 A5 09 01 31 06 81 53 FF E8 C9 F3 B8 F3 31 (19)
                              [N9:P] TPOS 'S' 255 232 201 243 (-1521165)
2026-02-25 17:10:50:193 [IN ] C8 24 09 0E 25 A5 09 01 31 06 81 45 FF E8 B6 D0 74 64 31 (19)
                              [N9:P] TPOS 'E' 255 232 182 208 (-1526064)
2026-02-25 17:10:50:414 [OUT] 25 A5 01 09 31 05 81 FF E8 A5 AA F7 F3 (13)
                              [N9:P] TPOS 255 232 165 170 (-1530454)
2026-02-25 17:10:50:603 [IN ] C8 24 09 0E 25 A5 09 01 31 06 81 53 FF E8 B6 D1 83 AB 31 (19)
                              [N9:P] TPOS 'S' 255 232 182 209 (-1526063)
2026-02-25 17:10:50:804 [IN ] C8 24 09 0E 25 A5 09 01 31 06 81 45 FF E8 A3 B2 43 20 31 (19)
                              [N9:P] TPOS 'E' 255 232 163 178 (-1530958)
2026-02-25 17:10:51:027 [OUT] 25 A5 01 09 31 05 81 FF E8 92 8D C7 B0 (13)
                              [N9:P] TPOS 255 232 146 141 (-1535347)
2026-02-25 17:10:51:216 [IN ] C8 24 09 0E 25 A5 09 01 31 06 81 53 FF E8 A3 B4 53 68 31 (19)
                              [N9:P] TPOS 'S' 255 232 163 180 (-1530956)
2026-02-25 17:10:51:417 [IN ] C8 24 09 0E 25 A5 09 01 31 06 81 45 FF E8 90 96 14 DE 31 (19)
                              [N9:P] TPOS 'E' 255 232 144 150 (-1535850)
2026-02-25 17:10:51:639 [OUT] 25 A5 01 09 31 05 81 FF E8 7F 71 98 6E (13)
                              [N9:P] TPOS 255 232 127 113 (-1540239)
2026-02-25 17:10:51:807 [IN ] C8 24 09 0E 25 A5 09 01 31 06 81 53 FF E8 90 97 23 25 31 (19)
                              [N9:P] TPOS 'S' 255 232 144 151 (-1535849)
2026-02-25 17:10:52:008 [IN ] C8 24 09 0E 25 A5 09 01 31 06 81 45 FF E8 7D 80 EB A2 31 (19)
                              [N9:P] TPOS 'E' 255 232 125 128 (-1540736)
2026-02-25 17:10:52:230 [OUT] 25 A5 01 09 31 05 81 FF E8 6C 55 69 2C (13)
                              [N9:P] TPOS 255 232 108 85 (-1545131)
2026-02-25 17:10:52:419 [IN ] C8 24 09 0E 25 A5 09 01 31 06 81 53 FF E8 7D 82 FB EA 31 (19)
                              [N9:P] TPOS 'S' 255 232 125 130 (-1540734)
2026-02-25 17:10:52:621 [IN ] C8 24 09 0E 25 A5 09 01 31 06 81 45 FF E8 6A 3E 96 3A 31 (19)
                              [N9:P] TPOS 'E' 255 232 106 62 (-1545666)
2026-02-25 17:10:52:843 [OUT] 25 A5 01 09 31 05 81 FF E8 59 38 39 E9 (13)
                              [N9:P] TPOS 255 232 89 56 (-1550024)
2026-02-25 17:10:53:032 [IN ] C8 24 09 0E 25 A5 09 01 31 06 81 53 FF E8 6A 3F A5 81 31 (19)
                              [N9:P] TPOS 'S' 255 232 106 63 (-1545665)
2026-02-25 17:10:53:234 [IN ] C8 24 09 0E 25 A5 09 01 31 06 81 45 FF E8 57 02 47 D8 31 (19)
                              [N9:P] TPOS 'E' 255 232 87 2 (-1550590)
2026-02-25 17:10:53:456 [OUT] 25 A5 01 09 31 05 81 FF E8 46 1C 0A A7 (13)
                              [N9:P] TPOS 255 232 70 28 (-1554916)
2026-02-25 17:10:53:645 [IN ] C8 24 09 0E 25 A5 09 01 31 06 81 53 FF E8 57 03 56 1F 31 (19)
                              [N9:P] TPOS 'S' 255 232 87 3 (-1550589)
2026-02-25 17:10:53:847 [IN ] C8 24 09 0E 25 A5 09 01 31 06 81 45 FF E8 43 E4 15 92 31 (19)
                              [N9:P] TPOS 'E' 255 232 67 228 (-1555484)
2026-02-25 17:10:54:069 [OUT] 25 A5 01 09 31 05 81 FF E8 32 FF D9 62 (13)
                              [N9:P] TPOS 255 232 50 255 (-1559809)
2026-02-25 17:10:54:258 [IN ] C8 24 09 0E 25 A5 09 01 31 06 81 53 FF E8 43 E6 25 DA 31 (19)
                              [N9:P] TPOS 'S' 255 232 67 230 (-1555482)
2026-02-25 17:10:54:460 [IN ] C8 24 09 0E 25 A5 09 01 31 06 81 45 FF E8 30 AF CD 37 31 (19)
                              [N9:P] TPOS 'E' 255 232 48 175 (-1560401)
2026-02-25 17:10:54:682 [OUT] 25 A5 01 09 31 05 81 FF E8 1F E3 AA 20 (13)
                              [N9:P] TPOS 255 232 31 227 (-1564701)
2026-02-25 17:10:54:852 [IN ] C8 24 09 0E 25 A5 09 01 31 06 81 53 FF E8 30 B0 DC (17)
2026-02-25 17:10:54:873 [IN ] 7E 31 (2)
                              [N9:P] TPOS 'S' 255 232 48 176 (-1560400)
2026-02-25 17:10:55:075 [IN ] C8 24 09 0E 25 A5 09 01 31 06 81 45 FF E8 1D 8B 96 ED 31 (19)
                              [N9:P] TPOS 'E' 255 232 29 139 (-1565301)
2026-02-25 17:10:55:298 [OUT] 25 A5 01 09 31 05 81 FF E8 0C C6 7A DD (13)
                              [N9:P] TPOS 255 232 12 198 (-1569594)
2026-02-25 17:10:55:488 [IN ] C8 24 09 0E 25 A5 09 01 31 06 81 53 FF E8 1D 8C A5 34 31 (19)
                              [N9:P] TPOS 'S' 255 232 29 140 (-1565300)
2026-02-25 17:10:55:689 [IN ] C8 24 09 0E 25 A5 09 01 31 06 81 45 FF E8 0A 6C 64 A8 31 (19)
                              [N9:P] TPOS 'E' 255 232 10 108 (-1570196)
2026-02-25 17:10:55:911 [OUT] 25 A5 01 09 31 05 81 FF E7 F9 AA 4A 98 (13)
                              [N9:P] TPOS 255 231 249 170 (-1574486)
2026-02-25 17:10:56:100 [IN ] C8 24 09 0E 25 A5 09 01 31 06 81 53 FF E8 0A 6C 72 EE 31 (19)
                              [N9:P] TPOS 'S' 255 232 10 108 (-1570196)
2026-02-25 17:10:56:301 [IN ] C8 24 09 0E 25 A5 09 01 31 06 81 45 FF E7 F7 54 38 67 31 (19)
                              [N9:P] TPOS 'E' 255 231 247 84 (-1575084)
2026-02-25 17:10:56:523 [OUT] 25 A5 01 09 31 05 81 FF E7 E6 8D 1A 55 (13)
                              [N9:P] TPOS 255 231 230 141 (-1579379)
2026-02-25 17:10:56:712 [IN ] C8 24 09 0E 25 A5 09 01 31 06 81 53 FF E7 F7 54 46 AD 31 (19)
                              [N9:P] TPOS 'S' 255 231 247 84 (-1575084)
2026-02-25 17:10:56:913 [IN ] C8 24 09 0E 25 A5 09 01 31 06 81 45 FF E7 E4 71 42 5E 31 (19)
                              [N9:P] TPOS 'E' 255 231 228 113 (-1579919)
2026-02-25 17:10:57:136 [OUT] 25 A5 01 09 31 05 81 FF E7 D3 71 EB 13 (13)
                              [N9:P] TPOS 255 231 211 113 (-1584271)
2026-02-25 17:10:57:324 [IN ] C8 24 09 0E 25 A5 09 01 31 06 81 53 FF E7 E4 72 51 A5 31 (19)
                              [N9:P] TPOS 'S' 255 231 228 114 (-1579918)
2026-02-25 17:10:57:526 [IN ] C8 24 09 0E 25 A5 09 01 31 06 81 45 FF E7 D1 6C 2A 33 31 (19)
                              [N9:P] TPOS 'E' 255 231 209 108 (-1584788)
2026-02-25 17:10:57:748 [OUT] 25 A5 01 09 31 05 81 FF E7 C0 55 BC D1 (13)
                              [N9:P] TPOS 255 231 192 85 (-1589163)
2026-02-25 17:10:57:936 [IN ] C8 24 09 0E 25 A5 09 01 31 06 81 53 FF E7 D1 6D 39 7A 31 (19)
                              [N9:P] TPOS 'S' 255 231 209 109 (-1584787)
2026-02-25 17:10:58:137 [IN ] C8 24 09 0E 25 A5 09 01 31 06 81 45 FF E7 BE 66 11 07 31 (19)
                              [N9:P] TPOS 'E' 255 231 190 102 (-1589658)
2026-02-25 17:10:58:359 [OUT] 25 A5 01 09 31 05 81 FF E7 AD 38 8C 8E (13)
                              [N9:P] TPOS 255 231 173 56 (-1594056)
2026-02-25 17:10:58:549 [IN ] C8 24 09 0E 25 A5 09 01 31 06 81 53 FF E7 BE 66 1F 4D 31 (19)
                              [N9:P] TPOS 'S' 255 231 190 102 (-1589658)
2026-02-25 17:10:58:750 [IN ] C8 24 09 0E 25 A5 09 01 31 06 81 45 FF E7 AB 76 0E F1 31 (19)
                              [N9:P] TPOS 'E' 255 231 171 118 (-1594506)
2026-02-25 17:10:58:974 [OUT] 25 A5 01 09 31 05 81 FF E7 9A 1C 5D 4C (13)
                              [N9:P] TPOS 255 231 154 28 (-1598948)
2026-02-25 17:10:59:165 [IN ] C8 24 09 0E 25 A5 09 01 31 06 81 53 FF E7 AB 77 1D 38 31 (19)
                              [N9:P] TPOS 'S' 255 231 171 119 (-1594505)
2026-02-25 17:10:59:366 [IN ] C8 24 09 0E 25 A5 09 01 31 06 81 45 FF E7 98 5E E3 B3 31 (19)
                              [N9:P] TPOS 'E' 255 231 152 94 (-1599394)
2026-02-25 17:10:59:588 [OUT] 25 A5 01 09 31 05 81 FF E7 86 FF 2C 07 (13)
                              [N9:P] TPOS 255 231 134 255 (-1603841)
2026-02-25 17:10:59:776 [IN ] C8 24 09 0E 25 A5 09 01 31 06 81 53 FF E7 98 5F F2 FA 31 (19)
                              [N9:P] TPOS 'S' 255 231 152 95 (-1599393)
2026-02-25 17:10:59:978 [IN ] C8 24 09 0E 25 A5 09 01 31 06 81 45 FF E7 85 56 C8 85 31 (19)
                              [N9:P] TPOS 'E' 255 231 133 86 (-1604266)
2026-02-25 17:11:00:201 [OUT] 25 A5 01 09 31 05 81 FF E7 73 E3 FD C5 (13)
                              [N9:P] TPOS 255 231 115 227 (-1608733)
2026-02-25 17:11:00:388 [IN ] C8 24 09 0E 25 A5 09 01 31 06 81 53 FF E7 85 57 D7 CC 31 (19)
                              [N9:P] TPOS 'S' 255 231 133 87 (-1604265)
2026-02-25 17:11:00:589 [IN ] C8 24 09 0E 25 A5 09 01 31 06 81 45 FF E7 72 33 92 3C 31 (19)
                              [N9:P] TPOS 'E' 255 231 114 51 (-1609165)
2026-02-25 17:11:00:811 [OUT] 25 A5 01 09 31 05 81 FF E7 60 C6 CD 82 (13)
                              [N9:P] TPOS 255 231 96 198 (-1613626)
2026-02-25 17:11:00:980 [IN ] C8 24 09 0E 25 A5 09 01 31 06 81 53 FF E7 72 34 A1 83 31 (19)
                              [N9:P] TPOS 'S' 255 231 114 52 (-1609164)
2026-02-25 17:11:01:182 [IN ] C8 24 09 0E 25 A5 09 01 31 06 81 45 FF E7 5F 0B 57 EE 31 (19)
                              [N9:P] TPOS 'E' 255 231 95 11 (-1614069)
2026-02-25 17:11:01:404 [OUT] 25 A5 01 09 31 05 81 FF E7 4D AA 9E 40 (13)
                              [N9:P] TPOS 255 231 77 170 (-1618518)
2026-02-25 17:11:01:570 [IN ] C8 24 09 0E 25 A5 09 01 31 06 81 53 FF E7 5F 0C 66 35 (18)
                              [N9:P] TPOS 'S' 255 231 95 12 (-1614068)
2026-02-25 17:11:01:773 [IN ] 31 C8 24 09 0E 25 A5 09 01 31 06 81 45 FF E7 4B F7 2F B2 31 (20)
                              [N9:P] TPOS 'E' 255 231 75 247 (-1618953)
2026-02-25 17:11:01:995 [OUT] 25 A5 01 09 31 05 81 FF E7 3A 8D 6E FD (13)
                              [N9:P] TPOS 255 231 58 141 (-1623411)
2026-02-25 17:11:02:162 [IN ] C8 24 09 0E 25 A5 09 01 31 06 81 53 FF (13)
2026-02-25 17:11:02:183 [IN ] E7 4B F9 3F FA 31 (6)
                              [N9:P] TPOS 'S' 255 231 75 249 (-1618951)
2026-02-25 17:11:02:386 [IN ] C8 24 09 0E 25 A5 09 01 31 06 81 45 FF E7 38 CF F4 64 31 (19)
                              [N9:P] TPOS 'E' 255 231 56 207 (-1623857)
