2026-02-25 17:14:27:637 [OUT] 25 A5 01 0A 31 05 D6 3D FF 00 00 53 ED (13)
                              [N10:HMI] HMILED '=' 255 0 0 (16711680)
2026-02-25 17:14:27:660 [OUT] 25 A5 01 0C 31 05 81 FF DF 7D 11 30 07 (13)
                              [N12:Z] TPOS 255 223 125 17 (-2130671)
2026-02-25 17:14:27:683 [OUT] 25 A5 01 05 31 05 81 00 0B D6 41 DF 39 (13)
                              [N5:V] TPOS 0 11 214 65 (775745)
2026-02-25 17:14:27:704 [OUT] 25 A5 01 06 31 05 81 00 0C 91 D9 34 52 (13)
                              [N6:H] TPOS 0 12 145 217 (823769)
2026-02-25 17:14:27:833 [IN ] C8 24 0A 0D 25 A5 0A 01 31 05 D6 3A FF 00 00 50 EA A4 (18)
                              [N10:HMI] HMILED ':' 255 0 0 (16711680)
2026-02-25 17:14:27:959 [IN ] C8 24 0C 0E 25 A5 0C 01 31 06 81 53 FF CB 55 12 49 F1 05 (19)
                              [N12:Z] TPOS 'S' 255 203 85 18 (-3451630)
2026-02-25 17:14:28:087 [IN ] C8 24 05 0E 25 A5 05 01 31 06 81 53 00 0B D4 E4 D4 3F 05 (19)
                              [N5:V] TPOS 'S' 0 11 212 228 (775396)
2026-02-25 17:14:28:193 [IN ] C8 24 05 0E 25 A5 05 01 31 06 81 45 00 0B D5 0C EF 23 05 (19)
                              [N5:V] TPOS 'E' 0 11 213 12 (775436)
2026-02-25 17:14:28:214 [IN ] C8 24 06 0E 25 A5 06 01 31 06 81 53 00 0C 8D 8B 36 65 05 (19)
                              [N6:H] TPOS 'S' 0 12 141 139 (822667)
2026-02-25 17:14:28:415 [IN ] C8 24 06 0E 25 A5 06 01 31 06 81 45 00 0C 92 C8 6A 66 05 (19)
                              [N6:H] TPOS 'E' 0 12 146 200 (824008)
2026-02-25 17:14:34:434 [IN ] C8 24 0C 0E 25 A5 0C 01 31 06 81 45 FF DF 80 A9 11 D4 05 (19)
                              [N12:Z] TPOS 'E' 255 223 128 169 (-2129751)
2026-02-25 17:14:34:859 [OUT] 25 A5 01 04 31 05 81 FF F5 D2 41 C3 E3 (13)
                              [N4:Y] TPOS 255 245 210 65 (-667071)
2026-02-25 17:14:34:881 [OUT] 25 A5 01 03 31 05 81 FF EC 4A E4 D4 53 (13)
                              [N3:X] TPOS 255 236 74 228 (-1291548)
2026-02-25 17:14:35:049 [IN ] C8 24 04 0E 25 A5 04 01 31 06 81 53 FF F4 32 32 67 F6 05 (19)
                              [N4:Y] TPOS 'S' 255 244 50 50 (-773582)
2026-02-25 17:14:35:154 [IN ] C8 24 03 0E (4)
2026-02-25 17:14:35:175 [IN ] 25 A5 03 01 31 06 81 53 FF EE 36 78 AA 28 05 (15)
                              [N3:X] TPOS 'S' 255 238 54 120 (-1165704)
2026-02-25 17:14:36:179 [IN ] C8 24 03 0E 25 A5 03 01 31 06 81 45 FF EC 49 90 C5 1A 05 C8 24 04 0E 25 A5 04 01 31 06 81 45 FF F5 D2 60 28 21 05 (38)
                              [N3:X] TPOS 'E' 255 236 73 144 (-1291888)
                              [N4:Y] TPOS 'E' 255 245 210 96 (-667040)
2026-02-25 17:14:36:602 [OUT] 25 A5 01 0C 31 05 81 FF CB 55 11 F4 7B (13)
                              [N12:Z] TPOS 255 203 85 17 (-3451631)
2026-02-25 17:14:36:813 [IN ] C8 24 0C 0E 25 A5 0C 01 31 06 81 53 FF DF 80 9C 12 0D 05 (19)
                              [N12:Z] TPOS 'S' 255 223 128 156 (-2129764)
2026-02-25 17:14:43:242 [IN ] C8 24 0C 0E 25 A5 0C 01 31 06 81 45 FF CB 51 94 B9 25 05 (19)
                              [N12:Z] TPOS 'E' 255 203 81 148 (-3452524)
2026-02-25 17:14:43:668 [OUT] 25 A5 01 09 31 05 81 FF EB 35 F5 D5 67 (13)
                              [N9:P] TPOS 255 235 53 245 (-1362443)
2026-02-25 17:14:43:690 [OUT] 25 A5 01 05 31 05 81 00 0D 77 7E BF BE (13)
                              [N5:V] TPOS 0 13 119 126 (882558)
2026-02-25 17:14:43:714 [OUT] 25 A5 01 06 31 05 81 00 09 0A 69 3A CB (13)
                              [N6:H] TPOS 0 9 10 105 (592489)
2026-02-25 17:14:43:736 [OUT] 25 A5 01 07 31 05 81 FF DE E5 DD 5E 78 (13)
                              [N7:N] TPOS 255 222 229 221 (-2169379)
2026-02-25 17:14:43:862 [IN ] C8 24 09 0E 25 A5 09 01 31 06 81 53 FF E7 38 D1 04 AC 05 (19)
                              [N9:P] TPOS 'S' 255 231 56 209 (-1623855)
2026-02-25 17:14:43:988 [IN ] C8 24 05 0E 25 A5 05 01 31 06 81 53 00 0B D5 0C FD 69 05 (19)
                              [N5:V] TPOS 'S' 0 11 213 12 (775436)
2026-02-25 17:14:44:114 [IN ] C8 24 06 0E 25 A5 06 01 31 06 81 53 00 0C 92 C8 78 AC 05 (19)
                              [N6:H] TPOS 'S' 0 12 146 200 (824008)
2026-02-25 17:14:44:240 [IN ] C8 24 07 0E 25 A5 07 01 31 06 81 53 FF F1 84 4E D5 CB 05 (19)
                              [N7:N] TPOS 'S' 255 241 132 78 (-949170)
2026-02-25 17:14:44:642 [IN ] C8 24 05 0E 25 A5 05 01 31 06 81 45 00 0D 7B 5C E7 C5 05 (19)
                              [N5:V] TPOS 'E' 0 13 123 92 (883548)
2026-02-25 17:14:45:448 [IN ] C8 24 06 0E 25 A5 06 01 31 06 81 45 00 09 06 1E 31 9B 05 C8 24 09 0E 25 A5 09 01 31 06 81 45 FF EB 39 B3 DD 56 05 (38)
                              [N6:H] TPOS 'E' 0 9 6 30 (591390)
                              [N9:P] TPOS 'E' 255 235 57 179 (-1361485)
2026-02-25 17:14:49:864 [IN ] C8 24 07 0E 25 A5 07 01 31 06 81 45 FF DE E1 36 F9 EE 05 (19)
                              [N7:N] TPOS 'E' 255 222 225 54 (-2170570)
