2026-02-25 17:17:49:702 [OUT] 25 A5 01 0A 31 05 D6 3D FF 00 00 53 ED (13)
                              [N10:HMI] HMILED '=' 255 0 0 (16711680)
2026-02-25 17:17:49:726 [OUT] 25 A5 01 09 31 05 81 FF EC 41 30 1D BD (13)
                              [N9:P] TPOS 255 236 65 48 (-1294032)
2026-02-25 17:17:49:748 [OUT] 25 A5 01 05 31 05 81 00 0E A9 1A 8E C1 (13)
                              [N5:V] TPOS 0 14 169 26 (960794)
2026-02-25 17:17:49:770 [OUT] 25 A5 01 06 31 05 81 00 0B 6C 4E 83 7A (13)
                              [N6:H] TPOS 0 11 108 78 (748622)
2026-02-25 17:17:49:791 [OUT] 25 A5 01 07 31 05 81 FF D5 E6 8B 04 0D (13)
                              [N7:N] TPOS 255 213 230 139 (-2759029)
2026-02-25 17:17:49:875 [IN ] C8 24 0A 0D 25 A5 0A 01 31 (9)
2026-02-25 17:17:49:896 [IN ] 05 D6 3A FF 00 00 50 EA 7F (9)
                              [N10:HMI] HMILED ':' 255 0 0 (16711680)
2026-02-25 17:17:50:004 [IN ] C8 24 09 0E 25 A5 09 01 31 06 81 53 FF EC C8 F0 B8 FA 05 (19)
                              [N9:P] TPOS 'S' 255 236 200 240 (-1259280)
2026-02-25 17:17:50:150 [IN ] C8 24 05 0E 25 A5 05 01 31 06 81 53 00 07 45 94 F1 C5 05 (19)
                              [N5:V] TPOS 'S' 0 7 69 148 (476564)
2026-02-25 17:17:50:276 [IN ] C8 24 06 0E 25 A5 06 01 31 06 81 53 00 0C 12 97 C7 7B 05 (19)
                              [N6:H] TPOS 'S' 0 12 18 151 (791191)
2026-02-25 17:17:50:297 [IN ] C8 24 09 0E 25 A5 09 01 31 06 81 45 FF EC 3D 67 96 15 05 (19)
                              [N9:P] TPOS 'E' 255 236 61 103 (-1295001)
2026-02-25 17:17:50:402 [IN ] C8 24 07 0E 25 A5 07 01 31 06 81 53 FF D2 51 F3 28 AD 05 (19)
                              [N7:N] TPOS 'S' 255 210 81 243 (-2993677)
2026-02-25 17:17:50:603 [IN ] C8 24 06 0E 25 A5 06 01 31 06 81 45 00 0B 68 69 E0 B0 05 (19)
                              [N6:H] TPOS 'E' 0 11 104 105 (747625)
2026-02-25 17:17:51:609 [IN ] C8 24 07 0E 25 A5 07 01 31 06 81 45 FF D5 EB 10 D4 C1 05 (19)
                              [N7:N] TPOS 'E' 255 213 235 16 (-2757872)
2026-02-25 17:17:52:614 [IN ] C8 24 05 0E 25 A5 05 01 31 06 81 45 00 0E AD 35 F3 05 05 (19)
                              [N5:V] TPOS 'E' 0 14 173 53 (961845)
