2026-04-23 15:04:56:441 [OUT] 25 A5 01 0A 31 05 D6 3D FF 00 00 53 ED (13)
                              [N10:HMI] HMILED '=' 255 0 0 (16711680)
2026-04-23 15:04:56:466 [OUT] 25 A5 01 03 31 02 D8 3F 4E CE (10)
                              [N3:X] INTERRUPT '?'
2026-04-23 15:04:56:768 [IN ] C8 24 0A 0D 25 A5 0A 01 31 05 D6 3A FF 00 00 50 EA 94 C8 24 03 0C 25 A5 03 01 31 04 D8 3A 01 01 4D 6A EA (35)
                              [N10:HMI] HMILED ':' 255 0 0 (16711680)
                              [N3:X] INTERRUPT ':' 1 1 (257)
2026-04-23 15:04:56:788 [OUT] 25 A5 01 09 31 03 C9 3D 09 4D 1C (11)
                              [N9:P] LFLAG '=' 9 (9)
2026-04-23 15:04:56:812 [OUT] 25 A5 01 04 31 02 D8 3F 4F D3 (10)
                              [N4:Y] INTERRUPT '?'
2026-04-23 15:04:57:113 [IN ] C8 24 09 0B 25 A5 09 01 31 03 C9 3A 09 4A 1E 6A C8 24 04 0C 25 A5 04 01 31 04 D8 3A 01 01 4E 72 EA (33)
                              [N9:P] LFLAG ':' 9 (9)
                              [N4:Y] INTERRUPT ':' 1 1 (257)
2026-04-23 15:04:57:135 [OUT] 25 A5 01 09 31 03 CA 3D 09 4E 1F (11)
                              [N9:P] RFLAG '=' 9 (9)
2026-04-23 15:04:57:158 [OUT] 25 A5 01 0C 31 02 D8 3F 57 FB (10)
                              [N12:Z] INTERRUPT '?'
2026-04-23 15:04:57:462 [IN ] C8 24 09 0B 25 A5 09 01 31 03 CA 3A 09 4B 21 72 C8 24 0C 0C 25 A5 0C 01 31 04 D8 3A 01 01 56 B2 EA (33)
                              [N9:P] RFLAG ':' 9 (9)
                              [N12:Z] INTERRUPT ':' 1 1 (257)
2026-04-23 15:04:57:483 [OUT] 25 A5 01 08 31 03 C9 3D 09 4C 16 (11)
                              [N8:R] LFLAG '=' 9 (9)
2026-04-23 15:04:57:505 [OUT] 25 A5 01 03 31 03 C9 3D 0B 49 FA (11)
                              [N3:X] LFLAG '=' 11 (11)
2026-04-23 15:04:57:526 [OUT] 25 A5 01 04 31 03 C9 3D 0B 4A 00 (11)
                              [N4:Y] LFLAG '=' 11 (11)
2026-04-23 15:04:57:548 [OUT] 25 A5 01 0C 31 03 C9 3D 0B 52 30 (11)
                              [N12:Z] LFLAG '=' 11 (11)
2026-04-23 15:04:57:672 [IN ] C8 24 08 0B 25 A5 08 01 31 03 C9 3A 09 49 17 B2 (16)
                              [N8:R] LFLAG ':' 9 (9)
2026-04-23 15:04:57:696 [OUT] 25 A5 01 08 31 03 CA 3D 09 4D 19 (11)
                              [N8:R] RFLAG '=' 9 (9)
2026-04-23 15:04:57:759 [IN ] C8 24 03 0B 25 A5 03 01 31 03 C9 3A 0B 46 F6 B2 (16)
                              [N3:X] LFLAG ':' 11 (11)
2026-04-23 15:04:57:781 [OUT] 25 A5 01 03 31 03 88 00 50 10 02 (11)
                              [N3:X] RUN 0 80 (80)
2026-04-23 15:04:57:865 [IN ] C8 24 04 0B 25 A5 04 01 31 03 C9 3A 0B 47 FD B2 (16)
                              [N4:Y] LFLAG ':' 11 (11)
2026-04-23 15:04:57:886 [OUT] 25 A5 01 04 31 03 88 00 50 11 08 (11)
                              [N4:Y] RUN 0 80 (80)
2026-04-23 15:04:57:991 [IN ] C8 24 0C 0B 25 A5 0C 01 31 03 C9 3A 0B 4F 35 B2 (16)
                              [N12:Z] LFLAG ':' 11 (11)
2026-04-23 15:04:58:012 [OUT] 25 A5 01 0C 31 03 88 00 5A 23 42 (11)
                              [N12:Z] RUN 0 90 (90)
2026-04-23 15:04:58:074 [IN ] C8 24 08 0B 25 A5 08 01 31 03 CA 3A 09 4A 1A B2 (16)
                              [N8:R] RFLAG ':' 9 (9)
2026-04-23 15:04:58:198 [IN ] C8 24 03 0C 25 A5 03 01 31 04 88 53 00 50 64 C2 EA (17)
                              [N3:X] RUN 'S' 0 80 (80)
2026-04-23 15:04:58:323 [IN ] C8 24 04 0C 25 A5 04 01 31 04 88 53 00 50 65 CA EA (17)
                              [N4:Y] RUN 'S' 0 80 (80)
2026-04-23 15:04:58:427 [IN ] C8 24 0C 0C 25 A5 0C 01 31 04 88 53 00 5A 77 14 EA (17)
                              [N12:Z] RUN 'S' 0 90 (90)
2026-04-23 15:05:05:042 [IN ] C8 24 04 0B 25 A5 04 01 31 03 81 5A 4C 60 A6 14 (16)
                              [N4:Y] TPOS 'Z' 76 (76)
2026-04-23 15:05:05:244 [IN ] C8 24 04 0A 25 A5 04 01 31 02 81 49 02 32 A6 (15)
                              [N4:Y] TPOS 'I'
2026-04-23 15:05:05:467 [OUT] 25 A5 01 09 31 02 D8 3F 54 EC (10)
                              [N9:P] INTERRUPT '?'
2026-04-23 15:05:05:768 [IN ] C8 24 09 0C 25 A5 09 01 31 04 D8 3A 01 01 53 9A EA (17)
                              [N9:P] INTERRUPT ':' 1 1 (257)
2026-04-23 15:05:05:789 [OUT] 25 A5 01 04 31 03 C9 3D 09 48 FE (11)
                              [N4:Y] LFLAG '=' 9 (9)
2026-04-23 15:05:05:811 [OUT] 25 A5 01 07 31 02 D8 3F 52 E2 (10)
                              [N7:N] INTERRUPT '?'
2026-04-23 15:05:06:112 [IN ] C8 24 04 0B 25 A5 04 01 31 03 C9 3A 09 45 FB 9A C8 24 07 0C 25 A5 07 01 31 04 D8 3A 01 01 51 8A EA (33)
                              [N4:Y] LFLAG ':' 9 (9)
                              [N7:N] INTERRUPT ':' 1 1 (257)
2026-04-23 15:05:06:135 [OUT] 25 A5 01 09 31 03 C9 3D 0B 4F 1E (11)
                              [N9:P] LFLAG '=' 11 (11)
2026-04-23 15:05:06:158 [OUT] 25 A5 01 07 31 03 C9 3D 0B 4D 12 (11)
                              [N7:N] LFLAG '=' 11 (11)
2026-04-23 15:05:06:304 [IN ] C8 24 09 0B 25 A5 09 01 31 03 C9 3A 0B 4C 20 8A (16)
                              [N9:P] LFLAG ':' 11 (11)
2026-04-23 15:05:06:328 [OUT] 25 A5 01 09 31 03 88 00 50 16 26 (11)
                              [N9:P] RUN 0 80 (80)
2026-04-23 15:05:06:410 [IN ] C8 24 07 0B 25 A5 07 01 31 03 C9 3A 0B 4A 12 8A (16)
                              [N7:N] LFLAG ':' 11 (11)
2026-04-23 15:05:06:432 [OUT] 25 A5 01 07 31 03 88 00 50 14 1A (11)
                              [N7:N] RUN 0 80 (80)
2026-04-23 15:05:06:518 [IN ] C8 24 09 0C 25 A5 09 01 31 04 88 53 00 50 6A F2 EA (17)
                              [N9:P] RUN 'S' 0 80 (80)
2026-04-23 15:05:06:583 [IN ] C8 24 09 0B 25 A5 09 01 31 03 81 5A 4C 65 C9 F2 (16)
                              [N9:P] TPOS 'Z' 76 (76)
2026-04-23 15:05:06:627 [IN ] C8 24 09 0A 25 A5 09 01 31 02 81 49 07 50 C9 C8 24 07 0C 25 A5 07 01 31 04 88 53 00 50 68 E2 EA (32)
                              [N9:P] TPOS 'I'
                              [N7:N] RUN 'S' 0 80 (80)
2026-04-23 15:05:06:851 [OUT] 25 A5 01 09 31 03 C9 3D 09 4D 1C (11)
                              [N9:P] LFLAG '=' 9 (9)
2026-04-23 15:05:06:875 [OUT] 25 A5 01 04 31 05 81 FF EE 88 01 32 FA (13)
                              [N4:Y] TPOS 255 238 136 1 (-1144831)
2026-04-23 15:05:07:041 [IN ] C8 24 09 0B 25 A5 09 01 31 03 C9 3A 09 4A 1E E2 (16)
                              [N9:P] LFLAG ':' 9 (9)
2026-04-23 15:05:07:166 [IN ] C8 24 04 0E 25 A5 04 01 31 06 81 53 00 00 00 00 10 88 0A (19)
                              [N4:Y] TPOS 'S' 0 0 0 0 (0)
2026-04-23 15:05:07:573 [IN ] C8 24 03 0B 25 A5 03 01 31 03 81 5A 4C 5F 9F 00 C8 24 03 0A 25 A5 03 01 31 02 81 49 01 2C 9F (31)
                              [N3:X] TPOS 'Z' 76 (76)
                              [N3:X] TPOS 'I'
2026-04-23 15:05:07:797 [OUT] 25 A5 01 03 31 03 C9 3D 09 47 F8 (11)
                              [N3:X] LFLAG '=' 9 (9)
2026-04-23 15:05:07:982 [IN ] C8 24 03 0B 25 A5 03 01 31 03 C9 3A 09 44 F4 00 (16)
                              [N3:X] LFLAG ':' 9 (9)
2026-04-23 15:05:10:592 [IN ] C8 24 07 0B 25 A5 07 01 31 03 81 5A 4C 63 BB 00 C8 24 07 0A 25 A5 07 01 31 02 81 49 05 44 BB (31)
                              [N7:N] TPOS 'Z' 76 (76)
                              [N7:N] TPOS 'I'
2026-04-23 15:05:10:815 [OUT] 25 A5 01 07 31 03 C9 3D 09 4B 10 (11)
                              [N7:N] LFLAG '=' 9 (9)
2026-04-23 15:05:10:983 [IN ] C8 24 07 0B 25 A5 07 01 31 03 C9 3A 09 48 10 00 (16)
                              [N7:N] LFLAG ':' 9 (9)
2026-04-23 15:05:13:391 [IN ] C8 24 04 0E 25 A5 04 01 31 06 81 45 FF EE 85 66 DA 78 0A (19)
                              [N4:Y] TPOS 'E' 255 238 133 102 (-1145498)
2026-04-23 15:05:13:615 [OUT] 25 A5 01 09 31 05 81 FF E7 5D 56 5A 0C (13)
                              [N9:P] TPOS 255 231 93 86 (-1614506)
2026-04-23 15:05:13:637 [OUT] 25 A5 01 04 31 05 81 FF FD 50 01 09 B7 (13)
                              [N4:Y] TPOS 255 253 80 1 (-176127)
2026-04-23 15:05:13:659 [OUT] 25 A5 01 07 31 05 81 FF AB 19 75 F7 DF (13)
                              [N7:N] TPOS 255 171 25 117 (-5564043)
2026-04-23 15:05:13:682 [OUT] 25 A5 01 03 31 05 81 FF EC 4A AB 9B 1A (13)
                              [N3:X] TPOS 255 236 74 171 (-1291605)
2026-04-23 15:05:13:704 [OUT] 25 A5 01 06 31 02 D8 3F 51 DD (10)
                              [N6:H] INTERRUPT '?'
2026-04-23 15:05:14:006 [IN ] C8 24 09 0E 25 A5 09 01 31 06 81 53 FF FF FF F8 0A A9 0A C8 24 04 0E 25 A5 04 01 31 06 81 53 FF EE 85 66 E8 BE 0A (38)
                              [N9:P] TPOS 'S' 255 255 255 248 (-8)
                              [N4:Y] TPOS 'S' 255 238 133 102 (-1145498)
2026-04-23 15:05:14:307 [IN ] C8 24 07 0E 25 A5 07 01 31 06 81 53 FF FF FF FE 0E 9B 0A C8 24 03 0E 25 A5 03 01 31 06 81 53 FF FF FF FF 0B 74 0A C8 24 06 0C 25 A5 06 01 31 04 D8 3A 01 01 50 82 0B (55)
                              [N7:N] TPOS 'S' 255 255 255 254 (-2)
                              [N3:X] TPOS 'S' 255 255 255 255 (-1)
                              [N6:H] INTERRUPT ':' 1 1 (257)
2026-04-23 15:05:14:328 [OUT] 25 A5 01 06 31 03 C9 3D 0B 4C 0C (11)
                              [N6:H] LFLAG '=' 11 (11)
2026-04-23 15:05:14:493 [IN ] C8 24 06 0B 25 A5 06 01 31 03 C9 3A 0B 49 0B 82 (16)
                              [N6:H] LFLAG ':' 11 (11)
2026-04-23 15:05:14:517 [OUT] 25 A5 01 06 31 03 88 FF B0 72 72 (11)
                              [N6:H] RUN 255 176 (-80)
2026-04-23 15:05:14:684 [IN ] C8 24 06 0C 25 A5 06 01 31 04 88 53 FF B0 C6 38 0B (17)
                              [N6:H] RUN 'S' 255 176 (-80)
2026-04-23 15:05:15:287 [IN ] C8 24 0C 0B 25 A5 0C 01 31 03 81 5A 4C 68 DE 38 C8 24 0C 0A 25 A5 0C 01 31 02 81 49 0A 62 DE (31)
                              [N12:Z] TPOS 'Z' 76 (76)
                              [N12:Z] TPOS 'I'
2026-04-23 15:05:15:510 [OUT] 25 A5 01 0C 31 03 C9 3D 09 50 2E (11)
                              [N12:Z] LFLAG '=' 9 (9)
2026-04-23 15:05:15:675 [IN ] C8 24 0C 0B 25 A5 0C 01 31 03 C9 3A 09 4D 33 38 (16)
                              [N12:Z] LFLAG ':' 9 (9)
2026-04-23 15:05:15:698 [OUT] 25 A5 01 0C 31 05 81 FF BC D0 00 4F 33 (13)
                              [N12:Z] TPOS 255 188 208 0 (-4403200)
2026-04-23 15:05:15:884 [IN ] C8 24 0C 0E 25 A5 0C 01 31 06 81 53 FF FF FF 35 4A 04 0A (19)
                              [N12:Z] TPOS 'S' 255 255 255 53 (-203)
2026-04-23 15:05:18:695 [IN ] C8 24 06 0B 25 A5 06 01 31 03 81 5A 4C 62 B4 35 C8 24 06 0A 25 A5 06 01 31 02 81 49 04 3E B4 (31)
                              [N6:H] TPOS 'Z' 76 (76)
                              [N6:H] TPOS 'I'
2026-04-23 15:05:18:918 [OUT] 25 A5 01 06 31 03 C9 3D 09 4A 0A (11)
                              [N6:H] LFLAG '=' 9 (9)
2026-04-23 15:05:19:084 [IN ] C8 24 06 0B 25 A5 06 01 31 03 C9 3A 09 47 09 35 (16)
                              [N6:H] LFLAG ':' 9 (9)
2026-04-23 15:05:19:105 [OUT] 25 A5 01 06 31 03 84 00 50 0F 08 (11)
                              [N6:H] VEL 0 80 (80)
2026-04-23 15:05:19:271 [IN ] C8 24 06 0C 25 A5 06 01 31 04 84 53 00 50 63 CA 4A (17)
                              [N6:H] VEL 'S' 0 80 (80)
2026-04-23 15:05:19:292 [OUT] 25 A5 01 06 31 05 81 00 19 82 3C 95 BE (13)
                              [N6:H] TPOS 0 25 130 60 (1671740)
2026-04-23 15:05:19:478 [IN ] C8 24 06 0E 25 A5 06 01 31 06 81 53 00 00 00 02 14 9E 0A (19)
                              [N6:H] TPOS 'S' 0 0 0 2 (2)
2026-04-23 15:05:20:882 [IN ] C8 24 03 0E 25 A5 03 01 31 06 81 45 FF EC 48 2D 61 B5 0A (19)
                              [N3:X] TPOS 'E' 255 236 72 45 (-1292243)
2026-04-23 15:05:21:310 [OUT] 25 A5 01 03 31 05 81 FF FD 50 01 08 AF (13)
                              [N3:X] TPOS 255 253 80 1 (-176127)
2026-04-23 15:05:21:496 [IN ] C8 24 03 0E 25 A5 03 01 31 06 81 53 FF EC 48 2E 70 FC 0A (19)
                              [N3:X] TPOS 'S' 255 236 72 46 (-1292242)
2026-04-23 15:05:22:499 [IN ] C8 24 04 0E 25 A5 04 01 31 06 81 45 FF FD 4F B1 FE 84 0A (19)
                              [N4:Y] TPOS 'E' 255 253 79 177 (-176207)
2026-04-23 15:05:23:302 [IN ] C8 24 09 0E 25 A5 09 01 31 06 81 45 FF E7 5C 77 C0 54 0A (19)
                              [N9:P] TPOS 'E' 255 231 92 119 (-1614729)
2026-04-23 15:05:23:726 [OUT] 25 A5 01 09 31 05 81 FF FF D9 C8 60 BE (13)
                              [N9:P] TPOS 255 255 217 200 (-9784)
2026-04-23 15:05:23:911 [IN ] C8 24 09 0E 25 A5 09 01 31 06 81 53 FF E7 5C 7C D3 9F 0A (19)
                              [N9:P] TPOS 'S' 255 231 92 124 (-1614724)
2026-04-23 15:05:27:320 [IN ] C8 24 06 0E 25 A5 06 01 31 06 81 45 00 19 86 5A FD 07 0A (19)
                              [N6:H] TPOS 'E' 0 25 134 90 (1672794)
2026-04-23 15:05:27:745 [OUT] 25 A5 01 06 31 05 81 00 0D 03 C1 8F 21 (13)
                              [N6:H] TPOS 0 13 3 193 (852929)
2026-04-23 15:05:27:931 [IN ] C8 24 06 0E 25 A5 06 01 31 06 81 53 00 19 86 5A 0B 4D 0A (19)
                              [N6:H] TPOS 'S' 0 25 134 90 (1672794)
2026-04-23 15:05:30:541 [IN ] C8 24 03 0E 25 A5 03 01 31 06 81 45 FF FD 50 BF 0C 8A 0A (19)
                              [N3:X] TPOS 'E' 255 253 80 191 (-175937)
2026-04-23 15:05:31:745 [IN ] C8 24 06 0E 25 A5 06 01 31 06 81 45 00 0C FF 24 33 9C 0A (19)
                              [N6:H] TPOS 'E' 0 12 255 36 (851748)
2026-04-23 15:05:31:969 [OUT] 25 A5 01 05 31 02 D8 3F 50 D8 (10)
                              [N5:V] INTERRUPT '?'
2026-04-23 15:05:32:272 [IN ] C8 24 05 0C 25 A5 05 01 31 04 D8 3A 01 01 4F 7A 33 (17)
                              [N5:V] INTERRUPT ':' 1 1 (257)
2026-04-23 15:05:32:293 [OUT] 25 A5 01 05 31 03 C9 3D 0B 4B 06 (11)
                              [N5:V] LFLAG '=' 11 (11)
2026-04-23 15:05:32:478 [IN ] C8 24 05 0B 25 A5 05 01 31 03 C9 3A 0B 48 04 7A (16)
                              [N5:V] LFLAG ':' 11 (11)
2026-04-23 15:05:32:499 [OUT] 25 A5 01 05 31 03 88 FF B0 71 6C (11)
                              [N5:V] RUN 255 176 (-80)
2026-04-23 15:05:32:664 [IN ] C8 24 05 0C 25 A5 05 01 31 04 88 53 FF B0 C5 30 33 (17)
                              [N5:V] RUN 'S' 255 176 (-80)
2026-04-23 15:05:33:868 [IN ] C8 24 09 0E 25 A5 09 01 31 06 81 45 FF FF DB 2E 0E 51 0A (19)
                              [N9:P] TPOS 'E' 255 255 219 46 (-9426)
2026-04-23 15:05:34:091 [OUT] 25 A5 01 08 31 02 D8 3F 53 E7 (10)
                              [N8:R] INTERRUPT '?'
2026-04-23 15:05:34:394 [IN ] C8 24 08 0C 25 A5 08 01 31 04 D8 3A 01 01 52 92 0E (17)
                              [N8:R] INTERRUPT ':' 1 1 (257)
2026-04-23 15:05:34:415 [OUT] 25 A5 01 08 31 03 CA 3D 0B 4F 1B (11)
                              [N8:R] RFLAG '=' 11 (11)
2026-04-23 15:05:34:582 [IN ] C8 24 08 0B 25 A5 08 01 31 03 CA 3A 0B 4C 1C 92 (16)
                              [N8:R] RFLAG ':' 11 (11)
2026-04-23 15:05:34:603 [OUT] 25 A5 01 08 31 03 88 00 50 15 20 (11)
                              [N8:R] RUN 0 80 (80)
2026-04-23 15:05:34:769 [IN ] C8 24 08 0C 25 A5 08 01 31 04 88 53 00 50 69 EA 0E (17)
                              [N8:R] RUN 'S' 0 80 (80)
2026-04-23 15:05:37:577 [IN ] C8 24 05 0B 25 A5 05 01 31 03 81 5A 4C 61 AD EA C8 24 05 0A 25 A5 05 01 31 02 81 49 03 38 AD (31)
                              [N5:V] TPOS 'Z' 76 (76)
                              [N5:V] TPOS 'I'
2026-04-23 15:05:37:801 [OUT] 25 A5 01 05 31 03 C9 3D 09 49 04 (11)
                              [N5:V] LFLAG '=' 9 (9)
2026-04-23 15:05:37:965 [IN ] C8 24 05 0B 25 A5 05 01 31 03 C9 3A 09 46 02 EA (16)
                              [N5:V] LFLAG ':' 9 (9)
2026-04-23 15:05:37:986 [OUT] 25 A5 01 05 31 03 84 00 50 0E 02 (11)
                              [N5:V] VEL 0 80 (80)
2026-04-23 15:05:38:151 [IN ] C8 24 05 0C 25 A5 05 01 31 04 84 53 00 50 62 C2 0E (17)
                              [N5:V] VEL 'S' 0 80 (80)
2026-04-23 15:05:38:173 [OUT] 25 A5 01 05 31 05 81 00 19 82 3C 94 B6 (13)
                              [N5:V] TPOS 0 25 130 60 (1671740)
2026-04-23 15:05:38:379 [IN ] C8 24 05 0E 25 A5 05 01 31 06 81 53 00 00 00 02 13 94 0A (19)
                              [N5:V] TPOS 'S' 0 0 0 2 (2)
2026-04-23 15:05:39:181 [IN ] C8 24 07 0E 25 A5 07 01 31 06 81 45 FF AB 15 37 FB BE 0A (19)
                              [N7:N] TPOS 'E' 255 171 21 55 (-5565129)
2026-04-23 15:05:39:604 [OUT] 25 A5 01 07 31 05 81 FF F3 35 BF A5 39 (13)
                              [N7:N] TPOS 255 243 53 191 (-838209)
2026-04-23 15:05:39:791 [IN ] C8 24 07 0E 25 A5 07 01 31 06 81 53 FF AB 15 38 0A 05 0A (19)
                              [N7:N] TPOS 'S' 255 171 21 56 (-5565128)
2026-04-23 15:05:40:192 [IN ] C8 24 0C 0E 25 A5 0C 01 31 06 81 45 FF BC CE F5 88 53 0A (19)
                              [N12:Z] TPOS 'E' 255 188 206 245 (-4403467)
2026-04-23 15:05:40:617 [OUT] 25 A5 01 0C 31 05 81 FF D1 1A 67 15 6D (13)
                              [N12:Z] TPOS 255 209 26 103 (-3073433)
2026-04-23 15:05:40:801 [IN ] C8 24 0C 0E 25 A5 0C 01 31 06 81 53 FF BC CF 05 A7 AB 0A (19)
                              [N12:Z] TPOS 'S' 255 188 207 5 (-4403451)
2026-04-23 15:05:42:005 [IN ] C8 24 08 0B 25 A5 08 01 31 03 81 5A 52 6A C8 05 C8 24 08 0A 25 A5 08 01 31 02 81 49 06 4A C8 (31)
                              [N8:R] TPOS 'Z' 82 (82)
                              [N8:R] TPOS 'I'
2026-04-23 15:05:42:228 [OUT] 25 A5 01 08 31 03 CA 3D 09 4D 19 (11)
                              [N8:R] RFLAG '=' 9 (9)
2026-04-23 15:05:42:394 [IN ] C8 24 08 0B 25 A5 08 01 31 03 CA 3A 09 4A 1A 05 (16)
                              [N8:R] RFLAG ':' 9 (9)
2026-04-23 15:05:42:416 [OUT] 25 A5 01 08 31 05 81 FF DC 77 1D 2F DE (13)
                              [N8:R] TPOS 255 220 119 29 (-2328803)
2026-04-23 15:05:42:602 [IN ] C8 24 08 0E 25 A5 08 01 31 06 81 53 FF FF FF E6 F7 8D 0A (19)
                              [N8:R] TPOS 'S' 255 255 255 230 (-26)
2026-04-23 15:05:46:613 [IN ] C8 24 05 0E 25 A5 05 01 31 06 81 45 00 19 85 24 C5 C5 0A (19)
                              [N5:V] TPOS 'E' 0 25 133 36 (1672484)
2026-04-23 15:05:47:037 [OUT] 25 A5 01 05 31 05 81 00 0D 03 C1 8E 19 (13)
                              [N5:V] TPOS 0 13 3 193 (852929)
2026-04-23 15:05:47:224 [IN ] C8 24 05 0E 25 A5 05 01 31 06 81 53 00 19 85 23 D2 0A 0A (19)
                              [N5:V] TPOS 'S' 0 25 133 35 (1672483)
2026-04-23 15:05:47:625 [IN ] C8 24 0C 0E 25 A5 0C 01 31 06 81 45 FF D1 1C 23 19 5C 0A (19)
                              [N12:Z] TPOS 'E' 255 209 28 35 (-3072989)
2026-04-23 15:05:52:439 [IN ] C8 24 05 0E 25 A5 05 01 31 06 81 45 00 0D 02 35 47 AC 0A (19)
                              [N5:V] TPOS 'E' 0 13 2 53 (852533)
2026-04-23 15:05:52:663 [OUT] 25 A5 01 03 31 05 81 FF ED B1 30 88 70 (13)
                              [N3:X] TPOS 255 237 177 48 (-1199824)
2026-04-23 15:05:52:685 [OUT] 25 A5 01 04 31 05 81 FF F3 BD 0C 77 7E (13)
                              [N4:Y] TPOS 255 243 189 12 (-803572)
2026-04-23 15:05:52:874 [IN ] C8 24 03 0E 25 A5 03 01 31 06 81 53 FF FD 50 BA 15 CB 0A (19)
                              [N3:X] TPOS 'S' 255 253 80 186 (-175942)
2026-04-23 15:05:52:979 [IN ] C8 24 04 0E 25 A5 04 01 31 06 81 53 FF FD 4F B1 0C CA 0A (19)
                              [N4:Y] TPOS 'S' 255 253 79 177 (-176207)
2026-04-23 15:05:55:587 [IN ] C8 24 08 0E 25 A5 08 01 31 06 81 45 FF DC 74 E7 3C C9 0A (19)
                              [N8:R] TPOS 'E' 255 220 116 231 (-2329369)
2026-04-23 15:05:56:011 [OUT] 25 A5 01 08 31 05 81 FF EE 15 56 18 89 (13)
                              [N8:R] TPOS 255 238 21 86 (-1174186)
2026-04-23 15:05:56:196 [IN ] C8 24 08 0E 25 A5 08 01 31 06 81 53 FF DC 74 EF 52 17 0A (19)
                              [N8:R] TPOS 'S' 255 220 116 239 (-2329361)
2026-04-23 15:05:56:397 [IN ] C8 24 04 0E 25 A5 04 01 31 06 81 45 FF F3 BA A0 4E 2B 0A (19)
                              [N4:Y] TPOS 'E' 255 243 186 160 (-804192)
2026-04-23 15:05:58:002 [IN ] C8 24 03 0E 25 A5 03 01 31 06 81 45 FF ED AE 07 A2 5E 0A (19)
                              [N3:X] TPOS 'E' 255 237 174 7 (-1200633)
2026-04-23 15:06:01:212 [IN ] C8 24 07 0E 25 A5 07 01 31 06 81 45 FF F3 3A 16 47 BF 0A (19)
                              [N7:N] TPOS 'E' 255 243 58 22 (-837098)
2026-04-23 15:06:03:017 [IN ] C8 24 08 0E 25 A5 08 01 31 06 81 45 FF EE 16 49 52 A5 0A (19)
                              [N8:R] TPOS 'E' 255 238 22 73 (-1173943)
