2026-04-23 13:38:40:061 [OUT] 25 A5 01 0A 31 05 D6 3D FF 00 00 53 ED (13)
                              [N10:HMI] HMILED '=' 255 0 0 (16711680)
2026-04-23 13:38:40:083 [OUT] 25 A5 01 03 31 02 D8 3F 4E CE (10)
                              [N3:X] INTERRUPT '?'
2026-04-23 13:38:40:385 [IN ] C8 24 0A 0D 25 A5 0A 01 31 05 D6 3A FF 00 00 50 EA A3 C8 24 03 0C 25 A5 03 01 31 04 D8 3A 01 01 4D 6A EA (35)
                              [N10:HMI] HMILED ':' 255 0 0 (16711680)
                              [N3:X] INTERRUPT ':' 1 1 (257)
2026-04-23 13:38:40:407 [OUT] 25 A5 01 09 31 03 C9 3D 09 4D 1C (11)
                              [N9:P] LFLAG '=' 9 (9)
2026-04-23 13:38:40:430 [OUT] 25 A5 01 04 31 02 D8 3F 4F D3 (10)
                              [N4:Y] INTERRUPT '?'
2026-04-23 13:38:40:730 [IN ] C8 24 09 0B 25 A5 09 01 31 03 C9 3A 09 4A 1E 6A C8 24 04 0C 25 A5 04 01 31 04 D8 3A 01 01 4E 72 EA (33)
                              [N9:P] LFLAG ':' 9 (9)
                              [N4:Y] INTERRUPT ':' 1 1 (257)
2026-04-23 13:38:40:752 [OUT] 25 A5 01 09 31 03 CA 3D 09 4E 1F (11)
                              [N9:P] RFLAG '=' 9 (9)
2026-04-23 13:38:40:776 [OUT] 25 A5 01 0C 31 02 D8 3F 57 FB (10)
                              [N12:Z] INTERRUPT '?'
2026-04-23 13:38:41:078 [IN ] C8 24 09 0B 25 A5 09 01 31 03 CA 3A 09 4B 21 72 C8 24 0C 0C 25 A5 0C 01 31 04 D8 3A 01 01 56 B2 EA (33)
                              [N9:P] RFLAG ':' 9 (9)
                              [N12:Z] INTERRUPT ':' 1 1 (257)
2026-04-23 13:38:41:099 [OUT] 25 A5 01 08 31 03 C9 3D 09 4C 16 (11)
                              [N8:R] LFLAG '=' 9 (9)
2026-04-23 13:38:41:120 [OUT] 25 A5 01 03 31 03 C9 3D 0B 49 FA (11)
                              [N3:X] LFLAG '=' 11 (11)
2026-04-23 13:38:41:142 [OUT] 25 A5 01 04 31 03 C9 3D 0B 4A 00 (11)
                              [N4:Y] LFLAG '=' 11 (11)
2026-04-23 13:38:41:166 [OUT] 25 A5 01 0C 31 03 C9 3D 0B 52 30 (11)
                              [N12:Z] LFLAG '=' 11 (11)
2026-04-23 13:38:41:270 [IN ] C8 24 08 0B 25 A5 08 01 31 03 C9 3A 09 49 17 B2 (16)
                              [N8:R] LFLAG ':' 9 (9)
2026-04-23 13:38:41:291 [OUT] 25 A5 01 08 31 03 CA 3D 09 4D 19 (11)
                              [N8:R] RFLAG '=' 9 (9)
2026-04-23 13:38:41:376 [IN ] C8 24 03 0B 25 A5 03 01 31 03 C9 3A 0B 46 F6 B2 (16)
                              [N3:X] LFLAG ':' 11 (11)
2026-04-23 13:38:41:399 [OUT] 25 A5 01 03 31 03 88 00 50 10 02 (11)
                              [N3:X] RUN 0 80 (80)
2026-04-23 13:38:41:482 [IN ] C8 24 04 0B 25 A5 04 01 31 03 C9 3A 0B 47 FD B2 (16)
                              [N4:Y] LFLAG ':' 11 (11)
2026-04-23 13:38:41:503 [OUT] 25 A5 01 04 31 03 88 00 50 11 08 (11)
                              [N4:Y] RUN 0 80 (80)
2026-04-23 13:38:41:606 [IN ] C8 24 0C 0B 25 A5 0C 01 31 03 C9 3A 0B 4F 35 B2 (16)
                              [N12:Z] LFLAG ':' 11 (11)
2026-04-23 13:38:41:628 [OUT] 25 A5 01 0C 31 03 88 00 50 19 38 (11)
                              [N12:Z] RUN 0 80 (80)
2026-04-23 13:38:41:690 [IN ] C8 24 08 0B 25 A5 08 01 31 03 CA 3A 09 4A 1A B2 (16)
                              [N8:R] RFLAG ':' 9 (9)
2026-04-23 13:38:41:813 [IN ] C8 24 03 0C 25 A5 03 01 31 04 88 53 (12)
2026-04-23 13:38:41:834 [IN ] 00 50 64 C2 EA (5)
                              [N3:X] RUN 'S' 0 80 (80)
2026-04-23 13:38:41:917 [IN ] C8 24 04 0C 25 A5 04 01 31 04 88 53 00 50 65 CA EA (17)
                              [N4:Y] RUN 'S' 0 80 (80)
2026-04-23 13:38:42:042 [IN ] C8 24 0C 0C 25 A5 0C 01 31 04 88 53 00 50 6D 0A EA (17)
                              [N12:Z] RUN 'S' 0 80 (80)
2026-04-23 13:38:48:659 [IN ] C8 24 04 0B 25 A5 04 01 31 03 81 5A 4C 60 A6 0A C8 24 04 0A 25 A5 04 01 31 02 81 49 02 32 A6 (31)
                              [N4:Y] TPOS 'Z' 76 (76)
                              [N4:Y] TPOS 'I'
2026-04-23 13:38:48:883 [OUT] 25 A5 01 09 31 02 D8 3F 54 EC (10)
                              [N9:P] INTERRUPT '?'
2026-04-23 13:38:49:184 [IN ] C8 24 09 0C 25 A5 09 01 31 04 D8 3A 01 01 53 9A EA (17)
                              [N9:P] INTERRUPT ':' 1 1 (257)
2026-04-23 13:38:49:206 [OUT] 25 A5 01 04 31 03 C9 3D 09 48 FE (11)
                              [N4:Y] LFLAG '=' 9 (9)
2026-04-23 13:38:49:229 [OUT] 25 A5 01 07 31 02 D8 3F 52 E2 (10)
                              [N7:N] INTERRUPT '?'
2026-04-23 13:38:49:530 [IN ] C8 24 04 0B 25 A5 04 01 31 03 C9 3A 09 45 FB 9A C8 24 07 0C 25 A5 07 01 31 04 D8 3A 01 01 51 8A EA (33)
                              [N4:Y] LFLAG ':' 9 (9)
                              [N7:N] INTERRUPT ':' 1 1 (257)
2026-04-23 13:38:49:551 [OUT] 25 A5 01 09 31 03 C9 3D 0B 4F 1E (11)
                              [N9:P] LFLAG '=' 11 (11)
2026-04-23 13:38:49:573 [OUT] 25 A5 01 07 31 03 C9 3D 0B 4D 12 (11)
                              [N7:N] LFLAG '=' 11 (11)
2026-04-23 13:38:49:698 [IN ] C8 24 09 0B 25 (5)
2026-04-23 13:38:49:720 [IN ] A5 09 01 31 03 C9 3A 0B 4C 20 8A (11)
                              [N9:P] LFLAG ':' 11 (11)
2026-04-23 13:38:49:742 [OUT] 25 A5 01 09 31 03 88 00 50 16 26 (11)
                              [N9:P] RUN 0 80 (80)
2026-04-23 13:38:49:825 [IN ] C8 24 07 0B 25 A5 07 01 31 03 C9 3A 0B 4A 12 8A (16)
                              [N7:N] LFLAG ':' 11 (11)
2026-04-23 13:38:49:847 [OUT] 25 A5 01 07 31 03 88 00 50 14 1A (11)
                              [N7:N] RUN 0 80 (80)
2026-04-23 13:38:49:929 [IN ] C8 24 09 0C 25 A5 09 01 31 04 88 53 00 50 6A F2 EA (17)
                              [N9:P] RUN 'S' 0 80 (80)
2026-04-23 13:38:50:013 [IN ] C8 24 09 0B 25 A5 09 01 31 03 81 5A 4C 65 C9 F2 (16)
                              [N9:P] TPOS 'Z' 76 (76)
2026-04-23 13:38:50:035 [IN ] C8 24 09 0A 25 A5 09 01 31 02 81 49 07 50 C9 (15)
                              [N9:P] TPOS 'I'
2026-04-23 13:38:50:057 [IN ] C8 24 07 0C 25 A5 07 01 31 04 88 53 00 50 68 E2 EA (17)
                              [N7:N] RUN 'S' 0 80 (80)
2026-04-23 13:38:50:079 [OUT] 25 A5 01 09 31 03 C9 3D 09 4D 1C (11)
                              [N9:P] LFLAG '=' 9 (9)
2026-04-23 13:38:50:101 [OUT] 25 A5 01 04 31 05 81 FF EE 88 01 32 FA (13)
                              [N4:Y] TPOS 255 238 136 1 (-1144831)
2026-04-23 13:38:50:267 [IN ] C8 24 09 0B 25 A5 09 01 31 03 C9 3A 09 4A 1E E2 (16)
                              [N9:P] LFLAG ':' 9 (9)
2026-04-23 13:38:50:371 [IN ] C8 24 04 0E 25 A5 04 01 31 06 81 53 00 00 00 00 10 88 0A (19)
                              [N4:Y] TPOS 'S' 0 0 0 0 (0)
2026-04-23 13:38:51:376 [IN ] C8 24 03 0B 25 A5 03 01 31 03 81 5A 4C 5F 9F 00 C8 24 03 0A 25 A5 03 01 31 02 81 49 01 2C 9F (31)
                              [N3:X] TPOS 'Z' 76 (76)
                              [N3:X] TPOS 'I'
2026-04-23 13:38:51:601 [OUT] 25 A5 01 03 31 03 C9 3D 09 47 F8 (11)
                              [N3:X] LFLAG '=' 9 (9)
2026-04-23 13:38:51:767 [IN ] C8 24 03 0B 25 A5 03 01 31 03 C9 3A 09 44 F4 00 (16)
                              [N3:X] LFLAG ':' 9 (9)
2026-04-23 13:38:53:974 [IN ] C8 24 07 0B 25 A5 07 01 31 03 81 5A 4C 63 BB 00 C8 24 07 0A 25 A5 07 01 31 02 81 49 05 44 BB (31)
                              [N7:N] TPOS 'Z' 76 (76)
                              [N7:N] TPOS 'I'
2026-04-23 13:38:54:198 [OUT] 25 A5 01 07 31 03 C9 3D 09 4B 10 (11)
                              [N7:N] LFLAG '=' 9 (9)
2026-04-23 13:38:54:363 [IN ] C8 24 07 0B 25 A5 07 01 31 03 C9 3A 09 48 10 00 (16)
                              [N7:N] LFLAG ':' 9 (9)
2026-04-23 13:38:56:569 [IN ] C8 24 04 0E 25 A5 04 01 31 06 81 45 FF EE 85 B9 2D CB 0A (19)
                              [N4:Y] TPOS 'E' 255 238 133 185 (-1145415)
2026-04-23 13:38:56:792 [OUT] 25 A5 01 09 31 05 81 FF E7 5D 56 5A 0C (13)
                              [N9:P] TPOS 255 231 93 86 (-1614506)
2026-04-23 13:38:56:815 [OUT] 25 A5 01 04 31 05 81 FF FD 50 01 09 B7 (13)
                              [N4:Y] TPOS 255 253 80 1 (-176127)
2026-04-23 13:38:56:836 [OUT] 25 A5 01 07 31 05 81 FF AB 19 75 F7 DF (13)
                              [N7:N] TPOS 255 171 25 117 (-5564043)
2026-04-23 13:38:56:858 [OUT] 25 A5 01 03 31 05 81 FF EC 4A AB 9B 1A (13)
                              [N3:X] TPOS 255 236 74 171 (-1291605)
2026-04-23 13:38:56:879 [OUT] 25 A5 01 06 31 02 D8 3F 51 DD (10)
                              [N6:H] INTERRUPT '?'
2026-04-23 13:38:57:181 [IN ] C8 24 09 0E 25 A5 09 01 31 06 81 53 FF FF FF FC 0E AD 0A C8 24 04 0E 25 A5 04 01 31 06 81 53 FF EE 85 B9 3B 11 0A (38)
                              [N9:P] TPOS 'S' 255 255 255 252 (-4)
                              [N4:Y] TPOS 'S' 255 238 133 185 (-1145415)
2026-04-23 13:38:57:482 [IN ] C8 24 07 0E 25 A5 07 01 31 06 81 53 FF FF FF FD 0D 9A 0A C8 24 03 0E 25 A5 03 01 31 06 81 53 00 00 00 00 0F 7E 0A C8 24 06 0C 25 A5 06 01 31 04 D8 3A 01 01 50 82 0F (55)
                              [N7:N] TPOS 'S' 255 255 255 253 (-3)
                              [N3:X] TPOS 'S' 0 0 0 0 (0)
                              [N6:H] INTERRUPT ':' 1 1 (257)
2026-04-23 13:38:57:504 [OUT] 25 A5 01 06 31 03 C9 3D 0B 4C 0C (11)
                              [N6:H] LFLAG '=' 11 (11)
2026-04-23 13:38:57:669 [IN ] C8 24 06 0B 25 A5 06 01 31 03 C9 3A 0B 49 0B 82 (16)
                              [N6:H] LFLAG ':' 11 (11)
2026-04-23 13:38:57:691 [OUT] 25 A5 01 06 31 03 88 FF B0 72 72 (11)
                              [N6:H] RUN 255 176 (-80)
2026-04-23 13:38:57:858 [IN ] C8 24 06 0C 25 A5 06 01 31 04 88 53 FF B0 C6 38 0F (17)
                              [N6:H] RUN 'S' 255 176 (-80)
2026-04-23 13:39:01:871 [IN ] C8 24 06 0B 25 A5 06 01 31 03 81 5A 4C 62 B4 38 C8 24 06 0A 25 A5 06 01 31 02 81 49 04 3E B4 (31)
                              [N6:H] TPOS 'Z' 76 (76)
                              [N6:H] TPOS 'I'
2026-04-23 13:39:02:093 [OUT] 25 A5 01 06 31 03 C9 3D 09 4A 0A (11)
                              [N6:H] LFLAG '=' 9 (9)
2026-04-23 13:39:02:156 [IN ] C8 24 0C 0B 25 A5 (6)
2026-04-23 13:39:02:179 [IN ] 0C 01 31 03 81 5A 4C 68 DE 38 (10)
                              [N12:Z] TPOS 'Z' 76 (76)
2026-04-23 13:39:02:200 [IN ] C8 24 0C 0A 25 A5 0C 01 31 02 81 49 0A 62 DE (15)
                              [N12:Z] TPOS 'I'
2026-04-23 13:39:02:243 [OUT] 25 A5 01 0C 31 03 C9 3D 09 50 2E (11)
                              [N12:Z] LFLAG '=' 9 (9)
2026-04-23 13:39:02:244 [IN ] C8 24 06 0B 25 (5)
2026-04-23 13:39:02:266 [IN ] A5 06 01 31 03 C9 3A 09 47 09 38 (11)
                              [N6:H] LFLAG ':' 9 (9)
2026-04-23 13:39:02:290 [OUT] 25 A5 01 06 31 03 84 00 50 0F 08 (11)
                              [N6:H] VEL 0 80 (80)
2026-04-23 13:39:02:414 [IN ] C8 24 0C 0B 25 A5 0C 01 31 03 C9 3A 09 4D (14)
2026-04-23 13:39:02:436 [IN ] 33 38 (2)
                              [N12:Z] LFLAG ':' 9 (9)
2026-04-23 13:39:02:458 [OUT] 25 A5 01 0C 31 05 81 FF BC D0 00 4F 33 (13)
                              [N12:Z] TPOS 255 188 208 0 (-4403200)
2026-04-23 13:39:02:500 [IN ] C8 24 06 0C 25 A5 06 01 31 04 84 53 (12)
2026-04-23 13:39:02:522 [IN ] 00 50 63 CA 0F (5)
                              [N6:H] VEL 'S' 0 80 (80)
2026-04-23 13:39:02:544 [OUT] 25 A5 01 06 31 05 81 00 19 82 3C 95 BE (13)
                              [N6:H] TPOS 0 25 130 60 (1671740)
2026-04-23 13:39:02:647 [IN ] C8 24 0C 0E 25 A5 0C 01 31 06 81 53 FF FF FF 63 78 32 0A (19)
                              [N12:Z] TPOS 'S' 255 255 255 99 (-157)
2026-04-23 13:39:02:770 [IN ] C8 24 06 0E 25 A5 06 01 (8)
2026-04-23 13:39:02:792 [IN ] 31 06 81 53 00 00 00 02 14 9E 0A (11)
                              [N6:H] TPOS 'S' 0 0 0 2 (2)
2026-04-23 13:39:04:196 [IN ] C8 24 03 0E 25 A5 03 01 31 06 81 45 FF EC 48 7B AF 03 0A (19)
                              [N3:X] TPOS 'E' 255 236 72 123 (-1292165)
2026-04-23 13:39:04:619 [OUT] 25 A5 01 03 31 05 81 FF FD 50 01 08 AF (13)
                              [N3:X] TPOS 255 253 80 1 (-176127)
2026-04-23 13:39:04:805 [IN ] C8 24 03 0E 25 A5 03 01 31 06 81 53 FF EC 48 7C BE 4A 0A (19)
                              [N3:X] TPOS 'S' 255 236 72 124 (-1292164)
2026-04-23 13:39:05:606 [IN ] C8 24 04 0E 25 A5 04 01 31 06 81 45 FF FD 4F A3 F0 76 0A (19)
                              [N4:Y] TPOS 'E' 255 253 79 163 (-176221)
2026-04-23 13:39:06:611 [IN ] C8 24 09 0E 25 A5 09 01 31 06 81 45 FF E7 5B 5D A5 38 0A (19)
                              [N9:P] TPOS 'E' 255 231 91 93 (-1615011)
2026-04-23 13:39:07:036 [OUT] 25 A5 01 09 31 05 81 FF FF D9 C8 60 BE (13)
                              [N9:P] TPOS 255 255 217 200 (-9784)
2026-04-23 13:39:07:221 [IN ] C8 24 09 0E 25 A5 09 01 31 06 81 53 FF E7 5B 65 BB 86 0A (19)
                              [N9:P] TPOS 'S' 255 231 91 101 (-1615003)
2026-04-23 13:39:10:629 [IN ] C8 24 06 0E 25 A5 06 01 31 06 81 45 00 19 86 5D 00 0A 0A (19)
                              [N6:H] TPOS 'E' 0 25 134 93 (1672797)
2026-04-23 13:39:11:052 [OUT] 25 A5 01 06 31 05 81 00 0D 03 C1 8F 21 (13)
                              [N6:H] TPOS 0 13 3 193 (852929)
2026-04-23 13:39:11:238 [IN ] C8 24 06 0E 25 A5 06 01 31 06 81 53 00 19 86 5D 0E 50 0A (19)
                              [N6:H] TPOS 'S' 0 25 134 93 (1672797)
2026-04-23 13:39:14:046 [IN ] C8 24 03 0E 25 A5 03 01 31 06 81 45 FF FD 50 92 DF 5D 0A (19)
                              [N3:X] TPOS 'E' 255 253 80 146 (-175982)
2026-04-23 13:39:15:052 [IN ] C8 24 06 0E 25 A5 06 01 31 06 81 45 00 0C FF 30 3F A8 0A (19)
                              [N6:H] TPOS 'E' 0 12 255 48 (851760)
2026-04-23 13:39:15:278 [OUT] 25 A5 01 05 31 02 D8 3F 50 D8 (10)
                              [N5:V] INTERRUPT '?'
2026-04-23 13:39:15:579 [IN ] C8 24 05 0C 25 A5 05 01 31 04 D8 3A 01 01 4F 7A 3F (17)
                              [N5:V] INTERRUPT ':' 1 1 (257)
2026-04-23 13:39:15:600 [OUT] 25 A5 01 05 31 03 C9 3D 0B 4B 06 (11)
                              [N5:V] LFLAG '=' 11 (11)
2026-04-23 13:39:15:766 [IN ] C8 24 05 0B 25 A5 05 01 31 03 C9 3A 0B 48 04 7A (16)
                              [N5:V] LFLAG ':' 11 (11)
2026-04-23 13:39:15:787 [OUT] 25 A5 01 05 31 03 88 FF B0 71 6C (11)
                              [N5:V] RUN 255 176 (-80)
2026-04-23 13:39:15:952 [IN ] C8 24 05 0C 25 A5 05 01 31 04 88 53 FF B0 C5 30 3F (17)
                              [N5:V] RUN 'S' 255 176 (-80)
2026-04-23 13:39:17:158 [IN ] C8 24 09 0E 25 A5 09 01 31 06 81 45 FF FF DB 16 F6 39 0A (19)
                              [N9:P] TPOS 'E' 255 255 219 22 (-9450)
2026-04-23 13:39:17:386 [OUT] 25 A5 01 08 31 02 D8 3F 53 E7 (10)
                              [N8:R] INTERRUPT '?'
2026-04-23 13:39:17:687 [IN ] C8 24 08 0C 25 A5 08 01 31 04 D8 3A 01 01 52 92 F6 (17)
                              [N8:R] INTERRUPT ':' 1 1 (257)
2026-04-23 13:39:17:708 [OUT] 25 A5 01 08 31 03 CA 3D 0B 4F 1B (11)
                              [N8:R] RFLAG '=' 11 (11)
2026-04-23 13:39:17:853 [IN ] C8 24 08 0B 25 A5 08 01 31 03 CA 3A 0B 4C 1C 92 (16)
                              [N8:R] RFLAG ':' 11 (11)
2026-04-23 13:39:17:875 [OUT] 25 A5 01 08 31 03 88 00 50 15 20 (11)
                              [N8:R] RUN 0 80 (80)
2026-04-23 13:39:18:040 [IN ] C8 24 08 0C 25 A5 08 01 31 04 88 53 00 50 69 EA F6 (17)
                              [N8:R] RUN 'S' 0 80 (80)
2026-04-23 13:39:20:849 [IN ] C8 24 05 0B 25 A5 05 01 31 03 81 5A 4C 61 AD EA C8 24 05 0A 25 A5 05 01 31 02 81 49 03 38 AD (31)
                              [N5:V] TPOS 'Z' 76 (76)
                              [N5:V] TPOS 'I'
2026-04-23 13:39:21:073 [OUT] 25 A5 01 05 31 03 C9 3D 09 49 04 (11)
                              [N5:V] LFLAG '=' 9 (9)
2026-04-23 13:39:21:258 [IN ] C8 24 05 0B 25 A5 05 01 31 03 C9 3A 09 46 02 EA (16)
                              [N5:V] LFLAG ':' 9 (9)
2026-04-23 13:39:21:280 [OUT] 25 A5 01 05 31 03 84 00 50 0E 02 (11)
                              [N5:V] VEL 0 80 (80)
2026-04-23 13:39:21:465 [IN ] C8 24 05 0C 25 A5 05 01 31 04 84 53 00 50 62 C2 F6 (17)
                              [N5:V] VEL 'S' 0 80 (80)
2026-04-23 13:39:21:487 [OUT] 25 A5 01 05 31 05 81 00 19 82 3C 94 B6 (13)
                              [N5:V] TPOS 0 25 130 60 (1671740)
2026-04-23 13:39:21:672 [IN ] C8 24 05 0E 25 A5 05 01 31 06 81 53 00 00 00 01 12 93 0A (19)
                              [N5:V] TPOS 'S' 0 0 0 1 (1)
2026-04-23 13:39:22:676 [IN ] C8 24 07 0E 25 A5 07 01 31 06 81 45 FF AB 15 3F 03 C6 0A (19)
                              [N7:N] TPOS 'E' 255 171 21 63 (-5565121)
2026-04-23 13:39:23:102 [OUT] 25 A5 01 07 31 05 81 FF F3 35 BF A5 39 (13)
                              [N7:N] TPOS 255 243 53 191 (-838209)
2026-04-23 13:39:23:287 [IN ] C8 24 07 0E 25 A5 07 01 31 06 81 53 FF AB 15 3F 11 0C 0A (19)
                              [N7:N] TPOS 'S' 255 171 21 63 (-5565121)
2026-04-23 13:39:25:293 [IN ] C8 24 08 0B 25 A5 08 01 31 03 81 5A 52 6A C8 3F C8 24 08 0A 25 A5 08 01 31 02 81 49 06 4A C8 (31)
                              [N8:R] TPOS 'Z' 82 (82)
                              [N8:R] TPOS 'I'
2026-04-23 13:39:25:516 [OUT] 25 A5 01 08 31 03 CA 3D 09 4D 19 (11)
                              [N8:R] RFLAG '=' 9 (9)
2026-04-23 13:39:25:701 [IN ] C8 24 08 0B 25 A5 08 01 31 03 CA 3A 09 4A 1A 3F (16)
                              [N8:R] RFLAG ':' 9 (9)
2026-04-23 13:39:25:722 [OUT] 25 A5 01 08 31 05 81 FF DC 77 1D 2F DE (13)
                              [N8:R] TPOS 255 220 119 29 (-2328803)
2026-04-23 13:39:25:908 [IN ] C8 24 08 0E 25 A5 08 01 31 06 81 53 FF FF FF E2 F3 89 0A (19)
                              [N8:R] TPOS 'S' 255 255 255 226 (-30)
2026-04-23 13:39:29:719 [IN ] C8 24 05 0E 25 A5 05 01 31 06 81 45 00 19 85 51 F2 F2 0A (19)
                              [N5:V] TPOS 'E' 0 25 133 81 (1672529)
2026-04-23 13:39:30:143 [OUT] 25 A5 01 05 31 05 81 00 0D 03 C1 8E 19 (13)
                              [N5:V] TPOS 0 13 3 193 (852929)
2026-04-23 13:39:30:286 [OUT] 25 A5 01 0C 31 01 82 C1 4C (9)
                              [N12:Z] GETPOS
2026-04-23 13:39:30:307 [OUT] 25 A5 01 07 31 01 82 BC 38 (9)
                              [N7:N] GETPOS
2026-04-23 13:39:30:329 [OUT] 25 A5 01 08 31 01 82 BD 3C (9)
                              [N8:R] GETPOS
2026-04-23 13:39:30:330 [IN ] C8 24 05 0E 25 A5 05 01 31 06 81 53 00 19 85 51 00 38 0A (19)
                              [N5:V] TPOS 'S' 0 25 133 81 (1672529)
2026-04-23 13:39:30:350 [OUT] 25 A5 01 05 31 01 82 BA 30 (9)
                              [N5:V] GETPOS
2026-04-23 13:39:30:435 [IN ] C8 24 0C 0D 25 A5 0C 01 31 05 82 FF C1 0B 6C FC 34 38 (18)
                              [N12:Z] GETPOS 255 193 11 108 (-4125844)
2026-04-23 13:39:30:518 [IN ] C8 24 07 0D 25 A5 07 01 31 05 82 FF C3 64 D5 BB 28 38 (18)
                              [N7:N] GETPOS 255 195 100 213 (-3971883)
2026-04-23 13:39:30:622 [IN ] C8 24 08 0D 25 A5 08 01 31 05 82 FF F3 1B 85 53 DF 38 (18)
                              [N8:R] GETPOS 255 243 27 133 (-844923)
2026-04-23 13:39:30:684 [IN ] C8 24 05 0D 25 A5 05 01 31 05 82 00 18 AD AC 2F 82 38 (18)
                              [N5:V] GETPOS 0 24 173 172 (1617324)
