2026-04-23 16:48:09:277 [OUT] 25 A5 01 0A 31 05 D6 3D FF 00 00 53 ED (13)
                              [N10:HMI] HMILED '=' 255 0 0 (16711680)
2026-04-23 16:48:09:299 [OUT] 25 A5 01 03 31 02 D8 3F 4E CE (10)
                              [N3:X] INTERRUPT '?'
2026-04-23 16:48:09:601 [IN ] C8 24 0A 0D 25 A5 0A 01 31 05 D6 3A FF 00 00 50 EA D8 C8 24 03 0C 25 A5 03 01 31 04 D8 3A 01 01 4D 6A EA (35)
                              [N10:HMI] HMILED ':' 255 0 0 (16711680)
                              [N3:X] INTERRUPT ':' 1 1 (257)
2026-04-23 16:48:09:623 [OUT] 25 A5 01 09 31 03 C9 3D 09 4D 1C (11)
                              [N9:P] LFLAG '=' 9 (9)
2026-04-23 16:48:09:646 [OUT] 25 A5 01 04 31 02 D8 3F 4F D3 (10)
                              [N4:Y] INTERRUPT '?'
2026-04-23 16:48:09:949 [IN ] C8 24 09 0B 25 A5 09 01 31 03 C9 3A 09 4A 1E 6A C8 24 04 0C 25 A5 04 01 31 04 D8 3A 01 01 4E 72 EA (33)
                              [N9:P] LFLAG ':' 9 (9)
                              [N4:Y] INTERRUPT ':' 1 1 (257)
2026-04-23 16:48:09:969 [OUT] 25 A5 01 09 31 03 CA 3D 09 4E 1F (11)
                              [N9:P] RFLAG '=' 9 (9)
2026-04-23 16:48:09:991 [OUT] 25 A5 01 0C 31 02 D8 3F 57 FB (10)
                              [N12:Z] INTERRUPT '?'
2026-04-23 16:48:10:293 [IN ] C8 24 09 0B 25 A5 09 01 31 03 CA 3A 09 4B 21 72 C8 24 0C 0C 25 A5 0C 01 31 04 D8 3A 01 01 56 B2 EA (33)
                              [N9:P] RFLAG ':' 9 (9)
                              [N12:Z] INTERRUPT ':' 1 1 (257)
2026-04-23 16:48:10:314 [OUT] 25 A5 01 08 31 03 C9 3D 09 4C 16 (11)
                              [N8:R] LFLAG '=' 9 (9)
2026-04-23 16:48:10:337 [OUT] 25 A5 01 03 31 03 C9 3D 0B 49 FA (11)
                              [N3:X] LFLAG '=' 11 (11)
2026-04-23 16:48:10:360 [OUT] 25 A5 01 04 31 03 C9 3D 0B 4A 00 (11)
                              [N4:Y] LFLAG '=' 11 (11)
2026-04-23 16:48:10:385 [OUT] 25 A5 01 0C 31 03 C9 3D 0B 52 30 (11)
                              [N12:Z] LFLAG '=' 11 (11)
2026-04-23 16:48:10:470 [IN ] C8 24 08 0B 25 A5 08 01 31 03 C9 3A 09 49 17 B2 (16)
                              [N8:R] LFLAG ':' 9 (9)
2026-04-23 16:48:10:491 [OUT] 25 A5 01 08 31 03 CA 3D 09 4D 19 (11)
                              [N8:R] RFLAG '=' 9 (9)
2026-04-23 16:48:10:594 [IN ] C8 24 03 0B 25 A5 03 01 31 03 C9 3A 0B 46 F6 B2 (16)
                              [N3:X] LFLAG ':' 11 (11)
2026-04-23 16:48:10:616 [OUT] 25 A5 01 03 31 03 88 00 50 10 02 (11)
                              [N3:X] RUN 0 80 (80)
2026-04-23 16:48:10:681 [IN ] C8 24 04 0B 25 A5 04 01 31 03 C9 3A 0B 47 FD B2 (16)
                              [N4:Y] LFLAG ':' 11 (11)
2026-04-23 16:48:10:703 [OUT] 25 A5 01 04 31 03 88 00 50 11 08 (11)
                              [N4:Y] RUN 0 80 (80)
2026-04-23 16:48:10:808 [IN ] C8 24 0C 0B 25 A5 0C 01 31 03 C9 3A 0B 4F 35 B2 (16)
                              [N12:Z] LFLAG ':' 11 (11)
2026-04-23 16:48:10:831 [OUT] 25 A5 01 0C 31 03 88 00 5A 23 42 (11)
                              [N12:Z] RUN 0 90 (90)
2026-04-23 16:48:10:917 [IN ] C8 24 08 0B 25 A5 08 01 31 03 CA 3A 09 4A 1A B2 (16)
                              [N8:R] RFLAG ':' 9 (9)
2026-04-23 16:48:11:021 [IN ] C8 24 03 0C 25 A5 03 01 31 04 88 53 00 50 64 C2 EA (17)
                              [N3:X] RUN 'S' 0 80 (80)
2026-04-23 16:48:11:126 [IN ] C8 24 04 0C 25 A5 04 01 31 04 88 53 00 50 65 CA EA (17)
                              [N4:Y] RUN 'S' 0 80 (80)
2026-04-23 16:48:11:251 [IN ] C8 24 0C 0C 25 A5 0C 01 31 04 88 53 00 5A 77 14 EA (17)
                              [N12:Z] RUN 'S' 0 90 (90)
2026-04-23 16:48:17:671 [IN ] C8 24 04 0B 25 A5 04 01 31 03 81 5A 4C 60 A6 14 (16)
                              [N4:Y] TPOS 'Z' 76 (76)
2026-04-23 16:48:17:874 [IN ] C8 24 04 0A 25 A5 04 01 31 02 81 49 02 32 A6 (15)
                              [N4:Y] TPOS 'I'
2026-04-23 16:48:18:099 [OUT] 25 A5 01 09 31 02 D8 3F 54 EC (10)
                              [N9:P] INTERRUPT '?'
2026-04-23 16:48:18:402 [IN ] C8 24 09 0C 25 A5 09 01 31 04 D8 3A 01 01 53 9A EA (17)
                              [N9:P] INTERRUPT ':' 1 1 (257)
2026-04-23 16:48:18:423 [OUT] 25 A5 01 04 31 03 C9 3D 09 48 FE (11)
                              [N4:Y] LFLAG '=' 9 (9)
2026-04-23 16:48:18:446 [OUT] 25 A5 01 07 31 02 D8 3F 52 E2 (10)
                              [N7:N] INTERRUPT '?'
2026-04-23 16:48:18:747 [IN ] C8 24 04 0B 25 A5 04 01 31 03 C9 3A 09 45 FB 9A C8 24 07 0C 25 A5 07 01 31 04 D8 3A 01 01 51 8A EA (33)
                              [N4:Y] LFLAG ':' 9 (9)
                              [N7:N] INTERRUPT ':' 1 1 (257)
2026-04-23 16:48:18:769 [OUT] 25 A5 01 09 31 03 C9 3D 0B 4F 1E (11)
                              [N9:P] LFLAG '=' 11 (11)
2026-04-23 16:48:18:790 [OUT] 25 A5 01 07 31 03 C9 3D 0B 4D 12 (11)
                              [N7:N] LFLAG '=' 11 (11)
2026-04-23 16:48:18:936 [IN ] C8 24 09 0B 25 A5 09 01 31 03 C9 3A 0B 4C 20 8A (16)
                              [N9:P] LFLAG ':' 11 (11)
2026-04-23 16:48:18:958 [OUT] 25 A5 01 09 31 03 88 00 50 16 26 (11)
                              [N9:P] RUN 0 80 (80)
2026-04-23 16:48:19:043 [IN ] C8 24 07 0B 25 A5 07 01 31 03 C9 3A 0B 4A 12 8A (16)
                              [N7:N] LFLAG ':' 11 (11)
2026-04-23 16:48:19:069 [OUT] 25 A5 01 07 31 03 88 00 50 14 1A (11)
                              [N7:N] RUN 0 80 (80)
2026-04-23 16:48:19:154 [IN ] C8 24 09 0C 25 A5 09 01 31 04 88 53 00 50 6A F2 EA (17)
                              [N9:P] RUN 'S' 0 80 (80)
2026-04-23 16:48:19:219 [IN ] C8 24 09 0B 25 A5 09 01 31 03 81 5A 4C 65 C9 F2 (16)
                              [N9:P] TPOS 'Z' 76 (76)
2026-04-23 16:48:19:262 [IN ] C8 24 09 0A 25 A5 09 01 31 02 81 49 07 50 C9 C8 24 07 0C 25 A5 07 01 31 04 88 53 00 50 68 E2 EA (32)
                              [N9:P] TPOS 'I'
                              [N7:N] RUN 'S' 0 80 (80)
2026-04-23 16:48:19:486 [OUT] 25 A5 01 09 31 03 C9 3D 09 4D 1C (11)
                              [N9:P] LFLAG '=' 9 (9)
2026-04-23 16:48:19:508 [OUT] 25 A5 01 04 31 05 81 FF EE 88 01 32 FA (13)
                              [N4:Y] TPOS 255 238 136 1 (-1144831)
2026-04-23 16:48:19:656 [IN ] C8 24 09 0B 25 A5 09 01 31 03 C9 3A (12)
2026-04-23 16:48:19:678 [IN ] 09 4A 1E E2 (4)
                              [N9:P] LFLAG ':' 9 (9)
2026-04-23 16:48:19:803 [IN ] C8 24 04 0E 25 A5 04 01 31 06 81 53 00 00 00 00 10 88 0A (19)
                              [N4:Y] TPOS 'S' 0 0 0 0 (0)
2026-04-23 16:48:20:207 [IN ] C8 24 03 0B 25 A5 03 01 31 03 81 5A 4C 5F 9F 00 C8 24 03 0A 25 A5 03 01 31 02 81 49 01 2C 9F (31)
                              [N3:X] TPOS 'Z' 76 (76)
                              [N3:X] TPOS 'I'
2026-04-23 16:48:20:429 [OUT] 25 A5 01 03 31 03 C9 3D 09 47 F8 (11)
                              [N3:X] LFLAG '=' 9 (9)
2026-04-23 16:48:20:596 [IN ] C8 24 03 0B 25 A5 03 01 31 03 C9 3A 09 44 F4 00 (16)
                              [N3:X] LFLAG ':' 9 (9)
2026-04-23 16:48:23:208 [IN ] C8 24 07 0B 25 A5 07 01 31 03 81 5A 4C 63 BB 00 C8 24 07 0A 25 A5 07 01 31 02 81 49 05 44 BB (31)
                              [N7:N] TPOS 'Z' 76 (76)
                              [N7:N] TPOS 'I'
2026-04-23 16:48:23:431 [OUT] 25 A5 01 07 31 03 C9 3D 09 4B 10 (11)
                              [N7:N] LFLAG '=' 9 (9)
2026-04-23 16:48:23:598 [IN ] C8 24 07 0B 25 A5 07 01 31 03 C9 3A 09 48 10 00 (16)
                              [N7:N] LFLAG ':' 9 (9)
2026-04-23 16:48:26:006 [IN ] C8 24 04 0E 25 A5 04 01 31 06 81 45 FF EE 85 9B 0F AD 0A (19)
                              [N4:Y] TPOS 'E' 255 238 133 155 (-1145445)
2026-04-23 16:48:26:228 [OUT] 25 A5 01 09 31 05 81 FF E7 5D 56 5A 0C (13)
                              [N9:P] TPOS 255 231 93 86 (-1614506)
2026-04-23 16:48:26:251 [OUT] 25 A5 01 04 31 05 81 FF FD 50 01 09 B7 (13)
                              [N4:Y] TPOS 255 253 80 1 (-176127)
2026-04-23 16:48:26:274 [OUT] 25 A5 01 07 31 05 81 FF AB 19 75 F7 DF (13)
                              [N7:N] TPOS 255 171 25 117 (-5564043)
2026-04-23 16:48:26:297 [OUT] 25 A5 01 03 31 05 81 FF EC 4A AB 9B 1A (13)
                              [N3:X] TPOS 255 236 74 171 (-1291605)
2026-04-23 16:48:26:319 [OUT] 25 A5 01 06 31 02 D8 3F 51 DD (10)
                              [N6:H] INTERRUPT '?'
2026-04-23 16:48:26:622 [IN ] C8 24 09 0E 25 A5 09 01 31 06 81 53 FF FF FF FB 0D AC 0A C8 24 04 0E 25 A5 04 01 31 06 81 53 FF EE 85 9C 1E F4 0A (38)
                              [N9:P] TPOS 'S' 255 255 255 251 (-5)
                              [N4:Y] TPOS 'S' 255 238 133 156 (-1145444)
2026-04-23 16:48:26:923 [IN ] C8 24 07 0E 25 A5 07 01 31 06 81 53 FF FF FF FF 0F 9C 0A C8 24 03 0E 25 A5 03 01 31 06 81 53 00 00 00 00 0F 7E 0A C8 24 06 0C 25 A5 06 01 31 04 D8 3A 01 01 50 82 0F (55)
                              [N7:N] TPOS 'S' 255 255 255 255 (-1)
                              [N3:X] TPOS 'S' 0 0 0 0 (0)
                              [N6:H] INTERRUPT ':' 1 1 (257)
2026-04-23 16:48:26:945 [OUT] 25 A5 01 06 31 03 C9 3D 0B 4C 0C (11)
                              [N6:H] LFLAG '=' 11 (11)
2026-04-23 16:48:27:111 [IN ] C8 24 06 0B 25 A5 06 01 31 03 C9 3A 0B 49 0B 82 (16)
                              [N6:H] LFLAG ':' 11 (11)
2026-04-23 16:48:27:133 [OUT] 25 A5 01 06 31 03 88 FF B0 72 72 (11)
                              [N6:H] RUN 255 176 (-80)
2026-04-23 16:48:27:298 [IN ] C8 24 06 0C 25 A5 06 01 31 04 88 53 FF B0 C6 38 0F (17)
                              [N6:H] RUN 'S' 255 176 (-80)
2026-04-23 16:48:28:104 [IN ] C8 24 0C 0B 25 A5 0C 01 31 03 81 5A 4C 68 DE 38 C8 24 0C 0A 25 A5 0C 01 31 02 81 49 0A 62 DE (31)
                              [N12:Z] TPOS 'Z' 76 (76)
                              [N12:Z] TPOS 'I'
2026-04-23 16:48:28:327 [OUT] 25 A5 01 0C 31 03 C9 3D 09 50 2E (11)
                              [N12:Z] LFLAG '=' 9 (9)
2026-04-23 16:48:28:495 [IN ] C8 24 0C 0B 25 A5 0C 01 31 03 C9 3A 09 4D 33 38 (16)
                              [N12:Z] LFLAG ':' 9 (9)
2026-04-23 16:48:28:518 [OUT] 25 A5 01 0C 31 05 81 FF BC D0 00 4F 33 (13)
                              [N12:Z] TPOS 255 188 208 0 (-4403200)
2026-04-23 16:48:28:704 [IN ] C8 24 0C 0E 25 A5 0C 01 31 06 81 53 FF FF FF 3B 50 0A 0A (19)
                              [N12:Z] TPOS 'S' 255 255 255 59 (-197)
2026-04-23 16:48:31:314 [IN ] C8 24 06 0B 25 A5 06 01 31 03 81 5A 4C 62 B4 3B C8 24 06 0A 25 A5 06 01 31 02 81 49 04 3E B4 (31)
                              [N6:H] TPOS 'Z' 76 (76)
                              [N6:H] TPOS 'I'
2026-04-23 16:48:31:540 [OUT] 25 A5 01 06 31 03 C9 3D 09 4A 0A (11)
                              [N6:H] LFLAG '=' 9 (9)
2026-04-23 16:48:31:709 [IN ] C8 24 06 0B 25 A5 06 01 31 03 C9 3A 09 47 09 3B (16)
                              [N6:H] LFLAG ':' 9 (9)
2026-04-23 16:48:31:731 [OUT] 25 A5 01 06 31 03 84 00 50 0F 08 (11)
                              [N6:H] VEL 0 80 (80)
2026-04-23 16:48:31:898 [IN ] C8 24 06 0C 25 A5 06 01 31 (9)
2026-04-23 16:48:31:921 [IN ] 04 84 53 00 50 63 CA 50 (8)
                              [N6:H] VEL 'S' 0 80 (80)
2026-04-23 16:48:31:943 [OUT] 25 A5 01 06 31 05 81 00 19 82 3C 95 BE (13)
                              [N6:H] TPOS 0 25 130 60 (1671740)
2026-04-23 16:48:32:132 [IN ] C8 24 06 0E 25 A5 06 01 31 06 81 53 00 00 00 00 12 9C 0A (19)
                              [N6:H] TPOS 'S' 0 0 0 0 (0)
2026-04-23 16:48:33:339 [IN ] C8 24 03 0E 25 A5 03 01 31 06 81 45 FF EC 47 B4 E7 3A 0A (19)
                              [N3:X] TPOS 'E' 255 236 71 180 (-1292364)
2026-04-23 16:48:33:763 [OUT] 25 A5 01 03 31 05 81 FF FD 50 01 08 AF (13)
                              [N3:X] TPOS 255 253 80 1 (-176127)
2026-04-23 16:48:33:949 [IN ] C8 24 03 0E 25 A5 03 01 31 06 81 53 FF EC 47 B4 F5 80 0A (19)
                              [N3:X] TPOS 'S' 255 236 71 180 (-1292364)
2026-04-23 16:48:34:953 [IN ] C8 24 04 0E 25 A5 04 01 31 06 81 45 FF FD 4F C6 13 99 0A (19)
                              [N4:Y] TPOS 'E' 255 253 79 198 (-176186)
2026-04-23 16:48:36:157 [IN ] C8 24 09 0E 25 A5 09 01 31 06 81 45 FF E7 5C C9 12 A6 0A (19)
                              [N9:P] TPOS 'E' 255 231 92 201 (-1614647)
2026-04-23 16:48:36:582 [OUT] 25 A5 01 09 31 05 81 FF FF D9 C8 60 BE (13)
                              [N9:P] TPOS 255 255 217 200 (-9784)
2026-04-23 16:48:36:769 [IN ] C8 24 09 0E 25 A5 09 01 31 06 81 53 FF E7 5C CE 25 F1 0A (19)
                              [N9:P] TPOS 'S' 255 231 92 206 (-1614642)
2026-04-23 16:48:39:779 [IN ] C8 24 06 0E 25 A5 06 01 31 06 81 45 00 19 86 87 2A 34 0A (19)
                              [N6:H] TPOS 'E' 0 25 134 135 (1672839)
2026-04-23 16:48:40:207 [OUT] 25 A5 01 06 31 05 81 00 0D 03 C1 8F 21 (13)
                              [N6:H] TPOS 0 13 3 193 (852929)
2026-04-23 16:48:40:394 [IN ] C8 24 06 0E 25 A5 06 01 31 06 81 53 00 19 86 87 38 7A 0A (19)
                              [N6:H] TPOS 'S' 0 25 134 135 (1672839)
2026-04-23 16:48:42:801 [IN ] C8 24 03 0E 25 A5 03 01 31 06 81 45 FF FD 50 F4 41 BF 0A (19)
                              [N3:X] TPOS 'E' 255 253 80 244 (-175884)
2026-04-23 16:48:44:206 [IN ] C8 24 06 0E 25 A5 06 01 31 06 81 45 00 0C FF 05 14 7D 0A (19)
                              [N6:H] TPOS 'E' 0 12 255 5 (851717)
2026-04-23 16:48:44:434 [OUT] 25 A5 01 05 31 02 D8 3F 50 D8 (10)
                              [N5:V] INTERRUPT '?'
2026-04-23 16:48:44:736 [IN ] C8 24 05 0C 25 A5 05 01 31 04 D8 3A 01 01 4F 7A 14 (17)
                              [N5:V] INTERRUPT ':' 1 1 (257)
2026-04-23 16:48:44:757 [OUT] 25 A5 01 05 31 03 C9 3D 0B 4B 06 (11)
                              [N5:V] LFLAG '=' 11 (11)
2026-04-23 16:48:44:943 [IN ] C8 24 05 0B 25 A5 05 01 31 03 C9 3A 0B 48 04 7A (16)
                              [N5:V] LFLAG ':' 11 (11)
2026-04-23 16:48:44:964 [OUT] 25 A5 01 05 31 03 88 FF B0 71 6C (11)
                              [N5:V] RUN 255 176 (-80)
2026-04-23 16:48:45:130 [IN ] C8 24 05 0C 25 A5 05 01 31 04 88 53 FF B0 C5 30 14 (17)
                              [N5:V] RUN 'S' 255 176 (-80)
2026-04-23 16:48:46:937 [IN ] C8 24 09 0E 25 A5 09 01 31 06 81 45 FF FF DA DF BE 00 0A (19)
                              [N9:P] TPOS 'E' 255 255 218 223 (-9505)
2026-04-23 16:48:47:160 [OUT] 25 A5 01 08 31 02 D8 3F 53 E7 (10)
                              [N8:R] INTERRUPT '?'
2026-04-23 16:48:47:461 [IN ] C8 24 08 0C 25 A5 08 01 31 04 D8 3A 01 01 52 92 BE (17)
                              [N8:R] INTERRUPT ':' 1 1 (257)
2026-04-23 16:48:47:482 [OUT] 25 A5 01 08 31 03 CA 3D 0B 4F 1B (11)
                              [N8:R] RFLAG '=' 11 (11)
2026-04-23 16:48:47:648 [IN ] C8 24 08 0B 25 A5 08 01 31 03 CA 3A 0B 4C 1C 92 (16)
                              [N8:R] RFLAG ':' 11 (11)
2026-04-23 16:48:47:671 [OUT] 25 A5 01 08 31 03 88 00 50 15 20 (11)
                              [N8:R] RUN 0 80 (80)
2026-04-23 16:48:47:818 [IN ] C8 24 08 0C 25 A5 08 01 31 04 88 (11)
2026-04-23 16:48:47:840 [IN ] 53 00 50 69 EA BE (6)
                              [N8:R] RUN 'S' 0 80 (80)
2026-04-23 16:48:50:047 [IN ] C8 24 05 0B 25 A5 05 01 31 03 81 5A 4C 61 AD EA C8 24 05 0A 25 A5 05 01 31 02 81 49 03 38 AD (31)
                              [N5:V] TPOS 'Z' 76 (76)
                              [N5:V] TPOS 'I'
2026-04-23 16:48:50:270 [OUT] 25 A5 01 05 31 03 C9 3D 09 49 04 (11)
                              [N5:V] LFLAG '=' 9 (9)
2026-04-23 16:48:50:436 [IN ] C8 24 05 0B 25 A5 05 01 31 03 C9 3A 09 46 02 EA (16)
                              [N5:V] LFLAG ':' 9 (9)
2026-04-23 16:48:50:457 [OUT] 25 A5 01 05 31 03 84 00 50 0E 02 (11)
                              [N5:V] VEL 0 80 (80)
2026-04-23 16:48:50:643 [IN ] C8 24 05 0C 25 A5 05 01 31 04 84 53 00 50 62 C2 BE (17)
                              [N5:V] VEL 'S' 0 80 (80)
2026-04-23 16:48:50:665 [OUT] 25 A5 01 05 31 05 81 00 19 82 3C 94 B6 (13)
                              [N5:V] TPOS 0 25 130 60 (1671740)
2026-04-23 16:48:50:850 [IN ] C8 24 05 0E 25 A5 05 01 31 06 81 53 00 00 00 02 13 94 0A (19)
                              [N5:V] TPOS 'S' 0 0 0 2 (2)
2026-04-23 16:48:51:854 [IN ] C8 24 07 0E 25 A5 07 01 31 06 81 45 FF AB 15 11 D5 98 0A (19)
                              [N7:N] TPOS 'E' 255 171 21 17 (-5565167)
2026-04-23 16:48:52:278 [OUT] 25 A5 01 07 31 05 81 FF F3 35 BF A5 39 (13)
                              [N7:N] TPOS 255 243 53 191 (-838209)
2026-04-23 16:48:52:465 [IN ] C8 24 07 0E 25 A5 (6)
2026-04-23 16:48:52:488 [IN ] 07 01 31 06 81 53 FF AB 15 11 E3 DE 0A (13)
                              [N7:N] TPOS 'S' 255 171 21 17 (-5565167)
2026-04-23 16:48:53:090 [IN ] C8 24 0C 0E 25 A5 0C 01 31 06 81 45 FF BC CE F9 8C 57 0A (19)
                              [N12:Z] TPOS 'E' 255 188 206 249 (-4403463)
2026-04-23 16:48:53:516 [OUT] 25 A5 01 0C 31 05 81 FF D1 1A 67 15 6D (13)
                              [N12:Z] TPOS 255 209 26 103 (-3073433)
2026-04-23 16:48:53:683 [IN ] C8 24 0C 0E 25 A5 0C 01 31 06 81 53 FF BC CF 39 DB DF 0A (19)
                              [N12:Z] TPOS 'S' 255 188 207 57 (-4403399)
2026-04-23 16:48:55:090 [IN ] C8 24 08 0B 25 A5 08 01 31 03 81 5A 52 6A C8 39 C8 24 08 0A 25 A5 08 01 31 02 81 49 06 4A C8 (31)
                              [N8:R] TPOS 'Z' 82 (82)
                              [N8:R] TPOS 'I'
2026-04-23 16:48:55:312 [OUT] 25 A5 01 08 31 03 CA 3D 09 4D 19 (11)
                              [N8:R] RFLAG '=' 9 (9)
2026-04-23 16:48:55:478 [IN ] C8 24 08 0B 25 A5 08 01 31 03 CA 3A 09 4A 1A 39 (16)
                              [N8:R] RFLAG ':' 9 (9)
2026-04-23 16:48:55:500 [OUT] 25 A5 01 08 31 05 81 FF DC 77 1D 2F DE (13)
                              [N8:R] TPOS 255 220 119 29 (-2328803)
2026-04-23 16:48:55:686 [IN ] C8 24 08 0E 25 A5 08 01 (8)
2026-04-23 16:48:55:709 [IN ] 31 06 81 53 FF FF FF E7 F8 8E 0A (11)
                              [N8:R] TPOS 'S' 255 255 255 231 (-25)
2026-04-23 16:48:58:920 [IN ] C8 24 05 0E 25 A5 05 01 31 06 81 45 00 19 85 B3 54 54 0A (19)
                              [N5:V] TPOS 'E' 0 25 133 179 (1672627)
2026-04-23 16:48:59:347 [OUT] 25 A5 01 05 31 05 81 00 0D 03 C1 8E 19 (13)
                              [N5:V] TPOS 0 13 3 193 (852929)
2026-04-23 16:48:59:534 [IN ] C8 24 05 0E 25 A5 05 01 31 06 81 53 00 19 85 B3 62 9A 0A (19)
                              [N5:V] TPOS 'S' 0 25 133 179 (1672627)
2026-04-23 16:49:00:538 [IN ] C8 24 0C 0E 25 A5 0C 01 31 06 81 45 FF D1 1C 2A 20 63 0A (19)
                              [N12:Z] TPOS 'E' 255 209 28 42 (-3072982)
2026-04-23 16:49:04:751 [IN ] C8 24 05 0E 25 A5 05 01 31 06 81 45 00 0D 02 1D 2F 94 0A (19)
                              [N5:V] TPOS 'E' 0 13 2 29 (852509)
2026-04-23 16:49:04:975 [OUT] 25 A5 01 03 31 05 81 FF ED B1 30 88 70 (13)
                              [N3:X] TPOS 255 237 177 48 (-1199824)
2026-04-23 16:49:04:999 [OUT] 25 A5 01 04 31 05 81 FF F3 BD 0C 77 7E (13)
                              [N4:Y] TPOS 255 243 189 12 (-803572)
2026-04-23 16:49:05:165 [IN ] C8 24 03 0E 25 A5 03 01 31 06 81 53 FF FD 50 F0 4B 01 0A (19)
                              [N3:X] TPOS 'S' 255 253 80 240 (-175888)
2026-04-23 16:49:05:292 [IN ] C8 24 04 0E 25 A5 04 01 31 06 81 53 FF FD 4F C6 21 DF 0A (19)
                              [N4:Y] TPOS 'S' 255 253 79 198 (-176186)
2026-04-23 16:49:08:702 [IN ] C8 24 08 0E 25 A5 08 01 31 06 81 45 FF DC 74 DF 34 C1 0A C8 24 04 0E 25 A5 04 01 31 06 81 45 FF F3 BA 81 2F 0C 0A (38)
                              [N8:R] TPOS 'E' 255 220 116 223 (-2329377)
                              [N4:Y] TPOS 'E' 255 243 186 129 (-804223)
2026-04-23 16:49:09:127 [OUT] 25 A5 01 08 31 05 81 FF EE 15 56 18 89 (13)
                              [N8:R] TPOS 255 238 21 86 (-1174186)
2026-04-23 16:49:09:313 [IN ] C8 24 08 0E 25 A5 08 01 31 06 81 53 FF DC 74 E4 47 0C 0A (19)
                              [N8:R] TPOS 'S' 255 220 116 228 (-2329372)
2026-04-23 16:49:10:319 [IN ] C8 24 03 0E 25 A5 03 01 31 06 81 45 FF ED AD 76 10 CB 0A (19)
                              [N3:X] TPOS 'E' 255 237 173 118 (-1200778)
2026-04-23 16:49:13:732 [IN ] C8 24 07 0E 25 A5 07 01 31 06 81 45 FF F3 3A 2A 5B D3 0A (19)
                              [N7:N] TPOS 'E' 255 243 58 42 (-837078)
2026-04-23 16:49:16:140 [IN ] C8 24 08 0E 25 A5 08 01 31 06 81 45 FF EE 16 71 7A CD 0A (19)
                              [N8:R] TPOS 'E' 255 238 22 113 (-1173903)
