2026-04-23 16:42:59:258 [OUT] 25 A5 01 0A 31 05 D6 3D FF 00 00 53 ED (13)
                              [N10:HMI] HMILED '=' 255 0 0 (16711680)
2026-04-23 16:42:59:285 [OUT] 25 A5 01 03 31 02 D8 3F 4E CE (10)
                              [N3:X] INTERRUPT '?'
2026-04-23 16:42:59:586 [IN ] C8 24 0A 0D 25 A5 0A 01 31 05 D6 3A FF 00 00 50 EA FF C8 24 03 0C 25 A5 03 01 31 04 D8 3A 01 01 4D 6A EA (35)
                              [N10:HMI] HMILED ':' 255 0 0 (16711680)
                              [N3:X] INTERRUPT ':' 1 1 (257)
2026-04-23 16:42:59:608 [OUT] 25 A5 01 09 31 03 C9 3D 09 4D 1C (11)
                              [N9:P] LFLAG '=' 9 (9)
2026-04-23 16:42:59:631 [OUT] 25 A5 01 04 31 02 D8 3F 4F D3 (10)
                              [N4:Y] INTERRUPT '?'
2026-04-23 16:42:59:933 [IN ] C8 24 09 0B 25 A5 09 01 31 03 C9 3A 09 4A 1E 6A C8 24 04 0C 25 A5 04 01 31 04 D8 3A 01 01 4E 72 EA (33)
                              [N9:P] LFLAG ':' 9 (9)
                              [N4:Y] INTERRUPT ':' 1 1 (257)
2026-04-23 16:42:59:955 [OUT] 25 A5 01 09 31 03 CA 3D 09 4E 1F (11)
                              [N9:P] RFLAG '=' 9 (9)
2026-04-23 16:42:59:978 [OUT] 25 A5 01 0C 31 02 D8 3F 57 FB (10)
                              [N12:Z] INTERRUPT '?'
2026-04-23 16:43:00:282 [IN ] C8 24 09 0B 25 A5 09 01 31 03 CA 3A 09 4B 21 72 C8 24 0C 0C 25 A5 0C 01 31 04 D8 3A 01 01 56 B2 EA (33)
                              [N9:P] RFLAG ':' 9 (9)
                              [N12:Z] INTERRUPT ':' 1 1 (257)
2026-04-23 16:43:00:305 [OUT] 25 A5 01 08 31 03 C9 3D 09 4C 16 (11)
                              [N8:R] LFLAG '=' 9 (9)
2026-04-23 16:43:00:326 [OUT] 25 A5 01 03 31 03 C9 3D 0B 49 FA (11)
                              [N3:X] LFLAG '=' 11 (11)
2026-04-23 16:43:00:348 [OUT] 25 A5 01 04 31 03 C9 3D 0B 4A 00 (11)
                              [N4:Y] LFLAG '=' 11 (11)
2026-04-23 16:43:00:370 [OUT] 25 A5 01 0C 31 03 C9 3D 0B 52 30 (11)
                              [N12:Z] LFLAG '=' 11 (11)
2026-04-23 16:43:00:474 [IN ] C8 24 08 0B 25 A5 08 01 31 03 C9 3A 09 49 17 B2 (16)
                              [N8:R] LFLAG ':' 9 (9)
2026-04-23 16:43:00:496 [OUT] 25 A5 01 08 31 03 CA 3D 09 4D 19 (11)
                              [N8:R] RFLAG '=' 9 (9)
2026-04-23 16:43:00:584 [IN ] C8 24 03 0B 25 A5 03 01 31 03 C9 3A 0B 46 F6 B2 (16)
                              [N3:X] LFLAG ':' 11 (11)
2026-04-23 16:43:00:606 [OUT] 25 A5 01 03 31 03 88 00 50 10 02 (11)
                              [N3:X] RUN 0 80 (80)
2026-04-23 16:43:00:711 [IN ] C8 24 04 0B 25 A5 04 01 31 03 C9 3A 0B 47 FD B2 (16)
                              [N4:Y] LFLAG ':' 11 (11)
2026-04-23 16:43:00:736 [OUT] 25 A5 01 04 31 03 88 00 50 11 08 (11)
                              [N4:Y] RUN 0 80 (80)
2026-04-23 16:43:00:820 [IN ] C8 24 0C 0B 25 A5 0C 01 31 03 C9 3A 0B 4F 35 B2 (16)
                              [N12:Z] LFLAG ':' 11 (11)
2026-04-23 16:43:00:842 [OUT] 25 A5 01 0C 31 03 88 00 5A 23 42 (11)
                              [N12:Z] RUN 0 90 (90)
2026-04-23 16:43:00:907 [IN ] C8 24 08 0B 25 A5 08 01 31 03 CA 3A 09 4A 1A B2 (16)
                              [N8:R] RFLAG ':' 9 (9)
2026-04-23 16:43:01:031 [IN ] C8 24 03 0C 25 A5 03 01 31 04 88 53 00 50 64 C2 EA (17)
                              [N3:X] RUN 'S' 0 80 (80)
2026-04-23 16:43:01:136 [IN ] C8 24 04 0C 25 A5 04 01 31 04 88 53 00 50 65 CA EA (17)
                              [N4:Y] RUN 'S' 0 80 (80)
2026-04-23 16:43:01:242 [IN ] C8 24 0C 0C 25 A5 0C 01 31 04 88 53 00 5A 77 14 EA (17)
                              [N12:Z] RUN 'S' 0 90 (90)
2026-04-23 16:43:07:864 [IN ] C8 24 04 0B 25 A5 04 01 31 03 81 5A 4C 60 A6 14 C8 24 04 0A 25 A5 04 01 31 02 81 49 02 32 A6 (31)
                              [N4:Y] TPOS 'Z' 76 (76)
                              [N4:Y] TPOS 'I'
2026-04-23 16:43:08:088 [OUT] 25 A5 01 09 31 02 D8 3F 54 EC (10)
                              [N9:P] INTERRUPT '?'
2026-04-23 16:43:08:390 [IN ] C8 24 09 0C 25 A5 09 01 31 04 D8 3A 01 01 53 9A EA (17)
                              [N9:P] INTERRUPT ':' 1 1 (257)
2026-04-23 16:43:08:411 [OUT] 25 A5 01 04 31 03 C9 3D 09 48 FE (11)
                              [N4:Y] LFLAG '=' 9 (9)
2026-04-23 16:43:08:433 [OUT] 25 A5 01 07 31 02 D8 3F 52 E2 (10)
                              [N7:N] INTERRUPT '?'
2026-04-23 16:43:08:734 [IN ] C8 24 04 0B 25 A5 04 01 31 03 C9 3A 09 45 FB 9A C8 24 07 0C 25 A5 07 01 31 04 D8 3A 01 01 51 8A EA (33)
                              [N4:Y] LFLAG ':' 9 (9)
                              [N7:N] INTERRUPT ':' 1 1 (257)
2026-04-23 16:43:08:756 [OUT] 25 A5 01 09 31 03 C9 3D 0B 4F 1E (11)
                              [N9:P] LFLAG '=' 11 (11)
2026-04-23 16:43:08:778 [OUT] 25 A5 01 07 31 03 C9 3D 0B 4D 12 (11)
                              [N7:N] LFLAG '=' 11 (11)
2026-04-23 16:43:08:924 [IN ] C8 24 09 0B 25 A5 09 01 31 03 C9 3A 0B 4C 20 8A (16)
                              [N9:P] LFLAG ':' 11 (11)
2026-04-23 16:43:08:949 [OUT] 25 A5 01 09 31 03 88 00 50 16 26 (11)
                              [N9:P] RUN 0 80 (80)
2026-04-23 16:43:09:056 [IN ] C8 24 07 0B 25 A5 07 01 31 03 C9 3A 0B 4A 12 8A (16)
                              [N7:N] LFLAG ':' 11 (11)
2026-04-23 16:43:09:082 [OUT] 25 A5 01 07 31 03 88 00 50 14 1A (11)
                              [N7:N] RUN 0 80 (80)
2026-04-23 16:43:09:146 [IN ] C8 24 09 0C 25 A5 09 01 31 04 88 53 00 50 6A F2 EA (17)
                              [N9:P] RUN 'S' 0 80 (80)
2026-04-23 16:43:09:211 [IN ] C8 24 09 0B 25 A5 09 01 31 03 81 5A 4C 65 C9 F2 (16)
                              [N9:P] TPOS 'Z' 76 (76)
2026-04-23 16:43:09:253 [IN ] C8 24 07 0C 25 A5 07 01 31 04 88 (11)
2026-04-23 16:43:09:275 [IN ] 53 00 50 68 E2 EA C8 24 09 0A 25 A5 09 01 31 02 81 49 07 50 68 (21)
                              [N7:N] RUN 'S' 0 80 (80)
                              [N9:P] TPOS 'I'
2026-04-23 16:43:09:499 [OUT] 25 A5 01 09 31 03 C9 3D 09 4D 1C (11)
                              [N9:P] LFLAG '=' 9 (9)
2026-04-23 16:43:09:521 [OUT] 25 A5 01 04 31 05 81 FF EE 88 01 32 FA (13)
                              [N4:Y] TPOS 255 238 136 1 (-1144831)
2026-04-23 16:43:09:668 [IN ] C8 24 09 0B 25 A5 09 01 31 03 C9 3A 09 4A 1E E2 (16)
                              [N9:P] LFLAG ':' 9 (9)
2026-04-23 16:43:09:792 [IN ] C8 24 04 0E 25 A5 04 01 31 06 81 53 00 00 00 00 10 88 0A (19)
                              [N4:Y] TPOS 'S' 0 0 0 0 (0)
2026-04-23 16:43:10:195 [IN ] C8 24 03 0B 25 A5 03 01 31 03 81 5A 4C 5F 9F 00 C8 24 03 0A 25 A5 03 01 31 02 81 49 01 2C 9F (31)
                              [N3:X] TPOS 'Z' 76 (76)
                              [N3:X] TPOS 'I'
2026-04-23 16:43:10:420 [OUT] 25 A5 01 03 31 03 C9 3D 09 47 F8 (11)
                              [N3:X] LFLAG '=' 9 (9)
2026-04-23 16:43:10:585 [IN ] C8 24 03 0B 25 A5 03 01 31 03 C9 3A 09 44 F4 00 (16)
                              [N3:X] LFLAG ':' 9 (9)
2026-04-23 16:43:13:195 [IN ] C8 24 07 0B 25 A5 07 01 31 03 81 5A 4C 63 BB 00 C8 24 07 0A 25 A5 07 01 31 02 81 49 05 44 BB (31)
                              [N7:N] TPOS 'Z' 76 (76)
                              [N7:N] TPOS 'I'
2026-04-23 16:43:13:418 [OUT] 25 A5 01 07 31 03 C9 3D 09 4B 10 (11)
                              [N7:N] LFLAG '=' 9 (9)
2026-04-23 16:43:13:562 [IN ] C8 24 07 0B 25 A5 07 01 31 03 C9 3A 09 48 10 00 (16)
                              [N7:N] LFLAG ':' 9 (9)
2026-04-23 16:43:15:971 [IN ] C8 24 04 0E 25 A5 04 01 31 06 81 45 FF EE 85 8C 00 9E 0A (19)
                              [N4:Y] TPOS 'E' 255 238 133 140 (-1145460)
2026-04-23 16:43:16:195 [OUT] 25 A5 01 09 31 05 81 FF E7 5D 56 5A 0C (13)
                              [N9:P] TPOS 255 231 93 86 (-1614506)
2026-04-23 16:43:16:218 [OUT] 25 A5 01 04 31 05 81 FF FD 50 01 09 B7 (13)
                              [N4:Y] TPOS 255 253 80 1 (-176127)
2026-04-23 16:43:16:240 [OUT] 25 A5 01 07 31 05 81 FF AB 19 75 F7 DF (13)
                              [N7:N] TPOS 255 171 25 117 (-5564043)
2026-04-23 16:43:16:262 [OUT] 25 A5 01 03 31 05 81 FF EC 4A AB 9B 1A (13)
                              [N3:X] TPOS 255 236 74 171 (-1291605)
2026-04-23 16:43:16:286 [OUT] 25 A5 01 06 31 02 D8 3F 51 DD (10)
                              [N6:H] INTERRUPT '?'
2026-04-23 16:43:16:588 [IN ] C8 24 09 0E 25 A5 09 01 31 06 81 53 FF FF FF FD 0F AE 0A C8 24 04 0E 25 A5 04 01 31 06 81 53 FF EE 85 8D 0F E5 0A (38)
                              [N9:P] TPOS 'S' 255 255 255 253 (-3)
                              [N4:Y] TPOS 'S' 255 238 133 141 (-1145459)
2026-04-23 16:43:16:889 [IN ] C8 24 07 0E 25 A5 07 01 31 06 81 53 FF FF FF FC 0C 99 0A C8 24 03 0E 25 A5 03 01 31 06 81 53 00 00 00 00 0F 7E 0A C8 24 06 0C 25 A5 06 01 31 04 D8 3A 01 01 50 82 0F (55)
                              [N7:N] TPOS 'S' 255 255 255 252 (-4)
                              [N3:X] TPOS 'S' 0 0 0 0 (0)
                              [N6:H] INTERRUPT ':' 1 1 (257)
2026-04-23 16:43:16:911 [OUT] 25 A5 01 06 31 03 C9 3D 0B 4C 0C (11)
                              [N6:H] LFLAG '=' 11 (11)
2026-04-23 16:43:17:079 [IN ] C8 24 06 0B 25 A5 06 01 31 03 C9 3A 0B 49 0B 82 (16)
                              [N6:H] LFLAG ':' 11 (11)
2026-04-23 16:43:17:105 [OUT] 25 A5 01 06 31 03 88 FF B0 72 72 (11)
                              [N6:H] RUN 255 176 (-80)
2026-04-23 16:43:17:271 [IN ] C8 24 06 0C 25 A5 06 01 31 04 88 53 FF B0 C6 38 0F (17)
                              [N6:H] RUN 'S' 255 176 (-80)
2026-04-23 16:43:18:079 [IN ] C8 24 0C 0B 25 A5 0C 01 31 03 81 5A 4C 68 DE 38 C8 24 0C 0A 25 A5 0C 01 31 02 81 49 0A 62 DE (31)
                              [N12:Z] TPOS 'Z' 76 (76)
                              [N12:Z] TPOS 'I'
2026-04-23 16:43:18:303 [OUT] 25 A5 01 0C 31 03 C9 3D 09 50 2E (11)
                              [N12:Z] LFLAG '=' 9 (9)
2026-04-23 16:43:18:470 [IN ] C8 24 0C 0B 25 A5 0C 01 31 03 C9 3A 09 4D 33 38 (16)
                              [N12:Z] LFLAG ':' 9 (9)
2026-04-23 16:43:18:493 [OUT] 25 A5 01 0C 31 05 81 FF BC D0 00 4F 33 (13)
                              [N12:Z] TPOS 255 188 208 0 (-4403200)
2026-04-23 16:43:18:659 [IN ] C8 24 (2)
2026-04-23 16:43:18:681 [IN ] 0C 0E 25 A5 0C 01 31 06 81 53 FF FF FF 56 6B 25 0A (17)
                              [N12:Z] TPOS 'S' 255 255 255 86 (-170)
2026-04-23 16:43:21:292 [IN ] C8 24 06 0B 25 A5 06 01 31 03 81 5A 4C 62 B4 56 C8 24 06 0A 25 A5 06 01 31 02 81 49 04 3E B4 (31)
                              [N6:H] TPOS 'Z' 76 (76)
                              [N6:H] TPOS 'I'
2026-04-23 16:43:21:514 [OUT] 25 A5 01 06 31 03 C9 3D 09 4A 0A (11)
                              [N6:H] LFLAG '=' 9 (9)
2026-04-23 16:43:21:682 [IN ] C8 24 06 0B 25 A5 06 01 31 03 C9 3A 09 47 09 56 (16)
                              [N6:H] LFLAG ':' 9 (9)
2026-04-23 16:43:21:704 [OUT] 25 A5 01 06 31 03 84 00 50 0F 08 (11)
                              [N6:H] VEL 0 80 (80)
2026-04-23 16:43:21:889 [IN ] C8 24 06 0C 25 A5 06 01 31 04 84 53 00 50 63 CA 6B (17)
                              [N6:H] VEL 'S' 0 80 (80)
2026-04-23 16:43:21:911 [OUT] 25 A5 01 06 31 05 81 00 19 82 3C 95 BE (13)
                              [N6:H] TPOS 0 25 130 60 (1671740)
2026-04-23 16:43:22:098 [IN ] C8 24 06 0E 25 A5 06 01 31 06 81 53 00 00 00 03 15 9F 0A (19)
                              [N6:H] TPOS 'S' 0 0 0 3 (3)
2026-04-23 16:43:23:303 [IN ] C8 24 03 0E 25 A5 03 01 31 06 81 45 FF EC 47 BF F2 45 0A (19)
                              [N3:X] TPOS 'E' 255 236 71 191 (-1292353)
2026-04-23 16:43:23:727 [OUT] 25 A5 01 03 31 05 81 FF FD 50 01 08 AF (13)
                              [N3:X] TPOS 255 253 80 1 (-176127)
2026-04-23 16:43:23:914 [IN ] C8 24 03 0E 25 A5 03 01 31 06 81 53 FF EC 47 BF 00 8B 0A (19)
                              [N3:X] TPOS 'S' 255 236 71 191 (-1292353)
2026-04-23 16:43:24:917 [IN ] C8 24 04 0E 25 A5 04 01 31 06 81 45 FF FD 4F C0 0D 93 0A (19)
                              [N4:Y] TPOS 'E' 255 253 79 192 (-176192)
2026-04-23 16:43:26:123 [IN ] C8 24 09 0E 25 A5 09 01 31 06 81 45 FF E7 5D 02 4C E1 0A (19)
                              [N9:P] TPOS 'E' 255 231 93 2 (-1614590)
2026-04-23 16:43:26:547 [OUT] 25 A5 01 09 31 05 81 FF FF D9 C8 60 BE (13)
                              [N9:P] TPOS 255 255 217 200 (-9784)
2026-04-23 16:43:26:714 [IN ] C8 24 09 0E 25 A5 09 01 31 06 81 53 FF E7 5D 06 5E 2B 0A (19)
                              [N9:P] TPOS 'S' 255 231 93 6 (-1614586)
2026-04-23 16:43:29:924 [IN ] C8 24 06 0E 25 A5 06 01 31 06 81 45 00 19 86 80 23 2D 0A (19)
                              [N6:H] TPOS 'E' 0 25 134 128 (1672832)
2026-04-23 16:43:30:349 [OUT] 25 A5 01 06 31 05 81 00 0D 03 C1 8F 21 (13)
                              [N6:H] TPOS 0 13 3 193 (852929)
2026-04-23 16:43:30:536 [IN ] C8 24 06 0E 25 A5 06 01 31 06 81 53 00 19 86 80 31 73 0A (19)
                              [N6:H] TPOS 'S' 0 25 134 128 (1672832)
2026-04-23 16:43:32:744 [IN ] C8 24 03 0E 25 A5 03 01 31 06 81 45 FF FD 50 F0 3D BB 0A (19)
                              [N3:X] TPOS 'E' 255 253 80 240 (-175888)
2026-04-23 16:43:34:350 [IN ] C8 24 06 0E 25 A5 06 01 31 06 81 45 00 0C FF 01 10 79 0A (19)
                              [N6:H] TPOS 'E' 0 12 255 1 (851713)
2026-04-23 16:43:34:574 [OUT] 25 A5 01 05 31 02 D8 3F 50 D8 (10)
                              [N5:V] INTERRUPT '?'
2026-04-23 16:43:34:876 [IN ] C8 24 05 0C 25 A5 05 01 31 04 D8 3A 01 01 4F 7A 10 (17)
                              [N5:V] INTERRUPT ':' 1 1 (257)
2026-04-23 16:43:34:897 [OUT] 25 A5 01 05 31 03 C9 3D 0B 4B 06 (11)
                              [N5:V] LFLAG '=' 11 (11)
2026-04-23 16:43:35:063 [IN ] C8 24 05 0B 25 A5 05 01 31 03 C9 3A 0B 48 04 7A (16)
                              [N5:V] LFLAG ':' 11 (11)
2026-04-23 16:43:35:086 [OUT] 25 A5 01 05 31 03 88 FF B0 71 6C (11)
                              [N5:V] RUN 255 176 (-80)
2026-04-23 16:43:35:232 [IN ] C8 24 05 0C 25 A5 05 01 31 04 88 53 FF B0 C5 30 10 (17)
                              [N5:V] RUN 'S' 255 176 (-80)
2026-04-23 16:43:36:839 [IN ] C8 24 09 0E 25 A5 09 01 31 06 81 45 FF FF DA 54 33 75 0A (19)
                              [N9:P] TPOS 'E' 255 255 218 84 (-9644)
2026-04-23 16:43:37:065 [OUT] 25 A5 01 08 31 02 D8 3F 53 E7 (10)
                              [N8:R] INTERRUPT '?'
2026-04-23 16:43:37:367 [IN ] C8 24 08 0C 25 A5 08 01 31 04 D8 3A 01 01 52 92 33 (17)
                              [N8:R] INTERRUPT ':' 1 1 (257)
2026-04-23 16:43:37:388 [OUT] 25 A5 01 08 31 03 CA 3D 0B 4F 1B (11)
                              [N8:R] RFLAG '=' 11 (11)
2026-04-23 16:43:37:534 [IN ] C8 24 08 0B 25 A5 08 01 31 03 CA 3A 0B 4C 1C 92 (16)
                              [N8:R] RFLAG ':' 11 (11)
2026-04-23 16:43:37:556 [OUT] 25 A5 01 08 31 03 88 00 50 15 20 (11)
                              [N8:R] RUN 0 80 (80)
2026-04-23 16:43:37:722 [IN ] C8 24 08 0C 25 A5 08 01 31 04 88 53 00 50 69 EA 33 (17)
                              [N8:R] RUN 'S' 0 80 (80)
2026-04-23 16:43:40:135 [IN ] C8 24 05 0B 25 A5 05 01 31 03 81 5A 4C 61 AD EA C8 24 05 0A 25 A5 05 01 31 02 81 49 03 38 AD (31)
                              [N5:V] TPOS 'Z' 76 (76)
                              [N5:V] TPOS 'I'
2026-04-23 16:43:40:360 [OUT] 25 A5 01 05 31 03 C9 3D 09 49 04 (11)
                              [N5:V] LFLAG '=' 9 (9)
2026-04-23 16:43:40:526 [IN ] C8 24 05 0B 25 A5 05 01 31 03 C9 3A 09 46 02 EA (16)
                              [N5:V] LFLAG ':' 9 (9)
2026-04-23 16:43:40:548 [OUT] 25 A5 01 05 31 03 84 00 50 0E 02 (11)
                              [N5:V] VEL 0 80 (80)
2026-04-23 16:43:40:712 [IN ] C8 24 05 0C 25 A5 05 01 31 04 84 53 00 50 62 C2 33 (17)
                              [N5:V] VEL 'S' 0 80 (80)
2026-04-23 16:43:40:733 [OUT] 25 A5 01 05 31 05 81 00 19 82 3C 94 B6 (13)
                              [N5:V] TPOS 0 25 130 60 (1671740)
2026-04-23 16:43:40:920 [IN ] C8 24 05 0E 25 A5 05 01 31 06 81 53 00 00 00 00 11 92 0A (19)
                              [N5:V] TPOS 'S' 0 0 0 0 (0)
2026-04-23 16:43:41:724 [IN ] C8 24 07 0E 25 A5 07 01 31 06 81 45 FF AB 15 28 EC AF 0A (19)
                              [N7:N] TPOS 'E' 255 171 21 40 (-5565144)
2026-04-23 16:43:42:150 [OUT] 25 A5 01 07 31 05 81 FF F3 35 BF A5 39 (13)
                              [N7:N] TPOS 255 243 53 191 (-838209)
2026-04-23 16:43:42:337 [IN ] C8 24 07 0E 25 A5 07 01 31 06 81 53 FF AB 15 28 FA F5 0A (19)
                              [N7:N] TPOS 'S' 255 171 21 40 (-5565144)
2026-04-23 16:43:42:941 [IN ] C8 24 0C 0E 25 A5 0C 01 31 06 81 45 FF BC CF 06 9A 66 0A (19)
                              [N12:Z] TPOS 'E' 255 188 207 6 (-4403450)
2026-04-23 16:43:43:367 [OUT] 25 A5 01 0C 31 05 81 FF D1 1A 67 15 6D (13)
                              [N12:Z] TPOS 255 209 26 103 (-3073433)
2026-04-23 16:43:43:574 [IN ] C8 24 0C 0E 25 A5 0C 01 31 06 81 53 FF BC CF 10 B2 B6 0A (19)
                              [N12:Z] TPOS 'S' 255 188 207 16 (-4403440)
2026-04-23 16:43:44:980 [IN ] C8 24 08 0B 25 A5 08 01 31 03 81 5A 52 6A C8 10 C8 24 08 0A 25 A5 08 01 31 02 81 49 06 4A C8 (31)
                              [N8:R] TPOS 'Z' 82 (82)
                              [N8:R] TPOS 'I'
2026-04-23 16:43:45:202 [OUT] 25 A5 01 08 31 03 CA 3D 09 4D 19 (11)
                              [N8:R] RFLAG '=' 9 (9)
2026-04-23 16:43:45:370 [IN ] C8 24 08 0B 25 A5 08 01 31 03 CA 3A 09 4A 1A 10 (16)
                              [N8:R] RFLAG ':' 9 (9)
2026-04-23 16:43:45:391 [OUT] 25 A5 01 08 31 05 81 FF DC 77 1D 2F DE (13)
                              [N8:R] TPOS 255 220 119 29 (-2328803)
2026-04-23 16:43:45:576 [IN ] C8 24 08 0E 25 A5 08 01 31 06 81 53 FF FF FF E6 F7 8D 0A (19)
                              [N8:R] TPOS 'S' 255 255 255 230 (-26)
2026-04-23 16:43:48:989 [IN ] C8 24 05 0E 25 A5 05 01 31 06 81 45 00 19 85 90 31 31 0A (19)
                              [N5:V] TPOS 'E' 0 25 133 144 (1672592)
2026-04-23 16:43:49:413 [OUT] 25 A5 01 05 31 05 81 00 0D 03 C1 8E 19 (13)
                              [N5:V] TPOS 0 13 3 193 (852929)
2026-04-23 16:43:49:599 [IN ] C8 24 05 0E 25 A5 05 01 31 06 81 53 00 19 85 8F 3E 76 0A (19)
                              [N5:V] TPOS 'S' 0 25 133 143 (1672591)
2026-04-23 16:43:50:403 [IN ] C8 24 0C 0E 25 A5 0C 01 31 06 81 45 FF D1 1C 2C 22 65 0A (19)
                              [N12:Z] TPOS 'E' 255 209 28 44 (-3072980)
2026-04-23 16:43:54:816 [IN ] C8 24 05 0E 25 A5 05 01 31 06 81 45 00 0D 02 36 48 AD 0A (19)
                              [N5:V] TPOS 'E' 0 13 2 54 (852534)
2026-04-23 16:43:55:039 [OUT] 25 A5 01 03 31 05 81 FF ED B1 30 88 70 (13)
                              [N3:X] TPOS 255 237 177 48 (-1199824)
2026-04-23 16:43:55:061 [OUT] 25 A5 01 04 31 05 81 FF F3 BD 0C 77 7E (13)
                              [N4:Y] TPOS 255 243 189 12 (-803572)
2026-04-23 16:43:55:206 [IN ] C8 24 03 0E 25 A5 03 01 31 06 81 53 FF FD 50 ED 48 FE 0A (19)
                              [N3:X] TPOS 'S' 255 253 80 237 (-175891)
2026-04-23 16:43:55:352 [IN ] C8 24 04 0E 25 A5 04 01 31 06 81 53 FF FD 4F C0 1B D9 0A (19)
                              [N4:Y] TPOS 'S' 255 253 79 192 (-176192)
2026-04-23 16:43:58:561 [IN ] C8 24 08 0E 25 A5 08 01 31 06 81 45 FF DC 75 29 7F 0D 0A (19)
                              [N8:R] TPOS 'E' 255 220 117 41 (-2329303)
2026-04-23 16:43:58:765 [IN ] C8 24 04 0E 25 A5 04 01 31 06 81 45 FF F3 BA 89 37 14 0A (19)
                              [N4:Y] TPOS 'E' 255 243 186 137 (-804215)
2026-04-23 16:43:58:987 [OUT] 25 A5 01 08 31 05 81 FF EE 15 56 18 89 (13)
                              [N8:R] TPOS 255 238 21 86 (-1174186)
2026-04-23 16:43:59:156 [IN ] C8 24 08 0E 25 A5 08 01 31 06 81 53 FF DC 75 34 98 5E 0A (19)
                              [N8:R] TPOS 'S' 255 220 117 52 (-2329292)
2026-04-23 16:44:00:361 [IN ] C8 24 03 0E 25 A5 03 01 31 06 81 45 FF ED AD 72 0C C7 0A (19)
                              [N3:X] TPOS 'E' 255 237 173 114 (-1200782)
2026-04-23 16:44:03:771 [IN ] C8 24 07 0E 25 A5 07 01 31 06 81 45 FF F3 3A 28 59 D1 0A (19)
                              [N7:N] TPOS 'E' 255 243 58 40 (-837080)
2026-04-23 16:44:05:981 [IN ] C8 24 08 0E 25 A5 08 01 31 06 81 45 FF EE 16 B1 BA 0D 0A (19)
                              [N8:R] TPOS 'E' 255 238 22 177 (-1173839)
