2026-04-23 13:36:17:891 [OUT] 25 A5 01 0A 31 05 D6 3D FF 00 00 53 ED (13)
                              [N10:HMI] HMILED '=' 255 0 0 (16711680)
2026-04-23 13:36:17:915 [OUT] 25 A5 01 03 31 02 D8 3F 4E CE (10)
                              [N3:X] INTERRUPT '?'
2026-04-23 13:36:18:216 [IN ] C8 24 0A 0D 25 A5 0A 01 31 05 D6 3A FF 00 00 50 EA 9C C8 24 03 0C 25 A5 03 01 31 04 D8 3A 01 01 4D 6A EA (35)
                              [N10:HMI] HMILED ':' 255 0 0 (16711680)
                              [N3:X] INTERRUPT ':' 1 1 (257)
2026-04-23 13:36:18:237 [OUT] 25 A5 01 09 31 03 C9 3D 09 4D 1C (11)
                              [N9:P] LFLAG '=' 9 (9)
2026-04-23 13:36:18:260 [OUT] 25 A5 01 04 31 02 D8 3F 4F D3 (10)
                              [N4:Y] INTERRUPT '?'
2026-04-23 13:36:18:561 [IN ] C8 24 09 0B 25 A5 09 01 31 03 C9 3A 09 4A 1E 6A C8 24 04 0C 25 A5 04 01 31 04 D8 3A 01 01 4E 72 EA (33)
                              [N9:P] LFLAG ':' 9 (9)
                              [N4:Y] INTERRUPT ':' 1 1 (257)
2026-04-23 13:36:18:582 [OUT] 25 A5 01 09 31 03 CA 3D 09 4E 1F (11)
                              [N9:P] RFLAG '=' 9 (9)
2026-04-23 13:36:18:605 [OUT] 25 A5 01 0C 31 02 D8 3F 57 FB (10)
                              [N12:Z] INTERRUPT '?'
2026-04-23 13:36:18:907 [IN ] C8 24 09 0B 25 A5 09 01 31 03 CA 3A 09 4B 21 72 C8 24 0C 0C 25 A5 0C 01 31 04 D8 3A 01 01 56 B2 EA (33)
                              [N9:P] RFLAG ':' 9 (9)
                              [N12:Z] INTERRUPT ':' 1 1 (257)
2026-04-23 13:36:18:928 [OUT] 25 A5 01 08 31 03 C9 3D 09 4C 16 (11)
                              [N8:R] LFLAG '=' 9 (9)
2026-04-23 13:36:18:949 [OUT] 25 A5 01 03 31 03 C9 3D 0B 49 FA (11)
                              [N3:X] LFLAG '=' 11 (11)
2026-04-23 13:36:18:972 [OUT] 25 A5 01 04 31 03 C9 3D 0B 4A 00 (11)
                              [N4:Y] LFLAG '=' 11 (11)
2026-04-23 13:36:18:994 [OUT] 25 A5 01 0C 31 03 C9 3D 0B 52 30 (11)
                              [N12:Z] LFLAG '=' 11 (11)
2026-04-23 13:36:19:102 [IN ] C8 24 08 0B 25 A5 08 01 31 03 C9 3A 09 49 17 B2 (16)
                              [N8:R] LFLAG ':' 9 (9)
2026-04-23 13:36:19:123 [OUT] 25 A5 01 08 31 03 CA 3D 09 4D 19 (11)
                              [N8:R] RFLAG '=' 9 (9)
2026-04-23 13:36:19:206 [IN ] C8 24 03 0B 25 A5 03 01 31 03 C9 3A 0B 46 F6 B2 (16)
                              [N3:X] LFLAG ':' 11 (11)
2026-04-23 13:36:19:227 [OUT] 25 A5 01 03 31 03 88 00 50 10 02 (11)
                              [N3:X] RUN 0 80 (80)
2026-04-23 13:36:19:310 [IN ] C8 24 04 0B 25 A5 04 01 31 03 C9 3A 0B 47 FD B2 (16)
                              [N4:Y] LFLAG ':' 11 (11)
2026-04-23 13:36:19:331 [OUT] 25 A5 01 04 31 03 88 00 50 11 08 (11)
                              [N4:Y] RUN 0 80 (80)
2026-04-23 13:36:19:435 [IN ] C8 24 0C 0B 25 A5 0C 01 31 03 C9 3A 0B 4F 35 B2 (16)
                              [N12:Z] LFLAG ':' 11 (11)
2026-04-23 13:36:19:456 [OUT] 25 A5 01 0C 31 03 88 00 50 19 38 (11)
                              [N12:Z] RUN 0 80 (80)
2026-04-23 13:36:19:521 [IN ] C8 24 08 0B 25 A5 08 01 31 03 CA 3A 09 4A 1A B2 (16)
                              [N8:R] RFLAG ':' 9 (9)
2026-04-23 13:36:19:645 [IN ] C8 24 03 0C 25 A5 03 01 31 04 88 53 00 50 64 C2 EA (17)
                              [N3:X] RUN 'S' 0 80 (80)
2026-04-23 13:36:19:768 [IN ] C8 24 04 0C 25 A5 04 01 31 04 88 53 00 50 65 CA EA (17)
                              [N4:Y] RUN 'S' 0 80 (80)
2026-04-23 13:36:19:871 [IN ] C8 24 0C 0C 25 A5 0C 01 31 04 88 53 00 50 6D 0A EA (17)
                              [N12:Z] RUN 'S' 0 80 (80)
2026-04-23 13:36:26:689 [IN ] C8 24 04 0B 25 A5 04 01 31 03 81 5A 4C 60 A6 0A C8 24 04 0A 25 A5 04 01 31 02 81 49 02 32 A6 (31)
                              [N4:Y] TPOS 'Z' 76 (76)
                              [N4:Y] TPOS 'I'
2026-04-23 13:36:26:912 [OUT] 25 A5 01 09 31 02 D8 3F 54 EC (10)
                              [N9:P] INTERRUPT '?'
2026-04-23 13:36:27:214 [IN ] C8 24 09 0C 25 A5 09 01 31 04 D8 3A 01 01 53 9A EA (17)
                              [N9:P] INTERRUPT ':' 1 1 (257)
2026-04-23 13:36:27:235 [OUT] 25 A5 01 04 31 03 C9 3D 09 48 FE (11)
                              [N4:Y] LFLAG '=' 9 (9)
2026-04-23 13:36:27:257 [OUT] 25 A5 01 07 31 02 D8 3F 52 E2 (10)
                              [N7:N] INTERRUPT '?'
2026-04-23 13:36:27:558 [IN ] C8 24 04 0B 25 A5 04 01 31 03 C9 3A 09 45 FB 9A C8 24 07 0C 25 A5 07 01 31 04 D8 3A 01 01 51 8A EA (33)
                              [N4:Y] LFLAG ':' 9 (9)
                              [N7:N] INTERRUPT ':' 1 1 (257)
2026-04-23 13:36:27:579 [OUT] 25 A5 01 09 31 03 C9 3D 0B 4F 1E (11)
                              [N9:P] LFLAG '=' 11 (11)
2026-04-23 13:36:27:601 [OUT] 25 A5 01 07 31 03 C9 3D 0B 4D 12 (11)
                              [N7:N] LFLAG '=' 11 (11)
2026-04-23 13:36:27:729 [IN ] C8 24 09 0B 25 A5 09 01 31 03 C9 3A 0B 4C 20 8A (16)
                              [N9:P] LFLAG ':' 11 (11)
2026-04-23 13:36:27:752 [OUT] 25 A5 01 09 31 03 88 00 50 16 26 (11)
                              [N9:P] RUN 0 80 (80)
2026-04-23 13:36:27:855 [IN ] C8 24 07 0B 25 A5 07 01 31 03 C9 3A 0B 4A 12 8A (16)
                              [N7:N] LFLAG ':' 11 (11)
2026-04-23 13:36:27:877 [OUT] 25 A5 01 07 31 03 88 00 50 14 1A (11)
                              [N7:N] RUN 0 80 (80)
2026-04-23 13:36:27:961 [IN ] C8 24 09 0C 25 A5 09 01 31 04 88 53 00 50 6A F2 EA (17)
                              [N9:P] RUN 'S' 0 80 (80)
2026-04-23 13:36:28:025 [IN ] C8 24 09 0B 25 A5 09 01 31 03 81 5A 4C 65 C9 F2 (16)
                              [N9:P] TPOS 'Z' 76 (76)
2026-04-23 13:36:28:067 [IN ] C8 24 09 0A 25 A5 09 01 31 02 81 49 07 50 C9 C8 24 07 0C 25 A5 07 01 31 (24)
                              [N9:P] TPOS 'I'
2026-04-23 13:36:28:090 [IN ] 04 88 53 00 50 68 E2 EA (8)
                              [N7:N] RUN 'S' 0 80 (80)
2026-04-23 13:36:28:110 [OUT] 25 A5 01 09 31 03 C9 3D 09 4D 1C (11)
                              [N9:P] LFLAG '=' 9 (9)
2026-04-23 13:36:28:132 [OUT] 25 A5 01 04 31 05 81 FF EE 88 01 32 FA (13)
                              [N4:Y] TPOS 255 238 136 1 (-1144831)
2026-04-23 13:36:28:276 [IN ] C8 24 09 0B 25 A5 09 01 31 03 C9 3A 09 4A 1E E2 (16)
                              [N9:P] LFLAG ':' 9 (9)
2026-04-23 13:36:28:400 [IN ] C8 24 04 0E 25 A5 04 01 31 06 81 53 00 00 00 00 10 88 0A (19)
                              [N4:Y] TPOS 'S' 0 0 0 0 (0)
2026-04-23 13:36:29:203 [IN ] C8 24 03 0B 25 A5 03 01 31 03 81 5A 4C 5F 9F 00 C8 24 03 0A 25 A5 03 01 31 02 81 49 01 2C 9F (31)
                              [N3:X] TPOS 'Z' 76 (76)
                              [N3:X] TPOS 'I'
2026-04-23 13:36:29:426 [OUT] 25 A5 01 03 31 03 C9 3D 09 47 F8 (11)
                              [N3:X] LFLAG '=' 9 (9)
2026-04-23 13:36:29:612 [IN ] C8 24 03 0B 25 A5 03 01 31 03 C9 3A 09 44 F4 00 (16)
                              [N3:X] LFLAG ':' 9 (9)
2026-04-23 13:36:32:024 [IN ] C8 24 07 0B 25 A5 07 01 31 03 81 5A 4C 63 BB 00 C8 24 07 0A 25 A5 07 01 31 02 81 49 05 44 BB (31)
                              [N7:N] TPOS 'Z' 76 (76)
                              [N7:N] TPOS 'I'
2026-04-23 13:36:32:246 [OUT] 25 A5 01 07 31 03 C9 3D 09 4B 10 (11)
                              [N7:N] LFLAG '=' 9 (9)
2026-04-23 13:36:32:413 [IN ] C8 24 07 0B 25 A5 07 01 31 03 C9 3A 09 48 10 00 (16)
                              [N7:N] LFLAG ':' 9 (9)
2026-04-23 13:36:34:618 [IN ] C8 24 04 0E 25 A5 04 01 31 06 81 45 FF EE 85 D0 44 E2 0A (19)
                              [N4:Y] TPOS 'E' 255 238 133 208 (-1145392)
2026-04-23 13:36:34:841 [OUT] 25 A5 01 09 31 05 81 FF E7 5D 56 5A 0C (13)
                              [N9:P] TPOS 255 231 93 86 (-1614506)
2026-04-23 13:36:34:863 [OUT] 25 A5 01 04 31 05 81 FF FD 50 01 09 B7 (13)
                              [N4:Y] TPOS 255 253 80 1 (-176127)
2026-04-23 13:36:34:886 [OUT] 25 A5 01 07 31 05 81 FF AB 19 75 F7 DF (13)
                              [N7:N] TPOS 255 171 25 117 (-5564043)
2026-04-23 13:36:34:908 [OUT] 25 A5 01 03 31 05 81 FF EC 4A AB 9B 1A (13)
                              [N3:X] TPOS 255 236 74 171 (-1291605)
2026-04-23 13:36:34:931 [OUT] 25 A5 01 06 31 02 D8 3F 51 DD (10)
                              [N6:H] INTERRUPT '?'
2026-04-23 13:36:35:232 [IN ] C8 24 09 0E 25 A5 09 01 31 06 81 53 FF FF FF FB 0D AC 0A C8 24 04 0E 25 A5 04 01 31 06 81 53 FF EE 85 D0 52 28 0A (38)
                              [N9:P] TPOS 'S' 255 255 255 251 (-5)
                              [N4:Y] TPOS 'S' 255 238 133 208 (-1145392)
2026-04-23 13:36:35:533 [IN ] C8 24 07 0E 25 A5 07 01 31 06 81 53 FF FF FF FF 0F 9C 0A C8 24 03 0E 25 A5 03 01 31 06 81 53 00 00 00 00 0F 7E 0A C8 24 06 0C 25 A5 06 01 31 04 D8 3A 01 01 50 82 0F (55)
                              [N7:N] TPOS 'S' 255 255 255 255 (-1)
                              [N3:X] TPOS 'S' 0 0 0 0 (0)
                              [N6:H] INTERRUPT ':' 1 1 (257)
2026-04-23 13:36:35:554 [OUT] 25 A5 01 06 31 03 C9 3D 0B 4C 0C (11)
                              [N6:H] LFLAG '=' 11 (11)
2026-04-23 13:36:35:720 [IN ] C8 24 06 0B 25 A5 06 01 31 03 C9 3A 0B 49 0B 82 (16)
                              [N6:H] LFLAG ':' 11 (11)
2026-04-23 13:36:35:741 [OUT] 25 A5 01 06 31 03 88 FF B0 72 72 (11)
                              [N6:H] RUN 255 176 (-80)
2026-04-23 13:36:35:927 [IN ] C8 24 06 0C 25 A5 06 01 31 04 88 53 FF B0 C6 38 0F (17)
                              [N6:H] RUN 'S' 255 176 (-80)
2026-04-23 13:36:39:937 [IN ] C8 24 06 0B 25 A5 06 01 31 03 81 5A 4C 62 B4 38 C8 24 06 0A 25 A5 06 01 31 02 81 49 04 3E B4 (31)
                              [N6:H] TPOS 'Z' 76 (76)
                              [N6:H] TPOS 'I'
2026-04-23 13:36:40:140 [IN ] C8 24 0C 0B 25 A5 0C 01 31 03 81 5A 4C 68 DE 38 C8 24 0C 0A 25 A5 0C 01 31 02 81 49 0A 62 DE (31)
                              [N12:Z] TPOS 'Z' 76 (76)
                              [N12:Z] TPOS 'I'
2026-04-23 13:36:40:160 [OUT] 25 A5 01 06 31 03 C9 3D 09 4A 0A (11)
                              [N6:H] LFLAG '=' 9 (9)
2026-04-23 13:36:40:183 [OUT] 25 A5 01 0C 31 03 C9 3D 09 50 2E (11)
                              [N12:Z] LFLAG '=' 9 (9)
2026-04-23 13:36:40:350 [IN ] C8 24 06 0B 25 A5 06 01 31 03 C9 3A 09 47 09 38 (16)
                              [N6:H] LFLAG ':' 9 (9)
2026-04-23 13:36:40:372 [OUT] 25 A5 01 06 31 03 84 00 50 0F 08 (11)
                              [N6:H] VEL 0 80 (80)
2026-04-23 13:36:40:435 [IN ] C8 24 0C 0B 25 A5 0C 01 31 03 C9 3A 09 4D 33 38 (16)
                              [N12:Z] LFLAG ':' 9 (9)
2026-04-23 13:36:40:456 [OUT] 25 A5 01 0C 31 05 81 FF BC D0 00 4F 33 (13)
                              [N12:Z] TPOS 255 188 208 0 (-4403200)
2026-04-23 13:36:40:540 [IN ] C8 24 06 0C 25 A5 06 01 31 04 84 53 00 50 63 CA 0F (17)
                              [N6:H] VEL 'S' 0 80 (80)
2026-04-23 13:36:40:560 [OUT] 25 A5 01 06 31 05 81 00 19 82 3C 95 BE (13)
                              [N6:H] TPOS 0 25 130 60 (1671740)
2026-04-23 13:36:40:684 [IN ] C8 24 0C 0E 25 A5 0C 01 31 06 81 53 FF FF FF 73 88 42 0A (19)
                              [N12:Z] TPOS 'S' 255 255 255 115 (-141)
2026-04-23 13:36:40:808 [IN ] C8 24 06 0E 25 A5 06 01 31 06 81 53 00 00 00 03 15 9F 0A (19)
                              [N6:H] TPOS 'S' 0 0 0 3 (3)
2026-04-23 13:36:42:213 [IN ] C8 24 03 0E 25 A5 03 01 31 06 81 45 FF EC 48 80 B4 08 0A (19)
                              [N3:X] TPOS 'E' 255 236 72 128 (-1292160)
2026-04-23 13:36:42:636 [OUT] 25 A5 01 03 31 05 81 FF FD 50 01 08 AF (13)
                              [N3:X] TPOS 255 253 80 1 (-176127)
2026-04-23 13:36:42:821 [IN ] C8 24 03 0E 25 A5 03 01 31 06 81 53 FF EC 48 80 C2 4E 0A (19)
                              [N3:X] TPOS 'S' 255 236 72 128 (-1292160)
2026-04-23 13:36:43:824 [IN ] C8 24 04 0E 25 A5 04 01 31 06 81 45 FF FD 4F 89 D6 5C 0A (19)
                              [N4:Y] TPOS 'E' 255 253 79 137 (-176247)
2026-04-23 13:36:44:628 [IN ] C8 24 09 0E 25 A5 09 01 31 06 81 45 FF E7 5B 6F B7 4A 0A (19)
                              [N9:P] TPOS 'E' 255 231 91 111 (-1614993)
2026-04-23 13:36:45:052 [OUT] 25 A5 01 09 31 05 81 FF FF D9 C8 60 BE (13)
                              [N9:P] TPOS 255 255 217 200 (-9784)
2026-04-23 13:36:45:237 [IN ] C8 24 09 0E 25 A5 09 01 31 06 81 53 FF E7 5B 75 CB 96 0A (19)
                              [N9:P] TPOS 'S' 255 231 91 117 (-1614987)
2026-04-23 13:36:48:648 [IN ] C8 24 06 0E 25 A5 06 01 31 06 81 45 00 19 86 5A FD 07 0A (19)
                              [N6:H] TPOS 'E' 0 25 134 90 (1672794)
2026-04-23 13:36:49:076 [OUT] 25 A5 01 06 31 05 81 00 0D 03 C1 8F 21 (13)
                              [N6:H] TPOS 0 13 3 193 (852929)
2026-04-23 13:36:49:262 [IN ] C8 24 06 0E 25 A5 06 01 31 06 81 53 00 19 86 5A 0B 4D 0A (19)
                              [N6:H] TPOS 'S' 0 25 134 90 (1672794)
2026-04-23 13:36:51:868 [IN ] C8 24 03 0E 25 A5 03 01 31 06 81 45 FF FD 50 8C D9 57 0A (19)
                              [N3:X] TPOS 'E' 255 253 80 140 (-175988)
2026-04-23 13:36:53:073 [IN ] C8 24 06 0E 25 A5 06 01 31 06 81 45 00 0C FF 26 35 9E 0A (19)
                              [N6:H] TPOS 'E' 0 12 255 38 (851750)
2026-04-23 13:36:53:295 [OUT] 25 A5 01 05 31 02 D8 3F 50 D8 (10)
                              [N5:V] INTERRUPT '?'
2026-04-23 13:36:53:597 [IN ] C8 24 05 0C 25 A5 05 01 31 04 D8 3A 01 01 4F 7A 35 (17)
                              [N5:V] INTERRUPT ':' 1 1 (257)
2026-04-23 13:36:53:619 [OUT] 25 A5 01 05 31 03 C9 3D 0B 4B 06 (11)
                              [N5:V] LFLAG '=' 11 (11)
2026-04-23 13:36:53:785 [IN ] C8 24 05 0B 25 A5 05 01 31 03 C9 3A 0B 48 04 7A (16)
                              [N5:V] LFLAG ':' 11 (11)
2026-04-23 13:36:53:806 [OUT] 25 A5 01 05 31 03 88 FF B0 71 6C (11)
                              [N5:V] RUN 255 176 (-80)
2026-04-23 13:36:53:974 [IN ] C8 24 05 0C 25 A5 05 01 31 04 88 53 FF B0 C5 30 35 (17)
                              [N5:V] RUN 'S' 255 176 (-80)
2026-04-23 13:36:55:176 [IN ] C8 24 09 0E 25 A5 09 01 31 06 81 45 FF FF DB 56 36 79 0A (19)
                              [N9:P] TPOS 'E' 255 255 219 86 (-9386)
2026-04-23 13:36:55:400 [OUT] 25 A5 01 08 31 02 D8 3F 53 E7 (10)
                              [N8:R] INTERRUPT '?'
2026-04-23 13:36:55:701 [IN ] C8 24 08 0C 25 A5 08 01 31 04 D8 3A 01 01 52 92 36 (17)
                              [N8:R] INTERRUPT ':' 1 1 (257)
2026-04-23 13:36:55:722 [OUT] 25 A5 01 08 31 03 CA 3D 0B 4F 1B (11)
                              [N8:R] RFLAG '=' 11 (11)
2026-04-23 13:36:55:887 [IN ] C8 24 08 0B 25 A5 08 01 31 03 CA 3A 0B 4C 1C 92 (16)
                              [N8:R] RFLAG ':' 11 (11)
2026-04-23 13:36:55:908 [OUT] 25 A5 01 08 31 03 88 00 50 15 20 (11)
                              [N8:R] RUN 0 80 (80)
2026-04-23 13:36:56:073 [IN ] C8 24 08 0C 25 A5 08 01 31 04 88 53 00 50 69 EA 36 (17)
                              [N8:R] RUN 'S' 0 80 (80)
2026-04-23 13:36:58:880 [IN ] C8 24 05 0B 25 A5 05 01 31 03 81 5A 4C 61 AD EA C8 24 05 0A 25 A5 05 01 31 02 81 49 03 38 AD (31)
                              [N5:V] TPOS 'Z' 76 (76)
                              [N5:V] TPOS 'I'
2026-04-23 13:36:59:104 [OUT] 25 A5 01 05 31 03 C9 3D 09 49 04 (11)
                              [N5:V] LFLAG '=' 9 (9)
2026-04-23 13:36:59:288 [IN ] C8 24 05 0B 25 A5 05 01 31 03 C9 3A 09 46 02 EA (16)
                              [N5:V] LFLAG ':' 9 (9)
2026-04-23 13:36:59:311 [OUT] 25 A5 01 05 31 03 84 00 50 0E 02 (11)
                              [N5:V] VEL 0 80 (80)
2026-04-23 13:36:59:496 [IN ] C8 24 05 0C 25 A5 05 01 31 04 84 53 00 50 62 C2 36 (17)
                              [N5:V] VEL 'S' 0 80 (80)
2026-04-23 13:36:59:517 [OUT] 25 A5 01 05 31 05 81 00 19 82 3C 94 B6 (13)
                              [N5:V] TPOS 0 25 130 60 (1671740)
2026-04-23 13:36:59:702 [IN ] C8 24 05 0E 25 A5 05 01 31 06 81 53 00 00 00 02 13 94 0A (19)
                              [N5:V] TPOS 'S' 0 0 0 2 (2)
2026-04-23 13:37:00:705 [IN ] C8 24 07 0E 25 A5 07 01 31 06 81 45 FF AB 15 3C 00 C3 0A (19)
                              [N7:N] TPOS 'E' 255 171 21 60 (-5565124)
2026-04-23 13:37:01:128 [OUT] 25 A5 01 07 31 05 81 FF F3 35 BF A5 39 (13)
                              [N7:N] TPOS 255 243 53 191 (-838209)
2026-04-23 13:37:01:335 [IN ] C8 24 07 0E 25 A5 07 01 31 06 81 53 FF AB 15 3C 0E 09 0A (19)
                              [N7:N] TPOS 'S' 255 171 21 60 (-5565124)
2026-04-23 13:37:03:143 [IN ] C8 24 08 0B 25 A5 08 01 31 03 81 5A 52 6A C8 3C C8 24 08 0A 25 A5 08 01 31 02 81 49 06 4A C8 (31)
                              [N8:R] TPOS 'Z' 82 (82)
                              [N8:R] TPOS 'I'
2026-04-23 13:37:03:365 [OUT] 25 A5 01 08 31 03 CA 3D 09 4D 19 (11)
                              [N8:R] RFLAG '=' 9 (9)
2026-04-23 13:37:03:529 [IN ] C8 24 08 0B 25 A5 08 01 31 03 CA 3A 09 4A 1A 3C (16)
                              [N8:R] RFLAG ':' 9 (9)
2026-04-23 13:37:03:550 [OUT] 25 A5 01 08 31 05 81 FF DC 77 1D 2F DE (13)
                              [N8:R] TPOS 255 220 119 29 (-2328803)
2026-04-23 13:37:03:735 [IN ] C8 24 08 0E 25 A5 08 01 31 06 81 53 FF FF FF E1 F2 88 0A (19)
                              [N8:R] TPOS 'S' 255 255 255 225 (-31)
2026-04-23 13:37:07:948 [IN ] C8 24 05 0E 25 A5 05 01 31 06 81 45 00 19 85 53 F4 F4 0A (19)
                              [N5:V] TPOS 'E' 0 25 133 83 (1672531)
2026-04-23 13:37:08:372 [OUT] 25 A5 01 0C 31 01 82 C1 4C (9)
                              [N12:Z] GETPOS
2026-04-23 13:37:08:393 [OUT] 25 A5 01 07 31 01 82 BC 38 (9)
                              [N7:N] GETPOS
2026-04-23 13:37:08:415 [OUT] 25 A5 01 08 31 01 82 BD 3C (9)
                              [N8:R] GETPOS
2026-04-23 13:37:08:437 [OUT] 25 A5 01 05 31 05 81 00 0D 03 C1 8E 19 (13)
                              [N5:V] TPOS 0 13 3 193 (852929)
2026-04-23 13:37:08:520 [IN ] C8 24 0C 0D 25 A5 0C 01 31 05 82 FF C1 29 2D DB 31 F4 (18)
                              [N12:Z] GETPOS 255 193 41 45 (-4118227)
2026-04-23 13:37:08:602 [IN ] C8 24 07 0D 25 A5 07 01 31 05 82 FF C3 8A A1 AD 40 F4 (18)
                              [N7:N] GETPOS 255 195 138 161 (-3962207)
2026-04-23 13:37:08:684 [IN ] C8 24 08 0D 25 A5 08 01 31 05 82 FF F2 (13)
2026-04-23 13:37:08:706 [IN ] 68 1C 36 0D F4 (5)
                              [N8:R] GETPOS 255 242 104 28 (-890852)
2026-04-23 13:37:08:830 [IN ] C8 24 05 0E 25 A5 05 01 31 06 81 53 00 19 85 52 01 39 0A (19)
                              [N5:V] TPOS 'S' 0 25 133 82 (1672530)
2026-04-23 13:37:08:851 [OUT] 25 A5 01 05 31 01 82 BA 30 (9)
                              [N5:V] GETPOS
2026-04-23 13:37:08:976 [IN ] C8 24 05 0D 25 A5 05 01 31 05 82 00 19 27 C2 C0 8F 39 (18)
                              [N5:V] GETPOS 0 25 39 194 (1648578)
