2026-04-23 10:23:21:800 [OUT] 25 A5 01 09 31 03 C9 3D 09 4D 1C (11)
                              [N9:P] LFLAG '=' 9 (9)
2026-04-23 10:23:21:822 [OUT] 25 A5 01 03 31 02 D8 3F 4E CE (10)
                              [N3:X] INTERRUPT '?'
2026-04-23 10:23:22:123 [IN ] C8 24 09 0B 25 A5 09 01 31 03 C9 3A 09 4A 1E 29 C8 24 03 0C 25 A5 03 01 31 04 D8 3A 01 01 4D 6A 8C (33)
                              [N9:P] LFLAG ':' 9 (9)
                              [N3:X] INTERRUPT ':' 1 1 (257)
2026-04-23 10:23:22:144 [OUT] 25 A5 01 09 31 03 CA 3D 09 4E 1F (11)
                              [N9:P] RFLAG '=' 9 (9)
2026-04-23 10:23:22:168 [OUT] 25 A5 01 04 31 02 D8 3F 4F D3 (10)
                              [N4:Y] INTERRUPT '?'
2026-04-23 10:23:22:470 [IN ] C8 24 09 0B 25 A5 09 01 31 03 CA 3A 09 4B 21 6A C8 24 04 0C 25 A5 04 01 31 04 D8 3A 01 01 4E 72 8C (33)
                              [N9:P] RFLAG ':' 9 (9)
                              [N4:Y] INTERRUPT ':' 1 1 (257)
2026-04-23 10:23:22:492 [OUT] 25 A5 01 08 31 03 C9 3D 09 4C 16 (11)
                              [N8:R] LFLAG '=' 9 (9)
2026-04-23 10:23:22:514 [OUT] 25 A5 01 0C 31 02 D8 3F 57 FB (10)
                              [N12:Z] INTERRUPT '?'
2026-04-23 10:23:22:816 [IN ] C8 24 08 0B 25 A5 08 01 31 03 C9 3A 09 49 17 72 C8 24 0C 0C 25 A5 0C 01 31 04 D8 3A 01 01 56 B2 8C (33)
                              [N8:R] LFLAG ':' 9 (9)
                              [N12:Z] INTERRUPT ':' 1 1 (257)
2026-04-23 10:23:22:836 [OUT] 25 A5 01 08 31 03 CA 3D 09 4D 19 (11)
                              [N8:R] RFLAG '=' 9 (9)
2026-04-23 10:23:22:858 [OUT] 25 A5 01 03 31 03 C9 3D 0B 49 FA (11)
                              [N3:X] LFLAG '=' 11 (11)
2026-04-23 10:23:22:881 [OUT] 25 A5 01 04 31 03 C9 3D 0B 4A 00 (11)
                              [N4:Y] LFLAG '=' 11 (11)
2026-04-23 10:23:22:903 [OUT] 25 A5 01 0C 31 03 C9 3D 0B 52 30 (11)
                              [N12:Z] LFLAG '=' 11 (11)
2026-04-23 10:23:23:008 [IN ] C8 24 08 0B 25 A5 08 01 31 03 CA 3A 09 4A 1A B2 (16)
                              [N8:R] RFLAG ':' 9 (9)
2026-04-23 10:23:23:091 [IN ] C8 24 03 0B 25 A5 03 01 31 03 C9 3A 0B 46 F6 B2 (16)
                              [N3:X] LFLAG ':' 11 (11)
2026-04-23 10:23:23:114 [OUT] 25 A5 01 03 31 03 88 00 50 10 02 (11)
                              [N3:X] RUN 0 80 (80)
2026-04-23 10:23:23:218 [IN ] C8 24 04 0B 25 A5 04 01 31 03 C9 3A 0B 47 FD B2 (16)
                              [N4:Y] LFLAG ':' 11 (11)
2026-04-23 10:23:23:241 [OUT] 25 A5 01 04 31 03 88 00 50 11 08 (11)
                              [N4:Y] RUN 0 80 (80)
2026-04-23 10:23:23:345 [IN ] C8 24 0C 0B 25 A5 0C 01 31 03 C9 3A 0B 4F 35 B2 (16)
                              [N12:Z] LFLAG ':' 11 (11)
2026-04-23 10:23:23:366 [OUT] 25 A5 01 0C 31 03 88 00 50 19 38 (11)
                              [N12:Z] RUN 0 80 (80)
2026-04-23 10:23:23:449 [IN ] C8 24 03 0C 25 A5 03 01 31 04 88 53 00 50 64 C2 8C (17)
                              [N3:X] RUN 'S' 0 80 (80)
2026-04-23 10:23:23:552 [IN ] C8 24 04 0C 25 A5 04 01 31 04 88 53 00 50 65 CA 8C (17)
                              [N4:Y] RUN 'S' 0 80 (80)
2026-04-23 10:23:23:655 [IN ] C8 24 0C 0C 25 A5 0C 01 31 04 88 53 00 50 6D 0A 8C (17)
                              [N12:Z] RUN 'S' 0 80 (80)
2026-04-23 10:23:30:472 [IN ] C8 24 04 0B 25 A5 04 01 31 03 81 5A 4C 60 A6 0A C8 24 04 0A 25 A5 04 01 31 02 81 49 02 32 A6 (31)
                              [N4:Y] TPOS 'Z' 76 (76)
                              [N4:Y] TPOS 'I'
2026-04-23 10:23:30:695 [OUT] 25 A5 01 09 31 02 D8 3F 54 EC (10)
                              [N9:P] INTERRUPT '?'
2026-04-23 10:23:30:996 [IN ] C8 24 09 0C 25 A5 09 01 31 04 D8 3A 01 01 53 9A 8C (17)
                              [N9:P] INTERRUPT ':' 1 1 (257)
2026-04-23 10:23:31:017 [OUT] 25 A5 01 04 31 03 C9 3D 09 48 FE (11)
                              [N4:Y] LFLAG '=' 9 (9)
2026-04-23 10:23:31:039 [OUT] 25 A5 01 07 31 02 D8 3F 52 E2 (10)
                              [N7:N] INTERRUPT '?'
2026-04-23 10:23:31:341 [IN ] C8 24 04 0B 25 A5 04 01 31 03 C9 3A 09 45 FB 9A C8 24 07 0C 25 A5 07 01 31 04 D8 3A 01 01 51 8A 8C (33)
                              [N4:Y] LFLAG ':' 9 (9)
                              [N7:N] INTERRUPT ':' 1 1 (257)
2026-04-23 10:23:31:363 [OUT] 25 A5 01 09 31 03 C9 3D 0B 4F 1E (11)
                              [N9:P] LFLAG '=' 11 (11)
2026-04-23 10:23:31:384 [OUT] 25 A5 01 07 31 03 C9 3D 0B 4D 12 (11)
                              [N7:N] LFLAG '=' 11 (11)
2026-04-23 10:23:31:509 [IN ] C8 24 09 0B 25 A5 09 01 31 03 C9 3A 0B 4C 20 8A (16)
                              [N9:P] LFLAG ':' 11 (11)
2026-04-23 10:23:31:532 [OUT] 25 A5 01 09 31 03 88 00 50 16 26 (11)
                              [N9:P] RUN 0 80 (80)
2026-04-23 10:23:31:636 [IN ] C8 24 07 0B 25 A5 07 01 31 03 C9 3A 0B 4A 12 8A (16)
                              [N7:N] LFLAG ':' 11 (11)
2026-04-23 10:23:31:658 [OUT] 25 A5 01 07 31 03 88 00 50 14 1A (11)
                              [N7:N] RUN 0 80 (80)
2026-04-23 10:23:31:742 [IN ] C8 24 09 0C 25 A5 09 01 31 04 88 53 00 50 6A F2 8C (17)
                              [N9:P] RUN 'S' 0 80 (80)
2026-04-23 10:23:31:805 [IN ] C8 24 09 0B 25 A5 09 01 31 03 81 5A 4C 65 C9 F2 (16)
                              [N9:P] TPOS 'Z' 76 (76)
2026-04-23 10:23:31:831 [IN ] C8 24 03 0B 25 A5 03 01 31 03 81 5A 4C 5F 9F F2 C8 24 09 0A 25 A5 09 01 31 02 81 49 07 50 9F (31)
                              [N3:X] TPOS 'Z' 76 (76)
                              [N9:P] TPOS 'I'
2026-04-23 10:23:31:854 [IN ] C8 24 07 0C 25 A5 07 01 31 04 88 53 00 50 68 E2 8C (17)
                              [N7:N] RUN 'S' 0 80 (80)
2026-04-23 10:23:31:875 [OUT] 25 A5 01 09 31 03 C9 3D 09 4D 1C (11)
                              [N9:P] LFLAG '=' 9 (9)
2026-04-23 10:23:31:882 [IN ] C8 24 03 0A 25 A5 03 01 31 02 81 49 01 2C 68 (15)
                              [N3:X] TPOS 'I'
2026-04-23 10:23:31:904 [OUT] 25 A5 01 04 31 05 81 FF EE 88 01 32 FA (13)
                              [N4:Y] TPOS 255 238 136 1 (-1144831)
2026-04-23 10:23:31:928 [OUT] 25 A5 01 03 31 03 C9 3D 09 47 F8 (11)
                              [N3:X] LFLAG '=' 9 (9)
2026-04-23 10:23:32:052 [IN ] C8 24 09 0B 25 A5 09 01 31 03 C9 3A 09 4A 1E E2 (16)
                              [N9:P] LFLAG ':' 9 (9)
2026-04-23 10:23:32:175 [IN ] C8 24 04 0E 25 A5 04 01 31 06 81 53 00 00 00 00 10 88 0A (19)
                              [N4:Y] TPOS 'S' 0 0 0 0 (0)
2026-04-23 10:23:32:280 [IN ] C8 24 03 0B 25 A5 03 01 31 03 C9 3A 09 44 F4 00 (16)
                              [N3:X] LFLAG ':' 9 (9)
2026-04-23 10:23:38:495 [IN ] C8 24 04 0E 25 A5 04 01 31 06 81 45 FF EE 85 76 EA 88 0A (19)
                              [N4:Y] TPOS 'E' 255 238 133 118 (-1145482)
2026-04-23 10:23:38:719 [OUT] 25 A5 01 09 31 05 81 FF E7 5D 56 5A 0C (13)
                              [N9:P] TPOS 255 231 93 86 (-1614506)
2026-04-23 10:23:38:740 [OUT] 25 A5 01 04 31 05 81 FF FD 50 01 09 B7 (13)
                              [N4:Y] TPOS 255 253 80 1 (-176127)
2026-04-23 10:23:38:762 [OUT] 25 A5 01 03 31 05 81 FF EC 4A AB 9B 1A (13)
                              [N3:X] TPOS 255 236 74 171 (-1291605)
2026-04-23 10:23:38:785 [OUT] 25 A5 01 06 31 02 D8 3F 51 DD (10)
                              [N6:H] INTERRUPT '?'
2026-04-23 10:23:39:086 [IN ] C8 24 09 0E 25 A5 09 01 31 06 81 53 FF FF FF F9 0B AA 0A C8 24 04 0E 25 A5 04 01 31 06 81 53 FF EE 85 76 F8 CE 0A (38)
                              [N9:P] TPOS 'S' 255 255 255 249 (-7)
                              [N4:Y] TPOS 'S' 255 238 133 118 (-1145482)
2026-04-23 10:23:39:387 [IN ] C8 24 03 0E 25 A5 03 01 31 06 81 53 00 00 00 00 0F 7E 0A C8 24 06 0C 25 A5 06 01 31 04 D8 3A 01 01 50 82 0F (36)
                              [N3:X] TPOS 'S' 0 0 0 0 (0)
                              [N6:H] INTERRUPT ':' 1 1 (257)
2026-04-23 10:23:39:409 [OUT] 25 A5 01 06 31 03 C9 3D 0B 4C 0C (11)
                              [N6:H] LFLAG '=' 11 (11)
2026-04-23 10:23:39:575 [IN ] C8 24 06 0B 25 A5 06 01 31 03 C9 3A 0B 49 0B 82 (16)
                              [N6:H] LFLAG ':' 11 (11)
2026-04-23 10:23:39:596 [OUT] 25 A5 01 06 31 03 88 FF B0 72 72 (11)
                              [N6:H] RUN 255 176 (-80)
2026-04-23 10:23:39:763 [IN ] C8 24 06 0C 25 A5 06 01 31 04 88 53 FF B0 C6 38 0F (17)
                              [N6:H] RUN 'S' 255 176 (-80)
2026-04-23 10:23:43:778 [IN ] C8 24 06 0B 25 A5 06 01 31 03 81 5A 4C 62 B4 38 C8 24 06 0A 25 A5 06 01 31 02 81 49 04 3E B4 (31)
                              [N6:H] TPOS 'Z' 76 (76)
                              [N6:H] TPOS 'I'
2026-04-23 10:23:44:001 [OUT] 25 A5 01 06 31 03 C9 3D 09 4A 0A (11)
                              [N6:H] LFLAG '=' 9 (9)
2026-04-23 10:23:44:167 [IN ] C8 24 06 0B 25 A5 06 01 31 03 C9 3A 09 47 09 38 (16)
                              [N6:H] LFLAG ':' 9 (9)
2026-04-23 10:23:44:190 [OUT] 25 A5 01 06 31 03 84 00 50 0F 08 (11)
                              [N6:H] VEL 0 80 (80)
2026-04-23 10:23:44:376 [IN ] C8 24 06 0C 25 A5 06 01 31 04 84 53 00 50 63 CA 0F (17)
                              [N6:H] VEL 'S' 0 80 (80)
2026-04-23 10:23:44:397 [OUT] 25 A5 01 06 31 05 81 00 19 82 3C 95 BE (13)
                              [N6:H] TPOS 0 25 130 60 (1671740)
2026-04-23 10:23:44:582 [IN ] C8 24 06 0E 25 A5 06 01 31 06 81 53 00 00 00 03 15 9F 0A (19)
                              [N6:H] TPOS 'S' 0 0 0 3 (3)
2026-04-23 10:23:45:985 [IN ] C8 24 03 0E 25 A5 03 01 31 06 81 45 FF EC 48 5A 8E E2 0A (19)
                              [N3:X] TPOS 'E' 255 236 72 90 (-1292198)
2026-04-23 10:23:46:411 [OUT] 25 A5 01 03 31 05 81 FF FD 50 01 08 AF (13)
                              [N3:X] TPOS 255 253 80 1 (-176127)
2026-04-23 10:23:46:595 [IN ] C8 24 03 0E 25 A5 03 01 31 06 81 53 FF EC 48 5B 9D 29 0A (19)
                              [N3:X] TPOS 'S' 255 236 72 91 (-1292197)
2026-04-23 10:23:47:599 [IN ] C8 24 04 0E 25 A5 04 01 31 06 81 45 FF FD 4F B1 FE 84 0A (19)
                              [N4:Y] TPOS 'E' 255 253 79 177 (-176207)
2026-04-23 10:23:48:403 [IN ] C8 24 09 0E 25 A5 09 01 31 06 81 45 FF E7 5C A9 F2 86 0A (19)
                              [N9:P] TPOS 'E' 255 231 92 169 (-1614679)
2026-04-23 10:23:48:828 [OUT] 25 A5 01 09 31 05 81 FF FF D9 C8 60 BE (13)
                              [N9:P] TPOS 255 255 217 200 (-9784)
2026-04-23 10:23:49:013 [IN ] C8 24 09 0E 25 A5 09 01 31 06 81 53 FF E7 5C AD 04 D0 0A (19)
                              [N9:P] TPOS 'S' 255 231 92 173 (-1614675)
2026-04-23 10:23:52:424 [IN ] C8 24 0C 0B 25 A5 0C 01 31 03 81 5A 4C 68 DE AD C8 24 06 0E 25 A5 06 01 31 06 81 45 00 19 86 55 F8 02 0A C8 24 0C 0A 25 A5 0C 01 31 02 81 49 0A 62 86 (50)
                              [N12:Z] TPOS 'Z' 76 (76)
                              [N6:H] TPOS 'E' 0 25 134 85 (1672789)
                              [N12:Z] TPOS 'I'
2026-04-23 10:23:52:647 [OUT] 25 A5 01 0C 31 03 C9 3D 09 50 2E (11)
                              [N12:Z] LFLAG '=' 9 (9)
2026-04-23 10:23:52:692 [OUT] 25 A5 01 06 31 05 81 00 0D 03 C1 8F 21 (13)
                              [N6:H] TPOS 0 13 3 193 (852929)
2026-04-23 10:23:52:817 [IN ] C8 24 0C 0B 25 A5 0C 01 31 03 C9 3A 09 4D 33 55 (16)
                              [N12:Z] LFLAG ':' 9 (9)
2026-04-23 10:23:52:841 [OUT] 25 A5 01 0C 31 05 81 FF BC D0 00 4F 33 (13)
                              [N12:Z] TPOS 255 188 208 0 (-4403200)
2026-04-23 10:23:52:945 [IN ] C8 24 06 0E 25 A5 06 01 31 06 81 53 00 19 86 55 06 48 0A (19)
                              [N6:H] TPOS 'S' 0 25 134 85 (1672789)
2026-04-23 10:23:53:070 [IN ] C8 24 0C 0E 25 A5 0C 01 31 06 81 53 FF FF FF 70 85 3F 0A (19)
                              [N12:Z] TPOS 'S' 255 255 255 112 (-144)
2026-04-23 10:23:56:076 [IN ] C8 24 03 0E 25 A5 03 01 31 06 81 45 FF FD 50 91 DE 5C 0A (19)
                              [N3:X] TPOS 'E' 255 253 80 145 (-175983)
2026-04-23 10:23:56:680 [IN ] C8 24 06 0E 25 A5 06 01 31 06 81 45 00 0C FF 27 36 9F 0A (19)
                              [N6:H] TPOS 'E' 0 12 255 39 (851751)
2026-04-23 10:23:56:903 [OUT] 25 A5 01 05 31 02 D8 3F 50 D8 (10)
                              [N5:V] INTERRUPT '?'
2026-04-23 10:23:57:207 [IN ] C8 24 07 0B 25 A5 07 01 31 03 81 5A 4C 63 BB 27 C8 24 07 0A 25 A5 07 01 31 02 81 49 05 44 BB C8 24 05 0C 25 A5 05 01 31 04 D8 3A 01 01 4F 7A 36 (48)
                              [N7:N] TPOS 'Z' 76 (76)
                              [N7:N] TPOS 'I'
                              [N5:V] INTERRUPT ':' 1 1 (257)
2026-04-23 10:23:57:228 [OUT] 25 A5 01 05 31 03 C9 3D 0B 4B 06 (11)
                              [N5:V] LFLAG '=' 11 (11)
2026-04-23 10:23:57:251 [OUT] 25 A5 01 07 31 03 C9 3D 09 4B 10 (11)
                              [N7:N] LFLAG '=' 9 (9)
2026-04-23 10:23:57:398 [IN ] C8 24 05 0B 25 A5 05 01 31 03 C9 3A 0B 48 04 7A (16)
                              [N5:V] LFLAG ':' 11 (11)
2026-04-23 10:23:57:419 [OUT] 25 A5 01 05 31 03 88 FF B0 71 6C (11)
                              [N5:V] RUN 255 176 (-80)
2026-04-23 10:23:57:502 [IN ] C8 24 07 0B 25 A5 07 01 31 03 C9 3A 09 48 10 7A (16)
                              [N7:N] LFLAG ':' 9 (9)
2026-04-23 10:23:57:524 [OUT] 25 A5 01 07 31 05 81 FF AB 19 75 F7 DF (13)
                              [N7:N] TPOS 255 171 25 117 (-5564043)
2026-04-23 10:23:57:606 [IN ] C8 24 05 0C 25 A5 05 01 31 04 88 53 FF B0 C5 30 36 (17)
                              [N5:V] RUN 'S' 255 176 (-80)
2026-04-23 10:23:57:750 [IN ] C8 24 07 0E 25 A5 07 01 31 06 81 53 FF FF FF FE 0E 9B 0A (19)
                              [N7:N] TPOS 'S' 255 255 255 254 (-2)
2026-04-23 10:23:58:554 [IN ] C8 24 09 0E 25 A5 09 01 31 06 81 45 FF FF DA C4 A3 E5 0A (19)
                              [N9:P] TPOS 'E' 255 255 218 196 (-9532)
2026-04-23 10:23:58:777 [OUT] 25 A5 01 08 31 02 D8 3F 53 E7 (10)
                              [N8:R] INTERRUPT '?'
2026-04-23 10:23:59:078 [IN ] C8 24 08 0C 25 A5 08 01 31 04 D8 3A 01 01 52 92 A3 (17)
                              [N8:R] INTERRUPT ':' 1 1 (257)
2026-04-23 10:23:59:100 [OUT] 25 A5 01 08 31 03 CA 3D 0B 4F 1B (11)
                              [N8:R] RFLAG '=' 11 (11)
2026-04-23 10:23:59:264 [IN ] C8 24 08 0B 25 A5 08 01 31 03 CA 3A 0B 4C 1C 92 (16)
                              [N8:R] RFLAG ':' 11 (11)
2026-04-23 10:23:59:287 [OUT] 25 A5 01 08 31 03 88 00 50 15 20 (11)
                              [N8:R] RUN 0 80 (80)
2026-04-23 10:23:59:451 [IN ] C8 24 08 0C 25 A5 08 01 31 04 88 53 00 50 69 EA A3 (17)
                              [N8:R] RUN 'S' 0 80 (80)
2026-04-23 10:24:02:662 [IN ] C8 24 05 0B 25 A5 05 01 31 03 81 5A 4C 61 AD EA C8 24 05 0A 25 A5 05 01 31 02 81 49 03 38 AD (31)
                              [N5:V] TPOS 'Z' 76 (76)
                              [N5:V] TPOS 'I'
2026-04-23 10:24:02:885 [OUT] 25 A5 01 05 31 03 C9 3D 09 49 04 (11)
                              [N5:V] LFLAG '=' 9 (9)
2026-04-23 10:24:03:050 [IN ] C8 24 05 0B 25 A5 05 01 31 03 C9 3A 09 46 02 EA (16)
                              [N5:V] LFLAG ':' 9 (9)
2026-04-23 10:24:03:071 [OUT] 25 A5 01 05 31 03 84 00 50 0E 02 (11)
                              [N5:V] VEL 0 80 (80)
2026-04-23 10:24:03:235 [IN ] C8 24 05 0C 25 A5 05 01 31 04 84 53 00 50 62 C2 A3 (17)
                              [N5:V] VEL 'S' 0 80 (80)
2026-04-23 10:24:03:257 [OUT] 25 A5 01 05 31 05 81 00 19 82 3C 94 B6 (13)
                              [N5:V] TPOS 0 25 130 60 (1671740)
2026-04-23 10:24:03:443 [IN ] C8 24 05 0E 25 A5 05 01 31 06 81 53 00 00 00 01 12 93 0A (19)
                              [N5:V] TPOS 'S' 0 0 0 1 (1)
2026-04-23 10:24:09:060 [IN ] C8 24 08 0B 25 A5 08 01 31 03 81 5A 52 6A C8 01 C8 24 08 0A 25 A5 08 01 31 02 81 49 06 4A C8 (31)
                              [N8:R] TPOS 'Z' 82 (82)
                              [N8:R] TPOS 'I'
2026-04-23 10:24:09:283 [OUT] 25 A5 01 08 31 03 CA 3D 09 4D 19 (11)
                              [N8:R] RFLAG '=' 9 (9)
2026-04-23 10:24:09:448 [IN ] C8 24 08 0B 25 A5 08 01 31 03 CA 3A 09 4A 1A 01 (16)
                              [N8:R] RFLAG ':' 9 (9)
2026-04-23 10:24:09:471 [OUT] 25 A5 01 08 31 05 81 FF DC 77 1D 2F DE (13)
                              [N8:R] TPOS 255 220 119 29 (-2328803)
2026-04-23 10:24:09:657 [IN ] C8 24 08 0E 25 A5 08 01 31 06 81 53 FF FF FF EC FD 93 0A (19)
                              [N8:R] TPOS 'S' 255 255 255 236 (-20)
2026-04-23 10:24:11:661 [IN ] C8 24 05 0E 25 A5 05 01 31 06 81 45 00 19 85 58 F9 F9 0A (19)
                              [N5:V] TPOS 'E' 0 25 133 88 (1672536)
2026-04-23 10:24:12:086 [OUT] 25 A5 01 05 31 05 81 00 0D 03 C1 8E 19 (13)
                              [N5:V] TPOS 0 13 3 193 (852929)
2026-04-23 10:24:12:291 [IN ] C8 24 05 0E 25 A5 05 01 31 06 81 53 00 19 85 57 06 3E 0A (19)
                              [N5:V] TPOS 'S' 0 25 133 87 (1672535)
2026-04-23 10:24:17:706 [IN ] C8 24 05 0E 25 A5 05 01 31 06 81 45 00 0D 02 82 94 F9 0A (19)
                              [N5:V] TPOS 'E' 0 13 2 130 (852610)
2026-04-23 10:24:17:931 [OUT] 25 A5 01 03 31 05 81 FF ED B1 30 88 70 (13)
                              [N3:X] TPOS 255 237 177 48 (-1199824)
2026-04-23 10:24:17:953 [OUT] 25 A5 01 04 31 05 81 FF F3 BD 0C 77 7E (13)
                              [N4:Y] TPOS 255 243 189 12 (-803572)
2026-04-23 10:24:18:118 [IN ] C8 24 03 0E 25 A5 03 01 31 06 81 53 FF FD 50 8D E8 9E 0A (19)
                              [N3:X] TPOS 'S' 255 253 80 141 (-175987)
2026-04-23 10:24:18:261 [IN ] C8 24 04 0E 25 A5 04 01 31 06 81 53 FF FD 4F B1 0C CA 0A (19)
                              [N4:Y] TPOS 'S' 255 253 79 177 (-176207)
2026-04-23 10:24:20:687 [OUT] 25 A5 01 0C 31 01 82 C1 4C (9)
                              [N12:Z] GETPOS
2026-04-23 10:24:20:709 [OUT] 25 A5 01 03 31 01 82 B8 28 (9)
                              [N3:X] GETPOS
2026-04-23 10:24:20:730 [OUT] 25 A5 01 04 31 01 82 B9 2C (9)
                              [N4:Y] GETPOS
2026-04-23 10:24:20:752 [OUT] 25 A5 01 07 31 01 82 BC 38 (9)
                              [N7:N] GETPOS
2026-04-23 10:24:20:774 [OUT] 25 A5 01 08 31 01 82 BD 3C (9)
                              [N8:R] GETPOS
2026-04-23 10:24:20:836 [IN ] C8 24 0C 0D 25 A5 0C 01 31 05 82 FF C2 D2 62 BA BB CA (18)
                              [N12:Z] GETPOS 255 194 210 98 (-4009374)
2026-04-23 10:24:20:922 [IN ] C8 24 03 0D 25 A5 03 01 31 05 82 FF F4 D0 7A F9 14 CA (18)
                              [N3:X] GETPOS 255 244 208 122 (-733062)
2026-04-23 10:24:21:006 [IN ] C8 24 04 0D 25 A5 04 01 31 05 82 FF F5 81 26 58 2E CA (18)
                              [N4:Y] GETPOS 255 245 129 38 (-687834)
2026-04-23 10:24:21:089 [IN ] C8 (1)
2026-04-23 10:24:21:111 [IN ] 24 07 0D 25 A5 07 01 31 05 82 FF B0 F8 88 EF CA CA (17)
                              [N7:N] GETPOS 255 176 248 136 (-5179256)
2026-04-23 10:24:21:193 [IN ] C8 24 08 0D 25 A5 08 01 31 05 82 FF DF FC 9B 36 7B CA (18)
                              [N8:R] GETPOS 255 223 252 155 (-2098021)
2026-04-23 10:24:21:794 [IN ] C8 24 04 0E 25 A5 04 01 31 06 81 45 FF F3 BA A1 4F 2C 0A (19)
                              [N4:Y] TPOS 'E' 255 243 186 161 (-804191)
2026-04-23 10:24:22:598 [IN ] C8 24 08 0E 25 A5 08 01 31 06 81 45 FF DC 74 C3 18 A5 0A (19)
                              [N8:R] TPOS 'E' 255 220 116 195 (-2329405)
