2026-04-23 16:22:19:573 [OUT] 25 A5 01 0A 31 05 D6 3D FF 00 00 53 ED (13)
                              [N10:HMI] HMILED '=' 255 0 0 (16711680)
2026-04-23 16:22:19:595 [OUT] 25 A5 01 03 31 02 D8 3F 4E CE (10)
                              [N3:X] INTERRUPT '?'
2026-04-23 16:22:19:897 [IN ] C8 24 0A 0D 25 A5 0A 01 31 05 D6 3A FF 00 00 50 EA 88 C8 24 03 0C 25 A5 03 01 31 04 D8 3A 01 01 4D 6A EA (35)
                              [N10:HMI] HMILED ':' 255 0 0 (16711680)
                              [N3:X] INTERRUPT ':' 1 1 (257)
2026-04-23 16:22:19:919 [OUT] 25 A5 01 09 31 03 C9 3D 09 4D 1C (11)
                              [N9:P] LFLAG '=' 9 (9)
2026-04-23 16:22:19:942 [OUT] 25 A5 01 04 31 02 D8 3F 4F D3 (10)
                              [N4:Y] INTERRUPT '?'
2026-04-23 16:22:20:243 [IN ] C8 24 09 0B 25 A5 09 01 31 03 C9 3A 09 4A 1E 6A C8 24 04 0C 25 A5 04 01 31 04 D8 3A 01 01 4E 72 EA (33)
                              [N9:P] LFLAG ':' 9 (9)
                              [N4:Y] INTERRUPT ':' 1 1 (257)
2026-04-23 16:22:20:264 [OUT] 25 A5 01 09 31 03 CA 3D 09 4E 1F (11)
                              [N9:P] RFLAG '=' 9 (9)
2026-04-23 16:22:20:285 [OUT] 25 A5 01 0C 31 02 D8 3F 57 FB (10)
                              [N12:Z] INTERRUPT '?'
2026-04-23 16:22:20:587 [IN ] C8 24 09 0B 25 A5 09 01 31 03 CA 3A 09 4B 21 72 C8 24 0C 0C 25 A5 0C 01 31 04 D8 3A 01 01 56 B2 EA (33)
                              [N9:P] RFLAG ':' 9 (9)
                              [N12:Z] INTERRUPT ':' 1 1 (257)
2026-04-23 16:22:20:609 [OUT] 25 A5 01 08 31 03 C9 3D 09 4C 16 (11)
                              [N8:R] LFLAG '=' 9 (9)
2026-04-23 16:22:20:631 [OUT] 25 A5 01 03 31 03 C9 3D 0B 49 FA (11)
                              [N3:X] LFLAG '=' 11 (11)
2026-04-23 16:22:20:654 [OUT] 25 A5 01 04 31 03 C9 3D 0B 4A 00 (11)
                              [N4:Y] LFLAG '=' 11 (11)
2026-04-23 16:22:20:679 [OUT] 25 A5 01 0C 31 03 C9 3D 0B 52 30 (11)
                              [N12:Z] LFLAG '=' 11 (11)
2026-04-23 16:22:20:762 [IN ] C8 24 08 0B 25 A5 08 01 31 03 C9 3A 09 49 17 B2 (16)
                              [N8:R] LFLAG ':' 9 (9)
2026-04-23 16:22:20:784 [OUT] 25 A5 01 08 31 03 CA 3D 09 4D 19 (11)
                              [N8:R] RFLAG '=' 9 (9)
2026-04-23 16:22:20:888 [IN ] C8 24 03 0B 25 A5 03 01 31 03 C9 3A 0B 46 F6 B2 (16)
                              [N3:X] LFLAG ':' 11 (11)
2026-04-23 16:22:20:909 [OUT] 25 A5 01 03 31 03 88 00 50 10 02 (11)
                              [N3:X] RUN 0 80 (80)
2026-04-23 16:22:20:993 [IN ] C8 24 04 0B 25 A5 04 01 31 03 C9 3A 0B 47 FD B2 (16)
                              [N4:Y] LFLAG ':' 11 (11)
2026-04-23 16:22:21:016 [OUT] 25 A5 01 04 31 03 88 00 50 11 08 (11)
                              [N4:Y] RUN 0 80 (80)
2026-04-23 16:22:21:121 [IN ] C8 24 0C 0B 25 A5 0C 01 31 03 C9 3A 0B 4F 35 B2 (16)
                              [N12:Z] LFLAG ':' 11 (11)
2026-04-23 16:22:21:143 [OUT] 25 A5 01 0C 31 03 88 00 5A 23 42 (11)
                              [N12:Z] RUN 0 90 (90)
2026-04-23 16:22:21:208 [IN ] C8 24 08 0B 25 A5 08 01 31 03 CA 3A 09 4A 1A B2 (16)
                              [N8:R] RFLAG ':' 9 (9)
2026-04-23 16:22:21:313 [IN ] C8 24 03 0C 25 A5 03 01 31 04 88 53 00 50 64 C2 EA (17)
                              [N3:X] RUN 'S' 0 80 (80)
2026-04-23 16:22:21:440 [IN ] C8 24 04 0C 25 A5 04 01 31 04 88 53 00 50 65 CA EA (17)
                              [N4:Y] RUN 'S' 0 80 (80)
2026-04-23 16:22:21:567 [IN ] C8 24 0C 0C 25 A5 0C 01 31 04 88 53 00 5A 77 14 EA (17)
                              [N12:Z] RUN 'S' 0 90 (90)
2026-04-23 16:22:28:187 [IN ] C8 24 04 0B 25 A5 04 01 31 03 81 5A 4C 60 A6 14 C8 24 04 0A 25 A5 04 01 31 02 81 49 02 32 A6 (31)
                              [N4:Y] TPOS 'Z' 76 (76)
                              [N4:Y] TPOS 'I'
2026-04-23 16:22:28:410 [OUT] 25 A5 01 09 31 02 D8 3F 54 EC (10)
                              [N9:P] INTERRUPT '?'
2026-04-23 16:22:28:712 [IN ] C8 24 09 0C 25 A5 09 01 31 04 D8 3A 01 01 53 9A EA (17)
                              [N9:P] INTERRUPT ':' 1 1 (257)
2026-04-23 16:22:28:734 [OUT] 25 A5 01 04 31 03 C9 3D 09 48 FE (11)
                              [N4:Y] LFLAG '=' 9 (9)
2026-04-23 16:22:28:755 [OUT] 25 A5 01 07 31 02 D8 3F 52 E2 (10)
                              [N7:N] INTERRUPT '?'
2026-04-23 16:22:29:057 [IN ] C8 24 04 0B 25 A5 04 01 31 03 C9 3A 09 45 FB 9A C8 24 07 0C 25 A5 07 01 31 04 D8 3A 01 01 51 8A EA (33)
                              [N4:Y] LFLAG ':' 9 (9)
                              [N7:N] INTERRUPT ':' 1 1 (257)
2026-04-23 16:22:29:079 [OUT] 25 A5 01 09 31 03 C9 3D 0B 4F 1E (11)
                              [N9:P] LFLAG '=' 11 (11)
2026-04-23 16:22:29:101 [OUT] 25 A5 01 07 31 03 C9 3D 0B 4D 12 (11)
                              [N7:N] LFLAG '=' 11 (11)
2026-04-23 16:22:29:251 [IN ] C8 24 09 0B 25 A5 09 01 31 03 C9 3A 0B 4C 20 8A (16)
                              [N9:P] LFLAG ':' 11 (11)
2026-04-23 16:22:29:273 [OUT] 25 A5 01 09 31 03 88 00 50 16 26 (11)
                              [N9:P] RUN 0 80 (80)
2026-04-23 16:22:29:358 [IN ] C8 24 07 0B 25 A5 07 01 31 03 C9 3A 0B 4A 12 8A (16)
                              [N7:N] LFLAG ':' 11 (11)
2026-04-23 16:22:29:382 [OUT] 25 A5 01 07 31 03 88 00 50 14 1A (11)
                              [N7:N] RUN 0 80 (80)
2026-04-23 16:22:29:465 [IN ] C8 24 09 0C 25 A5 09 01 31 04 88 53 00 50 6A F2 EA (17)
                              [N9:P] RUN 'S' 0 80 (80)
2026-04-23 16:22:29:530 [IN ] C8 24 09 0B 25 A5 09 01 31 03 81 5A 4C 65 C9 F2 (16)
                              [N9:P] TPOS 'Z' 76 (76)
2026-04-23 16:22:29:572 [IN ] C8 24 09 0A 25 A5 09 01 31 02 81 49 07 50 C9 C8 24 07 0C 25 A5 07 01 31 04 88 53 00 50 68 E2 EA (32)
                              [N9:P] TPOS 'I'
                              [N7:N] RUN 'S' 0 80 (80)
2026-04-23 16:22:29:796 [OUT] 25 A5 01 09 31 03 C9 3D 09 4D 1C (11)
                              [N9:P] LFLAG '=' 9 (9)
2026-04-23 16:22:29:819 [OUT] 25 A5 01 04 31 05 81 FF EE 88 01 32 FA (13)
                              [N4:Y] TPOS 255 238 136 1 (-1144831)
2026-04-23 16:22:29:965 [IN ] C8 24 09 0B 25 (5)
2026-04-23 16:22:29:987 [IN ] A5 09 01 31 03 C9 3A 09 4A 1E E2 (11)
                              [N9:P] LFLAG ':' 9 (9)
2026-04-23 16:22:30:112 [IN ] C8 24 04 0E 25 A5 04 01 31 06 81 53 00 00 00 00 10 88 0A (19)
                              [N4:Y] TPOS 'S' 0 0 0 0 (0)
2026-04-23 16:22:30:315 [IN ] C8 24 03 0B 25 A5 03 01 31 03 81 5A 4C 5F 9F 00 (16)
                              [N3:X] TPOS 'Z' 76 (76)
2026-04-23 16:22:30:517 [IN ] C8 24 03 0A 25 A5 03 01 31 02 81 49 01 2C 9F (15)
                              [N3:X] TPOS 'I'
2026-04-23 16:22:30:743 [OUT] 25 A5 01 03 31 03 C9 3D 09 47 F8 (11)
                              [N3:X] LFLAG '=' 9 (9)
2026-04-23 16:22:30:907 [IN ] C8 24 03 0B 25 A5 03 01 31 03 C9 3A 09 44 F4 00 (16)
                              [N3:X] LFLAG ':' 9 (9)
2026-04-23 16:22:33:517 [IN ] C8 24 07 0B 25 A5 07 01 31 03 81 5A 4C 63 BB 00 C8 24 07 0A 25 A5 07 01 31 02 81 49 05 44 BB (31)
                              [N7:N] TPOS 'Z' 76 (76)
                              [N7:N] TPOS 'I'
2026-04-23 16:22:33:739 [OUT] 25 A5 01 07 31 03 C9 3D 09 4B 10 (11)
                              [N7:N] LFLAG '=' 9 (9)
2026-04-23 16:22:33:907 [IN ] C8 24 07 0B 25 A5 07 01 31 03 C9 3A 09 48 10 00 (16)
                              [N7:N] LFLAG ':' 9 (9)
2026-04-23 16:22:36:114 [IN ] C8 24 04 0E 25 A5 04 01 31 06 81 45 FF EE 85 78 EC 8A 0A (19)
                              [N4:Y] TPOS 'E' 255 238 133 120 (-1145480)
2026-04-23 16:22:36:339 [OUT] 25 A5 01 09 31 05 81 FF E7 5D 56 5A 0C (13)
                              [N9:P] TPOS 255 231 93 86 (-1614506)
2026-04-23 16:22:36:361 [OUT] 25 A5 01 04 31 05 81 FF FD 50 01 09 B7 (13)
                              [N4:Y] TPOS 255 253 80 1 (-176127)
2026-04-23 16:22:36:385 [OUT] 25 A5 01 07 31 05 81 FF AB 19 75 F7 DF (13)
                              [N7:N] TPOS 255 171 25 117 (-5564043)
2026-04-23 16:22:36:407 [OUT] 25 A5 01 03 31 05 81 FF EC 4A AB 9B 1A (13)
                              [N3:X] TPOS 255 236 74 171 (-1291605)
2026-04-23 16:22:36:433 [OUT] 25 A5 01 06 31 02 D8 3F 51 DD (10)
                              [N6:H] INTERRUPT '?'
2026-04-23 16:22:36:734 [IN ] C8 24 09 0E 25 A5 09 01 31 06 81 53 FF FF FF FA 0C AB 0A C8 24 04 0E 25 A5 04 01 31 06 81 53 FF EE 85 78 FA D0 0A (38)
                              [N9:P] TPOS 'S' 255 255 255 250 (-6)
                              [N4:Y] TPOS 'S' 255 238 133 120 (-1145480)
2026-04-23 16:22:37:036 [IN ] C8 24 07 0E 25 A5 07 01 31 06 81 53 FF FF FF FE 0E 9B 0A C8 24 03 0E 25 A5 03 01 31 06 81 53 00 00 00 00 0F 7E 0A C8 24 06 0C 25 A5 06 01 31 04 D8 3A 01 01 50 82 0F (55)
                              [N7:N] TPOS 'S' 255 255 255 254 (-2)
                              [N3:X] TPOS 'S' 0 0 0 0 (0)
                              [N6:H] INTERRUPT ':' 1 1 (257)
2026-04-23 16:22:37:057 [OUT] 25 A5 01 06 31 03 C9 3D 0B 4C 0C (11)
                              [N6:H] LFLAG '=' 11 (11)
2026-04-23 16:22:37:223 [IN ] C8 24 06 0B 25 A5 06 01 31 03 C9 3A 0B 49 0B 82 (16)
                              [N6:H] LFLAG ':' 11 (11)
2026-04-23 16:22:37:245 [OUT] 25 A5 01 06 31 03 88 FF B0 72 72 (11)
                              [N6:H] RUN 255 176 (-80)
2026-04-23 16:22:37:410 [IN ] C8 24 06 0C 25 A5 06 01 31 04 88 53 FF B0 C6 38 0F (17)
                              [N6:H] RUN 'S' 255 176 (-80)
2026-04-23 16:22:38:214 [IN ] C8 24 0C 0B 25 A5 0C 01 31 03 81 5A 4C 68 DE 38 (16)
                              [N12:Z] TPOS 'Z' 76 (76)
2026-04-23 16:22:38:417 [IN ] C8 24 0C 0A 25 A5 0C 01 31 02 81 49 0A 62 DE (15)
                              [N12:Z] TPOS 'I'
2026-04-23 16:22:38:640 [OUT] 25 A5 01 0C 31 03 C9 3D 09 50 2E (11)
                              [N12:Z] LFLAG '=' 9 (9)
2026-04-23 16:22:38:807 [IN ] C8 24 0C 0B 25 A5 0C 01 31 03 C9 3A 09 4D 33 38 (16)
                              [N12:Z] LFLAG ':' 9 (9)
2026-04-23 16:22:38:829 [OUT] 25 A5 01 0C 31 05 81 FF BC D0 00 4F 33 (13)
                              [N12:Z] TPOS 255 188 208 0 (-4403200)
2026-04-23 16:22:39:015 [IN ] C8 24 0C 0E 25 A5 0C 01 31 06 81 53 FF FF FF 5E 73 2D 0A (19)
                              [N12:Z] TPOS 'S' 255 255 255 94 (-162)
2026-04-23 16:22:41:425 [IN ] C8 24 06 0B 25 A5 06 01 31 03 81 5A 4C 62 B4 5E C8 24 06 0A 25 A5 06 01 31 02 81 49 04 3E B4 (31)
                              [N6:H] TPOS 'Z' 76 (76)
                              [N6:H] TPOS 'I'
2026-04-23 16:22:41:649 [OUT] 25 A5 01 06 31 03 C9 3D 09 4A 0A (11)
                              [N6:H] LFLAG '=' 9 (9)
2026-04-23 16:22:41:815 [IN ] C8 24 06 0B 25 A5 06 01 31 03 C9 3A 09 47 09 5E (16)
                              [N6:H] LFLAG ':' 9 (9)
2026-04-23 16:22:41:837 [OUT] 25 A5 01 06 31 03 84 00 50 0F 08 (11)
                              [N6:H] VEL 0 80 (80)
2026-04-23 16:22:42:024 [IN ] C8 24 06 0C 25 A5 06 01 31 04 84 53 00 50 63 CA 73 (17)
                              [N6:H] VEL 'S' 0 80 (80)
2026-04-23 16:22:42:047 [OUT] 25 A5 01 06 31 05 81 00 19 82 3C 95 BE (13)
                              [N6:H] TPOS 0 25 130 60 (1671740)
2026-04-23 16:22:42:233 [IN ] C8 24 06 0E 25 A5 06 01 31 06 81 53 00 00 00 05 17 A1 0A (19)
                              [N6:H] TPOS 'S' 0 0 0 5 (5)
2026-04-23 16:22:43:437 [IN ] C8 24 03 0E 25 A5 03 01 31 06 81 45 FF EC 47 C0 F3 46 0A (19)
                              [N3:X] TPOS 'E' 255 236 71 192 (-1292352)
2026-04-23 16:22:43:862 [OUT] 25 A5 01 03 31 05 81 FF FD 50 01 08 AF (13)
                              [N3:X] TPOS 255 253 80 1 (-176127)
2026-04-23 16:22:44:049 [IN ] C8 24 03 0E 25 A5 03 01 31 06 81 53 FF EC 47 C0 01 8C 0A (19)
                              [N3:X] TPOS 'S' 255 236 71 192 (-1292352)
2026-04-23 16:22:45:053 [IN ] C8 24 04 0E 25 A5 04 01 31 06 81 45 FF FD 4F C9 16 9C 0A (19)
                              [N4:Y] TPOS 'E' 255 253 79 201 (-176183)
2026-04-23 16:22:46:259 [IN ] C8 24 09 0E 25 A5 09 01 31 06 81 45 FF E7 5C D1 1A AE 0A (19)
                              [N9:P] TPOS 'E' 255 231 92 209 (-1614639)
2026-04-23 16:22:46:682 [OUT] 25 A5 01 09 31 05 81 FF FF D9 C8 60 BE (13)
                              [N9:P] TPOS 255 255 217 200 (-9784)
2026-04-23 16:22:46:870 [IN ] C8 24 09 0E 25 A5 09 01 31 06 81 53 FF E7 5C D6 2D F9 0A (19)
                              [N9:P] TPOS 'S' 255 231 92 214 (-1614634)
2026-04-23 16:22:50:079 [IN ] C8 24 06 0E 25 A5 06 01 31 06 81 45 00 19 86 48 EB F5 0A (19)
                              [N6:H] TPOS 'E' 0 25 134 72 (1672776)
2026-04-23 16:22:50:504 [OUT] 25 A5 01 06 31 05 81 00 0D 03 C1 8F 21 (13)
                              [N6:H] TPOS 0 13 3 193 (852929)
2026-04-23 16:22:50:688 [IN ] C8 24 06 0E 25 A5 06 01 31 06 81 53 00 19 86 49 FA 3C 0A (19)
                              [N6:H] TPOS 'S' 0 25 134 73 (1672777)
2026-04-23 16:22:52:895 [IN ] C8 24 03 0E 25 A5 03 01 31 06 81 45 FF FD 50 EB 38 B6 0A (19)
                              [N3:X] TPOS 'E' 255 253 80 235 (-175893)
2026-04-23 16:22:54:507 [IN ] C8 24 06 0E 25 A5 06 01 31 06 81 45 00 0C FF 23 32 9B 0A (19)
                              [N6:H] TPOS 'E' 0 12 255 35 (851747)
2026-04-23 16:22:54:734 [OUT] 25 A5 01 05 31 02 D8 3F 50 D8 (10)
                              [N5:V] INTERRUPT '?'
2026-04-23 16:22:55:035 [IN ] C8 24 05 0C 25 A5 05 01 31 04 D8 3A 01 01 4F 7A 32 (17)
                              [N5:V] INTERRUPT ':' 1 1 (257)
2026-04-23 16:22:55:056 [OUT] 25 A5 01 05 31 03 C9 3D 0B 4B 06 (11)
                              [N5:V] LFLAG '=' 11 (11)
2026-04-23 16:22:55:222 [IN ] C8 24 05 0B 25 A5 05 01 31 03 C9 3A 0B 48 04 7A (16)
                              [N5:V] LFLAG ':' 11 (11)
2026-04-23 16:22:55:244 [OUT] 25 A5 01 05 31 03 88 FF B0 71 6C (11)
                              [N5:V] RUN 255 176 (-80)
2026-04-23 16:22:55:409 [IN ] C8 24 05 0C 25 A5 05 01 31 04 88 53 FF B0 C5 30 32 (17)
                              [N5:V] RUN 'S' 255 176 (-80)
2026-04-23 16:22:57:016 [IN ] C8 24 09 0E 25 A5 09 01 31 06 81 45 FF FF DA 51 30 72 0A (19)
                              [N9:P] TPOS 'E' 255 255 218 81 (-9647)
2026-04-23 16:22:57:239 [OUT] 25 A5 01 08 31 02 D8 3F 53 E7 (10)
                              [N8:R] INTERRUPT '?'
2026-04-23 16:22:57:541 [IN ] C8 24 08 0C 25 A5 08 01 31 04 D8 3A 01 01 52 92 30 (17)
                              [N8:R] INTERRUPT ':' 1 1 (257)
2026-04-23 16:22:57:563 [OUT] 25 A5 01 08 31 03 CA 3D 0B 4F 1B (11)
                              [N8:R] RFLAG '=' 11 (11)
2026-04-23 16:22:57:728 [IN ] C8 24 08 0B 25 A5 08 01 31 03 CA 3A 0B 4C 1C 92 (16)
                              [N8:R] RFLAG ':' 11 (11)
2026-04-23 16:22:57:750 [OUT] 25 A5 01 08 31 03 88 00 50 15 20 (11)
                              [N8:R] RUN 0 80 (80)
2026-04-23 16:22:57:916 [IN ] C8 24 08 0C 25 A5 08 01 31 04 88 53 00 50 69 EA 30 (17)
                              [N8:R] RUN 'S' 0 80 (80)
2026-04-23 16:23:00:325 [IN ] C8 24 05 0B 25 A5 05 01 31 03 81 5A 4C 61 AD EA C8 24 05 0A 25 A5 05 01 31 02 81 49 03 38 AD (31)
                              [N5:V] TPOS 'Z' 76 (76)
                              [N5:V] TPOS 'I'
2026-04-23 16:23:00:548 [OUT] 25 A5 01 05 31 03 C9 3D 09 49 04 (11)
                              [N5:V] LFLAG '=' 9 (9)
2026-04-23 16:23:00:714 [IN ] C8 24 05 0B 25 A5 05 01 31 03 C9 3A 09 46 02 EA (16)
                              [N5:V] LFLAG ':' 9 (9)
2026-04-23 16:23:00:735 [OUT] 25 A5 01 05 31 03 84 00 50 0E 02 (11)
                              [N5:V] VEL 0 80 (80)
2026-04-23 16:23:00:900 [IN ] C8 24 05 0C 25 A5 05 01 31 04 84 53 00 50 62 C2 30 (17)
                              [N5:V] VEL 'S' 0 80 (80)
2026-04-23 16:23:00:922 [OUT] 25 A5 01 05 31 05 81 00 19 82 3C 94 B6 (13)
                              [N5:V] TPOS 0 25 130 60 (1671740)
2026-04-23 16:23:01:110 [IN ] C8 24 05 0E 25 A5 05 01 31 06 81 53 00 00 00 01 12 93 0A (19)
                              [N5:V] TPOS 'S' 0 0 0 1 (1)
2026-04-23 16:23:02:114 [IN ] C8 24 07 0E 25 A5 07 01 31 06 81 45 FF AB 15 2B EF B2 0A (19)
                              [N7:N] TPOS 'E' 255 171 21 43 (-5565141)
2026-04-23 16:23:02:540 [OUT] 25 A5 01 07 31 05 81 FF F3 35 BF A5 39 (13)
                              [N7:N] TPOS 255 243 53 191 (-838209)
2026-04-23 16:23:02:746 [IN ] C8 24 07 0E 25 A5 07 01 31 06 81 53 FF AB 15 2B FD F8 0A (19)
                              [N7:N] TPOS 'S' 255 171 21 43 (-5565141)
2026-04-23 16:23:03:549 [IN ] C8 24 0C 0E 25 A5 0C 01 31 06 81 45 FF BC CF 17 AB 77 0A (19)
                              [N12:Z] TPOS 'E' 255 188 207 23 (-4403433)
2026-04-23 16:23:03:975 [OUT] 25 A5 01 0C 31 05 81 FF D1 1A 67 15 6D (13)
                              [N12:Z] TPOS 255 209 26 103 (-3073433)
2026-04-23 16:23:04:141 [IN ] C8 24 0C 0E 25 A5 0C 01 31 06 81 53 FF BC CF 22 C4 C8 0A (19)
                              [N12:Z] TPOS 'S' 255 188 207 34 (-4403422)
2026-04-23 16:23:05:147 [IN ] C8 24 08 0B 25 A5 08 01 31 03 81 5A 52 6A C8 22 C8 24 08 0A 25 A5 08 01 31 02 81 49 06 4A C8 (31)
                              [N8:R] TPOS 'Z' 82 (82)
                              [N8:R] TPOS 'I'
2026-04-23 16:23:05:370 [OUT] 25 A5 01 08 31 03 CA 3D 09 4D 19 (11)
                              [N8:R] RFLAG '=' 9 (9)
2026-04-23 16:23:05:537 [IN ] C8 24 08 0B 25 A5 08 01 31 03 CA 3A 09 4A 1A 22 (16)
                              [N8:R] RFLAG ':' 9 (9)
2026-04-23 16:23:05:560 [OUT] 25 A5 01 08 31 05 81 FF DC 77 1D 2F DE (13)
                              [N8:R] TPOS 255 220 119 29 (-2328803)
2026-04-23 16:23:05:746 [IN ] C8 24 08 0E 25 A5 08 01 31 06 81 53 FF FF FF E8 F9 8F 0A (19)
                              [N8:R] TPOS 'S' 255 255 255 232 (-24)
2026-04-23 16:23:09:157 [IN ] C8 24 05 0E 25 A5 05 01 31 06 81 45 00 19 85 9B 3C 3C 0A (19)
                              [N5:V] TPOS 'E' 0 25 133 155 (1672603)
2026-04-23 16:23:09:580 [OUT] 25 A5 01 05 31 05 81 00 0D 03 C1 8E 19 (13)
                              [N5:V] TPOS 0 13 3 193 (852929)
2026-04-23 16:23:09:765 [IN ] C8 24 05 0E 25 A5 05 01 31 06 81 53 00 19 85 9B 4A 82 0A (19)
                              [N5:V] TPOS 'S' 0 25 133 155 (1672603)
2026-04-23 16:23:10:969 [IN ] C8 24 0C 0E 25 A5 0C 01 31 06 81 45 FF D1 1C 17 0D 50 0A (19)
                              [N12:Z] TPOS 'E' 255 209 28 23 (-3073001)
2026-04-23 16:23:14:982 [IN ] C8 24 05 0E 25 A5 05 01 31 06 81 45 00 0D 02 3A 4C B1 0A (19)
                              [N5:V] TPOS 'E' 0 13 2 58 (852538)
2026-04-23 16:23:15:206 [OUT] 25 A5 01 03 31 05 81 FF ED B1 30 88 70 (13)
                              [N3:X] TPOS 255 237 177 48 (-1199824)
2026-04-23 16:23:15:229 [OUT] 25 A5 01 04 31 05 81 FF F3 BD 0C 77 7E (13)
                              [N4:Y] TPOS 255 243 189 12 (-803572)
2026-04-23 16:23:15:395 [IN ] C8 24 03 0E 25 A5 03 01 31 06 81 53 FF FD 50 E8 43 F9 0A (19)
                              [N3:X] TPOS 'S' 255 253 80 232 (-175896)
2026-04-23 16:23:15:519 [IN ] C8 24 04 0E 25 A5 04 01 31 06 81 53 FF FD 4F C9 24 E2 0A (19)
                              [N4:Y] TPOS 'S' 255 253 79 201 (-176183)
2026-04-23 16:23:18:728 [IN ] C8 24 08 0E 25 A5 08 01 31 06 81 45 FF DC 74 E7 3C C9 0A (19)
                              [N8:R] TPOS 'E' 255 220 116 231 (-2329369)
2026-04-23 16:23:18:933 [IN ] C8 24 04 0E 25 A5 04 01 31 06 81 45 FF F3 BA 81 2F 0C 0A (19)
                              [N4:Y] TPOS 'E' 255 243 186 129 (-804223)
2026-04-23 16:23:19:157 [OUT] 25 A5 01 08 31 05 81 FF EE 15 56 18 89 (13)
                              [N8:R] TPOS 255 238 21 86 (-1174186)
2026-04-23 16:23:19:344 [IN ] C8 24 08 0E 25 A5 08 01 31 06 81 53 FF DC 74 F1 54 19 0A (19)
                              [N8:R] TPOS 'S' 255 220 116 241 (-2329359)
2026-04-23 16:23:20:548 [IN ] C8 24 03 0E 25 A5 03 01 31 06 81 45 FF ED AD 82 1C D7 0A (19)
                              [N3:X] TPOS 'E' 255 237 173 130 (-1200766)
2026-04-23 16:23:24:359 [IN ] C8 24 07 0E 25 A5 07 01 31 06 81 45 FF F3 39 FE 2E A5 0A (19)
                              [N7:N] TPOS 'E' 255 243 57 254 (-837122)
2026-04-23 16:23:26:167 [IN ] C8 24 08 0E 25 A5 08 01 31 06 81 45 FF EE 16 3E 47 9A 0A (19)
                              [N8:R] TPOS 'E' 255 238 22 62 (-1173954)
