2026-04-23 10:29:17:218 [OUT] 25 A5 01 09 31 03 C9 3D 09 4D 1C (11)
                              [N9:P] LFLAG '=' 9 (9)
2026-04-23 10:29:17:240 [OUT] 25 A5 01 03 31 02 D8 3F 4E CE (10)
                              [N3:X] INTERRUPT '?'
2026-04-23 10:29:17:541 [IN ] C8 24 09 0B 25 A5 09 01 31 03 C9 3A 09 4A 1E C6 C8 24 03 0C 25 A5 03 01 31 04 D8 3A 01 01 4D 6A 7D (33)
                              [N9:P] LFLAG ':' 9 (9)
                              [N3:X] INTERRUPT ':' 1 1 (257)
2026-04-23 10:29:17:562 [OUT] 25 A5 01 09 31 03 CA 3D 09 4E 1F (11)
                              [N9:P] RFLAG '=' 9 (9)
2026-04-23 10:29:17:585 [OUT] 25 A5 01 04 31 02 D8 3F 4F D3 (10)
                              [N4:Y] INTERRUPT '?'
2026-04-23 10:29:17:886 [IN ] C8 24 09 0B 25 A5 09 01 31 03 CA 3A 09 4B 21 6A C8 24 04 0C 25 A5 04 01 31 04 D8 3A 01 01 4E 72 7D (33)
                              [N9:P] RFLAG ':' 9 (9)
                              [N4:Y] INTERRUPT ':' 1 1 (257)
2026-04-23 10:29:17:908 [OUT] 25 A5 01 08 31 03 C9 3D 09 4C 16 (11)
                              [N8:R] LFLAG '=' 9 (9)
2026-04-23 10:29:17:931 [OUT] 25 A5 01 0C 31 02 D8 3F 57 FB (10)
                              [N12:Z] INTERRUPT '?'
2026-04-23 10:29:18:232 [IN ] C8 24 08 0B 25 A5 08 01 31 03 C9 3A 09 49 17 72 C8 24 0C 0C 25 A5 0C 01 31 04 D8 3A 01 01 56 B2 7D (33)
                              [N8:R] LFLAG ':' 9 (9)
                              [N12:Z] INTERRUPT ':' 1 1 (257)
2026-04-23 10:29:18:253 [OUT] 25 A5 01 08 31 03 CA 3D 09 4D 19 (11)
                              [N8:R] RFLAG '=' 9 (9)
2026-04-23 10:29:18:274 [OUT] 25 A5 01 03 31 03 C9 3D 0B 49 FA (11)
                              [N3:X] LFLAG '=' 11 (11)
2026-04-23 10:29:18:296 [OUT] 25 A5 01 04 31 03 C9 3D 0B 4A 00 (11)
                              [N4:Y] LFLAG '=' 11 (11)
2026-04-23 10:29:18:318 [OUT] 25 A5 01 0C 31 03 C9 3D 0B 52 30 (11)
                              [N12:Z] LFLAG '=' 11 (11)
2026-04-23 10:29:18:423 [IN ] C8 24 08 0B 25 A5 08 01 31 03 CA 3A 09 4A 1A B2 (16)
                              [N8:R] RFLAG ':' 9 (9)
2026-04-23 10:29:18:526 [IN ] C8 24 03 0B 25 A5 03 01 31 03 C9 3A 0B 46 F6 B2 (16)
                              [N3:X] LFLAG ':' 11 (11)
2026-04-23 10:29:18:550 [OUT] 25 A5 01 03 31 03 88 00 50 10 02 (11)
                              [N3:X] RUN 0 80 (80)
2026-04-23 10:29:18:634 [IN ] C8 24 04 0B 25 A5 04 01 31 03 C9 3A 0B 47 FD B2 (16)
                              [N4:Y] LFLAG ':' 11 (11)
2026-04-23 10:29:18:655 [OUT] 25 A5 01 04 31 03 88 00 50 11 08 (11)
                              [N4:Y] RUN 0 80 (80)
2026-04-23 10:29:18:759 [IN ] C8 24 0C 0B 25 A5 0C 01 31 03 C9 3A 0B 4F 35 B2 (16)
                              [N12:Z] LFLAG ':' 11 (11)
2026-04-23 10:29:18:780 [OUT] 25 A5 01 0C 31 03 88 00 50 19 38 (11)
                              [N12:Z] RUN 0 80 (80)
2026-04-23 10:29:18:864 [IN ] C8 24 03 0C 25 A5 03 01 31 04 88 53 00 50 64 C2 7D (17)
                              [N3:X] RUN 'S' 0 80 (80)
2026-04-23 10:29:18:967 [IN ] C8 24 04 0C 25 A5 04 01 31 04 88 53 00 50 65 CA 7D (17)
                              [N4:Y] RUN 'S' 0 80 (80)
2026-04-23 10:29:19:090 [IN ] C8 24 0C 0C 25 A5 0C 01 31 04 88 53 00 50 6D 0A 7D (17)
                              [N12:Z] RUN 'S' 0 80 (80)
2026-04-23 10:29:25:908 [IN ] C8 24 04 0B 25 A5 04 01 31 03 81 5A 4C 60 A6 0A C8 24 04 0A 25 A5 04 01 31 02 81 49 02 32 A6 (31)
                              [N4:Y] TPOS 'Z' 76 (76)
                              [N4:Y] TPOS 'I'
2026-04-23 10:29:26:131 [OUT] 25 A5 01 09 31 02 D8 3F 54 EC (10)
                              [N9:P] INTERRUPT '?'
2026-04-23 10:29:26:432 [IN ] C8 24 09 0C 25 A5 09 01 31 04 D8 3A 01 01 53 9A 7D (17)
                              [N9:P] INTERRUPT ':' 1 1 (257)
2026-04-23 10:29:26:454 [OUT] 25 A5 01 04 31 03 C9 3D 09 48 FE (11)
                              [N4:Y] LFLAG '=' 9 (9)
2026-04-23 10:29:26:476 [OUT] 25 A5 01 07 31 02 D8 3F 52 E2 (10)
                              [N7:N] INTERRUPT '?'
2026-04-23 10:29:26:777 [IN ] C8 24 04 0B 25 A5 04 01 31 03 C9 3A 09 45 FB 9A C8 24 07 0C 25 A5 07 01 31 04 D8 3A 01 01 51 8A 7D (33)
                              [N4:Y] LFLAG ':' 9 (9)
                              [N7:N] INTERRUPT ':' 1 1 (257)
2026-04-23 10:29:26:799 [OUT] 25 A5 01 09 31 03 C9 3D 0B 4F 1E (11)
                              [N9:P] LFLAG '=' 11 (11)
2026-04-23 10:29:26:822 [OUT] 25 A5 01 07 31 03 C9 3D 0B 4D 12 (11)
                              [N7:N] LFLAG '=' 11 (11)
2026-04-23 10:29:26:967 [IN ] C8 24 09 0B 25 A5 09 01 31 03 C9 3A 0B 4C 20 8A (16)
                              [N9:P] LFLAG ':' 11 (11)
2026-04-23 10:29:26:990 [OUT] 25 A5 01 09 31 03 88 00 50 16 26 (11)
                              [N9:P] RUN 0 80 (80)
2026-04-23 10:29:27:075 [IN ] C8 24 07 0B 25 A5 07 01 31 03 C9 3A 0B 4A 12 8A (16)
                              [N7:N] LFLAG ':' 11 (11)
2026-04-23 10:29:27:096 [OUT] 25 A5 01 07 31 03 88 00 50 14 1A (11)
                              [N7:N] RUN 0 80 (80)
2026-04-23 10:29:27:179 [IN ] C8 24 09 0C 25 A5 09 01 31 04 88 53 00 50 6A F2 7D (17)
                              [N9:P] RUN 'S' 0 80 (80)
2026-04-23 10:29:27:245 [IN ] C8 24 09 0B 25 A5 09 01 31 03 81 5A 4C 65 C9 F2 (16)
                              [N9:P] TPOS 'Z' 76 (76)
2026-04-23 10:29:27:289 [IN ] C8 24 09 0A 25 A5 09 01 31 02 81 49 07 50 C9 C8 24 07 0C 25 A5 07 01 31 04 88 53 00 50 68 E2 7D (32)
                              [N9:P] TPOS 'I'
                              [N7:N] RUN 'S' 0 80 (80)
2026-04-23 10:29:27:514 [OUT] 25 A5 01 09 31 03 C9 3D 09 4D 1C (11)
                              [N9:P] LFLAG '=' 9 (9)
2026-04-23 10:29:27:536 [OUT] 25 A5 01 04 31 05 81 FF EE 88 01 32 FA (13)
                              [N4:Y] TPOS 255 238 136 1 (-1144831)
2026-04-23 10:29:27:680 [IN ] C8 24 09 0B 25 A5 09 01 31 03 C9 3A 09 4A 1E E2 (16)
                              [N9:P] LFLAG ':' 9 (9)
2026-04-23 10:29:27:826 [IN ] C8 24 04 0E 25 A5 04 01 31 06 81 53 00 00 00 00 10 88 0A (19)
                              [N4:Y] TPOS 'S' 0 0 0 0 (0)
2026-04-23 10:29:28:629 [IN ] C8 24 03 0B 25 A5 03 01 31 03 81 5A 4C 5F 9F 00 C8 24 03 0A 25 A5 03 01 31 02 81 49 01 2C 9F (31)
                              [N3:X] TPOS 'Z' 76 (76)
                              [N3:X] TPOS 'I'
2026-04-23 10:29:28:852 [OUT] 25 A5 01 03 31 03 C9 3D 09 47 F8 (11)
                              [N3:X] LFLAG '=' 9 (9)
2026-04-23 10:29:29:016 [IN ] C8 24 03 0B 25 A5 03 01 31 03 C9 3A 09 44 F4 00 (16)
                              [N3:X] LFLAG ':' 9 (9)
2026-04-23 10:29:34:029 [IN ] C8 24 04 0E 25 A5 04 01 31 06 81 45 FF EE 85 7C F0 8E 0A (19)
                              [N4:Y] TPOS 'E' 255 238 133 124 (-1145476)
2026-04-23 10:29:34:254 [OUT] 25 A5 01 09 31 05 81 FF E7 5D 56 5A 0C (13)
                              [N9:P] TPOS 255 231 93 86 (-1614506)
2026-04-23 10:29:34:276 [OUT] 25 A5 01 04 31 05 81 FF FD 50 01 09 B7 (13)
                              [N4:Y] TPOS 255 253 80 1 (-176127)
2026-04-23 10:29:34:298 [OUT] 25 A5 01 03 31 05 81 FF EC 4A AB 9B 1A (13)
                              [N3:X] TPOS 255 236 74 171 (-1291605)
2026-04-23 10:29:34:322 [OUT] 25 A5 01 06 31 02 D8 3F 51 DD (10)
                              [N6:H] INTERRUPT '?'
2026-04-23 10:29:34:622 [IN ] C8 24 09 0E 25 A5 09 01 31 06 81 53 FF FF FF EB FD 9C 0A C8 24 04 0E 25 A5 04 01 31 06 81 53 FF EE 85 7C FE D4 0A (38)
                              [N9:P] TPOS 'S' 255 255 255 235 (-21)
                              [N4:Y] TPOS 'S' 255 238 133 124 (-1145476)
2026-04-23 10:29:34:924 [IN ] C8 24 03 0E 25 A5 03 01 31 06 81 53 00 00 00 00 0F 7E 0A C8 24 06 0C 25 A5 06 01 31 04 D8 3A 01 01 50 82 0F (36)
                              [N3:X] TPOS 'S' 0 0 0 0 (0)
                              [N6:H] INTERRUPT ':' 1 1 (257)
2026-04-23 10:29:34:946 [OUT] 25 A5 01 06 31 03 C9 3D 0B 4C 0C (11)
                              [N6:H] LFLAG '=' 11 (11)
2026-04-23 10:29:35:110 [IN ] C8 24 06 0B 25 A5 06 01 31 03 C9 3A 0B 49 0B 82 (16)
                              [N6:H] LFLAG ':' 11 (11)
2026-04-23 10:29:35:133 [OUT] 25 A5 01 06 31 03 88 FF B0 72 72 (11)
                              [N6:H] RUN 255 176 (-80)
2026-04-23 10:29:35:297 [IN ] C8 24 06 0C 25 A5 06 01 31 04 88 53 FF B0 C6 38 0F (17)
                              [N6:H] RUN 'S' 255 176 (-80)
2026-04-23 10:29:39:308 [IN ] C8 24 06 0B 25 A5 06 01 31 03 81 5A 4C 62 B4 38 C8 24 06 0A 25 A5 06 01 31 02 81 49 04 3E B4 (31)
                              [N6:H] TPOS 'Z' 76 (76)
                              [N6:H] TPOS 'I'
2026-04-23 10:29:39:531 [OUT] 25 A5 01 06 31 03 C9 3D 09 4A 0A (11)
                              [N6:H] LFLAG '=' 9 (9)
2026-04-23 10:29:39:697 [IN ] C8 24 06 0B 25 A5 06 01 31 03 C9 3A 09 47 09 38 (16)
                              [N6:H] LFLAG ':' 9 (9)
2026-04-23 10:29:39:718 [OUT] 25 A5 01 06 31 03 84 00 50 0F 08 (11)
                              [N6:H] VEL 0 80 (80)
2026-04-23 10:29:39:884 [IN ] C8 24 06 0C 25 A5 06 01 31 04 84 53 00 50 63 CA 0F (17)
                              [N6:H] VEL 'S' 0 80 (80)
2026-04-23 10:29:39:905 [OUT] 25 A5 01 06 31 05 81 00 19 82 3C 95 BE (13)
                              [N6:H] TPOS 0 25 130 60 (1671740)
2026-04-23 10:29:40:091 [IN ] C8 24 06 0E 25 A5 06 01 31 06 81 53 00 00 00 03 15 9F 0A (19)
                              [N6:H] TPOS 'S' 0 0 0 3 (3)
2026-04-23 10:29:41:496 [IN ] C8 24 03 0E 25 A5 03 01 31 06 81 45 FF EC 48 5C 90 E4 0A (19)
                              [N3:X] TPOS 'E' 255 236 72 92 (-1292196)
2026-04-23 10:29:41:921 [OUT] 25 A5 01 03 31 05 81 FF FD 50 01 08 AF (13)
                              [N3:X] TPOS 255 253 80 1 (-176127)
2026-04-23 10:29:42:106 [IN ] C8 24 03 0E 25 A5 03 01 31 06 81 53 FF EC 48 5C 9E 2A 0A (19)
                              [N3:X] TPOS 'S' 255 236 72 92 (-1292196)
2026-04-23 10:29:43:110 [IN ] C8 24 04 0E 25 A5 04 01 31 06 81 45 FF FD 4F B5 02 88 0A (19)
                              [N4:Y] TPOS 'E' 255 253 79 181 (-176203)
2026-04-23 10:29:43:914 [IN ] C8 24 09 0E 25 A5 09 01 31 06 81 45 FF E7 5C 13 5C F0 0A (19)
                              [N9:P] TPOS 'E' 255 231 92 19 (-1614829)
2026-04-23 10:29:44:341 [OUT] 25 A5 01 09 31 05 81 FF FF D9 C8 60 BE (13)
                              [N9:P] TPOS 255 255 217 200 (-9784)
2026-04-23 10:29:44:527 [IN ] C8 24 09 0E 25 A5 09 01 31 06 81 53 FF E7 5C 19 70 3C 0A (19)
                              [N9:P] TPOS 'S' 255 231 92 25 (-1614823)
2026-04-23 10:29:47:738 [IN ] C8 24 0C 0B 25 A5 0C 01 31 03 81 5A 4C 68 DE 19 C8 24 0C 0A 25 A5 0C 01 31 02 81 49 0A 62 DE (31)
                              [N12:Z] TPOS 'Z' 76 (76)
                              [N12:Z] TPOS 'I'
2026-04-23 10:29:47:940 [IN ] C8 24 06 0E 25 A5 06 01 31 06 81 45 00 19 86 64 07 11 0A (19)
                              [N6:H] TPOS 'E' 0 25 134 100 (1672804)
2026-04-23 10:29:47:961 [OUT] 25 A5 01 0C 31 03 C9 3D 09 50 2E (11)
                              [N12:Z] LFLAG '=' 9 (9)
2026-04-23 10:29:48:025 [OUT] 25 A5 01 06 31 05 81 00 0D 03 C1 8F 21 (13)
                              [N6:H] TPOS 0 13 3 193 (852929)
2026-04-23 10:29:48:128 [IN ] C8 24 0C 0B 25 A5 0C 01 31 03 C9 3A 09 4D 33 64 (16)
                              [N12:Z] LFLAG ':' 9 (9)
2026-04-23 10:29:48:149 [OUT] 25 A5 01 0C 31 05 81 FF BC D0 00 4F 33 (13)
                              [N12:Z] TPOS 255 188 208 0 (-4403200)
2026-04-23 10:29:48:273 [IN ] C8 24 06 0E 25 A5 06 01 31 06 81 53 00 19 86 65 16 58 0A (19)
                              [N6:H] TPOS 'S' 0 25 134 101 (1672805)
2026-04-23 10:29:48:396 [IN ] C8 24 0C 0E 25 A5 0C 01 31 06 81 53 FF FF FF 4A 5F 19 0A (19)
                              [N12:Z] TPOS 'S' 255 255 255 74 (-182)
2026-04-23 10:29:51:404 [IN ] C8 24 03 0E 25 A5 03 01 31 06 81 45 FF FD 50 8C D9 57 0A (19)
                              [N3:X] TPOS 'E' 255 253 80 140 (-175988)
2026-04-23 10:29:52:007 [IN ] C8 24 06 0E 25 A5 06 01 31 06 81 45 00 0C FF 29 38 A1 0A (19)
                              [N6:H] TPOS 'E' 0 12 255 41 (851753)
2026-04-23 10:29:52:234 [OUT] 25 A5 01 05 31 02 D8 3F 50 D8 (10)
                              [N5:V] INTERRUPT '?'
2026-04-23 10:29:52:536 [IN ] C8 24 05 0C 25 A5 05 01 31 04 D8 3A 01 01 4F 7A 38 (17)
                              [N5:V] INTERRUPT ':' 1 1 (257)
2026-04-23 10:29:52:557 [OUT] 25 A5 01 05 31 03 C9 3D 0B 4B 06 (11)
                              [N5:V] LFLAG '=' 11 (11)
2026-04-23 10:29:52:600 [IN ] C8 24 07 0B 25 A5 07 01 31 03 81 5A 4C 63 BB 7A (16)
                              [N7:N] TPOS 'Z' 76 (76)
2026-04-23 10:29:52:644 [IN ] C8 24 07 0A 25 A5 07 01 31 02 81 49 05 44 BB (15)
                              [N7:N] TPOS 'I'
2026-04-23 10:29:52:690 [OUT] 25 A5 01 07 31 03 C9 3D 09 4B 10 (11)
                              [N7:N] LFLAG '=' 9 (9)
2026-04-23 10:29:52:713 [IN ] C8 24 05 0B 25 A5 05 01 31 03 C9 3A 0B 48 04 7A (16)
                              [N5:V] LFLAG ':' 11 (11)
2026-04-23 10:29:52:735 [OUT] 25 A5 01 05 31 03 88 FF B0 71 6C (11)
                              [N5:V] RUN 255 176 (-80)
2026-04-23 10:29:52:858 [IN ] C8 24 07 0B 25 A5 07 01 31 03 C9 3A 09 48 10 7A (16)
                              [N7:N] LFLAG ':' 9 (9)
2026-04-23 10:29:52:879 [OUT] 25 A5 01 07 31 05 81 FF AB 19 75 F7 DF (13)
                              [N7:N] TPOS 255 171 25 117 (-5564043)
2026-04-23 10:29:52:962 [IN ] C8 24 05 0C 25 A5 05 01 31 04 88 53 FF B0 C5 30 38 (17)
                              [N5:V] RUN 'S' 255 176 (-80)
2026-04-23 10:29:53:106 [IN ] C8 24 07 0E 25 A5 07 01 31 06 81 53 FF FF FF FF 0F 9C 0A (19)
                              [N7:N] TPOS 'S' 255 255 255 255 (-1)
2026-04-23 10:29:54:109 [IN ] C8 24 09 0E 25 A5 09 01 31 06 81 45 FF FF DA EC CB 0D 0A (19)
                              [N9:P] TPOS 'E' 255 255 218 236 (-9492)
2026-04-23 10:29:54:333 [OUT] 25 A5 01 08 31 02 D8 3F 53 E7 (10)
                              [N8:R] INTERRUPT '?'
2026-04-23 10:29:54:634 [IN ] C8 24 08 0C 25 A5 08 01 31 04 D8 3A 01 01 52 92 CB (17)
                              [N8:R] INTERRUPT ':' 1 1 (257)
2026-04-23 10:29:54:656 [OUT] 25 A5 01 08 31 03 CA 3D 0B 4F 1B (11)
                              [N8:R] RFLAG '=' 11 (11)
2026-04-23 10:29:54:821 [IN ] C8 24 08 0B 25 A5 08 01 31 03 CA 3A 0B 4C 1C 92 (16)
                              [N8:R] RFLAG ':' 11 (11)
2026-04-23 10:29:54:842 [OUT] 25 A5 01 08 31 03 88 00 50 15 20 (11)
                              [N8:R] RUN 0 80 (80)
2026-04-23 10:29:55:006 [IN ] C8 24 08 0C 25 A5 08 01 31 04 88 53 00 50 69 EA CB (17)
                              [N8:R] RUN 'S' 0 80 (80)
2026-04-23 10:29:57:816 [IN ] C8 24 05 0B 25 A5 05 01 31 03 81 5A 4C 61 AD EA (16)
                              [N5:V] TPOS 'Z' 76 (76)
2026-04-23 10:29:58:022 [IN ] C8 24 05 0A 25 A5 05 01 31 02 81 49 03 38 AD (15)
                              [N5:V] TPOS 'I'
2026-04-23 10:29:58:245 [OUT] 25 A5 01 05 31 03 C9 3D 09 49 04 (11)
                              [N5:V] LFLAG '=' 9 (9)
2026-04-23 10:29:58:391 [IN ] C8 24 05 0B 25 A5 05 01 31 03 C9 3A 09 46 02 EA (16)
                              [N5:V] LFLAG ':' 9 (9)
2026-04-23 10:29:58:412 [OUT] 25 A5 01 05 31 03 84 00 50 0E 02 (11)
                              [N5:V] VEL 0 80 (80)
2026-04-23 10:29:58:576 [IN ] C8 24 05 0C 25 A5 05 01 31 04 84 53 00 50 62 C2 CB (17)
                              [N5:V] VEL 'S' 0 80 (80)
2026-04-23 10:29:58:598 [OUT] 25 A5 01 05 31 05 81 00 19 82 3C 94 B6 (13)
                              [N5:V] TPOS 0 25 130 60 (1671740)
2026-04-23 10:29:58:804 [IN ] C8 24 05 0E 25 A5 05 01 31 06 81 53 00 00 00 01 12 93 0A (19)
                              [N5:V] TPOS 'S' 0 0 0 1 (1)
2026-04-23 10:30:07:026 [IN ] C8 24 05 0E 25 A5 05 01 31 06 81 45 00 19 85 5E FF FF 0A (19)
                              [N5:V] TPOS 'E' 0 25 133 94 (1672542)
2026-04-23 10:30:07:451 [OUT] 25 A5 01 05 31 05 81 00 0D 03 C1 8E 19 (13)
                              [N5:V] TPOS 0 13 3 193 (852929)
2026-04-23 10:30:07:656 [IN ] C8 24 05 0E 25 A5 05 01 31 06 81 53 00 19 85 5E 0D 45 0A (19)
                              [N5:V] TPOS 'S' 0 25 133 94 (1672542)
2026-04-23 10:30:08:860 [IN ] C8 24 08 0B 25 A5 08 01 31 03 81 5A 52 6A C8 5E C8 24 08 0A 25 A5 08 01 31 02 81 49 06 4A C8 (31)
                              [N8:R] TPOS 'Z' 82 (82)
                              [N8:R] TPOS 'I'
2026-04-23 10:30:09:082 [OUT] 25 A5 01 08 31 03 CA 3D 09 4D 19 (11)
                              [N8:R] RFLAG '=' 9 (9)
2026-04-23 10:30:09:247 [IN ] C8 24 08 0B 25 A5 08 01 31 03 CA 3A 09 4A 1A 5E (16)
                              [N8:R] RFLAG ':' 9 (9)
2026-04-23 10:30:09:269 [OUT] 25 A5 01 08 31 05 81 FF DC 77 1D 2F DE (13)
                              [N8:R] TPOS 255 220 119 29 (-2328803)
2026-04-23 10:30:09:475 [IN ] C8 24 08 0E 25 A5 08 01 31 06 81 53 FF FF FF E7 F8 8E 0A (19)
                              [N8:R] TPOS 'S' 255 255 255 231 (-25)
2026-04-23 10:30:12:885 [IN ] C8 24 05 0E 25 A5 05 01 31 06 81 45 00 0D 02 7A 8C F1 0A (19)
                              [N5:V] TPOS 'E' 0 13 2 122 (852602)
2026-04-23 10:30:13:109 [OUT] 25 A5 01 03 31 05 81 FF ED B1 30 88 70 (13)
                              [N3:X] TPOS 255 237 177 48 (-1199824)
2026-04-23 10:30:13:132 [OUT] 25 A5 01 04 31 05 81 FF F3 BD 0C 77 7E (13)
                              [N4:Y] TPOS 255 243 189 12 (-803572)
2026-04-23 10:30:13:317 [IN ] C8 24 03 0E 25 A5 03 01 31 06 81 53 FF FD 50 89 E4 9A 0A (19)
                              [N3:X] TPOS 'S' 255 253 80 137 (-175991)
2026-04-23 10:30:13:420 [IN ] C8 24 04 0E 25 A5 04 01 31 06 81 53 FF FD 4F B5 10 CE 0A (19)
                              [N4:Y] TPOS 'S' 255 253 79 181 (-176203)
2026-04-23 10:30:16:047 [OUT] 25 A5 01 0C 31 01 82 C1 4C (9)
                              [N12:Z] GETPOS
2026-04-23 10:30:16:069 [OUT] 25 A5 01 03 31 01 82 B8 28 (9)
                              [N3:X] GETPOS
2026-04-23 10:30:16:091 [OUT] 25 A5 01 04 31 01 82 B9 2C (9)
                              [N4:Y] GETPOS
2026-04-23 10:30:16:113 [OUT] 25 A5 01 07 31 01 82 BC 38 (9)
                              [N7:N] GETPOS
2026-04-23 10:30:16:135 [OUT] 25 A5 01 08 31 01 82 BD 3C (9)
                              [N8:R] GETPOS
2026-04-23 10:30:16:199 [IN ] C8 24 0C 0D 25 A5 0C 01 31 05 82 FF C2 87 5A 67 1D CE (18)
                              [N12:Z] GETPOS 255 194 135 90 (-4028582)
2026-04-23 10:30:16:302 [IN ] C8 24 03 0D 25 A5 03 01 31 05 82 FF F4 34 7B 5E DD CE (18)
                              [N3:X] GETPOS 255 244 52 123 (-772997)
2026-04-23 10:30:16:385 [IN ] C8 24 04 0D 25 A5 04 01 31 05 82 FF F4 E7 54 EB 25 CE (18)
                              [N4:Y] GETPOS 255 244 231 84 (-727212)
2026-04-23 10:30:16:468 [IN ] C8 24 07 0D 25 A5 07 01 31 05 82 FF B0 FD 5E CA AA CE (18)
                              [N7:N] GETPOS 255 176 253 94 (-5178018)
2026-04-23 10:30:16:551 [IN ] C8 24 08 0D 25 A5 08 01 31 05 82 FF EC 8B 1C 53 41 CE (18)
                              [N8:R] GETPOS 255 236 139 28 (-1275108)
2026-04-23 10:30:16:953 [IN ] C8 24 04 0E 25 A5 04 01 31 06 81 45 FF F3 BA A7 55 32 0A (19)
                              [N4:Y] TPOS 'E' 255 243 186 167 (-804185)
