2026-04-23 16:01:38:913 [OUT] 25 A5 01 0A 31 05 D6 3D FF 00 00 53 ED (13)
                              [N10:HMI] HMILED '=' 255 0 0 (16711680)
2026-04-23 16:01:38:937 [OUT] 25 A5 01 03 31 02 D8 3F 4E CE (10)
                              [N3:X] INTERRUPT '?'
2026-04-23 16:01:39:238 [IN ] C8 24 0A 0D 25 A5 0A 01 31 05 D6 3A FF 00 00 50 EA B2 C8 24 03 0C 25 A5 03 01 31 04 D8 3A 01 01 4D 6A EA (35)
                              [N10:HMI] HMILED ':' 255 0 0 (16711680)
                              [N3:X] INTERRUPT ':' 1 1 (257)
2026-04-23 16:01:39:259 [OUT] 25 A5 01 09 31 03 C9 3D 09 4D 1C (11)
                              [N9:P] LFLAG '=' 9 (9)
2026-04-23 16:01:39:282 [OUT] 25 A5 01 04 31 02 D8 3F 4F D3 (10)
                              [N4:Y] INTERRUPT '?'
2026-04-23 16:01:39:584 [IN ] C8 24 09 0B 25 A5 09 01 31 03 C9 3A 09 4A 1E 6A C8 24 04 0C 25 A5 04 01 31 04 D8 3A 01 01 4E 72 EA (33)
                              [N9:P] LFLAG ':' 9 (9)
                              [N4:Y] INTERRUPT ':' 1 1 (257)
2026-04-23 16:01:39:605 [OUT] 25 A5 01 09 31 03 CA 3D 09 4E 1F (11)
                              [N9:P] RFLAG '=' 9 (9)
2026-04-23 16:01:39:627 [OUT] 25 A5 01 0C 31 02 D8 3F 57 FB (10)
                              [N12:Z] INTERRUPT '?'
2026-04-23 16:01:39:928 [IN ] C8 24 09 0B 25 A5 09 01 31 03 CA 3A 09 4B 21 72 C8 24 0C 0C 25 A5 0C 01 31 04 D8 3A 01 01 56 B2 EA (33)
                              [N9:P] RFLAG ':' 9 (9)
                              [N12:Z] INTERRUPT ':' 1 1 (257)
2026-04-23 16:01:39:949 [OUT] 25 A5 01 08 31 03 C9 3D 09 4C 16 (11)
                              [N8:R] LFLAG '=' 9 (9)
2026-04-23 16:01:39:972 [OUT] 25 A5 01 03 31 03 C9 3D 0B 49 FA (11)
                              [N3:X] LFLAG '=' 11 (11)
2026-04-23 16:01:39:995 [OUT] 25 A5 01 04 31 03 C9 3D 0B 4A 00 (11)
                              [N4:Y] LFLAG '=' 11 (11)
2026-04-23 16:01:40:018 [OUT] 25 A5 01 0C 31 03 C9 3D 0B 52 30 (11)
                              [N12:Z] LFLAG '=' 11 (11)
2026-04-23 16:01:40:122 [IN ] C8 24 08 0B 25 A5 08 01 31 03 C9 3A 09 49 17 B2 (16)
                              [N8:R] LFLAG ':' 9 (9)
2026-04-23 16:01:40:143 [OUT] 25 A5 01 08 31 03 CA 3D 09 4D 19 (11)
                              [N8:R] RFLAG '=' 9 (9)
2026-04-23 16:01:40:206 [IN ] C8 24 03 0B 25 A5 03 01 31 03 (10)
2026-04-23 16:01:40:227 [IN ] C9 3A 0B 46 F6 B2 (6)
                              [N3:X] LFLAG ':' 11 (11)
2026-04-23 16:01:40:249 [OUT] 25 A5 01 03 31 03 88 00 50 10 02 (11)
                              [N3:X] RUN 0 80 (80)
2026-04-23 16:01:40:334 [IN ] C8 24 04 0B 25 A5 04 01 31 03 C9 3A 0B 47 FD B2 (16)
                              [N4:Y] LFLAG ':' 11 (11)
2026-04-23 16:01:40:357 [OUT] 25 A5 01 04 31 03 88 00 50 11 08 (11)
                              [N4:Y] RUN 0 80 (80)
2026-04-23 16:01:40:444 [IN ] C8 24 0C 0B 25 A5 0C 01 31 03 C9 3A 0B 4F 35 B2 (16)
                              [N12:Z] LFLAG ':' 11 (11)
2026-04-23 16:01:40:467 [OUT] 25 A5 01 0C 31 03 88 00 5A 23 42 (11)
                              [N12:Z] RUN 0 90 (90)
2026-04-23 16:01:40:573 [IN ] C8 24 08 0B 25 A5 08 01 31 03 CA 3A 09 4A 1A B2 (16)
                              [N8:R] RFLAG ':' 9 (9)
2026-04-23 16:01:40:657 [IN ] C8 24 03 0C 25 A5 03 01 31 04 88 53 00 50 64 C2 EA (17)
                              [N3:X] RUN 'S' 0 80 (80)
2026-04-23 16:01:40:782 [IN ] C8 24 04 0C 25 A5 04 01 31 04 88 53 00 50 65 CA EA (17)
                              [N4:Y] RUN 'S' 0 80 (80)
2026-04-23 16:01:40:886 [IN ] C8 24 0C 0C 25 A5 0C (7)
2026-04-23 16:01:40:907 [IN ] 01 31 04 88 53 00 5A 77 14 EA (10)
                              [N12:Z] RUN 'S' 0 90 (90)
2026-04-23 16:01:47:328 [IN ] C8 24 04 0B 25 A5 04 01 31 03 81 5A 4C 60 A6 14 (16)
                              [N4:Y] TPOS 'Z' 76 (76)
2026-04-23 16:01:47:532 [IN ] C8 24 04 0A 25 A5 04 01 31 02 81 49 02 32 A6 (15)
                              [N4:Y] TPOS 'I'
2026-04-23 16:01:47:757 [OUT] 25 A5 01 09 31 02 D8 3F 54 EC (10)
                              [N9:P] INTERRUPT '?'
2026-04-23 16:01:48:059 [IN ] C8 24 09 0C 25 A5 09 01 31 04 D8 3A 01 01 53 9A EA (17)
                              [N9:P] INTERRUPT ':' 1 1 (257)
2026-04-23 16:01:48:080 [OUT] 25 A5 01 04 31 03 C9 3D 09 48 FE (11)
                              [N4:Y] LFLAG '=' 9 (9)
2026-04-23 16:01:48:101 [OUT] 25 A5 01 07 31 02 D8 3F 52 E2 (10)
                              [N7:N] INTERRUPT '?'
2026-04-23 16:01:48:403 [IN ] C8 24 04 0B 25 A5 04 01 31 03 C9 3A 09 45 FB 9A C8 24 07 0C 25 A5 07 01 31 04 D8 3A 01 01 51 8A EA (33)
                              [N4:Y] LFLAG ':' 9 (9)
                              [N7:N] INTERRUPT ':' 1 1 (257)
2026-04-23 16:01:48:425 [OUT] 25 A5 01 09 31 03 C9 3D 0B 4F 1E (11)
                              [N9:P] LFLAG '=' 11 (11)
2026-04-23 16:01:48:448 [OUT] 25 A5 01 07 31 03 C9 3D 0B 4D 12 (11)
                              [N7:N] LFLAG '=' 11 (11)
2026-04-23 16:01:48:594 [IN ] C8 24 09 0B 25 A5 09 01 31 03 C9 3A 0B 4C 20 8A (16)
                              [N9:P] LFLAG ':' 11 (11)
2026-04-23 16:01:48:617 [OUT] 25 A5 01 09 31 03 88 00 50 16 26 (11)
                              [N9:P] RUN 0 80 (80)
2026-04-23 16:01:48:703 [IN ] C8 24 07 0B 25 A5 07 01 31 03 C9 3A 0B 4A 12 8A (16)
                              [N7:N] LFLAG ':' 11 (11)
2026-04-23 16:01:48:725 [OUT] 25 A5 01 07 31 03 88 00 50 14 1A (11)
                              [N7:N] RUN 0 80 (80)
2026-04-23 16:01:48:810 [IN ] C8 24 09 0C 25 A5 09 01 31 04 88 53 00 50 6A F2 EA (17)
                              [N9:P] RUN 'S' 0 80 (80)
2026-04-23 16:01:48:874 [IN ] C8 24 09 0B 25 A5 09 01 31 03 81 5A 4C 65 C9 F2 (16)
                              [N9:P] TPOS 'Z' 76 (76)
2026-04-23 16:01:48:896 [IN ] C8 24 09 0A 25 A5 09 01 31 02 81 49 07 50 C9 (15)
                              [N9:P] TPOS 'I'
2026-04-23 16:01:48:925 [IN ] C8 24 07 0C 25 A5 07 01 31 04 88 53 00 50 68 E2 EA (17)
                              [N7:N] RUN 'S' 0 80 (80)
2026-04-23 16:01:48:947 [OUT] 25 A5 01 09 31 03 C9 3D 09 4D 1C (11)
                              [N9:P] LFLAG '=' 9 (9)
2026-04-23 16:01:48:968 [OUT] 25 A5 01 04 31 05 81 FF EE 88 01 32 FA (13)
                              [N4:Y] TPOS 255 238 136 1 (-1144831)
2026-04-23 16:01:49:113 [IN ] C8 24 09 0B 25 A5 09 01 31 03 C9 3A 09 4A 1E E2 (16)
                              [N9:P] LFLAG ':' 9 (9)
2026-04-23 16:01:49:238 [IN ] C8 24 04 0E 25 A5 04 01 31 06 81 53 00 00 00 00 10 88 0A (19)
                              [N4:Y] TPOS 'S' 0 0 0 0 (0)
2026-04-23 16:01:49:841 [IN ] C8 24 03 0B 25 A5 03 01 31 03 81 5A 4C 5F 9F 00 (16)
                              [N3:X] TPOS 'Z' 76 (76)
2026-04-23 16:01:50:044 [IN ] C8 24 03 0A 25 A5 03 01 31 02 81 49 01 2C 9F (15)
                              [N3:X] TPOS 'I'
2026-04-23 16:01:50:266 [OUT] 25 A5 01 03 31 03 C9 3D 09 47 F8 (11)
                              [N3:X] LFLAG '=' 9 (9)
2026-04-23 16:01:50:434 [IN ] C8 24 03 0B 25 A5 03 01 31 03 C9 3A 09 44 F4 00 (16)
                              [N3:X] LFLAG ':' 9 (9)
2026-04-23 16:01:52:845 [IN ] C8 24 07 0B 25 A5 07 01 31 03 81 5A 4C 63 BB 00 C8 24 07 0A 25 A5 07 01 31 02 81 49 05 44 BB (31)
                              [N7:N] TPOS 'Z' 76 (76)
                              [N7:N] TPOS 'I'
2026-04-23 16:01:53:068 [OUT] 25 A5 01 07 31 03 C9 3D 09 4B 10 (11)
                              [N7:N] LFLAG '=' 9 (9)
2026-04-23 16:01:53:233 [IN ] C8 24 07 0B 25 A5 07 01 31 03 C9 3A 09 48 10 00 (16)
                              [N7:N] LFLAG ':' 9 (9)
2026-04-23 16:01:55:441 [IN ] C8 24 04 0E 25 A5 04 01 31 06 81 45 FF EE 85 89 FD 9B 0A (19)
                              [N4:Y] TPOS 'E' 255 238 133 137 (-1145463)
2026-04-23 16:01:55:666 [OUT] 25 A5 01 09 31 05 81 FF E7 5D 56 5A 0C (13)
                              [N9:P] TPOS 255 231 93 86 (-1614506)
2026-04-23 16:01:55:688 [OUT] 25 A5 01 04 31 05 81 FF FD 50 01 09 B7 (13)
                              [N4:Y] TPOS 255 253 80 1 (-176127)
2026-04-23 16:01:55:713 [OUT] 25 A5 01 07 31 05 81 FF AB 19 75 F7 DF (13)
                              [N7:N] TPOS 255 171 25 117 (-5564043)
2026-04-23 16:01:55:736 [OUT] 25 A5 01 03 31 05 81 FF EC 4A AB 9B 1A (13)
                              [N3:X] TPOS 255 236 74 171 (-1291605)
2026-04-23 16:01:55:762 [OUT] 25 A5 01 06 31 02 D8 3F 51 DD (10)
                              [N6:H] INTERRUPT '?'
2026-04-23 16:01:56:065 [IN ] C8 24 09 0E 25 A5 09 01 31 06 81 53 FF FF FF FC 0E AD 0A C8 24 04 0E 25 A5 04 01 31 06 81 53 FF EE 85 89 0B E1 0A (38)
                              [N9:P] TPOS 'S' 255 255 255 252 (-4)
                              [N4:Y] TPOS 'S' 255 238 133 137 (-1145463)
2026-04-23 16:01:56:366 [IN ] C8 24 07 0E 25 A5 07 01 31 06 81 53 FF FF FF FE 0E 9B 0A C8 24 03 0E 25 A5 03 01 31 06 81 53 00 00 00 00 0F 7E 0A C8 24 06 0C 25 A5 06 01 31 04 D8 3A 01 01 50 82 0F (55)
                              [N7:N] TPOS 'S' 255 255 255 254 (-2)
                              [N3:X] TPOS 'S' 0 0 0 0 (0)
                              [N6:H] INTERRUPT ':' 1 1 (257)
2026-04-23 16:01:56:389 [OUT] 25 A5 01 06 31 03 C9 3D 0B 4C 0C (11)
                              [N6:H] LFLAG '=' 11 (11)
2026-04-23 16:01:56:535 [IN ] C8 24 06 0B 25 A5 06 01 31 03 C9 3A 0B 49 0B 82 (16)
                              [N6:H] LFLAG ':' 11 (11)
2026-04-23 16:01:56:556 [OUT] 25 A5 01 06 31 03 88 FF B0 72 72 (11)
                              [N6:H] RUN 255 176 (-80)
2026-04-23 16:01:56:721 [IN ] C8 24 06 0C 25 A5 06 01 31 04 88 53 FF B0 C6 38 0F (17)
                              [N6:H] RUN 'S' 255 176 (-80)
2026-04-23 16:01:57:732 [IN ] C8 24 0C 0B 25 A5 0C 01 31 03 81 5A 4C 68 DE 38 C8 24 0C 0A 25 A5 0C 01 31 02 81 49 0A 62 DE (31)
                              [N12:Z] TPOS 'Z' 76 (76)
                              [N12:Z] TPOS 'I'
2026-04-23 16:01:57:956 [OUT] 25 A5 01 0C 31 03 C9 3D 09 50 2E (11)
                              [N12:Z] LFLAG '=' 9 (9)
2026-04-23 16:01:58:104 [IN ] C8 24 0C 0B 25 A5 0C 01 31 03 C9 3A 09 4D 33 38 (16)
                              [N12:Z] LFLAG ':' 9 (9)
2026-04-23 16:01:58:126 [OUT] 25 A5 01 0C 31 05 81 FF BC D0 00 4F 33 (13)
                              [N12:Z] TPOS 255 188 208 0 (-4403200)
2026-04-23 16:01:58:312 [IN ] C8 24 0C 0E 25 A5 0C 01 31 06 81 53 FF FF FF 3A 4F 09 0A (19)
                              [N12:Z] TPOS 'S' 255 255 255 58 (-198)
2026-04-23 16:02:00:722 [IN ] C8 24 06 0B 25 A5 06 01 31 03 81 5A 4C 62 B4 3A C8 24 06 0A 25 A5 06 01 31 02 81 49 04 3E B4 (31)
                              [N6:H] TPOS 'Z' 76 (76)
                              [N6:H] TPOS 'I'
2026-04-23 16:02:00:946 [OUT] 25 A5 01 06 31 03 C9 3D 09 4A 0A (11)
                              [N6:H] LFLAG '=' 9 (9)
2026-04-23 16:02:01:112 [IN ] C8 24 06 0B 25 A5 06 01 31 03 C9 3A 09 47 09 3A (16)
                              [N6:H] LFLAG ':' 9 (9)
2026-04-23 16:02:01:135 [OUT] 25 A5 01 06 31 03 84 00 50 0F 08 (11)
                              [N6:H] VEL 0 80 (80)
2026-04-23 16:02:01:302 [IN ] C8 24 06 0C 25 A5 06 01 31 04 84 53 00 50 63 CA 4F (17)
                              [N6:H] VEL 'S' 0 80 (80)
2026-04-23 16:02:01:325 [OUT] 25 A5 01 06 31 05 81 00 19 82 3C 95 BE (13)
                              [N6:H] TPOS 0 25 130 60 (1671740)
2026-04-23 16:02:01:491 [IN ] C8 24 06 0E 25 A5 (6)
2026-04-23 16:02:01:513 [IN ] 06 01 31 06 81 53 00 00 00 03 15 9F 0A (13)
                              [N6:H] TPOS 'S' 0 0 0 3 (3)
2026-04-23 16:02:02:720 [IN ] C8 24 03 0E 25 A5 03 01 31 06 81 45 FF EC 47 C3 F6 49 0A (19)
                              [N3:X] TPOS 'E' 255 236 71 195 (-1292349)
2026-04-23 16:02:03:145 [OUT] 25 A5 01 03 31 05 81 FF FD 50 01 08 AF (13)
                              [N3:X] TPOS 255 253 80 1 (-176127)
2026-04-23 16:02:03:312 [IN ] C8 24 03 0E 25 A5 03 01 31 06 81 53 FF EC 47 C3 04 8F 0A (19)
                              [N3:X] TPOS 'S' 255 236 71 195 (-1292349)
2026-04-23 16:02:04:316 [IN ] C8 24 04 0E 25 A5 04 01 31 06 81 45 FF FD 4F B8 05 8B 0A (19)
                              [N4:Y] TPOS 'E' 255 253 79 184 (-176200)
2026-04-23 16:02:05:522 [IN ] C8 24 09 0E 25 A5 09 01 31 06 81 45 FF E7 5B D9 21 B4 0A (19)
                              [N9:P] TPOS 'E' 255 231 91 217 (-1614887)
2026-04-23 16:02:05:948 [OUT] 25 A5 01 09 31 05 81 FF FF D9 C8 60 BE (13)
                              [N9:P] TPOS 255 255 217 200 (-9784)
2026-04-23 16:02:06:137 [IN ] C8 24 09 0E 25 A5 09 01 31 06 81 53 FF E7 5B DF 35 00 0A (19)
                              [N9:P] TPOS 'S' 255 231 91 223 (-1614881)
2026-04-23 16:02:09:347 [IN ] C8 24 06 0E 25 A5 06 01 31 06 81 45 00 19 86 61 04 0E 0A (19)
                              [N6:H] TPOS 'E' 0 25 134 97 (1672801)
2026-04-23 16:02:09:773 [OUT] 25 A5 01 06 31 05 81 00 0D 03 C1 8F 21 (13)
                              [N6:H] TPOS 0 13 3 193 (852929)
2026-04-23 16:02:09:961 [IN ] C8 24 06 0E 25 A5 06 01 31 06 81 53 00 19 86 61 12 54 0A (19)
                              [N6:H] TPOS 'S' 0 25 134 97 (1672801)
2026-04-23 16:02:12:370 [IN ] C8 24 03 0E 25 A5 03 01 31 06 81 45 FF FD 50 D4 21 9F 0A (19)
                              [N3:X] TPOS 'E' 255 253 80 212 (-175916)
2026-04-23 16:02:13:776 [IN ] C8 24 06 0E 25 A5 06 01 31 06 81 45 00 0C FF 2A 39 A2 0A (19)
                              [N6:H] TPOS 'E' 0 12 255 42 (851754)
2026-04-23 16:02:14:001 [OUT] 25 A5 01 05 31 02 D8 3F 50 D8 (10)
                              [N5:V] INTERRUPT '?'
2026-04-23 16:02:14:303 [IN ] C8 24 05 0C 25 A5 05 01 31 04 D8 3A 01 01 4F 7A 39 (17)
                              [N5:V] INTERRUPT ':' 1 1 (257)
2026-04-23 16:02:14:326 [OUT] 25 A5 01 05 31 03 C9 3D 0B 4B 06 (11)
                              [N5:V] LFLAG '=' 11 (11)
2026-04-23 16:02:14:471 [IN ] C8 24 05 0B 25 A5 05 01 31 (9)
2026-04-23 16:02:14:495 [IN ] 03 C9 3A 0B 48 04 7A (7)
                              [N5:V] LFLAG ':' 11 (11)
2026-04-23 16:02:14:520 [OUT] 25 A5 01 05 31 03 88 FF B0 71 6C (11)
                              [N5:V] RUN 255 176 (-80)
2026-04-23 16:02:14:687 [IN ] C8 24 05 0C 25 A5 05 01 31 04 88 53 FF B0 C5 30 39 (17)
                              [N5:V] RUN 'S' 255 176 (-80)
2026-04-23 16:02:16:092 [IN ] C8 24 09 0E 25 A5 09 01 31 06 81 45 FF FF DA B8 97 D9 0A (19)
                              [N9:P] TPOS 'E' 255 255 218 184 (-9544)
2026-04-23 16:02:16:315 [OUT] 25 A5 01 08 31 02 D8 3F 53 E7 (10)
                              [N8:R] INTERRUPT '?'
2026-04-23 16:02:16:617 [IN ] C8 24 08 0C 25 A5 08 01 31 04 D8 3A 01 01 52 92 97 (17)
                              [N8:R] INTERRUPT ':' 1 1 (257)
2026-04-23 16:02:16:638 [OUT] 25 A5 01 08 31 03 CA 3D 0B 4F 1B (11)
                              [N8:R] RFLAG '=' 11 (11)
2026-04-23 16:02:16:805 [IN ] C8 24 08 0B 25 A5 08 01 31 03 CA 3A 0B 4C 1C 92 (16)
                              [N8:R] RFLAG ':' 11 (11)
2026-04-23 16:02:16:827 [OUT] 25 A5 01 08 31 03 88 00 50 15 20 (11)
                              [N8:R] RUN 0 80 (80)
2026-04-23 16:02:16:993 [IN ] C8 24 08 0C 25 A5 08 01 31 04 88 53 00 50 69 EA 97 (17)
                              [N8:R] RUN 'S' 0 80 (80)
2026-04-23 16:02:19:604 [IN ] C8 24 05 0B 25 A5 05 01 31 03 81 5A 4C 61 AD EA C8 24 05 0A 25 A5 05 01 31 02 81 49 03 38 AD (31)
                              [N5:V] TPOS 'Z' 76 (76)
                              [N5:V] TPOS 'I'
2026-04-23 16:02:19:828 [OUT] 25 A5 01 05 31 03 C9 3D 09 49 04 (11)
                              [N5:V] LFLAG '=' 9 (9)
2026-04-23 16:02:19:995 [IN ] C8 24 05 0B 25 A5 05 01 31 03 C9 3A 09 46 02 EA (16)
                              [N5:V] LFLAG ':' 9 (9)
2026-04-23 16:02:20:016 [OUT] 25 A5 01 05 31 03 84 00 50 0E 02 (11)
                              [N5:V] VEL 0 80 (80)
2026-04-23 16:02:20:202 [IN ] C8 24 05 0C 25 A5 05 01 31 04 84 53 00 50 62 C2 97 (17)
                              [N5:V] VEL 'S' 0 80 (80)
2026-04-23 16:02:20:224 [OUT] 25 A5 01 05 31 05 81 00 19 82 3C 94 B6 (13)
                              [N5:V] TPOS 0 25 130 60 (1671740)
2026-04-23 16:02:20:411 [IN ] C8 24 05 0E 25 A5 05 01 31 06 81 53 00 00 00 01 12 93 0A (19)
                              [N5:V] TPOS 'S' 0 0 0 1 (1)
2026-04-23 16:02:21:415 [IN ] C8 24 07 0E 25 A5 07 01 31 06 81 45 FF AB 15 28 EC AF 0A (19)
                              [N7:N] TPOS 'E' 255 171 21 40 (-5565144)
2026-04-23 16:02:21:841 [OUT] 25 A5 01 07 31 05 81 FF F3 35 BF A5 39 (13)
                              [N7:N] TPOS 255 243 53 191 (-838209)
2026-04-23 16:02:22:026 [IN ] C8 24 07 0E 25 A5 07 01 31 06 81 53 FF AB 15 28 FA F5 0A (19)
                              [N7:N] TPOS 'S' 255 171 21 40 (-5565144)
2026-04-23 16:02:22:830 [IN ] C8 24 0C 0E 25 A5 0C 01 31 06 81 45 FF BC CF 30 C4 90 0A (19)
                              [N12:Z] TPOS 'E' 255 188 207 48 (-4403408)
2026-04-23 16:02:23:257 [OUT] 25 A5 01 0C 31 05 81 FF D1 1A 67 15 6D (13)
                              [N12:Z] TPOS 255 209 26 103 (-3073433)
2026-04-23 16:02:23:443 [IN ] C8 24 0C 0E 25 A5 0C 01 31 06 81 53 FF BC CF 60 02 06 0A (19)
                              [N12:Z] TPOS 'S' 255 188 207 96 (-4403360)
2026-04-23 16:02:24:248 [IN ] C8 24 08 0B 25 A5 08 01 31 03 81 5A 52 6A C8 60 C8 24 08 0A 25 A5 08 01 31 02 81 49 06 4A C8 (31)
                              [N8:R] TPOS 'Z' 82 (82)
                              [N8:R] TPOS 'I'
2026-04-23 16:02:24:475 [OUT] 25 A5 01 08 31 03 CA 3D 09 4D 19 (11)
                              [N8:R] RFLAG '=' 9 (9)
2026-04-23 16:02:24:641 [IN ] C8 24 08 0B 25 A5 08 01 31 03 CA 3A 09 4A 1A 60 (16)
                              [N8:R] RFLAG ':' 9 (9)
2026-04-23 16:02:24:665 [OUT] 25 A5 01 08 31 05 81 FF DC 77 1D 2F DE (13)
                              [N8:R] TPOS 255 220 119 29 (-2328803)
2026-04-23 16:02:24:852 [IN ] C8 24 08 0E 25 A5 08 01 31 06 81 53 FF FF FF E7 F8 8E 0A (19)
                              [N8:R] TPOS 'S' 255 255 255 231 (-25)
2026-04-23 16:02:28:462 [IN ] C8 24 05 0E 25 A5 05 01 31 06 81 45 00 19 85 61 02 02 0A (19)
                              [N5:V] TPOS 'E' 0 25 133 97 (1672545)
2026-04-23 16:02:28:889 [OUT] 25 A5 01 05 31 05 81 00 0D 03 C1 8E 19 (13)
                              [N5:V] TPOS 0 13 3 193 (852929)
2026-04-23 16:02:29:056 [IN ] C8 24 05 0E 25 A5 05 01 31 06 (10)
2026-04-23 16:02:29:078 [IN ] 81 53 00 19 85 60 0F 47 0A (9)
                              [N5:V] TPOS 'S' 0 25 133 96 (1672544)
2026-04-23 16:02:30:283 [IN ] C8 24 0C 0E 25 A5 0C 01 31 06 81 45 FF D1 1C 1C 12 55 0A (19)
                              [N12:Z] TPOS 'E' 255 209 28 28 (-3072996)
2026-04-23 16:02:34:298 [IN ] C8 24 05 0E 25 A5 05 01 31 06 81 45 00 0D 02 30 42 A7 0A (19)
                              [N5:V] TPOS 'E' 0 13 2 48 (852528)
2026-04-23 16:02:34:525 [OUT] 25 A5 01 03 31 05 81 FF ED B1 30 88 70 (13)
                              [N3:X] TPOS 255 237 177 48 (-1199824)
2026-04-23 16:02:34:546 [OUT] 25 A5 01 04 31 05 81 FF F3 BD 0C 77 7E (13)
                              [N4:Y] TPOS 255 243 189 12 (-803572)
2026-04-23 16:02:34:712 [IN ] C8 24 03 0E 25 A5 03 01 31 06 81 53 FF FD 50 D1 2C E2 0A (19)
                              [N3:X] TPOS 'S' 255 253 80 209 (-175919)
2026-04-23 16:02:34:858 [IN ] C8 24 04 0E 25 A5 04 01 31 06 81 53 FF FD 4F B8 13 D1 0A (19)
                              [N4:Y] TPOS 'S' 255 253 79 184 (-176200)
2026-04-23 16:02:37:868 [IN ] C8 24 08 0E 25 A5 08 01 31 06 81 45 FF DC 74 E9 3E CB 0A (19)
                              [N8:R] TPOS 'E' 255 220 116 233 (-2329367)
2026-04-23 16:02:38:273 [IN ] C8 24 04 0E 25 A5 04 01 31 06 81 45 FF F3 BA 89 37 14 0A (19)
                              [N4:Y] TPOS 'E' 255 243 186 137 (-804215)
2026-04-23 16:02:38:294 [OUT] 25 A5 01 08 31 05 81 FF EE 15 56 18 89 (13)
                              [N8:R] TPOS 255 238 21 86 (-1174186)
2026-04-23 16:02:38:482 [IN ] C8 24 08 0E 25 A5 08 01 31 (9)
2026-04-23 16:02:38:503 [IN ] 06 81 53 FF DC 74 F8 5B 20 0A (10)
                              [N8:R] TPOS 'S' 255 220 116 248 (-2329352)
2026-04-23 16:02:39:909 [IN ] C8 24 03 0E 25 A5 03 01 31 06 81 45 FF ED AD 8E 28 E3 0A (19)
                              [N3:X] TPOS 'E' 255 237 173 142 (-1200754)
2026-04-23 16:02:43:322 [IN ] C8 24 07 0E 25 A5 07 01 31 06 81 45 FF F3 3A 0B 3C B4 0A (19)
                              [N7:N] TPOS 'E' 255 243 58 11 (-837109)
2026-04-23 16:02:45:332 [IN ] C8 24 08 0E 25 A5 08 01 31 06 81 45 FF EE 16 6B 74 C7 0A (19)
                              [N8:R] TPOS 'E' 255 238 22 107 (-1173909)
