2026-04-23 14:36:33:996 [OUT] 25 A5 01 0A 31 05 D6 3D FF 00 00 53 ED (13)
                              [N10:HMI] HMILED '=' 255 0 0 (16711680)
2026-04-23 14:36:34:020 [OUT] 25 A5 01 03 31 02 D8 3F 4E CE (10)
                              [N3:X] INTERRUPT '?'
2026-04-23 14:36:34:321 [IN ] C8 24 0A 0D 25 A5 0A 01 31 05 D6 3A FF 00 00 50 EA FA C8 24 03 0C 25 A5 03 01 31 04 D8 3A 01 01 4D 6A EA (35)
                              [N10:HMI] HMILED ':' 255 0 0 (16711680)
                              [N3:X] INTERRUPT ':' 1 1 (257)
2026-04-23 14:36:34:343 [OUT] 25 A5 01 09 31 03 C9 3D 09 4D 1C (11)
                              [N9:P] LFLAG '=' 9 (9)
2026-04-23 14:36:34:366 [OUT] 25 A5 01 04 31 02 D8 3F 4F D3 (10)
                              [N4:Y] INTERRUPT '?'
2026-04-23 14:36:34:668 [IN ] C8 24 09 0B 25 A5 09 01 31 03 C9 3A 09 4A 1E 6A C8 24 04 0C 25 A5 04 01 31 04 D8 3A 01 01 4E 72 EA (33)
                              [N9:P] LFLAG ':' 9 (9)
                              [N4:Y] INTERRUPT ':' 1 1 (257)
2026-04-23 14:36:34:689 [OUT] 25 A5 01 09 31 03 CA 3D 09 4E 1F (11)
                              [N9:P] RFLAG '=' 9 (9)
2026-04-23 14:36:34:712 [OUT] 25 A5 01 0C 31 02 D8 3F 57 FB (10)
                              [N12:Z] INTERRUPT '?'
2026-04-23 14:36:35:014 [IN ] C8 24 09 0B 25 A5 09 01 31 03 CA 3A 09 4B 21 72 C8 24 0C 0C 25 A5 0C 01 31 04 D8 3A 01 01 56 B2 EA (33)
                              [N9:P] RFLAG ':' 9 (9)
                              [N12:Z] INTERRUPT ':' 1 1 (257)
2026-04-23 14:36:35:035 [OUT] 25 A5 01 08 31 03 C9 3D 09 4C 16 (11)
                              [N8:R] LFLAG '=' 9 (9)
2026-04-23 14:36:35:057 [OUT] 25 A5 01 03 31 03 C9 3D 0B 49 FA (11)
                              [N3:X] LFLAG '=' 11 (11)
2026-04-23 14:36:35:078 [OUT] 25 A5 01 04 31 03 C9 3D 0B 4A 00 (11)
                              [N4:Y] LFLAG '=' 11 (11)
2026-04-23 14:36:35:100 [OUT] 25 A5 01 0C 31 03 C9 3D 0B 52 30 (11)
                              [N12:Z] LFLAG '=' 11 (11)
2026-04-23 14:36:35:204 [IN ] C8 24 08 0B 25 A5 08 01 31 03 C9 3A 09 49 17 B2 (16)
                              [N8:R] LFLAG ':' 9 (9)
2026-04-23 14:36:35:226 [OUT] 25 A5 01 08 31 03 CA 3D 09 4D 19 (11)
                              [N8:R] RFLAG '=' 9 (9)
2026-04-23 14:36:35:310 [IN ] C8 24 03 0B 25 A5 03 01 31 03 C9 3A 0B 46 F6 B2 (16)
                              [N3:X] LFLAG ':' 11 (11)
2026-04-23 14:36:35:333 [OUT] 25 A5 01 03 31 03 88 00 50 10 02 (11)
                              [N3:X] RUN 0 80 (80)
2026-04-23 14:36:35:417 [IN ] C8 24 04 0B 25 A5 04 01 31 03 C9 3A 0B 47 FD B2 (16)
                              [N4:Y] LFLAG ':' 11 (11)
2026-04-23 14:36:35:439 [OUT] 25 A5 01 04 31 03 88 00 50 11 08 (11)
                              [N4:Y] RUN 0 80 (80)
2026-04-23 14:36:35:522 [IN ] C8 24 0C 0B 25 A5 0C 01 (8)
2026-04-23 14:36:35:545 [IN ] 31 03 C9 3A 0B 4F 35 B2 (8)
                              [N12:Z] LFLAG ':' 11 (11)
2026-04-23 14:36:35:566 [OUT] 25 A5 01 0C 31 03 88 00 5A 23 42 (11)
                              [N12:Z] RUN 0 90 (90)
2026-04-23 14:36:35:648 [IN ] C8 24 08 0B 25 A5 08 01 31 03 CA 3A 09 4A 1A B2 (16)
                              [N8:R] RFLAG ':' 9 (9)
2026-04-23 14:36:35:754 [IN ] C8 24 03 0C 25 A5 03 01 31 04 88 53 00 50 64 C2 EA (17)
                              [N3:X] RUN 'S' 0 80 (80)
2026-04-23 14:36:35:857 [IN ] C8 24 04 0C 25 A5 04 01 31 04 88 53 00 50 65 CA EA (17)
                              [N4:Y] RUN 'S' 0 80 (80)
2026-04-23 14:36:35:961 [IN ] C8 24 0C 0C 25 A5 0C 01 31 04 88 53 00 5A 77 14 EA (17)
                              [N12:Z] RUN 'S' 0 90 (90)
2026-04-23 14:36:42:784 [IN ] C8 24 04 0B 25 A5 04 01 31 03 81 5A 4C 60 A6 14 C8 24 04 0A 25 A5 04 01 31 02 81 49 02 32 A6 (31)
                              [N4:Y] TPOS 'Z' 76 (76)
                              [N4:Y] TPOS 'I'
2026-04-23 14:36:43:007 [OUT] 25 A5 01 09 31 02 D8 3F 54 EC (10)
                              [N9:P] INTERRUPT '?'
2026-04-23 14:36:43:309 [IN ] C8 24 09 0C 25 A5 09 01 31 04 D8 3A 01 01 53 9A EA (17)
                              [N9:P] INTERRUPT ':' 1 1 (257)
2026-04-23 14:36:43:330 [OUT] 25 A5 01 04 31 03 C9 3D 09 48 FE (11)
                              [N4:Y] LFLAG '=' 9 (9)
2026-04-23 14:36:43:352 [OUT] 25 A5 01 07 31 02 D8 3F 52 E2 (10)
                              [N7:N] INTERRUPT '?'
2026-04-23 14:36:43:654 [IN ] C8 24 04 0B 25 A5 04 01 31 03 C9 3A 09 45 FB 9A C8 24 07 0C 25 A5 07 01 31 04 D8 3A 01 01 51 8A EA (33)
                              [N4:Y] LFLAG ':' 9 (9)
                              [N7:N] INTERRUPT ':' 1 1 (257)
2026-04-23 14:36:43:675 [OUT] 25 A5 01 09 31 03 C9 3D 0B 4F 1E (11)
                              [N9:P] LFLAG '=' 11 (11)
2026-04-23 14:36:43:697 [OUT] 25 A5 01 07 31 03 C9 3D 0B 4D 12 (11)
                              [N7:N] LFLAG '=' 11 (11)
2026-04-23 14:36:43:824 [IN ] C8 24 09 0B 25 A5 09 01 31 03 C9 3A 0B 4C 20 8A (16)
                              [N9:P] LFLAG ':' 11 (11)
2026-04-23 14:36:43:846 [OUT] 25 A5 01 09 31 03 88 00 50 16 26 (11)
                              [N9:P] RUN 0 80 (80)
2026-04-23 14:36:43:952 [IN ] C8 24 07 0B 25 A5 07 01 31 03 C9 3A 0B 4A 12 8A (16)
                              [N7:N] LFLAG ':' 11 (11)
2026-04-23 14:36:43:974 [OUT] 25 A5 01 07 31 03 88 00 50 14 1A (11)
                              [N7:N] RUN 0 80 (80)
2026-04-23 14:36:44:057 [IN ] C8 24 09 0C 25 A5 09 01 31 04 88 53 00 50 6A F2 EA (17)
                              [N9:P] RUN 'S' 0 80 (80)
2026-04-23 14:36:44:122 [IN ] C8 24 09 0B 25 A5 09 01 31 03 (10)
2026-04-23 14:36:44:147 [IN ] 81 5A 4C 65 C9 F2 (6)
                              [N9:P] TPOS 'Z' 76 (76)
2026-04-23 14:36:44:169 [IN ] C8 24 09 0A 25 A5 09 01 31 02 81 49 07 50 C9 (15)
                              [N9:P] TPOS 'I'
2026-04-23 14:36:44:191 [IN ] C8 24 07 0C 25 A5 07 01 31 04 88 53 00 50 68 E2 EA (17)
                              [N7:N] RUN 'S' 0 80 (80)
2026-04-23 14:36:44:212 [OUT] 25 A5 01 09 31 03 C9 3D 09 4D 1C (11)
                              [N9:P] LFLAG '=' 9 (9)
2026-04-23 14:36:44:234 [OUT] 25 A5 01 04 31 05 81 FF EE 88 01 32 FA (13)
                              [N4:Y] TPOS 255 238 136 1 (-1144831)
2026-04-23 14:36:44:380 [IN ] C8 24 09 0B 25 A5 09 01 31 03 C9 3A 09 4A 1E E2 (16)
                              [N9:P] LFLAG ':' 9 (9)
2026-04-23 14:36:44:524 [IN ] C8 24 04 0E 25 A5 04 01 31 06 81 53 00 00 00 00 10 88 0A (19)
                              [N4:Y] TPOS 'S' 0 0 0 0 (0)
2026-04-23 14:36:45:131 [IN ] C8 24 03 0B 25 A5 03 01 31 03 81 5A 4C 5F 9F 00 C8 24 03 0A 25 A5 03 01 31 02 81 49 01 2C 9F (31)
                              [N3:X] TPOS 'Z' 76 (76)
                              [N3:X] TPOS 'I'
2026-04-23 14:36:45:354 [OUT] 25 A5 01 03 31 03 C9 3D 09 47 F8 (11)
                              [N3:X] LFLAG '=' 9 (9)
2026-04-23 14:36:45:519 [IN ] C8 24 03 0B 25 A5 03 01 31 03 C9 3A 09 44 F4 00 (16)
                              [N3:X] LFLAG ':' 9 (9)
2026-04-23 14:36:48:130 [IN ] C8 24 07 0B 25 A5 07 01 31 03 81 5A 4C 63 BB 00 C8 24 07 0A 25 A5 07 01 31 02 81 49 05 44 BB (31)
                              [N7:N] TPOS 'Z' 76 (76)
                              [N7:N] TPOS 'I'
2026-04-23 14:36:48:352 [OUT] 25 A5 01 07 31 03 C9 3D 09 4B 10 (11)
                              [N7:N] LFLAG '=' 9 (9)
2026-04-23 14:36:48:517 [IN ] C8 24 07 0B 25 A5 07 01 31 03 C9 3A 09 48 10 00 (16)
                              [N7:N] LFLAG ':' 9 (9)
2026-04-23 14:36:50:722 [IN ] C8 24 04 0E 25 A5 04 01 31 06 81 45 FF EE 85 87 FB 99 0A (19)
                              [N4:Y] TPOS 'E' 255 238 133 135 (-1145465)
2026-04-23 14:36:50:950 [OUT] 25 A5 01 09 31 05 81 FF E7 5D 56 5A 0C (13)
                              [N9:P] TPOS 255 231 93 86 (-1614506)
2026-04-23 14:36:50:974 [OUT] 25 A5 01 04 31 05 81 FF FD 50 01 09 B7 (13)
                              [N4:Y] TPOS 255 253 80 1 (-176127)
2026-04-23 14:36:51:001 [OUT] 25 A5 01 07 31 05 81 FF AB 19 75 F7 DF (13)
                              [N7:N] TPOS 255 171 25 117 (-5564043)
2026-04-23 14:36:51:022 [OUT] 25 A5 01 03 31 05 81 FF EC 4A AB 9B 1A (13)
                              [N3:X] TPOS 255 236 74 171 (-1291605)
2026-04-23 14:36:51:045 [OUT] 25 A5 01 06 31 02 D8 3F 51 DD (10)
                              [N6:H] INTERRUPT '?'
2026-04-23 14:36:51:346 [IN ] C8 24 09 0E 25 A5 09 01 31 06 81 53 FF FF FF F7 09 A8 0A C8 24 04 0E 25 A5 04 01 31 06 81 53 FF EE 85 87 09 DF 0A (38)
                              [N9:P] TPOS 'S' 255 255 255 247 (-9)
                              [N4:Y] TPOS 'S' 255 238 133 135 (-1145465)
2026-04-23 14:36:51:647 [IN ] C8 24 07 0E 25 A5 07 01 31 06 81 53 FF FF FF FE 0E 9B 0A C8 24 03 0E 25 A5 03 01 31 06 81 53 FF FF FF FF 0B 74 0A C8 24 06 0C 25 A5 06 01 31 04 D8 3A 01 01 50 82 0B (55)
                              [N7:N] TPOS 'S' 255 255 255 254 (-2)
                              [N3:X] TPOS 'S' 255 255 255 255 (-1)
                              [N6:H] INTERRUPT ':' 1 1 (257)
2026-04-23 14:36:51:668 [OUT] 25 A5 01 06 31 03 C9 3D 0B 4C 0C (11)
                              [N6:H] LFLAG '=' 11 (11)
2026-04-23 14:36:51:835 [IN ] C8 24 06 0B 25 A5 06 01 31 03 C9 3A 0B 49 0B 82 (16)
                              [N6:H] LFLAG ':' 11 (11)
2026-04-23 14:36:51:860 [OUT] 25 A5 01 06 31 03 88 FF B0 72 72 (11)
                              [N6:H] RUN 255 176 (-80)
2026-04-23 14:36:52:027 [IN ] C8 24 06 0C 25 A5 06 01 31 04 88 53 FF B0 C6 38 0B (17)
                              [N6:H] RUN 'S' 255 176 (-80)
2026-04-23 14:36:52:634 [IN ] C8 24 0C 0B 25 A5 0C 01 31 03 81 5A 4C 68 DE 38 (16)
                              [N12:Z] TPOS 'Z' 76 (76)
2026-04-23 14:36:52:836 [IN ] C8 24 0C 0A 25 A5 0C 01 31 02 81 49 0A 62 DE (15)
                              [N12:Z] TPOS 'I'
2026-04-23 14:36:53:061 [OUT] 25 A5 01 0C 31 03 C9 3D 09 50 2E (11)
                              [N12:Z] LFLAG '=' 9 (9)
2026-04-23 14:36:53:247 [IN ] C8 24 0C 0B 25 A5 0C 01 31 03 C9 3A 09 4D 33 38 (16)
                              [N12:Z] LFLAG ':' 9 (9)
2026-04-23 14:36:53:268 [OUT] 25 A5 01 0C 31 05 81 FF BC D0 00 4F 33 (13)
                              [N12:Z] TPOS 255 188 208 0 (-4403200)
2026-04-23 14:36:53:475 [IN ] C8 24 0C 0E 25 A5 0C 01 31 06 81 53 FF FF FF 3D 52 0C 0A (19)
                              [N12:Z] TPOS 'S' 255 255 255 61 (-195)
2026-04-23 14:36:56:091 [IN ] C8 24 06 0B 25 A5 06 01 31 03 81 5A 4C 62 B4 3D C8 24 06 0A 25 A5 06 01 31 02 81 49 04 3E B4 (31)
                              [N6:H] TPOS 'Z' 76 (76)
                              [N6:H] TPOS 'I'
2026-04-23 14:36:56:314 [OUT] 25 A5 01 06 31 03 C9 3D 09 4A 0A (11)
                              [N6:H] LFLAG '=' 9 (9)
2026-04-23 14:36:56:480 [IN ] C8 24 06 0B 25 A5 06 01 31 03 C9 3A 09 47 09 3D (16)
                              [N6:H] LFLAG ':' 9 (9)
2026-04-23 14:36:56:502 [OUT] 25 A5 01 06 31 03 84 00 50 0F 08 (11)
                              [N6:H] VEL 0 80 (80)
2026-04-23 14:36:56:666 [IN ] C8 24 06 0C 25 A5 06 01 31 04 84 53 00 50 63 CA 52 (17)
                              [N6:H] VEL 'S' 0 80 (80)
2026-04-23 14:36:56:687 [OUT] 25 A5 01 06 31 05 81 00 19 82 3C 95 BE (13)
                              [N6:H] TPOS 0 25 130 60 (1671740)
2026-04-23 14:36:56:892 [IN ] C8 24 06 0E 25 A5 06 01 31 06 81 53 00 00 00 03 15 9F 0A (19)
                              [N6:H] TPOS 'S' 0 0 0 3 (3)
2026-04-23 14:36:58:297 [IN ] C8 24 03 0E 25 A5 03 01 31 06 81 45 FF EC 48 52 86 DA 0A (19)
                              [N3:X] TPOS 'E' 255 236 72 82 (-1292206)
2026-04-23 14:36:58:726 [OUT] 25 A5 01 03 31 05 81 FF FD 50 01 08 AF (13)
                              [N3:X] TPOS 255 253 80 1 (-176127)
2026-04-23 14:36:58:890 [IN ] C8 24 03 0E 25 A5 03 01 31 06 81 53 FF EC 48 53 95 21 0A (19)
                              [N3:X] TPOS 'S' 255 236 72 83 (-1292205)
2026-04-23 14:36:59:694 [IN ] C8 24 04 0E 25 A5 04 01 31 06 81 45 FF FD 4F BE 0B 91 0A (19)
                              [N4:Y] TPOS 'E' 255 253 79 190 (-176194)
2026-04-23 14:37:00:704 [IN ] C8 24 09 0E 25 A5 09 01 31 06 81 45 FF E7 5C E2 2B BF 0A (19)
                              [N9:P] TPOS 'E' 255 231 92 226 (-1614622)
2026-04-23 14:37:01:132 [OUT] 25 A5 01 09 31 05 81 FF FF D9 C8 60 BE (13)
                              [N9:P] TPOS 255 255 217 200 (-9784)
2026-04-23 14:37:01:319 [IN ] C8 24 09 0E 25 A5 09 01 31 06 81 53 FF E7 5C E8 3F 0B 0A (19)
                              [N9:P] TPOS 'S' 255 231 92 232 (-1614616)
2026-04-23 14:37:04:729 [IN ] C8 24 06 0E 25 A5 06 01 31 06 81 45 00 19 86 3A DD E7 0A (19)
                              [N6:H] TPOS 'E' 0 25 134 58 (1672762)
2026-04-23 14:37:05:158 [OUT] 25 A5 01 06 31 05 81 00 0D 03 C1 8F 21 (13)
                              [N6:H] TPOS 0 13 3 193 (852929)
2026-04-23 14:37:05:364 [IN ] C8 24 06 0E 25 A5 06 01 31 06 81 53 00 19 86 3A EB 2D 0A (19)
                              [N6:H] TPOS 'S' 0 25 134 58 (1672762)
2026-04-23 14:37:07:972 [IN ] C8 24 03 0E 25 A5 03 01 31 06 81 45 FF FD 50 A4 F1 6F 0A (19)
                              [N3:X] TPOS 'E' 255 253 80 164 (-175964)
2026-04-23 14:37:09:179 [IN ] C8 24 06 0E 25 A5 06 01 31 06 81 45 00 0C FF 27 36 9F 0A (19)
                              [N6:H] TPOS 'E' 0 12 255 39 (851751)
2026-04-23 14:37:09:405 [OUT] 25 A5 01 05 31 02 D8 3F 50 D8 (10)
                              [N5:V] INTERRUPT '?'
2026-04-23 14:37:09:707 [IN ] C8 24 05 0C 25 A5 05 01 31 04 D8 3A 01 01 4F 7A 36 (17)
                              [N5:V] INTERRUPT ':' 1 1 (257)
2026-04-23 14:37:09:728 [OUT] 25 A5 01 05 31 03 C9 3D 0B 4B 06 (11)
                              [N5:V] LFLAG '=' 11 (11)
2026-04-23 14:37:09:919 [IN ] C8 24 05 0B 25 A5 05 01 31 03 C9 3A 0B 48 04 7A (16)
                              [N5:V] LFLAG ':' 11 (11)
2026-04-23 14:37:09:941 [OUT] 25 A5 01 05 31 03 88 FF B0 71 6C (11)
                              [N5:V] RUN 255 176 (-80)
2026-04-23 14:37:10:109 [IN ] C8 24 05 0C 25 A5 05 01 31 04 88 53 FF B0 C5 30 36 (17)
                              [N5:V] RUN 'S' 255 176 (-80)
2026-04-23 14:37:11:113 [IN ] C8 24 09 0E 25 A5 09 01 31 06 (10)
2026-04-23 14:37:11:313 [IN ] 81 45 FF FF DA A7 86 C8 0A (9)
                              [N9:P] TPOS 'E' 255 255 218 167 (-9561)
2026-04-23 14:37:11:547 [OUT] 25 A5 01 08 31 02 D8 3F 53 E7 (10)
                              [N8:R] INTERRUPT '?'
2026-04-23 14:37:11:849 [IN ] C8 24 08 0C 25 A5 08 01 31 04 D8 3A 01 01 52 92 86 (17)
                              [N8:R] INTERRUPT ':' 1 1 (257)
2026-04-23 14:37:11:870 [OUT] 25 A5 01 08 31 03 CA 3D 0B 4F 1B (11)
                              [N8:R] RFLAG '=' 11 (11)
2026-04-23 14:37:12:034 [IN ] C8 24 08 0B 25 A5 08 01 31 03 CA 3A 0B 4C 1C 92 (16)
                              [N8:R] RFLAG ':' 11 (11)
2026-04-23 14:37:12:056 [OUT] 25 A5 01 08 31 03 88 00 50 15 20 (11)
                              [N8:R] RUN 0 80 (80)
2026-04-23 14:37:12:221 [IN ] C8 24 08 0C 25 A5 08 01 31 04 88 53 00 50 69 EA 86 (17)
                              [N8:R] RUN 'S' 0 80 (80)
2026-04-23 14:37:15:036 [IN ] C8 24 05 0B 25 A5 05 01 31 03 81 5A 4C 61 AD EA C8 24 05 0A 25 A5 05 01 31 02 81 49 03 38 AD (31)
                              [N5:V] TPOS 'Z' 76 (76)
                              [N5:V] TPOS 'I'
2026-04-23 14:37:15:260 [OUT] 25 A5 01 05 31 03 C9 3D 09 49 04 (11)
                              [N5:V] LFLAG '=' 9 (9)
2026-04-23 14:37:15:425 [IN ] C8 24 05 0B 25 A5 05 01 31 03 C9 3A 09 46 02 EA (16)
                              [N5:V] LFLAG ':' 9 (9)
2026-04-23 14:37:15:447 [OUT] 25 A5 01 05 31 03 84 00 50 0E 02 (11)
                              [N5:V] VEL 0 80 (80)
2026-04-23 14:37:15:611 [IN ] C8 24 05 0C 25 A5 05 01 31 04 84 53 00 50 62 C2 86 (17)
                              [N5:V] VEL 'S' 0 80 (80)
2026-04-23 14:37:15:633 [OUT] 25 A5 01 05 31 05 81 00 19 82 3C 94 B6 (13)
                              [N5:V] TPOS 0 25 130 60 (1671740)
2026-04-23 14:37:15:819 [IN ] C8 24 05 0E 25 A5 05 01 31 06 81 53 00 00 00 01 12 93 0A (19)
                              [N5:V] TPOS 'S' 0 0 0 1 (1)
2026-04-23 14:37:16:622 [IN ] C8 24 07 0E 25 A5 07 01 31 06 81 45 FF AB 15 3A FE C1 0A (19)
                              [N7:N] TPOS 'E' 255 171 21 58 (-5565126)
2026-04-23 14:37:17:052 [OUT] 25 A5 01 07 31 05 81 FF F3 35 BF A5 39 (13)
                              [N7:N] TPOS 255 243 53 191 (-838209)
2026-04-23 14:37:17:238 [IN ] C8 24 07 0E 25 A5 07 01 31 06 81 53 FF AB 15 3B 0D 08 0A (19)
                              [N7:N] TPOS 'S' 255 171 21 59 (-5565125)
2026-04-23 14:37:17:840 [IN ] C8 24 0C 0E 25 A5 0C 01 31 06 81 45 FF BC CE FD 90 5B 0A (19)
                              [N12:Z] TPOS 'E' 255 188 206 253 (-4403459)
2026-04-23 14:37:18:271 [OUT] 25 A5 01 0C 31 05 81 FF D1 1A 67 15 6D (13)
                              [N12:Z] TPOS 255 209 26 103 (-3073433)
2026-04-23 14:37:18:457 [IN ] C8 24 0C 0E 25 A5 0C 01 31 06 81 53 FF BC CF 11 B3 B7 0A (19)
                              [N12:Z] TPOS 'S' 255 188 207 17 (-4403439)
2026-04-23 14:37:19:464 [IN ] C8 24 08 0B 25 A5 08 01 31 03 81 5A 52 6A C8 11 C8 24 08 0A 25 A5 08 01 31 02 81 49 06 4A C8 (31)
                              [N8:R] TPOS 'Z' 82 (82)
                              [N8:R] TPOS 'I'
2026-04-23 14:37:19:687 [OUT] 25 A5 01 08 31 03 CA 3D 09 4D 19 (11)
                              [N8:R] RFLAG '=' 9 (9)
2026-04-23 14:37:19:852 [IN ] C8 24 08 0B 25 A5 08 01 31 03 CA 3A 09 4A 1A 11 (16)
                              [N8:R] RFLAG ':' 9 (9)
2026-04-23 14:37:19:874 [OUT] 25 A5 01 08 31 05 81 FF DC 77 1D 2F DE (13)
                              [N8:R] TPOS 255 220 119 29 (-2328803)
2026-04-23 14:37:20:080 [IN ] C8 24 08 0E 25 A5 08 01 31 06 81 53 FF FF FF E3 F4 8A 0A (19)
                              [N8:R] TPOS 'S' 255 255 255 227 (-29)
2026-04-23 14:37:24:092 [IN ] C8 24 05 0E 25 A5 05 01 31 06 81 45 00 19 85 85 26 26 0A (19)
                              [N5:V] TPOS 'E' 0 25 133 133 (1672581)
2026-04-23 14:37:24:525 [OUT] 25 A5 01 05 31 05 81 00 0D 03 C1 8E 19 (13)
                              [N5:V] TPOS 0 13 3 193 (852929)
2026-04-23 14:37:24:711 [IN ] C8 24 05 0E 25 A5 05 01 31 06 81 53 00 19 85 85 34 6C 0A (19)
                              [N5:V] TPOS 'S' 0 25 133 133 (1672581)
2026-04-23 14:37:25:313 [IN ] C8 24 0C 0E 25 A5 0C 01 31 06 81 45 FF D1 1C 1D 13 56 0A (19)
                              [N12:Z] TPOS 'E' 255 209 28 29 (-3072995)
2026-04-23 14:37:30:128 [IN ] C8 24 05 0E 25 A5 05 01 31 06 81 45 00 0D 02 45 57 BC 0A (19)
                              [N5:V] TPOS 'E' 0 13 2 69 (852549)
2026-04-23 14:37:30:353 [OUT] 25 A5 01 03 31 05 81 FF ED B1 30 88 70 (13)
                              [N3:X] TPOS 255 237 177 48 (-1199824)
2026-04-23 14:37:30:375 [OUT] 25 A5 01 04 31 05 81 FF F3 BD 0C 77 7E (13)
                              [N4:Y] TPOS 255 243 189 12 (-803572)
2026-04-23 14:37:30:544 [IN ] C8 24 03 0E 25 A5 03 01 31 06 81 53 FF FD 50 9F FA B0 0A (19)
                              [N3:X] TPOS 'S' 255 253 80 159 (-175969)
2026-04-23 14:37:30:668 [IN ] C8 24 04 0E 25 A5 04 01 31 06 81 53 FF FD 4F BE 19 D7 0A (19)
                              [N4:Y] TPOS 'S' 255 253 79 190 (-176194)
2026-04-23 14:37:33:074 [IN ] C8 24 08 0E 25 A5 08 01 31 06 81 45 FF DC 74 D1 26 B3 0A (19)
                              [N8:R] TPOS 'E' 255 220 116 209 (-2329391)
2026-04-23 14:37:33:508 [OUT] 25 A5 01 08 31 05 81 FF EE 15 56 18 89 (13)
                              [N8:R] TPOS 255 238 21 86 (-1174186)
2026-04-23 14:37:33:693 [IN ] C8 24 08 0E 25 A5 08 01 31 06 81 53 FF DC 74 DB 3E 03 0A (19)
                              [N8:R] TPOS 'S' 255 220 116 219 (-2329381)
2026-04-23 14:37:34:094 [IN ] C8 24 04 0E 25 A5 04 01 31 06 81 45 FF F3 BA 94 42 1F 0A (19)
                              [N4:Y] TPOS 'E' 255 243 186 148 (-804204)
2026-04-23 14:37:35:700 [IN ] C8 24 03 0E 25 A5 03 01 31 06 81 45 FF ED AE 51 EC A8 0A (19)
                              [N3:X] TPOS 'E' 255 237 174 81 (-1200559)
2026-04-23 14:37:38:712 [IN ] C8 24 07 0E 25 A5 07 01 31 06 81 45 FF F3 3A 01 32 AA 0A (19)
                              [N7:N] TPOS 'E' 255 243 58 1 (-837119)
2026-04-23 14:37:40:524 [IN ] C8 24 08 0E 25 A5 08 01 31 06 81 45 FF EE 16 9B A4 F7 0A (19)
                              [N8:R] TPOS 'E' 255 238 22 155 (-1173861)
