2026-04-23 16:31:21:949 [OUT] 25 A5 01 0A 31 05 D6 3D FF 00 00 53 ED (13)
                              [N10:HMI] HMILED '=' 255 0 0 (16711680)
2026-04-23 16:31:21:972 [OUT] 25 A5 01 03 31 02 D8 3F 4E CE (10)
                              [N3:X] INTERRUPT '?'
2026-04-23 16:31:22:273 [IN ] C8 24 0A 0D 25 A5 0A 01 31 05 D6 3A FF 00 00 50 EA B8 C8 24 03 0C 25 A5 03 01 31 04 D8 3A 01 01 4D 6A EA (35)
                              [N10:HMI] HMILED ':' 255 0 0 (16711680)
                              [N3:X] INTERRUPT ':' 1 1 (257)
2026-04-23 16:31:22:295 [OUT] 25 A5 01 09 31 03 C9 3D 09 4D 1C (11)
                              [N9:P] LFLAG '=' 9 (9)
2026-04-23 16:31:22:317 [OUT] 25 A5 01 04 31 02 D8 3F 4F D3 (10)
                              [N4:Y] INTERRUPT '?'
2026-04-23 16:31:22:619 [IN ] C8 24 09 0B 25 A5 09 01 31 03 C9 3A 09 4A 1E 6A C8 24 04 0C 25 A5 04 01 31 04 D8 3A 01 01 4E 72 EA (33)
                              [N9:P] LFLAG ':' 9 (9)
                              [N4:Y] INTERRUPT ':' 1 1 (257)
2026-04-23 16:31:22:641 [OUT] 25 A5 01 09 31 03 CA 3D 09 4E 1F (11)
                              [N9:P] RFLAG '=' 9 (9)
2026-04-23 16:31:22:665 [OUT] 25 A5 01 0C 31 02 D8 3F 57 FB (10)
                              [N12:Z] INTERRUPT '?'
2026-04-23 16:31:22:966 [IN ] C8 24 09 0B 25 A5 09 01 31 03 CA 3A 09 4B 21 72 C8 24 0C 0C 25 A5 0C 01 31 04 D8 3A 01 01 56 B2 EA (33)
                              [N9:P] RFLAG ':' 9 (9)
                              [N12:Z] INTERRUPT ':' 1 1 (257)
2026-04-23 16:31:22:988 [OUT] 25 A5 01 08 31 03 C9 3D 09 4C 16 (11)
                              [N8:R] LFLAG '=' 9 (9)
2026-04-23 16:31:23:009 [OUT] 25 A5 01 03 31 03 C9 3D 0B 49 FA (11)
                              [N3:X] LFLAG '=' 11 (11)
2026-04-23 16:31:23:031 [OUT] 25 A5 01 04 31 03 C9 3D 0B 4A 00 (11)
                              [N4:Y] LFLAG '=' 11 (11)
2026-04-23 16:31:23:053 [OUT] 25 A5 01 0C 31 03 C9 3D 0B 52 30 (11)
                              [N12:Z] LFLAG '=' 11 (11)
2026-04-23 16:31:23:155 [IN ] C8 24 08 0B 25 A5 08 01 31 03 C9 3A 09 49 17 B2 (16)
                              [N8:R] LFLAG ':' 9 (9)
2026-04-23 16:31:23:178 [OUT] 25 A5 01 08 31 03 CA 3D 09 4D 19 (11)
                              [N8:R] RFLAG '=' 9 (9)
2026-04-23 16:31:23:263 [IN ] C8 24 03 0B 25 A5 03 01 31 03 C9 3A 0B 46 F6 B2 (16)
                              [N3:X] LFLAG ':' 11 (11)
2026-04-23 16:31:23:287 [OUT] 25 A5 01 03 31 03 88 00 50 10 02 (11)
                              [N3:X] RUN 0 80 (80)
2026-04-23 16:31:23:372 [IN ] C8 24 04 0B 25 A5 04 01 31 03 C9 3A 0B 47 FD B2 (16)
                              [N4:Y] LFLAG ':' 11 (11)
2026-04-23 16:31:23:394 [OUT] 25 A5 01 04 31 03 88 00 50 11 08 (11)
                              [N4:Y] RUN 0 80 (80)
2026-04-23 16:31:23:499 [IN ] C8 24 0C 0B 25 A5 0C 01 31 03 C9 3A 0B 4F 35 B2 (16)
                              [N12:Z] LFLAG ':' 11 (11)
2026-04-23 16:31:23:520 [OUT] 25 A5 01 0C 31 03 88 00 5A 23 42 (11)
                              [N12:Z] RUN 0 90 (90)
2026-04-23 16:31:23:583 [IN ] C8 24 08 0B 25 A5 08 01 31 03 CA 3A 09 4A 1A B2 (16)
                              [N8:R] RFLAG ':' 9 (9)
2026-04-23 16:31:23:706 [IN ] C8 24 03 0C 25 A5 03 01 31 04 88 53 00 50 64 C2 EA (17)
                              [N3:X] RUN 'S' 0 80 (80)
2026-04-23 16:31:23:809 [IN ] C8 24 04 0C 25 A5 04 01 31 04 88 53 00 50 65 CA EA (17)
                              [N4:Y] RUN 'S' 0 80 (80)
2026-04-23 16:31:23:914 [IN ] C8 24 0C 0C 25 A5 0C 01 31 04 88 53 00 5A 77 14 EA (17)
                              [N12:Z] RUN 'S' 0 90 (90)
2026-04-23 16:31:30:341 [IN ] C8 24 04 0B 25 A5 04 01 31 03 81 5A 4C 60 A6 14 (16)
                              [N4:Y] TPOS 'Z' 76 (76)
2026-04-23 16:31:30:542 [IN ] C8 24 04 0A 25 A5 04 01 31 02 81 49 02 32 A6 (15)
                              [N4:Y] TPOS 'I'
2026-04-23 16:31:30:765 [OUT] 25 A5 01 09 31 02 D8 3F 54 EC (10)
                              [N9:P] INTERRUPT '?'
2026-04-23 16:31:31:067 [IN ] C8 24 09 0C 25 A5 09 01 31 04 D8 3A 01 01 53 9A EA (17)
                              [N9:P] INTERRUPT ':' 1 1 (257)
2026-04-23 16:31:31:089 [OUT] 25 A5 01 04 31 03 C9 3D 09 48 FE (11)
                              [N4:Y] LFLAG '=' 9 (9)
2026-04-23 16:31:31:111 [OUT] 25 A5 01 07 31 02 D8 3F 52 E2 (10)
                              [N7:N] INTERRUPT '?'
2026-04-23 16:31:31:412 [IN ] C8 24 04 0B 25 A5 04 01 31 03 C9 3A 09 45 FB 9A C8 24 07 0C 25 A5 07 01 31 04 D8 3A 01 01 51 8A EA (33)
                              [N4:Y] LFLAG ':' 9 (9)
                              [N7:N] INTERRUPT ':' 1 1 (257)
2026-04-23 16:31:31:433 [OUT] 25 A5 01 09 31 03 C9 3D 0B 4F 1E (11)
                              [N9:P] LFLAG '=' 11 (11)
2026-04-23 16:31:31:455 [OUT] 25 A5 01 07 31 03 C9 3D 0B 4D 12 (11)
                              [N7:N] LFLAG '=' 11 (11)
2026-04-23 16:31:31:583 [IN ] C8 24 09 0B 25 A5 09 01 31 03 C9 3A 0B 4C 20 8A (16)
                              [N9:P] LFLAG ':' 11 (11)
2026-04-23 16:31:31:605 [OUT] 25 A5 01 09 31 03 88 00 50 16 26 (11)
                              [N9:P] RUN 0 80 (80)
2026-04-23 16:31:31:709 [IN ] C8 24 07 0B 25 A5 07 01 31 03 C9 3A 0B 4A 12 8A (16)
                              [N7:N] LFLAG ':' 11 (11)
2026-04-23 16:31:31:731 [OUT] 25 A5 01 07 31 03 88 00 50 14 1A (11)
                              [N7:N] RUN 0 80 (80)
2026-04-23 16:31:31:815 [IN ] C8 24 09 0C 25 A5 09 01 31 04 88 53 00 50 6A F2 EA (17)
                              [N9:P] RUN 'S' 0 80 (80)
2026-04-23 16:31:31:879 [IN ] C8 24 09 0B 25 A5 09 01 31 03 81 5A 4C 65 C9 F2 (16)
                              [N9:P] TPOS 'Z' 76 (76)
2026-04-23 16:31:31:922 [IN ] C8 24 09 0A 25 A5 09 01 31 02 81 49 07 50 C9 C8 24 07 0C 25 A5 07 01 31 04 88 53 00 50 68 E2 EA (32)
                              [N9:P] TPOS 'I'
                              [N7:N] RUN 'S' 0 80 (80)
2026-04-23 16:31:32:147 [OUT] 25 A5 01 09 31 03 C9 3D 09 4D 1C (11)
                              [N9:P] LFLAG '=' 9 (9)
2026-04-23 16:31:32:169 [OUT] 25 A5 01 04 31 05 81 FF EE 88 01 32 FA (13)
                              [N4:Y] TPOS 255 238 136 1 (-1144831)
2026-04-23 16:31:32:337 [IN ] C8 24 09 0B 25 A5 09 01 31 03 C9 3A 09 4A 1E E2 (16)
                              [N9:P] LFLAG ':' 9 (9)
2026-04-23 16:31:32:464 [IN ] C8 24 04 0E 25 A5 04 01 31 06 81 53 FF FF FF FF 0C 7E 0A (19)
                              [N4:Y] TPOS 'S' 255 255 255 255 (-1)
2026-04-23 16:31:32:869 [IN ] C8 24 03 0B 25 A5 03 01 31 03 81 5A 4C 5F 9F FF C8 24 03 0A 25 A5 03 01 31 02 81 49 01 2C 9F (31)
                              [N3:X] TPOS 'Z' 76 (76)
                              [N3:X] TPOS 'I'
2026-04-23 16:31:33:092 [OUT] 25 A5 01 03 31 03 C9 3D 09 47 F8 (11)
                              [N3:X] LFLAG '=' 9 (9)
2026-04-23 16:31:33:258 [IN ] C8 24 03 0B 25 A5 03 01 31 03 C9 3A 09 44 F4 FF (16)
                              [N3:X] LFLAG ':' 9 (9)
2026-04-23 16:31:35:870 [IN ] C8 24 07 0B 25 A5 07 01 31 03 81 5A 4C 63 BB FF C8 24 07 0A 25 A5 07 01 31 02 81 49 05 44 BB (31)
                              [N7:N] TPOS 'Z' 76 (76)
                              [N7:N] TPOS 'I'
2026-04-23 16:31:36:092 [OUT] 25 A5 01 07 31 03 C9 3D 09 4B 10 (11)
                              [N7:N] LFLAG '=' 9 (9)
2026-04-23 16:31:36:257 [IN ] C8 24 07 0B 25 A5 07 01 31 03 C9 3A 09 48 10 FF (16)
                              [N7:N] LFLAG ':' 9 (9)
2026-04-23 16:31:38:464 [IN ] C8 24 04 0E 25 A5 04 01 31 06 81 45 FF EE 85 93 07 A5 0A (19)
                              [N4:Y] TPOS 'E' 255 238 133 147 (-1145453)
2026-04-23 16:31:38:688 [OUT] 25 A5 01 09 31 05 81 FF E7 5D 56 5A 0C (13)
                              [N9:P] TPOS 255 231 93 86 (-1614506)
2026-04-23 16:31:38:710 [OUT] 25 A5 01 04 31 05 81 FF FD 50 01 09 B7 (13)
                              [N4:Y] TPOS 255 253 80 1 (-176127)
2026-04-23 16:31:38:734 [OUT] 25 A5 01 07 31 05 81 FF AB 19 75 F7 DF (13)
                              [N7:N] TPOS 255 171 25 117 (-5564043)
2026-04-23 16:31:38:757 [OUT] 25 A5 01 03 31 05 81 FF EC 4A AB 9B 1A (13)
                              [N3:X] TPOS 255 236 74 171 (-1291605)
2026-04-23 16:31:38:779 [OUT] 25 A5 01 06 31 02 D8 3F 51 DD (10)
                              [N6:H] INTERRUPT '?'
2026-04-23 16:31:39:080 [IN ] C8 24 09 0E 25 A5 09 01 31 06 81 53 FF FF FF F3 05 A4 0A C8 24 04 0E 25 A5 04 01 31 06 81 53 FF EE 85 93 15 EB 0A (38)
                              [N9:P] TPOS 'S' 255 255 255 243 (-13)
                              [N4:Y] TPOS 'S' 255 238 133 147 (-1145453)
2026-04-23 16:31:39:381 [IN ] C8 24 07 0E 25 A5 07 01 31 06 81 53 FF FF FF FE 0E 9B 0A C8 24 03 0E 25 A5 03 01 31 06 81 53 00 00 00 00 0F 7E 0A C8 24 06 0C 25 A5 06 01 31 04 D8 3A 01 01 50 82 0F (55)
                              [N7:N] TPOS 'S' 255 255 255 254 (-2)
                              [N3:X] TPOS 'S' 0 0 0 0 (0)
                              [N6:H] INTERRUPT ':' 1 1 (257)
2026-04-23 16:31:39:402 [OUT] 25 A5 01 06 31 03 C9 3D 0B 4C 0C (11)
                              [N6:H] LFLAG '=' 11 (11)
2026-04-23 16:31:39:568 [IN ] C8 24 06 0B 25 A5 06 01 31 03 C9 3A 0B 49 0B 82 (16)
                              [N6:H] LFLAG ':' 11 (11)
2026-04-23 16:31:39:592 [OUT] 25 A5 01 06 31 03 88 FF B0 72 72 (11)
                              [N6:H] RUN 255 176 (-80)
2026-04-23 16:31:39:756 [IN ] C8 24 06 0C 25 A5 06 01 31 04 88 53 FF B0 C6 38 0F (17)
                              [N6:H] RUN 'S' 255 176 (-80)
2026-04-23 16:31:40:565 [IN ] C8 24 0C 0B 25 A5 0C 01 31 03 81 5A 4C 68 DE 38 C8 24 0C 0A 25 A5 0C 01 31 02 81 49 0A 62 DE (31)
                              [N12:Z] TPOS 'Z' 76 (76)
                              [N12:Z] TPOS 'I'
2026-04-23 16:31:40:788 [OUT] 25 A5 01 0C 31 03 C9 3D 09 50 2E (11)
                              [N12:Z] LFLAG '=' 9 (9)
2026-04-23 16:31:40:955 [IN ] C8 24 0C 0B 25 A5 0C 01 31 03 C9 3A 09 4D 33 38 (16)
                              [N12:Z] LFLAG ':' 9 (9)
2026-04-23 16:31:40:976 [OUT] 25 A5 01 0C 31 05 81 FF BC D0 00 4F 33 (13)
                              [N12:Z] TPOS 255 188 208 0 (-4403200)
2026-04-23 16:31:41:161 [IN ] C8 24 0C 0E 25 A5 0C 01 31 06 81 53 FF FF FF 56 6B 25 0A (19)
                              [N12:Z] TPOS 'S' 255 255 255 86 (-170)
2026-04-23 16:31:43:770 [IN ] C8 24 06 0B 25 A5 06 01 31 03 81 5A 4C 62 B4 56 C8 24 06 0A 25 A5 06 01 31 02 81 49 04 3E B4 (31)
                              [N6:H] TPOS 'Z' 76 (76)
                              [N6:H] TPOS 'I'
2026-04-23 16:31:43:994 [OUT] 25 A5 01 06 31 03 C9 3D 09 4A 0A (11)
                              [N6:H] LFLAG '=' 9 (9)
2026-04-23 16:31:44:159 [IN ] C8 24 06 0B 25 A5 06 01 31 03 C9 3A 09 47 09 56 (16)
                              [N6:H] LFLAG ':' 9 (9)
2026-04-23 16:31:44:181 [OUT] 25 A5 01 06 31 03 84 00 50 0F 08 (11)
                              [N6:H] VEL 0 80 (80)
2026-04-23 16:31:44:347 [IN ] C8 24 06 0C 25 A5 06 01 31 04 84 53 00 50 63 CA 6B (17)
                              [N6:H] VEL 'S' 0 80 (80)
2026-04-23 16:31:44:369 [OUT] 25 A5 01 06 31 05 81 00 19 82 3C 95 BE (13)
                              [N6:H] TPOS 0 25 130 60 (1671740)
2026-04-23 16:31:44:576 [IN ] C8 24 06 0E 25 A5 06 01 31 06 81 53 00 00 00 03 15 9F 0A (19)
                              [N6:H] TPOS 'S' 0 0 0 3 (3)
2026-04-23 16:31:45:780 [IN ] C8 24 03 0E 25 A5 03 01 31 06 81 45 FF EC 47 AA DD 30 0A (19)
                              [N3:X] TPOS 'E' 255 236 71 170 (-1292374)
2026-04-23 16:31:46:204 [OUT] 25 A5 01 03 31 05 81 FF FD 50 01 08 AF (13)
                              [N3:X] TPOS 255 253 80 1 (-176127)
2026-04-23 16:31:46:390 [IN ] C8 24 03 0E 25 A5 03 01 31 06 81 53 FF EC 47 AA EB 76 0A (19)
                              [N3:X] TPOS 'S' 255 236 71 170 (-1292374)
2026-04-23 16:31:47:393 [IN ] C8 24 04 0E 25 A5 04 01 31 06 81 45 FF FD 4F D1 1E A4 0A (19)
                              [N4:Y] TPOS 'E' 255 253 79 209 (-176175)
2026-04-23 16:31:48:597 [IN ] C8 24 09 0E 25 A5 09 01 31 06 81 45 FF E7 5B E6 2E C1 0A (19)
                              [N9:P] TPOS 'E' 255 231 91 230 (-1614874)
2026-04-23 16:31:49:022 [OUT] 25 A5 01 09 31 05 81 FF FF D9 C8 60 BE (13)
                              [N9:P] TPOS 255 255 217 200 (-9784)
2026-04-23 16:31:49:206 [IN ] C8 24 09 0E 25 A5 09 01 31 06 81 53 FF E7 5B EB 41 0C 0A (19)
                              [N9:P] TPOS 'S' 255 231 91 235 (-1614869)
2026-04-23 16:31:52:215 [IN ] C8 24 06 0E 25 A5 06 01 31 06 81 45 00 19 86 80 23 2D 0A (19)
                              [N6:H] TPOS 'E' 0 25 134 128 (1672832)
2026-04-23 16:31:52:641 [OUT] 25 A5 01 06 31 05 81 00 0D 03 C1 8F 21 (13)
                              [N6:H] TPOS 0 13 3 193 (852929)
2026-04-23 16:31:52:827 [IN ] C8 24 06 0E 25 A5 06 01 31 06 81 53 00 19 86 (15)
2026-04-23 16:31:52:849 [IN ] 80 31 73 0A (4)
                              [N6:H] TPOS 'S' 0 25 134 128 (1672832)
2026-04-23 16:31:55:258 [IN ] C8 24 03 0E 25 A5 03 01 31 06 81 45 FF FD 50 E2 2F AD 0A (19)
                              [N3:X] TPOS 'E' 255 253 80 226 (-175902)
2026-04-23 16:31:56:663 [IN ] C8 24 06 0E 25 A5 06 01 31 06 81 45 00 0C FF 07 16 7F 0A (19)
                              [N6:H] TPOS 'E' 0 12 255 7 (851719)
2026-04-23 16:31:56:887 [OUT] 25 A5 01 05 31 02 D8 3F 50 D8 (10)
                              [N5:V] INTERRUPT '?'
2026-04-23 16:31:57:188 [IN ] C8 24 05 0C 25 A5 05 01 31 04 D8 3A 01 01 4F 7A 16 (17)
                              [N5:V] INTERRUPT ':' 1 1 (257)
2026-04-23 16:31:57:210 [OUT] 25 A5 01 05 31 03 C9 3D 0B 4B 06 (11)
                              [N5:V] LFLAG '=' 11 (11)
2026-04-23 16:31:57:376 [IN ] C8 24 05 0B 25 A5 05 01 31 03 C9 3A 0B 48 04 7A (16)
                              [N5:V] LFLAG ':' 11 (11)
2026-04-23 16:31:57:399 [OUT] 25 A5 01 05 31 03 88 FF B0 71 6C (11)
                              [N5:V] RUN 255 176 (-80)
2026-04-23 16:31:57:568 [IN ] C8 24 05 0C 25 A5 05 01 31 04 88 53 FF B0 C5 30 16 (17)
                              [N5:V] RUN 'S' 255 176 (-80)
2026-04-23 16:31:59:375 [IN ] C8 24 09 0E 25 A5 09 01 31 06 81 45 FF FF DB 36 16 59 0A (19)
                              [N9:P] TPOS 'E' 255 255 219 54 (-9418)
2026-04-23 16:31:59:599 [OUT] 25 A5 01 08 31 02 D8 3F 53 E7 (10)
                              [N8:R] INTERRUPT '?'
2026-04-23 16:31:59:900 [IN ] C8 24 08 0C 25 A5 08 01 31 04 D8 3A 01 01 52 92 16 (17)
                              [N8:R] INTERRUPT ':' 1 1 (257)
2026-04-23 16:31:59:921 [OUT] 25 A5 01 08 31 03 CA 3D 0B 4F 1B (11)
                              [N8:R] RFLAG '=' 11 (11)
2026-04-23 16:32:00:089 [IN ] C8 24 08 0B 25 A5 08 01 31 03 CA 3A 0B 4C 1C 92 (16)
                              [N8:R] RFLAG ':' 11 (11)
2026-04-23 16:32:00:111 [OUT] 25 A5 01 08 31 03 88 00 50 15 20 (11)
                              [N8:R] RUN 0 80 (80)
2026-04-23 16:32:00:276 [IN ] C8 24 08 0C 25 A5 08 01 31 04 88 53 00 50 69 EA 16 (17)
                              [N8:R] RUN 'S' 0 80 (80)
2026-04-23 16:32:02:483 [IN ] C8 24 05 0B 25 A5 05 01 31 03 81 5A 4C 61 AD EA C8 24 05 0A 25 A5 05 01 31 02 81 49 03 38 AD (31)
                              [N5:V] TPOS 'Z' 76 (76)
                              [N5:V] TPOS 'I'
2026-04-23 16:32:02:707 [OUT] 25 A5 01 05 31 03 C9 3D 09 49 04 (11)
                              [N5:V] LFLAG '=' 9 (9)
2026-04-23 16:32:02:892 [IN ] C8 24 05 0B 25 A5 05 01 31 03 C9 3A 09 46 02 EA (16)
                              [N5:V] LFLAG ':' 9 (9)
2026-04-23 16:32:02:913 [OUT] 25 A5 01 05 31 03 84 00 50 0E 02 (11)
                              [N5:V] VEL 0 80 (80)
2026-04-23 16:32:03:077 [IN ] C8 24 05 0C 25 A5 05 01 31 04 84 53 00 50 62 C2 16 (17)
                              [N5:V] VEL 'S' 0 80 (80)
2026-04-23 16:32:03:099 [OUT] 25 A5 01 05 31 05 81 00 19 82 3C 94 B6 (13)
                              [N5:V] TPOS 0 25 130 60 (1671740)
2026-04-23 16:32:03:285 [IN ] C8 24 05 0E 25 A5 05 01 31 06 81 53 00 00 00 01 12 93 0A (19)
                              [N5:V] TPOS 'S' 0 0 0 1 (1)
2026-04-23 16:32:04:288 [IN ] C8 24 07 0E 25 A5 07 01 31 06 81 45 FF AB 15 20 E4 A7 0A (19)
                              [N7:N] TPOS 'E' 255 171 21 32 (-5565152)
2026-04-23 16:32:04:712 [OUT] 25 A5 01 07 31 05 81 FF F3 35 BF A5 39 (13)
                              [N7:N] TPOS 255 243 53 191 (-838209)
2026-04-23 16:32:04:896 [IN ] C8 24 07 0E 25 A5 07 01 31 06 81 53 FF AB 15 20 F2 ED 0A (19)
                              [N7:N] TPOS 'S' 255 171 21 32 (-5565152)
2026-04-23 16:32:05:498 [IN ] C8 24 0C 0E 25 A5 0C 01 31 06 81 45 FF BC CF 10 A4 70 0A (19)
                              [N12:Z] TPOS 'E' 255 188 207 16 (-4403440)
2026-04-23 16:32:05:923 [OUT] 25 A5 01 0C 31 05 81 FF D1 1A 67 15 6D (13)
                              [N12:Z] TPOS 255 209 26 103 (-3073433)
2026-04-23 16:32:06:109 [IN ] C8 24 0C 0E 25 A5 0C 01 31 06 81 53 FF BC CF 22 C4 C8 0A (19)
                              [N12:Z] TPOS 'S' 255 188 207 34 (-4403422)
2026-04-23 16:32:07:515 [IN ] C8 24 08 0B 25 A5 08 01 31 03 81 5A 52 6A C8 22 C8 24 08 0A 25 A5 08 01 31 02 81 49 06 4A C8 (31)
                              [N8:R] TPOS 'Z' 82 (82)
                              [N8:R] TPOS 'I'
2026-04-23 16:32:07:738 [OUT] 25 A5 01 08 31 03 CA 3D 09 4D 19 (11)
                              [N8:R] RFLAG '=' 9 (9)
2026-04-23 16:32:07:904 [IN ] C8 24 08 0B 25 A5 08 01 31 03 CA 3A 09 4A 1A 22 (16)
                              [N8:R] RFLAG ':' 9 (9)
2026-04-23 16:32:07:926 [OUT] 25 A5 01 08 31 05 81 FF DC 77 1D 2F DE (13)
                              [N8:R] TPOS 255 220 119 29 (-2328803)
2026-04-23 16:32:08:111 [IN ] C8 24 08 0E 25 A5 08 01 31 06 81 53 FF FF FF EE FF 95 0A (19)
                              [N8:R] TPOS 'S' 255 255 255 238 (-18)
2026-04-23 16:32:11:321 [IN ] C8 24 05 0E 25 A5 05 01 31 06 81 45 00 19 85 97 38 38 0A (19)
                              [N5:V] TPOS 'E' 0 25 133 151 (1672599)
2026-04-23 16:32:11:746 [OUT] 25 A5 01 05 31 05 81 00 0D 03 C1 8E 19 (13)
                              [N5:V] TPOS 0 13 3 193 (852929)
2026-04-23 16:32:11:932 [IN ] C8 24 05 0E 25 A5 05 01 31 06 81 53 00 19 85 96 45 7D 0A (19)
                              [N5:V] TPOS 'S' 0 25 133 150 (1672598)
2026-04-23 16:32:12:938 [IN ] C8 24 0C 0E 25 A5 0C 01 31 06 81 45 FF D1 1C 24 1A 5D 0A (19)
                              [N12:Z] TPOS 'E' 255 209 28 36 (-3072988)
2026-04-23 16:32:17:151 [IN ] C8 24 05 0E 25 A5 05 01 31 06 81 45 00 0D 02 07 19 7E 0A (19)
                              [N5:V] TPOS 'E' 0 13 2 7 (852487)
2026-04-23 16:32:17:375 [OUT] 25 A5 01 03 31 05 81 FF ED B1 30 88 70 (13)
                              [N3:X] TPOS 255 237 177 48 (-1199824)
2026-04-23 16:32:17:398 [OUT] 25 A5 01 04 31 05 81 FF F3 BD 0C 77 7E (13)
                              [N4:Y] TPOS 255 243 189 12 (-803572)
2026-04-23 16:32:17:563 [IN ] C8 24 03 0E 25 A5 03 01 31 06 81 53 FF FD 50 DF 3A F0 0A (19)
                              [N3:X] TPOS 'S' 255 253 80 223 (-175905)
2026-04-23 16:32:17:687 [IN ] C8 24 04 0E 25 A5 04 01 31 06 81 53 FF FD 4F D1 2C EA 0A (19)
                              [N4:Y] TPOS 'S' 255 253 79 209 (-176175)
2026-04-23 16:32:21:098 [IN ] C8 24 04 0E 25 A5 04 01 31 06 81 45 FF F3 BA 7A 28 05 0A C8 24 08 0E 25 A5 08 01 31 06 81 45 FF DC 74 DA 2F BC 0A (38)
                              [N4:Y] TPOS 'E' 255 243 186 122 (-804230)
                              [N8:R] TPOS 'E' 255 220 116 218 (-2329382)
2026-04-23 16:32:21:525 [OUT] 25 A5 01 08 31 05 81 FF EE 15 56 18 89 (13)
                              [N8:R] TPOS 255 238 21 86 (-1174186)
2026-04-23 16:32:21:712 [IN ] C8 24 08 0E 25 A5 08 01 31 06 (10)
2026-04-23 16:32:21:734 [IN ] 81 53 FF DC 74 E1 44 09 0A (9)
                              [N8:R] TPOS 'S' 255 220 116 225 (-2329375)
2026-04-23 16:32:22:738 [IN ] C8 24 03 0E 25 A5 03 01 31 06 81 45 FF ED AD 76 10 CB 0A (19)
                              [N3:X] TPOS 'E' 255 237 173 118 (-1200778)
2026-04-23 16:32:26:350 [IN ] C8 24 07 0E 25 A5 07 01 31 06 81 45 FF F3 3A 19 4A C2 0A (19)
                              [N7:N] TPOS 'E' 255 243 58 25 (-837095)
2026-04-23 16:32:28:558 [IN ] C8 24 08 0E 25 A5 08 01 31 06 81 45 FF EE 16 4B 54 A7 0A (19)
                              [N8:R] TPOS 'E' 255 238 22 75 (-1173941)
