2026-04-23 15:41:00:137 [OUT] 25 A5 01 0A 31 05 D6 3D FF 00 00 53 ED (13)
                              [N10:HMI] HMILED '=' 255 0 0 (16711680)
2026-04-23 15:41:00:159 [OUT] 25 A5 01 03 31 02 D8 3F 4E CE (10)
                              [N3:X] INTERRUPT '?'
2026-04-23 15:41:00:460 [IN ] C8 24 0A 0D 25 A5 0A 01 31 05 D6 3A FF 00 00 50 EA 7F C8 24 03 0C 25 A5 03 01 31 04 D8 3A 01 01 4D 6A EA (35)
                              [N10:HMI] HMILED ':' 255 0 0 (16711680)
                              [N3:X] INTERRUPT ':' 1 1 (257)
2026-04-23 15:41:00:481 [OUT] 25 A5 01 09 31 03 C9 3D 09 4D 1C (11)
                              [N9:P] LFLAG '=' 9 (9)
2026-04-23 15:41:00:504 [OUT] 25 A5 01 04 31 02 D8 3F 4F D3 (10)
                              [N4:Y] INTERRUPT '?'
2026-04-23 15:41:00:805 [IN ] C8 24 09 0B 25 A5 09 01 31 03 C9 3A 09 4A 1E 6A C8 24 04 0C 25 A5 04 01 31 04 D8 3A 01 01 4E 72 EA (33)
                              [N9:P] LFLAG ':' 9 (9)
                              [N4:Y] INTERRUPT ':' 1 1 (257)
2026-04-23 15:41:00:826 [OUT] 25 A5 01 09 31 03 CA 3D 09 4E 1F (11)
                              [N9:P] RFLAG '=' 9 (9)
2026-04-23 15:41:00:848 [OUT] 25 A5 01 0C 31 02 D8 3F 57 FB (10)
                              [N12:Z] INTERRUPT '?'
2026-04-23 15:41:01:149 [IN ] C8 24 09 0B 25 A5 09 01 31 03 CA 3A 09 4B 21 72 C8 24 0C 0C 25 A5 0C 01 31 04 D8 3A 01 01 56 B2 EA (33)
                              [N9:P] RFLAG ':' 9 (9)
                              [N12:Z] INTERRUPT ':' 1 1 (257)
2026-04-23 15:41:01:170 [OUT] 25 A5 01 08 31 03 C9 3D 09 4C 16 (11)
                              [N8:R] LFLAG '=' 9 (9)
2026-04-23 15:41:01:193 [OUT] 25 A5 01 03 31 03 C9 3D 0B 49 FA (11)
                              [N3:X] LFLAG '=' 11 (11)
2026-04-23 15:41:01:216 [OUT] 25 A5 01 04 31 03 C9 3D 0B 4A 00 (11)
                              [N4:Y] LFLAG '=' 11 (11)
2026-04-23 15:41:01:239 [OUT] 25 A5 01 0C 31 03 C9 3D 0B 52 30 (11)
                              [N12:Z] LFLAG '=' 11 (11)
2026-04-23 15:41:01:342 [IN ] C8 24 08 0B 25 A5 08 01 31 03 C9 3A 09 49 17 B2 (16)
                              [N8:R] LFLAG ':' 9 (9)
2026-04-23 15:41:01:364 [OUT] 25 A5 01 08 31 03 CA 3D 09 4D 19 (11)
                              [N8:R] RFLAG '=' 9 (9)
2026-04-23 15:41:01:447 [IN ] C8 24 03 0B 25 A5 03 01 31 03 C9 3A 0B 46 F6 B2 (16)
                              [N3:X] LFLAG ':' 11 (11)
2026-04-23 15:41:01:468 [OUT] 25 A5 01 03 31 03 88 00 50 10 02 (11)
                              [N3:X] RUN 0 80 (80)
2026-04-23 15:41:01:552 [IN ] C8 24 04 0B 25 A5 04 01 31 03 C9 3A 0B 47 FD B2 (16)
                              [N4:Y] LFLAG ':' 11 (11)
2026-04-23 15:41:01:573 [OUT] 25 A5 01 04 31 03 88 00 50 11 08 (11)
                              [N4:Y] RUN 0 80 (80)
2026-04-23 15:41:01:656 [IN ] C8 24 0C 0B 25 A5 0C 01 31 03 C9 3A 0B 4F 35 B2 (16)
                              [N12:Z] LFLAG ':' 11 (11)
2026-04-23 15:41:01:678 [OUT] 25 A5 01 0C 31 03 88 00 5A 23 42 (11)
                              [N12:Z] RUN 0 90 (90)
2026-04-23 15:41:01:782 [IN ] C8 24 08 0B 25 A5 08 01 31 03 CA 3A 09 4A 1A B2 (16)
                              [N8:R] RFLAG ':' 9 (9)
2026-04-23 15:41:01:885 [IN ] C8 24 03 0C 25 A5 03 01 31 04 88 53 00 50 64 C2 EA (17)
                              [N3:X] RUN 'S' 0 80 (80)
2026-04-23 15:41:02:008 [IN ] C8 24 04 0C 25 A5 04 01 31 04 88 53 00 50 65 CA EA (17)
                              [N4:Y] RUN 'S' 0 80 (80)
2026-04-23 15:41:02:112 [IN ] C8 24 0C 0C 25 A5 0C 01 31 04 88 53 00 5A 77 14 EA (17)
                              [N12:Z] RUN 'S' 0 90 (90)
2026-04-23 15:41:08:733 [IN ] C8 24 04 0B 25 A5 04 01 31 03 81 5A 4C 60 A6 14 C8 24 04 0A 25 A5 04 01 31 02 81 49 02 32 A6 (31)
                              [N4:Y] TPOS 'Z' 76 (76)
                              [N4:Y] TPOS 'I'
2026-04-23 15:41:08:957 [OUT] 25 A5 01 09 31 02 D8 3F 54 EC (10)
                              [N9:P] INTERRUPT '?'
2026-04-23 15:41:09:258 [IN ] C8 24 09 0C 25 A5 09 01 31 04 D8 3A 01 01 53 9A EA (17)
                              [N9:P] INTERRUPT ':' 1 1 (257)
2026-04-23 15:41:09:279 [OUT] 25 A5 01 04 31 03 C9 3D 09 48 FE (11)
                              [N4:Y] LFLAG '=' 9 (9)
2026-04-23 15:41:09:301 [OUT] 25 A5 01 07 31 02 D8 3F 52 E2 (10)
                              [N7:N] INTERRUPT '?'
2026-04-23 15:41:09:603 [IN ] C8 24 04 0B 25 A5 04 01 31 03 C9 3A 09 45 FB 9A C8 24 07 0C 25 A5 07 01 31 04 D8 3A 01 01 51 8A EA (33)
                              [N4:Y] LFLAG ':' 9 (9)
                              [N7:N] INTERRUPT ':' 1 1 (257)
2026-04-23 15:41:09:624 [OUT] 25 A5 01 09 31 03 C9 3D 0B 4F 1E (11)
                              [N9:P] LFLAG '=' 11 (11)
2026-04-23 15:41:09:645 [OUT] 25 A5 01 07 31 03 C9 3D 0B 4D 12 (11)
                              [N7:N] LFLAG '=' 11 (11)
2026-04-23 15:41:09:791 [IN ] C8 24 09 0B 25 A5 09 01 31 03 C9 3A 0B 4C 20 8A (16)
                              [N9:P] LFLAG ':' 11 (11)
2026-04-23 15:41:09:813 [OUT] 25 A5 01 09 31 03 88 00 50 16 26 (11)
                              [N9:P] RUN 0 80 (80)
2026-04-23 15:41:09:898 [IN ] C8 24 07 0B 25 A5 07 01 31 03 C9 3A 0B 4A 12 8A (16)
                              [N7:N] LFLAG ':' 11 (11)
2026-04-23 15:41:09:921 [OUT] 25 A5 01 07 31 03 88 00 50 14 1A (11)
                              [N7:N] RUN 0 80 (80)
2026-04-23 15:41:10:025 [IN ] C8 24 09 0C 25 A5 09 01 31 04 88 53 00 50 6A F2 EA (17)
                              [N9:P] RUN 'S' 0 80 (80)
2026-04-23 15:41:10:089 [IN ] C8 24 09 0B 25 A5 09 01 31 03 81 5A 4C 65 C9 F2 (16)
                              [N9:P] TPOS 'Z' 76 (76)
2026-04-23 15:41:10:111 [IN ] C8 24 07 0C 25 A5 07 01 31 04 88 53 00 50 68 E2 EA C8 24 09 0A 25 A5 09 01 31 02 81 49 07 50 68 (32)
                              [N7:N] RUN 'S' 0 80 (80)
                              [N9:P] TPOS 'I'
2026-04-23 15:41:10:339 [OUT] 25 A5 01 09 31 03 C9 3D 09 4D 1C (11)
                              [N9:P] LFLAG '=' 9 (9)
2026-04-23 15:41:10:360 [OUT] 25 A5 01 04 31 05 81 FF EE 88 01 32 FA (13)
                              [N4:Y] TPOS 255 238 136 1 (-1144831)
2026-04-23 15:41:10:506 [IN ] C8 24 09 0B 25 A5 09 01 31 03 C9 3A 09 4A 1E E2 (16)
                              [N9:P] LFLAG ':' 9 (9)
2026-04-23 15:41:10:630 [IN ] C8 24 04 0E 25 A5 04 01 31 06 81 53 00 00 00 00 10 88 0A (19)
                              [N4:Y] TPOS 'S' 0 0 0 0 (0)
2026-04-23 15:41:11:234 [IN ] C8 24 03 0B 25 A5 03 01 31 03 81 5A 4C 5F 9F 00 C8 24 03 0A 25 A5 03 01 31 02 81 49 01 2C 9F (31)
                              [N3:X] TPOS 'Z' 76 (76)
                              [N3:X] TPOS 'I'
2026-04-23 15:41:11:458 [OUT] 25 A5 01 03 31 03 C9 3D 09 47 F8 (11)
                              [N3:X] LFLAG '=' 9 (9)
2026-04-23 15:41:11:645 [IN ] C8 24 03 0B 25 A5 03 01 31 03 C9 3A 09 44 F4 00 (16)
                              [N3:X] LFLAG ':' 9 (9)
2026-04-23 15:41:14:056 [IN ] C8 24 07 0B 25 A5 07 01 31 03 81 5A 4C 63 BB 00 C8 24 07 0A 25 A5 07 01 31 02 81 49 05 44 BB (31)
                              [N7:N] TPOS 'Z' 76 (76)
                              [N7:N] TPOS 'I'
2026-04-23 15:41:14:280 [OUT] 25 A5 01 07 31 03 C9 3D 09 4B 10 (11)
                              [N7:N] LFLAG '=' 9 (9)
2026-04-23 15:41:14:443 [IN ] C8 24 07 0B 25 A5 07 01 31 03 C9 3A 09 48 10 00 (16)
                              [N7:N] LFLAG ':' 9 (9)
2026-04-23 15:41:16:849 [IN ] C8 24 04 0E 25 A5 04 01 31 06 81 45 FF EE 85 8F 03 A1 0A (19)
                              [N4:Y] TPOS 'E' 255 238 133 143 (-1145457)
2026-04-23 15:41:17:072 [OUT] 25 A5 01 09 31 05 81 FF E7 5D 56 5A 0C (13)
                              [N9:P] TPOS 255 231 93 86 (-1614506)
2026-04-23 15:41:17:094 [OUT] 25 A5 01 04 31 05 81 FF FD 50 01 09 B7 (13)
                              [N4:Y] TPOS 255 253 80 1 (-176127)
2026-04-23 15:41:17:117 [OUT] 25 A5 01 07 31 05 81 FF AB 19 75 F7 DF (13)
                              [N7:N] TPOS 255 171 25 117 (-5564043)
2026-04-23 15:41:17:139 [OUT] 25 A5 01 03 31 05 81 FF EC 4A AB 9B 1A (13)
                              [N3:X] TPOS 255 236 74 171 (-1291605)
2026-04-23 15:41:17:160 [OUT] 25 A5 01 06 31 02 D8 3F 51 DD (10)
                              [N6:H] INTERRUPT '?'
2026-04-23 15:41:17:461 [IN ] C8 24 09 0E 25 A5 09 01 31 06 81 53 FF FF FF FA 0C AB 0A C8 24 04 0E 25 A5 04 01 31 06 81 53 FF EE 85 90 12 E8 0A (38)
                              [N9:P] TPOS 'S' 255 255 255 250 (-6)
                              [N4:Y] TPOS 'S' 255 238 133 144 (-1145456)
2026-04-23 15:41:17:762 [IN ] C8 24 07 0E 25 A5 07 01 31 06 81 53 FF FF FF FE 0E 9B 0A C8 24 03 0E 25 A5 03 01 31 06 81 53 00 00 00 00 0F 7E 0A C8 24 06 0C 25 A5 06 01 31 04 D8 3A 01 01 50 82 0F (55)
                              [N7:N] TPOS 'S' 255 255 255 254 (-2)
                              [N3:X] TPOS 'S' 0 0 0 0 (0)
                              [N6:H] INTERRUPT ':' 1 1 (257)
2026-04-23 15:41:17:784 [OUT] 25 A5 01 06 31 03 C9 3D 0B 4C 0C (11)
                              [N6:H] LFLAG '=' 11 (11)
2026-04-23 15:41:17:949 [IN ] C8 24 06 0B 25 A5 06 01 31 03 C9 3A 0B 49 0B 82 (16)
                              [N6:H] LFLAG ':' 11 (11)
2026-04-23 15:41:17:974 [OUT] 25 A5 01 06 31 03 88 FF B0 72 72 (11)
                              [N6:H] RUN 255 176 (-80)
2026-04-23 15:41:18:141 [IN ] C8 24 06 0C 25 A5 06 01 31 04 88 53 FF B0 C6 38 0F (17)
                              [N6:H] RUN 'S' 255 176 (-80)
2026-04-23 15:41:18:947 [IN ] C8 24 0C 0B 25 A5 0C 01 31 03 81 5A 4C 68 DE 38 C8 24 0C 0A 25 A5 0C 01 31 02 81 49 0A 62 DE (31)
                              [N12:Z] TPOS 'Z' 76 (76)
                              [N12:Z] TPOS 'I'
2026-04-23 15:41:19:170 [OUT] 25 A5 01 0C 31 03 C9 3D 09 50 2E (11)
                              [N12:Z] LFLAG '=' 9 (9)
2026-04-23 15:41:19:336 [IN ] C8 24 0C 0B 25 A5 0C 01 31 03 C9 3A 09 4D 33 38 (16)
                              [N12:Z] LFLAG ':' 9 (9)
2026-04-23 15:41:19:356 [OUT] 25 A5 01 0C 31 05 81 FF BC D0 00 4F 33 (13)
                              [N12:Z] TPOS 255 188 208 0 (-4403200)
2026-04-23 15:41:19:541 [IN ] C8 24 0C (3)
2026-04-23 15:41:19:562 [IN ] 0E 25 A5 0C 01 31 06 81 53 FF FF FF 59 6E 28 0A (16)
                              [N12:Z] TPOS 'S' 255 255 255 89 (-167)
2026-04-23 15:41:22:171 [IN ] C8 24 06 0B 25 A5 06 01 31 03 81 5A 4C 62 B4 59 C8 24 06 0A 25 A5 06 01 31 02 81 49 04 3E B4 (31)
                              [N6:H] TPOS 'Z' 76 (76)
                              [N6:H] TPOS 'I'
2026-04-23 15:41:22:392 [OUT] 25 A5 01 06 31 03 C9 3D 09 4A 0A (11)
                              [N6:H] LFLAG '=' 9 (9)
2026-04-23 15:41:22:559 [IN ] C8 24 06 0B 25 A5 06 01 31 03 C9 3A 09 47 09 59 (16)
                              [N6:H] LFLAG ':' 9 (9)
2026-04-23 15:41:22:580 [OUT] 25 A5 01 06 31 03 84 00 50 0F 08 (11)
                              [N6:H] VEL 0 80 (80)
2026-04-23 15:41:22:747 [IN ] C8 24 06 0C 25 A5 06 01 31 04 84 53 00 50 63 CA 6E (17)
                              [N6:H] VEL 'S' 0 80 (80)
2026-04-23 15:41:22:768 [OUT] 25 A5 01 06 31 05 81 00 19 82 3C 95 BE (13)
                              [N6:H] TPOS 0 25 130 60 (1671740)
2026-04-23 15:41:22:954 [IN ] C8 24 06 0E 25 A5 06 01 31 06 81 53 00 00 00 04 16 A0 0A (19)
                              [N6:H] TPOS 'S' 0 0 0 4 (4)
2026-04-23 15:41:24:157 [IN ] C8 24 03 0E 25 A5 03 01 31 06 81 45 FF EC 47 D7 0A 5D 0A (19)
                              [N3:X] TPOS 'E' 255 236 71 215 (-1292329)
2026-04-23 15:41:24:585 [OUT] 25 A5 01 03 31 05 81 FF FD 50 01 08 AF (13)
                              [N3:X] TPOS 255 253 80 1 (-176127)
2026-04-23 15:41:24:771 [IN ] C8 24 03 0E 25 A5 03 01 31 06 81 53 FF EC 47 D8 19 A4 0A (19)
                              [N3:X] TPOS 'S' 255 236 71 216 (-1292328)
2026-04-23 15:41:25:775 [IN ] C8 24 04 0E 25 A5 04 01 31 06 81 45 FF FD 4F B9 06 8C 0A (19)
                              [N4:Y] TPOS 'E' 255 253 79 185 (-176199)
2026-04-23 15:41:26:780 [IN ] C8 24 09 0E 25 A5 09 01 31 06 81 45 FF E7 5B 60 A8 3B 0A (19)
                              [N9:P] TPOS 'E' 255 231 91 96 (-1615008)
2026-04-23 15:41:27:206 [OUT] 25 A5 01 09 31 05 81 FF FF D9 C8 60 BE (13)
                              [N9:P] TPOS 255 255 217 200 (-9784)
2026-04-23 15:41:27:372 [IN ] C8 24 09 0E 25 A5 09 01 31 06 81 53 FF E7 5B 69 BF 8A 0A (19)
                              [N9:P] TPOS 'S' 255 231 91 105 (-1614999)
2026-04-23 15:41:30:782 [IN ] C8 24 06 0E 25 A5 06 01 31 06 81 45 00 19 86 6D 10 1A 0A (19)
                              [N6:H] TPOS 'E' 0 25 134 109 (1672813)
2026-04-23 15:41:31:207 [OUT] 25 A5 01 06 31 05 81 00 0D 03 C1 8F 21 (13)
                              [N6:H] TPOS 0 13 3 193 (852929)
2026-04-23 15:41:31:411 [IN ] C8 24 06 0E 25 A5 06 01 31 06 81 53 00 19 86 6D 1E 60 0A (19)
                              [N6:H] TPOS 'S' 0 25 134 109 (1672813)
2026-04-23 15:41:33:818 [IN ] C8 24 03 0E 25 A5 03 01 31 06 81 45 FF FD 50 D2 1F 9D 0A (19)
                              [N3:X] TPOS 'E' 255 253 80 210 (-175918)
2026-04-23 15:41:35:224 [IN ] C8 24 06 0E 25 A5 06 01 31 06 81 45 00 0C FF 1B 2A 93 0A (19)
                              [N6:H] TPOS 'E' 0 12 255 27 (851739)
2026-04-23 15:41:35:447 [OUT] 25 A5 01 05 31 02 D8 3F 50 D8 (10)
                              [N5:V] INTERRUPT '?'
2026-04-23 15:41:35:749 [IN ] C8 24 05 0C 25 A5 05 01 31 04 D8 3A 01 01 4F 7A 2A (17)
                              [N5:V] INTERRUPT ':' 1 1 (257)
2026-04-23 15:41:35:770 [OUT] 25 A5 01 05 31 03 C9 3D 0B 4B 06 (11)
                              [N5:V] LFLAG '=' 11 (11)
2026-04-23 15:41:35:935 [IN ] C8 24 05 0B 25 A5 05 01 31 03 C9 3A 0B 48 04 7A (16)
                              [N5:V] LFLAG ':' 11 (11)
2026-04-23 15:41:35:956 [OUT] 25 A5 01 05 31 03 88 FF B0 71 6C (11)
                              [N5:V] RUN 255 176 (-80)
2026-04-23 15:41:36:141 [IN ] C8 24 05 0C 25 A5 05 01 31 04 88 53 FF B0 C5 30 2A (17)
                              [N5:V] RUN 'S' 255 176 (-80)
2026-04-23 15:41:37:344 [IN ] C8 24 09 0E 25 A5 09 01 31 06 81 45 FF FF DB 50 30 73 0A (19)
                              [N9:P] TPOS 'E' 255 255 219 80 (-9392)
2026-04-23 15:41:37:566 [OUT] 25 A5 01 08 31 02 D8 3F 53 E7 (10)
                              [N8:R] INTERRUPT '?'
2026-04-23 15:41:37:868 [IN ] C8 24 08 0C 25 A5 08 01 31 04 D8 3A 01 01 52 92 30 (17)
                              [N8:R] INTERRUPT ':' 1 1 (257)
2026-04-23 15:41:37:889 [OUT] 25 A5 01 08 31 03 CA 3D 0B 4F 1B (11)
                              [N8:R] RFLAG '=' 11 (11)
2026-04-23 15:41:38:055 [IN ] C8 24 08 0B 25 A5 08 01 31 03 CA 3A 0B 4C 1C 92 (16)
                              [N8:R] RFLAG ':' 11 (11)
2026-04-23 15:41:38:076 [OUT] 25 A5 01 08 31 03 88 00 50 15 20 (11)
                              [N8:R] RUN 0 80 (80)
2026-04-23 15:41:38:240 [IN ] C8 24 08 0C 25 A5 08 01 31 04 88 53 00 50 69 EA 30 (17)
                              [N8:R] RUN 'S' 0 80 (80)
2026-04-23 15:41:41:049 [IN ] C8 24 05 0B 25 A5 05 01 31 03 81 5A 4C 61 AD EA C8 24 05 0A 25 A5 05 01 31 02 81 49 03 38 AD (31)
                              [N5:V] TPOS 'Z' 76 (76)
                              [N5:V] TPOS 'I'
2026-04-23 15:41:41:272 [OUT] 25 A5 01 05 31 03 C9 3D 09 49 04 (11)
                              [N5:V] LFLAG '=' 9 (9)
2026-04-23 15:41:41:439 [IN ] C8 24 05 0B 25 A5 05 01 31 03 C9 3A 09 46 02 EA (16)
                              [N5:V] LFLAG ':' 9 (9)
2026-04-23 15:41:41:460 [OUT] 25 A5 01 05 31 03 84 00 50 0E 02 (11)
                              [N5:V] VEL 0 80 (80)
2026-04-23 15:41:41:624 [IN ] C8 24 05 0C 25 A5 05 01 31 04 84 53 00 50 62 C2 30 (17)
                              [N5:V] VEL 'S' 0 80 (80)
2026-04-23 15:41:41:645 [OUT] 25 A5 01 05 31 05 81 00 19 82 3C 94 B6 (13)
                              [N5:V] TPOS 0 25 130 60 (1671740)
2026-04-23 15:41:41:831 [IN ] C8 24 05 0E 25 A5 05 01 31 06 81 53 00 00 00 02 13 94 0A (19)
                              [N5:V] TPOS 'S' 0 0 0 2 (2)
2026-04-23 15:41:42:834 [IN ] C8 24 07 0E 25 A5 07 01 31 06 81 45 FF AB 15 31 F5 B8 0A (19)
                              [N7:N] TPOS 'E' 255 171 21 49 (-5565135)
2026-04-23 15:41:43:258 [OUT] 25 A5 01 07 31 05 81 FF F3 35 BF A5 39 (13)
                              [N7:N] TPOS 255 243 53 191 (-838209)
2026-04-23 15:41:43:446 [IN ] C8 24 07 0E 25 A5 07 01 31 06 81 53 FF AB 15 31 03 FE 0A (19)
                              [N7:N] TPOS 'S' 255 171 21 49 (-5565135)
2026-04-23 15:41:44:049 [IN ] C8 24 0C 0E 25 A5 0C 01 31 06 81 45 FF BC CF 12 A6 72 0A (19)
                              [N12:Z] TPOS 'E' 255 188 207 18 (-4403438)
2026-04-23 15:41:44:474 [OUT] 25 A5 01 0C 31 05 81 FF D1 1A 67 15 6D (13)
                              [N12:Z] TPOS 255 209 26 103 (-3073433)
2026-04-23 15:41:44:659 [IN ] C8 24 0C 0E 25 A5 0C 01 31 06 81 53 FF BC CF 1E C0 C4 0A (19)
                              [N12:Z] TPOS 'S' 255 188 207 30 (-4403426)
2026-04-23 15:41:45:463 [IN ] C8 24 08 0B 25 A5 08 01 31 03 81 5A 52 6A C8 1E C8 24 08 0A 25 A5 08 01 31 02 81 49 06 4A C8 (31)
                              [N8:R] TPOS 'Z' 82 (82)
                              [N8:R] TPOS 'I'
2026-04-23 15:41:45:686 [OUT] 25 A5 01 08 31 03 CA 3D 09 4D 19 (11)
                              [N8:R] RFLAG '=' 9 (9)
2026-04-23 15:41:45:852 [IN ] C8 24 08 0B 25 A5 08 01 31 03 CA 3A 09 4A 1A 1E (16)
                              [N8:R] RFLAG ':' 9 (9)
2026-04-23 15:41:45:873 [OUT] 25 A5 01 08 31 05 81 FF DC 77 1D 2F DE (13)
                              [N8:R] TPOS 255 220 119 29 (-2328803)
2026-04-23 15:41:46:057 [IN ] C8 24 08 0E 25 A5 08 01 31 06 81 53 FF FF FF EA FB 91 0A (19)
                              [N8:R] TPOS 'S' 255 255 255 234 (-22)
2026-04-23 15:41:49:867 [IN ] C8 24 05 0E 25 A5 05 01 31 06 81 45 00 19 85 64 05 05 0A (19)
                              [N5:V] TPOS 'E' 0 25 133 100 (1672548)
2026-04-23 15:41:50:291 [OUT] 25 A5 01 05 31 05 81 00 0D 03 C1 8E 19 (13)
                              [N5:V] TPOS 0 13 3 193 (852929)
2026-04-23 15:41:50:476 [IN ] C8 24 05 0E 25 A5 05 01 31 06 81 53 00 19 85 64 13 4B 0A (19)
                              [N5:V] TPOS 'S' 0 25 133 100 (1672548)
2026-04-23 15:41:51:479 [IN ] C8 24 0C 0E 25 A5 0C 01 31 06 81 45 FF D1 1C 19 0F 52 0A (19)
                              [N12:Z] TPOS 'E' 255 209 28 25 (-3072999)
2026-04-23 15:41:55:691 [IN ] C8 24 05 0E 25 A5 05 01 31 06 81 45 00 0D 02 40 52 B7 0A (19)
                              [N5:V] TPOS 'E' 0 13 2 64 (852544)
2026-04-23 15:41:55:914 [OUT] 25 A5 01 03 31 05 81 FF ED B1 30 88 70 (13)
                              [N3:X] TPOS 255 237 177 48 (-1199824)
2026-04-23 15:41:55:937 [OUT] 25 A5 01 04 31 05 81 FF F3 BD 0C 77 7E (13)
                              [N4:Y] TPOS 255 243 189 12 (-803572)
2026-04-23 15:41:56:101 [IN ] C8 24 03 0E 25 A5 03 01 31 06 81 53 FF FD 50 CE 29 DF 0A (19)
                              [N3:X] TPOS 'S' 255 253 80 206 (-175922)
2026-04-23 15:41:56:224 [IN ] C8 24 04 0E 25 A5 04 01 31 06 81 53 FF FD 4F B9 14 D2 0A (19)
                              [N4:Y] TPOS 'S' 255 253 79 185 (-176199)
2026-04-23 15:41:59:031 [IN ] C8 24 08 0E 25 A5 08 01 31 06 81 45 FF DC 75 37 8D 1B 0A (19)
                              [N8:R] TPOS 'E' 255 220 117 55 (-2329289)
2026-04-23 15:41:59:456 [OUT] 25 A5 01 08 31 05 81 FF EE 15 56 18 89 (13)
                              [N8:R] TPOS 255 238 21 86 (-1174186)
2026-04-23 15:41:59:621 [IN ] C8 24 04 0E 25 A5 04 01 31 06 81 45 FF F3 BA A2 50 2D 0A (19)
                              [N4:Y] TPOS 'E' 255 243 186 162 (-804190)
2026-04-23 15:41:59:642 [IN ] C8 24 08 0E 25 A5 08 01 31 06 81 53 FF DC 75 44 A8 6E 0A (19)
                              [N8:R] TPOS 'S' 255 220 117 68 (-2329276)
2026-04-23 15:42:01:247 [IN ] C8 24 03 0E 25 A5 03 01 31 06 81 45 FF ED AD 9B 35 F0 0A (19)
                              [N3:X] TPOS 'E' 255 237 173 155 (-1200741)
2026-04-23 15:42:04:857 [IN ] C8 24 07 0E 25 A5 07 01 31 06 81 45 FF F3 3A 0F 40 B8 0A (19)
                              [N7:N] TPOS 'E' 255 243 58 15 (-837105)
2026-04-23 15:42:06:464 [IN ] C8 24 08 0E 25 A5 08 01 31 06 81 45 FF EE 16 20 29 7C 0A (19)
                              [N8:R] TPOS 'E' 255 238 22 32 (-1173984)
