2026-04-23 08:54:04:164 [OUT] 25 A5 01 0A 31 05 D6 3D FF 00 00 53 ED (13)
                              [N10:HMI] HMILED '=' 255 0 0 (16711680)
2026-04-23 08:54:04:187 [OUT] 25 A5 01 03 31 02 D8 3F 4E CE (10)
                              [N3:X] INTERRUPT '?'
2026-04-23 08:54:04:488 [IN ] C8 24 0A 0D 25 A5 0A 01 31 05 D6 3A FF 00 00 50 EA 82 C8 24 03 0C 25 A5 03 01 31 04 D8 3A 01 01 4D 6A EA (35)
                              [N10:HMI] HMILED ':' 255 0 0 (16711680)
                              [N3:X] INTERRUPT ':' 1 1 (257)
2026-04-23 08:54:04:509 [OUT] 25 A5 01 09 31 03 C9 3D 09 4D 1C (11)
                              [N9:P] LFLAG '=' 9 (9)
2026-04-23 08:54:04:532 [OUT] 25 A5 01 04 31 02 D8 3F 4F D3 (10)
                              [N4:Y] INTERRUPT '?'
2026-04-23 08:54:04:833 [IN ] C8 24 09 0B 25 A5 09 01 31 03 C9 3A 09 4A 1E 6A C8 24 04 0C 25 A5 04 01 31 04 D8 3A 01 01 4E 72 EA (33)
                              [N9:P] LFLAG ':' 9 (9)
                              [N4:Y] INTERRUPT ':' 1 1 (257)
2026-04-23 08:54:04:855 [OUT] 25 A5 01 09 31 03 CA 3D 09 4E 1F (11)
                              [N9:P] RFLAG '=' 9 (9)
2026-04-23 08:54:04:878 [OUT] 25 A5 01 0C 31 02 D8 3F 57 FB (10)
                              [N12:Z] INTERRUPT '?'
2026-04-23 08:54:05:180 [IN ] C8 24 09 0B 25 A5 09 01 31 03 CA 3A 09 4B 21 72 C8 24 0C 0C 25 A5 0C 01 31 04 D8 3A 01 01 56 B2 EA (33)
                              [N9:P] RFLAG ':' 9 (9)
                              [N12:Z] INTERRUPT ':' 1 1 (257)
2026-04-23 08:54:05:202 [OUT] 25 A5 01 08 31 03 C9 3D 09 4C 16 (11)
                              [N8:R] LFLAG '=' 9 (9)
2026-04-23 08:54:05:223 [OUT] 25 A5 01 03 31 03 C9 3D 0B 49 FA (11)
                              [N3:X] LFLAG '=' 11 (11)
2026-04-23 08:54:05:245 [OUT] 25 A5 01 04 31 03 C9 3D 0B 4A 00 (11)
                              [N4:Y] LFLAG '=' 11 (11)
2026-04-23 08:54:05:266 [OUT] 25 A5 01 0C 31 03 C9 3D 0B 52 30 (11)
                              [N12:Z] LFLAG '=' 11 (11)
2026-04-23 08:54:05:351 [IN ] C8 24 08 0B 25 A5 08 01 31 03 C9 3A 09 49 17 B2 (16)
                              [N8:R] LFLAG ':' 9 (9)
2026-04-23 08:54:05:373 [OUT] 25 A5 01 08 31 03 CA 3D 09 4D 19 (11)
                              [N8:R] RFLAG '=' 9 (9)
2026-04-23 08:54:05:479 [IN ] C8 24 03 0B 25 A5 03 01 31 03 C9 3A 0B 46 F6 B2 (16)
                              [N3:X] LFLAG ':' 11 (11)
2026-04-23 08:54:05:501 [OUT] 25 A5 01 03 31 03 88 00 50 10 02 (11)
                              [N3:X] RUN 0 80 (80)
2026-04-23 08:54:05:584 [IN ] C8 24 04 0B 25 A5 04 01 31 03 C9 3A 0B 47 FD B2 (16)
                              [N4:Y] LFLAG ':' 11 (11)
2026-04-23 08:54:05:606 [OUT] 25 A5 01 04 31 03 88 00 50 11 08 (11)
                              [N4:Y] RUN 0 80 (80)
2026-04-23 08:54:05:688 [IN ] C8 24 0C 0B 25 A5 0C 01 31 03 C9 3A 0B 4F 35 B2 (16)
                              [N12:Z] LFLAG ':' 11 (11)
2026-04-23 08:54:05:710 [OUT] 25 A5 01 0C 31 03 88 00 50 19 38 (11)
                              [N12:Z] RUN 0 80 (80)
2026-04-23 08:54:05:813 [IN ] C8 24 08 0B 25 A5 08 01 31 03 CA 3A 09 4A 1A B2 (16)
                              [N8:R] RFLAG ':' 9 (9)
2026-04-23 08:54:05:916 [IN ] C8 24 03 0C 25 A5 03 01 31 04 88 53 00 50 64 C2 EA (17)
                              [N3:X] RUN 'S' 0 80 (80)
2026-04-23 08:54:06:039 [IN ] C8 24 04 0C 25 A5 04 01 31 04 88 53 00 50 65 CA EA (17)
                              [N4:Y] RUN 'S' 0 80 (80)
2026-04-23 08:54:06:122 [IN ] C8 24 0C 0C 25 A5 0C 01 31 (9)
2026-04-23 08:54:06:143 [IN ] 04 88 53 00 50 6D 0A EA (8)
                              [N12:Z] RUN 'S' 0 80 (80)
2026-04-23 08:54:13:159 [IN ] C8 24 04 0B 25 A5 04 01 31 03 81 5A 4C 60 A6 0A C8 24 04 0A 25 A5 04 01 31 02 81 49 02 32 A6 (31)
                              [N4:Y] TPOS 'Z' 76 (76)
                              [N4:Y] TPOS 'I'
2026-04-23 08:54:13:382 [OUT] 25 A5 01 09 31 02 D8 3F 54 EC (10)
                              [N9:P] INTERRUPT '?'
2026-04-23 08:54:13:684 [IN ] C8 24 09 0C 25 A5 09 01 31 04 D8 3A 01 01 53 9A EA (17)
                              [N9:P] INTERRUPT ':' 1 1 (257)
2026-04-23 08:54:13:705 [OUT] 25 A5 01 04 31 03 C9 3D 09 48 FE (11)
                              [N4:Y] LFLAG '=' 9 (9)
2026-04-23 08:54:13:727 [OUT] 25 A5 01 07 31 02 D8 3F 52 E2 (10)
                              [N7:N] INTERRUPT '?'
2026-04-23 08:54:14:028 [IN ] C8 24 04 0B 25 A5 04 01 31 03 C9 3A 09 45 FB 9A C8 24 07 0C 25 A5 07 01 31 04 D8 3A 01 01 51 8A EA (33)
                              [N4:Y] LFLAG ':' 9 (9)
                              [N7:N] INTERRUPT ':' 1 1 (257)
2026-04-23 08:54:14:050 [OUT] 25 A5 01 09 31 03 C9 3D 0B 4F 1E (11)
                              [N9:P] LFLAG '=' 11 (11)
2026-04-23 08:54:14:071 [OUT] 25 A5 01 07 31 03 C9 3D 0B 4D 12 (11)
                              [N7:N] LFLAG '=' 11 (11)
2026-04-23 08:54:14:217 [IN ] C8 24 09 0B 25 A5 09 01 31 03 C9 3A 0B 4C 20 8A (16)
                              [N9:P] LFLAG ':' 11 (11)
2026-04-23 08:54:14:241 [OUT] 25 A5 01 09 31 03 88 00 50 16 26 (11)
                              [N9:P] RUN 0 80 (80)
2026-04-23 08:54:14:325 [IN ] C8 24 07 0B 25 A5 07 01 31 03 C9 3A 0B 4A 12 8A (16)
                              [N7:N] LFLAG ':' 11 (11)
2026-04-23 08:54:14:346 [OUT] 25 A5 01 07 31 03 88 00 50 14 1A (11)
                              [N7:N] RUN 0 80 (80)
2026-04-23 08:54:14:450 [IN ] C8 24 09 0C 25 A5 09 01 31 04 88 53 00 50 6A F2 EA (17)
                              [N9:P] RUN 'S' 0 80 (80)
2026-04-23 08:54:14:513 [IN ] C8 24 09 0B 25 A5 09 01 31 03 81 5A 4C 65 C9 F2 (16)
                              [N9:P] TPOS 'Z' 76 (76)
2026-04-23 08:54:14:556 [IN ] C8 24 07 0C 25 A5 07 01 31 04 88 53 00 50 68 E2 EA C8 24 09 0A 25 A5 09 01 31 02 81 49 07 50 68 (32)
                              [N7:N] RUN 'S' 0 80 (80)
                              [N9:P] TPOS 'I'
2026-04-23 08:54:14:780 [OUT] 25 A5 01 09 31 03 C9 3D 09 4D 1C (11)
                              [N9:P] LFLAG '=' 9 (9)
2026-04-23 08:54:14:801 [OUT] 25 A5 01 04 31 05 81 FF EE 88 01 32 FA (13)
                              [N4:Y] TPOS 255 238 136 1 (-1144831)
2026-04-23 08:54:14:944 [IN ] C8 24 09 0B 25 A5 09 (7)
2026-04-23 08:54:14:966 [IN ] 01 31 03 C9 3A 09 4A 1E E2 (9)
                              [N9:P] LFLAG ':' 9 (9)
2026-04-23 08:54:15:088 [IN ] C8 24 04 0E 25 A5 04 01 31 06 81 53 00 00 00 00 10 88 0A (19)
                              [N4:Y] TPOS 'S' 0 0 0 0 (0)
2026-04-23 08:54:16:291 [IN ] C8 24 03 0B 25 A5 03 01 31 03 81 5A 4C 5F 9F 00 C8 24 03 0A 25 A5 03 01 31 02 81 49 01 2C 9F (31)
                              [N3:X] TPOS 'Z' 76 (76)
                              [N3:X] TPOS 'I'
2026-04-23 08:54:16:514 [OUT] 25 A5 01 03 31 03 C9 3D 09 47 F8 (11)
                              [N3:X] LFLAG '=' 9 (9)
2026-04-23 08:54:16:698 [IN ] C8 24 03 0B 25 A5 03 01 31 03 C9 3A 09 44 F4 00 (16)
                              [N3:X] LFLAG ':' 9 (9)
2026-04-23 08:54:18:508 [IN ] C8 24 07 0B 25 A5 07 01 31 03 81 5A 4C 63 BB 00 C8 24 07 0A 25 A5 07 01 31 02 81 49 05 44 BB (31)
                              [N7:N] TPOS 'Z' 76 (76)
                              [N7:N] TPOS 'I'
2026-04-23 08:54:18:730 [OUT] 25 A5 01 07 31 03 C9 3D 09 4B 10 (11)
                              [N7:N] LFLAG '=' 9 (9)
2026-04-23 08:54:18:895 [IN ] C8 24 07 0B 25 A5 07 01 31 03 C9 3A 09 48 10 00 (16)
                              [N7:N] LFLAG ':' 9 (9)
2026-04-23 08:54:21:702 [IN ] C8 24 04 0E 25 A5 04 01 31 06 81 45 FF EE 86 01 76 15 0A (19)
                              [N4:Y] TPOS 'E' 255 238 134 1 (-1145343)
2026-04-23 08:54:21:925 [OUT] 25 A5 01 09 31 05 81 FF E7 5D 56 5A 0C (13)
                              [N9:P] TPOS 255 231 93 86 (-1614506)
2026-04-23 08:54:21:947 [OUT] 25 A5 01 04 31 05 81 FF FD 50 01 09 B7 (13)
                              [N4:Y] TPOS 255 253 80 1 (-176127)
2026-04-23 08:54:21:970 [OUT] 25 A5 01 07 31 05 81 FF AB 19 75 F7 DF (13)
                              [N7:N] TPOS 255 171 25 117 (-5564043)
2026-04-23 08:54:21:994 [OUT] 25 A5 01 03 31 05 81 FF EC 4A AB 9B 1A (13)
                              [N3:X] TPOS 255 236 74 171 (-1291605)
2026-04-23 08:54:22:016 [OUT] 25 A5 01 06 31 02 D8 3F 51 DD (10)
                              [N6:H] INTERRUPT '?'
2026-04-23 08:54:22:317 [IN ] C8 24 09 0E 25 A5 09 01 31 06 81 53 FF FF FF E0 F2 91 0A C8 24 04 0E 25 A5 04 01 31 06 81 53 FF EE 86 01 84 5B 0A (38)
                              [N9:P] TPOS 'S' 255 255 255 224 (-32)
                              [N4:Y] TPOS 'S' 255 238 134 1 (-1145343)
2026-04-23 08:54:22:618 [IN ] C8 24 07 0E 25 A5 07 01 31 06 81 53 00 00 00 00 13 A6 0A C8 24 03 0E 25 A5 03 01 31 06 81 53 00 00 00 00 0F 7E 0A C8 24 06 0C 25 A5 06 01 31 04 D8 3A 01 01 50 82 0F (55)
                              [N7:N] TPOS 'S' 0 0 0 0 (0)
                              [N3:X] TPOS 'S' 0 0 0 0 (0)
                              [N6:H] INTERRUPT ':' 1 1 (257)
2026-04-23 08:54:22:640 [OUT] 25 A5 01 06 31 03 C9 3D 0B 4C 0C (11)
                              [N6:H] LFLAG '=' 11 (11)
2026-04-23 08:54:22:805 [IN ] C8 24 06 0B 25 A5 06 01 31 03 C9 3A 0B 49 0B 82 (16)
                              [N6:H] LFLAG ':' 11 (11)
2026-04-23 08:54:22:829 [OUT] 25 A5 01 06 31 03 88 FF B0 72 72 (11)
                              [N6:H] RUN 255 176 (-80)
2026-04-23 08:54:22:995 [IN ] C8 24 06 0C 25 A5 06 01 31 04 88 53 FF B0 C6 38 0F (17)
                              [N6:H] RUN 'S' 255 176 (-80)
2026-04-23 08:54:26:003 [IN ] C8 24 0C 0B 25 A5 0C 01 31 03 81 5A 4C 68 DE 38 C8 24 0C 0A 25 A5 0C 01 31 02 81 49 0A 62 DE (31)
                              [N12:Z] TPOS 'Z' 76 (76)
                              [N12:Z] TPOS 'I'
2026-04-23 08:54:26:225 [OUT] 25 A5 01 0C 31 03 C9 3D 09 50 2E (11)
                              [N12:Z] LFLAG '=' 9 (9)
2026-04-23 08:54:26:390 [IN ] C8 24 0C 0B 25 A5 0C 01 31 03 C9 3A 09 4D 33 38 (16)
                              [N12:Z] LFLAG ':' 9 (9)
2026-04-23 08:54:26:411 [OUT] 25 A5 01 0C 31 05 81 FF BC D0 00 4F 33 (13)
                              [N12:Z] TPOS 255 188 208 0 (-4403200)
2026-04-23 08:54:26:596 [IN ] C8 24 0C 0E 25 A5 0C 01 31 (9)
2026-04-23 08:54:26:617 [IN ] 06 81 53 FF FF FF 66 7B 35 0A (10)
                              [N12:Z] TPOS 'S' 255 255 255 102 (-154)
2026-04-23 08:54:27:023 [IN ] C8 24 06 0B 25 A5 06 01 31 03 81 5A 4C 62 B4 66 C8 24 06 0A 25 A5 06 01 31 02 81 49 04 3E B4 (31)
                              [N6:H] TPOS 'Z' 76 (76)
                              [N6:H] TPOS 'I'
2026-04-23 08:54:27:248 [OUT] 25 A5 01 06 31 03 C9 3D 09 4A 0A (11)
                              [N6:H] LFLAG '=' 9 (9)
2026-04-23 08:54:27:413 [IN ] C8 24 06 0B 25 A5 06 01 31 03 C9 3A 09 47 09 66 (16)
                              [N6:H] LFLAG ':' 9 (9)
2026-04-23 08:54:27:434 [OUT] 25 A5 01 06 31 03 84 00 50 0F 08 (11)
                              [N6:H] VEL 0 80 (80)
2026-04-23 08:54:27:599 [IN ] C8 24 06 0C 25 A5 06 01 31 04 84 53 00 50 63 CA 7B (17)
                              [N6:H] VEL 'S' 0 80 (80)
2026-04-23 08:54:27:621 [OUT] 25 A5 01 06 31 05 81 00 19 82 3C 95 BE (13)
                              [N6:H] TPOS 0 25 130 60 (1671740)
2026-04-23 08:54:27:805 [IN ] C8 24 06 0E 25 A5 06 01 31 06 81 53 00 00 00 04 16 A0 0A (19)
                              [N6:H] TPOS 'S' 0 0 0 4 (4)
2026-04-23 08:54:29:609 [IN ] C8 24 03 0E 25 A5 03 01 31 06 81 45 FF EC 48 AB DF 33 0A (19)
                              [N3:X] TPOS 'E' 255 236 72 171 (-1292117)
2026-04-23 08:54:30:033 [OUT] 25 A5 01 03 31 05 81 FF FD 50 01 08 AF (13)
                              [N3:X] TPOS 255 253 80 1 (-176127)
2026-04-23 08:54:30:218 [IN ] C8 24 03 0E 25 A5 03 01 31 06 81 53 FF EC 48 AC EE 7A 0A (19)
                              [N3:X] TPOS 'S' 255 236 72 172 (-1292116)
2026-04-23 08:54:31:221 [IN ] C8 24 04 0E 25 A5 04 01 31 06 81 45 FF FD 4F 97 E4 6A 0A (19)
                              [N4:Y] TPOS 'E' 255 253 79 151 (-176233)
2026-04-23 08:54:31:423 [IN ] C8 24 09 0E 25 A5 09 01 31 06 81 45 FF E7 5C 08 51 E5 0A (19)
                              [N9:P] TPOS 'E' 255 231 92 8 (-1614840)
2026-04-23 08:54:31:848 [OUT] 25 A5 01 09 31 05 81 FF FF D9 C8 60 BE (13)
                              [N9:P] TPOS 255 255 217 200 (-9784)
2026-04-23 08:54:32:033 [IN ] C8 24 09 0E 25 A5 09 01 31 06 81 53 FF E7 5C 0F 66 32 0A (19)
                              [N9:P] TPOS 'S' 255 231 92 15 (-1614833)
2026-04-23 08:54:35:640 [IN ] C8 24 06 0E 25 A5 06 01 31 06 81 45 00 19 86 80 23 2D 0A (19)
                              [N6:H] TPOS 'E' 0 25 134 128 (1672832)
2026-04-23 08:54:36:066 [OUT] 25 A5 01 06 31 05 81 00 0D 03 C1 8F 21 (13)
                              [N6:H] TPOS 0 13 3 193 (852929)
2026-04-23 08:54:36:250 [IN ] C8 24 06 0E 25 A5 06 01 31 06 81 53 00 19 86 80 31 73 0A (19)
                              [N6:H] TPOS 'S' 0 25 134 128 (1672832)
2026-04-23 08:54:40:060 [IN ] C8 24 06 0E 25 A5 06 01 31 06 81 45 00 0C FF 2F 3E A7 0A C8 24 03 0E 25 A5 03 01 31 06 81 45 FF FD 50 37 84 02 0A (38)
                              [N6:H] TPOS 'E' 0 12 255 47 (851759)
                              [N3:X] TPOS 'E' 255 253 80 55 (-176073)
2026-04-23 08:54:40:283 [OUT] 25 A5 01 05 31 02 D8 3F 50 D8 (10)
                              [N5:V] INTERRUPT '?'
2026-04-23 08:54:40:584 [IN ] C8 24 05 0C 25 A5 05 01 31 04 D8 3A 01 01 4F 7A 84 (17)
                              [N5:V] INTERRUPT ':' 1 1 (257)
2026-04-23 08:54:40:606 [OUT] 25 A5 01 05 31 03 C9 3D 0B 4B 06 (11)
                              [N5:V] LFLAG '=' 11 (11)
2026-04-23 08:54:40:771 [IN ] C8 24 05 0B 25 A5 05 01 31 03 C9 3A 0B 48 04 7A (16)
                              [N5:V] LFLAG ':' 11 (11)
2026-04-23 08:54:40:792 [OUT] 25 A5 01 05 31 03 88 FF B0 71 6C (11)
                              [N5:V] RUN 255 176 (-80)
2026-04-23 08:54:40:957 [IN ] C8 24 05 0C 25 A5 05 01 31 04 88 53 FF B0 C5 30 84 (17)
                              [N5:V] RUN 'S' 255 176 (-80)
2026-04-23 08:54:41:559 [IN ] C8 24 09 0E 25 A5 09 01 31 06 81 45 FF FF DB 65 45 88 0A (19)
                              [N9:P] TPOS 'E' 255 255 219 101 (-9371)
2026-04-23 08:54:41:783 [OUT] 25 A5 01 08 31 02 D8 3F 53 E7 (10)
                              [N8:R] INTERRUPT '?'
2026-04-23 08:54:42:085 [IN ] C8 24 08 0C 25 A5 08 01 31 04 D8 3A 01 01 52 92 45 (17)
                              [N8:R] INTERRUPT ':' 1 1 (257)
2026-04-23 08:54:42:106 [OUT] 25 A5 01 08 31 03 CA 3D 0B 4F 1B (11)
                              [N8:R] RFLAG '=' 11 (11)
2026-04-23 08:54:42:271 [IN ] C8 24 08 0B 25 A5 08 01 31 03 CA 3A 0B 4C 1C 92 (16)
                              [N8:R] RFLAG ':' 11 (11)
2026-04-23 08:54:42:293 [OUT] 25 A5 01 08 31 03 88 00 50 15 20 (11)
                              [N8:R] RUN 0 80 (80)
2026-04-23 08:54:42:458 [IN ] C8 24 08 0C 25 A5 08 01 31 04 88 53 00 50 69 EA 45 (17)
                              [N8:R] RUN 'S' 0 80 (80)
2026-04-23 08:54:46:068 [IN ] C8 24 05 0B 25 A5 05 01 31 03 81 5A 4C 61 AD EA C8 24 05 0A 25 A5 05 01 31 02 81 49 03 38 AD (31)
                              [N5:V] TPOS 'Z' 76 (76)
                              [N5:V] TPOS 'I'
2026-04-23 08:54:46:293 [OUT] 25 A5 01 05 31 03 C9 3D 09 49 04 (11)
                              [N5:V] LFLAG '=' 9 (9)
2026-04-23 08:54:46:458 [IN ] C8 24 05 0B 25 A5 05 01 31 03 C9 3A 09 46 02 EA (16)
                              [N5:V] LFLAG ':' 9 (9)
2026-04-23 08:54:46:479 [OUT] 25 A5 01 05 31 03 84 00 50 0E 02 (11)
                              [N5:V] VEL 0 80 (80)
2026-04-23 08:54:46:643 [IN ] C8 24 05 0C 25 A5 05 01 31 04 84 53 00 50 62 C2 45 (17)
                              [N5:V] VEL 'S' 0 80 (80)
2026-04-23 08:54:46:665 [OUT] 25 A5 01 05 31 05 81 00 19 82 3C 94 B6 (13)
                              [N5:V] TPOS 0 25 130 60 (1671740)
2026-04-23 08:54:46:849 [IN ] C8 24 05 0E 25 A5 05 01 31 06 81 53 00 00 00 02 13 94 0A (19)
                              [N5:V] TPOS 'S' 0 0 0 2 (2)
2026-04-23 08:54:47:854 [IN ] C8 24 07 0E 25 A5 07 01 31 06 81 45 FF AB 15 31 F5 B8 0A (19)
                              [N7:N] TPOS 'E' 255 171 21 49 (-5565135)
2026-04-23 08:54:48:278 [OUT] 25 A5 01 07 31 05 81 FF F3 35 BF A5 39 (13)
                              [N7:N] TPOS 255 243 53 191 (-838209)
2026-04-23 08:54:48:464 [IN ] C8 24 07 0E 25 A5 07 01 31 06 81 53 FF AB 15 31 03 FE 0A (19)
                              [N7:N] TPOS 'S' 255 171 21 49 (-5565135)
2026-04-23 08:54:49:868 [IN ] C8 24 08 0B 25 A5 08 01 31 03 81 5A 52 6A C8 31 C8 24 08 0A 25 A5 08 01 31 02 81 49 06 4A C8 (31)
                              [N8:R] TPOS 'Z' 82 (82)
                              [N8:R] TPOS 'I'
2026-04-23 08:54:50:091 [OUT] 25 A5 01 08 31 03 CA 3D 09 4D 19 (11)
                              [N8:R] RFLAG '=' 9 (9)
2026-04-23 08:54:50:237 [IN ] C8 24 08 0B 25 A5 08 01 31 03 CA 3A 09 4A 1A 31 (16)
                              [N8:R] RFLAG ':' 9 (9)
2026-04-23 08:54:50:258 [OUT] 25 A5 01 08 31 05 81 FF DC 77 1D 2F DE (13)
                              [N8:R] TPOS 255 220 119 29 (-2328803)
2026-04-23 08:54:50:442 [IN ] C8 24 08 0E 25 A5 08 01 31 06 81 53 FF FF FF ED FE 94 0A (19)
                              [N8:R] TPOS 'S' 255 255 255 237 (-19)
2026-04-23 08:54:54:271 [OUT] 25 A5 01 0C 31 01 82 C1 4C (9)
                              [N12:Z] GETPOS
2026-04-23 08:54:54:294 [OUT] 25 A5 01 05 31 01 82 BA 30 (9)
                              [N5:V] GETPOS
2026-04-23 08:54:54:315 [OUT] 25 A5 01 07 31 01 82 BC 38 (9)
                              [N7:N] GETPOS
2026-04-23 08:54:54:337 [OUT] 25 A5 01 08 31 01 82 BD 3C (9)
                              [N8:R] GETPOS
2026-04-23 08:54:54:419 [IN ] C8 24 0C 0D 25 A5 0C 01 31 05 82 FF BE 4E 78 48 BD 94 (18)
                              [N12:Z] GETPOS 255 190 78 120 (-4305288)
2026-04-23 08:54:54:523 [IN ] C8 24 05 0D 25 A5 05 01 31 05 82 00 18 68 E7 25 33 94 (18)
                              [N5:V] GETPOS 0 24 104 231 (1599719)
2026-04-23 08:54:54:585 [IN ] C8 24 07 0D 25 A5 07 01 31 05 82 FF BF A0 A3 C1 62 (17)
                              [N7:N] GETPOS 255 191 160 163 (-4218717)
2026-04-23 08:54:54:609 [IN ] 94 (1)
2026-04-23 08:54:54:690 [IN ] C8 24 08 0D 25 A5 08 01 31 05 82 FF F4 77 BA E5 CF 94 (18)
                              [N8:R] GETPOS 255 244 119 186 (-755782)
2026-04-23 08:54:55:092 [IN ] C8 24 05 0E 25 A5 05 01 31 06 81 45 00 19 85 69 0A 0A 0A C8 24 0C 0E 25 A5 0C 01 31 06 81 45 FF BC CF 55 E9 B5 0A (38)
                              [N5:V] TPOS 'E' 0 25 133 105 (1672553)
                              [N12:Z] TPOS 'E' 255 188 207 85 (-4403371)
2026-04-23 08:54:55:517 [OUT] 25 A5 01 0C 31 05 81 FF D1 1A 67 15 6D (13)
                              [N12:Z] TPOS 255 209 26 103 (-3073433)
2026-04-23 08:54:55:539 [OUT] 25 A5 01 05 31 05 81 00 0D 03 C1 8E 19 (13)
                              [N5:V] TPOS 0 13 3 193 (852929)
2026-04-23 08:54:55:704 [IN ] C8 24 0C 0E 25 A5 0C 01 31 06 81 53 FF BC CF 9C 3E 42 0A (19)
                              [N12:Z] TPOS 'S' 255 188 207 156 (-4403300)
2026-04-23 08:54:55:848 [IN ] C8 24 05 0E 25 A5 05 01 31 06 81 53 00 19 85 68 17 4F 0A (19)
                              [N5:V] TPOS 'S' 0 25 133 104 (1672552)
2026-04-23 08:55:01:060 [IN ] C8 24 05 0E 25 A5 05 01 31 06 81 45 00 0D 02 2F 41 A6 0A (19)
                              [N5:V] TPOS 'E' 0 13 2 47 (852527)
2026-04-23 08:55:01:283 [OUT] 25 A5 01 03 31 05 81 FF ED B1 30 88 70 (13)
                              [N3:X] TPOS 255 237 177 48 (-1199824)
2026-04-23 08:55:01:304 [OUT] 25 A5 01 04 31 05 81 FF F3 BD 0C 77 7E (13)
                              [N4:Y] TPOS 255 243 189 12 (-803572)
2026-04-23 08:55:01:489 [IN ] C8 24 03 0E 25 A5 03 01 31 06 81 53 FF FD 50 35 90 46 0A (19)
                              [N3:X] TPOS 'S' 255 253 80 53 (-176075)
2026-04-23 08:55:01:612 [IN ] C8 24 04 0E 25 A5 04 01 31 06 81 53 FF FD 4F 97 F2 B0 0A (19)
                              [N4:Y] TPOS 'S' 255 253 79 151 (-176233)
2026-04-23 08:55:03:419 [IN ] C8 24 0C 0E 25 A5 0C 01 31 06 81 45 FF D1 1B F1 E6 28 0A C8 24 08 0E 25 A5 08 01 31 06 81 45 FF DC 74 EE 43 D0 0A (38)
                              [N12:Z] TPOS 'E' 255 209 27 241 (-3073039)
                              [N8:R] TPOS 'E' 255 220 116 238 (-2329362)
2026-04-23 08:55:03:843 [OUT] 25 A5 01 08 31 05 81 FF EE 15 56 18 89 (13)
                              [N8:R] TPOS 255 238 21 86 (-1174186)
2026-04-23 08:55:04:030 [IN ] C8 24 08 0E 25 A5 08 01 31 06 81 53 FF DC 74 F4 57 1C 0A (19)
                              [N8:R] TPOS 'S' 255 220 116 244 (-2329356)
2026-04-23 08:55:05:233 [IN ] C8 24 04 0E 25 A5 04 01 31 06 81 45 FF F3 BB 25 D4 B2 0A (19)
                              [N4:Y] TPOS 'E' 255 243 187 37 (-804059)
2026-04-23 08:55:07:039 [IN ] C8 24 03 0E 25 A5 03 01 31 06 81 45 FF ED AE EF 8A 46 0A (19)
                              [N3:X] TPOS 'E' 255 237 174 239 (-1200401)
2026-04-23 08:55:10:048 [IN ] C8 24 07 0E 25 A5 07 01 31 06 81 45 FF F3 3A 10 41 B9 0A (19)
                              [N7:N] TPOS 'E' 255 243 58 16 (-837104)
2026-04-23 08:55:11:052 [IN ] C8 24 08 0E 25 A5 08 01 31 06 81 45 FF EE 16 27 30 83 0A (19)
                              [N8:R] TPOS 'E' 255 238 22 39 (-1173977)
