2026-04-23 09:53:47:671 [OUT] 25 A5 01 09 31 03 C9 3D 09 4D 1C (11)
                              [N9:P] LFLAG '=' 9 (9)
2026-04-23 09:53:47:693 [OUT] 25 A5 01 03 31 02 D8 3F 4E CE (10)
                              [N3:X] INTERRUPT '?'
2026-04-23 09:53:47:996 [IN ] C8 24 09 0B 25 A5 09 01 31 03 C9 3A 09 4A 1E 3F C8 24 03 0C 25 A5 03 01 31 04 D8 3A 01 01 4D 6A 2F (33)
                              [N9:P] LFLAG ':' 9 (9)
                              [N3:X] INTERRUPT ':' 1 1 (257)
2026-04-23 09:53:48:017 [OUT] 25 A5 01 09 31 03 CA 3D 09 4E 1F (11)
                              [N9:P] RFLAG '=' 9 (9)
2026-04-23 09:53:48:039 [OUT] 25 A5 01 04 31 02 D8 3F 4F D3 (10)
                              [N4:Y] INTERRUPT '?'
2026-04-23 09:53:48:341 [IN ] C8 24 09 0B 25 A5 09 01 31 03 CA 3A 09 4B 21 6A C8 24 04 0C 25 A5 04 01 31 04 D8 3A 01 01 4E 72 2F (33)
                              [N9:P] RFLAG ':' 9 (9)
                              [N4:Y] INTERRUPT ':' 1 1 (257)
2026-04-23 09:53:48:362 [OUT] 25 A5 01 08 31 03 C9 3D 09 4C 16 (11)
                              [N8:R] LFLAG '=' 9 (9)
2026-04-23 09:53:48:385 [OUT] 25 A5 01 0C 31 02 D8 3F 57 FB (10)
                              [N12:Z] INTERRUPT '?'
2026-04-23 09:53:48:689 [IN ] C8 24 08 0B 25 A5 08 01 31 03 C9 3A 09 49 17 72 C8 24 0C 0C 25 A5 0C 01 31 04 D8 3A 01 01 56 B2 2F (33)
                              [N8:R] LFLAG ':' 9 (9)
                              [N12:Z] INTERRUPT ':' 1 1 (257)
2026-04-23 09:53:48:710 [OUT] 25 A5 01 08 31 03 CA 3D 09 4D 19 (11)
                              [N8:R] RFLAG '=' 9 (9)
2026-04-23 09:53:48:732 [OUT] 25 A5 01 03 31 03 C9 3D 0B 49 FA (11)
                              [N3:X] LFLAG '=' 11 (11)
2026-04-23 09:53:48:755 [OUT] 25 A5 01 04 31 03 C9 3D 0B 4A 00 (11)
                              [N4:Y] LFLAG '=' 11 (11)
2026-04-23 09:53:48:778 [OUT] 25 A5 01 0C 31 03 C9 3D 0B 52 30 (11)
                              [N12:Z] LFLAG '=' 11 (11)
2026-04-23 09:53:48:882 [IN ] C8 24 08 0B 25 A5 08 01 31 03 CA 3A 09 4A 1A B2 (16)
                              [N8:R] RFLAG ':' 9 (9)
2026-04-23 09:53:48:985 [IN ] C8 24 03 0B 25 A5 03 01 31 03 C9 3A 0B 46 F6 B2 (16)
                              [N3:X] LFLAG ':' 11 (11)
2026-04-23 09:53:49:007 [OUT] 25 A5 01 03 31 03 88 00 50 10 02 (11)
                              [N3:X] RUN 0 80 (80)
2026-04-23 09:53:49:112 [IN ] C8 24 04 0B 25 A5 04 01 31 03 C9 3A 0B 47 FD B2 (16)
                              [N4:Y] LFLAG ':' 11 (11)
2026-04-23 09:53:49:134 [OUT] 25 A5 01 04 31 03 88 00 50 11 08 (11)
                              [N4:Y] RUN 0 80 (80)
2026-04-23 09:53:49:219 [IN ] C8 24 0C 0B 25 A5 0C 01 31 03 C9 3A 0B 4F 35 B2 (16)
                              [N12:Z] LFLAG ':' 11 (11)
2026-04-23 09:53:49:242 [OUT] 25 A5 01 0C 31 03 88 00 50 19 38 (11)
                              [N12:Z] RUN 0 80 (80)
2026-04-23 09:53:49:325 [IN ] C8 24 03 0C 25 A5 03 01 31 04 88 53 00 50 64 C2 2F (17)
                              [N3:X] RUN 'S' 0 80 (80)
2026-04-23 09:53:49:428 [IN ] C8 24 04 0C 25 A5 04 01 31 04 88 53 00 50 65 CA 2F (17)
                              [N4:Y] RUN 'S' 0 80 (80)
2026-04-23 09:53:49:532 [IN ] C8 24 0C 0C 25 A5 0C 01 31 04 88 53 00 50 6D 0A 2F (17)
                              [N12:Z] RUN 'S' 0 80 (80)
2026-04-23 09:53:56:350 [IN ] C8 24 04 0B 25 A5 04 01 31 03 81 5A 4C 60 A6 0A C8 24 04 0A 25 A5 04 01 31 02 81 49 02 32 A6 (31)
                              [N4:Y] TPOS 'Z' 76 (76)
                              [N4:Y] TPOS 'I'
2026-04-23 09:53:56:574 [OUT] 25 A5 01 09 31 02 D8 3F 54 EC (10)
                              [N9:P] INTERRUPT '?'
2026-04-23 09:53:56:875 [IN ] C8 24 09 0C 25 A5 09 01 31 04 D8 3A 01 01 53 9A 2F (17)
                              [N9:P] INTERRUPT ':' 1 1 (257)
2026-04-23 09:53:56:896 [OUT] 25 A5 01 04 31 03 C9 3D 09 48 FE (11)
                              [N4:Y] LFLAG '=' 9 (9)
2026-04-23 09:53:56:918 [OUT] 25 A5 01 07 31 02 D8 3F 52 E2 (10)
                              [N7:N] INTERRUPT '?'
2026-04-23 09:53:57:219 [IN ] C8 24 04 0B 25 A5 04 01 31 03 C9 3A 09 45 FB 9A C8 24 07 0C 25 A5 07 01 31 04 D8 3A 01 01 51 8A 2F (33)
                              [N4:Y] LFLAG ':' 9 (9)
                              [N7:N] INTERRUPT ':' 1 1 (257)
2026-04-23 09:53:57:241 [OUT] 25 A5 01 09 31 03 C9 3D 0B 4F 1E (11)
                              [N9:P] LFLAG '=' 11 (11)
2026-04-23 09:53:57:263 [OUT] 25 A5 01 07 31 03 C9 3D 0B 4D 12 (11)
                              [N7:N] LFLAG '=' 11 (11)
2026-04-23 09:53:57:390 [IN ] C8 24 09 0B 25 A5 09 01 31 03 C9 3A 0B 4C 20 8A (16)
                              [N9:P] LFLAG ':' 11 (11)
2026-04-23 09:53:57:412 [OUT] 25 A5 01 09 31 03 88 00 50 16 26 (11)
                              [N9:P] RUN 0 80 (80)
2026-04-23 09:53:57:515 [IN ] C8 24 07 0B 25 A5 07 01 31 03 C9 3A 0B 4A 12 8A (16)
                              [N7:N] LFLAG ':' 11 (11)
2026-04-23 09:53:57:538 [OUT] 25 A5 01 07 31 03 88 00 50 14 1A (11)
                              [N7:N] RUN 0 80 (80)
2026-04-23 09:53:57:621 [IN ] C8 24 09 0C 25 A5 09 01 31 04 88 53 00 50 6A F2 2F (17)
                              [N9:P] RUN 'S' 0 80 (80)
2026-04-23 09:53:57:685 [IN ] C8 24 09 0B 25 A5 09 01 31 03 81 5A 4C 65 C9 F2 (16)
                              [N9:P] TPOS 'Z' 76 (76)
2026-04-23 09:53:57:727 [IN ] C8 24 09 0A 25 A5 09 01 31 02 81 49 07 50 C9 C8 24 07 0C 25 A5 07 01 31 04 88 53 00 50 68 E2 2F (32)
                              [N9:P] TPOS 'I'
                              [N7:N] RUN 'S' 0 80 (80)
2026-04-23 09:53:57:951 [OUT] 25 A5 01 09 31 03 C9 3D 09 4D 1C (11)
                              [N9:P] LFLAG '=' 9 (9)
2026-04-23 09:53:57:975 [OUT] 25 A5 01 04 31 05 81 FF EE 88 01 32 FA (13)
                              [N4:Y] TPOS 255 238 136 1 (-1144831)
2026-04-23 09:53:58:119 [IN ] C8 24 09 0B 25 A5 09 01 31 03 C9 3A 09 4A 1E E2 (16)
                              [N9:P] LFLAG ':' 9 (9)
2026-04-23 09:53:58:243 [IN ] C8 24 03 0B 25 A5 03 01 31 03 81 5A 4C 5F 9F E2 C8 24 04 0E 25 A5 04 01 31 06 81 53 00 00 00 00 10 88 0A (35)
                              [N3:X] TPOS 'Z' 76 (76)
                              [N4:Y] TPOS 'S' 0 0 0 0 (0)
2026-04-23 09:53:58:445 [IN ] C8 24 03 0A 25 A5 03 01 31 02 81 49 01 2C 00 (15)
                              [N3:X] TPOS 'I'
2026-04-23 09:53:58:668 [OUT] 25 A5 01 03 31 03 C9 3D 09 47 F8 (11)
                              [N3:X] LFLAG '=' 9 (9)
2026-04-23 09:53:58:833 [IN ] C8 24 03 0B 25 A5 03 01 31 03 C9 3A 09 44 F4 00 (16)
                              [N3:X] LFLAG ':' 9 (9)
2026-04-23 09:54:04:647 [IN ] C8 24 04 0E 25 A5 04 01 31 06 81 45 FF EE 85 97 0B A9 0A (19)
                              [N4:Y] TPOS 'E' 255 238 133 151 (-1145449)
2026-04-23 09:54:04:870 [OUT] 25 A5 01 09 31 05 81 FF E7 5D 56 5A 0C (13)
                              [N9:P] TPOS 255 231 93 86 (-1614506)
2026-04-23 09:54:04:892 [OUT] 25 A5 01 04 31 05 81 FF FD 50 01 09 B7 (13)
                              [N4:Y] TPOS 255 253 80 1 (-176127)
2026-04-23 09:54:04:914 [OUT] 25 A5 01 03 31 05 81 FF EC 4A AB 9B 1A (13)
                              [N3:X] TPOS 255 236 74 171 (-1291605)
2026-04-23 09:54:04:935 [OUT] 25 A5 01 06 31 02 D8 3F 51 DD (10)
                              [N6:H] INTERRUPT '?'
2026-04-23 09:54:05:237 [IN ] C8 24 09 0E 25 A5 09 01 31 06 81 53 FF FF FF FB 0D AC 0A C8 24 04 0E 25 A5 04 01 31 06 81 53 FF EE 85 97 19 EF 0A (38)
                              [N9:P] TPOS 'S' 255 255 255 251 (-5)
                              [N4:Y] TPOS 'S' 255 238 133 151 (-1145449)
2026-04-23 09:54:05:538 [IN ] C8 24 03 0E 25 A5 03 01 31 06 81 53 00 00 00 00 0F 7E 0A C8 24 06 0C 25 A5 06 01 31 04 D8 3A 01 01 50 82 0F (36)
                              [N3:X] TPOS 'S' 0 0 0 0 (0)
                              [N6:H] INTERRUPT ':' 1 1 (257)
2026-04-23 09:54:05:559 [OUT] 25 A5 01 06 31 03 C9 3D 0B 4C 0C (11)
                              [N6:H] LFLAG '=' 11 (11)
2026-04-23 09:54:05:723 [IN ] C8 24 06 0B 25 A5 06 01 31 03 C9 3A 0B 49 0B 82 (16)
                              [N6:H] LFLAG ':' 11 (11)
2026-04-23 09:54:05:744 [OUT] 25 A5 01 06 31 03 88 FF B0 72 72 (11)
                              [N6:H] RUN 255 176 (-80)
2026-04-23 09:54:05:911 [IN ] C8 24 06 0C 25 A5 06 01 31 04 88 53 FF B0 C6 38 0F (17)
                              [N6:H] RUN 'S' 255 176 (-80)
2026-04-23 09:54:09:919 [IN ] C8 24 06 0B 25 A5 06 01 31 03 81 5A 4C 62 B4 38 C8 24 06 0A 25 A5 06 01 31 02 81 49 04 3E B4 (31)
                              [N6:H] TPOS 'Z' 76 (76)
                              [N6:H] TPOS 'I'
2026-04-23 09:54:10:142 [OUT] 25 A5 01 06 31 03 C9 3D 09 4A 0A (11)
                              [N6:H] LFLAG '=' 9 (9)
2026-04-23 09:54:10:308 [IN ] C8 24 06 0B 25 A5 06 01 31 03 C9 3A 09 47 09 38 (16)
                              [N6:H] LFLAG ':' 9 (9)
2026-04-23 09:54:10:331 [OUT] 25 A5 01 06 31 03 84 00 50 0F 08 (11)
                              [N6:H] VEL 0 80 (80)
2026-04-23 09:54:10:497 [IN ] C8 24 06 0C 25 A5 06 01 31 04 84 53 00 50 63 CA 0F (17)
                              [N6:H] VEL 'S' 0 80 (80)
2026-04-23 09:54:10:519 [OUT] 25 A5 01 06 31 05 81 00 19 82 3C 95 BE (13)
                              [N6:H] TPOS 0 25 130 60 (1671740)
2026-04-23 09:54:10:683 [IN ] C8 24 06 0E 25 A5 06 01 (8)
2026-04-23 09:54:10:706 [IN ] 31 06 81 53 00 00 00 02 14 9E 0A (11)
                              [N6:H] TPOS 'S' 0 0 0 2 (2)
2026-04-23 09:54:12:109 [IN ] C8 24 03 0E 25 A5 03 01 31 06 81 45 FF EC 48 56 8A DE 0A (19)
                              [N3:X] TPOS 'E' 255 236 72 86 (-1292202)
2026-04-23 09:54:12:534 [OUT] 25 A5 01 03 31 05 81 FF FD 50 01 08 AF (13)
                              [N3:X] TPOS 255 253 80 1 (-176127)
2026-04-23 09:54:12:718 [IN ] C8 24 03 0E 25 A5 03 01 31 06 81 53 FF EC 48 56 98 24 0A (19)
                              [N3:X] TPOS 'S' 255 236 72 86 (-1292202)
2026-04-23 09:54:13:922 [IN ] C8 24 04 0E 25 A5 04 01 31 06 81 45 FF FD 4F AE FB 81 0A (19)
                              [N4:Y] TPOS 'E' 255 253 79 174 (-176210)
2026-04-23 09:54:14:525 [IN ] C8 24 09 0E 25 A5 09 01 31 06 81 45 FF E7 5C A9 F2 86 0A (19)
                              [N9:P] TPOS 'E' 255 231 92 169 (-1614679)
2026-04-23 09:54:14:950 [OUT] 25 A5 01 09 31 05 81 FF FF D9 C8 60 BE (13)
                              [N9:P] TPOS 255 255 217 200 (-9784)
2026-04-23 09:54:15:134 [IN ] C8 24 09 0E 25 A5 09 01 31 06 81 53 FF E7 5C AF 06 D2 0A (19)
                              [N9:P] TPOS 'S' 255 231 92 175 (-1614673)
2026-04-23 09:54:18:143 [IN ] C8 24 0C 0B 25 A5 0C 01 31 03 81 5A 4C 68 DE AF C8 24 0C 0A 25 A5 0C 01 31 02 81 49 0A 62 DE (31)
                              [N12:Z] TPOS 'Z' 76 (76)
                              [N12:Z] TPOS 'I'
2026-04-23 09:54:18:365 [OUT] 25 A5 01 0C 31 03 C9 3D 09 50 2E (11)
                              [N12:Z] LFLAG '=' 9 (9)
2026-04-23 09:54:18:470 [IN ] C8 24 06 0E 25 A5 06 01 31 06 81 (11)
2026-04-23 09:54:18:492 [IN ] 45 00 19 86 73 16 20 0A (8)
                              [N6:H] TPOS 'E' 0 25 134 115 (1672819)
2026-04-23 09:54:18:537 [IN ] C8 24 0C 0B 25 A5 0C 01 31 03 C9 3A 09 4D 33 73 (16)
                              [N12:Z] LFLAG ':' 9 (9)
2026-04-23 09:54:18:558 [OUT] 25 A5 01 0C 31 05 81 FF BC D0 00 4F 33 (13)
                              [N12:Z] TPOS 255 188 208 0 (-4403200)
2026-04-23 09:54:18:581 [OUT] 25 A5 01 06 31 05 81 00 0D 03 C1 8F 21 (13)
                              [N6:H] TPOS 0 13 3 193 (852929)
2026-04-23 09:54:18:746 [IN ] C8 24 0C 0E 25 A5 0C 01 31 06 81 53 FF FF FF 76 8B 45 0A (19)
                              [N12:Z] TPOS 'S' 255 255 255 118 (-138)
2026-04-23 09:54:18:870 [IN ] C8 24 06 0E 25 A5 06 01 31 06 81 53 00 19 86 73 24 66 0A (19)
                              [N6:H] TPOS 'S' 0 25 134 115 (1672819)
2026-04-23 09:54:21:477 [IN ] C8 24 07 0B 25 A5 07 01 31 03 81 5A 4C 63 BB 73 C8 24 07 0A 25 A5 07 01 31 02 81 49 05 44 BB (31)
                              [N7:N] TPOS 'Z' 76 (76)
                              [N7:N] TPOS 'I'
2026-04-23 09:54:21:700 [OUT] 25 A5 01 07 31 03 C9 3D 09 4B 10 (11)
                              [N7:N] LFLAG '=' 9 (9)
2026-04-23 09:54:21:865 [IN ] C8 24 07 0B 25 A5 07 01 31 03 C9 3A 09 48 10 73 (16)
                              [N7:N] LFLAG ':' 9 (9)
2026-04-23 09:54:21:887 [OUT] 25 A5 01 07 31 05 81 FF AB 19 75 F7 DF (13)
                              [N7:N] TPOS 255 171 25 117 (-5564043)
2026-04-23 09:54:22:073 [IN ] C8 24 07 0E 25 A5 07 01 31 06 81 53 FF FF FF FE 0E 9B 0A (19)
                              [N7:N] TPOS 'S' 255 255 255 254 (-2)
2026-04-23 09:54:22:274 [IN ] C8 24 03 0E 25 A5 03 01 31 06 81 45 FF FD 50 88 D5 53 0A (19)
                              [N3:X] TPOS 'E' 255 253 80 136 (-175992)
2026-04-23 09:54:22:678 [IN ] C8 24 06 0E 25 A5 06 01 31 06 81 45 00 0C FF 27 36 9F 0A (19)
                              [N6:H] TPOS 'E' 0 12 255 39 (851751)
2026-04-23 09:54:22:902 [OUT] 25 A5 01 05 31 02 D8 3F 50 D8 (10)
                              [N5:V] INTERRUPT '?'
2026-04-23 09:54:23:203 [IN ] C8 24 05 0C 25 A5 05 01 31 04 D8 3A 01 01 4F 7A 36 (17)
                              [N5:V] INTERRUPT ':' 1 1 (257)
2026-04-23 09:54:23:224 [OUT] 25 A5 01 05 31 03 C9 3D 0B 4B 06 (11)
                              [N5:V] LFLAG '=' 11 (11)
2026-04-23 09:54:23:389 [IN ] C8 24 05 0B 25 A5 05 01 31 03 C9 3A 0B 48 04 7A (16)
                              [N5:V] LFLAG ':' 11 (11)
2026-04-23 09:54:23:411 [OUT] 25 A5 01 05 31 03 88 FF B0 71 6C (11)
                              [N5:V] RUN 255 176 (-80)
2026-04-23 09:54:23:575 [IN ] C8 24 05 0C 25 A5 05 01 31 04 88 53 FF B0 C5 30 36 (17)
                              [N5:V] RUN 'S' 255 176 (-80)
2026-04-23 09:54:24:779 [IN ] C8 24 09 0E 25 A5 09 01 31 06 81 45 FF FF DA 70 4F 91 0A (19)
                              [N9:P] TPOS 'E' 255 255 218 112 (-9616)
2026-04-23 09:54:25:002 [OUT] 25 A5 01 08 31 02 D8 3F 53 E7 (10)
                              [N8:R] INTERRUPT '?'
2026-04-23 09:54:25:303 [IN ] C8 24 08 0C 25 A5 08 01 31 04 D8 3A 01 01 52 92 4F (17)
                              [N8:R] INTERRUPT ':' 1 1 (257)
2026-04-23 09:54:25:325 [OUT] 25 A5 01 08 31 03 CA 3D 0B 4F 1B (11)
                              [N8:R] RFLAG '=' 11 (11)
2026-04-23 09:54:25:490 [IN ] C8 24 08 0B 25 A5 08 01 31 03 CA 3A 0B 4C 1C 92 (16)
                              [N8:R] RFLAG ':' 11 (11)
2026-04-23 09:54:25:512 [OUT] 25 A5 01 08 31 03 88 00 50 15 20 (11)
                              [N8:R] RUN 0 80 (80)
2026-04-23 09:54:25:677 [IN ] C8 24 08 0C 25 A5 08 01 31 04 88 53 00 50 69 EA 4F (17)
                              [N8:R] RUN 'S' 0 80 (80)
2026-04-23 09:54:28:485 [IN ] C8 24 05 0B 25 A5 05 01 31 03 81 5A 4C 61 AD EA (16)
                              [N5:V] TPOS 'Z' 76 (76)
2026-04-23 09:54:28:687 [IN ] C8 24 05 0A 25 A5 05 01 31 02 81 49 03 38 AD (15)
                              [N5:V] TPOS 'I'
2026-04-23 09:54:28:913 [OUT] 25 A5 01 05 31 03 C9 3D 09 49 04 (11)
                              [N5:V] LFLAG '=' 9 (9)
2026-04-23 09:54:29:079 [IN ] C8 24 05 0B 25 A5 05 01 31 03 C9 3A 09 46 02 EA (16)
                              [N5:V] LFLAG ':' 9 (9)
2026-04-23 09:54:29:102 [OUT] 25 A5 01 05 31 03 84 00 50 0E 02 (11)
                              [N5:V] VEL 0 80 (80)
2026-04-23 09:54:29:288 [IN ] C8 24 05 0C 25 A5 05 01 31 04 84 53 00 50 62 C2 4F (17)
                              [N5:V] VEL 'S' 0 80 (80)
2026-04-23 09:54:29:311 [OUT] 25 A5 01 05 31 05 81 00 19 82 3C 94 B6 (13)
                              [N5:V] TPOS 0 25 130 60 (1671740)
2026-04-23 09:54:29:477 [IN ] C8 24 05 0E 25 A5 05 01 (8)
2026-04-23 09:54:29:499 [IN ] 31 06 81 53 00 00 00 02 13 94 0A (11)
                              [N5:V] TPOS 'S' 0 0 0 2 (2)
2026-04-23 09:54:37:718 [IN ] C8 24 05 0E 25 A5 05 01 31 06 81 45 00 19 85 5D FE FE 0A (19)
                              [N5:V] TPOS 'E' 0 25 133 93 (1672541)
2026-04-23 09:54:38:143 [OUT] 25 A5 01 05 31 05 81 00 0D 03 C1 8E 19 (13)
                              [N5:V] TPOS 0 13 3 193 (852929)
2026-04-23 09:54:38:327 [IN ] C8 24 05 0E 25 A5 05 01 31 06 81 53 00 19 85 5C 0B (17)
2026-04-23 09:54:38:349 [IN ] 43 0A (2)
                              [N5:V] TPOS 'S' 0 25 133 92 (1672540)
2026-04-23 09:54:39:153 [IN ] C8 24 08 0B 25 A5 08 01 31 03 81 5A 52 6A C8 5C C8 24 08 0A 25 A5 08 01 31 02 81 49 06 4A C8 (31)
                              [N8:R] TPOS 'Z' 82 (82)
                              [N8:R] TPOS 'I'
2026-04-23 09:54:39:378 [OUT] 25 A5 01 08 31 03 CA 3D 09 4D 19 (11)
                              [N8:R] RFLAG '=' 9 (9)
2026-04-23 09:54:39:543 [IN ] C8 24 08 0B 25 A5 08 01 31 03 CA 3A 09 4A 1A 5C (16)
                              [N8:R] RFLAG ':' 9 (9)
2026-04-23 09:54:39:565 [OUT] 25 A5 01 08 31 05 81 FF DC 77 1D 2F DE (13)
                              [N8:R] TPOS 255 220 119 29 (-2328803)
2026-04-23 09:54:39:772 [IN ] C8 24 08 0E 25 A5 08 01 31 06 81 53 FF FF FF E9 FA 90 0A (19)
                              [N8:R] TPOS 'S' 255 255 255 233 (-23)
2026-04-23 09:54:43:578 [IN ] C8 24 05 0E 25 A5 05 01 31 06 81 45 00 0D 02 9A AC 11 0A (19)
                              [N5:V] TPOS 'E' 0 13 2 154 (852634)
2026-04-23 09:54:43:801 [OUT] 25 A5 01 03 31 05 81 FF ED B1 30 88 70 (13)
                              [N3:X] TPOS 255 237 177 48 (-1199824)
2026-04-23 09:54:43:823 [OUT] 25 A5 01 04 31 05 81 FF F3 BD 0C 77 7E (13)
                              [N4:Y] TPOS 255 243 189 12 (-803572)
2026-04-23 09:54:43:988 [IN ] C8 24 03 0E 25 A5 03 01 31 06 81 53 FF FD 50 84 DF 95 0A (19)
                              [N3:X] TPOS 'S' 255 253 80 132 (-175996)
2026-04-23 09:54:44:112 [IN ] C8 24 04 0E 25 A5 04 01 31 06 81 53 FF FD 4F AE 09 C7 0A (19)
                              [N4:Y] TPOS 'S' 255 253 79 174 (-176210)
2026-04-23 09:54:46:538 [OUT] 25 A5 01 0C 31 01 82 C1 4C (9)
                              [N12:Z] GETPOS
2026-04-23 09:54:46:560 [OUT] 25 A5 01 03 31 01 82 B8 28 (9)
                              [N3:X] GETPOS
2026-04-23 09:54:46:581 [OUT] 25 A5 01 04 31 01 82 B9 2C (9)
                              [N4:Y] GETPOS
2026-04-23 09:54:46:603 [OUT] 25 A5 01 07 31 01 82 BC 38 (9)
                              [N7:N] GETPOS
2026-04-23 09:54:46:627 [OUT] 25 A5 01 08 31 01 82 BD 3C (9)
                              [N8:R] GETPOS
2026-04-23 09:54:46:689 [IN ] C8 24 0C 0D 25 A5 0C 01 31 05 82 FF C1 B1 E1 17 F5 C7 (18)
                              [N12:Z] GETPOS 255 193 177 225 (-4083231)
2026-04-23 09:54:46:772 [IN ] C8 24 03 0D 25 A5 03 01 31 05 82 FF F4 EB 72 0C 42 C7 (18)
                              [N3:X] GETPOS 255 244 235 114 (-726158)
2026-04-23 09:54:46:856 [IN ] C8 24 04 0D 25 A5 04 01 31 05 82 FF F5 92 9E E1 C8 C7 (18)
                              [N4:Y] GETPOS 255 245 146 158 (-683362)
2026-04-23 09:54:46:959 [IN ] C8 24 07 0D 25 A5 07 01 31 05 82 FF AB F1 B6 11 DB C7 (18)
                              [N7:N] GETPOS 255 171 241 182 (-5508682)
2026-04-23 09:54:47:042 [IN ] C8 24 08 0D 25 A5 08 01 31 05 82 FF EC 01 A7 54 B8 C7 (18)
                              [N8:R] GETPOS 255 236 1 167 (-1310297)
2026-04-23 09:54:47:445 [IN ] C8 24 07 0E 25 A5 07 01 31 06 81 45 FF AB 15 30 F4 B7 0A (19)
                              [N7:N] TPOS 'E' 255 171 21 48 (-5565136)
2026-04-23 09:54:47:647 [IN ] C8 24 04 0E 25 A5 04 01 31 06 81 45 FF F3 BA D1 7F 5C 0A (19)
                              [N4:Y] TPOS 'E' 255 243 186 209 (-804143)
2026-04-23 09:54:47:869 [OUT] 25 A5 01 07 31 05 81 FF F3 35 BF A5 39 (13)
                              [N7:N] TPOS 255 243 53 191 (-838209)
2026-04-23 09:54:48:057 [IN ] C8 24 07 0E 25 A5 07 01 31 06 81 53 FF AB 15 30 02 FD 0A (19)
                              [N7:N] TPOS 'S' 255 171 21 48 (-5565136)
2026-04-23 09:54:48:079 [OUT] 25 A5 01 07 31 01 82 BC 38 (9)
                              [N7:N] GETPOS
2026-04-23 09:54:48:226 [IN ] C8 24 07 0D 25 A5 07 01 31 05 82 FF AB 96 1F 1F 8E FD (18)
                              [N7:N] GETPOS 255 171 150 31 (-5532129)
