2026-01-22 16:12:16:520 [OUT] 25 A5 01 0A 31 05 D6 3D FF 00 00 53 ED (13)
                              [N10:HMI] HMILED '=' 255 0 0 (16711680)
2026-01-22 16:12:16:543 [OUT] 25 A5 01 03 31 02 D8 3F 4E CE (10)
                              [N3:X] INTERRUPT '?'
2026-01-22 16:12:16:844 [IN ] C8 24 0A 0D 25 A5 0A 01 31 05 D6 3A FF 00 00 50 EA 3D C8 24 03 0C 25 A5 03 01 31 04 D8 3A 01 01 4D 6A EA (35)
                              [N10:HMI] HMILED ':' 255 0 0 (16711680)
                              [N3:X] INTERRUPT ':' 1 1 (257)
2026-01-22 16:12:16:866 [OUT] 25 A5 01 09 31 03 C9 3D 09 4D 1C (11)
                              [N9:P] LFLAG '=' 9 (9)
2026-01-22 16:12:16:888 [OUT] 25 A5 01 04 31 02 D8 3F 4F D3 (10)
                              [N4:Y] INTERRUPT '?'
2026-01-22 16:12:17:190 [IN ] C8 24 09 0B 25 A5 09 01 31 03 C9 3A 09 4A 1E 6A C8 24 04 0C 25 A5 04 01 31 04 D8 3A 01 01 4E 72 EA (33)
                              [N9:P] LFLAG ':' 9 (9)
                              [N4:Y] INTERRUPT ':' 1 1 (257)
2026-01-22 16:12:17:211 [OUT] 25 A5 01 09 31 03 CA 3D 09 4E 1F (11)
                              [N9:P] RFLAG '=' 9 (9)
2026-01-22 16:12:17:234 [OUT] 25 A5 01 0C 31 02 D8 3F 57 FB (10)
                              [N12:Z] INTERRUPT '?'
2026-01-22 16:12:17:536 [IN ] C8 24 09 0B 25 A5 09 01 31 03 CA 3A 09 4B 21 72 C8 24 0C 0C 25 A5 0C 01 31 04 D8 3A 01 01 56 B2 EA (33)
                              [N9:P] RFLAG ':' 9 (9)
                              [N12:Z] INTERRUPT ':' 1 1 (257)
2026-01-22 16:12:17:557 [OUT] 25 A5 01 08 31 03 C9 3D 09 4C 16 (11)
                              [N8:R] LFLAG '=' 9 (9)
2026-01-22 16:12:17:579 [OUT] 25 A5 01 03 31 03 C9 3D 0B 49 FA (11)
                              [N3:X] LFLAG '=' 11 (11)
2026-01-22 16:12:17:600 [OUT] 25 A5 01 04 31 03 C9 3D 0B 4A 00 (11)
                              [N4:Y] LFLAG '=' 11 (11)
2026-01-22 16:12:17:622 [OUT] 25 A5 01 0C 31 03 C9 3D 0B 52 30 (11)
                              [N12:Z] LFLAG '=' 11 (11)
2026-01-22 16:12:17:727 [IN ] C8 24 08 0B 25 A5 08 01 31 03 C9 3A 09 49 17 B2 (16)
                              [N8:R] LFLAG ':' 9 (9)
2026-01-22 16:12:17:749 [OUT] 25 A5 01 08 31 03 CA 3D 09 4D 19 (11)
                              [N8:R] RFLAG '=' 9 (9)
2026-01-22 16:12:17:837 [IN ] C8 24 03 0B 25 A5 03 01 31 03 C9 3A 0B 46 F6 B2 (16)
                              [N3:X] LFLAG ':' 11 (11)
2026-01-22 16:12:17:859 [OUT] 25 A5 01 03 31 03 88 00 50 10 02 (11)
                              [N3:X] RUN 0 80 (80)
2026-01-22 16:12:17:943 [IN ] C8 24 04 0B 25 A5 04 01 31 03 C9 3A 0B 47 FD B2 (16)
                              [N4:Y] LFLAG ':' 11 (11)
2026-01-22 16:12:17:965 [OUT] 25 A5 01 04 31 03 88 00 50 11 08 (11)
                              [N4:Y] RUN 0 80 (80)
2026-01-22 16:12:18:050 [IN ] C8 24 0C 0B 25 A5 0C (7)
2026-01-22 16:12:18:073 [IN ] 01 31 03 C9 3A 0B 4F 35 B2 (9)
                              [N12:Z] LFLAG ':' 11 (11)
2026-01-22 16:12:18:094 [OUT] 25 A5 01 0C 31 03 88 00 50 19 38 (11)
                              [N12:Z] RUN 0 80 (80)
2026-01-22 16:12:18:179 [IN ] C8 24 08 0B 25 A5 08 01 31 03 CA 3A 09 4A 1A B2 (16)
                              [N8:R] RFLAG ':' 9 (9)
2026-01-22 16:12:18:284 [IN ] C8 24 03 0C 25 A5 03 01 31 04 88 53 00 50 64 C2 EA (17)
                              [N3:X] RUN 'S' 0 80 (80)
2026-01-22 16:12:18:389 [IN ] C8 24 04 0C 25 A5 04 01 31 04 88 53 00 50 65 CA EA (17)
                              [N4:Y] RUN 'S' 0 80 (80)
2026-01-22 16:12:18:495 [IN ] C8 24 0C 0C 25 A5 0C 01 31 04 88 53 00 50 6D 0A EA (17)
                              [N12:Z] RUN 'S' 0 80 (80)
2026-01-22 16:12:24:920 [IN ] C8 24 04 0B 25 A5 04 01 31 03 81 5A 4C 60 A6 0A C8 24 04 0A 25 A5 04 01 31 02 81 49 02 32 A6 (31)
                              [N4:Y] TPOS 'Z' 76 (76)
                              [N4:Y] TPOS 'I'
2026-01-22 16:12:25:143 [OUT] 25 A5 01 09 31 02 D8 3F 54 EC (10)
                              [N9:P] INTERRUPT '?'
2026-01-22 16:12:25:445 [IN ] C8 24 09 0C 25 A5 09 01 31 04 D8 3A 01 01 53 9A EA (17)
                              [N9:P] INTERRUPT ':' 1 1 (257)
2026-01-22 16:12:25:466 [OUT] 25 A5 01 04 31 03 C9 3D 09 48 FE (11)
                              [N4:Y] LFLAG '=' 9 (9)
2026-01-22 16:12:25:489 [OUT] 25 A5 01 07 31 02 D8 3F 52 E2 (10)
                              [N7:N] INTERRUPT '?'
2026-01-22 16:12:25:790 [IN ] C8 24 04 0B 25 A5 04 01 31 03 C9 3A 09 45 FB 9A C8 24 07 0C 25 A5 07 01 31 04 D8 3A 01 01 51 8A EA (33)
                              [N4:Y] LFLAG ':' 9 (9)
                              [N7:N] INTERRUPT ':' 1 1 (257)
2026-01-22 16:12:25:812 [OUT] 25 A5 01 09 31 03 C9 3D 0B 4F 1E (11)
                              [N9:P] LFLAG '=' 11 (11)
2026-01-22 16:12:25:835 [OUT] 25 A5 01 07 31 03 C9 3D 0B 4D 12 (11)
                              [N7:N] LFLAG '=' 11 (11)
2026-01-22 16:12:25:982 [IN ] C8 24 09 0B 25 A5 09 01 31 03 C9 3A 0B 4C 20 8A (16)
                              [N9:P] LFLAG ':' 11 (11)
2026-01-22 16:12:26:004 [OUT] 25 A5 01 09 31 03 88 00 50 16 26 (11)
                              [N9:P] RUN 0 80 (80)
2026-01-22 16:12:26:090 [IN ] C8 24 07 0B 25 A5 07 01 31 03 C9 3A 0B 4A 12 8A (16)
                              [N7:N] LFLAG ':' 11 (11)
2026-01-22 16:12:26:113 [OUT] 25 A5 01 07 31 03 88 00 50 14 1A (11)
                              [N7:N] RUN 0 80 (80)
2026-01-22 16:12:26:198 [IN ] C8 24 09 0C 25 A5 09 01 31 04 88 53 00 50 6A F2 EA (17)
                              [N9:P] RUN 'S' 0 80 (80)
2026-01-22 16:12:26:262 [IN ] C8 24 09 0B 25 A5 09 01 31 03 81 5A 4C 65 C9 F2 (16)
                              [N9:P] TPOS 'Z' 76 (76)
2026-01-22 16:12:26:308 [IN ] C8 24 07 0C 25 A5 07 01 31 04 88 53 00 50 68 E2 EA C8 24 09 0A 25 A5 09 01 31 02 81 49 07 50 68 (32)
                              [N7:N] RUN 'S' 0 80 (80)
                              [N9:P] TPOS 'I'
2026-01-22 16:12:26:531 [OUT] 25 A5 01 09 31 03 C9 3D 09 4D 1C (11)
                              [N9:P] LFLAG '=' 9 (9)
2026-01-22 16:12:26:554 [OUT] 25 A5 01 04 31 05 81 FF EE 88 01 32 FA (13)
                              [N4:Y] TPOS 255 238 136 1 (-1144831)
2026-01-22 16:12:26:680 [IN ] C8 24 09 0B 25 A5 09 01 31 03 C9 3A 09 4A 1E E2 (16)
                              [N9:P] LFLAG ':' 9 (9)
2026-01-22 16:12:26:807 [IN ] C8 24 04 0E 25 A5 04 (7)
2026-01-22 16:12:26:829 [IN ] 01 31 06 81 53 00 00 00 00 10 88 0A (12)
                              [N4:Y] TPOS 'S' 0 0 0 0 (0)
2026-01-22 16:12:27:633 [IN ] C8 24 03 0B 25 A5 03 01 31 03 81 5A 4C 5F 9F 00 C8 24 03 0A 25 A5 03 01 31 02 81 49 01 2C 9F (31)
                              [N3:X] TPOS 'Z' 76 (76)
                              [N3:X] TPOS 'I'
2026-01-22 16:12:27:856 [OUT] 25 A5 01 03 31 03 C9 3D 09 47 F8 (11)
                              [N3:X] LFLAG '=' 9 (9)
2026-01-22 16:12:28:025 [IN ] C8 24 03 0B 25 A5 03 01 31 03 C9 3A 09 44 F4 00 (16)
                              [N3:X] LFLAG ':' 9 (9)
2026-01-22 16:12:30:035 [IN ] C8 24 07 0B 25 A5 07 01 31 03 81 5A 4C 63 BB 00 C8 24 07 0A 25 A5 07 01 31 02 81 49 05 44 BB (31)
                              [N7:N] TPOS 'Z' 76 (76)
                              [N7:N] TPOS 'I'
2026-01-22 16:12:30:258 [OUT] 25 A5 01 07 31 03 C9 3D 09 4B 10 (11)
                              [N7:N] LFLAG '=' 9 (9)
2026-01-22 16:12:30:427 [IN ] C8 24 07 0B 25 A5 07 01 31 03 C9 3A 09 48 10 (15)
                              [N7:N] LFLAG ':' 9 (9)
2026-01-22 16:12:30:629 [IN ] 00 (1)
2026-01-22 16:12:33:040 [IN ] C8 24 04 0E 25 A5 04 01 31 06 81 45 FF EE 85 84 F8 96 0A (19)
                              [N4:Y] TPOS 'E' 255 238 133 132 (-1145468)
2026-01-22 16:12:33:266 [OUT] 25 A5 01 09 31 05 81 FF E7 5D 56 5A 0C (13)
                              [N9:P] TPOS 255 231 93 86 (-1614506)
2026-01-22 16:12:33:289 [OUT] 25 A5 01 04 31 05 81 FF FD 50 01 09 B7 (13)
                              [N4:Y] TPOS 255 253 80 1 (-176127)
2026-01-22 16:12:33:311 [OUT] 25 A5 01 07 31 05 81 FF AB 19 75 F7 DF (13)
                              [N7:N] TPOS 255 171 25 117 (-5564043)
2026-01-22 16:12:33:335 [OUT] 25 A5 01 03 31 05 81 FF EC 4A AB 9B 1A (13)
                              [N3:X] TPOS 255 236 74 171 (-1291605)
2026-01-22 16:12:33:358 [OUT] 25 A5 01 06 31 02 D8 3F 51 DD (10)
                              [N6:H] INTERRUPT '?'
2026-01-22 16:12:33:660 [IN ] C8 24 09 0E 25 A5 09 01 31 06 81 53 FF FF FF F7 09 A8 0A C8 24 04 0E 25 A5 04 01 31 06 81 53 FF EE 85 84 06 DC 0A (38)
                              [N9:P] TPOS 'S' 255 255 255 247 (-9)
                              [N4:Y] TPOS 'S' 255 238 133 132 (-1145468)
2026-01-22 16:12:33:962 [IN ] C8 24 07 0E 25 A5 07 01 31 06 81 53 FF FF FF F8 08 95 0A C8 24 03 0E 25 A5 03 01 31 06 81 53 00 00 00 00 0F 7E 0A C8 24 06 0C 25 A5 06 01 31 04 D8 3A 01 01 50 82 0F (55)
                              [N7:N] TPOS 'S' 255 255 255 248 (-8)
                              [N3:X] TPOS 'S' 0 0 0 0 (0)
                              [N6:H] INTERRUPT ':' 1 1 (257)
2026-01-22 16:12:33:984 [OUT] 25 A5 01 06 31 03 C9 3D 0B 4C 0C (11)
                              [N6:H] LFLAG '=' 11 (11)
2026-01-22 16:12:34:174 [IN ] C8 24 06 0B 25 A5 06 01 31 03 C9 3A 0B 49 0B 82 (16)
                              [N6:H] LFLAG ':' 11 (11)
2026-01-22 16:12:34:198 [OUT] 25 A5 01 06 31 03 88 FF B0 72 72 (11)
                              [N6:H] RUN 255 176 (-80)
2026-01-22 16:12:34:368 [IN ] C8 24 06 0C 25 A5 06 01 31 04 88 53 FF B0 C6 38 0F (17)
                              [N6:H] RUN 'S' 255 176 (-80)
2026-01-22 16:12:34:570 [IN ] C8 24 0C 0B 25 A5 0C 01 31 03 81 5A 4C 68 DE 38 C8 24 0C 0A 25 A5 0C 01 31 02 81 49 0A 62 DE (31)
                              [N12:Z] TPOS 'Z' 76 (76)
                              [N12:Z] TPOS 'I'
2026-01-22 16:12:34:794 [OUT] 25 A5 01 0C 31 03 C9 3D 09 50 2E (11)
                              [N12:Z] LFLAG '=' 9 (9)
2026-01-22 16:12:34:963 [IN ] C8 24 0C 0B 25 A5 0C 01 31 03 C9 3A 09 4D 33 38 (16)
                              [N12:Z] LFLAG ':' 9 (9)
2026-01-22 16:12:34:985 [OUT] 25 A5 01 0C 31 05 81 FF BC D0 00 4F 33 (13)
                              [N12:Z] TPOS 255 188 208 0 (-4403200)
2026-01-22 16:12:35:173 [IN ] C8 24 0C 0E 25 A5 0C 01 31 06 81 53 FF FF FE DB EF A8 0A (19)
                              [N12:Z] TPOS 'S' 255 255 254 219 (-293)
2026-01-22 16:12:38:387 [IN ] C8 24 06 0B 25 A5 06 01 31 03 81 5A 4C 62 B4 DB C8 24 06 0A 25 A5 06 01 31 02 81 49 04 3E B4 (31)
                              [N6:H] TPOS 'Z' 76 (76)
                              [N6:H] TPOS 'I'
2026-01-22 16:12:38:610 [OUT] 25 A5 01 06 31 03 C9 3D 09 4A 0A (11)
                              [N6:H] LFLAG '=' 9 (9)
2026-01-22 16:12:38:758 [IN ] C8 24 06 0B 25 A5 06 01 31 03 C9 3A 09 47 09 DB (16)
                              [N6:H] LFLAG ':' 9 (9)
2026-01-22 16:12:38:779 [OUT] 25 A5 01 06 31 03 84 00 50 0F 08 (11)
                              [N6:H] VEL 0 80 (80)
2026-01-22 16:12:38:946 [IN ] C8 24 06 0C 25 A5 06 01 31 04 84 53 00 50 63 CA EF (17)
                              [N6:H] VEL 'S' 0 80 (80)
2026-01-22 16:12:38:968 [OUT] 25 A5 01 06 31 05 81 00 19 82 3C 95 BE (13)
                              [N6:H] TPOS 0 25 130 60 (1671740)
2026-01-22 16:12:39:178 [IN ] C8 24 06 0E 25 A5 06 01 31 06 81 53 00 00 00 03 15 9F 0A (19)
                              [N6:H] TPOS 'S' 0 0 0 3 (3)
2026-01-22 16:12:40:583 [IN ] C8 24 03 0E 25 A5 03 01 31 06 81 45 FF EC 48 20 54 A8 0A (19)
                              [N3:X] TPOS 'E' 255 236 72 32 (-1292256)
2026-01-22 16:12:41:006 [OUT] 25 A5 01 03 31 05 81 FF FD 50 01 08 AF (13)
                              [N3:X] TPOS 255 253 80 1 (-176127)
2026-01-22 16:12:41:173 [IN ] C8 24 03 0E 25 A5 03 01 31 06 81 53 FF EC 48 20 62 EE 0A (19)
                              [N3:X] TPOS 'S' 255 236 72 32 (-1292256)
2026-01-22 16:12:41:778 [IN ] C8 24 04 0E 25 A5 04 01 31 06 81 45 FF FD 50 00 4E D5 0A (19)
                              [N4:Y] TPOS 'E' 255 253 80 0 (-176128)
2026-01-22 16:12:42:584 [IN ] C8 24 09 0E 25 A5 09 01 31 06 81 45 FF E7 5C 31 7A 0E 0A (19)
                              [N9:P] TPOS 'E' 255 231 92 49 (-1614799)
2026-01-22 16:12:43:008 [OUT] 25 A5 01 09 31 05 81 FF FF D9 C8 60 BE (13)
                              [N9:P] TPOS 255 255 217 200 (-9784)
2026-01-22 16:12:43:198 [IN ] C8 24 09 0E 25 A5 09 01 31 06 81 53 FF E7 5C 36 8D 59 0A (19)
                              [N9:P] TPOS 'S' 255 231 92 54 (-1614794)
2026-01-22 16:12:47:014 [IN ] C8 24 06 0E 25 A5 06 01 31 06 81 45 00 19 85 A0 42 4B 0A (19)
                              [N6:H] TPOS 'E' 0 25 133 160 (1672608)
2026-01-22 16:12:47:439 [OUT] 25 A5 01 06 31 05 81 00 0D 03 C1 8F 21 (13)
                              [N6:H] TPOS 0 13 3 193 (852929)
2026-01-22 16:12:47:628 [IN ] C8 24 06 0E 25 A5 06 01 31 06 81 53 00 19 85 9F 4F 90 0A (19)
                              [N6:H] TPOS 'S' 0 25 133 159 (1672607)
2026-01-22 16:12:50:238 [IN ] C8 24 03 0E 25 A5 03 01 31 06 81 45 FF FD 50 4A 97 15 0A (19)
                              [N3:X] TPOS 'E' 255 253 80 74 (-176054)
2026-01-22 16:12:51:444 [IN ] C8 24 06 0E 25 A5 06 01 31 06 81 45 00 0C FF 1A 29 92 0A (19)
                              [N6:H] TPOS 'E' 0 12 255 26 (851738)
2026-01-22 16:12:51:667 [OUT] 25 A5 01 05 31 02 D8 3F 50 D8 (10)
                              [N5:V] INTERRUPT '?'
2026-01-22 16:12:51:969 [IN ] C8 24 05 0C 25 A5 05 01 31 04 D8 3A 01 01 4F 7A 29 (17)
                              [N5:V] INTERRUPT ':' 1 1 (257)
2026-01-22 16:12:51:990 [OUT] 25 A5 01 05 31 03 C9 3D 0B 4B 06 (11)
                              [N5:V] LFLAG '=' 11 (11)
2026-01-22 16:12:52:159 [IN ] C8 24 05 0B 25 A5 05 01 31 03 C9 3A 0B 48 04 7A (16)
                              [N5:V] LFLAG ':' 11 (11)
2026-01-22 16:12:52:183 [OUT] 25 A5 01 05 31 03 88 FF B0 71 6C (11)
                              [N5:V] RUN 255 176 (-80)
2026-01-22 16:12:52:351 [IN ] C8 24 05 0C 25 A5 05 01 31 04 88 53 FF B0 C5 30 29 (17)
                              [N5:V] RUN 'S' 255 176 (-80)
2026-01-22 16:12:52:554 [IN ] C8 24 09 0E 25 A5 09 01 31 06 81 45 FF FF DB 5E 3E 81 0A (19)
                              [N9:P] TPOS 'E' 255 255 219 94 (-9378)
2026-01-22 16:12:52:777 [OUT] 25 A5 01 08 31 02 D8 3F 53 E7 (10)
                              [N8:R] INTERRUPT '?'
2026-01-22 16:12:53:080 [IN ] C8 24 08 0C 25 A5 08 01 31 04 D8 3A 01 01 52 92 3E (17)
                              [N8:R] INTERRUPT ':' 1 1 (257)
2026-01-22 16:12:53:101 [OUT] 25 A5 01 08 31 03 CA 3D 0B 4F 1B (11)
                              [N8:R] RFLAG '=' 11 (11)
2026-01-22 16:12:53:270 [IN ] C8 24 08 0B 25 A5 08 01 31 03 CA 3A 0B 4C 1C 92 (16)
                              [N8:R] RFLAG ':' 11 (11)
2026-01-22 16:12:53:291 [OUT] 25 A5 01 08 31 03 88 00 50 15 20 (11)
                              [N8:R] RUN 0 80 (80)
2026-01-22 16:12:53:458 [IN ] C8 24 08 0C 25 A5 08 01 31 04 88 53 00 50 69 EA 3E (17)
                              [N8:R] RUN 'S' 0 80 (80)
2026-01-22 16:12:57:473 [IN ] C8 24 05 0B 25 A5 05 01 31 03 81 5A 4C 61 AD EA C8 24 05 0A 25 A5 05 01 31 02 81 49 03 38 AD (31)
                              [N5:V] TPOS 'Z' 76 (76)
                              [N5:V] TPOS 'I'
2026-01-22 16:12:57:696 [OUT] 25 A5 01 05 31 03 C9 3D 09 49 04 (11)
                              [N5:V] LFLAG '=' 9 (9)
2026-01-22 16:12:57:864 [IN ] C8 24 05 0B 25 A5 05 01 31 03 C9 3A 09 46 02 EA (16)
                              [N5:V] LFLAG ':' 9 (9)
2026-01-22 16:12:57:886 [OUT] 25 A5 01 05 31 03 84 00 50 0E 02 (11)
                              [N5:V] VEL 0 80 (80)
2026-01-22 16:12:57:887 [IN ] C8 24 07 0E 25 A5 07 01 31 06 81 45 FF AB 14 A3 66 28 0A (19)
                              [N7:N] TPOS 'E' 255 171 20 163 (-5565277)
2026-01-22 16:12:57:953 [OUT] 25 A5 01 07 31 05 81 FF F3 35 BF A5 39 (13)
                              [N7:N] TPOS 255 243 53 191 (-838209)
2026-01-22 16:12:58:038 [IN ] C8 24 0C 0E 25 A5 0C 01 31 06 81 45 FF BC CD 27 B9 83 0A (19)
                              [N12:Z] TPOS 'E' 255 188 205 39 (-4403929)
2026-01-22 16:12:58:064 [IN ] C8 24 05 0C 25 A5 05 01 31 04 84 53 00 50 62 C2 B9 (17)
                              [N5:V] VEL 'S' 0 80 (80)
2026-01-22 16:12:58:085 [OUT] 25 A5 01 05 31 05 81 00 19 82 3C 94 B6 (13)
                              [N5:V] TPOS 0 25 130 60 (1671740)
2026-01-22 16:12:58:108 [OUT] 25 A5 01 0C 31 05 81 FF D1 1A 67 15 6D (13)
                              [N12:Z] TPOS 255 209 26 103 (-3073433)
2026-01-22 16:12:58:172 [IN ] C8 24 07 0E 25 A5 07 01 31 06 81 53 FF AB 14 A4 75 6F 0A (19)
                              [N7:N] TPOS 'S' 255 171 20 164 (-5565276)
2026-01-22 16:12:58:319 [IN ] C8 24 05 0E 25 A5 05 01 31 06 81 53 00 00 00 00 11 92 0A (19)
                              [N5:V] TPOS 'S' 0 0 0 0 (0)
2026-01-22 16:12:58:447 [IN ] C8 24 0C 0E 25 A5 0C 01 31 06 81 53 FF BC CD 43 E3 E5 0A (19)
                              [N12:Z] TPOS 'S' 255 188 205 67 (-4403901)
2026-01-22 16:13:00:254 [IN ] C8 24 08 0B 25 A5 08 01 31 03 81 5A 52 6A C8 43 C8 24 08 0A 25 A5 08 01 31 02 81 49 06 4A C8 (31)
                              [N8:R] TPOS 'Z' 82 (82)
                              [N8:R] TPOS 'I'
2026-01-22 16:13:00:477 [OUT] 25 A5 01 08 31 03 CA 3D 09 4D 19 (11)
                              [N8:R] RFLAG '=' 9 (9)
2026-01-22 16:13:00:647 [IN ] C8 24 08 0B 25 A5 08 01 31 03 CA 3A 09 4A 1A 43 (16)
                              [N8:R] RFLAG ':' 9 (9)
2026-01-22 16:13:00:669 [OUT] 25 A5 01 08 31 05 81 FF DC 77 1D 2F DE (13)
                              [N8:R] TPOS 255 220 119 29 (-2328803)
2026-01-22 16:13:00:857 [IN ] C8 24 08 0E 25 A5 08 01 31 06 81 53 FF FF FF D8 E9 7F 0A (19)
                              [N8:R] TPOS 'S' 255 255 255 216 (-40)
2026-01-22 16:13:05:075 [IN ] C8 24 0C 0E 25 A5 0C 01 31 06 81 45 FF D1 1C FC F2 35 0A (19)
                              [N12:Z] TPOS 'E' 255 209 28 252 (-3072772)
2026-01-22 16:13:06:282 [IN ] C8 24 05 0E 25 A5 05 01 31 06 81 45 00 19 86 17 B9 BA 0A (19)
                              [N5:V] TPOS 'E' 0 25 134 23 (1672727)
2026-01-22 16:13:06:708 [OUT] 25 A5 01 05 31 05 81 00 0D 03 C1 8E 19 (13)
                              [N5:V] TPOS 0 13 3 193 (852929)
2026-01-22 16:13:06:897 [IN ] C8 24 05 0E 25 A5 05 01 31 06 81 53 00 19 86 16 C6 FF 0A (19)
                              [N5:V] TPOS 'S' 0 25 134 22 (1672726)
2026-01-22 16:13:12:320 [IN ] C8 24 05 0E 25 A5 05 01 31 06 81 45 00 0D 02 74 86 EB 0A (19)
                              [N5:V] TPOS 'E' 0 13 2 116 (852596)
2026-01-22 16:13:12:543 [OUT] 25 A5 01 03 31 05 81 FF ED B1 30 88 70 (13)
                              [N3:X] TPOS 255 237 177 48 (-1199824)
2026-01-22 16:13:12:565 [OUT] 25 A5 01 04 31 05 81 FF F3 BD 0C 77 7E (13)
                              [N4:Y] TPOS 255 243 189 12 (-803572)
2026-01-22 16:13:12:734 [IN ] C8 24 03 0E 25 A5 03 01 31 06 81 53 FF FD 50 4A A5 5B 0A (19)
                              [N3:X] TPOS 'S' 255 253 80 74 (-176054)
2026-01-22 16:13:12:840 [IN ] C8 24 04 0E 25 A5 04 01 31 06 81 53 FF FD 50 01 5D 1C 0A (19)
                              [N4:Y] TPOS 'S' 255 253 80 1 (-176127)
2026-01-22 16:13:14:246 [IN ] C8 24 08 0E 25 A5 08 01 31 06 81 45 FF DC 74 51 A6 33 0A (19)
                              [N8:R] TPOS 'E' 255 220 116 81 (-2329519)
2026-01-22 16:13:14:672 [OUT] 25 A5 01 08 31 05 81 FF EE 15 56 18 89 (13)
                              [N8:R] TPOS 255 238 21 86 (-1174186)
2026-01-22 16:13:14:861 [IN ] C8 24 08 0E 25 A5 08 01 31 06 81 53 FF DC 74 53 B6 7B 0A (19)
                              [N8:R] TPOS 'S' 255 220 116 83 (-2329517)
2026-01-22 16:13:16:468 [IN ] C8 24 04 0E 25 A5 04 01 31 06 81 45 FF F3 BA A8 56 33 0A (19)
                              [N4:Y] TPOS 'E' 255 243 186 168 (-804184)
2026-01-22 16:13:17:875 [IN ] C8 24 03 0E 25 A5 03 01 31 06 81 45 FF ED AE 39 D4 90 0A (19)
                              [N3:X] TPOS 'E' 255 237 174 57 (-1200583)
2026-01-22 16:13:18:681 [IN ] C8 24 07 0E 25 A5 07 01 31 06 81 45 FF F3 3B 19 4B C4 0A (19)
                              [N7:N] TPOS 'E' 255 243 59 25 (-836839)
2026-01-22 16:13:21:293 [IN ] C8 24 08 0E 25 A5 08 01 31 06 81 45 FF EE 16 D5 DE 31 0A (19)
                              [N8:R] TPOS 'E' 255 238 22 213 (-1173803)
