2026-01-22 17:04:02:499 [OUT] 25 A5 01 0A 31 05 D6 3D FF 00 00 53 ED (13)
                              [N10:HMI] HMILED '=' 255 0 0 (16711680)
2026-01-22 17:04:02:522 [OUT] 25 A5 01 03 31 02 D8 3F 4E CE (10)
                              [N3:X] INTERRUPT '?'
2026-01-22 17:04:02:824 [IN ] C8 24 0A 0D 25 A5 0A 01 31 05 D6 3A FF 00 00 50 EA 00 C8 24 03 0C 25 A5 03 01 31 04 D8 3A 01 01 4D 6A EA (35)
                              [N10:HMI] HMILED ':' 255 0 0 (16711680)
                              [N3:X] INTERRUPT ':' 1 1 (257)
2026-01-22 17:04:02:846 [OUT] 25 A5 01 09 31 03 C9 3D 09 4D 1C (11)
                              [N9:P] LFLAG '=' 9 (9)
2026-01-22 17:04:02:870 [OUT] 25 A5 01 04 31 02 D8 3F 4F D3 (10)
                              [N4:Y] INTERRUPT '?'
2026-01-22 17:04:03:172 [IN ] C8 24 09 0B 25 A5 09 01 31 03 C9 3A 09 4A 1E 6A C8 24 04 0C 25 A5 04 01 31 04 D8 3A 01 01 4E 72 EA (33)
                              [N9:P] LFLAG ':' 9 (9)
                              [N4:Y] INTERRUPT ':' 1 1 (257)
2026-01-22 17:04:03:194 [OUT] 25 A5 01 09 31 03 CA 3D 09 4E 1F (11)
                              [N9:P] RFLAG '=' 9 (9)
2026-01-22 17:04:03:216 [OUT] 25 A5 01 0C 31 02 D8 3F 57 FB (10)
                              [N12:Z] INTERRUPT '?'
2026-01-22 17:04:03:518 [IN ] C8 24 09 0B 25 A5 09 01 31 03 CA 3A 09 4B 21 72 C8 24 0C 0C 25 A5 0C 01 31 04 D8 3A 01 01 56 B2 EA (33)
                              [N9:P] RFLAG ':' 9 (9)
                              [N12:Z] INTERRUPT ':' 1 1 (257)
2026-01-22 17:04:03:538 [OUT] 25 A5 01 08 31 03 C9 3D 09 4C 16 (11)
                              [N8:R] LFLAG '=' 9 (9)
2026-01-22 17:04:03:560 [OUT] 25 A5 01 03 31 03 C9 3D 0B 49 FA (11)
                              [N3:X] LFLAG '=' 11 (11)
2026-01-22 17:04:03:583 [OUT] 25 A5 01 04 31 03 C9 3D 0B 4A 00 (11)
                              [N4:Y] LFLAG '=' 11 (11)
2026-01-22 17:04:03:605 [OUT] 25 A5 01 0C 31 03 C9 3D 0B 52 30 (11)
                              [N12:Z] LFLAG '=' 11 (11)
2026-01-22 17:04:03:711 [IN ] C8 24 08 0B 25 A5 08 01 31 03 C9 3A 09 49 17 B2 (16)
                              [N8:R] LFLAG ':' 9 (9)
2026-01-22 17:04:03:733 [OUT] 25 A5 01 08 31 03 CA 3D 09 4D 19 (11)
                              [N8:R] RFLAG '=' 9 (9)
2026-01-22 17:04:03:797 [IN ] C8 24 03 0B 25 A5 03 01 31 03 C9 3A 0B 46 F6 B2 (16)
                              [N3:X] LFLAG ':' 11 (11)
2026-01-22 17:04:03:819 [OUT] 25 A5 01 03 31 03 88 00 50 10 02 (11)
                              [N3:X] RUN 0 80 (80)
2026-01-22 17:04:03:924 [IN ] C8 24 04 0B 25 A5 04 01 31 03 C9 3A 0B 47 FD B2 (16)
                              [N4:Y] LFLAG ':' 11 (11)
2026-01-22 17:04:03:946 [OUT] 25 A5 01 04 31 03 88 00 50 11 08 (11)
                              [N4:Y] RUN 0 80 (80)
2026-01-22 17:04:04:034 [IN ] C8 24 0C 0B 25 A5 0C 01 31 03 C9 3A 0B 4F 35 B2 (16)
                              [N12:Z] LFLAG ':' 11 (11)
2026-01-22 17:04:04:056 [OUT] 25 A5 01 0C 31 03 88 00 50 19 38 (11)
                              [N12:Z] RUN 0 80 (80)
2026-01-22 17:04:04:162 [IN ] C8 24 08 0B 25 A5 08 01 31 03 CA 3A 09 4A 1A B2 (16)
                              [N8:R] RFLAG ':' 9 (9)
2026-01-22 17:04:04:247 [IN ] C8 24 03 0C 25 A5 03 01 31 04 88 53 00 50 64 C2 EA (17)
                              [N3:X] RUN 'S' 0 80 (80)
2026-01-22 17:04:04:373 [IN ] C8 24 04 0C 25 A5 04 01 31 04 88 53 00 50 65 CA EA (17)
                              [N4:Y] RUN 'S' 0 80 (80)
2026-01-22 17:04:04:479 [IN ] C8 24 0C 0C 25 A5 0C 01 31 04 88 53 00 50 6D 0A EA (17)
                              [N12:Z] RUN 'S' 0 80 (80)
2026-01-22 17:04:11:100 [IN ] C8 24 04 0B 25 A5 04 01 31 03 81 5A 4C 60 A6 0A C8 24 04 0A 25 A5 04 01 31 02 81 49 02 32 A6 (31)
                              [N4:Y] TPOS 'Z' 76 (76)
                              [N4:Y] TPOS 'I'
2026-01-22 17:04:11:329 [OUT] 25 A5 01 09 31 02 D8 3F 54 EC (10)
                              [N9:P] INTERRUPT '?'
2026-01-22 17:04:11:631 [IN ] C8 24 09 0C 25 A5 09 01 31 04 D8 3A 01 01 53 9A EA (17)
                              [N9:P] INTERRUPT ':' 1 1 (257)
2026-01-22 17:04:11:653 [OUT] 25 A5 01 04 31 03 C9 3D 09 48 FE (11)
                              [N4:Y] LFLAG '=' 9 (9)
2026-01-22 17:04:11:677 [OUT] 25 A5 01 07 31 02 D8 3F 52 E2 (10)
                              [N7:N] INTERRUPT '?'
2026-01-22 17:04:11:978 [IN ] C8 24 04 0B 25 A5 04 01 31 03 C9 3A 09 45 FB 9A C8 24 07 0C 25 A5 07 01 31 04 D8 3A 01 01 51 8A EA (33)
                              [N4:Y] LFLAG ':' 9 (9)
                              [N7:N] INTERRUPT ':' 1 1 (257)
2026-01-22 17:04:12:000 [OUT] 25 A5 01 09 31 03 C9 3D 0B 4F 1E (11)
                              [N9:P] LFLAG '=' 11 (11)
2026-01-22 17:04:12:022 [OUT] 25 A5 01 07 31 03 C9 3D 0B 4D 12 (11)
                              [N7:N] LFLAG '=' 11 (11)
2026-01-22 17:04:12:154 [IN ] C8 24 09 0B 25 A5 09 01 31 03 C9 3A 0B 4C 20 8A (16)
                              [N9:P] LFLAG ':' 11 (11)
2026-01-22 17:04:12:175 [OUT] 25 A5 01 09 31 03 88 00 50 16 26 (11)
                              [N9:P] RUN 0 80 (80)
2026-01-22 17:04:12:301 [IN ] C8 24 07 0B 25 A5 07 01 31 03 C9 3A 0B 4A 12 8A (16)
                              [N7:N] LFLAG ':' 11 (11)
2026-01-22 17:04:12:322 [OUT] 25 A5 01 07 31 03 88 00 50 14 1A (11)
                              [N7:N] RUN 0 80 (80)
2026-01-22 17:04:12:386 [IN ] C8 24 09 0C 25 A5 09 01 31 04 88 53 00 50 6A F2 EA (17)
                              [N9:P] RUN 'S' 0 80 (80)
2026-01-22 17:04:12:430 [IN ] C8 24 09 0B 25 A5 09 01 31 03 81 5A 4C 65 C9 F2 (16)
                              [N9:P] TPOS 'Z' 76 (76)
2026-01-22 17:04:12:473 [IN ] C8 24 09 0A 25 A5 09 01 31 02 81 49 07 (13)
2026-01-22 17:04:12:495 [IN ] 50 C9 C8 24 07 0C 25 A5 07 01 31 04 88 53 00 50 68 E2 EA (19)
                              [N9:P] TPOS 'I'
                              [N7:N] RUN 'S' 0 80 (80)
2026-01-22 17:04:12:719 [OUT] 25 A5 01 09 31 03 C9 3D 09 4D 1C (11)
                              [N9:P] LFLAG '=' 9 (9)
2026-01-22 17:04:12:742 [OUT] 25 A5 01 04 31 05 81 FF EE 88 01 32 FA (13)
                              [N4:Y] TPOS 255 238 136 1 (-1144831)
2026-01-22 17:04:12:891 [IN ] C8 24 09 0B 25 A5 09 01 31 03 C9 3A 09 4A 1E E2 (16)
                              [N9:P] LFLAG ':' 9 (9)
2026-01-22 17:04:13:019 [IN ] C8 24 04 0E 25 A5 04 01 31 06 81 53 00 00 00 00 10 88 04 (19)
                              [N4:Y] TPOS 'S' 0 0 0 0 (0)
2026-01-22 17:04:13:423 [IN ] C8 24 03 0B 25 A5 03 01 31 03 81 5A 4C 5F 9F 00 (16)
                              [N3:X] TPOS 'Z' 76 (76)
2026-01-22 17:04:13:624 [IN ] C8 24 03 0A 25 A5 03 01 31 02 81 49 01 2C 9F (15)
                              [N3:X] TPOS 'I'
2026-01-22 17:04:13:848 [OUT] 25 A5 01 03 31 03 C9 3D 09 47 F8 (11)
                              [N3:X] LFLAG '=' 9 (9)
2026-01-22 17:04:14:017 [IN ] C8 24 03 0B 25 A5 03 01 31 03 C9 3A 09 44 F4 00 (16)
                              [N3:X] LFLAG ':' 9 (9)
2026-01-22 17:04:16:229 [IN ] C8 24 07 0B 25 A5 07 01 31 03 81 5A 4C 63 BB 00 C8 24 07 0A 25 A5 07 01 31 02 81 49 05 44 BB (31)
                              [N7:N] TPOS 'Z' 76 (76)
                              [N7:N] TPOS 'I'
2026-01-22 17:04:16:454 [OUT] 25 A5 01 07 31 03 C9 3D 09 4B 10 (11)
                              [N7:N] LFLAG '=' 9 (9)
2026-01-22 17:04:16:622 [IN ] C8 24 07 0B 25 A5 07 01 31 03 C9 3A 09 48 10 00 (16)
                              [N7:N] LFLAG ':' 9 (9)
2026-01-22 17:04:19:230 [IN ] C8 24 04 0E 25 A5 04 01 31 06 81 45 FF EE 85 7E F2 90 04 (19)
                              [N4:Y] TPOS 'E' 255 238 133 126 (-1145474)
2026-01-22 17:04:19:457 [OUT] 25 A5 01 09 31 05 81 FF E7 5D 56 5A 0C (13)
                              [N9:P] TPOS 255 231 93 86 (-1614506)
2026-01-22 17:04:19:479 [OUT] 25 A5 01 04 31 05 81 FF FD 50 01 09 B7 (13)
                              [N4:Y] TPOS 255 253 80 1 (-176127)
2026-01-22 17:04:19:503 [OUT] 25 A5 01 07 31 05 81 FF AB 19 75 F7 DF (13)
                              [N7:N] TPOS 255 171 25 117 (-5564043)
2026-01-22 17:04:19:525 [OUT] 25 A5 01 03 31 05 81 FF EC 4A AB 9B 1A (13)
                              [N3:X] TPOS 255 236 74 171 (-1291605)
2026-01-22 17:04:19:549 [OUT] 25 A5 01 06 31 02 D8 3F 51 DD (10)
                              [N6:H] INTERRUPT '?'
2026-01-22 17:04:19:852 [IN ] C8 24 09 0E 25 A5 09 01 31 06 81 53 FF FF FF F7 09 A8 04 C8 24 04 0E 25 A5 04 01 31 06 81 53 FF EE 85 7E 00 D6 04 (38)
                              [N9:P] TPOS 'S' 255 255 255 247 (-9)
                              [N4:Y] TPOS 'S' 255 238 133 126 (-1145474)
2026-01-22 17:04:20:154 [IN ] C8 24 07 0E 25 A5 07 01 31 06 81 53 FF FF FF F9 09 96 04 C8 24 03 0E 25 A5 03 01 31 06 81 53 00 00 00 00 0F 7E 04 C8 24 06 0C 25 A5 06 01 31 04 D8 3A 01 01 50 82 0F (55)
                              [N7:N] TPOS 'S' 255 255 255 249 (-7)
                              [N3:X] TPOS 'S' 0 0 0 0 (0)
                              [N6:H] INTERRUPT ':' 1 1 (257)
2026-01-22 17:04:20:176 [OUT] 25 A5 01 06 31 03 C9 3D 0B 4C 0C (11)
                              [N6:H] LFLAG '=' 11 (11)
2026-01-22 17:04:20:334 [IN ] C8 24 0C 0B 25 A5 0C 01 31 03 81 5A 4C 68 DE 82 C8 24 06 0B 25 A5 06 01 31 03 C9 3A 0B 49 0B 82 (32)
                              [N12:Z] TPOS 'Z' 76 (76)
                              [N6:H] LFLAG ':' 11 (11)
2026-01-22 17:04:20:357 [OUT] 25 A5 01 06 31 03 88 FF B0 72 72 (11)
                              [N6:H] RUN 255 176 (-80)
2026-01-22 17:04:20:381 [IN ] C8 24 0C 0A 25 A5 0C 01 31 02 81 49 0A 62 0B (15)
                              [N12:Z] TPOS 'I'
2026-01-22 17:04:20:427 [OUT] 25 A5 01 0C 31 03 C9 3D 09 50 2E (11)
                              [N12:Z] LFLAG '=' 9 (9)
2026-01-22 17:04:20:535 [IN ] C8 24 06 0C 25 A5 06 01 31 04 88 53 FF B0 C6 38 0F (17)
                              [N6:H] RUN 'S' 255 176 (-80)
2026-01-22 17:04:20:640 [IN ] C8 24 0C 0B 25 A5 0C 01 31 03 C9 3A 09 4D 33 38 (16)
                              [N12:Z] LFLAG ':' 9 (9)
2026-01-22 17:04:20:665 [OUT] 25 A5 01 0C 31 05 81 FF BC D0 00 4F 33 (13)
                              [N12:Z] TPOS 255 188 208 0 (-4403200)
2026-01-22 17:04:20:834 [IN ] C8 24 (2)
2026-01-22 17:04:20:856 [IN ] 0C 0E 25 A5 0C 01 31 06 81 53 FF FF FE E6 FA B3 04 (17)
                              [N12:Z] TPOS 'S' 255 255 254 230 (-282)
2026-01-22 17:04:24:467 [IN ] C8 24 06 0B 25 A5 06 01 31 03 81 5A 4C 62 B4 E6 (16)
                              [N6:H] TPOS 'Z' 76 (76)
2026-01-22 17:04:24:670 [IN ] C8 24 06 0A 25 A5 06 01 31 02 81 49 04 3E B4 (15)
                              [N6:H] TPOS 'I'
2026-01-22 17:04:24:893 [OUT] 25 A5 01 06 31 03 C9 3D 09 4A 0A (11)
                              [N6:H] LFLAG '=' 9 (9)
2026-01-22 17:04:25:062 [IN ] C8 24 06 0B 25 A5 06 01 31 03 C9 3A 09 47 09 E6 (16)
                              [N6:H] LFLAG ':' 9 (9)
2026-01-22 17:04:25:083 [OUT] 25 A5 01 06 31 03 84 00 50 0F 08 (11)
                              [N6:H] VEL 0 80 (80)
2026-01-22 17:04:25:251 [IN ] C8 24 06 0C 25 A5 06 01 31 04 84 53 00 50 63 CA FA (17)
                              [N6:H] VEL 'S' 0 80 (80)
2026-01-22 17:04:25:273 [OUT] 25 A5 01 06 31 05 81 00 19 82 3C 95 BE (13)
                              [N6:H] TPOS 0 25 130 60 (1671740)
2026-01-22 17:04:25:462 [IN ] C8 24 06 0E 25 A5 06 01 31 06 81 53 00 00 00 07 19 A3 04 (19)
                              [N6:H] TPOS 'S' 0 0 0 7 (7)
2026-01-22 17:04:26:667 [IN ] C8 24 03 0E 25 A5 03 01 31 06 81 45 FF EC 47 ED 20 73 04 (19)
                              [N3:X] TPOS 'E' 255 236 71 237 (-1292307)
2026-01-22 17:04:27:093 [OUT] 25 A5 01 03 31 05 81 FF FD 50 01 08 AF (13)
                              [N3:X] TPOS 255 253 80 1 (-176127)
2026-01-22 17:04:27:283 [IN ] C8 24 03 0E 25 A5 03 01 31 06 81 53 FF EC 47 EE 2F BA 04 (19)
                              [N3:X] TPOS 'S' 255 236 71 238 (-1292306)
2026-01-22 17:04:28:286 [IN ] C8 24 04 0E 25 A5 04 01 31 06 81 45 FF FD 4F E5 32 B8 04 (19)
                              [N4:Y] TPOS 'E' 255 253 79 229 (-176155)
2026-01-22 17:04:28:892 [IN ] C8 24 09 0E 25 A5 09 01 31 06 81 45 FF E7 5C 09 52 E6 04 (19)
                              [N9:P] TPOS 'E' 255 231 92 9 (-1614839)
2026-01-22 17:04:29:319 [OUT] 25 A5 01 09 31 05 81 FF FF D9 C8 60 BE (13)
                              [N9:P] TPOS 255 255 217 200 (-9784)
2026-01-22 17:04:29:489 [IN ] C8 24 09 0E 25 A5 09 01 31 06 81 53 FF E7 5C 0B 62 2E 04 (19)
                              [N9:P] TPOS 'S' 255 231 92 11 (-1614837)
2026-01-22 17:04:33:302 [IN ] C8 24 06 0E 25 A5 06 01 31 06 81 45 00 19 85 B3 55 5E 04 (19)
                              [N6:H] TPOS 'E' 0 25 133 179 (1672627)
2026-01-22 17:04:33:728 [OUT] 25 A5 01 06 31 05 81 00 0D 03 C1 8F 21 (13)
                              [N6:H] TPOS 0 13 3 193 (852929)
2026-01-22 17:04:33:918 [IN ] C8 24 06 0E 25 A5 06 01 31 06 81 53 00 19 85 B1 61 A2 04 (19)
                              [N6:H] TPOS 'S' 0 25 133 177 (1672625)
2026-01-22 17:04:36:324 [IN ] C8 24 03 0E 25 A5 03 01 31 06 81 45 FF FD 50 52 9F 1D 04 (19)
                              [N3:X] TPOS 'E' 255 253 80 82 (-176046)
2026-01-22 17:04:37:729 [IN ] C8 24 06 0E 25 A5 06 01 31 06 81 45 00 0C FF 0D 1C 85 04 (19)
                              [N6:H] TPOS 'E' 0 12 255 13 (851725)
2026-01-22 17:04:37:955 [OUT] 25 A5 01 05 31 02 D8 3F 50 D8 (10)
                              [N5:V] INTERRUPT '?'
2026-01-22 17:04:38:257 [IN ] C8 24 05 0C 25 A5 05 01 31 04 D8 3A 01 01 4F 7A 1C (17)
                              [N5:V] INTERRUPT ':' 1 1 (257)
2026-01-22 17:04:38:278 [OUT] 25 A5 01 05 31 03 C9 3D 0B 4B 06 (11)
                              [N5:V] LFLAG '=' 11 (11)
2026-01-22 17:04:38:446 [IN ] C8 24 05 0B 25 A5 05 01 31 03 C9 3A 0B 48 04 7A (16)
                              [N5:V] LFLAG ':' 11 (11)
2026-01-22 17:04:38:470 [OUT] 25 A5 01 05 31 03 88 FF B0 71 6C (11)
                              [N5:V] RUN 255 176 (-80)
2026-01-22 17:04:38:638 [IN ] C8 24 05 0C 25 A5 05 01 31 04 88 53 FF B0 C5 30 1C (17)
                              [N5:V] RUN 'S' 255 176 (-80)
2026-01-22 17:04:38:840 [IN ] C8 24 09 0E 25 A5 09 01 31 06 81 45 FF FF DC 0E EF 33 04 (19)
                              [N9:P] TPOS 'E' 255 255 220 14 (-9202)
2026-01-22 17:04:39:064 [OUT] 25 A5 01 08 31 02 D8 3F 53 E7 (10)
                              [N8:R] INTERRUPT '?'
2026-01-22 17:04:39:366 [IN ] C8 24 08 0C 25 A5 08 01 31 04 D8 3A 01 01 52 92 EF (17)
                              [N8:R] INTERRUPT ':' 1 1 (257)
2026-01-22 17:04:39:387 [OUT] 25 A5 01 08 31 03 CA 3D 0B 4F 1B (11)
                              [N8:R] RFLAG '=' 11 (11)
2026-01-22 17:04:39:556 [IN ] C8 24 08 0B 25 A5 08 01 31 03 CA 3A 0B 4C 1C 92 (16)
                              [N8:R] RFLAG ':' 11 (11)
2026-01-22 17:04:39:577 [OUT] 25 A5 01 08 31 03 88 00 50 15 20 (11)
                              [N8:R] RUN 0 80 (80)
2026-01-22 17:04:39:746 [IN ] C8 24 08 0C 25 A5 08 01 31 04 88 53 00 50 69 EA EF (17)
                              [N8:R] RUN 'S' 0 80 (80)
2026-01-22 17:04:43:761 [IN ] C8 24 05 0B 25 A5 05 01 31 03 81 5A 4C 61 AD EA C8 24 05 0A 25 A5 05 01 31 02 81 49 03 38 AD C8 24 0C 0E 25 A5 0C 01 31 06 81 45 FF BC CD 2F C1 8B 04 (50)
                              [N5:V] TPOS 'Z' 76 (76)
                              [N5:V] TPOS 'I'
                              [N12:Z] TPOS 'E' 255 188 205 47 (-4403921)
2026-01-22 17:04:43:991 [OUT] 25 A5 01 05 31 03 C9 3D 09 49 04 (11)
                              [N5:V] LFLAG '=' 9 (9)
2026-01-22 17:04:44:013 [OUT] 25 A5 01 0C 31 05 81 FF D1 1A 67 15 6D (13)
                              [N12:Z] TPOS 255 209 26 103 (-3073433)
2026-01-22 17:04:44:119 [IN ] C8 24 07 0E 25 A5 07 01 31 06 81 45 FF AB 14 95 58 1A 04 (19)
                              [N7:N] TPOS 'E' 255 171 20 149 (-5565291)
2026-01-22 17:04:44:164 [IN ] C8 24 05 0B 25 A5 05 01 31 03 C9 3A 09 46 02 95 (16)
                              [N5:V] LFLAG ':' 9 (9)
2026-01-22 17:04:44:186 [OUT] 25 A5 01 05 31 03 84 00 50 0E 02 (11)
                              [N5:V] VEL 0 80 (80)
2026-01-22 17:04:44:209 [OUT] 25 A5 01 07 31 05 81 FF F3 35 BF A5 39 (13)
                              [N7:N] TPOS 255 243 53 191 (-838209)
2026-01-22 17:04:44:294 [IN ] C8 24 0C 0E 25 A5 0C 01 31 06 81 53 FF BC CD 53 F3 F5 04 (19)
                              [N12:Z] TPOS 'S' 255 188 205 83 (-4403885)
2026-01-22 17:04:44:400 [IN ] C8 24 05 0C 25 A5 05 01 31 04 84 53 00 50 62 C2 F3 (17)
                              [N5:V] VEL 'S' 0 80 (80)
2026-01-22 17:04:44:423 [OUT] 25 A5 01 05 31 05 81 00 19 82 3C 94 B6 (13)
                              [N5:V] TPOS 0 25 130 60 (1671740)
2026-01-22 17:04:44:529 [IN ] C8 24 07 0E 25 A5 07 01 31 06 81 53 FF AB 14 95 66 60 04 (19)
                              [N7:N] TPOS 'S' 255 171 20 149 (-5565291)
2026-01-22 17:04:44:656 [IN ] C8 24 05 0E 25 A5 05 01 31 06 81 53 00 00 00 00 11 92 04 (19)
                              [N5:V] TPOS 'S' 0 0 0 0 (0)
2026-01-22 17:04:46:464 [IN ] C8 24 08 0B 25 A5 08 01 31 03 81 5A 52 6A C8 00 (16)
                              [N8:R] TPOS 'Z' 82 (82)
2026-01-22 17:04:46:667 [IN ] C8 24 08 0A 25 A5 08 01 31 02 81 49 06 4A C8 (15)
                              [N8:R] TPOS 'I'
2026-01-22 17:04:46:890 [OUT] 25 A5 01 08 31 03 CA 3D 09 4D 19 (11)
                              [N8:R] RFLAG '=' 9 (9)
2026-01-22 17:04:47:061 [IN ] C8 24 08 0B 25 A5 08 01 31 03 CA 3A 09 4A 1A 00 (16)
                              [N8:R] RFLAG ':' 9 (9)
2026-01-22 17:04:47:084 [OUT] 25 A5 01 08 31 05 81 FF DC 77 1D 2F DE (13)
                              [N8:R] TPOS 255 220 119 29 (-2328803)
2026-01-22 17:04:47:254 [IN ] C8 24 08 0E 25 A5 08 01 31 06 81 53 FF FF FF E2 F3 89 04 (19)
                              [N8:R] TPOS 'S' 255 255 255 226 (-30)
2026-01-22 17:04:51:065 [IN ] C8 24 0C 0E 25 A5 0C 01 31 06 81 45 FF D1 1C EC E2 25 04 (19)
                              [N12:Z] TPOS 'E' 255 209 28 236 (-3072788)
2026-01-22 17:04:52:675 [IN ] C8 24 05 0E 25 A5 05 01 31 06 81 45 00 19 86 07 A9 AA 04 (19)
                              [N5:V] TPOS 'E' 0 25 134 7 (1672711)
2026-01-22 17:04:53:101 [OUT] 25 A5 01 05 31 05 81 00 0D 03 C1 8E 19 (13)
                              [N5:V] TPOS 0 13 3 193 (852929)
2026-01-22 17:04:53:291 [IN ] C8 24 05 0E 25 A5 05 01 31 06 81 53 00 19 86 06 B6 EF 04 (19)
                              [N5:V] TPOS 'S' 0 25 134 6 (1672710)
2026-01-22 17:04:58:706 [IN ] C8 24 05 0E 25 A5 05 01 31 06 81 45 00 0D 02 5F 71 D6 04 (19)
                              [N5:V] TPOS 'E' 0 13 2 95 (852575)
2026-01-22 17:04:58:930 [OUT] 25 A5 01 03 31 05 81 FF ED B1 30 88 70 (13)
                              [N3:X] TPOS 255 237 177 48 (-1199824)
2026-01-22 17:04:58:953 [OUT] 25 A5 01 04 31 05 81 FF F3 BD 0C 77 7E (13)
                              [N4:Y] TPOS 255 243 189 12 (-803572)
2026-01-22 17:04:59:121 [IN ] C8 24 03 0E 25 A5 03 01 31 06 81 53 FF FD 50 52 AD 63 04 (19)
                              [N3:X] TPOS 'S' 255 253 80 82 (-176046)
2026-01-22 17:04:59:247 [IN ] C8 24 04 (3)
2026-01-22 17:04:59:269 [IN ] 0E 25 A5 04 01 31 06 81 53 FF FD 4F E5 40 FE 04 (16)
                              [N4:Y] TPOS 'S' 255 253 79 229 (-176155)
2026-01-22 17:05:00:674 [IN ] C8 24 08 0E 25 A5 08 01 31 06 81 45 FF DC 74 10 65 F2 04 (19)
                              [N8:R] TPOS 'E' 255 220 116 16 (-2329584)
2026-01-22 17:05:01:101 [OUT] 25 A5 01 08 31 05 81 FF EE 15 56 18 89 (13)
                              [N8:R] TPOS 255 238 21 86 (-1174186)
2026-01-22 17:05:01:271 [IN ] C8 24 08 0E 25 A5 08 01 (8)
2026-01-22 17:05:01:292 [IN ] 31 06 81 53 FF DC 74 11 74 39 04 (11)
                              [N8:R] TPOS 'S' 255 220 116 17 (-2329583)
2026-01-22 17:05:02:697 [IN ] C8 24 04 0E 25 A5 04 01 31 06 81 45 FF F3 BA 97 45 22 04 (19)
                              [N4:Y] TPOS 'E' 255 243 186 151 (-804201)
2026-01-22 17:05:04:304 [IN ] C8 24 03 0E 25 A5 03 01 31 06 81 45 FF ED AD EB 85 40 04 (19)
                              [N3:X] TPOS 'E' 255 237 173 235 (-1200661)
2026-01-22 17:05:05:109 [IN ] C8 24 07 0E 25 A5 07 01 31 06 81 45 FF F3 3B 21 53 CC 04 (19)
                              [N7:N] TPOS 'E' 255 243 59 33 (-836831)
2026-01-22 17:05:07:718 [IN ] C8 24 08 0E 25 A5 08 01 31 06 81 45 FF EE 17 A7 B1 05 04 (19)
                              [N8:R] TPOS 'E' 255 238 23 167 (-1173593)
