2026-01-22 15:20:12:792 [OUT] 25 A5 01 0A 31 05 D6 3D FF 00 00 53 ED (13)
                              [N10:HMI] HMILED '=' 255 0 0 (16711680)
2026-01-22 15:20:12:815 [OUT] 25 A5 01 03 31 02 D8 3F 4E CE (10)
                              [N3:X] INTERRUPT '?'
2026-01-22 15:20:13:116 [IN ] C8 24 0A 0D 25 A5 0A 01 31 05 D6 3A FF 00 00 50 EA 82 C8 24 03 0C 25 A5 03 01 31 04 D8 3A 01 01 4D 6A EA (35)
                              [N10:HMI] HMILED ':' 255 0 0 (16711680)
                              [N3:X] INTERRUPT ':' 1 1 (257)
2026-01-22 15:20:13:138 [OUT] 25 A5 01 09 31 03 C9 3D 09 4D 1C (11)
                              [N9:P] LFLAG '=' 9 (9)
2026-01-22 15:20:13:162 [OUT] 25 A5 01 04 31 02 D8 3F 4F D3 (10)
                              [N4:Y] INTERRUPT '?'
2026-01-22 15:20:13:463 [IN ] C8 24 09 0B 25 A5 09 01 31 03 C9 3A 09 4A 1E 6A C8 24 04 0C 25 A5 04 01 31 04 D8 3A 01 01 4E 72 EA (33)
                              [N9:P] LFLAG ':' 9 (9)
                              [N4:Y] INTERRUPT ':' 1 1 (257)
2026-01-22 15:20:13:485 [OUT] 25 A5 01 09 31 03 CA 3D 09 4E 1F (11)
                              [N9:P] RFLAG '=' 9 (9)
2026-01-22 15:20:13:507 [OUT] 25 A5 01 0C 31 02 D8 3F 57 FB (10)
                              [N12:Z] INTERRUPT '?'
2026-01-22 15:20:13:809 [IN ] C8 24 09 0B 25 A5 09 01 31 03 CA 3A 09 4B 21 72 C8 24 0C 0C 25 A5 0C 01 31 04 D8 3A 01 01 56 B2 EA (33)
                              [N9:P] RFLAG ':' 9 (9)
                              [N12:Z] INTERRUPT ':' 1 1 (257)
2026-01-22 15:20:13:830 [OUT] 25 A5 01 08 31 03 C9 3D 09 4C 16 (11)
                              [N8:R] LFLAG '=' 9 (9)
2026-01-22 15:20:13:853 [OUT] 25 A5 01 03 31 03 C9 3D 0B 49 FA (11)
                              [N3:X] LFLAG '=' 11 (11)
2026-01-22 15:20:13:875 [OUT] 25 A5 01 04 31 03 C9 3D 0B 4A 00 (11)
                              [N4:Y] LFLAG '=' 11 (11)
2026-01-22 15:20:13:897 [OUT] 25 A5 01 0C 31 03 C9 3D 0B 52 30 (11)
                              [N12:Z] LFLAG '=' 11 (11)
2026-01-22 15:20:14:001 [IN ] C8 24 08 0B 25 A5 08 01 31 03 C9 3A 09 49 17 B2 (16)
                              [N8:R] LFLAG ':' 9 (9)
2026-01-22 15:20:14:022 [OUT] 25 A5 01 08 31 03 CA 3D 09 4D 19 (11)
                              [N8:R] RFLAG '=' 9 (9)
2026-01-22 15:20:14:107 [IN ] C8 24 03 0B 25 A5 03 01 31 03 C9 3A 0B 46 F6 B2 (16)
                              [N3:X] LFLAG ':' 11 (11)
2026-01-22 15:20:14:128 [OUT] 25 A5 01 03 31 03 88 00 50 10 02 (11)
                              [N3:X] RUN 0 80 (80)
2026-01-22 15:20:14:233 [IN ] C8 24 04 0B 25 A5 04 01 31 03 C9 3A 0B 47 FD B2 (16)
                              [N4:Y] LFLAG ':' 11 (11)
2026-01-22 15:20:14:255 [OUT] 25 A5 01 04 31 03 88 00 50 11 08 (11)
                              [N4:Y] RUN 0 80 (80)
2026-01-22 15:20:14:340 [IN ] C8 24 0C 0B 25 A5 0C 01 31 03 C9 3A 0B 4F 35 B2 (16)
                              [N12:Z] LFLAG ':' 11 (11)
2026-01-22 15:20:14:362 [OUT] 25 A5 01 0C 31 03 88 00 50 19 38 (11)
                              [N12:Z] RUN 0 80 (80)
2026-01-22 15:20:14:446 [IN ] C8 24 08 0B 25 A5 08 01 31 03 CA 3A 09 4A 1A B2 (16)
                              [N8:R] RFLAG ':' 9 (9)
2026-01-22 15:20:14:554 [IN ] C8 24 03 0C 25 A5 03 01 31 04 88 53 00 50 64 C2 EA (17)
                              [N3:X] RUN 'S' 0 80 (80)
2026-01-22 15:20:14:639 [IN ] C8 24 04 0C 25 A5 04 01 31 04 88 53 00 50 65 CA EA (17)
                              [N4:Y] RUN 'S' 0 80 (80)
2026-01-22 15:20:14:766 [IN ] C8 24 0C 0C 25 A5 0C 01 31 04 88 53 00 50 6D 0A EA (17)
                              [N12:Z] RUN 'S' 0 80 (80)
2026-01-22 15:20:22:797 [IN ] C8 24 04 0B 25 A5 04 01 31 03 81 5A 4C 60 A6 0A C8 24 04 0A 25 A5 04 01 31 02 81 (27)
                              [N4:Y] TPOS 'Z' 76 (76)
2026-01-22 15:20:23:000 [IN ] 49 02 32 A6 (4)
                              [N4:Y] TPOS 'I'
2026-01-22 15:20:23:224 [OUT] 25 A5 01 09 31 02 D8 3F 54 EC (10)
                              [N9:P] INTERRUPT '?'
2026-01-22 15:20:23:527 [IN ] C8 24 09 0C 25 A5 09 01 31 04 D8 3A 01 01 53 9A EA (17)
                              [N9:P] INTERRUPT ':' 1 1 (257)
2026-01-22 15:20:23:548 [OUT] 25 A5 01 04 31 03 C9 3D 09 48 FE (11)
                              [N4:Y] LFLAG '=' 9 (9)
2026-01-22 15:20:23:570 [OUT] 25 A5 01 07 31 02 D8 3F 52 E2 (10)
                              [N7:N] INTERRUPT '?'
2026-01-22 15:20:23:872 [IN ] C8 24 04 0B 25 A5 04 01 31 03 C9 3A 09 45 FB 9A C8 24 07 0C 25 A5 07 01 31 04 D8 3A 01 01 51 8A EA (33)
                              [N4:Y] LFLAG ':' 9 (9)
                              [N7:N] INTERRUPT ':' 1 1 (257)
2026-01-22 15:20:23:893 [OUT] 25 A5 01 09 31 03 C9 3D 0B 4F 1E (11)
                              [N9:P] LFLAG '=' 11 (11)
2026-01-22 15:20:23:915 [OUT] 25 A5 01 07 31 03 C9 3D 0B 4D 12 (11)
                              [N7:N] LFLAG '=' 11 (11)
2026-01-22 15:20:24:020 [IN ] C8 24 03 0B 25 A5 03 01 31 03 81 5A 4C 5F 9F 8A (16)
                              [N3:X] TPOS 'Z' 76 (76)
2026-01-22 15:20:24:064 [IN ] C8 24 09 0B 25 A5 09 01 31 03 C9 3A 0B 4C 20 8A C8 24 03 0A 25 A5 03 01 31 02 81 49 01 2C 20 (31)
                              [N9:P] LFLAG ':' 11 (11)
                              [N3:X] TPOS 'I'
2026-01-22 15:20:24:085 [OUT] 25 A5 01 09 31 03 88 00 50 16 26 (11)
                              [N9:P] RUN 0 80 (80)
2026-01-22 15:20:24:113 [OUT] 25 A5 01 03 31 03 C9 3D 09 47 F8 (11)
                              [N3:X] LFLAG '=' 9 (9)
2026-01-22 15:20:24:177 [IN ] C8 24 07 0B 25 A5 07 01 31 03 C9 3A 0B 4A 12 8A (16)
                              [N7:N] LFLAG ':' 11 (11)
2026-01-22 15:20:24:199 [OUT] 25 A5 01 07 31 03 88 00 50 14 1A (11)
                              [N7:N] RUN 0 80 (80)
2026-01-22 15:20:24:264 [IN ] C8 24 09 0C 25 A5 09 01 31 04 88 53 00 50 6A F2 EA (17)
                              [N9:P] RUN 'S' 0 80 (80)
2026-01-22 15:20:24:328 [IN ] C8 24 09 0B 25 A5 09 01 31 03 81 5A 4C 65 C9 F2 (16)
                              [N9:P] TPOS 'Z' 76 (76)
2026-01-22 15:20:24:371 [IN ] C8 24 09 0A 25 A5 09 01 31 02 81 49 07 50 C9 C8 24 03 0B 25 A5 03 01 31 03 C9 3A 09 44 (29)
                              [N9:P] TPOS 'I'
2026-01-22 15:20:24:393 [IN ] F4 F2 (2)
                              [N3:X] LFLAG ':' 9 (9)
2026-01-22 15:20:24:414 [OUT] 25 A5 01 09 31 03 C9 3D 09 4D 1C (11)
                              [N9:P] LFLAG '=' 9 (9)
2026-01-22 15:20:24:437 [OUT] 25 A5 01 04 31 05 81 FF EE 88 01 32 FA (13)
                              [N4:Y] TPOS 255 238 136 1 (-1144831)
2026-01-22 15:20:24:501 [IN ] C8 24 07 0C 25 A5 07 01 31 04 88 53 00 50 68 E2 EA (17)
                              [N7:N] RUN 'S' 0 80 (80)
2026-01-22 15:20:24:628 [IN ] C8 24 09 0B 25 A5 09 01 31 03 C9 3A 09 4A 1E E2 (16)
                              [N9:P] LFLAG ':' 9 (9)
2026-01-22 15:20:24:756 [IN ] C8 24 04 0E 25 A5 04 01 31 06 81 53 00 00 00 00 10 88 0A (19)
                              [N4:Y] TPOS 'S' 0 0 0 0 (0)
2026-01-22 15:20:28:168 [IN ] C8 24 07 0B 25 A5 07 01 31 03 81 5A 4C 63 BB 00 C8 24 07 0A 25 A5 07 01 31 02 81 49 05 44 BB (31)
                              [N7:N] TPOS 'Z' 76 (76)
                              [N7:N] TPOS 'I'
2026-01-22 15:20:28:392 [OUT] 25 A5 01 07 31 03 C9 3D 09 4B 10 (11)
                              [N7:N] LFLAG '=' 9 (9)
2026-01-22 15:20:28:561 [IN ] C8 24 07 0B 25 A5 07 01 31 03 C9 3A 09 48 10 00 (16)
                              [N7:N] LFLAG ':' 9 (9)
2026-01-22 15:20:30:768 [IN ] C8 24 0C 0B 25 A5 0C 01 31 03 81 5A 4C 68 DE 00 (16)
                              [N12:Z] TPOS 'Z' 76 (76)
2026-01-22 15:20:30:970 [IN ] C8 24 0C 0A 25 A5 0C 01 31 02 81 49 0A 62 DE (15)
                              [N12:Z] TPOS 'I'
2026-01-22 15:20:31:194 [OUT] 25 A5 01 0C 31 03 C9 3D 09 50 2E (11)
                              [N12:Z] LFLAG '=' 9 (9)
2026-01-22 15:20:31:384 [IN ] C8 24 0C 0B 25 A5 0C 01 31 03 C9 3A 09 4D 33 00 (16)
                              [N12:Z] LFLAG ':' 9 (9)
2026-01-22 15:20:31:787 [IN ] C8 24 04 0E 25 A5 04 01 31 06 81 45 FF EE 85 C5 39 D7 0A (19)
                              [N4:Y] TPOS 'E' 255 238 133 197 (-1145403)
2026-01-22 15:20:32:010 [OUT] 25 A5 01 0C 31 05 81 FF BC D0 00 4F 33 (13)
                              [N12:Z] TPOS 255 188 208 0 (-4403200)
2026-01-22 15:20:32:034 [OUT] 25 A5 01 04 31 05 81 FF FD 50 01 09 B7 (13)
                              [N4:Y] TPOS 255 253 80 1 (-176127)
2026-01-22 15:20:32:059 [OUT] 25 A5 01 09 31 05 81 FF E7 5D 56 5A 0C (13)
                              [N9:P] TPOS 255 231 93 86 (-1614506)
2026-01-22 15:20:32:083 [OUT] 25 A5 01 07 31 05 81 FF AB 19 75 F7 DF (13)
                              [N7:N] TPOS 255 171 25 117 (-5564043)
2026-01-22 15:20:32:105 [OUT] 25 A5 01 03 31 05 81 FF EC 4A AB 9B 1A (13)
                              [N3:X] TPOS 255 236 74 171 (-1291605)
2026-01-22 15:20:32:128 [OUT] 25 A5 01 06 31 02 D8 3F 51 DD (10)
                              [N6:H] INTERRUPT '?'
2026-01-22 15:20:32:431 [IN ] C8 24 0C 0E 25 A5 0C 01 31 06 81 53 FF FF FE EB FF B8 0A C8 24 04 0E 25 A5 04 01 31 06 81 53 FF EE 85 C5 47 1D 0A (38)
                              [N12:Z] TPOS 'S' 255 255 254 235 (-277)
                              [N4:Y] TPOS 'S' 255 238 133 197 (-1145403)
2026-01-22 15:20:32:733 [IN ] C8 24 09 0E 25 A5 09 01 31 06 81 53 FF FF FF F9 0B AA 0A C8 24 07 0E 25 A5 07 01 31 06 81 53 FF FF FF FC 0C 99 0A C8 24 03 0E 25 A5 03 01 31 06 81 53 00 00 00 00 0F 7E 0A (57)
                              [N9:P] TPOS 'S' 255 255 255 249 (-7)
                              [N7:N] TPOS 'S' 255 255 255 252 (-4)
                              [N3:X] TPOS 'S' 0 0 0 0 (0)
2026-01-22 15:20:33:034 [IN ] C8 24 06 0C 25 A5 06 01 31 04 D8 3A 01 01 50 82 0F (17)
                              [N6:H] INTERRUPT ':' 1 1 (257)
2026-01-22 15:20:33:056 [OUT] 25 A5 01 06 31 03 C9 3D 0B 4C 0C (11)
                              [N6:H] LFLAG '=' 11 (11)
2026-01-22 15:20:33:204 [IN ] C8 24 06 0B 25 A5 06 01 31 03 C9 3A 0B 49 0B 82 (16)
                              [N6:H] LFLAG ':' 11 (11)
2026-01-22 15:20:33:226 [OUT] 25 A5 01 06 31 03 88 FF B0 72 72 (11)
                              [N6:H] RUN 255 176 (-80)
2026-01-22 15:20:33:396 [IN ] C8 24 06 0C 25 A5 06 01 31 04 88 53 FF B0 C6 38 0F (17)
                              [N6:H] RUN 'S' 255 176 (-80)
2026-01-22 15:20:37:410 [IN ] C8 24 06 0B 25 A5 06 01 31 03 81 5A 4C 62 B4 38 C8 24 06 0A 25 A5 06 01 31 02 81 49 04 3E B4 (31)
                              [N6:H] TPOS 'Z' 76 (76)
                              [N6:H] TPOS 'I'
2026-01-22 15:20:37:632 [OUT] 25 A5 01 06 31 03 C9 3D 09 4A 0A (11)
                              [N6:H] LFLAG '=' 9 (9)
2026-01-22 15:20:37:803 [IN ] C8 24 06 0B 25 A5 06 01 31 03 C9 3A 09 47 09 38 (16)
                              [N6:H] LFLAG ':' 9 (9)
2026-01-22 15:20:37:825 [OUT] 25 A5 01 06 31 03 84 00 50 0F 08 (11)
                              [N6:H] VEL 0 80 (80)
2026-01-22 15:20:37:972 [IN ] C8 24 (2)
2026-01-22 15:20:37:994 [IN ] 06 0C 25 A5 06 01 31 04 84 53 00 50 63 CA 0F (15)
                              [N6:H] VEL 'S' 0 80 (80)
2026-01-22 15:20:38:017 [OUT] 25 A5 01 06 31 05 81 00 19 82 3C 95 BE (13)
                              [N6:H] TPOS 0 25 130 60 (1671740)
2026-01-22 15:20:38:206 [IN ] C8 24 06 0E 25 A5 06 01 31 06 81 53 00 00 00 06 18 A2 0A (19)
                              [N6:H] TPOS 'S' 0 0 0 6 (6)
2026-01-22 15:20:39:410 [IN ] C8 24 03 0E 25 A5 03 01 31 06 81 45 FF EC 48 3E 72 C6 0A (19)
                              [N3:X] TPOS 'E' 255 236 72 62 (-1292226)
2026-01-22 15:20:39:836 [OUT] 25 A5 01 03 31 05 81 FF FD 50 01 08 AF (13)
                              [N3:X] TPOS 255 253 80 1 (-176127)
2026-01-22 15:20:40:026 [IN ] C8 24 03 0E 25 A5 03 01 31 06 81 53 FF EC 48 3E 80 0C 0A (19)
                              [N3:X] TPOS 'S' 255 236 72 62 (-1292226)
2026-01-22 15:20:41:631 [IN ] C8 24 09 0E 25 A5 09 01 31 06 81 45 FF E7 5B 7C C4 57 0A (19)
                              [N9:P] TPOS 'E' 255 231 91 124 (-1614980)
2026-01-22 15:20:42:036 [IN ] C8 24 04 0E 25 A5 04 01 31 06 81 45 FF FD 4F 4C 99 1F 0A (19)
                              [N4:Y] TPOS 'E' 255 253 79 76 (-176308)
2026-01-22 15:20:42:057 [OUT] 25 A5 01 09 31 05 81 FF FF D9 C8 60 BE (13)
                              [N9:P] TPOS 255 255 217 200 (-9784)
2026-01-22 15:20:42:246 [IN ] C8 24 09 0E 25 A5 09 01 31 06 81 53 FF E7 5B 7F D5 A0 0A (19)
                              [N9:P] TPOS 'S' 255 231 91 127 (-1614977)
2026-01-22 15:20:46:060 [IN ] C8 24 06 0E 25 A5 06 01 31 06 81 45 00 19 85 9F 41 4A 0A (19)
                              [N6:H] TPOS 'E' 0 25 133 159 (1672607)
2026-01-22 15:20:46:485 [OUT] 25 A5 01 06 31 05 81 00 0D 03 C1 8F 21 (13)
                              [N6:H] TPOS 0 13 3 193 (852929)
2026-01-22 15:20:46:675 [IN ] C8 24 06 0E 25 A5 06 01 31 06 81 53 00 19 85 9F 4F 90 0A (19)
                              [N6:H] TPOS 'S' 0 25 133 159 (1672607)
2026-01-22 15:20:49:285 [IN ] C8 24 03 0E 25 A5 03 01 31 06 81 45 FF FD 50 12 5F DD 0A (19)
                              [N3:X] TPOS 'E' 255 253 80 18 (-176110)
2026-01-22 15:20:50:492 [IN ] C8 24 06 0E 25 A5 06 01 31 06 81 45 00 0C FF 03 12 7B 0A (19)
                              [N6:H] TPOS 'E' 0 12 255 3 (851715)
2026-01-22 15:20:50:715 [OUT] 25 A5 01 05 31 02 D8 3F 50 D8 (10)
                              [N5:V] INTERRUPT '?'
2026-01-22 15:20:51:017 [IN ] C8 24 05 0C 25 A5 05 01 31 04 D8 3A 01 01 4F 7A 12 (17)
                              [N5:V] INTERRUPT ':' 1 1 (257)
2026-01-22 15:20:51:039 [OUT] 25 A5 01 05 31 03 C9 3D 0B 4B 06 (11)
                              [N5:V] LFLAG '=' 11 (11)
2026-01-22 15:20:51:206 [IN ] C8 24 05 0B 25 A5 05 01 31 03 C9 3A 0B 48 04 7A (16)
                              [N5:V] LFLAG ':' 11 (11)
2026-01-22 15:20:51:231 [OUT] 25 A5 01 05 31 03 88 FF B0 71 6C (11)
                              [N5:V] RUN 255 176 (-80)
2026-01-22 15:20:51:421 [IN ] C8 24 05 0C 25 A5 05 01 31 04 88 53 FF B0 C5 30 12 (17)
                              [N5:V] RUN 'S' 255 176 (-80)
2026-01-22 15:20:51:622 [IN ] C8 24 09 0E 25 A5 09 01 31 06 81 45 FF FF DB EA CA 0D 0A (19)
                              [N9:P] TPOS 'E' 255 255 219 234 (-9238)
2026-01-22 15:20:51:846 [OUT] 25 A5 01 08 31 02 D8 3F 53 E7 (10)
                              [N8:R] INTERRUPT '?'
2026-01-22 15:20:52:147 [IN ] C8 24 08 0C 25 A5 08 01 31 04 D8 3A 01 01 52 92 CA (17)
                              [N8:R] INTERRUPT ':' 1 1 (257)
2026-01-22 15:20:52:168 [OUT] 25 A5 01 08 31 03 CA 3D 0B 4F 1B (11)
                              [N8:R] RFLAG '=' 11 (11)
2026-01-22 15:20:52:316 [IN ] C8 24 08 0B 25 A5 08 01 31 03 CA 3A 0B 4C 1C 92 (16)
                              [N8:R] RFLAG ':' 11 (11)
2026-01-22 15:20:52:338 [OUT] 25 A5 01 08 31 03 88 00 50 15 20 (11)
                              [N8:R] RUN 0 80 (80)
2026-01-22 15:20:52:505 [IN ] C8 24 08 0C 25 A5 08 01 31 04 88 53 00 50 69 EA CA (17)
                              [N8:R] RUN 'S' 0 80 (80)
2026-01-22 15:20:55:114 [IN ] C8 24 0C 0E 25 A5 0C 01 31 06 81 45 FF BC CD 3B CD 97 0A (19)
                              [N12:Z] TPOS 'E' 255 188 205 59 (-4403909)
2026-01-22 15:20:55:539 [OUT] 25 A5 01 0C 31 05 81 FF D1 1A 67 15 6D (13)
                              [N12:Z] TPOS 255 209 26 103 (-3073433)
2026-01-22 15:20:55:728 [IN ] C8 24 0C 0E 25 A5 0C 01 31 06 81 53 FF BC CD 5C FC FE 0A (19)
                              [N12:Z] TPOS 'S' 255 188 205 92 (-4403876)
2026-01-22 15:20:56:535 [IN ] C8 24 05 0B 25 A5 05 01 31 03 81 5A 4C 61 AD 5C C8 24 05 0A 25 A5 05 01 31 02 81 49 03 38 AD (31)
                              [N5:V] TPOS 'Z' 76 (76)
                              [N5:V] TPOS 'I'
2026-01-22 15:20:56:759 [OUT] 25 A5 01 05 31 03 C9 3D 09 49 04 (11)
                              [N5:V] LFLAG '=' 9 (9)
2026-01-22 15:20:56:803 [IN ] C8 24 07 0E 25 A5 07 01 31 06 81 (11)
2026-01-22 15:20:56:825 [IN ] 45 FF AB 14 A7 6A 2C 0A (8)
                              [N7:N] TPOS 'E' 255 171 20 167 (-5565273)
2026-01-22 15:20:56:894 [OUT] 25 A5 01 07 31 05 81 FF F3 35 BF A5 39 (13)
                              [N7:N] TPOS 255 243 53 191 (-838209)
2026-01-22 15:20:56:917 [IN ] C8 24 05 0B 25 A5 05 01 31 03 C9 3A 09 46 02 A7 (16)
                              [N5:V] LFLAG ':' 9 (9)
2026-01-22 15:20:56:939 [OUT] 25 A5 01 05 31 03 84 00 50 0E 02 (11)
                              [N5:V] VEL 0 80 (80)
2026-01-22 15:20:57:066 [IN ] C8 24 07 0E 25 A5 07 01 31 06 81 53 FF AB 14 (15)
2026-01-22 15:20:57:088 [IN ] A8 79 73 0A (4)
                              [N7:N] TPOS 'S' 255 171 20 168 (-5565272)
2026-01-22 15:20:57:193 [IN ] C8 24 05 0C 25 A5 05 01 31 04 84 53 00 50 62 C2 79 (17)
                              [N5:V] VEL 'S' 0 80 (80)
2026-01-22 15:20:57:215 [OUT] 25 A5 01 05 31 05 81 00 19 82 3C 94 B6 (13)
                              [N5:V] TPOS 0 25 130 60 (1671740)
2026-01-22 15:20:57:405 [IN ] C8 24 05 0E 25 A5 05 01 31 06 81 53 00 00 00 00 11 92 0A (19)
                              [N5:V] TPOS 'S' 0 0 0 0 (0)
2026-01-22 15:20:59:412 [IN ] C8 24 08 0B 25 A5 08 01 31 03 81 5A 52 6A C8 00 C8 24 08 0A 25 A5 08 01 31 02 81 49 06 4A C8 (31)
                              [N8:R] TPOS 'Z' 82 (82)
                              [N8:R] TPOS 'I'
2026-01-22 15:20:59:635 [OUT] 25 A5 01 08 31 03 CA 3D 09 4D 19 (11)
                              [N8:R] RFLAG '=' 9 (9)
2026-01-22 15:20:59:806 [IN ] C8 24 08 0B 25 A5 08 01 31 03 CA 3A 09 4A 1A 00 (16)
                              [N8:R] RFLAG ':' 9 (9)
2026-01-22 15:20:59:828 [OUT] 25 A5 01 08 31 05 81 FF DC 77 1D 2F DE (13)
                              [N8:R] TPOS 255 220 119 29 (-2328803)
2026-01-22 15:21:00:017 [IN ] C8 24 08 0E 25 A5 08 01 31 06 81 53 FF FF FF E3 F4 8A 0A (19)
                              [N8:R] TPOS 'S' 255 255 255 227 (-29)
2026-01-22 15:21:02:427 [IN ] C8 24 0C 0E 25 A5 0C 01 31 06 81 45 FF D1 1C FF F5 38 0A (19)
                              [N12:Z] TPOS 'E' 255 209 28 255 (-3072769)
2026-01-22 15:21:05:438 [IN ] C8 24 05 0E 25 A5 05 01 31 06 81 45 00 19 85 FD 9E 9E 0A (19)
                              [N5:V] TPOS 'E' 0 25 133 253 (1672701)
2026-01-22 15:21:05:862 [OUT] 25 A5 01 05 31 05 81 00 0D 03 C1 8E 19 (13)
                              [N5:V] TPOS 0 13 3 193 (852929)
2026-01-22 15:21:06:051 [IN ] C8 24 05 0E 25 A5 05 01 31 06 81 53 00 19 85 FD AC E4 0A (19)
                              [N5:V] TPOS 'S' 0 25 133 253 (1672701)
2026-01-22 15:21:11:471 [IN ] C8 24 05 0E 25 A5 05 01 31 06 81 45 00 0D 02 36 48 AD 0A (19)
                              [N5:V] TPOS 'E' 0 13 2 54 (852534)
2026-01-22 15:21:11:693 [OUT] 25 A5 01 03 31 05 81 FF ED B1 30 88 70 (13)
                              [N3:X] TPOS 255 237 177 48 (-1199824)
2026-01-22 15:21:11:717 [OUT] 25 A5 01 04 31 05 81 FF F3 BD 0C 77 7E (13)
                              [N4:Y] TPOS 255 243 189 12 (-803572)
2026-01-22 15:21:11:887 [IN ] C8 24 03 0E 25 A5 03 01 31 06 81 53 FF FD 50 12 6D 23 0A (19)
                              [N3:X] TPOS 'S' 255 253 80 18 (-176110)
2026-01-22 15:21:12:013 [IN ] C8 24 04 0E 25 A5 04 01 31 06 81 53 FF FD 4F 4C A7 65 0A (19)
                              [N4:Y] TPOS 'S' 255 253 79 76 (-176308)
2026-01-22 15:21:13:417 [IN ] C8 24 08 0E 25 A5 08 01 31 06 81 45 FF DC 74 6F C4 51 0A (19)
                              [N8:R] TPOS 'E' 255 220 116 111 (-2329489)
2026-01-22 15:21:13:846 [OUT] 25 A5 01 08 31 05 81 FF EE 15 56 18 89 (13)
                              [N8:R] TPOS 255 238 21 86 (-1174186)
2026-01-22 15:21:14:036 [IN ] C8 24 08 0E 25 A5 08 01 31 06 81 53 FF DC 74 71 D4 99 0A (19)
                              [N8:R] TPOS 'S' 255 220 116 113 (-2329487)
2026-01-22 15:21:15:847 [IN ] C8 24 04 0E 25 A5 04 01 31 06 81 45 FF F3 BA F7 A5 82 0A (19)
                              [N4:Y] TPOS 'E' 255 243 186 247 (-804105)
2026-01-22 15:21:17:253 [IN ] C8 24 03 0E 25 A5 03 01 31 06 81 45 FF ED AE 7F 1A D6 0A (19)
                              [N3:X] TPOS 'E' 255 237 174 127 (-1200513)
2026-01-22 15:21:17:656 [IN ] C8 24 07 0E 25 A5 07 01 31 06 81 45 FF F3 3B 18 4A C3 0A (19)
                              [N7:N] TPOS 'E' 255 243 59 24 (-836840)
2026-01-22 15:21:20:669 [IN ] C8 24 08 0E 25 A5 08 01 31 06 81 45 FF EE 16 94 9D F0 0A (19)
                              [N8:R] TPOS 'E' 255 238 22 148 (-1173868)
