2026-04-01 10:18:13:018 [OUT] 25 A5 01 0A 31 05 D6 3D FF 00 00 53 ED (13)
                              [N10:HMI] HMILED '=' 255 0 0 (16711680)
2026-04-01 10:18:13:042 [OUT] 25 A5 01 04 31 07 E7 3D 65 00 00 00 64 2A 40 (15)
                              [N4:Y] LONG32VALUE '=' 'e' 0 0 0 100 (100)
2026-04-01 10:18:13:063 [OUT] 25 A5 01 03 31 07 E7 3D 65 00 00 00 87 4C 59 (15)
                              [N3:X] LONG32VALUE '=' 'e' 0 0 0 135 (135)
2026-04-01 10:18:13:207 [IN ] C8 24 0A 0D 25 A5 0A 01 31 05 D6 3A FF 00 00 50 EA CE (18)
                              [N10:HMI] HMILED ':' 255 0 0 (16711680)
2026-04-01 10:18:13:372 [IN ] C8 24 04 0F 25 A5 04 01 31 07 E7 3A 65 00 00 00 64 27 31 25 (20)
                              [N4:Y] LONG32VALUE ':' 'e' 0 0 0 100 (100)
2026-04-01 10:18:13:392 [OUT] 25 A5 01 04 31 05 81 FF F2 2C 6E 47 BB (13)
                              [N4:Y] TPOS 255 242 44 110 (-906130)
2026-04-01 10:18:13:454 [IN ] C8 24 0B 0A 25 A5 0B 01 31 02 DE 03 20 D0 00 (15)
                              [N11:NG] NGSWSTATE 3 (3)
2026-04-01 10:18:13:537 [IN ] C8 24 03 0F 25 A5 03 01 31 07 E7 3A 65 00 00 00 87 49 49 25 (20)
                              [N3:X] LONG32VALUE ':' 'e' 0 0 0 135 (135)
2026-04-01 10:18:13:559 [OUT] 25 A5 01 03 31 05 81 FF F1 AC 24 7B 66 (13)
                              [N3:X] TPOS 255 241 172 36 (-938972)
2026-04-01 10:18:13:620 [IN ] C8 24 04 0E 25 A5 04 01 31 06 81 53 FF F4 0E 5B 6C D7 49 (19)
                              [N4:Y] TPOS 'S' 255 244 14 91 (-782757)
2026-04-01 10:18:13:642 [OUT] 25 A5 01 04 31 01 DB 12 85 (9)
                              [N4:Y] STARTMOVE
2026-04-01 10:18:13:765 [IN ] C8 24 03 0E 25 A5 03 01 31 06 81 53 FF EF 24 5C 7D EB 49 (19)
                              [N3:X] TPOS 'S' 255 239 36 92 (-1104804)
2026-04-01 10:18:13:786 [OUT] 25 A5 01 03 31 01 DB 11 81 (9)
                              [N3:X] STARTMOVE
2026-04-01 10:18:13:848 [IN ] C8 24 04 0A 25 A5 04 01 31 02 DB 01 14 9E 24 (15)
                              [N4:Y] STARTMOVE ''
2026-04-01 10:18:13:950 [IN ] C8 (1)
2026-04-01 10:18:13:972 [IN ] 24 03 0A 25 A5 03 01 31 02 DB 01 13 98 24 (14)
                              [N3:X] STARTMOVE ''
2026-04-01 10:18:14:574 [IN ] C8 24 0B 0A 25 A5 0B 01 31 02 DE 03 20 D0 24 (15)
                              [N11:NG] NGSWSTATE 3 (3)
2026-04-01 10:18:14:977 [IN ] C8 24 04 0E 25 A5 04 01 31 06 81 45 FF F2 2B 44 62 AE 49 C8 24 03 0E 25 A5 03 01 31 06 81 45 FF F1 AD E5 83 46 49 (38)
                              [N4:Y] TPOS 'E' 255 242 43 68 (-906428)
                              [N3:X] TPOS 'E' 255 241 173 229 (-938523)
2026-04-01 10:18:15:403 [OUT] 25 A5 01 04 31 03 84 00 50 0D FC (11)
                              [N4:Y] VEL 0 80 (80)
2026-04-01 10:18:15:424 [OUT] 25 A5 01 03 31 03 84 00 50 0C F6 (11)
                              [N3:X] VEL 0 80 (80)
2026-04-01 10:18:15:445 [OUT] 25 A5 01 09 31 05 81 FF E8 74 A5 C1 8C (13)
                              [N9:P] TPOS 255 232 116 165 (-1543003)
2026-04-01 10:18:15:467 [OUT] 25 A5 01 05 31 05 81 00 0B BB D2 55 94 (13)
                              [N5:V] TPOS 0 11 187 210 (768978)
2026-04-01 10:18:15:468 [IN ] C8 24 0B 0A 25 A5 0B 01 31 02 DE 03 20 D0 AD (15)
                              [N11:NG] NGSWSTATE 3 (3)
2026-04-01 10:18:15:488 [OUT] 25 A5 01 06 31 05 81 00 0D 19 F2 D6 7E (13)
                              [N6:H] TPOS 0 13 25 242 (858610)
2026-04-01 10:18:15:510 [OUT] 25 A5 01 07 31 05 81 FF F5 C9 4E CA F6 (13)
                              [N7:N] TPOS 255 245 201 78 (-669362)
2026-04-01 10:18:15:531 [OUT] 25 A5 01 08 31 05 81 FF F2 A9 EF 49 56 (13)
                              [N8:R] TPOS 255 242 169 239 (-874001)
2026-04-01 10:18:15:573 [IN ] C8 24 04 0C 25 A5 04 01 31 04 84 53 00 50 61 BA 83 (17)
                              [N4:Y] VEL 'S' 0 80 (80)
2026-04-01 10:18:15:594 [OUT] 25 A5 01 04 31 05 81 FF F1 2E 4B 25 99 (13)
                              [N4:Y] TPOS 255 241 46 75 (-971189)
2026-04-01 10:18:15:677 [IN ] C8 24 03 0C 25 A5 03 01 31 04 84 53 00 50 60 B2 83 (17)
                              [N3:X] VEL 'S' 0 80 (80)
2026-04-01 10:18:15:699 [OUT] 25 A5 01 03 31 05 81 FF F1 07 AC 5E A4 (13)
                              [N3:X] TPOS 255 241 7 172 (-981076)
2026-04-01 10:18:15:822 [IN ] C8 24 09 0E 25 A5 09 01 31 06 81 53 FF E7 B8 DE 91 B9 49 (19)
                              [N9:P] TPOS 'S' 255 231 184 222 (-1591074)
2026-04-01 10:18:15:924 [IN ] C8 24 05 0E 25 A5 05 01 31 06 81 53 00 0C 7F 1C B8 D0 49 (19)
                              [N5:V] TPOS 'S' 0 12 127 28 (818972)
2026-04-01 10:18:16:067 [IN ] C8 24 06 0E 25 A5 06 01 31 06 81 53 00 0D 84 3D E0 08 49 (19)
                              [N6:H] TPOS 'S' 0 13 132 61 (885821)
2026-04-01 10:18:16:150 [IN ] C8 24 09 0E 25 A5 09 01 31 06 81 45 FF E8 78 6F D5 87 49 (19)
                              [N9:P] TPOS 'E' 255 232 120 111 (-1542033)
2026-04-01 10:18:16:211 [IN ] C8 24 07 0E 25 A5 07 01 31 06 81 53 FF FB 2D 84 BE 71 49 (19)
                              [N7:N] TPOS 'S' 255 251 45 132 (-316028)
2026-04-01 10:18:16:314 [IN ] C8 24 06 0E 25 A5 06 01 31 06 81 45 00 0D 15 72 98 19 49 (19)
                              [N6:H] TPOS 'E' 0 13 21 114 (857458)
2026-04-01 10:18:16:336 [IN ] C8 24 08 0E 25 A5 08 01 31 06 81 53 FF EE 13 54 68 F0 49 (19)
                              [N8:R] TPOS 'S' 255 238 19 84 (-1174700)
2026-04-01 10:18:16:357 [IN ] C8 24 05 0E 25 A5 05 01 31 06 81 45 00 0B BA B3 7B 94 49 (19)
                              [N5:V] TPOS 'E' 0 11 186 179 (768691)
2026-04-01 10:18:16:460 [IN ] C8 24 04 0E 25 A5 04 01 31 06 81 53 FF F2 2B 44 70 F4 49 (19)
                              [N4:Y] TPOS 'S' 255 242 43 68 (-906428)
2026-04-01 10:18:16:481 [IN ] C8 24 0B 0A 25 A5 0B 01 31 02 DE 03 20 D0 2B (15)
                              [N11:NG] NGSWSTATE 3 (3)
2026-04-01 10:18:16:605 [IN ] C8 24 03 0E 25 A5 03 01 31 06 81 53 FF F1 AD E5 91 8C 49 (19)
                              [N3:X] TPOS 'S' 255 241 173 229 (-938523)
2026-04-01 10:18:17:006 [IN ] C8 24 04 0E 25 A5 04 01 31 06 81 45 FF F1 2B F3 10 5A 49 C8 24 03 0E 25 A5 03 01 31 06 81 45 FF F1 04 B7 AC C6 49 (38)
                              [N4:Y] TPOS 'E' 255 241 43 243 (-971789)
                              [N3:X] TPOS 'E' 255 241 4 183 (-981833)
2026-04-01 10:18:17:609 [IN ] C8 24 0B 0A 25 A5 0B 01 31 02 DE 03 20 D0 04 (15)
                              [N11:NG] NGSWSTATE 3 (3)
2026-04-01 10:18:18:010 [IN ] C8 24 07 0E 25 A5 07 01 31 06 81 45 FF F5 C4 D0 8D 93 49 (19)
                              [N7:N] TPOS 'E' 255 245 196 208 (-670512)
2026-04-01 10:18:18:211 [IN ] C8 24 08 0E 25 A5 08 01 31 06 81 45 FF F2 AB 91 33 23 49 (19)
                              [N8:R] TPOS 'E' 255 242 171 145 (-873583)
