2026-04-01 09:27:28:176 [OUT] 25 A5 01 0A 31 05 D6 3D FF 00 00 53 ED (13)
                              [N10:HMI] HMILED '=' 255 0 0 (16711680)
2026-04-01 09:27:28:200 [OUT] 25 A5 01 03 31 02 D8 3F 4E CE (10)
                              [N3:X] INTERRUPT '?'
2026-04-01 09:27:28:501 [IN ] C8 24 0A 0D 25 A5 0A 01 31 05 D6 3A FF 00 00 50 EA BD C8 24 03 0C 25 A5 03 01 31 04 D8 3A 01 01 4D 6A EA (35)
                              [N10:HMI] HMILED ':' 255 0 0 (16711680)
                              [N3:X] INTERRUPT ':' 1 1 (257)
2026-04-01 09:27:28:522 [OUT] 25 A5 01 09 31 03 C9 3D 09 4D 1C (11)
                              [N9:P] LFLAG '=' 9 (9)
2026-04-01 09:27:28:545 [OUT] 25 A5 01 04 31 02 D8 3F 4F D3 (10)
                              [N4:Y] INTERRUPT '?'
2026-04-01 09:27:28:846 [IN ] C8 24 09 0B 25 A5 09 01 31 03 C9 3A 09 4A 1E 6A C8 24 04 0C 25 A5 04 01 31 04 D8 3A 01 01 4E 72 EA (33)
                              [N9:P] LFLAG ':' 9 (9)
                              [N4:Y] INTERRUPT ':' 1 1 (257)
2026-04-01 09:27:28:868 [OUT] 25 A5 01 09 31 03 CA 3D 09 4E 1F (11)
                              [N9:P] RFLAG '=' 9 (9)
2026-04-01 09:27:28:891 [OUT] 25 A5 01 0C 31 02 D8 3F 57 FB (10)
                              [N12:Z] INTERRUPT '?'
2026-04-01 09:27:29:194 [IN ] C8 24 09 0B 25 A5 09 01 31 03 CA 3A 09 4B 21 72 C8 24 0C 0C 25 A5 0C 01 31 04 D8 3A 01 01 56 B2 EA (33)
                              [N9:P] RFLAG ':' 9 (9)
                              [N12:Z] INTERRUPT ':' 1 1 (257)
2026-04-01 09:27:29:215 [OUT] 25 A5 01 08 31 03 C9 3D 09 4C 16 (11)
                              [N8:R] LFLAG '=' 9 (9)
2026-04-01 09:27:29:237 [OUT] 25 A5 01 03 31 03 C9 3D 0B 49 FA (11)
                              [N3:X] LFLAG '=' 11 (11)
2026-04-01 09:27:29:258 [OUT] 25 A5 01 04 31 03 C9 3D 0B 4A 00 (11)
                              [N4:Y] LFLAG '=' 11 (11)
2026-04-01 09:27:29:279 [OUT] 25 A5 01 0C 31 03 C9 3D 0B 52 30 (11)
                              [N12:Z] LFLAG '=' 11 (11)
2026-04-01 09:27:29:382 [IN ] C8 24 08 0B 25 A5 08 01 31 03 C9 3A 09 49 17 B2 (16)
                              [N8:R] LFLAG ':' 9 (9)
2026-04-01 09:27:29:404 [OUT] 25 A5 01 08 31 03 CA 3D 09 4D 19 (11)
                              [N8:R] RFLAG '=' 9 (9)
2026-04-01 09:27:29:486 [IN ] C8 24 03 0B 25 A5 03 01 31 03 C9 3A 0B 46 F6 B2 (16)
                              [N3:X] LFLAG ':' 11 (11)
2026-04-01 09:27:29:509 [OUT] 25 A5 01 03 31 03 88 00 50 10 02 (11)
                              [N3:X] RUN 0 80 (80)
2026-04-01 09:27:29:592 [IN ] C8 24 04 0B 25 A5 04 01 31 03 C9 3A 0B 47 FD B2 (16)
                              [N4:Y] LFLAG ':' 11 (11)
2026-04-01 09:27:29:614 [OUT] 25 A5 01 04 31 03 88 00 50 11 08 (11)
                              [N4:Y] RUN 0 80 (80)
2026-04-01 09:27:29:717 [IN ] C8 24 0C 0B 25 A5 0C 01 31 03 C9 3A 0B 4F 35 B2 (16)
                              [N12:Z] LFLAG ':' 11 (11)
2026-04-01 09:27:29:737 [OUT] 25 A5 01 0C 31 03 88 00 50 19 38 (11)
                              [N12:Z] RUN 0 80 (80)
2026-04-01 09:27:29:820 [IN ] C8 24 08 0B 25 A5 08 01 31 03 CA 3A 09 4A 1A B2 (16)
                              [N8:R] RFLAG ':' 9 (9)
2026-04-01 09:27:29:923 [IN ] C8 24 03 0C 25 A5 03 01 31 04 88 53 00 50 64 C2 EA (17)
                              [N3:X] RUN 'S' 0 80 (80)
2026-04-01 09:27:30:046 [IN ] C8 24 04 0C 25 A5 04 01 31 04 88 53 00 50 65 CA EA (17)
                              [N4:Y] RUN 'S' 0 80 (80)
2026-04-01 09:27:30:149 [IN ] C8 24 0C 0C 25 A5 0C 01 31 04 88 53 00 50 6D 0A EA (17)
                              [N12:Z] RUN 'S' 0 80 (80)
2026-04-01 09:27:36:163 [IN ] C8 24 04 0B 25 A5 04 01 31 03 81 5A 4C 60 A6 0A C8 24 04 0A 25 A5 04 01 31 02 81 49 02 32 A6 (31)
                              [N4:Y] TPOS 'Z' 76 (76)
                              [N4:Y] TPOS 'I'
2026-04-01 09:27:36:386 [OUT] 25 A5 01 09 31 02 D8 3F 54 EC (10)
                              [N9:P] INTERRUPT '?'
2026-04-01 09:27:36:687 [IN ] C8 24 09 0C 25 A5 09 01 31 04 D8 3A 01 01 53 9A EA (17)
                              [N9:P] INTERRUPT ':' 1 1 (257)
2026-04-01 09:27:36:709 [OUT] 25 A5 01 04 31 03 C9 3D 09 48 FE (11)
                              [N4:Y] LFLAG '=' 9 (9)
2026-04-01 09:27:36:730 [OUT] 25 A5 01 07 31 02 D8 3F 52 E2 (10)
                              [N7:N] INTERRUPT '?'
2026-04-01 09:27:37:031 [IN ] C8 24 04 0B 25 A5 04 01 31 03 C9 3A 09 45 FB 9A C8 24 07 0C 25 A5 07 01 31 04 D8 3A 01 01 51 8A EA (33)
                              [N4:Y] LFLAG ':' 9 (9)
                              [N7:N] INTERRUPT ':' 1 1 (257)
2026-04-01 09:27:37:053 [OUT] 25 A5 01 09 31 03 C9 3D 0B 4F 1E (11)
                              [N9:P] LFLAG '=' 11 (11)
2026-04-01 09:27:37:074 [OUT] 25 A5 01 07 31 03 C9 3D 0B 4D 12 (11)
                              [N7:N] LFLAG '=' 11 (11)
2026-04-01 09:27:37:220 [IN ] C8 24 09 0B 25 A5 09 01 31 03 C9 3A 0B 4C 20 8A (16)
                              [N9:P] LFLAG ':' 11 (11)
2026-04-01 09:27:37:243 [OUT] 25 A5 01 09 31 03 88 00 50 16 26 (11)
                              [N9:P] RUN 0 80 (80)
2026-04-01 09:27:37:328 [IN ] C8 24 07 0B 25 A5 07 01 31 03 C9 3A 0B 4A 12 8A (16)
                              [N7:N] LFLAG ':' 11 (11)
2026-04-01 09:27:37:350 [OUT] 25 A5 01 07 31 03 88 00 50 14 1A (11)
                              [N7:N] RUN 0 80 (80)
2026-04-01 09:27:37:453 [IN ] C8 24 09 0C 25 A5 09 01 31 04 88 53 00 50 6A F2 EA (17)
                              [N9:P] RUN 'S' 0 80 (80)
2026-04-01 09:27:37:495 [IN ] C8 24 09 0B 25 A5 09 01 31 03 81 5A 4C 65 C9 F2 (16)
                              [N9:P] TPOS 'Z' 76 (76)
2026-04-01 09:27:37:538 [IN ] C8 24 09 0A 25 A5 09 01 31 02 81 49 07 50 C9 C8 24 07 0C 25 A5 07 01 31 04 88 53 00 50 68 E2 EA (32)
                              [N9:P] TPOS 'I'
                              [N7:N] RUN 'S' 0 80 (80)
2026-04-01 09:27:37:763 [OUT] 25 A5 01 09 31 03 C9 3D 09 4D 1C (11)
                              [N9:P] LFLAG '=' 9 (9)
2026-04-01 09:27:37:784 [OUT] 25 A5 01 04 31 05 81 FF EE 88 01 32 FA (13)
                              [N4:Y] TPOS 255 238 136 1 (-1144831)
2026-04-01 09:27:37:927 [IN ] C8 24 09 0B 25 A5 09 01 31 03 C9 3A 09 4A 1E E2 (16)
                              [N9:P] LFLAG ':' 9 (9)
2026-04-01 09:27:38:050 [IN ] C8 24 04 0E 25 A5 04 01 31 06 81 53 00 00 00 00 10 88 B8 (19)
                              [N4:Y] TPOS 'S' 0 0 0 0 (0)
2026-04-01 09:27:38:456 [IN ] C8 24 03 0B 25 A5 03 01 31 03 81 5A 4C 5F 9F 00 C8 24 03 0A 25 A5 03 01 31 02 81 49 01 2C 9F (31)
                              [N3:X] TPOS 'Z' 76 (76)
                              [N3:X] TPOS 'I'
2026-04-01 09:27:38:678 [OUT] 25 A5 01 03 31 03 C9 3D 09 47 F8 (11)
                              [N3:X] LFLAG '=' 9 (9)
2026-04-01 09:27:38:844 [IN ] C8 24 03 0B 25 A5 03 01 31 03 C9 3A 09 44 F4 00 (16)
                              [N3:X] LFLAG ':' 9 (9)
2026-04-01 09:27:41:851 [IN ] C8 24 07 0B 25 A5 07 01 31 03 81 5A 4C 63 BB 00 C8 24 07 0A 25 A5 07 01 31 02 81 49 05 44 BB (31)
                              [N7:N] TPOS 'Z' 76 (76)
                              [N7:N] TPOS 'I'
2026-04-01 09:27:42:073 [OUT] 25 A5 01 07 31 03 C9 3D 09 4B 10 (11)
                              [N7:N] LFLAG '=' 9 (9)
2026-04-01 09:27:42:217 [IN ] C8 24 07 0B 25 A5 07 01 31 03 C9 3A 09 48 10 00 (16)
                              [N7:N] LFLAG ':' 9 (9)
2026-04-01 09:27:44:020 [IN ] C8 24 04 0E 25 A5 04 01 31 06 81 45 FF EE 85 CB 3F DD B8 (19)
                              [N4:Y] TPOS 'E' 255 238 133 203 (-1145397)
2026-04-01 09:27:44:243 [OUT] 25 A5 01 09 31 05 81 FF E7 5D 56 5A 0C (13)
                              [N9:P] TPOS 255 231 93 86 (-1614506)
2026-04-01 09:27:44:266 [OUT] 25 A5 01 04 31 05 81 FF FD 50 01 09 B7 (13)
                              [N4:Y] TPOS 255 253 80 1 (-176127)
2026-04-01 09:27:44:288 [OUT] 25 A5 01 07 31 05 81 FF AB 19 75 F7 DF (13)
                              [N7:N] TPOS 255 171 25 117 (-5564043)
2026-04-01 09:27:44:310 [OUT] 25 A5 01 03 31 05 81 FF EC 4A AB 9B 1A (13)
                              [N3:X] TPOS 255 236 74 171 (-1291605)
2026-04-01 09:27:44:332 [OUT] 25 A5 01 06 31 02 D8 3F 51 DD (10)
                              [N6:H] INTERRUPT '?'
2026-04-01 09:27:44:633 [IN ] C8 24 09 0E 25 A5 09 01 31 06 81 53 FF FF FF F9 0B AA B8 C8 24 04 0E 25 A5 04 01 31 06 81 53 FF EE 85 CC 4E 24 B8 (38)
                              [N9:P] TPOS 'S' 255 255 255 249 (-7)
                              [N4:Y] TPOS 'S' 255 238 133 204 (-1145396)
2026-04-01 09:27:44:935 [IN ] C8 24 07 0E 25 A5 07 01 31 06 81 53 FF FF FF FD 0D 9A B8 C8 24 03 0E 25 A5 03 01 31 06 81 53 00 00 00 00 0F 7E B8 C8 24 0C 0B 25 A5 0C 01 31 03 81 5A 4C 68 DE 00 C8 24 0C 0A 25 A5 0C 01 31 02 
81 49 0A 62 DE C8 24 06 0C 25 A5 06 01 31 04 D8 3A 01 01 50 82 0F (86)
                              [N7:N] TPOS 'S' 255 255 255 253 (-3)
                              [N3:X] TPOS 'S' 0 0 0 0 (0)
                              [N12:Z] TPOS 'Z' 76 (76)
                              [N12:Z] TPOS 'I'
                              [N6:H] INTERRUPT ':' 1 1 (257)
2026-04-01 09:27:44:956 [OUT] 25 A5 01 06 31 03 C9 3D 0B 4C 0C (11)
                              [N6:H] LFLAG '=' 11 (11)
2026-04-01 09:27:44:979 [OUT] 25 A5 01 0C 31 03 C9 3D 09 50 2E (11)
                              [N12:Z] LFLAG '=' 9 (9)
2026-04-01 09:27:45:125 [IN ] C8 24 06 0B (4)
2026-04-01 09:27:45:146 [IN ] 25 A5 06 01 31 03 C9 3A 0B 49 0B 82 (12)
                              [N6:H] LFLAG ':' 11 (11)
2026-04-01 09:27:45:169 [OUT] 25 A5 01 06 31 03 88 FF B0 72 72 (11)
                              [N6:H] RUN 255 176 (-80)
2026-04-01 09:27:45:233 [IN ] C8 24 0C 0B 25 A5 0C 01 31 03 C9 3A 09 4D 33 82 (16)
                              [N12:Z] LFLAG ':' 9 (9)
2026-04-01 09:27:45:255 [OUT] 25 A5 01 0C 31 05 81 FF BC D0 00 4F 33 (13)
                              [N12:Z] TPOS 255 188 208 0 (-4403200)
2026-04-01 09:27:45:338 [IN ] C8 24 06 0C 25 A5 06 01 31 04 88 53 FF B0 C6 38 0F (17)
                              [N6:H] RUN 'S' 255 176 (-80)
2026-04-01 09:27:45:462 [IN ] C8 24 0C 0E 25 A5 0C 01 31 06 81 53 FF FF FF 6E 83 3D B8 (19)
                              [N12:Z] TPOS 'S' 255 255 255 110 (-146)
2026-04-01 09:27:49:471 [IN ] C8 24 06 0B 25 A5 06 01 31 03 81 5A 4C 62 B4 6E C8 24 06 0A 25 A5 06 01 31 02 81 49 04 3E B4 (31)
                              [N6:H] TPOS 'Z' 76 (76)
                              [N6:H] TPOS 'I'
2026-04-01 09:27:49:693 [OUT] 25 A5 01 06 31 03 C9 3D 09 4A 0A (11)
                              [N6:H] LFLAG '=' 9 (9)
2026-04-01 09:27:49:860 [IN ] C8 24 06 0B 25 A5 06 01 31 03 C9 3A 09 47 09 6E (16)
                              [N6:H] LFLAG ':' 9 (9)
2026-04-01 09:27:49:881 [OUT] 25 A5 01 06 31 03 84 00 50 0F 08 (11)
                              [N6:H] VEL 0 80 (80)
2026-04-01 09:27:50:065 [IN ] C8 24 06 0C 25 A5 06 01 31 04 84 53 00 50 63 CA 83 (17)
                              [N6:H] VEL 'S' 0 80 (80)
2026-04-01 09:27:50:087 [OUT] 25 A5 01 06 31 05 81 00 19 82 3C 95 BE (13)
                              [N6:H] TPOS 0 25 130 60 (1671740)
2026-04-01 09:27:50:271 [IN ] C8 24 06 0E 25 A5 06 01 31 06 81 53 (12)
2026-04-01 09:27:50:292 [IN ] 00 00 00 02 14 9E B8 (7)
                              [N6:H] TPOS 'S' 0 0 0 2 (2)
2026-04-01 09:27:51:294 [IN ] C8 24 03 0E 25 A5 03 01 31 06 81 45 FF EC 48 1D 51 A5 B8 (19)
                              [N3:X] TPOS 'E' 255 236 72 29 (-1292259)
2026-04-01 09:27:51:718 [OUT] 25 A5 01 03 31 05 81 FF FD 50 01 08 AF (13)
                              [N3:X] TPOS 255 253 80 1 (-176127)
2026-04-01 09:27:51:905 [IN ] C8 24 03 0E 25 A5 03 01 31 06 81 53 FF EC 48 1E 60 EC B8 (19)
                              [N3:X] TPOS 'S' 255 236 72 30 (-1292258)
2026-04-01 09:27:52:306 [IN ] C8 24 09 0E 25 A5 09 01 31 06 81 45 FF E7 59 94 DA 6B B8 (19)
                              [N9:P] TPOS 'E' 255 231 89 148 (-1615468)
2026-04-01 09:27:52:709 [IN ] C8 24 04 0E 25 A5 04 01 31 06 81 45 FF FD 50 2A 78 FF B8 (19)
                              [N4:Y] TPOS 'E' 255 253 80 42 (-176086)
2026-04-01 09:27:52:730 [OUT] 25 A5 01 09 31 05 81 FF FF D9 C8 60 BE (13)
                              [N9:P] TPOS 255 255 217 200 (-9784)
2026-04-01 09:27:52:915 [IN ] C8 24 09 0E 25 A5 09 01 31 06 81 53 FF E7 59 98 EC B5 B8 (19)
                              [N9:P] TPOS 'S' 255 231 89 152 (-1615464)
2026-04-01 09:27:57:925 [IN ] C8 24 06 0E 25 A5 06 01 31 06 81 45 00 19 86 48 EB F5 B8 (19)
                              [N6:H] TPOS 'E' 0 25 134 72 (1672776)
2026-04-01 09:27:58:348 [OUT] 25 A5 01 06 31 05 81 00 0D 88 EE 41 58 (13)
                              [N6:H] TPOS 0 13 136 238 (887022)
2026-04-01 09:27:58:532 [IN ] C8 24 06 0E 25 (5)
2026-04-01 09:27:58:553 [IN ] A5 06 01 31 06 81 53 00 19 86 48 F9 3B B8 (14)
                              [N6:H] TPOS 'S' 0 25 134 72 (1672776)
2026-04-01 09:28:00:759 [IN ] C8 24 09 0E 25 A5 09 01 31 06 81 45 FF FF DD B1 93 D8 B8 (19)
                              [N9:P] TPOS 'E' 255 255 221 177 (-8783)
2026-04-01 09:28:00:983 [OUT] 25 A5 01 08 31 02 D8 3F 53 E7 (10)
                              [N8:R] INTERRUPT '?'
2026-04-01 09:28:00:983 [IN ] C8 24 03 0E 25 A5 03 01 31 06 81 45 FF FD 50 98 E5 63 B8 (19)
                              [N3:X] TPOS 'E' 255 253 80 152 (-175976)
2026-04-01 09:28:01:284 [IN ] C8 24 08 0C 25 A5 08 01 31 04 D8 3A 01 01 52 92 E5 (17)
                              [N8:R] INTERRUPT ':' 1 1 (257)
2026-04-01 09:28:01:305 [OUT] 25 A5 01 08 31 03 CA 3D 0B 4F 1B (11)
                              [N8:R] RFLAG '=' 11 (11)
2026-04-01 09:28:01:471 [IN ] C8 24 08 0B 25 A5 08 01 31 03 CA 3A 0B 4C 1C 92 (16)
                              [N8:R] RFLAG ':' 11 (11)
2026-04-01 09:28:01:492 [OUT] 25 A5 01 08 31 03 88 00 50 15 20 (11)
                              [N8:R] RUN 0 80 (80)
2026-04-01 09:28:01:656 [IN ] C8 24 08 0C 25 A5 08 01 31 04 88 53 00 50 69 EA E5 (17)
                              [N8:R] RUN 'S' 0 80 (80)
2026-04-01 09:28:02:258 [IN ] C8 24 06 0E 25 A5 06 01 31 06 81 45 00 0D 83 FB 8F 7E B8 (19)
                              [N6:H] TPOS 'E' 0 13 131 251 (885755)
2026-04-01 09:28:02:480 [OUT] 25 A5 01 05 31 02 D8 3F 50 D8 (10)
                              [N5:V] INTERRUPT '?'
2026-04-01 09:28:02:781 [IN ] C8 24 05 0C 25 A5 05 01 31 04 D8 3A 01 01 4F 7A 8F (17)
                              [N5:V] INTERRUPT ':' 1 1 (257)
2026-04-01 09:28:02:802 [OUT] 25 A5 01 05 31 03 C9 3D 0B 4B 06 (11)
                              [N5:V] LFLAG '=' 11 (11)
2026-04-01 09:28:02:966 [IN ] C8 24 05 0B 25 A5 05 01 31 03 C9 3A 0B 48 04 7A (16)
                              [N5:V] LFLAG ':' 11 (11)
2026-04-01 09:28:02:988 [OUT] 25 A5 01 05 31 03 88 FF B0 71 6C (11)
                              [N5:V] RUN 255 176 (-80)
2026-04-01 09:28:03:152 [IN ] C8 24 05 0C 25 A5 05 01 31 04 88 53 FF B0 C5 30 8F (17)
                              [N5:V] RUN 'S' 255 176 (-80)
2026-04-01 09:28:07:963 [IN ] C8 24 05 0B 25 A5 05 01 31 03 81 5A 4C 61 AD 30 C8 24 05 0A 25 A5 05 01 31 02 81 49 03 38 AD (31)
                              [N5:V] TPOS 'Z' 76 (76)
                              [N5:V] TPOS 'I'
2026-04-01 09:28:08:185 [OUT] 25 A5 01 05 31 03 C9 3D 09 49 04 (11)
                              [N5:V] LFLAG '=' 9 (9)
2026-04-01 09:28:08:349 [IN ] C8 24 05 0B 25 A5 05 01 31 (9)
2026-04-01 09:28:08:371 [IN ] 03 C9 3A 09 46 02 30 (7)
                              [N5:V] LFLAG ':' 9 (9)
2026-04-01 09:28:08:391 [OUT] 25 A5 01 05 31 03 84 00 50 0E 02 (11)
                              [N5:V] VEL 0 80 (80)
2026-04-01 09:28:08:434 [IN ] C8 24 08 0B 25 A5 08 01 31 03 81 5A 52 6A C8 30 (16)
                              [N8:R] TPOS 'Z' 82 (82)
2026-04-01 09:28:08:456 [IN ] C8 24 08 0A 25 A5 08 01 31 02 81 49 06 4A C8 (15)
                              [N8:R] TPOS 'I'
2026-04-01 09:28:08:499 [OUT] 25 A5 01 08 31 03 CA 3D 09 4D 19 (11)
                              [N8:R] RFLAG '=' 9 (9)
2026-04-01 09:28:08:563 [IN ] C8 24 05 0C 25 A5 05 01 31 04 84 53 00 50 62 C2 8F (17)
                              [N5:V] VEL 'S' 0 80 (80)
2026-04-01 09:28:08:584 [OUT] 25 A5 01 05 31 05 81 00 19 82 3C 94 B6 (13)
                              [N5:V] TPOS 0 25 130 60 (1671740)
2026-04-01 09:28:08:688 [IN ] C8 24 08 0B 25 A5 08 01 31 03 CA 3A 09 4A 1A C2 (16)
                              [N8:R] RFLAG ':' 9 (9)
2026-04-01 09:28:08:709 [OUT] 25 A5 01 08 31 05 81 FF DC 77 1D 2F DE (13)
                              [N8:R] TPOS 255 220 119 29 (-2328803)
2026-04-01 09:28:08:731 [IN ] C8 24 0C 0E 25 A5 0C 01 31 06 81 45 FF BC CD 9C 2E F8 B8 (19)
                              [N12:Z] TPOS 'E' 255 188 205 156 (-4403812)
2026-04-01 09:28:08:794 [OUT] 25 A5 01 0C 31 05 81 FF D6 7A 67 7A 3C (13)
                              [N12:Z] TPOS 255 214 122 103 (-2721177)
2026-04-01 09:28:08:795 [IN ] C8 24 05 0E 25 A5 05 01 31 06 81 53 00 00 00 00 11 92 B8 (19)
                              [N5:V] TPOS 'S' 0 0 0 0 (0)
2026-04-01 09:28:08:938 [IN ] C8 24 08 0E 25 A5 08 01 31 06 81 53 FF FF FF D0 E1 77 B8 (19)
                              [N8:R] TPOS 'S' 255 255 255 208 (-48)
2026-04-01 09:28:09:061 [IN ] C8 24 0C 0E 25 A5 0C 01 31 06 81 53 FF BC CD A3 43 45 B8 (19)
                              [N12:Z] TPOS 'S' 255 188 205 163 (-4403805)
2026-04-01 09:28:09:864 [IN ] C8 24 07 0E 25 A5 07 01 31 06 81 45 FF AB 14 E5 A8 6A B8 (19)
                              [N7:N] TPOS 'E' 255 171 20 229 (-5565211)
2026-04-01 09:28:10:287 [OUT] 25 A5 01 07 31 05 81 FF F1 7F EE 1C F6 (13)
                              [N7:N] TPOS 255 241 127 238 (-950290)
2026-04-01 09:28:10:492 [IN ] C8 24 07 0E 25 A5 07 01 31 06 81 53 FF AB 14 E6 B7 B1 B8 (19)
                              [N7:N] TPOS 'S' 255 171 20 230 (-5565210)
2026-04-01 09:28:16:905 [IN ] C8 24 05 0E 25 A5 05 01 31 06 81 45 00 19 86 06 A8 A9 B8 (19)
                              [N5:V] TPOS 'E' 0 25 134 6 (1672710)
2026-04-01 09:28:17:328 [OUT] 25 A5 01 05 31 05 81 00 0C 7B 56 9A 9B (13)
                              [N5:V] TPOS 0 12 123 86 (818006)
2026-04-01 09:28:17:512 [IN ] C8 24 05 0E 25 A5 05 01 31 06 81 53 00 19 86 05 B5 EE B8 (19)
                              [N5:V] TPOS 'S' 0 25 134 5 (1672709)
2026-04-01 09:28:17:915 [IN ] C8 24 0C 0E 25 A5 0C 01 31 06 81 45 FF D6 7C 33 8E 3B B8 (19)
                              [N12:Z] TPOS 'E' 255 214 124 51 (-2720717)
2026-04-01 09:28:21:521 [IN ] C8 24 08 0E 25 A5 08 01 31 06 81 45 FF DC 74 66 BB 48 B8 (19)
                              [N8:R] TPOS 'E' 255 220 116 102 (-2329498)
2026-04-01 09:28:21:946 [OUT] 25 A5 01 08 31 05 81 FF EE 15 56 18 89 (13)
                              [N8:R] TPOS 255 238 21 86 (-1174186)
2026-04-01 09:28:22:130 [IN ] C8 24 08 0E 25 A5 08 01 31 06 81 53 FF DC 74 6B CE 93 B8 (19)
                              [N8:R] TPOS 'S' 255 220 116 107 (-2329493)
2026-04-01 09:28:22:932 [IN ] C8 24 05 0E 25 A5 05 01 31 06 81 45 00 0C 79 D7 5F 39 B8 (19)
                              [N5:V] TPOS 'E' 0 12 121 215 (817623)
2026-04-01 09:28:23:154 [OUT] 25 A5 01 03 31 05 81 FF EF 27 75 45 A7 (13)
                              [N3:X] TPOS 255 239 39 117 (-1104011)
2026-04-01 09:28:23:176 [OUT] 25 A5 01 04 31 05 81 FF F4 11 1F DF 3C (13)
                              [N4:Y] TPOS 255 244 17 31 (-782049)
2026-04-01 09:28:23:342 [IN ] C8 24 03 0E 25 A5 03 01 31 (9)
2026-04-01 09:28:23:363 [IN ] 06 81 53 FF FD 50 98 F3 A9 B8 (10)
                              [N3:X] TPOS 'S' 255 253 80 152 (-175976)
2026-04-01 09:28:23:487 [IN ] C8 24 04 0E 25 A5 04 01 31 06 81 53 FF FD 50 2A 86 45 B8 (19)
                              [N4:Y] TPOS 'S' 255 253 80 42 (-176086)
2026-04-01 09:28:26:693 [IN ] C8 24 04 0E 25 A5 04 01 31 06 81 45 FF F4 0E 65 68 9B B8 (19)
                              [N4:Y] TPOS 'E' 255 244 14 101 (-782747)
2026-04-01 09:28:28:098 [IN ] C8 24 03 0E 25 A5 03 01 31 06 81 45 FF EF 24 5C 6F A5 B8 (19)
                              [N3:X] TPOS 'E' 255 239 36 92 (-1104804)
2026-04-01 09:28:28:701 [IN ] C8 24 08 0E 25 A5 08 01 31 06 81 45 FF EE 17 54 5E B2 B8 (19)
                              [N8:R] TPOS 'E' 255 238 23 84 (-1173676)
2026-04-01 09:28:31:309 [IN ] C8 24 07 0E 25 A5 07 01 31 06 81 45 FF F1 84 84 FD BB B8 (19)
                              [N7:N] TPOS 'E' 255 241 132 132 (-949116)
