2026-04-01 10:21:22:741 [OUT] 25 A5 01 0A 31 05 D6 3D FF 00 00 53 ED (13)
                              [N10:HMI] HMILED '=' 255 0 0 (16711680)
2026-04-01 10:21:22:763 [OUT] 25 A5 01 09 31 05 81 FF E9 83 AF DB B7 (13)
                              [N9:P] TPOS 255 233 131 175 (-1473617)
2026-04-01 10:21:22:785 [OUT] 25 A5 01 08 31 05 81 FF EE 15 56 18 89 (13)
                              [N8:R] TPOS 255 238 21 86 (-1174186)
2026-04-01 10:21:22:930 [IN ] C8 24 0A 0D 25 A5 0A 01 31 05 D6 3A FF 00 00 50 EA E2 (18)
                              [N10:HMI] HMILED ':' 255 0 0 (16711680)
2026-04-01 10:21:22:952 [IN ] C8 24 0B 0A 25 A5 0B 01 31 02 DE 03 20 D0 00 (15)
                              [N11:NG] NGSWSTATE 3 (3)
2026-04-01 10:21:23:055 [IN ] C8 24 09 0E 25 A5 09 01 31 06 81 53 FF FF DD A9 99 16 0A (19)
                              [N9:P] TPOS 'S' 255 255 221 169 (-8791)
2026-04-01 10:21:23:198 [IN ] C8 24 08 0E 25 A5 08 01 31 06 81 53 FF EE 17 4F 67 F3 0A (19)
                              [N8:R] TPOS 'S' 255 238 23 79 (-1173681)
2026-04-01 10:21:23:399 [IN ] C8 24 08 0E 25 A5 08 01 31 06 81 45 FF EE 17 1F 29 7D 0A (19)
                              [N8:R] TPOS 'E' 255 238 23 31 (-1173729)
2026-04-01 10:21:24:001 [IN ] C8 24 0B 0A 25 A5 0B 01 31 02 DE 03 20 D0 17 (15)
                              [N11:NG] NGSWSTATE 3 (3)
2026-04-01 10:21:25:004 [IN ] C8 24 0B 0A 25 A5 0B 01 31 02 DE 03 20 D0 17 (15)
                              [N11:NG] NGSWSTATE 3 (3)
2026-04-01 10:21:26:008 [IN ] C8 24 0B 0A 25 A5 0B 01 31 02 DE 03 20 D0 17 (15)
                              [N11:NG] NGSWSTATE 3 (3)
2026-04-01 10:21:27:011 [IN ] C8 24 0B 0A 25 A5 0B 01 31 02 DE 03 20 D0 17 (15)
                              [N11:NG] NGSWSTATE 3 (3)
2026-04-01 10:21:28:013 [IN ] C8 24 0B 0A 25 A5 0B 01 31 02 DE 03 20 D0 17 (15)
                              [N11:NG] NGSWSTATE 3 (3)
2026-04-01 10:21:29:015 [IN ] C8 24 0B 0A 25 A5 0B 01 31 02 DE 03 20 D0 17 (15)
                              [N11:NG] NGSWSTATE 3 (3)
2026-04-01 10:21:30:017 [IN ] C8 24 0B 0A 25 A5 0B 01 31 02 DE 03 20 D0 17 C8 24 09 0E 25 A5 09 01 31 06 81 45 FF E9 7F 82 F0 AB 0A (34)
                              [N11:NG] NGSWSTATE 3 (3)
                              [N9:P] TPOS 'E' 255 233 127 130 (-1474686)
