2026-04-01 10:48:06:045 [OUT] 25 A5 01 0A 31 05 D6 3D FF 00 00 53 ED (13)
                              [N10:HMI] HMILED '=' 255 0 0 (16711680)
2026-04-01 10:48:06:069 [OUT] 25 A5 01 04 31 07 E7 3D 65 00 00 00 87 4D 63 (15)
                              [N4:Y] LONG32VALUE '=' 'e' 0 0 0 135 (135)
2026-04-01 10:48:06:091 [OUT] 25 A5 01 03 31 07 E7 3D 65 00 00 00 4C 11 1E (15)
                              [N3:X] LONG32VALUE '=' 'e' 0 0 0 76 (76)
2026-04-01 10:48:06:235 [IN ] C8 24 0A 0D 25 A5 0A 01 31 05 D6 3A FF 00 00 50 EA 10 (18)
                              [N10:HMI] HMILED ':' 255 0 0 (16711680)
2026-04-01 10:48:06:378 [IN ] C8 24 04 0F 25 A5 04 01 (8)
2026-04-01 10:48:06:400 [IN ] 31 07 E7 3A 65 00 00 00 87 4A 54 02 (12)
                              [N4:Y] LONG32VALUE ':' 'e' 0 0 0 135 (135)
2026-04-01 10:48:06:421 [OUT] 25 A5 01 04 31 05 81 FF F1 97 15 58 35 (13)
                              [N4:Y] TPOS 255 241 151 21 (-944363)
2026-04-01 10:48:06:544 [IN ] C8 24 03 0F 25 A5 03 01 31 07 E7 3A 65 00 00 00 4C 0E 0E 02 (20)
                              [N3:X] LONG32VALUE ':' 'e' 0 0 0 76 (76)
2026-04-01 10:48:06:565 [OUT] 25 A5 01 03 31 05 81 FF F5 89 DA 12 E2 (13)
                              [N3:X] TPOS 255 245 137 218 (-685606)
2026-04-01 10:48:06:648 [IN ] C8 24 0B 0A 25 A5 0B 01 31 02 DE 00 1D CD 00 (15)
                              [N11:NG] NGSWSTATE 0 (0)
2026-04-01 10:48:06:669 [IN ] C8 24 04 0E 25 A5 04 01 31 06 81 53 FF F0 84 8C 0F E8 0E (19)
                              [N4:Y] TPOS 'S' 255 240 132 140 (-1014644)
2026-04-01 10:48:06:690 [OUT] 25 A5 01 04 31 01 DB 12 85 (9)
                              [N4:Y] STARTMOVE
2026-04-01 10:48:06:794 [IN ] C8 24 03 0E 25 A5 03 01 31 06 81 53 FF F4 ED D7 C6 07 0E (19)
                              [N3:X] TPOS 'S' 255 244 237 215 (-725545)
2026-04-01 10:48:06:816 [OUT] 25 A5 01 03 31 01 DB 11 81 (9)
                              [N3:X] STARTMOVE
2026-04-01 10:48:06:878 [IN ] C8 24 04 0A 25 A5 04 01 31 02 DB 01 14 9E ED (15)
                              [N4:Y] STARTMOVE ''
2026-04-01 10:48:06:982 [IN ] C8 24 03 0A 25 A5 03 01 31 02 DB 01 13 98 ED (15)
                              [N3:X] STARTMOVE ''
2026-04-01 10:48:07:383 [IN ] C8 24 04 0E 25 A5 04 01 31 06 81 45 FF F1 98 3F C9 80 0E (19)
                              [N4:Y] TPOS 'E' 255 241 152 63 (-944065)
2026-04-01 10:48:07:584 [IN ] C8 24 03 0E 25 A5 03 01 31 06 81 45 FF F5 89 52 D0 77 0E (19)
                              [N3:X] TPOS 'E' 255 245 137 82 (-685742)
2026-04-01 10:48:07:785 [IN ] C8 24 0B 0A 25 A5 0B 01 31 02 DE 00 1D CD 89 (15)
                              [N11:NG] NGSWSTATE 0 (0)
2026-04-01 10:48:08:011 [OUT] 25 A5 01 04 31 07 E7 3D 65 00 00 00 7D 43 59 (15)
                              [N4:Y] LONG32VALUE '=' 'e' 0 0 0 125 (125)
2026-04-01 10:48:08:033 [OUT] 25 A5 01 03 31 07 E7 3D 65 00 00 00 87 4C 59 (15)
                              [N3:X] LONG32VALUE '=' 'e' 0 0 0 135 (135)
2026-04-01 10:48:08:219 [IN ] C8 (1)
2026-04-01 10:48:08:241 [IN ] 24 04 0F 25 A5 04 01 31 07 E7 3A 65 00 00 00 7D 40 4A 02 (19)
                              [N4:Y] LONG32VALUE ':' 'e' 0 0 0 125 (125)
2026-04-01 10:48:08:263 [OUT] 25 A5 01 04 31 05 81 FF F5 9E 67 B5 A1 (13)
                              [N4:Y] TPOS 255 245 158 103 (-680345)
2026-04-01 10:48:08:387 [IN ] C8 24 03 0F 25 A5 03 01 31 07 E7 3A 65 00 00 00 87 49 49 02 (20)
                              [N3:X] LONG32VALUE ':' 'e' 0 0 0 135 (135)
2026-04-01 10:48:08:410 [OUT] 25 A5 01 03 31 05 81 FF F1 39 09 ED 65 (13)
                              [N3:X] TPOS 255 241 57 9 (-968439)
2026-04-01 10:48:08:513 [IN ] C8 24 04 0E 25 A5 04 01 31 06 81 53 FF F1 98 3F D7 C6 49 (19)
                              [N4:Y] TPOS 'S' 255 241 152 63 (-944065)
2026-04-01 10:48:08:534 [OUT] 25 A5 01 04 31 01 DB 12 85 (9)
                              [N4:Y] STARTMOVE
2026-04-01 10:48:08:638 [IN ] C8 24 03 0E 25 A5 03 01 31 06 81 53 FF F5 89 52 DE BD 49 (19)
                              [N3:X] TPOS 'S' 255 245 137 82 (-685742)
2026-04-01 10:48:08:659 [OUT] 25 A5 01 03 31 01 DB 11 81 (9)
                              [N3:X] STARTMOVE
2026-04-01 10:48:08:680 [IN ] C8 24 0B 0A 25 A5 0B 01 31 02 DE 00 1D CD 89 (15)
                              [N11:NG] NGSWSTATE 0 (0)
2026-04-01 10:48:08:721 [IN ] C8 24 04 0A 25 A5 04 01 31 02 DB 01 14 9E 89 (15)
                              [N4:Y] STARTMOVE ''
2026-04-01 10:48:08:824 [IN ] C8 24 03 0A 25 A5 03 01 31 02 DB 01 13 98 89 (15)
                              [N3:X] STARTMOVE ''
2026-04-01 10:48:09:826 [IN ] C8 24 0B 0A 25 A5 0B 01 31 02 DE 00 1D CD 89 (15)
                              [N11:NG] NGSWSTATE 0 (0)
2026-04-01 10:48:10:429 [IN ] C8 24 04 0E 25 A5 04 01 31 06 81 45 FF F5 9F 8F 24 EA 49 C8 24 03 0E 25 A5 03 01 31 06 81 45 FF F1 36 07 2E 7A 49 (38)
                              [N4:Y] TPOS 'E' 255 245 159 143 (-680049)
                              [N3:X] TPOS 'E' 255 241 54 7 (-969209)
2026-04-01 10:48:10:834 [IN ] C8 24 0B 0A 25 A5 0B 01 31 02 DE 00 1D CD 36 (15)
                              [N11:NG] NGSWSTATE 0 (0)
2026-04-01 10:48:10:855 [OUT] 25 A5 01 04 31 03 84 00 50 0D FC (11)
                              [N4:Y] VEL 0 80 (80)
2026-04-01 10:48:10:876 [OUT] 25 A5 01 03 31 03 84 00 50 0C F6 (11)
                              [N3:X] VEL 0 80 (80)
2026-04-01 10:48:10:898 [OUT] 25 A5 01 09 31 05 81 FF EE 75 E5 08 E0 (13)
                              [N9:P] TPOS 255 238 117 229 (-1149467)
2026-04-01 10:48:10:920 [OUT] 25 A5 01 06 31 05 81 00 0D 88 EE 41 58 (13)
                              [N6:H] TPOS 0 13 136 238 (887022)
2026-04-01 10:48:10:943 [OUT] 25 A5 01 07 31 05 81 FF DB 37 10 E0 46 (13)
                              [N7:N] TPOS 255 219 55 16 (-2410736)
2026-04-01 10:48:11:026 [IN ] C8 24 04 0C 25 A5 04 01 31 04 84 53 00 50 61 BA 2E (17)
                              [N4:Y] VEL 'S' 0 80 (80)
2026-04-01 10:48:11:047 [OUT] 25 A5 01 04 31 05 81 FF F4 AF 49 A7 A2 (13)
                              [N4:Y] TPOS 255 244 175 73 (-741559)
2026-04-01 10:48:11:150 [IN ] C8 24 03 0C 25 A5 03 01 31 04 84 53 00 50 60 B2 2E (17)
                              [N3:X] VEL 'S' 0 80 (80)
2026-04-01 10:48:11:171 [OUT] 25 A5 01 03 31 05 81 FF F0 7E 97 BF 7A (13)
                              [N3:X] TPOS 255 240 126 151 (-1016169)
2026-04-01 10:48:11:254 [IN ] C8 24 09 0E 25 A5 09 01 31 06 81 53 FF ED AD 2D DB 04 49 (19)
                              [N9:P] TPOS 'S' 255 237 173 45 (-1200851)
2026-04-01 10:48:11:397 [IN ] C8 24 06 0E 25 A5 06 01 31 06 81 53 00 0C 76 B0 44 5C 49 (19)
                              [N6:H] TPOS 'S' 0 12 118 176 (816816)
2026-04-01 10:48:11:519 [IN ] C8 24 07 0E 25 A5 07 01 31 06 81 53 FF E1 99 21 AD 98 49 (19)
                              [N7:N] TPOS 'S' 255 225 153 33 (-1992415)
2026-04-01 10:48:11:623 [IN ] C8 24 09 0E 25 A5 09 01 31 06 81 45 FF EE 79 C2 2F EE 49 (19)
                              [N9:P] TPOS 'E' 255 238 121 194 (-1148478)
2026-04-01 10:48:11:665 [IN ] C8 24 04 0E 25 A5 04 01 31 06 81 53 FF F5 9F 8F 32 30 49 (19)
                              [N4:Y] TPOS 'S' 255 245 159 143 (-680049)
2026-04-01 10:48:11:686 [IN ] C8 24 0B 0A 25 A5 0B 01 31 02 DE 00 1D CD 9F (15)
                              [N11:NG] NGSWSTATE 0 (0)
2026-04-01 10:48:11:789 [IN ] C8 24 03 0E 25 A5 03 01 31 06 81 53 FF F1 36 08 3D C1 49 (19)
                              [N3:X] TPOS 'S' 255 241 54 8 (-969208)
2026-04-01 10:48:11:990 [IN ] C8 24 06 0E 25 A5 06 01 31 06 81 45 00 0D 8D EC 8A 83 49 (19)
                              [N6:H] TPOS 'E' 0 13 141 236 (888300)
2026-04-01 10:48:12:191 [IN ] C8 24 04 0E 25 A5 04 01 31 06 81 45 FF F4 AC C9 6A 3B 49 C8 24 03 0E 25 A5 03 01 31 06 81 45 FF F0 7B 6C D7 66 49 (38)
                              [N4:Y] TPOS 'E' 255 244 172 201 (-742199)
                              [N3:X] TPOS 'E' 255 240 123 108 (-1016980)
2026-04-01 10:48:12:793 [IN ] C8 24 0B 0A 25 A5 0B 01 31 02 DE 00 1D CD 7B (15)
                              [N11:NG] NGSWSTATE 0 (0)
2026-04-01 10:48:13:596 [IN ] C8 24 07 0E 25 A5 07 01 31 06 81 45 FF DB 32 50 61 A1 49 (19)
                              [N7:N] TPOS 'E' 255 219 50 80 (-2411952)
