2026-04-01 10:28:52:459 [OUT] 25 A5 01 0A 31 05 D6 3D FF 00 00 53 ED (13)
                              [N10:HMI] HMILED '=' 255 0 0 (16711680)
2026-04-01 10:28:52:482 [OUT] 25 A5 01 04 31 07 E7 3D 65 00 00 00 87 4D 63 (15)
                              [N4:Y] LONG32VALUE '=' 'e' 0 0 0 135 (135)
2026-04-01 10:28:52:504 [OUT] 25 A5 01 03 31 07 E7 3D 65 00 00 00 5D 22 2F (15)
                              [N3:X] LONG32VALUE '=' 'e' 0 0 0 93 (93)
2026-04-01 10:28:52:505 [IN ] C8 24 0B 0A 25 A5 0B 01 31 02 DE 00 1D CD 00 (15)
                              [N11:NG] NGSWSTATE 0 (0)
2026-04-01 10:28:52:669 [IN ] C8 24 0A 0D 25 A5 0A 01 31 05 D6 3A FF 00 00 50 EA CB (18)
                              [N10:HMI] HMILED ':' 255 0 0 (16711680)
2026-04-01 10:28:52:812 [IN ] C8 24 04 0F 25 A5 04 01 31 07 E7 3A 65 00 00 00 87 4A 54 25 (20)
                              [N4:Y] LONG32VALUE ':' 'e' 0 0 0 135 (135)
2026-04-01 10:28:52:834 [OUT] 25 A5 01 04 31 05 81 FF F2 2B B2 8A FD (13)
                              [N4:Y] TPOS 255 242 43 178 (-906318)
2026-04-01 10:28:52:959 [IN ] C8 24 03 0F 25 A5 03 01 31 07 E7 3A 65 00 00 00 5D 1F 1F 25 (20)
                              [N3:X] LONG32VALUE ':' 'e' 0 0 0 93 (93)
2026-04-01 10:28:52:981 [OUT] 25 A5 01 03 31 05 81 FF F5 B4 C2 25 20 (13)
                              [N3:X] TPOS 255 245 180 194 (-674622)
2026-04-01 10:28:53:084 [IN ] C8 24 04 0E 25 A5 04 01 31 06 81 53 FF FF 8D 77 12 12 1F (19)
                              [N4:Y] TPOS 'S' 255 255 141 119 (-29321)
2026-04-01 10:28:53:105 [OUT] 25 A5 01 04 31 01 DB 12 85 (9)
                              [N4:Y] STARTMOVE
2026-04-01 10:28:53:209 [IN ] C8 24 03 0E 25 A5 03 01 31 06 81 53 FF EC 70 47 B1 65 1F (19)
                              [N3:X] TPOS 'S' 255 236 112 71 (-1281977)
2026-04-01 10:28:53:230 [OUT] 25 A5 01 03 31 01 DB 11 81 (9)
                              [N3:X] STARTMOVE
2026-04-01 10:28:53:292 [IN ] C8 24 04 0A 25 A5 04 01 31 02 DB 01 14 9E 70 (15)
                              [N4:Y] STARTMOVE ''
2026-04-01 10:28:53:395 [IN ] C8 24 03 0A 25 A5 03 01 31 02 DB 01 13 98 70 (15)
                              [N3:X] STARTMOVE ''
2026-04-01 10:28:53:596 [IN ] C8 24 0B 0A 25 A5 0B 01 31 02 DE 00 1D CD 70 (15)
                              [N11:NG] NGSWSTATE 0 (0)
2026-04-01 10:28:54:599 [IN ] C8 24 0B 0A 25 A5 0B 01 31 02 DE 00 1D CD 70 (15)
                              [N11:NG] NGSWSTATE 0 (0)
2026-04-01 10:28:55:603 [IN ] C8 24 0B 0A 25 A5 0B 01 31 02 DE 00 1D CD 70 (15)
                              [N11:NG] NGSWSTATE 0 (0)
2026-04-01 10:28:56:604 [IN ] C8 24 0B 0A 25 A5 0B 01 31 02 DE 00 1D CD 70 (15)
                              [N11:NG] NGSWSTATE 0 (0)
2026-04-01 10:28:57:606 [IN ] C8 24 0B 0A 25 A5 0B 01 31 02 DE 00 1D CD 70 (15)
                              [N11:NG] NGSWSTATE 0 (0)
2026-04-01 10:28:58:008 [IN ] C8 24 04 0E 25 A5 04 01 31 06 81 45 FF F2 29 1A 36 80 1F C8 24 03 0E 25 A5 03 01 31 06 81 45 FF F5 B5 04 AE 81 1F (38)
                              [N4:Y] TPOS 'E' 255 242 41 26 (-906982)
                              [N3:X] TPOS 'E' 255 245 181 4 (-674556)
2026-04-01 10:28:58:432 [OUT] 25 A5 01 04 31 03 84 00 50 0D FC (11)
                              [N4:Y] VEL 0 80 (80)
2026-04-01 10:28:58:453 [OUT] 25 A5 01 03 31 03 84 00 50 0C F6 (11)
                              [N3:X] VEL 0 80 (80)
2026-04-01 10:28:58:474 [OUT] 25 A5 01 09 31 05 81 FF EE 21 9B 6A EE (13)
                              [N9:P] TPOS 255 238 33 155 (-1171045)
2026-04-01 10:28:58:495 [OUT] 25 A5 01 07 31 05 81 FF DB 58 B0 A1 28 (13)
                              [N7:N] TPOS 255 219 88 176 (-2402128)
2026-04-01 10:28:58:557 [IN ] C8 24 0B 0A 25 A5 0B 01 31 02 DE 00 1D CD B5 (15)
                              [N11:NG] NGSWSTATE 0 (0)
2026-04-01 10:28:58:599 [IN ] C8 24 04 0C 25 A5 04 01 31 04 84 53 00 50 61 BA AE (17)
                              [N4:Y] VEL 'S' 0 80 (80)
2026-04-01 10:28:58:620 [OUT] 25 A5 01 04 31 05 81 FF F1 1C 77 3F A1 (13)
                              [N4:Y] TPOS 255 241 28 119 (-975753)
2026-04-01 10:28:58:704 [IN ] C8 24 03 0C 25 A5 03 01 31 04 84 53 00 50 60 B2 AE (17)
                              [N3:X] VEL 'S' 0 80 (80)
2026-04-01 10:28:58:725 [OUT] 25 A5 01 03 31 05 81 FF F5 18 F5 BC 1B (13)
                              [N3:X] TPOS 255 245 24 245 (-714507)
2026-04-01 10:28:58:830 [IN ] C8 24 09 0E 25 A5 09 01 31 06 81 53 FF EE 42 B9 FD BD 1F (19)
                              [N9:P] TPOS 'S' 255 238 66 185 (-1162567)
2026-04-01 10:28:58:953 [IN ] C8 24 (2)
2026-04-01 10:28:58:974 [IN ] 07 0E 25 A5 07 01 31 06 81 53 FF DC 96 50 D4 B2 1F (17)
                              [N7:N] TPOS 'S' 255 220 150 80 (-2320816)
2026-04-01 10:28:58:995 [IN ] C8 24 09 0E 25 A5 09 01 31 06 81 45 FF EE 1E 51 63 C7 1F (19)
                              [N9:P] TPOS 'E' 255 238 30 81 (-1171887)
2026-04-01 10:28:59:098 [IN ] C8 24 04 0E 25 A5 04 01 31 06 81 53 FF F2 29 1A 44 C6 1F (19)
                              [N4:Y] TPOS 'S' 255 242 41 26 (-906982)
2026-04-01 10:28:59:223 [IN ] C8 24 03 0E 25 A5 03 01 31 06 81 53 FF F5 B5 04 BC C7 1F (19)
                              [N3:X] TPOS 'S' 255 245 181 4 (-674556)
2026-04-01 10:28:59:625 [IN ] C8 24 07 0E 25 A5 07 01 31 06 81 45 FF DB 53 D6 08 69 1F C8 24 03 0E 25 A5 03 01 31 06 81 45 FF F5 15 9E A8 DB 1F C8 24 0B 0A 25 A5 0B 01 31 02 DE 00 1D CD 15 C8 24 04 0E 25 A5 04 01 31 06 81 
45 FF F1 1A 1F 2B 64 1F (72)
                              [N7:N] TPOS 'E' 255 219 83 214 (-2403370)
                              [N3:X] TPOS 'E' 255 245 21 158 (-715362)
                              [N11:NG] NGSWSTATE 0 (0)
                              [N4:Y] TPOS 'E' 255 241 26 31 (-976353)
