2025-07-04 10:45:53:686 [OUT] 25 A5 01 09 31 03 C9 3D 09 4D 1C (11)
                              [N9:P] LFLAG '=' 9 (9)
2025-07-04 10:45:53:708 [OUT] 25 A5 01 03 31 02 D8 3F 4E CE (10)
                              [N3:X] INTERRUPT '?'
2025-07-04 10:45:54:009 [IN ] C8 24 09 0B 25 A5 09 01 31 03 C9 3A 09 4A 1E 80 C8 24 03 0C 25 A5 03 01 31 04 D8 3A 01 01 4D 6A 12 (33)
                              [N9:P] LFLAG ':' 9 (9)
                              [N3:X] INTERRUPT ':' 1 1 (257)
2025-07-04 10:45:54:030 [OUT] 25 A5 01 09 31 03 CA 3D 09 4E 1F (11)
                              [N9:P] RFLAG '=' 9 (9)
2025-07-04 10:45:54:053 [OUT] 25 A5 01 04 31 02 D8 3F 4F D3 (10)
                              [N4:Y] INTERRUPT '?'
2025-07-04 10:45:54:354 [IN ] C8 24 09 0B 25 A5 09 01 31 03 CA 3A 09 4B 21 6A C8 24 04 0C 25 A5 04 01 31 04 D8 3A 01 01 4E 72 12 (33)
                              [N9:P] RFLAG ':' 9 (9)
                              [N4:Y] INTERRUPT ':' 1 1 (257)
2025-07-04 10:45:54:376 [OUT] 25 A5 01 08 31 03 C9 3D 09 4C 16 (11)
                              [N8:R] LFLAG '=' 9 (9)
2025-07-04 10:45:54:397 [OUT] 25 A5 01 0C 31 02 D8 3F 57 FB (10)
                              [N12:Z] INTERRUPT '?'
2025-07-04 10:45:54:698 [IN ] C8 24 08 0B 25 A5 08 01 31 03 C9 3A 09 49 17 72 C8 24 0C 0C 25 A5 0C 01 31 04 D8 3A 01 01 56 B2 12 (33)
                              [N8:R] LFLAG ':' 9 (9)
                              [N12:Z] INTERRUPT ':' 1 1 (257)
2025-07-04 10:45:54:719 [OUT] 25 A5 01 08 31 03 CA 3D 09 4D 19 (11)
                              [N8:R] RFLAG '=' 9 (9)
2025-07-04 10:45:54:740 [OUT] 25 A5 01 03 31 03 C9 3D 0B 49 FA (11)
                              [N3:X] LFLAG '=' 11 (11)
2025-07-04 10:45:54:761 [OUT] 25 A5 01 04 31 03 C9 3D 0B 4A 00 (11)
                              [N4:Y] LFLAG '=' 11 (11)
2025-07-04 10:45:54:782 [OUT] 25 A5 01 0C 31 03 C9 3D 0B 52 30 (11)
                              [N12:Z] LFLAG '=' 11 (11)
2025-07-04 10:45:54:864 [IN ] C8 24 08 0B 25 A5 08 01 31 03 CA 3A 09 4A 1A B2 (16)
                              [N8:R] RFLAG ':' 9 (9)
2025-07-04 10:45:54:986 [IN ] C8 24 03 0B 25 A5 03 01 31 03 C9 3A 0B 46 F6 B2 (16)
                              [N3:X] LFLAG ':' 11 (11)
2025-07-04 10:45:55:008 [OUT] 25 A5 01 03 31 03 88 00 50 10 02 (11)
                              [N3:X] RUN 0 80 (80)
2025-07-04 10:45:55:110 [IN ] C8 24 04 0B 25 A5 04 01 31 03 C9 3A 0B 47 FD B2 (16)
                              [N4:Y] LFLAG ':' 11 (11)
2025-07-04 10:45:55:131 [OUT] 25 A5 01 04 31 03 88 00 50 11 08 (11)
                              [N4:Y] RUN 0 80 (80)
2025-07-04 10:45:55:233 [IN ] C8 24 0C 0B 25 A5 0C 01 31 03 C9 3A 0B 4F 35 B2 (16)
                              [N12:Z] LFLAG ':' 11 (11)
2025-07-04 10:45:55:254 [OUT] 25 A5 01 0C 31 03 88 00 50 19 38 (11)
                              [N12:Z] RUN 0 80 (80)
2025-07-04 10:45:55:337 [IN ] C8 24 03 0C 25 A5 03 01 31 04 88 53 00 50 64 C2 12 (17)
                              [N3:X] RUN 'S' 0 80 (80)
2025-07-04 10:45:55:439 [IN ] C8 24 04 0C 25 A5 04 01 31 04 88 53 00 50 65 CA 12 (17)
                              [N4:Y] RUN 'S' 0 80 (80)
2025-07-04 10:45:55:541 [IN ] C8 24 0C 0C 25 A5 0C 01 31 04 88 53 00 50 6D 0A 12 (17)
                              [N12:Z] RUN 'S' 0 80 (80)
2025-07-04 10:45:56:744 [IN ] C8 24 03 0B 25 A5 03 01 31 03 81 5A 4C 5F 9F 0A C8 24 03 0A 25 A5 03 01 31 02 81 49 01 2C 9F (31)
                              [N3:X] TPOS 'Z' 76 (76)
                              [N3:X] TPOS 'I'
2025-07-04 10:45:56:949 [IN ] C8 24 04 0B 25 A5 04 01 31 03 81 5A 4C 60 A6 0A C8 24 04 0A 25 A5 04 01 31 02 81 49 02 32 A6 (31)
                              [N4:Y] TPOS 'Z' 76 (76)
                              [N4:Y] TPOS 'I'
2025-07-04 10:45:56:970 [OUT] 25 A5 01 03 31 03 C9 3D 09 47 F8 (11)
                              [N3:X] LFLAG '=' 9 (9)
2025-07-04 10:45:56:992 [OUT] 25 A5 01 09 31 02 D8 3F 54 EC (10)
                              [N9:P] INTERRUPT '?'
2025-07-04 10:45:57:293 [IN ] C8 24 03 0B 25 A5 03 01 31 03 C9 3A 09 44 F4 0A C8 24 09 0C 25 A5 09 01 31 04 D8 3A 01 01 53 9A 12 (33)
                              [N3:X] LFLAG ':' 9 (9)
                              [N9:P] INTERRUPT ':' 1 1 (257)
2025-07-04 10:45:57:315 [OUT] 25 A5 01 04 31 03 C9 3D 09 48 FE (11)
                              [N4:Y] LFLAG '=' 9 (9)
2025-07-04 10:45:57:337 [OUT] 25 A5 01 07 31 02 D8 3F 52 E2 (10)
                              [N7:N] INTERRUPT '?'
2025-07-04 10:45:57:637 [IN ] C8 24 04 0B 25 A5 04 01 31 03 C9 3A 09 45 FB 9A C8 24 07 0C 25 A5 07 01 31 04 D8 3A 01 01 51 8A 12 (33)
                              [N4:Y] LFLAG ':' 9 (9)
                              [N7:N] INTERRUPT ':' 1 1 (257)
2025-07-04 10:45:57:659 [OUT] 25 A5 01 09 31 03 C9 3D 0B 4F 1E (11)
                              [N9:P] LFLAG '=' 11 (11)
2025-07-04 10:45:57:679 [OUT] 25 A5 01 07 31 03 C9 3D 0B 4D 12 (11)
                              [N7:N] LFLAG '=' 11 (11)
2025-07-04 10:45:57:822 [IN ] C8 24 09 0B 25 A5 09 01 31 03 C9 3A 0B 4C 20 8A (16)
                              [N9:P] LFLAG ':' 11 (11)
2025-07-04 10:45:57:843 [OUT] 25 A5 01 09 31 03 88 00 50 16 26 (11)
                              [N9:P] RUN 0 80 (80)
2025-07-04 10:45:57:945 [IN ] C8 24 07 0B 25 A5 07 01 31 03 C9 3A 0B 4A 12 8A (16)
                              [N7:N] LFLAG ':' 11 (11)
2025-07-04 10:45:57:966 [OUT] 25 A5 01 07 31 03 88 00 50 14 1A (11)
                              [N7:N] RUN 0 80 (80)
2025-07-04 10:45:58:028 [IN ] C8 24 09 0C 25 A5 09 01 31 04 88 53 00 50 6A F2 12 (17)
                              [N9:P] RUN 'S' 0 80 (80)
2025-07-04 10:45:58:130 [IN ] C8 24 09 0B 25 A5 09 01 31 03 81 5A 4C 65 C9 F2 (16)
                              [N9:P] TPOS 'Z' 76 (76)
2025-07-04 10:45:58:171 [IN ] C8 24 07 0C 25 A5 07 01 31 04 88 53 00 50 68 E2 12 C8 24 09 0A 25 A5 09 01 31 02 81 49 07 50 68 (32)
                              [N7:N] RUN 'S' 0 80 (80)
                              [N9:P] TPOS 'I'
2025-07-04 10:45:58:395 [OUT] 25 A5 01 09 31 03 C9 3D 09 4D 1C (11)
                              [N9:P] LFLAG '=' 9 (9)
2025-07-04 10:45:58:416 [OUT] 25 A5 01 04 31 05 81 FF EE 88 01 32 FA (13)
                              [N4:Y] TPOS 255 238 136 1 (-1144831)
2025-07-04 10:45:58:559 [IN ] C8 24 09 0B 25 A5 09 01 31 03 C9 3A 09 4A 1E E2 (16)
                              [N9:P] LFLAG ':' 9 (9)
2025-07-04 10:45:58:701 [IN ] C8 24 04 0E 25 A5 04 01 31 06 81 53 00 00 00 00 10 88 0A (19)
                              [N4:Y] TPOS 'S' 0 0 0 0 (0)
2025-07-04 10:46:04:708 [IN ] C8 24 04 0E 25 A5 04 01 31 06 81 45 FF EE 84 80 F3 90 0A (19)
                              [N4:Y] TPOS 'E' 255 238 132 128 (-1145728)
2025-07-04 10:46:04:932 [OUT] 25 A5 01 09 31 05 81 FF E7 5D 56 5A 0C (13)
                              [N9:P] TPOS 255 231 93 86 (-1614506)
2025-07-04 10:46:04:954 [OUT] 25 A5 01 04 31 05 81 FF FD 50 01 09 B7 (13)
                              [N4:Y] TPOS 255 253 80 1 (-176127)
2025-07-04 10:46:04:975 [OUT] 25 A5 01 03 31 05 81 FF EB D8 01 7E 89 (13)
                              [N3:X] TPOS 255 235 216 1 (-1320959)
2025-07-04 10:46:04:997 [OUT] 25 A5 01 06 31 02 D8 3F 51 DD (10)
                              [N6:H] INTERRUPT '?'
2025-07-04 10:46:05:299 [IN ] C8 24 09 0E 25 A5 09 01 31 06 81 53 FF FF FF F7 09 A8 0A C8 24 04 0E 25 A5 04 01 31 06 81 53 FF EE 84 80 01 D6 0A (38)
                              [N9:P] TPOS 'S' 255 255 255 247 (-9)
                              [N4:Y] TPOS 'S' 255 238 132 128 (-1145728)
2025-07-04 10:46:05:600 [IN ] C8 24 03 0E 25 A5 03 01 31 06 81 53 00 00 00 00 0F 7E 0A C8 24 06 0C 25 A5 06 01 31 04 D8 3A 01 01 50 82 0F (36)
                              [N3:X] TPOS 'S' 0 0 0 0 (0)
                              [N6:H] INTERRUPT ':' 1 1 (257)
2025-07-04 10:46:05:622 [OUT] 25 A5 01 06 31 03 C9 3D 0B 4C 0C (11)
                              [N6:H] LFLAG '=' 11 (11)
2025-07-04 10:46:05:785 [IN ] C8 24 06 0B 25 A5 06 01 31 03 C9 3A 0B 49 0B 82 (16)
                              [N6:H] LFLAG ':' 11 (11)
2025-07-04 10:46:05:806 [OUT] 25 A5 01 06 31 03 88 FF B0 72 72 (11)
                              [N6:H] RUN 255 176 (-80)
2025-07-04 10:46:05:988 [IN ] C8 24 06 0C 25 A5 06 01 31 04 88 53 FF B0 C6 38 0F (17)
                              [N6:H] RUN 'S' 255 176 (-80)
2025-07-04 10:46:10:796 [IN ] C8 24 06 0B 25 A5 06 01 31 03 81 5A 4C 62 B4 38 C8 24 06 0A 25 A5 06 01 31 02 81 49 04 3E B4 (31)
                              [N6:H] TPOS 'Z' 76 (76)
                              [N6:H] TPOS 'I'
2025-07-04 10:46:11:019 [OUT] 25 A5 01 06 31 03 C9 3D 09 4A 0A (11)
                              [N6:H] LFLAG '=' 9 (9)
2025-07-04 10:46:11:182 [IN ] C8 24 06 0B 25 A5 06 01 31 03 C9 3A 09 47 09 38 (16)
                              [N6:H] LFLAG ':' 9 (9)
2025-07-04 10:46:11:204 [OUT] 25 A5 01 06 31 03 84 00 50 0F 08 (11)
                              [N6:H] VEL 0 80 (80)
2025-07-04 10:46:11:366 [IN ] C8 24 06 0C 25 A5 06 01 31 04 84 53 00 50 63 CA 0F (17)
                              [N6:H] VEL 'S' 0 80 (80)
2025-07-04 10:46:11:387 [OUT] 25 A5 01 06 31 05 81 00 19 82 3C 95 BE (13)
                              [N6:H] TPOS 0 25 130 60 (1671740)
2025-07-04 10:46:11:570 [IN ] C8 24 06 0E 25 A5 06 01 31 06 81 53 00 00 00 00 12 9C 0A (19)
                              [N6:H] TPOS 'S' 0 0 0 0 (0)
2025-07-04 10:46:12:973 [IN ] C8 24 03 0E 25 A5 03 01 31 06 81 45 FF EB D5 FE BE 9D 0A (19)
                              [N3:X] TPOS 'E' 255 235 213 254 (-1321474)
2025-07-04 10:46:13:377 [IN ] C8 24 04 0E 25 A5 04 01 31 06 81 45 FF FD 50 24 72 F9 0A (19)
                              [N4:Y] TPOS 'E' 255 253 80 36 (-176092)
2025-07-04 10:46:13:398 [OUT] 25 A5 01 03 31 05 81 FF FD 50 01 08 AF (13)
                              [N3:X] TPOS 255 253 80 1 (-176127)
2025-07-04 10:46:13:582 [IN ] C8 24 03 0E 25 A5 03 01 31 06 81 53 FF EB D5 FE CC E3 0A (19)
                              [N3:X] TPOS 'S' 255 235 213 254 (-1321474)
2025-07-04 10:46:14:585 [IN ] C8 24 07 0B 25 A5 07 01 31 03 81 5A 4C 63 BB FE C8 24 07 0A 25 A5 07 01 31 02 81 49 05 44 BB (31)
                              [N7:N] TPOS 'Z' 76 (76)
                              [N7:N] TPOS 'I'
2025-07-04 10:46:14:789 [IN ] C8 24 09 0E 25 A5 09 01 31 06 81 45 FF E7 5B C0 08 9B 0A (19)
                              [N9:P] TPOS 'E' 255 231 91 192 (-1614912)
2025-07-04 10:46:14:810 [OUT] 25 A5 01 07 31 03 C9 3D 09 4B 10 (11)
                              [N7:N] LFLAG '=' 9 (9)
2025-07-04 10:46:14:852 [OUT] 25 A5 01 09 31 05 81 FF FF D9 C8 60 BE (13)
                              [N9:P] TPOS 255 255 217 200 (-9784)
2025-07-04 10:46:14:974 [IN ] C8 24 07 0B 25 A5 07 01 31 03 C9 3A 09 48 10 C0 (16)
                              [N7:N] LFLAG ':' 9 (9)
2025-07-04 10:46:14:995 [OUT] 25 A5 01 07 31 05 81 FF AB 19 75 F7 DF (13)
                              [N7:N] TPOS 255 171 25 117 (-5564043)
2025-07-04 10:46:15:118 [IN ] C8 24 09 0E 25 A5 09 01 31 06 81 53 FF E7 5B C7 1D E8 0A (19)
                              [N9:P] TPOS 'S' 255 231 91 199 (-1614905)
2025-07-04 10:46:15:221 [IN ] C8 24 07 0E 25 A5 07 01 31 06 81 53 FF FF FF F7 07 94 0A (19)
                              [N7:N] TPOS 'S' 255 255 255 247 (-9)
2025-07-04 10:46:20:627 [IN ] C8 24 06 0E 25 A5 06 01 31 06 81 45 00 19 85 94 36 3F 0A (19)
                              [N6:H] TPOS 'E' 0 25 133 148 (1672596)
2025-07-04 10:46:21:052 [OUT] 25 A5 01 06 31 05 81 00 0D 03 C1 8F 21 (13)
                              [N6:H] TPOS 0 13 3 193 (852929)
2025-07-04 10:46:21:234 [IN ] C8 24 06 0E 25 A5 06 01 31 06 81 53 00 19 85 94 44 85 0A (19)
                              [N6:H] TPOS 'S' 0 25 133 148 (1672596)
2025-07-04 10:46:24:440 [IN ] C8 24 0C 0B 25 A5 0C 01 31 03 81 5A 4C 68 DE 94 C8 24 0C 0A 25 A5 0C 01 31 02 81 49 0A 62 DE (31)
                              [N12:Z] TPOS 'Z' 76 (76)
                              [N12:Z] TPOS 'I'
2025-07-04 10:46:24:663 [OUT] 25 A5 01 0C 31 03 C9 3D 09 50 2E (11)
                              [N12:Z] LFLAG '=' 9 (9)
2025-07-04 10:46:24:746 [IN ] C8 24 03 0E 25 A5 03 01 31 06 81 45 FF FD 4F E3 2F AC 0A (19)
                              [N3:X] TPOS 'E' 255 253 79 227 (-176157)
2025-07-04 10:46:24:829 [IN ] C8 24 0C 0B 25 A5 0C 01 31 03 C9 3A 09 4D 33 E3 (16)
                              [N12:Z] LFLAG ':' 9 (9)
2025-07-04 10:46:24:850 [OUT] 25 A5 01 0C 31 05 81 FF BC D0 00 4F 33 (13)
                              [N12:Z] TPOS 255 188 208 0 (-4403200)
2025-07-04 10:46:24:871 [IN ] C8 24 09 0E 25 A5 09 01 31 06 81 45 FF FF DA 58 37 79 0A (19)
                              [N9:P] TPOS 'E' 255 255 218 88 (-9640)
2025-07-04 10:46:24:913 [OUT] 25 A5 01 08 31 02 D8 3F 53 E7 (10)
                              [N8:R] INTERRUPT '?'
2025-07-04 10:46:25:214 [IN ] C8 24 0C 0E 25 A5 0C 01 31 06 81 53 FF FF FF 94 A9 63 0A C8 24 06 0E 25 A5 06 01 31 06 81 45 00 0C FF 3D 4C B5 0A C8 24 08 0C 25 A5 08 01 31 04 D8 3A 01 01 52 92 4C (55)
                              [N12:Z] TPOS 'S' 255 255 255 148 (-108)
                              [N6:H] TPOS 'E' 0 12 255 61 (851773)
                              [N8:R] INTERRUPT ':' 1 1 (257)
2025-07-04 10:46:25:236 [OUT] 25 A5 01 08 31 03 CA 3D 0B 4F 1B (11)
                              [N8:R] RFLAG '=' 11 (11)
2025-07-04 10:46:25:258 [OUT] 25 A5 01 05 31 02 D8 3F 50 D8 (10)
                              [N5:V] INTERRUPT '?'
2025-07-04 10:46:25:558 [IN ] C8 24 08 0B 25 A5 08 01 31 03 CA 3A 0B 4C 1C 92 C8 24 05 0C 25 A5 05 01 31 04 D8 3A 01 01 4F 7A 4C (33)
                              [N8:R] RFLAG ':' 11 (11)
                              [N5:V] INTERRUPT ':' 1 1 (257)
2025-07-04 10:46:25:580 [OUT] 25 A5 01 08 31 03 88 00 50 15 20 (11)
                              [N8:R] RUN 0 80 (80)
2025-07-04 10:46:25:601 [OUT] 25 A5 01 05 31 03 C9 3D 0B 4B 06 (11)
                              [N5:V] LFLAG '=' 11 (11)
2025-07-04 10:46:25:744 [IN ] C8 24 08 0C 25 A5 08 01 31 04 88 53 00 50 69 EA 4C (17)
                              [N8:R] RUN 'S' 0 80 (80)
2025-07-04 10:46:25:867 [IN ] C8 24 05 0B 25 A5 05 01 31 03 C9 3A 0B 48 04 EA (16)
                              [N5:V] LFLAG ':' 11 (11)
2025-07-04 10:46:25:888 [OUT] 25 A5 01 05 31 03 88 FF B0 71 6C (11)
                              [N5:V] RUN 255 176 (-80)
2025-07-04 10:46:26:071 [IN ] C8 24 05 0C 25 A5 05 01 31 04 88 53 FF B0 C5 30 4C (17)
                              [N5:V] RUN 'S' 255 176 (-80)
2025-07-04 10:46:33:881 [IN ] C8 24 08 0B 25 A5 08 01 31 03 81 5A 52 6A C8 30 C8 24 08 0A 25 A5 08 01 31 02 81 49 06 4A C8 (31)
                              [N8:R] TPOS 'Z' 82 (82)
                              [N8:R] TPOS 'I'
2025-07-04 10:46:34:104 [OUT] 25 A5 01 08 31 03 CA 3D 09 4D 19 (11)
                              [N8:R] RFLAG '=' 9 (9)
2025-07-04 10:46:34:267 [IN ] C8 24 08 0B 25 A5 08 01 31 03 CA 3A 09 4A 1A 30 (16)
                              [N8:R] RFLAG ':' 9 (9)
2025-07-04 10:46:34:289 [OUT] 25 A5 01 08 31 05 81 FF DC 77 1D 2F DE (13)
                              [N8:R] TPOS 255 220 119 29 (-2328803)
2025-07-04 10:46:34:472 [IN ] C8 24 08 0E 25 A5 08 01 31 06 81 53 FF FF FF ED FE 94 0A (19)
                              [N8:R] TPOS 'S' 255 255 255 237 (-19)
2025-07-04 10:46:35:275 [IN ] C8 24 05 0B 25 A5 05 01 31 03 81 5A 4C 61 AD ED (16)
                              [N5:V] TPOS 'Z' 76 (76)
2025-07-04 10:46:35:477 [IN ] C8 24 05 0A 25 A5 05 01 31 02 81 49 03 38 AD (15)
                              [N5:V] TPOS 'I'
2025-07-04 10:46:35:701 [OUT] 25 A5 01 05 31 03 C9 3D 09 49 04 (11)
                              [N5:V] LFLAG '=' 9 (9)
2025-07-04 10:46:35:863 [IN ] C8 24 05 0B 25 A5 05 01 31 03 C9 3A 09 46 02 ED (16)
                              [N5:V] LFLAG ':' 9 (9)
2025-07-04 10:46:35:885 [OUT] 25 A5 01 05 31 03 84 00 50 0E 02 (11)
                              [N5:V] VEL 0 80 (80)
2025-07-04 10:46:36:048 [IN ] C8 24 05 0C 25 A5 05 01 31 04 84 53 00 50 62 C2 FE (17)
                              [N5:V] VEL 'S' 0 80 (80)
2025-07-04 10:46:36:070 [OUT] 25 A5 01 05 31 05 81 00 19 82 3C 94 B6 (13)
                              [N5:V] TPOS 0 25 130 60 (1671740)
2025-07-04 10:46:36:253 [IN ] C8 24 05 0E 25 A5 05 01 31 06 81 53 FF FF FF FF 0D 88 0A (19)
                              [N5:V] TPOS 'S' 255 255 255 255 (-1)
2025-07-04 10:46:40:858 [IN ] C8 24 07 0E 25 A5 07 01 31 06 81 45 FF AB 14 E3 A6 68 0A (19)
                              [N7:N] TPOS 'E' 255 171 20 227 (-5565213)
2025-07-04 10:46:41:283 [OUT] 25 A5 01 07 31 05 81 FF F3 35 BF A5 39 (13)
                              [N7:N] TPOS 255 243 53 191 (-838209)
2025-07-04 10:46:41:466 [IN ] C8 24 07 0E 25 A5 07 01 31 06 81 53 FF AB 14 E3 B4 AE 0A (19)
                              [N7:N] TPOS 'S' 255 171 20 227 (-5565213)
2025-07-04 10:46:44:069 [IN ] C8 24 05 0E 25 A5 05 01 31 06 81 45 00 19 86 4C EE EF 0A (19)
                              [N5:V] TPOS 'E' 0 25 134 76 (1672780)
2025-07-04 10:46:44:494 [OUT] 25 A5 01 05 31 05 81 00 0D 03 C1 8E 19 (13)
                              [N5:V] TPOS 0 13 3 193 (852929)
2025-07-04 10:46:44:676 [IN ] C8 24 05 0E 25 A5 05 01 31 06 81 53 00 19 86 4B FB 34 0A (19)
                              [N5:V] TPOS 'S' 0 25 134 75 (1672779)
2025-07-04 10:46:46:679 [IN ] C8 24 08 0E 25 A5 08 01 31 06 81 45 FF DC 74 38 8D 1A 0A (19)
                              [N8:R] TPOS 'E' 255 220 116 56 (-2329544)
2025-07-04 10:46:47:104 [OUT] 25 A5 01 08 31 05 81 FF EE 15 56 18 89 (13)
                              [N8:R] TPOS 255 238 21 86 (-1174186)
2025-07-04 10:46:47:287 [IN ] C8 24 08 0E 25 A5 08 01 31 06 81 53 FF DC 74 3F A2 67 0A (19)
                              [N8:R] TPOS 'S' 255 220 116 63 (-2329537)
2025-07-04 10:46:49:690 [IN ] C8 24 05 0E 25 A5 05 01 31 06 81 45 00 0D 01 DB EC 50 0A (19)
                              [N5:V] TPOS 'E' 0 13 1 219 (852443)
2025-07-04 10:46:49:913 [OUT] 25 A5 01 03 31 05 81 FF ED B1 30 88 70 (13)
                              [N3:X] TPOS 255 237 177 48 (-1199824)
2025-07-04 10:46:49:935 [OUT] 25 A5 01 04 31 05 81 FF F3 BD 0C 77 7E (13)
                              [N4:Y] TPOS 255 243 189 12 (-803572)
2025-07-04 10:46:50:098 [IN ] C8 24 03 0E 25 A5 03 01 31 06 81 53 FF FD 4F E3 3D F2 0A (19)
                              [N3:X] TPOS 'S' 255 253 79 227 (-176157)
2025-07-04 10:46:50:221 [IN ] C8 24 04 0E 25 A5 04 01 31 (9)
2025-07-04 10:46:50:242 [IN ] 06 81 53 FF FD 50 24 80 3F 0A (10)
                              [N4:Y] TPOS 'S' 255 253 80 36 (-176092)
2025-07-04 10:46:52:866 [OUT] 25 A5 01 0C 31 01 82 C1 4C (9)
                              [N12:Z] GETPOS
2025-07-04 10:46:52:888 [OUT] 25 A5 01 03 31 01 82 B8 28 (9)
                              [N3:X] GETPOS
2025-07-04 10:46:52:909 [OUT] 25 A5 01 04 31 01 82 B9 2C (9)
                              [N4:Y] GETPOS
2025-07-04 10:46:52:930 [OUT] 25 A5 01 07 31 01 82 BC 38 (9)
                              [N7:N] GETPOS
2025-07-04 10:46:52:951 [OUT] 25 A5 01 08 31 01 82 BD 3C (9)
                              [N8:R] GETPOS
2025-07-04 10:46:53:012 [IN ] C8 24 0C 0D 25 A5 0C 01 31 05 82 FF BE CB E7 34 26 3F (18)
                              [N12:Z] GETPOS 255 190 203 231 (-4273177)
2025-07-04 10:46:53:094 [IN ] C8 24 03 0D 25 A5 03 01 31 05 82 FF F4 (13)
2025-07-04 10:46:53:114 [IN ] D6 80 05 26 3F (5)
                              [N3:X] GETPOS 255 244 214 128 (-731520)
2025-07-04 10:46:53:196 [IN ] C8 24 04 0D 25 A5 04 01 31 05 82 FF F4 80 A8 D8 AB 3F (18)
                              [N4:Y] GETPOS 255 244 128 168 (-753496)
2025-07-04 10:46:53:278 [IN ] C8 24 07 0D 25 A5 07 01 31 05 82 FF D2 56 C7 AE 2B 3F (18)
                              [N7:N] GETPOS 255 210 86 199 (-2992441)
2025-07-04 10:46:53:380 [IN ] C8 24 08 0D 25 A5 08 01 31 05 82 FF EE 17 F2 B7 35 3F (18)
                              [N8:R] GETPOS 255 238 23 242 (-1173518)
2025-07-04 10:46:53:581 [IN ] C8 24 08 0E 25 A5 08 01 31 06 81 45 FF EE 17 E4 EE 42 0A C8 24 04 0E 25 A5 04 01 31 06 81 45 FF F3 BA 25 D3 B0 0A (38)
                              [N8:R] TPOS 'E' 255 238 23 228 (-1173532)
                              [N4:Y] TPOS 'E' 255 243 186 37 (-804315)
2025-07-04 10:46:54:184 [IN ] C8 24 0C 0E 25 A5 0C 01 31 06 81 45 FF BC D0 C1 56 23 0A (19)
                              [N12:Z] TPOS 'E' 255 188 208 193 (-4403007)
2025-07-04 10:46:54:609 [OUT] 25 A5 01 0C 31 05 81 FF D1 1A 67 15 6D (13)
                              [N12:Z] TPOS 255 209 26 103 (-3073433)
2025-07-04 10:46:54:792 [IN ] C8 24 0C 0E 25 A5 (6)
2025-07-04 10:46:54:813 [IN ] 0C 01 31 06 81 53 FF BC D0 EE 91 96 0A (13)
                              [N12:Z] TPOS 'S' 255 188 208 238 (-4402962)
2025-07-04 10:46:56:015 [IN ] C8 24 03 0E 25 A5 03 01 31 06 81 45 FF ED AF 84 20 DD 0A (19)
                              [N3:X] TPOS 'E' 255 237 175 132 (-1200252)
2025-07-04 10:47:03:224 [IN ] C8 24 07 0E 25 A5 07 01 31 06 81 45 FF F3 3A 0B 3C B4 0A (19)
                              [N7:N] TPOS 'E' 255 243 58 11 (-837109)
2025-07-04 10:47:03:826 [IN ] C8 24 0C 0E 25 A5 0C 01 31 06 81 45 FF D1 1A D8 CC 0D 0A (19)
                              [N12:Z] TPOS 'E' 255 209 26 216 (-3073320)
