2025-07-04 19:44:20:149 [OUT] 25 A5 01 0A 31 05 D6 3D FF 00 00 53 ED (13)
                              [N10:HMI] HMILED '=' 255 0 0 (16711680)
2025-07-04 19:44:20:172 [OUT] 25 A5 01 03 31 02 D8 3F 4E CE (10)
                              [N3:X] INTERRUPT '?'
2025-07-04 19:44:20:473 [IN ] C8 24 0A 0D 25 A5 0A 01 31 05 D6 3A FF 00 00 50 EA 3B C8 24 03 0C 25 A5 03 01 31 04 D8 3A 01 01 4D 6A EA (35)
                              [N10:HMI] HMILED ':' 255 0 0 (16711680)
                              [N3:X] INTERRUPT ':' 1 1 (257)
2025-07-04 19:44:20:495 [OUT] 25 A5 01 09 31 03 C9 3D 09 4D 1C (11)
                              [N9:P] LFLAG '=' 9 (9)
2025-07-04 19:44:20:517 [OUT] 25 A5 01 04 31 02 D8 3F 4F D3 (10)
                              [N4:Y] INTERRUPT '?'
2025-07-04 19:44:20:818 [IN ] C8 24 09 0B 25 A5 09 01 31 03 C9 3A 09 4A 1E 6A C8 24 04 0C 25 A5 04 01 31 04 D8 3A 01 01 4E 72 EA (33)
                              [N9:P] LFLAG ':' 9 (9)
                              [N4:Y] INTERRUPT ':' 1 1 (257)
2025-07-04 19:44:20:840 [OUT] 25 A5 01 09 31 03 CA 3D 09 4E 1F (11)
                              [N9:P] RFLAG '=' 9 (9)
2025-07-04 19:44:20:861 [OUT] 25 A5 01 0C 31 02 D8 3F 57 FB (10)
                              [N12:Z] INTERRUPT '?'
2025-07-04 19:44:21:162 [IN ] C8 24 09 0B 25 A5 09 01 31 03 CA 3A 09 4B 21 72 C8 24 0C 0C 25 A5 0C 01 31 04 D8 3A 01 01 56 B2 EA (33)
                              [N9:P] RFLAG ':' 9 (9)
                              [N12:Z] INTERRUPT ':' 1 1 (257)
2025-07-04 19:44:21:184 [OUT] 25 A5 01 08 31 03 C9 3D 09 4C 16 (11)
                              [N8:R] LFLAG '=' 9 (9)
2025-07-04 19:44:21:205 [OUT] 25 A5 01 03 31 03 C9 3D 0B 49 FA (11)
                              [N3:X] LFLAG '=' 11 (11)
2025-07-04 19:44:21:226 [OUT] 25 A5 01 04 31 03 C9 3D 0B 4A 00 (11)
                              [N4:Y] LFLAG '=' 11 (11)
2025-07-04 19:44:21:247 [OUT] 25 A5 01 0C 31 03 C9 3D 0B 52 30 (11)
                              [N12:Z] LFLAG '=' 11 (11)
2025-07-04 19:44:21:369 [IN ] C8 24 08 0B 25 A5 08 01 31 03 C9 3A 09 49 17 B2 (16)
                              [N8:R] LFLAG ':' 9 (9)
2025-07-04 19:44:21:390 [OUT] 25 A5 01 08 31 03 CA 3D 09 4D 19 (11)
                              [N8:R] RFLAG '=' 9 (9)
2025-07-04 19:44:21:472 [IN ] C8 24 03 0B 25 A5 03 01 31 03 C9 3A 0B 46 F6 B2 (16)
                              [N3:X] LFLAG ':' 11 (11)
2025-07-04 19:44:21:493 [OUT] 25 A5 01 03 31 03 88 00 50 10 02 (11)
                              [N3:X] RUN 0 80 (80)
2025-07-04 19:44:21:575 [IN ] C8 24 04 0B 25 A5 04 01 31 03 C9 3A 0B 47 FD B2 (16)
                              [N4:Y] LFLAG ':' 11 (11)
2025-07-04 19:44:21:596 [OUT] 25 A5 01 04 31 03 88 00 50 11 08 (11)
                              [N4:Y] RUN 0 80 (80)
2025-07-04 19:44:21:677 [IN ] C8 24 0C 0B 25 A5 0C 01 31 03 C9 3A 0B 4F 35 B2 (16)
                              [N12:Z] LFLAG ':' 11 (11)
2025-07-04 19:44:21:698 [OUT] 25 A5 01 0C 31 03 88 00 50 19 38 (11)
                              [N12:Z] RUN 0 80 (80)
2025-07-04 19:44:21:800 [IN ] C8 24 08 0B 25 A5 08 01 31 03 CA 3A 09 4A 1A B2 (16)
                              [N8:R] RFLAG ':' 9 (9)
2025-07-04 19:44:21:902 [IN ] C8 24 03 0C 25 A5 03 01 31 04 88 53 00 50 64 C2 EA (17)
                              [N3:X] RUN 'S' 0 80 (80)
2025-07-04 19:44:22:025 [IN ] C8 24 04 0C 25 A5 04 01 31 04 88 53 00 50 65 CA EA (17)
                              [N4:Y] RUN 'S' 0 80 (80)
2025-07-04 19:44:22:127 [IN ] C8 24 0C 0C 25 A5 0C 01 31 04 88 53 00 50 6D 0A EA (17)
                              [N12:Z] RUN 'S' 0 80 (80)
2025-07-04 19:44:28:737 [IN ] C8 24 04 0B 25 A5 04 01 31 03 81 5A 4C 60 A6 0A (16)
                              [N4:Y] TPOS 'Z' 76 (76)
2025-07-04 19:44:28:939 [IN ] C8 24 04 0A 25 A5 04 01 31 02 81 49 02 32 A6 (15)
                              [N4:Y] TPOS 'I'
2025-07-04 19:44:29:163 [OUT] 25 A5 01 09 31 02 D8 3F 54 EC (10)
                              [N9:P] INTERRUPT '?'
2025-07-04 19:44:29:465 [IN ] C8 24 09 0C 25 A5 09 01 31 04 D8 3A 01 01 53 9A EA (17)
                              [N9:P] INTERRUPT ':' 1 1 (257)
2025-07-04 19:44:29:486 [OUT] 25 A5 01 04 31 03 C9 3D 09 48 FE (11)
                              [N4:Y] LFLAG '=' 9 (9)
2025-07-04 19:44:29:508 [OUT] 25 A5 01 07 31 02 D8 3F 52 E2 (10)
                              [N7:N] INTERRUPT '?'
2025-07-04 19:44:29:809 [IN ] C8 24 04 0B 25 A5 04 01 31 03 C9 3A 09 45 FB 9A C8 24 07 0C 25 A5 07 01 31 04 D8 3A 01 01 51 8A EA (33)
                              [N4:Y] LFLAG ':' 9 (9)
                              [N7:N] INTERRUPT ':' 1 1 (257)
2025-07-04 19:44:29:830 [OUT] 25 A5 01 09 31 03 C9 3D 0B 4F 1E (11)
                              [N9:P] LFLAG '=' 11 (11)
2025-07-04 19:44:29:851 [OUT] 25 A5 01 07 31 03 C9 3D 0B 4D 12 (11)
                              [N7:N] LFLAG '=' 11 (11)
2025-07-04 19:44:30:014 [IN ] C8 24 09 0B 25 A5 09 01 31 03 C9 3A 0B 4C 20 8A (16)
                              [N9:P] LFLAG ':' 11 (11)
2025-07-04 19:44:30:036 [OUT] 25 A5 01 09 31 03 88 00 50 16 26 (11)
                              [N9:P] RUN 0 80 (80)
2025-07-04 19:44:30:098 [IN ] C8 24 07 0B 25 A5 07 01 31 03 C9 3A 0B 4A 12 8A (16)
                              [N7:N] LFLAG ':' 11 (11)
2025-07-04 19:44:30:119 [OUT] 25 A5 01 07 31 03 88 00 50 14 1A (11)
                              [N7:N] RUN 0 80 (80)
2025-07-04 19:44:30:221 [IN ] C8 24 09 0C 25 A5 09 01 31 04 88 53 00 50 6A F2 EA (17)
                              [N9:P] RUN 'S' 0 80 (80)
2025-07-04 19:44:30:303 [IN ] C8 24 09 0B 25 A5 09 01 31 03 81 5A 4C 65 C9 F2 (16)
                              [N9:P] TPOS 'Z' 76 (76)
2025-07-04 19:44:30:323 [IN ] C8 24 07 0C 25 A5 07 01 31 04 88 53 00 50 68 E2 EA (17)
                              [N7:N] RUN 'S' 0 80 (80)
2025-07-04 19:44:30:525 [IN ] C8 24 09 0A 25 A5 09 01 31 02 81 49 07 50 68 (15)
                              [N9:P] TPOS 'I'
2025-07-04 19:44:30:749 [OUT] 25 A5 01 09 31 03 C9 3D 09 4D 1C (11)
                              [N9:P] LFLAG '=' 9 (9)
2025-07-04 19:44:30:770 [OUT] 25 A5 01 04 31 05 81 FF EE 88 01 32 FA (13)
                              [N4:Y] TPOS 255 238 136 1 (-1144831)
2025-07-04 19:44:30:913 [IN ] C8 24 09 0B 25 A5 09 01 31 03 C9 3A 09 4A 1E E2 (16)
                              [N9:P] LFLAG ':' 9 (9)
2025-07-04 19:44:31:055 [IN ] C8 24 04 0E 25 A5 04 01 31 06 81 53 00 00 00 00 10 88 0A (19)
                              [N4:Y] TPOS 'S' 0 0 0 0 (0)
2025-07-04 19:44:31:860 [IN ] C8 24 03 0B 25 A5 03 01 31 03 81 5A 4C 5F 9F 00 C8 24 03 0A 25 A5 03 01 31 02 81 49 01 2C 9F (31)
                              [N3:X] TPOS 'Z' 76 (76)
                              [N3:X] TPOS 'I'
2025-07-04 19:44:32:084 [OUT] 25 A5 01 03 31 03 C9 3D 09 47 F8 (11)
                              [N3:X] LFLAG '=' 9 (9)
2025-07-04 19:44:32:246 [IN ] C8 24 03 0B 25 A5 03 01 31 03 C9 3A 09 44 F4 00 (16)
                              [N3:X] LFLAG ':' 9 (9)
2025-07-04 19:44:34:252 [IN ] C8 24 07 0B 25 A5 07 01 31 03 81 5A 4C 63 BB 00 C8 24 07 0A 25 A5 07 01 31 02 81 49 05 44 BB (31)
                              [N7:N] TPOS 'Z' 76 (76)
                              [N7:N] TPOS 'I'
2025-07-04 19:44:34:475 [OUT] 25 A5 01 07 31 03 C9 3D 09 4B 10 (11)
                              [N7:N] LFLAG '=' 9 (9)
2025-07-04 19:44:34:658 [IN ] C8 24 07 0B 25 A5 07 01 31 03 C9 3A 09 48 10 00 (16)
                              [N7:N] LFLAG ':' 9 (9)
2025-07-04 19:44:37:062 [IN ] C8 24 04 0E 25 A5 04 01 31 06 81 45 FF EE 85 31 A5 43 0A (19)
                              [N4:Y] TPOS 'E' 255 238 133 49 (-1145551)
2025-07-04 19:44:37:286 [OUT] 25 A5 01 09 31 05 81 FF E7 5D 56 5A 0C (13)
                              [N9:P] TPOS 255 231 93 86 (-1614506)
2025-07-04 19:44:37:308 [OUT] 25 A5 01 04 31 05 81 FF FD 50 01 09 B7 (13)
                              [N4:Y] TPOS 255 253 80 1 (-176127)
2025-07-04 19:44:37:329 [OUT] 25 A5 01 07 31 05 81 FF AB 19 75 F7 DF (13)
                              [N7:N] TPOS 255 171 25 117 (-5564043)
2025-07-04 19:44:37:350 [OUT] 25 A5 01 03 31 05 81 FF EB D8 01 7E 89 (13)
                              [N3:X] TPOS 255 235 216 1 (-1320959)
2025-07-04 19:44:37:372 [OUT] 25 A5 01 06 31 02 D8 3F 51 DD (10)
                              [N6:H] INTERRUPT '?'
2025-07-04 19:44:37:673 [IN ] C8 24 09 0E 25 A5 09 01 31 06 81 53 FF FF FF F5 07 A6 0A C8 24 04 0E 25 A5 04 01 31 06 81 53 FF EE 85 31 B3 89 0A (38)
                              [N9:P] TPOS 'S' 255 255 255 245 (-11)
                              [N4:Y] TPOS 'S' 255 238 133 49 (-1145551)
2025-07-04 19:44:37:975 [IN ] C8 24 07 0E 25 A5 07 01 31 06 81 53 FF FF FF FC 0C 99 0A C8 24 03 0E 25 A5 03 01 31 06 81 53 00 00 00 00 0F 7E 0A C8 24 06 0C 25 A5 06 01 31 04 D8 3A 01 01 50 82 0F (55)
                              [N7:N] TPOS 'S' 255 255 255 252 (-4)
                              [N3:X] TPOS 'S' 0 0 0 0 (0)
                              [N6:H] INTERRUPT ':' 1 1 (257)
2025-07-04 19:44:37:996 [OUT] 25 A5 01 06 31 03 C9 3D 0B 4C 0C (11)
                              [N6:H] LFLAG '=' 11 (11)
2025-07-04 19:44:38:179 [IN ] C8 24 06 0B 25 A5 06 01 31 03 C9 3A 0B 49 0B 82 (16)
                              [N6:H] LFLAG ':' 11 (11)
2025-07-04 19:44:38:200 [OUT] 25 A5 01 06 31 03 88 FF B0 72 72 (11)
                              [N6:H] RUN 255 176 (-80)
2025-07-04 19:44:38:384 [IN ] C8 24 06 0C 25 A5 06 01 31 04 88 53 FF B0 C6 38 0F (17)
                              [N6:H] RUN 'S' 255 176 (-80)
2025-07-04 19:44:41:590 [IN ] C8 24 0C 0B 25 A5 0C 01 31 03 81 5A 4C 68 DE 38 C8 24 0C 0A 25 A5 0C 01 31 02 81 49 0A 62 DE (31)
                              [N12:Z] TPOS 'Z' 76 (76)
                              [N12:Z] TPOS 'I'
2025-07-04 19:44:41:814 [OUT] 25 A5 01 0C 31 03 C9 3D 09 50 2E (11)
                              [N12:Z] LFLAG '=' 9 (9)
2025-07-04 19:44:41:998 [IN ] C8 24 0C 0B 25 A5 0C 01 31 03 C9 3A 09 4D 33 38 (16)
                              [N12:Z] LFLAG ':' 9 (9)
2025-07-04 19:44:42:020 [OUT] 25 A5 01 0C 31 05 81 FF BC D0 00 4F 33 (13)
                              [N12:Z] TPOS 255 188 208 0 (-4403200)
2025-07-04 19:44:42:203 [IN ] C8 24 0C 0E 25 A5 0C 01 31 06 81 53 FF FF FF A1 B6 70 0A (19)
                              [N12:Z] TPOS 'S' 255 255 255 161 (-95)
2025-07-04 19:44:43:807 [IN ] C8 24 06 0B 25 A5 06 01 31 03 81 5A 4C 62 B4 A1 C8 24 06 0A 25 A5 06 01 31 02 81 49 04 3E B4 (31)
                              [N6:H] TPOS 'Z' 76 (76)
                              [N6:H] TPOS 'I'
2025-07-04 19:44:44:031 [OUT] 25 A5 01 06 31 03 C9 3D 09 4A 0A (11)
                              [N6:H] LFLAG '=' 9 (9)
2025-07-04 19:44:44:193 [IN ] C8 24 06 0B 25 A5 06 01 31 03 C9 3A 09 47 09 A1 (16)
                              [N6:H] LFLAG ':' 9 (9)
2025-07-04 19:44:44:215 [OUT] 25 A5 01 06 31 03 84 00 50 0F 08 (11)
                              [N6:H] VEL 0 80 (80)
2025-07-04 19:44:44:378 [IN ] C8 24 06 0C 25 A5 06 01 31 04 84 53 00 50 63 CA B6 (17)
                              [N6:H] VEL 'S' 0 80 (80)
2025-07-04 19:44:44:400 [OUT] 25 A5 01 06 31 05 81 00 19 82 3C 95 BE (13)
                              [N6:H] TPOS 0 25 130 60 (1671740)
2025-07-04 19:44:44:603 [IN ] C8 24 06 0E 25 A5 06 01 31 06 81 53 00 00 00 00 12 9C 0A (19)
                              [N6:H] TPOS 'S' 0 0 0 0 (0)
2025-07-04 19:44:45:005 [IN ] C8 24 03 0E 25 A5 03 01 31 06 81 45 FF EB D5 FD BD 9C 0A (19)
                              [N3:X] TPOS 'E' 255 235 213 253 (-1321475)
2025-07-04 19:44:45:431 [OUT] 25 A5 01 03 31 05 81 FF FD 50 01 08 AF (13)
                              [N3:X] TPOS 255 253 80 1 (-176127)
2025-07-04 19:44:45:615 [IN ] C8 24 03 0E 25 A5 03 01 31 06 81 53 FF EB D5 FD CB E2 0A (19)
                              [N3:X] TPOS 'S' 255 235 213 253 (-1321475)
2025-07-04 19:44:46:216 [IN ] C8 24 04 0E 25 A5 04 01 31 06 81 45 FF FD 4F E8 35 BB 0A (19)
                              [N4:Y] TPOS 'E' 255 253 79 232 (-176152)
2025-07-04 19:44:46:819 [IN ] C8 24 09 0E 25 A5 09 01 31 06 81 45 FF E7 5B 78 C0 53 0A (19)
                              [N9:P] TPOS 'E' 255 231 91 120 (-1614984)
2025-07-04 19:44:47:244 [OUT] 25 A5 01 09 31 05 81 FF FF D9 C8 60 BE (13)
                              [N9:P] TPOS 255 255 217 200 (-9784)
2025-07-04 19:44:47:448 [IN ] C8 24 09 0E 25 A5 09 01 31 06 81 53 FF E7 5B 7C D2 9D 0A (19)
                              [N9:P] TPOS 'S' 255 231 91 124 (-1614980)
2025-07-04 19:44:54:456 [IN ] C8 24 06 0E 25 A5 06 01 31 06 81 45 00 19 85 10 B2 BB 0A (19)
                              [N6:H] TPOS 'E' 0 25 133 16 (1672464)
2025-07-04 19:44:54:881 [OUT] 25 A5 01 06 31 05 81 00 0D 03 C1 8F 21 (13)
                              [N6:H] TPOS 0 13 3 193 (852929)
2025-07-04 19:44:55:084 [IN ] C8 24 06 0E 25 A5 06 01 31 06 81 53 00 19 85 10 C0 01 0A (19)
                              [N6:H] TPOS 'S' 0 25 133 16 (1672464)
2025-07-04 19:44:55:886 [IN ] C8 24 03 0E 25 A5 03 01 31 06 81 45 FF FD 50 3A 87 05 0A (19)
                              [N3:X] TPOS 'E' 255 253 80 58 (-176070)
2025-07-04 19:44:57:089 [IN ] C8 24 09 0E 25 A5 09 01 31 06 81 45 FF FF DA 35 14 56 0A (19)
                              [N9:P] TPOS 'E' 255 255 218 53 (-9675)
2025-07-04 19:44:57:312 [OUT] 25 A5 01 08 31 02 D8 3F 53 E7 (10)
                              [N8:R] INTERRUPT '?'
2025-07-04 19:44:57:613 [IN ] C8 24 08 0C 25 A5 08 01 31 04 D8 3A 01 01 52 92 14 (17)
                              [N8:R] INTERRUPT ':' 1 1 (257)
2025-07-04 19:44:57:635 [OUT] 25 A5 01 08 31 03 CA 3D 0B 4F 1B (11)
                              [N8:R] RFLAG '=' 11 (11)
2025-07-04 19:44:57:798 [IN ] C8 24 08 0B 25 A5 08 01 31 03 CA 3A 0B 4C 1C 92 (16)
                              [N8:R] RFLAG ':' 11 (11)
2025-07-04 19:44:57:820 [OUT] 25 A5 01 08 31 03 88 00 50 15 20 (11)
                              [N8:R] RUN 0 80 (80)
2025-07-04 19:44:57:983 [IN ] C8 24 08 0C 25 A5 08 01 31 04 88 53 00 50 69 EA 14 (17)
                              [N8:R] RUN 'S' 0 80 (80)
2025-07-04 19:44:58:984 [IN ] C8 24 06 0E 25 A5 06 01 31 06 81 45 00 0C FF 09 18 81 0A (19)
                              [N6:H] TPOS 'E' 0 12 255 9 (851721)
2025-07-04 19:44:59:208 [OUT] 25 A5 01 05 31 02 D8 3F 50 D8 (10)
                              [N5:V] INTERRUPT '?'
2025-07-04 19:44:59:509 [IN ] C8 24 05 0C 25 A5 05 01 31 04 D8 3A 01 01 4F 7A 18 (17)
                              [N5:V] INTERRUPT ':' 1 1 (257)
2025-07-04 19:44:59:531 [OUT] 25 A5 01 05 31 03 C9 3D 0B 4B 06 (11)
                              [N5:V] LFLAG '=' 11 (11)
2025-07-04 19:44:59:714 [IN ] C8 24 05 0B 25 A5 05 01 31 03 C9 3A 0B 48 04 7A (16)
                              [N5:V] LFLAG ':' 11 (11)
2025-07-04 19:44:59:736 [OUT] 25 A5 01 05 31 03 88 FF B0 71 6C (11)
                              [N5:V] RUN 255 176 (-80)
2025-07-04 19:44:59:899 [IN ] C8 24 05 0C 25 A5 05 01 31 04 88 53 FF B0 C5 30 18 (17)
                              [N5:V] RUN 'S' 255 176 (-80)
2025-07-04 19:45:02:904 [IN ] C8 24 07 0E 25 A5 07 01 31 06 81 45 FF AB 14 99 5C 1E 0A (19)
                              [N7:N] TPOS 'E' 255 171 20 153 (-5565287)
2025-07-04 19:45:03:329 [OUT] 25 A5 01 07 31 05 81 FF F3 35 BF A5 39 (13)
                              [N7:N] TPOS 255 243 53 191 (-838209)
2025-07-04 19:45:03:511 [IN ] C8 24 07 0E 25 A5 07 01 31 06 81 53 FF AB 14 99 6A 64 0A (19)
                              [N7:N] TPOS 'S' 255 171 20 153 (-5565287)
2025-07-04 19:45:04:515 [IN ] C8 24 08 0B 25 A5 08 01 31 03 81 5A 52 6A C8 99 C8 24 08 0A 25 A5 08 01 31 02 81 49 06 4A C8 (31)
                              [N8:R] TPOS 'Z' 82 (82)
                              [N8:R] TPOS 'I'
2025-07-04 19:45:04:738 [OUT] 25 A5 01 08 31 03 CA 3D 09 4D 19 (11)
                              [N8:R] RFLAG '=' 9 (9)
2025-07-04 19:45:04:862 [IN ] C8 24 05 0B 25 A5 05 01 31 03 81 5A 4C 61 AD 99 (16)
                              [N5:V] TPOS 'Z' 76 (76)
2025-07-04 19:45:04:904 [IN ] C8 24 08 0B 25 A5 08 01 31 03 CA 3A 09 4A 1A 99 (16)
                              [N8:R] RFLAG ':' 9 (9)
2025-07-04 19:45:04:924 [OUT] 25 A5 01 08 31 05 81 FF DC 77 1D 2F DE (13)
                              [N8:R] TPOS 255 220 119 29 (-2328803)
2025-07-04 19:45:04:925 [IN ] C8 24 05 0A 25 A5 05 01 31 02 81 49 03 38 1A (15)
                              [N5:V] TPOS 'I'
2025-07-04 19:45:04:968 [OUT] 25 A5 01 05 31 03 C9 3D 09 49 04 (11)
                              [N5:V] LFLAG '=' 9 (9)
2025-07-04 19:45:05:110 [IN ] C8 24 (2)
2025-07-04 19:45:05:132 [IN ] 08 0E 25 A5 08 01 31 06 81 53 FF FF FF F4 05 9B 0A (17)
                              [N8:R] TPOS 'S' 255 255 255 244 (-12)
2025-07-04 19:45:05:214 [IN ] C8 24 05 0B 25 A5 05 01 31 03 C9 3A 09 46 02 F4 (16)
                              [N5:V] LFLAG ':' 9 (9)
2025-07-04 19:45:05:235 [OUT] 25 A5 01 05 31 03 84 00 50 0E 02 (11)
                              [N5:V] VEL 0 80 (80)
2025-07-04 19:45:05:398 [IN ] C8 24 05 0C 25 A5 05 01 31 04 84 53 00 50 62 C2 05 (17)
                              [N5:V] VEL 'S' 0 80 (80)
2025-07-04 19:45:05:419 [OUT] 25 A5 01 05 31 05 81 00 19 82 3C 94 B6 (13)
                              [N5:V] TPOS 0 25 130 60 (1671740)
2025-07-04 19:45:05:603 [IN ] C8 24 05 0E 25 A5 05 01 31 06 81 53 00 00 00 00 11 92 0A (19)
                              [N5:V] TPOS 'S' 0 0 0 0 (0)
2025-07-04 19:45:10:029 [OUT] 25 A5 01 0C 31 01 82 C1 4C (9)
                              [N12:Z] GETPOS
2025-07-04 19:45:10:049 [OUT] 25 A5 01 05 31 01 82 BA 30 (9)
                              [N5:V] GETPOS
2025-07-04 19:45:10:070 [OUT] 25 A5 01 07 31 01 82 BC 38 (9)
                              [N7:N] GETPOS
2025-07-04 19:45:10:091 [OUT] 25 A5 01 08 31 01 82 BD 3C (9)
                              [N8:R] GETPOS
2025-07-04 19:45:10:173 [IN ] C8 24 0C 0D 25 A5 0C 01 31 05 82 FF BF 0B 82 10 44 92 (18)
                              [N12:Z] GETPOS 255 191 11 130 (-4256894)
2025-07-04 19:45:10:275 [IN ] C8 24 05 0D 25 A5 05 01 31 05 82 00 0F 7E E9 34 46 92 (18)
                              [N5:V] GETPOS 0 15 126 233 (1015529)
2025-07-04 19:45:10:378 [IN ] C8 24 07 0D 25 A5 07 01 31 05 82 FF C2 63 F8 DC 46 92 (18)
                              [N7:N] GETPOS 255 194 99 248 (-4037640)
2025-07-04 19:45:10:439 [IN ] C8 24 08 0D 25 A5 08 01 31 05 82 FF F0 18 CE 96 19 92 (18)
                              [N8:R] GETPOS 255 240 24 206 (-1042226)
2025-07-04 19:45:11:440 [IN ] C8 24 0C 0E 25 A5 0C 01 31 06 81 45 FF BC D0 AA 3F 0C 0A (19)
                              [N12:Z] TPOS 'E' 255 188 208 170 (-4403030)
2025-07-04 19:45:11:865 [OUT] 25 A5 01 0C 31 05 81 FF D1 1A 67 15 6D (13)
                              [N12:Z] TPOS 255 209 26 103 (-3073433)
2025-07-04 19:45:12:049 [IN ] C8 24 0C 0E 25 A5 0C 01 31 06 81 53 FF BC D0 C0 63 68 0A (19)
                              [N12:Z] TPOS 'S' 255 188 208 192 (-4403008)
2025-07-04 19:45:13:451 [IN ] C8 24 05 0E 25 A5 05 01 31 06 81 45 00 19 86 55 F7 F8 0A (19)
                              [N5:V] TPOS 'E' 0 25 134 85 (1672789)
2025-07-04 19:45:13:876 [OUT] 25 A5 01 05 31 05 81 00 0D 03 C1 8E 19 (13)
                              [N5:V] TPOS 0 13 3 193 (852929)
2025-07-04 19:45:14:080 [IN ] C8 24 05 0E 25 A5 05 01 31 06 81 53 00 19 86 55 05 3E 0A (19)
                              [N5:V] TPOS 'S' 0 25 134 85 (1672789)
2025-07-04 19:45:17:284 [IN ] C8 24 08 0E 25 A5 08 01 31 06 81 45 FF DC 73 F9 4D D9 0A (19)
                              [N8:R] TPOS 'E' 255 220 115 249 (-2329607)
2025-07-04 19:45:17:709 [OUT] 25 A5 01 08 31 05 81 FF EE 15 56 18 89 (13)
                              [N8:R] TPOS 255 238 21 86 (-1174186)
2025-07-04 19:45:17:912 [IN ] C8 24 08 0E 25 A5 08 01 31 06 81 53 FF DC 73 FC 5E 22 0A (19)
                              [N8:R] TPOS 'S' 255 220 115 252 (-2329604)
2025-07-04 19:45:19:314 [IN ] C8 24 05 0E 25 A5 05 01 31 06 81 45 00 0D 02 03 15 7A 0A (19)
                              [N5:V] TPOS 'E' 0 13 2 3 (852483)
2025-07-04 19:45:19:538 [OUT] 25 A5 01 03 31 05 81 FF ED B1 30 88 70 (13)
                              [N3:X] TPOS 255 237 177 48 (-1199824)
2025-07-04 19:45:19:560 [OUT] 25 A5 01 04 31 05 81 FF F3 BD 0C 77 7E (13)
                              [N4:Y] TPOS 255 243 189 12 (-803572)
2025-07-04 19:45:19:723 [IN ] C8 24 03 0E 25 A5 03 01 31 06 81 53 FF FD 50 3A 95 4B 0A (19)
                              [N3:X] TPOS 'S' 255 253 80 58 (-176070)
2025-07-04 19:45:19:865 [IN ] C8 24 04 0E 25 A5 04 01 31 06 81 53 FF FD 4F E8 43 01 0A (19)
                              [N4:Y] TPOS 'S' 255 253 79 232 (-176152)
2025-07-04 19:45:20:867 [IN ] C8 24 0C 0E 25 A5 0C 01 31 06 81 45 FF D1 1A C1 B5 F6 0A (19)
                              [N12:Z] TPOS 'E' 255 209 26 193 (-3073343)
2025-07-04 19:45:23:272 [IN ] C8 24 04 0E 25 A5 04 01 31 06 81 45 FF F3 BA 22 D0 AD 0A (19)
                              [N4:Y] TPOS 'E' 255 243 186 34 (-804318)
2025-07-04 19:45:24:075 [IN ] C8 24 08 0E 25 A5 08 01 31 06 81 45 FF EE 19 3F 4B A1 0A (19)
                              [N8:R] TPOS 'E' 255 238 25 63 (-1173185)
2025-07-04 19:45:24:878 [IN ] C8 24 07 0E 25 A5 07 01 31 06 81 45 FF F3 3A 8C BD 35 0A (19)
                              [N7:N] TPOS 'E' 255 243 58 140 (-836980)
2025-07-04 19:45:25:280 [IN ] C8 24 03 0E 25 A5 03 01 31 06 81 45 FF ED AE 9A 35 F1 0A (19)
                              [N3:X] TPOS 'E' 255 237 174 154 (-1200486)
