2025-07-04 10:31:56:992 [OUT] 25 A5 01 0A 31 05 D6 3D FF 00 00 53 ED (13)
                              [N10:HMI] HMILED '=' 255 0 0 (16711680)
2025-07-04 10:31:57:015 [OUT] 25 A5 01 0C 31 05 81 FF F9 48 00 04 DA (13)
                              [N12:Z] TPOS 255 249 72 0 (-440320)
2025-07-04 10:31:57:178 [IN ] C8 24 0A 0D 25 A5 0A 01 31 05 D6 3A FF 00 00 50 EA DF (18)
                              [N10:HMI] HMILED ':' 255 0 0 (16711680)
2025-07-04 10:31:57:302 [IN ] C8 24 0C 0E 25 A5 0C 01 31 06 81 53 FF D1 1A BC BE 37 0A (19)
                              [N12:Z] TPOS 'S' 255 209 26 188 (-3073348)
2025-07-04 10:32:13:921 [IN ] C8 24 0C 0E 25 A5 0C 01 31 06 81 45 FF F9 48 47 91 50 0A (19)
                              [N12:Z] TPOS 'E' 255 249 72 71 (-440249)
2025-07-04 10:32:14:344 [OUT] 25 A5 01 0C 31 05 81 FF C4 E0 F7 5E 62 (13)
                              [N12:Z] TPOS 255 196 224 247 (-3874569)
2025-07-04 10:32:14:528 [IN ] C8 24 0C 0E 25 A5 0C 01 31 06 81 53 FF F9 48 24 7C 73 0A (19)
                              [N12:Z] TPOS 'S' 255 249 72 36 (-440284)
2025-07-04 10:32:37:153 [IN ] C8 24 0C 0E 25 A5 0C 01 31 06 81 45 FF C4 E1 7B 29 17 0A (19)
                              [N12:Z] TPOS 'E' 255 196 225 123 (-3874437)
2025-07-04 10:32:37:577 [OUT] 25 A5 01 0C 31 05 81 FF F9 48 00 04 DA (13)
                              [N12:Z] TPOS 255 249 72 0 (-440320)
2025-07-04 10:32:37:760 [IN ] C8 24 0C 0E 25 A5 0C 01 31 06 81 53 FF C4 E1 A6 62 88 0A (19)
                              [N12:Z] TPOS 'S' 255 196 225 166 (-3874394)
2025-07-04 10:32:59:583 [IN ] C8 24 0C 0E 25 A5 0C 01 31 06 81 45 FF F9 48 49 93 52 0A (19)
                              [N12:Z] TPOS 'E' 255 249 72 73 (-440247)
2025-07-04 10:33:00:007 [OUT] 25 A5 01 0C 31 05 81 FF C4 E0 F7 5E 62 (13)
                              [N12:Z] TPOS 255 196 224 247 (-3874569)
2025-07-04 10:33:00:190 [IN ] C8 24 0C 0E 25 A5 0C 01 31 06 81 53 FF F9 48 25 7D 74 0A (19)
                              [N12:Z] TPOS 'S' 255 249 72 37 (-440283)
