2025-07-04 19:40:32:916 [OUT] 25 A5 01 0A 31 05 D6 3D FF 00 00 53 ED (13)
                              [N10:HMI] HMILED '=' 255 0 0 (16711680)
2025-07-04 19:40:32:938 [OUT] 25 A5 01 03 31 02 D8 3F 4E CE (10)
                              [N3:X] INTERRUPT '?'
2025-07-04 19:40:33:239 [IN ] C8 24 0A 0D 25 A5 0A 01 31 05 D6 3A FF 00 00 50 EA 2E C8 24 03 0C 25 A5 03 01 31 04 D8 3A 01 01 4D 6A EA (35)
                              [N10:HMI] HMILED ':' 255 0 0 (16711680)
                              [N3:X] INTERRUPT ':' 1 1 (257)
2025-07-04 19:40:33:260 [OUT] 25 A5 01 09 31 03 C9 3D 09 4D 1C (11)
                              [N9:P] LFLAG '=' 9 (9)
2025-07-04 19:40:33:283 [OUT] 25 A5 01 04 31 02 D8 3F 4F D3 (10)
                              [N4:Y] INTERRUPT '?'
2025-07-04 19:40:33:583 [IN ] C8 24 09 0B 25 A5 09 01 31 03 C9 3A 09 4A 1E 6A C8 24 04 0C 25 A5 04 01 31 04 D8 3A 01 01 4E 72 EA (33)
                              [N9:P] LFLAG ':' 9 (9)
                              [N4:Y] INTERRUPT ':' 1 1 (257)
2025-07-04 19:40:33:605 [OUT] 25 A5 01 09 31 03 CA 3D 09 4E 1F (11)
                              [N9:P] RFLAG '=' 9 (9)
2025-07-04 19:40:33:627 [OUT] 25 A5 01 0C 31 02 D8 3F 57 FB (10)
                              [N12:Z] INTERRUPT '?'
2025-07-04 19:40:33:927 [IN ] C8 24 09 0B 25 A5 09 01 31 03 CA 3A 09 4B 21 72 C8 24 0C 0C 25 A5 0C 01 31 04 D8 3A 01 01 56 B2 EA (33)
                              [N9:P] RFLAG ':' 9 (9)
                              [N12:Z] INTERRUPT ':' 1 1 (257)
2025-07-04 19:40:33:949 [OUT] 25 A5 01 08 31 03 C9 3D 09 4C 16 (11)
                              [N8:R] LFLAG '=' 9 (9)
2025-07-04 19:40:33:970 [OUT] 25 A5 01 03 31 03 C9 3D 0B 49 FA (11)
                              [N3:X] LFLAG '=' 11 (11)
2025-07-04 19:40:33:991 [OUT] 25 A5 01 04 31 03 C9 3D 0B 4A 00 (11)
                              [N4:Y] LFLAG '=' 11 (11)
2025-07-04 19:40:34:013 [OUT] 25 A5 01 0C 31 03 C9 3D 0B 52 30 (11)
                              [N12:Z] LFLAG '=' 11 (11)
2025-07-04 19:40:34:115 [IN ] C8 24 08 0B 25 A5 08 01 31 03 C9 3A 09 49 17 B2 (16)
                              [N8:R] LFLAG ':' 9 (9)
2025-07-04 19:40:34:137 [OUT] 25 A5 01 08 31 03 CA 3D 09 4D 19 (11)
                              [N8:R] RFLAG '=' 9 (9)
2025-07-04 19:40:34:219 [IN ] C8 (1)
2025-07-04 19:40:34:240 [IN ] 24 03 0B 25 A5 03 01 31 03 C9 3A 0B 46 F6 B2 (15)
                              [N3:X] LFLAG ':' 11 (11)
2025-07-04 19:40:34:261 [OUT] 25 A5 01 03 31 03 88 00 50 10 02 (11)
                              [N3:X] RUN 0 80 (80)
2025-07-04 19:40:34:342 [IN ] C8 24 04 0B 25 A5 04 01 31 03 C9 3A 0B 47 FD B2 (16)
                              [N4:Y] LFLAG ':' 11 (11)
2025-07-04 19:40:34:363 [OUT] 25 A5 01 04 31 03 88 00 50 11 08 (11)
                              [N4:Y] RUN 0 80 (80)
2025-07-04 19:40:34:445 [IN ] C8 24 0C 0B 25 A5 0C 01 31 03 C9 3A 0B 4F 35 B2 (16)
                              [N12:Z] LFLAG ':' 11 (11)
2025-07-04 19:40:34:466 [OUT] 25 A5 01 0C 31 03 88 00 50 19 38 (11)
                              [N12:Z] RUN 0 80 (80)
2025-07-04 19:40:34:547 [IN ] C8 24 08 0B 25 A5 08 01 31 03 CA 3A 09 4A 1A B2 (16)
                              [N8:R] RFLAG ':' 9 (9)
2025-07-04 19:40:34:669 [IN ] C8 24 03 0C 25 A5 03 01 31 04 88 53 00 50 64 C2 EA (17)
                              [N3:X] RUN 'S' 0 80 (80)
2025-07-04 19:40:34:771 [IN ] C8 24 04 0C 25 A5 04 01 31 04 88 53 00 50 65 CA EA (17)
                              [N4:Y] RUN 'S' 0 80 (80)
2025-07-04 19:40:34:894 [IN ] C8 24 0C 0C 25 A5 0C 01 31 04 88 53 00 50 6D 0A EA (17)
                              [N12:Z] RUN 'S' 0 80 (80)
2025-07-04 19:40:41:503 [IN ] C8 24 04 0B 25 A5 04 01 31 03 81 5A 4C 60 A6 0A C8 24 04 0A 25 A5 04 01 31 02 81 49 02 32 A6 (31)
                              [N4:Y] TPOS 'Z' 76 (76)
                              [N4:Y] TPOS 'I'
2025-07-04 19:40:41:727 [OUT] 25 A5 01 09 31 02 D8 3F 54 EC (10)
                              [N9:P] INTERRUPT '?'
2025-07-04 19:40:42:028 [IN ] C8 24 09 0C 25 A5 09 01 31 04 D8 3A 01 01 53 9A EA (17)
                              [N9:P] INTERRUPT ':' 1 1 (257)
2025-07-04 19:40:42:049 [OUT] 25 A5 01 04 31 03 C9 3D 09 48 FE (11)
                              [N4:Y] LFLAG '=' 9 (9)
2025-07-04 19:40:42:071 [OUT] 25 A5 01 07 31 02 D8 3F 52 E2 (10)
                              [N7:N] INTERRUPT '?'
2025-07-04 19:40:42:372 [IN ] C8 24 04 0B 25 A5 04 01 31 03 C9 3A 09 45 FB 9A C8 24 07 0C 25 A5 07 01 31 04 D8 3A 01 01 51 8A EA (33)
                              [N4:Y] LFLAG ':' 9 (9)
                              [N7:N] INTERRUPT ':' 1 1 (257)
2025-07-04 19:40:42:394 [OUT] 25 A5 01 09 31 03 C9 3D 0B 4F 1E (11)
                              [N9:P] LFLAG '=' 11 (11)
2025-07-04 19:40:42:414 [OUT] 25 A5 01 07 31 03 C9 3D 0B 4D 12 (11)
                              [N7:N] LFLAG '=' 11 (11)
2025-07-04 19:40:42:557 [IN ] C8 24 09 0B 25 A5 09 01 31 03 C9 3A 0B 4C 20 8A (16)
                              [N9:P] LFLAG ':' 11 (11)
2025-07-04 19:40:42:579 [OUT] 25 A5 01 09 31 03 88 00 50 16 26 (11)
                              [N9:P] RUN 0 80 (80)
2025-07-04 19:40:42:681 [IN ] C8 24 07 0B 25 A5 07 01 31 03 C9 3A 0B 4A 12 8A (16)
                              [N7:N] LFLAG ':' 11 (11)
2025-07-04 19:40:42:702 [OUT] 25 A5 01 07 31 03 88 00 50 14 1A (11)
                              [N7:N] RUN 0 80 (80)
2025-07-04 19:40:42:783 [IN ] C8 24 09 0C 25 A5 09 01 31 04 88 53 00 50 6A F2 EA (17)
                              [N9:P] RUN 'S' 0 80 (80)
2025-07-04 19:40:42:866 [IN ] C8 24 09 0B 25 A5 09 01 31 03 81 5A 4C 65 C9 F2 (16)
                              [N9:P] TPOS 'Z' 76 (76)
2025-07-04 19:40:42:908 [IN ] C8 24 07 0C 25 A5 07 01 31 04 88 53 00 50 68 E2 EA C8 24 09 0A 25 A5 09 01 31 02 81 49 07 50 68 (32)
                              [N7:N] RUN 'S' 0 80 (80)
                              [N9:P] TPOS 'I'
2025-07-04 19:40:43:131 [OUT] 25 A5 01 09 31 03 C9 3D 09 4D 1C (11)
                              [N9:P] LFLAG '=' 9 (9)
2025-07-04 19:40:43:152 [OUT] 25 A5 01 04 31 05 81 FF EE 88 01 32 FA (13)
                              [N4:Y] TPOS 255 238 136 1 (-1144831)
2025-07-04 19:40:43:315 [IN ] C8 24 09 0B 25 A5 09 01 31 03 C9 3A 09 4A 1E E2 (16)
                              [N9:P] LFLAG ':' 9 (9)
2025-07-04 19:40:43:438 [IN ] C8 24 04 0E 25 A5 04 01 31 06 81 53 00 00 00 00 10 88 0A (19)
                              [N4:Y] TPOS 'S' 0 0 0 0 (0)
2025-07-04 19:40:44:842 [IN ] C8 24 03 0B 25 A5 03 01 31 03 81 5A 4C 5F 9F 00 C8 24 03 0A 25 A5 03 01 31 02 81 49 01 2C 9F (31)
                              [N3:X] TPOS 'Z' 76 (76)
                              [N3:X] TPOS 'I'
2025-07-04 19:40:45:066 [OUT] 25 A5 01 03 31 03 C9 3D 09 47 F8 (11)
                              [N3:X] LFLAG '=' 9 (9)
2025-07-04 19:40:45:229 [IN ] C8 24 03 0B 25 A5 03 01 31 03 C9 3A 09 44 F4 00 (16)
                              [N3:X] LFLAG ':' 9 (9)
2025-07-04 19:40:46:834 [IN ] C8 24 07 0B 25 A5 07 01 31 03 81 5A 4C 63 BB 00 C8 24 07 0A 25 A5 07 01 31 02 81 49 05 44 BB (31)
                              [N7:N] TPOS 'Z' 76 (76)
                              [N7:N] TPOS 'I'
2025-07-04 19:40:47:058 [OUT] 25 A5 01 07 31 03 C9 3D 09 4B 10 (11)
                              [N7:N] LFLAG '=' 9 (9)
2025-07-04 19:40:47:220 [IN ] C8 24 07 0B 25 A5 07 01 31 03 C9 3A 09 48 10 00 (16)
                              [N7:N] LFLAG ':' 9 (9)
2025-07-04 19:40:49:425 [IN ] C8 24 04 0E 25 A5 04 01 31 06 81 45 FF EE 85 41 B5 53 0A (19)
                              [N4:Y] TPOS 'E' 255 238 133 65 (-1145535)
2025-07-04 19:40:49:649 [OUT] 25 A5 01 09 31 05 81 FF E7 5D 56 5A 0C (13)
                              [N9:P] TPOS 255 231 93 86 (-1614506)
2025-07-04 19:40:49:671 [OUT] 25 A5 01 04 31 05 81 FF FD 50 01 09 B7 (13)
                              [N4:Y] TPOS 255 253 80 1 (-176127)
2025-07-04 19:40:49:692 [OUT] 25 A5 01 07 31 05 81 FF AB 19 75 F7 DF (13)
                              [N7:N] TPOS 255 171 25 117 (-5564043)
2025-07-04 19:40:49:714 [OUT] 25 A5 01 03 31 05 81 FF EB D8 01 7E 89 (13)
                              [N3:X] TPOS 255 235 216 1 (-1320959)
2025-07-04 19:40:49:735 [OUT] 25 A5 01 06 31 02 D8 3F 51 DD (10)
                              [N6:H] INTERRUPT '?'
2025-07-04 19:40:50:036 [IN ] C8 24 09 0E 25 A5 09 01 31 06 81 53 FF FF FF F4 06 A5 0A C8 24 04 0E 25 A5 04 01 31 06 81 53 FF EE 85 41 C3 99 0A (38)
                              [N9:P] TPOS 'S' 255 255 255 244 (-12)
                              [N4:Y] TPOS 'S' 255 238 133 65 (-1145535)
2025-07-04 19:40:50:338 [IN ] C8 24 07 0E 25 A5 07 01 31 06 81 53 FF FF FF FB 0B 98 0A C8 24 03 0E 25 A5 03 01 31 06 81 53 00 00 00 00 0F 7E 0A C8 24 06 0C 25 A5 06 01 31 04 D8 3A 01 01 50 82 0F (55)
                              [N7:N] TPOS 'S' 255 255 255 251 (-5)
                              [N3:X] TPOS 'S' 0 0 0 0 (0)
                              [N6:H] INTERRUPT ':' 1 1 (257)
2025-07-04 19:40:50:360 [OUT] 25 A5 01 06 31 03 C9 3D 0B 4C 0C (11)
                              [N6:H] LFLAG '=' 11 (11)
2025-07-04 19:40:50:524 [IN ] C8 24 06 0B 25 A5 06 01 31 03 C9 3A 0B 49 0B 82 (16)
                              [N6:H] LFLAG ':' 11 (11)
2025-07-04 19:40:50:545 [OUT] 25 A5 01 06 31 03 88 FF B0 72 72 (11)
                              [N6:H] RUN 255 176 (-80)
2025-07-04 19:40:50:708 [IN ] C8 24 06 0C 25 A5 06 01 31 04 88 53 FF B0 C6 38 0F (17)
                              [N6:H] RUN 'S' 255 176 (-80)
2025-07-04 19:40:54:315 [IN ] C8 24 0C 0B 25 A5 0C 01 31 03 81 5A 4C 68 DE 38 C8 24 0C 0A 25 A5 0C 01 31 02 81 49 0A 62 DE (31)
                              [N12:Z] TPOS 'Z' 76 (76)
                              [N12:Z] TPOS 'I'
2025-07-04 19:40:54:538 [OUT] 25 A5 01 0C 31 03 C9 3D 09 50 2E (11)
                              [N12:Z] LFLAG '=' 9 (9)
2025-07-04 19:40:54:701 [IN ] C8 24 0C 0B 25 A5 0C 01 31 03 C9 3A 09 4D 33 38 (16)
                              [N12:Z] LFLAG ':' 9 (9)
2025-07-04 19:40:54:723 [OUT] 25 A5 01 0C 31 05 81 FF BC D0 00 4F 33 (13)
                              [N12:Z] TPOS 255 188 208 0 (-4403200)
2025-07-04 19:40:54:906 [IN ] C8 24 0C 0E 25 A5 0C 01 31 06 81 53 FF FF FF 7B 90 4A 0A (19)
                              [N12:Z] TPOS 'S' 255 255 255 123 (-133)
2025-07-04 19:40:56:110 [IN ] C8 24 06 0B 25 A5 06 01 31 03 81 5A 4C 62 B4 7B C8 24 06 0A 25 A5 06 01 31 02 81 49 04 3E B4 (31)
                              [N6:H] TPOS 'Z' 76 (76)
                              [N6:H] TPOS 'I'
2025-07-04 19:40:56:334 [OUT] 25 A5 01 06 31 03 C9 3D 09 4A 0A (11)
                              [N6:H] LFLAG '=' 9 (9)
2025-07-04 19:40:56:497 [IN ] C8 24 06 0B 25 A5 06 01 31 03 C9 3A 09 47 09 7B (16)
                              [N6:H] LFLAG ':' 9 (9)
2025-07-04 19:40:56:519 [OUT] 25 A5 01 06 31 03 84 00 50 0F 08 (11)
                              [N6:H] VEL 0 80 (80)
2025-07-04 19:40:56:682 [IN ] C8 24 06 0C 25 A5 06 01 31 04 84 53 00 50 63 CA 90 (17)
                              [N6:H] VEL 'S' 0 80 (80)
2025-07-04 19:40:56:704 [OUT] 25 A5 01 06 31 05 81 00 19 82 3C 95 BE (13)
                              [N6:H] TPOS 0 25 130 60 (1671740)
2025-07-04 19:40:56:886 [IN ] C8 24 06 0E 25 A5 06 01 31 06 81 53 00 00 00 00 12 9C 0A (19)
                              [N6:H] TPOS 'S' 0 0 0 0 (0)
2025-07-04 19:40:57:488 [IN ] C8 24 03 0E 25 A5 03 01 31 06 81 45 FF EB D6 23 E4 C4 0A (19)
                              [N3:X] TPOS 'E' 255 235 214 35 (-1321437)
2025-07-04 19:40:57:913 [OUT] 25 A5 01 03 31 05 81 FF FD 50 01 08 AF (13)
                              [N3:X] TPOS 255 253 80 1 (-176127)
2025-07-04 19:40:58:095 [IN ] C8 24 03 0E 25 A5 03 01 31 06 81 53 FF EB D6 23 F2 0A 0A (19)
                              [N3:X] TPOS 'S' 255 235 214 35 (-1321437)
2025-07-04 19:40:58:697 [IN ] C8 24 04 0E 25 A5 04 01 31 06 81 45 FF FD 4F F2 3F C5 0A (19)
                              [N4:Y] TPOS 'E' 255 253 79 242 (-176142)
2025-07-04 19:40:59:300 [IN ] C8 24 09 0E 25 A5 09 01 31 06 81 45 FF E7 5B 6C B4 47 0A (19)
                              [N9:P] TPOS 'E' 255 231 91 108 (-1614996)
2025-07-04 19:40:59:725 [OUT] 25 A5 01 09 31 05 81 FF FF D9 C8 60 BE (13)
                              [N9:P] TPOS 255 255 217 200 (-9784)
2025-07-04 19:40:59:908 [IN ] C8 24 09 0E 25 A5 09 01 31 06 81 53 FF E7 5B 74 CA 95 0A (19)
                              [N9:P] TPOS 'S' 255 231 91 116 (-1614988)
2025-07-04 19:41:06:716 [IN ] C8 24 06 0E 25 A5 06 01 31 06 81 45 00 19 85 0E B0 B9 0A (19)
                              [N6:H] TPOS 'E' 0 25 133 14 (1672462)
2025-07-04 19:41:07:141 [OUT] 25 A5 01 06 31 05 81 00 0D 03 C1 8F 21 (13)
                              [N6:H] TPOS 0 13 3 193 (852929)
2025-07-04 19:41:07:324 [IN ] C8 24 06 0E 25 A5 06 01 31 06 81 53 00 19 85 0E BE FF 0A (19)
                              [N6:H] TPOS 'S' 0 25 133 14 (1672462)
2025-07-04 19:41:08:526 [IN ] C8 24 03 0E 25 A5 03 01 31 06 81 45 FF FD 50 3B 88 06 0A (19)
                              [N3:X] TPOS 'E' 255 253 80 59 (-176069)
2025-07-04 19:41:09:530 [IN ] C8 24 09 0E 25 A5 09 01 31 06 81 45 FF FF DA 21 00 42 0A (19)
                              [N9:P] TPOS 'E' 255 255 218 33 (-9695)
2025-07-04 19:41:09:753 [OUT] 25 A5 01 08 31 02 D8 3F 53 E7 (10)
                              [N8:R] INTERRUPT '?'
2025-07-04 19:41:10:054 [IN ] C8 24 08 0C 25 A5 08 01 31 04 D8 3A 01 01 52 92 00 (17)
                              [N8:R] INTERRUPT ':' 1 1 (257)
2025-07-04 19:41:10:075 [OUT] 25 A5 01 08 31 03 CA 3D 0B 4F 1B (11)
                              [N8:R] RFLAG '=' 11 (11)
2025-07-04 19:41:10:238 [IN ] C8 24 08 0B 25 A5 08 01 31 03 CA 3A 0B 4C 1C 92 (16)
                              [N8:R] RFLAG ':' 11 (11)
2025-07-04 19:41:10:259 [OUT] 25 A5 01 08 31 03 88 00 50 15 20 (11)
                              [N8:R] RUN 0 80 (80)
2025-07-04 19:41:10:422 [IN ] C8 24 08 0C 25 A5 08 01 31 04 88 53 00 50 69 EA 00 (17)
                              [N8:R] RUN 'S' 0 80 (80)
2025-07-04 19:41:11:224 [IN ] C8 24 06 0E 25 A5 06 01 31 06 81 45 00 0C FF 0C 1B 84 0A (19)
                              [N6:H] TPOS 'E' 0 12 255 12 (851724)
2025-07-04 19:41:11:447 [OUT] 25 A5 01 05 31 02 D8 3F 50 D8 (10)
                              [N5:V] INTERRUPT '?'
2025-07-04 19:41:11:748 [IN ] C8 24 05 0C 25 A5 05 01 31 04 D8 3A 01 01 4F 7A 1B (17)
                              [N5:V] INTERRUPT ':' 1 1 (257)
2025-07-04 19:41:11:770 [OUT] 25 A5 01 05 31 03 C9 3D 0B 4B 06 (11)
                              [N5:V] LFLAG '=' 11 (11)
2025-07-04 19:41:11:932 [IN ] C8 24 05 0B 25 A5 05 01 31 03 C9 3A 0B 48 04 7A (16)
                              [N5:V] LFLAG ':' 11 (11)
2025-07-04 19:41:11:953 [OUT] 25 A5 01 05 31 03 88 FF B0 71 6C (11)
                              [N5:V] RUN 255 176 (-80)
2025-07-04 19:41:12:115 [IN ] C8 24 05 0C 25 A5 05 01 31 04 88 53 FF B0 C5 30 1B (17)
                              [N5:V] RUN 'S' 255 176 (-80)
2025-07-04 19:41:15:320 [IN ] C8 24 07 0E 25 A5 07 01 31 06 81 45 FF AB 14 9B 5E 20 0A (19)
                              [N7:N] TPOS 'E' 255 171 20 155 (-5565285)
2025-07-04 19:41:15:744 [OUT] 25 A5 01 07 31 05 81 FF F3 35 BF A5 39 (13)
                              [N7:N] TPOS 255 243 53 191 (-838209)
2025-07-04 19:41:15:948 [IN ] C8 24 07 0E 25 A5 07 01 31 06 81 53 FF AB 14 9B 6C 66 0A (19)
                              [N7:N] TPOS 'S' 255 171 20 155 (-5565285)
2025-07-04 19:41:16:752 [IN ] C8 24 08 0B 25 A5 08 01 31 03 81 5A 52 6A C8 9B C8 24 08 0A 25 A5 08 01 31 02 81 49 06 4A C8 (31)
                              [N8:R] TPOS 'Z' 82 (82)
                              [N8:R] TPOS 'I'
2025-07-04 19:41:16:975 [OUT] 25 A5 01 08 31 03 CA 3D 09 4D 19 (11)
                              [N8:R] RFLAG '=' 9 (9)
2025-07-04 19:41:17:118 [IN ] C8 24 05 0B 25 A5 05 01 31 03 81 5A 4C 61 AD 9B (16)
                              [N5:V] TPOS 'Z' 76 (76)
2025-07-04 19:41:17:140 [IN ] C8 24 08 0B 25 A5 08 01 31 03 CA 3A 09 4A 1A 9B C8 24 05 0A 25 A5 05 01 31 02 81 49 03 38 1A (31)
                              [N8:R] RFLAG ':' 9 (9)
                              [N5:V] TPOS 'I'
2025-07-04 19:41:17:161 [OUT] 25 A5 01 08 31 05 81 FF DC 77 1D 2F DE (13)
                              [N8:R] TPOS 255 220 119 29 (-2328803)
2025-07-04 19:41:17:182 [OUT] 25 A5 01 05 31 03 C9 3D 09 49 04 (11)
                              [N5:V] LFLAG '=' 9 (9)
2025-07-04 19:41:17:346 [IN ] C8 24 08 0E 25 A5 08 01 31 06 81 53 FF FF FF E6 F7 8D 0A (19)
                              [N8:R] TPOS 'S' 255 255 255 230 (-26)
2025-07-04 19:41:17:468 [IN ] C8 24 05 0B 25 A5 05 01 31 03 C9 3A 09 46 02 E6 (16)
                              [N5:V] LFLAG ':' 9 (9)
2025-07-04 19:41:17:489 [OUT] 25 A5 01 05 31 03 84 00 50 0E 02 (11)
                              [N5:V] VEL 0 80 (80)
2025-07-04 19:41:17:653 [IN ] C8 24 05 0C 25 A5 05 01 31 04 84 53 00 50 62 C2 F7 (17)
                              [N5:V] VEL 'S' 0 80 (80)
2025-07-04 19:41:17:674 [OUT] 25 A5 01 05 31 05 81 00 19 82 3C 94 B6 (13)
                              [N5:V] TPOS 0 25 130 60 (1671740)
2025-07-04 19:41:17:857 [IN ] C8 24 05 0E 25 A5 05 01 31 06 81 53 00 00 00 00 11 92 0A (19)
                              [N5:V] TPOS 'S' 0 0 0 0 (0)
2025-07-04 19:41:22:683 [OUT] 25 A5 01 0C 31 01 82 C1 4C (9)
                              [N12:Z] GETPOS
2025-07-04 19:41:22:704 [OUT] 25 A5 01 05 31 01 82 BA 30 (9)
                              [N5:V] GETPOS
2025-07-04 19:41:22:725 [OUT] 25 A5 01 07 31 01 82 BC 38 (9)
                              [N7:N] GETPOS
2025-07-04 19:41:22:747 [OUT] 25 A5 01 08 31 01 82 BD 3C (9)
                              [N8:R] GETPOS
2025-07-04 19:41:22:848 [IN ] C8 24 0C 0D 25 A5 0C 01 31 05 82 FF BF 19 FA 96 D8 92 (18)
                              [N12:Z] GETPOS 255 191 25 250 (-4253190)
2025-07-04 19:41:22:931 [IN ] C8 24 05 0D 25 A5 05 01 31 05 82 00 10 CC 07 A1 03 92 (18)
                              [N5:V] GETPOS 0 16 204 7 (1100807)
2025-07-04 19:41:23:012 [IN ] C8 24 07 0D 25 A5 07 01 31 05 82 FF C3 32 DF 93 CE 92 (18)
                              [N7:N] GETPOS 255 195 50 223 (-3984673)
2025-07-04 19:41:23:094 [IN ] C8 24 08 0D 25 A5 08 01 31 05 (10)
2025-07-04 19:41:23:115 [IN ] 82 FF EE 98 9C E2 E1 92 (8)
                              [N8:R] GETPOS 255 238 152 156 (-1140580)
2025-07-04 19:41:24:116 [IN ] C8 24 0C 0E 25 A5 0C 01 31 06 81 45 FF BC D1 11 A7 75 0A (19)
                              [N12:Z] TPOS 'E' 255 188 209 17 (-4402927)
2025-07-04 19:41:24:541 [OUT] 25 A5 01 0C 31 05 81 FF D1 1A 67 15 6D (13)
                              [N12:Z] TPOS 255 209 26 103 (-3073433)
2025-07-04 19:41:24:724 [IN ] C8 24 0C 0E 25 A5 0C 01 31 06 81 53 FF BC D1 43 E7 ED 0A (19)
                              [N12:Z] TPOS 'S' 255 188 209 67 (-4402877)
2025-07-04 19:41:25:726 [IN ] C8 24 05 0E 25 A5 05 01 31 06 81 45 00 19 86 4A EC ED 0A (19)
                              [N5:V] TPOS 'E' 0 25 134 74 (1672778)
2025-07-04 19:41:26:151 [OUT] 25 A5 01 05 31 05 81 00 0D 03 C1 8E 19 (13)
                              [N5:V] TPOS 0 13 3 193 (852929)
2025-07-04 19:41:26:354 [IN ] C8 24 05 0E 25 A5 05 01 31 06 81 53 00 19 86 4A FA 33 0A (19)
                              [N5:V] TPOS 'S' 0 25 134 74 (1672778)
2025-07-04 19:41:29:358 [IN ] C8 24 08 0E 25 A5 08 01 31 06 81 45 FF DC 73 8D E1 6D 0A (19)
                              [N8:R] TPOS 'E' 255 220 115 141 (-2329715)
2025-07-04 19:41:29:783 [OUT] 25 A5 01 08 31 05 81 FF EE 15 56 18 89 (13)
                              [N8:R] TPOS 255 238 21 86 (-1174186)
2025-07-04 19:41:29:966 [IN ] C8 24 08 0E 25 A5 08 01 31 06 81 53 FF DC 73 8F F1 B5 0A (19)
                              [N8:R] TPOS 'S' 255 220 115 143 (-2329713)
2025-07-04 19:41:31:569 [IN ] C8 24 05 0E 25 A5 05 01 31 06 81 45 00 0D 02 11 23 88 0A (19)
                              [N5:V] TPOS 'E' 0 13 2 17 (852497)
2025-07-04 19:41:31:792 [OUT] 25 A5 01 03 31 05 81 FF ED B1 30 88 70 (13)
                              [N3:X] TPOS 255 237 177 48 (-1199824)
2025-07-04 19:41:31:814 [OUT] 25 A5 01 04 31 05 81 FF F3 BD 0C 77 7E (13)
                              [N4:Y] TPOS 255 243 189 12 (-803572)
2025-07-04 19:41:31:976 [IN ] C8 24 03 0E 25 A5 03 01 31 06 81 53 FF FD 50 3B 96 4C 0A (19)
                              [N3:X] TPOS 'S' 255 253 80 59 (-176069)
2025-07-04 19:41:32:119 [IN ] C8 24 04 0E 25 A5 04 01 31 06 81 53 FF FD 4F F2 4D 0B 0A (19)
                              [N4:Y] TPOS 'S' 255 253 79 242 (-176142)
2025-07-04 19:41:33:522 [IN ] C8 24 0C 0E 25 A5 0C 01 31 06 81 45 FF D1 1A F8 EC 2D 0A (19)
                              [N12:Z] TPOS 'E' 255 209 26 248 (-3073288)
2025-07-04 19:41:35:526 [IN ] C8 24 04 0E 25 A5 04 01 31 06 81 45 FF F3 BA 26 D4 B1 0A (19)
                              [N4:Y] TPOS 'E' 255 243 186 38 (-804314)
2025-07-04 19:41:36:129 [IN ] C8 24 08 0E 25 A5 08 01 31 06 81 45 FF EE 18 DD E8 3D 0A (19)
                              [N8:R] TPOS 'E' 255 238 24 221 (-1173283)
2025-07-04 19:41:37:333 [IN ] C8 24 07 0E 25 A5 07 01 31 06 81 45 FF F3 3A 91 C2 3A 0A (19)
                              [N7:N] TPOS 'E' 255 243 58 145 (-836975)
2025-07-04 19:41:37:535 [IN ] C8 24 03 0E 25 A5 03 01 31 06 81 45 FF ED AE D6 71 2D 0A (19)
                              [N3:X] TPOS 'E' 255 237 174 214 (-1200426)
