2025-07-04 19:05:08:897 [OUT] 25 A5 01 0A 31 05 D6 3D FF 00 00 53 ED (13)
                              [N10:HMI] HMILED '=' 255 0 0 (16711680)
2025-07-04 19:05:08:920 [OUT] 25 A5 01 03 31 02 D8 3F 4E CE (10)
                              [N3:X] INTERRUPT '?'
2025-07-04 19:05:09:221 [IN ] C8 24 0A 0D 25 A5 0A 01 31 05 D6 3A FF 00 00 50 EA 32 C8 24 03 0C 25 A5 03 01 31 04 D8 3A 01 01 4D 6A EA (35)
                              [N10:HMI] HMILED ':' 255 0 0 (16711680)
                              [N3:X] INTERRUPT ':' 1 1 (257)
2025-07-04 19:05:09:243 [OUT] 25 A5 01 09 31 03 C9 3D 09 4D 1C (11)
                              [N9:P] LFLAG '=' 9 (9)
2025-07-04 19:05:09:265 [OUT] 25 A5 01 04 31 02 D8 3F 4F D3 (10)
                              [N4:Y] INTERRUPT '?'
2025-07-04 19:05:09:566 [IN ] C8 24 09 0B 25 A5 09 01 31 03 C9 3A 09 4A 1E 6A C8 24 04 0C 25 A5 04 01 31 04 D8 3A 01 01 4E 72 EA (33)
                              [N9:P] LFLAG ':' 9 (9)
                              [N4:Y] INTERRUPT ':' 1 1 (257)
2025-07-04 19:05:09:588 [OUT] 25 A5 01 09 31 03 CA 3D 09 4E 1F (11)
                              [N9:P] RFLAG '=' 9 (9)
2025-07-04 19:05:09:609 [OUT] 25 A5 01 0C 31 02 D8 3F 57 FB (10)
                              [N12:Z] INTERRUPT '?'
2025-07-04 19:05:09:910 [IN ] C8 24 09 0B 25 A5 09 01 31 03 CA 3A 09 4B 21 72 C8 24 0C 0C 25 A5 0C 01 31 04 D8 3A 01 01 56 B2 EA (33)
                              [N9:P] RFLAG ':' 9 (9)
                              [N12:Z] INTERRUPT ':' 1 1 (257)
2025-07-04 19:05:09:932 [OUT] 25 A5 01 08 31 03 C9 3D 09 4C 16 (11)
                              [N8:R] LFLAG '=' 9 (9)
2025-07-04 19:05:09:953 [OUT] 25 A5 01 03 31 03 C9 3D 0B 49 FA (11)
                              [N3:X] LFLAG '=' 11 (11)
2025-07-04 19:05:09:974 [OUT] 25 A5 01 04 31 03 C9 3D 0B 4A 00 (11)
                              [N4:Y] LFLAG '=' 11 (11)
2025-07-04 19:05:09:995 [OUT] 25 A5 01 0C 31 03 C9 3D 0B 52 30 (11)
                              [N12:Z] LFLAG '=' 11 (11)
2025-07-04 19:05:10:097 [IN ] C8 24 08 0B 25 A5 08 01 31 03 C9 3A 09 49 17 B2 (16)
                              [N8:R] LFLAG ':' 9 (9)
2025-07-04 19:05:10:118 [OUT] 25 A5 01 08 31 03 CA 3D 09 4D 19 (11)
                              [N8:R] RFLAG '=' 9 (9)
2025-07-04 19:05:10:221 [IN ] C8 24 03 0B 25 A5 03 01 31 03 C9 3A 0B 46 F6 B2 (16)
                              [N3:X] LFLAG ':' 11 (11)
2025-07-04 19:05:10:242 [OUT] 25 A5 01 03 31 03 88 00 50 10 02 (11)
                              [N3:X] RUN 0 80 (80)
2025-07-04 19:05:10:323 [IN ] C8 24 04 0B 25 A5 04 01 31 03 C9 3A 0B 47 FD B2 (16)
                              [N4:Y] LFLAG ':' 11 (11)
2025-07-04 19:05:10:344 [OUT] 25 A5 01 04 31 03 88 00 50 11 08 (11)
                              [N4:Y] RUN 0 80 (80)
2025-07-04 19:05:10:426 [IN ] C8 24 0C 0B 25 A5 0C 01 31 03 C9 3A 0B 4F 35 B2 (16)
                              [N12:Z] LFLAG ':' 11 (11)
2025-07-04 19:05:10:447 [OUT] 25 A5 01 0C 31 03 88 00 50 19 38 (11)
                              [N12:Z] RUN 0 80 (80)
2025-07-04 19:05:10:529 [IN ] C8 24 08 0B 25 A5 08 01 31 03 CA 3A 09 4A 1A B2 (16)
                              [N8:R] RFLAG ':' 9 (9)
2025-07-04 19:05:10:651 [IN ] C8 24 03 0C 25 A5 03 01 31 04 88 53 00 50 64 C2 EA (17)
                              [N3:X] RUN 'S' 0 80 (80)
2025-07-04 19:05:10:754 [IN ] C8 24 04 0C 25 A5 04 01 31 04 88 53 00 50 65 CA EA (17)
                              [N4:Y] RUN 'S' 0 80 (80)
2025-07-04 19:05:10:877 [IN ] C8 24 0C 0C 25 A5 0C 01 31 04 88 53 00 50 6D 0A EA (17)
                              [N12:Z] RUN 'S' 0 80 (80)
2025-07-04 19:05:17:486 [IN ] C8 24 04 0B 25 A5 04 01 31 03 81 5A 4C 60 A6 0A C8 24 04 0A 25 A5 04 01 31 02 81 49 02 32 A6 (31)
                              [N4:Y] TPOS 'Z' 76 (76)
                              [N4:Y] TPOS 'I'
2025-07-04 19:05:17:710 [OUT] 25 A5 01 09 31 02 D8 3F 54 EC (10)
                              [N9:P] INTERRUPT '?'
2025-07-04 19:05:18:011 [IN ] C8 24 09 0C 25 A5 09 01 31 04 D8 3A 01 01 53 9A EA (17)
                              [N9:P] INTERRUPT ':' 1 1 (257)
2025-07-04 19:05:18:032 [OUT] 25 A5 01 04 31 03 C9 3D 09 48 FE (11)
                              [N4:Y] LFLAG '=' 9 (9)
2025-07-04 19:05:18:054 [OUT] 25 A5 01 07 31 02 D8 3F 52 E2 (10)
                              [N7:N] INTERRUPT '?'
2025-07-04 19:05:18:355 [IN ] C8 24 04 0B 25 A5 04 01 31 03 C9 3A 09 45 FB 9A C8 24 07 0C 25 A5 07 01 31 04 D8 3A 01 01 51 8A EA (33)
                              [N4:Y] LFLAG ':' 9 (9)
                              [N7:N] INTERRUPT ':' 1 1 (257)
2025-07-04 19:05:18:376 [OUT] 25 A5 01 09 31 03 C9 3D 0B 4F 1E (11)
                              [N9:P] LFLAG '=' 11 (11)
2025-07-04 19:05:18:397 [OUT] 25 A5 01 07 31 03 C9 3D 0B 4D 12 (11)
                              [N7:N] LFLAG '=' 11 (11)
2025-07-04 19:05:18:540 [IN ] C8 24 09 0B 25 A5 09 01 31 03 C9 3A 0B 4C 20 8A (16)
                              [N9:P] LFLAG ':' 11 (11)
2025-07-04 19:05:18:561 [OUT] 25 A5 01 09 31 03 88 00 50 16 26 (11)
                              [N9:P] RUN 0 80 (80)
2025-07-04 19:05:18:643 [IN ] C8 24 07 0B 25 A5 07 01 31 03 C9 3A 0B 4A 12 8A (16)
                              [N7:N] LFLAG ':' 11 (11)
2025-07-04 19:05:18:665 [OUT] 25 A5 01 07 31 03 88 00 50 14 1A (11)
                              [N7:N] RUN 0 80 (80)
2025-07-04 19:05:18:767 [IN ] C8 24 09 0C 25 A5 09 01 31 04 88 53 00 50 6A F2 EA (17)
                              [N9:P] RUN 'S' 0 80 (80)
2025-07-04 19:05:18:850 [IN ] C8 24 09 0B 25 A5 09 01 31 03 81 5A 4C 65 C9 F2 (16)
                              [N9:P] TPOS 'Z' 76 (76)
2025-07-04 19:05:18:870 [IN ] C8 24 07 0C 25 A5 07 01 31 04 88 53 00 50 68 E2 EA C8 24 09 0A 25 A5 09 01 31 02 81 49 07 50 68 (32)
                              [N7:N] RUN 'S' 0 80 (80)
                              [N9:P] TPOS 'I'
2025-07-04 19:05:19:094 [OUT] 25 A5 01 09 31 03 C9 3D 09 4D 1C (11)
                              [N9:P] LFLAG '=' 9 (9)
2025-07-04 19:05:19:115 [OUT] 25 A5 01 04 31 05 81 FF EE 88 01 32 FA (13)
                              [N4:Y] TPOS 255 238 136 1 (-1144831)
2025-07-04 19:05:19:258 [IN ] C8 24 09 0B 25 A5 09 01 31 03 C9 3A 09 4A 1E E2 (16)
                              [N9:P] LFLAG ':' 9 (9)
2025-07-04 19:05:19:380 [IN ] C8 24 04 0E 25 A5 04 01 31 06 81 53 00 00 00 00 10 88 0A (19)
                              [N4:Y] TPOS 'S' 0 0 0 0 (0)
2025-07-04 19:05:21:385 [IN ] C8 24 03 0B 25 A5 03 01 31 03 81 5A 4C 5F 9F 00 C8 24 03 0A 25 A5 03 01 31 02 81 49 01 2C 9F (31)
                              [N3:X] TPOS 'Z' 76 (76)
                              [N3:X] TPOS 'I'
2025-07-04 19:05:21:608 [OUT] 25 A5 01 03 31 03 C9 3D 09 47 F8 (11)
                              [N3:X] LFLAG '=' 9 (9)
2025-07-04 19:05:21:770 [IN ] C8 24 03 0B 25 A5 03 01 31 03 C9 3A 09 44 F4 00 (16)
                              [N3:X] LFLAG ':' 9 (9)
2025-07-04 19:05:22:774 [IN ] C8 24 07 0B 25 A5 07 01 31 03 81 5A 4C 63 BB 00 C8 24 07 0A 25 A5 07 01 31 02 81 49 05 44 BB (31)
                              [N7:N] TPOS 'Z' 76 (76)
                              [N7:N] TPOS 'I'
2025-07-04 19:05:22:998 [OUT] 25 A5 01 07 31 03 C9 3D 09 4B 10 (11)
                              [N7:N] LFLAG '=' 9 (9)
2025-07-04 19:05:23:181 [IN ] C8 24 07 0B 25 A5 07 01 31 03 C9 3A 09 48 10 00 (16)
                              [N7:N] LFLAG ':' 9 (9)
2025-07-04 19:05:25:384 [IN ] C8 24 04 0E 25 A5 04 01 31 06 81 45 FF EE 85 55 C9 67 0A (19)
                              [N4:Y] TPOS 'E' 255 238 133 85 (-1145515)
2025-07-04 19:05:25:608 [OUT] 25 A5 01 09 31 05 81 FF E7 5D 56 5A 0C (13)
                              [N9:P] TPOS 255 231 93 86 (-1614506)
2025-07-04 19:05:25:630 [OUT] 25 A5 01 04 31 05 81 FF FD 50 01 09 B7 (13)
                              [N4:Y] TPOS 255 253 80 1 (-176127)
2025-07-04 19:05:25:651 [OUT] 25 A5 01 07 31 05 81 FF AB 19 75 F7 DF (13)
                              [N7:N] TPOS 255 171 25 117 (-5564043)
2025-07-04 19:05:25:672 [OUT] 25 A5 01 03 31 05 81 FF EB D8 01 7E 89 (13)
                              [N3:X] TPOS 255 235 216 1 (-1320959)
2025-07-04 19:05:25:694 [OUT] 25 A5 01 06 31 02 D8 3F 51 DD (10)
                              [N6:H] INTERRUPT '?'
2025-07-04 19:05:25:995 [IN ] C8 24 09 0E 25 A5 09 01 31 06 81 53 FF FF FF F2 04 A3 0A C8 24 04 0E 25 A5 04 01 31 06 81 53 FF EE 85 55 D7 AD 0A (38)
                              [N9:P] TPOS 'S' 255 255 255 242 (-14)
                              [N4:Y] TPOS 'S' 255 238 133 85 (-1145515)
2025-07-04 19:05:26:297 [IN ] C8 24 07 0E 25 A5 07 01 31 06 81 53 FF FF FF FA 0A 97 0A C8 24 03 0E 25 A5 03 01 31 06 81 53 FF FF FF FF 0B 74 0A C8 24 06 0C 25 A5 06 01 31 04 D8 3A 01 01 50 82 0B (55)
                              [N7:N] TPOS 'S' 255 255 255 250 (-6)
                              [N3:X] TPOS 'S' 255 255 255 255 (-1)
                              [N6:H] INTERRUPT ':' 1 1 (257)
2025-07-04 19:05:26:319 [OUT] 25 A5 01 06 31 03 C9 3D 0B 4C 0C (11)
                              [N6:H] LFLAG '=' 11 (11)
2025-07-04 19:05:26:461 [IN ] C8 24 06 0B 25 A5 06 01 31 03 C9 3A 0B 49 0B 82 (16)
                              [N6:H] LFLAG ':' 11 (11)
2025-07-04 19:05:26:483 [OUT] 25 A5 01 06 31 03 88 FF B0 72 72 (11)
                              [N6:H] RUN 255 176 (-80)
2025-07-04 19:05:26:646 [IN ] C8 24 06 0C 25 A5 06 01 31 04 88 53 FF B0 C6 38 0B (17)
                              [N6:H] RUN 'S' 255 176 (-80)
2025-07-04 19:05:30:251 [IN ] C8 24 0C 0B 25 A5 0C 01 31 03 81 5A 4C 68 DE 38 (16)
                              [N12:Z] TPOS 'Z' 76 (76)
2025-07-04 19:05:30:454 [IN ] C8 24 0C 0A 25 A5 0C 01 31 02 81 49 0A 62 DE (15)
                              [N12:Z] TPOS 'I'
2025-07-04 19:05:30:678 [OUT] 25 A5 01 0C 31 03 C9 3D 09 50 2E (11)
                              [N12:Z] LFLAG '=' 9 (9)
2025-07-04 19:05:30:841 [IN ] C8 24 0C 0B 25 A5 0C 01 (8)
2025-07-04 19:05:30:862 [IN ] 31 03 C9 3A 09 4D 33 38 (8)
                              [N12:Z] LFLAG ':' 9 (9)
2025-07-04 19:05:30:883 [OUT] 25 A5 01 0C 31 05 81 FF BC D0 00 4F 33 (13)
                              [N12:Z] TPOS 255 188 208 0 (-4403200)
2025-07-04 19:05:31:067 [IN ] C8 24 0C 0E 25 A5 0C 01 31 06 81 53 FF FF FF 6D 82 3C 0A (19)
                              [N12:Z] TPOS 'S' 255 255 255 109 (-147)
2025-07-04 19:05:32:070 [IN ] C8 24 06 0B 25 A5 06 01 31 03 81 5A 4C 62 B4 6D C8 24 06 0A 25 A5 06 01 31 02 81 49 04 3E B4 (31)
                              [N6:H] TPOS 'Z' 76 (76)
                              [N6:H] TPOS 'I'
2025-07-04 19:05:32:294 [OUT] 25 A5 01 06 31 03 C9 3D 09 4A 0A (11)
                              [N6:H] LFLAG '=' 9 (9)
2025-07-04 19:05:32:457 [IN ] C8 24 06 0B 25 A5 06 01 31 03 C9 3A 09 47 09 6D (16)
                              [N6:H] LFLAG ':' 9 (9)
2025-07-04 19:05:32:478 [OUT] 25 A5 01 06 31 03 84 00 50 0F 08 (11)
                              [N6:H] VEL 0 80 (80)
2025-07-04 19:05:32:661 [IN ] C8 24 06 0C 25 A5 06 01 31 04 84 53 00 50 63 CA 82 (17)
                              [N6:H] VEL 'S' 0 80 (80)
2025-07-04 19:05:32:683 [OUT] 25 A5 01 06 31 05 81 00 19 82 3C 95 BE (13)
                              [N6:H] TPOS 0 25 130 60 (1671740)
2025-07-04 19:05:32:886 [IN ] C8 24 06 0E 25 A5 06 01 31 06 81 53 FF FF FF FF 0E 92 0A (19)
                              [N6:H] TPOS 'S' 255 255 255 255 (-1)
2025-07-04 19:05:33:487 [IN ] C8 24 03 0E 25 A5 03 01 31 06 81 45 FF EB D5 E2 A2 81 0A (19)
                              [N3:X] TPOS 'E' 255 235 213 226 (-1321502)
2025-07-04 19:05:33:912 [OUT] 25 A5 01 03 31 05 81 FF FD 50 01 08 AF (13)
                              [N3:X] TPOS 255 253 80 1 (-176127)
2025-07-04 19:05:34:096 [IN ] C8 24 03 0E 25 A5 03 01 31 06 81 53 FF EB D5 E2 B0 C7 0A (19)
                              [N3:X] TPOS 'S' 255 235 213 226 (-1321502)
2025-07-04 19:05:34:497 [IN ] C8 24 04 0E 25 A5 04 01 31 06 81 45 FF FD 4F D9 26 AC 0A (19)
                              [N4:Y] TPOS 'E' 255 253 79 217 (-176167)
2025-07-04 19:05:35:300 [IN ] C8 24 09 0E 25 A5 09 01 31 06 81 45 FF E7 5B 94 DC 6F 0A (19)
                              [N9:P] TPOS 'E' 255 231 91 148 (-1614956)
2025-07-04 19:05:35:725 [OUT] 25 A5 01 09 31 05 81 FF FF D9 C8 60 BE (13)
                              [N9:P] TPOS 255 255 217 200 (-9784)
2025-07-04 19:05:35:908 [IN ] C8 24 09 0E 25 A5 09 01 31 06 81 53 FF E7 5B 9D F3 BE 0A (19)
                              [N9:P] TPOS 'S' 255 231 91 157 (-1614947)
2025-07-04 19:05:42:917 [IN ] C8 24 06 0E 25 A5 06 01 31 06 81 45 00 19 85 03 A5 AE 0A (19)
                              [N6:H] TPOS 'E' 0 25 133 3 (1672451)
2025-07-04 19:05:43:341 [OUT] 25 A5 01 06 31 05 81 00 0D 03 C1 8F 21 (13)
                              [N6:H] TPOS 0 13 3 193 (852929)
2025-07-04 19:05:43:544 [IN ] C8 24 06 0E 25 A5 06 01 31 06 81 53 00 19 85 03 B3 F4 0A (19)
                              [N6:H] TPOS 'S' 0 25 133 3 (1672451)
2025-07-04 19:05:44:946 [IN ] C8 24 03 0E 25 A5 03 01 31 06 81 45 FF FD 50 15 62 E0 0A (19)
                              [N3:X] TPOS 'E' 255 253 80 21 (-176107)
2025-07-04 19:05:45:549 [IN ] C8 24 09 0E 25 A5 09 01 31 06 81 45 FF FF DA 1F FE 40 0A (19)
                              [N9:P] TPOS 'E' 255 255 218 31 (-9697)
2025-07-04 19:05:45:772 [OUT] 25 A5 01 08 31 02 D8 3F 53 E7 (10)
                              [N8:R] INTERRUPT '?'
2025-07-04 19:05:46:073 [IN ] C8 24 08 0C 25 A5 08 01 31 04 D8 3A 01 01 52 92 FE (17)
                              [N8:R] INTERRUPT ':' 1 1 (257)
2025-07-04 19:05:46:095 [OUT] 25 A5 01 08 31 03 CA 3D 0B 4F 1B (11)
                              [N8:R] RFLAG '=' 11 (11)
2025-07-04 19:05:46:258 [IN ] C8 24 08 0B 25 A5 08 01 31 03 CA 3A 0B 4C 1C 92 (16)
                              [N8:R] RFLAG ':' 11 (11)
2025-07-04 19:05:46:279 [OUT] 25 A5 01 08 31 03 88 00 50 15 20 (11)
                              [N8:R] RUN 0 80 (80)
2025-07-04 19:05:46:442 [IN ] C8 24 08 0C 25 A5 08 01 31 04 88 53 00 50 69 EA FE (17)
                              [N8:R] RUN 'S' 0 80 (80)
2025-07-04 19:05:47:443 [IN ] C8 24 06 0E 25 A5 06 01 31 06 81 45 00 0C FF 1A 29 92 0A (19)
                              [N6:H] TPOS 'E' 0 12 255 26 (851738)
2025-07-04 19:05:47:667 [OUT] 25 A5 01 05 31 02 D8 3F 50 D8 (10)
                              [N5:V] INTERRUPT '?'
2025-07-04 19:05:47:968 [IN ] C8 24 05 0C 25 A5 05 01 31 04 D8 3A 01 01 4F 7A 29 (17)
                              [N5:V] INTERRUPT ':' 1 1 (257)
2025-07-04 19:05:47:989 [OUT] 25 A5 01 05 31 03 C9 3D 0B 4B 06 (11)
                              [N5:V] LFLAG '=' 11 (11)
2025-07-04 19:05:48:132 [IN ] C8 24 (2)
2025-07-04 19:05:48:153 [IN ] 05 0B 25 A5 05 01 31 03 C9 3A 0B 48 04 7A (14)
                              [N5:V] LFLAG ':' 11 (11)
2025-07-04 19:05:48:175 [OUT] 25 A5 01 05 31 03 88 FF B0 71 6C (11)
                              [N5:V] RUN 255 176 (-80)
2025-07-04 19:05:48:337 [IN ] C8 24 05 0C 25 A5 05 01 31 04 88 53 FF B0 C5 30 29 (17)
                              [N5:V] RUN 'S' 255 176 (-80)
2025-07-04 19:05:51:341 [IN ] C8 24 07 0E 25 A5 07 01 31 06 81 45 FF AB 14 93 56 18 0A (19)
                              [N7:N] TPOS 'E' 255 171 20 147 (-5565293)
2025-07-04 19:05:51:766 [OUT] 25 A5 01 07 31 05 81 FF F3 35 BF A5 39 (13)
                              [N7:N] TPOS 255 243 53 191 (-838209)
2025-07-04 19:05:51:948 [IN ] C8 24 07 0E 25 A5 07 01 31 06 81 53 FF AB 14 93 64 5E 0A (19)
                              [N7:N] TPOS 'S' 255 171 20 147 (-5565293)
2025-07-04 19:05:52:952 [IN ] C8 24 08 0B 25 A5 08 01 31 03 81 5A 52 6A C8 93 C8 24 08 0A 25 A5 08 01 31 02 81 49 06 4A C8 (31)
                              [N8:R] TPOS 'Z' 82 (82)
                              [N8:R] TPOS 'I'
2025-07-04 19:05:53:176 [OUT] 25 A5 01 08 31 03 CA 3D 09 4D 19 (11)
                              [N8:R] RFLAG '=' 9 (9)
2025-07-04 19:05:53:319 [IN ] C8 24 05 0B 25 A5 05 01 31 03 81 5A 4C 61 AD 93 (16)
                              [N5:V] TPOS 'Z' 76 (76)
2025-07-04 19:05:53:340 [IN ] C8 24 08 0B 25 A5 08 01 31 03 CA 3A 09 4A 1A 93 (16)
                              [N8:R] RFLAG ':' 9 (9)
2025-07-04 19:05:53:361 [OUT] 25 A5 01 08 31 05 81 FF DC 77 1D 2F DE (13)
                              [N8:R] TPOS 255 220 119 29 (-2328803)
2025-07-04 19:05:53:362 [IN ] C8 24 05 0A 25 A5 05 01 31 02 81 49 03 38 1A (15)
                              [N5:V] TPOS 'I'
2025-07-04 19:05:53:404 [OUT] 25 A5 01 05 31 03 C9 3D 09 49 04 (11)
                              [N5:V] LFLAG '=' 9 (9)
2025-07-04 19:05:53:527 [IN ] C8 24 08 0E 25 A5 08 01 31 06 81 53 FF FF FF E7 (16)
2025-07-04 19:05:53:549 [IN ] F8 8E 0A (3)
                              [N8:R] TPOS 'S' 255 255 255 231 (-25)
2025-07-04 19:05:53:671 [IN ] C8 24 05 0B 25 A5 05 01 31 03 C9 3A 09 46 02 E7 (16)
                              [N5:V] LFLAG ':' 9 (9)
2025-07-04 19:05:53:692 [OUT] 25 A5 01 05 31 03 84 00 50 0E 02 (11)
                              [N5:V] VEL 0 80 (80)
2025-07-04 19:05:53:854 [IN ] C8 24 05 0C 25 A5 (6)
2025-07-04 19:05:53:875 [IN ] 05 01 31 04 84 53 00 50 62 C2 F8 (11)
                              [N5:V] VEL 'S' 0 80 (80)
2025-07-04 19:05:53:896 [OUT] 25 A5 01 05 31 05 81 00 19 82 3C 94 B6 (13)
                              [N5:V] TPOS 0 25 130 60 (1671740)
2025-07-04 19:05:54:079 [IN ] C8 24 05 0E 25 A5 05 01 31 06 81 53 00 00 00 00 11 92 0A (19)
                              [N5:V] TPOS 'S' 0 0 0 0 (0)
2025-07-04 19:05:58:906 [OUT] 25 A5 01 0C 31 01 82 C1 4C (9)
                              [N12:Z] GETPOS
2025-07-04 19:05:58:927 [OUT] 25 A5 01 05 31 01 82 BA 30 (9)
                              [N5:V] GETPOS
2025-07-04 19:05:58:948 [OUT] 25 A5 01 07 31 01 82 BC 38 (9)
                              [N7:N] GETPOS
2025-07-04 19:05:58:970 [OUT] 25 A5 01 08 31 01 82 BD 3C (9)
                              [N8:R] GETPOS
2025-07-04 19:05:59:072 [IN ] C8 24 0C 0D 25 A5 0C 01 31 05 82 FF BF 01 49 CD F7 92 (18)
                              [N12:Z] GETPOS 255 191 1 73 (-4259511)
2025-07-04 19:05:59:154 [IN ] C8 24 05 0D 25 A5 05 01 31 05 82 00 10 C4 4F E1 3B 92 (18)
                              [N5:V] GETPOS 0 16 196 79 (1098831)
2025-07-04 19:05:59:235 [IN ] C8 24 07 0D 25 A5 07 01 31 05 82 FF C3 DC E9 47 2C 92 (18)
                              [N7:N] GETPOS 255 195 220 233 (-3941143)
2025-07-04 19:05:59:337 [IN ] C8 24 08 0D 25 A5 08 01 31 05 82 FF EE 9B 67 B0 B2 92 (18)
                              [N8:R] GETPOS 255 238 155 103 (-1139865)
2025-07-04 19:06:00:339 [IN ] C8 24 0C 0E 25 A5 0C 01 31 06 81 45 FF BC D1 06 9C 6A 0A (19)
                              [N12:Z] TPOS 'E' 255 188 209 6 (-4402938)
2025-07-04 19:06:00:764 [OUT] 25 A5 01 0C 31 05 81 FF D1 1A 67 15 6D (13)
                              [N12:Z] TPOS 255 209 26 103 (-3073433)
2025-07-04 19:06:00:947 [IN ] C8 24 0C 0E 25 A5 0C 01 31 06 81 53 FF BC D1 39 DD E3 0A (19)
                              [N12:Z] TPOS 'S' 255 188 209 57 (-4402887)
2025-07-04 19:06:01:949 [IN ] C8 24 05 0E 25 A5 05 01 31 06 81 45 00 19 86 52 F4 F5 0A (19)
                              [N5:V] TPOS 'E' 0 25 134 82 (1672786)
2025-07-04 19:06:02:374 [OUT] 25 A5 01 05 31 05 81 00 0D 03 C1 8E 19 (13)
                              [N5:V] TPOS 0 13 3 193 (852929)
2025-07-04 19:06:02:557 [IN ] C8 24 05 0E 25 A5 05 01 31 06 81 53 00 19 86 52 02 3B 0A (19)
                              [N5:V] TPOS 'S' 0 25 134 82 (1672786)
2025-07-04 19:06:05:561 [IN ] C8 24 08 0E 25 A5 08 01 31 06 81 45 FF DC 73 9C F0 7C 0A (19)
                              [N8:R] TPOS 'E' 255 220 115 156 (-2329700)
2025-07-04 19:06:05:986 [OUT] 25 A5 01 08 31 05 81 FF EE 15 56 18 89 (13)
                              [N8:R] TPOS 255 238 21 86 (-1174186)
2025-07-04 19:06:06:169 [IN ] C8 24 08 0E 25 A5 08 01 31 06 81 53 FF DC 73 A2 04 C8 0A (19)
                              [N8:R] TPOS 'S' 255 220 115 162 (-2329694)
2025-07-04 19:06:07:772 [IN ] C8 24 05 0E 25 A5 05 01 31 06 81 45 00 0D 02 0B 1D 82 0A (19)
                              [N5:V] TPOS 'E' 0 13 2 11 (852491)
2025-07-04 19:06:07:995 [OUT] 25 A5 01 03 31 05 81 FF ED B1 30 88 70 (13)
                              [N3:X] TPOS 255 237 177 48 (-1199824)
2025-07-04 19:06:08:017 [OUT] 25 A5 01 04 31 05 81 FF F3 BD 0C 77 7E (13)
                              [N4:Y] TPOS 255 243 189 12 (-803572)
2025-07-04 19:06:08:180 [IN ] C8 24 03 0E 25 A5 03 01 31 06 81 53 FF FD 50 15 70 26 0A (19)
                              [N3:X] TPOS 'S' 255 253 80 21 (-176107)
2025-07-04 19:06:08:323 [IN ] C8 24 04 0E 25 A5 04 01 31 06 81 53 FF FD 4F D9 34 F2 0A (19)
                              [N4:Y] TPOS 'S' 255 253 79 217 (-176167)
2025-07-04 19:06:09:726 [IN ] C8 24 0C 0E 25 A5 0C 01 31 06 81 45 FF D1 1B 12 07 49 0A (19)
                              [N12:Z] TPOS 'E' 255 209 27 18 (-3073262)
2025-07-04 19:06:11:730 [IN ] C8 24 04 0E 25 A5 04 01 31 06 81 45 FF F3 BA 1A C8 A5 0A (19)
                              [N4:Y] TPOS 'E' 255 243 186 26 (-804326)
2025-07-04 19:06:12:333 [IN ] C8 24 08 0E 25 A5 08 01 31 06 81 45 FF EE 18 50 5B B0 0A (19)
                              [N8:R] TPOS 'E' 255 238 24 80 (-1173424)
2025-07-04 19:06:13:336 [IN ] C8 24 07 0E 25 A5 07 01 31 06 81 45 FF F3 3A 70 A1 19 0A (19)
                              [N7:N] TPOS 'E' 255 243 58 112 (-837008)
2025-07-04 19:06:13:939 [IN ] C8 24 03 0E 25 A5 03 01 31 06 81 45 FF ED AE AC 47 03 0A (19)
                              [N3:X] TPOS 'E' 255 237 174 172 (-1200468)
