2025-07-04 18:28:21:909 [OUT] 25 A5 01 0A 31 05 D6 3D FF 00 00 53 ED (13)
                              [N10:HMI] HMILED '=' 255 0 0 (16711680)
2025-07-04 18:28:21:932 [OUT] 25 A5 01 03 31 02 D8 3F 4E CE (10)
                              [N3:X] INTERRUPT '?'
2025-07-04 18:28:22:233 [IN ] C8 24 0A 0D 25 A5 0A 01 31 05 D6 3A FF 00 00 50 EA 95 C8 24 03 0C 25 A5 03 01 31 04 D8 3A 01 01 4D 6A EA (35)
                              [N10:HMI] HMILED ':' 255 0 0 (16711680)
                              [N3:X] INTERRUPT ':' 1 1 (257)
2025-07-04 18:28:22:255 [OUT] 25 A5 01 09 31 03 C9 3D 09 4D 1C (11)
                              [N9:P] LFLAG '=' 9 (9)
2025-07-04 18:28:22:277 [OUT] 25 A5 01 04 31 02 D8 3F 4F D3 (10)
                              [N4:Y] INTERRUPT '?'
2025-07-04 18:28:22:578 [IN ] C8 24 09 0B 25 A5 09 01 31 03 C9 3A 09 4A 1E 6A C8 24 04 0C 25 A5 04 01 31 04 D8 3A 01 01 4E 72 EA (33)
                              [N9:P] LFLAG ':' 9 (9)
                              [N4:Y] INTERRUPT ':' 1 1 (257)
2025-07-04 18:28:22:600 [OUT] 25 A5 01 09 31 03 CA 3D 09 4E 1F (11)
                              [N9:P] RFLAG '=' 9 (9)
2025-07-04 18:28:22:622 [OUT] 25 A5 01 0C 31 02 D8 3F 57 FB (10)
                              [N12:Z] INTERRUPT '?'
2025-07-04 18:28:22:922 [IN ] C8 24 09 0B 25 A5 09 01 31 03 CA 3A 09 4B 21 72 C8 24 0C 0C 25 A5 0C 01 31 04 D8 3A 01 01 56 B2 EA (33)
                              [N9:P] RFLAG ':' 9 (9)
                              [N12:Z] INTERRUPT ':' 1 1 (257)
2025-07-04 18:28:22:944 [OUT] 25 A5 01 08 31 03 C9 3D 09 4C 16 (11)
                              [N8:R] LFLAG '=' 9 (9)
2025-07-04 18:28:22:965 [OUT] 25 A5 01 03 31 03 C9 3D 0B 49 FA (11)
                              [N3:X] LFLAG '=' 11 (11)
2025-07-04 18:28:22:987 [OUT] 25 A5 01 04 31 03 C9 3D 0B 4A 00 (11)
                              [N4:Y] LFLAG '=' 11 (11)
2025-07-04 18:28:23:007 [OUT] 25 A5 01 0C 31 03 C9 3D 0B 52 30 (11)
                              [N12:Z] LFLAG '=' 11 (11)
2025-07-04 18:28:23:110 [IN ] C8 24 08 0B 25 A5 08 01 31 03 C9 3A 09 49 17 B2 (16)
                              [N8:R] LFLAG ':' 9 (9)
2025-07-04 18:28:23:131 [OUT] 25 A5 01 08 31 03 CA 3D 09 4D 19 (11)
                              [N8:R] RFLAG '=' 9 (9)
2025-07-04 18:28:23:233 [IN ] C8 24 03 0B 25 A5 03 01 31 03 C9 3A 0B 46 F6 B2 (16)
                              [N3:X] LFLAG ':' 11 (11)
2025-07-04 18:28:23:254 [OUT] 25 A5 01 03 31 03 88 00 50 10 02 (11)
                              [N3:X] RUN 0 80 (80)
2025-07-04 18:28:23:316 [IN ] C8 24 04 0B 25 A5 04 01 31 03 C9 3A 0B 47 FD B2 (16)
                              [N4:Y] LFLAG ':' 11 (11)
2025-07-04 18:28:23:337 [OUT] 25 A5 01 04 31 03 88 00 50 11 08 (11)
                              [N4:Y] RUN 0 80 (80)
2025-07-04 18:28:23:439 [IN ] C8 24 0C 0B 25 A5 0C 01 31 03 C9 3A 0B 4F 35 B2 (16)
                              [N12:Z] LFLAG ':' 11 (11)
2025-07-04 18:28:23:460 [OUT] 25 A5 01 0C 31 03 88 00 50 19 38 (11)
                              [N12:Z] RUN 0 80 (80)
2025-07-04 18:28:23:541 [IN ] C8 24 08 0B 25 A5 08 01 31 03 CA 3A 09 4A 1A B2 (16)
                              [N8:R] RFLAG ':' 9 (9)
2025-07-04 18:28:23:664 [IN ] C8 24 03 0C 25 A5 03 01 31 04 88 53 00 50 64 C2 EA (17)
                              [N3:X] RUN 'S' 0 80 (80)
2025-07-04 18:28:23:766 [IN ] C8 24 04 0C 25 A5 04 01 31 04 88 53 00 50 65 CA EA (17)
                              [N4:Y] RUN 'S' 0 80 (80)
2025-07-04 18:28:23:869 [IN ] C8 24 0C 0C 25 A5 0C 01 31 04 88 53 00 50 6D 0A EA (17)
                              [N12:Z] RUN 'S' 0 80 (80)
2025-07-04 18:28:30:478 [IN ] C8 24 04 0B 25 A5 04 01 31 03 81 5A 4C 60 A6 0A C8 24 04 0A 25 A5 04 01 31 02 81 49 02 32 A6 (31)
                              [N4:Y] TPOS 'Z' 76 (76)
                              [N4:Y] TPOS 'I'
2025-07-04 18:28:30:702 [OUT] 25 A5 01 09 31 02 D8 3F 54 EC (10)
                              [N9:P] INTERRUPT '?'
2025-07-04 18:28:31:003 [IN ] C8 24 09 0C 25 A5 09 01 31 04 D8 3A 01 01 53 9A EA (17)
                              [N9:P] INTERRUPT ':' 1 1 (257)
2025-07-04 18:28:31:024 [OUT] 25 A5 01 04 31 03 C9 3D 09 48 FE (11)
                              [N4:Y] LFLAG '=' 9 (9)
2025-07-04 18:28:31:046 [OUT] 25 A5 01 07 31 02 D8 3F 52 E2 (10)
                              [N7:N] INTERRUPT '?'
2025-07-04 18:28:31:347 [IN ] C8 24 04 0B 25 A5 04 01 31 03 C9 3A 09 45 FB 9A C8 24 07 0C 25 A5 07 01 31 04 D8 3A 01 01 51 8A EA (33)
                              [N4:Y] LFLAG ':' 9 (9)
                              [N7:N] INTERRUPT ':' 1 1 (257)
2025-07-04 18:28:31:368 [OUT] 25 A5 01 09 31 03 C9 3D 0B 4F 1E (11)
                              [N9:P] LFLAG '=' 11 (11)
2025-07-04 18:28:31:389 [OUT] 25 A5 01 07 31 03 C9 3D 0B 4D 12 (11)
                              [N7:N] LFLAG '=' 11 (11)
2025-07-04 18:28:31:531 [IN ] C8 24 09 0B 25 A5 09 01 31 03 C9 3A 0B 4C 20 8A (16)
                              [N9:P] LFLAG ':' 11 (11)
2025-07-04 18:28:31:553 [OUT] 25 A5 01 09 31 03 88 00 50 16 26 (11)
                              [N9:P] RUN 0 80 (80)
2025-07-04 18:28:31:635 [IN ] C8 24 07 0B 25 A5 07 01 31 03 C9 3A 0B 4A 12 8A (16)
                              [N7:N] LFLAG ':' 11 (11)
2025-07-04 18:28:31:655 [OUT] 25 A5 01 07 31 03 88 00 50 14 1A (11)
                              [N7:N] RUN 0 80 (80)
2025-07-04 18:28:31:757 [IN ] C8 24 09 0C 25 A5 09 01 31 04 88 53 00 50 6A F2 EA (17)
                              [N9:P] RUN 'S' 0 80 (80)
2025-07-04 18:28:31:840 [IN ] C8 24 09 0B 25 A5 09 01 31 03 81 5A 4C 65 C9 F2 (16)
                              [N9:P] TPOS 'Z' 76 (76)
2025-07-04 18:28:31:861 [IN ] C8 24 07 0C 25 A5 07 01 31 04 88 53 00 50 68 E2 EA C8 24 09 0A 25 A5 09 01 31 02 81 49 07 50 68 (32)
                              [N7:N] RUN 'S' 0 80 (80)
                              [N9:P] TPOS 'I'
2025-07-04 18:28:32:085 [OUT] 25 A5 01 09 31 03 C9 3D 09 4D 1C (11)
                              [N9:P] LFLAG '=' 9 (9)
2025-07-04 18:28:32:106 [OUT] 25 A5 01 04 31 05 81 FF EE 88 01 32 FA (13)
                              [N4:Y] TPOS 255 238 136 1 (-1144831)
2025-07-04 18:28:32:249 [IN ] C8 24 09 0B 25 A5 09 01 31 03 C9 3A 09 4A 1E E2 (16)
                              [N9:P] LFLAG ':' 9 (9)
2025-07-04 18:28:32:371 [IN ] C8 24 04 0E 25 A5 04 01 31 06 81 53 00 00 00 00 10 88 0A (19)
                              [N4:Y] TPOS 'S' 0 0 0 0 (0)
2025-07-04 18:28:35:776 [IN ] C8 24 07 0B 25 A5 07 01 31 03 81 5A 4C 63 BB 00 (16)
                              [N7:N] TPOS 'Z' 76 (76)
2025-07-04 18:28:35:978 [IN ] C8 24 07 0A 25 A5 07 01 31 02 81 49 05 44 BB (15)
                              [N7:N] TPOS 'I'
2025-07-04 18:28:36:202 [OUT] 25 A5 01 07 31 03 C9 3D 09 4B 10 (11)
                              [N7:N] LFLAG '=' 9 (9)
2025-07-04 18:28:36:364 [IN ] C8 24 07 0B 25 A5 07 01 31 03 C9 3A 09 48 10 00 (16)
                              [N7:N] LFLAG ':' 9 (9)
2025-07-04 18:28:36:566 [IN ] C8 24 03 0B 25 A5 03 01 31 03 81 5A 4C 5F 9F 00 (16)
                              [N3:X] TPOS 'Z' 76 (76)
2025-07-04 18:28:36:769 [IN ] C8 24 03 0A 25 A5 03 01 31 02 81 49 01 2C 9F (15)
                              [N3:X] TPOS 'I'
2025-07-04 18:28:36:993 [OUT] 25 A5 01 03 31 03 C9 3D 09 47 F8 (11)
                              [N3:X] LFLAG '=' 9 (9)
2025-07-04 18:28:37:155 [IN ] C8 24 03 0B 25 A5 03 01 31 03 C9 3A 09 44 F4 00 (16)
                              [N3:X] LFLAG ':' 9 (9)
2025-07-04 18:28:38:558 [IN ] C8 24 04 0E 25 A5 04 01 31 06 81 45 FF EE 85 4A BE 5C 0A (19)
                              [N4:Y] TPOS 'E' 255 238 133 74 (-1145526)
2025-07-04 18:28:38:782 [OUT] 25 A5 01 09 31 05 81 FF E7 5D 56 5A 0C (13)
                              [N9:P] TPOS 255 231 93 86 (-1614506)
2025-07-04 18:28:38:805 [OUT] 25 A5 01 04 31 05 81 FF FD 50 01 09 B7 (13)
                              [N4:Y] TPOS 255 253 80 1 (-176127)
2025-07-04 18:28:38:826 [OUT] 25 A5 01 07 31 05 81 FF AB 19 75 F7 DF (13)
                              [N7:N] TPOS 255 171 25 117 (-5564043)
2025-07-04 18:28:38:847 [OUT] 25 A5 01 03 31 05 81 FF EB D8 01 7E 89 (13)
                              [N3:X] TPOS 255 235 216 1 (-1320959)
2025-07-04 18:28:38:868 [OUT] 25 A5 01 06 31 02 D8 3F 51 DD (10)
                              [N6:H] INTERRUPT '?'
2025-07-04 18:28:39:169 [IN ] C8 24 09 0E 25 A5 09 01 31 06 81 53 FF FF FF F1 03 A2 0A C8 24 04 0E 25 A5 04 01 31 06 81 53 FF EE 85 4A CC A2 0A (38)
                              [N9:P] TPOS 'S' 255 255 255 241 (-15)
                              [N4:Y] TPOS 'S' 255 238 133 74 (-1145526)
2025-07-04 18:28:39:471 [IN ] C8 24 07 0E 25 A5 07 01 31 06 81 53 FF FF FF FC 0C 99 0A C8 24 03 0E 25 A5 03 01 31 06 81 53 FF FF FF FF 0B 74 0A C8 24 06 0C 25 A5 06 01 31 04 D8 3A 01 01 50 82 0B (55)
                              [N7:N] TPOS 'S' 255 255 255 252 (-4)
                              [N3:X] TPOS 'S' 255 255 255 255 (-1)
                              [N6:H] INTERRUPT ':' 1 1 (257)
2025-07-04 18:28:39:493 [OUT] 25 A5 01 06 31 03 C9 3D 0B 4C 0C (11)
                              [N6:H] LFLAG '=' 11 (11)
2025-07-04 18:28:39:656 [IN ] C8 24 06 0B 25 A5 06 01 31 03 C9 3A 0B 49 0B 82 (16)
                              [N6:H] LFLAG ':' 11 (11)
2025-07-04 18:28:39:678 [OUT] 25 A5 01 06 31 03 88 FF B0 72 72 (11)
                              [N6:H] RUN 255 176 (-80)
2025-07-04 18:28:39:841 [IN ] C8 24 06 0C 25 A5 06 01 31 04 88 53 FF B0 C6 38 0B (17)
                              [N6:H] RUN 'S' 255 176 (-80)
2025-07-04 18:28:43:448 [IN ] C8 24 0C 0B 25 A5 0C 01 31 03 81 5A 4C 68 DE 38 C8 24 0C 0A 25 A5 0C 01 31 02 81 49 0A 62 DE (31)
                              [N12:Z] TPOS 'Z' 76 (76)
                              [N12:Z] TPOS 'I'
2025-07-04 18:28:43:671 [OUT] 25 A5 01 0C 31 03 C9 3D 09 50 2E (11)
                              [N12:Z] LFLAG '=' 9 (9)
2025-07-04 18:28:43:834 [IN ] C8 24 0C 0B 25 A5 0C 01 (8)
2025-07-04 18:28:43:855 [IN ] 31 03 C9 3A 09 4D 33 38 (8)
                              [N12:Z] LFLAG ':' 9 (9)
2025-07-04 18:28:43:875 [OUT] 25 A5 01 0C 31 05 81 FF BC D0 00 4F 33 (13)
                              [N12:Z] TPOS 255 188 208 0 (-4403200)
2025-07-04 18:28:44:059 [IN ] C8 24 0C 0E 25 A5 0C 01 31 06 81 53 FF FF FF 87 9C 56 0A (19)
                              [N12:Z] TPOS 'S' 255 255 255 135 (-121)
2025-07-04 18:28:45:263 [IN ] C8 24 06 0B 25 A5 06 01 31 03 81 5A 4C 62 B4 87 C8 24 06 0A 25 A5 06 01 31 02 81 49 04 3E B4 (31)
                              [N6:H] TPOS 'Z' 76 (76)
                              [N6:H] TPOS 'I'
2025-07-04 18:28:45:487 [OUT] 25 A5 01 06 31 03 C9 3D 09 4A 0A (11)
                              [N6:H] LFLAG '=' 9 (9)
2025-07-04 18:28:45:650 [IN ] C8 24 06 0B 25 A5 06 01 31 03 C9 3A 09 47 09 87 (16)
                              [N6:H] LFLAG ':' 9 (9)
2025-07-04 18:28:45:671 [OUT] 25 A5 01 06 31 03 84 00 50 0F 08 (11)
                              [N6:H] VEL 0 80 (80)
2025-07-04 18:28:45:854 [IN ] C8 24 06 0C 25 A5 06 01 31 04 84 53 00 50 63 CA 9C (17)
                              [N6:H] VEL 'S' 0 80 (80)
2025-07-04 18:28:45:875 [OUT] 25 A5 01 06 31 05 81 00 19 82 3C 95 BE (13)
                              [N6:H] TPOS 0 25 130 60 (1671740)
2025-07-04 18:28:46:078 [IN ] C8 24 06 0E 25 A5 06 01 31 06 81 53 00 00 00 00 12 9C 0A (19)
                              [N6:H] TPOS 'S' 0 0 0 0 (0)
2025-07-04 18:28:47:080 [IN ] C8 24 03 0E 25 A5 03 01 31 06 81 45 FF EB D5 E7 A7 86 0A (19)
                              [N3:X] TPOS 'E' 255 235 213 231 (-1321497)
2025-07-04 18:28:47:485 [IN ] C8 24 04 0E 25 A5 04 01 31 06 81 45 FF FD 4F EF 3C C2 0A (19)
                              [N4:Y] TPOS 'E' 255 253 79 239 (-176145)
2025-07-04 18:28:47:506 [OUT] 25 A5 01 03 31 05 81 FF FD 50 01 08 AF (13)
                              [N3:X] TPOS 255 253 80 1 (-176127)
2025-07-04 18:28:47:710 [IN ] C8 24 03 0E 25 A5 03 01 31 06 81 53 FF EB D5 E7 B5 CC 0A (19)
                              [N3:X] TPOS 'S' 255 235 213 231 (-1321497)
2025-07-04 18:28:48:512 [IN ] C8 24 09 0E 25 A5 09 01 31 06 81 45 FF E7 5B A4 EC 7F 0A (19)
                              [N9:P] TPOS 'E' 255 231 91 164 (-1614940)
2025-07-04 18:28:48:937 [OUT] 25 A5 01 09 31 05 81 FF FF D9 C8 60 BE (13)
                              [N9:P] TPOS 255 255 217 200 (-9784)
2025-07-04 18:28:49:120 [IN ] C8 24 09 0E 25 A5 09 01 31 06 81 53 FF E7 5B AD 03 CE 0A (19)
                              [N9:P] TPOS 'S' 255 231 91 173 (-1614931)
2025-07-04 18:28:55:928 [IN ] C8 24 06 0E 25 A5 06 01 31 06 81 45 00 19 84 F5 96 9E 0A (19)
                              [N6:H] TPOS 'E' 0 25 132 245 (1672437)
2025-07-04 18:28:56:352 [OUT] 25 A5 01 06 31 05 81 00 0D 03 C1 8F 21 (13)
                              [N6:H] TPOS 0 13 3 193 (852929)
2025-07-04 18:28:56:537 [IN ] C8 24 06 0E 25 A5 06 01 31 06 81 53 00 19 84 F5 A4 E4 0A (19)
                              [N6:H] TPOS 'S' 0 25 132 245 (1672437)
2025-07-04 18:28:58:940 [IN ] C8 24 09 0E 25 A5 09 01 31 06 81 45 FF FF D9 D6 B4 F5 0A (19)
                              [N9:P] TPOS 'E' 255 255 217 214 (-9770)
2025-07-04 18:28:59:163 [OUT] 25 A5 01 08 31 02 D8 3F 53 E7 (10)
                              [N8:R] INTERRUPT '?'
2025-07-04 18:28:59:464 [IN ] C8 24 08 0C 25 A5 08 01 31 04 D8 3A 01 01 52 92 B4 (17)
                              [N8:R] INTERRUPT ':' 1 1 (257)
2025-07-04 18:28:59:486 [OUT] 25 A5 01 08 31 03 CA 3D 0B 4F 1B (11)
                              [N8:R] RFLAG '=' 11 (11)
2025-07-04 18:28:59:648 [IN ] C8 24 08 0B 25 A5 08 01 31 03 CA 3A 0B 4C 1C 92 (16)
                              [N8:R] RFLAG ':' 11 (11)
2025-07-04 18:28:59:669 [OUT] 25 A5 01 08 31 03 88 00 50 15 20 (11)
                              [N8:R] RUN 0 80 (80)
2025-07-04 18:28:59:853 [IN ] C8 24 08 0C 25 A5 08 01 31 04 88 53 00 50 69 EA B4 (17)
                              [N8:R] RUN 'S' 0 80 (80)
2025-07-04 18:29:00:454 [IN ] C8 24 06 0E 25 A5 06 01 31 06 81 45 00 0C FF 2D 3C A5 0A (19)
                              [N6:H] TPOS 'E' 0 12 255 45 (851757)
2025-07-04 18:29:00:677 [OUT] 25 A5 01 05 31 02 D8 3F 50 D8 (10)
                              [N5:V] INTERRUPT '?'
2025-07-04 18:29:00:979 [IN ] C8 24 05 0C 25 A5 05 01 31 04 D8 3A 01 01 4F 7A 3C (17)
                              [N5:V] INTERRUPT ':' 1 1 (257)
2025-07-04 18:29:01:001 [OUT] 25 A5 01 05 31 03 C9 3D 0B 4B 06 (11)
                              [N5:V] LFLAG '=' 11 (11)
2025-07-04 18:29:01:062 [IN ] C8 24 03 0E 25 A5 03 01 31 06 81 45 FF FD 4F DF 2B A8 0A (19)
                              [N3:X] TPOS 'E' 255 253 79 223 (-176161)
2025-07-04 18:29:01:164 [IN ] C8 24 05 0B 25 A5 05 01 31 03 C9 3A 0B 48 04 DF (16)
                              [N5:V] LFLAG ':' 11 (11)
2025-07-04 18:29:01:185 [OUT] 25 A5 01 05 31 03 88 FF B0 71 6C (11)
                              [N5:V] RUN 255 176 (-80)
2025-07-04 18:29:01:348 [IN ] C8 24 05 0C 25 A5 05 01 31 04 88 53 FF B0 C5 30 2B (17)
                              [N5:V] RUN 'S' 255 176 (-80)
2025-07-04 18:29:04:752 [IN ] C8 24 07 0E 25 A5 07 01 31 06 81 45 FF AB 14 C6 89 4B 0A (19)
                              [N7:N] TPOS 'E' 255 171 20 198 (-5565242)
2025-07-04 18:29:05:176 [OUT] 25 A5 01 07 31 05 81 FF F3 35 BF A5 39 (13)
                              [N7:N] TPOS 255 243 53 191 (-838209)
2025-07-04 18:29:05:380 [IN ] C8 24 07 0E 25 A5 07 01 31 06 81 53 FF AB 14 C6 97 91 0A (19)
                              [N7:N] TPOS 'S' 255 171 20 198 (-5565242)
2025-07-04 18:29:06:184 [IN ] C8 24 08 0B 25 A5 08 01 31 03 81 5A 52 6A C8 C6 C8 24 08 0A 25 A5 08 01 31 02 81 49 06 4A C8 (31)
                              [N8:R] TPOS 'Z' 82 (82)
                              [N8:R] TPOS 'I'
2025-07-04 18:29:06:388 [IN ] C8 24 05 0B 25 A5 05 01 31 03 81 5A 4C 61 AD C6 C8 24 05 0A 25 A5 05 01 31 02 81 49 03 38 AD (31)
                              [N5:V] TPOS 'Z' 76 (76)
                              [N5:V] TPOS 'I'
2025-07-04 18:29:06:410 [OUT] 25 A5 01 08 31 03 CA 3D 09 4D 19 (11)
                              [N8:R] RFLAG '=' 9 (9)
2025-07-04 18:29:06:432 [OUT] 25 A5 01 05 31 03 C9 3D 09 49 04 (11)
                              [N5:V] LFLAG '=' 9 (9)
2025-07-04 18:29:06:596 [IN ] C8 24 08 0B 25 A5 08 01 31 03 CA 3A 09 4A 1A C6 (16)
                              [N8:R] RFLAG ':' 9 (9)
2025-07-04 18:29:06:617 [OUT] 25 A5 01 08 31 05 81 FF DC 77 1D 2F DE (13)
                              [N8:R] TPOS 255 220 119 29 (-2328803)
2025-07-04 18:29:06:678 [IN ] C8 24 05 0B 25 A5 05 01 31 03 C9 3A 09 46 02 C6 (16)
                              [N5:V] LFLAG ':' 9 (9)
2025-07-04 18:29:06:699 [OUT] 25 A5 01 05 31 03 84 00 50 0E 02 (11)
                              [N5:V] VEL 0 80 (80)
2025-07-04 18:29:06:822 [IN ] C8 24 08 0E 25 A5 08 01 31 06 81 53 FF FF FF E0 F1 87 0A (19)
                              [N8:R] TPOS 'S' 255 255 255 224 (-32)
2025-07-04 18:29:06:925 [IN ] C8 24 05 0C 25 A5 05 01 31 04 84 53 00 50 62 C2 F1 (17)
                              [N5:V] VEL 'S' 0 80 (80)
2025-07-04 18:29:06:946 [OUT] 25 A5 01 05 31 05 81 00 19 82 3C 94 B6 (13)
                              [N5:V] TPOS 0 25 130 60 (1671740)
2025-07-04 18:29:07:128 [IN ] C8 24 05 0E 25 A5 05 01 31 06 81 53 00 00 00 00 11 92 0A (19)
                              [N5:V] TPOS 'S' 0 0 0 0 (0)
2025-07-04 18:29:11:754 [OUT] 25 A5 01 0C 31 01 82 C1 4C (9)
                              [N12:Z] GETPOS
2025-07-04 18:29:11:775 [OUT] 25 A5 01 05 31 01 82 BA 30 (9)
                              [N5:V] GETPOS
2025-07-04 18:29:11:796 [OUT] 25 A5 01 07 31 01 82 BC 38 (9)
                              [N7:N] GETPOS
2025-07-04 18:29:11:817 [OUT] 25 A5 01 08 31 01 82 BD 3C (9)
                              [N8:R] GETPOS
2025-07-04 18:29:11:899 [IN ] C8 24 0C 0D 25 A5 0C 01 31 05 82 FF BF 4A 4A 17 8A 92 (18)
                              [N12:Z] GETPOS 255 191 74 74 (-4240822)
2025-07-04 18:29:11:981 [IN ] C8 24 05 0D 25 A5 05 01 31 05 82 00 10 21 E4 D3 8A 92 (18)
                              [N5:V] GETPOS 0 16 33 228 (1057252)
2025-07-04 18:29:12:083 [IN ] C8 24 07 0D 25 A5 07 01 31 05 82 FF C1 C4 9B DF A8 92 (18)
                              [N7:N] GETPOS 255 193 196 155 (-4078437)
2025-07-04 18:29:12:185 [IN ] C8 24 08 0D 25 A5 08 01 31 05 82 FF EF D7 D0 56 96 92 (18)
                              [N8:R] GETPOS 255 239 215 208 (-1058864)
2025-07-04 18:29:13:386 [IN ] C8 24 0C 0E 25 A5 0C 01 31 06 81 45 FF BC D0 E0 75 42 0A (19)
                              [N12:Z] TPOS 'E' 255 188 208 224 (-4402976)
2025-07-04 18:29:13:811 [OUT] 25 A5 01 0C 31 05 81 FF D1 1A 67 15 6D (13)
                              [N12:Z] TPOS 255 209 26 103 (-3073433)
2025-07-04 18:29:13:995 [IN ] C8 24 0C 0E 25 A5 0C 01 31 06 81 53 FF BC D1 0C B0 B6 0A (19)
                              [N12:Z] TPOS 'S' 255 188 209 12 (-4402932)
2025-07-04 18:29:14:997 [IN ] C8 24 05 0E 25 A5 05 01 31 06 81 45 00 19 86 37 D9 DA 0A (19)
                              [N5:V] TPOS 'E' 0 25 134 55 (1672759)
2025-07-04 18:29:15:421 [OUT] 25 A5 01 05 31 05 81 00 0D 03 C1 8E 19 (13)
                              [N5:V] TPOS 0 13 3 193 (852929)
2025-07-04 18:29:15:605 [IN ] C8 24 05 0E 25 A5 05 01 31 06 81 53 00 19 86 36 E6 1F 0A (19)
                              [N5:V] TPOS 'S' 0 25 134 54 (1672758)
2025-07-04 18:29:19:009 [IN ] C8 24 08 0E 25 A5 08 01 31 06 81 45 FF DC 74 95 EA 77 0A (19)
                              [N8:R] TPOS 'E' 255 220 116 149 (-2329451)
2025-07-04 18:29:19:434 [OUT] 25 A5 01 08 31 05 81 FF EE 15 56 18 89 (13)
                              [N8:R] TPOS 255 238 21 86 (-1174186)
2025-07-04 18:29:19:637 [IN ] C8 24 08 0E 25 A5 08 01 31 06 81 53 FF DC 74 99 FC C1 0A (19)
                              [N8:R] TPOS 'S' 255 220 116 153 (-2329447)
2025-07-04 18:29:20:840 [IN ] C8 24 05 0E 25 A5 05 01 31 06 81 45 00 0D 02 05 17 7C 0A (19)
                              [N5:V] TPOS 'E' 0 13 2 5 (852485)
2025-07-04 18:29:21:064 [OUT] 25 A5 01 03 31 05 81 FF ED B1 30 88 70 (13)
                              [N3:X] TPOS 255 237 177 48 (-1199824)
2025-07-04 18:29:21:086 [OUT] 25 A5 01 04 31 05 81 FF F3 BD 0C 77 7E (13)
                              [N4:Y] TPOS 255 243 189 12 (-803572)
2025-07-04 18:29:21:248 [IN ] C8 24 03 0E 25 A5 03 01 31 06 81 53 FF FD 4F DF 39 EE 0A (19)
                              [N3:X] TPOS 'S' 255 253 79 223 (-176161)
2025-07-04 18:29:21:371 [IN ] C8 24 04 0E 25 A5 04 01 31 06 81 53 FF FD 4F EF 4A 08 0A (19)
                              [N4:Y] TPOS 'S' 255 253 79 239 (-176145)
2025-07-04 18:29:22:774 [IN ] C8 24 0C 0E 25 A5 0C 01 31 06 81 45 FF D1 1A E1 D5 16 0A (19)
                              [N12:Z] TPOS 'E' 255 209 26 225 (-3073311)
2025-07-04 18:29:24:778 [IN ] C8 24 04 0E 25 A5 04 01 31 06 81 45 FF F3 BA 1D CB A8 0A (19)
                              [N4:Y] TPOS 'E' 255 243 186 29 (-804323)
2025-07-04 18:29:25:782 [IN ] C8 24 08 0E 25 A5 08 01 31 06 81 45 FF EE 17 94 9E F2 0A (19)
                              [N8:R] TPOS 'E' 255 238 23 148 (-1173612)
2025-07-04 18:29:26:985 [IN ] C8 24 07 0E 25 A5 07 01 31 06 81 45 FF F3 3A 69 9A 12 0A (19)
                              [N7:N] TPOS 'E' 255 243 58 105 (-837015)
2025-07-04 18:29:27:188 [IN ] C8 24 03 0E 25 A5 03 01 31 06 81 45 FF ED AF 2A C6 83 0A (19)
                              [N3:X] TPOS 'E' 255 237 175 42 (-1200342)
