2025-08-18 15:27:19:045 [OUT] 25 A5 01 0A 31 05 D6 3D FF 00 00 53 ED (13)
                              [N10:HMI] HMILED '=' 255 0 0 (16711680)
2025-08-18 15:27:19:066 [OUT] 25 A5 01 03 31 02 D8 3F 4E CE (10)
                              [N3:X] INTERRUPT '?'
2025-08-18 15:27:19:367 [IN ] C8 24 0A 0D 25 A5 0A 01 31 05 D6 3A FF 00 00 50 EA 6C C8 24 03 0C 25 A5 03 01 31 04 D8 3A 01 01 4D 6A EA (35)
                              [N10:HMI] HMILED ':' 255 0 0 (16711680)
                              [N3:X] INTERRUPT ':' 1 1 (257)
2025-08-18 15:27:19:389 [OUT] 25 A5 01 09 31 03 C9 3D 09 4D 1C (11)
                              [N9:P] LFLAG '=' 9 (9)
2025-08-18 15:27:19:413 [OUT] 25 A5 01 04 31 02 D8 3F 4F D3 (10)
                              [N4:Y] INTERRUPT '?'
2025-08-18 15:27:19:715 [IN ] C8 24 09 0B 25 A5 09 01 31 03 C9 3A 09 4A 1E 6A C8 24 04 0C 25 A5 04 01 31 04 D8 3A 01 01 4E 72 EA (33)
                              [N9:P] LFLAG ':' 9 (9)
                              [N4:Y] INTERRUPT ':' 1 1 (257)
2025-08-18 15:27:19:736 [OUT] 25 A5 01 09 31 03 CA 3D 09 4E 1F (11)
                              [N9:P] RFLAG '=' 9 (9)
2025-08-18 15:27:19:758 [OUT] 25 A5 01 0C 31 02 D8 3F 57 FB (10)
                              [N12:Z] INTERRUPT '?'
2025-08-18 15:27:20:060 [IN ] C8 24 09 0B 25 A5 09 01 31 03 CA 3A 09 4B 21 72 C8 24 0C 0C 25 A5 0C 01 31 04 D8 3A 01 01 56 B2 EA (33)
                              [N9:P] RFLAG ':' 9 (9)
                              [N12:Z] INTERRUPT ':' 1 1 (257)
2025-08-18 15:27:20:081 [OUT] 25 A5 01 08 31 03 C9 3D 09 4C 16 (11)
                              [N8:R] LFLAG '=' 9 (9)
2025-08-18 15:27:20:104 [OUT] 25 A5 01 03 31 03 C9 3D 0B 49 FA (11)
                              [N3:X] LFLAG '=' 11 (11)
2025-08-18 15:27:20:128 [OUT] 25 A5 01 04 31 03 C9 3D 0B 4A 00 (11)
                              [N4:Y] LFLAG '=' 11 (11)
2025-08-18 15:27:20:149 [OUT] 25 A5 01 0C 31 03 C9 3D 0B 52 30 (11)
                              [N12:Z] LFLAG '=' 11 (11)
2025-08-18 15:27:20:254 [IN ] C8 24 08 0B 25 A5 08 01 31 03 C9 3A 09 49 17 B2 (16)
                              [N8:R] LFLAG ':' 9 (9)
2025-08-18 15:27:20:276 [OUT] 25 A5 01 08 31 03 CA 3D 09 4D 19 (11)
                              [N8:R] RFLAG '=' 9 (9)
2025-08-18 15:27:20:361 [IN ] C8 24 03 0B 25 A5 03 01 31 03 C9 3A 0B 46 F6 B2 (16)
                              [N3:X] LFLAG ':' 11 (11)
2025-08-18 15:27:20:383 [OUT] 25 A5 01 03 31 03 88 00 50 10 02 (11)
                              [N3:X] RUN 0 80 (80)
2025-08-18 15:27:20:467 [IN ] C8 24 04 0B 25 (5)
2025-08-18 15:27:20:489 [IN ] A5 04 01 31 03 C9 3A 0B 47 FD B2 (11)
                              [N4:Y] LFLAG ':' 11 (11)
2025-08-18 15:27:20:511 [OUT] 25 A5 01 04 31 03 88 00 50 11 08 (11)
                              [N4:Y] RUN 0 80 (80)
2025-08-18 15:27:20:575 [IN ] C8 24 0C 0B 25 A5 0C 01 31 03 C9 3A 0B 4F 35 B2 (16)
                              [N12:Z] LFLAG ':' 11 (11)
2025-08-18 15:27:20:597 [OUT] 25 A5 01 0C 31 03 88 00 50 19 38 (11)
                              [N12:Z] RUN 0 80 (80)
2025-08-18 15:27:20:704 [IN ] C8 24 08 0B 25 A5 08 01 31 03 CA 3A 09 4A 1A B2 (16)
                              [N8:R] RFLAG ':' 9 (9)
2025-08-18 15:27:20:789 [IN ] C8 24 03 0C 25 A5 03 01 31 04 88 53 00 50 64 C2 EA (17)
                              [N3:X] RUN 'S' 0 80 (80)
2025-08-18 15:27:20:914 [IN ] C8 24 04 0C 25 A5 04 01 31 04 88 53 00 50 65 CA EA (17)
                              [N4:Y] RUN 'S' 0 80 (80)
2025-08-18 15:27:21:018 [IN ] C8 24 0C 0C 25 A5 0C 01 31 04 88 53 00 50 6D 0A EA (17)
                              [N12:Z] RUN 'S' 0 80 (80)
2025-08-18 15:27:28:850 [IN ] C8 24 04 0B 25 A5 04 01 31 03 81 5A 4C 60 A6 0A C8 24 04 0A 25 A5 04 01 31 02 81 49 02 32 A6 (31)
                              [N4:Y] TPOS 'Z' 76 (76)
                              [N4:Y] TPOS 'I'
2025-08-18 15:27:29:074 [OUT] 25 A5 01 09 31 02 D8 3F 54 EC (10)
                              [N9:P] INTERRUPT '?'
2025-08-18 15:27:29:375 [IN ] C8 24 09 0C 25 A5 09 01 31 04 D8 3A 01 01 53 9A EA (17)
                              [N9:P] INTERRUPT ':' 1 1 (257)
2025-08-18 15:27:29:396 [OUT] 25 A5 01 04 31 03 C9 3D 09 48 FE (11)
                              [N4:Y] LFLAG '=' 9 (9)
2025-08-18 15:27:29:419 [OUT] 25 A5 01 07 31 02 D8 3F 52 E2 (10)
                              [N7:N] INTERRUPT '?'
2025-08-18 15:27:29:721 [IN ] C8 24 04 0B 25 A5 04 01 31 03 C9 3A 09 45 FB 9A C8 24 07 0C 25 A5 07 01 31 04 D8 3A 01 01 51 8A EA (33)
                              [N4:Y] LFLAG ':' 9 (9)
                              [N7:N] INTERRUPT ':' 1 1 (257)
2025-08-18 15:27:29:741 [OUT] 25 A5 01 09 31 03 C9 3D 0B 4F 1E (11)
                              [N9:P] LFLAG '=' 11 (11)
2025-08-18 15:27:29:762 [OUT] 25 A5 01 07 31 03 C9 3D 0B 4D 12 (11)
                              [N7:N] LFLAG '=' 11 (11)
2025-08-18 15:27:29:910 [IN ] C8 24 09 0B 25 A5 09 01 31 03 C9 3A 0B 4C 20 8A (16)
                              [N9:P] LFLAG ':' 11 (11)
2025-08-18 15:27:29:931 [OUT] 25 A5 01 09 31 03 88 00 50 16 26 (11)
                              [N9:P] RUN 0 80 (80)
2025-08-18 15:27:30:016 [IN ] C8 24 07 0B 25 A5 07 01 31 03 C9 3A 0B 4A 12 8A (16)
                              [N7:N] LFLAG ':' 11 (11)
2025-08-18 15:27:30:038 [OUT] 25 A5 01 07 31 03 88 00 50 14 1A (11)
                              [N7:N] RUN 0 80 (80)
2025-08-18 15:27:30:122 [IN ] C8 24 09 0C 25 A5 09 01 31 04 88 53 00 50 6A F2 EA (17)
                              [N9:P] RUN 'S' 0 80 (80)
2025-08-18 15:27:30:185 [IN ] C8 24 09 0B 25 A5 09 01 31 03 81 5A 4C 65 C9 F2 (16)
                              [N9:P] TPOS 'Z' 76 (76)
2025-08-18 15:27:30:247 [IN ] C8 24 07 0C 25 A5 07 01 31 04 88 53 00 50 68 E2 EA C8 24 09 0A 25 A5 09 01 31 02 81 49 07 50 68 (32)
                              [N7:N] RUN 'S' 0 80 (80)
                              [N9:P] TPOS 'I'
2025-08-18 15:27:30:471 [OUT] 25 A5 01 09 31 03 C9 3D 09 4D 1C (11)
                              [N9:P] LFLAG '=' 9 (9)
2025-08-18 15:27:30:493 [OUT] 25 A5 01 04 31 05 81 FF EE 88 01 32 FA (13)
                              [N4:Y] TPOS 255 238 136 1 (-1144831)
2025-08-18 15:27:30:640 [IN ] C8 24 09 0B 25 A5 09 01 31 03 C9 3A 09 4A 1E E2 (16)
                              [N9:P] LFLAG ':' 9 (9)
2025-08-18 15:27:30:764 [IN ] C8 24 04 0E 25 A5 04 01 31 06 81 53 FF FF FF FF 0C 7E B8 (19)
                              [N4:Y] TPOS 'S' 255 255 255 255 (-1)
2025-08-18 15:27:33:774 [IN ] C8 24 03 0B 25 A5 03 01 31 03 81 5A 4C 5F 9F FF C8 24 03 0A 25 A5 03 01 31 02 81 49 01 2C 9F (31)
                              [N3:X] TPOS 'Z' 76 (76)
                              [N3:X] TPOS 'I'
2025-08-18 15:27:33:998 [OUT] 25 A5 01 03 31 03 C9 3D 09 47 F8 (11)
                              [N3:X] LFLAG '=' 9 (9)
2025-08-18 15:27:34:166 [IN ] C8 24 03 0B 25 A5 03 01 31 03 C9 3A 09 44 F4 FF (16)
                              [N3:X] LFLAG ':' 9 (9)
2025-08-18 15:27:34:369 [IN ] C8 24 07 0B 25 A5 07 01 31 03 81 5A 4C 63 BB FF C8 24 07 0A 25 A5 07 01 31 02 81 49 05 44 BB (31)
                              [N7:N] TPOS 'Z' 76 (76)
                              [N7:N] TPOS 'I'
2025-08-18 15:27:34:591 [OUT] 25 A5 01 07 31 03 C9 3D 09 4B 10 (11)
                              [N7:N] LFLAG '=' 9 (9)
2025-08-18 15:27:34:739 [IN ] C8 24 07 0B 25 A5 07 01 31 03 C9 3A 09 48 10 FF (16)
                              [N7:N] LFLAG ':' 9 (9)
2025-08-18 15:27:37:550 [IN ] C8 24 04 0E 25 A5 04 01 31 06 81 45 FF EE 85 F1 65 03 B8 (19)
                              [N4:Y] TPOS 'E' 255 238 133 241 (-1145359)
2025-08-18 15:27:37:754 [IN ] C8 24 0C 0B 25 A5 0C 01 31 03 81 5A 4C 68 DE F1 C8 24 0C 0A 25 A5 0C 01 31 02 81 49 0A 62 DE (31)
                              [N12:Z] TPOS 'Z' 76 (76)
                              [N12:Z] TPOS 'I'
2025-08-18 15:27:37:775 [OUT] 25 A5 01 09 31 05 81 FF E7 5D 56 5A 0C (13)
                              [N9:P] TPOS 255 231 93 86 (-1614506)
2025-08-18 15:27:37:798 [OUT] 25 A5 01 0C 31 03 C9 3D 09 50 2E (11)
                              [N12:Z] LFLAG '=' 9 (9)
2025-08-18 15:27:37:820 [OUT] 25 A5 01 04 31 05 81 FF FD 50 01 09 B7 (13)
                              [N4:Y] TPOS 255 253 80 1 (-176127)
2025-08-18 15:27:37:843 [OUT] 25 A5 01 07 31 05 81 FF AB 19 75 F7 DF (13)
                              [N7:N] TPOS 255 171 25 117 (-5564043)
2025-08-18 15:27:37:865 [OUT] 25 A5 01 03 31 05 81 FF EC 4A AB 9B 1A (13)
                              [N3:X] TPOS 255 236 74 171 (-1291605)
2025-08-18 15:27:37:888 [OUT] 25 A5 01 06 31 02 D8 3F 51 DD (10)
                              [N6:H] INTERRUPT '?'
2025-08-18 15:27:38:189 [IN ] C8 24 09 0E 25 A5 09 01 31 06 81 53 FF FF FF FE 10 AF B8 C8 24 0C 0B 25 A5 0C 01 31 03 C9 3A 09 4D 33 FE (35)
                              [N9:P] TPOS 'S' 255 255 255 254 (-2)
                              [N12:Z] LFLAG ':' 9 (9)
2025-08-18 15:27:38:490 [IN ] C8 24 04 0E 25 A5 04 01 31 06 81 53 FF EE 85 F2 74 4A B8 C8 24 07 0E 25 A5 07 01 31 06 81 53 FF FF FF F9 09 96 B8 C8 24 03 0E 25 A5 03 01 31 06 81 53 00 00 00 00 0F 7E B8 (57)
                              [N4:Y] TPOS 'S' 255 238 133 242 (-1145358)
                              [N7:N] TPOS 'S' 255 255 255 249 (-7)
                              [N3:X] TPOS 'S' 0 0 0 0 (0)
2025-08-18 15:27:38:791 [IN ] C8 24 06 0C 25 A5 06 01 31 04 D8 3A 01 01 50 82 0F (17)
                              [N6:H] INTERRUPT ':' 1 1 (257)
2025-08-18 15:27:38:812 [OUT] 25 A5 01 0C 31 05 81 FF BC D0 00 4F 33 (13)
                              [N12:Z] TPOS 255 188 208 0 (-4403200)
2025-08-18 15:27:38:834 [OUT] 25 A5 01 06 31 03 C9 3D 0B 4C 0C (11)
                              [N6:H] LFLAG '=' 11 (11)
2025-08-18 15:27:39:003 [IN ] C8 24 0C 0E 25 A5 0C 01 31 06 81 53 FF FF FF FC 11 CB B8 (19)
                              [N12:Z] TPOS 'S' 255 255 255 252 (-4)
2025-08-18 15:27:39:108 [IN ] C8 24 06 0B 25 A5 06 01 31 03 C9 3A 0B 49 0B FC (16)
                              [N6:H] LFLAG ':' 11 (11)
2025-08-18 15:27:39:130 [OUT] 25 A5 01 06 31 03 88 FF B0 72 72 (11)
                              [N6:H] RUN 255 176 (-80)
2025-08-18 15:27:39:299 [IN ] C8 24 06 0C 25 A5 06 01 31 04 88 53 FF B0 C6 38 11 (17)
                              [N6:H] RUN 'S' 255 176 (-80)
2025-08-18 15:27:44:519 [IN ] C8 24 06 0B 25 A5 06 01 31 03 81 5A 4C 62 B4 38 C8 24 06 0A 25 A5 06 01 31 02 81 49 04 3E B4 (31)
                              [N6:H] TPOS 'Z' 76 (76)
                              [N6:H] TPOS 'I'
2025-08-18 15:27:44:741 [OUT] 25 A5 01 06 31 03 C9 3D 09 4A 0A (11)
                              [N6:H] LFLAG '=' 9 (9)
2025-08-18 15:27:44:909 [IN ] C8 24 06 0B 25 A5 06 01 31 03 C9 3A 09 47 09 38 (16)
                              [N6:H] LFLAG ':' 9 (9)
2025-08-18 15:27:44:930 [OUT] 25 A5 01 06 31 03 84 00 50 0F 08 (11)
                              [N6:H] VEL 0 80 (80)
2025-08-18 15:27:45:098 [IN ] C8 24 06 0C 25 A5 06 01 31 04 84 53 00 50 63 CA 11 (17)
                              [N6:H] VEL 'S' 0 80 (80)
2025-08-18 15:27:45:118 [OUT] 25 A5 01 06 31 05 81 00 19 82 3C 95 BE (13)
                              [N6:H] TPOS 0 25 130 60 (1671740)
2025-08-18 15:27:45:287 [IN ] C8 24 (2)
2025-08-18 15:27:45:309 [IN ] 06 0E 25 A5 06 01 31 06 81 53 00 00 00 00 12 9C B8 (17)
                              [N6:H] TPOS 'S' 0 0 0 0 (0)
2025-08-18 15:27:46:513 [IN ] C8 24 03 0E 25 A5 03 01 31 06 81 45 FF EC 48 DC 10 64 B8 (19)
                              [N3:X] TPOS 'E' 255 236 72 220 (-1292068)
2025-08-18 15:27:46:937 [OUT] 25 A5 01 03 31 05 81 FF FD 50 01 08 AF (13)
                              [N3:X] TPOS 255 253 80 1 (-176127)
2025-08-18 15:27:47:126 [IN ] C8 24 03 0E 25 A5 03 01 31 06 81 53 FF EC 48 DC 1E AA B8 (19)
                              [N3:X] TPOS 'S' 255 236 72 220 (-1292068)
2025-08-18 15:27:48:131 [IN ] C8 24 09 0E 25 A5 09 01 31 06 81 45 FF E7 5C 42 8B 1F B8 (19)
                              [N9:P] TPOS 'E' 255 231 92 66 (-1614782)
2025-08-18 15:27:48:333 [IN ] C8 24 04 0E 25 A5 04 01 31 06 81 45 FF FD 4F 3E 8B 11 B8 (19)
                              [N4:Y] TPOS 'E' 255 253 79 62 (-176322)
2025-08-18 15:27:48:556 [OUT] 25 A5 01 09 31 05 81 FF FF D9 C8 60 BE (13)
                              [N9:P] TPOS 255 255 217 200 (-9784)
2025-08-18 15:27:48:746 [IN ] C8 24 09 0E 25 A5 09 01 31 06 81 53 FF E7 5C 48 9F 6B B8 (19)
                              [N9:P] TPOS 'S' 255 231 92 72 (-1614776)
2025-08-18 15:27:55:571 [IN ] C8 24 06 0E 25 A5 06 01 31 06 81 45 00 19 82 D1 70 76 B8 (19)
                              [N6:H] TPOS 'E' 0 25 130 209 (1671889)
2025-08-18 15:27:55:995 [OUT] 25 A5 01 06 31 05 81 00 0D 03 C1 8F 21 (13)
                              [N6:H] TPOS 0 13 3 193 (852929)
2025-08-18 15:27:56:184 [IN ] C8 24 06 0E 25 A5 06 01 31 06 81 53 00 19 82 D1 7E BC B8 (19)
                              [N6:H] TPOS 'S' 0 25 130 209 (1671889)
2025-08-18 15:27:58:994 [IN ] C8 24 09 0E 25 A5 09 01 31 06 81 45 FF FF DB 2D 0D 50 B8 (19)
                              [N9:P] TPOS 'E' 255 255 219 45 (-9427)
2025-08-18 15:27:59:218 [OUT] 25 A5 01 08 31 02 D8 3F 53 E7 (10)
                              [N8:R] INTERRUPT '?'
2025-08-18 15:27:59:519 [IN ] C8 24 08 0C 25 A5 08 01 31 04 D8 3A 01 01 52 92 0D (17)
                              [N8:R] INTERRUPT ':' 1 1 (257)
2025-08-18 15:27:59:540 [OUT] 25 A5 01 08 31 03 CA 3D 0B 4F 1B (11)
                              [N8:R] RFLAG '=' 11 (11)
2025-08-18 15:27:59:708 [IN ] C8 24 08 0B 25 A5 08 01 31 03 CA 3A 0B 4C 1C 92 (16)
                              [N8:R] RFLAG ':' 11 (11)
2025-08-18 15:27:59:730 [OUT] 25 A5 01 08 31 03 88 00 50 15 20 (11)
                              [N8:R] RUN 0 80 (80)
2025-08-18 15:27:59:876 [IN ] C8 24 08 0C 25 A5 08 01 31 04 88 53 00 (13)
2025-08-18 15:27:59:897 [IN ] 50 69 EA 0D (4)
                              [N8:R] RUN 'S' 0 80 (80)
2025-08-18 15:28:00:299 [IN ] C8 24 03 0E 25 A5 03 01 31 06 81 45 FF FD 4F AF FB 78 B8 (19)
                              [N3:X] TPOS 'E' 255 253 79 175 (-176209)
2025-08-18 15:28:01:105 [IN ] C8 24 06 0E 25 A5 06 01 31 06 81 45 00 0C FF 9B AA 13 B8 (19)
                              [N6:H] TPOS 'E' 0 12 255 155 (851867)
2025-08-18 15:28:01:330 [OUT] 25 A5 01 05 31 02 D8 3F 50 D8 (10)
                              [N5:V] INTERRUPT '?'
2025-08-18 15:28:01:632 [IN ] C8 24 05 0C 25 A5 05 01 31 04 D8 3A 01 01 4F 7A AA (17)
                              [N5:V] INTERRUPT ':' 1 1 (257)
2025-08-18 15:28:01:653 [OUT] 25 A5 01 05 31 03 C9 3D 0B 4B 06 (11)
                              [N5:V] LFLAG '=' 11 (11)
2025-08-18 15:28:01:820 [IN ] C8 24 05 0B 25 A5 05 01 31 03 C9 3A 0B 48 04 7A (16)
                              [N5:V] LFLAG ':' 11 (11)
2025-08-18 15:28:01:842 [OUT] 25 A5 01 05 31 03 88 FF B0 71 6C (11)
                              [N5:V] RUN 255 176 (-80)
2025-08-18 15:28:02:010 [IN ] C8 24 05 0C 25 A5 05 01 31 04 88 53 FF B0 C5 30 AA (17)
                              [N5:V] RUN 'S' 255 176 (-80)
2025-08-18 15:28:04:218 [IN ] C8 24 0C 0E 25 A5 0C 01 31 06 81 45 FF BC CD AB 3D 07 B8 (19)
                              [N12:Z] TPOS 'E' 255 188 205 171 (-4403797)
2025-08-18 15:28:04:641 [OUT] 25 A5 01 0C 31 05 81 FF D1 1A 67 15 6D (13)
                              [N12:Z] TPOS 255 209 26 103 (-3073433)
2025-08-18 15:28:04:831 [IN ] C8 24 0C 0E 25 A5 0C 01 31 06 81 53 FF BC CD AC 4C 4E B8 (19)
                              [N12:Z] TPOS 'S' 255 188 205 172 (-4403796)
2025-08-18 15:28:05:232 [IN ] C8 24 07 0E 25 A5 07 01 31 06 81 45 FF AB 15 46 0A CD B8 (19)
                              [N7:N] TPOS 'E' 255 171 21 70 (-5565114)
2025-08-18 15:28:05:656 [OUT] 25 A5 01 07 31 05 81 FF F3 35 BF A5 39 (13)
                              [N7:N] TPOS 255 243 53 191 (-838209)
2025-08-18 15:28:05:845 [IN ] C8 24 07 0E 25 A5 07 01 31 06 81 53 FF AB 15 46 18 13 B8 (19)
                              [N7:N] TPOS 'S' 255 171 21 70 (-5565114)
2025-08-18 15:28:06:449 [IN ] C8 24 08 0B 25 A5 08 01 31 03 81 5A 52 6A C8 46 C8 24 08 0A 25 A5 08 01 31 02 81 49 06 4A C8 (31)
                              [N8:R] TPOS 'Z' 82 (82)
                              [N8:R] TPOS 'I'
2025-08-18 15:28:06:673 [OUT] 25 A5 01 08 31 03 CA 3D 09 4D 19 (11)
                              [N8:R] RFLAG '=' 9 (9)
2025-08-18 15:28:06:841 [IN ] C8 24 08 0B 25 A5 08 01 31 03 CA 3A 09 4A 1A 46 (16)
                              [N8:R] RFLAG ':' 9 (9)
2025-08-18 15:28:06:861 [OUT] 25 A5 01 08 31 05 81 FF DC 77 1D 2F DE (13)
                              [N8:R] TPOS 255 220 119 29 (-2328803)
2025-08-18 15:28:07:048 [IN ] C8 24 08 0E 25 A5 08 01 31 06 81 53 FF FF FF FF 10 A6 B8 (19)
                              [N8:R] TPOS 'S' 255 255 255 255 (-1)
2025-08-18 15:28:07:855 [IN ] C8 24 05 0B 25 A5 05 01 31 03 81 5A 4C 61 AD FF C8 24 05 0A 25 A5 05 01 31 02 81 49 03 38 AD (31)
                              [N5:V] TPOS 'Z' 76 (76)
                              [N5:V] TPOS 'I'
2025-08-18 15:28:08:082 [OUT] 25 A5 01 05 31 03 C9 3D 09 49 04 (11)
                              [N5:V] LFLAG '=' 9 (9)
2025-08-18 15:28:08:250 [IN ] C8 24 05 0B 25 A5 05 01 31 03 C9 3A 09 46 02 FF (16)
                              [N5:V] LFLAG ':' 9 (9)
2025-08-18 15:28:08:272 [OUT] 25 A5 01 05 31 03 84 00 50 0E 02 (11)
                              [N5:V] VEL 0 80 (80)
2025-08-18 15:28:08:440 [IN ] C8 24 05 0C 25 A5 05 01 31 04 84 53 00 50 62 C2 10 (17)
                              [N5:V] VEL 'S' 0 80 (80)
2025-08-18 15:28:08:462 [OUT] 25 A5 01 05 31 05 81 00 19 82 3C 94 B6 (13)
                              [N5:V] TPOS 0 25 130 60 (1671740)
2025-08-18 15:28:08:651 [IN ] C8 24 05 0E 25 A5 05 01 31 06 81 53 00 00 00 00 11 92 B8 (19)
                              [N5:V] TPOS 'S' 0 0 0 0 (0)
2025-08-18 15:28:12:064 [IN ] C8 24 0C 0E 25 A5 0C 01 31 06 81 45 FF D1 1D B7 AE F2 B8 (19)
                              [N12:Z] TPOS 'E' 255 209 29 183 (-3072585)
2025-08-18 15:28:17:082 [IN ] C8 (1)
2025-08-18 15:28:17:284 [IN ] 24 05 0E 25 A5 05 01 31 06 81 45 00 19 85 93 34 34 B8 (18)
                              [N5:V] TPOS 'E' 0 25 133 147 (1672595)
2025-08-18 15:28:17:709 [OUT] 25 A5 01 05 31 05 81 00 0D 03 C1 8E 19 (13)
                              [N5:V] TPOS 0 13 3 193 (852929)
2025-08-18 15:28:17:898 [IN ] C8 24 05 0E 25 A5 05 01 31 06 81 (11)
2025-08-18 15:28:17:920 [IN ] 53 00 19 85 93 42 7A B8 (8)
                              [N5:V] TPOS 'S' 0 25 133 147 (1672595)
2025-08-18 15:28:19:525 [IN ] C8 24 08 0E 25 A5 08 01 31 06 81 45 FF DC 74 F3 48 D5 B8 (19)
                              [N8:R] TPOS 'E' 255 220 116 243 (-2329357)
2025-08-18 15:28:19:949 [OUT] 25 A5 01 08 31 05 81 FF EE 15 56 18 89 (13)
                              [N8:R] TPOS 255 238 21 86 (-1174186)
2025-08-18 15:28:20:137 [IN ] C8 24 08 0E 25 A5 08 01 31 06 81 53 FF DC 74 F7 5A 1F B8 (19)
                              [N8:R] TPOS 'S' 255 220 116 247 (-2329353)
2025-08-18 15:28:23:749 [IN ] C8 24 05 0E 25 A5 05 01 31 06 81 45 00 0D 02 73 85 EA B8 (19)
                              [N5:V] TPOS 'E' 0 13 2 115 (852595)
2025-08-18 15:28:23:972 [OUT] 25 A5 01 03 31 05 81 FF ED B1 30 88 70 (13)
                              [N3:X] TPOS 255 237 177 48 (-1199824)
2025-08-18 15:28:23:995 [OUT] 25 A5 01 04 31 05 81 FF F3 BD 0C 77 7E (13)
                              [N4:Y] TPOS 255 243 189 12 (-803572)
2025-08-18 15:28:24:164 [IN ] C8 24 03 0E 25 A5 03 01 31 06 81 53 FF FD 4F AF 09 BE B8 (19)
                              [N3:X] TPOS 'S' 255 253 79 175 (-176209)
2025-08-18 15:28:24:310 [IN ] C8 24 04 0E 25 A5 04 01 31 06 81 53 FF FD 4F 3E 99 57 B8 (19)
                              [N4:Y] TPOS 'S' 255 253 79 62 (-176322)
2025-08-18 15:28:26:518 [IN ] C8 24 08 0E 25 A5 08 01 31 06 81 45 FF EE 18 2A 35 8A B8 (19)
                              [N8:R] TPOS 'E' 255 238 24 42 (-1173462)
2025-08-18 15:28:27:926 [IN ] C8 24 04 0E 25 A5 04 01 31 06 81 45 FF F3 BA EB 99 76 B8 (19)
                              [N4:Y] TPOS 'E' 255 243 186 235 (-804117)
2025-08-18 15:28:28:328 [IN ] C8 24 07 0E 25 A5 07 01 31 06 81 45 FF F3 3A 56 87 FF B8 (19)
                              [N7:N] TPOS 'E' 255 243 58 86 (-837034)
2025-08-18 15:28:30:336 [IN ] C8 24 03 0E 25 A5 03 01 31 06 81 45 FF ED AE F4 8F 4B B8 (19)
                              [N3:X] TPOS 'E' 255 237 174 244 (-1200396)
