2025-09-01 14:17:01:421 [OUT] 25 A5 01 0A 31 05 D6 3D FF 00 00 53 ED (13)
                              [N10:HMI] HMILED '=' 255 0 0 (16711680)
2025-09-01 14:17:01:444 [OUT] 25 A5 01 04 31 07 E7 3D 65 00 00 00 2E F4 0A (15)
                              [N4:Y] LONG32VALUE '=' 'e' 0 0 0 46 (46)
2025-09-01 14:17:01:466 [OUT] 25 A5 01 03 31 07 E7 3D 65 00 00 00 B4 79 86 (15)
                              [N3:X] LONG32VALUE '=' 'e' 0 0 0 180 (180)
2025-09-01 14:17:01:615 [IN ] C8 24 0A 0D 25 A5 0A 01 31 05 D6 3A FF 00 00 50 EA 95 (18)
                              [N10:HMI] HMILED ':' 255 0 0 (16711680)
2025-09-01 14:17:01:759 [IN ] C8 24 04 0F 25 A5 04 01 31 07 E7 3A 65 (13)
2025-09-01 14:17:01:785 [IN ] 00 00 00 2E F1 FB 02 (7)
                              [N4:Y] LONG32VALUE ':' 'e' 0 0 0 46 (46)
2025-09-01 14:17:01:806 [OUT] 25 A5 01 04 31 05 81 FF F2 A6 1A 6D 5B (13)
                              [N4:Y] TPOS 255 242 166 26 (-874982)
2025-09-01 14:17:01:870 [IN ] C8 24 0B 0A 25 A5 0B 01 31 02 DE 03 20 D0 00 (15)
                              [N11:NG] NGSWSTATE 3 (3)
2025-09-01 14:17:01:933 [IN ] C8 24 03 0F 25 A5 03 01 31 07 E7 3A 65 00 00 00 B4 76 76 02 (20)
                              [N3:X] LONG32VALUE ':' 'e' 0 0 0 180 (180)
2025-09-01 14:17:01:954 [OUT] 25 A5 01 03 31 05 81 FF F2 AB A3 FA E6 (13)
                              [N3:X] TPOS 255 242 171 163 (-873565)
2025-09-01 14:17:02:017 [IN ] C8 24 04 0E 25 A5 04 01 31 06 81 53 FF F3 B2 B6 6A 77 76 (19)
                              [N4:Y] TPOS 'S' 255 243 178 182 (-806218)
2025-09-01 14:17:02:038 [OUT] 25 A5 01 04 31 01 DB 12 85 (9)
                              [N4:Y] STARTMOVE
2025-09-01 14:17:02:163 [IN ] C8 24 03 0E 25 A5 03 01 31 06 81 53 FF EE 9C 66 FE E2 76 (19)
                              [N3:X] TPOS 'S' 255 238 156 102 (-1139610)
2025-09-01 14:17:02:184 [OUT] 25 A5 01 03 31 01 DB 11 81 (9)
                              [N3:X] STARTMOVE
2025-09-01 14:17:02:248 [IN ] C8 24 04 0A 25 A5 04 01 31 02 DB 01 14 9E 9C (15)
                              [N4:Y] STARTMOVE ''
2025-09-01 14:17:02:333 [IN ] C8 24 03 0A 25 A5 03 01 (8)
2025-09-01 14:17:02:356 [IN ] 31 02 DB 01 13 98 9C (7)
                              [N3:X] STARTMOVE ''
2025-09-01 14:17:02:959 [IN ] C8 24 0B 0A 25 A5 0B 01 31 02 DE 03 20 D0 9C (15)
                              [N11:NG] NGSWSTATE 3 (3)
2025-09-01 14:17:03:361 [IN ] C8 24 04 0E 25 A5 04 01 31 06 81 45 FF F2 A6 F9 92 59 76 (19)
                              [N4:Y] TPOS 'E' 255 242 166 249 (-874759)
2025-09-01 14:17:03:964 [IN ] C8 24 0B 0A 25 A5 0B 01 31 02 DE 03 20 D0 A6 (15)
                              [N11:NG] NGSWSTATE 3 (3)
2025-09-01 14:17:04:166 [IN ] C8 24 03 0E 25 A5 03 01 31 06 81 45 FF F2 AC 5D FB BF 76 (19)
                              [N3:X] TPOS 'E' 255 242 172 93 (-873379)
2025-09-01 14:17:04:594 [OUT] 25 A5 01 04 31 03 84 00 50 0D FC (11)
                              [N4:Y] VEL 0 80 (80)
2025-09-01 14:17:04:616 [OUT] 25 A5 01 03 31 03 84 00 50 0C F6 (11)
                              [N3:X] VEL 0 80 (80)
2025-09-01 14:17:04:637 [OUT] 25 A5 01 09 31 05 81 FF ED 74 6C 8D 62 (13)
                              [N9:P] TPOS 255 237 116 108 (-1215380)
2025-09-01 14:17:04:659 [OUT] 25 A5 01 05 31 05 81 00 0C AA 65 D8 08 (13)
                              [N5:V] TPOS 0 12 170 101 (830053)
2025-09-01 14:17:04:681 [OUT] 25 A5 01 06 31 05 81 00 0C B8 05 87 CC (13)
                              [N6:H] TPOS 0 12 184 5 (833541)
2025-09-01 14:17:04:702 [OUT] 25 A5 01 07 31 05 81 FF E0 47 96 7B FB (13)
                              [N7:N] TPOS 255 224 71 150 (-2078826)
2025-09-01 14:17:04:746 [IN ] C8 24 04 0C 25 A5 04 01 31 04 84 53 00 50 61 BA FB (17)
                              [N4:Y] VEL 'S' 0 80 (80)
2025-09-01 14:17:04:766 [OUT] 25 A5 01 04 31 05 81 FF F1 A4 CC 1C 06 (13)
                              [N4:Y] TPOS 255 241 164 204 (-940852)
2025-09-01 14:17:04:870 [IN ] C8 24 03 0C 25 A5 03 01 31 04 84 53 00 50 60 B2 FB (17)
                              [N3:X] VEL 'S' 0 80 (80)
2025-09-01 14:17:04:891 [OUT] 25 A5 01 03 31 05 81 FF F2 05 F7 A8 EE (13)
                              [N3:X] TPOS 255 242 5 247 (-915977)
2025-09-01 14:17:04:894 [IN ] C8 24 0B 0A 25 A5 0B 01 31 02 DE 03 20 D0 60 (15)
                              [N11:NG] NGSWSTATE 3 (3)
2025-09-01 14:17:04:997 [IN ] C8 24 09 0E 25 A5 09 01 (8)
2025-09-01 14:17:05:020 [IN ] 31 06 81 53 FF EE 12 93 A7 37 76 (11)
                              [N9:P] TPOS 'S' 255 238 18 147 (-1174893)
2025-09-01 14:17:05:144 [IN ] C8 24 05 0E 25 A5 05 01 31 06 81 53 00 0C CF BC A8 10 76 (19)
                              [N5:V] TPOS 'S' 0 12 207 188 (839612)
2025-09-01 14:17:05:249 [IN ] C8 24 06 0E 25 A5 06 01 31 06 81 53 00 0C 8E 5C 08 38 76 (19)
                              [N6:H] TPOS 'S' 0 12 142 92 (822876)
2025-09-01 14:17:05:291 [IN ] C8 24 05 0E 25 A5 05 01 31 06 81 45 00 0C A9 47 FF 09 76 (19)
                              [N5:V] TPOS 'E' 0 12 169 71 (829767)
2025-09-01 14:17:05:355 [IN ] C8 24 09 0E 25 A5 09 01 31 06 81 45 FF ED 71 C9 2D E2 76 (19)
                              [N9:P] TPOS 'E' 255 237 113 201 (-1216055)
2025-09-01 14:17:05:398 [IN ] C8 24 07 0E 25 A5 07 01 31 06 81 53 FF DA 13 C6 C5 1C 76 (19)
                              [N7:N] TPOS 'S' 255 218 19 198 (-2485306)
2025-09-01 14:17:05:421 [IN ] C8 24 06 0E 25 A5 06 01 31 06 81 45 00 0C BA 9E 68 8C 76 (19)
                              [N6:H] TPOS 'E' 0 12 186 158 (834206)
2025-09-01 14:17:05:526 [IN ] C8 24 04 0E 25 A5 04 01 31 06 81 53 FF F2 A6 FA A1 A0 76 (19)
                              [N4:Y] TPOS 'S' 255 242 166 250 (-874758)
2025-09-01 14:17:05:628 [IN ] C8 24 03 0E 25 A5 03 01 31 06 81 53 FF F2 (14)
2025-09-01 14:17:05:650 [IN ] AC 5D 09 05 76 (5)
                              [N3:X] TPOS 'S' 255 242 172 93 (-873379)
2025-09-01 14:17:06:054 [IN ] C8 24 0B 0A 25 A5 0B 01 31 02 DE 03 20 D0 AC C8 24 04 0E 25 A5 04 01 31 06 81 45 FF F1 A2 BA 4E 0F 76 C8 24 03 0E 25 A5 03 01 31 06 81 45 FF F2 04 8D 83 9F 76 (53)
                              [N11:NG] NGSWSTATE 3 (3)
                              [N4:Y] TPOS 'E' 255 241 162 186 (-941382)
                              [N3:X] TPOS 'E' 255 242 4 141 (-916339)
2025-09-01 14:17:07:058 [IN ] C8 24 0B 0A 25 A5 0B 01 31 02 DE 03 20 D0 04 (15)
                              [N11:NG] NGSWSTATE 3 (3)
2025-09-01 14:17:07:461 [IN ] C8 24 07 0E 25 A5 07 01 31 06 81 45 FF E0 4C 01 31 95 76 (19)
                              [N7:N] TPOS 'E' 255 224 76 1 (-2077695)
