2025-09-01 14:12:33:616 [OUT] 25 A5 01 0A 31 05 D6 3D FF 00 00 53 ED (13)
                              [N10:HMI] HMILED '=' 255 0 0 (16711680)
2025-09-01 14:12:33:643 [OUT] 25 A5 01 04 31 07 E7 3D 65 00 00 00 AC 72 88 (15)
                              [N4:Y] LONG32VALUE '=' 'e' 0 0 0 172 (172)
2025-09-01 14:12:33:665 [OUT] 25 A5 01 03 31 07 E7 3D 65 00 00 00 B4 79 86 (15)
                              [N3:X] LONG32VALUE '=' 'e' 0 0 0 180 (180)
2025-09-01 14:12:33:728 [IN ] C8 24 0B 0A 25 A5 0B 01 31 02 DE 00 1D CD 80 (15)
                              [N11:NG] NGSWSTATE 0 (0)
2025-09-01 14:12:33:792 [IN ] C8 24 0A 0D 25 A5 0A 01 31 05 D6 3A FF 00 00 50 EA CD (18)
                              [N10:HMI] HMILED ':' 255 0 0 (16711680)
2025-09-01 14:12:33:957 [IN ] C8 24 04 0F 25 A5 04 01 31 07 E7 3A 65 00 00 00 AC 6F 79 02 (20)
                              [N4:Y] LONG32VALUE ':' 'e' 0 0 0 172 (172)
2025-09-01 14:12:33:978 [OUT] 25 A5 01 04 31 05 81 FF F6 4F F1 F1 90 (13)
                              [N4:Y] TPOS 255 246 79 241 (-634895)
2025-09-01 14:12:34:124 [IN ] C8 24 03 0F 25 A5 03 01 31 07 E7 3A 65 00 00 00 B4 76 76 02 (20)
                              [N3:X] LONG32VALUE ':' 'e' 0 0 0 180 (180)
2025-09-01 14:12:34:145 [OUT] 25 A5 01 03 31 05 81 FF E9 2C FC CB 26 (13)
                              [N3:X] TPOS 255 233 44 252 (-1495812)
2025-09-01 14:12:34:229 [IN ] C8 24 04 0E 25 A5 04 01 31 06 81 53 FF F5 89 20 AD 95 76 (19)
                              [N4:Y] TPOS 'S' 255 245 137 32 (-685792)
2025-09-01 14:12:34:250 [OUT] 25 A5 01 04 31 01 DB 12 85 (9)
                              [N4:Y] STARTMOVE
2025-09-01 14:12:34:356 [IN ] C8 24 03 0E 25 A5 03 01 31 06 81 53 FF E8 5D 12 65 FE 76 (19)
                              [N3:X] TPOS 'S' 255 232 93 18 (-1549038)
2025-09-01 14:12:34:378 [OUT] 25 A5 01 03 31 01 DB 11 81 (9)
                              [N3:X] STARTMOVE
2025-09-01 14:12:34:463 [IN ] C8 24 04 0A 25 A5 04 01 31 02 DB 01 14 9E 5D (15)
                              [N4:Y] STARTMOVE ''
2025-09-01 14:12:34:545 [IN ] C8 24 03 0A 25 A5 03 01 31 02 DB 01 13 98 5D (15)
                              [N3:X] STARTMOVE ''
2025-09-01 14:12:34:748 [IN ] C8 24 0B 0A 25 A5 0B 01 31 02 DE 00 1D CD 5D (15)
                              [N11:NG] NGSWSTATE 0 (0)
2025-09-01 14:12:34:950 [IN ] C8 24 04 0E 25 A5 04 01 31 06 81 45 FF F6 50 CD 14 8D 76 (19)
                              [N4:Y] TPOS 'E' 255 246 80 205 (-634675)
2025-09-01 14:12:35:154 [IN ] C8 24 03 0E 25 A5 03 01 31 06 81 45 FF E9 2D 2B 41 74 76 (19)
                              [N3:X] TPOS 'E' 255 233 45 43 (-1495765)
2025-09-01 14:12:35:577 [OUT] 25 A5 01 04 31 07 E7 3D 65 00 00 00 70 36 4C (15)
                              [N4:Y] LONG32VALUE '=' 'e' 0 0 0 112 (112)
2025-09-01 14:12:35:601 [OUT] 25 A5 01 03 31 07 E7 3D 65 00 00 00 B4 79 86 (15)
                              [N3:X] LONG32VALUE '=' 'e' 0 0 0 180 (180)
2025-09-01 14:12:35:745 [IN ] C8 24 0B 0A 25 A5 0B 01 31 02 DE 00 1D CD 2D (15)
                              [N11:NG] NGSWSTATE 0 (0)
2025-09-01 14:12:35:809 [IN ] C8 24 04 0F 25 A5 04 01 31 07 E7 3A 65 00 00 00 70 33 3D 02 (20)
                              [N4:Y] LONG32VALUE ':' 'e' 0 0 0 112 (112)
2025-09-01 14:12:35:830 [OUT] 25 A5 01 04 31 05 81 FF EF 21 27 F2 55 (13)
                              [N4:Y] TPOS 255 239 33 39 (-1105625)
2025-09-01 14:12:35:934 [IN ] C8 24 03 0F 25 A5 03 01 31 07 E7 3A 65 00 00 00 B4 76 76 02 (20)
                              [N3:X] LONG32VALUE ':' 'e' 0 0 0 180 (180)
2025-09-01 14:12:35:954 [OUT] 25 A5 01 03 31 05 81 FF F4 B2 CF 2F 26 (13)
                              [N3:X] TPOS 255 244 178 207 (-740657)
2025-09-01 14:12:36:079 [IN ] C8 24 04 0E 25 A5 04 01 31 06 81 53 FF F6 50 CD 22 D3 76 (19)
                              [N4:Y] TPOS 'S' 255 246 80 205 (-634675)
2025-09-01 14:12:36:101 [OUT] 25 A5 01 04 31 01 DB 12 85 (9)
                              [N4:Y] STARTMOVE
2025-09-01 14:12:36:204 [IN ] C8 24 03 0E 25 A5 03 01 31 06 81 53 FF E9 2D 2B 4F BA 76 (19)
                              [N3:X] TPOS 'S' 255 233 45 43 (-1495765)
2025-09-01 14:12:36:225 [OUT] 25 A5 01 03 31 01 DB 11 81 (9)
                              [N3:X] STARTMOVE
2025-09-01 14:12:36:291 [IN ] C8 24 04 0A 25 A5 04 01 31 02 DB 01 14 9E 2D (15)
                              [N4:Y] STARTMOVE ''
2025-09-01 14:12:36:374 [IN ] C8 24 03 0A 25 A5 03 01 31 02 DB 01 13 98 2D (15)
                              [N3:X] STARTMOVE ''
2025-09-01 14:12:36:777 [IN ] C8 24 0B 0A 25 A5 0B 01 31 02 DE 00 1D CD 2D (15)
                              [N11:NG] NGSWSTATE 0 (0)
2025-09-01 14:12:37:781 [IN ] C8 24 0B 0A 25 A5 0B 01 31 02 DE 00 1D CD 2D (15)
                              [N11:NG] NGSWSTATE 0 (0)
2025-09-01 14:12:38:784 [IN ] C8 24 0B 0A 25 A5 0B 01 31 02 DE 00 1D CD 2D (15)
                              [N11:NG] NGSWSTATE 0 (0)
2025-09-01 14:12:39:387 [IN ] C8 24 04 0E 25 A5 04 01 31 06 81 45 FF EF 1F 98 A7 E1 76 (19)
                              [N4:Y] TPOS 'E' 255 239 31 152 (-1106024)
2025-09-01 14:12:39:789 [IN ] C8 24 0B 0A 25 A5 0B 01 31 02 DE 00 1D CD 1F (15)
                              [N11:NG] NGSWSTATE 0 (0)
2025-09-01 14:12:40:793 [IN ] C8 24 0B 0A 25 A5 0B 01 31 02 DE 00 1D CD 1F (15)
                              [N11:NG] NGSWSTATE 0 (0)
2025-09-01 14:12:40:995 [IN ] C8 24 03 0E 25 A5 03 01 31 06 81 45 FF F4 4D 34 75 DE 76 (19)
                              [N3:X] TPOS 'E' 255 244 77 52 (-766668)
