2025-09-01 11:00:43:026 [OUT] 25 A5 01 0B 31 03 88 00 64 2C 46 (11)
                              [N11:NG] RUN 0 100 (100)
2025-09-01 11:00:43:048 [OUT] 25 A5 01 0A 31 05 D6 3D FF 00 00 53 ED (13)
                              [N10:HMI] HMILED '=' 255 0 0 (16711680)
2025-09-01 11:00:43:071 [OUT] 25 A5 01 0C 31 05 81 FF DB 6A 9A A2 5E (13)
                              [N12:Z] TPOS 255 219 106 154 (-2397542)
2025-09-01 11:00:43:194 [IN ] C8 24 0B 0C 25 A5 0B 01 31 04 88 53 00 64 80 16 EB (17)
                              [N11:NG] RUN 'S' 0 100 (100)
2025-09-01 11:00:43:317 [IN ] C8 24 0A 0D 25 A5 0A 01 31 05 D6 3A FF 00 00 50 EA 1A (18)
                              [N10:HMI] HMILED ':' 255 0 0 (16711680)
2025-09-01 11:00:43:462 [IN ] C8 24 0C 0E 25 A5 0C 01 31 06 81 53 FF D4 57 41 83 3F 0A (19)
                              [N12:Z] TPOS 'S' 255 212 87 65 (-2861247)
2025-09-01 11:00:43:663 [IN ] C8 24 0B 0A 25 A5 0B 01 31 02 DE 00 1D CD 57 (15)
                              [N11:NG] NGSWSTATE 0 (0)
2025-09-01 11:00:44:667 [IN ] C8 24 0B 0A 25 A5 0B 01 31 02 DE 00 1D CD 57 (15)
                              [N11:NG] NGSWSTATE 0 (0)
2025-09-01 11:00:45:670 [IN ] C8 24 0B 0A 25 A5 0B 01 31 02 DE 00 1D CD 57 (15)
                              [N11:NG] NGSWSTATE 0 (0)
2025-09-01 11:00:46:073 [IN ] C8 24 0C 0E 25 A5 0C 01 31 06 81 45 FF DB 6D 2D 7E 26 0A (19)
                              [N12:Z] TPOS 'E' 255 219 109 45 (-2396883)
