2025-09-01 13:53:25:908 [OUT] 25 A5 01 0A 31 05 D6 3D FF 00 00 53 ED (13)
                              [N10:HMI] HMILED '=' 255 0 0 (16711680)
2025-09-01 13:53:25:930 [OUT] 25 A5 01 04 31 07 E7 3D 65 00 00 00 B4 7A 90 (15)
                              [N4:Y] LONG32VALUE '=' 'e' 0 0 0 180 (180)
2025-09-01 13:53:25:951 [OUT] 25 A5 01 03 31 07 E7 3D 65 00 00 00 68 2D 3A (15)
                              [N3:X] LONG32VALUE '=' 'e' 0 0 0 104 (104)
2025-09-01 13:53:26:074 [IN ] C8 24 0A 0D 25 A5 0A 01 31 05 D6 3A FF 00 00 50 EA C8 (18)
                              [N10:HMI] HMILED ':' 255 0 0 (16711680)
2025-09-01 13:53:26:280 [IN ] C8 24 04 0F 25 A5 04 01 31 07 E7 3A 65 00 00 00 B4 77 81 A5 (20)
                              [N4:Y] LONG32VALUE ':' 'e' 0 0 0 180 (180)
2025-09-01 13:53:26:301 [OUT] 25 A5 01 04 31 05 81 FF EF 2A 46 1A 86 (13)
                              [N4:Y] TPOS 255 239 42 70 (-1103290)
2025-09-01 13:53:26:404 [IN ] C8 24 03 0F 25 A5 03 01 31 07 E7 3A 65 00 00 00 68 2A 2A A5 (20)
                              [N3:X] LONG32VALUE ':' 'e' 0 0 0 104 (104)
2025-09-01 13:53:26:425 [OUT] 25 A5 01 03 31 05 81 FF F3 D7 B6 3A 54 (13)
                              [N3:X] TPOS 255 243 215 182 (-796746)
2025-09-01 13:53:26:507 [IN ] C8 24 04 (3)
2025-09-01 13:53:26:529 [IN ] 0E 25 A5 04 01 31 06 81 53 FF EE 21 7E 9C 0E 2A (16)
                              [N4:Y] TPOS 'S' 255 238 33 126 (-1171074)
2025-09-01 13:53:26:550 [OUT] 25 A5 01 04 31 01 DB 12 85 (9)
                              [N4:Y] STARTMOVE
2025-09-01 13:53:26:632 [IN ] C8 24 0B 0A 25 A5 0B 01 31 02 DE 00 1D CD 21 (15)
                              [N11:NG] NGSWSTATE 0 (0)
2025-09-01 13:53:26:655 [IN ] C8 24 03 0E 25 A5 03 01 31 06 81 53 FF F3 3E 32 71 01 2A (19)
                              [N3:X] TPOS 'S' 255 243 62 50 (-836046)
2025-09-01 13:53:26:676 [OUT] 25 A5 01 03 31 01 DB 11 81 (9)
                              [N3:X] STARTMOVE
2025-09-01 13:53:26:738 [IN ] C8 24 04 0A 25 A5 04 01 31 02 DB 01 14 9E 3E (15)
                              [N4:Y] STARTMOVE ''
2025-09-01 13:53:26:841 [IN ] C8 24 03 0A 25 A5 03 01 31 02 DB 01 13 98 3E (15)
                              [N3:X] STARTMOVE ''
2025-09-01 13:53:27:244 [IN ] C8 24 03 0E 25 A5 03 01 31 06 81 45 FF F3 D7 F1 BB AC 2A C8 24 04 0E 25 A5 04 01 31 06 81 45 FF EF 2B 98 B3 F9 2A (38)
                              [N3:X] TPOS 'E' 255 243 215 241 (-796687)
                              [N4:Y] TPOS 'E' 255 239 43 152 (-1102952)
2025-09-01 13:53:27:647 [IN ] C8 24 0B 0A 25 A5 0B 01 31 02 DE 00 1D CD 2B (15)
                              [N11:NG] NGSWSTATE 0 (0)
2025-09-01 13:53:27:668 [OUT] 25 A5 01 04 31 03 84 00 50 0D FC (11)
                              [N4:Y] VEL 0 80 (80)
2025-09-01 13:53:27:690 [OUT] 25 A5 01 03 31 03 84 00 50 0C F6 (11)
                              [N3:X] VEL 0 80 (80)
2025-09-01 13:53:27:834 [IN ] C8 24 04 0C 25 A5 04 01 31 04 84 53 00 50 61 BA B3 (17)
                              [N4:Y] VEL 'S' 0 80 (80)
2025-09-01 13:53:27:856 [OUT] 25 A5 01 04 31 05 81 FF FF 8D 56 9D 8C (13)
                              [N4:Y] TPOS 255 255 141 86 (-29354)
2025-09-01 13:53:27:960 [IN ] C8 24 03 0C 25 A5 03 01 31 04 84 53 00 50 60 B2 B3 (17)
                              [N3:X] VEL 'S' 0 80 (80)
2025-09-01 13:53:27:981 [OUT] 25 A5 01 03 31 05 81 FF E3 C6 AF 12 FB (13)
                              [N3:X] TPOS 255 227 198 175 (-1849681)
2025-09-01 13:53:28:084 [IN ] C8 24 04 0E 25 A5 04 01 31 06 81 53 FF EF 2B 98 C1 3F 2A (19)
                              [N4:Y] TPOS 'S' 255 239 43 152 (-1102952)
2025-09-01 13:53:28:227 [IN ] C8 24 03 0E 25 A5 03 01 31 06 81 53 FF F3 D7 F2 CA F3 2A (19)
                              [N3:X] TPOS 'S' 255 243 215 242 (-796686)
2025-09-01 13:53:28:830 [IN ] C8 24 0B 0A 25 A5 0B 01 31 02 DE 00 1D CD D7 (15)
                              [N11:NG] NGSWSTATE 0 (0)
2025-09-01 13:53:29:833 [IN ] C8 24 0B 0A 25 A5 0B 01 31 02 DE 00 1D CD D7 (15)
                              [N11:NG] NGSWSTATE 0 (0)
2025-09-01 13:53:30:836 [IN ] C8 24 0B 0A 25 A5 0B 01 31 02 DE 00 1D CD D7 (15)
                              [N11:NG] NGSWSTATE 0 (0)
2025-09-01 13:53:31:839 [IN ] C8 24 0B 0A 25 A5 0B 01 31 02 DE 00 1D CD D7 (15)
                              [N11:NG] NGSWSTATE 0 (0)
2025-09-01 13:53:32:843 [IN ] C8 24 0B 0A 25 A5 0B 01 31 02 DE 00 1D CD D7 (15)
                              [N11:NG] NGSWSTATE 0 (0)
2025-09-01 13:53:33:847 [IN ] C8 24 0B 0A 25 A5 0B 01 31 02 DE 00 1D CD D7 (15)
                              [N11:NG] NGSWSTATE 0 (0)
2025-09-01 13:53:34:850 [IN ] C8 24 0B 0A 25 A5 0B 01 31 02 DE 00 1D CD D7 (15)
                              [N11:NG] NGSWSTATE 0 (0)
2025-09-01 13:53:35:252 [IN ] C8 24 03 0E 25 A5 03 01 31 06 81 45 FF E3 C4 BB 62 20 2A (19)
                              [N3:X] TPOS 'E' 255 227 196 187 (-1850181)
2025-09-01 13:53:35:855 [IN ] C8 24 0B 0A 25 A5 0B 01 31 02 DE 00 1D CD C4 (15)
                              [N11:NG] NGSWSTATE 0 (0)
2025-09-01 13:53:36:858 [IN ] C8 24 0B 0A 25 A5 0B 01 31 02 DE 00 1D CD C4 (15)
                              [N11:NG] NGSWSTATE 0 (0)
2025-09-01 13:53:37:861 [IN ] C8 24 0B 0A 25 A5 0B 01 31 02 DE 00 1D CD C4 C8 24 04 0E 25 A5 04 01 31 06 81 45 FF FF 8C C1 4D 14 2A (34)
                              [N11:NG] NGSWSTATE 0 (0)
                              [N4:Y] TPOS 'E' 255 255 140 193 (-29503)
