2025-09-01 13:50:26:788 [OUT] 25 A5 01 0A 31 05 D6 3D FF 00 00 53 ED (13)
                              [N10:HMI] HMILED '=' 255 0 0 (16711680)
2025-09-01 13:50:26:811 [OUT] 25 A5 01 04 31 07 E7 3D 65 00 00 00 B4 7A 90 (15)
                              [N4:Y] LONG32VALUE '=' 'e' 0 0 0 180 (180)
2025-09-01 13:50:26:833 [OUT] 25 A5 01 03 31 07 E7 3D 65 00 00 00 B2 77 84 (15)
                              [N3:X] LONG32VALUE '=' 'e' 0 0 0 178 (178)
2025-09-01 13:50:26:976 [IN ] C8 24 0A 0D 25 A5 0A 01 31 05 D6 3A FF 00 00 50 EA EC (18)
                              [N10:HMI] HMILED ':' 255 0 0 (16711680)
2025-09-01 13:50:27:120 [IN ] C8 24 04 0F 25 A5 04 01 31 07 E7 3A 65 00 00 00 B4 77 81 04 (20)
                              [N4:Y] LONG32VALUE ':' 'e' 0 0 0 180 (180)
2025-09-01 13:50:27:143 [OUT] 25 A5 01 04 31 05 81 FF F6 58 9F A8 50 (13)
                              [N4:Y] TPOS 255 246 88 159 (-632673)
2025-09-01 13:50:27:225 [IN ] C8 24 0B 0A 25 A5 0B 01 31 02 DE 00 1D CD 00 (15)
                              [N11:NG] NGSWSTATE 0 (0)
2025-09-01 13:50:27:286 [IN ] C8 24 03 0F 25 A5 03 01 31 07 E7 3A 65 00 00 00 B2 74 74 04 (20)
                              [N3:X] LONG32VALUE ':' 'e' 0 0 0 178 (178)
2025-09-01 13:50:27:307 [OUT] 25 A5 01 03 31 05 81 FF EA C4 CA 32 27 (13)
                              [N3:X] TPOS 255 234 196 202 (-1391414)
2025-09-01 13:50:27:410 [IN ] C8 24 04 0E 25 A5 04 01 31 06 81 53 FF F5 8E 2E C0 AD 74 (19)
                              [N4:Y] TPOS 'S' 255 245 142 46 (-684498)
2025-09-01 13:50:27:431 [OUT] 25 A5 01 04 31 01 DB 12 85 (9)
                              [N4:Y] STARTMOVE
2025-09-01 13:50:27:534 [IN ] C8 24 03 0E 25 A5 03 01 31 06 81 53 FF E9 FC 55 48 82 74 (19)
                              [N3:X] TPOS 'S' 255 233 252 85 (-1442731)
2025-09-01 13:50:27:555 [OUT] 25 A5 01 03 31 01 DB 11 81 (9)
                              [N3:X] STARTMOVE
2025-09-01 13:50:27:618 [IN ] C8 24 04 0A 25 A5 04 01 31 02 DB 01 14 9E FC (15)
                              [N4:Y] STARTMOVE ''
2025-09-01 13:50:27:700 [IN ] C8 24 03 0A 25 A5 03 01 31 02 DB 01 13 98 FC (15)
                              [N3:X] STARTMOVE ''
2025-09-01 13:50:28:102 [IN ] C8 24 04 0E 25 A5 04 01 31 06 81 45 FF F6 59 B9 09 8B 74 (19)
                              [N4:Y] TPOS 'E' 255 246 89 185 (-632391)
2025-09-01 13:50:28:303 [IN ] C8 24 03 0E 25 A5 03 01 31 06 81 45 FF EA C4 F5 A3 6F 74 C8 24 0B 0A 25 A5 0B 01 31 02 DE 00 1D CD C4 (34)
                              [N3:X] TPOS 'E' 255 234 196 245 (-1391371)
                              [N11:NG] NGSWSTATE 0 (0)
2025-09-01 13:50:28:728 [OUT] 25 A5 01 04 31 07 E7 3D 65 00 00 00 4E 14 2A (15)
                              [N4:Y] LONG32VALUE '=' 'e' 0 0 0 78 (78)
2025-09-01 13:50:28:750 [OUT] 25 A5 01 03 31 07 E7 3D 65 00 00 00 B4 79 86 (15)
                              [N3:X] LONG32VALUE '=' 'e' 0 0 0 180 (180)
2025-09-01 13:50:28:953 [IN ] C8 24 04 0F 25 A5 04 01 31 07 E7 3A 65 00 00 00 4E 11 1B 04 (20)
                              [N4:Y] LONG32VALUE ':' 'e' 0 0 0 78 (78)
2025-09-01 13:50:28:974 [OUT] 25 A5 01 04 31 05 81 FF F2 34 C0 A1 1D (13)
                              [N4:Y] TPOS 255 242 52 192 (-904000)
2025-09-01 13:50:29:096 [IN ] C8 24 03 0F 25 A5 03 01 31 07 E7 3A 65 00 00 00 B4 76 76 04 (20)
                              [N3:X] LONG32VALUE ':' 'e' 0 0 0 180 (180)
2025-09-01 13:50:29:118 [OUT] 25 A5 01 03 31 05 81 FF F4 3F 86 73 F7 (13)
                              [N3:X] TPOS 255 244 63 134 (-770170)
2025-09-01 13:50:29:221 [IN ] C8 24 04 0E 25 A5 04 01 31 06 81 53 FF F6 59 B9 17 D1 76 (19)
                              [N4:Y] TPOS 'S' 255 246 89 185 (-632391)
2025-09-01 13:50:29:243 [OUT] 25 A5 01 04 31 01 DB 12 85 (9)
                              [N4:Y] STARTMOVE
2025-09-01 13:50:29:244 [IN ] C8 24 0B 0A 25 A5 0B 01 31 02 DE 00 1D CD 59 (15)
                              [N11:NG] NGSWSTATE 0 (0)
2025-09-01 13:50:29:326 [IN ] C8 24 03 0E 25 A5 03 01 31 06 81 53 FF EA C4 F5 B1 B5 76 (19)
                              [N3:X] TPOS 'S' 255 234 196 245 (-1391371)
2025-09-01 13:50:29:346 [OUT] 25 A5 01 03 31 01 DB 11 81 (9)
                              [N3:X] STARTMOVE
2025-09-01 13:50:29:450 [IN ] C8 24 04 0A 25 A5 04 01 31 02 DB 01 14 9E C4 (15)
                              [N4:Y] STARTMOVE ''
2025-09-01 13:50:29:531 [IN ] C8 24 03 0A 25 A5 03 01 31 02 DB 01 13 98 C4 (15)
                              [N3:X] STARTMOVE ''
2025-09-01 13:50:30:333 [IN ] C8 24 0B 0A 25 A5 0B 01 31 02 DE 00 1D CD C4 (15)
                              [N11:NG] NGSWSTATE 0 (0)
2025-09-01 13:50:31:337 [IN ] C8 24 0B 0A 25 A5 0B 01 31 02 DE 00 1D CD C4 (15)
                              [N11:NG] NGSWSTATE 0 (0)
2025-09-01 13:50:31:938 [IN ] C8 24 04 0E 25 A5 04 01 31 06 81 45 FF F2 34 74 9B F0 76 (19)
                              [N4:Y] TPOS 'E' 255 242 52 116 (-904076)
2025-09-01 13:50:32:340 [IN ] C8 24 0B 0A 25 A5 0B 01 31 02 DE 00 1D CD 34 (15)
                              [N11:NG] NGSWSTATE 0 (0)
2025-09-01 13:50:33:342 [IN ] C8 24 0B 0A 25 A5 0B 01 31 02 DE 00 1D CD 34 (15)
                              [N11:NG] NGSWSTATE 0 (0)
2025-09-01 13:50:33:544 [IN ] C8 24 03 0E 25 A5 03 01 31 06 81 45 FF F4 40 64 98 F4 76 (19)
                              [N3:X] TPOS 'E' 255 244 64 100 (-769948)
2025-09-01 13:50:33:970 [OUT] 25 A5 01 04 31 03 84 00 50 0D FC (11)
                              [N4:Y] VEL 0 80 (80)
2025-09-01 13:50:33:992 [OUT] 25 A5 01 03 31 03 84 00 50 0C F6 (11)
                              [N3:X] VEL 0 80 (80)
2025-09-01 13:50:34:014 [OUT] 25 A5 01 09 31 05 81 FF E9 0D 61 17 7D (13)
                              [N9:P] TPOS 255 233 13 97 (-1503903)
2025-09-01 13:50:34:035 [OUT] 25 A5 01 05 31 05 81 00 0C C3 9E 2A 73 (13)
                              [N5:V] TPOS 0 12 195 158 (836510)
2025-09-01 13:50:34:057 [OUT] 25 A5 01 06 31 05 81 00 0C 94 4D AB CC (13)
                              [N6:H] TPOS 0 12 148 77 (824397)
2025-09-01 13:50:34:078 [OUT] 25 A5 01 07 31 05 81 FF ED AE 07 60 61 (13)
                              [N7:N] TPOS 255 237 174 7 (-1200633)
2025-09-01 13:50:34:100 [OUT] 25 A5 01 08 31 05 81 FF F4 3D 40 30 D5 (13)
                              [N8:R] TPOS 255 244 61 64 (-770752)
2025-09-01 13:50:34:145 [IN ] C8 24 04 0C 25 A5 04 01 31 04 84 53 00 50 61 BA 98 (17)
                              [N4:Y] VEL 'S' 0 80 (80)
2025-09-01 13:50:34:166 [OUT] 25 A5 01 04 31 05 81 FF F1 2B 81 58 C9 (13)
                              [N4:Y] TPOS 255 241 43 129 (-971903)
2025-09-01 13:50:34:249 [IN ] C8 24 03 0C 25 A5 03 01 31 04 84 53 00 50 60 B2 98 (17)
                              [N3:X] VEL 'S' 0 80 (80)
2025-09-01 13:50:34:270 [OUT] 25 A5 01 03 31 05 81 FF F3 A0 40 8D 70 (13)
                              [N3:X] TPOS 255 243 160 64 (-810944)
2025-09-01 13:50:34:291 [IN ] C8 24 0B 0A 25 A5 0B 01 31 02 DE 00 1D CD 60 (15)
                              [N11:NG] NGSWSTATE 0 (0)
2025-09-01 13:50:34:394 [IN ] C8 24 09 0E 25 A5 09 01 31 06 81 53 FF E9 FC CF C8 38 76 (19)
                              [N9:P] TPOS 'S' 255 233 252 207 (-1442609)
2025-09-01 13:50:34:496 [IN ] C8 24 05 0E 25 A5 05 01 31 06 81 53 00 0C D5 11 03 71 76 (19)
                              [N5:V] TPOS 'S' 0 12 213 17 (840977)
2025-09-01 13:50:34:640 [IN ] C8 24 05 0E 25 A5 05 01 31 06 81 45 00 0C C3 25 F7 1B 76 C8 24 06 0E 25 A5 06 01 31 06 81 53 00 0C 40 F2 50 32 76 (38)
                              [N5:V] TPOS 'E' 0 12 195 37 (836389)
                              [N6:H] TPOS 'S' 0 12 64 242 (803058)
2025-09-01 13:50:34:764 [IN ] C8 24 07 0E 25 A5 07 01 31 06 81 53 FF E5 FF 3A 30 89 76 (19)
                              [N7:N] TPOS 'S' 255 229 255 58 (-1704134)
2025-09-01 13:50:34:846 [IN ] C8 24 06 0E 25 A5 06 01 31 06 81 45 (12)
2025-09-01 13:50:34:868 [IN ] 00 0C 96 E2 88 88 76 C8 24 09 0E 25 A5 09 01 31 06 81 45 FF E9 0B 8C 86 CD 76 (26)
                              [N6:H] TPOS 'E' 0 12 150 226 (825058)
                              [N9:P] TPOS 'E' 255 233 11 140 (-1504372)
2025-09-01 13:50:34:890 [IN ] C8 24 08 0E 25 A5 08 01 31 06 81 53 FF E6 25 D1 EF 79 76 (19)
                              [N8:R] TPOS 'S' 255 230 37 209 (-1694255)
2025-09-01 13:50:35:014 [IN ] C8 24 04 0E 25 A5 04 01 31 06 81 53 FF F2 34 74 A9 36 76 (19)
                              [N4:Y] TPOS 'S' 255 242 52 116 (-904076)
2025-09-01 13:50:35:156 [IN ] C8 24 03 0E 25 A5 03 01 31 06 81 53 FF F4 40 64 A6 3A 76 (19)
                              [N3:X] TPOS 'S' 255 244 64 100 (-769948)
2025-09-01 13:50:35:358 [IN ] C8 24 0B 0A 25 A5 0B 01 31 02 DE 00 1D CD 40 (15)
                              [N11:NG] NGSWSTATE 0 (0)
2025-09-01 13:50:35:558 [IN ] C8 24 04 0E 25 A5 04 01 31 06 81 45 FF F1 29 68 83 CB 76 C8 24 03 0E 25 A5 03 01 31 06 81 45 FF F3 9E F3 84 3C 76 (38)
                              [N4:Y] TPOS 'E' 255 241 41 104 (-972440)
                              [N3:X] TPOS 'E' 255 243 158 243 (-811277)
2025-09-01 13:50:36:361 [IN ] C8 24 0B 0A 25 A5 0B 01 31 02 DE 00 1D CD 9E (15)
                              [N11:NG] NGSWSTATE 0 (0)
2025-09-01 13:50:37:363 [IN ] C8 24 07 0E 25 A5 07 01 31 06 81 45 FF ED B2 49 EC D0 76 C8 24 0B 0A 25 A5 0B 01 31 02 DE 00 1D CD B2 (34)
                              [N7:N] TPOS 'E' 255 237 178 73 (-1199543)
                              [N11:NG] NGSWSTATE 0 (0)
2025-09-01 13:50:38:366 [IN ] C8 24 0B 0A 25 A5 0B 01 31 02 DE 00 1D CD B2 (15)
                              [N11:NG] NGSWSTATE 0 (0)
2025-09-01 13:50:39:369 [IN ] C8 24 0B 0A 25 A5 0B 01 31 02 DE 00 1D CD B2 (15)
                              [N11:NG] NGSWSTATE 0 (0)
2025-09-01 13:50:39:971 [IN ] C8 24 08 0E 25 A5 08 01 31 06 81 45 FF F4 40 91 CA 53 76 (19)
                              [N8:R] TPOS 'E' 255 244 64 145 (-769903)
