2025-09-01 13:39:30:881 [OUT] 25 A5 01 09 31 04 E4 3D 00 00 60 C8 (12)
                              [N9:P] LOGPOS '=' 0 0 (0)
2025-09-01 13:39:30:904 [OUT] 25 A5 01 0A 31 05 D6 3D FF 00 00 53 ED (13)
                              [N10:HMI] HMILED '=' 255 0 0 (16711680)
2025-09-01 13:39:31:007 [IN ] C8 24 09 0D 25 A5 09 01 31 05 82 FF F2 8D 7B BB BF D7 (18)
                              [N9:P] GETPOS 255 242 141 123 (-881285)
2025-09-01 13:39:31:028 [IN ] C8 24 0B 0A 25 A5 0B 01 31 02 DE 03 20 D0 7B (15)
                              [N11:NG] NGSWSTATE 3 (3)
2025-09-01 13:39:31:069 [IN ] C8 24 09 0C 25 A5 09 01 31 04 E4 3A 00 00 5D C7 BF (17)
                              [N9:P] LOGPOS ':' 0 0 (0)
2025-09-01 13:39:31:092 [OUT] 25 A5 01 09 31 03 84 00 50 12 1A (11)
                              [N9:P] VEL 0 80 (80)
2025-09-01 13:39:31:174 [IN ] C8 24 0A 0D 25 A5 0A 01 (8)
2025-09-01 13:39:31:195 [IN ] 31 05 D6 3A FF 00 00 50 EA D7 (10)
                              [N10:HMI] HMILED ':' 255 0 0 (16711680)
2025-09-01 13:39:31:298 [IN ] C8 24 09 0C 25 A5 09 01 31 04 84 53 00 50 66 E2 EA (17)
                              [N9:P] VEL 'S' 0 80 (80)
2025-09-01 13:39:31:320 [OUT] 25 A5 01 09 31 05 81 FF E7 6E 6D 82 45 (13)
                              [N9:P] TPOS 255 231 110 109 (-1610131)
2025-09-01 13:39:31:504 [IN ] C8 24 09 0E 25 A5 09 01 31 06 81 53 FF F2 8D 7B 0E 21 0A (19)
                              [N9:P] TPOS 'S' 255 242 141 123 (-881285)
2025-09-01 13:39:32:107 [IN ] C8 24 0B 0A 25 A5 0B 01 31 02 DE 03 20 D0 8D (15)
                              [N11:NG] NGSWSTATE 3 (3)
2025-09-01 13:39:33:108 [IN ] C8 24 0B 0A 25 A5 0B 01 31 02 DE 03 20 D0 8D (15)
                              [N11:NG] NGSWSTATE 3 (3)
2025-09-01 13:39:34:111 [IN ] C8 24 0B 0A 25 A5 0B 01 31 02 DE 03 20 D0 8D (15)
                              [N11:NG] NGSWSTATE 3 (3)
2025-09-01 13:39:35:114 [IN ] C8 24 0B 0A 25 A5 0B 01 31 02 DE 03 20 D0 8D (15)
                              [N11:NG] NGSWSTATE 3 (3)
