2025-09-01 15:59:01:702 [OUT] 25 A5 01 0A 31 05 D6 3D FF 00 00 53 ED (13)
                              [N10:HMI] HMILED '=' 255 0 0 (16711680)
2025-09-01 15:59:01:725 [OUT] 25 A5 01 04 31 07 E7 3D 65 00 00 00 B4 7A 90 (15)
                              [N4:Y] LONG32VALUE '=' 'e' 0 0 0 180 (180)
2025-09-01 15:59:01:747 [OUT] 25 A5 01 03 31 07 E7 3D 65 00 00 00 62 27 34 (15)
                              [N3:X] LONG32VALUE '=' 'e' 0 0 0 98 (98)
2025-09-01 15:59:01:891 [IN ] C8 24 0A 0D 25 A5 0A 01 31 05 D6 3A FF 00 00 50 EA 30 (18)
                              [N10:HMI] HMILED ':' 255 0 0 (16711680)
2025-09-01 15:59:02:058 [IN ] C8 24 04 0F 25 A5 04 01 31 07 E7 3A 65 00 00 00 B4 77 81 02 (20)
                              [N4:Y] LONG32VALUE ':' 'e' 0 0 0 180 (180)
2025-09-01 15:59:02:079 [OUT] 25 A5 01 04 31 05 81 FF EF 2F CE A7 18 (13)
                              [N4:Y] TPOS 255 239 47 206 (-1101874)
2025-09-01 15:59:02:202 [IN ] C8 24 03 0F 25 A5 03 01 31 07 E7 3A 65 00 00 00 62 24 24 02 (20)
                              [N3:X] LONG32VALUE ':' 'e' 0 0 0 98 (98)
2025-09-01 15:59:02:223 [OUT] 25 A5 01 03 31 05 81 FF F1 39 84 68 E0 (13)
                              [N3:X] TPOS 255 241 57 132 (-968316)
2025-09-01 15:59:02:306 [IN ] C8 24 04 0E 25 A5 (6)
2025-09-01 15:59:02:328 [IN ] 04 01 31 06 81 53 FF EE 23 E0 00 74 24 (13)
                              [N4:Y] TPOS 'S' 255 238 35 224 (-1170464)
2025-09-01 15:59:02:350 [OUT] 25 A5 01 04 31 01 DB 12 85 (9)
                              [N4:Y] STARTMOVE
2025-09-01 15:59:02:372 [IN ] C8 24 0B 0A 25 A5 0B 01 31 02 DE 00 1D CD 23 (15)
                              [N11:NG] NGSWSTATE 0 (0)
2025-09-01 15:59:02:454 [IN ] C8 24 03 0E 25 A5 03 01 31 06 81 53 FF F0 A7 2B D0 C3 24 (19)
                              [N3:X] TPOS 'S' 255 240 167 43 (-1005781)
2025-09-01 15:59:02:476 [OUT] 25 A5 01 03 31 01 DB 11 81 (9)
                              [N3:X] STARTMOVE
2025-09-01 15:59:02:517 [IN ] C8 24 04 0A 25 A5 04 01 31 02 DB 01 14 9E A7 (15)
                              [N4:Y] STARTMOVE ''
2025-09-01 15:59:02:640 [IN ] C8 24 03 0A 25 A5 03 01 31 02 DB 01 13 98 A7 (15)
                              [N3:X] STARTMOVE ''
2025-09-01 15:59:03:041 [IN ] C8 24 03 0E 25 A5 03 01 31 06 81 45 FF F1 39 94 BE 0D 24 C8 24 04 0E 25 A5 04 01 31 06 81 45 FF EF 30 D0 F0 3B 24 (38)
                              [N3:X] TPOS 'E' 255 241 57 148 (-968300)
                              [N4:Y] TPOS 'E' 255 239 48 208 (-1101616)
2025-09-01 15:59:03:444 [IN ] C8 24 0B 0A 25 A5 0B 01 31 02 DE 00 1D CD 30 (15)
                              [N11:NG] NGSWSTATE 0 (0)
2025-09-01 15:59:03:465 [OUT] 25 A5 01 04 31 03 84 00 50 0D FC (11)
                              [N4:Y] VEL 0 80 (80)
2025-09-01 15:59:03:487 [OUT] 25 A5 01 03 31 03 84 00 50 0C F6 (11)
                              [N3:X] VEL 0 80 (80)
2025-09-01 15:59:03:631 [IN ] C8 24 04 0C 25 A5 04 01 31 04 84 53 00 50 61 BA F0 (17)
                              [N4:Y] VEL 'S' 0 80 (80)
2025-09-01 15:59:03:652 [OUT] 25 A5 01 04 31 05 81 FF FF 8D 56 9D 8C (13)
                              [N4:Y] TPOS 255 255 141 86 (-29354)
2025-09-01 15:59:03:756 [IN ] C8 24 03 0C 25 A5 03 01 31 04 84 53 00 50 60 B2 F0 (17)
                              [N3:X] VEL 'S' 0 80 (80)
2025-09-01 15:59:03:778 [OUT] 25 A5 01 03 31 05 81 FF EB CA 6E DD DA (13)
                              [N3:X] TPOS 255 235 202 110 (-1324434)
2025-09-01 15:59:03:862 [IN ] C8 24 04 0E 25 A5 04 01 31 06 81 53 FF EF 30 D0 FE 81 24 (19)
                              [N4:Y] TPOS 'S' 255 239 48 208 (-1101616)
2025-09-01 15:59:04:005 [IN ] C8 24 03 0E 25 A5 03 01 31 06 81 53 FF F1 39 94 CC 53 24 (19)
                              [N3:X] TPOS 'S' 255 241 57 148 (-968300)
2025-09-01 15:59:04:407 [IN ] C8 24 0B 0A 25 A5 0B 01 31 02 DE 00 1D CD 39 (15)
                              [N11:NG] NGSWSTATE 0 (0)
2025-09-01 15:59:05:411 [IN ] C8 24 0B 0A 25 A5 0B 01 31 02 DE 00 1D CD 39 (15)
                              [N11:NG] NGSWSTATE 0 (0)
2025-09-01 15:59:06:413 [IN ] C8 24 03 0E 25 A5 03 01 31 06 81 45 FF EB C9 0B BF 92 24 C8 24 0B 0A 25 A5 0B 01 31 02 DE 00 1D CD C9 (34)
                              [N3:X] TPOS 'E' 255 235 201 11 (-1324789)
                              [N11:NG] NGSWSTATE 0 (0)
2025-09-01 15:59:07:417 [IN ] C8 24 0B 0A 25 A5 0B 01 31 02 DE 00 1D CD C9 (15)
                              [N11:NG] NGSWSTATE 0 (0)
2025-09-01 15:59:08:420 [IN ] C8 24 0B 0A 25 A5 0B 01 31 02 DE 00 1D CD C9 (15)
                              [N11:NG] NGSWSTATE 0 (0)
2025-09-01 15:59:09:422 [IN ] C8 24 0B 0A 25 A5 0B 01 31 02 DE 00 1D CD C9 (15)
                              [N11:NG] NGSWSTATE 0 (0)
2025-09-01 15:59:10:426 [IN ] C8 24 0B 0A 25 A5 0B 01 31 02 DE 00 1D CD C9 (15)
                              [N11:NG] NGSWSTATE 0 (0)
2025-09-01 15:59:11:629 [IN ] C8 24 0B 0A 25 A5 0B 01 31 02 DE 00 1D CD C9 (15)
                              [N11:NG] NGSWSTATE 0 (0)
2025-09-01 15:59:12:632 [IN ] C8 24 0B 0A 25 A5 0B 01 31 02 DE 00 1D CD C9 (15)
                              [N11:NG] NGSWSTATE 0 (0)
2025-09-01 15:59:13:433 [IN ] C8 24 04 0E 25 A5 04 01 31 06 81 45 FF FF 8C E7 73 3A 24 C8 24 0B 0A 25 A5 0B 01 31 02 DE 00 1D CD 8C (34)
                              [N4:Y] TPOS 'E' 255 255 140 231 (-29465)
                              [N11:NG] NGSWSTATE 0 (0)
