2025-09-01 13:48:57:124 [OUT] 25 A5 01 0A 31 05 D6 3D FF 00 00 53 ED (13)
                              [N10:HMI] HMILED '=' 255 0 0 (16711680)
2025-09-01 13:48:57:147 [OUT] 25 A5 01 04 31 07 E7 3D 65 00 00 00 B4 7A 90 (15)
                              [N4:Y] LONG32VALUE '=' 'e' 0 0 0 180 (180)
2025-09-01 13:48:57:169 [OUT] 25 A5 01 03 31 07 E7 3D 65 00 00 00 73 38 45 (15)
                              [N3:X] LONG32VALUE '=' 'e' 0 0 0 115 (115)
2025-09-01 13:48:57:293 [IN ] C8 24 0A 0D 25 A5 0A 01 31 05 D6 3A FF 00 00 50 EA D6 (18)
                              [N10:HMI] HMILED ':' 255 0 0 (16711680)
2025-09-01 13:48:57:479 [IN ] C8 24 04 0F 25 A5 04 01 31 07 E7 3A 65 00 00 00 B4 77 81 0C (20)
                              [N4:Y] LONG32VALUE ':' 'e' 0 0 0 180 (180)
2025-09-01 13:48:57:503 [OUT] 25 A5 01 04 31 05 81 FF F0 A0 76 C1 A5 (13)
                              [N4:Y] TPOS 255 240 160 118 (-1007498)
2025-09-01 13:48:57:505 [IN ] C8 24 0B 0A 25 A5 0B 01 31 02 DE 00 1D CD 00 (15)
                              [N11:NG] NGSWSTATE 0 (0)
2025-09-01 13:48:57:629 [IN ] C8 24 03 0F 25 A5 03 01 31 07 E7 3A 65 00 00 00 73 35 35 0C (20)
                              [N3:X] LONG32VALUE ':' 'e' 0 0 0 115 (115)
2025-09-01 13:48:57:651 [OUT] 25 A5 01 03 31 05 81 FF EF 57 60 60 F2 (13)
                              [N3:X] TPOS 255 239 87 96 (-1091744)
2025-09-01 13:48:57:755 [IN ] C8 24 04 0E 25 A5 04 01 31 06 81 53 FF EF A4 B3 55 4C 35 (19)
                              [N4:Y] TPOS 'S' 255 239 164 179 (-1071949)
2025-09-01 13:48:57:776 [OUT] 25 A5 01 04 31 01 DB 12 85 (9)
                              [N4:Y] STARTMOVE
2025-09-01 13:48:57:858 [IN ] C8 24 03 0E 25 A5 03 01 31 06 81 53 FF EE B6 72 24 22 35 (19)
                              [N3:X] TPOS 'S' 255 238 182 114 (-1132942)
2025-09-01 13:48:57:880 [OUT] 25 A5 01 03 31 01 DB 11 81 (9)
                              [N3:X] STARTMOVE
2025-09-01 13:48:57:962 [IN ] C8 24 04 0A 25 A5 04 01 31 02 DB 01 14 9E B6 (15)
                              [N4:Y] STARTMOVE ''
2025-09-01 13:48:58:045 [IN ] C8 24 03 0A 25 A5 03 01 31 02 DB 01 13 98 B6 (15)
                              [N3:X] STARTMOVE ''
2025-09-01 13:48:58:446 [IN ] C8 24 03 0E 25 A5 03 01 31 06 81 45 FF EF 57 ED 33 9C 35 C8 24 04 0E 25 A5 04 01 31 06 81 45 FF F0 A1 96 28 E6 35 (38)
                              [N3:X] TPOS 'E' 255 239 87 237 (-1091603)
                              [N4:Y] TPOS 'E' 255 240 161 150 (-1007210)
2025-09-01 13:48:58:647 [IN ] C8 24 0B 0A 25 A5 0B 01 31 02 DE 00 1D CD A1 (15)
                              [N11:NG] NGSWSTATE 0 (0)
2025-09-01 13:48:58:870 [OUT] 25 A5 01 04 31 03 84 00 50 0D FC (11)
                              [N4:Y] VEL 0 80 (80)
2025-09-01 13:48:58:892 [OUT] 25 A5 01 03 31 03 84 00 50 0C F6 (11)
                              [N3:X] VEL 0 80 (80)
2025-09-01 13:48:59:036 [IN ] C8 24 04 0C 25 A5 04 01 31 04 84 53 00 50 61 BA 28 (17)
                              [N4:Y] VEL 'S' 0 80 (80)
2025-09-01 13:48:59:059 [OUT] 25 A5 01 04 31 05 81 FF FF 8D 56 9D 8C (13)
                              [N4:Y] TPOS 255 255 141 86 (-29354)
2025-09-01 13:48:59:162 [IN ] C8 24 03 0C 25 A5 03 01 31 04 84 53 00 50 60 B2 28 (17)
                              [N3:X] VEL 'S' 0 80 (80)
2025-09-01 13:48:59:183 [OUT] 25 A5 01 03 31 05 81 FF EB CA 6E DD DA (13)
                              [N3:X] TPOS 255 235 202 110 (-1324434)
2025-09-01 13:48:59:265 [IN ] C8 24 04 0E 25 A5 04 01 31 06 81 53 FF F0 A1 96 36 2C 35 (19)
                              [N4:Y] TPOS 'S' 255 240 161 150 (-1007210)
2025-09-01 13:48:59:409 [IN ] C8 24 03 0E 25 A5 03 01 31 06 81 53 FF EF 57 ED 41 E2 35 (19)
                              [N3:X] TPOS 'S' 255 239 87 237 (-1091603)
2025-09-01 13:48:59:610 [IN ] C8 24 0B 0A 25 A5 0B 01 31 02 DE 00 1D CD 57 (15)
                              [N11:NG] NGSWSTATE 0 (0)
2025-09-01 13:49:00:613 [IN ] C8 24 0B 0A 25 A5 0B 01 31 02 DE 00 1D CD 57 (15)
                              [N11:NG] NGSWSTATE 0 (0)
2025-09-01 13:49:01:015 [IN ] C8 24 03 0E 25 A5 03 01 31 06 81 45 FF EB C9 1B CF A2 35 (19)
                              [N3:X] TPOS 'E' 255 235 201 27 (-1324773)
2025-09-01 13:49:01:617 [IN ] C8 24 0B 0A 25 A5 0B 01 31 02 DE 00 1D CD C9 (15)
                              [N11:NG] NGSWSTATE 0 (0)
2025-09-01 13:49:02:621 [IN ] C8 24 0B 0A 25 A5 0B 01 31 02 DE 00 1D CD C9 (15)
                              [N11:NG] NGSWSTATE 0 (0)
2025-09-01 13:49:03:625 [IN ] C8 24 0B 0A 25 A5 0B 01 31 02 DE 00 1D CD C9 (15)
                              [N11:NG] NGSWSTATE 0 (0)
2025-09-01 13:49:04:629 [IN ] C8 24 0B 0A 25 A5 0B 01 31 02 DE 00 1D CD C9 (15)
                              [N11:NG] NGSWSTATE 0 (0)
2025-09-01 13:49:05:632 [IN ] C8 24 0B 0A 25 A5 0B 01 31 02 DE 00 1D CD C9 (15)
                              [N11:NG] NGSWSTATE 0 (0)
2025-09-01 13:49:06:635 [IN ] C8 24 0B 0A 25 A5 0B 01 31 02 DE 00 1D CD C9 (15)
                              [N11:NG] NGSWSTATE 0 (0)
2025-09-01 13:49:07:638 [IN ] C8 24 0B 0A 25 A5 0B 01 31 02 DE 00 1D CD C9 (15)
                              [N11:NG] NGSWSTATE 0 (0)
2025-09-01 13:49:08:441 [IN ] C8 24 04 0E 25 A5 04 01 31 06 81 45 FF FF 8C BF 4B 12 35 (19)
                              [N4:Y] TPOS 'E' 255 255 140 191 (-29505)
