2025-09-01 11:22:24:174 [OUT] 25 A5 01 0A 31 05 D6 3D FF 00 00 53 ED (13)
                              [N10:HMI] HMILED '=' 255 0 0 (16711680)
2025-09-01 11:22:24:200 [OUT] 25 A5 01 04 31 07 E7 3D 65 00 00 00 B4 7A 90 (15)
                              [N4:Y] LONG32VALUE '=' 'e' 0 0 0 180 (180)
2025-09-01 11:22:24:223 [OUT] 25 A5 01 03 31 07 E7 3D 65 00 00 00 A9 6E 7B (15)
                              [N3:X] LONG32VALUE '=' 'e' 0 0 0 169 (169)
2025-09-01 11:22:24:346 [IN ] C8 24 0A 0D 25 A5 0A 01 31 05 D6 3A FF 00 00 50 EA BE (18)
                              [N10:HMI] HMILED ':' 255 0 0 (16711680)
2025-09-01 11:22:24:532 [IN ] C8 24 04 0F 25 A5 04 01 31 07 E7 3A 65 00 00 00 B4 77 81 01 (20)
                              [N4:Y] LONG32VALUE ':' 'e' 0 0 0 180 (180)
2025-09-01 11:22:24:554 [OUT] 25 A5 01 04 31 05 81 FF F6 42 C6 B9 4B (13)
                              [N4:Y] TPOS 255 246 66 198 (-638266)
2025-09-01 11:22:24:677 [IN ] C8 24 03 0F 25 A5 03 01 31 07 E7 3A 65 00 00 00 A9 6B 6B 01 (20)
                              [N3:X] LONG32VALUE ':' 'e' 0 0 0 169 (169)
2025-09-01 11:22:24:699 [OUT] 25 A5 01 03 31 05 81 FF EC 1C B7 79 CA (13)
                              [N3:X] TPOS 255 236 28 183 (-1303369)
2025-09-01 11:22:24:802 [IN ] C8 24 04 0E 25 A5 04 01 31 06 81 53 FF F5 6F 60 D3 A1 6B (19)
                              [N4:Y] TPOS 'S' 255 245 111 96 (-692384)
2025-09-01 11:22:24:824 [OUT] 25 A5 01 04 31 01 DB 12 85 (9)
                              [N4:Y] STARTMOVE
2025-09-01 11:22:24:826 [IN ] C8 24 0B 0A 25 A5 0B 01 31 02 DE 00 1D CD 6F (15)
                              [N11:NG] NGSWSTATE 0 (0)
2025-09-01 11:22:24:909 [IN ] C8 24 03 0E 25 A5 03 01 31 06 81 53 FF EB 55 57 A5 3C 6B (19)
                              [N3:X] TPOS 'S' 255 235 85 87 (-1354409)
2025-09-01 11:22:24:930 [OUT] 25 A5 01 03 31 01 DB 11 81 (9)
                              [N3:X] STARTMOVE
2025-09-01 11:22:25:013 [IN ] C8 24 04 0A 25 A5 04 01 31 02 DB 01 14 9E 55 (15)
                              [N4:Y] STARTMOVE ''
2025-09-01 11:22:25:096 [IN ] C8 24 03 0A 25 A5 03 01 31 02 DB 01 13 98 55 (15)
                              [N3:X] STARTMOVE ''
2025-09-01 11:22:25:498 [IN ] C8 24 04 0E 25 A5 04 01 31 06 81 45 FF F6 44 04 3F AC 6B (19)
                              [N4:Y] TPOS 'E' 255 246 68 4 (-637948)
2025-09-01 11:22:25:699 [IN ] C8 24 03 0E 25 A5 03 01 31 06 81 45 FF EC 1D 5B 64 8D 6B (19)
                              [N3:X] TPOS 'E' 255 236 29 91 (-1303205)
2025-09-01 11:22:25:900 [IN ] C8 24 0B 0A 25 A5 0B 01 31 02 DE 00 1D CD 1D (15)
                              [N11:NG] NGSWSTATE 0 (0)
2025-09-01 11:22:26:124 [OUT] 25 A5 01 04 31 07 E7 3D 65 00 00 00 48 0E 24 (15)
                              [N4:Y] LONG32VALUE '=' 'e' 0 0 0 72 (72)
2025-09-01 11:22:26:146 [OUT] 25 A5 01 03 31 07 E7 3D 65 00 00 00 B4 79 86 (15)
                              [N3:X] LONG32VALUE '=' 'e' 0 0 0 180 (180)
2025-09-01 11:22:26:353 [IN ] C8 24 04 0F 25 A5 04 01 31 07 E7 3A 65 00 00 00 48 0B 15 01 (20)
                              [N4:Y] LONG32VALUE ':' 'e' 0 0 0 72 (72)
2025-09-01 11:22:26:374 [OUT] 25 A5 01 04 31 05 81 FF F3 E7 22 B7 E8 (13)
                              [N4:Y] TPOS 255 243 231 34 (-792798)
2025-09-01 11:22:26:499 [IN ] C8 24 03 0F 25 A5 03 01 31 07 E7 3A 65 00 00 00 B4 76 76 01 (20)
                              [N3:X] LONG32VALUE ':' 'e' 0 0 0 180 (180)
2025-09-01 11:22:26:521 [OUT] 25 A5 01 03 31 05 81 FF F2 02 7E 2C 6F (13)
                              [N3:X] TPOS 255 242 2 126 (-916866)
2025-09-01 11:22:26:603 [IN ] C8 24 04 0E 25 A5 04 01 31 06 81 53 FF F6 44 04 4D F2 76 (19)
                              [N4:Y] TPOS 'S' 255 246 68 4 (-637948)
2025-09-01 11:22:26:624 [OUT] 25 A5 01 04 31 01 DB 12 85 (9)
                              [N4:Y] STARTMOVE
2025-09-01 11:22:26:749 [IN ] C8 24 03 0E 25 A5 03 01 31 06 81 53 FF EC 1D 5B 72 D3 76 (19)
                              [N3:X] TPOS 'S' 255 236 29 91 (-1303205)
2025-09-01 11:22:26:771 [OUT] 25 A5 01 03 31 01 DB 11 81 (9)
                              [N3:X] STARTMOVE
2025-09-01 11:22:26:833 [IN ] C8 24 04 0A 25 A5 04 01 31 02 DB 01 14 9E 1D C8 24 0B 0A 25 A5 0B 01 (23)
                              [N4:Y] STARTMOVE ''
2025-09-01 11:22:26:858 [IN ] 31 02 DE 00 1D CD 1D (7)
                              [N11:NG] NGSWSTATE 0 (0)
2025-09-01 11:22:26:920 [IN ] C8 24 03 0A 25 A5 03 01 31 02 DB 01 13 98 1D (15)
                              [N3:X] STARTMOVE ''
2025-09-01 11:22:27:923 [IN ] C8 24 0B 0A 25 A5 0B 01 31 02 DE 00 1D CD 1D (15)
                              [N11:NG] NGSWSTATE 0 (0)
2025-09-01 11:22:28:526 [IN ] C8 24 04 0E 25 A5 04 01 31 06 81 45 FF F3 E7 12 ED F7 76 (19)
                              [N4:Y] TPOS 'E' 255 243 231 18 (-792814)
2025-09-01 11:22:28:928 [IN ] C8 24 0B 0A 25 A5 0B 01 31 02 DE 00 1D CD E7 (15)
                              [N11:NG] NGSWSTATE 0 (0)
2025-09-01 11:22:29:332 [IN ] C8 24 03 0E 25 A5 03 01 31 06 81 45 FF F2 03 38 2D 48 76 (19)
                              [N3:X] TPOS 'E' 255 242 3 56 (-916680)
2025-09-01 11:22:29:756 [OUT] 25 A5 01 04 31 03 84 00 50 0D FC (11)
                              [N4:Y] VEL 0 80 (80)
2025-09-01 11:22:29:777 [OUT] 25 A5 01 03 31 03 84 00 50 0C F6 (11)
                              [N3:X] VEL 0 80 (80)
2025-09-01 11:22:29:860 [IN ] C8 (1)
2025-09-01 11:22:29:882 [IN ] 24 0B 0A 25 A5 0B 01 31 02 DE 00 1D CD 03 (14)
                              [N11:NG] NGSWSTATE 0 (0)
2025-09-01 11:22:29:924 [IN ] C8 24 04 0C 25 A5 04 01 31 04 84 53 00 50 61 BA 2D (17)
                              [N4:Y] VEL 'S' 0 80 (80)
2025-09-01 11:22:29:945 [OUT] 25 A5 01 04 31 05 81 FF F2 EC FE 97 CB (13)
                              [N4:Y] TPOS 255 242 236 254 (-856834)
2025-09-01 11:22:30:048 [IN ] C8 24 03 0C 25 A5 03 01 31 04 84 53 00 50 60 B2 2D (17)
                              [N3:X] VEL 'S' 0 80 (80)
2025-09-01 11:22:30:069 [OUT] 25 A5 01 03 31 05 81 FF F1 53 61 5F F1 (13)
                              [N3:X] TPOS 255 241 83 97 (-961695)
2025-09-01 11:22:30:173 [IN ] C8 24 04 0E 25 A5 04 01 31 06 81 53 FF F3 E7 12 FB 3D 76 (19)
                              [N4:Y] TPOS 'S' 255 243 231 18 (-792814)
2025-09-01 11:22:30:296 [IN ] C8 24 03 0E 25 A5 03 01 31 06 81 53 FF F2 03 38 3B 8E 76 (19)
                              [N3:X] TPOS 'S' 255 242 3 56 (-916680)
2025-09-01 11:22:30:697 [IN ] C8 24 04 0E 25 A5 04 01 31 06 81 45 FF F2 EA E9 C6 D1 76 C8 24 03 0E 25 A5 03 01 31 06 81 45 FF F1 51 C5 07 6E 76 (38)
                              [N4:Y] TPOS 'E' 255 242 234 233 (-857367)
                              [N3:X] TPOS 'E' 255 241 81 197 (-962107)
