2025-09-01 16:18:18:376 [OUT] 25 A5 01 0A 31 05 D6 3D FF 00 00 53 ED (13)
                              [N10:HMI] HMILED '=' 255 0 0 (16711680)
2025-09-01 16:18:18:401 [OUT] 25 A5 01 04 31 07 E7 3D 65 00 00 00 B4 7A 90 (15)
                              [N4:Y] LONG32VALUE '=' 'e' 0 0 0 180 (180)
2025-09-01 16:18:18:422 [OUT] 25 A5 01 03 31 07 E7 3D 65 00 00 00 6E 33 40 (15)
                              [N3:X] LONG32VALUE '=' 'e' 0 0 0 110 (110)
2025-09-01 16:18:18:525 [IN ] C8 24 0B 0A 25 A5 0B 01 31 02 DE 00 1D CD 00 (15)
                              [N11:NG] NGSWSTATE 0 (0)
2025-09-01 16:18:18:548 [IN ] C8 24 0A 0D (4)
2025-09-01 16:18:18:569 [IN ] 25 A5 0A 01 31 05 D6 3A FF 00 00 50 EA 01 (14)
                              [N10:HMI] HMILED ':' 255 0 0 (16711680)
2025-09-01 16:18:18:732 [IN ] C8 24 04 0F 25 A5 04 01 31 07 E7 3A 65 00 00 00 B4 77 81 02 (20)
                              [N4:Y] LONG32VALUE ':' 'e' 0 0 0 180 (180)
2025-09-01 16:18:18:754 [OUT] 25 A5 01 04 31 05 81 FF F0 0D DA 92 E3 (13)
                              [N4:Y] TPOS 255 240 13 218 (-1045030)
2025-09-01 16:18:18:877 [IN ] C8 24 03 0F 25 A5 03 01 31 07 E7 3A 65 00 00 00 6E 30 30 02 (20)
                              [N3:X] LONG32VALUE ':' 'e' 0 0 0 110 (110)
2025-09-01 16:18:18:898 [OUT] 25 A5 01 03 31 05 81 FF F2 00 5C 08 49 (13)
                              [N3:X] TPOS 255 242 0 92 (-917412)
2025-09-01 16:18:19:001 [IN ] C8 24 04 0E 25 A5 04 01 31 06 81 53 FF EF 09 6D 74 D0 30 (19)
                              [N4:Y] TPOS 'S' 255 239 9 109 (-1111699)
2025-09-01 16:18:19:024 [OUT] 25 A5 01 04 31 01 DB 12 85 (9)
                              [N4:Y] STARTMOVE
2025-09-01 16:18:19:127 [IN ] C8 24 03 0E 25 A5 03 01 31 06 81 53 FF F1 61 27 87 36 30 (19)
                              [N3:X] TPOS 'S' 255 241 97 39 (-958169)
2025-09-01 16:18:19:148 [OUT] 25 A5 01 03 31 01 DB 11 81 (9)
                              [N3:X] STARTMOVE
2025-09-01 16:18:19:210 [IN ] C8 24 04 0A 25 A5 04 01 31 02 DB 01 14 9E 61 (15)
                              [N4:Y] STARTMOVE ''
2025-09-01 16:18:19:294 [IN ] C8 24 03 0A 25 A5 03 01 31 02 DB 01 13 98 61 (15)
                              [N3:X] STARTMOVE ''
2025-09-01 16:18:19:696 [IN ] C8 24 0B 0A 25 A5 0B 01 31 02 DE 00 1D CD 61 C8 24 03 0E 25 A5 03 01 31 06 81 45 FF F2 00 E5 D7 EF 30 C8 24 04 0E 25 A5 04 01 31 06 81 45 FF F0 0E ED EC 17 30 (53)
                              [N11:NG] NGSWSTATE 0 (0)
                              [N3:X] TPOS 'E' 255 242 0 229 (-917275)
                              [N4:Y] TPOS 'E' 255 240 14 237 (-1044755)
2025-09-01 16:18:20:121 [OUT] 25 A5 01 04 31 07 E7 3D 65 00 00 00 29 EF 05 (15)
                              [N4:Y] LONG32VALUE '=' 'e' 0 0 0 41 (41)
2025-09-01 16:18:20:143 [OUT] 25 A5 01 03 31 07 E7 3D 65 00 00 00 B4 79 86 (15)
                              [N3:X] LONG32VALUE '=' 'e' 0 0 0 180 (180)
2025-09-01 16:18:20:348 [IN ] C8 24 04 0F 25 A5 04 01 31 07 E7 3A 65 00 00 00 29 EC F6 02 (20)
                              [N4:Y] LONG32VALUE ':' 'e' 0 0 0 41 (41)
2025-09-01 16:18:20:369 [OUT] 25 A5 01 04 31 05 81 FF F0 A2 23 70 56 (13)
                              [N4:Y] TPOS 255 240 162 35 (-1007069)
2025-09-01 16:18:20:493 [IN ] C8 24 03 0F 25 A5 03 01 31 07 E7 3A 65 00 00 00 B4 76 76 02 (20)
                              [N3:X] LONG32VALUE ':' 'e' 0 0 0 180 (180)
2025-09-01 16:18:20:515 [OUT] 25 A5 01 03 31 05 81 FF F4 7C A0 CA 8B (13)
                              [N3:X] TPOS 255 244 124 160 (-754528)
2025-09-01 16:18:20:537 [IN ] C8 24 0B 0A 25 A5 0B 01 31 02 DE 00 1D CD 00 (15)
                              [N11:NG] NGSWSTATE 0 (0)
2025-09-01 16:18:20:601 [IN ] C8 24 04 0E 25 A5 04 01 31 06 81 53 FF F0 0E ED FA 5D 76 (19)
                              [N4:Y] TPOS 'S' 255 240 14 237 (-1044755)
2025-09-01 16:18:20:622 [OUT] 25 A5 01 04 31 01 DB 12 85 (9)
                              [N4:Y] STARTMOVE
2025-09-01 16:18:20:745 [IN ] C8 24 03 0E 25 A5 03 01 31 06 81 53 FF F2 00 E5 E5 35 76 (19)
                              [N3:X] TPOS 'S' 255 242 0 229 (-917275)
2025-09-01 16:18:20:768 [OUT] 25 A5 01 03 31 01 DB 11 81 (9)
                              [N3:X] STARTMOVE
2025-09-01 16:18:20:809 [IN ] C8 24 04 0A 25 A5 04 01 31 02 DB 01 14 9E 00 (15)
                              [N4:Y] STARTMOVE ''
2025-09-01 16:18:20:912 [IN ] C8 24 03 0A 25 A5 03 01 31 02 DB 01 13 98 00 (15)
                              [N3:X] STARTMOVE ''
2025-09-01 16:18:21:715 [IN ] C8 24 04 0E 25 A5 04 01 31 06 81 45 FF F0 A0 82 13 D0 76 C8 24 0B 0A 25 A5 0B 01 31 02 DE 00 1D CD A0 (34)
                              [N4:Y] TPOS 'E' 255 240 160 130 (-1007486)
                              [N11:NG] NGSWSTATE 0 (0)
2025-09-01 16:18:22:117 [IN ] C8 24 03 0E 25 A5 03 01 31 06 81 45 FF F4 7D 85 F6 8F 76 (19)
                              [N3:X] TPOS 'E' 255 244 125 133 (-754299)
2025-09-01 16:18:22:542 [OUT] 25 A5 01 04 31 03 84 00 50 0D FC (11)
                              [N4:Y] VEL 0 80 (80)
2025-09-01 16:18:22:565 [OUT] 25 A5 01 03 31 03 84 00 50 0C F6 (11)
                              [N3:X] VEL 0 80 (80)
2025-09-01 16:18:22:567 [IN ] C8 24 0B 0A 25 A5 0B 01 31 02 DE 00 1D CD 7D (15)
                              [N11:NG] NGSWSTATE 0 (0)
2025-09-01 16:18:22:588 [OUT] 25 A5 01 09 31 05 81 FF EE 14 F4 B6 2D (13)
                              [N9:P] TPOS 255 238 20 244 (-1174284)
2025-09-01 16:18:22:609 [OUT] 25 A5 01 05 31 05 81 00 0C 9C 31 96 B8 (13)
                              [N5:V] TPOS 0 12 156 49 (826417)
2025-09-01 16:18:22:630 [OUT] 25 A5 01 06 31 05 81 00 0C F0 3E F8 75 (13)
                              [N6:H] TPOS 0 12 240 62 (847934)
2025-09-01 16:18:22:652 [OUT] 25 A5 01 07 31 05 81 FF DC 5F 02 FB 8B (13)
                              [N7:N] TPOS 255 220 95 2 (-2334974)
2025-09-01 16:18:22:693 [IN ] C8 24 04 0C 25 A5 04 01 31 04 84 53 00 50 61 BA F6 (17)
                              [N4:Y] VEL 'S' 0 80 (80)
2025-09-01 16:18:22:715 [OUT] 25 A5 01 04 31 05 81 FF EF 92 B8 F4 C8 (13)
                              [N4:Y] TPOS 255 239 146 184 (-1076552)
2025-09-01 16:18:22:840 [IN ] C8 24 03 0C 25 A5 03 01 31 04 84 53 00 50 60 B2 F6 (17)
                              [N3:X] VEL 'S' 0 80 (80)
2025-09-01 16:18:22:862 [OUT] 25 A5 01 03 31 05 81 FF F3 E7 C6 5A 84 (13)
                              [N3:X] TPOS 255 243 231 198 (-792634)
2025-09-01 16:18:22:946 [IN ] C8 24 09 0E 25 A5 09 01 31 06 81 53 FF F0 54 F9 51 27 76 (19)
                              [N9:P] TPOS 'S' 255 240 84 249 (-1026823)
2025-09-01 16:18:23:089 [IN ] C8 24 05 0E 25 A5 05 01 31 06 81 53 00 0C B7 ED C1 11 76 (19)
                              [N5:V] TPOS 'S' 0 12 183 237 (833517)
2025-09-01 16:18:23:212 [IN ] C8 24 06 0E 25 A5 06 01 31 06 81 53 00 0D C4 D6 B9 21 76 (19)
                              [N6:H] TPOS 'S' 0 13 196 214 (902358)
2025-09-01 16:18:23:233 [IN ] C8 24 05 0E 25 A5 05 01 31 06 81 45 00 0C 9B 54 FE FA 76 (19)
                              [N5:V] TPOS 'E' 0 12 155 84 (826196)
2025-09-01 16:18:23:337 [IN ] C8 24 07 0E 25 A5 07 01 31 06 81 53 FF CA 06 52 34 5E 76 (19)
                              [N7:N] TPOS 'S' 255 202 6 82 (-3537326)
2025-09-01 16:18:23:459 [IN ] C8 24 04 0E 25 A5 04 01 31 06 81 53 FF F0 A0 82 21 16 76 (19)
                              [N4:Y] TPOS 'S' 255 240 160 130 (-1007486)
2025-09-01 16:18:23:562 [IN ] C8 24 0B 0A 25 A5 0B 01 31 02 DE 00 1D CD A0 (15)
                              [N11:NG] NGSWSTATE 0 (0)
2025-09-01 16:18:23:603 [IN ] C8 24 06 0E 25 A5 06 01 31 06 81 45 00 0C ED 18 15 6C 76 C8 24 03 0E 25 A5 03 01 31 06 81 53 FF F4 7D 85 04 D5 76 (38)
                              [N6:H] TPOS 'E' 0 12 237 24 (847128)
                              [N3:X] TPOS 'S' 255 244 125 133 (-754299)
2025-09-01 16:18:24:005 [IN ] C8 24 09 0E 25 A5 09 01 31 06 81 45 FF EE 13 1F 26 7F 76 C8 24 03 0E 25 A5 03 01 31 06 81 45 FF F3 E6 2A 03 03 76 C8 24 04 0E 25 A5 04 01 31 06 81 45 FF EF 90 9C 1C C7 76 (57)
                              [N9:P] TPOS 'E' 255 238 19 31 (-1174753)
                              [N3:X] TPOS 'E' 255 243 230 42 (-793046)
                              [N4:Y] TPOS 'E' 255 239 144 156 (-1077092)
2025-09-01 16:18:24:608 [IN ] C8 24 0B 0A 25 A5 0B 01 31 02 DE 00 1D CD 90 (15)
                              [N11:NG] NGSWSTATE 0 (0)
2025-09-01 16:18:25:611 [IN ] C8 24 0B 0A 25 A5 0B 01 31 02 DE 00 1D CD 90 (15)
                              [N11:NG] NGSWSTATE 0 (0)
2025-09-01 16:18:26:614 [IN ] C8 24 0B 0A 25 A5 0B 01 31 02 DE 00 1D CD 90 (15)
                              [N11:NG] NGSWSTATE 0 (0)
2025-09-01 16:18:27:617 [IN ] C8 24 0B 0A 25 A5 0B 01 31 02 DE 00 1D CD 90 (15)
                              [N11:NG] NGSWSTATE 0 (0)
2025-09-01 16:18:28:620 [IN ] C8 24 0B 0A 25 A5 0B 01 31 02 DE 00 1D CD 90 (15)
                              [N11:NG] NGSWSTATE 0 (0)
2025-09-01 16:18:29:222 [IN ] C8 24 07 0E 25 A5 07 01 31 06 81 45 FF DC 63 69 AC 1F 76 (19)
                              [N7:N] TPOS 'E' 255 220 99 105 (-2333847)
