2025-09-01 14:17:40:425 [OUT] 25 A5 01 0A 31 05 D6 3D FF 00 00 53 ED (13)
                              [N10:HMI] HMILED '=' 255 0 0 (16711680)
2025-09-01 14:17:40:448 [OUT] 25 A5 01 04 31 07 E7 3D 65 00 00 00 B4 7A 90 (15)
                              [N4:Y] LONG32VALUE '=' 'e' 0 0 0 180 (180)
2025-09-01 14:17:40:470 [OUT] 25 A5 01 03 31 07 E7 3D 65 00 00 00 7C 41 4E (15)
                              [N3:X] LONG32VALUE '=' 'e' 0 0 0 124 (124)
2025-09-01 14:17:40:614 [IN ] C8 24 0A 0D 25 A5 0A 01 31 05 D6 3A FF 00 00 50 EA EF (18)
                              [N10:HMI] HMILED ':' 255 0 0 (16711680)
2025-09-01 14:17:40:759 [IN ] C8 24 04 0F 25 A5 04 01 31 07 E7 3A 65 00 00 00 B4 77 81 02 (20)
                              [N4:Y] LONG32VALUE ':' 'e' 0 0 0 180 (180)
2025-09-01 14:17:40:781 [OUT] 25 A5 01 04 31 05 81 FF F5 F0 DE 7E BC (13)
                              [N4:Y] TPOS 255 245 240 222 (-659234)
2025-09-01 14:17:40:926 [IN ] C8 24 03 0F 25 A5 03 01 31 07 E7 3A 65 00 00 00 7C 3E 3E 02 (20)
                              [N3:X] LONG32VALUE ':' 'e' 0 0 0 124 (124)
2025-09-01 14:17:40:947 [OUT] 25 A5 01 03 31 05 81 FF F5 DF 09 97 BD (13)
                              [N3:X] TPOS 255 245 223 9 (-663799)
2025-09-01 14:17:41:031 [IN ] C8 24 04 0E 25 A5 04 01 31 06 81 53 FF F4 EC BD AC F5 3E (19)
                              [N4:Y] TPOS 'S' 255 244 236 189 (-725827)
2025-09-01 14:17:41:053 [OUT] 25 A5 01 04 31 01 DB 12 85 (9)
                              [N4:Y] STARTMOVE
2025-09-01 14:17:41:156 [IN ] C8 24 03 0E 25 A5 03 01 31 06 81 53 FF F5 (14)
2025-09-01 14:17:41:182 [IN ] 2B 87 B5 36 3E C8 24 0B 0A 25 A5 0B 01 31 02 DE 00 1D CD 2B (20)
                              [N3:X] TPOS 'S' 255 245 43 135 (-709753)
                              [N11:NG] NGSWSTATE 0 (0)
2025-09-01 14:17:41:203 [OUT] 25 A5 01 03 31 01 DB 11 81 (9)
                              [N3:X] STARTMOVE
2025-09-01 14:17:41:265 [IN ] C8 24 04 0A 25 A5 04 01 31 02 DB 01 14 9E 2B (15)
                              [N4:Y] STARTMOVE ''
2025-09-01 14:17:41:348 [IN ] C8 24 03 0A 25 A5 03 01 31 02 DB 01 13 98 2B (15)
                              [N3:X] STARTMOVE ''
2025-09-01 14:17:41:752 [IN ] C8 24 03 0E 25 A5 03 01 31 06 81 45 FF F5 DF C4 98 95 3E C8 24 04 0E 25 A5 04 01 31 06 81 45 FF F5 F2 54 3C 55 3E (38)
                              [N3:X] TPOS 'E' 255 245 223 196 (-663612)
                              [N4:Y] TPOS 'E' 255 245 242 84 (-658860)
2025-09-01 14:17:42:175 [OUT] 25 A5 01 04 31 03 84 00 50 0D FC (11)
                              [N4:Y] VEL 0 80 (80)
2025-09-01 14:17:42:198 [OUT] 25 A5 01 03 31 03 84 00 50 0C F6 (11)
                              [N3:X] VEL 0 80 (80)
2025-09-01 14:17:42:201 [IN ] C8 24 0B 0A 25 A5 0B 01 31 02 DE 00 1D CD F2 (15)
                              [N11:NG] NGSWSTATE 0 (0)
2025-09-01 14:17:42:347 [IN ] C8 24 04 0C 25 A5 04 01 31 04 84 53 00 50 61 BA 3C (17)
                              [N4:Y] VEL 'S' 0 80 (80)
2025-09-01 14:17:42:367 [OUT] 25 A5 01 04 31 05 81 FF FF 8D 56 9D 8C (13)
                              [N4:Y] TPOS 255 255 141 86 (-29354)
2025-09-01 14:17:42:451 [IN ] C8 24 03 0C 25 A5 03 01 31 04 84 53 00 50 60 B2 3C (17)
                              [N3:X] VEL 'S' 0 80 (80)
2025-09-01 14:17:42:473 [OUT] 25 A5 01 03 31 05 81 FF E3 C6 85 E8 D1 (13)
                              [N3:X] TPOS 255 227 198 133 (-1849723)
2025-09-01 14:17:42:599 [IN ] C8 24 04 0E 25 A5 04 01 31 06 81 53 FF F5 F2 54 4A 9B 3E (19)
                              [N4:Y] TPOS 'S' 255 245 242 84 (-658860)
2025-09-01 14:17:42:724 [IN ] C8 24 03 0E 25 A5 03 01 31 06 81 53 FF F5 DF C4 A6 DB 3E (19)
                              [N3:X] TPOS 'S' 255 245 223 196 (-663612)
2025-09-01 14:17:43:328 [IN ] C8 24 0B 0A 25 A5 0B 01 31 02 DE 00 1D CD DF (15)
                              [N11:NG] NGSWSTATE 0 (0)
2025-09-01 14:17:44:332 [IN ] C8 24 0B 0A 25 A5 0B 01 31 02 DE 00 1D CD DF (15)
                              [N11:NG] NGSWSTATE 0 (0)
2025-09-01 14:17:45:337 [IN ] C8 24 0B 0A 25 A5 0B 01 31 02 DE 00 1D CD DF (15)
                              [N11:NG] NGSWSTATE 0 (0)
2025-09-01 14:17:46:340 [IN ] C8 24 0B 0A 25 A5 0B 01 31 02 DE 00 1D CD DF (15)
                              [N11:NG] NGSWSTATE 0 (0)
2025-09-01 14:17:47:345 [IN ] C8 24 0B 0A 25 A5 0B 01 31 02 DE 00 1D CD DF (15)
                              [N11:NG] NGSWSTATE 0 (0)
2025-09-01 14:17:48:348 [IN ] C8 24 0B 0A 25 A5 0B 01 31 02 DE 00 1D CD DF (15)
                              [N11:NG] NGSWSTATE 0 (0)
2025-09-01 14:17:48:550 [IN ] C8 24 04 0E 25 A5 04 01 31 06 81 45 FF FF 8C DB 67 2E 3E (19)
                              [N4:Y] TPOS 'E' 255 255 140 219 (-29477)
2025-09-01 14:17:49:353 [IN ] C8 24 0B 0A 25 A5 0B 01 31 02 DE 00 1D CD 8C (15)
                              [N11:NG] NGSWSTATE 0 (0)
2025-09-01 14:17:50:358 [IN ] C8 24 0B 0A 25 A5 0B 01 31 02 DE 00 1D CD 8C C8 24 03 0E 25 A5 03 01 31 06 81 45 FF E3 C4 4C F3 B1 3E (34)
                              [N11:NG] NGSWSTATE 0 (0)
                              [N3:X] TPOS 'E' 255 227 196 76 (-1850292)
