2026-01-06 15:27:13:102 [OUT] 25 A5 01 0A 31 05 D6 3D FF 00 00 53 ED (13)
                              [N10:HMI] HMILED '=' 255 0 0 (16711680)
2026-01-06 15:27:13:124 [OUT] 25 A5 01 09 31 05 81 FF ED FB 84 2C 88 (13)
                              [N9:P] TPOS 255 237 251 132 (-1180796)
2026-01-06 15:27:13:146 [OUT] 25 A5 01 05 31 05 81 00 05 D2 75 09 53 (13)
                              [N5:V] TPOS 0 5 210 117 (381557)
2026-01-06 15:27:13:169 [OUT] 25 A5 01 06 31 05 81 00 0E 80 B0 FC 0D (13)
                              [N6:H] TPOS 0 14 128 176 (950448)
2026-01-06 15:27:13:191 [OUT] 25 A5 01 07 31 05 81 FF C9 E0 06 6D 58 (13)
                              [N7:N] TPOS 255 201 224 6 (-3547130)
2026-01-06 15:27:13:275 [IN ] C8 24 0A 0D 25 A5 0A 01 31 05 D6 3A FF 00 00 50 EA AD (18)
                              [N10:HMI] HMILED ':' 255 0 0 (16711680)
2026-01-06 15:27:13:401 [IN ] C8 24 09 0E 25 A5 09 01 31 06 81 53 FF EC 58 62 BA 8C 0A (19)
                              [N9:P] TPOS 'S' 255 236 88 98 (-1288094)
2026-01-06 15:27:13:548 [IN ] C8 24 05 0E 25 A5 05 01 31 06 81 53 00 0C 83 D6 76 92 0A (19)
                              [N5:V] TPOS 'S' 0 12 131 214 (820182)
2026-01-06 15:27:13:675 [IN ] C8 24 06 0E 25 A5 06 01 31 06 81 53 00 0F 44 A3 08 F4 0A (19)
                              [N6:H] TPOS 'S' 0 15 68 163 (1000611)
2026-01-06 15:27:13:800 [IN ] C8 24 07 0E 25 A5 07 01 31 06 81 53 FF D4 FE DE C2 F8 0A (19)
                              [N7:N] TPOS 'S' 255 212 254 222 (-2818338)
2026-01-06 15:27:14:002 [IN ] C8 24 06 0E 25 A5 06 01 31 06 81 45 00 0E 7B 99 26 0F 0A (19)
                              [N6:H] TPOS 'E' 0 14 123 153 (949145)
2026-01-06 15:27:14:203 [IN ] C8 24 09 0E 25 A5 09 01 31 06 81 45 FF ED FE B5 A6 E8 0A (19)
                              [N9:P] TPOS 'E' 255 237 254 181 (-1179979)
2026-01-06 15:27:16:211 [IN ] C8 24 05 0E 25 A5 05 01 31 06 81 45 00 05 D0 0A E2 05 0A (19)
                              [N5:V] TPOS 'E' 0 5 208 10 (380938)
2026-01-06 15:27:17:215 [IN ] C8 24 07 0E 25 A5 07 01 31 06 81 45 FF C9 DA F5 9C 60 0A (19)
                              [N7:N] TPOS 'E' 255 201 218 245 (-3548427)
