2026-01-06 10:24:46:922 [OUT] 25 A5 01 0A 31 05 D6 3D FF 00 00 53 ED (13)
                              [N10:HMI] HMILED '=' 255 0 0 (16711680)
2026-01-06 10:24:46:945 [OUT] 25 A5 01 03 31 02 D8 3F 4E CE (10)
                              [N3:X] INTERRUPT '?'
2026-01-06 10:24:47:246 [IN ] C8 24 0A 0D 25 A5 0A 01 31 05 D6 3A FF 00 00 50 EA 44 C8 24 03 0C 25 A5 03 01 31 04 D8 3A 01 01 4D 6A EA (35)
                              [N10:HMI] HMILED ':' 255 0 0 (16711680)
                              [N3:X] INTERRUPT ':' 1 1 (257)
2026-01-06 10:24:47:267 [OUT] 25 A5 01 09 31 03 C9 3D 09 4D 1C (11)
                              [N9:P] LFLAG '=' 9 (9)
2026-01-06 10:24:47:290 [OUT] 25 A5 01 04 31 02 D8 3F 4F D3 (10)
                              [N4:Y] INTERRUPT '?'
2026-01-06 10:24:47:591 [IN ] C8 24 09 0B 25 A5 09 01 31 03 C9 3A 09 4A 1E 6A C8 24 04 0C 25 A5 04 01 31 04 D8 3A 01 01 4E 72 EA (33)
                              [N9:P] LFLAG ':' 9 (9)
                              [N4:Y] INTERRUPT ':' 1 1 (257)
2026-01-06 10:24:47:613 [OUT] 25 A5 01 09 31 03 CA 3D 09 4E 1F (11)
                              [N9:P] RFLAG '=' 9 (9)
2026-01-06 10:24:47:635 [OUT] 25 A5 01 0C 31 02 D8 3F 57 FB (10)
                              [N12:Z] INTERRUPT '?'
2026-01-06 10:24:47:937 [IN ] C8 24 09 0B 25 A5 09 01 31 03 CA 3A 09 4B 21 72 C8 24 0C 0C 25 A5 0C 01 31 04 D8 3A 01 01 56 B2 EA (33)
                              [N9:P] RFLAG ':' 9 (9)
                              [N12:Z] INTERRUPT ':' 1 1 (257)
2026-01-06 10:24:47:958 [OUT] 25 A5 01 08 31 03 C9 3D 09 4C 16 (11)
                              [N8:R] LFLAG '=' 9 (9)
2026-01-06 10:24:47:980 [OUT] 25 A5 01 03 31 03 C9 3D 0B 49 FA (11)
                              [N3:X] LFLAG '=' 11 (11)
2026-01-06 10:24:48:002 [OUT] 25 A5 01 04 31 03 C9 3D 0B 4A 00 (11)
                              [N4:Y] LFLAG '=' 11 (11)
2026-01-06 10:24:48:025 [OUT] 25 A5 01 0C 31 03 C9 3D 0B 52 30 (11)
                              [N12:Z] LFLAG '=' 11 (11)
2026-01-06 10:24:48:130 [IN ] C8 24 08 0B 25 A5 08 01 31 03 C9 3A 09 49 17 B2 (16)
                              [N8:R] LFLAG ':' 9 (9)
2026-01-06 10:24:48:153 [OUT] 25 A5 01 08 31 03 CA 3D 09 4D 19 (11)
                              [N8:R] RFLAG '=' 9 (9)
2026-01-06 10:24:48:217 [IN ] C8 24 03 0B 25 A5 03 01 31 03 C9 3A 0B 46 F6 B2 (16)
                              [N3:X] LFLAG ':' 11 (11)
2026-01-06 10:24:48:238 [OUT] 25 A5 01 03 31 03 88 00 50 10 02 (11)
                              [N3:X] RUN 0 80 (80)
2026-01-06 10:24:48:363 [IN ] C8 24 04 0B 25 A5 04 01 31 03 C9 3A 0B 47 FD B2 (16)
                              [N4:Y] LFLAG ':' 11 (11)
2026-01-06 10:24:48:384 [OUT] 25 A5 01 04 31 03 88 00 50 11 08 (11)
                              [N4:Y] RUN 0 80 (80)
2026-01-06 10:24:48:468 [IN ] C8 24 0C 0B 25 A5 0C 01 31 03 C9 3A 0B 4F 35 B2 (16)
                              [N12:Z] LFLAG ':' 11 (11)
2026-01-06 10:24:48:489 [OUT] 25 A5 01 0C 31 03 88 00 50 19 38 (11)
                              [N12:Z] RUN 0 80 (80)
2026-01-06 10:24:48:574 [IN ] C8 24 08 0B 25 A5 08 01 31 03 CA 3A 09 4A 1A B2 (16)
                              [N8:R] RFLAG ':' 9 (9)
2026-01-06 10:24:48:681 [IN ] C8 24 03 0C 25 A5 03 01 31 04 88 53 00 50 64 C2 EA (17)
                              [N3:X] RUN 'S' 0 80 (80)
2026-01-06 10:24:48:785 [IN ] C8 24 04 0C 25 (5)
2026-01-06 10:24:48:806 [IN ] A5 04 01 31 04 88 53 00 50 65 CA EA (12)
                              [N4:Y] RUN 'S' 0 80 (80)
2026-01-06 10:24:48:891 [IN ] C8 24 0C 0C 25 A5 0C 01 31 04 88 53 00 50 6D 0A EA (17)
                              [N12:Z] RUN 'S' 0 80 (80)
2026-01-06 10:24:55:114 [IN ] C8 24 04 0B 25 A5 04 01 31 03 81 5A 4C 60 A6 0A C8 24 04 0A 25 A5 04 01 31 02 81 49 02 32 A6 (31)
                              [N4:Y] TPOS 'Z' 76 (76)
                              [N4:Y] TPOS 'I'
2026-01-06 10:24:55:336 [OUT] 25 A5 01 09 31 02 D8 3F 54 EC (10)
                              [N9:P] INTERRUPT '?'
2026-01-06 10:24:55:637 [IN ] C8 24 09 0C 25 A5 09 01 31 04 D8 3A 01 01 53 9A EA (17)
                              [N9:P] INTERRUPT ':' 1 1 (257)
2026-01-06 10:24:55:658 [OUT] 25 A5 01 04 31 03 C9 3D 09 48 FE (11)
                              [N4:Y] LFLAG '=' 9 (9)
2026-01-06 10:24:55:682 [OUT] 25 A5 01 07 31 02 D8 3F 52 E2 (10)
                              [N7:N] INTERRUPT '?'
2026-01-06 10:24:55:983 [IN ] C8 24 04 0B 25 A5 04 01 31 03 C9 3A 09 45 FB 9A C8 24 07 0C 25 A5 07 01 31 04 D8 3A 01 01 51 8A EA (33)
                              [N4:Y] LFLAG ':' 9 (9)
                              [N7:N] INTERRUPT ':' 1 1 (257)
2026-01-06 10:24:56:004 [OUT] 25 A5 01 09 31 03 C9 3D 0B 4F 1E (11)
                              [N9:P] LFLAG '=' 11 (11)
2026-01-06 10:24:56:025 [OUT] 25 A5 01 07 31 03 C9 3D 0B 4D 12 (11)
                              [N7:N] LFLAG '=' 11 (11)
2026-01-06 10:24:56:172 [IN ] C8 24 09 0B 25 A5 09 01 31 03 C9 3A 0B 4C 20 8A (16)
                              [N9:P] LFLAG ':' 11 (11)
2026-01-06 10:24:56:194 [OUT] 25 A5 01 09 31 03 88 00 50 16 26 (11)
                              [N9:P] RUN 0 80 (80)
2026-01-06 10:24:56:279 [IN ] C8 24 07 0B 25 A5 07 01 31 03 C9 3A 0B 4A 12 8A (16)
                              [N7:N] LFLAG ':' 11 (11)
2026-01-06 10:24:56:301 [OUT] 25 A5 01 07 31 03 88 00 50 14 1A (11)
                              [N7:N] RUN 0 80 (80)
2026-01-06 10:24:56:386 [IN ] C8 24 09 0C 25 A5 09 01 31 04 88 53 00 50 6A F2 EA (17)
                              [N9:P] RUN 'S' 0 80 (80)
2026-01-06 10:24:56:448 [IN ] C8 24 09 0B 25 A5 09 01 31 03 81 5A 4C 65 C9 F2 (16)
                              [N9:P] TPOS 'Z' 76 (76)
2026-01-06 10:24:56:491 [IN ] C8 24 09 0A 25 A5 09 01 31 02 81 49 07 50 C9 (15)
                              [N9:P] TPOS 'I'
2026-01-06 10:24:56:514 [IN ] C8 24 07 0C 25 A5 07 01 31 04 88 53 00 50 68 E2 EA (17)
                              [N7:N] RUN 'S' 0 80 (80)
2026-01-06 10:24:56:535 [OUT] 25 A5 01 09 31 03 C9 3D 09 4D 1C (11)
                              [N9:P] LFLAG '=' 9 (9)
2026-01-06 10:24:56:557 [OUT] 25 A5 01 04 31 05 81 FF EE 88 01 32 FA (13)
                              [N4:Y] TPOS 255 238 136 1 (-1144831)
2026-01-06 10:24:56:703 [IN ] C8 24 09 0B 25 A5 09 01 31 03 C9 3A 09 4A 1E E2 (16)
                              [N9:P] LFLAG ':' 9 (9)
2026-01-06 10:24:56:828 [IN ] C8 24 04 0E 25 A5 04 01 31 06 81 53 00 00 00 00 10 88 31 (19)
                              [N4:Y] TPOS 'S' 0 0 0 0 (0)
2026-01-06 10:24:57:232 [IN ] C8 24 03 0B 25 A5 03 01 31 03 81 5A 4C 5F 9F 00 C8 24 03 0A 25 A5 03 01 31 02 81 49 01 2C 9F (31)
                              [N3:X] TPOS 'Z' 76 (76)
                              [N3:X] TPOS 'I'
2026-01-06 10:24:57:455 [OUT] 25 A5 01 03 31 03 C9 3D 09 47 F8 (11)
                              [N3:X] LFLAG '=' 9 (9)
2026-01-06 10:24:57:623 [IN ] C8 24 03 0B 25 A5 03 01 31 03 C9 3A 09 44 F4 00 (16)
                              [N3:X] LFLAG ':' 9 (9)
2026-01-06 10:25:01:037 [IN ] C8 24 07 0B 25 A5 07 01 31 03 81 5A 4C 63 BB 00 (16)
                              [N7:N] TPOS 'Z' 76 (76)
2026-01-06 10:25:01:238 [IN ] C8 24 07 0A 25 A5 07 01 31 02 81 49 05 44 BB (15)
                              [N7:N] TPOS 'I'
2026-01-06 10:25:01:461 [OUT] 25 A5 01 07 31 03 C9 3D 09 4B 10 (11)
                              [N7:N] LFLAG '=' 9 (9)
2026-01-06 10:25:01:608 [IN ] C8 24 07 0B 25 A5 07 01 31 03 C9 3A 09 48 10 00 (16)
                              [N7:N] LFLAG ':' 9 (9)
2026-01-06 10:25:02:010 [IN ] C8 24 0C 0B 25 A5 0C 01 31 03 81 5A 4C 68 DE 00 (16)
                              [N12:Z] TPOS 'Z' 76 (76)
2026-01-06 10:25:02:212 [IN ] C8 24 0C 0A 25 A5 0C 01 31 02 81 49 0A 62 DE (15)
                              [N12:Z] TPOS 'I'
2026-01-06 10:25:02:435 [OUT] 25 A5 01 0C 31 03 C9 3D 09 50 2E (11)
                              [N12:Z] LFLAG '=' 9 (9)
2026-01-06 10:25:02:581 [IN ] C8 24 04 0E 25 A5 04 01 31 06 81 45 FF EE 85 5C D0 6E 31 (19)
                              [N4:Y] TPOS 'E' 255 238 133 92 (-1145508)
2026-01-06 10:25:02:603 [IN ] C8 24 0C 0B 25 A5 0C 01 31 03 C9 3A 09 4D 33 5C (16)
                              [N12:Z] LFLAG ':' 9 (9)
2026-01-06 10:25:02:625 [OUT] 25 A5 01 0C 31 05 81 FF BC D0 00 4F 33 (13)
                              [N12:Z] TPOS 255 188 208 0 (-4403200)
2026-01-06 10:25:02:647 [OUT] 25 A5 01 04 31 05 81 FF FD 50 01 09 B7 (13)
                              [N4:Y] TPOS 255 253 80 1 (-176127)
2026-01-06 10:25:02:669 [OUT] 25 A5 01 09 31 05 81 FF E7 5D 56 5A 0C (13)
                              [N9:P] TPOS 255 231 93 86 (-1614506)
2026-01-06 10:25:02:694 [OUT] 25 A5 01 07 31 05 81 FF AB 19 75 F7 DF (13)
                              [N7:N] TPOS 255 171 25 117 (-5564043)
2026-01-06 10:25:02:717 [OUT] 25 A5 01 03 31 05 81 FF EC 4A AB 9B 1A (13)
                              [N3:X] TPOS 255 236 74 171 (-1291605)
2026-01-06 10:25:02:739 [OUT] 25 A5 01 06 31 02 D8 3F 51 DD (10)
                              [N6:H] INTERRUPT '?'
2026-01-06 10:25:03:040 [IN ] C8 24 0C 0E 25 A5 0C 01 31 06 81 53 FF FF FF 0C 21 DB 31 C8 24 04 0E 25 A5 04 01 31 06 81 53 FF EE 85 5D DF B5 31 (38)
                              [N12:Z] TPOS 'S' 255 255 255 12 (-244)
                              [N4:Y] TPOS 'S' 255 238 133 93 (-1145507)
2026-01-06 10:25:03:341 [IN ] C8 24 09 0E 25 A5 09 01 31 06 81 53 FF FF FF F9 0B AA 31 C8 24 07 0E 25 A5 07 01 31 06 81 53 FF FF FF FE 0E 9B 31 C8 24 03 0E 25 A5 03 01 31 06 81 53 00 00 00 00 0F 7E 31 (57)
                              [N9:P] TPOS 'S' 255 255 255 249 (-7)
                              [N7:N] TPOS 'S' 255 255 255 254 (-2)
                              [N3:X] TPOS 'S' 0 0 0 0 (0)
2026-01-06 10:25:03:642 [IN ] C8 24 06 0C 25 A5 06 01 31 04 D8 3A 01 01 50 82 0F (17)
                              [N6:H] INTERRUPT ':' 1 1 (257)
2026-01-06 10:25:03:664 [OUT] 25 A5 01 06 31 03 C9 3D 0B 4C 0C (11)
                              [N6:H] LFLAG '=' 11 (11)
2026-01-06 10:25:03:832 [IN ] C8 24 06 0B 25 A5 06 01 31 03 C9 3A 0B 49 0B 82 (16)
                              [N6:H] LFLAG ':' 11 (11)
2026-01-06 10:25:03:855 [OUT] 25 A5 01 06 31 03 88 FF B0 72 72 (11)
                              [N6:H] RUN 255 176 (-80)
2026-01-06 10:25:04:025 [IN ] C8 24 06 0C 25 A5 06 01 31 04 88 53 FF B0 C6 38 0F (17)
                              [N6:H] RUN 'S' 255 176 (-80)
2026-01-06 10:25:09:846 [IN ] C8 24 03 0E 25 A5 03 01 31 06 81 45 FF EC 47 D1 04 57 31 (19)
                              [N3:X] TPOS 'E' 255 236 71 209 (-1292335)
2026-01-06 10:25:10:251 [IN ] C8 24 06 0B 25 A5 06 01 31 03 81 5A 4C 62 B4 D1 C8 24 06 0A 25 A5 06 01 31 02 81 49 04 3E B4 (31)
                              [N6:H] TPOS 'Z' 76 (76)
                              [N6:H] TPOS 'I'
2026-01-06 10:25:10:273 [OUT] 25 A5 01 03 31 05 81 FF FD 50 01 08 AF (13)
                              [N3:X] TPOS 255 253 80 1 (-176127)
2026-01-06 10:25:10:295 [OUT] 25 A5 01 06 31 03 C9 3D 09 4A 0A (11)
                              [N6:H] LFLAG '=' 9 (9)
2026-01-06 10:25:10:463 [IN ] C8 24 03 0E 25 A5 03 01 31 06 81 53 FF EC 47 D2 13 9E 31 (19)
                              [N3:X] TPOS 'S' 255 236 71 210 (-1292334)
2026-01-06 10:25:10:569 [IN ] C8 24 06 0B 25 A5 06 01 31 03 C9 3A 09 47 09 D2 (16)
                              [N6:H] LFLAG ':' 9 (9)
2026-01-06 10:25:10:590 [OUT] 25 A5 01 06 31 03 84 00 50 0F 08 (11)
                              [N6:H] VEL 0 80 (80)
2026-01-06 10:25:10:612 [IN ] C8 24 04 0E 25 A5 04 01 31 06 81 45 FF FD 4F D8 25 AB 31 (19)
                              [N4:Y] TPOS 'E' 255 253 79 216 (-176168)
2026-01-06 10:25:10:761 [IN ] C8 24 06 0C 25 A5 06 01 31 04 84 53 00 50 63 CA 25 (17)
                              [N6:H] VEL 'S' 0 80 (80)
2026-01-06 10:25:10:782 [OUT] 25 A5 01 06 31 05 81 00 19 82 3C 95 BE (13)
                              [N6:H] TPOS 0 25 130 60 (1671740)
2026-01-06 10:25:10:969 [IN ] C8 24 06 0E 25 A5 06 01 31 06 81 53 00 00 00 00 12 9C 31 (19)
                              [N6:H] TPOS 'S' 0 0 0 0 (0)
2026-01-06 10:25:11:372 [IN ] C8 24 09 0E 25 A5 09 01 31 06 81 45 FF E7 5A 5D A4 36 31 (19)
                              [N9:P] TPOS 'E' 255 231 90 93 (-1615267)
2026-01-06 10:25:11:795 [OUT] 25 A5 01 09 31 05 81 FF FF D9 C8 60 BE (13)
                              [N9:P] TPOS 255 255 217 200 (-9784)
2026-01-06 10:25:11:985 [IN ] C8 24 09 0E 25 A5 09 01 31 06 81 53 FF E7 5A 5E B3 7D 31 (19)
                              [N9:P] TPOS 'S' 255 231 90 94 (-1615266)
2026-01-06 10:25:19:013 [IN ] C8 24 06 0E 25 A5 06 01 31 06 81 45 00 19 85 96 38 41 31 (19)
                              [N6:H] TPOS 'E' 0 25 133 150 (1672598)
2026-01-06 10:25:19:215 [IN ] C8 24 03 0E 25 A5 03 01 31 06 81 45 FF FD 50 11 5E DC 31 (19)
                              [N3:X] TPOS 'E' 255 253 80 17 (-176111)
2026-01-06 10:25:19:438 [OUT] 25 A5 01 06 31 05 81 00 0D AA 97 0C 45 (13)
                              [N6:H] TPOS 0 13 170 151 (895639)
2026-01-06 10:25:19:625 [IN ] C8 24 06 0E 25 A5 06 01 31 06 81 53 00 19 85 96 46 87 31 (19)
                              [N6:H] TPOS 'S' 0 25 133 150 (1672598)
2026-01-06 10:25:20:230 [IN ] C8 24 09 0E 25 A5 09 01 31 06 81 45 FF FF DB FE DE 21 31 (19)
                              [N9:P] TPOS 'E' 255 255 219 254 (-9218)
2026-01-06 10:25:20:454 [OUT] 25 A5 01 08 31 02 D8 3F 53 E7 (10)
                              [N8:R] INTERRUPT '?'
2026-01-06 10:25:20:755 [IN ] C8 24 08 0C 25 A5 08 01 31 04 D8 3A 01 01 52 92 DE (17)
                              [N8:R] INTERRUPT ':' 1 1 (257)
2026-01-06 10:25:20:776 [OUT] 25 A5 01 08 31 03 CA 3D 0B 4F 1B (11)
                              [N8:R] RFLAG '=' 11 (11)
2026-01-06 10:25:20:944 [IN ] C8 24 08 0B 25 A5 08 01 31 03 CA 3A 0B 4C 1C 92 (16)
                              [N8:R] RFLAG ':' 11 (11)
2026-01-06 10:25:20:965 [OUT] 25 A5 01 08 31 03 88 00 50 15 20 (11)
                              [N8:R] RUN 0 80 (80)
2026-01-06 10:25:21:154 [IN ] C8 24 08 0C 25 A5 08 01 31 04 88 53 00 50 69 EA DE (17)
                              [N8:R] RUN 'S' 0 80 (80)
2026-01-06 10:25:23:361 [IN ] C8 24 06 0E 25 A5 06 01 31 06 81 45 00 0D A5 C5 7B 8C 31 (19)
                              [N6:H] TPOS 'E' 0 13 165 197 (894405)
2026-01-06 10:25:23:584 [OUT] 25 A5 01 05 31 02 D8 3F 50 D8 (10)
                              [N5:V] INTERRUPT '?'
2026-01-06 10:25:23:885 [IN ] C8 24 05 0C 25 A5 05 01 31 04 D8 3A 01 01 4F 7A 7B (17)
                              [N5:V] INTERRUPT ':' 1 1 (257)
2026-01-06 10:25:23:906 [OUT] 25 A5 01 05 31 03 C9 3D 0B 4B 06 (11)
                              [N5:V] LFLAG '=' 11 (11)
2026-01-06 10:25:24:011 [IN ] C8 24 0C 0E 25 A5 0C 01 31 06 81 45 FF BC CC 3D CE 97 31 (19)
                              [N12:Z] TPOS 'E' 255 188 204 61 (-4404163)
2026-01-06 10:25:24:076 [OUT] 25 A5 01 0C 31 05 81 FF D7 04 00 9E EC (13)
                              [N12:Z] TPOS 255 215 4 0 (-2685952)
2026-01-06 10:25:24:077 [IN ] C8 24 05 0B 25 A5 05 01 31 03 C9 3A 0B 48 04 3D (16)
                              [N5:V] LFLAG ':' 11 (11)
2026-01-06 10:25:24:098 [OUT] 25 A5 01 05 31 03 88 FF B0 71 6C (11)
                              [N5:V] RUN 255 176 (-80)
2026-01-06 10:25:24:265 [IN ] C8 24 0C 0E 25 A5 0C 01 31 06 81 53 FF BC CC 43 E2 E3 31 (19)
                              [N12:Z] TPOS 'S' 255 188 204 67 (-4404157)
2026-01-06 10:25:24:370 [IN ] C8 24 05 0C 25 A5 05 01 31 04 88 53 FF B0 C5 30 E2 (17)
                              [N5:V] RUN 'S' 255 176 (-80)
2026-01-06 10:25:26:579 [IN ] C8 24 05 0B 25 A5 05 01 31 03 81 5A 4C 61 AD 30 C8 24 05 0A 25 A5 05 01 31 02 81 49 03 38 AD (31)
                              [N5:V] TPOS 'Z' 76 (76)
                              [N5:V] TPOS 'I'
2026-01-06 10:25:26:802 [OUT] 25 A5 01 05 31 03 C9 3D 09 49 04 (11)
                              [N5:V] LFLAG '=' 9 (9)
2026-01-06 10:25:26:824 [IN ] C8 24 08 0B 25 A5 08 01 31 03 81 5A 52 6A C8 30 (16)
                              [N8:R] TPOS 'Z' 82 (82)
2026-01-06 10:25:26:867 [IN ] C8 24 08 0A 25 A5 08 01 31 02 81 49 06 4A C8 (15)
                              [N8:R] TPOS 'I'
2026-01-06 10:25:26:911 [OUT] 25 A5 01 08 31 03 CA 3D 09 4D 19 (11)
                              [N8:R] RFLAG '=' 9 (9)
2026-01-06 10:25:26:953 [IN ] C8 24 05 0B 25 A5 05 01 31 03 C9 3A 09 46 02 30 (16)
                              [N5:V] LFLAG ':' 9 (9)
2026-01-06 10:25:26:974 [OUT] 25 A5 01 05 31 03 84 00 50 0E 02 (11)
                              [N5:V] VEL 0 80 (80)
2026-01-06 10:25:27:080 [IN ] C8 24 08 0B 25 A5 08 01 31 03 CA 3A 09 4A 1A 30 (16)
                              [N8:R] RFLAG ':' 9 (9)
2026-01-06 10:25:27:101 [OUT] 25 A5 01 08 31 05 81 FF DC 77 1D 2F DE (13)
                              [N8:R] TPOS 255 220 119 29 (-2328803)
2026-01-06 10:25:27:185 [IN ] C8 24 05 0C 25 A5 05 01 31 04 84 53 00 50 62 C2 E2 (17)
                              [N5:V] VEL 'S' 0 80 (80)
2026-01-06 10:25:27:207 [OUT] 25 A5 01 05 31 05 81 00 19 82 3C 94 B6 (13)
                              [N5:V] TPOS 0 25 130 60 (1671740)
2026-01-06 10:25:27:311 [IN ] C8 24 08 0E 25 A5 08 01 31 06 81 53 FF FF FF (15)
2026-01-06 10:25:27:333 [IN ] FB 0C A2 31 (4)
                              [N8:R] TPOS 'S' 255 255 255 251 (-5)
2026-01-06 10:25:27:459 [IN ] C8 24 05 0E 25 A5 05 01 31 06 81 53 00 00 00 01 12 93 31 (19)
                              [N5:V] TPOS 'S' 0 0 0 1 (1)
2026-01-06 10:25:27:662 [IN ] C8 24 07 0E 25 A5 07 01 31 06 81 45 FF AB 14 A5 68 2A 31 (19)
                              [N7:N] TPOS 'E' 255 171 20 165 (-5565275)
2026-01-06 10:25:28:084 [OUT] 25 A5 01 07 31 05 81 FF F0 47 34 29 C9 (13)
                              [N7:N] TPOS 255 240 71 52 (-1030348)
2026-01-06 10:25:28:272 [IN ] C8 24 07 0E 25 A5 07 01 31 06 81 53 FF AB 14 A5 76 70 31 (19)
                              [N7:N] TPOS 'S' 255 171 20 165 (-5565275)
2026-01-06 10:25:32:286 [IN ] C8 24 0C 0E 25 A5 0C 01 31 06 81 45 FF D7 07 DA C1 FB 31 (19)
                              [N12:Z] TPOS 'E' 255 215 7 218 (-2684966)
2026-01-06 10:25:35:298 [IN ] C8 24 05 0E 25 A5 05 01 31 06 81 45 00 19 86 5B FD FE 31 (19)
                              [N5:V] TPOS 'E' 0 25 134 91 (1672795)
2026-01-06 10:25:35:721 [OUT] 25 A5 01 05 31 05 81 00 0B F4 C2 7E F6 (13)
                              [N5:V] TPOS 0 11 244 194 (783554)
2026-01-06 10:25:35:909 [IN ] C8 24 05 0E 25 A5 05 01 31 06 81 53 00 19 86 5A 0A 43 31 (19)
                              [N5:V] TPOS 'S' 0 25 134 90 (1672794)
2026-01-06 10:25:38:320 [IN ] C8 24 08 0E 25 A5 08 01 31 06 81 45 FF DC 73 72 C6 52 31 (19)
                              [N8:R] TPOS 'E' 255 220 115 114 (-2329742)
2026-01-06 10:25:38:744 [OUT] 25 A5 01 08 31 05 81 FF EE 15 56 18 89 (13)
                              [N8:R] TPOS 255 238 21 86 (-1174186)
2026-01-06 10:25:38:933 [IN ] C8 24 08 0E 25 A5 08 01 31 (9)
2026-01-06 10:25:38:954 [IN ] 06 81 53 FF DC 73 73 D5 99 31 (10)
                              [N8:R] TPOS 'S' 255 220 115 115 (-2329741)
2026-01-06 10:25:41:563 [IN ] C8 24 05 0E 25 A5 05 01 31 06 81 45 00 0B F3 47 48 9A 31 (19)
                              [N5:V] TPOS 'E' 0 11 243 71 (783175)
2026-01-06 10:25:41:787 [OUT] 25 A5 01 03 31 05 81 FF EE F6 3C DA 09 (13)
                              [N3:X] TPOS 255 238 246 60 (-1116612)
2026-01-06 10:25:41:809 [OUT] 25 A5 01 04 31 05 81 FF F3 CF AC 29 42 (13)
                              [N4:Y] TPOS 255 243 207 172 (-798804)
2026-01-06 10:25:41:957 [IN ] C8 24 03 0E 25 A5 03 01 31 06 81 53 FF FD 50 (15)
2026-01-06 10:25:41:978 [IN ] 11 6C 22 31 (4)
                              [N3:X] TPOS 'S' 255 253 80 17 (-176111)
2026-01-06 10:25:42:102 [IN ] C8 24 04 0E 25 A5 04 01 31 06 81 53 FF FD 4F D8 33 F1 31 (19)
                              [N4:Y] TPOS 'S' 255 253 79 216 (-176168)
2026-01-06 10:25:44:511 [IN ] C8 24 08 0E 25 A5 08 01 31 06 81 45 FF EE 18 4C 57 AC 31 (19)
                              [N8:R] TPOS 'E' 255 238 24 76 (-1173428)
2026-01-06 10:25:45:316 [IN ] C8 24 04 0E 25 A5 04 01 31 06 81 45 FF F3 CC BA 7A 69 31 (19)
                              [N4:Y] TPOS 'E' 255 243 204 186 (-799558)
2026-01-06 10:25:46:723 [IN ] C8 24 03 0E 25 A5 03 01 31 06 81 45 FF EE F3 4F 30 33 31 (19)
                              [N3:X] TPOS 'E' 255 238 243 79 (-1117361)
2026-01-06 10:25:48:331 [IN ] C8 24 07 0E 25 A5 07 01 31 06 81 45 FF F0 4B D4 13 96 31 (19)
                              [N7:N] TPOS 'E' 255 240 75 212 (-1029164)
