2026-01-06 16:09:01:097 [OUT] 25 A5 01 0A 31 05 D6 3D FF 00 00 53 ED (13)
                              [N10:HMI] HMILED '=' 255 0 0 (16711680)
2026-01-06 16:09:01:122 [OUT] 25 A5 01 0C 31 05 81 FF F1 B4 D6 3E 70 (13)
                              [N12:Z] TPOS 255 241 180 214 (-936746)
2026-01-06 16:09:01:143 [OUT] 25 A5 01 05 31 05 81 00 0B F4 5C 18 90 (13)
                              [N5:V] TPOS 0 11 244 92 (783452)
2026-01-06 16:09:01:164 [OUT] 25 A5 01 06 31 05 81 00 0D D6 C6 67 CC (13)
                              [N6:H] TPOS 0 13 214 198 (906950)
2026-01-06 16:09:01:292 [IN ] C8 24 0A 0D 25 A5 0A 01 31 05 D6 3A FF 00 00 50 EA 38 (18)
                              [N10:HMI] HMILED ':' 255 0 0 (16711680)
2026-01-06 16:09:01:417 [IN ] C8 24 0C 0E 25 A5 0C 01 31 06 81 53 FF DD 8C D4 54 57 0A (19)
                              [N12:Z] TPOS 'S' 255 221 140 212 (-2257708)
2026-01-06 16:09:01:543 [IN ] C8 24 05 0E 25 A5 05 01 31 06 81 53 00 0B F2 B1 BF 48 0A (19)
                              [N5:V] TPOS 'S' 0 11 242 177 (783025)
2026-01-06 16:09:01:649 [IN ] C8 24 05 0E 25 A5 05 01 31 06 81 45 00 0B F2 CE CE 1F 0A (19)
                              [N5:V] TPOS 'E' 0 11 242 206 (783054)
2026-01-06 16:09:01:670 [IN ] C8 24 06 0E 25 A5 06 01 31 06 81 53 00 0D D1 E7 D7 4C 0A (19)
                              [N6:H] TPOS 'S' 0 13 209 231 (905703)
2026-01-06 16:09:01:872 [IN ] C8 24 06 0E 25 A5 06 01 31 06 81 45 00 0D D8 0E F7 3B 0A (19)
                              [N6:H] TPOS 'E' 0 13 216 14 (907278)
2026-01-06 16:09:07:896 [IN ] C8 24 0C 0E 25 A5 0C 01 31 06 81 45 FF F1 B9 00 B3 D3 0A (19)
                              [N12:Z] TPOS 'E' 255 241 185 0 (-935680)
2026-01-06 16:09:08:319 [OUT] 25 A5 01 04 31 05 81 FF F2 4F 8E 8A 21 (13)
                              [N4:Y] TPOS 255 242 79 142 (-897138)
2026-01-06 16:09:08:341 [OUT] 25 A5 01 03 31 05 81 FF F0 D3 20 9D AD (13)
                              [N3:X] TPOS 255 240 211 32 (-994528)
2026-01-06 16:09:08:489 [IN ] C8 24 04 0E 25 A5 04 01 31 06 81 53 FF F3 E8 53 3D 80 0A (19)
                              [N4:Y] TPOS 'S' 255 243 232 83 (-792493)
2026-01-06 16:09:08:635 [IN ] C8 24 03 0E 25 A5 03 01 31 06 81 53 FF EE D6 B5 87 A5 0A (19)
                              [N3:X] TPOS 'S' 255 238 214 181 (-1124683)
2026-01-06 16:09:09:237 [IN ] C8 24 04 0E 25 A5 04 01 31 06 81 45 FF F2 4C A5 E4 51 0A (19)
                              [N4:Y] TPOS 'E' 255 242 76 165 (-897883)
2026-01-06 16:09:09:839 [IN ] C8 24 03 0E 25 A5 03 01 31 06 81 45 FF F0 D2 D5 97 7D 0A (19)
                              [N3:X] TPOS 'E' 255 240 210 213 (-994603)
2026-01-06 16:09:10:264 [OUT] 25 A5 01 0C 31 05 81 FF DD 8C D6 02 E4 (13)
                              [N12:Z] TPOS 255 221 140 214 (-2257706)
2026-01-06 16:09:10:452 [IN ] C8 24 0C 0E 25 A5 0C 01 31 06 81 53 FF F1 B8 B6 76 CD 0A (19)
                              [N12:Z] TPOS 'S' 255 241 184 182 (-935754)
2026-01-06 16:09:16:876 [IN ] C8 24 0C 0E 25 A5 0C 01 31 06 81 45 FF DD 88 65 D3 9A 0A (19)
                              [N12:Z] TPOS 'E' 255 221 136 101 (-2258843)
2026-01-06 16:09:17:300 [OUT] 25 A5 01 09 31 05 81 FF EF 24 55 28 B1 (13)
                              [N9:P] TPOS 255 239 36 85 (-1104811)
2026-01-06 16:09:17:321 [OUT] 25 A5 01 05 31 05 81 00 06 34 CF C6 74 (13)
                              [N5:V] TPOS 0 6 52 207 (406735)
2026-01-06 16:09:17:343 [OUT] 25 A5 01 06 31 05 81 00 11 5F 83 B1 A7 (13)
                              [N6:H] TPOS 0 17 95 131 (1138563)
2026-01-06 16:09:17:366 [OUT] 25 A5 01 07 31 05 81 FF C7 BB E5 25 E7 (13)
                              [N7:N] TPOS 255 199 187 229 (-3687451)
2026-01-06 16:09:17:513 [IN ] C8 24 09 0E 25 A5 09 01 31 06 81 53 FF F2 49 C0 0F DE 0A (19)
                              [N9:P] TPOS 'S' 255 242 73 192 (-898624)
2026-01-06 16:09:17:617 [IN ] C8 24 05 0E 25 A5 05 01 31 06 81 53 00 0B F2 CE DC 65 0A (19)
                              [N5:V] TPOS 'S' 0 11 242 206 (783054)
2026-01-06 16:09:17:743 [IN ] C8 24 06 0E 25 A5 06 01 31 06 81 53 00 0D D8 0E 05 81 0A (19)
                              [N6:H] TPOS 'S' 0 13 216 14 (907278)
2026-01-06 16:09:17:890 [IN ] C8 24 07 0E 25 A5 07 01 31 06 81 53 FF F0 4C A6 F4 B0 0A (19)
                              [N7:N] TPOS 'S' 255 240 76 166 (-1028954)
2026-01-06 16:09:18:692 [IN ] C8 24 09 0E 25 A5 09 01 31 06 81 45 FF EF 20 D0 E5 4D 0A (19)
                              [N9:P] TPOS 'E' 255 239 32 208 (-1105712)
2026-01-06 16:09:19:094 [IN ] C8 24 06 0E 25 A5 06 01 31 06 81 45 00 11 63 8C 04 DB 0A (19)
                              [N6:H] TPOS 'E' 0 17 99 140 (1139596)
2026-01-06 16:09:20:099 [IN ] C8 24 05 0E 25 A5 05 01 31 06 81 45 00 06 33 88 C4 4C 0A (19)
                              [N5:V] TPOS 'E' 0 6 51 136 (406408)
2026-01-06 16:09:29:535 [IN ] C8 24 07 0E 25 A5 07 01 31 06 81 45 FF C7 B6 98 19 B5 0A (19)
                              [N7:N] TPOS 'E' 255 199 182 152 (-3688808)
