2026-01-06 15:27:58:522 [OUT] 25 A5 01 0A 31 05 D6 3D FF 00 00 53 ED (13)
                              [N10:HMI] HMILED '=' 255 0 0 (16711680)
2026-01-06 15:27:58:545 [OUT] 25 A5 01 09 31 05 81 FF ED 6D D3 ED BB (13)
                              [N9:P] TPOS 255 237 109 211 (-1217069)
2026-01-06 15:27:58:568 [OUT] 25 A5 01 05 31 05 81 00 13 E9 14 CD 4A (13)
                              [N5:V] TPOS 0 19 233 20 (1304852)
2026-01-06 15:27:58:589 [OUT] 25 A5 01 06 31 05 81 00 0A 99 6A CB ED (13)
                              [N6:H] TPOS 0 10 153 106 (694634)
2026-01-06 15:27:58:611 [OUT] 25 A5 01 07 31 05 81 FF D0 13 25 C6 F2 (13)
                              [N7:N] TPOS 255 208 19 37 (-3140827)
2026-01-06 15:27:58:715 [IN ] C8 24 0A 0D 25 A5 0A 01 31 05 D6 3A FF 00 00 50 EA A1 (18)
                              [N10:HMI] HMILED ':' 255 0 0 (16711680)
2026-01-06 15:27:58:841 [IN ] C8 24 09 0E 25 A5 09 01 31 06 81 53 FF EC 73 77 EA D7 0A (19)
                              [N9:P] TPOS 'S' 255 236 115 119 (-1281161)
2026-01-06 15:27:58:968 [IN ] C8 24 05 0E 25 A5 05 01 31 06 81 53 00 0C FB 7B 93 27 0A (19)
                              [N5:V] TPOS 'S' 0 12 251 123 (850811)
2026-01-06 15:27:59:093 [IN ] C8 24 06 0E 25 A5 06 01 31 06 81 53 00 0C B8 5F 35 8F 0A (19)
                              [N6:H] TPOS 'S' 0 12 184 95 (833631)
2026-01-06 15:27:59:240 [IN ] C8 24 07 0E 25 A5 07 01 31 06 81 53 FF D4 2F 6B 80 E7 0A (19)
                              [N7:N] TPOS 'S' 255 212 47 107 (-2871445)
2026-01-06 15:27:59:441 [IN ] C8 24 09 0E 25 A5 09 01 31 06 81 45 FF ED 71 E1 45 FA 0A (19)
                              [N9:P] TPOS 'E' 255 237 113 225 (-1216031)
2026-01-06 15:27:59:843 [IN ] C8 24 06 0E 25 A5 06 01 31 06 81 45 00 0A 95 87 2A 25 0A (19)
                              [N6:H] TPOS 'E' 0 10 149 135 (693639)
2026-01-06 15:28:00:646 [IN ] C8 24 07 0E 25 A5 07 01 31 06 81 45 FF D0 0D C6 A7 AC 0A (19)
                              [N7:N] TPOS 'E' 255 208 13 198 (-3142202)
2026-01-06 15:28:01:249 [IN ] C8 24 05 0E 25 A5 05 01 31 06 81 45 00 13 ED 4B 4E AA 0A (19)
                              [N5:V] TPOS 'E' 0 19 237 75 (1305931)
