2026-01-06 14:41:54:751 [OUT] 25 A5 01 0A 31 05 D6 3D FF 00 00 53 ED (13)
                              [N10:HMI] HMILED '=' 255 0 0 (16711680)
2026-01-06 14:41:54:775 [OUT] 25 A5 01 09 31 05 81 FF ED 42 95 84 27 (13)
                              [N9:P] TPOS 255 237 66 149 (-1228139)
2026-01-06 14:41:54:797 [OUT] 25 A5 01 05 31 05 81 00 0D DC F5 9B FF (13)
                              [N5:V] TPOS 0 13 220 245 (908533)
2026-01-06 14:41:54:818 [OUT] 25 A5 01 06 31 05 81 00 0E E0 65 11 82 (13)
                              [N6:H] TPOS 0 14 224 101 (974949)
2026-01-06 14:41:54:943 [IN ] C8 24 0A 0D 25 A5 0A 01 31 05 D6 3A FF 00 00 50 EA 51 (18)
                              [N10:HMI] HMILED ':' 255 0 0 (16711680)
2026-01-06 14:41:55:070 [IN ] C8 24 09 0E 25 A5 09 01 31 06 81 53 FF ED 64 C7 2C 0C 25 (19)
                              [N9:P] TPOS 'S' 255 237 100 199 (-1219385)
2026-01-06 14:41:55:197 [IN ] C8 24 05 0E 25 A5 05 01 31 06 81 53 00 0F DE 33 31 AE 25 (19)
                              [N5:V] TPOS 'S' 0 15 222 51 (1039923)
2026-01-06 14:41:55:239 [IN ] C8 24 09 0E 25 A5 09 01 31 06 81 45 FF ED 3E FD 2E B0 25 (19)
                              [N9:P] TPOS 'E' 255 237 62 253 (-1229059)
2026-01-06 14:41:55:323 [IN ] C8 24 06 0E 25 A5 06 01 31 06 81 53 00 0B 6A BF 46 50 25 (19)
                              [N6:H] TPOS 'S' 0 11 106 191 (748223)
2026-01-06 14:41:56:127 [IN ] C8 24 05 0E 25 A5 05 01 31 06 81 45 00 0D DB 09 F4 32 25 (19)
                              [N5:V] TPOS 'E' 0 13 219 9 (908041)
2026-01-06 14:41:56:528 [IN ] C8 24 06 0E 25 A5 06 01 31 06 81 45 00 0E E4 F5 EB 3D 25 (19)
                              [N6:H] TPOS 'E' 0 14 228 245 (976117)
