2026-01-06 14:41:58:851 [OUT] 25 A5 01 0A 31 05 D6 3D FF 00 00 53 ED (13)
                              [N10:HMI] HMILED '=' 255 0 0 (16711680)
2026-01-06 14:41:58:874 [OUT] 25 A5 01 05 31 05 81 00 0B F4 5C 18 90 (13)
                              [N5:V] TPOS 0 11 244 92 (783452)
2026-01-06 14:41:58:896 [OUT] 25 A5 01 06 31 05 81 00 0D D6 C6 67 CC (13)
                              [N6:H] TPOS 0 13 214 198 (906950)
2026-01-06 14:41:58:919 [IN ] C8 24 (2)
2026-01-06 14:41:58:940 [IN ] 0B 0C 25 A5 0B 01 31 04 88 53 00 64 80 16 EB (15)
                              [N11:NG] RUN 'S' 0 100 (100)
2026-01-06 14:41:58:986 [IN ] C8 24 0B 0A 25 A5 0B 01 31 02 DE 03 20 D0 80 (15)
                              [N11:NG] NGSWSTATE 3 (3)
2026-01-06 14:41:59:070 [IN ] C8 24 0A 0D 25 A5 0A 01 31 05 D6 3A FF 00 00 50 EA 3D (18)
                              [N10:HMI] HMILED ':' 255 0 0 (16711680)
2026-01-06 14:41:59:196 [IN ] C8 24 05 0E 25 A5 05 01 31 06 81 53 00 0D DB 09 02 78 25 (19)
                              [N5:V] TPOS 'S' 0 13 219 9 (908041)
2026-01-06 14:41:59:321 [IN ] C8 24 06 0E 25 A5 06 01 31 06 81 53 00 0E E4 F6 FA 84 25 (19)
                              [N6:H] TPOS 'S' 0 14 228 246 (976118)
2026-01-06 14:41:59:524 [IN ] C8 24 0B 0A 25 A5 0B 01 31 02 DE 01 1E CE E4 C8 24 0B 0A 25 A5 0B 01 31 02 DE 00 1D CD E4 (30)
                              [N11:NG] NGSWSTATE 1 (1)
                              [N11:NG] NGSWSTATE 0 (0)
2026-01-06 14:41:59:726 [IN ] C8 24 06 0E 25 A5 06 01 31 06 81 45 00 0D D1 B5 97 D4 25 (19)
                              [N6:H] TPOS 'E' 0 13 209 181 (905653)
2026-01-06 14:42:00:129 [IN ] C8 24 0B 0A 25 A5 0B 01 31 02 DE 00 1D CD D1 C8 24 05 0E 25 A5 05 01 31 06 81 45 00 0B F2 D6 D6 27 25 (34)
                              [N11:NG] NGSWSTATE 0 (0)
                              [N5:V] TPOS 'E' 0 11 242 214 (783062)
