2026-01-06 14:49:52:777 [OUT] 25 A5 01 0A 31 05 D6 3D FF 00 00 53 ED (13)
                              [N10:HMI] HMILED '=' 255 0 0 (16711680)
2026-01-06 14:49:52:806 [OUT] 25 A5 01 09 31 05 81 FF E9 97 AC EC DC (13)
                              [N9:P] TPOS 255 233 151 172 (-1468500)
2026-01-06 14:49:52:826 [OUT] 25 A5 01 05 31 05 81 00 07 33 84 7B 2A (13)
                              [N5:V] TPOS 0 7 51 132 (471940)
2026-01-06 14:49:52:848 [OUT] 25 A5 01 06 31 05 81 00 0C 81 82 CD DB (13)
                              [N6:H] TPOS 0 12 129 130 (819586)
2026-01-06 14:49:52:870 [OUT] 25 A5 01 07 31 05 81 FF CD E5 BC 2C 24 (13)
                              [N7:N] TPOS 255 205 229 188 (-3283524)
2026-01-06 14:49:52:954 [IN ] C8 24 0A 0D 25 A5 0A 01 31 05 D6 3A FF 00 00 50 EA 3F (18)
                              [N10:HMI] HMILED ':' 255 0 0 (16711680)
2026-01-06 14:49:53:080 [IN ] C8 24 09 0E 25 A5 09 01 31 06 81 53 FF E9 BA 91 48 76 0A (19)
                              [N9:P] TPOS 'S' 255 233 186 145 (-1459567)
2026-01-06 14:49:53:207 [IN ] C8 24 05 0E 25 A5 05 01 31 06 81 53 00 07 5A A3 15 FE 0A (19)
                              [N5:V] TPOS 'S' 0 7 90 163 (481955)
2026-01-06 14:49:53:249 [IN ] C8 24 09 0E 25 A5 09 01 31 06 81 45 FF E9 95 29 AD 7E 0A (19)
                              [N9:P] TPOS 'E' 255 233 149 41 (-1469143)
2026-01-06 14:49:53:354 [IN ] C8 24 06 0E 25 A5 06 01 31 06 81 53 00 0C 67 62 E7 F0 0A (19)
                              [N6:H] TPOS 'S' 0 12 103 98 (812898)
2026-01-06 14:49:53:396 [IN ] C8 24 05 0E 25 A5 05 01 31 06 81 45 00 07 31 1E 59 E1 0A (19)
                              [N5:V] TPOS 'E' 0 7 49 30 (471326)
2026-01-06 14:49:53:481 [IN ] C8 24 07 0E 25 A5 07 01 31 06 81 53 FF CC 97 D1 46 05 0A C8 24 06 0E 25 A5 06 01 31 06 81 45 00 0C 85 70 (35)
                              [N7:N] TPOS 'S' 255 204 151 209 (-3369007)
2026-01-06 14:49:53:682 [IN ] 05 F4 0A (3)
                              [N6:H] TPOS 'E' 0 12 133 112 (820592)
2026-01-06 14:49:54:084 [IN ] C8 24 07 0E 25 A5 07 01 31 06 81 45 FF CD EA E9 A4 80 0A (19)
                              [N7:N] TPOS 'E' 255 205 234 233 (-3282199)
