2026-01-06 13:20:25:756 [OUT] 25 A5 01 0A 31 05 D6 3D FF 00 00 53 ED (13)
                              [N10:HMI] HMILED '=' 255 0 0 (16711680)
2026-01-06 13:20:25:778 [OUT] 25 A5 01 03 31 05 81 FF ED 69 DC EC 8C (13)
                              [N3:X] TPOS 255 237 105 220 (-1218084)
2026-01-06 13:20:25:800 [OUT] 25 A5 01 04 31 05 81 FF F2 16 F0 B3 11 (13)
                              [N4:Y] TPOS 255 242 22 240 (-911632)
2026-01-06 13:20:25:947 [IN ] C8 24 0A 0D 25 A5 0A 01 31 05 D6 3A FF 00 00 50 EA 4C (18)
                              [N10:HMI] HMILED ':' 255 0 0 (16711680)
2026-01-06 13:20:26:073 [IN ] C8 24 03 0E 25 A5 03 01 31 06 81 53 FF F0 0F D6 E3 3E 0A (19)
                              [N3:X] TPOS 'S' 255 240 15 214 (-1044522)
2026-01-06 13:20:26:094 [IN ] C8 24 09 0D 25 A5 09 01 31 05 82 FF FF DA (14)
2026-01-06 13:20:26:116 [IN ] 81 1B 86 3E (4)
                              [N9:P] GETPOS 255 255 218 129 (-9599)
2026-01-06 13:20:26:179 [IN ] C8 24 04 (3)
2026-01-06 13:20:26:201 [IN ] 0E 25 A5 04 01 31 06 81 53 FF EF EF 63 50 92 0A (16)
                              [N4:Y] TPOS 'S' 255 239 239 99 (-1052829)
2026-01-06 13:20:27:204 [IN ] C8 24 03 0E 25 A5 03 01 31 06 81 45 FF ED 67 30 84 F9 0A C8 24 09 0D 25 A5 09 01 31 05 82 FF FF DA 81 1B 86 F9 (37)
                              [N3:X] TPOS 'E' 255 237 103 48 (-1218768)
                              [N9:P] GETPOS 255 255 218 129 (-9599)
2026-01-06 13:20:27:606 [IN ] C8 24 04 0E 25 A5 04 01 31 06 81 45 FF F2 17 2B 35 6D 0A (19)
                              [N4:Y] TPOS 'E' 255 242 23 43 (-911573)
