2026-01-06 14:48:50:081 [OUT] 25 A5 01 0A 31 05 D6 3D FF 00 00 53 ED (13)
                              [N10:HMI] HMILED '=' 255 0 0 (16711680)
2026-01-06 14:48:50:104 [OUT] 25 A5 01 0C 31 05 81 FF ED E7 8E 25 82 (13)
                              [N12:Z] TPOS 255 237 231 142 (-1185906)
2026-01-06 14:48:50:125 [OUT] 25 A5 01 05 31 05 81 00 0B F4 5C 18 90 (13)
                              [N5:V] TPOS 0 11 244 92 (783452)
2026-01-06 14:48:50:146 [OUT] 25 A5 01 06 31 05 81 00 0D D6 C6 67 CC (13)
                              [N6:H] TPOS 0 13 214 198 (906950)
2026-01-06 14:48:50:274 [IN ] C8 24 0A 0D 25 A5 0A 01 31 05 D6 3A FF 00 00 50 EA 3D (18)
                              [N10:HMI] HMILED ':' 255 0 0 (16711680)
2026-01-06 14:48:50:380 [IN ] C8 24 0C 0E 25 A5 0C 01 31 06 81 53 FF D9 BF 8E 3D 6B 0A (19)
                              [N12:Z] TPOS 'S' 255 217 191 142 (-2506866)
2026-01-06 14:48:50:506 [IN ] C8 24 05 0E 25 A5 05 01 31 06 81 53 00 0B F2 E5 F3 7C 0A (19)
                              [N5:V] TPOS 'S' 0 11 242 229 (783077)
2026-01-06 14:48:50:632 [IN ] C8 24 05 0E 25 A5 05 01 31 06 81 45 00 0B F2 EA EA 3B 0A (19)
                              [N5:V] TPOS 'E' 0 11 242 234 (783082)
2026-01-06 14:48:50:653 [IN ] C8 24 06 0E 25 A5 06 01 31 06 81 53 00 0D D1 B7 A7 1C 0A (19)
                              [N6:H] TPOS 'S' 0 13 209 183 (905655)
2026-01-06 14:48:50:855 [IN ] C8 24 06 0E 25 A5 06 01 31 06 81 45 00 0D D8 30 19 5D 0A (19)
                              [N6:H] TPOS 'E' 0 13 216 48 (907312)
2026-01-06 14:48:56:879 [IN ] C8 24 0C 0E 25 A5 0C 01 31 06 81 45 FF ED EB 51 32 7C 0A (19)
                              [N12:Z] TPOS 'E' 255 237 235 81 (-1184943)
2026-01-06 14:48:57:301 [OUT] 25 A5 01 04 31 05 81 FF F5 86 EE 24 F8 (13)
                              [N4:Y] TPOS 255 245 134 238 (-686354)
2026-01-06 14:48:57:323 [OUT] 25 A5 01 03 31 05 81 FF EC E7 4F DC F8 (13)
                              [N3:X] TPOS 255 236 231 79 (-1251505)
2026-01-06 14:48:57:491 [IN ] C8 24 04 0E 25 A5 04 01 31 06 81 53 FF F3 E8 39 23 66 0A (19)
                              [N4:Y] TPOS 'S' 255 243 232 57 (-792519)
2026-01-06 14:48:57:617 [IN ] C8 24 03 0E 25 A5 03 01 31 06 81 53 FF EE D6 BD 8F AD 0A (19)
                              [N3:X] TPOS 'S' 255 238 214 189 (-1124675)
2026-01-06 14:48:58:419 [IN ] C8 24 03 0E 25 A5 03 01 31 06 81 45 FF EC E4 14 E4 D4 0A C8 24 04 0E 25 A5 04 01 31 06 81 45 FF F5 86 F3 6F 1C 0A (38)
                              [N3:X] TPOS 'E' 255 236 228 20 (-1252332)
                              [N4:Y] TPOS 'E' 255 245 134 243 (-686349)
2026-01-06 14:48:58:843 [OUT] 25 A5 01 0C 31 05 81 FF D9 BF 8E E9 F6 (13)
                              [N12:Z] TPOS 255 217 191 142 (-2506866)
2026-01-06 14:48:59:029 [IN ] C8 24 0C 0E 25 A5 0C 01 31 06 81 53 FF ED EB 20 0F 91 0A (19)
                              [N12:Z] TPOS 'S' 255 237 235 32 (-1184992)
2026-01-06 14:49:05:452 [IN ] C8 24 0C 0E 25 A5 0C 01 31 06 81 45 FF D9 BB A3 40 32 0A (19)
                              [N12:Z] TPOS 'E' 255 217 187 163 (-2507869)
2026-01-06 14:49:05:878 [OUT] 25 A5 01 09 31 05 81 FF ED CE 26 A1 D0 (13)
                              [N9:P] TPOS 255 237 206 38 (-1192410)
2026-01-06 14:49:05:900 [OUT] 25 A5 01 05 31 05 81 00 0D 8D DB 32 47 (13)
                              [N5:V] TPOS 0 13 141 219 (888283)
2026-01-06 14:49:05:922 [OUT] 25 A5 01 06 31 05 81 00 09 6A 64 95 86 (13)
                              [N6:H] TPOS 0 9 106 100 (617060)
2026-01-06 14:49:05:944 [OUT] 25 A5 01 07 31 05 81 FF CE 06 12 A4 BF (13)
                              [N7:N] TPOS 255 206 6 18 (-3275246)
2026-01-06 14:49:06:070 [IN ] C8 24 09 0E 25 A5 09 01 31 06 81 53 FF F1 04 FA 03 8B 0A (19)
                              [N9:P] TPOS 'S' 255 241 4 250 (-981766)
2026-01-06 14:49:06:194 [IN ] C8 24 05 0E 25 A5 05 01 31 06 81 53 00 0B F2 EA F8 81 0A (19)
                              [N5:V] TPOS 'S' 0 11 242 234 (783082)
2026-01-06 14:49:06:320 [IN ] C8 24 06 0E 25 A5 06 01 31 06 81 53 00 0D D8 31 28 A4 0A (19)
                              [N6:H] TPOS 'S' 0 13 216 49 (907313)
2026-01-06 14:49:06:467 [IN ] C8 24 07 0E 25 A5 07 01 31 06 81 53 FF F0 4C 17 65 21 0A (19)
                              [N7:N] TPOS 'S' 255 240 76 23 (-1029097)
2026-01-06 14:49:06:869 [IN ] C8 24 05 0E 25 A5 05 01 31 06 81 45 00 0D 92 1E C0 B5 0A (19)
                              [N5:V] TPOS 'E' 0 13 146 30 (889374)
2026-01-06 14:49:07:270 [IN ] C8 24 09 0E 25 A5 09 01 31 06 81 45 FF ED CA 77 34 42 0A (19)
                              [N9:P] TPOS 'E' 255 237 202 119 (-1193353)
2026-01-06 14:49:07:873 [IN ] C8 24 06 0E 25 A5 06 01 31 06 81 45 00 09 66 34 A7 71 0A (19)
                              [N6:H] TPOS 'E' 0 9 102 52 (615988)
2026-01-06 14:49:16:305 [IN ] C8 24 07 0E 25 A5 07 01 31 06 81 45 FF CE 00 E9 BB AF 0A (19)
                              [N7:N] TPOS 'E' 255 206 0 233 (-3276567)
