2026-01-06 16:54:01:454 [OUT] 25 A5 01 0A 31 05 D6 3D FF 00 00 53 ED (13)
                              [N10:HMI] HMILED '=' 255 0 0 (16711680)
2026-01-06 16:54:01:477 [OUT] 25 A5 01 0C 31 05 81 FF E9 D3 D0 4F 90 (13)
                              [N12:Z] TPOS 255 233 211 208 (-1453104)
2026-01-06 16:54:01:498 [OUT] 25 A5 01 05 31 05 81 00 0B F4 5C 18 90 (13)
                              [N5:V] TPOS 0 11 244 92 (783452)
2026-01-06 16:54:01:520 [OUT] 25 A5 01 06 31 05 81 00 0D D6 C6 67 CC (13)
                              [N6:H] TPOS 0 13 214 198 (906950)
2026-01-06 16:54:01:626 [IN ] C8 24 0A 0D 25 A5 0A 01 31 05 D6 3A FF 00 00 50 EA 26 (18)
                              [N10:HMI] HMILED ':' 255 0 0 (16711680)
2026-01-06 16:54:01:772 [IN ] C8 24 0C 0E 25 A5 0C 01 31 06 81 53 FF D5 AB D0 67 79 0A (19)
                              [N12:Z] TPOS 'S' 255 213 171 208 (-2774064)
2026-01-06 16:54:01:899 [IN ] C8 24 05 0E 25 A5 05 01 31 06 81 53 00 0B F2 DF ED 76 0A (19)
                              [N5:V] TPOS 'S' 0 11 242 223 (783071)
2026-01-06 16:54:02:004 [IN ] C8 24 05 0E 25 A5 05 01 31 06 81 45 00 0B F3 02 03 55 0A (19)
                              [N5:V] TPOS 'E' 0 11 243 2 (783106)
2026-01-06 16:54:02:026 [IN ] C8 24 06 0E 25 A5 06 01 31 06 81 53 00 0D DB 11 0B 8A 0A (19)
                              [N6:H] TPOS 'S' 0 13 219 17 (908049)
2026-01-06 16:54:02:227 [IN ] C8 24 06 0E 25 A5 06 01 31 06 81 45 00 0D D5 D3 B9 FA 0A (19)
                              [N6:H] TPOS 'E' 0 13 213 211 (906707)
2026-01-06 16:54:08:049 [IN ] C8 24 0C 0E 25 A5 0C 01 31 06 81 45 FF E9 D7 FF C8 F6 0A (19)
                              [N12:Z] TPOS 'E' 255 233 215 255 (-1452033)
2026-01-06 16:54:08:471 [OUT] 25 A5 01 04 31 05 81 FF F2 50 ED EA 82 (13)
                              [N4:Y] TPOS 255 242 80 237 (-896787)
2026-01-06 16:54:08:492 [OUT] 25 A5 01 03 31 05 81 FF F0 D4 0E 8C 9D (13)
                              [N3:X] TPOS 255 240 212 14 (-994290)
2026-01-06 16:54:08:639 [IN ] C8 24 04 0E 25 A5 04 01 31 06 81 53 FF F3 E8 (15)
2026-01-06 16:54:08:660 [IN ] 62 4C 8F 0A (4)
                              [N4:Y] TPOS 'S' 255 243 232 98 (-792478)
2026-01-06 16:54:08:785 [IN ] C8 24 03 0E 25 A5 03 01 31 06 81 53 FF EE D9 36 0B 2C 0A (19)
                              [N3:X] TPOS 'S' 255 238 217 54 (-1124042)
2026-01-06 16:54:09:388 [IN ] C8 24 04 0E 25 A5 04 01 31 06 81 45 FF F2 4D BD FD 6B 0A (19)
                              [N4:Y] TPOS 'E' 255 242 77 189 (-897603)
2026-01-06 16:54:09:992 [IN ] C8 24 03 0E 25 A5 03 01 31 06 81 45 FF F0 D3 EF B2 99 0A (19)
                              [N3:X] TPOS 'E' 255 240 211 239 (-994321)
2026-01-06 16:54:10:416 [OUT] 25 A5 01 0C 31 05 81 FF D5 AB D0 13 04 (13)
                              [N12:Z] TPOS 255 213 171 208 (-2774064)
2026-01-06 16:54:10:624 [IN ] C8 24 0C 0E 25 A5 0C 01 31 06 81 53 FF E9 D7 D0 A7 0D 0A (19)
                              [N12:Z] TPOS 'S' 255 233 215 208 (-1452080)
2026-01-06 16:54:17:049 [IN ] C8 24 0C 0E 25 A5 0C 01 31 06 81 45 FF D5 A7 AB 30 06 0A (19)
                              [N12:Z] TPOS 'E' 255 213 167 171 (-2775125)
2026-01-06 16:54:17:473 [OUT] 25 A5 01 09 31 05 81 FF ED 92 FF 3E 31 (13)
                              [N9:P] TPOS 255 237 146 255 (-1207553)
2026-01-06 16:54:17:495 [OUT] 25 A5 01 05 31 05 81 00 09 FB AC 6D E8 (13)
                              [N5:V] TPOS 0 9 251 172 (654252)
2026-01-06 16:54:17:516 [OUT] 25 A5 01 06 31 05 81 00 14 22 B3 A7 66 (13)
                              [N6:H] TPOS 0 20 34 179 (1319603)
2026-01-06 16:54:17:537 [OUT] 25 A5 01 07 31 05 81 FF CD 53 40 1E 84 (13)
                              [N7:N] TPOS 255 205 83 64 (-3321024)
2026-01-06 16:54:17:664 [IN ] C8 24 09 0E 25 A5 09 01 31 06 81 53 FF F0 F1 3E 33 A6 0A (19)
                              [N9:P] TPOS 'S' 255 240 241 62 (-986818)
2026-01-06 16:54:17:789 [IN ] C8 24 05 0E 25 A5 05 01 31 06 81 53 00 0B F3 02 11 9B 0A (19)
                              [N5:V] TPOS 'S' 0 11 243 2 (783106)
2026-01-06 16:54:17:894 [IN ] C8 24 06 0E 25 A5 06 01 31 06 81 53 00 0D D5 D3 C7 40 0A (19)
                              [N6:H] TPOS 'S' 0 13 213 211 (906707)
2026-01-06 16:54:18:041 [IN ] C8 24 07 0E 25 A5 07 01 31 06 81 53 FF E6 F2 E0 CA 18 0A (19)
                              [N7:N] TPOS 'S' 255 230 242 224 (-1641760)
2026-01-06 16:54:18:844 [IN ] C8 24 05 0E 25 A5 05 01 31 06 81 45 00 09 F9 D1 D6 2A 0A C8 24 09 0E 25 A5 09 01 31 06 81 45 FF ED 8E B8 39 0B 0A (38)
                              [N5:V] TPOS 'E' 0 9 249 209 (653777)
                              [N9:P] TPOS 'E' 255 237 142 184 (-1208648)
2026-01-06 16:54:20:048 [IN ] C8 24 06 0E 25 A5 06 01 31 06 81 45 00 14 26 CD 0B AB 0A (19)
                              [N6:H] TPOS 'E' 0 20 38 205 (1320653)
2026-01-06 16:54:25:473 [IN ] C8 24 07 0E 25 A5 07 01 31 06 81 45 FF CD 4D DD FB 3A 0A (19)
                              [N7:N] TPOS 'E' 255 205 77 221 (-3322403)
