2026-01-06 15:16:03:074 [OUT] 25 A5 01 0A 31 05 D6 3D FF 00 00 53 ED (13)
                              [N10:HMI] HMILED '=' 255 0 0 (16711680)
2026-01-06 15:16:03:098 [OUT] 25 A5 01 09 31 05 81 FF EF 26 F8 CD 58 (13)
                              [N9:P] TPOS 255 239 38 248 (-1104136)
2026-01-06 15:16:03:120 [OUT] 25 A5 01 05 31 05 81 00 06 5B D6 F4 C9 (13)
                              [N5:V] TPOS 0 6 91 214 (416726)
2026-01-06 15:16:03:142 [OUT] 25 A5 01 06 31 05 81 00 0E C6 2D BF 16 (13)
                              [N6:H] TPOS 0 14 198 45 (968237)
2026-01-06 15:16:03:268 [IN ] C8 24 0A 0D 25 A5 0A 01 31 05 D6 3A FF 00 00 50 EA ED (18)
                              [N10:HMI] HMILED ':' 255 0 0 (16711680)
2026-01-06 15:16:03:395 [IN ] C8 24 09 0E 25 A5 09 01 31 06 81 53 FF EE F4 38 2E A0 0A (19)
                              [N9:P] TPOS 'S' 255 238 244 56 (-1117128)
2026-01-06 15:16:03:524 [IN ] C8 24 05 0E 25 A5 05 01 31 06 81 53 00 0D 12 56 86 33 0A (19)
                              [N5:V] TPOS 'S' 0 13 18 86 (856662)
2026-01-06 15:16:03:545 [IN ] C8 24 09 0E 25 A5 09 01 31 06 81 45 FF EF 2A 18 37 A9 0A (19)
                              [N9:P] TPOS 'E' 255 239 42 24 (-1103336)
2026-01-06 15:16:03:650 [IN ] C8 24 06 0E 25 A5 06 01 31 06 81 53 00 0D 80 E2 81 A5 0A (19)
                              [N6:H] TPOS 'S' 0 13 128 226 (884962)
2026-01-06 15:16:04:253 [IN ] C8 24 06 0E 25 A5 06 01 31 06 81 45 00 0E CA 64 40 78 0A (19)
                              [N6:H] TPOS 'E' 0 14 202 100 (969316)
2026-01-06 15:16:06:258 [IN ] C8 24 05 0E 25 A5 05 01 31 06 81 45 00 06 5A 91 F4 A3 0A (19)
                              [N5:V] TPOS 'E' 0 6 90 145 (416401)
