2026-01-06 11:58:27:240 [OUT] 25 A5 01 0A 31 05 D6 3D FF 00 00 53 ED (13)
                              [N10:HMI] HMILED '=' 255 0 0 (16711680)
2026-01-06 11:58:27:262 [OUT] 25 A5 01 03 31 02 D8 3F 4E CE (10)
                              [N3:X] INTERRUPT '?'
2026-01-06 11:58:27:563 [IN ] C8 24 0A 0D 25 A5 0A 01 31 05 D6 3A FF 00 00 50 EA F0 C8 24 03 0C 25 A5 03 01 31 04 D8 3A 01 01 4D 6A EA (35)
                              [N10:HMI] HMILED ':' 255 0 0 (16711680)
                              [N3:X] INTERRUPT ':' 1 1 (257)
2026-01-06 11:58:27:584 [OUT] 25 A5 01 09 31 03 C9 3D 09 4D 1C (11)
                              [N9:P] LFLAG '=' 9 (9)
2026-01-06 11:58:27:607 [OUT] 25 A5 01 04 31 02 D8 3F 4F D3 (10)
                              [N4:Y] INTERRUPT '?'
2026-01-06 11:58:27:908 [IN ] C8 24 09 0B 25 A5 09 01 31 03 C9 3A 09 4A 1E 6A C8 24 04 0C 25 A5 04 01 31 04 D8 3A 01 01 4E 72 EA (33)
                              [N9:P] LFLAG ':' 9 (9)
                              [N4:Y] INTERRUPT ':' 1 1 (257)
2026-01-06 11:58:27:929 [OUT] 25 A5 01 09 31 03 CA 3D 09 4E 1F (11)
                              [N9:P] RFLAG '=' 9 (9)
2026-01-06 11:58:27:952 [OUT] 25 A5 01 0C 31 02 D8 3F 57 FB (10)
                              [N12:Z] INTERRUPT '?'
2026-01-06 11:58:28:254 [IN ] C8 24 09 0B 25 A5 09 01 31 03 CA 3A 09 4B 21 72 C8 24 09 0D 25 A5 09 01 31 05 82 FF FF DC 22 BE 2B F0 C8 24 0C 0C 25 A5 0C 01 31 04 D8 3A 01 01 56 B2 2B (51)
                              [N9:P] RFLAG ':' 9 (9)
                              [N9:P] GETPOS 255 255 220 34 (-9182)
                              [N12:Z] INTERRUPT ':' 1 1 (257)
2026-01-06 11:58:28:276 [OUT] 25 A5 01 08 31 03 C9 3D 09 4C 16 (11)
                              [N8:R] LFLAG '=' 9 (9)
2026-01-06 11:58:28:297 [OUT] 25 A5 01 03 31 03 C9 3D 0B 49 FA (11)
                              [N3:X] LFLAG '=' 11 (11)
2026-01-06 11:58:28:319 [OUT] 25 A5 01 04 31 03 C9 3D 0B 4A 00 (11)
                              [N4:Y] LFLAG '=' 11 (11)
2026-01-06 11:58:28:340 [OUT] 25 A5 01 0C 31 03 C9 3D 0B 52 30 (11)
                              [N12:Z] LFLAG '=' 11 (11)
2026-01-06 11:58:28:445 [IN ] C8 24 08 0B 25 A5 08 01 31 03 C9 3A 09 49 17 B2 (16)
                              [N8:R] LFLAG ':' 9 (9)
2026-01-06 11:58:28:467 [OUT] 25 A5 01 08 31 03 CA 3D 09 4D 19 (11)
                              [N8:R] RFLAG '=' 9 (9)
2026-01-06 11:58:28:552 [IN ] C8 24 03 0B 25 A5 03 01 31 03 C9 3A 0B 46 F6 B2 (16)
                              [N3:X] LFLAG ':' 11 (11)
2026-01-06 11:58:28:573 [OUT] 25 A5 01 03 31 03 88 00 50 10 02 (11)
                              [N3:X] RUN 0 80 (80)
2026-01-06 11:58:28:658 [IN ] C8 24 04 0B 25 A5 04 01 31 03 C9 3A 0B 47 FD B2 (16)
                              [N4:Y] LFLAG ':' 11 (11)
2026-01-06 11:58:28:680 [OUT] 25 A5 01 04 31 03 88 00 50 11 08 (11)
                              [N4:Y] RUN 0 80 (80)
2026-01-06 11:58:28:763 [IN ] C8 24 0C 0B 25 A5 0C 01 31 03 C9 3A 0B 4F 35 B2 (16)
                              [N12:Z] LFLAG ':' 11 (11)
2026-01-06 11:58:28:784 [OUT] 25 A5 01 0C 31 03 88 00 50 19 38 (11)
                              [N12:Z] RUN 0 80 (80)
2026-01-06 11:58:28:890 [IN ] C8 24 08 0B 25 A5 08 01 31 03 CA 3A 09 4A 1A B2 (16)
                              [N8:R] RFLAG ':' 9 (9)
2026-01-06 11:58:28:995 [IN ] C8 24 03 0C 25 A5 03 01 31 04 88 53 00 50 64 C2 2B (17)
                              [N3:X] RUN 'S' 0 80 (80)
2026-01-06 11:58:29:099 [IN ] C8 24 04 0C 25 A5 04 01 31 04 88 53 00 50 65 CA 2B (17)
                              [N4:Y] RUN 'S' 0 80 (80)
2026-01-06 11:58:29:162 [IN ] C8 24 09 0D 25 A5 09 01 31 05 82 FF FF DC 22 BE 2B F0 (18)
                              [N9:P] GETPOS 255 255 220 34 (-9182)
2026-01-06 11:58:29:225 [IN ] C8 24 0C 0C 25 A5 0C 01 31 04 88 53 00 50 6D 0A 2B (17)
                              [N12:Z] RUN 'S' 0 80 (80)
2026-01-06 11:58:30:230 [IN ] C8 24 09 0D 25 A5 09 01 31 05 82 FF FF DC 22 BE 2B F0 (18)
                              [N9:P] GETPOS 255 255 220 34 (-9182)
2026-01-06 11:58:31:234 [IN ] C8 24 09 0D 25 A5 09 01 31 05 82 FF FF DC 22 BE 2B F0 (18)
                              [N9:P] GETPOS 255 255 220 34 (-9182)
2026-01-06 11:58:32:239 [IN ] C8 24 09 0D 25 A5 09 01 31 05 82 FF FF DC 22 BE 2B F0 (18)
                              [N9:P] GETPOS 255 255 220 34 (-9182)
2026-01-06 11:58:33:242 [IN ] C8 24 09 0D 25 A5 09 01 31 05 82 FF FF DC 22 BE 2B F0 (18)
                              [N9:P] GETPOS 255 255 220 34 (-9182)
2026-01-06 11:58:34:246 [IN ] C8 24 09 0D 25 A5 09 01 31 05 82 FF FF DC 22 BE 2B F0 (18)
                              [N9:P] GETPOS 255 255 220 34 (-9182)
2026-01-06 11:58:35:250 [IN ] C8 24 04 0B 25 A5 04 01 31 03 81 5A 4C 60 A6 BE C8 24 04 0A 25 A5 04 01 31 02 81 49 02 32 A6 C8 24 09 0D 25 A5 09 01 31 05 82 FF FF DC 22 BE 2B F0 (49)
                              [N4:Y] TPOS 'Z' 76 (76)
                              [N4:Y] TPOS 'I'
                              [N9:P] GETPOS 255 255 220 34 (-9182)
2026-01-06 11:58:35:472 [OUT] 25 A5 01 09 31 02 D8 3F 54 EC (10)
                              [N9:P] INTERRUPT '?'
2026-01-06 11:58:35:773 [IN ] C8 24 09 0C 25 A5 09 01 31 04 D8 3A 01 01 53 9A 2B (17)
                              [N9:P] INTERRUPT ':' 1 1 (257)
2026-01-06 11:58:35:794 [OUT] 25 A5 01 04 31 03 C9 3D 09 48 FE (11)
                              [N4:Y] LFLAG '=' 9 (9)
2026-01-06 11:58:35:816 [OUT] 25 A5 01 07 31 02 D8 3F 52 E2 (10)
                              [N7:N] INTERRUPT '?'
2026-01-06 11:58:36:118 [IN ] C8 24 04 0B 25 A5 04 01 31 03 C9 3A 09 45 FB 9A C8 24 07 0C 25 A5 07 01 31 04 D8 3A 01 01 51 8A 2B (33)
                              [N4:Y] LFLAG ':' 9 (9)
                              [N7:N] INTERRUPT ':' 1 1 (257)
2026-01-06 11:58:36:139 [OUT] 25 A5 01 09 31 03 C9 3D 0B 4F 1E (11)
                              [N9:P] LFLAG '=' 11 (11)
2026-01-06 11:58:36:161 [OUT] 25 A5 01 07 31 03 C9 3D 0B 4D 12 (11)
                              [N7:N] LFLAG '=' 11 (11)
2026-01-06 11:58:36:228 [IN ] C8 24 09 0D 25 A5 09 01 31 05 82 FF FF DC 22 BE 2B F0 (18)
                              [N9:P] GETPOS 255 255 220 34 (-9182)
2026-01-06 11:58:36:291 [IN ] C8 24 09 0B 25 A5 09 01 31 03 C9 3A (12)
2026-01-06 11:58:36:312 [IN ] 0B 4C 20 BE (4)
                              [N9:P] LFLAG ':' 11 (11)
2026-01-06 11:58:36:333 [OUT] 25 A5 01 09 31 03 88 00 50 16 26 (11)
                              [N9:P] RUN 0 80 (80)
2026-01-06 11:58:36:417 [IN ] C8 24 07 0B 25 A5 07 01 31 03 C9 3A 0B 4A 12 BE (16)
                              [N7:N] LFLAG ':' 11 (11)
2026-01-06 11:58:36:438 [OUT] 25 A5 01 07 31 03 88 00 50 14 1A (11)
                              [N7:N] RUN 0 80 (80)
2026-01-06 11:58:36:521 [IN ] C8 24 09 0C 25 A5 09 01 31 04 88 53 00 50 6A F2 2B (17)
                              [N9:P] RUN 'S' 0 80 (80)
2026-01-06 11:58:36:563 [IN ] C8 24 09 0B 25 A5 09 01 31 03 81 5A (12)
2026-01-06 11:58:36:586 [IN ] 4C 65 C9 F2 (4)
                              [N9:P] TPOS 'Z' 76 (76)
2026-01-06 11:58:36:607 [IN ] C8 (1)
2026-01-06 11:58:36:628 [IN ] 24 07 0C 25 A5 07 01 31 04 88 53 00 50 68 E2 2B C8 24 09 0A 25 A5 09 01 31 02 81 49 07 50 68 (31)
                              [N7:N] RUN 'S' 0 80 (80)
                              [N9:P] TPOS 'I'
2026-01-06 11:58:36:851 [OUT] 25 A5 01 09 31 03 C9 3D 09 4D 1C (11)
                              [N9:P] LFLAG '=' 9 (9)
2026-01-06 11:58:36:872 [OUT] 25 A5 01 04 31 05 81 FF EE 88 01 32 FA (13)
                              [N4:Y] TPOS 255 238 136 1 (-1144831)
2026-01-06 11:58:37:017 [IN ] C8 24 09 0B 25 A5 09 01 31 03 C9 3A 09 4A 1E E2 (16)
                              [N9:P] LFLAG ':' 9 (9)
2026-01-06 11:58:37:101 [IN ] C8 24 03 0B 25 A5 03 01 31 03 81 5A 4C 5F 9F E2 (16)
                              [N3:X] TPOS 'Z' 76 (76)
2026-01-06 11:58:37:145 [IN ] C8 24 03 0A 25 A5 03 01 31 02 81 49 01 2C 9F C8 24 04 0E 25 A5 04 01 31 06 81 53 00 00 00 00 10 88 A5 (34)
                              [N3:X] TPOS 'I'
                              [N4:Y] TPOS 'S' 0 0 0 0 (0)
2026-01-06 11:58:37:346 [IN ] C8 24 09 0D 25 A5 09 01 31 05 82 FF FF FF FB BA 4A 88 (18)
                              [N9:P] GETPOS 255 255 255 251 (-5)
2026-01-06 11:58:37:368 [OUT] 25 A5 01 03 31 03 C9 3D 09 47 F8 (11)
                              [N3:X] LFLAG '=' 9 (9)
2026-01-06 11:58:37:537 [IN ] C8 24 03 0B 25 A5 03 01 31 03 C9 3A 09 44 F4 BA (16)
                              [N3:X] LFLAG ':' 9 (9)
2026-01-06 11:58:38:341 [IN ] C8 24 09 0D 25 A5 09 01 31 05 82 FF FF FF FB BA 4A 88 (18)
                              [N9:P] GETPOS 255 255 255 251 (-5)
2026-01-06 11:58:39:345 [IN ] C8 24 09 0D 25 A5 09 01 31 05 82 FF FF FF FB BA 4A 88 (18)
                              [N9:P] GETPOS 255 255 255 251 (-5)
2026-01-06 11:58:40:348 [IN ] C8 24 09 0D 25 A5 09 01 31 05 82 FF FF FF FB BA 4A 88 (18)
                              [N9:P] GETPOS 255 255 255 251 (-5)
2026-01-06 11:58:41:153 [IN ] C8 24 07 0B 25 A5 07 01 31 03 81 5A 4C 63 BB BA C8 24 07 0A 25 A5 07 01 31 02 81 49 05 44 BB (31)
                              [N7:N] TPOS 'Z' 76 (76)
                              [N7:N] TPOS 'I'
2026-01-06 11:58:41:354 [IN ] C8 24 09 0D 25 A5 09 01 31 05 82 FF FF FF FB BA 4A 88 (18)
                              [N9:P] GETPOS 255 255 255 251 (-5)
2026-01-06 11:58:41:376 [OUT] 25 A5 01 07 31 03 C9 3D 09 4B 10 (11)
                              [N7:N] LFLAG '=' 9 (9)
2026-01-06 11:58:41:543 [IN ] C8 24 07 0B 25 A5 07 01 31 03 C9 3A 09 48 10 BA (16)
                              [N7:N] LFLAG ':' 9 (9)
2026-01-06 11:58:42:347 [IN ] C8 24 09 0D 25 A5 09 01 31 05 82 FF FF FF FB BA 4A 88 C8 24 0C 0B 25 A5 0C 01 31 03 81 5A 4C 68 DE BA C8 24 0C 0A 25 A5 0C 01 31 02 81 49 0A 62 DE (49)
                              [N9:P] GETPOS 255 255 255 251 (-5)
                              [N12:Z] TPOS 'Z' 76 (76)
                              [N12:Z] TPOS 'I'
2026-01-06 11:58:42:569 [OUT] 25 A5 01 0C 31 03 C9 3D 09 50 2E (11)
                              [N12:Z] LFLAG '=' 9 (9)
2026-01-06 11:58:42:738 [IN ] C8 24 0C 0B 25 A5 0C 01 31 03 C9 3A 09 4D 33 BA (16)
                              [N12:Z] LFLAG ':' 9 (9)
2026-01-06 11:58:42:939 [IN ] C8 24 04 0E 25 A5 04 01 31 06 81 45 FF EE 84 E9 5C F9 A5 (19)
                              [N4:Y] TPOS 'E' 255 238 132 233 (-1145623)
2026-01-06 11:58:43:162 [OUT] 25 A5 01 0C 31 05 81 FF BC D0 00 4F 33 (13)
                              [N12:Z] TPOS 255 188 208 0 (-4403200)
2026-01-06 11:58:43:184 [OUT] 25 A5 01 04 31 05 81 FF FD 50 01 09 B7 (13)
                              [N4:Y] TPOS 255 253 80 1 (-176127)
2026-01-06 11:58:43:206 [OUT] 25 A5 01 09 31 05 81 FF E7 5D 56 5A 0C (13)
                              [N9:P] TPOS 255 231 93 86 (-1614506)
2026-01-06 11:58:43:228 [OUT] 25 A5 01 07 31 05 81 FF AB 19 75 F7 DF (13)
                              [N7:N] TPOS 255 171 25 117 (-5564043)
2026-01-06 11:58:43:250 [OUT] 25 A5 01 03 31 05 81 FF EC 4A AB 9B 1A (13)
                              [N3:X] TPOS 255 236 74 171 (-1291605)
2026-01-06 11:58:43:272 [OUT] 25 A5 01 06 31 02 D8 3F 51 DD (10)
                              [N6:H] INTERRUPT '?'
2026-01-06 11:58:43:273 [IN ] C8 24 09 0D 25 A5 09 01 31 05 82 FF FF FF FB BA 4A F9 (18)
                              [N9:P] GETPOS 255 255 255 251 (-5)
2026-01-06 11:58:43:574 [IN ] C8 24 0C 0E 25 A5 0C 01 31 06 81 53 FF FF FF 5A 6F 29 A5 C8 24 04 0E 25 A5 04 01 31 06 81 53 FF EE 84 E9 6A 3F A5 (38)
                              [N12:Z] TPOS 'S' 255 255 255 90 (-166)
                              [N4:Y] TPOS 'S' 255 238 132 233 (-1145623)
2026-01-06 11:58:43:875 [IN ] C8 24 09 0E 25 A5 09 01 31 06 81 53 FF FF FF FB 0D AC A5 C8 24 07 0E 25 A5 07 01 31 06 81 53 FF FF FF FD 0D 9A A5 C8 24 03 0E 25 A5 03 01 31 06 81 53 00 00 00 00 0F 7E A5 (57)
                              [N9:P] TPOS 'S' 255 255 255 251 (-5)
                              [N7:N] TPOS 'S' 255 255 255 253 (-3)
                              [N3:X] TPOS 'S' 0 0 0 0 (0)
2026-01-06 11:58:44:176 [IN ] C8 24 06 0C 25 A5 06 01 31 04 D8 3A 01 01 50 82 0F (17)
                              [N6:H] INTERRUPT ':' 1 1 (257)
2026-01-06 11:58:44:197 [OUT] 25 A5 01 06 31 03 C9 3D 0B 4C 0C (11)
                              [N6:H] LFLAG '=' 11 (11)
2026-01-06 11:58:44:303 [IN ] C8 24 09 0D 25 A5 09 01 31 05 82 FF FE 15 CE A2 46 7E (18)
                              [N9:P] GETPOS 255 254 21 206 (-125490)
2026-01-06 11:58:44:366 [IN ] C8 24 06 0B 25 A5 06 01 31 03 C9 3A 0B 49 0B A2 (16)
                              [N6:H] LFLAG ':' 11 (11)
2026-01-06 11:58:44:387 [OUT] 25 A5 01 06 31 03 88 FF B0 72 72 (11)
                              [N6:H] RUN 255 176 (-80)
2026-01-06 11:58:44:552 [IN ] C8 24 06 0C 25 A5 06 01 31 04 88 53 FF B0 C6 38 46 (17)
                              [N6:H] RUN 'S' 255 176 (-80)
2026-01-06 11:58:45:356 [IN ] C8 24 09 0D 25 A5 09 01 31 05 82 FF FB 21 1D FA A4 7E (18)
                              [N9:P] GETPOS 255 251 33 29 (-319203)
2026-01-06 11:58:46:359 [IN ] C8 24 09 0D 25 A5 09 01 31 05 82 FF F8 10 06 CF 62 7E (18)
                              [N9:P] GETPOS 255 248 16 6 (-520186)
2026-01-06 11:58:47:363 [IN ] C8 24 09 0D 25 A5 09 01 31 05 82 FF F4 F2 F6 9D 0A 7E (18)
                              [N9:P] GETPOS 255 244 242 246 (-724234)
2026-01-06 11:58:48:366 [IN ] C8 24 09 0D 25 A5 09 01 31 05 82 FF F1 D8 D9 63 B0 7E (18)
                              [N9:P] GETPOS 255 241 216 217 (-927527)
2026-01-06 11:58:48:769 [IN ] C8 24 06 0B 25 A5 06 01 31 03 81 5A 4C 62 B4 63 (16)
                              [N6:H] TPOS 'Z' 76 (76)
2026-01-06 11:58:48:971 [IN ] C8 24 06 0A 25 A5 06 01 31 02 81 49 04 3E B4 (15)
                              [N6:H] TPOS 'I'
2026-01-06 11:58:49:193 [OUT] 25 A5 01 06 31 03 C9 3D 09 4A 0A (11)
                              [N6:H] LFLAG '=' 9 (9)
2026-01-06 11:58:49:338 [IN ] C8 24 09 0D 25 A5 09 01 31 05 82 FF EE B6 0C 71 96 7E (18)
                              [N9:P] GETPOS 255 238 182 12 (-1133044)
2026-01-06 11:58:49:360 [IN ] C8 24 06 0B 25 A5 06 01 31 03 C9 3A 09 47 09 71 (16)
                              [N6:H] LFLAG ':' 9 (9)
2026-01-06 11:58:49:382 [OUT] 25 A5 01 06 31 03 84 00 50 0F 08 (11)
                              [N6:H] VEL 0 80 (80)
2026-01-06 11:58:49:552 [IN ] C8 24 06 0C 25 A5 06 01 31 04 84 53 00 50 63 CA 96 (17)
                              [N6:H] VEL 'S' 0 80 (80)
2026-01-06 11:58:49:573 [OUT] 25 A5 01 06 31 05 81 00 19 82 3C 95 BE (13)
                              [N6:H] TPOS 0 25 130 60 (1671740)
2026-01-06 11:58:49:759 [IN ] C8 24 06 0E 25 A5 06 01 31 06 81 53 00 00 00 00 12 9C A5 (19)
                              [N6:H] TPOS 'S' 0 0 0 0 (0)
2026-01-06 11:58:50:361 [IN ] C8 24 03 0E 25 A5 03 01 31 06 81 45 FF EC 47 D1 04 57 A5 C8 24 09 0D 25 A5 09 01 31 05 82 FF EB D1 86 03 3D 57 (37)
                              [N3:X] TPOS 'E' 255 236 71 209 (-1292335)
                              [N9:P] GETPOS 255 235 209 134 (-1322618)
2026-01-06 11:58:50:784 [OUT] 25 A5 01 03 31 05 81 FF FD 50 01 08 AF (13)
                              [N3:X] TPOS 255 253 80 1 (-176127)
2026-01-06 11:58:50:972 [IN ] C8 24 03 0E 25 A5 03 01 31 06 81 53 FF EC 47 D1 12 9D A5 (19)
                              [N3:X] TPOS 'S' 255 236 71 209 (-1292335)
2026-01-06 11:58:51:173 [IN ] C8 24 04 0E 25 A5 04 01 31 06 81 45 FF FD 4F E6 33 B9 A5 (19)
                              [N4:Y] TPOS 'E' 255 253 79 230 (-176154)
2026-01-06 11:58:51:375 [IN ] C8 24 09 0D 25 A5 09 01 31 05 82 FF E9 0B E8 9D 0D B9 (18)
                              [N9:P] GETPOS 255 233 11 232 (-1504280)
2026-01-06 11:58:52:178 [IN ] C8 24 09 0E 25 A5 09 01 31 06 81 45 FF E7 5B 04 4C DF A5 (19)
                              [N9:P] TPOS 'E' 255 231 91 4 (-1615100)
2026-01-06 11:58:52:380 [IN ] C8 24 09 0D 25 A5 09 01 31 05 82 FF E7 5B 05 08 C4 DF (18)
                              [N9:P] GETPOS 255 231 91 5 (-1615099)
2026-01-06 11:58:52:602 [OUT] 25 A5 01 09 31 05 81 FF FF D9 C8 60 BE (13)
                              [N9:P] TPOS 255 255 217 200 (-9784)
2026-01-06 11:58:52:790 [IN ] C8 24 09 0E 25 A5 09 01 31 06 81 53 FF E7 5B 05 5B 26 A5 (19)
                              [N9:P] TPOS 'S' 255 231 91 5 (-1615099)
2026-01-06 11:58:53:393 [IN ] C8 24 09 0D 25 A5 09 01 31 05 82 FF E9 06 18 C8 33 26 (18)
                              [N9:P] GETPOS 255 233 6 24 (-1505768)
2026-01-06 11:58:54:396 [IN ] C8 24 09 0D 25 A5 09 01 31 05 82 FF EC 00 C5 72 DD 26 (18)
                              [N9:P] GETPOS 255 236 0 197 (-1310523)
2026-01-06 11:58:55:399 [IN ] C8 24 09 0D 25 A5 09 01 31 05 82 FF EF 22 A1 73 06 26 (18)
                              [N9:P] GETPOS 255 239 34 161 (-1105247)
2026-01-06 11:58:56:404 [IN ] C8 24 09 0D 25 A5 09 01 31 05 82 FF F2 3C 20 0F C2 26 (18)
                              [N9:P] GETPOS 255 242 60 32 (-902112)
2026-01-06 11:58:57:409 [IN ] C8 24 09 0D 25 A5 09 01 31 05 82 FF F5 52 47 4F 1E 26 (18)
                              [N9:P] GETPOS 255 245 82 71 (-699833)
2026-01-06 11:58:57:610 [IN ] C8 24 06 0E 25 A5 06 01 31 06 81 45 00 19 85 FA 9C A5 A5 (19)
                              [N6:H] TPOS 'E' 0 25 133 250 (1672698)
2026-01-06 11:58:58:033 [OUT] 25 A5 01 06 31 05 81 00 0D AA 98 0D 46 (13)
                              [N6:H] TPOS 0 13 170 152 (895640)
2026-01-06 11:58:58:221 [IN ] C8 24 06 0E 25 A5 06 01 31 06 81 53 00 19 85 FA AA EB A5 (19)
                              [N6:H] TPOS 'S' 0 25 133 250 (1672698)
2026-01-06 11:58:58:422 [IN ] C8 24 09 0D 25 A5 09 01 31 05 82 FF F8 69 73 95 81 EB (18)
                              [N9:P] GETPOS 255 248 105 115 (-497293)
2026-01-06 11:58:59:427 [IN ] C8 24 03 0E 25 A5 03 01 31 06 81 45 FF FD 50 33 80 FE A5 C8 24 09 0D 25 A5 09 01 31 05 82 FF FB 67 DE 01 F1 FE (37)
                              [N3:X] TPOS 'E' 255 253 80 51 (-176077)
                              [N9:P] GETPOS 255 251 103 222 (-301090)
2026-01-06 11:59:00:431 [IN ] C8 24 09 0D 25 A5 09 01 31 05 82 FF FE 48 CB D2 A9 FE (18)
                              [N9:P] GETPOS 255 254 72 203 (-112437)
2026-01-06 11:59:01:233 [IN ] C8 24 09 0E 25 A5 09 01 31 06 81 45 FF FF DC 2A 0B 4F A5 (19)
                              [N9:P] TPOS 'E' 255 255 220 42 (-9174)
2026-01-06 11:59:01:457 [OUT] 25 A5 01 08 31 02 D8 3F 53 E7 (10)
                              [N8:R] INTERRUPT '?'
2026-01-06 11:59:01:457 [IN ] C8 24 09 0D 25 A5 09 01 31 05 82 FF FF DC 28 C4 31 4F (18)
                              [N9:P] GETPOS 255 255 220 40 (-9176)
2026-01-06 11:59:01:758 [IN ] C8 24 08 0C 25 A5 08 01 31 04 D8 3A 01 01 52 92 31 C8 24 06 0E 25 A5 06 01 31 06 81 45 00 0D A5 9D 53 64 A5 (36)
                              [N8:R] INTERRUPT ':' 1 1 (257)
                              [N6:H] TPOS 'E' 0 13 165 157 (894365)
2026-01-06 11:59:01:779 [OUT] 25 A5 01 08 31 03 CA 3D 0B 4F 1B (11)
                              [N8:R] RFLAG '=' 11 (11)
2026-01-06 11:59:01:802 [OUT] 25 A5 01 05 31 02 D8 3F 50 D8 (10)
                              [N5:V] INTERRUPT '?'
2026-01-06 11:59:02:103 [IN ] C8 24 08 0B 25 A5 08 01 31 03 CA 3A 0B 4C 1C 9D C8 24 05 0C 25 A5 05 01 31 04 D8 3A 01 01 4F 7A 53 (33)
                              [N8:R] RFLAG ':' 11 (11)
                              [N5:V] INTERRUPT ':' 1 1 (257)
2026-01-06 11:59:02:124 [OUT] 25 A5 01 08 31 03 88 00 50 15 20 (11)
                              [N8:R] RUN 0 80 (80)
2026-01-06 11:59:02:146 [OUT] 25 A5 01 05 31 03 C9 3D 0B 4B 06 (11)
                              [N5:V] LFLAG '=' 11 (11)
2026-01-06 11:59:02:292 [IN ] C8 24 08 0C 25 A5 08 01 31 04 88 53 00 50 69 EA 53 (17)
                              [N8:R] RUN 'S' 0 80 (80)
2026-01-06 11:59:02:397 [IN ] C8 24 05 0B 25 A5 05 01 31 03 C9 3A 0B 48 04 EA (16)
                              [N5:V] LFLAG ':' 11 (11)
2026-01-06 11:59:02:420 [OUT] 25 A5 01 05 31 03 88 FF B0 71 6C (11)
                              [N5:V] RUN 255 176 (-80)
2026-01-06 11:59:02:420 [IN ] C8 24 09 0D 25 A5 09 01 31 05 82 FF FF DC 27 C3 30 64 (18)
                              [N9:P] GETPOS 255 255 220 39 (-9177)
2026-01-06 11:59:02:586 [IN ] C8 24 05 0C 25 A5 05 01 31 04 88 53 FF B0 C5 30 30 (17)
                              [N5:V] RUN 'S' 255 176 (-80)
2026-01-06 11:59:03:591 [IN ] C8 24 09 0D 25 A5 09 01 31 05 82 FF FF DC 27 C3 30 64 (18)
                              [N9:P] GETPOS 255 255 220 39 (-9177)
2026-01-06 11:59:04:596 [IN ] C8 24 09 0D 25 A5 09 01 31 05 82 FF FF DC 27 C3 30 64 C8 24 0C 0E 25 A5 0C 01 31 06 81 45 FF BC CC 0E 9F 68 A5 (37)
                              [N9:P] GETPOS 255 255 220 39 (-9177)
                              [N12:Z] TPOS 'E' 255 188 204 14 (-4404210)
2026-01-06 11:59:05:019 [OUT] 25 A5 01 0C 31 05 81 FF D7 04 00 9E EC (13)
                              [N12:Z] TPOS 255 215 4 0 (-2685952)
2026-01-06 11:59:05:225 [IN ] C8 24 0C 0E 25 A5 0C 01 31 06 81 53 FF BC CC 1F BE BF A5 (19)
                              [N12:Z] TPOS 'S' 255 188 204 31 (-4404193)
2026-01-06 11:59:05:627 [IN ] C8 24 09 0D 25 A5 09 01 31 05 82 FF FF DC 27 C3 30 BF (18)
                              [N9:P] GETPOS 255 255 220 39 (-9177)
2026-01-06 11:59:06:631 [IN ] C8 24 09 0D 25 A5 09 01 31 05 82 FF FF DC 27 C3 30 BF (18)
                              [N9:P] GETPOS 255 255 220 39 (-9177)
2026-01-06 11:59:07:034 [IN ] C8 24 05 0B 25 A5 05 01 31 03 81 5A 4C 61 AD C3 C8 24 05 0A 25 A5 05 01 31 02 81 49 03 38 AD (31)
                              [N5:V] TPOS 'Z' 76 (76)
                              [N5:V] TPOS 'I'
2026-01-06 11:59:07:257 [OUT] 25 A5 01 05 31 03 C9 3D 09 49 04 (11)
                              [N5:V] LFLAG '=' 9 (9)
2026-01-06 11:59:07:445 [IN ] C8 24 05 0B 25 A5 05 01 31 03 C9 3A 09 46 02 C3 (16)
                              [N5:V] LFLAG ':' 9 (9)
2026-01-06 11:59:07:466 [OUT] 25 A5 01 05 31 03 84 00 50 0E 02 (11)
                              [N5:V] VEL 0 80 (80)
2026-01-06 11:59:07:466 [IN ] C8 24 09 0D 25 A5 09 01 31 05 82 FF FF DC 27 C3 30 BF (18)
                              [N9:P] GETPOS 255 255 220 39 (-9177)
2026-01-06 11:59:07:635 [IN ] C8 24 05 0C 25 A5 05 01 31 04 84 53 00 50 62 C2 30 (17)
                              [N5:V] VEL 'S' 0 80 (80)
2026-01-06 11:59:07:656 [OUT] 25 A5 01 05 31 05 81 00 19 82 3C 94 B6 (13)
                              [N5:V] TPOS 0 25 130 60 (1671740)
2026-01-06 11:59:07:843 [IN ] C8 24 05 0E 25 A5 05 01 31 06 81 53 00 00 00 01 12 93 A5 (19)
                              [N5:V] TPOS 'S' 0 0 0 1 (1)
2026-01-06 11:59:08:044 [IN ] C8 24 07 0E 25 A5 07 01 31 06 81 45 FF AB 14 40 03 C5 A5 (19)
                              [N7:N] TPOS 'E' 255 171 20 64 (-5565376)
2026-01-06 11:59:08:447 [IN ] C8 24 08 0B 25 A5 08 01 31 03 81 5A 52 6A C8 40 C8 24 08 0A 25 A5 08 01 31 02 81 49 06 4A C8 (31)
                              [N8:R] TPOS 'Z' 82 (82)
                              [N8:R] TPOS 'I'
2026-01-06 11:59:08:468 [OUT] 25 A5 01 07 31 05 81 FF F0 47 34 29 C9 (13)
                              [N7:N] TPOS 255 240 71 52 (-1030348)
2026-01-06 11:59:08:490 [OUT] 25 A5 01 08 31 03 CA 3D 09 4D 19 (11)
                              [N8:R] RFLAG '=' 9 (9)
2026-01-06 11:59:08:491 [IN ] C8 24 09 0D 25 A5 09 01 31 05 82 FF FF DC 27 C3 30 C5 (18)
                              [N9:P] GETPOS 255 255 220 39 (-9177)
2026-01-06 11:59:08:657 [IN ] C8 24 07 0E 25 A5 07 01 31 06 81 53 FF AB 14 40 11 0B A5 (19)
                              [N7:N] TPOS 'S' 255 171 20 64 (-5565376)
2026-01-06 11:59:08:763 [IN ] C8 24 08 0B 25 A5 08 01 31 03 CA 3A 09 4A 1A 40 (16)
                              [N8:R] RFLAG ':' 9 (9)
2026-01-06 11:59:08:784 [OUT] 25 A5 01 08 31 05 81 FF DC 77 1D 2F DE (13)
                              [N8:R] TPOS 255 220 119 29 (-2328803)
2026-01-06 11:59:08:973 [IN ] C8 24 08 0E 25 A5 08 01 31 06 81 53 FF FF FF F9 0A A0 A5 (19)
                              [N8:R] TPOS 'S' 255 255 255 249 (-7)
2026-01-06 11:59:09:575 [IN ] C8 24 09 0D 25 A5 09 01 31 05 82 FF FF DC 27 C3 30 A0 (18)
                              [N9:P] GETPOS 255 255 220 39 (-9177)
2026-01-06 11:59:10:580 [IN ] C8 24 09 0D 25 A5 09 01 31 05 82 FF FF DC 27 C3 30 A0 (18)
                              [N9:P] GETPOS 255 255 220 39 (-9177)
2026-01-06 11:59:11:584 [IN ] C8 24 09 0D 25 A5 09 01 31 05 82 FF FF DC 27 C3 30 A0 (18)
                              [N9:P] GETPOS 255 255 220 39 (-9177)
2026-01-06 11:59:12:588 [IN ] C8 24 09 0D 25 A5 09 01 31 05 82 FF FF DC 27 C3 30 A0 (18)
                              [N9:P] GETPOS 255 255 220 39 (-9177)
2026-01-06 11:59:13:190 [IN ] C8 24 0C 0E 25 A5 0C 01 31 06 81 45 FF D7 08 04 EC 27 A5 (19)
                              [N12:Z] TPOS 'E' 255 215 8 4 (-2684924)
2026-01-06 11:59:13:594 [IN ] C8 24 09 0D 25 A5 09 01 31 05 82 FF FF DC 27 C3 30 27 (18)
                              [N9:P] GETPOS 255 255 220 39 (-9177)
2026-01-06 11:59:14:599 [IN ] C8 24 09 0D 25 A5 09 01 31 05 82 FF FF DC 27 C3 30 27 (18)
                              [N9:P] GETPOS 255 255 220 39 (-9177)
2026-01-06 11:59:15:605 [IN ] C8 24 05 0E 25 A5 05 01 31 06 81 45 00 19 86 7B 1D 1E A5 C8 24 09 0D 25 A5 09 01 31 05 82 FF FF DC 27 C3 30 1E (37)
                              [N5:V] TPOS 'E' 0 25 134 123 (1672827)
                              [N9:P] GETPOS 255 255 220 39 (-9177)
2026-01-06 11:59:16:031 [OUT] 25 A5 01 05 31 05 81 00 0B F4 C3 7F F7 (13)
                              [N5:V] TPOS 0 11 244 195 (783555)
2026-01-06 11:59:16:218 [IN ] C8 24 05 0E 25 A5 05 01 31 06 81 53 00 19 86 7B 2B 64 A5 (19)
                              [N5:V] TPOS 'S' 0 25 134 123 (1672827)
2026-01-06 11:59:16:620 [IN ] C8 24 09 0D 25 A5 09 01 31 05 82 FF FF DC 27 C3 30 64 (18)
                              [N9:P] GETPOS 255 255 220 39 (-9177)
2026-01-06 11:59:17:624 [IN ] C8 24 09 0D 25 A5 09 01 31 05 82 FF FF DC 27 C3 30 64 (18)
                              [N9:P] GETPOS 255 255 220 39 (-9177)
2026-01-06 11:59:18:627 [IN ] C8 24 09 0D 25 A5 09 01 31 05 82 FF FF DC 27 C3 30 64 (18)
                              [N9:P] GETPOS 255 255 220 39 (-9177)
2026-01-06 11:59:19:631 [IN ] C8 24 09 0D 25 A5 09 01 31 05 82 FF FF DC 27 C3 30 64 (18)
                              [N9:P] GETPOS 255 255 220 39 (-9177)
2026-01-06 11:59:20:032 [IN ] C8 24 08 0E 25 A5 08 01 31 06 81 45 FF DC 73 5D B1 3D A5 (19)
                              [N8:R] TPOS 'E' 255 220 115 93 (-2329763)
2026-01-06 11:59:20:457 [OUT] 25 A5 01 08 31 05 81 FF ED 3F 4A 35 CE (13)
                              [N8:R] TPOS 255 237 63 74 (-1228982)
2026-01-06 11:59:20:563 [IN ] C8 24 09 0D 25 A5 09 01 31 05 82 FF FF DC 27 C3 30 3D (18)
                              [N9:P] GETPOS 255 255 220 39 (-9177)
2026-01-06 11:59:20:645 [IN ] C8 24 08 0E 25 A5 08 01 31 06 81 53 FF DC 73 5E C0 84 A5 (19)
                              [N8:R] TPOS 'S' 255 220 115 94 (-2329762)
2026-01-06 11:59:21:648 [IN ] C8 24 09 0D 25 A5 09 01 31 05 82 FF FF DC 27 C3 30 84 (18)
                              [N9:P] GETPOS 255 255 220 39 (-9177)
2026-01-06 11:59:21:849 [IN ] C8 24 05 0E 25 A5 05 01 31 06 81 45 00 0B F3 4F 50 A2 A5 (19)
                              [N5:V] TPOS 'E' 0 11 243 79 (783183)
2026-01-06 11:59:22:072 [OUT] 25 A5 01 03 31 05 81 FF EE F6 3E DC 0B (13)
                              [N3:X] TPOS 255 238 246 62 (-1116610)
2026-01-06 11:59:22:094 [OUT] 25 A5 01 04 31 05 81 FF F3 CF AB 28 41 (13)
                              [N4:Y] TPOS 255 243 207 171 (-798805)
2026-01-06 11:59:22:261 [IN ] C8 24 03 0E 25 A5 03 01 31 06 81 53 FF FD 50 33 8E 44 A5 (19)
                              [N3:X] TPOS 'S' 255 253 80 51 (-176077)
2026-01-06 11:59:22:386 [IN ] C8 24 04 0E 25 (5)
2026-01-06 11:59:22:407 [IN ] A5 04 01 31 06 81 53 FF FD 4F E6 41 FF A5 (14)
                              [N4:Y] TPOS 'S' 255 253 79 230 (-176154)
2026-01-06 11:59:22:609 [IN ] C8 24 09 0D 25 A5 09 01 31 05 82 FF FF DC 27 C3 30 FF (18)
                              [N9:P] GETPOS 255 255 220 39 (-9177)
2026-01-06 11:59:23:614 [IN ] C8 24 09 0D 25 A5 09 01 31 05 82 FF FF DC 27 C3 30 FF (18)
                              [N9:P] GETPOS 255 255 220 39 (-9177)
2026-01-06 11:59:24:618 [IN ] C8 24 09 0D 25 A5 09 01 31 05 82 FF FF DC 27 C3 30 FF (18)
                              [N9:P] GETPOS 255 255 220 39 (-9177)
2026-01-06 11:59:25:622 [IN ] C8 24 04 0E 25 A5 04 01 31 06 81 45 FF F3 CC 94 54 43 A5 C8 24 09 0D 25 A5 09 01 31 05 82 FF FF DC 27 C3 30 43 (37)
                              [N4:Y] TPOS 'E' 255 243 204 148 (-799596)
                              [N9:P] GETPOS 255 255 220 39 (-9177)
2026-01-06 11:59:25:823 [IN ] C8 24 08 0E 25 A5 08 01 31 06 81 45 FF ED 43 28 5D DB A5 (19)
                              [N8:R] TPOS 'E' 255 237 67 40 (-1227992)
2026-01-06 11:59:26:627 [IN ] C8 24 09 0D 25 A5 09 01 31 05 82 FF FF DC 27 C3 30 DB (18)
                              [N9:P] GETPOS 255 255 220 39 (-9177)
2026-01-06 11:59:26:828 [IN ] C8 24 03 0E 25 A5 03 01 31 06 81 45 FF EE F3 60 41 44 A5 (19)
                              [N3:X] TPOS 'E' 255 238 243 96 (-1117344)
2026-01-06 11:59:27:631 [IN ] C8 24 09 0D 25 A5 09 01 31 05 82 FF FF DC 27 C3 30 44 (18)
                              [N9:P] GETPOS 255 255 220 39 (-9177)
2026-01-06 11:59:28:435 [IN ] C8 24 07 0E 25 A5 07 01 31 06 81 45 FF F0 4C 36 76 FA A5 (19)
                              [N7:N] TPOS 'E' 255 240 76 54 (-1029066)
