2025-07-07 11:37:05:003 [OUT] 25 A5 01 0A 31 05 D6 3D FF 00 00 53 ED (13)
                              [N10:HMI] HMILED '=' 255 0 0 (16711680)
2025-07-07 11:37:05:025 [OUT] 25 A5 01 03 31 02 D8 3F 4E CE (10)
                              [N3:X] INTERRUPT '?'
2025-07-07 11:37:05:326 [IN ] C8 24 0A 0D 25 A5 0A 01 31 05 D6 3A FF 00 00 50 EA C8 C8 24 03 0C 25 A5 03 01 31 04 D8 3A 01 01 4D 6A EA (35)
                              [N10:HMI] HMILED ':' 255 0 0 (16711680)
                              [N3:X] INTERRUPT ':' 1 1 (257)
2025-07-07 11:37:05:347 [OUT] 25 A5 01 09 31 03 C9 3D 09 4D 1C (11)
                              [N9:P] LFLAG '=' 9 (9)
2025-07-07 11:37:05:369 [OUT] 25 A5 01 04 31 02 D8 3F 4F D3 (10)
                              [N4:Y] INTERRUPT '?'
2025-07-07 11:37:05:670 [IN ] C8 24 09 0B 25 A5 09 01 31 03 C9 3A 09 4A 1E 6A C8 24 04 0C 25 A5 04 01 31 04 D8 3A 01 01 4E 72 EA (33)
                              [N9:P] LFLAG ':' 9 (9)
                              [N4:Y] INTERRUPT ':' 1 1 (257)
2025-07-07 11:37:05:691 [OUT] 25 A5 01 09 31 03 CA 3D 09 4E 1F (11)
                              [N9:P] RFLAG '=' 9 (9)
2025-07-07 11:37:05:713 [OUT] 25 A5 01 0C 31 02 D8 3F 57 FB (10)
                              [N12:Z] INTERRUPT '?'
2025-07-07 11:37:06:017 [IN ] C8 24 09 0B 25 A5 09 01 31 03 CA 3A 09 4B 21 72 C8 24 0C 0C 25 A5 0C 01 31 04 D8 3A 01 01 56 B2 EA (33)
                              [N9:P] RFLAG ':' 9 (9)
                              [N12:Z] INTERRUPT ':' 1 1 (257)
2025-07-07 11:37:06:039 [OUT] 25 A5 01 08 31 03 C9 3D 09 4C 16 (11)
                              [N8:R] LFLAG '=' 9 (9)
2025-07-07 11:37:06:061 [OUT] 25 A5 01 03 31 03 C9 3D 0B 49 FA (11)
                              [N3:X] LFLAG '=' 11 (11)
2025-07-07 11:37:06:083 [OUT] 25 A5 01 04 31 03 C9 3D 0B 4A 00 (11)
                              [N4:Y] LFLAG '=' 11 (11)
2025-07-07 11:37:06:106 [OUT] 25 A5 01 0C 31 03 C9 3D 0B 52 30 (11)
                              [N12:Z] LFLAG '=' 11 (11)
2025-07-07 11:37:06:210 [IN ] C8 24 08 0B 25 A5 08 01 31 03 C9 3A 09 49 17 B2 (16)
                              [N8:R] LFLAG ':' 9 (9)
2025-07-07 11:37:06:232 [OUT] 25 A5 01 08 31 03 CA 3D 09 4D 19 (11)
                              [N8:R] RFLAG '=' 9 (9)
2025-07-07 11:37:06:338 [IN ] C8 24 03 0B 25 A5 03 01 31 03 C9 3A 0B 46 F6 B2 (16)
                              [N3:X] LFLAG ':' 11 (11)
2025-07-07 11:37:06:361 [OUT] 25 A5 01 03 31 03 88 00 50 10 02 (11)
                              [N3:X] RUN 0 80 (80)
2025-07-07 11:37:06:425 [IN ] C8 24 04 0B 25 A5 04 01 31 03 C9 3A 0B 47 FD B2 (16)
                              [N4:Y] LFLAG ':' 11 (11)
2025-07-07 11:37:06:446 [OUT] 25 A5 01 04 31 03 88 00 50 11 08 (11)
                              [N4:Y] RUN 0 80 (80)
2025-07-07 11:37:06:531 [IN ] C8 24 0C 0B 25 A5 0C 01 31 03 C9 3A 0B 4F 35 B2 (16)
                              [N12:Z] LFLAG ':' 11 (11)
2025-07-07 11:37:06:553 [OUT] 25 A5 01 0C 31 03 88 00 50 19 38 (11)
                              [N12:Z] RUN 0 80 (80)
2025-07-07 11:37:06:657 [IN ] C8 24 08 0B 25 A5 08 01 31 03 CA 3A 09 4A 1A B2 (16)
                              [N8:R] RFLAG ':' 9 (9)
2025-07-07 11:37:06:762 [IN ] C8 24 03 0C 25 A5 03 01 31 04 88 53 00 50 64 C2 EA (17)
                              [N3:X] RUN 'S' 0 80 (80)
2025-07-07 11:37:06:868 [IN ] C8 24 04 0C 25 A5 04 01 31 04 88 53 00 50 65 CA EA (17)
                              [N4:Y] RUN 'S' 0 80 (80)
2025-07-07 11:37:06:992 [IN ] C8 24 0C 0C 25 A5 0C 01 31 04 88 53 00 50 6D 0A EA (17)
                              [N12:Z] RUN 'S' 0 80 (80)
2025-07-07 11:37:13:619 [IN ] C8 24 04 0B 25 A5 04 01 31 03 81 5A 4C 60 A6 0A (16)
                              [N4:Y] TPOS 'Z' 76 (76)
2025-07-07 11:37:13:821 [IN ] C8 24 04 0A 25 A5 04 01 31 02 81 49 02 32 A6 (15)
                              [N4:Y] TPOS 'I'
2025-07-07 11:37:14:045 [OUT] 25 A5 01 09 31 02 D8 3F 54 EC (10)
                              [N9:P] INTERRUPT '?'
2025-07-07 11:37:14:346 [IN ] C8 24 09 0C 25 A5 09 01 31 04 D8 3A 01 01 53 9A EA (17)
                              [N9:P] INTERRUPT ':' 1 1 (257)
2025-07-07 11:37:14:367 [OUT] 25 A5 01 04 31 03 C9 3D 09 48 FE (11)
                              [N4:Y] LFLAG '=' 9 (9)
2025-07-07 11:37:14:389 [OUT] 25 A5 01 07 31 02 D8 3F 52 E2 (10)
                              [N7:N] INTERRUPT '?'
2025-07-07 11:37:14:690 [IN ] C8 24 04 0B 25 A5 04 01 31 03 C9 3A 09 45 FB 9A C8 24 07 0C 25 A5 07 01 31 04 D8 3A 01 01 51 8A EA (33)
                              [N4:Y] LFLAG ':' 9 (9)
                              [N7:N] INTERRUPT ':' 1 1 (257)
2025-07-07 11:37:14:711 [OUT] 25 A5 01 09 31 03 C9 3D 0B 4F 1E (11)
                              [N9:P] LFLAG '=' 11 (11)
2025-07-07 11:37:14:733 [OUT] 25 A5 01 07 31 03 C9 3D 0B 4D 12 (11)
                              [N7:N] LFLAG '=' 11 (11)
2025-07-07 11:37:14:879 [IN ] C8 24 09 0B 25 A5 09 01 31 03 C9 3A 0B 4C 20 8A (16)
                              [N9:P] LFLAG ':' 11 (11)
2025-07-07 11:37:14:901 [OUT] 25 A5 01 09 31 03 88 00 50 16 26 (11)
                              [N9:P] RUN 0 80 (80)
2025-07-07 11:37:14:987 [IN ] C8 24 07 0B 25 A5 07 01 31 03 C9 3A 0B 4A 12 8A (16)
                              [N7:N] LFLAG ':' 11 (11)
2025-07-07 11:37:15:009 [OUT] 25 A5 01 07 31 03 88 00 50 14 1A (11)
                              [N7:N] RUN 0 80 (80)
2025-07-07 11:37:15:092 [IN ] C8 24 09 0C 25 A5 09 01 31 04 88 53 00 50 6A F2 EA (17)
                              [N9:P] RUN 'S' 0 80 (80)
2025-07-07 11:37:15:177 [IN ] C8 24 09 0B 25 A5 09 01 31 03 81 5A 4C 65 C9 F2 (16)
                              [N9:P] TPOS 'Z' 76 (76)
2025-07-07 11:37:15:199 [IN ] C8 24 09 0A 25 A5 09 01 31 02 81 49 07 50 C9 (15)
                              [N9:P] TPOS 'I'
2025-07-07 11:37:15:222 [IN ] C8 24 07 0C 25 A5 07 01 31 04 88 53 00 50 68 E2 EA (17)
                              [N7:N] RUN 'S' 0 80 (80)
2025-07-07 11:37:15:244 [OUT] 25 A5 01 09 31 03 C9 3D 09 4D 1C (11)
                              [N9:P] LFLAG '=' 9 (9)
2025-07-07 11:37:15:266 [OUT] 25 A5 01 04 31 05 81 FF EE 88 01 32 FA (13)
                              [N4:Y] TPOS 255 238 136 1 (-1144831)
2025-07-07 11:37:15:411 [IN ] C8 24 09 0B 25 A5 09 01 31 03 C9 3A 09 4A 1E E2 (16)
                              [N9:P] LFLAG ':' 9 (9)
2025-07-07 11:37:15:494 [IN ] C8 24 03 0B 25 A5 03 01 31 03 81 5A 4C 5F 9F E2 (16)
                              [N3:X] TPOS 'Z' 76 (76)
2025-07-07 11:37:15:517 [IN ] C8 24 03 0A 25 A5 03 01 31 02 81 49 01 2C 9F (15)
                              [N3:X] TPOS 'I'
2025-07-07 11:37:15:540 [IN ] C8 24 04 0E 25 A5 04 01 31 06 81 53 00 00 00 00 10 88 E5 (19)
                              [N4:Y] TPOS 'S' 0 0 0 0 (0)
2025-07-07 11:37:15:562 [OUT] 25 A5 01 03 31 03 C9 3D 09 47 F8 (11)
                              [N3:X] LFLAG '=' 9 (9)
2025-07-07 11:37:15:751 [IN ] C8 24 03 0B 25 A5 03 01 31 03 C9 3A 09 44 F4 00 (16)
                              [N3:X] LFLAG ':' 9 (9)
2025-07-07 11:37:19:763 [IN ] C8 24 07 0B 25 A5 07 01 31 03 81 5A 4C 63 BB 00 C8 24 07 0A 25 A5 07 01 31 02 81 49 05 44 BB (31)
                              [N7:N] TPOS 'Z' 76 (76)
                              [N7:N] TPOS 'I'
2025-07-07 11:37:19:989 [OUT] 25 A5 01 07 31 03 C9 3D 09 4B 10 (11)
                              [N7:N] LFLAG '=' 9 (9)
2025-07-07 11:37:20:156 [IN ] C8 24 07 0B 25 A5 07 01 31 03 C9 3A 09 48 10 00 (16)
                              [N7:N] LFLAG ':' 9 (9)
2025-07-07 11:37:21:761 [IN ] C8 24 04 0E 25 A5 04 01 31 06 81 45 FF EE 85 67 DB 79 E5 (19)
                              [N4:Y] TPOS 'E' 255 238 133 103 (-1145497)
2025-07-07 11:37:21:985 [OUT] 25 A5 01 09 31 05 81 FF E7 5D 56 5A 0C (13)
                              [N9:P] TPOS 255 231 93 86 (-1614506)
2025-07-07 11:37:22:007 [OUT] 25 A5 01 04 31 05 81 FF FD 50 01 09 B7 (13)
                              [N4:Y] TPOS 255 253 80 1 (-176127)
2025-07-07 11:37:22:029 [OUT] 25 A5 01 07 31 05 81 FF AB 19 75 F7 DF (13)
                              [N7:N] TPOS 255 171 25 117 (-5564043)
2025-07-07 11:37:22:030 [IN ] C8 24 0C 0B 25 A5 0C 01 31 03 81 5A 4C 68 DE 67 (16)
                              [N12:Z] TPOS 'Z' 76 (76)
2025-07-07 11:37:22:052 [OUT] 25 A5 01 03 31 05 81 FF EC 4A AB 9B 1A (13)
                              [N3:X] TPOS 255 236 74 171 (-1291605)
2025-07-07 11:37:22:075 [OUT] 25 A5 01 06 31 02 D8 3F 51 DD (10)
                              [N6:H] INTERRUPT '?'
2025-07-07 11:37:22:076 [IN ] C8 24 0C 0A 25 A5 0C 01 31 02 81 49 0A 62 DE (15)
                              [N12:Z] TPOS 'I'
2025-07-07 11:37:22:377 [IN ] C8 24 09 0E 25 A5 09 01 31 06 81 53 FF FF FF EB FD 9C E5 C8 24 04 0E 25 A5 04 01 31 06 81 53 FF EE 85 68 EA C0 E5 (38)
                              [N9:P] TPOS 'S' 255 255 255 235 (-21)
                              [N4:Y] TPOS 'S' 255 238 133 104 (-1145496)
2025-07-07 11:37:22:678 [IN ] C8 24 07 0E 25 A5 07 01 31 06 81 53 FF FF FF F9 09 96 E5 C8 24 03 0E 25 A5 03 01 31 06 81 53 00 00 00 00 0F 7E E5 C8 24 06 0C 25 A5 06 01 31 04 D8 3A 01 01 50 82 0F (55)
                              [N7:N] TPOS 'S' 255 255 255 249 (-7)
                              [N3:X] TPOS 'S' 0 0 0 0 (0)
                              [N6:H] INTERRUPT ':' 1 1 (257)
2025-07-07 11:37:22:699 [OUT] 25 A5 01 06 31 03 C9 3D 0B 4C 0C (11)
                              [N6:H] LFLAG '=' 11 (11)
2025-07-07 11:37:22:722 [OUT] 25 A5 01 0C 31 03 C9 3D 09 50 2E (11)
                              [N12:Z] LFLAG '=' 9 (9)
2025-07-07 11:37:22:869 [IN ] C8 24 06 0B 25 A5 06 01 31 03 C9 3A 0B 49 0B 82 (16)
                              [N6:H] LFLAG ':' 11 (11)
2025-07-07 11:37:22:891 [OUT] 25 A5 01 06 31 03 88 FF B0 72 72 (11)
                              [N6:H] RUN 255 176 (-80)
2025-07-07 11:37:22:975 [IN ] C8 24 0C 0B 25 A5 0C 01 31 03 C9 3A 09 4D 33 82 (16)
                              [N12:Z] LFLAG ':' 9 (9)
2025-07-07 11:37:22:996 [OUT] 25 A5 01 0C 31 05 81 FF BC D0 00 4F 33 (13)
                              [N12:Z] TPOS 255 188 208 0 (-4403200)
2025-07-07 11:37:23:099 [IN ] C8 24 06 0C 25 A5 06 01 31 04 88 53 FF B0 C6 38 0F (17)
                              [N6:H] RUN 'S' 255 176 (-80)
2025-07-07 11:37:23:223 [IN ] C8 24 0C 0E 25 A5 0C 01 31 06 81 53 FF FF FF B0 C5 7F E5 (19)
                              [N12:Z] TPOS 'S' 255 255 255 176 (-80)
2025-07-07 11:37:28:245 [IN ] C8 24 06 0B 25 A5 06 01 31 03 81 5A 4C 62 B4 B0 C8 24 06 0A 25 A5 06 01 31 02 81 49 04 3E B4 (31)
                              [N6:H] TPOS 'Z' 76 (76)
                              [N6:H] TPOS 'I'
2025-07-07 11:37:28:468 [OUT] 25 A5 01 06 31 03 C9 3D 09 4A 0A (11)
                              [N6:H] LFLAG '=' 9 (9)
2025-07-07 11:37:28:618 [IN ] C8 24 06 0B 25 A5 06 01 31 03 C9 3A 09 47 09 B0 (16)
                              [N6:H] LFLAG ':' 9 (9)
2025-07-07 11:37:28:640 [OUT] 25 A5 01 06 31 03 84 00 50 0F 08 (11)
                              [N6:H] VEL 0 80 (80)
2025-07-07 11:37:28:807 [IN ] C8 24 06 0C 25 A5 06 01 31 04 84 53 00 50 63 CA C5 (17)
                              [N6:H] VEL 'S' 0 80 (80)
2025-07-07 11:37:28:828 [OUT] 25 A5 01 06 31 05 81 00 19 82 3C 95 BE (13)
                              [N6:H] TPOS 0 25 130 60 (1671740)
2025-07-07 11:37:29:016 [IN ] C8 24 06 0E 25 A5 06 01 31 06 81 53 00 00 00 00 12 9C E5 (19)
                              [N6:H] TPOS 'S' 0 0 0 0 (0)
2025-07-07 11:37:29:619 [IN ] C8 24 03 0E 25 A5 03 01 31 06 81 45 FF EC 48 35 69 BD E5 (19)
                              [N3:X] TPOS 'E' 255 236 72 53 (-1292235)
2025-07-07 11:37:30:044 [OUT] 25 A5 01 03 31 05 81 FF FD 50 01 08 AF (13)
                              [N3:X] TPOS 255 253 80 1 (-176127)
2025-07-07 11:37:30:233 [IN ] C8 24 03 0E 25 A5 03 01 31 06 81 53 FF EC 48 35 77 03 E5 (19)
                              [N3:X] TPOS 'S' 255 236 72 53 (-1292235)
2025-07-07 11:37:30:836 [IN ] C8 24 04 0E 25 A5 04 01 31 06 81 45 FF FD 50 04 52 D9 E5 (19)
                              [N4:Y] TPOS 'E' 255 253 80 4 (-176124)
2025-07-07 11:37:31:238 [IN ] C8 24 09 0E 25 A5 09 01 31 06 81 45 FF E7 5A 79 C0 52 E5 (19)
                              [N9:P] TPOS 'E' 255 231 90 121 (-1615239)
2025-07-07 11:37:31:661 [OUT] 25 A5 01 09 31 05 81 FF FF D9 C8 60 BE (13)
                              [N9:P] TPOS 255 255 217 200 (-9784)
2025-07-07 11:37:31:848 [IN ] C8 24 09 0E 25 A5 09 01 31 06 81 53 FF E7 5A 80 D5 9F E5 (19)
                              [N9:P] TPOS 'S' 255 231 90 128 (-1615232)
2025-07-07 11:37:38:668 [IN ] C8 24 06 0E 25 A5 06 01 31 06 81 45 00 19 82 B2 51 57 E5 (19)
                              [N6:H] TPOS 'E' 0 25 130 178 (1671858)
2025-07-07 11:37:39:092 [OUT] 25 A5 01 06 31 05 81 00 0C C6 C1 51 A4 (13)
                              [N6:H] TPOS 0 12 198 193 (837313)
2025-07-07 11:37:39:218 [IN ] C8 24 03 0E 25 A5 03 01 31 06 81 45 FF FD 50 49 96 14 E5 (19)
                              [N3:X] TPOS 'E' 255 253 80 73 (-176055)
2025-07-07 11:37:39:281 [IN ] C8 24 06 0E 25 A5 06 01 31 06 81 53 00 (13)
2025-07-07 11:37:39:302 [IN ] 19 82 B2 5F 9D E5 (6)
                              [N6:H] TPOS 'S' 0 25 130 178 (1671858)
2025-07-07 11:37:41:110 [IN ] C8 24 09 0E 25 A5 09 01 31 06 81 45 FF FF DB 4B 2B 6E E5 (19)
                              [N9:P] TPOS 'E' 255 255 219 75 (-9397)
2025-07-07 11:37:41:334 [OUT] 25 A5 01 08 31 02 D8 3F 53 E7 (10)
                              [N8:R] INTERRUPT '?'
2025-07-07 11:37:41:636 [IN ] C8 24 08 0C 25 A5 08 01 31 04 D8 3A 01 01 52 92 2B (17)
                              [N8:R] INTERRUPT ':' 1 1 (257)
2025-07-07 11:37:41:657 [OUT] 25 A5 01 08 31 03 CA 3D 0B 4F 1B (11)
                              [N8:R] RFLAG '=' 11 (11)
2025-07-07 11:37:41:824 [IN ] C8 24 08 0B 25 A5 08 01 31 03 CA 3A 0B 4C 1C 92 (16)
                              [N8:R] RFLAG ':' 11 (11)
2025-07-07 11:37:41:846 [OUT] 25 A5 01 08 31 03 88 00 50 15 20 (11)
                              [N8:R] RUN 0 80 (80)
2025-07-07 11:37:42:035 [IN ] C8 24 08 0C 25 A5 08 01 31 04 88 53 00 50 69 EA 2B (17)
                              [N8:R] RUN 'S' 0 80 (80)
2025-07-07 11:37:43:643 [IN ] C8 24 06 0E 25 A5 06 01 31 06 81 45 00 0C C3 21 F4 21 E5 (19)
                              [N6:H] TPOS 'E' 0 12 195 33 (836385)
2025-07-07 11:37:43:867 [OUT] 25 A5 01 05 31 02 D8 3F 50 D8 (10)
                              [N5:V] INTERRUPT '?'
2025-07-07 11:37:44:168 [IN ] C8 24 05 0C 25 A5 05 01 31 04 D8 3A 01 01 4F 7A F4 (17)
                              [N5:V] INTERRUPT ':' 1 1 (257)
2025-07-07 11:37:44:189 [OUT] 25 A5 01 05 31 03 C9 3D 0B 4B 06 (11)
                              [N5:V] LFLAG '=' 11 (11)
2025-07-07 11:37:44:335 [IN ] C8 24 05 0B 25 A5 05 01 31 03 C9 3A 0B 48 04 7A (16)
                              [N5:V] LFLAG ':' 11 (11)
2025-07-07 11:37:44:356 [OUT] 25 A5 01 05 31 03 88 FF B0 71 6C (11)
                              [N5:V] RUN 255 176 (-80)
2025-07-07 11:37:44:522 [IN ] C8 24 05 0C 25 A5 05 01 31 04 88 53 FF B0 C5 30 F4 (17)
                              [N5:V] RUN 'S' 255 176 (-80)
2025-07-07 11:37:45:325 [IN ] C8 24 0C 0E 25 A5 0C 01 31 06 81 45 FF BC CC 2E BF 88 E5 (19)
                              [N12:Z] TPOS 'E' 255 188 204 46 (-4404178)
2025-07-07 11:37:45:748 [OUT] 25 A5 01 0C 31 05 81 FF D1 A4 00 38 1A (13)
                              [N12:Z] TPOS 255 209 164 0 (-3038208)
2025-07-07 11:37:45:936 [IN ] C8 24 0C 0E 25 A5 0C 01 31 06 81 53 FF BC CC 30 CF D0 E5 (19)
                              [N12:Z] TPOS 'S' 255 188 204 48 (-4404176)
2025-07-07 11:37:47:946 [IN ] C8 24 07 0E 25 A5 07 01 31 06 81 45 FF AB 15 4A 0E D1 E5 (19)
                              [N7:N] TPOS 'E' 255 171 21 74 (-5565110)
2025-07-07 11:37:48:371 [OUT] 25 A5 01 07 31 05 81 FF F1 41 62 52 EE (13)
                              [N7:N] TPOS 255 241 65 98 (-966302)
2025-07-07 11:37:48:557 [IN ] C8 24 07 0E 25 A5 07 01 31 06 81 53 FF AB 15 4F 21 1C E5 (19)
                              [N7:N] TPOS 'S' 255 171 21 79 (-5565105)
2025-07-07 11:37:49:360 [IN ] C8 24 05 0B 25 A5 05 01 31 03 81 5A 4C 61 AD 4F (16)
                              [N5:V] TPOS 'Z' 76 (76)
2025-07-07 11:37:49:563 [IN ] C8 24 05 0A 25 A5 05 01 31 02 81 49 03 38 AD (15)
                              [N5:V] TPOS 'I'
2025-07-07 11:37:49:785 [OUT] 25 A5 01 05 31 03 C9 3D 09 49 04 (11)
                              [N5:V] LFLAG '=' 9 (9)
2025-07-07 11:37:49:954 [IN ] C8 24 05 0B 25 A5 05 01 31 03 C9 3A 09 46 02 4F (16)
                              [N5:V] LFLAG ':' 9 (9)
2025-07-07 11:37:49:976 [OUT] 25 A5 01 05 31 03 84 00 50 0E 02 (11)
                              [N5:V] VEL 0 80 (80)
2025-07-07 11:37:50:140 [IN ] C8 24 05 0C 25 A5 05 01 31 04 84 53 00 50 62 C2 21 (17)
                              [N5:V] VEL 'S' 0 80 (80)
2025-07-07 11:37:50:163 [OUT] 25 A5 01 05 31 05 81 00 19 82 3C 94 B6 (13)
                              [N5:V] TPOS 0 25 130 60 (1671740)
2025-07-07 11:37:50:351 [IN ] C8 24 05 0E 25 A5 05 01 31 06 81 53 FF FF FF FF 0D 88 E5 (19)
                              [N5:V] TPOS 'S' 255 255 255 255 (-1)
2025-07-07 11:37:50:954 [IN ] C8 24 08 0B 25 A5 08 01 31 03 81 5A 52 6A C8 FF C8 24 08 0A 25 A5 08 01 31 02 81 49 06 4A C8 (31)
                              [N8:R] TPOS 'Z' 82 (82)
                              [N8:R] TPOS 'I'
2025-07-07 11:37:51:178 [OUT] 25 A5 01 08 31 03 CA 3D 09 4D 19 (11)
                              [N8:R] RFLAG '=' 9 (9)
2025-07-07 11:37:51:347 [IN ] C8 24 08 0B 25 A5 08 01 31 03 CA 3A 09 4A 1A FF (16)
                              [N8:R] RFLAG ':' 9 (9)
2025-07-07 11:37:51:369 [OUT] 25 A5 01 08 31 05 81 FF DC 77 1D 2F DE (13)
                              [N8:R] TPOS 255 220 119 29 (-2328803)
2025-07-07 11:37:51:556 [IN ] C8 24 08 0E 25 A5 08 01 31 06 81 53 FF FF FF F2 03 99 E5 (19)
                              [N8:R] TPOS 'S' 255 255 255 242 (-14)
2025-07-07 11:37:52:560 [IN ] C8 24 0C 0E 25 A5 0C 01 31 06 81 45 FF D1 A7 97 18 E6 E5 (19)
                              [N12:Z] TPOS 'E' 255 209 167 151 (-3037289)
2025-07-07 11:37:58:380 [IN ] C8 24 05 0E 25 A5 05 01 31 06 81 45 00 19 86 05 A7 A8 E5 (19)
                              [N5:V] TPOS 'E' 0 25 134 5 (1672709)
2025-07-07 11:37:58:806 [OUT] 25 A5 01 05 31 05 81 00 0C 94 2A 87 A1 (13)
                              [N5:V] TPOS 0 12 148 42 (824362)
2025-07-07 11:37:58:994 [IN ] C8 24 05 0E 25 A5 05 01 31 06 81 53 00 19 86 05 B5 EE E5 (19)
                              [N5:V] TPOS 'S' 0 25 134 5 (1672709)
2025-07-07 11:38:04:418 [IN ] C8 24 05 0E 25 A5 05 01 31 06 81 45 00 0C 92 81 22 15 E5 (19)
                              [N5:V] TPOS 'E' 0 12 146 129 (823937)
2025-07-07 11:38:04:641 [OUT] 25 A5 01 03 31 05 81 FF EE DC 89 0D 22 (13)
                              [N3:X] TPOS 255 238 220 137 (-1123191)
2025-07-07 11:38:04:663 [OUT] 25 A5 01 04 31 05 81 FF F3 D4 F2 74 92 (13)
                              [N4:Y] TPOS 255 243 212 242 (-797454)
2025-07-07 11:38:04:810 [IN ] C8 24 03 0E 25 A5 03 01 31 06 81 53 FF FD 50 49 A4 5A E5 (19)
                              [N3:X] TPOS 'S' 255 253 80 73 (-176055)
2025-07-07 11:38:04:957 [IN ] C8 24 04 0E 25 A5 04 01 31 06 81 53 FF FD 50 04 60 1F E5 (19)
                              [N4:Y] TPOS 'S' 255 253 80 4 (-176124)
2025-07-07 11:38:06:362 [IN ] C8 24 08 0E 25 A5 08 01 31 06 81 45 FF DC 75 92 E8 76 E5 (19)
                              [N8:R] TPOS 'E' 255 220 117 146 (-2329198)
2025-07-07 11:38:06:786 [OUT] 25 A5 01 08 31 05 81 FF EC F2 D9 76 C0 (13)
                              [N8:R] TPOS 255 236 242 217 (-1248551)
2025-07-07 11:38:06:974 [IN ] C8 24 08 0E 25 A5 08 01 31 06 81 53 FF DC 75 98 FC C2 E5 (19)
                              [N8:R] TPOS 'S' 255 220 117 152 (-2329192)
2025-07-07 11:38:08:379 [IN ] C8 24 04 0E 25 A5 04 01 31 06 81 45 FF F3 D2 E7 AD A2 E5 (19)
                              [N4:Y] TPOS 'E' 255 243 210 231 (-797977)
2025-07-07 11:38:09:585 [IN ] C8 24 07 0E 25 A5 07 01 31 06 81 45 FF F1 46 28 63 E3 E5 (19)
                              [N7:N] TPOS 'E' 255 241 70 40 (-965080)
2025-07-07 11:38:09:987 [IN ] C8 24 03 0E 25 A5 03 01 31 06 81 45 FF EE D9 F1 B8 A1 E5 (19)
                              [N3:X] TPOS 'E' 255 238 217 241 (-1123855)
2025-07-07 11:38:14:607 [IN ] C8 24 08 0E 25 A5 08 01 31 06 81 45 FF EC F2 C4 A7 D2 E5 (19)
                              [N8:R] TPOS 'E' 255 236 242 196 (-1248572)
