2026-01-28 13:23:08:064 [OUT] 25 A5 01 0A 31 05 D6 3D FF 00 00 53 ED (13)
                              [N10:HMI] HMILED '=' 255 0 0 (16711680)
2026-01-28 13:23:08:088 [OUT] 25 A5 01 04 31 07 E7 3D 65 00 00 00 B4 7A 90 (15)
                              [N4:Y] LONG32VALUE '=' 'e' 0 0 0 180 (180)
2026-01-28 13:23:08:111 [OUT] 25 A5 01 03 31 07 E7 3D 65 00 00 00 1F E4 F1 (15)
                              [N3:X] LONG32VALUE '=' 'e' 0 0 0 31 (31)
2026-01-28 13:23:08:259 [IN ] C8 24 0A 0D 25 A5 0A 01 31 05 (10)
2026-01-28 13:23:08:280 [IN ] D6 3A FF 00 00 50 EA 7E (8)
                              [N10:HMI] HMILED ':' 255 0 0 (16711680)
2026-01-28 13:23:08:428 [IN ] C8 24 04 0F 25 A5 04 01 31 07 E7 3A 65 00 00 00 B4 77 81 01 (20)
                              [N4:Y] LONG32VALUE ':' 'e' 0 0 0 180 (180)
2026-01-28 13:23:08:449 [OUT] 25 A5 01 04 31 05 81 FF F6 CB 7A F6 11 (13)
                              [N4:Y] TPOS 255 246 203 122 (-603270)
2026-01-28 13:23:08:576 [IN ] C8 24 03 0F 25 A5 03 01 31 07 E7 3A 65 00 00 00 1F E1 E1 01 (20)
                              [N3:X] LONG32VALUE ':' 'e' 0 0 0 31 (31)
2026-01-28 13:23:08:597 [OUT] 25 A5 01 03 31 05 81 FF E9 4F 31 23 A1 (13)
                              [N3:X] TPOS 255 233 79 49 (-1487055)
2026-01-28 13:23:08:682 [IN ] C8 24 04 0E 25 A5 04 01 31 06 81 53 FF FF 8D 29 C4 C4 E1 (19)
                              [N4:Y] TPOS 'S' 255 255 141 41 (-29399)
2026-01-28 13:23:08:703 [OUT] 25 A5 01 04 31 01 DB 12 85 (9)
                              [N4:Y] STARTMOVE
2026-01-28 13:23:08:807 [IN ] C8 24 0B 0A 25 A5 0B 01 31 02 DE 00 1D CD 8D C8 24 03 0E 25 A5 03 01 31 06 81 53 FF EA DA 4B 1D 37 E1 (34)
                              [N11:NG] NGSWSTATE 0 (0)
                              [N3:X] TPOS 'S' 255 234 218 75 (-1385909)
2026-01-28 13:23:08:828 [OUT] 25 A5 01 03 31 01 DB 11 81 (9)
                              [N3:X] STARTMOVE
2026-01-28 13:23:08:913 [IN ] C8 24 04 0A 25 A5 04 01 31 02 DB 01 14 9E DA (15)
                              [N4:Y] STARTMOVE ''
2026-01-28 13:23:08:997 [IN ] C8 24 03 0A 25 A5 03 01 31 02 DB 01 13 98 DA (15)
                              [N3:X] STARTMOVE ''
2026-01-28 13:23:10:000 [IN ] C8 24 0B 0A 25 A5 0B 01 31 02 DE 00 1D CD DA (15)
                              [N11:NG] NGSWSTATE 0 (0)
2026-01-28 13:23:11:004 [IN ] C8 24 0B 0A 25 A5 0B 01 31 02 DE 00 1D CD DA (15)
                              [N11:NG] NGSWSTATE 0 (0)
2026-01-28 13:23:11:406 [IN ] C8 24 03 0E 25 A5 03 01 31 06 81 45 FF E9 50 A2 DB 31 E1 (19)
                              [N3:X] TPOS 'E' 255 233 80 162 (-1486686)
2026-01-28 13:23:11:607 [IN ] C8 24 04 0E 25 A5 04 01 31 06 81 45 FF F6 C7 93 51 41 E1 (19)
                              [N4:Y] TPOS 'E' 255 246 199 147 (-604269)
2026-01-28 13:23:12:012 [IN ] C8 24 0B 0A 25 A5 0B 01 31 02 DE 00 1D CD C7 (15)
                              [N11:NG] NGSWSTATE 0 (0)
2026-01-28 13:23:12:033 [OUT] 25 A5 01 04 31 03 84 00 50 0D FC (11)
                              [N4:Y] VEL 0 80 (80)
2026-01-28 13:23:12:054 [OUT] 25 A5 01 03 31 03 84 00 50 0C F6 (11)
                              [N3:X] VEL 0 80 (80)
2026-01-28 13:23:12:076 [OUT] 25 A5 01 09 31 05 81 FF ED A6 1C 6F 76 (13)
                              [N9:P] TPOS 255 237 166 28 (-1202660)
2026-01-28 13:23:12:099 [OUT] 25 A5 01 07 31 05 81 FF E1 12 28 D9 26 (13)
                              [N7:N] TPOS 255 225 18 40 (-2026968)
2026-01-28 13:23:12:204 [IN ] C8 24 04 0C 25 A5 04 01 31 04 84 53 00 50 61 BA 51 (17)
                              [N4:Y] VEL 'S' 0 80 (80)
2026-01-28 13:23:12:226 [OUT] 25 A5 01 04 31 05 81 FF F6 03 2E E2 35 (13)
                              [N4:Y] TPOS 255 246 3 46 (-654546)
2026-01-28 13:23:12:289 [IN ] C8 24 03 0C 25 A5 03 01 31 04 84 53 00 50 (14)
2026-01-28 13:23:12:313 [IN ] 60 B2 51 (3)
                              [N3:X] VEL 'S' 0 80 (80)
2026-01-28 13:23:12:334 [OUT] 25 A5 01 03 31 05 81 FF E8 79 84 9F 45 (13)
                              [N3:X] TPOS 255 232 121 132 (-1541756)
2026-01-28 13:23:12:439 [IN ] C8 24 09 0E 25 A5 09 01 31 06 81 53 FF EE 11 29 3C CB E1 (19)
                              [N9:P] TPOS 'S' 255 238 17 41 (-1175255)
2026-01-28 13:23:12:564 [IN ] C8 24 07 0E 25 A5 07 01 31 06 81 53 FF E0 1F 19 2A 99 E1 (19)
                              [N7:N] TPOS 'S' 255 224 31 25 (-2089191)
2026-01-28 13:23:12:689 [IN ] C8 24 04 0E 25 A5 04 01 31 06 81 53 FF F6 C7 93 5F 87 E1 C8 24 09 0E 25 A5 09 01 31 06 81 45 FF ED A3 0A A0 87 E1 (38)
                              [N4:Y] TPOS 'S' 255 246 199 147 (-604269)
                              [N9:P] TPOS 'E' 255 237 163 10 (-1203446)
2026-01-28 13:23:12:816 [IN ] C8 24 03 0E 25 A5 03 01 31 06 81 53 FF (13)
2026-01-28 13:23:12:838 [IN ] E9 50 A2 E9 77 E1 C8 24 0B 0A 25 A5 0B 01 31 02 DE 00 1D CD 50 (21)
                              [N3:X] TPOS 'S' 255 233 80 162 (-1486686)
                              [N11:NG] NGSWSTATE 0 (0)
2026-01-28 13:23:13:039 [IN ] C8 24 07 0E 25 A5 07 01 31 06 81 45 FF E1 17 39 35 66 E1 (19)
                              [N7:N] TPOS 'E' 255 225 23 57 (-2025671)
2026-01-28 13:23:13:240 [IN ] C8 24 04 0E 25 A5 04 01 31 06 81 45 FF F6 00 65 5C 85 E1 (19)
                              [N4:Y] TPOS 'E' 255 246 0 101 (-655259)
2026-01-28 13:23:13:441 [IN ] C8 24 03 0E 25 A5 03 01 31 06 81 45 FF E8 77 9A F9 74 E1 (19)
                              [N3:X] TPOS 'E' 255 232 119 154 (-1542246)
