2026-01-28 14:32:32:096 [OUT] 25 A5 01 0A 31 05 D6 3D FF 00 00 53 ED (13)
                              [N10:HMI] HMILED '=' 255 0 0 (16711680)
2026-01-28 14:32:32:125 [OUT] 25 A5 01 04 31 05 81 FF F0 28 2D 00 6C (13)
                              [N4:Y] TPOS 255 240 40 45 (-1038291)
2026-01-28 14:32:32:148 [OUT] 25 A5 01 03 31 05 81 FF F2 E7 E9 7C A4 (13)
                              [N3:X] TPOS 255 242 231 233 (-858135)
2026-01-28 14:32:32:169 [OUT] 25 A5 01 05 31 05 81 00 0D 91 F6 51 6A (13)
                              [N5:V] TPOS 0 13 145 246 (889334)
2026-01-28 14:32:32:192 [OUT] 25 A5 01 06 31 05 81 00 0D 79 9A DE E6 (13)
                              [N6:H] TPOS 0 13 121 154 (883098)
2026-01-28 14:32:32:297 [IN ] C8 24 0A 0D 25 A5 0A 01 31 05 D6 3A FF 00 00 50 EA 03 (18)
                              [N10:HMI] HMILED ':' 255 0 0 (16711680)
2026-01-28 14:32:32:424 [IN ] C8 24 04 0E 25 A5 04 01 31 06 81 53 FF F0 25 A2 C6 40 20 (19)
                              [N4:Y] TPOS 'S' 255 240 37 162 (-1038942)
2026-01-28 14:32:32:509 [IN ] C8 24 04 0E 25 A5 04 01 31 06 81 45 FF F0 26 AA C1 04 20 (19)
                              [N4:Y] TPOS 'E' 255 240 38 170 (-1038678)
2026-01-28 14:32:32:551 [IN ] C8 24 03 0E 25 A5 03 01 31 06 81 53 FF F2 E5 16 FB 30 20 (19)
                              [N3:X] TPOS 'S' 255 242 229 22 (-858858)
2026-01-28 14:32:32:656 [IN ] C8 24 03 0E 25 A5 03 01 31 06 81 45 FF F2 E6 B9 91 8F 20 (19)
                              [N3:X] TPOS 'E' 255 242 230 185 (-858439)
2026-01-28 14:32:32:679 [IN ] C8 24 05 0E 25 A5 05 01 31 06 81 53 00 0C D8 4C 41 B2 20 (19)
                              [N5:V] TPOS 'S' 0 12 216 76 (841804)
2026-01-28 14:32:32:785 [IN ] C8 24 0B 0A 25 A5 0B 01 31 02 DE 03 20 D0 D8 (15)
                              [N11:NG] NGSWSTATE 3 (3)
2026-01-28 14:32:32:807 [IN ] C8 24 06 0E 25 A5 06 01 31 06 81 53 00 0D 5B E7 (16)
2026-01-28 14:32:32:829 [IN ] 61 60 20 (3)
                              [N6:H] TPOS 'S' 0 13 91 231 (875495)
2026-01-28 14:32:33:031 [IN ] C8 24 06 0E 25 A5 06 01 31 06 81 45 00 0D 7D 7F 0D F6 20 C8 24 05 0E 25 A5 05 01 31 06 81 45 00 0D 95 C8 6D 65 20 (38)
                              [N6:H] TPOS 'E' 0 13 125 127 (884095)
                              [N5:V] TPOS 'E' 0 13 149 200 (890312)
