2026-01-28 15:28:27:157 [OUT] 25 A5 01 0A 31 05 D6 3D FF 00 00 53 ED (13)
                              [N10:HMI] HMILED '=' 255 0 0 (16711680)
2026-01-28 15:28:27:179 [OUT] 25 A5 01 03 31 02 D8 3F 4E CE (10)
                              [N3:X] INTERRUPT '?'
2026-01-28 15:28:27:480 [IN ] C8 24 0A 0D 25 A5 0A 01 31 05 D6 3A FF 00 00 50 EA F8 C8 24 03 0C 25 A5 03 01 31 04 D8 3A 01 01 4D 6A EA (35)
                              [N10:HMI] HMILED ':' 255 0 0 (16711680)
                              [N3:X] INTERRUPT ':' 1 1 (257)
2026-01-28 15:28:27:501 [OUT] 25 A5 01 09 31 03 C9 3D 09 4D 1C (11)
                              [N9:P] LFLAG '=' 9 (9)
2026-01-28 15:28:27:524 [OUT] 25 A5 01 04 31 02 D8 3F 4F D3 (10)
                              [N4:Y] INTERRUPT '?'
2026-01-28 15:28:27:826 [IN ] C8 24 09 0B 25 A5 09 01 31 03 C9 3A 09 4A 1E 6A C8 24 04 0C 25 A5 04 01 31 04 D8 3A 01 01 4E 72 EA (33)
                              [N9:P] LFLAG ':' 9 (9)
                              [N4:Y] INTERRUPT ':' 1 1 (257)
2026-01-28 15:28:27:848 [OUT] 25 A5 01 09 31 03 CA 3D 09 4E 1F (11)
                              [N9:P] RFLAG '=' 9 (9)
2026-01-28 15:28:27:870 [OUT] 25 A5 01 0C 31 02 D8 3F 57 FB (10)
                              [N12:Z] INTERRUPT '?'
2026-01-28 15:28:28:173 [IN ] C8 24 09 0B 25 A5 09 01 31 03 CA 3A 09 4B 21 72 C8 24 0C 0C 25 A5 0C 01 31 04 D8 3A 01 01 56 B2 EA (33)
                              [N9:P] RFLAG ':' 9 (9)
                              [N12:Z] INTERRUPT ':' 1 1 (257)
2026-01-28 15:28:28:194 [OUT] 25 A5 01 08 31 03 C9 3D 09 4C 16 (11)
                              [N8:R] LFLAG '=' 9 (9)
2026-01-28 15:28:28:216 [OUT] 25 A5 01 03 31 03 C9 3D 0B 49 FA (11)
                              [N3:X] LFLAG '=' 11 (11)
2026-01-28 15:28:28:238 [OUT] 25 A5 01 04 31 03 C9 3D 0B 4A 00 (11)
                              [N4:Y] LFLAG '=' 11 (11)
2026-01-28 15:28:28:260 [OUT] 25 A5 01 0C 31 03 C9 3D 0B 52 30 (11)
                              [N12:Z] LFLAG '=' 11 (11)
2026-01-28 15:28:28:365 [IN ] C8 24 08 0B 25 A5 08 01 31 03 C9 3A 09 49 17 B2 (16)
                              [N8:R] LFLAG ':' 9 (9)
2026-01-28 15:28:28:388 [OUT] 25 A5 01 08 31 03 CA 3D 09 4D 19 (11)
                              [N8:R] RFLAG '=' 9 (9)
2026-01-28 15:28:28:452 [IN ] C8 24 (2)
2026-01-28 15:28:28:474 [IN ] 03 0B 25 A5 03 01 31 03 C9 3A 0B 46 F6 B2 (14)
                              [N3:X] LFLAG ':' 11 (11)
2026-01-28 15:28:28:496 [OUT] 25 A5 01 03 31 03 88 00 50 10 02 (11)
                              [N3:X] RUN 0 80 (80)
2026-01-28 15:28:28:580 [IN ] C8 24 04 0B 25 A5 04 01 31 03 C9 3A 0B 47 FD B2 (16)
                              [N4:Y] LFLAG ':' 11 (11)
2026-01-28 15:28:28:602 [OUT] 25 A5 01 04 31 03 88 00 50 11 08 (11)
                              [N4:Y] RUN 0 80 (80)
2026-01-28 15:28:28:686 [IN ] C8 24 0C 0B 25 A5 0C 01 31 03 C9 3A 0B 4F 35 B2 (16)
                              [N12:Z] LFLAG ':' 11 (11)
2026-01-28 15:28:28:708 [OUT] 25 A5 01 0C 31 03 88 00 50 19 38 (11)
                              [N12:Z] RUN 0 80 (80)
2026-01-28 15:28:28:813 [IN ] C8 24 08 0B 25 A5 08 01 31 03 CA 3A 09 4A 1A B2 (16)
                              [N8:R] RFLAG ':' 9 (9)
2026-01-28 15:28:28:898 [IN ] C8 24 03 0C 25 A5 03 01 31 04 88 53 00 50 64 C2 EA (17)
                              [N3:X] RUN 'S' 0 80 (80)
2026-01-28 15:28:29:025 [IN ] C8 24 04 0C 25 A5 04 01 31 04 88 53 00 50 65 CA EA (17)
                              [N4:Y] RUN 'S' 0 80 (80)
2026-01-28 15:28:29:131 [IN ] C8 24 0C 0C 25 A5 0C 01 31 04 88 53 00 50 6D 0A EA (17)
                              [N12:Z] RUN 'S' 0 80 (80)
2026-01-28 15:28:35:557 [IN ] C8 24 04 0B 25 A5 04 01 31 03 81 5A 4C 60 A6 0A (16)
                              [N4:Y] TPOS 'Z' 76 (76)
2026-01-28 15:28:35:760 [IN ] C8 24 04 0A 25 A5 04 01 31 02 81 49 02 32 A6 (15)
                              [N4:Y] TPOS 'I'
2026-01-28 15:28:35:983 [OUT] 25 A5 01 09 31 02 D8 3F 54 EC (10)
                              [N9:P] INTERRUPT '?'
2026-01-28 15:28:36:284 [IN ] C8 24 09 0C 25 A5 09 01 31 04 D8 3A 01 01 53 9A EA (17)
                              [N9:P] INTERRUPT ':' 1 1 (257)
2026-01-28 15:28:36:305 [OUT] 25 A5 01 04 31 03 C9 3D 09 48 FE (11)
                              [N4:Y] LFLAG '=' 9 (9)
2026-01-28 15:28:36:327 [OUT] 25 A5 01 07 31 02 D8 3F 52 E2 (10)
                              [N7:N] INTERRUPT '?'
2026-01-28 15:28:36:629 [IN ] C8 24 04 0B 25 A5 04 01 31 03 C9 3A 09 45 FB 9A C8 24 07 0C 25 A5 07 01 31 04 D8 3A 01 01 51 8A EA (33)
                              [N4:Y] LFLAG ':' 9 (9)
                              [N7:N] INTERRUPT ':' 1 1 (257)
2026-01-28 15:28:36:649 [OUT] 25 A5 01 09 31 03 C9 3D 0B 4F 1E (11)
                              [N9:P] LFLAG '=' 11 (11)
2026-01-28 15:28:36:671 [OUT] 25 A5 01 07 31 03 C9 3D 0B 4D 12 (11)
                              [N7:N] LFLAG '=' 11 (11)
2026-01-28 15:28:36:817 [IN ] C8 24 09 0B 25 A5 09 01 31 03 C9 3A 0B 4C 20 8A (16)
                              [N9:P] LFLAG ':' 11 (11)
2026-01-28 15:28:36:838 [OUT] 25 A5 01 09 31 03 88 00 50 16 26 (11)
                              [N9:P] RUN 0 80 (80)
2026-01-28 15:28:36:921 [IN ] C8 24 07 0B 25 A5 07 01 31 03 C9 3A 0B 4A 12 8A (16)
                              [N7:N] LFLAG ':' 11 (11)
2026-01-28 15:28:36:943 [OUT] 25 A5 01 07 31 03 88 00 50 14 1A (11)
                              [N7:N] RUN 0 80 (80)
2026-01-28 15:28:37:028 [IN ] C8 24 09 (3)
2026-01-28 15:28:37:050 [IN ] 0C 25 A5 09 01 31 04 88 53 00 50 6A F2 EA (14)
                              [N9:P] RUN 'S' 0 80 (80)
2026-01-28 15:28:37:093 [IN ] C8 24 09 0B 25 A5 09 01 31 03 81 5A 4C 65 C9 F2 (16)
                              [N9:P] TPOS 'Z' 76 (76)
2026-01-28 15:28:37:135 [IN ] C8 24 07 0C 25 A5 07 01 31 04 88 53 00 50 68 E2 EA C8 24 09 0A 25 A5 09 01 31 02 81 49 07 50 68 (32)
                              [N7:N] RUN 'S' 0 80 (80)
                              [N9:P] TPOS 'I'
2026-01-28 15:28:37:360 [OUT] 25 A5 01 09 31 03 C9 3D 09 4D 1C (11)
                              [N9:P] LFLAG '=' 9 (9)
2026-01-28 15:28:37:382 [OUT] 25 A5 01 04 31 05 81 FF EE 88 01 32 FA (13)
                              [N4:Y] TPOS 255 238 136 1 (-1144831)
2026-01-28 15:28:37:508 [IN ] C8 24 09 0B 25 A5 09 01 31 03 C9 3A 09 4A 1E E2 (16)
                              [N9:P] LFLAG ':' 9 (9)
2026-01-28 15:28:37:654 [IN ] C8 24 04 0E 25 A5 04 01 31 06 81 53 00 00 00 00 10 88 0A (19)
                              [N4:Y] TPOS 'S' 0 0 0 0 (0)
2026-01-28 15:28:38:257 [IN ] C8 24 03 0B 25 A5 03 01 31 03 81 5A 4C 5F 9F 00 C8 24 03 0A 25 A5 03 01 31 02 81 49 01 2C 9F (31)
                              [N3:X] TPOS 'Z' 76 (76)
                              [N3:X] TPOS 'I'
2026-01-28 15:28:38:479 [OUT] 25 A5 01 03 31 03 C9 3D 09 47 F8 (11)
                              [N3:X] LFLAG '=' 9 (9)
2026-01-28 15:28:38:648 [IN ] C8 24 03 0B 25 A5 03 01 31 03 C9 3A 09 44 F4 00 (16)
                              [N3:X] LFLAG ':' 9 (9)
2026-01-28 15:28:40:856 [IN ] C8 24 07 0B 25 A5 07 01 31 03 81 5A 4C 63 BB 00 C8 24 07 0A 25 A5 07 01 31 02 81 49 05 44 BB (31)
                              [N7:N] TPOS 'Z' 76 (76)
                              [N7:N] TPOS 'I'
2026-01-28 15:28:41:080 [OUT] 25 A5 01 07 31 03 C9 3D 09 4B 10 (11)
                              [N7:N] LFLAG '=' 9 (9)
2026-01-28 15:28:41:226 [IN ] C8 24 07 0B 25 A5 07 01 31 03 C9 3A 09 48 10 00 (16)
                              [N7:N] LFLAG ':' 9 (9)
2026-01-28 15:28:43:634 [IN ] C8 24 04 0E 25 A5 04 01 31 06 81 45 FF EE 85 67 DB 79 0A (19)
                              [N4:Y] TPOS 'E' 255 238 133 103 (-1145497)
2026-01-28 15:28:43:859 [OUT] 25 A5 01 09 31 05 81 FF E7 5D 56 5A 0C (13)
                              [N9:P] TPOS 255 231 93 86 (-1614506)
2026-01-28 15:28:43:881 [OUT] 25 A5 01 04 31 05 81 FF FD 50 01 09 B7 (13)
                              [N4:Y] TPOS 255 253 80 1 (-176127)
2026-01-28 15:28:43:903 [OUT] 25 A5 01 07 31 05 81 FF AB 19 75 F7 DF (13)
                              [N7:N] TPOS 255 171 25 117 (-5564043)
2026-01-28 15:28:43:925 [OUT] 25 A5 01 03 31 05 81 FF EC 4A AB 9B 1A (13)
                              [N3:X] TPOS 255 236 74 171 (-1291605)
2026-01-28 15:28:43:948 [OUT] 25 A5 01 06 31 02 D8 3F 51 DD (10)
                              [N6:H] INTERRUPT '?'
2026-01-28 15:28:44:249 [IN ] C8 24 09 0E 25 A5 09 01 31 06 81 53 FF FF FF F8 0A A9 0A C8 24 04 0E 25 A5 04 01 31 06 81 53 FF EE 85 67 E9 BF 0A (38)
                              [N9:P] TPOS 'S' 255 255 255 248 (-8)
                              [N4:Y] TPOS 'S' 255 238 133 103 (-1145497)
2026-01-28 15:28:44:551 [IN ] C8 24 07 0E 25 A5 07 01 31 06 81 53 FF FF FF F9 09 96 0A C8 24 03 0E 25 A5 03 01 31 06 81 53 00 00 00 00 0F 7E 0A C8 24 06 0C 25 A5 06 01 31 04 D8 3A 01 01 50 82 0F (55)
                              [N7:N] TPOS 'S' 255 255 255 249 (-7)
                              [N3:X] TPOS 'S' 0 0 0 0 (0)
                              [N6:H] INTERRUPT ':' 1 1 (257)
2026-01-28 15:28:44:572 [OUT] 25 A5 01 06 31 03 C9 3D 0B 4C 0C (11)
                              [N6:H] LFLAG '=' 11 (11)
2026-01-28 15:28:44:615 [IN ] C8 24 0C 0B 25 A5 0C 01 31 03 81 5A 4C 68 DE 82 (16)
                              [N12:Z] TPOS 'Z' 76 (76)
2026-01-28 15:28:44:679 [IN ] C8 24 0C 0A 25 A5 0C 01 31 02 81 49 0A 62 DE (15)
                              [N12:Z] TPOS 'I'
2026-01-28 15:28:44:723 [OUT] 25 A5 01 0C 31 03 C9 3D 09 50 2E (11)
                              [N12:Z] LFLAG '=' 9 (9)
2026-01-28 15:28:44:745 [IN ] C8 24 06 0B 25 A5 06 01 31 03 C9 3A 0B 49 0B 82 (16)
                              [N6:H] LFLAG ':' 11 (11)
2026-01-28 15:28:44:766 [OUT] 25 A5 01 06 31 03 88 FF B0 72 72 (11)
                              [N6:H] RUN 255 176 (-80)
2026-01-28 15:28:44:872 [IN ] C8 24 0C (3)
2026-01-28 15:28:44:895 [IN ] 0B 25 A5 0C 01 31 03 C9 3A 09 4D 33 82 (13)
                              [N12:Z] LFLAG ':' 9 (9)
2026-01-28 15:28:44:916 [OUT] 25 A5 01 0C 31 05 81 FF BC D0 00 4F 33 (13)
                              [N12:Z] TPOS 255 188 208 0 (-4403200)
2026-01-28 15:28:45:000 [IN ] C8 24 06 0C 25 A5 06 01 31 04 88 53 FF B0 C6 38 0F (17)
                              [N6:H] RUN 'S' 255 176 (-80)
2026-01-28 15:28:45:126 [IN ] C8 24 0C 0E 25 A5 0C 01 31 06 81 53 FF FF FF 1E 33 ED 0A (19)
                              [N12:Z] TPOS 'S' 255 255 255 30 (-226)
2026-01-28 15:28:48:943 [IN ] C8 24 06 0B 25 A5 06 01 31 03 81 5A 4C 62 B4 1E (16)
                              [N6:H] TPOS 'Z' 76 (76)
2026-01-28 15:28:49:145 [IN ] C8 24 06 0A 25 A5 06 01 31 02 81 49 04 3E B4 (15)
                              [N6:H] TPOS 'I'
2026-01-28 15:28:49:368 [OUT] 25 A5 01 06 31 03 C9 3D 09 4A 0A (11)
                              [N6:H] LFLAG '=' 9 (9)
2026-01-28 15:28:49:537 [IN ] C8 24 06 0B 25 A5 06 01 31 03 C9 3A 09 47 09 1E (16)
                              [N6:H] LFLAG ':' 9 (9)
2026-01-28 15:28:49:560 [OUT] 25 A5 01 06 31 03 84 00 50 0F 08 (11)
                              [N6:H] VEL 0 80 (80)
2026-01-28 15:28:49:728 [IN ] C8 24 06 0C 25 A5 06 01 31 04 84 53 00 50 63 CA 33 (17)
                              [N6:H] VEL 'S' 0 80 (80)
2026-01-28 15:28:49:749 [OUT] 25 A5 01 06 31 05 81 00 19 82 3C 95 BE (13)
                              [N6:H] TPOS 0 25 130 60 (1671740)
2026-01-28 15:28:49:938 [IN ] C8 24 06 0E 25 A5 06 01 31 06 81 53 00 00 00 0B 1D A7 (18)
                              [N6:H] TPOS 'S' 0 0 0 11 (11)
2026-01-28 15:28:50:139 [IN ] 0A (1)
2026-01-28 15:28:51:344 [IN ] C8 24 03 0E 25 A5 03 01 31 06 81 45 FF EC 48 2D 61 B5 0A (19)
                              [N3:X] TPOS 'E' 255 236 72 45 (-1292243)
2026-01-28 15:28:51:768 [OUT] 25 A5 01 03 31 05 81 FF FD 50 01 08 AF (13)
                              [N3:X] TPOS 255 253 80 1 (-176127)
2026-01-28 15:28:51:957 [IN ] C8 24 03 0E 25 A5 03 01 31 06 81 53 FF EC 48 2E 70 FC 0A (19)
                              [N3:X] TPOS 'S' 255 236 72 46 (-1292242)
2026-01-28 15:28:52:559 [IN ] C8 24 04 0E 25 A5 04 01 31 06 81 45 FF FD 4F C8 15 9B 0A (19)
                              [N4:Y] TPOS 'E' 255 253 79 200 (-176184)
2026-01-28 15:28:53:364 [IN ] C8 24 09 0E 25 A5 09 01 31 06 81 45 FF E7 5C 6A B3 47 0A (19)
                              [N9:P] TPOS 'E' 255 231 92 106 (-1614742)
2026-01-28 15:28:53:790 [OUT] 25 A5 01 09 31 05 81 FF FF D9 C8 60 BE (13)
                              [N9:P] TPOS 255 255 217 200 (-9784)
2026-01-28 15:28:53:979 [IN ] C8 24 09 0E 25 A5 09 01 31 06 81 53 FF E7 5C 6F C6 92 0A (19)
                              [N9:P] TPOS 'S' 255 231 92 111 (-1614737)
2026-01-28 15:28:57:796 [IN ] C8 24 06 0E 25 A5 06 01 31 06 81 45 00 19 85 B4 56 5F 0A (19)
                              [N6:H] TPOS 'E' 0 25 133 180 (1672628)
2026-01-28 15:28:58:223 [OUT] 25 A5 01 06 31 05 81 00 0D 03 C1 8F 21 (13)
                              [N6:H] TPOS 0 13 3 193 (852929)
2026-01-28 15:28:58:412 [IN ] C8 24 06 0E 25 A5 06 01 31 06 81 53 00 19 85 B2 62 A3 0A (19)
                              [N6:H] TPOS 'S' 0 25 133 178 (1672626)
2026-01-28 15:29:01:023 [IN ] C8 24 03 0E 25 A5 03 01 31 06 81 45 FF FD 50 74 C1 3F 0A (19)
                              [N3:X] TPOS 'E' 255 253 80 116 (-176012)
2026-01-28 15:29:02:228 [IN ] C8 24 06 0E 25 A5 06 01 31 06 81 45 00 0C FE C8 D6 3E 0A (19)
                              [N6:H] TPOS 'E' 0 12 254 200 (851656)
2026-01-28 15:29:02:455 [OUT] 25 A5 01 05 31 02 D8 3F 50 D8 (10)
                              [N5:V] INTERRUPT '?'
2026-01-28 15:29:02:757 [IN ] C8 24 05 0C 25 A5 05 01 31 04 D8 3A 01 01 4F 7A D6 (17)
                              [N5:V] INTERRUPT ':' 1 1 (257)
2026-01-28 15:29:02:778 [OUT] 25 A5 01 05 31 03 C9 3D 0B 4B 06 (11)
                              [N5:V] LFLAG '=' 11 (11)
2026-01-28 15:29:02:946 [IN ] C8 24 05 0B 25 A5 05 01 31 03 C9 3A 0B 48 04 7A (16)
                              [N5:V] LFLAG ':' 11 (11)
2026-01-28 15:29:02:968 [OUT] 25 A5 01 05 31 03 88 FF B0 71 6C (11)
                              [N5:V] RUN 255 176 (-80)
2026-01-28 15:29:03:136 [IN ] C8 24 05 0C 25 (5)
2026-01-28 15:29:03:157 [IN ] A5 05 01 31 04 88 53 FF B0 C5 30 D6 (12)
                              [N5:V] RUN 'S' 255 176 (-80)
2026-01-28 15:29:03:358 [IN ] C8 24 09 0E 25 A5 09 01 31 06 81 45 FF FF DB BB 9B DE 0A (19)
                              [N9:P] TPOS 'E' 255 255 219 187 (-9285)
2026-01-28 15:29:03:583 [OUT] 25 A5 01 08 31 02 D8 3F 53 E7 (10)
                              [N8:R] INTERRUPT '?'
2026-01-28 15:29:03:885 [IN ] C8 24 08 0C 25 A5 08 01 31 04 D8 3A 01 01 52 92 9B (17)
                              [N8:R] INTERRUPT ':' 1 1 (257)
2026-01-28 15:29:03:906 [OUT] 25 A5 01 08 31 03 CA 3D 0B 4F 1B (11)
                              [N8:R] RFLAG '=' 11 (11)
2026-01-28 15:29:04:075 [IN ] C8 24 08 0B 25 A5 08 01 31 03 CA 3A 0B 4C 1C 92 (16)
                              [N8:R] RFLAG ':' 11 (11)
2026-01-28 15:29:04:096 [OUT] 25 A5 01 08 31 03 88 00 50 15 20 (11)
                              [N8:R] RUN 0 80 (80)
2026-01-28 15:29:04:265 [IN ] C8 24 08 0C 25 A5 08 01 31 04 88 53 00 50 69 EA 9B (17)
                              [N8:R] RUN 'S' 0 80 (80)
2026-01-28 15:29:07:478 [IN ] C8 24 0C 0E 25 A5 0C 01 31 06 81 45 FF BC CD 3A CC 96 0A (19)
                              [N12:Z] TPOS 'E' 255 188 205 58 (-4403910)
2026-01-28 15:29:07:902 [OUT] 25 A5 01 0C 31 05 81 FF D1 1A 67 15 6D (13)
                              [N12:Z] TPOS 255 209 26 103 (-3073433)
2026-01-28 15:29:08:090 [IN ] C8 24 0C 0E 25 A5 0C 01 31 06 81 53 FF BC CD 5D FD FF 0A (19)
                              [N12:Z] TPOS 'S' 255 188 205 93 (-4403875)
2026-01-28 15:29:08:293 [IN ] C8 24 05 0B 25 A5 05 01 31 03 81 5A 4C 61 AD 5D C8 24 05 0A 25 A5 05 01 31 02 81 49 03 38 AD (31)
                              [N5:V] TPOS 'Z' 76 (76)
                              [N5:V] TPOS 'I'
2026-01-28 15:29:08:495 [IN ] C8 24 07 0E 25 A5 07 01 31 06 81 45 FF AB 14 8D 50 12 0A (19)
                              [N7:N] TPOS 'E' 255 171 20 141 (-5565299)
2026-01-28 15:29:08:517 [OUT] 25 A5 01 05 31 03 C9 3D 09 49 04 (11)
                              [N5:V] LFLAG '=' 9 (9)
2026-01-28 15:29:08:563 [OUT] 25 A5 01 07 31 05 81 FF F3 35 BF A5 39 (13)
                              [N7:N] TPOS 255 243 53 191 (-838209)
2026-01-28 15:29:08:691 [IN ] C8 24 05 0B 25 A5 05 01 31 03 C9 3A 09 46 02 8D (16)
                              [N5:V] LFLAG ':' 9 (9)
2026-01-28 15:29:08:712 [OUT] 25 A5 01 05 31 03 84 00 50 0E 02 (11)
                              [N5:V] VEL 0 80 (80)
2026-01-28 15:29:08:818 [IN ] C8 24 07 0E 25 A5 07 01 31 06 81 53 FF AB 14 8D 5E 58 0A (19)
                              [N7:N] TPOS 'S' 255 171 20 141 (-5565299)
2026-01-28 15:29:08:923 [IN ] C8 24 05 0C 25 (5)
2026-01-28 15:29:08:944 [IN ] A5 05 01 31 04 84 53 00 50 62 C2 5E (12)
                              [N5:V] VEL 'S' 0 80 (80)
2026-01-28 15:29:08:965 [OUT] 25 A5 01 05 31 05 81 00 19 82 3C 94 B6 (13)
                              [N5:V] TPOS 0 25 130 60 (1671740)
2026-01-28 15:29:09:154 [IN ] C8 24 05 0E 25 A5 05 01 31 06 81 53 00 00 00 00 11 92 0A (19)
                              [N5:V] TPOS 'S' 0 0 0 0 (0)
2026-01-28 15:29:10:764 [IN ] C8 24 08 0B 25 A5 08 01 31 03 81 5A 52 6A C8 00 (16)
                              [N8:R] TPOS 'Z' 82 (82)
2026-01-28 15:29:10:966 [IN ] C8 24 08 0A 25 A5 08 01 31 02 81 49 06 4A C8 (15)
                              [N8:R] TPOS 'I'
2026-01-28 15:29:11:189 [OUT] 25 A5 01 08 31 03 CA 3D 09 4D 19 (11)
                              [N8:R] RFLAG '=' 9 (9)
2026-01-28 15:29:11:358 [IN ] C8 24 08 0B 25 A5 08 01 31 03 CA 3A 09 4A 1A 00 (16)
                              [N8:R] RFLAG ':' 9 (9)
2026-01-28 15:29:11:380 [OUT] 25 A5 01 08 31 05 81 FF DC 77 1D 2F DE (13)
                              [N8:R] TPOS 255 220 119 29 (-2328803)
2026-01-28 15:29:11:568 [IN ] C8 24 08 0E 25 A5 08 01 31 06 81 53 FF FF FF FB 0C A2 0A (19)
                              [N8:R] TPOS 'S' 255 255 255 251 (-5)
2026-01-28 15:29:14:779 [IN ] C8 24 0C 0E 25 A5 0C 01 31 06 81 45 FF D1 1D 40 37 7B 0A (19)
                              [N12:Z] TPOS 'E' 255 209 29 64 (-3072704)
2026-01-28 15:29:17:187 [IN ] C8 24 05 0E 25 A5 05 01 31 06 81 45 00 19 86 02 A4 A5 0A (19)
                              [N5:V] TPOS 'E' 0 25 134 2 (1672706)
2026-01-28 15:29:17:612 [OUT] 25 A5 01 05 31 05 81 00 0D 03 C1 8E 19 (13)
                              [N5:V] TPOS 0 13 3 193 (852929)
2026-01-28 15:29:17:780 [IN ] C8 24 05 0E 25 A5 05 01 31 06 81 53 00 19 86 02 B2 EB 0A (19)
                              [N5:V] TPOS 'S' 0 25 134 2 (1672706)
2026-01-28 15:29:23:202 [IN ] C8 24 05 0E 25 A5 05 01 31 06 81 45 00 0D 02 51 63 C8 0A (19)
                              [N5:V] TPOS 'E' 0 13 2 81 (852561)
2026-01-28 15:29:23:425 [OUT] 25 A5 01 03 31 05 81 FF ED B1 30 88 70 (13)
                              [N3:X] TPOS 255 237 177 48 (-1199824)
2026-01-28 15:29:23:447 [OUT] 25 A5 01 04 31 05 81 FF F3 BD 0C 77 7E (13)
                              [N4:Y] TPOS 255 243 189 12 (-803572)
2026-01-28 15:29:23:595 [IN ] C8 24 03 0E 25 A5 03 01 31 06 81 53 FF FD 50 74 CF 85 0A (19)
                              [N3:X] TPOS 'S' 255 253 80 116 (-176012)
2026-01-28 15:29:23:742 [IN ] C8 24 04 0E 25 A5 04 01 31 06 81 53 FF FD 4F C8 23 E1 0A (19)
                              [N4:Y] TPOS 'S' 255 253 79 200 (-176184)
2026-01-28 15:29:24:545 [IN ] C8 24 08 0E 25 A5 08 01 31 06 81 45 FF DC 74 07 5C E9 0A (19)
                              [N8:R] TPOS 'E' 255 220 116 7 (-2329593)
2026-01-28 15:29:24:970 [OUT] 25 A5 01 08 31 05 81 FF EE 15 56 18 89 (13)
                              [N8:R] TPOS 255 238 21 86 (-1174186)
2026-01-28 15:29:25:157 [IN ] C8 24 08 0E 25 A5 08 01 31 06 81 53 FF DC 74 08 6B 30 0A (19)
                              [N8:R] TPOS 'S' 255 220 116 8 (-2329592)
2026-01-28 15:29:27:164 [IN ] C8 24 04 0E 25 A5 04 01 31 06 81 45 FF F3 BA 6E 1C F9 0A (19)
                              [N4:Y] TPOS 'E' 255 243 186 110 (-804242)
2026-01-28 15:29:28:971 [IN ] C8 24 03 0E 25 A5 03 01 31 06 81 45 FF ED AE AF 4A 06 0A (19)
                              [N3:X] TPOS 'E' 255 237 174 175 (-1200465)
2026-01-28 15:29:29:374 [IN ] C8 24 07 0E 25 A5 07 01 31 06 81 45 FF F3 3B 20 52 CB 0A (19)
                              [N7:N] TPOS 'E' 255 243 59 32 (-836832)
2026-01-28 15:29:31:584 [IN ] C8 24 08 0E 25 A5 08 01 31 06 81 45 FF EE 17 87 91 E5 0A (19)
                              [N8:R] TPOS 'E' 255 238 23 135 (-1173625)
