2026-01-28 13:08:22:707 [OUT] 25 A5 01 0A 31 05 D6 3D FF 00 00 53 ED (13)
                              [N10:HMI] HMILED '=' 255 0 0 (16711680)
2026-01-28 13:08:22:730 [OUT] 25 A5 01 04 31 07 E7 3D 65 00 00 00 B4 7A 90 (15)
                              [N4:Y] LONG32VALUE '=' 'e' 0 0 0 180 (180)
2026-01-28 13:08:22:752 [OUT] 25 A5 01 03 31 07 E7 3D 65 00 00 00 77 3C 49 (15)
                              [N3:X] LONG32VALUE '=' 'e' 0 0 0 119 (119)
2026-01-28 13:08:22:794 [IN ] C8 24 0B 0A 25 A5 0B 01 31 02 DE 00 1D CD 80 (15)
                              [N11:NG] NGSWSTATE 0 (0)
2026-01-28 13:08:22:899 [IN ] C8 24 0A 0D 25 A5 0A 01 31 05 D6 3A FF 00 00 50 EA 01 (18)
                              [N10:HMI] HMILED ':' 255 0 0 (16711680)
2026-01-28 13:08:23:068 [IN ] C8 24 04 0F 25 A5 04 01 31 07 E7 3A 65 00 00 00 B4 77 81 02 (20)
                              [N4:Y] LONG32VALUE ':' 'e' 0 0 0 180 (180)
2026-01-28 13:08:23:091 [OUT] 25 A5 01 04 31 05 81 FF F3 1E C8 94 FC (13)
                              [N4:Y] TPOS 255 243 30 200 (-844088)
2026-01-28 13:08:23:219 [IN ] C8 24 03 0F 25 A5 03 01 31 07 E7 3A 65 00 00 00 77 39 39 02 (20)
                              [N3:X] LONG32VALUE ':' 'e' 0 0 0 119 (119)
2026-01-28 13:08:23:241 [OUT] 25 A5 01 03 31 05 81 FF F2 97 DF 22 FA (13)
                              [N3:X] TPOS 255 242 151 223 (-878625)
2026-01-28 13:08:23:326 [IN ] C8 24 04 0E 25 A5 04 01 31 06 81 53 FF F2 1F 72 92 0A 39 (19)
                              [N4:Y] TPOS 'S' 255 242 31 114 (-909454)
2026-01-28 13:08:23:348 [OUT] 25 A5 01 04 31 01 DB 12 85 (9)
                              [N4:Y] STARTMOVE
2026-01-28 13:08:23:454 [IN ] C8 24 03 0E 25 A5 03 01 31 06 81 53 FF F1 EF 09 F7 34 39 (19)
                              [N3:X] TPOS 'S' 255 241 239 9 (-921847)
2026-01-28 13:08:23:475 [OUT] 25 A5 01 03 31 01 DB 11 81 (9)
                              [N3:X] STARTMOVE
2026-01-28 13:08:23:539 [IN ] C8 24 04 0A 25 A5 04 01 31 02 DB 01 14 9E EF (15)
                              [N4:Y] STARTMOVE ''
2026-01-28 13:08:23:622 [IN ] C8 24 03 0A 25 A5 03 01 31 02 DB 01 13 98 EF (15)
                              [N3:X] STARTMOVE ''
2026-01-28 13:08:23:824 [IN ] C8 24 0B 0A 25 A5 0B 01 31 02 DE 00 1D CD EF (15)
                              [N11:NG] NGSWSTATE 0 (0)
2026-01-28 13:08:24:026 [IN ] C8 24 03 0E 25 A5 03 01 31 06 81 45 FF F2 98 B7 41 F1 39 C8 24 04 0E 25 A5 04 01 31 06 81 45 FF F3 20 6C 80 C3 39 (38)
                              [N3:X] TPOS 'E' 255 242 152 183 (-878409)
                              [N4:Y] TPOS 'E' 255 243 32 108 (-843668)
2026-01-28 13:08:24:450 [OUT] 25 A5 01 04 31 03 84 00 50 0D FC (11)
                              [N4:Y] VEL 0 80 (80)
2026-01-28 13:08:24:472 [OUT] 25 A5 01 03 31 03 84 00 50 0C F6 (11)
                              [N3:X] VEL 0 80 (80)
2026-01-28 13:08:24:640 [IN ] C8 24 04 0C 25 A5 04 01 31 04 84 53 00 50 61 BA 80 (17)
                              [N4:Y] VEL 'S' 0 80 (80)
2026-01-28 13:08:24:661 [OUT] 25 A5 01 04 31 05 81 FF FF 8D 56 9D 8C (13)
                              [N4:Y] TPOS 255 255 141 86 (-29354)
2026-01-28 13:08:24:725 [IN ] C8 24 03 0C 25 A5 03 01 31 04 84 53 00 50 60 B2 80 (17)
                              [N3:X] VEL 'S' 0 80 (80)
2026-01-28 13:08:24:747 [OUT] 25 A5 01 03 31 05 81 FF E3 C5 C8 2A 12 (13)
                              [N3:X] TPOS 255 227 197 200 (-1849912)
2026-01-28 13:08:24:832 [IN ] C8 24 0B 0A 25 A5 0B 01 31 02 DE 00 1D CD 60 (15)
                              [N11:NG] NGSWSTATE 0 (0)
2026-01-28 13:08:24:853 [IN ] C8 24 04 0E 25 A5 04 01 31 06 81 53 FF F3 (14)
2026-01-28 13:08:24:874 [IN ] 20 6C 8E 09 39 (5)
                              [N4:Y] TPOS 'S' 255 243 32 108 (-843668)
2026-01-28 13:08:24:979 [IN ] C8 24 03 0E 25 A5 03 01 31 06 81 53 FF F2 98 B6 4E 36 39 (19)
                              [N3:X] TPOS 'S' 255 242 152 182 (-878410)
2026-01-28 13:08:25:984 [IN ] C8 24 0B 0A 25 A5 0B 01 31 02 DE 00 1D CD 98 (15)
                              [N11:NG] NGSWSTATE 0 (0)
2026-01-28 13:08:26:988 [IN ] C8 24 0B 0A 25 A5 0B 01 31 02 DE 00 1D CD 98 (15)
                              [N11:NG] NGSWSTATE 0 (0)
2026-01-28 13:08:27:993 [IN ] C8 24 0B 0A 25 A5 0B 01 31 02 DE 00 1D CD 98 (15)
                              [N11:NG] NGSWSTATE 0 (0)
2026-01-28 13:08:28:999 [IN ] C8 24 0B 0A 25 A5 0B 01 31 02 DE 00 1D CD 98 (15)
                              [N11:NG] NGSWSTATE 0 (0)
2026-01-28 13:08:30:002 [IN ] C8 24 0B 0A 25 A5 0B 01 31 02 DE 00 1D CD 98 (15)
                              [N11:NG] NGSWSTATE 0 (0)
2026-01-28 13:08:30:605 [IN ] C8 24 03 0E 25 A5 03 01 31 06 81 45 FF E3 C2 E6 8B 47 39 (19)
                              [N3:X] TPOS 'E' 255 227 194 230 (-1850650)
2026-01-28 13:08:31:007 [IN ] C8 24 0B 0A 25 A5 0B 01 31 02 DE 00 1D CD C2 (15)
                              [N11:NG] NGSWSTATE 0 (0)
2026-01-28 13:08:31:611 [IN ] C8 24 04 0E 25 A5 04 01 31 06 81 45 FF FF 8D 17 A4 6C 39 (19)
                              [N4:Y] TPOS 'E' 255 255 141 23 (-29417)
