2026-01-28 13:09:04:628 [OUT] 25 A5 01 0A 31 05 D6 3D FF 00 00 53 ED (13)
                              [N10:HMI] HMILED '=' 255 0 0 (16711680)
2026-01-28 13:09:04:651 [OUT] 25 A5 01 03 31 02 D8 3F 4E CE (10)
                              [N3:X] INTERRUPT '?'
2026-01-28 13:09:04:953 [IN ] C8 24 0A 0D 25 A5 0A 01 31 05 D6 3A FF 00 00 50 EA 0D C8 24 03 0C 25 A5 03 01 31 04 D8 3A 01 01 4D 6A EA (35)
                              [N10:HMI] HMILED ':' 255 0 0 (16711680)
                              [N3:X] INTERRUPT ':' 1 1 (257)
2026-01-28 13:09:04:974 [OUT] 25 A5 01 09 31 03 C9 3D 09 4D 1C (11)
                              [N9:P] LFLAG '=' 9 (9)
2026-01-28 13:09:04:996 [OUT] 25 A5 01 04 31 02 D8 3F 4F D3 (10)
                              [N4:Y] INTERRUPT '?'
2026-01-28 13:09:05:297 [IN ] C8 24 0B 0A 25 A5 0B 01 31 02 DE 00 1D CD 4D C8 24 09 0B 25 A5 09 01 31 03 C9 3A 09 4A 1E 6A C8 24 04 0C 25 A5 04 01 31 04 D8 3A 01 01 4E 72 EA (48)
                              [N11:NG] NGSWSTATE 0 (0)
                              [N9:P] LFLAG ':' 9 (9)
                              [N4:Y] INTERRUPT ':' 1 1 (257)
2026-01-28 13:09:05:318 [OUT] 25 A5 01 09 31 03 CA 3D 09 4E 1F (11)
                              [N9:P] RFLAG '=' 9 (9)
2026-01-28 13:09:05:340 [OUT] 25 A5 01 0C 31 02 D8 3F 57 FB (10)
                              [N12:Z] INTERRUPT '?'
2026-01-28 13:09:05:642 [IN ] C8 24 09 0B 25 A5 09 01 31 03 CA 3A 09 4B 21 72 C8 24 0C 0C 25 A5 0C 01 31 04 D8 3A 01 01 56 B2 EA (33)
                              [N9:P] RFLAG ':' 9 (9)
                              [N12:Z] INTERRUPT ':' 1 1 (257)
2026-01-28 13:09:05:663 [OUT] 25 A5 01 08 31 03 C9 3D 09 4C 16 (11)
                              [N8:R] LFLAG '=' 9 (9)
2026-01-28 13:09:05:685 [OUT] 25 A5 01 03 31 03 C9 3D 0B 49 FA (11)
                              [N3:X] LFLAG '=' 11 (11)
2026-01-28 13:09:05:706 [OUT] 25 A5 01 04 31 03 C9 3D 0B 4A 00 (11)
                              [N4:Y] LFLAG '=' 11 (11)
2026-01-28 13:09:05:727 [OUT] 25 A5 01 0C 31 03 C9 3D 0B 52 30 (11)
                              [N12:Z] LFLAG '=' 11 (11)
2026-01-28 13:09:05:834 [IN ] C8 24 08 0B 25 A5 08 01 31 03 C9 3A 09 49 17 B2 (16)
                              [N8:R] LFLAG ':' 9 (9)
2026-01-28 13:09:05:856 [OUT] 25 A5 01 08 31 03 CA 3D 09 4D 19 (11)
                              [N8:R] RFLAG '=' 9 (9)
2026-01-28 13:09:05:941 [IN ] C8 24 03 0B 25 A5 03 01 31 03 C9 3A 0B 46 F6 B2 (16)
                              [N3:X] LFLAG ':' 11 (11)
2026-01-28 13:09:05:962 [OUT] 25 A5 01 03 31 03 88 00 50 10 02 (11)
                              [N3:X] RUN 0 80 (80)
2026-01-28 13:09:06:048 [IN ] C8 24 04 0B 25 A5 (6)
2026-01-28 13:09:06:068 [IN ] 04 01 31 03 C9 3A 0B 47 FD B2 (10)
                              [N4:Y] LFLAG ':' 11 (11)
2026-01-28 13:09:06:090 [OUT] 25 A5 01 04 31 03 88 00 50 11 08 (11)
                              [N4:Y] RUN 0 80 (80)
2026-01-28 13:09:06:134 [IN ] C8 24 0B 0A 25 A5 0B 01 31 02 DE 00 1D CD FD (15)
                              [N11:NG] NGSWSTATE 0 (0)
2026-01-28 13:09:06:155 [IN ] C8 24 0C 0B 25 A5 0C 01 31 03 C9 3A 0B 4F 35 B2 (16)
                              [N12:Z] LFLAG ':' 11 (11)
2026-01-28 13:09:06:177 [OUT] 25 A5 01 0C 31 03 88 00 50 19 38 (11)
                              [N12:Z] RUN 0 80 (80)
2026-01-28 13:09:06:282 [IN ] C8 24 08 0B 25 A5 08 01 31 03 CA 3A 09 4A 1A B2 (16)
                              [N8:R] RFLAG ':' 9 (9)
2026-01-28 13:09:06:387 [IN ] C8 24 03 0C 25 A5 03 01 31 04 88 53 00 50 64 C2 EA (17)
                              [N3:X] RUN 'S' 0 80 (80)
2026-01-28 13:09:06:493 [IN ] C8 24 04 0C 25 A5 04 01 31 04 88 53 00 50 65 CA EA (17)
                              [N4:Y] RUN 'S' 0 80 (80)
2026-01-28 13:09:06:599 [IN ] C8 24 0C 0C 25 A5 0C 01 31 04 88 53 00 50 6D 0A EA (17)
                              [N12:Z] RUN 'S' 0 80 (80)
2026-01-28 13:09:06:801 [IN ] C8 24 04 0B 25 A5 04 01 31 03 81 5A 4C 60 A6 0A C8 24 04 0A 25 A5 04 01 31 02 81 49 02 32 A6 (31)
                              [N4:Y] TPOS 'Z' 76 (76)
                              [N4:Y] TPOS 'I'
2026-01-28 13:09:07:024 [OUT] 25 A5 01 09 31 02 D8 3F 54 EC (10)
                              [N9:P] INTERRUPT '?'
2026-01-28 13:09:07:326 [IN ] C8 24 0B 0A 25 A5 0B 01 31 02 DE 00 1D CD A6 C8 24 09 0C 25 A5 09 01 31 04 D8 3A 01 01 53 9A EA (32)
                              [N11:NG] NGSWSTATE 0 (0)
                              [N9:P] INTERRUPT ':' 1 1 (257)
2026-01-28 13:09:07:347 [OUT] 25 A5 01 04 31 03 C9 3D 09 48 FE (11)
                              [N4:Y] LFLAG '=' 9 (9)
2026-01-28 13:09:07:369 [OUT] 25 A5 01 07 31 02 D8 3F 52 E2 (10)
                              [N7:N] INTERRUPT '?'
2026-01-28 13:09:07:670 [IN ] C8 24 04 0B 25 A5 04 01 31 03 C9 3A 09 45 FB 9A C8 24 07 0C 25 A5 07 01 31 04 D8 3A 01 01 51 8A EA (33)
                              [N4:Y] LFLAG ':' 9 (9)
                              [N7:N] INTERRUPT ':' 1 1 (257)
2026-01-28 13:09:07:691 [OUT] 25 A5 01 09 31 03 C9 3D 0B 4F 1E (11)
                              [N9:P] LFLAG '=' 11 (11)
2026-01-28 13:09:07:713 [OUT] 25 A5 01 07 31 03 C9 3D 0B 4D 12 (11)
                              [N7:N] LFLAG '=' 11 (11)
2026-01-28 13:09:07:861 [IN ] C8 24 09 0B 25 A5 09 01 31 03 C9 3A 0B 4C 20 8A (16)
                              [N9:P] LFLAG ':' 11 (11)
2026-01-28 13:09:07:882 [OUT] 25 A5 01 09 31 03 88 00 50 16 26 (11)
                              [N9:P] RUN 0 80 (80)
2026-01-28 13:09:07:968 [IN ] C8 24 07 0B 25 A5 07 01 31 03 C9 3A 0B 4A 12 8A (16)
                              [N7:N] LFLAG ':' 11 (11)
2026-01-28 13:09:07:990 [OUT] 25 A5 01 07 31 03 88 00 50 14 1A (11)
                              [N7:N] RUN 0 80 (80)
2026-01-28 13:09:08:053 [IN ] C8 24 09 0C 25 A5 09 01 31 04 88 (11)
2026-01-28 13:09:08:075 [IN ] 53 00 50 6A F2 EA (6)
                              [N9:P] RUN 'S' 0 80 (80)
2026-01-28 13:09:08:159 [IN ] C8 24 0B 0A 25 A5 0B 01 31 02 DE 00 1D CD 6A (15)
                              [N11:NG] NGSWSTATE 0 (0)
2026-01-28 13:09:08:181 [IN ] C8 24 07 0C 25 A5 07 01 31 04 88 53 00 50 68 E2 EA (17)
                              [N7:N] RUN 'S' 0 80 (80)
2026-01-28 13:09:09:185 [IN ] C8 24 0B 0A 25 A5 0B 01 31 02 DE 00 1D CD 68 (15)
                              [N11:NG] NGSWSTATE 0 (0)
2026-01-28 13:09:10:192 [IN ] C8 24 07 0B 25 A5 07 01 31 03 81 5A 4C 63 BB E2 C8 24 07 0A 25 A5 07 01 31 02 81 49 05 44 BB C8 24 0B 0A 25 A5 0B 01 31 02 DE 00 1D CD BB (46)
                              [N7:N] TPOS 'Z' 76 (76)
                              [N7:N] TPOS 'I'
                              [N11:NG] NGSWSTATE 0 (0)
2026-01-28 13:09:10:415 [OUT] 25 A5 01 07 31 03 C9 3D 09 4B 10 (11)
                              [N7:N] LFLAG '=' 9 (9)
2026-01-28 13:09:10:585 [IN ] C8 24 07 0B 25 A5 07 01 31 03 C9 3A 09 48 10 E2 (16)
                              [N7:N] LFLAG ':' 9 (9)
2026-01-28 13:09:11:189 [IN ] C8 24 0B 0A 25 A5 0B 01 31 02 DE 00 1D CD 10 (15)
                              [N11:NG] NGSWSTATE 0 (0)
2026-01-28 13:09:12:192 [IN ] C8 24 0B 0A 25 A5 0B 01 31 02 DE 00 1D CD 10 (15)
                              [N11:NG] NGSWSTATE 0 (0)
2026-01-28 13:09:13:196 [IN ] C8 24 0B 0A 25 A5 0B 01 31 02 DE 00 1D CD 10 (15)
                              [N11:NG] NGSWSTATE 0 (0)
2026-01-28 13:09:14:401 [IN ] C8 24 0B 0A 25 A5 0B 01 31 02 DE 00 1D CD 10 (15)
                              [N11:NG] NGSWSTATE 0 (0)
2026-01-28 13:09:15:406 [IN ] C8 24 0B 0A 25 A5 0B 01 31 02 DE 00 1D CD 10 C8 24 09 0B 25 A5 09 01 31 03 81 5A 4C 65 C9 E2 C8 24 09 0A 25 A5 09 01 31 02 81 49 07 50 C9 (46)
                              [N11:NG] NGSWSTATE 0 (0)
                              [N9:P] TPOS 'Z' 76 (76)
                              [N9:P] TPOS 'I'
2026-01-28 13:09:15:629 [OUT] 25 A5 01 09 31 03 C9 3D 09 4D 1C (11)
                              [N9:P] LFLAG '=' 9 (9)
2026-01-28 13:09:15:651 [OUT] 25 A5 01 04 31 05 81 FF EE 88 01 32 FA (13)
                              [N4:Y] TPOS 255 238 136 1 (-1144831)
2026-01-28 13:09:15:800 [IN ] C8 24 09 0B 25 A5 09 01 31 03 C9 3A 09 4A 1E E2 (16)
                              [N9:P] LFLAG ':' 9 (9)
2026-01-28 13:09:15:925 [IN ] C8 24 04 0E 25 A5 04 01 31 06 81 53 00 00 00 00 10 88 0A (19)
                              [N4:Y] TPOS 'S' 0 0 0 0 (0)
2026-01-28 13:09:16:327 [IN ] C8 24 0B 0A 25 A5 0B 01 31 02 DE 00 1D CD 00 (15)
                              [N11:NG] NGSWSTATE 0 (0)
2026-01-28 13:09:17:331 [IN ] C8 24 0B 0A 25 A5 0B 01 31 02 DE 00 1D CD 00 (15)
                              [N11:NG] NGSWSTATE 0 (0)
2026-01-28 13:09:18:336 [IN ] C8 24 0B 0A 25 A5 0B 01 31 02 DE 00 1D CD 00 (15)
                              [N11:NG] NGSWSTATE 0 (0)
2026-01-28 13:09:19:340 [IN ] C8 24 0B 0A 25 A5 0B 01 31 02 DE 00 1D CD 00 (15)
                              [N11:NG] NGSWSTATE 0 (0)
2026-01-28 13:09:20:343 [IN ] C8 24 0B 0A 25 A5 0B 01 31 02 DE 00 1D CD 00 (15)
                              [N11:NG] NGSWSTATE 0 (0)
2026-01-28 13:09:21:350 [IN ] C8 24 0B 0A 25 A5 0B 01 31 02 DE 00 1D CD 00 (15)
                              [N11:NG] NGSWSTATE 0 (0)
2026-01-28 13:09:21:954 [IN ] C8 24 0C 0B 25 A5 0C 01 31 03 81 5A 4C 68 DE 00 (16)
                              [N12:Z] TPOS 'Z' 76 (76)
2026-01-28 13:09:22:156 [IN ] C8 24 0C 0A 25 A5 0C 01 31 02 81 49 0A 62 DE C8 24 04 0E 25 A5 04 01 31 06 81 45 FF EE 85 A8 1C BA 0A (34)
                              [N12:Z] TPOS 'I'
                              [N4:Y] TPOS 'E' 255 238 133 168 (-1145432)
2026-01-28 13:09:22:360 [IN ] C8 24 0B 0A 25 A5 0B 01 31 02 DE 00 1D CD 85 (15)
                              [N11:NG] NGSWSTATE 0 (0)
2026-01-28 13:09:22:381 [OUT] 25 A5 01 0C 31 03 C9 3D 09 50 2E (11)
                              [N12:Z] LFLAG '=' 9 (9)
2026-01-28 13:09:22:402 [OUT] 25 A5 01 09 31 05 81 FF E7 5D 56 5A 0C (13)
                              [N9:P] TPOS 255 231 93 86 (-1614506)
2026-01-28 13:09:22:425 [OUT] 25 A5 01 04 31 05 81 FF FD 50 01 09 B7 (13)
                              [N4:Y] TPOS 255 253 80 1 (-176127)
2026-01-28 13:09:22:449 [OUT] 25 A5 01 07 31 05 81 FF AB 19 75 F7 DF (13)
                              [N7:N] TPOS 255 171 25 117 (-5564043)
2026-01-28 13:09:22:472 [OUT] 25 A5 01 06 31 02 D8 3F 51 DD (10)
                              [N6:H] INTERRUPT '?'
2026-01-28 13:09:22:774 [IN ] C8 24 0C 0B 25 A5 0C 01 31 03 C9 3A 09 4D 33 A8 C8 24 03 0B 25 A5 03 01 31 03 81 5A 4C 5F 9F A8 C8 24 09 0E 25 A5 09 01 31 06 81 53 FF FF FF F6 08 A7 0A C8 24 03 0A 25 A5 03 01 31 02 81 49 01 
2C FF (66)
                              [N12:Z] LFLAG ':' 9 (9)
                              [N3:X] TPOS 'Z' 76 (76)
                              [N9:P] TPOS 'S' 255 255 255 246 (-10)
                              [N3:X] TPOS 'I'
2026-01-28 13:09:23:076 [IN ] C8 24 04 0E 25 A5 04 01 31 06 81 53 FF EE 85 A8 2A 00 0A C8 24 07 0E 25 A5 07 01 31 06 81 53 FF FF FF FB 0B 98 0A C8 24 06 0C 25 A5 06 01 31 04 D8 3A 01 01 50 82 0B (55)
                              [N4:Y] TPOS 'S' 255 238 133 168 (-1145432)
                              [N7:N] TPOS 'S' 255 255 255 251 (-5)
                              [N6:H] INTERRUPT ':' 1 1 (257)
2026-01-28 13:09:23:097 [OUT] 25 A5 01 0C 31 05 81 FF BC D0 00 4F 33 (13)
                              [N12:Z] TPOS 255 188 208 0 (-4403200)
2026-01-28 13:09:23:120 [OUT] 25 A5 01 06 31 03 C9 3D 0B 4C 0C (11)
                              [N6:H] LFLAG '=' 11 (11)
2026-01-28 13:09:23:142 [OUT] 25 A5 01 03 31 03 C9 3D 09 47 F8 (11)
                              [N3:X] LFLAG '=' 9 (9)
2026-01-28 13:09:23:294 [IN ] C8 24 0B 0A 25 A5 0B 01 31 02 DE 00 1D CD 50 C8 24 0C 0E 25 A5 0C 01 31 06 81 53 FF FF FE E4 F8 B1 0A (34)
                              [N11:NG] NGSWSTATE 0 (0)
                              [N12:Z] TPOS 'S' 255 255 254 228 (-284)
2026-01-28 13:09:23:409 [IN ] C8 24 06 0B 25 A5 06 01 31 03 C9 3A 0B 49 0B E4 (16)
                              [N6:H] LFLAG ':' 11 (11)
2026-01-28 13:09:23:432 [OUT] 25 A5 01 06 31 03 88 FF B0 72 72 (11)
                              [N6:H] RUN 255 176 (-80)
2026-01-28 13:09:23:516 [IN ] C8 24 03 0B 25 A5 03 01 31 03 C9 3A 09 44 F4 E4 (16)
                              [N3:X] LFLAG ':' 9 (9)
2026-01-28 13:09:23:538 [OUT] 25 A5 01 03 31 05 81 FF EC 4A AB 9B 1A (13)
                              [N3:X] TPOS 255 236 74 171 (-1291605)
2026-01-28 13:09:23:622 [IN ] C8 24 06 0C 25 A5 06 01 31 04 88 53 FF B0 C6 38 F8 (17)
                              [N6:H] RUN 'S' 255 176 (-80)
2026-01-28 13:09:23:748 [IN ] C8 24 03 0E 25 A5 03 01 31 06 81 53 FF FF FF FF 0B 74 0A (19)
                              [N3:X] TPOS 'S' 255 255 255 255 (-1)
2026-01-28 13:09:24:351 [IN ] C8 24 0B 0A 25 A5 0B 01 31 02 DE 00 1D CD FF (15)
                              [N11:NG] NGSWSTATE 0 (0)
2026-01-28 13:09:25:355 [IN ] C8 24 0B 0A 25 A5 0B 01 31 02 DE 00 1D CD FF (15)
                              [N11:NG] NGSWSTATE 0 (0)
2026-01-28 13:09:26:359 [IN ] C8 24 0B 0A 25 A5 0B 01 31 02 DE 00 1D CD FF (15)
                              [N11:NG] NGSWSTATE 0 (0)
2026-01-28 13:09:27:363 [IN ] C8 24 0B 0A 25 A5 0B 01 31 02 DE 00 1D CD FF (15)
                              [N11:NG] NGSWSTATE 0 (0)
2026-01-28 13:09:27:767 [IN ] C8 24 06 0B 25 A5 06 01 31 03 81 5A 4C 62 B4 FF C8 24 06 0A 25 A5 06 01 31 02 81 49 04 3E B4 (31)
                              [N6:H] TPOS 'Z' 76 (76)
                              [N6:H] TPOS 'I'
2026-01-28 13:09:27:989 [OUT] 25 A5 01 06 31 03 C9 3D 09 4A 0A (11)
                              [N6:H] LFLAG '=' 9 (9)
2026-01-28 13:09:28:158 [IN ] C8 24 06 0B 25 A5 06 01 31 03 C9 3A 09 47 09 FF (16)
                              [N6:H] LFLAG ':' 9 (9)
2026-01-28 13:09:28:180 [OUT] 25 A5 01 06 31 03 84 00 50 0F 08 (11)
                              [N6:H] VEL 0 80 (80)
2026-01-28 13:09:28:327 [IN ] C8 24 0B 0A 25 A5 0B 01 31 02 DE 00 1D CD 09 (15)
                              [N11:NG] NGSWSTATE 0 (0)
2026-01-28 13:09:28:348 [IN ] C8 24 06 0C 25 A5 06 01 31 04 84 53 00 50 63 CA 0B (17)
                              [N6:H] VEL 'S' 0 80 (80)
2026-01-28 13:09:28:370 [OUT] 25 A5 01 06 31 05 81 00 19 82 3C 95 BE (13)
                              [N6:H] TPOS 0 25 130 60 (1671740)
2026-01-28 13:09:28:560 [IN ] C8 24 06 0E 25 A5 06 01 31 06 81 53 00 00 00 (15)
2026-01-28 13:09:28:582 [IN ] 08 1A A4 0A (4)
                              [N6:H] TPOS 'S' 0 0 0 8 (8)
2026-01-28 13:09:29:385 [IN ] C8 24 0B 0A 25 A5 0B 01 31 02 DE 00 1D CD 00 (15)
                              [N11:NG] NGSWSTATE 0 (0)
2026-01-28 13:09:30:391 [IN ] C8 24 0B 0A 25 A5 0B 01 31 02 DE 00 1D CD 00 (15)
                              [N11:NG] NGSWSTATE 0 (0)
2026-01-28 13:09:30:792 [IN ] C8 24 03 0E 25 A5 03 01 31 06 81 45 FF EC 48 78 AC 00 0A (19)
                              [N3:X] TPOS 'E' 255 236 72 120 (-1292168)
2026-01-28 13:09:30:994 [IN ] C8 24 04 0E 25 A5 04 01 31 06 81 45 FF FD 4F DC 29 AF 0A (19)
                              [N4:Y] TPOS 'E' 255 253 79 220 (-176164)
2026-01-28 13:09:31:217 [OUT] 25 A5 01 03 31 05 81 FF FD 50 01 08 AF (13)
                              [N3:X] TPOS 255 253 80 1 (-176127)
2026-01-28 13:09:31:343 [IN ] C8 24 0B 0A 25 A5 0B 01 31 02 DE 00 1D CD 4F (15)
                              [N11:NG] NGSWSTATE 0 (0)
2026-01-28 13:09:31:407 [IN ] C8 24 03 0E 25 A5 03 01 31 06 81 53 FF EC 48 79 BB 47 0A (19)
                              [N3:X] TPOS 'S' 255 236 72 121 (-1292167)
2026-01-28 13:09:32:009 [IN ] C8 24 09 0E 25 A5 09 01 31 06 81 45 FF E7 5B E0 28 BB 0A (19)
                              [N9:P] TPOS 'E' 255 231 91 224 (-1614880)
2026-01-28 13:09:32:413 [IN ] C8 24 0B 0A 25 A5 0B 01 31 02 DE 00 1D CD 5B (15)
                              [N11:NG] NGSWSTATE 0 (0)
2026-01-28 13:09:32:435 [OUT] 25 A5 01 09 31 05 81 FF FF D9 C8 60 BE (13)
                              [N9:P] TPOS 255 255 217 200 (-9784)
2026-01-28 13:09:32:624 [IN ] C8 24 09 0E 25 A5 09 01 31 06 81 53 FF E7 5B E4 3A 05 0A (19)
                              [N9:P] TPOS 'S' 255 231 91 228 (-1614876)
2026-01-28 13:09:33:429 [IN ] C8 24 0B 0A 25 A5 0B 01 31 02 DE 00 1D CD 5B (15)
                              [N11:NG] NGSWSTATE 0 (0)
2026-01-28 13:09:34:434 [IN ] C8 24 0B 0A 25 A5 0B 01 31 02 DE 00 1D CD 5B (15)
                              [N11:NG] NGSWSTATE 0 (0)
2026-01-28 13:09:35:439 [IN ] C8 24 0B 0A 25 A5 0B 01 31 02 DE 00 1D CD 5B (15)
                              [N11:NG] NGSWSTATE 0 (0)
2026-01-28 13:09:36:443 [IN ] C8 24 06 0E 25 A5 06 01 31 06 81 45 00 19 85 B7 59 62 0A C8 24 0B 0A 25 A5 0B 01 31 02 DE 00 1D CD 85 (34)
                              [N6:H] TPOS 'E' 0 25 133 183 (1672631)
                              [N11:NG] NGSWSTATE 0 (0)
2026-01-28 13:09:36:869 [OUT] 25 A5 01 06 31 05 81 00 0D 03 C1 8F 21 (13)
                              [N6:H] TPOS 0 13 3 193 (852929)
2026-01-28 13:09:37:057 [IN ] C8 24 06 0E 25 A5 06 01 31 06 81 53 00 19 85 B5 65 A6 0A (19)
                              [N6:H] TPOS 'S' 0 25 133 181 (1672629)
2026-01-28 13:09:37:460 [IN ] C8 24 0B 0A 25 A5 0B 01 31 02 DE 00 1D CD 85 (15)
                              [N11:NG] NGSWSTATE 0 (0)
2026-01-28 13:09:38:464 [IN ] C8 24 0B 0A 25 A5 0B 01 31 02 DE 00 1D CD 85 (15)
                              [N11:NG] NGSWSTATE 0 (0)
2026-01-28 13:09:39:468 [IN ] C8 24 0B 0A 25 A5 0B 01 31 02 DE 00 1D CD 85 (15)
                              [N11:NG] NGSWSTATE 0 (0)
2026-01-28 13:09:40:473 [IN ] C8 24 0B 0A 25 A5 0B 01 31 02 DE 00 1D CD 85 (15)
                              [N11:NG] NGSWSTATE 0 (0)
2026-01-28 13:09:40:675 [IN ] C8 24 03 0E 25 A5 03 01 31 06 81 45 FF FD 50 61 AE 2C 0A (19)
                              [N3:X] TPOS 'E' 255 253 80 97 (-176031)
2026-01-28 13:09:40:876 [IN ] C8 24 06 0E 25 A5 06 01 31 06 81 45 00 0C FE F1 FF 67 0A (19)
                              [N6:H] TPOS 'E' 0 12 254 241 (851697)
2026-01-28 13:09:41:099 [OUT] 25 A5 01 05 31 02 D8 3F 50 D8 (10)
                              [N5:V] INTERRUPT '?'
2026-01-28 13:09:41:401 [IN ] C8 24 05 0C 25 A5 05 01 31 04 D8 3A 01 01 4F 7A FF (17)
                              [N5:V] INTERRUPT ':' 1 1 (257)
2026-01-28 13:09:41:423 [OUT] 25 A5 01 05 31 03 C9 3D 0B 4B 06 (11)
                              [N5:V] LFLAG '=' 11 (11)
2026-01-28 13:09:41:424 [IN ] C8 24 0B 0A 25 A5 0B 01 31 02 DE 00 1D CD 4F (15)
                              [N11:NG] NGSWSTATE 0 (0)
2026-01-28 13:09:41:592 [IN ] C8 24 05 0B 25 A5 05 01 31 03 C9 3A 0B 48 04 7A (16)
                              [N5:V] LFLAG ':' 11 (11)
2026-01-28 13:09:41:614 [OUT] 25 A5 01 05 31 03 88 FF B0 71 6C (11)
                              [N5:V] RUN 255 176 (-80)
2026-01-28 13:09:41:782 [IN ] C8 24 05 0C 25 A5 05 01 31 04 88 53 FF B0 C5 30 FF (17)
                              [N5:V] RUN 'S' 255 176 (-80)
2026-01-28 13:09:41:983 [IN ] C8 24 09 0E 25 A5 09 01 31 06 81 45 FF FF DB CC AC EF 0A (19)
                              [N9:P] TPOS 'E' 255 255 219 204 (-9268)
2026-01-28 13:09:42:206 [OUT] 25 A5 01 08 31 02 D8 3F 53 E7 (10)
                              [N8:R] INTERRUPT '?'
2026-01-28 13:09:42:507 [IN ] C8 24 08 0C 25 A5 08 01 31 04 D8 3A 01 01 52 92 AC C8 24 0B 0A 25 A5 0B 01 31 02 DE 00 1D CD 52 (32)
                              [N8:R] INTERRUPT ':' 1 1 (257)
                              [N11:NG] NGSWSTATE 0 (0)
2026-01-28 13:09:42:529 [OUT] 25 A5 01 08 31 03 CA 3D 0B 4F 1B (11)
                              [N8:R] RFLAG '=' 11 (11)
2026-01-28 13:09:42:677 [IN ] C8 24 08 0B 25 A5 08 01 31 03 CA 3A 0B 4C 1C 92 (16)
                              [N8:R] RFLAG ':' 11 (11)
2026-01-28 13:09:42:699 [OUT] 25 A5 01 08 31 03 88 00 50 15 20 (11)
                              [N8:R] RUN 0 80 (80)
2026-01-28 13:09:42:866 [IN ] C8 24 08 0C 25 A5 08 01 31 04 88 53 00 50 69 EA AC (17)
                              [N8:R] RUN 'S' 0 80 (80)
2026-01-28 13:09:43:470 [IN ] C8 24 0B 0A 25 A5 0B 01 31 02 DE 00 1D CD 69 (15)
                              [N11:NG] NGSWSTATE 0 (0)
2026-01-28 13:09:44:474 [IN ] C8 24 0B 0A 25 A5 0B 01 31 02 DE 00 1D CD 69 (15)
                              [N11:NG] NGSWSTATE 0 (0)
2026-01-28 13:09:45:479 [IN ] C8 24 0B 0A 25 A5 0B 01 31 02 DE 00 1D CD 69 (15)
                              [N11:NG] NGSWSTATE 0 (0)
2026-01-28 13:09:45:680 [IN ] C8 24 0C 0E 25 A5 0C 01 31 06 81 45 FF BC CD 56 E8 B2 0A (19)
                              [N12:Z] TPOS 'E' 255 188 205 86 (-4403882)
2026-01-28 13:09:46:104 [OUT] 25 A5 01 0C 31 05 81 FF D1 1A 67 15 6D (13)
                              [N12:Z] TPOS 255 209 26 103 (-3073433)
2026-01-28 13:09:46:295 [IN ] C8 24 0C 0E 25 A5 0C 01 31 06 81 53 FF BC CD 7F 1F 21 0A (19)
                              [N12:Z] TPOS 'S' 255 188 205 127 (-4403841)
2026-01-28 13:09:46:497 [IN ] C8 24 0B 0A 25 A5 0B 01 31 02 DE 00 1D CD CD (15)
                              [N11:NG] NGSWSTATE 0 (0)
2026-01-28 13:09:46:901 [IN ] C8 24 05 0B 25 A5 05 01 31 03 81 5A 4C 61 AD 7F C8 24 05 0A 25 A5 05 01 31 02 81 49 03 38 AD (31)
                              [N5:V] TPOS 'Z' 76 (76)
                              [N5:V] TPOS 'I'
2026-01-28 13:09:47:125 [OUT] 25 A5 01 05 31 03 C9 3D 09 49 04 (11)
                              [N5:V] LFLAG '=' 9 (9)
2026-01-28 13:09:47:167 [IN ] C8 24 07 0E 25 A5 07 01 31 06 81 45 FF (13)
2026-01-28 13:09:47:188 [IN ] AB 14 B1 74 36 0A (6)
                              [N7:N] TPOS 'E' 255 171 20 177 (-5565263)
2026-01-28 13:09:47:255 [OUT] 25 A5 01 07 31 05 81 FF F3 35 BF A5 39 (13)
                              [N7:N] TPOS 255 243 53 191 (-838209)
2026-01-28 13:09:47:297 [IN ] C8 24 05 0B 25 A5 05 01 31 03 C9 3A 09 46 02 B1 (16)
                              [N5:V] LFLAG ':' 9 (9)
2026-01-28 13:09:47:318 [OUT] 25 A5 01 05 31 03 84 00 50 0E 02 (11)
                              [N5:V] VEL 0 80 (80)
2026-01-28 13:09:47:445 [IN ] C8 24 07 0E 25 A5 (6)
2026-01-28 13:09:47:467 [IN ] 07 01 31 06 81 53 FF AB 14 B1 82 7C 0A C8 24 0B 0A 25 A5 0B 01 31 02 DE 00 1D CD 14 (28)
                              [N7:N] TPOS 'S' 255 171 20 177 (-5565263)
                              [N11:NG] NGSWSTATE 0 (0)
2026-01-28 13:09:47:551 [IN ] C8 24 05 0C 25 A5 05 01 31 04 84 53 00 50 62 C2 82 (17)
                              [N5:V] VEL 'S' 0 80 (80)
2026-01-28 13:09:47:573 [OUT] 25 A5 01 05 31 05 81 00 19 82 3C 94 B6 (13)
                              [N5:V] TPOS 0 25 130 60 (1671740)
2026-01-28 13:09:47:785 [IN ] C8 24 05 0E 25 A5 05 01 31 06 81 53 00 00 00 01 12 93 0A (19)
                              [N5:V] TPOS 'S' 0 0 0 1 (1)
2026-01-28 13:09:48:589 [IN ] C8 24 0B 0A 25 A5 0B 01 31 02 DE 00 1D CD 00 (15)
                              [N11:NG] NGSWSTATE 0 (0)
2026-01-28 13:09:49:593 [IN ] C8 24 0B 0A 25 A5 0B 01 31 02 DE 00 1D CD 00 C8 24 08 0B 25 A5 08 01 31 03 81 5A 52 6A C8 01 C8 24 08 0A 25 A5 08 01 31 02 81 49 06 4A C8 (46)
                              [N11:NG] NGSWSTATE 0 (0)
                              [N8:R] TPOS 'Z' 82 (82)
                              [N8:R] TPOS 'I'
2026-01-28 13:09:49:816 [OUT] 25 A5 01 08 31 03 CA 3D 09 4D 19 (11)
                              [N8:R] RFLAG '=' 9 (9)
2026-01-28 13:09:49:984 [IN ] C8 24 08 0B 25 A5 08 01 31 03 CA 3A 09 4A 1A 01 (16)
                              [N8:R] RFLAG ':' 9 (9)
2026-01-28 13:09:50:006 [OUT] 25 A5 01 08 31 05 81 FF DC 77 1D 2F DE (13)
                              [N8:R] TPOS 255 220 119 29 (-2328803)
2026-01-28 13:09:50:195 [IN ] C8 24 08 0E 25 A5 08 01 31 06 81 53 FF FF FF F7 08 9E 0A (19)
                              [N8:R] TPOS 'S' 255 255 255 247 (-9)
2026-01-28 13:09:50:598 [IN ] C8 24 0B 0A 25 A5 0B 01 31 02 DE 00 1D CD FF (15)
                              [N11:NG] NGSWSTATE 0 (0)
2026-01-28 13:09:51:603 [IN ] C8 24 0B 0A 25 A5 0B 01 31 02 DE 00 1D CD FF (15)
                              [N11:NG] NGSWSTATE 0 (0)
2026-01-28 13:09:52:609 [IN ] C8 24 0B 0A 25 A5 0B 01 31 02 DE 00 1D CD FF (15)
                              [N11:NG] NGSWSTATE 0 (0)
2026-01-28 13:09:53:010 [IN ] C8 24 0C 0E 25 A5 0C 01 31 06 81 45 FF D1 1D 14 0B 4F 0A (19)
                              [N12:Z] TPOS 'E' 255 209 29 20 (-3072748)
2026-01-28 13:09:53:613 [IN ] C8 24 0B 0A 25 A5 0B 01 31 02 DE 00 1D CD 1D (15)
                              [N11:NG] NGSWSTATE 0 (0)
2026-01-28 13:09:54:618 [IN ] C8 24 0B 0A 25 A5 0B 01 31 02 DE 00 1D CD 1D (15)
                              [N11:NG] NGSWSTATE 0 (0)
2026-01-28 13:09:55:623 [IN ] C8 24 0B 0A 25 A5 0B 01 31 02 DE 00 1D CD 1D (15)
                              [N11:NG] NGSWSTATE 0 (0)
2026-01-28 13:09:55:825 [IN ] C8 24 05 0E 25 A5 05 01 31 06 81 45 00 19 86 0B AD AE 0A (19)
                              [N5:V] TPOS 'E' 0 25 134 11 (1672715)
2026-01-28 13:09:56:251 [OUT] 25 A5 01 05 31 05 81 00 0D 03 C1 8E 19 (13)
                              [N5:V] TPOS 0 13 3 193 (852929)
2026-01-28 13:09:56:461 [IN ] C8 24 05 0E 25 A5 05 01 31 06 81 53 00 19 86 0B BB F4 0A (19)
                              [N5:V] TPOS 'S' 0 25 134 11 (1672715)
2026-01-28 13:09:56:663 [IN ] C8 24 0B 0A 25 A5 0B 01 31 02 DE 00 1D CD 86 (15)
                              [N11:NG] NGSWSTATE 0 (0)
2026-01-28 13:09:57:668 [IN ] C8 24 0B 0A 25 A5 0B 01 31 02 DE 00 1D CD 86 (15)
                              [N11:NG] NGSWSTATE 0 (0)
2026-01-28 13:09:58:671 [IN ] C8 24 0B 0A 25 A5 0B 01 31 02 DE 00 1D CD 86 (15)
                              [N11:NG] NGSWSTATE 0 (0)
2026-01-28 13:09:59:676 [IN ] C8 24 0B 0A 25 A5 0B 01 31 02 DE 00 1D CD 86 (15)
                              [N11:NG] NGSWSTATE 0 (0)
2026-01-28 13:10:00:680 [IN ] C8 24 0B 0A 25 A5 0B 01 31 02 DE 00 1D CD 86 (15)
                              [N11:NG] NGSWSTATE 0 (0)
2026-01-28 13:10:01:685 [IN ] C8 24 0B 0A 25 A5 0B 01 31 02 DE 00 1D CD 86 (15)
                              [N11:NG] NGSWSTATE 0 (0)
2026-01-28 13:10:01:887 [IN ] C8 24 05 0E 25 A5 05 01 31 06 81 45 00 0D 02 44 56 BB 0A (19)
                              [N5:V] TPOS 'E' 0 13 2 68 (852548)
2026-01-28 13:10:02:110 [OUT] 25 A5 01 03 31 05 81 FF ED B1 30 88 70 (13)
                              [N3:X] TPOS 255 237 177 48 (-1199824)
2026-01-28 13:10:02:133 [OUT] 25 A5 01 04 31 05 81 FF F3 BD 0C 77 7E (13)
                              [N4:Y] TPOS 255 243 189 12 (-803572)
2026-01-28 13:10:02:301 [IN ] C8 24 03 0E 25 A5 03 01 31 06 81 53 FF FD 50 61 BC 72 0A (19)
                              [N3:X] TPOS 'S' 255 253 80 97 (-176031)
2026-01-28 13:10:02:406 [IN ] C8 24 04 0E 25 A5 04 01 31 06 81 53 FF FD 4F DC 37 F5 0A (19)
                              [N4:Y] TPOS 'S' 255 253 79 220 (-176164)
2026-01-28 13:10:02:610 [IN ] C8 24 0B 0A 25 A5 0B 01 31 02 DE 00 1D CD 4F (15)
                              [N11:NG] NGSWSTATE 0 (0)
2026-01-28 13:10:03:415 [IN ] C8 24 08 0E 25 A5 08 01 31 06 81 45 FF DC 74 29 7E 0B 0A (19)
                              [N8:R] TPOS 'E' 255 220 116 41 (-2329559)
2026-01-28 13:10:03:617 [IN ] C8 24 0B 0A 25 A5 0B 01 31 02 DE 00 1D CD 74 (15)
                              [N11:NG] NGSWSTATE 0 (0)
2026-01-28 13:10:03:840 [OUT] 25 A5 01 08 31 05 81 FF EE 15 56 18 89 (13)
                              [N8:R] TPOS 255 238 21 86 (-1174186)
2026-01-28 13:10:04:029 [IN ] C8 24 08 0E 25 A5 08 01 31 06 81 53 FF DC 74 29 8C 51 0A (19)
                              [N8:R] TPOS 'S' 255 220 116 41 (-2329559)
2026-01-28 13:10:04:633 [IN ] C8 24 0B 0A 25 A5 0B 01 31 02 DE 00 1D CD 74 (15)
                              [N11:NG] NGSWSTATE 0 (0)
2026-01-28 13:10:05:639 [IN ] C8 24 0B 0A 25 A5 0B 01 31 02 DE 00 1D CD 74 (15)
                              [N11:NG] NGSWSTATE 0 (0)
2026-01-28 13:10:05:840 [IN ] C8 24 04 0E 25 A5 04 01 31 06 81 45 FF F3 BA 8F 3D 1A 0A (19)
                              [N4:Y] TPOS 'E' 255 243 186 143 (-804209)
2026-01-28 13:10:06:644 [IN ] C8 24 0B 0A 25 A5 0B 01 31 02 DE 00 1D CD BA (15)
                              [N11:NG] NGSWSTATE 0 (0)
2026-01-28 13:10:07:648 [IN ] C8 24 03 0E 25 A5 03 01 31 06 81 45 FF ED AE 9C 37 F3 0A C8 24 0B 0A 25 A5 0B 01 31 02 DE 00 1D CD AE (34)
                              [N3:X] TPOS 'E' 255 237 174 156 (-1200484)
                              [N11:NG] NGSWSTATE 0 (0)
2026-01-28 13:10:08:052 [IN ] C8 24 07 0E 25 A5 07 01 31 06 81 45 FF F3 3B 07 39 B2 0A (19)
                              [N7:N] TPOS 'E' 255 243 59 7 (-836857)
2026-01-28 13:10:08:655 [IN ] C8 24 0B 0A 25 A5 0B 01 31 02 DE 00 1D CD 3B (15)
                              [N11:NG] NGSWSTATE 0 (0)
2026-01-28 13:10:09:659 [IN ] C8 24 0B 0A 25 A5 0B 01 31 02 DE 00 1D CD 3B (15)
                              [N11:NG] NGSWSTATE 0 (0)
2026-01-28 13:10:10:462 [IN ] C8 24 08 0E 25 A5 08 01 31 06 81 45 FF EE 17 80 8A DE 0A (19)
                              [N8:R] TPOS 'E' 255 238 23 128 (-1173632)
