2026-01-28 15:06:11:002 [OUT] 25 A5 01 0A 31 05 D6 3D FF 00 00 53 ED (13)
                              [N10:HMI] HMILED '=' 255 0 0 (16711680)
2026-01-28 15:06:11:024 [OUT] 25 A5 01 09 31 05 81 FF EA 1D 88 4F C7 (13)
                              [N9:P] TPOS 255 234 29 136 (-1434232)
2026-01-28 15:06:11:045 [OUT] 25 A5 01 08 31 05 81 FF F5 7B 1D 4C 31 (13)
                              [N8:R] TPOS 255 245 123 29 (-689379)
2026-01-28 15:06:11:174 [IN ] C8 24 0A 0D 25 A5 0A 01 31 05 D6 3A FF 00 00 50 EA EA (18)
                              [N10:HMI] HMILED ':' 255 0 0 (16711680)
2026-01-28 15:06:11:322 [IN ] C8 24 09 0E 25 A5 09 01 31 06 81 53 FF EC D5 6C 41 90 76 (19)
                              [N9:P] TPOS 'S' 255 236 213 108 (-1256084)
2026-01-28 15:06:11:446 [IN ] C8 24 08 0E 25 A5 08 01 31 06 81 53 FF EE 16 8F A6 31 76 (19)
                              [N8:R] TPOS 'S' 255 238 22 143 (-1173873)
2026-01-28 15:06:11:849 [IN ] C8 24 0B 0A 25 A5 0B 01 31 02 DE 03 20 D0 16 (15)
                              [N11:NG] NGSWSTATE 3 (3)
2026-01-28 15:06:12:451 [IN ] C8 24 09 0E 25 A5 09 01 31 06 81 45 FF EA 1B 03 0E 67 76 (19)
                              [N9:P] TPOS 'E' 255 234 27 3 (-1434877)
2026-01-28 15:06:12:854 [IN ] C8 24 0B 0A 25 A5 0B 01 31 02 DE 03 20 D0 1B (15)
                              [N11:NG] NGSWSTATE 3 (3)
2026-01-28 15:06:13:859 [IN ] C8 24 0B 0A 25 A5 0B 01 31 02 DE 03 20 D0 1B (15)
                              [N11:NG] NGSWSTATE 3 (3)
2026-01-28 15:06:14:261 [IN ] C8 24 08 0E 25 A5 08 01 31 06 81 45 FF F5 7C 3D B3 7A 76 (19)
                              [N8:R] TPOS 'E' 255 245 124 61 (-689091)
