2026-01-28 11:29:37:508 [OUT] 25 A5 01 0A 31 05 D6 3D FF 00 00 53 ED (13)
                              [N10:HMI] HMILED '=' 255 0 0 (16711680)
2026-01-28 11:29:37:530 [OUT] 25 A5 01 03 31 02 D8 3F 4E CE (10)
                              [N3:X] INTERRUPT '?'
2026-01-28 11:29:37:832 [IN ] C8 24 0A 0D 25 A5 0A 01 31 05 D6 3A FF 00 00 50 EA 23 C8 24 03 0C 25 A5 03 01 31 04 D8 3A 01 01 4D 6A EA (35)
                              [N10:HMI] HMILED ':' 255 0 0 (16711680)
                              [N3:X] INTERRUPT ':' 1 1 (257)
2026-01-28 11:29:37:853 [OUT] 25 A5 01 09 31 03 C9 3D 09 4D 1C (11)
                              [N9:P] LFLAG '=' 9 (9)
2026-01-28 11:29:37:876 [OUT] 25 A5 01 04 31 02 D8 3F 4F D3 (10)
                              [N4:Y] INTERRUPT '?'
2026-01-28 11:29:38:178 [IN ] C8 24 09 0B 25 A5 09 01 31 03 C9 3A 09 4A 1E 6A C8 24 04 0C 25 A5 04 01 31 04 D8 3A 01 01 4E 72 EA (33)
                              [N9:P] LFLAG ':' 9 (9)
                              [N4:Y] INTERRUPT ':' 1 1 (257)
2026-01-28 11:29:38:199 [OUT] 25 A5 01 09 31 03 CA 3D 09 4E 1F (11)
                              [N9:P] RFLAG '=' 9 (9)
2026-01-28 11:29:38:221 [OUT] 25 A5 01 0C 31 02 D8 3F 57 FB (10)
                              [N12:Z] INTERRUPT '?'
2026-01-28 11:29:38:523 [IN ] C8 24 09 0B 25 A5 09 01 31 03 CA 3A 09 4B 21 72 C8 24 0C 0C 25 A5 0C 01 31 04 D8 3A 01 01 56 B2 EA (33)
                              [N9:P] RFLAG ':' 9 (9)
                              [N12:Z] INTERRUPT ':' 1 1 (257)
2026-01-28 11:29:38:545 [OUT] 25 A5 01 08 31 03 C9 3D 09 4C 16 (11)
                              [N8:R] LFLAG '=' 9 (9)
2026-01-28 11:29:38:566 [OUT] 25 A5 01 03 31 03 C9 3D 0B 49 FA (11)
                              [N3:X] LFLAG '=' 11 (11)
2026-01-28 11:29:38:587 [OUT] 25 A5 01 04 31 03 C9 3D 0B 4A 00 (11)
                              [N4:Y] LFLAG '=' 11 (11)
2026-01-28 11:29:38:608 [OUT] 25 A5 01 0C 31 03 C9 3D 0B 52 30 (11)
                              [N12:Z] LFLAG '=' 11 (11)
2026-01-28 11:29:38:714 [IN ] C8 24 08 0B 25 A5 08 01 31 03 C9 3A 09 49 17 B2 (16)
                              [N8:R] LFLAG ':' 9 (9)
2026-01-28 11:29:38:735 [OUT] 25 A5 01 08 31 03 CA 3D 09 4D 19 (11)
                              [N8:R] RFLAG '=' 9 (9)
2026-01-28 11:29:38:821 [IN ] C8 24 03 0B 25 A5 03 01 31 03 C9 3A 0B 46 F6 B2 (16)
                              [N3:X] LFLAG ':' 11 (11)
2026-01-28 11:29:38:843 [OUT] 25 A5 01 03 31 03 88 00 50 10 02 (11)
                              [N3:X] RUN 0 80 (80)
2026-01-28 11:29:38:948 [IN ] C8 24 04 0B 25 A5 04 01 31 03 C9 3A 0B 47 FD B2 (16)
                              [N4:Y] LFLAG ':' 11 (11)
2026-01-28 11:29:38:969 [OUT] 25 A5 01 04 31 03 88 00 50 11 08 (11)
                              [N4:Y] RUN 0 80 (80)
2026-01-28 11:29:39:053 [IN ] C8 24 0C 0B 25 A5 0C 01 31 03 C9 3A 0B 4F 35 B2 (16)
                              [N12:Z] LFLAG ':' 11 (11)
2026-01-28 11:29:39:074 [OUT] 25 A5 01 0C 31 03 88 00 50 19 38 (11)
                              [N12:Z] RUN 0 80 (80)
2026-01-28 11:29:39:138 [IN ] C8 24 08 0B 25 A5 08 01 31 03 CA 3A 09 4A 1A B2 (16)
                              [N8:R] RFLAG ':' 9 (9)
2026-01-28 11:29:39:265 [IN ] C8 24 03 0C 25 A5 03 01 (8)
2026-01-28 11:29:39:286 [IN ] 31 04 88 53 00 50 64 C2 EA (9)
                              [N3:X] RUN 'S' 0 80 (80)
2026-01-28 11:29:39:369 [IN ] C8 24 04 0C 25 A5 04 01 31 04 88 53 00 50 65 CA EA (17)
                              [N4:Y] RUN 'S' 0 80 (80)
2026-01-28 11:29:39:474 [IN ] C8 24 0C 0C 25 A5 0C 01 31 04 88 53 00 50 6D 0A EA (17)
                              [N12:Z] RUN 'S' 0 80 (80)
2026-01-28 11:29:45:900 [IN ] C8 24 04 0B 25 A5 04 01 31 03 81 5A 4C 60 A6 0A (16)
                              [N4:Y] TPOS 'Z' 76 (76)
2026-01-28 11:29:46:104 [IN ] C8 24 04 0A 25 A5 04 01 31 02 81 49 02 32 A6 (15)
                              [N4:Y] TPOS 'I'
2026-01-28 11:29:46:328 [OUT] 25 A5 01 09 31 02 D8 3F 54 EC (10)
                              [N9:P] INTERRUPT '?'
2026-01-28 11:29:46:629 [IN ] C8 24 09 0C 25 A5 09 01 31 04 D8 3A 01 01 53 9A EA (17)
                              [N9:P] INTERRUPT ':' 1 1 (257)
2026-01-28 11:29:46:650 [OUT] 25 A5 01 04 31 03 C9 3D 09 48 FE (11)
                              [N4:Y] LFLAG '=' 9 (9)
2026-01-28 11:29:46:672 [OUT] 25 A5 01 07 31 02 D8 3F 52 E2 (10)
                              [N7:N] INTERRUPT '?'
2026-01-28 11:29:46:974 [IN ] C8 24 04 0B 25 A5 04 01 31 03 C9 3A 09 45 FB 9A C8 24 07 0C 25 A5 07 01 31 04 D8 3A 01 01 51 8A EA (33)
                              [N4:Y] LFLAG ':' 9 (9)
                              [N7:N] INTERRUPT ':' 1 1 (257)
2026-01-28 11:29:46:994 [OUT] 25 A5 01 09 31 03 C9 3D 0B 4F 1E (11)
                              [N9:P] LFLAG '=' 11 (11)
2026-01-28 11:29:47:016 [OUT] 25 A5 01 07 31 03 C9 3D 0B 4D 12 (11)
                              [N7:N] LFLAG '=' 11 (11)
2026-01-28 11:29:47:143 [IN ] C8 24 09 0B 25 A5 09 01 31 03 C9 3A 0B 4C 20 8A (16)
                              [N9:P] LFLAG ':' 11 (11)
2026-01-28 11:29:47:164 [OUT] 25 A5 01 09 31 03 88 00 50 16 26 (11)
                              [N9:P] RUN 0 80 (80)
2026-01-28 11:29:47:270 [IN ] C8 24 07 0B 25 A5 07 01 31 03 C9 3A 0B 4A 12 8A (16)
                              [N7:N] LFLAG ':' 11 (11)
2026-01-28 11:29:47:292 [OUT] 25 A5 01 07 31 03 88 00 50 14 1A (11)
                              [N7:N] RUN 0 80 (80)
2026-01-28 11:29:47:376 [IN ] C8 24 09 0C 25 A5 09 01 31 04 88 53 00 50 6A F2 EA (17)
                              [N9:P] RUN 'S' 0 80 (80)
2026-01-28 11:29:47:418 [IN ] C8 24 09 0B 25 A5 09 01 31 03 81 5A 4C 65 (14)
2026-01-28 11:29:47:440 [IN ] C9 F2 (2)
                              [N9:P] TPOS 'Z' 76 (76)
2026-01-28 11:29:47:484 [IN ] C8 24 09 0A 25 A5 09 01 31 02 81 49 07 50 C9 (15)
                              [N9:P] TPOS 'I'
2026-01-28 11:29:47:508 [IN ] C8 24 07 0C 25 A5 07 01 31 04 88 53 00 50 68 E2 EA (17)
                              [N7:N] RUN 'S' 0 80 (80)
2026-01-28 11:29:47:529 [OUT] 25 A5 01 09 31 03 C9 3D 09 4D 1C (11)
                              [N9:P] LFLAG '=' 9 (9)
2026-01-28 11:29:47:551 [OUT] 25 A5 01 04 31 05 81 FF EE 88 01 32 FA (13)
                              [N4:Y] TPOS 255 238 136 1 (-1144831)
2026-01-28 11:29:47:677 [IN ] C8 24 09 0B 25 A5 09 01 31 03 C9 3A 09 4A 1E E2 (16)
                              [N9:P] LFLAG ':' 9 (9)
2026-01-28 11:29:47:825 [IN ] C8 24 04 0E 25 A5 04 01 31 06 81 53 00 00 00 00 10 88 0A (19)
                              [N4:Y] TPOS 'S' 0 0 0 0 (0)
2026-01-28 11:29:48:628 [IN ] C8 24 03 0B 25 A5 03 01 31 03 81 5A 4C 5F 9F 00 C8 24 03 0A 25 A5 03 01 31 02 81 49 01 2C 9F (31)
                              [N3:X] TPOS 'Z' 76 (76)
                              [N3:X] TPOS 'I'
2026-01-28 11:29:48:851 [OUT] 25 A5 01 03 31 03 C9 3D 09 47 F8 (11)
                              [N3:X] LFLAG '=' 9 (9)
2026-01-28 11:29:48:998 [IN ] C8 24 03 0B 25 A5 03 01 31 03 C9 3A 09 44 F4 00 (16)
                              [N3:X] LFLAG ':' 9 (9)
2026-01-28 11:29:51:208 [IN ] C8 24 07 0B 25 A5 07 01 31 03 81 5A 4C 63 BB 00 C8 24 07 0A 25 A5 07 01 31 02 81 49 05 44 BB (31)
                              [N7:N] TPOS 'Z' 76 (76)
                              [N7:N] TPOS 'I'
2026-01-28 11:29:51:431 [OUT] 25 A5 01 07 31 03 C9 3D 09 4B 10 (11)
                              [N7:N] LFLAG '=' 9 (9)
2026-01-28 11:29:51:598 [IN ] C8 24 07 0B 25 A5 07 01 31 03 C9 3A 09 48 10 00 (16)
                              [N7:N] LFLAG ':' 9 (9)
2026-01-28 11:29:54:009 [IN ] C8 24 04 0E 25 A5 04 01 31 06 81 45 FF EE 85 81 F5 93 0A (19)
                              [N4:Y] TPOS 'E' 255 238 133 129 (-1145471)
2026-01-28 11:29:54:231 [OUT] 25 A5 01 09 31 05 81 FF E7 5D 56 5A 0C (13)
                              [N9:P] TPOS 255 231 93 86 (-1614506)
2026-01-28 11:29:54:254 [OUT] 25 A5 01 04 31 05 81 FF FD 50 01 09 B7 (13)
                              [N4:Y] TPOS 255 253 80 1 (-176127)
2026-01-28 11:29:54:280 [OUT] 25 A5 01 07 31 05 81 FF AB 19 75 F7 DF (13)
                              [N7:N] TPOS 255 171 25 117 (-5564043)
2026-01-28 11:29:54:304 [OUT] 25 A5 01 03 31 05 81 FF EC 4A AB 9B 1A (13)
                              [N3:X] TPOS 255 236 74 171 (-1291605)
2026-01-28 11:29:54:326 [OUT] 25 A5 01 06 31 02 D8 3F 51 DD (10)
                              [N6:H] INTERRUPT '?'
2026-01-28 11:29:54:628 [IN ] C8 24 09 0E 25 A5 09 01 31 06 81 53 FF FF FF F8 0A A9 0A C8 24 04 0E 25 A5 04 01 31 06 81 53 FF EE 85 81 03 D9 0A (38)
                              [N9:P] TPOS 'S' 255 255 255 248 (-8)
                              [N4:Y] TPOS 'S' 255 238 133 129 (-1145471)
2026-01-28 11:29:54:929 [IN ] C8 24 07 0E 25 A5 07 01 31 06 81 53 FF FF FF FC 0C 99 0A C8 24 03 0E 25 A5 03 01 31 06 81 53 FF FF FF FF 0B 74 0A C8 24 06 0C 25 A5 06 01 31 04 D8 3A 01 01 50 82 0B (55)
                              [N7:N] TPOS 'S' 255 255 255 252 (-4)
                              [N3:X] TPOS 'S' 255 255 255 255 (-1)
                              [N6:H] INTERRUPT ':' 1 1 (257)
2026-01-28 11:29:54:950 [OUT] 25 A5 01 06 31 03 C9 3D 0B 4C 0C (11)
                              [N6:H] LFLAG '=' 11 (11)
2026-01-28 11:29:55:035 [IN ] C8 24 0C 0B 25 A5 0C 01 31 03 81 5A 4C 68 DE 82 (16)
                              [N12:Z] TPOS 'Z' 76 (76)
2026-01-28 11:29:55:079 [IN ] C8 24 0C 0A 25 A5 0C 01 31 02 81 49 0A 62 DE (15)
                              [N12:Z] TPOS 'I'
2026-01-28 11:29:55:104 [IN ] C8 24 06 0B 25 A5 06 01 31 03 C9 3A 0B 49 0B 82 (16)
                              [N6:H] LFLAG ':' 11 (11)
2026-01-28 11:29:55:126 [OUT] 25 A5 01 06 31 03 88 FF B0 72 72 (11)
                              [N6:H] RUN 255 176 (-80)
2026-01-28 11:29:55:148 [OUT] 25 A5 01 0C 31 03 C9 3D 09 50 2E (11)
                              [N12:Z] LFLAG '=' 9 (9)
2026-01-28 11:29:55:298 [IN ] C8 24 06 0C 25 A5 06 01 31 04 88 53 FF B0 C6 38 0B (17)
                              [N6:H] RUN 'S' 255 176 (-80)
2026-01-28 11:29:55:403 [IN ] C8 24 0C 0B 25 A5 0C 01 31 03 C9 3A 09 4D 33 38 (16)
                              [N12:Z] LFLAG ':' 9 (9)
2026-01-28 11:29:55:425 [OUT] 25 A5 01 0C 31 05 81 FF BC D0 00 4F 33 (13)
                              [N12:Z] TPOS 255 188 208 0 (-4403200)
2026-01-28 11:29:55:594 [IN ] C8 24 0C 0E 25 A5 0C 01 31 06 81 53 FF FF FE FA 0E C7 0A (19)
                              [N12:Z] TPOS 'S' 255 255 254 250 (-262)
2026-01-28 11:29:59:408 [IN ] C8 24 06 0B 25 A5 06 01 31 03 81 5A 4C 62 B4 FA C8 24 06 0A 25 A5 06 01 31 02 81 49 04 3E B4 (31)
                              [N6:H] TPOS 'Z' 76 (76)
                              [N6:H] TPOS 'I'
2026-01-28 11:29:59:631 [OUT] 25 A5 01 06 31 03 C9 3D 09 4A 0A (11)
                              [N6:H] LFLAG '=' 9 (9)
2026-01-28 11:29:59:799 [IN ] C8 24 06 0B 25 A5 06 01 31 03 C9 3A 09 47 09 FA (16)
                              [N6:H] LFLAG ':' 9 (9)
2026-01-28 11:29:59:822 [OUT] 25 A5 01 06 31 03 84 00 50 0F 08 (11)
                              [N6:H] VEL 0 80 (80)
2026-01-28 11:29:59:990 [IN ] C8 24 06 0C 25 A5 06 01 31 04 84 53 00 50 63 CA 0E (17)
                              [N6:H] VEL 'S' 0 80 (80)
2026-01-28 11:30:00:011 [OUT] 25 A5 01 06 31 05 81 00 19 82 3C 95 BE (13)
                              [N6:H] TPOS 0 25 130 60 (1671740)
2026-01-28 11:30:00:180 [IN ] C8 24 06 0E 25 A5 06 01 31 (9)
2026-01-28 11:30:00:202 [IN ] 06 81 53 00 00 00 07 19 A3 0A (10)
                              [N6:H] TPOS 'S' 0 0 0 7 (7)
2026-01-28 11:30:01:809 [IN ] C8 24 03 0E 25 A5 03 01 31 06 81 45 FF EC 48 5D 91 E5 0A (19)
                              [N3:X] TPOS 'E' 255 236 72 93 (-1292195)
2026-01-28 11:30:02:232 [OUT] 25 A5 01 03 31 05 81 FF FD 50 01 08 AF (13)
                              [N3:X] TPOS 255 253 80 1 (-176127)
2026-01-28 11:30:02:421 [IN ] C8 24 03 0E 25 A5 03 01 31 06 81 53 FF EC 48 5E A0 2C 0A (19)
                              [N3:X] TPOS 'S' 255 236 72 94 (-1292194)
2026-01-28 11:30:02:822 [IN ] C8 24 04 0E 25 A5 04 01 31 06 81 45 FF FD 4F C3 10 96 0A (19)
                              [N4:Y] TPOS 'E' 255 253 79 195 (-176189)
2026-01-28 11:30:03:626 [IN ] C8 24 09 0E 25 A5 09 01 31 06 81 45 FF E7 5C 51 9A 2E 0A (19)
                              [N9:P] TPOS 'E' 255 231 92 81 (-1614767)
2026-01-28 11:30:04:051 [OUT] 25 A5 01 09 31 05 81 FF FF D9 C8 60 BE (13)
                              [N9:P] TPOS 255 255 217 200 (-9784)
2026-01-28 11:30:04:240 [IN ] C8 24 09 0E 25 A5 09 01 31 06 81 53 FF E7 5C 54 AB 77 0A (19)
                              [N9:P] TPOS 'S' 255 231 92 84 (-1614764)
2026-01-28 11:30:08:054 [IN ] C8 24 06 0E 25 A5 06 01 31 06 81 45 00 19 85 A4 46 4F 0A (19)
                              [N6:H] TPOS 'E' 0 25 133 164 (1672612)
2026-01-28 11:30:08:478 [OUT] 25 A5 01 06 31 05 81 00 0D 03 C1 8F 21 (13)
                              [N6:H] TPOS 0 13 3 193 (852929)
2026-01-28 11:30:08:667 [IN ] C8 24 06 0E 25 A5 06 01 31 06 81 53 00 19 85 9B 4B 8C 0A (19)
                              [N6:H] TPOS 'S' 0 25 133 155 (1672603)
2026-01-28 11:30:11:477 [IN ] C8 24 03 0E 25 A5 03 01 31 06 81 45 FF FD 50 5F AC 2A 0A (19)
                              [N3:X] TPOS 'E' 255 253 80 95 (-176033)
2026-01-28 11:30:12:483 [IN ] C8 24 06 0E 25 A5 06 01 31 06 81 45 00 0C FE F0 FE 66 0A (19)
                              [N6:H] TPOS 'E' 0 12 254 240 (851696)
2026-01-28 11:30:12:706 [OUT] 25 A5 01 05 31 02 D8 3F 50 D8 (10)
                              [N5:V] INTERRUPT '?'
2026-01-28 11:30:13:008 [IN ] C8 24 05 0C 25 A5 05 01 31 04 D8 3A 01 01 4F 7A FE (17)
                              [N5:V] INTERRUPT ':' 1 1 (257)
2026-01-28 11:30:13:029 [OUT] 25 A5 01 05 31 03 C9 3D 0B 4B 06 (11)
                              [N5:V] LFLAG '=' 11 (11)
2026-01-28 11:30:13:197 [IN ] C8 24 05 0B 25 (5)
2026-01-28 11:30:13:218 [IN ] A5 05 01 31 03 C9 3A 0B 48 04 7A (11)
                              [N5:V] LFLAG ':' 11 (11)
2026-01-28 11:30:13:239 [OUT] 25 A5 01 05 31 03 88 FF B0 71 6C (11)
                              [N5:V] RUN 255 176 (-80)
2026-01-28 11:30:13:409 [IN ] C8 24 05 0C 25 A5 05 01 31 04 88 53 FF B0 C5 30 FE (17)
                              [N5:V] RUN 'S' 255 176 (-80)
2026-01-28 11:30:13:610 [IN ] C8 24 09 0E 25 A5 09 01 31 06 81 45 FF FF DC 11 F2 36 0A (19)
                              [N9:P] TPOS 'E' 255 255 220 17 (-9199)
2026-01-28 11:30:13:833 [OUT] 25 A5 01 08 31 02 D8 3F 53 E7 (10)
                              [N8:R] INTERRUPT '?'
2026-01-28 11:30:14:137 [IN ] C8 24 08 0C 25 A5 08 01 31 04 D8 3A 01 01 52 92 F2 (17)
                              [N8:R] INTERRUPT ':' 1 1 (257)
2026-01-28 11:30:14:157 [OUT] 25 A5 01 08 31 03 CA 3D 0B 4F 1B (11)
                              [N8:R] RFLAG '=' 11 (11)
2026-01-28 11:30:14:326 [IN ] C8 24 08 0B 25 A5 08 01 31 03 CA 3A 0B 4C 1C 92 (16)
                              [N8:R] RFLAG ':' 11 (11)
2026-01-28 11:30:14:347 [OUT] 25 A5 01 08 31 03 88 00 50 15 20 (11)
                              [N8:R] RUN 0 80 (80)
2026-01-28 11:30:14:516 [IN ] C8 24 08 0C 25 A5 08 01 31 04 88 53 00 50 69 EA F2 (17)
                              [N8:R] RUN 'S' 0 80 (80)
2026-01-28 11:30:17:928 [IN ] C8 24 0C 0E 25 A5 0C 01 31 06 81 45 FF BC CD 5A EC B6 0A (19)
                              [N12:Z] TPOS 'E' 255 188 205 90 (-4403878)
2026-01-28 11:30:18:354 [OUT] 25 A5 01 0C 31 05 81 FF D1 1A 67 15 6D (13)
                              [N12:Z] TPOS 255 209 26 103 (-3073433)
2026-01-28 11:30:18:417 [IN ] C8 24 05 0B 25 A5 05 01 31 03 81 5A 4C 61 AD 5A (16)
                              [N5:V] TPOS 'Z' 76 (76)
2026-01-28 11:30:18:460 [IN ] C8 24 05 0A 25 A5 05 01 31 02 81 49 03 38 AD (15)
                              [N5:V] TPOS 'I'
2026-01-28 11:30:18:503 [OUT] 25 A5 01 05 31 03 C9 3D 09 49 04 (11)
                              [N5:V] LFLAG '=' 9 (9)
2026-01-28 11:30:18:527 [IN ] C8 24 0C 0E 25 A5 0C 01 31 (9)
2026-01-28 11:30:18:549 [IN ] 06 81 53 FF BC CD 8B 2B 2D 0A (10)
                              [N12:Z] TPOS 'S' 255 188 205 139 (-4403829)
2026-01-28 11:30:18:675 [IN ] C8 24 05 0B 25 A5 05 01 31 03 C9 3A 09 46 02 8B (16)
                              [N5:V] LFLAG ':' 9 (9)
2026-01-28 11:30:18:697 [OUT] 25 A5 01 05 31 03 84 00 50 0E 02 (11)
                              [N5:V] VEL 0 80 (80)
2026-01-28 11:30:18:864 [IN ] C8 24 05 0C 25 A5 05 01 31 04 84 53 00 50 62 C2 2B (17)
                              [N5:V] VEL 'S' 0 80 (80)
2026-01-28 11:30:18:888 [OUT] 25 A5 01 05 31 05 81 00 19 82 3C 94 B6 (13)
                              [N5:V] TPOS 0 25 130 60 (1671740)
2026-01-28 11:30:18:952 [IN ] C8 24 07 0E 25 A5 07 01 31 06 81 45 FF AB 14 C0 83 45 0A (19)
                              [N7:N] TPOS 'E' 255 171 20 192 (-5565248)
2026-01-28 11:30:19:017 [OUT] 25 A5 01 07 31 05 81 FF F3 35 BF A5 39 (13)
                              [N7:N] TPOS 255 243 53 191 (-838209)
2026-01-28 11:30:19:080 [IN ] C8 24 05 0E 25 A5 05 01 31 06 81 53 00 00 00 01 12 93 0A (19)
                              [N5:V] TPOS 'S' 0 0 0 1 (1)
2026-01-28 11:30:19:208 [IN ] C8 24 07 0E 25 A5 07 01 31 06 81 53 FF AB 14 C0 91 8B 0A (19)
                              [N7:N] TPOS 'S' 255 171 20 192 (-5565248)
2026-01-28 11:30:21:217 [IN ] C8 24 08 0B 25 A5 08 01 31 03 81 5A 52 6A C8 C0 (16)
                              [N8:R] TPOS 'Z' 82 (82)
2026-01-28 11:30:21:419 [IN ] C8 24 08 0A 25 A5 08 01 31 02 81 49 06 4A C8 (15)
                              [N8:R] TPOS 'I'
2026-01-28 11:30:21:642 [OUT] 25 A5 01 08 31 03 CA 3D 09 4D 19 (11)
                              [N8:R] RFLAG '=' 9 (9)
2026-01-28 11:30:21:811 [IN ] C8 24 08 0B 25 A5 08 01 31 03 CA 3A 09 4A 1A C0 (16)
                              [N8:R] RFLAG ':' 9 (9)
2026-01-28 11:30:21:832 [OUT] 25 A5 01 08 31 05 81 FF DC 77 1D 2F DE (13)
                              [N8:R] TPOS 255 220 119 29 (-2328803)
2026-01-28 11:30:22:021 [IN ] C8 24 08 0E 25 A5 08 01 31 06 81 53 FF FF FF E9 FA 90 0A (19)
                              [N8:R] TPOS 'S' 255 255 255 233 (-23)
2026-01-28 11:30:25:233 [IN ] C8 24 0C 0E 25 A5 0C 01 31 06 81 45 FF D1 1D 09 00 44 0A (19)
                              [N12:Z] TPOS 'E' 255 209 29 9 (-3072759)
2026-01-28 11:30:27:041 [IN ] C8 24 05 0E 25 A5 05 01 31 06 81 45 00 19 85 FA 9B 9B 0A (19)
                              [N5:V] TPOS 'E' 0 25 133 250 (1672698)
2026-01-28 11:30:27:467 [OUT] 25 A5 01 05 31 05 81 00 0D 03 C1 8E 19 (13)
                              [N5:V] TPOS 0 13 3 193 (852929)
2026-01-28 11:30:27:657 [IN ] C8 24 05 0E 25 A5 05 01 31 06 81 53 00 19 85 F9 A8 E0 0A (19)
                              [N5:V] TPOS 'S' 0 25 133 249 (1672697)
2026-01-28 11:30:33:076 [IN ] C8 24 05 0E 25 A5 05 01 31 06 81 45 00 0D 02 4B 5D C2 0A (19)
                              [N5:V] TPOS 'E' 0 13 2 75 (852555)
2026-01-28 11:30:33:299 [OUT] 25 A5 01 03 31 05 81 FF ED B1 30 88 70 (13)
                              [N3:X] TPOS 255 237 177 48 (-1199824)
2026-01-28 11:30:33:324 [OUT] 25 A5 01 04 31 05 81 FF F3 BD 0C 77 7E (13)
                              [N4:Y] TPOS 255 243 189 12 (-803572)
2026-01-28 11:30:33:492 [IN ] C8 24 03 0E 25 A5 03 01 31 06 81 53 FF FD 50 5F BA 70 0A (19)
                              [N3:X] TPOS 'S' 255 253 80 95 (-176033)
2026-01-28 11:30:33:618 [IN ] C8 24 04 0E 25 A5 04 01 31 06 81 53 FF FD 4F C3 1E DC 0A (19)
                              [N4:Y] TPOS 'S' 255 253 79 195 (-176189)
2026-01-28 11:30:35:224 [IN ] C8 24 08 0E 25 A5 08 01 31 06 81 45 FF DC 74 60 B5 42 0A (19)
                              [N8:R] TPOS 'E' 255 220 116 96 (-2329504)
2026-01-28 11:30:35:648 [OUT] 25 A5 01 08 31 05 81 FF EE 15 56 18 89 (13)
                              [N8:R] TPOS 255 238 21 86 (-1174186)
2026-01-28 11:30:35:836 [IN ] C8 24 08 0E 25 A5 08 01 31 06 81 53 FF DC 74 62 C5 8A 0A (19)
                              [N8:R] TPOS 'S' 255 220 116 98 (-2329502)
2026-01-28 11:30:37:040 [IN ] C8 24 04 0E 25 A5 04 01 31 06 81 45 FF F3 BA 68 16 F3 0A (19)
                              [N4:Y] TPOS 'E' 255 243 186 104 (-804248)
2026-01-28 11:30:38:847 [IN ] C8 24 03 0E 25 A5 03 01 31 06 81 45 FF ED AE A5 40 FC 0A (19)
                              [N3:X] TPOS 'E' 255 237 174 165 (-1200475)
2026-01-28 11:30:39:852 [IN ] C8 24 07 0E 25 A5 07 01 31 06 81 45 FF F3 3A EF 20 98 0A (19)
                              [N7:N] TPOS 'E' 255 243 58 239 (-836881)
2026-01-28 11:30:42:263 [IN ] C8 24 08 0E 25 A5 08 01 31 06 81 45 FF EE 17 CE D8 2C 0A (19)
                              [N8:R] TPOS 'E' 255 238 23 206 (-1173554)
