2026-01-28 11:09:28:905 [OUT] 25 A5 01 0A 31 05 D6 3D FF 00 00 53 ED (13)
                              [N10:HMI] HMILED '=' 255 0 0 (16711680)
2026-01-28 11:09:28:929 [OUT] 25 A5 01 04 31 07 E7 3D 65 00 00 00 62 28 3E (15)
                              [N4:Y] LONG32VALUE '=' 'e' 0 0 0 98 (98)
2026-01-28 11:09:28:951 [OUT] 25 A5 01 03 31 07 E7 3D 65 00 00 00 B4 79 86 (15)
                              [N3:X] LONG32VALUE '=' 'e' 0 0 0 180 (180)
2026-01-28 11:09:29:078 [IN ] C8 24 0A (3)
2026-01-28 11:09:29:099 [IN ] 0D 25 A5 0A 01 31 05 D6 3A FF 00 00 50 EA 01 (15)
                              [N10:HMI] HMILED ':' 255 0 0 (16711680)
2026-01-28 11:09:29:268 [IN ] C8 24 04 0F 25 A5 04 01 31 07 E7 3A 65 00 00 00 62 25 2F 02 (20)
                              [N4:Y] LONG32VALUE ':' 'e' 0 0 0 98 (98)
2026-01-28 11:09:29:290 [OUT] 25 A5 01 04 31 05 81 FF F5 DA 1E A8 D0 (13)
                              [N4:Y] TPOS 255 245 218 30 (-665058)
2026-01-28 11:09:29:312 [IN ] C8 24 0B 0A 25 A5 0B 01 31 02 DE 03 20 D0 00 (15)
                              [N11:NG] NGSWSTATE 3 (3)
2026-01-28 11:09:29:396 [IN ] C8 24 03 0F 25 A5 03 01 31 07 E7 3A 65 00 00 00 B4 76 76 02 (20)
                              [N3:X] LONG32VALUE ':' 'e' 0 0 0 180 (180)
2026-01-28 11:09:29:418 [OUT] 25 A5 01 03 31 05 81 FF F1 8E 88 C1 8E (13)
                              [N3:X] TPOS 255 241 142 136 (-946552)
2026-01-28 11:09:29:524 [IN ] C8 24 04 0E 25 A5 04 01 31 06 81 53 FF F3 BA 99 55 6A 76 (19)
                              [N4:Y] TPOS 'S' 255 243 186 153 (-804199)
2026-01-28 11:09:29:546 [OUT] 25 A5 01 04 31 01 DB 12 85 (9)
                              [N4:Y] STARTMOVE
2026-01-28 11:09:29:651 [IN ] C8 24 03 0E 25 A5 03 01 31 06 81 53 FF ED AE D5 7E 72 76 (19)
                              [N3:X] TPOS 'S' 255 237 174 213 (-1200427)
2026-01-28 11:09:29:673 [OUT] 25 A5 01 03 31 01 DB 11 81 (9)
                              [N3:X] STARTMOVE
2026-01-28 11:09:29:758 [IN ] C8 24 04 0A 25 A5 04 01 31 02 DB 01 14 9E AE (15)
                              [N4:Y] STARTMOVE ''
2026-01-28 11:09:29:843 [IN ] C8 24 03 0A 25 A5 03 01 31 02 DB 01 13 98 AE (15)
                              [N3:X] STARTMOVE ''
2026-01-28 11:09:30:445 [IN ] C8 24 0B 0A 25 A5 0B 01 31 02 DE 03 20 D0 AE (15)
                              [N11:NG] NGSWSTATE 3 (3)
2026-01-28 11:09:30:848 [IN ] C8 24 04 0E 25 A5 04 01 31 06 81 45 FF F5 DA 4C 1C 1D 76 (19)
                              [N4:Y] TPOS 'E' 255 245 218 76 (-665012)
2026-01-28 11:09:31:451 [IN ] C8 24 03 0E 25 A5 03 01 31 06 81 45 FF F1 90 0C 8D 33 76 C8 24 0B 0A 25 A5 0B 01 31 02 DE 03 20 D0 90 (34)
                              [N3:X] TPOS 'E' 255 241 144 12 (-946164)
                              [N11:NG] NGSWSTATE 3 (3)
2026-01-28 11:09:31:875 [OUT] 25 A5 01 04 31 03 84 00 50 0D FC (11)
                              [N4:Y] VEL 0 80 (80)
2026-01-28 11:09:31:897 [OUT] 25 A5 01 03 31 03 84 00 50 0C F6 (11)
                              [N3:X] VEL 0 80 (80)
2026-01-28 11:09:31:919 [OUT] 25 A5 01 09 31 05 81 FF EF D0 55 D4 09 (13)
                              [N9:P] TPOS 255 239 208 85 (-1060779)
2026-01-28 11:09:31:941 [OUT] 25 A5 01 07 31 05 81 FF D2 D6 2D 93 86 (13)
                              [N7:N] TPOS 255 210 214 45 (-2959827)
2026-01-28 11:09:32:047 [IN ] C8 24 04 0C 25 A5 04 01 31 04 84 53 00 50 61 BA 8D (17)
                              [N4:Y] VEL 'S' 0 80 (80)
2026-01-28 11:09:32:068 [OUT] 25 A5 01 04 31 05 81 FF F4 E8 BF 56 8A (13)
                              [N4:Y] TPOS 255 244 232 191 (-726849)
2026-01-28 11:09:32:150 [IN ] C8 24 03 0C 25 A5 03 01 31 04 84 53 00 50 60 B2 8D (17)
                              [N3:X] VEL 'S' 0 80 (80)
2026-01-28 11:09:32:172 [OUT] 25 A5 01 03 31 05 81 FF F0 D2 25 A1 B0 (13)
                              [N3:X] TPOS 255 240 210 37 (-994779)
2026-01-28 11:09:32:278 [IN ] C8 24 09 0E 25 A5 09 01 31 06 81 53 FF F0 DD 64 45 A4 76 (19)
                              [N9:P] TPOS 'S' 255 240 221 100 (-991900)
2026-01-28 11:09:32:341 [IN ] C8 24 0B 0A 25 A5 0B 01 31 02 DE 03 20 D0 DD (15)
                              [N11:NG] NGSWSTATE 3 (3)
2026-01-28 11:09:32:404 [IN ] C8 24 07 0E 25 A5 07 01 31 06 81 53 FF E3 8B 75 F5 D6 76 (19)
                              [N7:N] TPOS 'S' 255 227 139 117 (-1864843)
2026-01-28 11:09:32:550 [IN ] C8 24 04 0E 25 A5 04 01 31 06 81 53 FF F5 DA 4C 2A 63 76 (19)
                              [N4:Y] TPOS 'S' 255 245 218 76 (-665012)
2026-01-28 11:09:32:655 [IN ] C8 24 03 0E 25 A5 03 01 31 06 81 53 FF F1 90 0C 9B 79 76 (19)
                              [N3:X] TPOS 'S' 255 241 144 12 (-946164)
2026-01-28 11:09:32:856 [IN ] C8 24 09 0E 25 A5 09 01 31 06 81 45 FF EF CE FB BE D4 76 (19)
                              [N9:P] TPOS 'E' 255 239 206 251 (-1061125)
2026-01-28 11:09:33:057 [IN ] C8 24 04 0E 25 A5 04 01 31 06 81 45 FF F4 E6 45 20 2B 76 C8 24 03 0E 25 A5 03 01 31 06 81 45 FF F0 CF B1 70 53 76 (38)
                              [N4:Y] TPOS 'E' 255 244 230 69 (-727483)
                              [N3:X] TPOS 'E' 255 240 207 177 (-995407)
2026-01-28 11:09:33:459 [IN ] C8 24 0B 0A 25 A5 0B 01 31 02 DE 03 20 D0 CF (15)
                              [N11:NG] NGSWSTATE 3 (3)
2026-01-28 11:09:34:464 [IN ] C8 24 0B 0A 25 A5 0B 01 31 02 DE 03 20 D0 CF (15)
                              [N11:NG] NGSWSTATE 3 (3)
2026-01-28 11:09:35:468 [IN ] C8 24 0B 0A 25 A5 0B 01 31 02 DE 03 20 D0 CF (15)
                              [N11:NG] NGSWSTATE 3 (3)
2026-01-28 11:09:36:472 [IN ] C8 24 0B 0A 25 A5 0B 01 31 02 DE 03 20 D0 CF (15)
                              [N11:NG] NGSWSTATE 3 (3)
2026-01-28 11:09:37:275 [IN ] C8 24 07 0E 25 A5 07 01 31 06 81 45 FF D2 D1 06 AD 7A 76 (19)
                              [N7:N] TPOS 'E' 255 210 209 6 (-2961146)
