2026-01-28 15:20:14:628 [OUT] 25 A5 01 0A 31 05 D6 3D FF 00 00 53 ED (13)
                              [N10:HMI] HMILED '=' 255 0 0 (16711680)
2026-01-28 15:20:14:657 [OUT] 25 A5 01 04 31 07 E7 3D 65 00 00 00 B4 7A 90 (15)
                              [N4:Y] LONG32VALUE '=' 'e' 0 0 0 180 (180)
2026-01-28 15:20:14:680 [OUT] 25 A5 01 03 31 07 E7 3D 65 00 00 00 70 35 42 (15)
                              [N3:X] LONG32VALUE '=' 'e' 0 0 0 112 (112)
2026-01-28 15:20:14:824 [IN ] C8 24 0A 0D 25 A5 0A 01 31 05 D6 3A FF 00 00 50 EA D6 (18)
                              [N10:HMI] HMILED ':' 255 0 0 (16711680)
2026-01-28 15:20:14:972 [IN ] C8 24 04 0F 25 A5 04 01 31 07 E7 3A 65 00 00 00 B4 77 81 02 (20)
                              [N4:Y] LONG32VALUE ':' 'e' 0 0 0 180 (180)
2026-01-28 15:20:14:993 [OUT] 25 A5 01 04 31 05 81 FF ED 56 8C 8A 1E (13)
                              [N4:Y] TPOS 255 237 86 140 (-1223028)
2026-01-28 15:20:15:141 [IN ] C8 24 03 0F 25 A5 03 01 31 07 E7 3A 65 00 00 00 70 32 32 02 (20)
                              [N3:X] LONG32VALUE ':' 'e' 0 0 0 112 (112)
2026-01-28 15:20:15:162 [OUT] 25 A5 01 03 31 05 81 FF F1 A9 90 E4 CC (13)
                              [N3:X] TPOS 255 241 169 144 (-939632)
2026-01-28 15:20:15:247 [IN ] C8 24 04 0E 25 A5 04 01 31 06 81 53 FF F3 BA 7D 39 4E 32 (19)
                              [N4:Y] TPOS 'S' 255 243 186 125 (-804227)
2026-01-28 15:20:15:268 [OUT] 25 A5 01 04 31 01 DB 12 85 (9)
                              [N4:Y] STARTMOVE
2026-01-28 15:20:15:374 [IN ] C8 24 03 0E 25 A5 03 01 31 06 81 53 FF ED AE 8D 36 2A 32 (19)
                              [N3:X] TPOS 'S' 255 237 174 141 (-1200499)
2026-01-28 15:20:15:395 [OUT] 25 A5 01 03 31 01 DB 11 81 (9)
                              [N3:X] STARTMOVE
2026-01-28 15:20:15:480 [IN ] C8 24 04 0A 25 A5 04 01 31 02 DB 01 14 9E AE (15)
                              [N4:Y] STARTMOVE ''
2026-01-28 15:20:15:544 [IN ] C8 24 03 (3)
2026-01-28 15:20:15:567 [IN ] 0A 25 A5 03 01 31 02 DB 01 13 98 AE (12)
                              [N3:X] STARTMOVE ''
2026-01-28 15:20:17:376 [IN ] C8 24 03 0E 25 A5 03 01 31 06 81 45 FF F1 AA 57 F2 B2 32 (19)
                              [N3:X] TPOS 'E' 255 241 170 87 (-939433)
2026-01-28 15:20:17:577 [IN ] C8 24 04 0E 25 A5 04 01 31 06 81 45 FF ED 53 0A 4B B5 32 (19)
                              [N4:Y] TPOS 'E' 255 237 83 10 (-1223926)
2026-01-28 15:20:18:003 [OUT] 25 A5 01 04 31 03 84 00 50 0D FC (11)
                              [N4:Y] VEL 0 80 (80)
2026-01-28 15:20:18:025 [OUT] 25 A5 01 03 31 03 84 00 50 0C F6 (11)
                              [N3:X] VEL 0 80 (80)
2026-01-28 15:20:18:046 [OUT] 25 A5 01 09 31 05 81 FF ED 20 55 22 A3 (13)
                              [N9:P] TPOS 255 237 32 85 (-1236907)
2026-01-28 15:20:18:067 [OUT] 25 A5 01 05 31 05 81 00 0D 30 69 63 1B (13)
                              [N5:V] TPOS 0 13 48 105 (864361)
2026-01-28 15:20:18:090 [OUT] 25 A5 01 06 31 05 81 00 0D 30 69 64 23 (13)
                              [N6:H] TPOS 0 13 48 105 (864361)
2026-01-28 15:20:18:112 [OUT] 25 A5 01 07 31 05 81 FF E7 98 E8 25 04 (13)
                              [N7:N] TPOS 255 231 152 232 (-1599256)
2026-01-28 15:20:18:155 [IN ] C8 24 04 0C 25 A5 04 01 31 04 84 53 00 50 61 (15)
2026-01-28 15:20:18:177 [IN ] BA 4B (2)
                              [N4:Y] VEL 'S' 0 80 (80)
2026-01-28 15:20:18:198 [OUT] 25 A5 01 04 31 05 81 FF EC 45 4A 36 B7 (13)
                              [N4:Y] TPOS 255 236 69 74 (-1292982)
2026-01-28 15:20:18:282 [IN ] C8 24 03 0C 25 A5 03 01 31 04 84 53 00 50 60 B2 4B (17)
                              [N3:X] VEL 'S' 0 80 (80)
2026-01-28 15:20:18:303 [OUT] 25 A5 01 03 31 05 81 FF F1 23 E1 AF 11 (13)
                              [N3:X] TPOS 255 241 35 225 (-973855)
2026-01-28 15:20:18:409 [IN ] C8 24 09 0E 25 A5 09 01 31 06 81 53 FF E7 F8 5F 52 BA 32 (19)
                              [N9:P] TPOS 'S' 255 231 248 95 (-1574817)
2026-01-28 15:20:18:534 [IN ] C8 24 05 0E 25 A5 05 01 31 06 81 53 00 0D 02 4A 6A 07 32 (19)
                              [N5:V] TPOS 'S' 0 13 2 74 (852554)
2026-01-28 15:20:18:660 [IN ] C8 24 06 0E (4)
2026-01-28 15:20:18:683 [IN ] 25 A5 06 01 31 06 81 53 00 0C FE D8 F4 94 32 (15)
                              [N6:H] TPOS 'S' 0 12 254 216 (851672)
2026-01-28 15:20:18:725 [IN ] C8 24 05 0E 25 A5 05 01 31 06 81 45 00 0D 34 02 46 DD 32 (19)
                              [N5:V] TPOS 'E' 0 13 52 2 (865282)
2026-01-28 15:20:18:789 [IN ] C8 24 07 0E 25 A5 07 01 31 06 81 53 FF F3 3B 0C 4C FD 32 (19)
                              [N7:N] TPOS 'S' 255 243 59 12 (-836852)
2026-01-28 15:20:18:853 [IN ] C8 24 06 0E 25 A5 06 01 31 06 81 45 00 0D 34 DE 23 C3 32 (19)
                              [N6:H] TPOS 'E' 0 13 52 222 (865502)
2026-01-28 15:20:18:916 [IN ] C8 24 04 0E 25 A5 04 01 31 06 81 53 FF ED 53 0A 59 FB 32 (19)
                              [N4:Y] TPOS 'S' 255 237 83 10 (-1223926)
2026-01-28 15:20:19:063 [IN ] C8 24 03 0E 25 A5 03 01 31 06 81 53 FF F1 AA 57 00 F8 32 (19)
                              [N3:X] TPOS 'S' 255 241 170 87 (-939433)
2026-01-28 15:20:19:466 [IN ] C8 24 03 0E 25 A5 03 01 31 06 81 45 FF F1 21 67 79 B0 32 C8 24 04 0E 25 A5 04 01 31 06 81 45 FF EC 43 2F 5F B7 32 (38)
                              [N3:X] TPOS 'E' 255 241 33 103 (-974489)
                              [N4:Y] TPOS 'E' 255 236 67 47 (-1293521)
2026-01-28 15:20:20:471 [IN ] C8 24 09 0E 25 A5 09 01 31 06 81 45 FF ED 22 E6 FB 61 32 (19)
                              [N9:P] TPOS 'E' 255 237 34 230 (-1236250)
2026-01-28 15:20:22:279 [IN ] C8 24 07 0E 25 A5 07 01 31 06 81 45 FF E7 93 99 17 D0 32 (19)
                              [N7:N] TPOS 'E' 255 231 147 153 (-1600615)
