2025-07-25 13:50:44:883 [OUT] 25 A5 01 0A 31 05 D6 3D FF 00 00 53 ED (13)
                              [N10:HMI] HMILED '=' 255 0 0 (16711680)
2025-07-25 13:50:44:904 [OUT] 25 A5 01 09 31 05 81 FF EF 6E 2D 4A 1D (13)
                              [N9:P] TPOS 255 239 110 45 (-1085907)
2025-07-25 13:50:44:905 [IN ] C8 24 0B 0A 25 A5 0B 01 31 02 DE 03 20 D0 00 (15)
                              [N11:NG] NGSWSTATE 3 (3)
2025-07-25 13:50:44:927 [OUT] 25 A5 01 08 31 05 81 FF ED 5D DE E7 9E (13)
                              [N8:R] TPOS 255 237 93 222 (-1221154)
2025-07-25 13:50:45:074 [IN ] C8 24 0A 0D 25 A5 0A 01 31 05 D6 3A FF 00 00 50 EA 6B (18)
                              [N10:HMI] HMILED ':' 255 0 0 (16711680)
2025-07-25 13:50:45:222 [IN ] C8 24 09 0E 25 A5 09 01 31 06 81 53 FF EC F9 0C 05 78 39 (19)
                              [N9:P] TPOS 'S' 255 236 249 12 (-1246964)
2025-07-25 13:50:45:327 [IN ] C8 24 08 0E 25 A5 08 01 31 06 81 53 FF EE F1 AE A0 06 39 (19)
                              [N8:R] TPOS 'S' 255 238 241 174 (-1117778)
2025-07-25 13:50:45:930 [IN ] C8 24 0B 0A 25 A5 0B 01 31 02 DE 03 20 D0 F1 (15)
                              [N11:NG] NGSWSTATE 3 (3)
2025-07-25 13:50:46:132 [IN ] C8 24 08 0E 25 A5 08 01 31 06 81 45 FF ED 5A F3 3F D4 39 (19)
                              [N8:R] TPOS 'E' 255 237 90 243 (-1221901)
2025-07-25 13:50:46:334 [IN ] C8 24 09 0E 25 A5 09 01 31 06 81 45 FF EF 70 9D 02 BA 39 (19)
                              [N9:P] TPOS 'E' 255 239 112 157 (-1085283)
