2025-07-25 11:18:19:536 [OUT] 25 A5 01 0A 31 05 D6 3D FF 00 00 53 ED (13)
                              [N10:HMI] HMILED '=' 255 0 0 (16711680)
2025-07-25 11:18:19:566 [OUT] 25 A5 01 04 31 05 81 FF F6 DF 1F AF DE (13)
                              [N4:Y] TPOS 255 246 223 31 (-598241)
2025-07-25 11:18:19:587 [OUT] 25 A5 01 03 31 05 81 FF E9 05 23 CB FF (13)
                              [N3:X] TPOS 255 233 5 35 (-1506013)
2025-07-25 11:18:19:609 [OUT] 25 A5 01 05 31 05 81 00 0D 73 67 A4 9F (13)
                              [N5:V] TPOS 0 13 115 103 (881511)
2025-07-25 11:18:19:631 [OUT] 25 A5 01 06 31 05 81 00 0C 01 AF 7A 08 (13)
                              [N6:H] TPOS 0 12 1 175 (786863)
2025-07-25 11:18:19:735 [IN ] C8 24 0A 0D 25 A5 0A 01 31 05 D6 3A FF 00 00 50 EA A2 (18)
                              [N10:HMI] HMILED ':' 255 0 0 (16711680)
2025-07-25 11:18:19:862 [IN ] C8 24 04 0E 25 A5 04 01 31 06 81 53 FF F6 DC 61 42 7F 56 (19)
                              [N4:Y] TPOS 'S' 255 246 220 97 (-598943)
2025-07-25 11:18:19:946 [IN ] C8 24 04 0E 25 A5 04 01 31 06 81 45 FF F6 DD 69 3D 43 56 (19)
                              [N4:Y] TPOS 'E' 255 246 221 105 (-598679)
2025-07-25 11:18:19:988 [IN ] C8 24 03 0E 25 A5 03 01 31 06 81 53 FF E9 03 E2 DC 1D 56 (19)
                              [N3:X] TPOS 'S' 255 233 3 226 (-1506334)
2025-07-25 11:18:20:094 [IN ] C8 24 03 0E 25 A5 03 01 31 06 81 45 FF E9 04 07 F4 FE 56 (19)
                              [N3:X] TPOS 'E' 255 233 4 7 (-1506297)
2025-07-25 11:18:20:115 [IN ] C8 24 05 0E 25 A5 05 01 31 06 81 53 00 0C C3 CC AC 08 56 (19)
                              [N5:V] TPOS 'S' 0 12 195 204 (836556)
2025-07-25 11:18:20:242 [IN ] C8 24 06 0E 25 A5 06 01 31 06 81 53 00 0C 57 86 FB F4 56 (19)
                              [N6:H] TPOS 'S' 0 12 87 134 (808838)
2025-07-25 11:18:20:444 [IN ] C8 24 05 0E 25 A5 05 01 31 06 81 45 00 0D 77 4C D3 AD 56 C8 24 06 0E 25 A5 06 01 31 06 81 45 00 0B FD 0E 1A 7F 56 C8 24 0B 0A (42)
                              [N5:V] TPOS 'E' 0 13 119 76 (882508)
                              [N6:H] TPOS 'E' 0 11 253 14 (785678)
