2025-07-25 10:46:59:400 [OUT] 25 A5 01 0A 31 05 D6 3D FF 00 00 53 ED (13)
                              [N10:HMI] HMILED '=' 255 0 0 (16711680)
2025-07-25 10:46:59:422 [OUT] 25 A5 01 09 31 05 81 FF E9 85 4C 7A 58 (13)
                              [N9:P] TPOS 255 233 133 76 (-1473204)
2025-07-25 10:46:59:444 [OUT] 25 A5 01 08 31 05 81 FF ED 5D DE E7 9E (13)
                              [N8:R] TPOS 255 237 93 222 (-1221154)
2025-07-25 10:46:59:549 [IN ] C8 24 0B 0A 25 A5 0B 01 31 02 DE 03 20 D0 B7 (15)
                              [N11:NG] NGSWSTATE 3 (3)
2025-07-25 10:46:59:570 [IN ] C8 24 0A 0D 25 A5 0A 01 31 05 D6 3A FF 00 00 50 EA 27 (18)
                              [N10:HMI] HMILED ':' 255 0 0 (16711680)
2025-07-25 10:46:59:718 [IN ] C8 24 09 0E 25 A5 09 01 31 06 81 53 FF FF DA 64 51 CB 0A (19)
                              [N9:P] TPOS 'S' 255 255 218 100 (-9628)
2025-07-25 10:46:59:843 [IN ] C8 24 08 0E 25 A5 08 01 31 06 81 53 FF ED 5F 74 D3 A5 0A (19)
                              [N8:R] TPOS 'S' 255 237 95 116 (-1220748)
2025-07-25 10:47:00:044 [IN ] C8 24 08 0E 25 A5 08 01 31 06 81 45 FF ED 5F 5A AB 45 0A (19)
                              [N8:R] TPOS 'E' 255 237 95 90 (-1220774)
2025-07-25 10:47:00:647 [IN ] C8 24 0B 0A 25 A5 0B 01 31 02 DE 03 20 D0 5F (15)
                              [N11:NG] NGSWSTATE 3 (3)
2025-07-25 10:47:01:649 [IN ] C8 24 0B 0A 25 A5 0B 01 31 02 DE 03 20 D0 5F (15)
                              [N11:NG] NGSWSTATE 3 (3)
2025-07-25 10:47:02:654 [IN ] C8 24 0B 0A 25 A5 0B 01 31 02 DE 03 20 D0 5F (15)
                              [N11:NG] NGSWSTATE 3 (3)
2025-07-25 10:47:03:657 [IN ] C8 24 0B 0A 25 A5 0B 01 31 02 DE 03 20 D0 5F (15)
                              [N11:NG] NGSWSTATE 3 (3)
2025-07-25 10:47:04:660 [IN ] C8 24 0B 0A 25 A5 0B 01 31 02 DE 03 20 D0 5F (15)
                              [N11:NG] NGSWSTATE 3 (3)
2025-07-25 10:47:05:665 [IN ] C8 24 0B 0A 25 A5 0B 01 31 02 DE 03 20 D0 5F (15)
                              [N11:NG] NGSWSTATE 3 (3)
2025-07-25 10:47:06:670 [IN ] C8 24 0B 0A 25 A5 0B 01 31 02 DE 03 20 D0 5F (15)
                              [N11:NG] NGSWSTATE 3 (3)
2025-07-25 10:47:07:675 [IN ] C8 24 0B 0A 25 A5 0B 01 31 02 DE 03 20 D0 5F (15)
                              [N11:NG] NGSWSTATE 3 (3)
2025-07-25 10:47:07:876 [IN ] C8 24 09 0E 25 A5 09 01 31 06 81 45 FF E9 82 5B CC 8A 0A (19)
                              [N9:P] TPOS 'E' 255 233 130 91 (-1473957)
