2025-07-25 13:20:31:978 [OUT] 25 A5 01 0B 31 03 88 FF 9C 63 7C (11)
                              [N11:NG] RUN 255 156 (-100)
2025-07-25 13:20:32:147 [IN ] C8 24 0B 0C 25 A5 0B 01 31 04 88 53 FF 9C B7 4C EB (17)
                              [N11:NG] RUN 'S' 255 156 (-100)
2025-07-25 13:20:32:349 [IN ] C8 24 0B 0A 25 A5 0B 01 31 02 DE 02 1F CF B7 (15)
                              [N11:NG] NGSWSTATE 2 (2)
2025-07-25 13:20:32:550 [IN ] C8 24 0B 0A 25 A5 0B 01 31 02 DE 03 20 D0 B7 C8 24 0B 0A 25 A5 0B 01 31 02 DE 03 20 D0 B7 (30)
                              [N11:NG] NGSWSTATE 3 (3)
                              [N11:NG] NGSWSTATE 3 (3)
2025-07-25 13:20:32:772 [OUT] 25 A5 01 0B 31 03 88 00 64 2C 46 (11)
                              [N11:NG] RUN 0 100 (100)
2025-07-25 13:20:32:940 [IN ] C8 24 0B 0C 25 A5 0B 01 31 04 88 53 00 64 80 16 EB (17)
                              [N11:NG] RUN 'S' 0 100 (100)
2025-07-25 13:20:33:543 [IN ] C8 24 0B 0A 25 A5 0B 01 31 02 DE 02 1F CF 80 C8 24 0B 0A 25 A5 0B 01 31 02 DE 00 1D CD 80 (30)
                              [N11:NG] NGSWSTATE 2 (2)
                              [N11:NG] NGSWSTATE 0 (0)
2025-07-25 13:20:33:744 [IN ] C8 24 0B 0A 25 A5 0B 01 31 02 DE 00 1D CD 80 (15)
                              [N11:NG] NGSWSTATE 0 (0)
2025-07-25 13:20:33:766 [OUT] 25 A5 01 0B 31 03 88 FF 9C 63 7C (11)
                              [N11:NG] RUN 255 156 (-100)
2025-07-25 13:20:33:933 [IN ] C8 24 0B 0C 25 A5 0B 01 31 04 88 53 FF 9C B7 4C EB (17)
                              [N11:NG] RUN 'S' 255 156 (-100)
2025-07-25 13:20:34:134 [IN ] C8 24 0B 0A 25 A5 0B 01 31 02 DE 02 1F CF B7 (15)
                              [N11:NG] NGSWSTATE 2 (2)
2025-07-25 13:20:34:336 [IN ] C8 24 0B 0A 25 A5 0B 01 31 02 DE 03 20 D0 B7 (15)
                              [N11:NG] NGSWSTATE 3 (3)
2025-07-25 13:20:34:558 [OUT] 25 A5 01 0B 31 03 88 00 64 2C 46 (11)
                              [N11:NG] RUN 0 100 (100)
2025-07-25 13:20:34:558 [IN ] C8 24 0B 0A 25 A5 0B 01 31 02 (10)
2025-07-25 13:20:34:580 [IN ] DE 03 20 D0 B7 (5)
                              [N11:NG] NGSWSTATE 3 (3)
2025-07-25 13:20:34:705 [IN ] C8 24 0B 0C 25 A5 0B 01 31 04 88 53 00 64 80 16 EB (17)
                              [N11:NG] RUN 'S' 0 100 (100)
2025-07-25 13:20:35:309 [IN ] C8 24 0B 0A 25 A5 0B 01 31 02 DE 02 1F CF 80 C8 24 0B 0A 25 A5 0B 01 31 02 DE 00 1D CD 80 (30)
                              [N11:NG] NGSWSTATE 2 (2)
                              [N11:NG] NGSWSTATE 0 (0)
2025-07-25 13:20:35:531 [OUT] 25 A5 01 0B 31 03 88 FF 9C 63 7C (11)
                              [N11:NG] RUN 255 156 (-100)
2025-07-25 13:20:35:553 [IN ] C8 24 0B 0A 25 A5 0B 01 31 02 DE 00 1D CD 80 (15)
                              [N11:NG] NGSWSTATE 0 (0)
2025-07-25 13:20:35:700 [IN ] C8 24 0B 0C 25 A5 0B 01 31 04 88 53 FF 9C B7 4C EB (17)
                              [N11:NG] RUN 'S' 255 156 (-100)
2025-07-25 13:20:36:102 [IN ] C8 24 0B 0A 25 A5 0B 01 31 02 DE 02 1F CF B7 C8 24 0B 0A 25 A5 0B 01 31 02 DE 03 20 D0 B7 (30)
                              [N11:NG] NGSWSTATE 2 (2)
                              [N11:NG] NGSWSTATE 3 (3)
2025-07-25 13:20:36:325 [OUT] 25 A5 01 0B 31 03 88 00 64 2C 46 (11)
                              [N11:NG] RUN 0 100 (100)
2025-07-25 13:20:36:512 [IN ] C8 24 0B 0C 25 A5 0B 01 31 04 88 53 00 64 80 16 EB (17)
                              [N11:NG] RUN 'S' 0 100 (100)
2025-07-25 13:20:36:713 [IN ] C8 24 0B 0A 25 A5 0B 01 31 02 DE 03 20 D0 80 (15)
                              [N11:NG] NGSWSTATE 3 (3)
2025-07-25 13:20:37:116 [IN ] C8 24 0B 0A 25 A5 0B 01 31 02 DE 02 1F CF 80 C8 24 0B 0A 25 A5 0B 01 31 02 DE 00 1D CD 80 (30)
                              [N11:NG] NGSWSTATE 2 (2)
                              [N11:NG] NGSWSTATE 0 (0)
2025-07-25 13:20:37:339 [OUT] 25 A5 01 0B 31 03 88 FF 9C 63 7C (11)
                              [N11:NG] RUN 255 156 (-100)
2025-07-25 13:20:37:508 [IN ] C8 24 0B 0C 25 A5 0B 01 31 04 88 53 FF 9C B7 4C EB (17)
                              [N11:NG] RUN 'S' 255 156 (-100)
2025-07-25 13:20:37:710 [IN ] C8 24 0B 0A 25 A5 0B 01 31 02 DE 00 1D CD B7 C8 24 0B 0A 25 A5 0B 01 31 02 DE 02 1F CF B7 (30)
                              [N11:NG] NGSWSTATE 0 (0)
                              [N11:NG] NGSWSTATE 2 (2)
2025-07-25 13:20:37:912 [IN ] C8 24 0B 0A 25 A5 0B 01 31 02 DE 03 20 D0 B7 (15)
                              [N11:NG] NGSWSTATE 3 (3)
2025-07-25 13:20:38:134 [OUT] 25 A5 01 0B 31 03 88 00 64 2C 46 (11)
                              [N11:NG] RUN 0 100 (100)
2025-07-25 13:20:38:302 [IN ] C8 24 0B 0C 25 A5 0B 01 31 04 88 53 00 64 80 16 EB (17)
                              [N11:NG] RUN 'S' 0 100 (100)
2025-07-25 13:20:38:705 [IN ] C8 24 0B 0A 25 A5 0B 01 31 02 DE 03 20 D0 80 (15)
                              [N11:NG] NGSWSTATE 3 (3)
2025-07-25 13:20:38:907 [IN ] C8 24 0B 0A 25 A5 0B 01 31 02 DE 02 1F CF 80 C8 24 0B 0A 25 A5 0B 01 31 02 DE 00 1D CD 80 (30)
                              [N11:NG] NGSWSTATE 2 (2)
                              [N11:NG] NGSWSTATE 0 (0)
2025-07-25 13:20:39:130 [OUT] 25 A5 01 0B 31 03 88 FF 9C 63 7C (11)
                              [N11:NG] RUN 255 156 (-100)
2025-07-25 13:20:39:278 [IN ] C8 24 0B 0C 25 A5 0B 01 31 04 88 53 FF 9C B7 4C EB (17)
                              [N11:NG] RUN 'S' 255 156 (-100)
2025-07-25 13:20:39:680 [IN ] C8 24 0B 0A 25 A5 0B 01 31 02 DE 02 1F CF B7 C8 24 0B 0A 25 A5 0B 01 31 02 DE 03 20 D0 B7 C8 24 0B 0A 25 A5 0B 01 31 02 DE 03 20 D0 B7 (45)
                              [N11:NG] NGSWSTATE 2 (2)
                              [N11:NG] NGSWSTATE 3 (3)
                              [N11:NG] NGSWSTATE 3 (3)
