2025-07-25 14:11:09:181 [OUT] 25 A5 01 0A 31 05 D6 3D FF 00 00 53 ED (13)
                              [N10:HMI] HMILED '=' 255 0 0 (16711680)
2025-07-25 14:11:09:204 [OUT] 25 A5 01 04 31 07 E7 3D 65 00 00 00 B4 7A 90 (15)
                              [N4:Y] LONG32VALUE '=' 'e' 0 0 0 180 (180)
2025-07-25 14:11:09:226 [OUT] 25 A5 01 03 31 07 E7 3D 65 00 00 00 90 55 62 (15)
                              [N3:X] LONG32VALUE '=' 'e' 0 0 0 144 (144)
2025-07-25 14:11:09:353 [IN ] C8 24 0A 0D 25 A5 0A 01 31 05 D6 3A FF 00 00 50 EA 22 (18)
                              [N10:HMI] HMILED ':' 255 0 0 (16711680)
2025-07-25 14:11:09:521 [IN ] C8 24 04 0F 25 A5 04 01 31 07 E7 3A 65 00 00 00 B4 77 81 01 (20)
                              [N4:Y] LONG32VALUE ':' 'e' 0 0 0 180 (180)
2025-07-25 14:11:09:543 [OUT] 25 A5 01 04 31 05 81 FF F8 3D 51 41 D2 (13)
                              [N4:Y] TPOS 255 248 61 81 (-508591)
2025-07-25 14:11:09:606 [IN ] C8 24 0B 0A 25 A5 0B 01 31 02 DE 00 1D CD 00 (15)
                              [N11:NG] NGSWSTATE 0 (0)
2025-07-25 14:11:09:690 [IN ] C8 24 03 0F 25 A5 03 01 31 07 E7 3A 65 00 00 00 90 52 52 01 (20)
                              [N3:X] LONG32VALUE ':' 'e' 0 0 0 144 (144)
2025-07-25 14:11:09:711 [OUT] 25 A5 01 03 31 05 81 FF F4 74 E7 09 C2 (13)
                              [N3:X] TPOS 255 244 116 231 (-756505)
2025-07-25 14:11:09:796 [IN ] C8 24 04 0E 25 A5 04 01 31 06 81 53 FF F7 46 BD 09 B2 52 (19)
                              [N4:Y] TPOS 'S' 255 247 70 189 (-571715)
2025-07-25 14:11:09:820 [OUT] 25 A5 01 04 31 01 DB 12 85 (9)
                              [N4:Y] STARTMOVE
2025-07-25 14:11:09:925 [IN ] C8 24 03 0E 25 A5 03 01 31 06 81 53 FF F3 AF 9D 4D 4E 52 (19)
                              [N3:X] TPOS 'S' 255 243 175 157 (-807011)
2025-07-25 14:11:09:946 [OUT] 25 A5 01 03 31 01 DB 11 81 (9)
                              [N3:X] STARTMOVE
2025-07-25 14:11:10:011 [IN ] C8 24 04 0A 25 A5 04 01 31 02 DB 01 14 9E AF (15)
                              [N4:Y] STARTMOVE ''
2025-07-25 14:11:10:095 [IN ] C8 24 03 0A 25 A5 03 01 31 02 DB 01 (12)
2025-07-25 14:11:10:116 [IN ] 13 98 AF (3)
                              [N3:X] STARTMOVE ''
2025-07-25 14:11:10:518 [IN ] C8 24 04 0E 25 A5 04 01 31 06 81 45 FF F8 3E D4 0B 76 52 C8 24 03 0E 25 A5 03 01 31 06 81 45 FF F4 76 77 E1 73 52 (38)
                              [N4:Y] TPOS 'E' 255 248 62 212 (-508204)
                              [N3:X] TPOS 'E' 255 244 118 119 (-756105)
2025-07-25 14:11:10:720 [IN ] C8 24 0B 0A 25 A5 0B 01 31 02 DE 00 1D CD 76 (15)
                              [N11:NG] NGSWSTATE 0 (0)
2025-07-25 14:11:10:943 [OUT] 25 A5 01 04 31 03 84 00 50 0D FC (11)
                              [N4:Y] VEL 0 80 (80)
2025-07-25 14:11:10:965 [OUT] 25 A5 01 03 31 03 84 00 50 0C F6 (11)
                              [N3:X] VEL 0 80 (80)
2025-07-25 14:11:11:112 [IN ] C8 24 04 0C 25 A5 04 01 31 04 84 53 00 50 61 BA E1 (17)
                              [N4:Y] VEL 'S' 0 80 (80)
2025-07-25 14:11:11:135 [OUT] 25 A5 01 04 31 05 81 FF FF 8D 56 9D 8C (13)
                              [N4:Y] TPOS 255 255 141 86 (-29354)
2025-07-25 14:11:11:220 [IN ] C8 24 03 0C 25 A5 03 01 31 04 84 53 00 50 60 B2 E1 (17)
                              [N3:X] VEL 'S' 0 80 (80)
2025-07-25 14:11:11:241 [OUT] 25 A5 01 03 31 05 81 FF E3 C6 33 96 7F (13)
                              [N3:X] TPOS 255 227 198 51 (-1849805)
2025-07-25 14:11:11:347 [IN ] C8 24 04 0E 25 A5 04 01 31 06 81 53 FF F8 3E D4 19 BC 52 (19)
                              [N4:Y] TPOS 'S' 255 248 62 212 (-508204)
2025-07-25 14:11:11:493 [IN ] C8 24 03 0E 25 A5 03 01 31 06 81 53 FF F4 76 76 EE B8 52 (19)
                              [N3:X] TPOS 'S' 255 244 118 118 (-756106)
2025-07-25 14:11:11:695 [IN ] C8 24 0B 0A 25 A5 0B 01 31 02 DE 00 1D CD 76 (15)
                              [N11:NG] NGSWSTATE 0 (0)
2025-07-25 14:11:12:701 [IN ] C8 24 0B 0A 25 A5 0B 01 31 02 DE 00 1D CD 76 (15)
                              [N11:NG] NGSWSTATE 0 (0)
2025-07-25 14:11:13:707 [IN ] C8 24 0B 0A 25 A5 0B 01 31 02 DE 00 1D CD 76 (15)
                              [N11:NG] NGSWSTATE 0 (0)
2025-07-25 14:11:14:711 [IN ] C8 24 0B 0A 25 A5 0B 01 31 02 DE 00 1D CD 76 (15)
                              [N11:NG] NGSWSTATE 0 (0)
2025-07-25 14:11:15:514 [IN ] C8 24 04 0E 25 A5 04 01 31 06 81 45 FF FF 8D 2E BB 83 52 (19)
                              [N4:Y] TPOS 'E' 255 255 141 46 (-29394)
2025-07-25 14:11:15:716 [IN ] C8 24 0B 0A 25 A5 0B 01 31 02 DE 00 1D CD 8D (15)
                              [N11:NG] NGSWSTATE 0 (0)
2025-07-25 14:11:16:719 [IN ] C8 24 0B 0A 25 A5 0B 01 31 02 DE 00 1D CD 8D (15)
                              [N11:NG] NGSWSTATE 0 (0)
2025-07-25 14:11:17:725 [IN ] C8 24 0B 0A 25 A5 0B 01 31 02 DE 00 1D CD 8D (15)
                              [N11:NG] NGSWSTATE 0 (0)
2025-07-25 14:11:17:928 [IN ] C8 24 03 0E 25 A5 03 01 31 06 81 45 FF E3 C3 AE 54 11 52 (19)
                              [N3:X] TPOS 'E' 255 227 195 174 (-1850450)
