2025-07-25 13:34:10:607 [OUT] 25 A5 01 0A 31 05 D6 3D FF 00 00 53 ED (13)
                              [N10:HMI] HMILED '=' 255 0 0 (16711680)
2025-07-25 13:34:10:630 [OUT] 25 A5 01 09 31 05 81 FF E9 46 7E 6D 0C (13)
                              [N9:P] TPOS 255 233 70 126 (-1489282)
2025-07-25 13:34:10:652 [OUT] 25 A5 01 08 31 05 81 FF EE 9C 80 C9 C1 (13)
                              [N8:R] TPOS 255 238 156 128 (-1139584)
2025-07-25 13:34:10:778 [IN ] C8 24 0A 0D 25 A5 0A 01 31 05 D6 3A FF 00 00 50 EA 2D (18)
                              [N10:HMI] HMILED ':' 255 0 0 (16711680)
2025-07-25 13:34:10:905 [IN ] C8 24 09 0E 25 A5 09 01 31 06 (10)
2025-07-25 13:34:10:926 [IN ] 81 53 FF EC F8 6D 65 D7 F1 (9)
                              [N9:P] TPOS 'S' 255 236 248 109 (-1247123)
2025-07-25 13:34:11:031 [IN ] C8 24 0B 0A 25 A5 0B 01 31 02 DE 03 20 D0 F8 (15)
                              [N11:NG] NGSWSTATE 3 (3)
2025-07-25 13:34:11:053 [IN ] C8 24 08 0E 25 A5 08 01 31 06 81 53 FF ED 60 79 D9 AC F1 (19)
                              [N8:R] TPOS 'S' 255 237 96 121 (-1220487)
2025-07-25 13:34:11:656 [IN ] C8 24 08 0E 25 A5 08 01 31 06 81 45 FF EE 9E D7 68 43 F1 (19)
                              [N8:R] TPOS 'E' 255 238 158 215 (-1138985)
2025-07-25 13:34:12:058 [IN ] C8 24 0B 0A 25 A5 0B 01 31 02 DE 03 20 D0 9E (15)
                              [N11:NG] NGSWSTATE 3 (3)
2025-07-25 13:34:12:460 [IN ] C8 24 09 0E 25 A5 09 01 31 06 81 45 FF E9 43 E8 1A 99 F1 (19)
                              [N9:P] TPOS 'E' 255 233 67 232 (-1489944)
