2025-07-25 13:16:17:765 [OUT] 25 A5 01 0A 31 05 D6 3D FF 00 00 53 ED (13)
                              [N10:HMI] HMILED '=' 255 0 0 (16711680)
2025-07-25 13:16:17:788 [OUT] 25 A5 01 04 31 07 E7 3D 65 00 00 00 B1 77 8D (15)
                              [N4:Y] LONG32VALUE '=' 'e' 0 0 0 177 (177)
2025-07-25 13:16:17:809 [OUT] 25 A5 01 03 31 07 E7 3D 65 00 00 00 B4 79 86 (15)
                              [N3:X] LONG32VALUE '=' 'e' 0 0 0 180 (180)
2025-07-25 13:16:17:936 [IN ] C8 24 0A 0D 25 A5 0A 01 31 05 D6 3A FF 00 00 50 EA 99 (18)
                              [N10:HMI] HMILED ':' 255 0 0 (16711680)
2025-07-25 13:16:18:146 [IN ] C8 24 04 0F 25 A5 04 01 31 07 E7 3A 65 00 00 00 B1 74 7E 02 (20)
                              [N4:Y] LONG32VALUE ':' 'e' 0 0 0 177 (177)
2025-07-25 13:16:18:169 [OUT] 25 A5 01 04 31 05 81 FF F8 06 13 CC 26 (13)
                              [N4:Y] TPOS 255 248 6 19 (-522733)
2025-07-25 13:16:18:274 [IN ] C8 24 03 0F 25 A5 03 01 31 07 E7 3A 65 00 00 00 B4 76 76 02 (20)
                              [N3:X] LONG32VALUE ':' 'e' 0 0 0 180 (180)
2025-07-25 13:16:18:295 [OUT] 25 A5 01 03 31 05 81 FF EC 60 A7 AD 42 (13)
                              [N3:X] TPOS 255 236 96 167 (-1285977)
2025-07-25 13:16:18:401 [IN ] C8 24 04 0E 25 A5 04 01 31 06 81 53 FF F7 32 66 9E 33 76 (19)
                              [N4:Y] TPOS 'S' 255 247 50 102 (-576922)
2025-07-25 13:16:18:423 [OUT] 25 A5 01 04 31 01 DB 12 85 (9)
                              [N4:Y] STARTMOVE
2025-07-25 13:16:18:529 [IN ] C8 24 03 0E 25 A5 03 01 31 06 81 53 FF EB 89 C6 48 13 76 C8 24 0B 0A 25 A5 0B 01 31 02 DE 00 1D CD 89 (34)
                              [N3:X] TPOS 'S' 255 235 137 198 (-1340986)
                              [N11:NG] NGSWSTATE 0 (0)
2025-07-25 13:16:18:551 [OUT] 25 A5 01 03 31 01 DB 11 81 (9)
                              [N3:X] STARTMOVE
2025-07-25 13:16:18:593 [IN ] C8 24 04 0A 25 A5 04 01 31 02 DB 01 14 9E 89 (15)
                              [N4:Y] STARTMOVE ''
2025-07-25 13:16:18:698 [IN ] C8 24 03 0A 25 A5 03 01 31 02 DB 01 13 98 89 (15)
                              [N3:X] STARTMOVE ''
2025-07-25 13:16:19:101 [IN ] C8 24 04 0E 25 A5 04 01 31 06 81 45 FF F8 07 BD BD F1 76 C8 24 03 0E 25 A5 03 01 31 06 81 45 FF EC 61 8D DA 47 76 (38)
                              [N4:Y] TPOS 'E' 255 248 7 189 (-522307)
                              [N3:X] TPOS 'E' 255 236 97 141 (-1285747)
2025-07-25 13:16:19:525 [OUT] 25 A5 01 04 31 07 E7 3D 65 00 00 00 56 1C 32 (15)
                              [N4:Y] LONG32VALUE '=' 'e' 0 0 0 86 (86)
2025-07-25 13:16:19:547 [OUT] 25 A5 01 03 31 07 E7 3D 65 00 00 00 B4 79 86 (15)
                              [N3:X] LONG32VALUE '=' 'e' 0 0 0 180 (180)
2025-07-25 13:16:19:548 [IN ] C8 24 0B 0A 25 A5 0B 01 31 02 DE 00 1D CD 61 (15)
                              [N11:NG] NGSWSTATE 0 (0)
2025-07-25 13:16:19:757 [IN ] C8 24 04 0F 25 A5 04 01 31 07 E7 3A 65 00 00 00 56 19 23 02 (20)
                              [N4:Y] LONG32VALUE ':' 'e' 0 0 0 86 (86)
2025-07-25 13:16:19:779 [OUT] 25 A5 01 04 31 05 81 FF F3 55 1F 22 C1 (13)
                              [N4:Y] TPOS 255 243 85 31 (-830177)
2025-07-25 13:16:19:884 [IN ] C8 24 03 0F 25 A5 03 01 31 07 E7 3A 65 00 00 00 B4 76 76 02 (20)
                              [N3:X] LONG32VALUE ':' 'e' 0 0 0 180 (180)
2025-07-25 13:16:19:905 [OUT] 25 A5 01 03 31 05 81 FF F6 32 A3 85 00 (13)
                              [N3:X] TPOS 255 246 50 163 (-642397)
2025-07-25 13:16:20:011 [IN ] C8 24 04 0E 25 A5 04 01 31 06 81 53 FF F8 07 BD CB 37 76 (19)
                              [N4:Y] TPOS 'S' 255 248 7 189 (-522307)
2025-07-25 13:16:20:032 [OUT] 25 A5 01 04 31 01 DB 12 85 (9)
                              [N4:Y] STARTMOVE
2025-07-25 13:16:20:137 [IN ] C8 24 03 0E 25 A5 03 01 31 06 81 53 FF EC 61 8D E8 8D 76 (19)
                              [N3:X] TPOS 'S' 255 236 97 141 (-1285747)
2025-07-25 13:16:20:159 [OUT] 25 A5 01 03 31 01 DB 11 81 (9)
                              [N3:X] STARTMOVE
2025-07-25 13:16:20:223 [IN ] C8 24 04 0A 25 A5 04 01 31 02 DB 01 14 9E 61 (15)
                              [N4:Y] STARTMOVE ''
2025-07-25 13:16:20:327 [IN ] C8 24 03 0A 25 A5 03 01 31 02 DB 01 13 98 61 (15)
                              [N3:X] STARTMOVE ''
2025-07-25 13:16:20:730 [IN ] C8 24 0B 0A 25 A5 0B 01 31 02 DE 00 1D CD 61 (15)
                              [N11:NG] NGSWSTATE 0 (0)
2025-07-25 13:16:21:735 [IN ] C8 24 0B 0A 25 A5 0B 01 31 02 DE 00 1D CD 61 (15)
                              [N11:NG] NGSWSTATE 0 (0)
2025-07-25 13:16:22:738 [IN ] C8 24 0B 0A 25 A5 0B 01 31 02 DE 00 1D CD 61 (15)
                              [N11:NG] NGSWSTATE 0 (0)
2025-07-25 13:16:22:940 [IN ] C8 24 04 0E 25 A5 04 01 31 06 81 45 FF F3 54 59 A1 18 76 (19)
                              [N4:Y] TPOS 'E' 255 243 84 89 (-830375)
2025-07-25 13:16:23:743 [IN ] C8 24 0B 0A 25 A5 0B 01 31 02 DE 00 1D CD 54 (15)
                              [N11:NG] NGSWSTATE 0 (0)
2025-07-25 13:16:23:944 [IN ] C8 24 03 0E 25 A5 03 01 31 06 81 45 FF F6 34 09 33 87 76 (19)
                              [N3:X] TPOS 'E' 255 246 52 9 (-642039)
2025-07-25 13:16:24:370 [OUT] 25 A5 01 04 31 03 84 00 50 0D FC (11)
                              [N4:Y] VEL 0 80 (80)
2025-07-25 13:16:24:392 [OUT] 25 A5 01 03 31 03 84 00 50 0C F6 (11)
                              [N3:X] VEL 0 80 (80)
2025-07-25 13:16:24:413 [OUT] 25 A5 01 09 31 05 81 FF EE C5 41 B4 DC (13)
                              [N9:P] TPOS 255 238 197 65 (-1129151)
2025-07-25 13:16:24:435 [OUT] 25 A5 01 05 31 05 81 00 0B C7 FC 8B D6 (13)
                              [N5:V] TPOS 0 11 199 252 (772092)
2025-07-25 13:16:24:458 [OUT] 25 A5 01 06 31 05 81 00 0C A0 D8 42 6F (13)
                              [N6:H] TPOS 0 12 160 216 (827608)
2025-07-25 13:16:24:479 [OUT] 25 A5 01 07 31 05 81 FF D7 07 C0 5C 8A (13)
                              [N7:N] TPOS 255 215 7 192 (-2684992)
2025-07-25 13:16:24:543 [IN ] C8 24 04 0C 25 A5 04 01 31 04 84 53 00 50 61 BA 33 (17)
                              [N4:Y] VEL 'S' 0 80 (80)
2025-07-25 13:16:24:565 [OUT] 25 A5 01 04 31 05 81 FF F2 47 8C 80 0F (13)
                              [N4:Y] TPOS 255 242 71 140 (-899188)
2025-07-25 13:16:24:566 [IN ] C8 24 0B 0A 25 A5 0B 01 31 02 DE 00 1D CD (14)
                              [N11:NG] NGSWSTATE 0 (0)
2025-07-25 13:16:24:588 [IN ] 61 (1)
2025-07-25 13:16:24:630 [IN ] C8 24 03 0C 25 A5 03 01 31 04 84 53 00 50 60 B2 33 (17)
                              [N3:X] VEL 'S' 0 80 (80)
2025-07-25 13:16:24:651 [OUT] 25 A5 01 03 31 05 81 FF F5 90 84 C3 9A (13)
                              [N3:X] TPOS 255 245 144 132 (-683900)
2025-07-25 13:16:24:777 [IN ] C8 24 09 0E 25 A5 09 01 31 06 81 53 FF F0 3E 61 A3 63 76 (19)
                              [N9:P] TPOS 'S' 255 240 62 97 (-1032607)
2025-07-25 13:16:24:903 [IN ] C8 24 05 0E 25 A5 05 01 31 06 81 53 00 0D C2 A2 82 DF 76 (19)
                              [N5:V] TPOS 'S' 0 13 194 162 (901794)
2025-07-25 13:16:25:050 [IN ] C8 24 06 0E 25 A5 06 01 31 06 81 53 00 0C 37 7E D3 AC 76 (19)
                              [N6:H] TPOS 'S' 0 12 55 126 (800638)
2025-07-25 13:16:25:176 [IN ] C8 24 07 0E 25 A5 07 01 31 06 81 53 FF CB 01 7D 5B 82 76 (19)
                              [N7:N] TPOS 'S' 255 203 1 125 (-3473027)
2025-07-25 13:16:25:282 [IN ] C8 24 06 0E 25 A5 06 01 31 06 81 45 00 0C A5 81 36 45 76 (19)
                              [N6:H] TPOS 'E' 0 12 165 129 (828801)
2025-07-25 13:16:25:302 [IN ] C8 24 04 0E 25 A5 04 01 31 06 81 53 FF F3 54 59 AF 5E 76 (19)
                              [N4:Y] TPOS 'S' 255 243 84 89 (-830375)
2025-07-25 13:16:25:409 [IN ] C8 24 09 0E 25 A5 09 (7)
2025-07-25 13:16:25:431 [IN ] 01 31 06 81 45 FF EE C2 32 E8 F0 76 C8 24 03 0E 25 A5 03 01 31 06 81 53 FF F6 34 09 41 CD 76 (31)
                              [N9:P] TPOS 'E' 255 238 194 50 (-1129934)
                              [N3:X] TPOS 'S' 255 246 52 9 (-642039)
2025-07-25 13:16:25:633 [IN ] C8 24 0B 0A 25 A5 0B 01 31 02 DE 00 1D CD 34 (15)
                              [N11:NG] NGSWSTATE 0 (0)
2025-07-25 13:16:25:834 [IN ] C8 24 03 0E 25 A5 03 01 31 06 81 45 FF F5 8E 8E 11 BD 76 C8 24 04 0E 25 A5 04 01 31 06 81 45 FF F2 45 3B 73 D9 76 C8 24 05 0E 25 A5 05 01 31 06 81 45 00 0B C6 AD 81 A6 76 (57)
                              [N3:X] TPOS 'E' 255 245 142 142 (-684402)
                              [N4:Y] TPOS 'E' 255 242 69 59 (-899781)
                              [N5:V] TPOS 'E' 0 11 198 173 (771757)
2025-07-25 13:16:26:638 [IN ] C8 24 0B 0A 25 A5 0B 01 31 02 DE 00 1D CD C6 (15)
                              [N11:NG] NGSWSTATE 0 (0)
2025-07-25 13:16:27:644 [IN ] C8 24 0B 0A 25 A5 0B 01 31 02 DE 00 1D CD C6 (15)
                              [N11:NG] NGSWSTATE 0 (0)
2025-07-25 13:16:28:648 [IN ] C8 24 0B 0A 25 A5 0B 01 31 02 DE 00 1D CD C6 (15)
                              [N11:NG] NGSWSTATE 0 (0)
2025-07-25 13:16:28:849 [IN ] C8 24 07 0E 25 A5 07 01 31 06 81 45 FF D7 0B (15)
2025-07-25 13:16:29:051 [IN ] F6 DC ED 76 (4)
                              [N7:N] TPOS 'E' 255 215 11 246 (-2683914)
