2025-07-25 12:41:07:756 [OUT] 25 A5 01 0A 31 05 D6 3D FF 00 00 53 ED (13)
                              [N10:HMI] HMILED '=' 255 0 0 (16711680)
2025-07-25 12:41:07:780 [OUT] 25 A5 01 04 31 05 81 FF F7 AF 1D 7E 7F (13)
                              [N4:Y] TPOS 255 247 175 29 (-544995)
2025-07-25 12:41:07:803 [OUT] 25 A5 01 03 31 05 81 FF F2 5C 11 19 B6 (13)
                              [N3:X] TPOS 255 242 92 17 (-893935)
2025-07-25 12:41:07:806 [IN ] C8 24 0B 0A 25 A5 0B 01 31 02 DE 03 20 D0 00 (15)
                              [N11:NG] NGSWSTATE 3 (3)
2025-07-25 12:41:07:829 [OUT] 25 A5 01 05 31 05 81 00 0C 51 9B B5 8C (13)
                              [N5:V] TPOS 0 12 81 155 (807323)
2025-07-25 12:41:07:854 [OUT] 25 A5 01 06 31 05 81 00 0D 70 B5 F0 EF (13)
                              [N6:H] TPOS 0 13 112 181 (880821)
2025-07-25 12:41:07:960 [IN ] C8 24 0A 0D 25 A5 0A 01 31 05 D6 3A FF 00 00 50 EA 9B (18)
                              [N10:HMI] HMILED ':' 255 0 0 (16711680)
2025-07-25 12:41:08:086 [IN ] C8 24 04 0E 25 A5 04 01 31 06 81 53 FF F7 AD 7F 32 42 31 (19)
                              [N4:Y] TPOS 'S' 255 247 173 127 (-545409)
2025-07-25 12:41:08:170 [IN ] C8 24 04 0E 25 A5 04 01 31 06 81 45 FF F7 AD 99 3E 16 31 (19)
                              [N4:Y] TPOS 'E' 255 247 173 153 (-545383)
2025-07-25 12:41:08:212 [IN ] C8 24 03 0E 25 A5 03 01 31 06 81 53 FF F2 5A B9 13 BD 31 (19)
                              [N3:X] TPOS 'S' 255 242 90 185 (-894279)
2025-07-25 12:41:08:318 [IN ] C8 24 03 0E 25 A5 03 01 31 06 81 45 FF F2 5A D0 1C 8E 31 (19)
                              [N3:X] TPOS 'E' 255 242 90 208 (-894256)
2025-07-25 12:41:08:340 [IN ] C8 24 05 0E 25 A5 05 01 31 06 81 53 00 0C 67 B5 39 39 31 (19)
                              [N5:V] TPOS 'S' 0 12 103 181 (812981)
2025-07-25 12:41:08:466 [IN ] C8 24 05 0E 25 A5 05 01 31 06 81 45 00 0C 50 70 CF 80 31 C8 24 06 0E 25 A5 06 01 31 06 81 53 00 0D 01 ED 0D B2 31 (38)
                              [N5:V] TPOS 'E' 0 12 80 112 (807024)
                              [N6:H] TPOS 'S' 0 13 1 237 (852461)
2025-07-25 12:41:08:868 [IN ] C8 24 06 0E 25 A5 06 01 31 06 81 45 00 0D 75 3E C4 A5 31 C8 24 0B 0A 25 A5 0B 01 31 02 DE 03 20 D0 75 (34)
                              [N6:H] TPOS 'E' 0 13 117 62 (881982)
                              [N11:NG] NGSWSTATE 3 (3)
