2025-07-25 12:55:38:092 [OUT] 25 A5 01 0A 31 05 D6 3D FF 00 00 53 ED (13)
                              [N10:HMI] HMILED '=' 255 0 0 (16711680)
2025-07-25 12:55:38:117 [OUT] 25 A5 01 04 31 07 E7 3D 65 00 00 00 B4 7A 90 (15)
                              [N4:Y] LONG32VALUE '=' 'e' 0 0 0 180 (180)
2025-07-25 12:55:38:139 [OUT] 25 A5 01 03 31 07 E7 3D 65 00 00 00 6C 31 3E (15)
                              [N3:X] LONG32VALUE '=' 'e' 0 0 0 108 (108)
2025-07-25 12:55:38:286 [IN ] C8 24 0A 0D 25 A5 0A 01 31 05 D6 3A FF 00 00 50 EA F6 (18)
                              [N10:HMI] HMILED ':' 255 0 0 (16711680)
2025-07-25 12:55:38:455 [IN ] C8 24 04 0F 25 A5 04 01 31 07 E7 3A 65 00 00 00 B4 77 81 01 (20)
                              [N4:Y] LONG32VALUE ':' 'e' 0 0 0 180 (180)
2025-07-25 12:55:38:477 [OUT] 25 A5 01 04 31 05 81 FF F0 17 5C 1E 79 (13)
                              [N4:Y] TPOS 255 240 23 92 (-1042596)
2025-07-25 12:55:38:603 [IN ] C8 24 03 0F 25 A5 03 01 31 07 E7 3A 65 00 00 00 6C 2E 2E 01 (20)
                              [N3:X] LONG32VALUE ':' 'e' 0 0 0 108 (108)
2025-07-25 12:55:38:627 [OUT] 25 A5 01 03 31 05 81 FF F0 56 A9 A9 3C (13)
                              [N3:X] TPOS 255 240 86 169 (-1026391)
2025-07-25 12:55:38:692 [IN ] C8 24 0B 0A 25 A5 0B 01 31 02 DE 00 (12)
2025-07-25 12:55:38:714 [IN ] 1D CD 00 C8 24 04 0E 25 A5 04 01 31 06 81 53 FF EF 19 4F 66 D2 2E (22)
                              [N11:NG] NGSWSTATE 0 (0)
                              [N4:Y] TPOS 'S' 255 239 25 79 (-1107633)
2025-07-25 12:55:38:736 [OUT] 25 A5 01 04 31 01 DB 12 85 (9)
                              [N4:Y] STARTMOVE
2025-07-25 12:55:38:821 [IN ] C8 24 03 0E 25 A5 03 01 31 06 (10)
2025-07-25 12:55:38:843 [IN ] 81 53 FF EF BD D6 90 97 2E (9)
                              [N3:X] TPOS 'S' 255 239 189 214 (-1065514)
2025-07-25 12:55:38:865 [OUT] 25 A5 01 03 31 01 DB 11 81 (9)
                              [N3:X] STARTMOVE
2025-07-25 12:55:38:950 [IN ] C8 24 04 0A 25 A5 04 01 31 02 DB 01 14 9E BD (15)
                              [N4:Y] STARTMOVE ''
2025-07-25 12:55:39:013 [IN ] C8 24 03 0A 25 A5 03 01 31 02 DB 01 13 98 BD (15)
                              [N3:X] STARTMOVE ''
2025-07-25 12:55:39:414 [IN ] C8 24 03 0E 25 A5 03 01 31 06 81 45 FF F0 56 F8 3E A8 2E C8 24 04 0E 25 A5 04 01 31 06 81 45 FF F0 18 F1 FA 2F 2E (38)
                              [N3:X] TPOS 'E' 255 240 86 248 (-1026312)
                              [N4:Y] TPOS 'E' 255 240 24 241 (-1042191)
2025-07-25 12:55:39:818 [IN ] C8 24 0B 0A 25 A5 0B 01 31 02 DE 00 1D CD 18 (15)
                              [N11:NG] NGSWSTATE 0 (0)
2025-07-25 12:55:39:839 [OUT] 25 A5 01 04 31 03 84 00 50 0D FC (11)
                              [N4:Y] VEL 0 80 (80)
2025-07-25 12:55:39:860 [OUT] 25 A5 01 03 31 03 84 00 50 0C F6 (11)
                              [N3:X] VEL 0 80 (80)
2025-07-25 12:55:40:006 [IN ] C8 24 04 0C 25 A5 04 01 31 04 84 53 00 50 61 BA FA (17)
                              [N4:Y] VEL 'S' 0 80 (80)
2025-07-25 12:55:40:028 [OUT] 25 A5 01 04 31 05 81 FF FF 8D 56 9D 8C (13)
                              [N4:Y] TPOS 255 255 141 86 (-29354)
2025-07-25 12:55:40:114 [IN ] C8 24 03 0C 25 A5 03 01 31 04 84 53 00 50 60 B2 FA (17)
                              [N3:X] VEL 'S' 0 80 (80)
2025-07-25 12:55:40:136 [OUT] 25 A5 01 03 31 05 81 FF EB BB F6 56 44 (13)
                              [N3:X] TPOS 255 235 187 246 (-1328138)
2025-07-25 12:55:40:261 [IN ] C8 24 04 0E 25 A5 04 01 31 06 81 53 FF F0 18 F1 08 75 2E (19)
                              [N4:Y] TPOS 'S' 255 240 24 241 (-1042191)
2025-07-25 12:55:40:365 [IN ] C8 24 03 0E 25 A5 03 01 31 06 81 53 FF F0 56 F8 4C EE 2E (19)
                              [N3:X] TPOS 'S' 255 240 86 248 (-1026312)
2025-07-25 12:55:40:768 [IN ] C8 24 0B 0A 25 A5 0B 01 31 02 DE 00 1D CD 56 (15)
                              [N11:NG] NGSWSTATE 0 (0)
2025-07-25 12:55:41:772 [IN ] C8 24 0B 0A 25 A5 0B 01 31 02 DE 00 1D CD 56 (15)
                              [N11:NG] NGSWSTATE 0 (0)
2025-07-25 12:55:42:376 [IN ] C8 24 03 0E 25 A5 03 01 31 06 81 45 FF EB BA A5 4A 0E 2E (19)
                              [N3:X] TPOS 'E' 255 235 186 165 (-1328475)
2025-07-25 12:55:42:778 [IN ] C8 24 0B 0A 25 A5 0B 01 31 02 DE 00 1D CD BA (15)
                              [N11:NG] NGSWSTATE 0 (0)
2025-07-25 12:55:43:782 [IN ] C8 24 0B 0A 25 A5 0B 01 31 02 DE 00 1D CD BA (15)
                              [N11:NG] NGSWSTATE 0 (0)
2025-07-25 12:55:44:787 [IN ] C8 24 0B 0A 25 A5 0B 01 31 02 DE 00 1D CD BA (15)
                              [N11:NG] NGSWSTATE 0 (0)
2025-07-25 12:55:45:792 [IN ] C8 24 0B 0A 25 A5 0B 01 31 02 DE 00 1D CD BA (15)
                              [N11:NG] NGSWSTATE 0 (0)
2025-07-25 12:55:46:795 [IN ] C8 24 0B 0A 25 A5 0B 01 31 02 DE 00 1D CD BA (15)
                              [N11:NG] NGSWSTATE 0 (0)
2025-07-25 12:55:47:801 [IN ] C8 24 0B 0A 25 A5 0B 01 31 02 DE 00 1D CD BA (15)
                              [N11:NG] NGSWSTATE 0 (0)
2025-07-25 12:55:48:806 [IN ] C8 24 04 0E 25 A5 04 01 31 06 81 45 FF FF 8D 2E BB 83 2E C8 24 0B 0A 25 A5 0B 01 31 02 DE 00 1D CD 8D (34)
                              [N4:Y] TPOS 'E' 255 255 141 46 (-29394)
                              [N11:NG] NGSWSTATE 0 (0)
