2025-07-01 10:36:51:170 [OUT] 25 A5 01 0A 31 05 D6 3D FF 00 00 53 ED (13)
                              [N10:HMI] HMILED '=' 255 0 0 (16711680)
2025-07-01 10:36:51:193 [OUT] 25 A5 01 03 31 02 D8 3F 4E CE (10)
                              [N3:X] INTERRUPT '?'
2025-07-01 10:36:51:494 [IN ] C8 24 0B 0A 25 A5 0B 01 31 02 DE 03 20 D0 5F C8 24 0A 0D 25 A5 0A 01 31 05 D6 3A FF 00 00 50 EA 0D C8 24 03 0C 25 A5 03 01 31 04 D8 3A 01 01 4D 6A EA (50)
                              [N11:NG] NGSWSTATE 3 (3)
                              [N10:HMI] HMILED ':' 255 0 0 (16711680)
                              [N3:X] INTERRUPT ':' 1 1 (257)
2025-07-01 10:36:51:516 [OUT] 25 A5 01 09 31 03 C9 3D 09 4D 1C (11)
                              [N9:P] LFLAG '=' 9 (9)
2025-07-01 10:36:51:538 [OUT] 25 A5 01 04 31 02 D8 3F 4F D3 (10)
                              [N4:Y] INTERRUPT '?'
2025-07-01 10:36:51:840 [IN ] C8 24 09 0B 25 A5 09 01 31 03 C9 3A 09 4A 1E 6A C8 24 04 0C 25 A5 04 01 31 04 D8 3A 01 01 4E 72 EA (33)
                              [N9:P] LFLAG ':' 9 (9)
                              [N4:Y] INTERRUPT ':' 1 1 (257)
2025-07-01 10:36:51:861 [OUT] 25 A5 01 09 31 03 CA 3D 09 4E 1F (11)
                              [N9:P] RFLAG '=' 9 (9)
2025-07-01 10:36:51:889 [OUT] 25 A5 01 0C 31 02 D8 3F 57 FB (10)
                              [N12:Z] INTERRUPT '?'
2025-07-01 10:36:52:191 [IN ] C8 24 09 0B 25 A5 09 01 31 03 CA 3A 09 4B 21 72 C8 24 0C 0C 25 A5 0C 01 31 04 D8 3A 01 01 56 B2 EA (33)
                              [N9:P] RFLAG ':' 9 (9)
                              [N12:Z] INTERRUPT ':' 1 1 (257)
2025-07-01 10:36:52:212 [OUT] 25 A5 01 08 31 03 C9 3D 09 4C 16 (11)
                              [N8:R] LFLAG '=' 9 (9)
2025-07-01 10:36:52:233 [OUT] 25 A5 01 03 31 03 C9 3D 0B 49 FA (11)
                              [N3:X] LFLAG '=' 11 (11)
2025-07-01 10:36:52:233 [IN ] C8 24 0B 0A 25 A5 0B 01 31 02 DE 03 20 D0 56 (15)
                              [N11:NG] NGSWSTATE 3 (3)
2025-07-01 10:36:52:254 [OUT] 25 A5 01 04 31 03 C9 3D 0B 4A 00 (11)
                              [N4:Y] LFLAG '=' 11 (11)
2025-07-01 10:36:52:276 [OUT] 25 A5 01 0C 31 03 C9 3D 0B 52 30 (11)
                              [N12:Z] LFLAG '=' 11 (11)
2025-07-01 10:36:52:381 [IN ] C8 24 08 0B 25 A5 08 01 31 03 C9 3A 09 49 17 B2 (16)
                              [N8:R] LFLAG ':' 9 (9)
2025-07-01 10:36:52:405 [OUT] 25 A5 01 08 31 03 CA 3D 09 4D 19 (11)
                              [N8:R] RFLAG '=' 9 (9)
2025-07-01 10:36:52:488 [IN ] C8 24 03 0B 25 A5 03 01 31 03 C9 3A 0B 46 F6 B2 (16)
                              [N3:X] LFLAG ':' 11 (11)
2025-07-01 10:36:52:510 [OUT] 25 A5 01 03 31 03 88 00 50 10 02 (11)
                              [N3:X] RUN 0 80 (80)
2025-07-01 10:36:52:592 [IN ] C8 24 04 0B 25 A5 04 01 31 03 C9 3A 0B 47 FD B2 (16)
                              [N4:Y] LFLAG ':' 11 (11)
2025-07-01 10:36:52:615 [OUT] 25 A5 01 04 31 03 88 00 50 11 08 (11)
                              [N4:Y] RUN 0 80 (80)
2025-07-01 10:36:52:701 [IN ] C8 24 0C 0B 25 A5 0C 01 31 03 C9 3A 0B 4F 35 B2 (16)
                              [N12:Z] LFLAG ':' 11 (11)
2025-07-01 10:36:52:723 [OUT] 25 A5 01 0C 31 03 88 00 50 19 38 (11)
                              [N12:Z] RUN 0 80 (80)
2025-07-01 10:36:52:807 [IN ] C8 24 08 0B 25 A5 08 01 31 03 CA 3A 09 4A 1A B2 (16)
                              [N8:R] RFLAG ':' 9 (9)
2025-07-01 10:36:52:933 [IN ] C8 24 03 0C 25 A5 03 01 31 04 88 53 00 50 64 C2 EA (17)
                              [N3:X] RUN 'S' 0 80 (80)
2025-07-01 10:36:53:036 [IN ] C8 24 04 0C 25 A5 04 01 31 04 88 53 00 50 65 CA EA (17)
                              [N4:Y] RUN 'S' 0 80 (80)
2025-07-01 10:36:53:139 [IN ] C8 24 0C 0C 25 A5 0C 01 31 04 88 53 00 50 6D 0A EA (17)
                              [N12:Z] RUN 'S' 0 80 (80)
2025-07-01 10:36:53:341 [IN ] C8 24 0B 0A 25 A5 0B 01 31 02 DE 03 20 D0 6D (15)
                              [N11:NG] NGSWSTATE 3 (3)
2025-07-01 10:36:54:345 [IN ] C8 24 0B 0A 25 A5 0B 01 31 02 DE 03 20 D0 6D C8 24 03 0B 25 A5 03 01 31 03 81 5A 4C 5F 9F 0A C8 24 03 0A 25 A5 03 01 31 02 81 49 01 2C 9F (46)
                              [N11:NG] NGSWSTATE 3 (3)
                              [N3:X] TPOS 'Z' 76 (76)
                              [N3:X] TPOS 'I'
2025-07-01 10:36:54:569 [OUT] 25 A5 01 03 31 03 C9 3D 09 47 F8 (11)
                              [N3:X] LFLAG '=' 9 (9)
2025-07-01 10:36:54:616 [IN ] C8 24 04 0B 25 A5 04 01 31 03 81 5A 4C 60 A6 0A (16)
                              [N4:Y] TPOS 'Z' 76 (76)
2025-07-01 10:36:54:658 [IN ] C8 24 04 0A 25 A5 04 01 31 02 81 49 02 32 A6 (15)
                              [N4:Y] TPOS 'I'
2025-07-01 10:36:54:702 [OUT] 25 A5 01 09 31 02 D8 3F 54 EC (10)
                              [N9:P] INTERRUPT '?'
2025-07-01 10:36:55:003 [IN ] C8 24 03 0B 25 A5 03 01 31 03 C9 3A 09 44 F4 0A C8 24 09 0C 25 A5 09 01 31 04 D8 3A 01 01 53 9A EA (33)
                              [N3:X] LFLAG ':' 9 (9)
                              [N9:P] INTERRUPT ':' 1 1 (257)
2025-07-01 10:36:55:025 [OUT] 25 A5 01 04 31 03 C9 3D 09 48 FE (11)
                              [N4:Y] LFLAG '=' 9 (9)
2025-07-01 10:36:55:047 [OUT] 25 A5 01 07 31 02 D8 3F 52 E2 (10)
                              [N7:N] INTERRUPT '?'
2025-07-01 10:36:55:349 [IN ] C8 24 04 0B 25 A5 04 01 31 03 C9 3A 09 45 FB 9A C8 24 0B 0A 25 A5 0B 01 31 02 DE 03 20 D0 FB C8 24 07 0C 25 A5 07 01 31 04 D8 3A 01 01 51 8A EA (48)
                              [N4:Y] LFLAG ':' 9 (9)
                              [N11:NG] NGSWSTATE 3 (3)
                              [N7:N] INTERRUPT ':' 1 1 (257)
2025-07-01 10:36:55:371 [OUT] 25 A5 01 09 31 03 C9 3D 0B 4F 1E (11)
                              [N9:P] LFLAG '=' 11 (11)
2025-07-01 10:36:55:392 [OUT] 25 A5 01 07 31 03 C9 3D 0B 4D 12 (11)
                              [N7:N] LFLAG '=' 11 (11)
2025-07-01 10:36:55:539 [IN ] C8 24 09 0B 25 A5 09 01 31 03 C9 3A 0B 4C 20 8A (16)
                              [N9:P] LFLAG ':' 11 (11)
2025-07-01 10:36:55:561 [OUT] 25 A5 01 09 31 03 88 00 50 16 26 (11)
                              [N9:P] RUN 0 80 (80)
2025-07-01 10:36:55:664 [IN ] C8 24 07 0B 25 A5 07 01 31 03 C9 3A 0B 4A 12 8A (16)
                              [N7:N] LFLAG ':' 11 (11)
2025-07-01 10:36:55:687 [OUT] 25 A5 01 07 31 03 88 00 50 14 1A (11)
                              [N7:N] RUN 0 80 (80)
2025-07-01 10:36:55:769 [IN ] C8 24 09 0C 25 A5 09 01 31 04 88 53 00 50 6A F2 EA (17)
                              [N9:P] RUN 'S' 0 80 (80)
2025-07-01 10:36:55:858 [IN ] C8 24 09 0B 25 A5 09 01 31 03 81 5A 4C 65 C9 F2 (16)
                              [N9:P] TPOS 'Z' 76 (76)
2025-07-01 10:36:55:883 [IN ] C8 24 07 0C 25 A5 07 01 31 04 88 53 00 50 68 E2 EA C8 24 09 0A 25 A5 09 01 31 02 81 49 07 50 68 (32)
                              [N7:N] RUN 'S' 0 80 (80)
                              [N9:P] TPOS 'I'
2025-07-01 10:36:56:108 [OUT] 25 A5 01 09 31 03 C9 3D 09 4D 1C (11)
                              [N9:P] LFLAG '=' 9 (9)
2025-07-01 10:36:56:129 [OUT] 25 A5 01 04 31 05 81 FF EE 88 01 32 FA (13)
                              [N4:Y] TPOS 255 238 136 1 (-1144831)
2025-07-01 10:36:56:274 [IN ] C8 24 09 0B 25 A5 09 01 31 03 C9 3A 09 4A 1E E2 C8 24 0B 0A 25 A5 0B 01 31 02 DE 03 20 D0 1E (31)
                              [N9:P] LFLAG ':' 9 (9)
                              [N11:NG] NGSWSTATE 3 (3)
2025-07-01 10:36:56:397 [IN ] C8 24 04 0E 25 A5 04 01 31 06 81 53 00 00 00 00 10 88 0A (19)
                              [N4:Y] TPOS 'S' 0 0 0 0 (0)
2025-07-01 10:36:57:402 [IN ] C8 24 0B 0A 25 A5 0B 01 31 02 DE 03 20 D0 00 (15)
                              [N11:NG] NGSWSTATE 3 (3)
2025-07-01 10:36:58:405 [IN ] C8 24 0B 0A 25 A5 0B 01 31 02 DE 03 20 D0 00 (15)
                              [N11:NG] NGSWSTATE 3 (3)
2025-07-01 10:36:59:408 [IN ] C8 24 0B 0A 25 A5 0B 01 31 02 DE 03 20 D0 00 (15)
                              [N11:NG] NGSWSTATE 3 (3)
2025-07-01 10:37:00:412 [IN ] C8 24 0B 0A 25 A5 0B 01 31 02 DE 03 20 D0 00 (15)
                              [N11:NG] NGSWSTATE 3 (3)
2025-07-01 10:37:01:415 [IN ] C8 24 0B 0A 25 A5 0B 01 31 02 DE 03 20 D0 00 (15)
                              [N11:NG] NGSWSTATE 3 (3)
2025-07-01 10:37:02:419 [IN ] C8 24 0B 0A 25 A5 0B 01 31 02 DE 03 20 D0 00 (15)
                              [N11:NG] NGSWSTATE 3 (3)
2025-07-01 10:37:03:021 [IN ] C8 24 04 0E 25 A5 04 01 31 06 81 45 FF EE 85 F6 6A 08 0A (19)
                              [N4:Y] TPOS 'E' 255 238 133 246 (-1145354)
2025-07-01 10:37:03:246 [OUT] 25 A5 01 09 31 05 81 FF E7 5D 56 5A 0C (13)
                              [N9:P] TPOS 255 231 93 86 (-1614506)
2025-07-01 10:37:03:269 [OUT] 25 A5 01 04 31 05 81 FF FD 50 01 09 B7 (13)
                              [N4:Y] TPOS 255 253 80 1 (-176127)
2025-07-01 10:37:03:295 [OUT] 25 A5 01 03 31 05 81 FF EC 4A AB 9B 1A (13)
                              [N3:X] TPOS 255 236 74 171 (-1291605)
2025-07-01 10:37:03:317 [OUT] 25 A5 01 06 31 02 D8 3F 51 DD (10)
                              [N6:H] INTERRUPT '?'
2025-07-01 10:37:03:318 [IN ] C8 24 0B 0A 25 A5 0B 01 31 02 DE 03 20 D0 85 (15)
                              [N11:NG] NGSWSTATE 3 (3)
2025-07-01 10:37:03:619 [IN ] C8 24 09 0E 25 A5 09 01 31 06 81 53 FF FF FF FA 0C AB 0A C8 24 04 0E 25 A5 04 01 31 06 81 53 FF EE 85 F6 78 4E 0A (38)
                              [N9:P] TPOS 'S' 255 255 255 250 (-6)
                              [N4:Y] TPOS 'S' 255 238 133 246 (-1145354)
2025-07-01 10:37:03:920 [IN ] C8 24 03 0E 25 A5 03 01 31 06 81 53 FF FF FF FF 0B 74 0A C8 24 06 0C 25 A5 06 01 31 04 D8 3A 01 01 50 82 0B (36)
                              [N3:X] TPOS 'S' 255 255 255 255 (-1)
                              [N6:H] INTERRUPT ':' 1 1 (257)
2025-07-01 10:37:03:942 [OUT] 25 A5 01 06 31 03 C9 3D 0B 4C 0C (11)
                              [N6:H] LFLAG '=' 11 (11)
2025-07-01 10:37:04:087 [IN ] C8 (1)
2025-07-01 10:37:04:108 [IN ] 24 06 0B 25 A5 06 01 31 03 C9 3A 0B 49 0B 82 (15)
                              [N6:H] LFLAG ':' 11 (11)
2025-07-01 10:37:04:131 [OUT] 25 A5 01 06 31 03 88 FF B0 72 72 (11)
                              [N6:H] RUN 255 176 (-80)
2025-07-01 10:37:04:281 [IN ] C8 24 06 0C 25 A5 06 01 31 04 88 53 FF B0 C6 38 0B (17)
                              [N6:H] RUN 'S' 255 176 (-80)
2025-07-01 10:37:04:482 [IN ] C8 24 0B 0A 25 A5 0B 01 31 02 DE 03 20 D0 C6 (15)
                              [N11:NG] NGSWSTATE 3 (3)
2025-07-01 10:37:05:488 [IN ] C8 24 0B 0A 25 A5 0B 01 31 02 DE 03 20 D0 C6 (15)
                              [N11:NG] NGSWSTATE 3 (3)
2025-07-01 10:37:06:492 [IN ] C8 24 0B 0A 25 A5 0B 01 31 02 DE 03 20 D0 C6 (15)
                              [N11:NG] NGSWSTATE 3 (3)
2025-07-01 10:37:07:496 [IN ] C8 24 0B 0A 25 A5 0B 01 31 02 DE 03 20 D0 C6 (15)
                              [N11:NG] NGSWSTATE 3 (3)
2025-07-01 10:37:08:500 [IN ] C8 24 0B 0A 25 A5 0B 01 31 02 DE 03 20 D0 C6 (15)
                              [N11:NG] NGSWSTATE 3 (3)
2025-07-01 10:37:09:504 [IN ] C8 24 0B 0A 25 A5 0B 01 31 02 DE 03 20 D0 C6 (15)
                              [N11:NG] NGSWSTATE 3 (3)
2025-07-01 10:37:09:908 [IN ] C8 24 0C 0B 25 A5 0C 01 31 03 81 5A 4C 68 DE 38 C8 24 0C 0A 25 A5 0C 01 31 02 81 49 0A 62 DE (31)
                              [N12:Z] TPOS 'Z' 76 (76)
                              [N12:Z] TPOS 'I'
2025-07-01 10:37:10:131 [OUT] 25 A5 01 0C 31 03 C9 3D 09 50 2E (11)
                              [N12:Z] LFLAG '=' 9 (9)
2025-07-01 10:37:10:316 [IN ] C8 24 0C 0B 25 A5 0C 01 31 03 C9 3A 09 4D 33 38 (16)
                              [N12:Z] LFLAG ':' 9 (9)
2025-07-01 10:37:10:338 [OUT] 25 A5 01 0C 31 05 81 FF BC D0 00 4F 33 (13)
                              [N12:Z] TPOS 255 188 208 0 (-4403200)
2025-07-01 10:37:10:381 [IN ] C8 24 0B 0A 25 A5 0B 01 31 02 DE 03 20 D0 33 (15)
                              [N11:NG] NGSWSTATE 3 (3)
2025-07-01 10:37:10:527 [IN ] C8 24 0C 0E 25 A5 0C 01 31 06 81 53 FF FF FF 81 96 50 0A C8 24 07 0B 25 A5 07 01 31 03 81 5A 4C 63 BB 81 (35)
                              [N12:Z] TPOS 'S' 255 255 255 129 (-127)
                              [N7:N] TPOS 'Z' 76 (76)
2025-07-01 10:37:10:730 [IN ] C8 24 07 0A 25 A5 07 01 31 02 81 49 05 44 BB (15)
                              [N7:N] TPOS 'I'
2025-07-01 10:37:10:955 [OUT] 25 A5 01 07 31 03 C9 3D 09 4B 10 (11)
                              [N7:N] LFLAG '=' 9 (9)
2025-07-01 10:37:11:143 [IN ] C8 24 07 0B 25 A5 07 01 31 03 C9 3A 09 48 10 81 (16)
                              [N7:N] LFLAG ':' 9 (9)
2025-07-01 10:37:11:166 [OUT] 25 A5 01 07 31 05 81 FF AB 19 75 F7 DF (13)
                              [N7:N] TPOS 255 171 25 117 (-5564043)
2025-07-01 10:37:11:229 [IN ] C8 24 03 0E 25 A5 03 01 31 06 81 45 FF EC 49 3D 72 C7 0A (19)
                              [N3:X] TPOS 'E' 255 236 73 61 (-1291971)
2025-07-01 10:37:11:296 [OUT] 25 A5 01 03 31 05 81 FF FD 50 01 08 AF (13)
                              [N3:X] TPOS 255 253 80 1 (-176127)
2025-07-01 10:37:11:339 [IN ] C8 24 07 0E 25 A5 07 01 31 06 81 53 FF FF FF FC 0C 99 0A (19)
                              [N7:N] TPOS 'S' 255 255 255 252 (-4)
2025-07-01 10:37:11:401 [IN ] C8 24 0B 0A 25 A5 0B 01 31 02 DE 03 20 D0 FF (15)
                              [N11:NG] NGSWSTATE 3 (3)
2025-07-01 10:37:11:486 [IN ] C8 24 03 0E 25 A5 03 01 31 06 81 53 FF EC 49 3D 80 0D 0A (19)
                              [N3:X] TPOS 'S' 255 236 73 61 (-1291971)
2025-07-01 10:37:12:490 [IN ] C8 24 0B 0A 25 A5 0B 01 31 02 DE 03 20 D0 49 (15)
                              [N11:NG] NGSWSTATE 3 (3)
2025-07-01 10:37:13:294 [IN ] C8 24 04 0E 25 A5 04 01 31 06 81 45 FF FD 4F 94 E1 67 0A (19)
                              [N4:Y] TPOS 'E' 255 253 79 148 (-176236)
2025-07-01 10:37:13:496 [IN ] C8 24 0B 0A 25 A5 0B 01 31 02 DE 03 20 D0 4F (15)
                              [N11:NG] NGSWSTATE 3 (3)
2025-07-01 10:37:14:098 [IN ] C8 24 09 0E 25 A5 09 01 31 06 81 45 FF E7 5C 39 82 16 0A (19)
                              [N9:P] TPOS 'E' 255 231 92 57 (-1614791)
2025-07-01 10:37:14:506 [IN ] C8 24 0B 0A 25 A5 0B 01 31 02 DE 03 20 D0 5C (15)
                              [N11:NG] NGSWSTATE 3 (3)
2025-07-01 10:37:14:527 [OUT] 25 A5 01 09 31 05 81 FF FF D9 C8 60 BE (13)
                              [N9:P] TPOS 255 255 217 200 (-9784)
2025-07-01 10:37:14:715 [IN ] C8 24 09 0E 25 A5 09 01 31 06 81 (11)
2025-07-01 10:37:14:738 [IN ] 53 FF E7 5C 3E 95 61 0A (8)
                              [N9:P] TPOS 'S' 255 231 92 62 (-1614786)
2025-07-01 10:37:15:541 [IN ] C8 24 0B 0A 25 A5 0B 01 31 02 DE 03 20 D0 5C (15)
                              [N11:NG] NGSWSTATE 3 (3)
2025-07-01 10:37:16:543 [IN ] C8 24 0B 0A 25 A5 0B 01 31 02 DE 03 20 D0 5C (15)
                              [N11:NG] NGSWSTATE 3 (3)
2025-07-01 10:37:17:546 [IN ] C8 24 0B 0A 25 A5 0B 01 31 02 DE 03 20 D0 5C (15)
                              [N11:NG] NGSWSTATE 3 (3)
2025-07-01 10:37:18:550 [IN ] C8 24 0B 0A 25 A5 0B 01 31 02 DE 03 20 D0 5C (15)
                              [N11:NG] NGSWSTATE 3 (3)
2025-07-01 10:37:19:553 [IN ] C8 24 0B 0A 25 A5 0B 01 31 02 DE 03 20 D0 5C (15)
                              [N11:NG] NGSWSTATE 3 (3)
2025-07-01 10:37:20:557 [IN ] C8 24 0B 0A 25 A5 0B 01 31 02 DE 03 20 D0 5C (15)
                              [N11:NG] NGSWSTATE 3 (3)
2025-07-01 10:37:21:561 [IN ] C8 24 0B 0A 25 A5 0B 01 31 02 DE 03 20 D0 5C (15)
                              [N11:NG] NGSWSTATE 3 (3)
2025-07-01 10:37:21:964 [IN ] C8 24 03 0E 25 A5 03 01 31 06 81 45 FF FD 50 34 81 FF 0A (19)
                              [N3:X] TPOS 'E' 255 253 80 52 (-176076)
2025-07-01 10:37:22:570 [IN ] C8 24 0B 0A 25 A5 0B 01 31 02 DE 03 20 D0 50 (15)
                              [N11:NG] NGSWSTATE 3 (3)
2025-07-01 10:37:23:574 [IN ] C8 24 0B 0A 25 A5 0B 01 31 02 DE 03 20 D0 50 (15)
                              [N11:NG] NGSWSTATE 3 (3)
2025-07-01 10:37:24:579 [IN ] C8 24 0B 0A 25 A5 0B 01 31 02 DE 03 20 D0 50 (15)
                              [N11:NG] NGSWSTATE 3 (3)
2025-07-01 10:37:25:384 [IN ] C8 24 09 0E 25 A5 09 01 31 06 81 45 FF FF DA 2A 09 4B 0A (19)
                              [N9:P] TPOS 'E' 255 255 218 42 (-9686)
2025-07-01 10:37:25:610 [OUT] 25 A5 01 08 31 02 D8 3F 53 E7 (10)
                              [N8:R] INTERRUPT '?'
2025-07-01 10:37:25:612 [IN ] C8 24 0B 0A 25 A5 0B 01 31 02 DE 03 20 D0 DA (15)
                              [N11:NG] NGSWSTATE 3 (3)
2025-07-01 10:37:25:913 [IN ] C8 24 08 0C 25 A5 08 01 31 04 D8 3A 01 01 52 92 09 (17)
                              [N8:R] INTERRUPT ':' 1 1 (257)
2025-07-01 10:37:25:934 [OUT] 25 A5 01 08 31 03 CA 3D 0B 4F 1B (11)
                              [N8:R] RFLAG '=' 11 (11)
2025-07-01 10:37:26:101 [IN ] C8 24 08 0B 25 A5 08 01 31 03 CA 3A 0B 4C 1C 92 (16)
                              [N8:R] RFLAG ':' 11 (11)
2025-07-01 10:37:26:130 [OUT] 25 A5 01 08 31 03 88 00 50 15 20 (11)
                              [N8:R] RUN 0 80 (80)
2025-07-01 10:37:26:295 [IN ] C8 24 08 0C 25 A5 08 01 31 04 88 53 00 50 69 EA 09 (17)
                              [N8:R] RUN 'S' 0 80 (80)
2025-07-01 10:37:26:698 [IN ] C8 24 0B 0A 25 A5 0B 01 31 02 DE 03 20 D0 69 (15)
                              [N11:NG] NGSWSTATE 3 (3)
2025-07-01 10:37:27:701 [IN ] C8 24 0B 0A 25 A5 0B 01 31 02 DE 03 20 D0 69 (15)
                              [N11:NG] NGSWSTATE 3 (3)
2025-07-01 10:37:28:504 [IN ] C8 24 0B 0A (4)
2025-07-01 10:37:28:706 [IN ] 25 A5 0B 01 31 02 DE 03 20 D0 69 (11)
                              [N11:NG] NGSWSTATE 3 (3)
2025-07-01 10:37:29:708 [IN ] C8 24 0B 0A 25 A5 0B 01 31 02 DE 03 20 D0 69 (15)
                              [N11:NG] NGSWSTATE 3 (3)
2025-07-01 10:37:30:712 [IN ] C8 24 0B 0A 25 A5 0B 01 31 02 DE 03 20 D0 69 (15)
                              [N11:NG] NGSWSTATE 3 (3)
2025-07-01 10:37:31:715 [IN ] C8 24 0B 0A 25 A5 0B 01 31 02 DE 03 20 D0 69 (15)
                              [N11:NG] NGSWSTATE 3 (3)
2025-07-01 10:37:32:719 [IN ] C8 24 0B 0A 25 A5 0B 01 31 02 DE 03 20 D0 69 (15)
                              [N11:NG] NGSWSTATE 3 (3)
2025-07-01 10:37:33:524 [IN ] C8 24 08 0B 25 A5 08 01 31 03 81 5A 52 6A C8 EA C8 24 08 0A 25 A5 08 01 31 02 81 49 06 4A C8 (31)
                              [N8:R] TPOS 'Z' 82 (82)
                              [N8:R] TPOS 'I'
2025-07-01 10:37:33:726 [IN ] C8 24 0B 0A 25 A5 0B 01 31 02 DE 03 20 D0 C8 (15)
                              [N11:NG] NGSWSTATE 3 (3)
2025-07-01 10:37:33:747 [OUT] 25 A5 01 08 31 03 CA 3D 09 4D 19 (11)
                              [N8:R] RFLAG '=' 9 (9)
2025-07-01 10:37:33:914 [IN ] C8 24 08 0B 25 A5 08 01 31 03 CA 3A 09 4A 1A EA (16)
                              [N8:R] RFLAG ':' 9 (9)
2025-07-01 10:37:33:935 [OUT] 25 A5 01 08 31 05 81 FF DC 77 1D 2F DE (13)
                              [N8:R] TPOS 255 220 119 29 (-2328803)
