2026-03-31 17:04:36:292 [OUT] 25 A5 01 0A 31 05 D6 3D FF 00 00 53 ED (13)
                              [N10:HMI] HMILED '=' 255 0 0 (16711680)
2026-03-31 17:04:36:316 [OUT] 25 A5 01 04 31 07 E7 3D 65 00 00 00 84 4A 60 (15)
                              [N4:Y] LONG32VALUE '=' 'e' 0 0 0 132 (132)
2026-03-31 17:04:36:337 [OUT] 25 A5 01 03 31 07 E7 3D 65 00 00 00 87 4C 59 (15)
                              [N3:X] LONG32VALUE '=' 'e' 0 0 0 135 (135)
2026-03-31 17:04:36:481 [IN ] C8 24 0A 0D 25 A5 0A 01 31 05 D6 3A FF 00 00 50 EA 01 (18)
                              [N10:HMI] HMILED ':' 255 0 0 (16711680)
2026-03-31 17:04:36:646 [IN ] C8 24 04 0F 25 A5 04 01 31 07 E7 3A 65 00 00 00 84 47 51 02 (20)
                              [N4:Y] LONG32VALUE ':' 'e' 0 0 0 132 (132)
2026-03-31 17:04:36:668 [OUT] 25 A5 01 04 31 05 81 FF F7 01 94 47 9A (13)
                              [N4:Y] TPOS 255 247 1 148 (-589420)
2026-03-31 17:04:36:791 [IN ] C8 24 03 0F 25 A5 03 01 31 07 E7 3A 65 00 00 00 87 49 49 02 (20)
                              [N3:X] LONG32VALUE ':' 'e' 0 0 0 135 (135)
2026-03-31 17:04:36:812 [OUT] 25 A5 01 03 31 05 81 FF EA DB 81 00 0C (13)
                              [N3:X] TPOS 255 234 219 129 (-1385599)
2026-03-31 17:04:36:915 [IN ] C8 24 04 0E 25 A5 04 01 31 06 81 53 FF F6 38 47 84 1D 49 (19)
                              [N4:Y] TPOS 'S' 255 246 56 71 (-640953)
2026-03-31 17:04:36:937 [OUT] 25 A5 01 04 31 01 DB 12 85 (9)
                              [N4:Y] STARTMOVE
2026-03-31 17:04:37:061 [IN ] C8 24 03 0E 25 A5 03 01 31 06 81 53 FF EA 0E 00 06 54 49 (19)
                              [N3:X] TPOS 'S' 255 234 14 0 (-1438208)
2026-03-31 17:04:37:084 [OUT] 25 A5 01 03 31 01 DB 11 81 (9)
                              [N3:X] STARTMOVE
2026-03-31 17:04:37:085 [IN ] C8 24 0B 0A (4)
2026-03-31 17:04:37:105 [IN ] 25 A5 0B 01 31 02 DE 00 1D CD 0E (11)
                              [N11:NG] NGSWSTATE 0 (0)
2026-03-31 17:04:37:127 [IN ] C8 24 04 0A 25 A5 04 01 31 02 DB 01 14 9E 0E (15)
                              [N4:Y] STARTMOVE ''
2026-03-31 17:04:37:250 [IN ] C8 24 03 0A 25 A5 03 01 31 02 DB 01 13 98 0E (15)
                              [N3:X] STARTMOVE ''
2026-03-31 17:04:37:652 [IN ] C8 24 04 0E 25 A5 04 01 31 06 81 45 FF F7 03 34 2F 5D 49 C8 24 03 0E 25 A5 03 01 31 06 81 45 FF EA DC DB A1 85 49 (38)
                              [N4:Y] TPOS 'E' 255 247 3 52 (-589004)
                              [N3:X] TPOS 'E' 255 234 220 219 (-1385253)
2026-03-31 17:04:38:075 [OUT] 25 A5 01 04 31 03 84 00 50 0D FC (11)
                              [N4:Y] VEL 0 80 (80)
2026-03-31 17:04:38:097 [OUT] 25 A5 01 03 31 03 84 00 50 0C F6 (11)
                              [N3:X] VEL 0 80 (80)
2026-03-31 17:04:38:098 [IN ] C8 24 0B 0A 25 A5 0B 01 31 02 DE 00 1D CD DC (15)
                              [N11:NG] NGSWSTATE 0 (0)
2026-03-31 17:04:38:241 [IN ] C8 24 04 0C 25 A5 04 01 31 04 84 53 00 50 61 BA A1 (17)
                              [N4:Y] VEL 'S' 0 80 (80)
2026-03-31 17:04:38:264 [OUT] 25 A5 01 04 31 05 81 FF FF 8D 56 9D 8C (13)
                              [N4:Y] TPOS 255 255 141 86 (-29354)
2026-03-31 17:04:38:368 [IN ] C8 24 03 0C 25 A5 03 01 31 04 84 53 00 50 60 B2 A1 (17)
                              [N3:X] VEL 'S' 0 80 (80)
2026-03-31 17:04:38:390 [OUT] 25 A5 01 03 31 05 81 FF EC 73 30 49 F1 (13)
                              [N3:X] TPOS 255 236 115 48 (-1281232)
2026-03-31 17:04:38:472 [IN ] C8 24 04 0E 25 A5 04 01 31 06 81 53 FF F7 03 34 3D A3 49 (19)
                              [N4:Y] TPOS 'S' 255 247 3 52 (-589004)
2026-03-31 17:04:38:616 [IN ] C8 24 03 0E 25 A5 03 01 31 06 81 53 FF EA DC DB AF CB 49 (19)
                              [N3:X] TPOS 'S' 255 234 220 219 (-1385253)
2026-03-31 17:04:39:218 [IN ] C8 24 0B 0A 25 A5 0B 01 31 02 DE 00 1D CD DC (15)
                              [N11:NG] NGSWSTATE 0 (0)
2026-03-31 17:04:39:819 [IN ] C8 24 03 0E 25 A5 03 01 31 06 81 45 FF EC 72 98 F6 74 49 (19)
                              [N3:X] TPOS 'E' 255 236 114 152 (-1281384)
2026-03-31 17:04:40:220 [IN ] C8 24 0B 0A 25 A5 0B 01 31 02 DE 00 1D CD 72 (15)
                              [N11:NG] NGSWSTATE 0 (0)
2026-03-31 17:04:41:223 [IN ] C8 24 0B 0A 25 A5 0B 01 31 02 DE 00 1D CD 72 (15)
                              [N11:NG] NGSWSTATE 0 (0)
2026-03-31 17:04:42:226 [IN ] C8 24 0B 0A 25 A5 0B 01 31 02 DE 00 1D CD 72 (15)
                              [N11:NG] NGSWSTATE 0 (0)
2026-03-31 17:04:42:627 [IN ] C8 24 04 0E 25 A5 04 01 31 06 81 45 FF FF 8D 7B 08 D0 49 (19)
                              [N4:Y] TPOS 'E' 255 255 141 123 (-29317)
