2026-03-31 10:55:19:718 [OUT] 25 A5 01 09 31 04 E4 3D 00 00 60 C8 (12)
                              [N9:P] LOGPOS '=' 0 0 (0)
2026-03-31 10:55:19:740 [OUT] 25 A5 01 0A 31 05 D6 3D FF 00 00 53 ED (13)
                              [N10:HMI] HMILED '=' 255 0 0 (16711680)
2026-03-31 10:55:19:762 [OUT] 25 A5 01 08 31 05 81 FF EE 15 56 18 89 (13)
                              [N8:R] TPOS 255 238 21 86 (-1174186)
2026-03-31 10:55:19:847 [IN ] C8 24 09 0D 25 A5 09 01 31 05 82 FF E7 9B DC 1F 1B B8 (18)
                              [N9:P] GETPOS 255 231 155 220 (-1598500)
2026-03-31 10:55:19:890 [IN ] C8 24 0B 0A 25 A5 0B 01 31 02 DE 03 20 D0 DC C8 24 09 0C 25 A5 09 01 31 04 E4 3A 00 00 5D C7 1B (32)
                              [N11:NG] NGSWSTATE 3 (3)
                              [N9:P] LOGPOS ':' 0 0 (0)
2026-03-31 10:55:19:911 [OUT] 25 A5 01 09 31 03 84 00 50 12 1A (11)
                              [N9:P] VEL 0 80 (80)
2026-03-31 10:55:20:038 [IN ] C8 24 0A 0D 25 A5 0A 01 31 05 D6 3A FF 00 00 50 EA B8 (18)
                              [N10:HMI] HMILED ':' 255 0 0 (16711680)
2026-03-31 10:55:20:164 [IN ] C8 24 08 0E 25 A5 08 01 31 06 81 53 FF EE 17 2A 42 CE 0A (19)
                              [N8:R] TPOS 'S' 255 238 23 42 (-1173718)
2026-03-31 10:55:20:247 [IN ] C8 24 08 0E 25 A5 08 01 31 06 81 45 FF EE 17 0C 16 6A 0A C8 24 09 0C 25 A5 09 01 31 04 84 (30)
                              [N8:R] TPOS 'E' 255 238 23 12 (-1173748)
2026-03-31 10:55:20:268 [IN ] 53 00 50 66 E2 16 (6)
                              [N9:P] VEL 'S' 0 80 (80)
2026-03-31 10:55:20:289 [OUT] 25 A5 01 09 31 05 81 FF E7 EE 32 C7 0A (13)
                              [N9:P] TPOS 255 231 238 50 (-1577422)
2026-03-31 10:55:20:481 [IN ] C8 24 09 0E 25 A5 09 01 31 06 81 53 FF E7 9B DC 72 7D 0A (19)
                              [N9:P] TPOS 'S' 255 231 155 220 (-1598500)
2026-03-31 10:55:20:682 [IN ] C8 24 09 0E 25 A5 09 01 31 06 81 45 FF E7 F2 74 53 7D 0A (19)
                              [N9:P] TPOS 'E' 255 231 242 116 (-1576332)
2026-03-31 10:55:20:884 [IN ] C8 24 0B 0A 25 A5 0B 01 31 02 DE 03 20 D0 F2 (15)
                              [N11:NG] NGSWSTATE 3 (3)
2026-03-31 10:55:20:906 [OUT] 25 A5 01 09 31 05 81 FF E8 14 6B 27 92 (13)
                              [N9:P] TPOS 255 232 20 107 (-1567637)
2026-03-31 10:55:21:095 [IN ] C8 24 09 0E 25 A5 09 01 31 06 81 53 FF E7 F2 73 60 C2 0A (19)
                              [N9:P] TPOS 'S' 255 231 242 115 (-1576333)
2026-03-31 10:55:21:297 [IN ] C8 24 09 0E 25 A5 09 01 31 06 81 45 FF E8 18 05 0B 5D 0A (19)
                              [N9:P] TPOS 'E' 255 232 24 5 (-1566715)
2026-03-31 10:55:21:519 [OUT] 25 A5 01 09 31 05 81 FF E8 3A A4 86 17 (13)
                              [N9:P] TPOS 255 232 58 164 (-1557852)
2026-03-31 10:55:21:709 [IN ] C8 24 09 0E 25 A5 09 01 31 06 81 53 FF E8 18 04 18 A2 0A (19)
                              [N9:P] TPOS 'S' 255 232 24 4 (-1566716)
2026-03-31 10:55:21:910 [IN ] C8 24 09 0E 25 A5 09 01 31 06 81 45 FF E8 3E 32 5E D6 0A C8 24 0B 0A 25 A5 0B 01 31 02 DE 03 20 D0 3E (34)
                              [N9:P] TPOS 'E' 255 232 62 50 (-1556942)
                              [N11:NG] NGSWSTATE 3 (3)
2026-03-31 10:55:22:132 [OUT] 25 A5 01 09 31 05 81 FF E8 60 DD E5 9C (13)
                              [N9:P] TPOS 255 232 96 221 (-1548067)
2026-03-31 10:55:22:321 [IN ] C8 24 09 0E 25 A5 09 01 31 06 81 53 FF E8 3E 31 6B 1B 0A (19)
                              [N9:P] TPOS 'S' 255 232 62 49 (-1556943)
2026-03-31 10:55:22:523 [IN ] C8 24 09 0E 25 A5 09 01 31 06 81 45 FF E8 64 48 9A 38 0A (19)
                              [N9:P] TPOS 'E' 255 232 100 72 (-1547192)
2026-03-31 10:55:22:748 [OUT] 25 A5 01 09 31 05 81 FF E8 87 16 45 23 (13)
                              [N9:P] TPOS 255 232 135 22 (-1538282)
2026-03-31 10:55:22:916 [IN ] C8 24 0B 0A 25 A5 0B 01 31 02 DE 03 20 D0 64 (15)
                              [N11:NG] NGSWSTATE 3 (3)
2026-03-31 10:55:22:937 [IN ] C8 24 09 0E 25 A5 09 01 31 06 81 53 FF E8 64 46 A6 7C 0A (19)
                              [N9:P] TPOS 'S' 255 232 100 70 (-1547194)
2026-03-31 10:55:23:139 [IN ] C8 24 09 0E 25 A5 09 01 31 06 81 45 FF E8 8A 8D 05 C9 0A (19)
                              [N9:P] TPOS 'E' 255 232 138 141 (-1537395)
2026-03-31 10:55:23:361 [OUT] 25 A5 01 09 31 05 81 FF E8 AD 4F A4 A8 (13)
                              [N9:P] TPOS 255 232 173 79 (-1528497)
2026-03-31 10:55:23:550 [IN ] C8 24 09 0E 25 A5 09 01 31 06 81 53 FF E8 8A 8A 10 0C 0A (19)
                              [N9:P] TPOS 'S' 255 232 138 138 (-1537398)
2026-03-31 10:55:23:751 [IN ] C8 24 09 0E 25 A5 09 01 31 06 81 45 FF E8 B0 B6 54 3E 0A (19)
                              [N9:P] TPOS 'E' 255 232 176 182 (-1527626)
2026-03-31 10:55:23:954 [IN ] C8 24 0B 0A 25 A5 0B 01 31 02 DE 03 20 D0 B0 (15)
                              [N11:NG] NGSWSTATE 3 (3)
2026-03-31 10:55:23:975 [OUT] 25 A5 01 09 31 05 81 FF E8 D3 88 03 2D (13)
                              [N9:P] TPOS 255 232 211 136 (-1518712)
2026-03-31 10:55:24:166 [IN ] C8 24 09 0E 25 A5 09 01 31 06 81 53 FF E8 B0 B4 60 82 0A (19)
                              [N9:P] TPOS 'S' 255 232 176 180 (-1527628)
2026-03-31 10:55:24:367 [IN ] C8 24 09 0E 25 A5 09 01 31 06 81 45 FF E8 D6 FA BE CE 0A (19)
                              [N9:P] TPOS 'E' 255 232 214 250 (-1517830)
2026-03-31 10:55:24:590 [OUT] 25 A5 01 09 31 05 81 FF E8 F9 C1 62 B2 (13)
                              [N9:P] TPOS 255 232 249 193 (-1508927)
2026-03-31 10:55:24:799 [IN ] C8 24 09 0E 25 A5 09 01 31 06 81 53 FF E8 D6 F9 CB 13 0A (19)
                              [N9:P] TPOS 'S' 255 232 214 249 (-1517831)
2026-03-31 10:55:25:001 [IN ] C8 24 0B 0A 25 A5 0B 01 31 02 DE 03 20 D0 D6 C8 24 09 0E 25 A5 09 01 31 06 81 45 FF E8 FD 42 2D 64 0A (34)
                              [N11:NG] NGSWSTATE 3 (3)
                              [N9:P] TPOS 'E' 255 232 253 66 (-1508030)
2026-03-31 10:55:25:223 [OUT] 25 A5 01 09 31 05 81 FF E9 1F FA C2 3A (13)
                              [N9:P] TPOS 255 233 31 250 (-1499142)
2026-03-31 10:55:25:413 [IN ] C8 24 09 0E 25 A5 09 01 31 06 81 53 FF E8 FD 40 39 A8 0A (19)
                              [N9:P] TPOS 'S' 255 232 253 64 (-1508032)
2026-03-31 10:55:25:615 [IN ] C8 24 09 0E 25 A5 09 01 31 06 81 45 FF E9 23 93 A5 04 0A (19)
                              [N9:P] TPOS 'E' 255 233 35 147 (-1498221)
2026-03-31 10:55:25:839 [OUT] 25 A5 01 09 31 05 81 FF E9 46 32 21 C0 (13)
                              [N9:P] TPOS 255 233 70 50 (-1489358)
2026-03-31 10:55:25:944 [IN ] C8 24 0B 0A 25 A5 0B 01 31 02 DE 03 20 D0 23 (15)
                              [N11:NG] NGSWSTATE 3 (3)
2026-03-31 10:55:26:028 [IN ] C8 24 09 0E 25 A5 09 01 31 06 81 53 FF E9 23 92 B2 49 0A (19)
                              [N9:P] TPOS 'S' 255 233 35 146 (-1498222)
2026-03-31 10:55:26:230 [IN ] C8 24 09 0E 25 A5 09 01 31 06 81 45 FF E9 49 E4 1C A1 0A (19)
                              [N9:P] TPOS 'E' 255 233 73 228 (-1488412)
2026-03-31 10:55:26:451 [OUT] 25 A5 01 09 31 05 81 FF E9 6C 6B 80 45 (13)
                              [N9:P] TPOS 255 233 108 107 (-1479573)
2026-03-31 10:55:26:641 [IN ] C8 24 09 0E 25 A5 09 01 31 06 81 53 FF E9 49 E3 29 E6 0A (19)
                              [N9:P] TPOS 'S' 255 233 73 227 (-1488413)
2026-03-31 10:55:26:844 [IN ] C8 24 09 0E 25 A5 09 01 31 06 81 45 FF E9 70 2E 8D 39 0A (19)
                              [N9:P] TPOS 'E' 255 233 112 46 (-1478610)
2026-03-31 10:55:27:046 [IN ] C8 24 0B 0A 25 A5 0B 01 31 02 DE 03 20 D0 70 (15)
                              [N11:NG] NGSWSTATE 3 (3)
2026-03-31 10:55:27:068 [OUT] 25 A5 01 09 31 05 81 FF E9 92 A4 DF CA (13)
                              [N9:P] TPOS 255 233 146 164 (-1469788)
2026-03-31 10:55:27:257 [IN ] C8 24 09 0E 25 A5 09 01 31 06 81 53 FF E9 70 2C 99 7D 0A (19)
                              [N9:P] TPOS 'S' 255 233 112 44 (-1478612)
2026-03-31 10:55:27:458 [IN ] C8 24 09 0E 25 A5 09 01 31 06 81 45 FF E9 96 67 EC BE 0A (19)
                              [N9:P] TPOS 'E' 255 233 150 103 (-1468825)
2026-03-31 10:55:27:680 [OUT] 25 A5 01 09 31 05 81 FF E9 B8 DD 3E 4F (13)
                              [N9:P] TPOS 255 233 184 221 (-1460003)
2026-03-31 10:55:27:849 [IN ] C8 24 09 0E 25 A5 09 01 31 06 81 53 FF E9 96 65 F8 02 0A (19)
                              [N9:P] TPOS 'S' 255 233 150 101 (-1468827)
2026-03-31 10:55:28:050 [IN ] C8 24 0B 0A 25 A5 0B 01 31 02 DE 03 20 D0 96 C8 24 09 0E 25 A5 09 01 31 06 81 45 FF E9 BC 8A 35 2D 0A (34)
                              [N11:NG] NGSWSTATE 3 (3)
                              [N9:P] TPOS 'E' 255 233 188 138 (-1459062)
2026-03-31 10:55:28:271 [OUT] 25 A5 01 09 31 05 81 FF E9 DF 16 9E D6 (13)
                              [N9:P] TPOS 255 233 223 22 (-1450218)
2026-03-31 10:55:28:461 [IN ] C8 24 09 0E 25 A5 09 01 31 06 81 53 FF E9 BC 89 42 72 0A (19)
                              [N9:P] TPOS 'S' 255 233 188 137 (-1459063)
2026-03-31 10:55:28:663 [IN ] C8 24 09 0E 25 A5 09 01 31 06 81 45 FF E9 E2 B0 81 9F 0A (19)
                              [N9:P] TPOS 'E' 255 233 226 176 (-1449296)
2026-03-31 10:55:28:885 [OUT] 25 A5 01 09 31 05 81 FF EA 05 4F FE 5E (13)
                              [N9:P] TPOS 255 234 5 79 (-1440433)
2026-03-31 10:55:28:970 [IN ] C8 24 0B 0A 25 A5 0B 01 31 02 DE 03 20 D0 E2 (15)
                              [N11:NG] NGSWSTATE 3 (3)
2026-03-31 10:55:29:075 [IN ] C8 24 09 0E 25 A5 09 01 31 06 81 53 FF E9 E2 AF 8E E4 0A (19)
                              [N9:P] TPOS 'S' 255 233 226 175 (-1449297)
2026-03-31 10:55:29:276 [IN ] C8 24 09 0E 25 A5 09 01 31 06 81 45 FF EA 08 CC C4 0A 0A (19)
                              [N9:P] TPOS 'E' 255 234 8 204 (-1439540)
2026-03-31 10:55:29:498 [OUT] 25 A5 01 09 31 05 81 FF EA 2B 88 5D E3 (13)
                              [N9:P] TPOS 255 234 43 136 (-1430648)
2026-03-31 10:55:29:687 [IN ] C8 24 09 0E 25 A5 09 01 31 06 81 53 FF EA 08 CA D0 4E 0A (19)
                              [N9:P] TPOS 'S' 255 234 8 202 (-1439542)
2026-03-31 10:55:29:888 [IN ] C8 24 09 0E 25 A5 09 01 31 06 81 45 FF EA 2E FD 1B 87 0A (19)
                              [N9:P] TPOS 'E' 255 234 46 253 (-1429763)
2026-03-31 10:55:30:090 [IN ] C8 24 0B 0A 25 A5 0B 01 31 02 DE 03 20 D0 2E (15)
                              [N11:NG] NGSWSTATE 3 (3)
2026-03-31 10:55:30:112 [OUT] 25 A5 01 09 31 05 81 FF EA 51 C1 BC 68 (13)
                              [N9:P] TPOS 255 234 81 193 (-1420863)
2026-03-31 10:55:30:301 [IN ] C8 24 09 0E 25 A5 09 01 31 06 81 53 FF EA 2E FD 29 CD 0A (19)
                              [N9:P] TPOS 'S' 255 234 46 253 (-1429763)
2026-03-31 10:55:30:503 [IN ] C8 24 09 0E 25 A5 09 01 31 06 81 45 FF EA 55 16 5B EE 0A (19)
                              [N9:P] TPOS 'E' 255 234 85 22 (-1420010)
2026-03-31 10:55:30:725 [OUT] 25 A5 01 09 31 05 81 FF EA 77 FA 1B ED (13)
                              [N9:P] TPOS 255 234 119 250 (-1411078)
2026-03-31 10:55:30:913 [IN ] C8 24 09 0E 25 A5 09 01 31 06 81 53 FF EA 55 14 67 32 0A (19)
                              [N9:P] TPOS 'S' 255 234 85 20 (-1420012)
2026-03-31 10:55:31:114 [IN ] C8 24 0B 0A 25 A5 0B 01 31 02 DE 03 20 D0 55 C8 24 09 0E 25 A5 09 01 31 06 81 45 FF EA 7B 7A E5 9E 0A (34)
                              [N11:NG] NGSWSTATE 3 (3)
                              [N9:P] TPOS 'E' 255 234 123 122 (-1410182)
2026-03-31 10:55:31:337 [OUT] 25 A5 01 09 31 05 81 FF EA 9E 32 7A 73 (13)
                              [N9:P] TPOS 255 234 158 50 (-1401294)
2026-03-31 10:55:31:526 [IN ] C8 24 09 0E 25 A5 09 01 31 06 81 53 FF EA 7B 78 F1 E2 0A (19)
                              [N9:P] TPOS 'S' 255 234 123 120 (-1410184)
2026-03-31 10:55:31:728 [IN ] C8 24 09 0E 25 A5 09 01 31 06 81 45 FF EA A1 BE 4F 2E 0A (19)
                              [N9:P] TPOS 'E' 255 234 161 190 (-1400386)
2026-03-31 10:55:31:950 [OUT] 25 A5 01 09 31 05 81 FF EA C4 6B D9 F8 (13)
                              [N9:P] TPOS 255 234 196 107 (-1391509)
2026-03-31 10:55:31:972 [IN ] C8 24 0B 0A 25 A5 0B 01 31 02 DE 03 20 D0 A1 (15)
                              [N11:NG] NGSWSTATE 3 (3)
2026-03-31 10:55:32:141 [IN ] C8 24 09 0E 25 A5 09 01 31 06 81 53 FF EA A1 BC 5B 72 0A (19)
                              [N9:P] TPOS 'S' 255 234 161 188 (-1400388)
2026-03-31 10:55:32:343 [IN ] C8 24 09 0E 25 A5 09 01 31 06 81 45 FF EA C8 28 E0 E6 0A (19)
                              [N9:P] TPOS 'E' 255 234 200 40 (-1390552)
2026-03-31 10:55:32:565 [OUT] 25 A5 01 09 31 05 81 FF EA EA A4 38 7D (13)
                              [N9:P] TPOS 255 234 234 164 (-1381724)
2026-03-31 10:55:32:757 [IN ] C8 24 09 0E 25 A5 09 01 31 06 81 53 FF EA C8 26 EC 2A 0A (19)
                              [N9:P] TPOS 'S' 255 234 200 38 (-1390554)
2026-03-31 10:55:32:958 [IN ] C8 24 09 0E 25 A5 09 01 31 06 81 45 FF EA EE 62 40 6C 0A (19)
                              [N9:P] TPOS 'E' 255 234 238 98 (-1380766)
2026-03-31 10:55:33:160 [IN ] C8 24 0B 0A 25 A5 0B 01 31 02 DE 03 20 D0 EE (15)
                              [N11:NG] NGSWSTATE 3 (3)
2026-03-31 10:55:33:181 [OUT] 25 A5 01 09 31 05 81 FF EB 10 DD 98 05 (13)
                              [N9:P] TPOS 255 235 16 221 (-1371939)
2026-03-31 10:55:33:347 [IN ] C8 24 09 0E 25 A5 09 01 31 06 81 53 FF EA EE 60 4C B0 0A (19)
                              [N9:P] TPOS 'S' 255 234 238 96 (-1380768)
2026-03-31 10:55:33:549 [IN ] C8 24 09 0E 25 A5 09 01 31 06 81 45 FF EB 14 B1 B6 0A 0A (19)
                              [N9:P] TPOS 'E' 255 235 20 177 (-1370959)
2026-03-31 10:55:33:771 [OUT] 25 A5 01 09 31 05 81 FF EB 37 16 F8 8C (13)
                              [N9:P] TPOS 255 235 55 22 (-1362154)
2026-03-31 10:55:33:961 [IN ] C8 24 09 0E 25 A5 09 01 31 06 81 53 FF EB 14 B1 C4 50 0A (19)
                              [N9:P] TPOS 'S' 255 235 20 177 (-1370959)
2026-03-31 10:55:34:163 [IN ] C8 24 0B 0A 25 A5 0B 01 31 02 DE 03 20 D0 14 C8 24 09 0E 25 A5 09 01 31 06 81 45 FF EB 3A BB E6 60 0A (34)
                              [N11:NG] NGSWSTATE 3 (3)
                              [N9:P] TPOS 'E' 255 235 58 187 (-1361221)
2026-03-31 10:55:34:385 [OUT] 25 A5 01 09 31 05 81 FF EB 5D 4F 57 11 (13)
                              [N9:P] TPOS 255 235 93 79 (-1352369)
2026-03-31 10:55:34:573 [IN ] C8 24 09 0E 25 A5 09 01 31 06 81 53 FF EB 3A BA F3 A5 0A (19)
                              [N9:P] TPOS 'S' 255 235 58 186 (-1361222)
2026-03-31 10:55:34:774 [IN ] C8 24 09 0E 25 A5 09 01 31 06 81 45 FF EB 60 EB 3C DC 0A (19)
                              [N9:P] TPOS 'E' 255 235 96 235 (-1351445)
2026-03-31 10:55:34:996 [OUT] 25 A5 01 09 31 05 81 FF EB 83 88 B6 96 (13)
                              [N9:P] TPOS 255 235 131 136 (-1342584)
2026-03-31 10:55:35:018 [IN ] C8 24 0B 0A 25 A5 0B 01 31 02 DE 03 20 D0 60 (15)
                              [N11:NG] NGSWSTATE 3 (3)
2026-03-31 10:55:35:186 [IN ] C8 24 09 0E 25 A5 09 01 31 06 81 53 FF EB 60 E9 48 20 0A (19)
                              [N9:P] TPOS 'S' 255 235 96 233 (-1351447)
2026-03-31 10:55:35:387 [IN ] C8 24 09 0E 25 A5 09 01 31 06 81 45 FF EB 86 DF 56 1C 0A (19)
                              [N9:P] TPOS 'E' 255 235 134 223 (-1341729)
2026-03-31 10:55:35:609 [OUT] 25 A5 01 09 31 05 81 FF EB A9 C1 15 1B (13)
                              [N9:P] TPOS 255 235 169 193 (-1332799)
2026-03-31 10:55:35:798 [IN ] C8 24 09 0E 25 A5 09 01 31 06 81 53 FF EB 86 DC 61 5F 0A (19)
                              [N9:P] TPOS 'S' 255 235 134 220 (-1341732)
2026-03-31 10:55:35:998 [IN ] C8 24 09 0E 25 A5 09 01 31 06 81 45 FF EB AC EB 88 74 0A (19)
                              [N9:P] TPOS 'E' 255 235 172 235 (-1331989)
2026-03-31 10:55:36:201 [IN ] C8 24 0B 0A 25 A5 0B 01 31 02 DE 03 20 D0 AC (15)
                              [N11:NG] NGSWSTATE 3 (3)
2026-03-31 10:55:36:222 [OUT] 25 A5 01 09 31 05 81 FF EB CF FA 74 A0 (13)
                              [N9:P] TPOS 255 235 207 250 (-1323014)
2026-03-31 10:55:36:412 [IN ] C8 24 09 0E 25 A5 09 01 31 06 81 53 FF EB AC E7 92 B6 0A (19)
                              [N9:P] TPOS 'S' 255 235 172 231 (-1331993)
2026-03-31 10:55:36:613 [IN ] C8 24 09 0E 25 A5 09 01 31 06 81 45 FF EB D3 63 27 3A 0A (19)
                              [N9:P] TPOS 'E' 255 235 211 99 (-1322141)
2026-03-31 10:55:36:837 [OUT] 25 A5 01 09 31 05 81 FF EB F6 32 D3 26 (13)
                              [N9:P] TPOS 255 235 246 50 (-1313230)
2026-03-31 10:55:37:006 [IN ] C8 24 0B 0A 25 A5 0B 01 31 02 DE 03 20 D0 D3 (15)
                              [N11:NG] NGSWSTATE 3 (3)
2026-03-31 10:55:37:028 [IN ] C8 24 09 0E 25 A5 09 01 31 06 81 53 FF EB D3 60 32 7D 0A (19)
                              [N9:P] TPOS 'S' 255 235 211 96 (-1322144)
2026-03-31 10:55:37:229 [IN ] C8 24 09 0E 25 A5 09 01 31 06 81 45 FF EB F9 BF A9 E2 0A (19)
                              [N9:P] TPOS 'E' 255 235 249 191 (-1312321)
2026-03-31 10:55:37:452 [OUT] 25 A5 01 09 31 05 81 FF EC 1C 6B 33 AE (13)
                              [N9:P] TPOS 255 236 28 107 (-1303445)
2026-03-31 10:55:37:641 [IN ] C8 24 09 0E 25 A5 09 01 31 06 81 53 FF EB F9 BE B6 27 0A (19)
                              [N9:P] TPOS 'S' 255 235 249 190 (-1312322)
2026-03-31 10:55:37:842 [IN ] C8 24 09 0E 25 A5 09 01 31 06 81 45 FF EC 20 11 23 85 0A (19)
                              [N9:P] TPOS 'E' 255 236 32 17 (-1302511)
2026-03-31 10:55:38:044 [IN ] C8 24 0B 0A 25 A5 0B 01 31 02 DE 03 20 D0 20 (15)
                              [N11:NG] NGSWSTATE 3 (3)
2026-03-31 10:55:38:066 [OUT] 25 A5 01 09 31 05 81 FF EC 42 A4 92 33 (13)
                              [N9:P] TPOS 255 236 66 164 (-1293660)
2026-03-31 10:55:38:256 [IN ] C8 24 09 0E 25 A5 09 01 31 06 81 53 FF EC 20 0E 2E C8 0A (19)
                              [N9:P] TPOS 'S' 255 236 32 14 (-1302514)
2026-03-31 10:55:38:458 [IN ] C8 24 09 0E 25 A5 09 01 31 06 81 45 FF EC 46 45 7D 05 0A (19)
                              [N9:P] TPOS 'E' 255 236 70 69 (-1292731)
2026-03-31 10:55:38:680 [OUT] 25 A5 01 09 31 05 81 FF EC 68 DD F1 B8 (13)
                              [N9:P] TPOS 255 236 104 221 (-1283875)
2026-03-31 10:55:38:868 [IN ] C8 24 09 0E 25 A5 09 01 31 06 81 53 FF EC 46 44 8A 4A 0A (19)
                              [N9:P] TPOS 'S' 255 236 70 68 (-1292732)
2026-03-31 10:55:39:070 [IN ] C8 24 09 0E 25 A5 09 01 31 06 81 45 FF EC 6C 86 E4 92 0A C8 24 0B 0A 25 A5 0B 01 31 02 DE 03 20 D0 6C (34)
                              [N9:P] TPOS 'E' 255 236 108 134 (-1282938)
                              [N11:NG] NGSWSTATE 3 (3)
2026-03-31 10:55:39:293 [OUT] 25 A5 01 09 31 05 81 FF EC 8F 16 51 3F (13)
                              [N9:P] TPOS 255 236 143 22 (-1274090)
2026-03-31 10:55:39:503 [IN ] C8 24 09 0E 25 A5 09 01 31 06 81 53 FF EC 6C 85 F1 D7 0A (19)
                              [N9:P] TPOS 'S' 255 236 108 133 (-1282939)
2026-03-31 10:55:39:705 [IN ] C8 24 09 0E 25 A5 09 01 31 06 81 45 FF EC 92 9B 1F F3 0A (19)
                              [N9:P] TPOS 'E' 255 236 146 155 (-1273189)
2026-03-31 10:55:39:928 [OUT] 25 A5 01 09 31 05 81 FF EC B5 4F B0 C4 (13)
                              [N9:P] TPOS 255 236 181 79 (-1264305)
2026-03-31 10:55:40:053 [IN ] C8 24 0B 0A 25 A5 0B 01 31 02 DE 03 20 D0 92 (15)
                              [N11:NG] NGSWSTATE 3 (3)
2026-03-31 10:55:40:116 [IN ] C8 24 09 0E 25 A5 09 01 31 06 81 53 FF EC 92 98 2A 36 0A (19)
                              [N9:P] TPOS 'S' 255 236 146 152 (-1273192)
2026-03-31 10:55:40:318 [IN ] C8 24 09 0E 25 A5 09 01 31 06 81 45 FF EC B8 D1 7B 75 0A (19)
                              [N9:P] TPOS 'E' 255 236 184 209 (-1263407)
2026-03-31 10:55:40:541 [OUT] 25 A5 01 09 31 05 81 FF EC DB 88 0F 49 (13)
                              [N9:P] TPOS 255 236 219 136 (-1254520)
2026-03-31 10:55:40:730 [IN ] C8 24 09 0E 25 A5 09 01 31 06 81 53 FF EC B8 CE 86 B8 0A (19)
                              [N9:P] TPOS 'S' 255 236 184 206 (-1263410)
2026-03-31 10:55:40:931 [IN ] C8 24 09 0E 25 A5 09 01 31 06 81 45 FF EC DE FD CD ED 0A (19)
                              [N9:P] TPOS 'E' 255 236 222 253 (-1253635)
2026-03-31 10:55:41:132 [IN ] C8 24 0B 0A 25 A5 0B 01 31 02 DE 03 20 D0 DE (15)
                              [N11:NG] NGSWSTATE 3 (3)
2026-03-31 10:55:41:153 [OUT] 25 A5 01 09 31 05 81 FF ED 01 C1 6F D1 (13)
                              [N9:P] TPOS 255 237 1 193 (-1244735)
2026-03-31 10:55:41:341 [IN ] C8 24 09 0E 25 A5 09 01 31 06 81 53 FF EC DE FB D9 31 0A (19)
                              [N9:P] TPOS 'S' 255 236 222 251 (-1253637)
2026-03-31 10:55:41:543 [IN ] C8 24 09 0E 25 A5 09 01 31 06 81 45 FF ED 05 52 4A 93 0A (19)
                              [N9:P] TPOS 'E' 255 237 5 82 (-1243822)
2026-03-31 10:55:41:766 [OUT] 25 A5 01 09 31 05 81 FF ED 27 FA CE 56 (13)
                              [N9:P] TPOS 255 237 39 250 (-1234950)
2026-03-31 10:55:41:955 [IN ] C8 24 09 0E 25 A5 09 01 31 06 81 53 FF ED 05 51 57 D8 0A (19)
                              [N9:P] TPOS 'S' 255 237 5 81 (-1243823)
2026-03-31 10:55:42:156 [IN ] C8 24 0B 0A 25 A5 0B 01 31 02 DE 03 20 D0 05 C8 24 09 0E 25 A5 09 01 31 06 81 45 FF ED 2B 94 B2 21 0A (34)
                              [N11:NG] NGSWSTATE 3 (3)
                              [N9:P] TPOS 'E' 255 237 43 148 (-1234028)
2026-03-31 10:55:42:379 [OUT] 25 A5 01 09 31 05 81 FF ED 4E 32 2D DC (13)
                              [N9:P] TPOS 255 237 78 50 (-1225166)
2026-03-31 10:55:42:567 [IN ] C8 24 09 0E 25 A5 09 01 31 06 81 53 FF ED 2B 93 BF 66 0A (19)
                              [N9:P] TPOS 'S' 255 237 43 147 (-1234029)
2026-03-31 10:55:42:769 [IN ] C8 24 09 0E 25 A5 09 01 31 06 81 45 FF ED 51 D7 1B B0 0A (19)
                              [N9:P] TPOS 'E' 255 237 81 215 (-1224233)
2026-03-31 10:55:42:992 [OUT] 25 A5 01 09 31 05 81 FF ED 74 6B 8C 61 (13)
                              [N9:P] TPOS 255 237 116 107 (-1215381)
2026-03-31 10:55:43:075 [IN ] C8 24 0B 0A 25 A5 0B 01 31 02 DE 03 20 D0 51 (15)
                              [N11:NG] NGSWSTATE 3 (3)
2026-03-31 10:55:43:180 [IN ] C8 24 09 0E 25 A5 09 01 31 06 81 53 FF ED 51 D6 28 F5 0A (19)
                              [N9:P] TPOS 'S' 255 237 81 214 (-1224234)
2026-03-31 10:55:43:383 [IN ] C8 24 09 0E 25 A5 09 01 31 06 81 45 FF ED 78 24 8F 4B 0A (19)
                              [N9:P] TPOS 'E' 255 237 120 36 (-1214428)
2026-03-31 10:55:43:604 [OUT] 25 A5 01 09 31 05 81 FF ED 9A A4 EB E6 (13)
                              [N9:P] TPOS 255 237 154 164 (-1205596)
2026-03-31 10:55:43:794 [IN ] C8 24 09 0E 25 A5 09 01 31 06 81 53 FF ED 78 23 9C 90 0A (19)
                              [N9:P] TPOS 'S' 255 237 120 35 (-1214429)
2026-03-31 10:55:43:996 [IN ] C8 24 09 0E 25 A5 09 01 31 06 81 45 FF ED 9E 3B CC AE 0A (19)
                              [N9:P] TPOS 'E' 255 237 158 59 (-1204677)
2026-03-31 10:55:44:197 [IN ] C8 24 0B 0A 25 A5 0B 01 31 02 DE 03 20 D0 9E (15)
                              [N11:NG] NGSWSTATE 3 (3)
2026-03-31 10:55:44:218 [OUT] 25 A5 01 09 31 05 81 FF ED C0 DD 4A 6B (13)
                              [N9:P] TPOS 255 237 192 221 (-1195811)
2026-03-31 10:55:44:407 [IN ] C8 24 09 0E 25 A5 09 01 31 06 81 53 FF ED 9E 3A D9 F3 0A (19)
                              [N9:P] TPOS 'S' 255 237 158 58 (-1204678)
2026-03-31 10:55:44:610 [IN ] C8 24 09 0E 25 A5 09 01 31 06 81 45 FF ED C4 59 10 18 0A (19)
                              [N9:P] TPOS 'E' 255 237 196 89 (-1194919)
2026-03-31 10:55:44:832 [OUT] 25 A5 01 09 31 05 81 FF ED E7 16 AA F2 (13)
                              [N9:P] TPOS 255 237 231 22 (-1186026)
2026-03-31 10:55:45:020 [IN ] C8 24 09 0E 25 A5 09 01 31 06 81 53 FF ED C4 56 1B 5B 0A (19)
                              [N9:P] TPOS 'S' 255 237 196 86 (-1194922)
2026-03-31 10:55:45:222 [IN ] C8 24 0B 0A 25 A5 0B 01 31 02 DE 03 20 D0 C4 C8 24 09 0E 25 A5 09 01 31 06 81 45 FF ED EA 92 6F 9D 0A (34)
                              [N11:NG] NGSWSTATE 3 (3)
                              [N9:P] TPOS 'E' 255 237 234 146 (-1185134)
2026-03-31 10:55:45:444 [OUT] 25 A5 01 09 31 05 81 FF EE 0D 4F 0A 7A (13)
                              [N9:P] TPOS 255 238 13 79 (-1176241)
2026-03-31 10:55:45:634 [IN ] C8 24 09 0E 25 A5 09 01 31 06 81 53 FF ED EA 8F 7A E0 0A (19)
                              [N9:P] TPOS 'S' 255 237 234 143 (-1185137)
2026-03-31 10:55:45:836 [IN ] C8 24 09 0E 25 A5 09 01 31 06 81 45 FF EE 10 C8 CC 22 0A (19)
                              [N9:P] TPOS 'E' 255 238 16 200 (-1175352)
2026-03-31 10:55:46:057 [OUT] 25 A5 01 09 31 05 81 FF EE 33 88 69 FF (13)
                              [N9:P] TPOS 255 238 51 136 (-1166456)
2026-03-31 10:55:46:099 [IN ] C8 24 0B 0A 25 A5 0B 01 31 02 DE 03 20 D0 10 (15)
                              [N11:NG] NGSWSTATE 3 (3)
2026-03-31 10:55:46:246 [IN ] C8 24 09 0E 25 A5 09 01 31 06 81 53 FF EE 10 C6 D8 66 0A (19)
                              [N9:P] TPOS 'S' 255 238 16 198 (-1175354)
2026-03-31 10:55:46:448 [IN ] C8 24 09 0E 25 A5 09 01 31 06 81 45 FF EE 37 12 3D BA 0A (19)
                              [N9:P] TPOS 'E' 255 238 55 18 (-1165550)
2026-03-31 10:55:46:671 [OUT] 25 A5 01 09 31 05 81 FF EE 59 C1 C8 84 (13)
                              [N9:P] TPOS 255 238 89 193 (-1156671)
2026-03-31 10:55:46:860 [IN ] C8 24 09 0E 25 A5 09 01 31 06 81 53 FF EE 37 11 4A FF 0A (19)
                              [N9:P] TPOS 'S' 255 238 55 17 (-1165551)
2026-03-31 10:55:47:062 [IN ] C8 24 09 0E 25 A5 09 01 31 06 81 45 FF EE 5D 41 92 35 0A (19)
                              [N9:P] TPOS 'E' 255 238 93 65 (-1155775)
2026-03-31 10:55:47:263 [IN ] C8 24 0B 0A 25 A5 0B 01 31 02 DE 03 20 D0 5D (15)
                              [N11:NG] NGSWSTATE 3 (3)
2026-03-31 10:55:47:285 [OUT] 25 A5 01 09 31 05 81 FF EE 7F FA 27 09 (13)
                              [N9:P] TPOS 255 238 127 250 (-1146886)
2026-03-31 10:55:47:474 [IN ] C8 24 09 0E 25 A5 09 01 31 06 81 53 FF EE 5D 40 9F 7A 0A (19)
                              [N9:P] TPOS 'S' 255 238 93 64 (-1155776)
2026-03-31 10:55:47:676 [IN ] C8 24 09 0E 25 A5 09 01 31 06 81 45 FF EE 83 88 FF C8 0A (19)
                              [N9:P] TPOS 'E' 255 238 131 136 (-1145976)
2026-03-31 10:55:47:899 [OUT] 25 A5 01 09 31 05 81 FF EE A6 32 86 8F (13)
                              [N9:P] TPOS 255 238 166 50 (-1137102)
2026-03-31 10:55:48:088 [IN ] C8 24 09 0E 25 A5 09 01 31 06 81 53 FF EE 83 87 0C 0D 0A (19)
                              [N9:P] TPOS 'S' 255 238 131 135 (-1145977)
2026-03-31 10:55:48:290 [IN ] C8 24 0B 0A 25 A5 0B 01 31 02 DE 03 20 D0 83 C8 24 09 0E 25 A5 09 01 31 06 81 45 FF EE A9 D0 6D 5C 0A (34)
                              [N11:NG] NGSWSTATE 3 (3)
                              [N9:P] TPOS 'E' 255 238 169 208 (-1136176)
2026-03-31 10:55:48:513 [OUT] 25 A5 01 09 31 05 81 FF EE CC 6B E5 14 (13)
                              [N9:P] TPOS 255 238 204 107 (-1127317)
2026-03-31 10:55:48:702 [IN ] C8 24 09 0E 25 A5 09 01 31 06 81 53 FF EE A9 CF 7A A1 0A (19)
                              [N9:P] TPOS 'S' 255 238 169 207 (-1136177)
2026-03-31 10:55:48:904 [IN ] C8 24 09 0E 25 A5 09 01 31 06 81 45 FF EE D0 27 EB 01 0A (19)
                              [N9:P] TPOS 'E' 255 238 208 39 (-1126361)
2026-03-31 10:55:49:107 [IN ] C8 24 0B 0A 25 A5 0B 01 31 02 DE 03 20 D0 D0 (15)
                              [N11:NG] NGSWSTATE 3 (3)
2026-03-31 10:55:49:128 [OUT] 25 A5 01 09 31 05 81 FF EE F2 A4 44 99 (13)
                              [N9:P] TPOS 255 238 242 164 (-1117532)
2026-03-31 10:55:49:297 [IN ] C8 24 09 0E 25 A5 09 01 31 06 81 53 FF EE D0 26 F8 46 0A (19)
                              [N9:P] TPOS 'S' 255 238 208 38 (-1126362)
2026-03-31 10:55:49:498 [IN ] C8 24 09 0E 25 A5 09 01 31 06 81 45 FF EE F6 39 23 5F 0A (19)
                              [N9:P] TPOS 'E' 255 238 246 57 (-1116615)
2026-03-31 10:55:49:721 [OUT] 25 A5 01 09 31 05 81 FF EF 18 DD A4 21 (13)
                              [N9:P] TPOS 255 239 24 221 (-1107747)
2026-03-31 10:55:49:910 [IN ] C8 24 09 0E 25 A5 09 01 31 06 81 53 FF EE F6 38 30 A4 0A (19)
                              [N9:P] TPOS 'S' 255 238 246 56 (-1116616)
2026-03-31 10:55:50:112 [IN ] C8 24 09 0E 25 A5 09 01 31 06 81 45 FF EF 1C 49 5A BE 0A C8 24 0B 0A 25 A5 0B 01 31 02 DE 03 20 D0 1C (34)
                              [N9:P] TPOS 'E' 255 239 28 73 (-1106871)
                              [N11:NG] NGSWSTATE 3 (3)
2026-03-31 10:55:50:334 [OUT] 25 A5 01 09 31 05 81 FF EF 3F 16 04 A8 (13)
                              [N9:P] TPOS 255 239 63 22 (-1097962)
2026-03-31 10:55:50:544 [IN ] C8 24 09 0E 25 A5 09 01 31 06 81 53 FF EF 1C 48 67 03 0A (19)
                              [N9:P] TPOS 'S' 255 239 28 72 (-1106872)
2026-03-31 10:55:50:746 [IN ] C8 24 09 0E 25 A5 09 01 31 06 81 45 FF EF 42 69 A0 2A 0A (19)
                              [N9:P] TPOS 'E' 255 239 66 105 (-1097111)
2026-03-31 10:55:50:967 [OUT] 25 A5 01 09 31 05 81 FF EF 65 4F 63 2D (13)
                              [N9:P] TPOS 255 239 101 79 (-1088177)
2026-03-31 10:55:51:136 [IN ] C8 24 0B 0A 25 A5 0B 01 31 02 DE 03 20 D0 42 (15)
                              [N11:NG] NGSWSTATE 3 (3)
2026-03-31 10:55:51:156 [IN ] C8 24 09 0E 25 A5 09 01 31 06 81 53 FF EF 42 66 AB 6D 0A (19)
                              [N9:P] TPOS 'S' 255 239 66 102 (-1097114)
2026-03-31 10:55:51:358 [IN ] C8 24 09 0E 25 A5 09 01 31 06 81 45 FF EF 68 AE 0B BB 0A (19)
                              [N9:P] TPOS 'E' 255 239 104 174 (-1087314)
2026-03-31 10:55:51:580 [OUT] 25 A5 01 09 31 05 81 FF EF 8B 88 C2 B2 (13)
                              [N9:P] TPOS 255 239 139 136 (-1078392)
2026-03-31 10:55:51:748 [IN ] C8 24 09 0E 25 A5 09 01 31 06 81 53 FF EF 68 AD 18 00 0A (19)
                              [N9:P] TPOS 'S' 255 239 104 173 (-1087315)
2026-03-31 10:55:51:950 [IN ] C8 24 09 0E 25 A5 09 01 31 06 81 45 FF EF 8E BE 41 17 0A (19)
                              [N9:P] TPOS 'E' 255 239 142 190 (-1077570)
2026-03-31 10:55:52:152 [IN ] C8 24 0B 0A 25 A5 0B 01 31 02 DE 03 20 D0 8E (15)
                              [N11:NG] NGSWSTATE 3 (3)
2026-03-31 10:55:52:172 [OUT] 25 A5 01 09 31 05 81 FF EF B1 C1 21 37 (13)
                              [N9:P] TPOS 255 239 177 193 (-1068607)
2026-03-31 10:55:52:382 [IN ] C8 24 09 0E 25 A5 09 01 31 06 81 53 FF EF 8E BC 4D 5B 0A (19)
                              [N9:P] TPOS 'S' 255 239 142 188 (-1077572)
2026-03-31 10:55:52:584 [IN ] C8 24 09 0E 25 A5 09 01 31 06 81 45 FF EF B5 14 BE BB 0A (19)
                              [N9:P] TPOS 'E' 255 239 181 20 (-1067756)
2026-03-31 10:55:52:807 [OUT] 25 A5 01 09 31 05 81 FF EF D7 FA 80 BC (13)
                              [N9:P] TPOS 255 239 215 250 (-1058822)
2026-03-31 10:55:52:995 [IN ] C8 24 09 0E 25 A5 09 01 31 06 81 53 FF EF B5 12 CA FF 0A (19)
                              [N9:P] TPOS 'S' 255 239 181 18 (-1067758)
2026-03-31 10:55:53:197 [IN ] C8 24 09 0E 25 A5 09 01 31 06 81 45 FF EF DB 74 44 67 0A C8 24 0B 0A 25 A5 0B 01 31 02 DE 03 20 D0 DB (34)
                              [N9:P] TPOS 'E' 255 239 219 116 (-1057932)
                              [N11:NG] NGSWSTATE 3 (3)
2026-03-31 10:55:53:419 [OUT] 25 A5 01 09 31 05 81 FF EF FE 32 DF 42 (13)
                              [N9:P] TPOS 255 239 254 50 (-1049038)
2026-03-31 10:55:53:608 [IN ] C8 24 09 0E 25 A5 09 01 31 06 81 53 FF EF DB 73 51 AC 0A (19)
                              [N9:P] TPOS 'S' 255 239 219 115 (-1057933)
2026-03-31 10:55:53:810 [IN ] C8 24 09 0E 25 A5 09 01 31 06 81 45 FF F0 01 D0 C7 12 0A (19)
                              [N9:P] TPOS 'E' 255 240 1 208 (-1048112)
2026-03-31 10:55:54:032 [OUT] 25 A5 01 09 31 05 81 FF F0 24 6B 3F CA (13)
                              [N9:P] TPOS 255 240 36 107 (-1039253)
2026-03-31 10:55:54:156 [IN ] C8 24 0B 0A 25 A5 0B 01 31 02 DE 03 20 D0 01 (15)
                              [N11:NG] NGSWSTATE 3 (3)
2026-03-31 10:55:54:219 [IN ] C8 24 09 0E 25 A5 09 01 31 06 81 53 FF F0 01 CF D4 57 0A (19)
                              [N9:P] TPOS 'S' 255 240 1 207 (-1048113)
2026-03-31 10:55:54:422 [IN ] C8 24 09 0E 25 A5 09 01 31 06 81 45 FF F0 28 2A 48 BA 0A (19)
                              [N9:P] TPOS 'E' 255 240 40 42 (-1038294)
2026-03-31 10:55:54:644 [OUT] 25 A5 01 09 31 05 81 FF F0 4A A4 9E 4F (13)
                              [N9:P] TPOS 255 240 74 164 (-1029468)
2026-03-31 10:55:54:832 [IN ] C8 24 09 0E 25 A5 09 01 31 06 81 53 FF F0 28 27 53 FD 0A (19)
                              [N9:P] TPOS 'S' 255 240 40 39 (-1038297)
2026-03-31 10:55:55:033 [IN ] C8 24 09 0E 25 A5 09 01 31 06 81 45 FF F0 4E 54 98 30 0A (19)
                              [N9:P] TPOS 'E' 255 240 78 84 (-1028524)
2026-03-31 10:55:55:234 [IN ] C8 24 0B 0A 25 A5 0B 01 31 02 DE 03 20 D0 4E (15)
                              [N11:NG] NGSWSTATE 3 (3)
2026-03-31 10:55:55:255 [OUT] 25 A5 01 09 31 05 81 FF F0 70 DD FD D4 (13)
                              [N9:P] TPOS 255 240 112 221 (-1019683)
2026-03-31 10:55:55:443 [IN ] C8 24 09 0E 25 A5 09 01 31 06 81 53 FF F0 4E 51 A3 73 0A (19)
                              [N9:P] TPOS 'S' 255 240 78 81 (-1028527)
2026-03-31 10:55:55:644 [IN ] C8 24 09 0E 25 A5 09 01 31 06 81 45 FF F0 74 A8 12 D0 0A (19)
                              [N9:P] TPOS 'E' 255 240 116 168 (-1018712)
2026-03-31 10:55:55:865 [OUT] 25 A5 01 09 31 05 81 FF F0 97 16 5D 5B (13)
                              [N9:P] TPOS 255 240 151 22 (-1009898)
2026-03-31 10:55:56:075 [IN ] C8 24 09 0E 25 A5 09 01 31 06 81 53 FF F0 74 A8 20 16 0A (19)
                              [N9:P] TPOS 'S' 255 240 116 168 (-1018712)
2026-03-31 10:55:56:276 [IN ] C8 24 0B 0A 25 A5 0B 01 31 02 DE 03 20 D0 74 C8 24 09 0E 25 A5 09 01 31 06 81 45 FF F0 9A A4 34 18 0A (34)
                              [N11:NG] NGSWSTATE 3 (3)
                              [N9:P] TPOS 'E' 255 240 154 164 (-1008988)
2026-03-31 10:55:56:501 [OUT] 25 A5 01 09 31 05 81 FF F0 BD 4F BC E0 (13)
                              [N9:P] TPOS 255 240 189 79 (-1000113)
2026-03-31 10:55:56:690 [IN ] C8 24 09 0E 25 A5 09 01 31 06 81 53 FF F0 9A A3 41 5D 0A (19)
                              [N9:P] TPOS 'S' 255 240 154 163 (-1008989)
2026-03-31 10:55:56:891 [IN ] C8 24 09 0E 25 A5 09 01 31 06 81 45 FF F0 C0 B3 69 73 0A (19)
                              [N9:P] TPOS 'E' 255 240 192 179 (-999245)
2026-03-31 10:55:57:113 [OUT] 25 A5 01 09 31 05 81 FF F0 E3 88 1B 65 (13)
                              [N9:P] TPOS 255 240 227 136 (-990328)
2026-03-31 10:55:57:177 [IN ] C8 24 0B 0A 25 A5 0B 01 31 02 DE 03 20 D0 C0 (15)
                              [N11:NG] NGSWSTATE 3 (3)
2026-03-31 10:55:57:304 [IN ] C8 24 09 0E 25 A5 09 01 31 06 81 53 FF F0 C0 B1 75 B7 0A (19)
                              [N9:P] TPOS 'S' 255 240 192 177 (-999247)
2026-03-31 10:55:57:506 [IN ] C8 24 09 0E 25 A5 09 01 31 06 81 45 FF F0 E6 E2 BE EE 0A (19)
                              [N9:P] TPOS 'E' 255 240 230 226 (-989470)
