2026-03-31 10:04:24:874 [OUT] 25 A5 01 0A 31 05 D6 3D FF 00 00 53 ED (13)
                              [N10:HMI] HMILED '=' 255 0 0 (16711680)
2026-03-31 10:04:24:898 [OUT] 25 A5 01 09 31 05 81 FF EC D1 22 9F CF (13)
                              [N9:P] TPOS 255 236 209 34 (-1257182)
2026-03-31 10:04:24:920 [OUT] 25 A5 01 05 31 05 81 00 09 2C 24 16 C2 (13)
                              [N5:V] TPOS 0 9 44 36 (601124)
2026-03-31 10:04:24:942 [OUT] 25 A5 01 06 31 05 81 00 0E 0A 76 4C E7 (13)
                              [N6:H] TPOS 0 14 10 118 (920182)
2026-03-31 10:04:24:964 [OUT] 25 A5 01 07 31 05 81 FF DD 58 B8 AB 36 (13)
                              [N7:N] TPOS 255 221 88 184 (-2271048)
2026-03-31 10:04:25:050 [IN ] C8 24 0A 0D 25 A5 0A 01 31 05 D6 3A FF 00 00 50 EA 64 (18)
                              [N10:HMI] HMILED ':' 255 0 0 (16711680)
2026-03-31 10:04:25:176 [IN ] C8 24 09 0E 25 A5 09 01 31 06 81 53 FF EC 0F D6 E5 6E 0A (19)
                              [N9:P] TPOS 'S' 255 236 15 214 (-1306666)
2026-03-31 10:04:25:323 [IN ] C8 24 05 0E 25 A5 05 01 31 06 81 53 00 10 17 48 80 38 0A (19)
                              [N5:V] TPOS 'S' 0 16 23 72 (1054536)
2026-03-31 10:04:25:448 [IN ] C8 24 06 0E 25 A5 06 01 31 06 81 53 00 0D 57 56 CC C7 0A (19)
                              [N6:H] TPOS 'S' 0 13 87 86 (874326)
2026-03-31 10:04:25:533 [IN ] C8 24 09 0E 25 A5 09 01 31 06 81 45 FF EC D5 0D D4 EB 0A (19)
                              [N9:P] TPOS 'E' 255 236 213 13 (-1256179)
2026-03-31 10:04:25:575 [IN ] C8 24 07 0E 25 A5 07 01 31 06 81 53 FF E2 DD A8 79 AA 0A (19)
                              [N7:N] TPOS 'S' 255 226 221 168 (-1909336)
2026-03-31 10:04:25:776 [IN ] C8 24 06 0E 25 A5 06 01 31 06 81 45 00 0E 0F 30 51 CE 0A (19)
                              [N6:H] TPOS 'E' 0 14 15 48 (921392)
2026-03-31 10:04:27:381 [IN ] C8 24 07 0E 25 A5 07 01 31 06 81 45 FF DD 53 E6 1A 7F 0A (19)
                              [N7:N] TPOS 'E' 255 221 83 230 (-2272282)
2026-03-31 10:04:28:184 [IN ] C8 24 05 0E 25 A5 05 01 31 06 81 45 00 09 2A 8D C3 48 0A (19)
                              [N5:V] TPOS 'E' 0 9 42 141 (600717)
