2026-03-31 10:19:05:102 [OUT] 25 A5 01 0A 31 05 D6 3D FF 00 00 53 ED (13)
                              [N10:HMI] HMILED '=' 255 0 0 (16711680)
2026-03-31 10:19:05:125 [OUT] 25 A5 01 09 31 05 81 FF EF 67 BD D3 9F (13)
                              [N9:P] TPOS 255 239 103 189 (-1087555)
2026-03-31 10:19:05:147 [OUT] 25 A5 01 05 31 05 81 00 08 97 CB 27 3C (13)
                              [N5:V] TPOS 0 8 151 203 (563147)
2026-03-31 10:19:05:169 [OUT] 25 A5 01 06 31 05 81 00 0E A4 B9 29 5E (13)
                              [N6:H] TPOS 0 14 164 185 (959673)
2026-03-31 10:19:05:191 [OUT] 25 A5 01 07 31 05 81 FF C3 1F BC 5C 7A (13)
                              [N7:N] TPOS 255 195 31 188 (-3989572)
2026-03-31 10:19:05:295 [IN ] C8 24 0A 0D 25 A5 0A 01 31 05 D6 3A FF 00 00 50 EA 26 (18)
                              [N10:HMI] HMILED ':' 255 0 0 (16711680)
2026-03-31 10:19:05:422 [IN ] C8 24 09 0E 25 A5 09 01 31 06 81 53 FF EF 6B 97 05 F0 02 (19)
                              [N9:P] TPOS 'S' 255 239 107 151 (-1086569)
2026-03-31 10:19:05:527 [IN ] C8 24 09 0E 25 A5 09 01 31 06 81 45 FF EF 67 73 CF 7E 02 (19)
                              [N9:P] TPOS 'E' 255 239 103 115 (-1087629)
2026-03-31 10:19:05:548 [IN ] C8 24 05 0E 25 A5 05 01 31 06 81 53 00 07 F9 1C 2D B5 02 (19)
                              [N5:V] TPOS 'S' 0 7 249 28 (522524)
2026-03-31 10:19:05:673 [IN ] C8 24 06 0E 25 A5 06 01 31 06 81 53 00 0D F6 E1 F6 90 02 (19)
                              [N6:H] TPOS 'S' 0 13 246 225 (915169)
2026-03-31 10:19:05:822 [IN ] C8 24 07 0E 25 A5 07 01 31 06 81 53 FF C3 4D BC DE 41 02 (19)
                              [N7:N] TPOS 'S' 255 195 77 188 (-3977796)
2026-03-31 10:19:06:023 [IN ] C8 24 05 0E 25 A5 05 01 31 06 81 45 00 08 9C 0A B1 A6 02 C8 24 06 0E 25 A5 06 01 31 06 81 45 00 0E A9 61 1C 33 02 C8 24 07 0E 25 A5 07 01 31 06 81 45 FF C3 1B 71 53 4C 02 (57)
                              [N5:V] TPOS 'E' 0 8 156 10 (564234)
                              [N6:H] TPOS 'E' 0 14 169 97 (960865)
                              [N7:N] TPOS 'E' 255 195 27 113 (-3990671)
