2026-03-31 09:57:25:495 [OUT] 25 A5 01 0A 31 05 D6 3D FF 00 00 53 ED (13)
                              [N10:HMI] HMILED '=' 255 0 0 (16711680)
2026-03-31 09:57:25:518 [OUT] 25 A5 01 09 31 05 81 FF E9 83 AD D9 B5 (13)
                              [N9:P] TPOS 255 233 131 173 (-1473619)
2026-03-31 09:57:25:540 [OUT] 25 A5 01 08 31 05 81 FF EE 15 56 18 89 (13)
                              [N8:R] TPOS 255 238 21 86 (-1174186)
2026-03-31 09:57:25:685 [IN ] C8 24 0A 0D 25 A5 0A 01 31 05 D6 3A FF 00 00 50 EA F8 (18)
                              [N10:HMI] HMILED ':' 255 0 0 (16711680)
2026-03-31 09:57:25:812 [IN ] C8 24 09 0E 25 A5 09 01 31 06 81 53 FF FF DD 85 75 F2 0A (19)
                              [N9:P] TPOS 'S' 255 255 221 133 (-8827)
2026-03-31 09:57:25:939 [IN ] C8 24 08 0E 25 A5 08 01 31 06 81 53 FF EE 17 36 4E DA 0A (19)
                              [N8:R] TPOS 'S' 255 238 23 54 (-1173706)
2026-03-31 09:57:26:140 [IN ] C8 24 08 0E 25 A5 08 01 31 06 81 45 FF EE 17 1D 27 7B 0A (19)
                              [N8:R] TPOS 'E' 255 238 23 29 (-1173731)
2026-03-31 09:57:26:542 [IN ] C8 24 0B 0A 25 A5 0B 01 31 02 DE 03 20 D0 17 (15)
                              [N11:NG] NGSWSTATE 3 (3)
2026-03-31 09:57:27:546 [IN ] C8 24 0B 0A 25 A5 0B 01 31 02 DE 03 20 D0 17 (15)
                              [N11:NG] NGSWSTATE 3 (3)
2026-03-31 09:57:28:551 [IN ] C8 24 0B 0A 25 A5 0B 01 31 02 DE 03 20 D0 17 (15)
                              [N11:NG] NGSWSTATE 3 (3)
2026-03-31 09:57:29:556 [IN ] C8 24 0B 0A 25 A5 0B 01 31 02 DE 03 20 D0 17 (15)
                              [N11:NG] NGSWSTATE 3 (3)
2026-03-31 09:57:30:560 [IN ] C8 24 0B 0A 25 A5 0B 01 31 02 DE 03 20 D0 17 (15)
                              [N11:NG] NGSWSTATE 3 (3)
2026-03-31 09:57:31:565 [IN ] C8 24 0B 0A 25 A5 0B 01 31 02 DE 03 20 D0 17 (15)
                              [N11:NG] NGSWSTATE 3 (3)
2026-03-31 09:57:32:570 [IN ] C8 24 0B 0A 25 A5 0B 01 31 02 DE 03 20 D0 17 (15)
                              [N11:NG] NGSWSTATE 3 (3)
2026-03-31 09:57:32:771 [IN ] C8 24 09 0E 25 A5 09 01 31 06 81 45 FF E9 7F 81 EF AA 0A (19)
                              [N9:P] TPOS 'E' 255 233 127 129 (-1474687)
