2026-03-31 16:45:23:257 [OUT] 25 A5 01 0A 31 05 D6 3D FF 00 00 53 ED (13)
                              [N10:HMI] HMILED '=' 255 0 0 (16711680)
2026-03-31 16:45:23:280 [OUT] 25 A5 01 04 31 07 E7 3D 65 00 00 00 87 4D 63 (15)
                              [N4:Y] LONG32VALUE '=' 'e' 0 0 0 135 (135)
2026-03-31 16:45:23:303 [OUT] 25 A5 01 03 31 07 E7 3D 65 00 00 00 64 29 36 (15)
                              [N3:X] LONG32VALUE '=' 'e' 0 0 0 100 (100)
2026-03-31 16:45:23:468 [IN ] C8 24 0A 0D 25 A5 0A 01 31 05 D6 3A FF 00 00 50 EA 89 (18)
                              [N10:HMI] HMILED ':' 255 0 0 (16711680)
2026-03-31 16:45:23:613 [IN ] C8 24 04 0F 25 A5 04 01 31 07 E7 3A 65 00 00 00 87 4A 54 02 (20)
                              [N4:Y] LONG32VALUE ':' 'e' 0 0 0 135 (135)
2026-03-31 16:45:23:635 [OUT] 25 A5 01 04 31 05 81 FF F6 AC 20 7D 79 (13)
                              [N4:Y] TPOS 255 246 172 32 (-611296)
2026-03-31 16:45:23:761 [IN ] C8 24 03 0F 25 A5 (6)
2026-03-31 16:45:23:781 [IN ] 03 01 31 07 E7 3A 65 00 00 00 64 26 26 02 (14)
                              [N3:X] LONG32VALUE ':' 'e' 0 0 0 100 (100)
2026-03-31 16:45:23:802 [OUT] 25 A5 01 03 31 05 81 FF F4 CA 31 A9 B8 (13)
                              [N3:X] TPOS 255 244 202 49 (-734671)
2026-03-31 16:45:23:886 [IN ] C8 24 04 0E 25 A5 04 01 31 06 81 53 FF F5 A7 F1 9C A2 26 (19)
                              [N4:Y] TPOS 'S' 255 245 167 241 (-677903)
2026-03-31 16:45:23:909 [OUT] 25 A5 01 04 31 01 DB 12 85 (9)
                              [N4:Y] STARTMOVE
2026-03-31 16:45:23:971 [IN ] C8 24 0B 0A 25 A5 0B 01 31 02 DE 00 1D CD A7 (15)
                              [N11:NG] NGSWSTATE 0 (0)
2026-03-31 16:45:24:013 [IN ] C8 24 03 0E 25 A5 03 01 31 06 81 53 FF F4 09 74 7F DC 26 (19)
                              [N3:X] TPOS 'S' 255 244 9 116 (-784012)
2026-03-31 16:45:24:035 [OUT] 25 A5 01 03 31 01 DB 11 81 (9)
                              [N3:X] STARTMOVE
2026-03-31 16:45:24:097 [IN ] C8 24 04 0A 25 A5 04 01 31 02 DB 01 14 9E 09 (15)
                              [N4:Y] STARTMOVE ''
2026-03-31 16:45:24:180 [IN ] C8 24 03 0A 25 A5 03 01 31 02 DB 01 13 98 09 (15)
                              [N3:X] STARTMOVE ''
2026-03-31 16:45:24:582 [IN ] C8 24 04 0E 25 A5 04 01 31 06 81 45 FF F6 AE 4F F4 CB 26 (19)
                              [N4:Y] TPOS 'E' 255 246 174 79 (-610737)
2026-03-31 16:45:24:784 [IN ] C8 24 03 0E 25 A5 03 01 31 06 81 45 FF F4 CA A3 61 47 26 (19)
                              [N3:X] TPOS 'E' 255 244 202 163 (-734557)
2026-03-31 16:45:24:985 [IN ] C8 24 0B 0A 25 A5 0B 01 31 02 DE 00 1D CD CA (15)
                              [N11:NG] NGSWSTATE 0 (0)
2026-03-31 16:45:25:209 [OUT] 25 A5 01 04 31 07 E7 3D 65 00 00 00 87 4D 63 (15)
                              [N4:Y] LONG32VALUE '=' 'e' 0 0 0 135 (135)
2026-03-31 16:45:25:230 [OUT] 25 A5 01 03 31 07 E7 3D 65 00 00 00 14 D9 E6 (15)
                              [N3:X] LONG32VALUE '=' 'e' 0 0 0 20 (20)
2026-03-31 16:45:25:436 [IN ] C8 24 04 0F 25 A5 04 01 31 07 E7 3A 65 00 00 00 87 4A 54 02 (20)
                              [N4:Y] LONG32VALUE ':' 'e' 0 0 0 135 (135)
2026-03-31 16:45:25:458 [OUT] 25 A5 01 04 31 05 81 FF FA 58 2B 38 E8 (13)
                              [N4:Y] TPOS 255 250 88 43 (-370645)
2026-03-31 16:45:25:583 [IN ] C8 24 03 0F 25 A5 03 01 31 07 E7 3A 65 00 00 00 14 D6 D6 02 (20)
                              [N3:X] LONG32VALUE ':' 'e' 0 0 0 20 (20)
2026-03-31 16:45:25:604 [OUT] 25 A5 01 03 31 05 81 FF F4 3D 30 1B 9D (13)
                              [N3:X] TPOS 255 244 61 48 (-770768)
2026-03-31 16:45:25:688 [IN ] C8 24 04 0E 25 A5 04 01 31 06 81 53 FF F6 AE 4F 02 11 D6 (19)
                              [N4:Y] TPOS 'S' 255 246 174 79 (-610737)
2026-03-31 16:45:25:710 [OUT] 25 A5 01 04 31 01 DB 12 85 (9)
                              [N4:Y] STARTMOVE
2026-03-31 16:45:25:833 [IN ] C8 24 03 0E 25 A5 03 01 31 06 81 53 FF F4 CA A3 6F 8D D6 (19)
                              [N3:X] TPOS 'S' 255 244 202 163 (-734557)
2026-03-31 16:45:25:854 [OUT] 25 A5 01 03 31 01 DB 11 81 (9)
                              [N3:X] STARTMOVE
2026-03-31 16:45:25:917 [IN ] C8 24 04 0A 25 A5 04 01 31 02 DB 01 14 9E CA (15)
                              [N4:Y] STARTMOVE ''
2026-03-31 16:45:25:979 [IN ] C8 24 0B 0A 25 A5 0B 01 31 02 DE 00 1D CD CA (15)
                              [N11:NG] NGSWSTATE 0 (0)
2026-03-31 16:45:26:021 [IN ] C8 24 03 0A 25 A5 03 01 31 02 DB 01 13 98 CA (15)
                              [N3:X] STARTMOVE ''
2026-03-31 16:45:27:024 [IN ] C8 24 0B 0A 25 A5 0B 01 31 02 DE 00 1D CD CA (15)
                              [N11:NG] NGSWSTATE 0 (0)
2026-03-31 16:45:27:426 [IN ] C8 24 04 0E 25 A5 04 01 31 06 81 45 FF FA 5A 15 6A F5 D6 C8 24 03 0E 25 A5 03 01 31 06 81 45 FF F4 3E DE 10 6A D6 (38)
                              [N4:Y] TPOS 'E' 255 250 90 21 (-370155)
                              [N3:X] TPOS 'E' 255 244 62 222 (-770338)
2026-03-31 16:45:27:852 [OUT] 25 A5 01 04 31 03 84 00 50 0D FC (11)
                              [N4:Y] VEL 0 80 (80)
2026-03-31 16:45:27:874 [OUT] 25 A5 01 03 31 03 84 00 50 0C F6 (11)
                              [N3:X] VEL 0 80 (80)
2026-03-31 16:45:27:896 [OUT] 25 A5 01 09 31 05 81 FF EE 17 5C 21 9B (13)
                              [N9:P] TPOS 255 238 23 92 (-1173668)
2026-03-31 16:45:27:917 [OUT] 25 A5 01 05 31 05 81 00 0B 11 5E 37 CC (13)
                              [N5:V] TPOS 0 11 17 94 (725342)
2026-03-31 16:45:27:938 [OUT] 25 A5 01 06 31 05 81 00 0C 74 76 B4 B5 (13)
                              [N6:H] TPOS 0 12 116 118 (816246)
2026-03-31 16:45:27:960 [OUT] 25 A5 01 07 31 05 81 FF C8 FD DC 5F 65 (13)
                              [N7:N] TPOS 255 200 253 220 (-3605028)
2026-03-31 16:45:27:981 [OUT] 25 A5 01 08 31 05 81 FF ED 69 C1 D6 99 (13)
                              [N8:R] TPOS 255 237 105 193 (-1218111)
2026-03-31 16:45:28:003 [IN ] C8 24 0B 0A 25 A5 0B 01 31 02 DE 00 1D CD 3E (15)
                              [N11:NG] NGSWSTATE 0 (0)
2026-03-31 16:45:28:024 [IN ] C8 24 04 0C 25 A5 04 01 31 04 84 53 00 50 61 BA 10 (17)
                              [N4:Y] VEL 'S' 0 80 (80)
2026-03-31 16:45:28:045 [OUT] 25 A5 01 04 31 05 81 FF F9 69 33 50 0F (13)
                              [N4:Y] TPOS 255 249 105 51 (-431821)
2026-03-31 16:45:28:128 [IN ] C8 24 03 0C 25 A5 03 01 31 04 84 53 00 50 60 B2 10 (17)
                              [N3:X] VEL 'S' 0 80 (80)
2026-03-31 16:45:28:149 [OUT] 25 A5 01 03 31 05 81 FF F3 69 C1 D7 83 (13)
                              [N3:X] TPOS 255 243 105 193 (-824895)
2026-03-31 16:45:28:272 [IN ] C8 24 09 0E 25 A5 09 01 31 06 81 53 FF ED E8 31 1A 7E D6 (19)
                              [N9:P] TPOS 'S' 255 237 232 49 (-1185743)
2026-03-31 16:45:28:375 [IN ] C8 24 05 0E 25 A5 05 01 31 06 81 53 00 0B B8 A7 7B CA D6 (19)
                              [N5:V] TPOS 'S' 0 11 184 167 (768167)
2026-03-31 16:45:28:438 [IN ] C8 24 09 0E 25 A5 09 01 31 06 81 45 FF EE 1A E8 F6 56 D6 (19)
                              [N9:P] TPOS 'E' 255 238 26 232 (-1172760)
2026-03-31 16:45:28:521 [IN ] C8 24 06 0E 25 A5 06 01 31 06 81 53 00 0C FB 16 2F CC D6 (19)
                              [N6:H] TPOS 'S' 0 12 251 22 (850710)
2026-03-31 16:45:28:645 [IN ] C8 24 07 0E 25 A5 07 01 31 06 81 53 FF CA 84 CA 2A D2 D6 (19)
                              [N7:N] TPOS 'S' 255 202 132 202 (-3504950)
2026-03-31 16:45:28:768 [IN ] C8 24 05 0E 25 A5 05 01 31 06 81 45 00 0B 0F E6 03 71 D6 (19)
                              [N5:V] TPOS 'E' 0 11 15 230 (724966)
2026-03-31 16:45:28:790 [IN ] C8 24 08 0E 25 A5 08 01 31 06 81 53 FF F0 D2 DF B4 FF D6 C8 24 06 0E 25 A5 06 01 31 06 81 45 00 0C 6F B3 32 0B D6 (38)
                              [N8:R] TPOS 'S' 255 240 210 223 (-994593)
                              [N6:H] TPOS 'E' 0 12 111 179 (815027)
2026-03-31 16:45:28:913 [IN ] C8 24 04 0E 25 A5 04 01 31 06 81 53 FF FA 5A 15 78 3B D6 (19)
                              [N4:Y] TPOS 'S' 255 250 90 21 (-370155)
2026-03-31 16:45:29:015 [IN ] C8 24 0B 0A 25 A5 0B 01 31 02 DE 00 1D CD 5A (15)
                              [N11:NG] NGSWSTATE 0 (0)
2026-03-31 16:45:29:057 [IN ] C8 24 03 0E 25 A5 03 01 31 06 81 53 FF F4 3E DE 1E B0 D6 (19)
                              [N3:X] TPOS 'S' 255 244 62 222 (-770338)
2026-03-31 16:45:29:258 [IN ] C8 24 07 0E 25 A5 07 01 31 06 81 45 FF C8 F9 09 CE AF D6 (19)
                              [N7:N] TPOS 'E' 255 200 249 9 (-3606263)
2026-03-31 16:45:29:460 [IN ] C8 24 04 0E 25 A5 04 01 31 06 81 45 FF F9 65 D7 36 CA D6 C8 24 03 0E 25 A5 03 01 31 06 81 45 FF F3 66 53 AC 2C D6 (38)
                              [N4:Y] TPOS 'E' 255 249 101 215 (-432681)
                              [N3:X] TPOS 'E' 255 243 102 83 (-825773)
2026-03-31 16:45:30:063 [IN ] C8 24 0B 0A 25 A5 0B 01 31 02 DE 00 1D CD 66 (15)
                              [N11:NG] NGSWSTATE 0 (0)
2026-03-31 16:45:30:264 [IN ] C8 24 08 0E 25 A5 08 01 31 06 81 45 FF ED 66 EB 43 E4 D6 (19)
                              [N8:R] TPOS 'E' 255 237 102 235 (-1218837)
