2026-03-31 17:01:55:038 [OUT] 25 A5 01 0A 31 05 D6 3D FF 00 00 53 ED (13)
                              [N10:HMI] HMILED '=' 255 0 0 (16711680)
2026-03-31 17:01:55:061 [OUT] 25 A5 01 04 31 07 E7 3D 65 00 00 00 7D 43 59 (15)
                              [N4:Y] LONG32VALUE '=' 'e' 0 0 0 125 (125)
2026-03-31 17:01:55:084 [OUT] 25 A5 01 03 31 07 E7 3D 65 00 00 00 87 4C 59 (15)
                              [N3:X] LONG32VALUE '=' 'e' 0 0 0 135 (135)
2026-03-31 17:01:55:228 [IN ] C8 24 0A 0D 25 A5 0A 01 31 05 D6 3A FF 00 00 50 EA A5 (18)
                              [N10:HMI] HMILED ':' 255 0 0 (16711680)
2026-03-31 17:01:55:391 [IN ] C8 24 04 0F 25 A5 04 01 31 07 E7 3A 65 00 00 00 7D 40 4A 01 (20)
                              [N4:Y] LONG32VALUE ':' 'e' 0 0 0 125 (125)
2026-03-31 17:01:55:413 [OUT] 25 A5 01 04 31 05 81 FF F9 94 39 81 6B (13)
                              [N4:Y] TPOS 255 249 148 57 (-420807)
2026-03-31 17:01:55:537 [IN ] C8 24 03 0F 25 A5 03 01 31 07 E7 3A 65 00 00 00 87 49 49 01 (20)
                              [N3:X] LONG32VALUE ':' 'e' 0 0 0 135 (135)
2026-03-31 17:01:55:559 [OUT] 25 A5 01 03 31 05 81 FF EC 7E 80 A4 57 (13)
                              [N3:X] TPOS 255 236 126 128 (-1278336)
2026-03-31 17:01:55:662 [IN ] C8 24 04 0E 25 A5 04 01 31 06 81 53 FF F8 C3 CE 98 C0 49 (19)
                              [N4:Y] TPOS 'S' 255 248 195 206 (-474162)
2026-03-31 17:01:55:683 [OUT] 25 A5 01 04 31 01 DB 12 85 (9)
                              [N4:Y] STARTMOVE
2026-03-31 17:01:55:788 [IN ] C8 24 03 0E 25 A5 03 01 31 06 81 53 FF EB 9E 47 DE BE 49 (19)
                              [N3:X] TPOS 'S' 255 235 158 71 (-1335737)
2026-03-31 17:01:55:809 [OUT] 25 A5 01 03 31 01 DB 11 81 (9)
                              [N3:X] STARTMOVE
2026-03-31 17:01:55:810 [IN ] C8 24 0B 0A 25 A5 0B 01 31 02 DE 00 1D CD 9E (15)
                              [N11:NG] NGSWSTATE 0 (0)
2026-03-31 17:01:55:872 [IN ] C8 24 04 0A 25 A5 04 01 31 02 DB 01 14 9E 9E (15)
                              [N4:Y] STARTMOVE ''
2026-03-31 17:01:55:954 [IN ] C8 24 (2)
2026-03-31 17:01:55:976 [IN ] 03 0A 25 A5 03 01 31 02 DB 01 13 98 9E (13)
                              [N3:X] STARTMOVE ''
2026-03-31 17:01:56:377 [IN ] C8 24 04 0E 25 A5 04 01 31 06 81 45 FF F9 95 A2 31 F5 49 C8 24 03 0E 25 A5 03 01 31 06 81 45 FF EC 7F D0 3B C6 49 (38)
                              [N4:Y] TPOS 'E' 255 249 149 162 (-420446)
                              [N3:X] TPOS 'E' 255 236 127 208 (-1278000)
2026-03-31 17:01:56:802 [OUT] 25 A5 01 04 31 07 E7 3D 65 00 00 00 45 0B 21 (15)
                              [N4:Y] LONG32VALUE '=' 'e' 0 0 0 69 (69)
2026-03-31 17:01:56:824 [OUT] 25 A5 01 03 31 07 E7 3D 65 00 00 00 87 4C 59 (15)
                              [N3:X] LONG32VALUE '=' 'e' 0 0 0 135 (135)
2026-03-31 17:01:56:825 [IN ] C8 24 0B 0A 25 A5 0B 01 31 02 DE 00 1D CD 7F (15)
                              [N11:NG] NGSWSTATE 0 (0)
2026-03-31 17:01:57:049 [IN ] C8 24 04 0F 25 A5 04 01 31 07 E7 3A 65 00 00 00 45 08 12 01 (20)
                              [N4:Y] LONG32VALUE ':' 'e' 0 0 0 69 (69)
2026-03-31 17:01:57:071 [OUT] 25 A5 01 04 31 05 81 FF F4 7B F9 23 EA (13)
                              [N4:Y] TPOS 255 244 123 249 (-754695)
2026-03-31 17:01:57:174 [IN ] C8 24 03 0F 25 A5 03 01 31 07 E7 3A 65 00 00 00 87 49 49 01 (20)
                              [N3:X] LONG32VALUE ':' 'e' 0 0 0 135 (135)
2026-03-31 17:01:57:195 [OUT] 25 A5 01 03 31 05 81 FF F6 6C 1E 3A EF (13)
                              [N3:X] TPOS 255 246 108 30 (-627682)
2026-03-31 17:01:57:299 [IN ] C8 24 04 0E 25 A5 04 01 31 06 81 53 FF F9 95 A2 3F 3B 49 (19)
                              [N4:Y] TPOS 'S' 255 249 149 162 (-420446)
2026-03-31 17:01:57:320 [OUT] 25 A5 01 04 31 01 DB 12 85 (9)
                              [N4:Y] STARTMOVE
2026-03-31 17:01:57:425 [IN ] C8 24 03 0E 25 A5 03 01 31 06 81 53 FF EC 7F D0 49 0C 49 (19)
                              [N3:X] TPOS 'S' 255 236 127 208 (-1278000)
2026-03-31 17:01:57:446 [OUT] 25 A5 01 03 31 01 DB 11 81 (9)
                              [N3:X] STARTMOVE
2026-03-31 17:01:57:508 [IN ] C8 24 04 0A 25 A5 04 01 31 02 DB 01 14 9E (14)
                              [N4:Y] STARTMOVE ''
2026-03-31 17:01:57:529 [IN ] 7F (1)
2026-03-31 17:01:57:611 [IN ] C8 24 03 0A 25 A5 03 01 31 02 DB 01 13 98 7F (15)
                              [N3:X] STARTMOVE ''
2026-03-31 17:01:58:013 [IN ] C8 24 0B 0A 25 A5 0B 01 31 02 DE 00 1D CD 7F (15)
                              [N11:NG] NGSWSTATE 0 (0)
2026-03-31 17:01:59:018 [IN ] C8 24 0B 0A 25 A5 0B 01 31 02 DE 00 1D CD 7F (15)
                              [N11:NG] NGSWSTATE 0 (0)
2026-03-31 17:02:00:021 [IN ] C8 24 0B 0A 25 A5 0B 01 31 02 DE 00 1D CD 7F (15)
                              [N11:NG] NGSWSTATE 0 (0)
2026-03-31 17:02:01:024 [IN ] C8 24 0B 0A 25 A5 0B 01 31 02 DE 00 1D CD 7F C8 24 04 0E 25 A5 04 01 31 06 81 45 FF F4 7B E4 54 F4 49 C8 24 03 0E 25 A5 03 01 31 06 81 45 FF F6 6D E3 46 D3 49 (53)
                              [N11:NG] NGSWSTATE 0 (0)
                              [N4:Y] TPOS 'E' 255 244 123 228 (-754716)
                              [N3:X] TPOS 'E' 255 246 109 227 (-627229)
2026-03-31 17:02:01:448 [OUT] 25 A5 01 04 31 03 84 00 50 0D FC (11)
                              [N4:Y] VEL 0 80 (80)
2026-03-31 17:02:01:471 [OUT] 25 A5 01 03 31 03 84 00 50 0C F6 (11)
                              [N3:X] VEL 0 80 (80)
2026-03-31 17:02:01:492 [OUT] 25 A5 01 06 31 05 81 00 0D C6 05 96 EB (13)
                              [N6:H] TPOS 0 13 198 5 (902661)
2026-03-31 17:02:01:615 [IN ] C8 24 04 0C 25 A5 04 01 31 04 84 53 00 50 61 BA 46 (17)
                              [N4:Y] VEL 'S' 0 80 (80)
2026-03-31 17:02:01:637 [OUT] 25 A5 01 04 31 05 81 FF F3 70 E6 04 BE (13)
                              [N4:Y] TPOS 255 243 112 230 (-823066)
2026-03-31 17:02:01:719 [IN ] C8 24 03 0C 25 A5 03 01 31 04 84 53 00 50 60 B2 46 (17)
                              [N3:X] VEL 'S' 0 80 (80)
2026-03-31 17:02:01:740 [OUT] 25 A5 01 03 31 05 81 FF F5 C3 12 84 8E (13)
                              [N3:X] TPOS 255 245 195 18 (-670958)
2026-03-31 17:02:01:845 [IN ] C8 24 06 0E 25 A5 06 01 31 06 81 53 00 0B B8 CF A4 FC 49 C8 24 0B 0A 25 A5 0B 01 31 02 DE 00 1D CD B8 (34)
                              [N6:H] TPOS 'S' 0 11 184 207 (768207)
                              [N11:NG] NGSWSTATE 0 (0)
2026-03-31 17:02:01:989 [IN ] C8 24 04 0E 25 A5 04 01 31 06 81 53 FF F4 7B E5 63 3B 49 (19)
                              [N4:Y] TPOS 'S' 255 244 123 229 (-754715)
2026-03-31 17:02:02:132 [IN ] C8 24 03 0E 25 A5 03 01 31 06 81 53 FF F6 6D E3 54 19 49 (19)
                              [N3:X] TPOS 'S' 255 246 109 227 (-627229)
2026-03-31 17:02:02:534 [IN ] C8 24 04 0E 25 A5 04 01 31 06 81 45 FF F3 6E 1B 7D 0E 49 C8 24 03 0E 25 A5 03 01 31 06 81 45 FF F5 BF E2 96 73 49 (38)
                              [N4:Y] TPOS 'E' 255 243 110 27 (-823781)
                              [N3:X] TPOS 'E' 255 245 191 226 (-671774)
2026-03-31 17:02:02:735 [IN ] C8 24 06 0E 25 A5 06 01 31 06 81 45 00 0D CA FB D6 0C 49 (19)
                              [N6:H] TPOS 'E' 0 13 202 251 (903931)
