2026-03-31 13:35:27:787 [OUT] 25 A5 01 0A 31 05 D6 3D FF 00 00 53 ED (13)
                              [N10:HMI] HMILED '=' 255 0 0 (16711680)
2026-03-31 13:35:27:811 [OUT] 25 A5 01 09 31 05 81 FF ED DD 5F E9 27 (13)
                              [N9:P] TPOS 255 237 221 95 (-1188513)
2026-03-31 13:35:27:832 [OUT] 25 A5 01 05 31 05 81 00 10 3D D9 E3 AE (13)
                              [N5:V] TPOS 0 16 61 217 (1064409)
2026-03-31 13:35:27:854 [OUT] 25 A5 01 06 31 05 81 00 09 24 B6 A1 4C (13)
                              [N6:H] TPOS 0 9 36 182 (599222)
2026-03-31 13:35:27:876 [OUT] 25 A5 01 07 31 05 81 FF CF 3A 39 00 51 (13)
                              [N7:N] TPOS 255 207 58 57 (-3196359)
2026-03-31 13:35:27:979 [IN ] C8 24 0A 0D 25 A5 0A 01 31 05 D6 3A FF 00 00 50 EA BD (18)
                              [N10:HMI] HMILED ':' 255 0 0 (16711680)
2026-03-31 13:35:28:103 [IN ] C8 24 09 0E 25 A5 09 01 31 06 81 53 FF EE 1C (15)
2026-03-31 13:35:28:124 [IN ] BC DA 74 0A (4)
                              [N9:P] TPOS 'S' 255 238 28 188 (-1172292)
2026-03-31 13:35:28:250 [IN ] C8 24 05 0E 25 A5 05 01 31 06 81 53 00 08 F2 75 80 03 0A (19)
                              [N5:V] TPOS 'S' 0 8 242 117 (586357)
2026-03-31 13:35:28:292 [IN ] C8 24 09 0E 25 A5 09 01 31 06 81 45 FF ED D9 41 0D 2A 0A (19)
                              [N9:P] TPOS 'E' 255 237 217 65 (-1189567)
2026-03-31 13:35:28:354 [IN ] C8 24 06 0E 25 A5 06 01 31 06 81 53 00 08 C1 B3 8E E9 0A (19)
                              [N6:H] TPOS 'S' 0 8 193 179 (573875)
2026-03-31 13:35:28:497 [IN ] C8 24 07 0E 25 A5 07 01 31 06 81 53 FF CD 4D E5 11 88 0A (19)
                              [N7:N] TPOS 'S' 255 205 77 229 (-3322395)
2026-03-31 13:35:28:700 [IN ] C8 24 06 0E 25 A5 06 01 31 06 81 45 00 09 29 C7 FD 8A 0A (19)
                              [N6:H] TPOS 'E' 0 9 41 199 (600519)
2026-03-31 13:35:29:302 [IN ] C8 24 07 0E 25 A5 07 01 31 06 81 45 FF CF 3E EC FD 31 0A (19)
                              [N7:N] TPOS 'E' 255 207 62 236 (-3195156)
2026-03-31 13:35:30:707 [IN ] C8 24 05 0E 25 A5 05 01 31 06 81 45 00 10 41 C9 1D C7 0A (19)
                              [N5:V] TPOS 'E' 0 16 65 201 (1065417)
