2026-03-31 13:08:55:889 [OUT] 25 A5 01 0A 31 05 D6 3D FF 00 00 53 ED (13)
                              [N10:HMI] HMILED '=' 255 0 0 (16711680)
2026-03-31 13:08:55:918 [OUT] 25 A5 01 0C 31 05 81 FF F0 2F 17 F9 A4 (13)
                              [N12:Z] TPOS 255 240 47 23 (-1036521)
2026-03-31 13:08:55:939 [OUT] 25 A5 01 05 31 05 81 00 0C 7B 56 9A 9B (13)
                              [N5:V] TPOS 0 12 123 86 (818006)
2026-03-31 13:08:55:961 [OUT] 25 A5 01 06 31 05 81 00 0D 88 EE 41 58 (13)
                              [N6:H] TPOS 0 13 136 238 (887022)
2026-03-31 13:08:56:065 [IN ] C8 24 0A 0D 25 A5 0A 01 31 05 D6 3A FF 00 00 50 EA 31 (18)
                              [N10:HMI] HMILED ':' 255 0 0 (16711680)
2026-03-31 13:08:56:209 [IN ] C8 24 0C 0E 25 A5 0C 01 31 06 81 53 FF DC 04 6A 61 DA 0A (19)
                              [N12:Z] TPOS 'S' 255 220 4 106 (-2358166)
2026-03-31 13:08:56:333 [IN ] C8 24 05 0E 25 A5 05 01 31 06 81 53 00 09 03 52 6F 05 0A (19)
                              [N5:V] TPOS 'S' 0 9 3 82 (590674)
2026-03-31 13:08:56:456 [IN ] C8 24 06 0E 25 A5 06 01 31 06 81 53 00 0E 56 05 7B 77 0A (19)
                              [N6:H] TPOS 'S' 0 14 86 5 (939525)
2026-03-31 13:08:56:858 [IN ] C8 24 06 0E 25 A5 06 01 31 06 81 45 00 0D 83 61 F5 E4 0A (19)
                              [N6:H] TPOS 'E' 0 13 131 97 (885601)
2026-03-31 13:08:57:660 [IN ] C8 24 05 0E 25 A5 05 01 31 06 81 45 00 0C 7F 6B F9 D9 0A (19)
                              [N5:V] TPOS 'E' 0 12 127 107 (819051)
2026-03-31 13:09:03:071 [IN ] C8 24 0C 0E 25 A5 0C 01 31 06 81 45 FF F0 31 52 7C 12 0A (19)
                              [N12:Z] TPOS 'E' 255 240 49 82 (-1035950)
2026-03-31 13:09:03:494 [OUT] 25 A5 01 04 31 05 81 FF F2 84 96 C7 93 (13)
                              [N4:Y] TPOS 255 242 132 150 (-883562)
2026-03-31 13:09:03:516 [OUT] 25 A5 01 03 31 05 81 FF F1 0F CF 89 D7 (13)
                              [N3:X] TPOS 255 241 15 207 (-978993)
2026-03-31 13:09:03:701 [IN ] C8 24 04 0E 25 A5 04 01 31 06 81 53 FF F5 A3 36 DD DF 0A (19)
                              [N4:Y] TPOS 'S' 255 245 163 54 (-679114)
2026-03-31 13:09:03:803 [IN ] C8 24 03 0E 25 A5 03 01 31 06 81 53 FF ED 3B D7 0D 8E 0A (19)
                              [N3:X] TPOS 'S' 255 237 59 215 (-1229865)
2026-03-31 13:09:05:007 [IN ] C8 24 04 0E 25 A5 04 01 31 06 81 45 FF F2 81 A5 19 BB 0A (19)
                              [N4:Y] TPOS 'E' 255 242 129 165 (-884315)
2026-03-31 13:09:06:211 [IN ] C8 24 03 0E 25 A5 03 01 31 06 81 45 FF F1 0F 6E 6E 93 0A (19)
                              [N3:X] TPOS 'E' 255 241 15 110 (-979090)
2026-03-31 13:09:06:634 [OUT] 25 A5 01 0C 31 05 81 FF DC 07 16 BC 17 (13)
                              [N12:Z] TPOS 255 220 7 22 (-2357482)
2026-03-31 13:09:06:819 [IN ] C8 24 0C 0E 25 A5 0C 01 31 06 81 53 FF F0 31 31 69 37 0A (19)
                              [N12:Z] TPOS 'S' 255 240 49 49 (-1035983)
2026-03-31 13:09:13:634 [IN ] C8 24 0C 0E 25 A5 0C 01 31 06 81 45 FF DC 04 3E 27 68 0A (19)
                              [N12:Z] TPOS 'E' 255 220 4 62 (-2358210)
2026-03-31 13:09:14:062 [OUT] 25 A5 01 09 31 05 81 FF ED E6 98 2B 72 (13)
                              [N9:P] TPOS 255 237 230 152 (-1186152)
2026-03-31 13:09:14:084 [OUT] 25 A5 01 05 31 05 81 00 09 1E 1C 00 9E (13)
                              [N5:V] TPOS 0 9 30 28 (597532)
2026-03-31 13:09:14:105 [OUT] 25 A5 01 06 31 05 81 00 0C 0B DB B0 48 (13)
                              [N6:H] TPOS 0 12 11 219 (789467)
2026-03-31 13:09:14:128 [OUT] 25 A5 01 07 31 05 81 FF D6 E2 63 D9 E0 (13)
                              [N7:N] TPOS 255 214 226 99 (-2694557)
2026-03-31 13:09:14:231 [IN ] C8 24 09 0E 25 A5 09 (7)
2026-03-31 13:09:14:252 [IN ] 01 31 06 81 53 FF ED B3 5A 0E 3D 0A (12)
                              [N9:P] TPOS 'S' 255 237 179 90 (-1199270)
2026-03-31 13:09:14:377 [IN ] C8 24 05 0E 25 A5 05 01 31 06 81 53 00 0C 7F 6A 06 1E 0A (19)
                              [N5:V] TPOS 'S' 0 12 127 106 (819050)
2026-03-31 13:09:14:418 [IN ] C8 24 09 0E 25 A5 09 01 31 06 81 45 FF ED EA 22 FF 2D 0A (19)
                              [N9:P] TPOS 'E' 255 237 234 34 (-1185246)
2026-03-31 13:09:14:501 [IN ] C8 24 06 0E 25 A5 06 01 31 06 81 53 00 0D 83 61 03 2A 0A (19)
                              [N6:H] TPOS 'S' 0 13 131 97 (885601)
2026-03-31 13:09:14:644 [IN ] C8 24 07 0E 25 A5 07 01 31 06 81 53 FF D8 9D F5 7C 59 0A (19)
                              [N7:N] TPOS 'S' 255 216 157 245 (-2581003)
2026-03-31 13:09:15:045 [IN ] C8 24 06 0E 25 A5 06 01 31 06 81 45 00 0C 07 39 50 C1 0A (19)
                              [N6:H] TPOS 'E' 0 12 7 57 (788281)
2026-03-31 13:09:15:247 [IN ] C8 24 07 0E 25 A5 07 01 31 06 81 45 FF D6 DD 9B 52 33 0A (19)
                              [N7:N] TPOS 'E' 255 214 221 155 (-2695781)
2026-03-31 13:09:15:849 [IN ] C8 24 05 0E 25 A5 05 01 31 06 81 45 00 09 1C 8E B6 2D 0A (19)
                              [N5:V] TPOS 'E' 0 9 28 142 (597134)
