2026-03-31 10:51:28:416 [OUT] 25 A5 01 0A 31 05 D6 3D FF 00 00 53 ED (13)
                              [N10:HMI] HMILED '=' 255 0 0 (16711680)
2026-03-31 10:51:28:439 [OUT] 25 A5 01 0C 31 05 81 FF E9 44 B4 A4 56 (13)
                              [N12:Z] TPOS 255 233 68 180 (-1489740)
2026-03-31 10:51:28:461 [OUT] 25 A5 01 05 31 05 81 00 0C 7B 56 9A 9B (13)
                              [N5:V] TPOS 0 12 123 86 (818006)
2026-03-31 10:51:28:483 [OUT] 25 A5 01 06 31 05 81 00 0D 88 EE 41 58 (13)
                              [N6:H] TPOS 0 13 136 238 (887022)
2026-03-31 10:51:28:610 [IN ] C8 24 0A 0D 25 A5 0A 01 31 05 D6 3A FF 00 00 50 EA F6 (18)
                              [N10:HMI] HMILED ':' 255 0 0 (16711680)
2026-03-31 10:51:28:737 [IN ] C8 24 0C 0E 25 A5 0C 01 31 06 81 53 FF D5 1C B4 BC 3F 0C (19)
                              [N12:Z] TPOS 'S' 255 213 28 180 (-2810700)
2026-03-31 10:51:28:862 [IN ] C8 24 05 0E 25 A5 05 01 31 06 81 53 00 0C 79 9E 34 46 0C (19)
                              [N5:V] TPOS 'S' 0 12 121 158 (817566)
2026-03-31 10:51:28:968 [IN ] C8 24 05 0E 25 A5 05 01 31 06 81 45 00 0C 79 BD 45 1F 0C (19)
                              [N5:V] TPOS 'E' 0 12 121 189 (817597)
2026-03-31 10:51:28:989 [IN ] C8 24 06 0E 25 A5 06 01 31 06 81 53 00 0D 83 E6 88 AF 0C (19)
                              [N6:H] TPOS 'S' 0 13 131 230 (885734)
2026-03-31 10:51:29:191 [IN ] C8 24 06 0E 25 A5 06 01 31 06 81 45 00 0D 8A 5C F7 ED 0C (19)
                              [N6:H] TPOS 'E' 0 13 138 92 (887388)
2026-03-31 10:51:35:415 [IN ] C8 24 0C 0E 25 A5 0C 01 31 06 81 45 FF E9 47 75 AE 4C 0C (19)
                              [N12:Z] TPOS 'E' 255 233 71 117 (-1489035)
2026-03-31 10:51:35:840 [OUT] 25 A5 01 04 31 05 81 FF F2 86 6B 9E 6C (13)
                              [N4:Y] TPOS 255 242 134 107 (-883093)
2026-03-31 10:51:35:862 [OUT] 25 A5 01 03 31 05 81 FF F1 11 0E CA 1A (13)
                              [N3:X] TPOS 255 241 17 14 (-978674)
2026-03-31 10:51:36:030 [IN ] C8 24 04 0E 25 A5 04 01 31 06 81 53 FF F4 10 F9 0C 79 0C (19)
                              [N4:Y] TPOS 'S' 255 244 16 249 (-782087)
2026-03-31 10:51:36:176 [IN ] C8 24 03 0E 25 A5 03 01 31 06 81 53 FF EF 24 9A BB 29 0C (19)
                              [N3:X] TPOS 'S' 255 239 36 154 (-1104742)
2026-03-31 10:51:36:778 [IN ] C8 24 04 0E 25 A5 04 01 31 06 81 45 FF F2 83 9B 11 B5 0C (19)
                              [N4:Y] TPOS 'E' 255 242 131 155 (-883813)
2026-03-31 10:51:37:381 [IN ] C8 24 03 0E 25 A5 03 01 31 06 81 45 FF F1 10 A0 A1 C7 0C (19)
                              [N3:X] TPOS 'E' 255 241 16 160 (-978784)
2026-03-31 10:51:37:804 [OUT] 25 A5 01 0C 31 05 81 FF D5 1C B4 68 CA (13)
                              [N12:Z] TPOS 255 213 28 180 (-2810700)
2026-03-31 10:51:37:993 [IN ] C8 24 0C 0E (4)
2026-03-31 10:51:38:015 [IN ] 25 A5 0C 01 31 06 81 53 FF E9 47 73 BA 90 0C (15)
                              [N12:Z] TPOS 'S' 255 233 71 115 (-1489037)
2026-03-31 10:51:44:842 [IN ] C8 24 0C 0E 25 A5 0C 01 31 06 81 45 FF D5 19 B0 A7 EF 0C (19)
                              [N12:Z] TPOS 'E' 255 213 25 176 (-2811472)
2026-03-31 10:51:45:267 [OUT] 25 A5 01 09 31 05 81 FF ED 1D C3 8D 0B (13)
                              [N9:P] TPOS 255 237 29 195 (-1237565)
2026-03-31 10:51:45:289 [OUT] 25 A5 01 05 31 05 81 00 0B 30 15 0D C1 (13)
                              [N5:V] TPOS 0 11 48 21 (733205)
2026-03-31 10:51:45:310 [OUT] 25 A5 01 06 31 05 81 00 0D 2B D3 C9 83 (13)
                              [N6:H] TPOS 0 13 43 211 (863187)
2026-03-31 10:51:45:332 [OUT] 25 A5 01 07 31 05 81 FF D6 6B DB DA 6A (13)
                              [N7:N] TPOS 255 214 107 219 (-2724901)
2026-03-31 10:51:45:460 [IN ] C8 24 09 0E 25 A5 09 01 31 06 81 53 FF ED EF 9C 8C F7 0C (19)
                              [N9:P] TPOS 'S' 255 237 239 156 (-1183844)
2026-03-31 10:51:45:585 [IN ] C8 24 05 0E 25 A5 05 01 31 06 81 53 00 0C 79 BD 53 65 0C (19)
                              [N5:V] TPOS 'S' 0 12 121 189 (817597)
2026-03-31 10:51:45:731 [IN ] C8 24 06 0E 25 A5 06 01 31 06 81 53 00 0D 8A 5C 05 33 0C (19)
                              [N6:H] TPOS 'S' 0 13 138 92 (887388)
2026-03-31 10:51:45:815 [IN ] C8 24 09 0E 25 A5 09 01 31 06 81 45 FF ED 19 E0 EC 49 0C (19)
                              [N9:P] TPOS 'E' 255 237 25 224 (-1238560)
2026-03-31 10:51:45:836 [IN ] C8 24 07 0E 25 A5 07 01 31 06 81 53 FF D5 14 80 7B C9 0C (19)
                              [N7:N] TPOS 'S' 255 213 20 128 (-2812800)
2026-03-31 10:51:46:037 [IN ] C8 24 06 0E 25 A5 06 01 31 06 81 45 00 0D 26 F8 2F C1 0C (19)
                              [N6:H] TPOS 'E' 0 13 38 248 (861944)
2026-03-31 10:51:46:239 [IN ] C8 24 05 0E 25 A5 05 01 31 06 81 45 00 0B 2E A4 E0 6D 0C (19)
                              [N5:V] TPOS 'E' 0 11 46 164 (732836)
2026-03-31 10:51:46:440 [IN ] C8 24 07 0E 25 A5 07 01 31 06 81 45 FF D6 70 97 E1 55 0C (19)
                              [N7:N] TPOS 'E' 255 214 112 151 (-2723689)
