2026-03-31 10:25:30:926 [IN ] C8 24 0B 0C 25 A5 0B 01 31 04 88 53 00 64 80 16 EB (17)
                              [N11:NG] RUN 'S' 0 100 (100)
2026-03-31 10:25:30:951 [OUT] 25 A5 01 0A 31 05 D6 3D FF 00 00 53 ED (13)
                              [N10:HMI] HMILED '=' 255 0 0 (16711680)
2026-03-31 10:25:30:977 [OUT] 25 A5 01 05 31 05 81 00 0C 7B 56 9A 9B (13)
                              [N5:V] TPOS 0 12 123 86 (818006)
2026-03-31 10:25:30:998 [OUT] 25 A5 01 06 31 05 81 00 0D 88 EE 41 58 (13)
                              [N6:H] TPOS 0 13 136 238 (887022)
2026-03-31 10:25:31:146 [IN ] C8 24 0A 0D 25 A5 0A 01 31 05 D6 3A FF 00 00 50 EA 86 (18)
                              [N10:HMI] HMILED ':' 255 0 0 (16711680)
2026-03-31 10:25:31:273 [IN ] C8 24 05 0E 25 A5 05 01 31 06 81 53 00 07 1C BB EF 9A 02 (19)
                              [N5:V] TPOS 'S' 0 7 28 187 (466107)
2026-03-31 10:25:31:420 [IN ] C8 24 06 0E 25 A5 06 01 31 06 81 53 00 0D CF 6A 58 CB 02 (19)
                              [N6:H] TPOS 'S' 0 13 207 106 (905066)
2026-03-31 10:25:31:622 [IN ] C8 24 0B 14 25 A5 0B 01 31 02 DE 02 1F CF 25 A5 0B 01 31 02 DE 00 1D CD 81 C8 24 06 0E 25 A5 06 01 31 06 81 45 00 0D 83 91 25 14 31 (44)
                              [N11:NG] NGSWSTATE 2 (2)
                              [N11:NG] NGSWSTATE 0 (0)
                              [N6:H] TPOS 'E' 0 13 131 145 (885649)
2026-03-31 10:25:31:824 [IN ] C8 24 0B 0A 25 A5 0B 01 31 02 DE 00 1D CD 83 (15)
                              [N11:NG] NGSWSTATE 0 (0)
2026-03-31 10:25:32:828 [IN ] C8 24 0B 0A 25 A5 0B 01 31 02 DE 00 1D CD 83 (15)
                              [N11:NG] NGSWSTATE 0 (0)
2026-03-31 10:25:33:031 [IN ] C8 24 05 0E 25 A5 05 01 31 06 81 45 00 0C 7F 5A E8 C8 31 (19)
                              [N5:V] TPOS 'E' 0 12 127 90 (819034)
