2026-03-31 10:03:54:264 [OUT] 25 A5 01 0A 31 05 D6 3D FF 00 00 53 ED (13)
                              [N10:HMI] HMILED '=' 255 0 0 (16711680)
2026-03-31 10:03:54:289 [OUT] 25 A5 01 09 31 05 81 FF EC D3 36 B5 E7 (13)
                              [N9:P] TPOS 255 236 211 54 (-1256650)
2026-03-31 10:03:54:311 [OUT] 25 A5 01 05 31 05 81 00 14 3B 68 74 45 (13)
                              [N5:V] TPOS 0 20 59 104 (1325928)
2026-03-31 10:03:54:333 [OUT] 25 A5 01 06 31 05 81 00 0D C9 3A CE 26 (13)
                              [N6:H] TPOS 0 13 201 58 (903482)
2026-03-31 10:03:54:356 [OUT] 25 A5 01 07 31 05 81 FF E0 37 8A 5F CF (13)
                              [N7:N] TPOS 255 224 55 138 (-2082934)
2026-03-31 10:03:54:461 [IN ] C8 24 0A 0D 25 A5 0A 01 31 05 D6 3A FF 00 00 50 EA 75 (18)
                              [N10:HMI] HMILED ':' 255 0 0 (16711680)
2026-03-31 10:03:54:567 [IN ] C8 24 09 0E 25 A5 09 01 (8)
2026-03-31 10:03:54:588 [IN ] 31 06 81 53 FF ED 06 C8 CF 51 0A (11)
                              [N9:P] TPOS 'S' 255 237 6 200 (-1243448)
2026-03-31 10:03:54:714 [IN ] C8 24 05 0E 25 A5 05 01 31 06 81 53 00 12 CF 8E 80 F4 0A (19)
                              [N5:V] TPOS 'S' 0 18 207 142 (1232782)
2026-03-31 10:03:54:735 [IN ] C8 24 09 0E 25 A5 09 01 31 06 81 45 FF EC CF 93 54 65 0A (19)
                              [N9:P] TPOS 'E' 255 236 207 147 (-1257581)
2026-03-31 10:03:54:840 [IN ] C8 24 06 0E 25 A5 06 01 31 06 81 53 00 0B 82 DD 7C 9E 0A (19)
                              [N6:H] TPOS 'S' 0 11 130 221 (754397)
2026-03-31 10:03:54:966 [IN ] C8 24 07 0E 25 A5 07 01 31 06 81 53 FF DD 6A B2 0B BF 0A (19)
                              [N7:N] TPOS 'S' 255 221 106 178 (-2266446)
2026-03-31 10:03:55:368 [IN ] C8 24 05 0E 25 A5 05 01 31 06 81 45 00 14 3F 51 A7 57 0A (19)
                              [N5:V] TPOS 'E' 0 20 63 81 (1326929)
2026-03-31 10:03:55:769 [IN ] C8 24 06 0E 25 A5 06 01 31 06 81 45 00 0D CD FF DD 16 0A (19)
                              [N6:H] TPOS 'E' 0 13 205 255 (904703)
2026-03-31 10:03:55:970 [IN ] C8 24 07 0E 25 A5 07 01 31 06 81 45 FF E0 3C 43 63 B7 0A (19)
                              [N7:N] TPOS 'E' 255 224 60 67 (-2081725)
