2026-03-31 15:44:07:293 [OUT] 25 A5 01 0A 31 05 D6 3D FF 00 00 53 ED (13)
                              [N10:HMI] HMILED '=' 255 0 0 (16711680)
2026-03-31 15:44:07:316 [OUT] 25 A5 01 03 31 02 D8 3F 4E CE (10)
                              [N3:X] INTERRUPT '?'
2026-03-31 15:44:07:618 [IN ] C8 24 0A 0D 25 A5 0A 01 31 05 D6 3A FF 00 00 50 EA 0D C8 24 03 0C 25 A5 03 01 31 04 D8 3A 01 01 4D 6A EA (35)
                              [N10:HMI] HMILED ':' 255 0 0 (16711680)
                              [N3:X] INTERRUPT ':' 1 1 (257)
2026-03-31 15:44:07:639 [OUT] 25 A5 01 09 31 03 C9 3D 09 4D 1C (11)
                              [N9:P] LFLAG '=' 9 (9)
2026-03-31 15:44:07:663 [OUT] 25 A5 01 04 31 02 D8 3F 4F D3 (10)
                              [N4:Y] INTERRUPT '?'
2026-03-31 15:44:07:965 [IN ] C8 24 09 0B 25 A5 09 01 31 03 C9 3A 09 4A 1E 6A C8 24 0B 0A 25 A5 0B 01 31 02 DE 03 20 D0 1E C8 24 04 0C 25 A5 04 01 31 04 D8 3A 01 01 4E 72 EA (48)
                              [N9:P] LFLAG ':' 9 (9)
                              [N11:NG] NGSWSTATE 3 (3)
                              [N4:Y] INTERRUPT ':' 1 1 (257)
2026-03-31 15:44:07:986 [OUT] 25 A5 01 09 31 03 CA 3D 09 4E 1F (11)
                              [N9:P] RFLAG '=' 9 (9)
2026-03-31 15:44:08:008 [OUT] 25 A5 01 0C 31 02 D8 3F 57 FB (10)
                              [N12:Z] INTERRUPT '?'
2026-03-31 15:44:08:310 [IN ] C8 24 09 0B 25 A5 09 01 31 03 CA 3A 09 4B 21 72 C8 24 0C 0C 25 A5 0C 01 31 04 D8 3A 01 01 56 B2 EA (33)
                              [N9:P] RFLAG ':' 9 (9)
                              [N12:Z] INTERRUPT ':' 1 1 (257)
2026-03-31 15:44:08:332 [OUT] 25 A5 01 08 31 03 C9 3D 09 4C 16 (11)
                              [N8:R] LFLAG '=' 9 (9)
2026-03-31 15:44:08:353 [OUT] 25 A5 01 03 31 03 C9 3D 0B 49 FA (11)
                              [N3:X] LFLAG '=' 11 (11)
2026-03-31 15:44:08:375 [OUT] 25 A5 01 04 31 03 C9 3D 0B 4A 00 (11)
                              [N4:Y] LFLAG '=' 11 (11)
2026-03-31 15:44:08:398 [OUT] 25 A5 01 0C 31 03 C9 3D 0B 52 30 (11)
                              [N12:Z] LFLAG '=' 11 (11)
2026-03-31 15:44:08:501 [IN ] C8 24 08 0B 25 A5 08 01 31 03 C9 3A 09 49 17 B2 (16)
                              [N8:R] LFLAG ':' 9 (9)
2026-03-31 15:44:08:523 [OUT] 25 A5 01 08 31 03 CA 3D 09 4D 19 (11)
                              [N8:R] RFLAG '=' 9 (9)
2026-03-31 15:44:08:607 [IN ] C8 24 03 0B 25 A5 03 01 31 03 C9 3A 0B 46 F6 B2 (16)
                              [N3:X] LFLAG ':' 11 (11)
2026-03-31 15:44:08:629 [OUT] 25 A5 01 03 31 03 88 00 50 10 02 (11)
                              [N3:X] RUN 0 80 (80)
2026-03-31 15:44:08:712 [IN ] C8 24 04 0B 25 A5 04 01 31 03 C9 3A 0B 47 FD B2 (16)
                              [N4:Y] LFLAG ':' 11 (11)
2026-03-31 15:44:08:734 [OUT] 25 A5 01 04 31 03 88 00 50 11 08 (11)
                              [N4:Y] RUN 0 80 (80)
2026-03-31 15:44:08:837 [IN ] C8 24 0C 0B 25 A5 0C 01 31 03 C9 3A 0B 4F 35 B2 (16)
                              [N12:Z] LFLAG ':' 11 (11)
2026-03-31 15:44:08:859 [OUT] 25 A5 01 0C 31 03 88 00 50 19 38 (11)
                              [N12:Z] RUN 0 80 (80)
2026-03-31 15:44:08:880 [IN ] C8 24 0B 0A 25 A5 0B 01 31 02 DE 03 20 D0 35 (15)
                              [N11:NG] NGSWSTATE 3 (3)
2026-03-31 15:44:08:942 [IN ] C8 24 08 0B 25 A5 08 01 31 03 CA 3A 09 4A 1A B2 (16)
                              [N8:R] RFLAG ':' 9 (9)
2026-03-31 15:44:09:045 [IN ] C8 24 03 0C 25 A5 03 01 31 04 88 53 00 50 64 C2 EA (17)
                              [N3:X] RUN 'S' 0 80 (80)
2026-03-31 15:44:09:171 [IN ] C8 24 04 0C 25 A5 04 01 31 04 88 53 00 50 65 CA EA (17)
                              [N4:Y] RUN 'S' 0 80 (80)
2026-03-31 15:44:09:253 [IN ] C8 24 0C 0C 25 A5 0C 01 31 04 88 53 00 50 6D (15)
2026-03-31 15:44:09:274 [IN ] 0A EA (2)
                              [N12:Z] RUN 'S' 0 80 (80)
2026-03-31 15:44:09:876 [IN ] C8 24 0B 0A 25 A5 0B 01 31 02 DE 03 20 D0 6D (15)
                              [N11:NG] NGSWSTATE 3 (3)
2026-03-31 15:44:11:080 [IN ] C8 24 0B 0A 25 A5 0B 01 31 02 DE 03 20 D0 6D (15)
                              [N11:NG] NGSWSTATE 3 (3)
2026-03-31 15:44:12:083 [IN ] C8 24 0B 0A 25 A5 0B 01 31 02 DE 03 20 D0 6D (15)
                              [N11:NG] NGSWSTATE 3 (3)
2026-03-31 15:44:13:086 [IN ] C8 24 0B 0A 25 A5 0B 01 31 02 DE 03 20 D0 6D (15)
                              [N11:NG] NGSWSTATE 3 (3)
2026-03-31 15:44:14:088 [IN ] C8 24 0B 0A 25 A5 0B 01 31 02 DE 03 20 D0 6D (15)
                              [N11:NG] NGSWSTATE 3 (3)
2026-03-31 15:44:15:091 [IN ] C8 24 0B 0A 25 A5 0B 01 31 02 DE 03 20 D0 6D (15)
                              [N11:NG] NGSWSTATE 3 (3)
2026-03-31 15:44:15:293 [IN ] C8 24 04 0B 25 A5 04 01 31 03 81 5A 4C 60 A6 0A C8 24 04 0A 25 A5 04 01 31 02 81 49 02 32 A6 (31)
                              [N4:Y] TPOS 'Z' 76 (76)
                              [N4:Y] TPOS 'I'
2026-03-31 15:44:15:518 [OUT] 25 A5 01 09 31 02 D8 3F 54 EC (10)
                              [N9:P] INTERRUPT '?'
2026-03-31 15:44:15:820 [IN ] C8 24 09 0C 25 A5 09 01 31 04 D8 3A 01 01 53 9A EA (17)
                              [N9:P] INTERRUPT ':' 1 1 (257)
2026-03-31 15:44:15:841 [OUT] 25 A5 01 04 31 03 C9 3D 09 48 FE (11)
                              [N4:Y] LFLAG '=' 9 (9)
2026-03-31 15:44:15:863 [OUT] 25 A5 01 07 31 02 D8 3F 52 E2 (10)
                              [N7:N] INTERRUPT '?'
2026-03-31 15:44:16:165 [IN ] C8 24 0B 0A 25 A5 0B 01 31 02 DE 03 20 D0 53 C8 24 04 0B 25 A5 04 01 31 03 C9 3A 09 45 FB 9A C8 24 07 0C 25 A5 07 01 31 04 D8 3A 01 01 51 8A EA (48)
                              [N11:NG] NGSWSTATE 3 (3)
                              [N4:Y] LFLAG ':' 9 (9)
                              [N7:N] INTERRUPT ':' 1 1 (257)
2026-03-31 15:44:16:185 [OUT] 25 A5 01 09 31 03 C9 3D 0B 4F 1E (11)
                              [N9:P] LFLAG '=' 11 (11)
2026-03-31 15:44:16:208 [OUT] 25 A5 01 07 31 03 C9 3D 0B 4D 12 (11)
                              [N7:N] LFLAG '=' 11 (11)
2026-03-31 15:44:16:354 [IN ] C8 24 09 0B 25 A5 09 01 31 03 C9 3A 0B 4C 20 (15)
                              [N9:P] LFLAG ':' 11 (11)
2026-03-31 15:44:16:376 [OUT] 25 A5 01 09 31 03 88 00 50 16 26 (11)
                              [N9:P] RUN 0 80 (80)
2026-03-31 15:44:16:378 [IN ] 8A (1)
2026-03-31 15:44:16:461 [IN ] C8 24 07 0B 25 A5 07 01 31 03 C9 3A 0B 4A 12 8A (16)
                              [N7:N] LFLAG ':' 11 (11)
2026-03-31 15:44:16:482 [OUT] 25 A5 01 07 31 03 88 00 50 14 1A (11)
                              [N7:N] RUN 0 80 (80)
2026-03-31 15:44:16:585 [IN ] C8 24 09 0C 25 A5 09 01 31 04 88 53 00 50 6A F2 EA (17)
                              [N9:P] RUN 'S' 0 80 (80)
2026-03-31 15:44:16:626 [IN ] C8 24 09 0B 25 A5 09 (7)
2026-03-31 15:44:16:648 [IN ] 01 31 03 81 5A 4C 65 C9 F2 (9)
                              [N9:P] TPOS 'Z' 76 (76)
2026-03-31 15:44:16:690 [IN ] C8 24 07 0C 25 A5 07 01 31 04 88 53 00 50 68 E2 EA C8 24 09 0A 25 A5 09 01 31 02 81 49 07 50 68 (32)
                              [N7:N] RUN 'S' 0 80 (80)
                              [N9:P] TPOS 'I'
2026-03-31 15:44:16:913 [OUT] 25 A5 01 09 31 03 C9 3D 09 4D 1C (11)
                              [N9:P] LFLAG '=' 9 (9)
2026-03-31 15:44:16:935 [OUT] 25 A5 01 04 31 05 81 FF EE 88 01 32 FA (13)
                              [N4:Y] TPOS 255 238 136 1 (-1144831)
2026-03-31 15:44:16:956 [IN ] C8 24 0B 0A 25 A5 0B 01 31 02 DE 03 20 D0 68 (15)
                              [N11:NG] NGSWSTATE 3 (3)
2026-03-31 15:44:17:080 [IN ] C8 24 09 0B 25 A5 09 01 31 03 C9 3A 09 4A 1E E2 (16)
                              [N9:P] LFLAG ':' 9 (9)
2026-03-31 15:44:17:203 [IN ] C8 24 04 0E 25 A5 04 01 31 06 81 53 00 00 00 00 10 88 0A (19)
                              [N4:Y] TPOS 'S' 0 0 0 0 (0)
2026-03-31 15:44:17:606 [IN ] C8 24 03 0B 25 A5 03 01 31 03 81 5A 4C 5F 9F 00 C8 24 03 0A 25 A5 03 01 31 02 81 49 01 2C 9F (31)
                              [N3:X] TPOS 'Z' 76 (76)
                              [N3:X] TPOS 'I'
2026-03-31 15:44:17:829 [OUT] 25 A5 01 03 31 03 C9 3D 09 47 F8 (11)
                              [N3:X] LFLAG '=' 9 (9)
2026-03-31 15:44:17:953 [IN ] C8 24 0B 0A 25 A5 0B 01 31 02 DE 03 20 D0 9F (15)
                              [N11:NG] NGSWSTATE 3 (3)
2026-03-31 15:44:17:995 [IN ] C8 24 03 0B 25 A5 03 01 31 03 C9 3A 09 44 F4 00 (16)
                              [N3:X] LFLAG ':' 9 (9)
2026-03-31 15:44:18:997 [IN ] C8 24 0B 0A 25 A5 0B 01 31 02 DE 03 20 D0 F4 (15)
                              [N11:NG] NGSWSTATE 3 (3)
2026-03-31 15:44:20:001 [IN ] C8 24 0B 0A 25 A5 0B 01 31 02 DE 03 20 D0 F4 (15)
                              [N11:NG] NGSWSTATE 3 (3)
2026-03-31 15:44:21:005 [IN ] C8 24 07 0B 25 A5 07 01 31 03 81 5A 4C 63 BB 00 C8 24 07 0A 25 A5 07 01 31 02 81 49 05 44 BB C8 24 0B 0A 25 A5 0B 01 31 02 DE 03 20 D0 BB (46)
                              [N7:N] TPOS 'Z' 76 (76)
                              [N7:N] TPOS 'I'
                              [N11:NG] NGSWSTATE 3 (3)
2026-03-31 15:44:21:227 [OUT] 25 A5 01 07 31 03 C9 3D 09 4B 10 (11)
                              [N7:N] LFLAG '=' 9 (9)
2026-03-31 15:44:21:413 [IN ] C8 24 07 0B 25 A5 07 01 31 03 C9 3A 09 48 10 00 (16)
                              [N7:N] LFLAG ':' 9 (9)
2026-03-31 15:44:21:815 [IN ] C8 24 0C 0B 25 A5 0C 01 31 03 81 5A 4C 68 DE 00 C8 24 0C 0A 25 A5 0C 01 31 02 81 49 0A 62 DE (31)
                              [N12:Z] TPOS 'Z' 76 (76)
                              [N12:Z] TPOS 'I'
2026-03-31 15:44:22:018 [IN ] C8 24 0B 0A 25 A5 0B 01 31 02 DE 03 20 D0 DE (15)
                              [N11:NG] NGSWSTATE 3 (3)
2026-03-31 15:44:22:039 [OUT] 25 A5 01 0C 31 03 C9 3D 09 50 2E (11)
                              [N12:Z] LFLAG '=' 9 (9)
2026-03-31 15:44:22:203 [IN ] C8 24 0C 0B 25 A5 0C 01 31 03 C9 3A 09 4D 33 00 (16)
                              [N12:Z] LFLAG ':' 9 (9)
2026-03-31 15:44:23:006 [IN ] C8 24 0B 0A 25 A5 0B 01 31 02 DE 03 20 D0 33 (15)
                              [N11:NG] NGSWSTATE 3 (3)
2026-03-31 15:44:23:207 [IN ] C8 24 04 0E 25 A5 04 01 31 06 81 45 FF EE 85 76 EA 88 0A (19)
                              [N4:Y] TPOS 'E' 255 238 133 118 (-1145482)
2026-03-31 15:44:23:430 [OUT] 25 A5 01 0C 31 05 81 FF BC D0 00 4F 33 (13)
                              [N12:Z] TPOS 255 188 208 0 (-4403200)
2026-03-31 15:44:23:453 [OUT] 25 A5 01 04 31 05 81 FF FD 50 01 09 B7 (13)
                              [N4:Y] TPOS 255 253 80 1 (-176127)
2026-03-31 15:44:23:476 [OUT] 25 A5 01 09 31 05 81 FF E7 5D 56 5A 0C (13)
                              [N9:P] TPOS 255 231 93 86 (-1614506)
2026-03-31 15:44:23:498 [OUT] 25 A5 01 07 31 05 81 FF AB 19 75 F7 DF (13)
                              [N7:N] TPOS 255 171 25 117 (-5564043)
2026-03-31 15:44:23:519 [OUT] 25 A5 01 03 31 05 81 FF EC 4A AB 9B 1A (13)
                              [N3:X] TPOS 255 236 74 171 (-1291605)
2026-03-31 15:44:23:541 [OUT] 25 A5 01 06 31 02 D8 3F 51 DD (10)
                              [N6:H] INTERRUPT '?'
2026-03-31 15:44:23:842 [IN ] C8 24 0C 0E 25 A5 0C 01 31 06 81 53 FF FF FF 88 9D 57 0A C8 24 04 0E 25 A5 04 01 31 06 81 53 FF EE 85 76 F8 CE 0A (38)
                              [N12:Z] TPOS 'S' 255 255 255 136 (-120)
                              [N4:Y] TPOS 'S' 255 238 133 118 (-1145482)
2026-03-31 15:44:24:143 [IN ] C8 24 09 0E 25 A5 09 01 31 06 81 53 FF FF FF F7 09 A8 0A C8 24 0B 0A 25 A5 0B 01 31 02 DE 03 20 D0 FF C8 24 07 0E 25 A5 07 01 31 06 81 53 FF FF FF EA FA 87 0A C8 24 03 0E 25 A5 03 01 31 06 81 
53 00 00 00 00 0F 7E 0A (72)
                              [N9:P] TPOS 'S' 255 255 255 247 (-9)
                              [N11:NG] NGSWSTATE 3 (3)
                              [N7:N] TPOS 'S' 255 255 255 234 (-22)
                              [N3:X] TPOS 'S' 0 0 0 0 (0)
2026-03-31 15:44:24:444 [IN ] C8 24 06 0C 25 A5 06 01 31 04 D8 3A 01 01 50 82 0F (17)
                              [N6:H] INTERRUPT ':' 1 1 (257)
2026-03-31 15:44:24:465 [OUT] 25 A5 01 06 31 03 C9 3D 0B 4C 0C (11)
                              [N6:H] LFLAG '=' 11 (11)
2026-03-31 15:44:24:630 [IN ] C8 24 06 0B 25 A5 06 01 31 03 C9 3A 0B 49 0B 82 (16)
                              [N6:H] LFLAG ':' 11 (11)
2026-03-31 15:44:24:653 [OUT] 25 A5 01 06 31 03 88 FF B0 72 72 (11)
                              [N6:H] RUN 255 176 (-80)
2026-03-31 15:44:24:819 [IN ] C8 24 06 0C 25 A5 06 01 31 04 88 53 FF B0 C6 38 0F (17)
                              [N6:H] RUN 'S' 255 176 (-80)
2026-03-31 15:44:25:022 [IN ] C8 24 0B 0A 25 A5 0B 01 31 02 DE 03 20 D0 C6 (15)
                              [N11:NG] NGSWSTATE 3 (3)
2026-03-31 15:44:26:025 [IN ] C8 24 0B 0A 25 A5 0B 01 31 02 DE 03 20 D0 C6 (15)
                              [N11:NG] NGSWSTATE 3 (3)
2026-03-31 15:44:27:027 [IN ] C8 24 0B 0A 25 A5 0B 01 31 02 DE 03 20 D0 C6 (15)
                              [N11:NG] NGSWSTATE 3 (3)
2026-03-31 15:44:28:030 [IN ] C8 24 0B 0A 25 A5 0B 01 31 02 DE 03 20 D0 C6 (15)
                              [N11:NG] NGSWSTATE 3 (3)
2026-03-31 15:44:28:834 [IN ] C8 24 06 0B 25 A5 06 01 31 03 81 5A 4C 62 B4 38 (16)
                              [N6:H] TPOS 'Z' 76 (76)
2026-03-31 15:44:29:036 [IN ] C8 24 06 0A 25 A5 06 01 31 02 81 49 04 3E B4 C8 24 0B 0A 25 A5 0B 01 31 02 DE 03 20 D0 B4 (30)
                              [N6:H] TPOS 'I'
                              [N11:NG] NGSWSTATE 3 (3)
2026-03-31 15:44:29:258 [OUT] 25 A5 01 06 31 03 C9 3D 09 4A 0A (11)
                              [N6:H] LFLAG '=' 9 (9)
2026-03-31 15:44:29:403 [IN ] C8 24 06 0B 25 A5 06 01 31 03 C9 3A 09 47 09 38 (16)
                              [N6:H] LFLAG ':' 9 (9)
2026-03-31 15:44:29:424 [OUT] 25 A5 01 06 31 03 84 00 50 0F 08 (11)
                              [N6:H] VEL 0 80 (80)
2026-03-31 15:44:29:588 [IN ] C8 24 06 0C 25 A5 06 01 31 04 84 53 00 50 63 CA 0F (17)
                              [N6:H] VEL 'S' 0 80 (80)
2026-03-31 15:44:29:609 [OUT] 25 A5 01 06 31 05 81 00 19 82 3C 95 BE (13)
                              [N6:H] TPOS 0 25 130 60 (1671740)
2026-03-31 15:44:29:794 [IN ] C8 24 06 0E 25 A5 06 01 31 06 81 53 00 00 00 03 15 9F 0A (19)
                              [N6:H] TPOS 'S' 0 0 0 3 (3)
2026-03-31 15:44:30:196 [IN ] C8 24 0B 0A 25 A5 0B 01 31 02 DE 03 20 D0 00 (15)
                              [N11:NG] NGSWSTATE 3 (3)
2026-03-31 15:44:30:798 [IN ] C8 24 03 0E 25 A5 03 01 31 06 81 45 FF EC 48 31 65 B9 0A (19)
                              [N3:X] TPOS 'E' 255 236 72 49 (-1292239)
2026-03-31 15:44:31:202 [IN ] C8 24 0B 0A 25 A5 0B 01 31 02 DE 03 20 D0 48 (15)
                              [N11:NG] NGSWSTATE 3 (3)
2026-03-31 15:44:31:223 [OUT] 25 A5 01 03 31 05 81 FF FD 50 01 08 AF (13)
                              [N3:X] TPOS 255 253 80 1 (-176127)
2026-03-31 15:44:31:407 [IN ] C8 24 03 0E 25 A5 03 01 31 06 81 53 FF EC 48 32 74 00 0A (19)
                              [N3:X] TPOS 'S' 255 236 72 50 (-1292238)
2026-03-31 15:44:31:809 [IN ] C8 24 09 0E 25 A5 09 01 31 06 81 45 FF E7 59 7A C0 51 0A (19)
                              [N9:P] TPOS 'E' 255 231 89 122 (-1615494)
2026-03-31 15:44:32:213 [IN ] C8 24 0B 0A 25 A5 0B 01 31 02 DE 03 20 D0 59 C8 24 04 0E 25 A5 04 01 31 06 81 45 FF FD 50 2C 7A 01 0A (34)
                              [N11:NG] NGSWSTATE 3 (3)
                              [N4:Y] TPOS 'E' 255 253 80 44 (-176084)
2026-03-31 15:44:32:235 [OUT] 25 A5 01 09 31 05 81 FF FF D9 C8 60 BE (13)
                              [N9:P] TPOS 255 255 217 200 (-9784)
2026-03-31 15:44:32:420 [IN ] C8 24 09 0E 25 A5 09 01 31 06 81 53 FF E7 59 7C D0 99 0A (19)
                              [N9:P] TPOS 'S' 255 231 89 124 (-1615492)
2026-03-31 15:44:33:223 [IN ] C8 24 0B 0A 25 A5 0B 01 31 02 DE 03 20 D0 59 (15)
                              [N11:NG] NGSWSTATE 3 (3)
2026-03-31 15:44:34:226 [IN ] C8 24 0B 0A 25 A5 0B 01 31 02 DE 03 20 D0 59 (15)
                              [N11:NG] NGSWSTATE 3 (3)
2026-03-31 15:44:35:229 [IN ] C8 24 0B 0A 25 A5 0B 01 31 02 DE 03 20 D0 59 (15)
                              [N11:NG] NGSWSTATE 3 (3)
2026-03-31 15:44:36:233 [IN ] C8 24 0B 0A 25 A5 0B 01 31 02 DE 03 20 D0 59 (15)
                              [N11:NG] NGSWSTATE 3 (3)
2026-03-31 15:44:37:237 [IN ] C8 24 0B 0A 25 A5 0B 01 31 02 DE 03 20 D0 59 (15)
                              [N11:NG] NGSWSTATE 3 (3)
2026-03-31 15:44:37:439 [IN ] C8 24 06 0E 25 A5 06 01 31 06 81 45 00 19 86 78 1B 25 0A (19)
                              [N6:H] TPOS 'E' 0 25 134 120 (1672824)
2026-03-31 15:44:37:863 [OUT] 25 A5 01 06 31 05 81 00 0D 88 EE 41 58 (13)
                              [N6:H] TPOS 0 13 136 238 (887022)
2026-03-31 15:44:38:048 [IN ] C8 24 06 0E 25 A5 06 01 31 06 81 53 00 19 86 77 28 6A 0A (19)
                              [N6:H] TPOS 'S' 0 25 134 119 (1672823)
2026-03-31 15:44:38:249 [IN ] C8 24 0B 0A 25 A5 0B 01 31 02 DE 03 20 D0 86 (15)
                              [N11:NG] NGSWSTATE 3 (3)
2026-03-31 15:44:39:252 [IN ] C8 24 0B 0A 25 A5 0B 01 31 02 DE 03 20 D0 86 (15)
                              [N11:NG] NGSWSTATE 3 (3)
2026-03-31 15:44:40:254 [IN ] C8 24 0B 0A 25 A5 0B 01 31 02 DE 03 20 D0 86 C8 24 09 0E 25 A5 09 01 31 06 81 45 FF FF DD 90 72 B7 0A (34)
                              [N11:NG] NGSWSTATE 3 (3)
                              [N9:P] TPOS 'E' 255 255 221 144 (-8816)
2026-03-31 15:44:40:476 [OUT] 25 A5 01 08 31 02 D8 3F 53 E7 (10)
                              [N8:R] INTERRUPT '?'
2026-03-31 15:44:40:477 [IN ] C8 24 03 0E 25 A5 03 01 31 06 81 45 FF FD 50 9D EA 68 0A (19)
                              [N3:X] TPOS 'E' 255 253 80 157 (-175971)
2026-03-31 15:44:40:778 [IN ] C8 24 08 0C 25 A5 08 01 31 04 D8 3A 01 01 52 92 EA (17)
                              [N8:R] INTERRUPT ':' 1 1 (257)
2026-03-31 15:44:40:799 [OUT] 25 A5 01 08 31 03 CA 3D 0B 4F 1B (11)
                              [N8:R] RFLAG '=' 11 (11)
2026-03-31 15:44:40:984 [IN ] C8 24 08 0B 25 A5 08 01 31 03 CA 3A 0B 4C 1C 92 (16)
                              [N8:R] RFLAG ':' 11 (11)
2026-03-31 15:44:41:005 [OUT] 25 A5 01 08 31 03 88 00 50 15 20 (11)
                              [N8:R] RUN 0 80 (80)
2026-03-31 15:44:41:129 [IN ] C8 24 0B 0A 25 A5 0B 01 31 02 DE 03 20 D0 1C (15)
                              [N11:NG] NGSWSTATE 3 (3)
2026-03-31 15:44:41:150 [IN ] C8 24 08 0C 25 A5 08 01 31 04 88 53 00 50 69 EA EA (17)
                              [N8:R] RUN 'S' 0 80 (80)
2026-03-31 15:44:41:754 [IN ] C8 24 06 0E 25 A5 06 01 31 06 81 45 00 0D 83 CF 63 52 0A (19)
                              [N6:H] TPOS 'E' 0 13 131 207 (885711)
2026-03-31 15:44:41:977 [OUT] 25 A5 01 05 31 02 D8 3F 50 D8 (10)
                              [N5:V] INTERRUPT '?'
2026-03-31 15:44:42:278 [IN ] C8 24 05 0C 25 A5 05 01 31 04 D8 3A 01 01 4F 7A 63 C8 24 0B 0A 25 A5 0B 01 31 02 DE 03 20 D0 4F (32)
                              [N5:V] INTERRUPT ':' 1 1 (257)
                              [N11:NG] NGSWSTATE 3 (3)
2026-03-31 15:44:42:299 [OUT] 25 A5 01 05 31 03 C9 3D 0B 4B 06 (11)
                              [N5:V] LFLAG '=' 11 (11)
2026-03-31 15:44:42:464 [IN ] C8 24 05 0B 25 A5 05 01 31 03 C9 3A 0B 48 04 7A (16)
                              [N5:V] LFLAG ':' 11 (11)
2026-03-31 15:44:42:485 [OUT] 25 A5 01 05 31 03 88 FF B0 71 6C (11)
                              [N5:V] RUN 255 176 (-80)
2026-03-31 15:44:42:670 [IN ] C8 24 05 0C 25 A5 05 01 31 04 88 53 FF B0 C5 30 63 (17)
                              [N5:V] RUN 'S' 255 176 (-80)
2026-03-31 15:44:43:272 [IN ] C8 24 0B 0A 25 A5 0B 01 31 02 DE 03 20 D0 C5 (15)
                              [N11:NG] NGSWSTATE 3 (3)
2026-03-31 15:44:44:275 [IN ] C8 24 0B 0A 25 A5 0B 01 31 02 DE 03 20 D0 C5 (15)
                              [N11:NG] NGSWSTATE 3 (3)
2026-03-31 15:44:45:277 [IN ] C8 24 0B 0A 25 A5 0B 01 31 02 DE 03 20 D0 C5 (15)
                              [N11:NG] NGSWSTATE 3 (3)
2026-03-31 15:44:46:280 [IN ] C8 24 0B 0A 25 A5 0B 01 31 02 DE 03 20 D0 C5 (15)
                              [N11:NG] NGSWSTATE 3 (3)
2026-03-31 15:44:46:482 [IN ] C8 24 0C 0E 25 A5 0C 01 31 06 81 45 FF BC CD 67 F9 C3 0A (19)
                              [N12:Z] TPOS 'E' 255 188 205 103 (-4403865)
2026-03-31 15:44:46:906 [OUT] 25 A5 01 0C 31 05 81 FF D6 7A 67 7A 3C (13)
                              [N12:Z] TPOS 255 214 122 103 (-2721177)
2026-03-31 15:44:47:090 [IN ] C8 24 0C 0E 25 A5 0C 01 31 06 81 53 FF BC CD 6A 0A 0C 0A (19)
                              [N12:Z] TPOS 'S' 255 188 205 106 (-4403862)
2026-03-31 15:44:47:292 [IN ] C8 24 0B 0A 25 A5 0B 01 31 02 DE 03 20 D0 CD (15)
                              [N11:NG] NGSWSTATE 3 (3)
2026-03-31 15:44:47:497 [IN ] C8 24 05 0B 25 A5 05 01 31 03 81 5A 4C 61 AD 6A C8 24 05 0A 25 A5 05 01 31 02 81 49 03 38 AD (31)
                              [N5:V] TPOS 'Z' 76 (76)
                              [N5:V] TPOS 'I'
2026-03-31 15:44:47:722 [OUT] 25 A5 01 05 31 03 C9 3D 09 49 04 (11)
                              [N5:V] LFLAG '=' 9 (9)
2026-03-31 15:44:47:889 [IN ] C8 24 05 0B 25 A5 05 01 31 03 C9 3A 09 46 02 6A (16)
                              [N5:V] LFLAG ':' 9 (9)
2026-03-31 15:44:47:910 [OUT] 25 A5 01 05 31 03 84 00 50 0E 02 (11)
                              [N5:V] VEL 0 80 (80)
2026-03-31 15:44:47:973 [IN ] C8 24 08 0B 25 A5 08 01 31 03 81 5A 52 6A C8 6A (16)
                              [N8:R] TPOS 'Z' 82 (82)
2026-03-31 15:44:48:036 [IN ] C8 24 08 0A 25 A5 08 01 31 02 81 49 06 4A C8 (15)
                              [N8:R] TPOS 'I'
2026-03-31 15:44:48:078 [OUT] 25 A5 01 08 31 03 CA 3D 09 4D 19 (11)
                              [N8:R] RFLAG '=' 9 (9)
2026-03-31 15:44:48:079 [IN ] C8 24 05 0C 25 A5 05 01 31 04 84 53 00 50 62 C2 0A (17)
                              [N5:V] VEL 'S' 0 80 (80)
2026-03-31 15:44:48:100 [OUT] 25 A5 01 05 31 05 81 00 19 82 3C 94 B6 (13)
                              [N5:V] TPOS 0 25 130 60 (1671740)
2026-03-31 15:44:48:183 [IN ] C8 24 0B 0A 25 A5 0B 01 31 02 DE 03 20 D0 62 (15)
                              [N11:NG] NGSWSTATE 3 (3)
2026-03-31 15:44:48:245 [IN ] C8 24 08 0B 25 A5 08 01 31 03 CA 3A 09 4A 1A C2 (16)
                              [N8:R] RFLAG ':' 9 (9)
2026-03-31 15:44:48:266 [OUT] 25 A5 01 08 31 05 81 FF DC 77 1D 2F DE (13)
                              [N8:R] TPOS 255 220 119 29 (-2328803)
2026-03-31 15:44:48:389 [IN ] C8 24 05 0E 25 A5 05 01 31 06 81 53 00 00 00 00 11 92 0A (19)
                              [N5:V] TPOS 'S' 0 0 0 0 (0)
2026-03-31 15:44:48:492 [IN ] C8 24 08 0E 25 A5 08 01 31 06 81 53 (12)
2026-03-31 15:44:48:513 [IN ] FF FF FF D1 E2 78 0A (7)
                              [N8:R] TPOS 'S' 255 255 255 209 (-47)
2026-03-31 15:44:49:116 [IN ] C8 24 07 0E 25 A5 07 01 31 06 81 45 FF AB 14 AA 6D 2F 0A (19)
                              [N7:N] TPOS 'E' 255 171 20 170 (-5565270)
2026-03-31 15:44:49:318 [IN ] C8 24 0B 0A 25 A5 0B 01 31 02 DE 03 20 D0 14 (15)
                              [N11:NG] NGSWSTATE 3 (3)
2026-03-31 15:44:49:541 [OUT] 25 A5 01 07 31 05 81 FF F1 7F EE 1C F6 (13)
                              [N7:N] TPOS 255 241 127 238 (-950290)
2026-03-31 15:44:49:725 [IN ] C8 24 07 0E 25 A5 07 01 31 06 81 53 FF AB 14 AB 7C 76 0A (19)
                              [N7:N] TPOS 'S' 255 171 20 171 (-5565269)
2026-03-31 15:44:50:327 [IN ] C8 24 0B 0A 25 A5 0B 01 31 02 DE 03 20 D0 14 (15)
                              [N11:NG] NGSWSTATE 3 (3)
2026-03-31 15:44:51:330 [IN ] C8 24 0B 0A 25 A5 0B 01 31 02 DE 03 20 D0 14 (15)
                              [N11:NG] NGSWSTATE 3 (3)
2026-03-31 15:44:52:333 [IN ] C8 24 0B 0A 25 A5 0B 01 31 02 DE 03 20 D0 14 (15)
                              [N11:NG] NGSWSTATE 3 (3)
2026-03-31 15:44:53:335 [IN ] C8 24 0B 0A 25 A5 0B 01 31 02 DE 03 20 D0 14 (15)
                              [N11:NG] NGSWSTATE 3 (3)
2026-03-31 15:44:54:337 [IN ] C8 24 0B 0A 25 A5 0B 01 31 02 DE 03 20 D0 14 (15)
                              [N11:NG] NGSWSTATE 3 (3)
2026-03-31 15:44:55:340 [IN ] C8 24 0B 0A 25 A5 0B 01 31 02 DE 03 20 D0 14 (15)
                              [N11:NG] NGSWSTATE 3 (3)
2026-03-31 15:44:55:742 [IN ] C8 24 0C 0E 25 A5 0C 01 31 06 81 45 FF D6 7D 28 84 32 0A (19)
                              [N12:Z] TPOS 'E' 255 214 125 40 (-2720472)
2026-03-31 15:44:56:345 [IN ] C8 24 0B 0A 25 A5 0B 01 31 02 DE 03 20 D0 7D C8 24 05 0E 25 A5 05 01 31 06 81 45 00 19 86 25 C7 C8 0A (34)
                              [N11:NG] NGSWSTATE 3 (3)
                              [N5:V] TPOS 'E' 0 25 134 37 (1672741)
2026-03-31 15:44:56:769 [OUT] 25 A5 01 05 31 05 81 00 0C 7B 56 9A 9B (13)
                              [N5:V] TPOS 0 12 123 86 (818006)
2026-03-31 15:44:56:974 [IN ] C8 24 05 0E 25 A5 05 01 31 06 81 53 00 19 86 24 D4 0D 0A (19)
                              [N5:V] TPOS 'S' 0 25 134 36 (1672740)
2026-03-31 15:44:57:375 [IN ] C8 24 0B 0A 25 A5 0B 01 31 02 DE 03 20 D0 86 (15)
                              [N11:NG] NGSWSTATE 3 (3)
2026-03-31 15:44:58:378 [IN ] C8 24 0B 0A 25 A5 0B 01 31 02 DE 03 20 D0 86 (15)
                              [N11:NG] NGSWSTATE 3 (3)
2026-03-31 15:44:59:382 [IN ] C8 24 0B 0A 25 A5 0B 01 31 02 DE 03 20 D0 86 (15)
                              [N11:NG] NGSWSTATE 3 (3)
2026-03-31 15:45:00:385 [IN ] C8 24 0B 0A 25 A5 0B 01 31 02 DE 03 20 D0 86 (15)
                              [N11:NG] NGSWSTATE 3 (3)
2026-03-31 15:45:01:187 [IN ] C8 24 08 0E 25 A5 08 01 31 06 81 45 FF DC 74 67 BC 49 0A (19)
                              [N8:R] TPOS 'E' 255 220 116 103 (-2329497)
2026-03-31 15:45:01:391 [IN ] C8 24 0B 0A 25 A5 0B 01 31 02 DE 03 20 D0 74 (15)
                              [N11:NG] NGSWSTATE 3 (3)
2026-03-31 15:45:01:614 [OUT] 25 A5 01 08 31 05 81 FF EE 15 56 18 89 (13)
                              [N8:R] TPOS 255 238 21 86 (-1174186)
2026-03-31 15:45:01:800 [IN ] C8 24 08 0E 25 A5 08 01 31 06 81 53 FF DC 74 6D D0 95 0A (19)
                              [N8:R] TPOS 'S' 255 220 116 109 (-2329491)
2026-03-31 15:45:02:401 [IN ] C8 24 0B 0A 25 A5 0B 01 31 02 DE 03 20 D0 74 C8 24 05 0E 25 A5 05 01 31 06 81 45 00 0C 79 B8 40 1A 0A (34)
                              [N11:NG] NGSWSTATE 3 (3)
                              [N5:V] TPOS 'E' 0 12 121 184 (817592)
2026-03-31 15:45:02:625 [OUT] 25 A5 01 03 31 05 81 FF EF 27 75 45 A7 (13)
                              [N3:X] TPOS 255 239 39 117 (-1104011)
2026-03-31 15:45:02:647 [OUT] 25 A5 01 04 31 05 81 FF F4 11 1F DF 3C (13)
                              [N4:Y] TPOS 255 244 17 31 (-782049)
2026-03-31 15:45:02:812 [IN ] C8 24 03 0E 25 A5 03 01 31 06 81 53 FF FD 50 9D F8 AE 0A (19)
                              [N3:X] TPOS 'S' 255 253 80 157 (-175971)
2026-03-31 15:45:02:916 [IN ] C8 24 04 (3)
2026-03-31 15:45:02:937 [IN ] 0E 25 A5 04 01 31 06 81 53 FF FD 50 2B 87 46 0A (16)
                              [N4:Y] TPOS 'S' 255 253 80 43 (-176085)
2026-03-31 15:45:03:340 [IN ] C8 24 0B 0A 25 A5 0B 01 31 02 DE 03 20 D0 50 (15)
                              [N11:NG] NGSWSTATE 3 (3)
2026-03-31 15:45:04:342 [IN ] C8 24 0B 0A 25 A5 0B 01 31 02 DE 03 20 D0 50 (15)
                              [N11:NG] NGSWSTATE 3 (3)
2026-03-31 15:45:05:345 [IN ] C8 24 0B 0A 25 A5 0B 01 31 02 DE 03 20 D0 50 (15)
                              [N11:NG] NGSWSTATE 3 (3)
2026-03-31 15:45:06:148 [IN ] C8 24 04 0E 25 A5 04 01 31 06 81 45 FF F4 0E 12 15 48 0A (19)
                              [N4:Y] TPOS 'E' 255 244 14 18 (-782830)
2026-03-31 15:45:06:350 [IN ] C8 24 0B 0A 25 A5 0B 01 31 02 DE 03 20 D0 0E (15)
                              [N11:NG] NGSWSTATE 3 (3)
2026-03-31 15:45:07:354 [IN ] C8 24 0B 0A 25 A5 0B 01 31 02 DE 03 20 D0 0E (15)
                              [N11:NG] NGSWSTATE 3 (3)
2026-03-31 15:45:07:555 [IN ] C8 24 03 0E 25 A5 03 01 31 06 81 45 FF EF 24 8C 9F D5 0A (19)
                              [N3:X] TPOS 'E' 255 239 36 140 (-1104756)
2026-03-31 15:45:08:358 [IN ] C8 24 08 0E 25 A5 08 01 31 06 81 45 FF EE 17 5B 65 B9 0A C8 24 0B 0A 25 A5 0B 01 31 02 DE 03 20 D0 17 (34)
                              [N8:R] TPOS 'E' 255 238 23 91 (-1173669)
                              [N11:NG] NGSWSTATE 3 (3)
2026-03-31 15:45:09:362 [IN ] C8 24 0B 0A 25 A5 0B 01 31 02 DE 03 20 D0 17 (15)
                              [N11:NG] NGSWSTATE 3 (3)
2026-03-31 15:45:10:565 [IN ] C8 24 07 0E 25 A5 07 01 31 06 81 45 FF F1 84 A3 1C DA 0A (19)
                              [N7:N] TPOS 'E' 255 241 132 163 (-949085)
