2026-03-31 14:24:12:990 [OUT] 25 A5 01 0A 31 05 D6 3D FF 00 00 53 ED (13)
                              [N10:HMI] HMILED '=' 255 0 0 (16711680)
2026-03-31 14:24:13:016 [OUT] 25 A5 01 0C 31 05 81 FF D6 7A 67 7A 3C (13)
                              [N12:Z] TPOS 255 214 122 103 (-2721177)
2026-03-31 14:24:13:039 [OUT] 25 A5 01 03 31 05 81 FF EF 27 75 45 A7 (13)
                              [N3:X] TPOS 255 239 39 117 (-1104011)
2026-03-31 14:24:13:061 [OUT] 25 A5 01 04 31 05 81 FF F4 11 1F DF 3C (13)
                              [N4:Y] TPOS 255 244 17 31 (-782049)
2026-03-31 14:24:13:083 [OUT] 25 A5 01 05 31 05 81 00 0C 7B 56 9A 9B (13)
                              [N5:V] TPOS 0 12 123 86 (818006)
2026-03-31 14:24:13:104 [OUT] 25 A5 01 06 31 05 81 00 0D 88 EE 41 58 (13)
                              [N6:H] TPOS 0 13 136 238 (887022)
2026-03-31 14:24:13:186 [IN ] C8 24 0A 0D 25 A5 0A 01 31 05 D6 3A FF 00 00 50 EA 2E (18)
                              [N10:HMI] HMILED ':' 255 0 0 (16711680)
2026-03-31 14:24:13:330 [IN ] C8 24 0C 0E 25 A5 0C 01 31 06 81 53 FF D3 7B A7 0C EA C8 (19)
                              [N12:Z] TPOS 'S' 255 211 123 167 (-2917465)
2026-03-31 14:24:13:432 [IN ] C8 24 03 (3)
2026-03-31 14:24:13:453 [IN ] 0E 25 A5 03 01 31 06 81 53 FF F3 31 27 59 DC C8 (16)
                              [N3:X] TPOS 'S' 255 243 49 39 (-839385)
2026-03-31 14:24:13:557 [IN ] C8 24 04 0E 25 A5 04 01 31 06 81 53 FF F8 A3 1C C6 CE C8 (19)
                              [N4:Y] TPOS 'S' 255 248 163 28 (-482532)
2026-03-31 14:24:13:700 [IN ] C8 24 05 0E 25 A5 05 01 31 06 81 53 00 0C B3 73 43 8F C8 (19)
                              [N5:V] TPOS 'S' 0 12 179 115 (832371)
2026-03-31 14:24:13:825 [IN ] C8 24 06 0E 25 A5 06 01 31 06 81 53 00 0E 39 29 82 61 C8 (19)
                              [N6:H] TPOS 'S' 0 14 57 41 (932137)
2026-03-31 14:24:14:026 [IN ] C8 24 05 0E 25 A5 05 01 31 06 81 45 00 0C 79 98 20 FA C8 C8 24 0C 0D 25 A5 0C 01 31 05 82 FF D5 30 0B D4 59 FA (37)
                              [N5:V] TPOS 'E' 0 12 121 152 (817560)
                              [N12:Z] GETPOS 255 213 48 11 (-2805749)
2026-03-31 14:24:14:228 [IN ] C8 24 06 0E 25 A5 06 01 31 06 81 45 00 0D 83 D7 6B 5A C8 (19)
                              [N6:H] TPOS 'E' 0 13 131 215 (885719)
2026-03-31 14:24:14:429 [IN ] C8 24 0C 0E 25 A5 0C 01 31 06 81 45 FF D6 7D 4D A9 57 C8 (19)
                              [N12:Z] TPOS 'E' 255 214 125 77 (-2720435)
2026-03-31 14:24:15:030 [IN ] C8 24 03 0E 25 A5 03 01 31 06 81 45 FF EF 24 6B 7E B4 C8 C8 24 0C 0D 25 A5 0C 01 31 05 82 FF D6 7D 44 5B 2F B4 (37)
                              [N3:X] TPOS 'E' 255 239 36 107 (-1104789)
                              [N12:Z] GETPOS 255 214 125 68 (-2720444)
2026-03-31 14:24:15:232 [IN ] C8 24 04 0E 25 A5 04 01 31 06 81 45 FF F4 0E 09 0C 3F C8 (19)
                              [N4:Y] TPOS 'E' 255 244 14 9 (-782839)
