2026-03-31 14:21:23:350 [OUT] 25 A5 01 0A 31 05 D6 3D FF 00 00 53 ED (13)
                              [N10:HMI] HMILED '=' 255 0 0 (16711680)
2026-03-31 14:21:23:374 [OUT] 25 A5 01 04 31 07 E7 3D 65 00 00 00 B4 7A 90 (15)
                              [N4:Y] LONG32VALUE '=' 'e' 0 0 0 180 (180)
2026-03-31 14:21:23:396 [OUT] 25 A5 01 03 31 07 E7 3D 65 00 00 00 77 3C 49 (15)
                              [N3:X] LONG32VALUE '=' 'e' 0 0 0 119 (119)
2026-03-31 14:21:23:540 [IN ] C8 24 0A 0D 25 A5 0A 01 31 05 D6 3A FF 00 00 50 EA 96 (18)
                              [N10:HMI] HMILED ':' 255 0 0 (16711680)
2026-03-31 14:21:23:562 [IN ] C8 24 0B 0A 25 A5 0B 01 31 02 DE 00 1D CD 00 (15)
                              [N11:NG] NGSWSTATE 0 (0)
2026-03-31 14:21:23:707 [IN ] C8 24 04 0F 25 A5 04 01 31 07 E7 3A 65 00 00 00 B4 77 81 02 (20)
                              [N4:Y] LONG32VALUE ':' 'e' 0 0 0 180 (180)
2026-03-31 14:21:23:728 [OUT] 25 A5 01 04 31 05 81 FF F5 A7 C7 1E 13 (13)
                              [N4:Y] TPOS 255 245 167 199 (-677945)
2026-03-31 14:21:23:852 [IN ] C8 24 03 0F 25 A5 03 01 31 07 E7 3A 65 00 00 00 77 39 39 02 (20)
                              [N3:X] LONG32VALUE ':' 'e' 0 0 0 119 (119)
2026-03-31 14:21:23:873 [OUT] 25 A5 01 03 31 05 81 FF F7 11 57 19 75 (13)
                              [N3:X] TPOS 255 247 17 87 (-585385)
2026-03-31 14:21:23:976 [IN ] C8 24 04 0E 25 A5 04 01 31 06 81 53 FF F4 9A FB 98 8F 39 (19)
                              [N4:Y] TPOS 'S' 255 244 154 251 (-746757)
2026-03-31 14:21:23:997 [OUT] 25 A5 01 04 31 01 DB 12 85 (9)
                              [N4:Y] STARTMOVE
2026-03-31 14:21:24:101 [IN ] C8 24 03 0E 25 A5 03 01 31 06 81 53 FF F6 5F 01 64 1B 39 (19)
                              [N3:X] TPOS 'S' 255 246 95 1 (-631039)
2026-03-31 14:21:24:123 [OUT] 25 A5 01 03 31 01 DB 11 81 (9)
                              [N3:X] STARTMOVE
2026-03-31 14:21:24:189 [IN ] C8 24 04 0A 25 A5 04 01 31 02 DB 01 14 9E 5F (15)
                              [N4:Y] STARTMOVE ''
2026-03-31 14:21:24:292 [IN ] C8 24 03 0A 25 A5 03 01 31 02 DB 01 13 98 5F (15)
                              [N3:X] STARTMOVE ''
2026-03-31 14:21:24:694 [IN ] C8 24 0B 0A 25 A5 0B 01 31 02 DE 00 1D CD 5F C8 24 03 0E 25 A5 03 01 31 06 81 45 FF F7 12 96 9F D3 39 C8 24 04 0E 25 A5 04 01 31 06 81 45 FF F5 A9 96 35 05 39 (53)
                              [N11:NG] NGSWSTATE 0 (0)
                              [N3:X] TPOS 'E' 255 247 18 150 (-585066)
                              [N4:Y] TPOS 'E' 255 245 169 150 (-677482)
2026-03-31 14:21:25:117 [OUT] 25 A5 01 04 31 07 E7 3D 65 00 00 00 B4 7A 90 (15)
                              [N4:Y] LONG32VALUE '=' 'e' 0 0 0 180 (180)
2026-03-31 14:21:25:139 [OUT] 25 A5 01 03 31 07 E7 3D 65 00 00 00 8C 51 5E (15)
                              [N3:X] LONG32VALUE '=' 'e' 0 0 0 140 (140)
2026-03-31 14:21:25:343 [IN ] C8 24 04 0F 25 A5 04 01 31 07 E7 3A 65 00 00 00 B4 77 81 02 (20)
                              [N4:Y] LONG32VALUE ':' 'e' 0 0 0 180 (180)
2026-03-31 14:21:25:364 [OUT] 25 A5 01 04 31 05 81 FF F9 94 DF 27 11 (13)
                              [N4:Y] TPOS 255 249 148 223 (-420641)
2026-03-31 14:21:25:488 [IN ] C8 24 03 0F 25 A5 03 01 31 07 E7 3A 65 00 00 00 8C 4E 4E 02 (20)
                              [N3:X] LONG32VALUE ':' 'e' 0 0 0 140 (140)
2026-03-31 14:21:25:509 [OUT] 25 A5 01 03 31 05 81 FF F4 01 63 12 58 (13)
                              [N3:X] TPOS 255 244 1 99 (-786077)
2026-03-31 14:21:25:592 [IN ] C8 24 0B 0A 25 A5 0B 01 31 02 DE 00 1D CD 00 (15)
                              [N11:NG] NGSWSTATE 0 (0)
2026-03-31 14:21:25:614 [IN ] C8 24 04 0E 25 A5 04 01 31 06 81 53 FF F5 A9 96 43 4B 4E (19)
                              [N4:Y] TPOS 'S' 255 245 169 150 (-677482)
2026-03-31 14:21:25:635 [OUT] 25 A5 01 04 31 01 DB 12 85 (9)
                              [N4:Y] STARTMOVE
2026-03-31 14:21:25:718 [IN ] C8 24 03 0E 25 A5 03 01 31 06 81 53 FF F7 12 96 AD 19 4E (19)
                              [N3:X] TPOS 'S' 255 247 18 150 (-585066)
2026-03-31 14:21:25:741 [OUT] 25 A5 01 03 31 01 DB 11 81 (9)
                              [N3:X] STARTMOVE
2026-03-31 14:21:25:823 [IN ] C8 24 04 0A 25 A5 04 01 31 02 DB 01 14 9E 12 (15)
                              [N4:Y] STARTMOVE ''
2026-03-31 14:21:25:926 [IN ] C8 24 03 0A 25 A5 03 01 31 02 DB 01 13 98 12 (15)
                              [N3:X] STARTMOVE ''
2026-03-31 14:21:26:728 [IN ] C8 24 0B 0A 25 A5 0B 01 31 02 DE 00 1D CD 12 (15)
                              [N11:NG] NGSWSTATE 0 (0)
2026-03-31 14:21:27:131 [IN ] C8 24 03 0E 25 A5 03 01 31 06 81 45 FF F3 FE 1E 0F 27 4E (19)
                              [N3:X] TPOS 'E' 255 243 254 30 (-786914)
2026-03-31 14:21:27:332 [IN ] C8 24 04 0E 25 A5 04 01 31 06 81 45 FF F9 96 E9 79 3E 4E (19)
                              [N4:Y] TPOS 'E' 255 249 150 233 (-420119)
2026-03-31 14:21:27:742 [IN ] C8 24 0B 0A 25 A5 0B 01 31 02 DE 00 1D CD 96 (15)
                              [N11:NG] NGSWSTATE 0 (0)
2026-03-31 14:21:27:763 [OUT] 25 A5 01 04 31 03 84 00 50 0D FC (11)
                              [N4:Y] VEL 0 80 (80)
2026-03-31 14:21:27:783 [OUT] 25 A5 01 03 31 03 84 00 50 0C F6 (11)
                              [N3:X] VEL 0 80 (80)
2026-03-31 14:21:27:805 [OUT] 25 A5 01 09 31 05 81 FF E7 6C 6A 7D 3E (13)
                              [N9:P] TPOS 255 231 108 106 (-1610646)
2026-03-31 14:21:27:827 [OUT] 25 A5 01 05 31 05 81 00 0C BE AC 33 77 (13)
                              [N5:V] TPOS 0 12 190 172 (835244)
2026-03-31 14:21:27:847 [OUT] 25 A5 01 06 31 05 81 00 0E 3E 76 80 4F (13)
                              [N6:H] TPOS 0 14 62 118 (933494)
2026-03-31 14:21:27:868 [OUT] 25 A5 01 07 31 05 81 FF FE 7C 47 7F 70 (13)
                              [N7:N] TPOS 255 254 124 71 (-99257)
2026-03-31 14:21:27:890 [OUT] 25 A5 01 08 31 05 81 FF EE D2 6F EE 1C (13)
                              [N8:R] TPOS 255 238 210 111 (-1125777)
2026-03-31 14:21:27:932 [IN ] C8 24 04 0C 25 A5 04 01 31 04 84 53 00 50 61 BA 79 (17)
                              [N4:Y] VEL 'S' 0 80 (80)
2026-03-31 14:21:27:954 [OUT] 25 A5 01 04 31 05 81 FF F8 A4 A2 F9 F1 (13)
                              [N4:Y] TPOS 255 248 164 162 (-482142)
2026-03-31 14:21:28:036 [IN ] C8 24 03 0C 25 A5 03 01 31 04 84 53 00 50 60 B2 79 (17)
                              [N3:X] VEL 'S' 0 80 (80)
2026-03-31 14:21:28:058 [OUT] 25 A5 01 03 31 05 81 FF F3 32 7C 5B D0 (13)
                              [N3:X] TPOS 255 243 50 124 (-839044)
2026-03-31 14:21:28:181 [IN ] C8 24 09 0E 25 A5 09 01 31 06 81 53 FF E8 7D 77 F0 DF 4E (19)
                              [N9:P] TPOS 'S' 255 232 125 119 (-1540745)
2026-03-31 14:21:28:305 [IN ] C8 24 05 0E 25 A5 05 01 31 06 81 53 00 0B 77 64 F7 05 4E (19)
                              [N5:V] TPOS 'S' 0 11 119 100 (751460)
2026-03-31 14:21:28:428 [IN ] C8 24 06 0E 25 A5 06 01 31 06 81 53 00 0F 3D 23 81 66 4E (19)
                              [N6:H] TPOS 'S' 0 15 61 35 (998691)
2026-03-31 14:21:28:551 [IN ] C8 24 07 0E 25 A5 07 01 31 06 81 53 FF F4 F3 B8 B1 1C 4E (19)
                              [N7:N] TPOS 'S' 255 244 243 184 (-724040)
2026-03-31 14:21:28:593 [IN ] C8 24 0B 0A 25 A5 0B 01 31 02 DE 00 1D CD F3 C8 24 09 0E 25 A5 09 (22)
                              [N11:NG] NGSWSTATE 0 (0)
2026-03-31 14:21:28:614 [IN ] 01 31 06 81 45 FF E7 68 6F C4 64 4E (12)
                              [N9:P] TPOS 'E' 255 231 104 111 (-1611665)
2026-03-31 14:21:28:676 [IN ] C8 24 08 0E 25 A5 08 01 31 06 81 53 FF EE 12 DD F0 77 4E (19)
                              [N8:R] TPOS 'S' 255 238 18 221 (-1174819)
2026-03-31 14:21:28:819 [IN ] C8 24 04 0E 25 A5 04 01 31 06 81 53 FF F9 96 E9 87 84 4E C8 24 05 0E 25 A5 05 01 31 06 81 45 00 0C C2 DC AD D0 C8 24 06 0E 25 A5 06 01 31 06 81 45 00 0E 39 2A 75 1C 3A (56)
                              [N4:Y] TPOS 'S' 255 249 150 233 (-420119)
                              [N5:V] TPOS 'E' 0 12 194 220 (836316)
                              [N6:H] TPOS 'E' 0 14 57 42 (932138)
2026-03-31 14:21:28:944 [IN ] C8 24 03 0E 25 A5 03 01 31 06 81 53 FF F3 FE 1E 1D 6D C8 (19)
                              [N3:X] TPOS 'S' 255 243 254 30 (-786914)
2026-03-31 14:21:29:145 [IN ] C8 24 08 0E 25 A5 08 01 31 06 81 45 FF EE D3 94 5A 6A C8 (19)
                              [N8:R] TPOS 'E' 255 238 211 148 (-1125484)
2026-03-31 14:21:29:346 [IN ] C8 24 04 0E 25 A5 04 01 31 06 81 45 FF F8 A1 E2 7C 4A C8 C8 24 03 0E 25 A5 03 01 31 06 81 45 FF F3 2F 3F 61 AA C8 (38)
                              [N4:Y] TPOS 'E' 255 248 161 226 (-482846)
                              [N3:X] TPOS 'E' 255 243 47 63 (-839873)
2026-03-31 14:21:29:748 [IN ] C8 24 0B 0A 25 A5 0B 01 31 02 DE 00 1D CD 2F (15)
                              [N11:NG] NGSWSTATE 0 (0)
2026-03-31 14:21:30:751 [IN ] C8 24 0B 0A 25 A5 0B 01 31 02 DE 00 1D CD 2F (15)
                              [N11:NG] NGSWSTATE 0 (0)
2026-03-31 14:21:31:554 [IN ] C8 24 07 0E 25 A5 07 01 31 06 81 45 FF FE 81 1A 9D 72 C8 (19)
                              [N7:N] TPOS 'E' 255 254 129 26 (-98022)
