2026-03-31 10:35:21:077 [OUT] 25 A5 01 0A 31 05 D6 3D FF 00 00 53 ED (13)
                              [N10:HMI] HMILED '=' 255 0 0 (16711680)
2026-03-31 10:35:21:102 [OUT] 25 A5 01 09 31 05 81 FF ED 55 9A 9C 52 (13)
                              [N9:P] TPOS 255 237 85 154 (-1223270)
2026-03-31 10:35:21:125 [OUT] 25 A5 01 05 31 05 81 00 10 53 12 32 13 (13)
                              [N5:V] TPOS 0 16 83 18 (1069842)
2026-03-31 10:35:21:147 [OUT] 25 A5 01 06 31 05 81 00 08 EC 88 3A AB (13)
                              [N6:H] TPOS 0 8 236 136 (584840)
2026-03-31 10:35:21:169 [OUT] 25 A5 01 07 31 05 81 FF DA 44 DB B7 28 (13)
                              [N7:N] TPOS 255 218 68 219 (-2472741)
2026-03-31 10:35:21:275 [IN ] C8 24 0A 0D 25 A5 0A 01 31 05 D6 3A FF 00 00 50 EA B7 (18)
                              [N10:HMI] HMILED ':' 255 0 0 (16711680)
2026-03-31 10:35:21:380 [IN ] C8 24 09 0E 25 A5 09 01 31 06 81 53 FF ED (14)
2026-03-31 10:35:21:401 [IN ] 64 0C 71 51 0A (5)
                              [N9:P] TPOS 'S' 255 237 100 12 (-1219572)
2026-03-31 10:35:21:506 [IN ] C8 24 09 0E 25 A5 09 01 31 06 81 45 FF ED 53 02 48 DF 0A (19)
                              [N9:P] TPOS 'E' 255 237 83 2 (-1223934)
2026-03-31 10:35:21:527 [IN ] C8 24 05 0E 25 A5 05 01 31 06 81 53 00 10 A4 0A CF 14 0A (19)
                              [N5:V] TPOS 'S' 0 16 164 10 (1090570)
2026-03-31 10:35:21:653 [IN ] C8 24 06 0E 25 A5 06 01 31 06 81 53 00 0B 0D 2B 55 02 0A (19)
                              [N6:H] TPOS 'S' 0 11 13 43 (724267)
2026-03-31 10:35:21:738 [IN ] C8 24 05 0E 25 A5 05 01 31 06 81 45 00 10 51 76 DA 94 0A (19)
                              [N5:V] TPOS 'E' 0 16 81 118 (1069430)
2026-03-31 10:35:21:782 [IN ] C8 24 07 0E 25 A5 07 01 31 06 81 53 FF D9 58 30 73 0D 0A (19)
                              [N7:N] TPOS 'S' 255 217 88 48 (-2533328)
2026-03-31 10:35:22:184 [IN ] C8 24 07 0E 25 A5 07 01 31 06 81 45 FF DA 49 74 9B F0 0A (19)
                              [N7:N] TPOS 'E' 255 218 73 116 (-2471564)
2026-03-31 10:35:22:386 [IN ] C8 24 06 0E 25 A5 06 01 31 06 81 45 00 08 E7 8B 7E C7 0A (19)
                              [N6:H] TPOS 'E' 0 8 231 139 (583563)
