2026-03-31 10:06:10:959 [OUT] 25 A5 01 0A 31 05 D6 3D FF 00 00 53 ED (13)
                              [N10:HMI] HMILED '=' 255 0 0 (16711680)
2026-03-31 10:06:10:989 [OUT] 25 A5 01 09 31 05 81 FF ED 42 17 06 A9 (13)
                              [N9:P] TPOS 255 237 66 23 (-1228265)
2026-03-31 10:06:11:011 [OUT] 25 A5 01 05 31 05 81 00 15 05 2B 02 9F (13)
                              [N5:V] TPOS 0 21 5 43 (1377579)
2026-03-31 10:06:11:033 [OUT] 25 A5 01 06 31 05 81 00 0A 72 7A B4 AF (13)
                              [N6:H] TPOS 0 10 114 122 (684666)
2026-03-31 10:06:11:057 [OUT] 25 A5 01 07 31 05 81 FF DD 66 5A 5B F4 (13)
                              [N7:N] TPOS 255 221 102 90 (-2267558)
2026-03-31 10:06:11:143 [IN ] C8 24 0A 0D 25 A5 0A 01 31 05 D6 3A FF 00 00 50 (16)
2026-03-31 10:06:11:164 [IN ] EA 6F (2)
                              [N10:HMI] HMILED ':' 255 0 0 (16711680)
2026-03-31 10:06:11:290 [IN ] C8 24 09 0E 25 A5 09 01 31 06 81 53 FF ED 45 EA 30 F1 0A (19)
                              [N9:P] TPOS 'S' 255 237 69 234 (-1227286)
2026-03-31 10:06:11:374 [IN ] C8 24 09 0E 25 A5 09 01 31 06 81 45 FF ED 41 B5 E9 6E 0A (19)
                              [N9:P] TPOS 'E' 255 237 65 181 (-1228363)
2026-03-31 10:06:11:396 [IN ] C8 24 05 0E 25 A5 05 01 31 06 81 53 00 15 19 B2 F1 B5 0A (19)
                              [N5:V] TPOS 'S' 0 21 25 178 (1382834)
2026-03-31 10:06:11:544 [IN ] C8 24 05 0E 25 A5 05 01 31 06 81 45 00 15 04 47 63 DA 0A C8 24 06 0E 25 A5 06 01 31 06 81 53 00 09 D1 CB B7 24 0A (38)
                              [N5:V] TPOS 'E' 0 21 4 71 (1377351)
                              [N6:H] TPOS 'S' 0 9 209 203 (643531)
2026-03-31 10:06:11:670 [IN ] C8 24 07 0E 25 A5 07 01 31 06 81 53 FF DD A3 34 C6 B3 0A (19)
                              [N7:N] TPOS 'S' 255 221 163 52 (-2251980)
2026-03-31 10:06:11:871 [IN ] C8 24 06 0E 25 A5 06 01 31 06 81 45 00 0A 77 E8 6D 4A 0A C8 24 07 0E 25 A5 07 01 31 06 81 45 FF DD 61 E4 26 99 0A (38)
                              [N6:H] TPOS 'E' 0 10 119 232 (686056)
                              [N7:N] TPOS 'E' 255 221 97 228 (-2268700)
