2026-03-31 16:26:57:887 [OUT] 25 A5 01 0A 31 05 D6 3D FF 00 00 53 ED (13)
                              [N10:HMI] HMILED '=' 255 0 0 (16711680)
2026-03-31 16:26:57:909 [OUT] 25 A5 01 09 31 05 81 FF EA 6A B8 CC 91 (13)
                              [N9:P] TPOS 255 234 106 184 (-1414472)
2026-03-31 16:26:57:931 [OUT] 25 A5 01 08 31 05 81 FF F3 55 8F 96 51 (13)
                              [N8:R] TPOS 255 243 85 143 (-830065)
2026-03-31 16:26:58:074 [IN ] C8 24 0A 0D 25 A5 0A 01 31 05 D6 3A FF 00 00 50 EA 79 (18)
                              [N10:HMI] HMILED ':' 255 0 0 (16711680)
2026-03-31 16:26:58:200 [IN ] C8 24 09 0E 25 A5 09 01 31 06 81 53 FF EE 58 11 6B 41 49 (19)
                              [N9:P] TPOS 'S' 255 238 88 17 (-1157103)
2026-03-31 16:26:58:223 [IN ] C8 24 0B 0A 25 A5 0B 01 31 02 DE 03 20 D0 58 (15)
                              [N11:NG] NGSWSTATE 3 (3)
2026-03-31 16:26:58:327 [IN ] C8 24 08 0E 25 A5 08 01 31 06 81 53 FF EE 12 C2 D5 5C 49 (19)
                              [N8:R] TPOS 'S' 255 238 18 194 (-1174846)
2026-03-31 16:26:59:330 [IN ] C8 24 0B 0A 25 A5 0B 01 31 02 DE 03 20 D0 12 (15)
                              [N11:NG] NGSWSTATE 3 (3)
2026-03-31 16:26:59:530 [IN ] C8 24 09 0E 25 A5 09 01 31 06 81 45 FF EA 66 B5 0B AF 49 (19)
                              [N9:P] TPOS 'E' 255 234 102 181 (-1415499)
2026-03-31 16:27:00:332 [IN ] C8 24 0B 0A 25 A5 0B 01 31 02 DE 03 20 D0 66 (15)
                              [N11:NG] NGSWSTATE 3 (3)
2026-03-31 16:27:00:534 [IN ] C8 24 08 0E 25 A5 08 01 31 06 81 45 FF F3 57 3F 8E 2C 49 (19)
                              [N8:R] TPOS 'E' 255 243 87 63 (-829633)
