2026-03-31 13:21:00:314 [OUT] 25 A5 01 0A 31 05 D6 3D FF 00 00 53 ED (13)
                              [N10:HMI] HMILED '=' 255 0 0 (16711680)
2026-03-31 13:21:00:338 [OUT] 25 A5 01 09 31 05 81 FF ED 02 F0 9F 02 (13)
                              [N9:P] TPOS 255 237 2 240 (-1244432)
2026-03-31 13:21:00:360 [OUT] 25 A5 01 05 31 05 81 00 0A D6 44 E1 39 (13)
                              [N5:V] TPOS 0 10 214 68 (710212)
2026-03-31 13:21:00:385 [OUT] 25 A5 01 06 31 05 81 00 11 53 24 46 30 (13)
                              [N6:H] TPOS 0 17 83 36 (1135396)
2026-03-31 13:21:00:509 [IN ] C8 24 0A 0D 25 A5 0A 01 31 05 D6 3A FF 00 00 50 EA 85 (18)
                              [N10:HMI] HMILED ':' 255 0 0 (16711680)
2026-03-31 13:21:00:633 [IN ] C8 24 09 0E 25 A5 09 01 31 06 81 53 FF ED 06 FD 04 86 31 (19)
                              [N9:P] TPOS 'S' 255 237 6 253 (-1243395)
2026-03-31 13:21:00:716 [IN ] C8 24 09 0E 25 A5 09 01 31 06 81 45 FF ED 02 77 6C B2 31 (19)
                              [N9:P] TPOS 'E' 255 237 2 119 (-1244553)
2026-03-31 13:21:00:758 [IN ] C8 24 05 0E 25 A5 05 01 31 06 81 53 00 0A 19 0E 42 F0 31 (19)
                              [N5:V] TPOS 'S' 0 10 25 14 (661774)
2026-03-31 13:21:00:882 [IN ] C8 24 06 0E 25 A5 06 01 31 06 81 53 00 10 EA 00 0C A0 31 (19)
                              [N6:H] TPOS 'S' 0 16 234 0 (1108480)
2026-03-31 13:21:01:085 [IN ] C8 24 05 0E 25 A5 05 01 31 06 81 45 00 0A DA 21 08 3F 31 (19)
                              [N5:V] TPOS 'E' 0 10 218 33 (711201)
2026-03-31 13:21:01:286 [IN ] C8 24 06 0E 25 A5 06 01 31 06 81 45 00 11 57 F4 60 2B 31 (19)
                              [N6:H] TPOS 'E' 0 17 87 244 (1136628)
