2025-07-08 18:41:06:737 [OUT] 25 A5 01 0A 31 05 D6 3D FF 00 00 53 ED (13)
                              [N10:HMI] HMILED '=' 255 0 0 (16711680)
2025-07-08 18:41:06:760 [OUT] 25 A5 01 03 31 02 D8 3F 4E CE (10)
                              [N3:X] INTERRUPT '?'
2025-07-08 18:41:07:061 [IN ] C8 24 0A 0D 25 A5 0A 01 31 05 D6 3A FF 00 00 50 EA 5B C8 24 03 0C 25 A5 03 01 31 04 D8 3A 01 01 4D 6A EA (35)
                              [N10:HMI] HMILED ':' 255 0 0 (16711680)
                              [N3:X] INTERRUPT ':' 1 1 (257)
2025-07-08 18:41:07:082 [OUT] 25 A5 01 09 31 03 C9 3D 09 4D 1C (11)
                              [N9:P] LFLAG '=' 9 (9)
2025-07-08 18:41:07:106 [OUT] 25 A5 01 04 31 02 D8 3F 4F D3 (10)
                              [N4:Y] INTERRUPT '?'
2025-07-08 18:41:07:407 [IN ] C8 24 09 0B 25 A5 09 01 31 03 C9 3A 09 4A 1E 6A C8 24 04 0C 25 A5 04 01 31 04 D8 3A 01 01 4E 72 EA (33)
                              [N9:P] LFLAG ':' 9 (9)
                              [N4:Y] INTERRUPT ':' 1 1 (257)
2025-07-08 18:41:07:429 [OUT] 25 A5 01 09 31 03 CA 3D 09 4E 1F (11)
                              [N9:P] RFLAG '=' 9 (9)
2025-07-08 18:41:07:458 [OUT] 25 A5 01 0C 31 02 D8 3F 57 FB (10)
                              [N12:Z] INTERRUPT '?'
2025-07-08 18:41:07:760 [IN ] C8 24 09 0B 25 A5 09 01 31 03 CA 3A 09 4B 21 72 C8 24 0C 0C 25 A5 0C 01 31 04 D8 3A 01 01 56 B2 EA (33)
                              [N9:P] RFLAG ':' 9 (9)
                              [N12:Z] INTERRUPT ':' 1 1 (257)
2025-07-08 18:41:07:781 [OUT] 25 A5 01 08 31 03 C9 3D 09 4C 16 (11)
                              [N8:R] LFLAG '=' 9 (9)
2025-07-08 18:41:07:803 [OUT] 25 A5 01 03 31 03 C9 3D 0B 49 FA (11)
                              [N3:X] LFLAG '=' 11 (11)
2025-07-08 18:41:07:825 [OUT] 25 A5 01 04 31 03 C9 3D 0B 4A 00 (11)
                              [N4:Y] LFLAG '=' 11 (11)
2025-07-08 18:41:07:846 [OUT] 25 A5 01 0C 31 03 C9 3D 0B 52 30 (11)
                              [N12:Z] LFLAG '=' 11 (11)
2025-07-08 18:41:07:950 [IN ] C8 24 08 0B 25 A5 08 01 31 03 C9 3A 09 49 17 B2 (16)
                              [N8:R] LFLAG ':' 9 (9)
2025-07-08 18:41:07:971 [OUT] 25 A5 01 08 31 03 CA 3D 09 4D 19 (11)
                              [N8:R] RFLAG '=' 9 (9)
2025-07-08 18:41:08:075 [IN ] C8 24 03 0B 25 A5 03 01 31 03 C9 3A 0B 46 F6 B2 (16)
                              [N3:X] LFLAG ':' 11 (11)
2025-07-08 18:41:08:097 [OUT] 25 A5 01 03 31 03 88 00 50 10 02 (11)
                              [N3:X] RUN 0 80 (80)
2025-07-08 18:41:08:161 [IN ] C8 24 04 0B 25 A5 04 01 31 03 C9 3A 0B 47 FD B2 (16)
                              [N4:Y] LFLAG ':' 11 (11)
2025-07-08 18:41:08:182 [OUT] 25 A5 01 04 31 03 88 00 50 11 08 (11)
                              [N4:Y] RUN 0 80 (80)
2025-07-08 18:41:08:286 [IN ] C8 24 0C 0B 25 A5 0C 01 31 03 C9 3A 0B 4F 35 B2 (16)
                              [N12:Z] LFLAG ':' 11 (11)
2025-07-08 18:41:08:307 [OUT] 25 A5 01 0C 31 03 88 00 50 19 38 (11)
                              [N12:Z] RUN 0 80 (80)
2025-07-08 18:41:08:390 [IN ] C8 24 08 0B 25 A5 08 01 31 03 CA 3A 09 4A 1A B2 (16)
                              [N8:R] RFLAG ':' 9 (9)
2025-07-08 18:41:08:494 [IN ] C8 24 03 0C 25 A5 03 01 31 (9)
2025-07-08 18:41:08:516 [IN ] 04 88 53 00 50 64 C2 EA (8)
                              [N3:X] RUN 'S' 0 80 (80)
2025-07-08 18:41:08:620 [IN ] C8 24 04 0C 25 A5 04 01 31 04 88 53 00 50 65 CA EA (17)
                              [N4:Y] RUN 'S' 0 80 (80)
2025-07-08 18:41:08:723 [IN ] C8 24 0C 0C 25 A5 0C 01 31 04 88 53 00 50 6D 0A EA (17)
                              [N12:Z] RUN 'S' 0 80 (80)
2025-07-08 18:41:15:341 [IN ] C8 24 04 0B 25 A5 04 01 31 03 81 5A 4C 60 A6 0A C8 24 04 0A 25 A5 04 01 31 02 81 49 02 32 A6 (31)
                              [N4:Y] TPOS 'Z' 76 (76)
                              [N4:Y] TPOS 'I'
2025-07-08 18:41:15:563 [OUT] 25 A5 01 09 31 02 D8 3F 54 EC (10)
                              [N9:P] INTERRUPT '?'
2025-07-08 18:41:15:865 [IN ] C8 24 09 0C 25 A5 09 01 31 04 D8 3A 01 01 53 9A EA (17)
                              [N9:P] INTERRUPT ':' 1 1 (257)
2025-07-08 18:41:15:886 [OUT] 25 A5 01 04 31 03 C9 3D 09 48 FE (11)
                              [N4:Y] LFLAG '=' 9 (9)
2025-07-08 18:41:15:908 [OUT] 25 A5 01 07 31 02 D8 3F 52 E2 (10)
                              [N7:N] INTERRUPT '?'
2025-07-08 18:41:16:209 [IN ] C8 24 04 0B 25 A5 04 01 31 03 C9 3A 09 45 FB 9A C8 24 07 0C 25 A5 07 01 31 04 D8 3A 01 01 51 8A EA (33)
                              [N4:Y] LFLAG ':' 9 (9)
                              [N7:N] INTERRUPT ':' 1 1 (257)
2025-07-08 18:41:16:230 [OUT] 25 A5 01 09 31 03 C9 3D 0B 4F 1E (11)
                              [N9:P] LFLAG '=' 11 (11)
2025-07-08 18:41:16:252 [OUT] 25 A5 01 07 31 03 C9 3D 0B 4D 12 (11)
                              [N7:N] LFLAG '=' 11 (11)
2025-07-08 18:41:16:398 [IN ] C8 24 09 0B 25 A5 09 01 31 03 C9 3A 0B 4C 20 8A (16)
                              [N9:P] LFLAG ':' 11 (11)
2025-07-08 18:41:16:420 [OUT] 25 A5 01 09 31 03 88 00 50 16 26 (11)
                              [N9:P] RUN 0 80 (80)
2025-07-08 18:41:16:503 [IN ] C8 24 07 0B 25 A5 07 01 31 03 C9 3A 0B 4A 12 8A (16)
                              [N7:N] LFLAG ':' 11 (11)
2025-07-08 18:41:16:525 [OUT] 25 A5 01 07 31 03 88 00 50 14 1A (11)
                              [N7:N] RUN 0 80 (80)
2025-07-08 18:41:16:609 [IN ] C8 24 09 0C 25 A5 09 01 31 04 88 53 00 50 6A F2 EA (17)
                              [N9:P] RUN 'S' 0 80 (80)
2025-07-08 18:41:16:672 [IN ] C8 24 09 0B 25 A5 09 01 31 03 81 5A 4C 65 C9 F2 (16)
                              [N9:P] TPOS 'Z' 76 (76)
2025-07-08 18:41:16:715 [IN ] C8 24 09 0A 25 A5 09 01 31 02 81 49 07 50 C9 (15)
                              [N9:P] TPOS 'I'
2025-07-08 18:41:16:738 [IN ] C8 24 07 0C 25 A5 07 01 31 04 88 53 00 50 68 E2 EA (17)
                              [N7:N] RUN 'S' 0 80 (80)
2025-07-08 18:41:16:759 [OUT] 25 A5 01 09 31 03 C9 3D 09 4D 1C (11)
                              [N9:P] LFLAG '=' 9 (9)
2025-07-08 18:41:16:781 [OUT] 25 A5 01 04 31 05 81 FF EE 88 01 32 FA (13)
                              [N4:Y] TPOS 255 238 136 1 (-1144831)
2025-07-08 18:41:16:927 [IN ] C8 24 09 0B 25 A5 09 01 31 03 C9 3A 09 4A 1E E2 (16)
                              [N9:P] LFLAG ':' 9 (9)
2025-07-08 18:41:17:051 [IN ] C8 24 04 0E 25 A5 04 01 31 06 81 53 00 00 00 00 10 88 0A (19)
                              [N4:Y] TPOS 'S' 0 0 0 0 (0)
2025-07-08 18:41:17:654 [IN ] C8 24 03 0B 25 A5 03 01 31 03 81 5A 4C 5F 9F 00 C8 24 03 0A 25 A5 03 01 31 02 81 49 01 2C 9F (31)
                              [N3:X] TPOS 'Z' 76 (76)
                              [N3:X] TPOS 'I'
2025-07-08 18:41:17:878 [OUT] 25 A5 01 03 31 03 C9 3D 09 47 F8 (11)
                              [N3:X] LFLAG '=' 9 (9)
2025-07-08 18:41:18:045 [IN ] C8 24 03 0B 25 A5 03 01 31 03 C9 3A 09 44 F4 00 (16)
                              [N3:X] LFLAG ':' 9 (9)
2025-07-08 18:41:21:058 [IN ] C8 24 07 0B 25 A5 07 01 31 03 81 5A 4C 63 BB 00 C8 24 07 0A 25 A5 07 01 31 02 81 49 05 44 BB (31)
                              [N7:N] TPOS 'Z' 76 (76)
                              [N7:N] TPOS 'I'
2025-07-08 18:41:21:279 [OUT] 25 A5 01 07 31 03 C9 3D 09 4B 10 (11)
                              [N7:N] LFLAG '=' 9 (9)
2025-07-08 18:41:21:464 [IN ] C8 24 07 0B 25 A5 07 01 31 03 C9 3A 09 48 10 00 (16)
                              [N7:N] LFLAG ':' 9 (9)
2025-07-08 18:41:23:270 [IN ] C8 24 04 0E 25 A5 04 01 31 06 81 45 FF EE 85 76 EA 88 0A C8 24 0C 0B 25 A5 0C 01 31 03 81 5A 4C 68 DE 76 C8 24 0C 0A 25 A5 0C 01 31 02 81 49 0A 62 DE (50)
                              [N4:Y] TPOS 'E' 255 238 133 118 (-1145482)
                              [N12:Z] TPOS 'Z' 76 (76)
                              [N12:Z] TPOS 'I'
2025-07-08 18:41:23:495 [OUT] 25 A5 01 0C 31 03 C9 3D 09 50 2E (11)
                              [N12:Z] LFLAG '=' 9 (9)
2025-07-08 18:41:23:518 [OUT] 25 A5 01 09 31 05 81 FF E7 5D 56 5A 0C (13)
                              [N9:P] TPOS 255 231 93 86 (-1614506)
2025-07-08 18:41:23:542 [OUT] 25 A5 01 04 31 05 81 FF FD 50 01 09 B7 (13)
                              [N4:Y] TPOS 255 253 80 1 (-176127)
2025-07-08 18:41:23:564 [OUT] 25 A5 01 07 31 05 81 FF AB 19 75 F7 DF (13)
                              [N7:N] TPOS 255 171 25 117 (-5564043)
2025-07-08 18:41:23:589 [OUT] 25 A5 01 03 31 05 81 FF EC 4A AB 9B 1A (13)
                              [N3:X] TPOS 255 236 74 171 (-1291605)
2025-07-08 18:41:23:611 [OUT] 25 A5 01 06 31 02 D8 3F 51 DD (10)
                              [N6:H] INTERRUPT '?'
2025-07-08 18:41:23:912 [IN ] C8 24 0C 0B 25 A5 0C 01 31 03 C9 3A 09 4D 33 76 C8 24 09 0E 25 A5 09 01 31 06 81 53 FF FF FF F6 08 A7 0A C8 24 04 0E 25 A5 04 01 31 06 81 53 FF EE 85 76 F8 CE 0A (54)
                              [N12:Z] LFLAG ':' 9 (9)
                              [N9:P] TPOS 'S' 255 255 255 246 (-10)
                              [N4:Y] TPOS 'S' 255 238 133 118 (-1145482)
2025-07-08 18:41:24:213 [IN ] C8 24 07 0E 25 A5 07 01 31 06 81 53 FF FF FF EF FF 8C 0A C8 24 03 0E 25 A5 03 01 31 06 81 53 00 00 00 00 0F 7E 0A (38)
                              [N7:N] TPOS 'S' 255 255 255 239 (-17)
                              [N3:X] TPOS 'S' 0 0 0 0 (0)
2025-07-08 18:41:24:516 [IN ] C8 24 06 0C 25 A5 06 01 31 04 D8 3A 01 01 50 82 0F (17)
                              [N6:H] INTERRUPT ':' 1 1 (257)
2025-07-08 18:41:24:536 [OUT] 25 A5 01 0C 31 05 81 FF BC D0 00 4F 33 (13)
                              [N12:Z] TPOS 255 188 208 0 (-4403200)
2025-07-08 18:41:24:559 [OUT] 25 A5 01 06 31 03 C9 3D 0B 4C 0C (11)
                              [N6:H] LFLAG '=' 11 (11)
2025-07-08 18:41:24:723 [IN ] C8 24 0C 0E 25 A5 0C 01 31 06 81 53 FF FF FF BB D0 8A 0A (19)
                              [N12:Z] TPOS 'S' 255 255 255 187 (-69)
2025-07-08 18:41:24:826 [IN ] C8 24 06 0B 25 A5 06 01 31 03 C9 3A 0B 49 0B BB (16)
                              [N6:H] LFLAG ':' 11 (11)
2025-07-08 18:41:24:848 [OUT] 25 A5 01 06 31 03 88 FF B0 72 72 (11)
                              [N6:H] RUN 255 176 (-80)
2025-07-08 18:41:25:018 [IN ] C8 24 06 0C 25 A5 06 01 31 04 88 53 FF B0 C6 38 D0 (17)
                              [N6:H] RUN 'S' 255 176 (-80)
2025-07-08 18:41:30:032 [IN ] C8 24 06 0B 25 A5 06 01 31 03 81 5A 4C 62 B4 38 C8 24 06 0A 25 A5 06 01 31 02 81 49 04 3E B4 (31)
                              [N6:H] TPOS 'Z' 76 (76)
                              [N6:H] TPOS 'I'
2025-07-08 18:41:30:255 [OUT] 25 A5 01 06 31 03 C9 3D 09 4A 0A (11)
                              [N6:H] LFLAG '=' 9 (9)
2025-07-08 18:41:30:424 [IN ] C8 24 06 0B 25 A5 06 01 31 03 C9 3A 09 47 09 38 (16)
                              [N6:H] LFLAG ':' 9 (9)
2025-07-08 18:41:30:445 [OUT] 25 A5 01 06 31 03 84 00 50 0F 08 (11)
                              [N6:H] VEL 0 80 (80)
2025-07-08 18:41:30:610 [IN ] C8 24 06 0C 25 A5 06 01 31 04 84 53 00 50 63 CA D0 (17)
                              [N6:H] VEL 'S' 0 80 (80)
2025-07-08 18:41:30:631 [OUT] 25 A5 01 06 31 05 81 00 19 82 3C 95 BE (13)
                              [N6:H] TPOS 0 25 130 60 (1671740)
2025-07-08 18:41:30:816 [IN ] C8 24 06 0E 25 A5 06 01 31 06 81 53 00 00 00 (15)
2025-07-08 18:41:30:837 [IN ] 00 12 9C 0A (4)
                              [N6:H] TPOS 'S' 0 0 0 0 (0)
2025-07-08 18:41:31:239 [IN ] C8 24 03 0E 25 A5 03 01 31 06 81 45 FF EC 48 37 6B BF 0A (19)
                              [N3:X] TPOS 'E' 255 236 72 55 (-1292233)
2025-07-08 18:41:31:664 [OUT] 25 A5 01 03 31 05 81 FF FD 50 01 08 AF (13)
                              [N3:X] TPOS 255 253 80 1 (-176127)
2025-07-08 18:41:31:849 [IN ] C8 24 03 0E 25 A5 03 01 31 06 81 53 FF EC 48 37 79 05 0A (19)
                              [N3:X] TPOS 'S' 255 236 72 55 (-1292233)
2025-07-08 18:41:32:452 [IN ] C8 24 04 0E 25 A5 04 01 31 06 81 45 FF FD 4F B6 03 89 0A (19)
                              [N4:Y] TPOS 'E' 255 253 79 182 (-176202)
2025-07-08 18:41:32:655 [IN ] C8 24 09 0E 25 A5 09 01 31 06 81 45 FF E7 5A 81 C8 (17)
2025-07-08 18:41:32:856 [IN ] 5A 0A (2)
                              [N9:P] TPOS 'E' 255 231 90 129 (-1615231)
2025-07-08 18:41:33:281 [OUT] 25 A5 01 09 31 05 81 FF FF D9 C8 60 BE (13)
                              [N9:P] TPOS 255 255 217 200 (-9784)
2025-07-08 18:41:33:466 [IN ] C8 24 09 0E 25 A5 09 01 31 06 81 53 FF E7 5A 85 DA A4 0A (19)
                              [N9:P] TPOS 'S' 255 231 90 133 (-1615227)
2025-07-08 18:41:40:284 [IN ] C8 24 06 0E 25 A5 06 01 31 06 81 45 00 19 82 BC 5B 61 0A (19)
                              [N6:H] TPOS 'E' 0 25 130 188 (1671868)
2025-07-08 18:41:40:709 [OUT] 25 A5 01 06 31 05 81 00 0C C6 7D 0D 60 (13)
                              [N6:H] TPOS 0 12 198 125 (837245)
2025-07-08 18:41:40:916 [IN ] C8 24 06 0E 25 A5 06 01 31 06 81 53 00 19 82 BC 69 A7 0A (19)
                              [N6:H] TPOS 'S' 0 25 130 188 (1671868)
2025-07-08 18:41:41:117 [IN ] C8 24 03 0E 25 A5 03 01 31 06 81 45 FF FD 50 71 BE 3C 0A (19)
                              [N3:X] TPOS 'E' 255 253 80 113 (-176015)
2025-07-08 18:41:42:722 [IN ] C8 24 09 0E 25 A5 09 01 31 06 81 45 FF FF DB 40 20 63 0A (19)
                              [N9:P] TPOS 'E' 255 255 219 64 (-9408)
2025-07-08 18:41:42:945 [OUT] 25 A5 01 08 31 02 D8 3F 53 E7 (10)
                              [N8:R] INTERRUPT '?'
2025-07-08 18:41:43:247 [IN ] C8 24 08 0C 25 A5 08 01 31 04 D8 3A 01 01 52 92 20 (17)
                              [N8:R] INTERRUPT ':' 1 1 (257)
2025-07-08 18:41:43:268 [OUT] 25 A5 01 08 31 03 CA 3D 0B 4F 1B (11)
                              [N8:R] RFLAG '=' 11 (11)
2025-07-08 18:41:43:434 [IN ] C8 24 08 0B 25 A5 08 01 31 03 CA 3A 0B 4C 1C 92 (16)
                              [N8:R] RFLAG ':' 11 (11)
2025-07-08 18:41:43:456 [OUT] 25 A5 01 08 31 03 88 00 50 15 20 (11)
                              [N8:R] RUN 0 80 (80)
2025-07-08 18:41:43:622 [IN ] C8 24 08 0C 25 A5 08 01 31 04 88 53 00 50 69 EA 20 (17)
                              [N8:R] RUN 'S' 0 80 (80)
2025-07-08 18:41:45:228 [IN ] C8 24 06 0E 25 A5 06 01 31 06 81 45 00 0C C2 5D 2F 5B 0A (19)
                              [N6:H] TPOS 'E' 0 12 194 93 (836189)
2025-07-08 18:41:45:451 [OUT] 25 A5 01 05 31 02 D8 3F 50 D8 (10)
                              [N5:V] INTERRUPT '?'
2025-07-08 18:41:45:753 [IN ] C8 24 05 0C 25 A5 05 01 31 04 D8 3A 01 01 4F 7A 2F (17)
                              [N5:V] INTERRUPT ':' 1 1 (257)
2025-07-08 18:41:45:773 [OUT] 25 A5 01 05 31 03 C9 3D 0B 4B 06 (11)
                              [N5:V] LFLAG '=' 11 (11)
2025-07-08 18:41:45:937 [IN ] C8 24 05 0B 25 A5 05 01 31 03 C9 3A 0B 48 04 7A (16)
                              [N5:V] LFLAG ':' 11 (11)
2025-07-08 18:41:45:958 [OUT] 25 A5 01 05 31 03 88 FF B0 71 6C (11)
                              [N5:V] RUN 255 176 (-80)
2025-07-08 18:41:46:122 [IN ] C8 24 05 0C 25 A5 05 01 31 04 88 53 FF B0 C5 30 2F (17)
                              [N5:V] RUN 'S' 255 176 (-80)
2025-07-08 18:41:46:924 [IN ] C8 24 0C 0E 25 A5 0C 01 31 06 81 45 FF BC CC 0B 9C 65 0A (19)
                              [N12:Z] TPOS 'E' 255 188 204 11 (-4404213)
2025-07-08 18:41:47:348 [OUT] 25 A5 01 0C 31 05 81 FF D3 40 CD A3 25 (13)
                              [N12:Z] TPOS 255 211 64 205 (-2932531)
2025-07-08 18:41:47:535 [IN ] C8 24 0C 0E 25 A5 0C 01 31 06 81 53 FF BC CC 0B AA AB 0A (19)
                              [N12:Z] TPOS 'S' 255 188 204 11 (-4404213)
2025-07-08 18:41:49:345 [IN ] C8 24 07 0E 25 A5 07 01 31 06 81 45 FF AB 15 2E F2 B5 0A (19)
                              [N7:N] TPOS 'E' 255 171 21 46 (-5565138)
2025-07-08 18:41:49:771 [OUT] 25 A5 01 07 31 05 81 FF F1 FD 05 B1 09 (13)
                              [N7:N] TPOS 255 241 253 5 (-918267)
2025-07-08 18:41:49:955 [IN ] C8 24 07 0E 25 A5 07 01 31 06 81 53 FF AB 15 30 02 FD 0A (19)
                              [N7:N] TPOS 'S' 255 171 21 48 (-5565136)
2025-07-08 18:41:51:361 [IN ] C8 24 05 0B 25 A5 05 01 31 03 81 5A 4C 61 AD 30 C8 24 05 0A 25 A5 05 01 31 02 81 49 03 38 AD (31)
                              [N5:V] TPOS 'Z' 76 (76)
                              [N5:V] TPOS 'I'
2025-07-08 18:41:51:583 [OUT] 25 A5 01 05 31 03 C9 3D 09 49 04 (11)
                              [N5:V] LFLAG '=' 9 (9)
2025-07-08 18:41:51:749 [IN ] C8 24 05 0B 25 A5 05 01 31 03 C9 3A 09 46 02 30 (16)
                              [N5:V] LFLAG ':' 9 (9)
2025-07-08 18:41:51:771 [OUT] 25 A5 01 05 31 03 84 00 50 0E 02 (11)
                              [N5:V] VEL 0 80 (80)
2025-07-08 18:41:51:935 [IN ] C8 24 05 0C 25 A5 05 01 31 04 84 53 00 50 62 (15)
2025-07-08 18:41:51:956 [IN ] C2 02 (2)
                              [N5:V] VEL 'S' 0 80 (80)
2025-07-08 18:41:51:979 [OUT] 25 A5 01 05 31 05 81 00 19 82 3C 94 B6 (13)
                              [N5:V] TPOS 0 25 130 60 (1671740)
2025-07-08 18:41:51:982 [IN ] C8 24 08 0B 25 A5 08 01 31 03 81 5A 52 6A C8 C2 (16)
                              [N8:R] TPOS 'Z' 82 (82)
2025-07-08 18:41:52:024 [IN ] C8 24 08 0A 25 A5 08 01 31 02 81 49 06 4A C8 (15)
                              [N8:R] TPOS 'I'
2025-07-08 18:41:52:070 [OUT] 25 A5 01 08 31 03 CA 3D 09 4D 19 (11)
                              [N8:R] RFLAG '=' 9 (9)
2025-07-08 18:41:52:154 [IN ] C8 24 05 0E 25 A5 05 01 31 06 81 53 00 00 00 00 11 92 0A (19)
                              [N5:V] TPOS 'S' 0 0 0 0 (0)
2025-07-08 18:41:52:257 [IN ] C8 24 08 0B 25 A5 08 01 31 03 CA 3A 09 4A 1A 00 (16)
                              [N8:R] RFLAG ':' 9 (9)
2025-07-08 18:41:52:279 [OUT] 25 A5 01 08 31 05 81 FF DC 77 1D 2F DE (13)
                              [N8:R] TPOS 255 220 119 29 (-2328803)
2025-07-08 18:41:52:484 [IN ] C8 24 08 0E 25 A5 08 01 31 06 81 53 FF FF FF F1 02 98 0A (19)
                              [N8:R] TPOS 'S' 255 255 255 241 (-15)
2025-07-08 18:41:54:690 [IN ] C8 24 0C 0E 25 A5 0C 01 31 06 81 45 FF D3 44 3D 5D CC 0A (19)
                              [N12:Z] TPOS 'E' 255 211 68 61 (-2931651)
2025-07-08 18:42:00:101 [IN ] C8 24 05 0E 25 A5 05 01 31 06 81 45 00 19 86 1D BF C0 0A (19)
                              [N5:V] TPOS 'E' 0 25 134 29 (1672733)
2025-07-08 18:42:00:526 [OUT] 25 A5 01 05 31 05 81 00 0D 0D 37 0E A3 (13)
                              [N5:V] TPOS 0 13 13 55 (855351)
2025-07-08 18:42:00:710 [IN ] C8 24 05 0E 25 A5 05 01 31 06 81 53 00 19 86 1D CD 06 0A (19)
                              [N5:V] TPOS 'S' 0 25 134 29 (1672733)
2025-07-08 18:42:05:925 [IN ] C8 24 05 0E 25 A5 05 01 31 06 81 45 00 0D 0B 96 B1 1F 0A (19)
                              [N5:V] TPOS 'E' 0 13 11 150 (854934)
2025-07-08 18:42:06:149 [OUT] 25 A5 01 03 31 05 81 FF EE 69 92 A3 45 (13)
                              [N3:X] TPOS 255 238 105 146 (-1152622)
2025-07-08 18:42:06:172 [OUT] 25 A5 01 04 31 05 81 FF F4 2F 0D EB 66 (13)
                              [N4:Y] TPOS 255 244 47 13 (-774387)
2025-07-08 18:42:06:337 [IN ] C8 24 03 0E 25 A5 03 01 31 06 81 53 FF FD 50 71 CC 82 0A (19)
                              [N3:X] TPOS 'S' 255 253 80 113 (-176015)
2025-07-08 18:42:06:480 [IN ] C8 24 04 0E 25 A5 04 01 31 06 81 53 FF FD 4F B6 11 CF 0A (19)
                              [N4:Y] TPOS 'S' 255 253 79 182 (-176202)
2025-07-08 18:42:07:283 [IN ] C8 24 08 0E 25 A5 08 01 31 06 81 45 FF DC 75 97 ED 7B 0A (19)
                              [N8:R] TPOS 'E' 255 220 117 151 (-2329193)
2025-07-08 18:42:07:707 [OUT] 25 A5 01 08 31 05 81 FF EE 15 56 18 89 (13)
                              [N8:R] TPOS 255 238 21 86 (-1174186)
2025-07-08 18:42:07:892 [IN ] C8 24 08 0E 25 A5 08 01 31 06 81 53 FF DC 75 99 FD C3 0A (19)
                              [N8:R] TPOS 'S' 255 220 117 153 (-2329191)
2025-07-08 18:42:09:897 [IN ] C8 24 04 0E 25 A5 04 01 31 06 81 45 FF F4 2C CF F0 41 0A (19)
                              [N4:Y] TPOS 'E' 255 244 44 207 (-774961)
2025-07-08 18:42:10:902 [IN ] C8 24 07 0E 25 A5 07 01 31 06 81 45 FF F2 02 24 1C 5A 0A (19)
                              [N7:N] TPOS 'E' 255 242 2 36 (-916956)
2025-07-08 18:42:11:707 [IN ] C8 24 03 0E 25 A5 03 01 31 06 81 45 FF EE 67 2D 82 F9 0A (19)
                              [N3:X] TPOS 'E' 255 238 103 45 (-1153235)
2025-07-08 18:42:15:919 [IN ] C8 24 08 0E 25 A5 08 01 31 06 81 45 FF EE 16 ED F6 49 0A (19)
                              [N8:R] TPOS 'E' 255 238 22 237 (-1173779)
