2025-07-08 16:29:01:377 [OUT] 25 A5 01 0A 31 05 D6 3D FF 00 00 53 ED (13)
                              [N10:HMI] HMILED '=' 255 0 0 (16711680)
2025-07-08 16:29:01:400 [OUT] 25 A5 01 03 31 02 D8 3F 4E CE (10)
                              [N3:X] INTERRUPT '?'
2025-07-08 16:29:01:701 [IN ] C8 24 0A 0D 25 A5 0A 01 31 05 D6 3A FF 00 00 50 EA 0D C8 24 03 0C 25 A5 03 01 31 04 D8 3A 01 01 4D 6A EA (35)
                              [N10:HMI] HMILED ':' 255 0 0 (16711680)
                              [N3:X] INTERRUPT ':' 1 1 (257)
2025-07-08 16:29:01:723 [OUT] 25 A5 01 09 31 03 C9 3D 09 4D 1C (11)
                              [N9:P] LFLAG '=' 9 (9)
2025-07-08 16:29:01:746 [OUT] 25 A5 01 04 31 02 D8 3F 4F D3 (10)
                              [N4:Y] INTERRUPT '?'
2025-07-08 16:29:02:048 [IN ] C8 24 09 0B 25 A5 09 01 31 03 C9 3A 09 4A 1E 6A C8 24 0B 0A 25 A5 0B 01 31 02 DE 00 1D CD 1E C8 24 04 0C 25 A5 04 01 31 04 D8 3A 01 01 4E 72 EA (48)
                              [N9:P] LFLAG ':' 9 (9)
                              [N11:NG] NGSWSTATE 0 (0)
                              [N4:Y] INTERRUPT ':' 1 1 (257)
2025-07-08 16:29:02:070 [OUT] 25 A5 01 09 31 03 CA 3D 09 4E 1F (11)
                              [N9:P] RFLAG '=' 9 (9)
2025-07-08 16:29:02:095 [OUT] 25 A5 01 0C 31 02 D8 3F 57 FB (10)
                              [N12:Z] INTERRUPT '?'
2025-07-08 16:29:02:398 [IN ] C8 24 09 0B 25 A5 09 01 31 03 CA 3A 09 4B 21 72 C8 24 0C 0C 25 A5 0C 01 31 04 D8 3A 01 01 56 B2 EA (33)
                              [N9:P] RFLAG ':' 9 (9)
                              [N12:Z] INTERRUPT ':' 1 1 (257)
2025-07-08 16:29:02:420 [OUT] 25 A5 01 08 31 03 C9 3D 09 4C 16 (11)
                              [N8:R] LFLAG '=' 9 (9)
2025-07-08 16:29:02:442 [OUT] 25 A5 01 03 31 03 C9 3D 0B 49 FA (11)
                              [N3:X] LFLAG '=' 11 (11)
2025-07-08 16:29:02:463 [OUT] 25 A5 01 04 31 03 C9 3D 0B 4A 00 (11)
                              [N4:Y] LFLAG '=' 11 (11)
2025-07-08 16:29:02:485 [OUT] 25 A5 01 0C 31 03 C9 3D 0B 52 30 (11)
                              [N12:Z] LFLAG '=' 11 (11)
2025-07-08 16:29:02:573 [IN ] C8 24 08 0B 25 A5 08 01 31 03 C9 3A 09 49 17 B2 (16)
                              [N8:R] LFLAG ':' 9 (9)
2025-07-08 16:29:02:595 [OUT] 25 A5 01 08 31 03 CA 3D 09 4D 19 (11)
                              [N8:R] RFLAG '=' 9 (9)
2025-07-08 16:29:02:680 [IN ] C8 24 03 0B 25 A5 03 01 31 03 C9 3A 0B 46 F6 B2 (16)
                              [N3:X] LFLAG ':' 11 (11)
2025-07-08 16:29:02:702 [OUT] 25 A5 01 03 31 03 88 00 50 10 02 (11)
                              [N3:X] RUN 0 80 (80)
2025-07-08 16:29:02:808 [IN ] C8 24 04 0B 25 A5 04 01 31 03 C9 3A 0B 47 FD B2 (16)
                              [N4:Y] LFLAG ':' 11 (11)
2025-07-08 16:29:02:829 [OUT] 25 A5 01 04 31 03 88 00 50 11 08 (11)
                              [N4:Y] RUN 0 80 (80)
2025-07-08 16:29:02:914 [IN ] C8 24 0C 0B 25 A5 0C 01 31 03 C9 3A 0B 4F 35 B2 (16)
                              [N12:Z] LFLAG ':' 11 (11)
2025-07-08 16:29:02:936 [OUT] 25 A5 01 0C 31 03 88 00 50 19 38 (11)
                              [N12:Z] RUN 0 80 (80)
2025-07-08 16:29:02:958 [IN ] C8 24 0B 0A 25 A5 0B 01 31 02 DE 00 1D CD 35 (15)
                              [N11:NG] NGSWSTATE 0 (0)
2025-07-08 16:29:03:022 [IN ] C8 24 08 0B 25 A5 08 01 31 03 CA 3A 09 4A 1A B2 (16)
                              [N8:R] RFLAG ':' 9 (9)
2025-07-08 16:29:03:128 [IN ] C8 24 03 0C 25 A5 03 01 31 04 88 53 00 50 64 C2 EA (17)
                              [N3:X] RUN 'S' 0 80 (80)
2025-07-08 16:29:03:234 [IN ] C8 24 04 0C 25 A5 04 01 31 04 88 53 00 50 65 CA EA (17)
                              [N4:Y] RUN 'S' 0 80 (80)
2025-07-08 16:29:03:340 [IN ] C8 24 0C 0C 25 A5 0C 01 31 04 88 53 00 50 6D 0A EA (17)
                              [N12:Z] RUN 'S' 0 80 (80)
2025-07-08 16:29:03:945 [IN ] C8 24 0B 0A 25 A5 0B 01 31 02 DE 00 1D CD 6D (15)
                              [N11:NG] NGSWSTATE 0 (0)
2025-07-08 16:29:05:150 [IN ] C8 24 0B 0A 25 A5 0B 01 31 02 DE 00 1D CD 6D (15)
                              [N11:NG] NGSWSTATE 0 (0)
2025-07-08 16:29:06:154 [IN ] C8 24 0B 0A 25 A5 0B 01 31 02 DE 00 1D CD 6D (15)
                              [N11:NG] NGSWSTATE 0 (0)
2025-07-08 16:29:06:957 [IN ] C8 24 0B 0A 25 A5 0B 01 31 02 DE (11)
2025-07-08 16:29:07:159 [IN ] 00 1D CD 6D (4)
                              [N11:NG] NGSWSTATE 0 (0)
2025-07-08 16:29:08:163 [IN ] C8 24 0B 0A 25 A5 0B 01 31 02 DE 00 1D CD 6D (15)
                              [N11:NG] NGSWSTATE 0 (0)
2025-07-08 16:29:09:167 [IN ] C8 24 0B 0A 25 A5 0B 01 31 02 DE 00 1D CD 6D (15)
                              [N11:NG] NGSWSTATE 0 (0)
2025-07-08 16:29:09:771 [IN ] C8 24 04 0B 25 A5 04 01 31 03 81 5A 4C 60 A6 0A C8 24 04 0A 25 A5 04 01 31 02 81 49 02 32 A6 (31)
                              [N4:Y] TPOS 'Z' 76 (76)
                              [N4:Y] TPOS 'I'
2025-07-08 16:29:10:000 [OUT] 25 A5 01 09 31 02 D8 3F 54 EC (10)
                              [N9:P] INTERRUPT '?'
2025-07-08 16:29:10:302 [IN ] C8 24 0B 0A 25 A5 0B 01 31 02 DE 00 1D CD A6 C8 24 09 0C 25 A5 09 01 31 04 D8 3A 01 01 53 9A EA (32)
                              [N11:NG] NGSWSTATE 0 (0)
                              [N9:P] INTERRUPT ':' 1 1 (257)
2025-07-08 16:29:10:323 [OUT] 25 A5 01 04 31 03 C9 3D 09 48 FE (11)
                              [N4:Y] LFLAG '=' 9 (9)
2025-07-08 16:29:10:345 [OUT] 25 A5 01 07 31 02 D8 3F 52 E2 (10)
                              [N7:N] INTERRUPT '?'
2025-07-08 16:29:10:646 [IN ] C8 24 04 0B 25 A5 04 01 31 03 C9 3A 09 45 FB 9A C8 24 07 0C 25 A5 07 01 31 04 D8 3A 01 01 51 8A EA (33)
                              [N4:Y] LFLAG ':' 9 (9)
                              [N7:N] INTERRUPT ':' 1 1 (257)
2025-07-08 16:29:10:667 [OUT] 25 A5 01 09 31 03 C9 3D 0B 4F 1E (11)
                              [N9:P] LFLAG '=' 11 (11)
2025-07-08 16:29:10:689 [OUT] 25 A5 01 07 31 03 C9 3D 0B 4D 12 (11)
                              [N7:N] LFLAG '=' 11 (11)
2025-07-08 16:29:10:836 [IN ] C8 24 09 0B 25 A5 (6)
2025-07-08 16:29:10:860 [IN ] 09 01 31 03 C9 3A 0B 4C 20 8A (10)
                              [N9:P] LFLAG ':' 11 (11)
2025-07-08 16:29:10:882 [OUT] 25 A5 01 09 31 03 88 00 50 16 26 (11)
                              [N9:P] RUN 0 80 (80)
2025-07-08 16:29:10:946 [IN ] C8 24 07 0B 25 A5 07 01 31 03 C9 3A 0B 4A 12 8A (16)
                              [N7:N] LFLAG ':' 11 (11)
2025-07-08 16:29:10:968 [OUT] 25 A5 01 07 31 03 88 00 50 14 1A (11)
                              [N7:N] RUN 0 80 (80)
2025-07-08 16:29:11:011 [IN ] C8 24 0B 0A 25 A5 0B 01 31 02 DE 00 1D CD 12 (15)
                              [N11:NG] NGSWSTATE 0 (0)
2025-07-08 16:29:11:054 [IN ] C8 24 09 0C 25 A5 09 01 31 04 88 53 00 50 6A F2 EA (17)
                              [N9:P] RUN 'S' 0 80 (80)
2025-07-08 16:29:11:138 [IN ] C8 24 09 0B 25 A5 09 01 31 03 81 5A 4C 65 C9 F2 (16)
                              [N9:P] TPOS 'Z' 76 (76)
2025-07-08 16:29:11:162 [IN ] C8 24 07 0C 25 A5 07 01 31 04 88 53 00 50 68 E2 EA C8 24 09 0A 25 A5 09 01 31 02 81 49 07 50 68 (32)
                              [N7:N] RUN 'S' 0 80 (80)
                              [N9:P] TPOS 'I'
2025-07-08 16:29:11:385 [OUT] 25 A5 01 09 31 03 C9 3D 09 4D 1C (11)
                              [N9:P] LFLAG '=' 9 (9)
2025-07-08 16:29:11:407 [OUT] 25 A5 01 04 31 05 81 FF EE 88 01 32 FA (13)
                              [N4:Y] TPOS 255 238 136 1 (-1144831)
2025-07-08 16:29:11:556 [IN ] C8 24 09 0B 25 A5 09 01 31 03 C9 3A 09 4A 1E E2 (16)
                              [N9:P] LFLAG ':' 9 (9)
2025-07-08 16:29:11:683 [IN ] C8 24 04 0E 25 A5 04 01 31 06 81 53 00 00 00 00 10 88 0A (19)
                              [N4:Y] TPOS 'S' 0 0 0 0 (0)
2025-07-08 16:29:12:085 [IN ] C8 24 0B 0A 25 A5 0B 01 31 02 DE 00 1D CD 00 (15)
                              [N11:NG] NGSWSTATE 0 (0)
2025-07-08 16:29:12:288 [IN ] C8 24 03 0B 25 A5 03 01 31 03 81 5A 4C 5F 9F 00 C8 24 03 0A 25 A5 03 01 31 02 81 49 01 2C 9F (31)
                              [N3:X] TPOS 'Z' 76 (76)
                              [N3:X] TPOS 'I'
2025-07-08 16:29:12:512 [OUT] 25 A5 01 03 31 03 C9 3D 09 47 F8 (11)
                              [N3:X] LFLAG '=' 9 (9)
2025-07-08 16:29:12:680 [IN ] C8 24 03 0B 25 A5 03 01 31 03 C9 3A 09 44 F4 00 (16)
                              [N3:X] LFLAG ':' 9 (9)
2025-07-08 16:29:13:081 [IN ] C8 24 0B 0A 25 A5 0B 01 31 02 DE 00 1D CD F4 (15)
                              [N11:NG] NGSWSTATE 0 (0)
2025-07-08 16:29:14:087 [IN ] C8 24 0B 0A 25 A5 0B 01 31 02 DE 00 1D CD F4 (15)
                              [N11:NG] NGSWSTATE 0 (0)
2025-07-08 16:29:15:096 [IN ] C8 24 0B 0A 25 A5 0B 01 31 02 DE 00 1D CD F4 (15)
                              [N11:NG] NGSWSTATE 0 (0)
2025-07-08 16:29:15:500 [IN ] C8 24 0C 0B 25 A5 0C 01 31 03 81 5A 4C 68 DE 00 C8 24 07 0B 25 A5 07 01 31 03 81 5A 4C 63 BB 00 C8 24 0C 0A 25 A5 0C 01 31 02 81 49 0A 62 BB C8 24 07 0A 25 A5 07 01 31 02 81 49 05 44 BB (62)
                              [N12:Z] TPOS 'Z' 76 (76)
                              [N7:N] TPOS 'Z' 76 (76)
                              [N12:Z] TPOS 'I'
                              [N7:N] TPOS 'I'
2025-07-08 16:29:15:724 [OUT] 25 A5 01 0C 31 03 C9 3D 09 50 2E (11)
                              [N12:Z] LFLAG '=' 9 (9)
2025-07-08 16:29:15:746 [OUT] 25 A5 01 07 31 03 C9 3D 09 4B 10 (11)
                              [N7:N] LFLAG '=' 9 (9)
2025-07-08 16:29:15:893 [IN ] C8 24 0C 0B 25 A5 0C 01 31 03 C9 3A 09 4D 33 00 (16)
                              [N12:Z] LFLAG ':' 9 (9)
2025-07-08 16:29:15:998 [IN ] C8 24 07 0B 25 A5 07 01 31 03 C9 3A 09 48 10 00 (16)
                              [N7:N] LFLAG ':' 9 (9)
2025-07-08 16:29:16:200 [IN ] C8 24 0B 0A 25 A5 0B 01 31 02 DE 00 1D CD 10 (15)
                              [N11:NG] NGSWSTATE 0 (0)
2025-07-08 16:29:17:207 [IN ] C8 24 0B 0A 25 A5 0B 01 31 02 DE 00 1D CD 10 (15)
                              [N11:NG] NGSWSTATE 0 (0)
2025-07-08 16:29:18:010 [IN ] C8 24 04 0E 25 A5 04 01 31 06 81 45 FF EE 85 56 CA 68 0A (19)
                              [N4:Y] TPOS 'E' 255 238 133 86 (-1145514)
2025-07-08 16:29:18:214 [IN ] C8 24 0B 0A 25 A5 0B 01 31 02 DE 00 1D CD 85 (15)
                              [N11:NG] NGSWSTATE 0 (0)
2025-07-08 16:29:18:236 [OUT] 25 A5 01 0C 31 05 81 FF BC D0 00 4F 33 (13)
                              [N12:Z] TPOS 255 188 208 0 (-4403200)
2025-07-08 16:29:18:259 [OUT] 25 A5 01 04 31 05 81 FF FD 50 01 09 B7 (13)
                              [N4:Y] TPOS 255 253 80 1 (-176127)
2025-07-08 16:29:18:282 [OUT] 25 A5 01 09 31 05 81 FF E7 5D 56 5A 0C (13)
                              [N9:P] TPOS 255 231 93 86 (-1614506)
2025-07-08 16:29:18:303 [OUT] 25 A5 01 07 31 05 81 FF AB 19 75 F7 DF (13)
                              [N7:N] TPOS 255 171 25 117 (-5564043)
2025-07-08 16:29:18:325 [OUT] 25 A5 01 03 31 05 81 FF EC 4A AB 9B 1A (13)
                              [N3:X] TPOS 255 236 74 171 (-1291605)
2025-07-08 16:29:18:348 [OUT] 25 A5 01 06 31 02 D8 3F 51 DD (10)
                              [N6:H] INTERRUPT '?'
2025-07-08 16:29:18:650 [IN ] C8 24 0C 0E 25 A5 0C 01 31 06 81 53 FF FF FF BD D2 8C 0A C8 24 04 0E 25 A5 04 01 31 06 81 53 FF EE 85 56 D8 AE 0A (38)
                              [N12:Z] TPOS 'S' 255 255 255 189 (-67)
                              [N4:Y] TPOS 'S' 255 238 133 86 (-1145514)
2025-07-08 16:29:18:951 [IN ] C8 24 09 0E 25 A5 09 01 31 06 81 53 FF FF FF ED FF 9E 0A C8 24 07 0E 25 A5 07 01 31 06 81 53 FF FF FF F6 06 93 0A C8 24 03 0E 25 A5 03 01 31 06 81 53 00 00 00 00 0F 7E 0A (57)
                              [N9:P] TPOS 'S' 255 255 255 237 (-19)
                              [N7:N] TPOS 'S' 255 255 255 246 (-10)
                              [N3:X] TPOS 'S' 0 0 0 0 (0)
2025-07-08 16:29:19:252 [IN ] C8 24 06 0C 25 A5 06 01 31 04 D8 3A 01 01 50 82 0F C8 24 0B 0A 25 A5 0B 01 31 02 DE 00 1D CD 50 (32)
                              [N6:H] INTERRUPT ':' 1 1 (257)
                              [N11:NG] NGSWSTATE 0 (0)
2025-07-08 16:29:19:274 [OUT] 25 A5 01 06 31 03 C9 3D 0B 4C 0C (11)
                              [N6:H] LFLAG '=' 11 (11)
2025-07-08 16:29:19:443 [IN ] C8 24 06 0B 25 A5 06 01 31 03 C9 3A 0B 49 0B 82 (16)
                              [N6:H] LFLAG ':' 11 (11)
2025-07-08 16:29:19:465 [OUT] 25 A5 01 06 31 03 88 FF B0 72 72 (11)
                              [N6:H] RUN 255 176 (-80)
2025-07-08 16:29:19:612 [IN ] C8 24 06 0C 25 A5 06 01 31 04 88 53 (12)
2025-07-08 16:29:19:634 [IN ] FF B0 C6 38 0F (5)
                              [N6:H] RUN 'S' 255 176 (-80)
2025-07-08 16:29:20:237 [IN ] C8 24 0B 0A 25 A5 0B 01 31 02 DE 00 1D CD C6 (15)
                              [N11:NG] NGSWSTATE 0 (0)
2025-07-08 16:29:21:242 [IN ] C8 24 0B 0A 25 A5 0B 01 31 02 DE 00 1D CD C6 (15)
                              [N11:NG] NGSWSTATE 0 (0)
2025-07-08 16:29:22:246 [IN ] C8 24 0B 0A 25 A5 0B 01 31 02 DE 00 1D CD C6 (15)
                              [N11:NG] NGSWSTATE 0 (0)
2025-07-08 16:29:23:251 [IN ] C8 24 0B 0A 25 A5 0B 01 31 02 DE 00 1D CD C6 (15)
                              [N11:NG] NGSWSTATE 0 (0)
2025-07-08 16:29:24:255 [IN ] C8 24 0B 0A 25 A5 0B 01 31 02 DE 00 1D CD C6 (15)
                              [N11:NG] NGSWSTATE 0 (0)
2025-07-08 16:29:24:658 [IN ] C8 24 06 0B 25 A5 06 01 31 03 81 5A 4C 62 B4 38 (16)
                              [N6:H] TPOS 'Z' 76 (76)
2025-07-08 16:29:24:860 [IN ] C8 24 06 0A 25 A5 06 01 31 02 81 49 04 3E B4 (15)
                              [N6:H] TPOS 'I'
2025-07-08 16:29:25:086 [OUT] 25 A5 01 06 31 03 C9 3D 09 4A 0A (11)
                              [N6:H] LFLAG '=' 9 (9)
2025-07-08 16:29:25:128 [IN ] C8 24 0B 0A 25 A5 0B 01 31 02 DE 00 1D CD B4 (15)
                              [N11:NG] NGSWSTATE 0 (0)
2025-07-08 16:29:25:255 [IN ] C8 24 06 0B 25 A5 06 01 31 03 C9 3A 09 47 09 38 (16)
                              [N6:H] LFLAG ':' 9 (9)
2025-07-08 16:29:25:277 [OUT] 25 A5 01 06 31 03 84 00 50 0F 08 (11)
                              [N6:H] VEL 0 80 (80)
2025-07-08 16:29:25:448 [IN ] C8 24 06 0C 25 A5 06 01 31 04 84 53 00 50 63 CA 0F (17)
                              [N6:H] VEL 'S' 0 80 (80)
2025-07-08 16:29:25:469 [OUT] 25 A5 01 06 31 05 81 00 19 82 3C 95 BE (13)
                              [N6:H] TPOS 0 25 130 60 (1671740)
2025-07-08 16:29:25:638 [IN ] C8 24 06 0E 25 A5 06 01 31 (9)
2025-07-08 16:29:25:662 [IN ] 06 81 53 00 00 00 00 12 9C 0A (10)
                              [N6:H] TPOS 'S' 0 0 0 0 (0)
2025-07-08 16:29:26:064 [IN ] C8 24 03 0E 25 A5 03 01 31 06 81 45 FF EC 48 54 88 DC 0A (19)
                              [N3:X] TPOS 'E' 255 236 72 84 (-1292204)
2025-07-08 16:29:26:267 [IN ] C8 24 0B 0A 25 A5 0B 01 31 02 DE 00 1D CD 48 (15)
                              [N11:NG] NGSWSTATE 0 (0)
2025-07-08 16:29:26:491 [OUT] 25 A5 01 03 31 05 81 FF FD 50 01 08 AF (13)
                              [N3:X] TPOS 255 253 80 1 (-176127)
2025-07-08 16:29:26:680 [IN ] C8 24 03 0E 25 A5 03 01 31 06 81 53 FF EC 48 54 96 22 0A (19)
                              [N3:X] TPOS 'S' 255 236 72 84 (-1292204)
2025-07-08 16:29:26:882 [IN ] C8 24 04 0E 25 A5 04 01 31 06 81 45 FF FD 4F CA 17 9D 0A (19)
                              [N4:Y] TPOS 'E' 255 253 79 202 (-176182)
2025-07-08 16:29:27:286 [IN ] C8 24 0B 0A 25 A5 0B 01 31 02 DE 00 1D CD 4F (15)
                              [N11:NG] NGSWSTATE 0 (0)
2025-07-08 16:29:27:688 [IN ] C8 24 09 0E 25 A5 09 01 31 06 81 45 FF E7 5A 7E C5 57 0A (19)
                              [N9:P] TPOS 'E' 255 231 90 126 (-1615234)
2025-07-08 16:29:28:114 [OUT] 25 A5 01 09 31 05 81 FF FF D9 C8 60 BE (13)
                              [N9:P] TPOS 255 255 217 200 (-9784)
2025-07-08 16:29:28:157 [IN ] C8 24 0B 0A 25 A5 0B 01 31 02 DE 00 1D CD 5A (15)
                              [N11:NG] NGSWSTATE 0 (0)
2025-07-08 16:29:28:303 [IN ] C8 24 09 0E 25 A5 09 01 31 06 81 53 FF E7 5A 84 D9 A3 0A (19)
                              [N9:P] TPOS 'S' 255 231 90 132 (-1615228)
2025-07-08 16:29:35:132 [IN ] C8 24 06 0E 25 A5 06 01 31 06 81 45 00 19 82 C7 66 6C 0A (19)
                              [N6:H] TPOS 'E' 0 25 130 199 (1671879)
2025-07-08 16:29:35:560 [OUT] 25 A5 01 06 31 05 81 00 0C C6 7D 0D 60 (13)
                              [N6:H] TPOS 0 12 198 125 (837245)
2025-07-08 16:29:35:749 [IN ] C8 24 06 0E 25 A5 06 01 31 06 81 53 00 19 82 C7 74 B2 0A (19)
                              [N6:H] TPOS 'S' 0 25 130 199 (1671879)
2025-07-08 16:29:35:951 [IN ] C8 24 03 0E 25 A5 03 01 31 06 81 45 FF FD 50 4A 97 15 0A (19)
                              [N3:X] TPOS 'E' 255 253 80 74 (-176054)
2025-07-08 16:29:37:558 [IN ] C8 24 09 0E 25 A5 09 01 31 06 81 45 FF FF DB 5D 3D 80 0A (19)
                              [N9:P] TPOS 'E' 255 255 219 93 (-9379)
2025-07-08 16:29:37:784 [OUT] 25 A5 01 08 31 02 D8 3F 53 E7 (10)
                              [N8:R] INTERRUPT '?'
2025-07-08 16:29:38:085 [IN ] C8 24 08 0C 25 A5 08 01 31 04 D8 3A 01 01 52 92 3D (17)
                              [N8:R] INTERRUPT ':' 1 1 (257)
2025-07-08 16:29:38:106 [OUT] 25 A5 01 08 31 03 CA 3D 0B 4F 1B (11)
                              [N8:R] RFLAG '=' 11 (11)
2025-07-08 16:29:38:279 [IN ] C8 24 08 0B 25 A5 08 01 31 03 CA 3A 0B 4C 1C 92 (16)
                              [N8:R] RFLAG ':' 11 (11)
2025-07-08 16:29:38:300 [OUT] 25 A5 01 08 31 03 88 00 50 15 20 (11)
                              [N8:R] RUN 0 80 (80)
2025-07-08 16:29:38:469 [IN ] C8 24 08 0C 25 A5 08 01 31 04 88 53 00 50 69 EA 3D (17)
                              [N8:R] RUN 'S' 0 80 (80)
2025-07-08 16:29:40:077 [IN ] C8 24 06 0E 25 A5 06 01 31 06 81 45 00 0C C2 7F 51 7D 0A (19)
                              [N6:H] TPOS 'E' 0 12 194 127 (836223)
2025-07-08 16:29:40:304 [OUT] 25 A5 01 05 31 02 D8 3F 50 D8 (10)
                              [N5:V] INTERRUPT '?'
2025-07-08 16:29:40:606 [IN ] C8 24 05 0C 25 A5 05 01 31 04 D8 3A 01 01 4F 7A 51 C8 24 0C 0E 25 A5 0C 01 31 06 81 45 FF BC CC 12 A3 6C 0A (36)
                              [N5:V] INTERRUPT ':' 1 1 (257)
                              [N12:Z] TPOS 'E' 255 188 204 18 (-4404206)
2025-07-08 16:29:40:627 [OUT] 25 A5 01 05 31 03 C9 3D 0B 4B 06 (11)
                              [N5:V] LFLAG '=' 11 (11)
2025-07-08 16:29:40:672 [OUT] 25 A5 01 0C 31 05 81 FF D3 40 CD A3 25 (13)
                              [N12:Z] TPOS 255 211 64 205 (-2932531)
2025-07-08 16:29:40:798 [IN ] C8 24 05 0B 25 A5 05 01 31 03 C9 3A 0B 48 04 12 (16)
                              [N5:V] LFLAG ':' 11 (11)
2025-07-08 16:29:40:821 [OUT] 25 A5 01 05 31 03 88 FF B0 71 6C (11)
                              [N5:V] RUN 255 176 (-80)
2025-07-08 16:29:40:949 [IN ] C8 24 0C 0E 25 A5 0C 01 31 06 81 53 FF BC CC 13 B2 B3 0A (19)
                              [N12:Z] TPOS 'S' 255 188 204 19 (-4404205)
2025-07-08 16:29:41:033 [IN ] C8 24 05 0C 25 A5 05 01 31 04 88 53 FF B0 C5 30 B2 (17)
                              [N5:V] RUN 'S' 255 176 (-80)
2025-07-08 16:29:44:242 [IN ] C8 24 07 0E 25 A5 07 01 31 06 81 45 FF AB 15 40 04 C7 0A (19)
                              [N7:N] TPOS 'E' 255 171 21 64 (-5565120)
2025-07-08 16:29:44:668 [OUT] 25 A5 01 07 31 05 81 FF F1 FD 05 B1 09 (13)
                              [N7:N] TPOS 255 241 253 5 (-918267)
2025-07-08 16:29:44:878 [IN ] C8 24 07 0E 25 A5 07 01 31 06 81 53 FF AB 15 43 15 10 0A (19)
                              [N7:N] TPOS 'S' 255 171 21 67 (-5565117)
2025-07-08 16:29:46:286 [IN ] C8 24 05 0B 25 A5 05 01 31 03 81 5A 4C 61 AD 43 (16)
                              [N5:V] TPOS 'Z' 76 (76)
2025-07-08 16:29:46:490 [IN ] C8 24 05 0A 25 A5 05 01 31 02 81 49 03 38 AD (15)
                              [N5:V] TPOS 'I'
2025-07-08 16:29:46:714 [OUT] 25 A5 01 05 31 03 C9 3D 09 49 04 (11)
                              [N5:V] LFLAG '=' 9 (9)
2025-07-08 16:29:46:842 [IN ] C8 24 08 0B 25 A5 08 01 31 03 81 5A 52 6A C8 43 (16)
                              [N8:R] TPOS 'Z' 82 (82)
2025-07-08 16:29:46:888 [IN ] C8 24 05 0B 25 A5 05 01 31 03 C9 3A 09 46 02 43 C8 24 08 0A 25 A5 08 01 31 02 81 49 06 4A 02 (31)
                              [N5:V] LFLAG ':' 9 (9)
                              [N8:R] TPOS 'I'
2025-07-08 16:29:46:910 [OUT] 25 A5 01 05 31 03 84 00 50 0E 02 (11)
                              [N5:V] VEL 0 80 (80)
2025-07-08 16:29:46:932 [OUT] 25 A5 01 08 31 03 CA 3D 09 4D 19 (11)
                              [N8:R] RFLAG '=' 9 (9)
2025-07-08 16:29:47:081 [IN ] C8 24 05 0C 25 A5 05 01 31 04 84 53 00 50 62 C2 15 (17)
                              [N5:V] VEL 'S' 0 80 (80)
2025-07-08 16:29:47:103 [OUT] 25 A5 01 05 31 05 81 00 19 82 3C 94 B6 (13)
                              [N5:V] TPOS 0 25 130 60 (1671740)
2025-07-08 16:29:47:190 [IN ] C8 24 08 0B 25 A5 08 01 31 03 CA 3A 09 4A 1A C2 (16)
                              [N8:R] RFLAG ':' 9 (9)
2025-07-08 16:29:47:210 [OUT] 25 A5 01 08 31 05 81 FF DC 77 1D 2F DE (13)
                              [N8:R] TPOS 255 220 119 29 (-2328803)
2025-07-08 16:29:47:316 [IN ] C8 24 05 0E 25 A5 05 01 31 06 81 53 00 00 00 00 11 92 0A (19)
                              [N5:V] TPOS 'S' 0 0 0 0 (0)
2025-07-08 16:29:47:442 [IN ] C8 24 08 0E 25 A5 08 01 31 06 81 53 FF FF FF F6 07 9D 0A (19)
                              [N8:R] TPOS 'S' 255 255 255 246 (-10)
2025-07-08 16:29:48:045 [IN ] C8 24 0C 0E 25 A5 0C 01 31 06 81 45 FF D3 44 2F 4F BE 0A (19)
                              [N12:Z] TPOS 'E' 255 211 68 47 (-2931665)
2025-07-08 16:29:55:473 [IN ] C8 24 05 0E 25 A5 05 01 31 06 81 45 00 19 85 E2 83 83 0A (19)
                              [N5:V] TPOS 'E' 0 25 133 226 (1672674)
2025-07-08 16:29:55:899 [OUT] 25 A5 01 05 31 05 81 00 0D 0D 37 0E A3 (13)
                              [N5:V] TPOS 0 13 13 55 (855351)
2025-07-08 16:29:56:109 [IN ] C8 24 05 0E 25 A5 05 01 31 06 81 53 00 19 85 E2 91 C9 0A (19)
                              [N5:V] TPOS 'S' 0 25 133 226 (1672674)
2025-07-08 16:30:01:528 [IN ] C8 24 05 0E 25 A5 05 01 31 06 81 45 00 0D 0B 7D 98 06 0A (19)
                              [N5:V] TPOS 'E' 0 13 11 125 (854909)
2025-07-08 16:30:01:753 [OUT] 25 A5 01 03 31 05 81 FF EE 69 92 A3 45 (13)
                              [N3:X] TPOS 255 238 105 146 (-1152622)
2025-07-08 16:30:01:775 [OUT] 25 A5 01 04 31 05 81 FF F4 2F 0D EB 66 (13)
                              [N4:Y] TPOS 255 244 47 13 (-774387)
2025-07-08 16:30:01:943 [IN ] C8 24 03 0E 25 A5 03 01 31 06 81 53 FF FD 50 4A A5 5B 0A (19)
                              [N3:X] TPOS 'S' 255 253 80 74 (-176054)
2025-07-08 16:30:02:069 [IN ] C8 24 04 0E 25 A5 (6)
2025-07-08 16:30:02:091 [IN ] 04 01 31 06 81 53 FF FD 4F CA 25 E3 0A (13)
                              [N4:Y] TPOS 'S' 255 253 79 202 (-176182)
2025-07-08 16:30:02:292 [IN ] C8 24 08 0E 25 A5 08 01 31 06 81 45 FF DC 75 DE 34 C2 0A (19)
                              [N8:R] TPOS 'E' 255 220 117 222 (-2329122)
2025-07-08 16:30:02:717 [OUT] 25 A5 01 08 31 05 81 FF EE 15 56 18 89 (13)
                              [N8:R] TPOS 255 238 21 86 (-1174186)
2025-07-08 16:30:02:906 [IN ] C8 24 08 0E 25 A5 08 01 31 06 81 53 FF DC 75 E3 47 0D 0A (19)
                              [N8:R] TPOS 'S' 255 220 117 227 (-2329117)
2025-07-08 16:30:05:519 [IN ] C8 24 04 0E 25 A5 04 01 31 06 81 45 FF F4 2C F2 13 64 0A (19)
                              [N4:Y] TPOS 'E' 255 244 44 242 (-774926)
2025-07-08 16:30:05:923 [IN ] C8 24 07 0E 25 A5 07 01 31 06 81 45 FF F2 02 08 00 3E 0A (19)
                              [N7:N] TPOS 'E' 255 242 2 8 (-916984)
2025-07-08 16:30:07:330 [IN ] C8 24 03 0E 25 A5 03 01 31 06 81 45 FF EE 67 32 87 FE 0A (19)
                              [N3:X] TPOS 'E' 255 238 103 50 (-1153230)
2025-07-08 16:30:11:147 [IN ] C8 24 08 0E 25 A5 08 01 31 06 81 45 FF EE 16 6B 74 C7 0A (19)
                              [N8:R] TPOS 'E' 255 238 22 107 (-1173909)
