2025-07-08 14:03:05:722 [OUT] 25 A5 01 0A 31 05 D6 3D FF 00 00 53 ED (13)
                              [N10:HMI] HMILED '=' 255 0 0 (16711680)
2025-07-08 14:03:05:744 [OUT] 25 A5 01 09 31 05 81 FF F1 61 AA BC 86 (13)
                              [N9:P] TPOS 255 241 97 170 (-958038)
2025-07-08 14:03:05:766 [OUT] 25 A5 01 08 31 05 81 FF EC F2 D9 76 C0 (13)
                              [N8:R] TPOS 255 236 242 217 (-1248551)
2025-07-08 14:03:05:911 [IN ] C8 24 0A 0D 25 A5 0A 01 31 05 D6 3A FF 00 00 50 EA 60 (18)
                              [N10:HMI] HMILED ':' 255 0 0 (16711680)
2025-07-08 14:03:06:039 [IN ] C8 24 09 0E 25 A5 09 01 31 06 81 53 FF F1 63 53 BB A2 31 (19)
                              [N9:P] TPOS 'S' 255 241 99 83 (-957613)
2025-07-08 14:03:06:145 [IN ] C8 24 09 0E 25 A5 09 01 31 06 81 45 FF F1 63 24 7E 2D 31 (19)
                              [N9:P] TPOS 'E' 255 241 99 36 (-957660)
2025-07-08 14:03:06:166 [IN ] C8 24 08 0E 25 A5 08 01 31 06 81 53 FF EC F2 CC BD 20 31 (19)
                              [N8:R] TPOS 'S' 255 236 242 204 (-1248564)
2025-07-08 14:03:06:367 [IN ] C8 24 08 0E 25 A5 08 01 31 06 81 45 FF EC F2 CA AD D8 31 (19)
                              [N8:R] TPOS 'E' 255 236 242 202 (-1248566)
2025-07-08 14:03:06:589 [OUT] 25 A5 01 09 31 05 81 FF F1 3B 71 5D 01 (13)
                              [N9:P] TPOS 255 241 59 113 (-967823)
2025-07-08 14:03:06:777 [IN ] C8 24 09 0E 25 A5 09 01 31 06 81 53 FF F1 63 24 8C 73 31 (19)
                              [N9:P] TPOS 'S' 255 241 99 36 (-957660)
2025-07-08 14:03:06:979 [IN ] C8 24 09 0E 25 A5 09 01 31 06 81 45 FF F1 39 1C 4C D1 31 (19)
                              [N9:P] TPOS 'E' 255 241 57 28 (-968420)
2025-07-08 14:03:07:202 [OUT] 25 A5 01 09 31 05 81 FF F1 15 38 FE 7C (13)
                              [N9:P] TPOS 255 241 21 56 (-977608)
2025-07-08 14:03:07:390 [IN ] C8 24 09 0E 25 A5 09 01 31 06 81 53 FF F1 39 1D 5B (17)
2025-07-08 14:03:07:411 [IN ] 18 31 (2)
                              [N9:P] TPOS 'S' 255 241 57 29 (-968419)
2025-07-08 14:03:07:613 [IN ] C8 24 09 0E 25 A5 09 01 31 06 81 45 FF F1 12 F2 FB 59 31 (19)
                              [N9:P] TPOS 'E' 255 241 18 242 (-978190)
2025-07-08 14:03:07:836 [OUT] 25 A5 01 09 31 05 81 FF F0 EE FF 9D F2 (13)
                              [N9:P] TPOS 255 240 238 255 (-987393)
2025-07-08 14:03:08:026 [IN ] C8 24 09 0E 25 A5 09 01 31 06 81 53 FF F1 12 F3 0A A0 31 (19)
                              [N9:P] TPOS 'S' 255 241 18 243 (-978189)
2025-07-08 14:03:08:227 [IN ] C8 24 09 0E 25 A5 09 01 31 06 81 45 FF F0 EC 8D 6F A5 31 (19)
                              [N9:P] TPOS 'E' 255 240 236 141 (-988019)
2025-07-08 14:03:08:449 [OUT] 25 A5 01 09 31 05 81 FF F0 C8 C6 3E 6D (13)
                              [N9:P] TPOS 255 240 200 198 (-997178)
2025-07-08 14:03:08:637 [IN ] C8 24 09 0E 25 A5 09 01 31 06 81 53 FF F0 EC 90 80 EE 31 (19)
                              [N9:P] TPOS 'S' 255 240 236 144 (-988016)
2025-07-08 14:03:08:840 [IN ] C8 24 09 0E 25 A5 09 01 31 06 81 45 FF F0 C5 E8 A3 B2 31 (19)
                              [N9:P] TPOS 'E' 255 240 197 232 (-997912)
2025-07-08 14:03:09:062 [OUT] 25 A5 01 09 31 05 81 FF F0 A2 8D DF E8 (13)
                              [N9:P] TPOS 255 240 162 141 (-1006963)
2025-07-08 14:03:09:253 [IN ] C8 24 09 0E 25 A5 09 01 31 06 81 53 FF F0 C5 EB B4 FB 31 (19)
                              [N9:P] TPOS 'S' 255 240 197 235 (-997909)
2025-07-08 14:03:09:454 [IN ] C8 24 09 0E 25 A5 09 01 31 06 81 45 FF F0 9F 6C 01 EA 31 (19)
                              [N9:P] TPOS 'E' 255 240 159 108 (-1007764)
2025-07-08 14:03:09:676 [OUT] 25 A5 01 09 31 05 81 FF F0 7C 55 81 64 (13)
                              [N9:P] TPOS 255 240 124 85 (-1016747)
2025-07-08 14:03:09:844 [IN ] C8 24 09 0E 25 A5 09 01 31 06 81 53 FF F0 9F 6E 11 (17)
2025-07-08 14:03:09:865 [IN ] 32 31 (2)
                              [N9:P] TPOS 'S' 255 240 159 110 (-1007762)
2025-07-08 14:03:10:066 [IN ] C8 24 09 0E 25 A5 09 01 31 06 81 45 FF F0 79 6F DE A1 31 (19)
                              [N9:P] TPOS 'E' 255 240 121 111 (-1017489)
2025-07-08 14:03:10:289 [OUT] 25 A5 01 09 31 05 81 FF F0 56 1C 22 DF (13)
                              [N9:P] TPOS 255 240 86 28 (-1026532)
2025-07-08 14:03:10:478 [IN ] C8 24 09 0E 25 A5 09 01 31 06 81 53 FF F0 79 72 EF EA 31 (19)
                              [N9:P] TPOS 'S' 255 240 121 114 (-1017486)
2025-07-08 14:03:10:680 [IN ] C8 24 09 0E 25 A5 09 01 31 06 81 45 FF F0 53 BC 05 A2 31 (19)
                              [N9:P] TPOS 'E' 255 240 83 188 (-1027140)
2025-07-08 14:03:10:903 [OUT] 25 A5 01 09 31 05 81 FF F0 2F E3 C2 58 (13)
                              [N9:P] TPOS 255 240 47 227 (-1036317)
2025-07-08 14:03:11:092 [IN ] C8 24 09 0E 25 A5 09 01 31 06 81 53 FF F0 53 BF 16 EB 31 (19)
                              [N9:P] TPOS 'S' 255 240 83 191 (-1027137)
2025-07-08 14:03:11:293 [IN ] C8 24 09 0E 25 A5 09 01 31 06 81 45 FF F0 2D E3 06 7D 31 (19)
                              [N9:P] TPOS 'E' 255 240 45 227 (-1036829)
2025-07-08 14:03:11:515 [OUT] 25 A5 01 09 31 05 81 FF F0 09 AA 63 D3 (13)
                              [N9:P] TPOS 255 240 9 170 (-1046102)
2025-07-08 14:03:11:705 [IN ] C8 24 09 0E 25 A5 09 01 31 06 81 53 FF F0 2D E6 17 C6 31 (19)
                              [N9:P] TPOS 'S' 255 240 45 230 (-1036826)
2025-07-08 14:03:11:907 [IN ] C8 24 09 0E 25 A5 09 01 31 06 81 45 FF F0 08 4D 4B 9D 31 (19)
                              [N9:P] TPOS 'E' 255 240 8 77 (-1046451)
2025-07-08 14:03:12:128 [OUT] 25 A5 01 09 31 05 81 FF EF E3 71 03 4B (13)
                              [N9:P] TPOS 255 239 227 113 (-1055887)
2025-07-08 14:03:12:317 [IN ] C8 24 09 0E 25 A5 09 01 31 06 81 53 FF F0 08 50 5C E6 31 (19)
                              [N9:P] TPOS 'S' 255 240 8 80 (-1046448)
2025-07-08 14:03:12:518 [IN ] C8 24 09 0E 25 A5 09 01 31 06 81 45 FF EF E1 D0 A6 CF 31 (19)
                              [N9:P] TPOS 'E' 255 239 225 208 (-1056304)
2025-07-08 14:03:12:741 [OUT] 25 A5 01 09 31 05 81 FF EF BD 38 A4 C6 (13)
                              [N9:P] TPOS 255 239 189 56 (-1065672)
2025-07-08 14:03:12:930 [IN ] C8 24 09 0E 25 A5 09 01 31 06 81 53 FF EF E1 D5 B9 1A 31 (19)
                              [N9:P] TPOS 'S' 255 239 225 213 (-1056299)
2025-07-08 14:03:13:131 [IN ] C8 24 09 0E 25 A5 09 01 31 06 81 45 FF EF BB 74 24 27 31 (19)
                              [N9:P] TPOS 'E' 255 239 187 116 (-1066124)
2025-07-08 14:03:13:354 [OUT] 25 A5 01 09 31 05 81 FF EF 96 FF 44 3F (13)
                              [N9:P] TPOS 255 239 150 255 (-1075457)
2025-07-08 14:03:13:544 [IN ] C8 24 09 0E 25 A5 09 01 31 06 81 53 FF EF BB 7A 38 73 31 (19)
                              [N9:P] TPOS 'S' 255 239 187 122 (-1066118)
2025-07-08 14:03:13:744 [IN ] C8 24 09 0E 25 A5 09 01 31 06 81 45 FF EF 94 89 12 EE 31 (19)
                              [N9:P] TPOS 'E' 255 239 148 137 (-1076087)
2025-07-08 14:03:13:967 [OUT] 25 A5 01 09 31 05 81 FF EF 70 C6 E5 BA (13)
                              [N9:P] TPOS 255 239 112 198 (-1085242)
2025-07-08 14:03:14:156 [IN ] C8 24 09 0E 25 A5 09 01 31 06 81 53 FF EF 94 8D 24 38 31 (19)
                              [N9:P] TPOS 'S' 255 239 148 141 (-1076083)
2025-07-08 14:03:14:358 [IN ] C8 24 09 0E 25 A5 09 01 31 06 81 45 FF EF 6D EC 4E 03 31 (19)
                              [N9:P] TPOS 'E' 255 239 109 236 (-1085972)
2025-07-08 14:03:14:581 [OUT] 25 A5 01 09 31 05 81 FF EF 4A 8D 86 35 (13)
                              [N9:P] TPOS 255 239 74 141 (-1095027)
2025-07-08 14:03:14:748 [IN ] C8 24 09 0E 25 A5 09 01 31 06 81 53 FF EF 6D EF 5F 4C 31 (19)
                              [N9:P] TPOS 'S' 255 239 109 239 (-1085969)
2025-07-08 14:03:14:949 [IN ] C8 24 09 0E 25 A5 09 01 31 06 81 45 FF EF 47 90 CC 5B 31 (19)
                              [N9:P] TPOS 'E' 255 239 71 144 (-1095792)
2025-07-08 14:03:15:172 [OUT] 25 A5 01 09 31 05 81 FF EF 24 55 28 B1 (13)
                              [N9:P] TPOS 255 239 36 85 (-1104811)
2025-07-08 14:03:15:381 [IN ] C8 24 09 0E 25 A5 09 01 31 06 81 53 FF EF 47 94 DE A5 31 (19)
                              [N9:P] TPOS 'S' 255 239 71 148 (-1095788)
2025-07-08 14:03:15:583 [IN ] C8 24 09 0E 25 A5 09 01 31 06 81 45 FF EF 21 61 77 E0 31 (19)
                              [N9:P] TPOS 'E' 255 239 33 97 (-1105567)
2025-07-08 14:03:15:806 [OUT] 25 A5 01 09 31 05 81 FF EE FE 1C C8 29 (13)
                              [N9:P] TPOS 255 238 254 28 (-1114596)
2025-07-08 14:03:15:995 [IN ] C8 24 09 0E 25 A5 09 01 31 06 81 53 FF EF 21 63 87 28 31 (19)
                              [N9:P] TPOS 'S' 255 239 33 99 (-1105565)
2025-07-08 14:03:16:197 [IN ] C8 24 09 0E 25 A5 09 01 31 06 81 45 FF EE FB E7 D6 17 31 (19)
                              [N9:P] TPOS 'E' 255 238 251 231 (-1115161)
2025-07-08 14:03:16:419 [OUT] 25 A5 01 09 31 05 81 FF EE D7 E3 68 A2 (13)
                              [N9:P] TPOS 255 238 215 227 (-1124381)
2025-07-08 14:03:16:608 [IN ] C8 24 09 0E 25 A5 09 01 31 06 81 53 FF EE FB EC E9 62 31 (19)
                              [N9:P] TPOS 'S' 255 238 251 236 (-1115156)
2025-07-08 14:03:16:809 [IN ] C8 24 09 0E 25 A5 09 01 31 06 81 45 FF EE D5 FD C6 E1 31 (19)
                              [N9:P] TPOS 'E' 255 238 213 253 (-1124867)
2025-07-08 14:03:17:032 [OUT] 25 A5 01 09 31 05 81 FF EE B1 AA 09 1D (13)
                              [N9:P] TPOS 255 238 177 170 (-1134166)
2025-07-08 14:03:17:221 [IN ] C8 24 09 0E 25 A5 09 01 31 06 81 53 FF EE D6 02 DA 2E 31 (19)
                              [N9:P] TPOS 'S' 255 238 214 2 (-1124862)
2025-07-08 14:03:17:423 [IN ] C8 24 09 0E 25 A5 09 01 31 06 81 45 FF EE B0 33 D7 CD 31 (19)
                              [N9:P] TPOS 'E' 255 238 176 51 (-1134541)
2025-07-08 14:03:17:645 [OUT] 25 A5 01 09 31 05 81 FF EE 8B 71 AA 98 (13)
                              [N9:P] TPOS 255 238 139 113 (-1143951)
2025-07-08 14:03:17:833 [IN ] C8 24 09 0E 25 A5 09 01 31 06 81 53 FF EE B0 38 EA 18 31 (19)
                              [N9:P] TPOS 'S' 255 238 176 56 (-1134536)
2025-07-08 14:03:18:035 [IN ] C8 24 09 0E 25 A5 09 01 31 06 81 45 FF EE 89 76 F3 C2 31 (19)
                              [N9:P] TPOS 'E' 255 238 137 118 (-1144458)
2025-07-08 14:03:18:258 [OUT] 25 A5 01 09 31 05 81 FF EE 65 38 4B 13 (13)
                              [N9:P] TPOS 255 238 101 56 (-1153736)
2025-07-08 14:03:18:447 [IN ] C8 24 09 0E 25 A5 09 01 31 06 81 53 FF EE 89 7A 05 0C 31 (19)
                              [N9:P] TPOS 'S' 255 238 137 122 (-1144454)
2025-07-08 14:03:18:648 [IN ] C8 24 09 0E 25 A5 09 01 31 06 81 45 FF EE 62 DB 31 D9 31 (19)
                              [N9:P] TPOS 'E' 255 238 98 219 (-1154341)
2025-07-08 14:03:18:871 [OUT] 25 A5 01 09 31 05 81 FF EE 3E FF EB 8C (13)
                              [N9:P] TPOS 255 238 62 255 (-1163521)
2025-07-08 14:03:19:059 [IN ] C8 24 09 0E 25 A5 09 01 31 06 81 53 FF EE 62 DD 41 21 31 (19)
                              [N9:P] TPOS 'S' 255 238 98 221 (-1154339)
2025-07-08 14:03:19:260 [IN ] C8 24 09 0E 25 A5 09 01 31 06 81 45 FF EE 3C 5E 8E 10 31 (19)
                              [N9:P] TPOS 'E' 255 238 60 94 (-1164194)
2025-07-08 14:03:19:483 [OUT] 25 A5 01 09 31 05 81 FF EE 18 C6 8C 07 (13)
                              [N9:P] TPOS 255 238 24 198 (-1173306)
2025-07-08 14:03:19:651 [IN ] C8 24 09 0E 25 A5 09 01 31 06 81 53 FF EE 3C 61 9F 59 31 (19)
                              [N9:P] TPOS 'S' 255 238 60 97 (-1164191)
2025-07-08 14:03:19:852 [IN ] C8 24 09 0E 25 A5 09 01 31 06 81 45 FF EE 15 E8 F1 4C 31 (19)
                              [N9:P] TPOS 'E' 255 238 21 232 (-1174040)
2025-07-08 14:03:20:074 [OUT] 25 A5 01 09 31 05 81 FF ED F2 8D 2C 7F (13)
                              [N9:P] TPOS 255 237 242 141 (-1183091)
2025-07-08 14:03:20:242 [IN ] C8 24 09 0E 25 A5 09 01 31 06 81 (11)
2025-07-08 14:03:20:263 [IN ] 53 FF EE 15 ED 04 97 31 (8)
                              [N9:P] TPOS 'S' 255 238 21 237 (-1174035)
2025-07-08 14:03:20:465 [IN ] C8 24 09 0E 25 A5 09 01 31 06 81 45 FF ED EF EC CE 01 31 (19)
                              [N9:P] TPOS 'E' 255 237 239 236 (-1183764)
2025-07-08 14:03:20:687 [OUT] 25 A5 01 09 31 05 81 FF ED CC 55 CE FB (13)
                              [N9:P] TPOS 255 237 204 85 (-1192875)
2025-07-08 14:03:20:875 [IN ] C8 24 09 0E 25 A5 09 01 31 06 81 53 FF ED EF EF DF 4A 31 (19)
                              [N9:P] TPOS 'S' 255 237 239 239 (-1183761)
2025-07-08 14:03:21:076 [IN ] C8 24 09 0E 25 A5 09 01 31 06 81 45 FF ED C9 8F 4B 58 31 (19)
                              [N9:P] TPOS 'E' 255 237 201 143 (-1193585)
2025-07-08 14:03:21:298 [OUT] 25 A5 01 09 31 05 81 FF ED A6 1C 6F 76 (13)
                              [N9:P] TPOS 255 237 166 28 (-1202660)
2025-07-08 14:03:21:486 [IN ] C8 24 09 0E 25 A5 09 01 31 06 81 53 FF ED C9 92 5C A1 31 (19)
                              [N9:P] TPOS 'S' 255 237 201 146 (-1193582)
2025-07-08 14:03:21:688 [IN ] C8 24 09 0E 25 A5 09 01 31 06 81 45 FF ED A3 DB 71 58 31 (19)
                              [N9:P] TPOS 'E' 255 237 163 219 (-1203237)
2025-07-08 14:03:21:911 [OUT] 25 A5 01 09 31 05 81 FF ED 7F E3 0F EF (13)
                              [N9:P] TPOS 255 237 127 227 (-1212445)
2025-07-08 14:03:22:100 [IN ] C8 24 09 0E 25 A5 09 01 31 06 81 53 FF ED A3 DE 82 A1 31 (19)
                              [N9:P] TPOS 'S' 255 237 163 222 (-1203234)
2025-07-08 14:03:22:302 [IN ] C8 24 09 0E 25 A5 09 01 31 06 81 45 FF ED 7D 96 06 C7 31 (19)
                              [N9:P] TPOS 'E' 255 237 125 150 (-1213034)
2025-07-08 14:03:22:524 [OUT] 25 A5 01 09 31 05 81 FF ED 59 AA B0 6A (13)
                              [N9:P] TPOS 255 237 89 170 (-1222230)
2025-07-08 14:03:22:692 [IN ] C8 24 09 0E 25 A5 09 01 31 06 81 53 FF ED 7D 9C 1A 13 31 (19)
                              [N9:P] TPOS 'S' 255 237 125 156 (-1213028)
2025-07-08 14:03:22:893 [IN ] C8 24 09 0E 25 A5 09 01 31 06 81 45 FF ED 57 87 D1 6C 31 (19)
                              [N9:P] TPOS 'E' 255 237 87 135 (-1222777)
2025-07-08 14:03:23:116 [OUT] 25 A5 01 09 31 05 81 FF ED 33 71 51 E5 (13)
                              [N9:P] TPOS 255 237 51 113 (-1232015)
2025-07-08 14:03:23:306 [IN ] C8 24 09 0E 25 A5 09 01 31 06 81 53 FF ED 57 8D E5 B8 31 (19)
                              [N9:P] TPOS 'S' 255 237 87 141 (-1222771)
2025-07-08 14:03:23:508 [IN ] C8 24 09 0E 25 A5 09 01 31 06 81 45 FF ED 31 56 7A EF 31 (19)
                              [N9:P] TPOS 'E' 255 237 49 86 (-1232554)
2025-07-08 14:03:23:730 [OUT] 25 A5 01 09 31 05 81 FF ED 0D 38 F2 60 (13)
                              [N9:P] TPOS 255 237 13 56 (-1241800)
2025-07-08 14:03:23:919 [IN ] C8 24 09 0E 25 A5 09 01 31 06 81 53 FF ED 31 5A 8C 39 31 (19)
                              [N9:P] TPOS 'S' 255 237 49 90 (-1232550)
2025-07-08 14:03:24:121 [IN ] C8 24 09 0E 25 A5 09 01 31 06 81 45 FF ED 0A DD DA 28 31 (19)
                              [N9:P] TPOS 'E' 255 237 10 221 (-1242403)
2025-07-08 14:03:24:344 [OUT] 25 A5 01 09 31 05 81 FF EC E6 FF 91 D6 (13)
                              [N9:P] TPOS 255 236 230 255 (-1251585)
2025-07-08 14:03:24:533 [IN ] C8 24 09 0E 25 A5 09 01 31 06 81 53 FF ED 0A E1 EC 72 31 (19)
                              [N9:P] TPOS 'S' 255 237 10 225 (-1242399)
2025-07-08 14:03:24:734 [IN ] C8 24 09 0E 25 A5 09 01 31 06 81 45 FF EC E4 91 67 8D 31 (19)
                              [N9:P] TPOS 'E' 255 236 228 145 (-1252207)
2025-07-08 14:03:24:956 [OUT] 25 A5 01 09 31 05 81 FF EC C0 C6 32 51 (13)
                              [N9:P] TPOS 255 236 192 198 (-1261370)
2025-07-08 14:03:25:145 [IN ] C8 24 09 0E 25 A5 09 01 31 06 81 53 FF EC E4 96 7A D8 31 (19)
                              [N9:P] TPOS 'S' 255 236 228 150 (-1252202)
2025-07-08 14:03:25:346 [IN ] C8 24 09 0E 25 A5 09 01 31 06 81 45 FF EC BD F7 A6 A5 31 (19)
                              [N9:P] TPOS 'E' 255 236 189 247 (-1262089)
2025-07-08 14:03:25:568 [OUT] 25 A5 01 09 31 05 81 FF EC 9A 8D D3 CC (13)
                              [N9:P] TPOS 255 236 154 141 (-1271155)
2025-07-08 14:03:25:757 [IN ] C8 24 09 0E 25 A5 09 01 31 06 81 53 FF EC BD FB B8 EF 31 (19)
                              [N9:P] TPOS 'S' 255 236 189 251 (-1262085)
2025-07-08 14:03:25:958 [IN ] C8 24 09 0E 25 A5 09 01 31 06 81 45 FF EC 97 F4 7D 56 31 (19)
                              [N9:P] TPOS 'E' 255 236 151 244 (-1271820)
2025-07-08 14:03:26:180 [OUT] 25 A5 01 09 31 05 81 FF EC 74 55 75 48 (13)
                              [N9:P] TPOS 255 236 116 85 (-1280939)
2025-07-08 14:03:26:368 [IN ] C8 24 09 0E 25 A5 09 01 31 06 81 53 FF EC 97 F8 8F A0 31 (19)
                              [N9:P] TPOS 'S' 255 236 151 248 (-1271816)
2025-07-08 14:03:26:570 [IN ] C8 24 09 0E 25 A5 09 01 31 06 81 45 FF EC 71 9E 01 B4 31 (19)
                              [N9:P] TPOS 'E' 255 236 113 158 (-1281634)
2025-07-08 14:03:26:792 [OUT] 25 A5 01 09 31 05 81 FF EC 4E 1C 16 C3 (13)
                              [N9:P] TPOS 255 236 78 28 (-1290724)
2025-07-08 14:03:26:980 [IN ] C8 24 09 0E 25 A5 09 01 31 06 81 53 FF EC 71 A0 11 FC 31 (19)
                              [N9:P] TPOS 'S' 255 236 113 160 (-1281632)
2025-07-08 14:03:27:181 [IN ] C8 24 09 0E 25 A5 09 01 31 06 81 45 FF EC 4B A6 E3 70 31 (19)
                              [N9:P] TPOS 'E' 255 236 75 166 (-1291354)
2025-07-08 14:03:27:404 [OUT] 25 A5 01 09 31 05 81 FF EC 27 E3 B6 3C (13)
                              [N9:P] TPOS 255 236 39 227 (-1300509)
2025-07-08 14:03:27:592 [IN ] C8 24 09 0E 25 A5 09 01 31 06 81 53 FF EC 4B A9 F4 B9 31 (19)
                              [N9:P] TPOS 'S' 255 236 75 169 (-1291351)
2025-07-08 14:03:27:794 [IN ] C8 24 09 0E 25 A5 09 01 31 06 81 45 FF EC 26 26 3E A6 31 (19)
                              [N9:P] TPOS 'E' 255 236 38 38 (-1300954)
2025-07-08 14:03:28:016 [OUT] 25 A5 01 09 31 05 81 FF EC 01 AA 57 B7 (13)
                              [N9:P] TPOS 255 236 1 170 (-1310294)
2025-07-08 14:03:28:184 [IN ] C8 24 09 0E 25 A5 (6)
2025-07-08 14:03:28:206 [IN ] 09 01 31 06 81 53 FF EC 26 2D 53 F3 31 (13)
                              [N9:P] TPOS 'S' 255 236 38 45 (-1300947)
2025-07-08 14:03:28:407 [IN ] C8 24 09 0E 25 A5 09 01 31 06 81 45 FF EC 00 2A 1C 5E 31 (19)
                              [N9:P] TPOS 'E' 255 236 0 42 (-1310678)
2025-07-08 14:03:28:629 [OUT] 25 A5 01 09 31 05 81 FF EB DB 71 F7 2F (13)
                              [N9:P] TPOS 255 235 219 113 (-1320079)
2025-07-08 14:03:28:817 [IN ] C8 24 09 0E 25 A5 09 01 31 06 81 53 FF EC 00 2D 2D A7 31 (19)
                              [N9:P] TPOS 'S' 255 236 0 45 (-1310675)
2025-07-08 14:03:29:018 [IN ] C8 24 09 0E 25 A5 09 01 31 06 81 45 FF EB D9 CB 95 AE 31 (19)
                              [N9:P] TPOS 'E' 255 235 217 203 (-1320501)
2025-07-08 14:03:29:241 [OUT] 25 A5 01 09 31 05 81 FF EB B5 38 98 AA (13)
                              [N9:P] TPOS 255 235 181 56 (-1329864)
2025-07-08 14:03:29:430 [IN ] C8 24 09 0E 25 A5 09 01 31 06 81 53 FF EB D9 D0 A8 F9 31 (19)
                              [N9:P] TPOS 'S' 255 235 217 208 (-1320496)
2025-07-08 14:03:29:631 [IN ] C8 24 09 0E 25 A5 09 01 31 06 81 45 FF EB B2 F0 93 85 31 (19)
                              [N9:P] TPOS 'E' 255 235 178 240 (-1330448)
2025-07-08 14:03:29:853 [OUT] 25 A5 01 09 31 05 81 FF EB 8E FF 38 23 (13)
                              [N9:P] TPOS 255 235 142 255 (-1339649)
2025-07-08 14:03:30:022 [IN ] C8 24 09 0E 25 A5 09 01 31 06 81 53 FF EB B2 F5 A6 D0 31 (19)
                              [N9:P] TPOS 'S' 255 235 178 245 (-1330443)
2025-07-08 14:03:30:225 [IN ] C8 24 09 0E 25 A5 09 01 31 06 81 45 FF EB 8C 8D 0A D6 31 (19)
                              [N9:P] TPOS 'E' 255 235 140 141 (-1340275)
2025-07-08 14:03:30:447 [OUT] 25 A5 01 09 31 05 81 FF EB 68 C6 D9 9E (13)
                              [N9:P] TPOS 255 235 104 198 (-1349434)
2025-07-08 14:03:30:637 [IN ] C8 24 09 0E 25 A5 09 01 31 06 81 53 FF EB 8C 91 1C 20 31 (19)
                              [N9:P] TPOS 'S' 255 235 140 145 (-1340271)
2025-07-08 14:03:30:839 [IN ] C8 24 09 0E 25 A5 09 01 31 06 81 45 FF EB 66 14 6B 11 31 (19)
                              [N9:P] TPOS 'E' 255 235 102 20 (-1350124)
2025-07-08 14:03:31:061 [OUT] 25 A5 01 09 31 05 81 FF EB 42 8D 7A 19 (13)
                              [N9:P] TPOS 255 235 66 141 (-1359219)
2025-07-08 14:03:31:250 [IN ] C8 24 09 0E 25 A5 09 01 31 06 81 53 FF EB 66 22 87 65 31 (19)
                              [N9:P] TPOS 'S' 255 235 102 34 (-1350110)
2025-07-08 14:03:31:451 [IN ] C8 24 09 0E 25 A5 09 01 31 06 81 45 FF EB 3F 62 92 11 31 (19)
                              [N9:P] TPOS 'E' 255 235 63 98 (-1360030)
2025-07-08 14:03:31:673 [OUT] 25 A5 01 09 31 05 81 FF EB 1C 55 1C 95 (13)
                              [N9:P] TPOS 255 235 28 85 (-1369003)
2025-07-08 14:03:31:862 [IN ] C8 24 09 0E 25 A5 09 01 31 06 81 53 FF EB 3F 65 A3 5A 31 (19)
                              [N9:P] TPOS 'S' 255 235 63 101 (-1360027)
2025-07-08 14:03:32:064 [IN ] C8 24 09 0E 25 A5 09 01 31 06 81 45 FF EB 19 9E A8 01 31 (19)
                              [N9:P] TPOS 'E' 255 235 25 158 (-1369698)
2025-07-08 14:03:32:286 [OUT] 25 A5 01 09 31 05 81 FF EA F6 1C BC 0D (13)
                              [N9:P] TPOS 255 234 246 28 (-1378788)
2025-07-08 14:03:32:473 [IN ] C8 24 09 0E 25 A5 09 01 31 06 81 53 FF EB 19 A1 B9 4A 31 (19)
                              [N9:P] TPOS 'S' 255 235 25 161 (-1369695)
2025-07-08 14:03:32:675 [IN ] C8 24 09 0E 25 A5 09 01 31 06 81 45 FF EA F3 DE C1 F2 31 (19)
                              [N9:P] TPOS 'E' 255 234 243 222 (-1379362)
2025-07-08 14:03:32:897 [OUT] 25 A5 01 09 31 05 81 FF EA CF E3 5C 86 (13)
                              [N9:P] TPOS 255 234 207 227 (-1388573)
2025-07-08 14:03:33:088 [IN ] C8 24 09 0E 25 A5 09 01 31 06 81 53 FF EA F3 E1 D2 3B 31 (19)
                              [N9:P] TPOS 'S' 255 234 243 225 (-1379359)
2025-07-08 14:03:33:289 [IN ] C8 24 09 0E 25 A5 09 01 31 06 81 45 FF EA CE 3F FD 09 31 (19)
                              [N9:P] TPOS 'E' 255 234 206 63 (-1388993)
2025-07-08 14:03:33:512 [OUT] 25 A5 01 09 31 05 81 FF EA A9 AA FD 01 (13)
                              [N9:P] TPOS 255 234 169 170 (-1398358)
2025-07-08 14:03:33:701 [IN ] C8 24 09 0E 25 A5 09 01 31 06 81 53 FF EA CE 46 12 56 31 (19)
                              [N9:P] TPOS 'S' 255 234 206 70 (-1388986)
2025-07-08 14:03:33:902 [IN ] C8 24 09 0E 25 A5 09 01 31 06 81 45 FF EA A8 1C B4 9A 31 (19)
                              [N9:P] TPOS 'E' 255 234 168 28 (-1398756)
2025-07-08 14:03:34:124 [OUT] 25 A5 01 09 31 05 81 FF EA 83 71 9E 7C (13)
                              [N9:P] TPOS 255 234 131 113 (-1408143)
2025-07-08 14:03:34:312 [IN ] C8 24 09 0E 25 A5 09 01 31 06 81 53 FF EA A8 1F C5 E3 31 (19)
                              [N9:P] TPOS 'S' 255 234 168 31 (-1398753)
2025-07-08 14:03:34:513 [IN ] C8 24 09 0E 25 A5 09 01 31 06 81 45 FF EA 81 F4 65 24 31 (19)
                              [N9:P] TPOS 'E' 255 234 129 244 (-1408524)
2025-07-08 14:03:34:735 [OUT] 25 A5 01 09 31 05 81 FF EA 5D 38 3F F7 (13)
                              [N9:P] TPOS 255 234 93 56 (-1417928)
2025-07-08 14:03:34:924 [IN ] C8 24 09 0E 25 A5 09 01 31 06 81 53 FF EA 81 FA 79 70 31 (19)
                              [N9:P] TPOS 'S' 255 234 129 250 (-1408518)
2025-07-08 14:03:35:125 [IN ] C8 24 09 0E 25 A5 09 01 31 06 81 45 FF EA 5B 38 83 1C 31 (19)
                              [N9:P] TPOS 'E' 255 234 91 56 (-1418440)
2025-07-08 14:03:35:347 [OUT] 25 A5 01 09 31 05 81 FF EA 36 FF DF 70 (13)
                              [N9:P] TPOS 255 234 54 255 (-1427713)
2025-07-08 14:03:35:537 [IN ] C8 24 09 0E 25 A5 09 01 31 06 81 53 FF EA 5B 44 9D 6E 31 (19)
                              [N9:P] TPOS 'S' 255 234 91 68 (-1418428)
2025-07-08 14:03:35:738 [IN ] C8 24 09 0E 25 A5 09 01 31 06 81 45 FF EA 33 F2 15 86 31 (19)
                              [N9:P] TPOS 'E' 255 234 51 242 (-1428494)
2025-07-08 14:03:35:960 [OUT] 25 A5 01 09 31 05 81 FF EA 10 C6 80 EB (13)
                              [N9:P] TPOS 255 234 16 198 (-1437498)
2025-07-08 14:03:36:150 [IN ] C8 24 09 0E 25 A5 09 01 31 06 81 53 FF EA 33 F6 27 D0 31 (19)
                              [N9:P] TPOS 'S' 255 234 51 246 (-1428490)
2025-07-08 14:03:36:351 [IN ] C8 24 09 0E 25 A5 09 01 31 06 81 45 FF EA 0D B1 AE F9 31 (19)
                              [N9:P] TPOS 'E' 255 234 13 177 (-1438287)
2025-07-08 14:03:36:573 [OUT] 25 A5 01 09 31 05 81 FF E9 EA 8D 20 63 (13)
                              [N9:P] TPOS 255 233 234 141 (-1447283)
2025-07-08 14:03:36:762 [IN ] C8 24 09 0E 25 A5 09 01 31 06 81 53 FF EA 0D B5 C0 43 31 (19)
                              [N9:P] TPOS 'S' 255 234 13 181 (-1438283)
2025-07-08 14:03:36:966 [IN ] C8 24 09 0E 25 A5 09 01 31 06 81 45 FF E9 E7 8B 61 84 31 (19)
                              [N9:P] TPOS 'E' 255 233 231 139 (-1448053)
2025-07-08 14:03:37:189 [OUT] 25 A5 01 09 31 05 81 FF E9 C4 55 C2 DF (13)
                              [N9:P] TPOS 255 233 196 85 (-1457067)
2025-07-08 14:03:37:377 [IN ] C8 24 09 0E 25 A5 09 01 31 06 81 53 FF E9 E7 8E 72 CD 31 (19)
                              [N9:P] TPOS 'S' 255 233 231 142 (-1448050)
2025-07-08 14:03:37:579 [IN ] C8 24 09 0E 25 A5 09 01 31 06 81 45 FF E9 C1 91 41 3E 31 (19)
                              [N9:P] TPOS 'E' 255 233 193 145 (-1457775)
2025-07-08 14:03:37:801 [OUT] 25 A5 01 09 31 05 81 FF E9 9E 1C 63 5A (13)
                              [N9:P] TPOS 255 233 158 28 (-1466852)
2025-07-08 14:03:37:969 [IN ] C8 24 09 0E 25 A5 09 01 31 06 81 53 FF E9 C1 93 51 86 31 (19)
                              [N9:P] TPOS 'S' 255 233 193 147 (-1457773)
2025-07-08 14:03:38:170 [IN ] C8 24 09 0E 25 A5 09 01 31 06 81 45 FF E9 9B CA 54 2B 31 (19)
                              [N9:P] TPOS 'E' 255 233 155 202 (-1467446)
2025-07-08 14:03:38:392 [OUT] 25 A5 01 09 31 05 81 FF E9 77 E3 03 D3 (13)
                              [N9:P] TPOS 255 233 119 227 (-1476637)
2025-07-08 14:03:38:580 [IN ] C8 24 09 0E 25 A5 09 01 (8)
2025-07-08 14:03:38:602 [IN ] 31 06 81 53 FF E9 9B CE 66 75 31 (11)
                              [N9:P] TPOS 'S' 255 233 155 206 (-1467442)
2025-07-08 14:03:38:803 [IN ] C8 24 09 0E 25 A5 09 01 31 06 81 45 FF E9 76 35 9A 4C 31 (19)
                              [N9:P] TPOS 'E' 255 233 118 53 (-1477067)
2025-07-08 14:03:39:026 [OUT] 25 A5 01 09 31 05 81 FF E9 51 AA A4 4E (13)
                              [N9:P] TPOS 255 233 81 170 (-1486422)
2025-07-08 14:03:39:214 [IN ] C8 24 09 0E 25 A5 09 01 31 06 81 53 FF E9 76 3A AD 97 31 (19)
                              [N9:P] TPOS 'S' 255 233 118 58 (-1477062)
2025-07-08 14:03:39:415 [IN ] C8 24 09 0E 25 A5 09 01 31 06 81 45 FF E9 50 3D 7C 08 31 (19)
                              [N9:P] TPOS 'E' 255 233 80 61 (-1486787)
2025-07-08 14:03:39:637 [OUT] 25 A5 01 09 31 05 81 FF E9 2B 71 45 C9 (13)
                              [N9:P] TPOS 255 233 43 113 (-1496207)
2025-07-08 14:03:39:826 [IN ] C8 24 09 0E 25 A5 09 01 31 06 81 53 FF E9 50 3F 8C 50 31 (19)
                              [N9:P] TPOS 'S' 255 233 80 63 (-1486785)
2025-07-08 14:03:40:029 [IN ] C8 24 09 0E 25 A5 09 01 31 06 81 45 FF E9 29 47 5F C4 31 (19)
                              [N9:P] TPOS 'E' 255 233 41 71 (-1496761)
2025-07-08 14:03:40:250 [OUT] 25 A5 01 09 31 05 81 FF E9 05 38 E6 44 (13)
                              [N9:P] TPOS 255 233 5 56 (-1505992)
2025-07-08 14:03:40:440 [IN ] C8 24 09 0E 25 A5 09 01 31 06 81 53 FF E9 29 4A 70 0D 31 (19)
                              [N9:P] TPOS 'S' 255 233 41 74 (-1496758)
2025-07-08 14:03:40:640 [IN ] C8 24 09 0E 25 A5 09 01 31 06 81 45 FF E9 03 0A FC 3B 31 (19)
                              [N9:P] TPOS 'E' 255 233 3 10 (-1506550)
2025-07-08 14:03:40:863 [OUT] 25 A5 01 09 31 05 81 FF E8 DE FF 85 BA (13)
                              [N9:P] TPOS 255 232 222 255 (-1515777)
2025-07-08 14:03:41:050 [IN ] C8 24 09 0E 25 A5 09 01 31 06 81 53 FF E9 03 0E 0E 85 31 (19)
                              [N9:P] TPOS 'S' 255 233 3 14 (-1506546)
2025-07-08 14:03:41:251 [IN ] C8 24 09 0E 25 A5 09 01 31 06 81 45 FF E8 DC 89 53 69 31 (19)
                              [N9:P] TPOS 'E' 255 232 220 137 (-1516407)
2025-07-08 14:03:41:473 [OUT] 25 A5 01 09 31 05 81 FF E8 B8 C6 26 35 (13)
                              [N9:P] TPOS 255 232 184 198 (-1525562)
2025-07-08 14:03:41:663 [IN ] C8 24 09 0E 25 A5 09 01 31 06 81 53 FF E8 DC 8E 66 B4 31 (19)
                              [N9:P] TPOS 'S' 255 232 220 142 (-1516402)
2025-07-08 14:03:41:864 [IN ] C8 24 09 0E 25 A5 09 01 31 06 81 45 FF E8 B6 42 E6 D6 31 (19)
                              [N9:P] TPOS 'E' 255 232 182 66 (-1526206)
2025-07-08 14:03:42:086 [OUT] 25 A5 01 09 31 05 81 FF E8 92 8D C7 B0 (13)
                              [N9:P] TPOS 255 232 146 141 (-1535347)
2025-07-08 14:03:42:274 [IN ] C8 24 09 0E 25 A5 09 01 31 06 81 53 FF E8 B6 47 F9 21 31 (19)
                              [N9:P] TPOS 'S' 255 232 182 71 (-1526201)
2025-07-08 14:03:42:476 [IN ] C8 24 09 0E 25 A5 09 01 31 06 81 45 FF E8 90 20 9E 68 31 (19)
                              [N9:P] TPOS 'E' 255 232 144 32 (-1535968)
2025-07-08 14:03:42:698 [OUT] 25 A5 01 09 31 05 81 FF E8 6C 55 69 2C (13)
                              [N9:P] TPOS 255 232 108 85 (-1545131)
2025-07-08 14:03:42:887 [IN ] C8 24 09 0E 25 A5 09 01 31 06 81 53 FF E8 90 21 AD AF 31 (19)
                              [N9:P] TPOS 'S' 255 232 144 33 (-1535967)
2025-07-08 14:03:43:089 [IN ] C8 24 09 0E 25 A5 09 01 31 06 81 45 FF E8 69 CB 22 C5 31 (19)
                              [N9:P] TPOS 'E' 255 232 105 203 (-1545781)
