2025-07-08 19:41:10:357 [OUT] 25 A5 01 0A 31 05 D6 3D FF 00 00 53 ED (13)
                              [N10:HMI] HMILED '=' 255 0 0 (16711680)
2025-07-08 19:41:10:379 [OUT] 25 A5 01 03 31 02 D8 3F 4E CE (10)
                              [N3:X] INTERRUPT '?'
2025-07-08 19:41:10:680 [IN ] C8 24 0A 0D 25 A5 0A 01 31 05 D6 3A FF 00 00 50 EA 49 C8 24 03 0C 25 A5 03 01 31 04 D8 3A 01 01 4D 6A EA (35)
                              [N10:HMI] HMILED ':' 255 0 0 (16711680)
                              [N3:X] INTERRUPT ':' 1 1 (257)
2025-07-08 19:41:10:701 [OUT] 25 A5 01 09 31 03 C9 3D 09 4D 1C (11)
                              [N9:P] LFLAG '=' 9 (9)
2025-07-08 19:41:10:725 [OUT] 25 A5 01 04 31 02 D8 3F 4F D3 (10)
                              [N4:Y] INTERRUPT '?'
2025-07-08 19:41:11:026 [IN ] C8 24 09 0B 25 A5 09 01 31 03 C9 3A 09 4A 1E 6A C8 24 04 0C 25 A5 04 01 31 04 D8 3A 01 01 4E 72 EA (33)
                              [N9:P] LFLAG ':' 9 (9)
                              [N4:Y] INTERRUPT ':' 1 1 (257)
2025-07-08 19:41:11:051 [OUT] 25 A5 01 09 31 03 CA 3D 09 4E 1F (11)
                              [N9:P] RFLAG '=' 9 (9)
2025-07-08 19:41:11:074 [OUT] 25 A5 01 0C 31 02 D8 3F 57 FB (10)
                              [N12:Z] INTERRUPT '?'
2025-07-08 19:41:11:376 [IN ] C8 24 09 0B 25 A5 09 01 31 03 CA 3A 09 4B 21 72 C8 24 0C 0C 25 A5 0C 01 31 04 D8 3A 01 01 56 B2 EA (33)
                              [N9:P] RFLAG ':' 9 (9)
                              [N12:Z] INTERRUPT ':' 1 1 (257)
2025-07-08 19:41:11:397 [OUT] 25 A5 01 08 31 03 C9 3D 09 4C 16 (11)
                              [N8:R] LFLAG '=' 9 (9)
2025-07-08 19:41:11:419 [OUT] 25 A5 01 03 31 03 C9 3D 0B 49 FA (11)
                              [N3:X] LFLAG '=' 11 (11)
2025-07-08 19:41:11:441 [OUT] 25 A5 01 04 31 03 C9 3D 0B 4A 00 (11)
                              [N4:Y] LFLAG '=' 11 (11)
2025-07-08 19:41:11:463 [OUT] 25 A5 01 0C 31 03 C9 3D 0B 52 30 (11)
                              [N12:Z] LFLAG '=' 11 (11)
2025-07-08 19:41:11:568 [IN ] C8 24 08 0B 25 A5 08 01 31 03 C9 3A 09 49 17 B2 (16)
                              [N8:R] LFLAG ':' 9 (9)
2025-07-08 19:41:11:590 [OUT] 25 A5 01 08 31 03 CA 3D 09 4D 19 (11)
                              [N8:R] RFLAG '=' 9 (9)
2025-07-08 19:41:11:658 [IN ] C8 24 03 0B 25 A5 03 01 31 03 (10)
2025-07-08 19:41:11:685 [IN ] C9 3A 0B 46 F6 B2 (6)
                              [N3:X] LFLAG ':' 11 (11)
2025-07-08 19:41:11:708 [OUT] 25 A5 01 03 31 03 88 00 50 10 02 (11)
                              [N3:X] RUN 0 80 (80)
2025-07-08 19:41:11:791 [IN ] C8 24 04 0B 25 A5 04 01 31 03 C9 3A 0B 47 FD B2 (16)
                              [N4:Y] LFLAG ':' 11 (11)
2025-07-08 19:41:11:814 [OUT] 25 A5 01 04 31 03 88 00 50 11 08 (11)
                              [N4:Y] RUN 0 80 (80)
2025-07-08 19:41:11:899 [IN ] C8 24 0C 0B 25 A5 0C 01 31 03 C9 3A 0B 4F 35 B2 (16)
                              [N12:Z] LFLAG ':' 11 (11)
2025-07-08 19:41:11:921 [OUT] 25 A5 01 0C 31 03 88 00 50 19 38 (11)
                              [N12:Z] RUN 0 80 (80)
2025-07-08 19:41:12:004 [IN ] C8 24 08 0B 25 A5 08 01 31 03 CA 3A 09 4A 1A B2 (16)
                              [N8:R] RFLAG ':' 9 (9)
2025-07-08 19:41:12:108 [IN ] C8 24 03 0C 25 A5 03 01 31 04 88 53 00 50 64 C2 EA (17)
                              [N3:X] RUN 'S' 0 80 (80)
2025-07-08 19:41:12:232 [IN ] C8 24 04 0C 25 A5 04 01 31 04 88 53 00 50 65 CA EA (17)
                              [N4:Y] RUN 'S' 0 80 (80)
2025-07-08 19:41:12:338 [IN ] C8 24 0C 0C 25 A5 0C 01 31 04 88 53 00 50 6D 0A EA (17)
                              [N12:Z] RUN 'S' 0 80 (80)
2025-07-08 19:41:18:956 [IN ] C8 24 04 0B 25 A5 04 01 31 03 81 5A 4C 60 A6 0A C8 24 04 0A 25 A5 04 01 31 02 81 49 02 32 A6 (31)
                              [N4:Y] TPOS 'Z' 76 (76)
                              [N4:Y] TPOS 'I'
2025-07-08 19:41:19:179 [OUT] 25 A5 01 09 31 02 D8 3F 54 EC (10)
                              [N9:P] INTERRUPT '?'
2025-07-08 19:41:19:480 [IN ] C8 24 09 0C 25 A5 09 01 31 04 D8 3A 01 01 53 9A EA (17)
                              [N9:P] INTERRUPT ':' 1 1 (257)
2025-07-08 19:41:19:501 [OUT] 25 A5 01 04 31 03 C9 3D 09 48 FE (11)
                              [N4:Y] LFLAG '=' 9 (9)
2025-07-08 19:41:19:523 [OUT] 25 A5 01 07 31 02 D8 3F 52 E2 (10)
                              [N7:N] INTERRUPT '?'
2025-07-08 19:41:19:824 [IN ] C8 24 04 0B 25 A5 04 01 31 03 C9 3A 09 45 FB 9A C8 24 07 0C 25 A5 07 01 31 04 D8 3A 01 01 51 8A EA (33)
                              [N4:Y] LFLAG ':' 9 (9)
                              [N7:N] INTERRUPT ':' 1 1 (257)
2025-07-08 19:41:19:849 [OUT] 25 A5 01 09 31 03 C9 3D 0B 4F 1E (11)
                              [N9:P] LFLAG '=' 11 (11)
2025-07-08 19:41:19:871 [OUT] 25 A5 01 07 31 03 C9 3D 0B 4D 12 (11)
                              [N7:N] LFLAG '=' 11 (11)
2025-07-08 19:41:20:016 [IN ] C8 24 09 0B 25 A5 09 01 31 03 C9 3A 0B 4C 20 8A (16)
                              [N9:P] LFLAG ':' 11 (11)
2025-07-08 19:41:20:038 [OUT] 25 A5 01 09 31 03 88 00 50 16 26 (11)
                              [N9:P] RUN 0 80 (80)
2025-07-08 19:41:20:121 [IN ] C8 24 07 0B 25 A5 07 01 31 03 C9 3A 0B 4A 12 8A (16)
                              [N7:N] LFLAG ':' 11 (11)
2025-07-08 19:41:20:142 [OUT] 25 A5 01 07 31 03 88 00 50 14 1A (11)
                              [N7:N] RUN 0 80 (80)
2025-07-08 19:41:20:248 [IN ] C8 24 09 0C 25 A5 09 01 31 04 88 53 00 50 6A F2 EA (17)
                              [N9:P] RUN 'S' 0 80 (80)
2025-07-08 19:41:20:314 [IN ] C8 24 09 0B 25 A5 09 01 31 03 81 5A 4C 65 C9 F2 (16)
                              [N9:P] TPOS 'Z' 76 (76)
2025-07-08 19:41:20:338 [IN ] C8 24 07 0C 25 A5 07 01 31 04 88 53 00 50 68 E2 EA C8 24 (19)
                              [N7:N] RUN 'S' 0 80 (80)
2025-07-08 19:41:20:540 [IN ] 09 0A 25 A5 09 01 31 02 81 49 07 50 68 (13)
                              [N9:P] TPOS 'I'
2025-07-08 19:41:20:763 [OUT] 25 A5 01 09 31 03 C9 3D 09 4D 1C (11)
                              [N9:P] LFLAG '=' 9 (9)
2025-07-08 19:41:20:786 [OUT] 25 A5 01 04 31 05 81 FF EE 88 01 32 FA (13)
                              [N4:Y] TPOS 255 238 136 1 (-1144831)
2025-07-08 19:41:20:930 [IN ] C8 24 09 0B 25 A5 09 01 31 03 C9 3A 09 4A 1E E2 (16)
                              [N9:P] LFLAG ':' 9 (9)
2025-07-08 19:41:21:054 [IN ] C8 24 04 0E 25 A5 04 01 31 06 81 53 00 00 00 00 10 88 0A (19)
                              [N4:Y] TPOS 'S' 0 0 0 0 (0)
2025-07-08 19:41:21:257 [IN ] C8 24 03 0B 25 A5 03 01 31 03 81 5A 4C 5F 9F 00 C8 24 03 0A 25 A5 03 01 31 02 81 49 01 2C 9F (31)
                              [N3:X] TPOS 'Z' 76 (76)
                              [N3:X] TPOS 'I'
2025-07-08 19:41:21:480 [OUT] 25 A5 01 03 31 03 C9 3D 09 47 F8 (11)
                              [N3:X] LFLAG '=' 9 (9)
2025-07-08 19:41:21:648 [IN ] C8 24 03 0B 25 A5 03 01 31 03 C9 3A 09 44 F4 00 (16)
                              [N3:X] LFLAG ':' 9 (9)
2025-07-08 19:41:24:659 [IN ] C8 24 07 0B 25 A5 07 01 31 03 81 5A 4C 63 BB 00 C8 24 07 0A 25 A5 07 01 31 02 81 49 05 44 BB (31)
                              [N7:N] TPOS 'Z' 76 (76)
                              [N7:N] TPOS 'I'
2025-07-08 19:41:24:882 [OUT] 25 A5 01 07 31 03 C9 3D 09 4B 10 (11)
                              [N7:N] LFLAG '=' 9 (9)
2025-07-08 19:41:25:047 [IN ] C8 24 07 0B 25 A5 07 01 31 03 C9 3A 09 48 10 00 (16)
                              [N7:N] LFLAG ':' 9 (9)
2025-07-08 19:41:26:853 [IN ] C8 24 0C 0B 25 A5 0C 01 31 03 81 5A 4C 68 DE 00 (16)
                              [N12:Z] TPOS 'Z' 76 (76)
2025-07-08 19:41:27:055 [IN ] C8 24 0C 0A 25 A5 0C 01 31 02 81 49 0A 62 DE (15)
                              [N12:Z] TPOS 'I'
2025-07-08 19:41:27:257 [IN ] C8 24 04 0E 25 A5 04 01 31 06 81 45 FF EE 85 07 7B 19 0A (19)
                              [N4:Y] TPOS 'E' 255 238 133 7 (-1145593)
2025-07-08 19:41:27:278 [OUT] 25 A5 01 0C 31 03 C9 3D 09 50 2E (11)
                              [N12:Z] LFLAG '=' 9 (9)
2025-07-08 19:41:27:323 [OUT] 25 A5 01 04 31 05 81 FF FD 50 01 09 B7 (13)
                              [N4:Y] TPOS 255 253 80 1 (-176127)
2025-07-08 19:41:27:346 [OUT] 25 A5 01 09 31 05 81 FF E7 5D 56 5A 0C (13)
                              [N9:P] TPOS 255 231 93 86 (-1614506)
2025-07-08 19:41:27:370 [OUT] 25 A5 01 07 31 05 81 FF AB 19 75 F7 DF (13)
                              [N7:N] TPOS 255 171 25 117 (-5564043)
2025-07-08 19:41:27:392 [OUT] 25 A5 01 03 31 05 81 FF EC 4A AB 9B 1A (13)
                              [N3:X] TPOS 255 236 74 171 (-1291605)
2025-07-08 19:41:27:414 [OUT] 25 A5 01 06 31 02 D8 3F 51 DD (10)
                              [N6:H] INTERRUPT '?'
2025-07-08 19:41:27:716 [IN ] C8 24 0C 0B 25 A5 0C 01 31 03 C9 3A 09 4D 33 07 C8 24 04 0E 25 A5 04 01 31 06 81 53 FF EE 85 07 89 5F 0A C8 24 09 0E 25 A5 09 01 31 06 81 53 FF FF FF D0 E2 81 0A (54)
                              [N12:Z] LFLAG ':' 9 (9)
                              [N4:Y] TPOS 'S' 255 238 133 7 (-1145593)
                              [N9:P] TPOS 'S' 255 255 255 208 (-48)
2025-07-08 19:41:28:017 [IN ] C8 24 07 0E 25 A5 07 01 31 06 81 53 FF FF FF F8 08 95 0A C8 24 03 0E 25 A5 03 01 31 06 81 53 00 00 00 00 0F 7E 0A (38)
                              [N7:N] TPOS 'S' 255 255 255 248 (-8)
                              [N3:X] TPOS 'S' 0 0 0 0 (0)
2025-07-08 19:41:28:319 [IN ] C8 24 06 0C 25 A5 06 01 31 04 D8 3A 01 01 50 82 0F (17)
                              [N6:H] INTERRUPT ':' 1 1 (257)
2025-07-08 19:41:28:340 [OUT] 25 A5 01 0C 31 05 81 FF BC D0 00 4F 33 (13)
                              [N12:Z] TPOS 255 188 208 0 (-4403200)
2025-07-08 19:41:28:361 [OUT] 25 A5 01 06 31 03 C9 3D 0B 4C 0C (11)
                              [N6:H] LFLAG '=' 11 (11)
2025-07-08 19:41:28:526 [IN ] C8 24 0C 0E 25 A5 0C 01 31 06 81 53 FF FF FF C4 D9 93 0A (19)
                              [N12:Z] TPOS 'S' 255 255 255 196 (-60)
2025-07-08 19:41:28:650 [IN ] C8 24 06 0B 25 A5 06 01 31 03 C9 3A 0B 49 0B C4 (16)
                              [N6:H] LFLAG ':' 11 (11)
2025-07-08 19:41:28:672 [OUT] 25 A5 01 06 31 03 88 FF B0 72 72 (11)
                              [N6:H] RUN 255 176 (-80)
2025-07-08 19:41:28:841 [IN ] C8 24 06 0C 25 A5 06 01 31 04 88 53 FF B0 C6 38 D9 (17)
                              [N6:H] RUN 'S' 255 176 (-80)
2025-07-08 19:41:33:854 [IN ] C8 24 06 0B 25 A5 06 01 31 03 81 5A 4C 62 B4 38 C8 24 06 0A 25 A5 06 01 31 02 81 49 04 3E B4 (31)
                              [N6:H] TPOS 'Z' 76 (76)
                              [N6:H] TPOS 'I'
2025-07-08 19:41:34:079 [OUT] 25 A5 01 06 31 03 C9 3D 09 4A 0A (11)
                              [N6:H] LFLAG '=' 9 (9)
2025-07-08 19:41:34:242 [IN ] C8 24 06 0B 25 A5 06 01 31 03 C9 3A 09 47 09 38 (16)
                              [N6:H] LFLAG ':' 9 (9)
2025-07-08 19:41:34:264 [OUT] 25 A5 01 06 31 03 84 00 50 0F 08 (11)
                              [N6:H] VEL 0 80 (80)
2025-07-08 19:41:34:432 [IN ] C8 24 06 0C 25 A5 06 01 31 04 84 53 00 50 63 CA D9 (17)
                              [N6:H] VEL 'S' 0 80 (80)
2025-07-08 19:41:34:453 [OUT] 25 A5 01 06 31 05 81 00 19 82 3C 95 BE (13)
                              [N6:H] TPOS 0 25 130 60 (1671740)
2025-07-08 19:41:34:661 [IN ] C8 24 06 0E 25 A5 06 01 31 06 81 53 00 00 00 00 12 9C 0A (19)
                              [N6:H] TPOS 'S' 0 0 0 0 (0)
2025-07-08 19:41:35:063 [IN ] C8 24 03 0E 25 A5 03 01 31 06 81 45 FF EC 48 40 74 C8 0A (19)
                              [N3:X] TPOS 'E' 255 236 72 64 (-1292224)
2025-07-08 19:41:35:489 [OUT] 25 A5 01 03 31 05 81 FF FD 50 01 08 AF (13)
                              [N3:X] TPOS 255 253 80 1 (-176127)
2025-07-08 19:41:35:653 [IN ] C8 24 03 0E 25 A5 03 01 31 06 81 53 FF EC 48 40 82 0E 0A (19)
                              [N3:X] TPOS 'S' 255 236 72 64 (-1292224)
2025-07-08 19:41:36:055 [IN ] C8 24 04 0E 25 A5 04 01 31 06 81 45 FF FD 4F 9F EC 72 0A (19)
                              [N4:Y] TPOS 'E' 255 253 79 159 (-176225)
2025-07-08 19:41:36:659 [IN ] C8 24 09 0E 25 A5 09 01 31 06 81 45 FF E7 59 FA 40 D1 0A (19)
                              [N9:P] TPOS 'E' 255 231 89 250 (-1615366)
2025-07-08 19:41:37:087 [OUT] 25 A5 01 09 31 05 81 FF FF D9 C8 60 BE (13)
                              [N9:P] TPOS 255 255 217 200 (-9784)
2025-07-08 19:41:37:251 [IN ] C8 24 09 0E 25 A5 09 01 31 06 81 53 FF E7 59 FD 51 1A 0A (19)
                              [N9:P] TPOS 'S' 255 231 89 253 (-1615363)
2025-07-08 19:41:44:072 [IN ] C8 24 06 0E 25 A5 06 01 31 06 81 45 00 19 82 D5 74 7A 0A (19)
                              [N6:H] TPOS 'E' 0 25 130 213 (1671893)
2025-07-08 19:41:44:502 [OUT] 25 A5 01 06 31 05 81 00 0C C6 7D 0D 60 (13)
                              [N6:H] TPOS 0 12 198 125 (837245)
2025-07-08 19:41:44:668 [IN ] C8 24 06 0E 25 A5 06 01 31 06 81 53 00 19 82 D5 82 C0 0A (19)
                              [N6:H] TPOS 'S' 0 25 130 213 (1671893)
2025-07-08 19:41:44:869 [IN ] C8 24 03 0E 25 A5 03 01 31 06 81 45 FF FD 50 58 A5 23 0A (19)
                              [N3:X] TPOS 'E' 255 253 80 88 (-176040)
2025-07-08 19:41:46:474 [IN ] C8 24 09 0E 25 A5 09 01 31 06 81 45 FF FF DB C5 A5 E8 0A (19)
                              [N9:P] TPOS 'E' 255 255 219 197 (-9275)
2025-07-08 19:41:46:702 [OUT] 25 A5 01 08 31 02 D8 3F 53 E7 (10)
                              [N8:R] INTERRUPT '?'
2025-07-08 19:41:47:004 [IN ] C8 24 08 0C 25 A5 08 01 31 04 D8 3A 01 01 52 92 A5 (17)
                              [N8:R] INTERRUPT ':' 1 1 (257)
2025-07-08 19:41:47:025 [OUT] 25 A5 01 08 31 03 CA 3D 0B 4F 1B (11)
                              [N8:R] RFLAG '=' 11 (11)
2025-07-08 19:41:47:193 [IN ] C8 24 08 0B 25 A5 08 01 31 03 CA 3A 0B 4C 1C 92 (16)
                              [N8:R] RFLAG ':' 11 (11)
2025-07-08 19:41:47:214 [OUT] 25 A5 01 08 31 03 88 00 50 15 20 (11)
                              [N8:R] RUN 0 80 (80)
2025-07-08 19:41:47:381 [IN ] C8 24 08 0C 25 A5 08 01 31 04 88 53 00 50 69 EA A5 (17)
                              [N8:R] RUN 'S' 0 80 (80)
2025-07-08 19:41:48:988 [IN ] C8 24 06 0E 25 A5 06 01 31 06 81 45 00 0C C2 69 3B 67 0A (19)
                              [N6:H] TPOS 'E' 0 12 194 105 (836201)
2025-07-08 19:41:49:210 [OUT] 25 A5 01 05 31 02 D8 3F 50 D8 (10)
                              [N5:V] INTERRUPT '?'
2025-07-08 19:41:49:511 [IN ] C8 24 05 0C 25 A5 05 01 31 04 D8 3A 01 01 4F 7A 3B (17)
                              [N5:V] INTERRUPT ':' 1 1 (257)
2025-07-08 19:41:49:532 [OUT] 25 A5 01 05 31 03 C9 3D 0B 4B 06 (11)
                              [N5:V] LFLAG '=' 11 (11)
2025-07-08 19:41:49:700 [IN ] C8 24 05 0B 25 A5 05 01 31 03 C9 3A 0B 48 04 7A (16)
                              [N5:V] LFLAG ':' 11 (11)
2025-07-08 19:41:49:722 [OUT] 25 A5 01 05 31 03 88 FF B0 71 6C (11)
                              [N5:V] RUN 255 176 (-80)
2025-07-08 19:41:49:888 [IN ] C8 24 05 0C 25 A5 05 01 31 04 88 53 FF B0 C5 30 3B (17)
                              [N5:V] RUN 'S' 255 176 (-80)
2025-07-08 19:41:50:690 [IN ] C8 24 0C 0E 25 A5 0C 01 31 06 81 45 FF BC CC 1E AF 78 0A (19)
                              [N12:Z] TPOS 'E' 255 188 204 30 (-4404194)
2025-07-08 19:41:51:115 [OUT] 25 A5 01 0C 31 05 81 FF D3 40 CD A3 25 (13)
                              [N12:Z] TPOS 255 211 64 205 (-2932531)
2025-07-08 19:41:51:304 [IN ] C8 24 0C 0E 25 A5 0C 01 31 06 81 53 FF BC CC 1F BE BF 0A (19)
                              [N12:Z] TPOS 'S' 255 188 204 31 (-4404193)
2025-07-08 19:41:53:109 [IN ] C8 24 07 0E 25 A5 07 01 31 06 81 45 FF AB 15 54 18 DB 0A (19)
                              [N7:N] TPOS 'E' 255 171 21 84 (-5565100)
2025-07-08 19:41:53:534 [OUT] 25 A5 01 07 31 05 81 FF F1 FD 05 B1 09 (13)
                              [N7:N] TPOS 255 241 253 5 (-918267)
2025-07-08 19:41:53:722 [IN ] C8 24 07 0E 25 A5 07 01 31 06 (10)
2025-07-08 19:41:53:744 [IN ] 81 53 FF AB 15 57 29 24 0A (9)
                              [N7:N] TPOS 'S' 255 171 21 87 (-5565097)
2025-07-08 19:41:54:949 [IN ] C8 24 05 0B 25 A5 05 01 31 03 81 5A 4C 61 AD 57 (16)
                              [N5:V] TPOS 'Z' 76 (76)
2025-07-08 19:41:55:151 [IN ] C8 24 05 0A 25 A5 05 01 31 02 81 49 03 38 AD (15)
                              [N5:V] TPOS 'I'
2025-07-08 19:41:55:373 [OUT] 25 A5 01 05 31 03 C9 3D 09 49 04 (11)
                              [N5:V] LFLAG '=' 9 (9)
2025-07-08 19:41:55:543 [IN ] C8 24 05 0B 25 A5 05 01 31 03 C9 3A 09 46 02 57 (16)
                              [N5:V] LFLAG ':' 9 (9)
2025-07-08 19:41:55:565 [OUT] 25 A5 01 05 31 03 84 00 50 0E 02 (11)
                              [N5:V] VEL 0 80 (80)
2025-07-08 19:41:55:566 [IN ] C8 24 08 0B 25 A5 08 01 31 03 81 5A 52 6A C8 57 (16)
                              [N8:R] TPOS 'Z' 82 (82)
2025-07-08 19:41:55:608 [IN ] C8 24 08 0A 25 A5 08 01 31 02 81 49 06 4A C8 (15)
                              [N8:R] TPOS 'I'
2025-07-08 19:41:55:652 [OUT] 25 A5 01 08 31 03 CA 3D 09 4D 19 (11)
                              [N8:R] RFLAG '=' 9 (9)
2025-07-08 19:41:55:735 [IN ] C8 24 05 0C 25 A5 05 01 31 04 84 53 00 50 62 C2 29 (17)
                              [N5:V] VEL 'S' 0 80 (80)
2025-07-08 19:41:55:757 [OUT] 25 A5 01 05 31 05 81 00 19 82 3C 94 B6 (13)
                              [N5:V] TPOS 0 25 130 60 (1671740)
2025-07-08 19:41:55:822 [IN ] C8 24 08 0B 25 A5 08 01 31 03 CA 3A 09 4A 1A C2 (16)
                              [N8:R] RFLAG ':' 9 (9)
2025-07-08 19:41:55:843 [OUT] 25 A5 01 08 31 05 81 FF DC 77 1D 2F DE (13)
                              [N8:R] TPOS 255 220 119 29 (-2328803)
2025-07-08 19:41:55:966 [IN ] C8 24 05 0E 25 A5 05 01 31 06 81 53 00 00 00 00 11 92 0A (19)
                              [N5:V] TPOS 'S' 0 0 0 0 (0)
2025-07-08 19:41:56:090 [IN ] C8 24 08 0E 25 A5 08 01 31 06 81 53 FF FF FF F0 01 97 0A (19)
                              [N8:R] TPOS 'S' 255 255 255 240 (-16)
2025-07-08 19:41:58:499 [IN ] C8 24 0C 0E 25 A5 0C 01 31 06 81 45 FF D3 44 3D 5D CC 0A (19)
                              [N12:Z] TPOS 'E' 255 211 68 61 (-2931651)
2025-07-08 19:42:03:912 [IN ] C8 24 05 0E 25 A5 05 01 31 06 81 45 00 19 85 FB 9C 9C 0A (19)
                              [N5:V] TPOS 'E' 0 25 133 251 (1672699)
2025-07-08 19:42:04:337 [OUT] 25 A5 01 05 31 05 81 00 0D 0D 37 0E A3 (13)
                              [N5:V] TPOS 0 13 13 55 (855351)
2025-07-08 19:42:04:522 [IN ] C8 24 05 0E 25 A5 05 01 31 06 81 53 00 19 85 FB AA E2 0A (19)
                              [N5:V] TPOS 'S' 0 25 133 251 (1672699)
2025-07-08 19:42:09:735 [IN ] C8 24 05 0E 25 A5 05 01 31 06 81 45 00 0D 0B 95 B0 1E 0A (19)
                              [N5:V] TPOS 'E' 0 13 11 149 (854933)
2025-07-08 19:42:09:960 [OUT] 25 A5 01 03 31 05 81 FF EE 69 92 A3 45 (13)
                              [N3:X] TPOS 255 238 105 146 (-1152622)
2025-07-08 19:42:09:982 [OUT] 25 A5 01 04 31 05 81 FF F4 2F 0D EB 66 (13)
                              [N4:Y] TPOS 255 244 47 13 (-774387)
2025-07-08 19:42:10:148 [IN ] C8 24 03 0E 25 A5 03 01 31 06 81 53 FF FD 50 58 B3 69 0A (19)
                              [N3:X] TPOS 'S' 255 253 80 88 (-176040)
2025-07-08 19:42:10:273 [IN ] C8 24 04 0E 25 A5 04 01 31 06 81 53 FF FD 4F 9F FA B8 0A (19)
                              [N4:Y] TPOS 'S' 255 253 79 159 (-176225)
2025-07-08 19:42:10:875 [IN ] C8 24 08 0E 25 A5 08 01 31 06 81 45 FF DC 75 B3 09 97 0A (19)
                              [N8:R] TPOS 'E' 255 220 117 179 (-2329165)
2025-07-08 19:42:11:298 [OUT] 25 A5 01 08 31 05 81 FF EE 15 56 18 89 (13)
                              [N8:R] TPOS 255 238 21 86 (-1174186)
2025-07-08 19:42:11:463 [IN ] C8 24 08 0E 25 A5 08 01 31 06 81 53 FF DC 75 B7 1B E1 0A (19)
                              [N8:R] TPOS 'S' 255 220 117 183 (-2329161)
2025-07-08 19:42:13:669 [IN ] C8 24 04 0E 25 A5 04 01 31 06 81 45 FF F4 2C CD EE 3F 0A (19)
                              [N4:Y] TPOS 'E' 255 244 44 205 (-774963)
2025-07-08 19:42:14:874 [IN ] C8 24 07 0E 25 A5 07 01 31 06 81 45 FF F2 02 06 FE 3C 0A (19)
                              [N7:N] TPOS 'E' 255 242 2 6 (-916986)
2025-07-08 19:42:15:477 [IN ] C8 24 03 0E 25 A5 03 01 31 06 81 45 FF EE 67 1D 72 E9 0A (19)
                              [N3:X] TPOS 'E' 255 238 103 29 (-1153251)
2025-07-08 19:42:19:491 [IN ] C8 24 08 0E 25 A5 08 01 31 06 81 45 FF EE 16 FB 04 57 0A (19)
                              [N8:R] TPOS 'E' 255 238 22 251 (-1173765)
