2025-07-08 19:03:48:248 [OUT] 25 A5 01 0A 31 05 D6 3D FF 00 00 53 ED (13)
                              [N10:HMI] HMILED '=' 255 0 0 (16711680)
2025-07-08 19:03:48:271 [OUT] 25 A5 01 03 31 02 D8 3F 4E CE (10)
                              [N3:X] INTERRUPT '?'
2025-07-08 19:03:48:572 [IN ] C8 24 0A 0D 25 A5 0A 01 31 05 D6 3A FF 00 00 50 EA 36 C8 24 03 0C 25 A5 03 01 31 04 D8 3A 01 01 4D 6A EA (35)
                              [N10:HMI] HMILED ':' 255 0 0 (16711680)
                              [N3:X] INTERRUPT ':' 1 1 (257)
2025-07-08 19:03:48:594 [OUT] 25 A5 01 09 31 03 C9 3D 09 4D 1C (11)
                              [N9:P] LFLAG '=' 9 (9)
2025-07-08 19:03:48:616 [OUT] 25 A5 01 04 31 02 D8 3F 4F D3 (10)
                              [N4:Y] INTERRUPT '?'
2025-07-08 19:03:48:918 [IN ] C8 24 09 0B 25 A5 09 01 31 03 C9 3A 09 4A 1E 6A C8 24 04 0C 25 A5 04 01 31 04 D8 3A 01 01 4E 72 EA (33)
                              [N9:P] LFLAG ':' 9 (9)
                              [N4:Y] INTERRUPT ':' 1 1 (257)
2025-07-08 19:03:48:939 [OUT] 25 A5 01 09 31 03 CA 3D 09 4E 1F (11)
                              [N9:P] RFLAG '=' 9 (9)
2025-07-08 19:03:48:965 [OUT] 25 A5 01 0C 31 02 D8 3F 57 FB (10)
                              [N12:Z] INTERRUPT '?'
2025-07-08 19:03:49:266 [IN ] C8 24 09 0B 25 A5 09 01 31 03 CA 3A 09 4B 21 72 C8 24 0C 0C 25 A5 0C 01 31 04 D8 3A 01 01 56 B2 EA (33)
                              [N9:P] RFLAG ':' 9 (9)
                              [N12:Z] INTERRUPT ':' 1 1 (257)
2025-07-08 19:03:49:288 [OUT] 25 A5 01 08 31 03 C9 3D 09 4C 16 (11)
                              [N8:R] LFLAG '=' 9 (9)
2025-07-08 19:03:49:309 [OUT] 25 A5 01 03 31 03 C9 3D 0B 49 FA (11)
                              [N3:X] LFLAG '=' 11 (11)
2025-07-08 19:03:49:331 [OUT] 25 A5 01 04 31 03 C9 3D 0B 4A 00 (11)
                              [N4:Y] LFLAG '=' 11 (11)
2025-07-08 19:03:49:359 [OUT] 25 A5 01 0C 31 03 C9 3D 0B 52 30 (11)
                              [N12:Z] LFLAG '=' 11 (11)
2025-07-08 19:03:49:462 [IN ] C8 24 08 0B 25 A5 08 01 31 03 C9 3A 09 49 17 B2 (16)
                              [N8:R] LFLAG ':' 9 (9)
2025-07-08 19:03:49:484 [OUT] 25 A5 01 08 31 03 CA 3D 09 4D 19 (11)
                              [N8:R] RFLAG '=' 9 (9)
2025-07-08 19:03:49:567 [IN ] C8 24 03 0B 25 A5 03 01 31 03 C9 3A 0B 46 F6 B2 (16)
                              [N3:X] LFLAG ':' 11 (11)
2025-07-08 19:03:49:589 [OUT] 25 A5 01 03 31 03 88 00 50 10 02 (11)
                              [N3:X] RUN 0 80 (80)
2025-07-08 19:03:49:671 [IN ] C8 24 04 0B 25 A5 04 01 31 03 C9 3A 0B 47 FD B2 (16)
                              [N4:Y] LFLAG ':' 11 (11)
2025-07-08 19:03:49:693 [OUT] 25 A5 01 04 31 03 88 00 50 11 08 (11)
                              [N4:Y] RUN 0 80 (80)
2025-07-08 19:03:49:776 [IN ] C8 24 0C 0B 25 A5 0C 01 31 03 C9 3A 0B 4F 35 B2 (16)
                              [N12:Z] LFLAG ':' 11 (11)
2025-07-08 19:03:49:797 [OUT] 25 A5 01 0C 31 03 88 00 50 19 38 (11)
                              [N12:Z] RUN 0 80 (80)
2025-07-08 19:03:49:880 [IN ] C8 24 08 0B 25 A5 08 01 31 03 CA 3A (12)
2025-07-08 19:03:49:904 [IN ] 09 4A 1A B2 (4)
                              [N8:R] RFLAG ':' 9 (9)
2025-07-08 19:03:50:006 [IN ] C8 24 03 0C 25 A5 03 01 31 04 88 53 00 50 64 C2 EA (17)
                              [N3:X] RUN 'S' 0 80 (80)
2025-07-08 19:03:50:109 [IN ] C8 24 04 0C 25 A5 04 01 31 04 88 53 00 50 65 CA EA (17)
                              [N4:Y] RUN 'S' 0 80 (80)
2025-07-08 19:03:50:233 [IN ] C8 24 0C 0C 25 A5 0C 01 31 04 88 53 00 50 6D 0A EA (17)
                              [N12:Z] RUN 'S' 0 80 (80)
2025-07-08 19:03:56:650 [IN ] C8 24 04 0B 25 A5 04 01 31 03 81 5A 4C 60 A6 0A C8 24 04 0A 25 A5 04 01 31 02 81 49 02 32 A6 (31)
                              [N4:Y] TPOS 'Z' 76 (76)
                              [N4:Y] TPOS 'I'
2025-07-08 19:03:56:874 [OUT] 25 A5 01 09 31 02 D8 3F 54 EC (10)
                              [N9:P] INTERRUPT '?'
2025-07-08 19:03:57:176 [IN ] C8 24 09 0C 25 A5 09 01 31 04 D8 3A 01 01 53 9A EA (17)
                              [N9:P] INTERRUPT ':' 1 1 (257)
2025-07-08 19:03:57:197 [OUT] 25 A5 01 04 31 03 C9 3D 09 48 FE (11)
                              [N4:Y] LFLAG '=' 9 (9)
2025-07-08 19:03:57:219 [OUT] 25 A5 01 07 31 02 D8 3F 52 E2 (10)
                              [N7:N] INTERRUPT '?'
2025-07-08 19:03:57:520 [IN ] C8 24 04 0B 25 A5 04 01 31 03 C9 3A 09 45 FB 9A C8 24 07 0C 25 A5 07 01 31 04 D8 3A 01 01 51 8A EA (33)
                              [N4:Y] LFLAG ':' 9 (9)
                              [N7:N] INTERRUPT ':' 1 1 (257)
2025-07-08 19:03:57:542 [OUT] 25 A5 01 09 31 03 C9 3D 0B 4F 1E (11)
                              [N9:P] LFLAG '=' 11 (11)
2025-07-08 19:03:57:563 [OUT] 25 A5 01 07 31 03 C9 3D 0B 4D 12 (11)
                              [N7:N] LFLAG '=' 11 (11)
2025-07-08 19:03:57:692 [IN ] C8 24 09 0B 25 A5 09 01 31 03 C9 3A 0B 4C 20 8A (16)
                              [N9:P] LFLAG ':' 11 (11)
2025-07-08 19:03:57:713 [OUT] 25 A5 01 09 31 03 88 00 50 16 26 (11)
                              [N9:P] RUN 0 80 (80)
2025-07-08 19:03:57:838 [IN ] C8 24 07 0B 25 A5 07 01 31 03 C9 3A 0B 4A 12 8A (16)
                              [N7:N] LFLAG ':' 11 (11)
2025-07-08 19:03:57:859 [OUT] 25 A5 01 07 31 03 88 00 50 14 1A (11)
                              [N7:N] RUN 0 80 (80)
2025-07-08 19:03:57:922 [IN ] C8 24 09 0C 25 A5 09 01 31 04 88 53 00 50 6A F2 EA (17)
                              [N9:P] RUN 'S' 0 80 (80)
2025-07-08 19:03:57:985 [IN ] C8 24 09 0B 25 A5 09 01 31 03 81 5A 4C 65 C9 F2 (16)
                              [N9:P] TPOS 'Z' 76 (76)
2025-07-08 19:03:58:034 [IN ] C8 24 09 0A 25 A5 09 01 31 02 81 49 07 50 C9 C8 24 07 0C 25 A5 07 01 31 04 88 53 00 50 68 E2 EA (32)
                              [N9:P] TPOS 'I'
                              [N7:N] RUN 'S' 0 80 (80)
2025-07-08 19:03:58:265 [OUT] 25 A5 01 09 31 03 C9 3D 09 4D 1C (11)
                              [N9:P] LFLAG '=' 9 (9)
2025-07-08 19:03:58:287 [OUT] 25 A5 01 04 31 05 81 FF EE 88 01 32 FA (13)
                              [N4:Y] TPOS 255 238 136 1 (-1144831)
2025-07-08 19:03:58:431 [IN ] C8 24 09 0B 25 A5 09 01 31 03 C9 3A 09 4A 1E E2 (16)
                              [N9:P] LFLAG ':' 9 (9)
2025-07-08 19:03:58:574 [IN ] C8 24 04 0E 25 A5 04 01 31 06 81 53 00 00 00 00 10 88 0A (19)
                              [N4:Y] TPOS 'S' 0 0 0 0 (0)
2025-07-08 19:03:59:178 [IN ] C8 24 03 0B 25 A5 03 01 31 03 81 5A 4C 5F 9F 00 C8 24 03 0A 25 A5 03 01 31 02 81 49 01 2C 9F (31)
                              [N3:X] TPOS 'Z' 76 (76)
                              [N3:X] TPOS 'I'
2025-07-08 19:03:59:400 [OUT] 25 A5 01 03 31 03 C9 3D 09 47 F8 (11)
                              [N3:X] LFLAG '=' 9 (9)
2025-07-08 19:03:59:565 [IN ] C8 24 03 0B 25 A5 03 01 31 03 C9 3A 09 44 F4 00 (16)
                              [N3:X] LFLAG ':' 9 (9)
2025-07-08 19:04:02:174 [IN ] C8 24 07 0B 25 A5 07 01 31 03 81 5A 4C 63 BB 00 (16)
                              [N7:N] TPOS 'Z' 76 (76)
2025-07-08 19:04:02:376 [IN ] C8 24 07 0A 25 A5 07 01 31 02 81 49 05 44 BB (15)
                              [N7:N] TPOS 'I'
2025-07-08 19:04:02:599 [OUT] 25 A5 01 07 31 03 C9 3D 09 4B 10 (11)
                              [N7:N] LFLAG '=' 9 (9)
2025-07-08 19:04:02:763 [IN ] C8 24 07 0B 25 A5 07 01 31 03 C9 3A 09 48 10 00 (16)
                              [N7:N] LFLAG ':' 9 (9)
2025-07-08 19:04:04:770 [IN ] C8 24 04 0E 25 A5 04 01 31 06 81 45 FF EE 85 41 B5 53 0A C8 24 0C 0B 25 A5 0C 01 31 03 81 5A 4C 68 DE 41 C8 24 0C 0A 25 A5 0C 01 31 02 81 49 0A 62 DE (50)
                              [N4:Y] TPOS 'E' 255 238 133 65 (-1145535)
                              [N12:Z] TPOS 'Z' 76 (76)
                              [N12:Z] TPOS 'I'
2025-07-08 19:04:04:994 [OUT] 25 A5 01 0C 31 03 C9 3D 09 50 2E (11)
                              [N12:Z] LFLAG '=' 9 (9)
2025-07-08 19:04:05:016 [OUT] 25 A5 01 09 31 05 81 FF E7 5D 56 5A 0C (13)
                              [N9:P] TPOS 255 231 93 86 (-1614506)
2025-07-08 19:04:05:039 [OUT] 25 A5 01 04 31 05 81 FF FD 50 01 09 B7 (13)
                              [N4:Y] TPOS 255 253 80 1 (-176127)
2025-07-08 19:04:05:062 [OUT] 25 A5 01 07 31 05 81 FF AB 19 75 F7 DF (13)
                              [N7:N] TPOS 255 171 25 117 (-5564043)
2025-07-08 19:04:05:084 [OUT] 25 A5 01 03 31 05 81 FF EC 4A AB 9B 1A (13)
                              [N3:X] TPOS 255 236 74 171 (-1291605)
2025-07-08 19:04:05:106 [OUT] 25 A5 01 06 31 02 D8 3F 51 DD (10)
                              [N6:H] INTERRUPT '?'
2025-07-08 19:04:05:408 [IN ] C8 24 0C 0B 25 A5 0C 01 31 03 C9 3A 09 4D 33 41 C8 24 09 0E 25 A5 09 01 31 06 81 53 FF FF FF F5 07 A6 0A (35)
                              [N12:Z] LFLAG ':' 9 (9)
                              [N9:P] TPOS 'S' 255 255 255 245 (-11)
2025-07-08 19:04:05:709 [IN ] C8 24 04 0E 25 A5 04 01 31 06 81 53 FF EE 85 41 C3 99 0A C8 24 07 0E 25 A5 07 01 31 06 81 53 FF FF FF F7 07 94 0A C8 24 03 0E 25 A5 03 01 31 06 81 53 00 00 00 00 0F 7E 0A (57)
                              [N4:Y] TPOS 'S' 255 238 133 65 (-1145535)
                              [N7:N] TPOS 'S' 255 255 255 247 (-9)
                              [N3:X] TPOS 'S' 0 0 0 0 (0)
2025-07-08 19:04:06:011 [IN ] C8 24 06 0C 25 A5 06 01 31 04 D8 3A 01 01 50 82 0F (17)
                              [N6:H] INTERRUPT ':' 1 1 (257)
2025-07-08 19:04:06:032 [OUT] 25 A5 01 0C 31 05 81 FF BC D0 00 4F 33 (13)
                              [N12:Z] TPOS 255 188 208 0 (-4403200)
2025-07-08 19:04:06:054 [OUT] 25 A5 01 06 31 03 C9 3D 0B 4C 0C (11)
                              [N6:H] LFLAG '=' 11 (11)
2025-07-08 19:04:06:219 [IN ] C8 24 0C 0E 25 A5 0C 01 31 06 81 53 FF FF FF B9 CE 88 0A (19)
                              [N12:Z] TPOS 'S' 255 255 255 185 (-71)
2025-07-08 19:04:06:330 [IN ] C8 24 06 0B 25 A5 06 01 31 03 C9 3A 0B 49 0B B9 (16)
                              [N6:H] LFLAG ':' 11 (11)
2025-07-08 19:04:06:356 [OUT] 25 A5 01 06 31 03 88 FF B0 72 72 (11)
                              [N6:H] RUN 255 176 (-80)
2025-07-08 19:04:06:501 [IN ] C8 24 06 0C 25 A5 06 01 31 04 88 53 FF B0 C6 38 CE (17)
                              [N6:H] RUN 'S' 255 176 (-80)
2025-07-08 19:04:11:519 [IN ] C8 24 06 0B 25 A5 06 01 31 03 81 5A 4C 62 B4 38 C8 24 06 0A 25 A5 06 01 31 02 81 49 04 3E B4 (31)
                              [N6:H] TPOS 'Z' 76 (76)
                              [N6:H] TPOS 'I'
2025-07-08 19:04:11:744 [OUT] 25 A5 01 06 31 03 C9 3D 09 4A 0A (11)
                              [N6:H] LFLAG '=' 9 (9)
2025-07-08 19:04:11:913 [IN ] C8 24 06 0B 25 A5 06 01 31 03 C9 3A 09 47 09 38 (16)
                              [N6:H] LFLAG ':' 9 (9)
2025-07-08 19:04:11:934 [OUT] 25 A5 01 06 31 03 84 00 50 0F 08 (11)
                              [N6:H] VEL 0 80 (80)
2025-07-08 19:04:12:102 [IN ] C8 24 06 0C 25 A5 06 01 31 04 84 53 00 50 63 CA CE (17)
                              [N6:H] VEL 'S' 0 80 (80)
2025-07-08 19:04:12:125 [OUT] 25 A5 01 06 31 05 81 00 19 82 3C 95 BE (13)
                              [N6:H] TPOS 0 25 130 60 (1671740)
2025-07-08 19:04:12:309 [IN ] C8 24 06 0E 25 A5 06 01 31 06 81 53 00 00 00 00 12 9C 0A (19)
                              [N6:H] TPOS 'S' 0 0 0 0 (0)
2025-07-08 19:04:12:711 [IN ] C8 24 03 0E 25 A5 03 01 31 06 81 45 FF EC 48 22 56 AA 0A (19)
                              [N3:X] TPOS 'E' 255 236 72 34 (-1292254)
2025-07-08 19:04:13:136 [OUT] 25 A5 01 03 31 05 81 FF FD 50 01 08 AF (13)
                              [N3:X] TPOS 255 253 80 1 (-176127)
2025-07-08 19:04:13:321 [IN ] C8 24 03 0E 25 A5 03 01 31 06 81 53 FF EC 48 22 64 F0 0A (19)
                              [N3:X] TPOS 'S' 255 236 72 34 (-1292254)
2025-07-08 19:04:13:723 [IN ] C8 24 04 0E 25 A5 04 01 31 06 81 45 FF FD 4F B8 05 8B 0A (19)
                              [N4:Y] TPOS 'E' 255 253 79 184 (-176200)
2025-07-08 19:04:14:326 [IN ] C8 24 09 0E 25 A5 09 01 31 06 81 45 FF E7 5A 5E A5 37 0A (19)
                              [N9:P] TPOS 'E' 255 231 90 94 (-1615266)
2025-07-08 19:04:14:751 [OUT] 25 A5 01 09 31 05 81 FF FF D9 C8 60 BE (13)
                              [N9:P] TPOS 255 255 217 200 (-9784)
2025-07-08 19:04:14:936 [IN ] C8 24 09 0E 25 A5 09 01 31 06 81 53 FF E7 5A 63 B8 82 0A (19)
                              [N9:P] TPOS 'S' 255 231 90 99 (-1615261)
2025-07-08 19:04:21:752 [IN ] C8 24 06 0E 25 A5 06 01 31 06 81 45 00 19 82 AA 49 4F 0A (19)
                              [N6:H] TPOS 'E' 0 25 130 170 (1671850)
2025-07-08 19:04:22:177 [OUT] 25 A5 01 06 31 05 81 00 0C C6 7D 0D 60 (13)
                              [N6:H] TPOS 0 12 198 125 (837245)
2025-07-08 19:04:22:301 [IN ] C8 24 03 0E 25 A5 03 01 31 06 81 45 FF FD 50 67 B4 32 0A (19)
                              [N3:X] TPOS 'E' 255 253 80 103 (-176025)
2025-07-08 19:04:22:365 [IN ] C8 24 06 0E 25 A5 06 01 31 06 81 53 00 19 82 AA 57 95 0A (19)
                              [N6:H] TPOS 'S' 0 25 130 170 (1671850)
2025-07-08 19:04:24:171 [IN ] C8 24 09 0E 25 A5 09 01 31 06 81 45 FF FF DB C4 A4 E7 0A (19)
                              [N9:P] TPOS 'E' 255 255 219 196 (-9276)
2025-07-08 19:04:24:395 [OUT] 25 A5 01 08 31 02 D8 3F 53 E7 (10)
                              [N8:R] INTERRUPT '?'
2025-07-08 19:04:24:697 [IN ] C8 24 08 0C 25 A5 08 01 31 04 D8 3A 01 01 52 92 A4 (17)
                              [N8:R] INTERRUPT ':' 1 1 (257)
2025-07-08 19:04:24:719 [OUT] 25 A5 01 08 31 03 CA 3D 0B 4F 1B (11)
                              [N8:R] RFLAG '=' 11 (11)
2025-07-08 19:04:24:885 [IN ] C8 24 08 0B 25 A5 08 01 31 03 CA 3A 0B 4C 1C 92 (16)
                              [N8:R] RFLAG ':' 11 (11)
2025-07-08 19:04:24:907 [OUT] 25 A5 01 08 31 03 88 00 50 15 20 (11)
                              [N8:R] RUN 0 80 (80)
2025-07-08 19:04:25:073 [IN ] C8 24 08 0C 25 A5 08 01 31 04 88 53 00 50 69 EA A4 (17)
                              [N8:R] RUN 'S' 0 80 (80)
2025-07-08 19:04:26:678 [IN ] C8 24 06 0E 25 A5 06 01 31 06 81 45 00 0C C2 50 22 4E 0A (19)
                              [N6:H] TPOS 'E' 0 12 194 80 (836176)
2025-07-08 19:04:26:901 [OUT] 25 A5 01 05 31 02 D8 3F 50 D8 (10)
                              [N5:V] INTERRUPT '?'
2025-07-08 19:04:27:203 [IN ] C8 24 05 0C 25 A5 05 01 31 04 D8 3A 01 01 4F 7A 22 (17)
                              [N5:V] INTERRUPT ':' 1 1 (257)
2025-07-08 19:04:27:224 [OUT] 25 A5 01 05 31 03 C9 3D 0B 4B 06 (11)
                              [N5:V] LFLAG '=' 11 (11)
2025-07-08 19:04:27:389 [IN ] C8 24 05 0B 25 A5 05 01 31 03 C9 3A 0B 48 04 7A (16)
                              [N5:V] LFLAG ':' 11 (11)
2025-07-08 19:04:27:412 [OUT] 25 A5 01 05 31 03 88 FF B0 71 6C (11)
                              [N5:V] RUN 255 176 (-80)
2025-07-08 19:04:27:576 [IN ] C8 24 05 0C 25 A5 05 01 31 04 88 53 FF B0 C5 30 22 (17)
                              [N5:V] RUN 'S' 255 176 (-80)
2025-07-08 19:04:28:379 [IN ] C8 24 0C 0E 25 A5 0C 01 31 06 81 45 FF BC CC 0B 9C 65 0A (19)
                              [N12:Z] TPOS 'E' 255 188 204 11 (-4404213)
2025-07-08 19:04:28:804 [OUT] 25 A5 01 0C 31 05 81 FF D3 40 CD A3 25 (13)
                              [N12:Z] TPOS 255 211 64 205 (-2932531)
2025-07-08 19:04:28:969 [IN ] C8 24 0C 0E 25 A5 0C 01 31 06 81 53 FF BC CC 0C AB AC 0A (19)
                              [N12:Z] TPOS 'S' 255 188 204 12 (-4404212)
2025-07-08 19:04:30:774 [IN ] C8 24 07 0E 25 A5 07 01 31 06 81 45 FF AB 15 4E 12 D5 0A (19)
                              [N7:N] TPOS 'E' 255 171 21 78 (-5565106)
2025-07-08 19:04:31:198 [OUT] 25 A5 01 07 31 05 81 FF F1 FD 05 B1 09 (13)
                              [N7:N] TPOS 255 241 253 5 (-918267)
2025-07-08 19:04:31:384 [IN ] C8 24 07 0E 25 A5 07 01 31 06 81 53 FF AB 15 53 25 20 0A (19)
                              [N7:N] TPOS 'S' 255 171 21 83 (-5565101)
2025-07-08 19:04:32:790 [IN ] C8 24 05 0B 25 A5 05 01 31 03 81 5A 4C 61 AD 53 C8 24 05 0A 25 A5 05 01 31 02 81 49 03 38 AD (31)
                              [N5:V] TPOS 'Z' 76 (76)
                              [N5:V] TPOS 'I'
2025-07-08 19:04:33:012 [OUT] 25 A5 01 05 31 03 C9 3D 09 49 04 (11)
                              [N5:V] LFLAG '=' 9 (9)
2025-07-08 19:04:33:181 [IN ] C8 24 05 0B 25 A5 05 01 31 03 C9 3A 09 46 02 53 (16)
                              [N5:V] LFLAG ':' 9 (9)
2025-07-08 19:04:33:202 [OUT] 25 A5 01 05 31 03 84 00 50 0E 02 (11)
                              [N5:V] VEL 0 80 (80)
2025-07-08 19:04:33:369 [IN ] C8 24 05 0C 25 A5 05 01 31 04 84 53 00 50 62 C2 25 (17)
                              [N5:V] VEL 'S' 0 80 (80)
2025-07-08 19:04:33:391 [OUT] 25 A5 01 05 31 05 81 00 19 82 3C 94 B6 (13)
                              [N5:V] TPOS 0 25 130 60 (1671740)
2025-07-08 19:04:33:413 [IN ] C8 24 08 0B 25 A5 08 01 31 03 81 5A 52 6A C8 C2 (16)
                              [N8:R] TPOS 'Z' 82 (82)
2025-07-08 19:04:33:455 [IN ] C8 24 08 0A 25 A5 08 01 31 02 81 49 06 4A C8 (15)
                              [N8:R] TPOS 'I'
2025-07-08 19:04:33:497 [OUT] 25 A5 01 08 31 03 CA 3D 09 4D 19 (11)
                              [N8:R] RFLAG '=' 9 (9)
2025-07-08 19:04:33:581 [IN ] C8 24 05 0E 25 A5 05 01 31 06 81 53 00 00 00 00 11 92 0A (19)
                              [N5:V] TPOS 'S' 0 0 0 0 (0)
2025-07-08 19:04:33:685 [IN ] C8 24 08 0B 25 A5 08 01 31 03 CA 3A 09 4A 1A 00 (16)
                              [N8:R] RFLAG ':' 9 (9)
2025-07-08 19:04:33:706 [OUT] 25 A5 01 08 31 05 81 FF DC 77 1D 2F DE (13)
                              [N8:R] TPOS 255 220 119 29 (-2328803)
2025-07-08 19:04:33:891 [IN ] C8 24 08 0E 25 A5 08 01 31 06 81 53 FF FF FF FA 0B A1 0A (19)
                              [N8:R] TPOS 'S' 255 255 255 250 (-6)
2025-07-08 19:04:36:097 [IN ] C8 24 0C 0E 25 A5 0C 01 31 06 81 45 FF D3 44 33 53 C2 0A (19)
                              [N12:Z] TPOS 'E' 255 211 68 51 (-2931661)
2025-07-08 19:04:41:512 [IN ] C8 24 05 0E 25 A5 05 01 31 06 81 45 00 19 86 0C AE AF 0A (19)
                              [N5:V] TPOS 'E' 0 25 134 12 (1672716)
2025-07-08 19:04:41:936 [OUT] 25 A5 01 05 31 05 81 00 0D 0D 37 0E A3 (13)
                              [N5:V] TPOS 0 13 13 55 (855351)
2025-07-08 19:04:42:121 [IN ] C8 24 05 0E 25 A5 05 01 31 06 81 53 00 19 86 0C BC F5 0A (19)
                              [N5:V] TPOS 'S' 0 25 134 12 (1672716)
2025-07-08 19:04:47:334 [IN ] C8 24 05 0E 25 A5 05 01 31 06 81 45 00 0D 0B 76 91 FF 0A (19)
                              [N5:V] TPOS 'E' 0 13 11 118 (854902)
2025-07-08 19:04:47:558 [OUT] 25 A5 01 03 31 05 81 FF EE 69 92 A3 45 (13)
                              [N3:X] TPOS 255 238 105 146 (-1152622)
2025-07-08 19:04:47:579 [OUT] 25 A5 01 04 31 05 81 FF F4 2F 0D EB 66 (13)
                              [N4:Y] TPOS 255 244 47 13 (-774387)
2025-07-08 19:04:47:744 [IN ] C8 24 03 0E 25 A5 03 01 31 06 81 53 FF FD 50 67 C2 78 0A (19)
                              [N3:X] TPOS 'S' 255 253 80 103 (-176025)
2025-07-08 19:04:47:868 [IN ] C8 24 04 0E 25 A5 04 01 31 06 81 53 FF FD 4F B8 13 D1 0A (19)
                              [N4:Y] TPOS 'S' 255 253 79 184 (-176200)
2025-07-08 19:04:48:670 [IN ] C8 24 08 0E 25 A5 08 01 31 06 81 45 FF DC 75 69 BF 4D 0A (19)
                              [N8:R] TPOS 'E' 255 220 117 105 (-2329239)
2025-07-08 19:04:49:094 [OUT] 25 A5 01 08 31 05 81 FF EE 15 56 18 89 (13)
                              [N8:R] TPOS 255 238 21 86 (-1174186)
2025-07-08 19:04:49:278 [IN ] C8 24 08 0E 25 A5 08 01 31 06 81 53 FF DC 75 6D D1 97 0A (19)
                              [N8:R] TPOS 'S' 255 220 117 109 (-2329235)
2025-07-08 19:04:51:285 [IN ] C8 24 04 0E 25 A5 04 01 31 06 81 45 FF F4 2C A2 C3 14 0A (19)
                              [N4:Y] TPOS 'E' 255 244 44 162 (-775006)
2025-07-08 19:04:52:491 [IN ] C8 24 07 0E 25 A5 07 01 31 06 81 45 FF F2 02 17 0F 4D 0A (19)
                              [N7:N] TPOS 'E' 255 242 2 23 (-916969)
2025-07-08 19:04:53:094 [IN ] C8 24 03 0E 25 A5 03 01 31 06 81 45 FF EE 67 2B 80 F7 0A (19)
                              [N3:X] TPOS 'E' 255 238 103 43 (-1153237)
2025-07-08 19:04:57:306 [IN ] C8 24 08 0E 25 A5 08 01 31 06 81 45 FF EE 17 12 1C 70 0A (19)
                              [N8:R] TPOS 'E' 255 238 23 18 (-1173742)
