2025-07-08 12:13:23:718 [OUT] 25 A5 01 09 31 04 E4 3D 00 00 60 C8 (12)
                              [N9:P] LOGPOS '=' 0 0 (0)
2025-07-08 12:13:23:740 [OUT] 25 A5 01 0A 31 05 D6 3D FF 00 00 53 ED (13)
                              [N10:HMI] HMILED '=' 255 0 0 (16711680)
2025-07-08 12:13:23:761 [OUT] 25 A5 01 08 31 05 81 FF EC F2 D9 76 C0 (13)
                              [N8:R] TPOS 255 236 242 217 (-1248551)
2025-07-08 12:13:23:908 [IN ] C8 24 09 0C 25 A5 09 01 31 04 E4 3A 00 00 5D C7 14 (17)
                              [N9:P] LOGPOS ':' 0 0 (0)
2025-07-08 12:13:23:930 [OUT] 25 A5 01 09 31 05 81 FF E8 1F E3 AA 20 (13)
                              [N9:P] TPOS 255 232 31 227 (-1564701)
2025-07-08 12:13:24:015 [IN ] C8 24 0A 0D 25 A5 0A 01 31 05 D6 3A FF 00 00 50 EA BB (18)
                              [N10:HMI] HMILED ':' 255 0 0 (16711680)
2025-07-08 12:13:24:162 [IN ] C8 24 08 0E 25 A5 08 01 31 06 81 53 FF EC F2 C2 B3 16 0A (19)
                              [N8:R] TPOS 'S' 255 236 242 194 (-1248574)
2025-07-08 12:13:24:245 [IN ] C8 24 08 0E 25 A5 08 01 31 06 81 45 FF EC F2 DA BD E8 0A (19)
                              [N8:R] TPOS 'E' 255 236 242 218 (-1248550)
2025-07-08 12:13:24:287 [IN ] C8 24 09 0E 25 A5 09 01 31 06 81 53 FF E7 C7 31 F3 2A 0A (19)
                              [N9:P] TPOS 'S' 255 231 199 49 (-1587407)
2025-07-08 12:13:24:689 [IN ] C8 24 09 0E 25 A5 09 01 31 06 81 45 FF E8 21 BC CB 26 0A (19)
                              [N9:P] TPOS 'E' 255 232 33 188 (-1564228)
2025-07-08 12:13:24:912 [OUT] 25 A5 01 09 31 05 81 FF E8 46 1C 0A A7 (13)
                              [N9:P] TPOS 255 232 70 28 (-1554916)
2025-07-08 12:13:25:102 [IN ] C8 24 09 0E 25 A5 09 01 31 06 81 53 FF E8 21 B9 D6 69 0A (19)
                              [N9:P] TPOS 'S' 255 232 33 185 (-1564231)
2025-07-08 12:13:25:303 [IN ] C8 24 09 0E 25 A5 09 01 31 06 81 45 FF E8 47 DF 14 95 0A (19)
                              [N9:P] TPOS 'E' 255 232 71 223 (-1554465)
2025-07-08 12:13:25:526 [OUT] 25 A5 01 09 31 05 81 FF E8 6C 55 69 2C (13)
                              [N9:P] TPOS 255 232 108 85 (-1545131)
2025-07-08 12:13:25:694 [IN ] C8 24 09 0E 25 A5 09 01 31 06 81 53 FF E8 47 D9 1C D5 0A (19)
                              [N9:P] TPOS 'S' 255 232 71 217 (-1554471)
2025-07-08 12:13:25:896 [IN ] C8 24 09 0E 25 A5 09 01 31 06 81 45 FF E8 6E 3E 9A 42 0A (19)
                              [N9:P] TPOS 'E' 255 232 110 62 (-1544642)
2025-07-08 12:13:26:118 [OUT] 25 A5 01 09 31 05 81 FF E8 92 8D C7 B0 (13)
                              [N9:P] TPOS 255 232 146 141 (-1535347)
2025-07-08 12:13:26:309 [IN ] C8 24 09 0E 25 A5 09 01 31 06 81 53 FF E8 6E 37 A1 81 0A (19)
                              [N9:P] TPOS 'S' 255 232 110 55 (-1544649)
2025-07-08 12:13:26:510 [IN ] C8 24 09 0E 25 A5 09 01 31 06 81 45 FF E8 94 B7 39 07 0A (19)
                              [N9:P] TPOS 'E' 255 232 148 183 (-1534793)
2025-07-08 12:13:26:733 [OUT] 25 A5 01 09 31 05 81 FF E8 B8 C6 26 35 (13)
                              [N9:P] TPOS 255 232 184 198 (-1525562)
2025-07-08 12:13:26:922 [IN ] C8 24 09 0E 25 A5 09 01 31 06 81 53 FF E8 94 B1 41 47 0A (19)
                              [N9:P] TPOS 'S' 255 232 148 177 (-1534799)
2025-07-08 12:13:27:124 [IN ] C8 24 09 0E 25 A5 09 01 31 06 81 45 FF E8 BB 10 B9 AE 0A (19)
                              [N9:P] TPOS 'E' 255 232 187 16 (-1524976)
2025-07-08 12:13:27:346 [OUT] 25 A5 01 09 31 05 81 FF E8 DE FF 85 BA (13)
                              [N9:P] TPOS 255 232 222 255 (-1515777)
2025-07-08 12:13:27:535 [IN ] C8 24 09 0E 25 A5 09 01 31 06 81 53 FF E8 BB 09 C0 ED 0A (19)
                              [N9:P] TPOS 'S' 255 232 187 9 (-1524983)
2025-07-08 12:13:27:736 [IN ] C8 24 09 0E 25 A5 09 01 31 06 81 45 FF E8 E1 62 31 4C 0A (19)
                              [N9:P] TPOS 'E' 255 232 225 98 (-1515166)
2025-07-08 12:13:27:958 [OUT] 25 A5 01 09 31 05 81 FF E9 05 38 E6 44 (13)
                              [N9:P] TPOS 255 233 5 56 (-1505992)
2025-07-08 12:13:28:126 [IN ] C8 24 09 0E 25 A5 09 01 31 06 81 53 FF E8 E1 5B 38 8B 0A (19)
                              [N9:P] TPOS 'S' 255 232 225 91 (-1515173)
2025-07-08 12:13:28:328 [IN ] C8 24 09 0E 25 A5 09 01 31 06 81 45 FF E9 07 3F 35 78 0A (19)
                              [N9:P] TPOS 'E' 255 233 7 63 (-1505473)
2025-07-08 12:13:28:553 [OUT] 25 A5 01 09 31 05 81 FF E9 2B 71 45 C9 (13)
                              [N9:P] TPOS 255 233 43 113 (-1496207)
2025-07-08 12:13:28:743 [IN ] C8 24 09 0E 25 A5 09 01 31 06 81 53 FF E9 07 38 3C B7 0A (19)
                              [N9:P] TPOS 'S' 255 233 7 56 (-1505480)
2025-07-08 12:13:28:945 [IN ] C8 24 09 0E 25 A5 09 01 31 06 81 45 FF E9 2C FE 19 81 0A (19)
                              [N9:P] TPOS 'E' 255 233 44 254 (-1495810)
2025-07-08 12:13:29:167 [OUT] 25 A5 01 09 31 05 81 FF E9 51 AA A4 4E (13)
                              [N9:P] TPOS 255 233 81 170 (-1486422)
2025-07-08 12:13:29:356 [IN ] C8 24 09 0E 25 A5 09 01 31 06 81 53 FF E9 2C F7 20 C0 0A (19)
                              [N9:P] TPOS 'S' 255 233 44 247 (-1495817)
2025-07-08 12:13:29:558 [IN ] C8 24 09 0E 25 A5 09 01 31 06 81 45 FF E9 53 1F 61 F0 0A (19)
                              [N9:P] TPOS 'E' 255 233 83 31 (-1486049)
2025-07-08 12:13:29:782 [OUT] 25 A5 01 09 31 05 81 FF E9 77 E3 03 D3 (13)
                              [N9:P] TPOS 255 233 119 227 (-1476637)
2025-07-08 12:13:29:970 [IN ] C8 24 09 0E 25 A5 09 01 31 06 81 53 FF E9 53 18 68 2F 0A (19)
                              [N9:P] TPOS 'S' 255 233 83 24 (-1486056)
2025-07-08 12:13:30:173 [IN ] C8 24 09 0E 25 A5 09 01 31 06 81 45 FF E9 79 59 C1 76 0A (19)
                              [N9:P] TPOS 'E' 255 233 121 89 (-1476263)
2025-07-08 12:13:30:395 [OUT] 25 A5 01 09 31 05 81 FF E9 9E 1C 63 5A (13)
                              [N9:P] TPOS 255 233 158 28 (-1466852)
2025-07-08 12:13:30:583 [IN ] C8 24 09 0E 25 A5 09 01 31 06 81 53 FF E9 79 57 CD BA 0A (19)
                              [N9:P] TPOS 'S' 255 233 121 87 (-1476265)
2025-07-08 12:13:30:785 [IN ] C8 24 09 0E 25 A5 09 01 31 06 81 45 FF E9 A0 42 D1 AD 0A (19)
                              [N9:P] TPOS 'E' 255 233 160 66 (-1466302)
2025-07-08 12:13:31:008 [OUT] 25 A5 01 09 31 05 81 FF E9 C4 55 C2 DF (13)
                              [N9:P] TPOS 255 233 196 85 (-1457067)
2025-07-08 12:13:31:195 [IN ] C8 24 09 0E 25 A5 09 01 31 06 81 53 FF E9 A0 3F DC F0 0A (19)
                              [N9:P] TPOS 'S' 255 233 160 63 (-1466305)
2025-07-08 12:13:31:396 [IN ] C8 24 09 0E 25 A5 09 01 31 06 81 45 FF E9 C7 04 BA BD 0A (19)
                              [N9:P] TPOS 'E' 255 233 199 4 (-1456380)
2025-07-08 12:13:31:619 [OUT] 25 A5 01 09 31 05 81 FF E9 EA 8D 20 63 (13)
                              [N9:P] TPOS 255 233 234 141 (-1447283)
2025-07-08 12:13:31:808 [IN ] C8 24 09 0E 25 A5 09 01 31 06 81 53 FF E9 C6 FF C2 FC 0A (19)
                              [N9:P] TPOS 'S' 255 233 198 255 (-1456385)
2025-07-08 12:13:32:009 [IN ] C8 24 09 0E 25 A5 09 01 31 06 81 45 FF E9 ED B0 8C B5 0A (19)
                              [N9:P] TPOS 'E' 255 233 237 176 (-1446480)
2025-07-08 12:13:32:232 [OUT] 25 A5 01 09 31 05 81 FF EA 10 C6 80 EB (13)
                              [N9:P] TPOS 255 234 16 198 (-1437498)
2025-07-08 12:13:32:421 [IN ] C8 24 09 0E 25 A5 09 01 31 06 81 53 FF E9 ED AE 98 F9 0A (19)
                              [N9:P] TPOS 'S' 255 233 237 174 (-1446482)
2025-07-08 12:13:32:624 [IN ] C8 24 09 0E 25 A5 09 01 31 06 81 45 FF EA 13 AA AD FE 0A (19)
                              [N9:P] TPOS 'E' 255 234 19 170 (-1436758)
2025-07-08 12:13:32:846 [OUT] 25 A5 01 09 31 05 81 FF EA 36 FF DF 70 (13)
                              [N9:P] TPOS 255 234 54 255 (-1427713)
2025-07-08 12:13:33:033 [IN ] C8 24 09 0E 25 A5 09 01 31 06 81 53 FF EA 13 A8 B9 42 0A (19)
                              [N9:P] TPOS 'S' 255 234 19 168 (-1436760)
2025-07-08 12:13:33:235 [IN ] C8 24 09 0E 25 A5 09 01 31 06 81 45 FF EA 39 56 7F F6 0A (19)
                              [N9:P] TPOS 'E' 255 234 57 86 (-1427114)
2025-07-08 12:13:33:457 [OUT] 25 A5 01 09 31 05 81 FF EA 5D 38 3F F7 (13)
                              [N9:P] TPOS 255 234 93 56 (-1417928)
2025-07-08 12:13:33:646 [IN ] C8 24 09 0E 25 A5 09 01 31 06 81 53 FF EA 39 52 89 38 0A (19)
                              [N9:P] TPOS 'S' 255 234 57 82 (-1427118)
2025-07-08 12:13:33:847 [IN ] C8 24 09 0E 25 A5 09 01 31 06 81 45 FF EA 5E FA 48 E4 0A (19)
                              [N9:P] TPOS 'E' 255 234 94 250 (-1417478)
2025-07-08 12:13:34:069 [OUT] 25 A5 01 09 31 05 81 FF EA 83 71 9E 7C (13)
                              [N9:P] TPOS 255 234 131 113 (-1408143)
2025-07-08 12:13:34:258 [IN ] C8 24 09 0E 25 A5 09 01 31 06 81 53 FF EA 5E F7 53 27 0A (19)
                              [N9:P] TPOS 'S' 255 234 94 247 (-1417481)
2025-07-08 12:13:34:460 [IN ] C8 24 09 0E 25 A5 09 01 31 06 81 45 FF EA 84 60 D4 96 0A (19)
                              [N9:P] TPOS 'E' 255 234 132 96 (-1407904)
2025-07-08 12:13:34:682 [OUT] 25 A5 01 09 31 05 81 FF EA A9 AA FD 01 (13)
                              [N9:P] TPOS 255 234 169 170 (-1398358)
2025-07-08 12:13:34:871 [IN ] C8 24 09 0E 25 A5 09 01 31 06 81 53 FF EA 84 58 DA D4 0A (19)
                              [N9:P] TPOS 'S' 255 234 132 88 (-1407912)
2025-07-08 12:13:35:073 [IN ] C8 24 09 0E 25 A5 09 01 31 06 81 45 FF EA AA E1 7B 63 0A (19)
                              [N9:P] TPOS 'E' 255 234 170 225 (-1398047)
2025-07-08 12:13:35:295 [OUT] 25 A5 01 09 31 05 81 FF EA CF E3 5C 86 (13)
                              [N9:P] TPOS 255 234 207 227 (-1388573)
2025-07-08 12:13:35:462 [IN ] C8 24 09 0E 25 A5 09 01 31 06 81 53 FF EA AA DB 83 A3 0A (19)
                              [N9:P] TPOS 'S' 255 234 170 219 (-1398053)
2025-07-08 12:13:35:664 [IN ] C8 24 09 0E 25 A5 09 01 31 06 81 45 FF EA D1 8A 4B 5A 0A (19)
                              [N9:P] TPOS 'E' 255 234 209 138 (-1388150)
2025-07-08 12:13:35:884 [OUT] 25 A5 01 09 31 05 81 FF EA F6 1C BC 0D (13)
                              [N9:P] TPOS 255 234 246 28 (-1378788)
2025-07-08 12:13:36:095 [IN ] C8 24 09 0E 25 A5 09 01 31 06 81 53 FF EA D1 83 52 99 0A (19)
                              [N9:P] TPOS 'S' 255 234 209 131 (-1388157)
2025-07-08 12:13:36:295 [IN ] C8 24 09 0E 25 A5 09 01 31 06 81 45 FF EA F8 92 7A B0 0A (19)
                              [N9:P] TPOS 'E' 255 234 248 146 (-1378158)
2025-07-08 12:13:36:518 [OUT] 25 A5 01 09 31 05 81 FF EB 1C 55 1C 95 (13)
                              [N9:P] TPOS 255 235 28 85 (-1369003)
2025-07-08 12:13:36:706 [IN ] C8 24 09 0E 25 A5 09 01 31 06 81 53 FF EA F8 8F 85 F3 0A (19)
                              [N9:P] TPOS 'S' 255 234 248 143 (-1378161)
2025-07-08 12:13:36:907 [IN ] C8 24 09 0E 25 A5 09 01 31 06 81 45 FF EB 1F 29 39 98 0A (19)
                              [N9:P] TPOS 'E' 255 235 31 41 (-1368279)
2025-07-08 12:13:37:130 [OUT] 25 A5 01 09 31 05 81 FF EB 42 8D 7A 19 (13)
                              [N9:P] TPOS 255 235 66 141 (-1359219)
2025-07-08 12:13:37:297 [IN ] C8 24 09 0E 25 A5 09 01 31 06 81 53 FF EB 1F 26 44 DB 0A (19)
                              [N9:P] TPOS 'S' 255 235 31 38 (-1368282)
2025-07-08 12:13:37:500 [IN ] C8 24 09 0E 25 A5 09 01 31 06 81 45 FF EB 45 B6 EC 71 0A (19)
                              [N9:P] TPOS 'E' 255 235 69 182 (-1358410)
2025-07-08 12:13:37:722 [OUT] 25 A5 01 09 31 05 81 FF EB 68 C6 D9 9E (13)
                              [N9:P] TPOS 255 235 104 198 (-1349434)
2025-07-08 12:13:37:911 [IN ] C8 24 09 0E 25 A5 09 01 31 06 81 53 FF EB 45 B4 F8 B5 0A (19)
                              [N9:P] TPOS 'S' 255 235 69 180 (-1358412)
2025-07-08 12:13:38:113 [IN ] C8 24 09 0E 25 A5 09 01 31 06 81 45 FF EB 6B A1 FD A8 0A (19)
                              [N9:P] TPOS 'E' 255 235 107 161 (-1348703)
2025-07-08 12:13:38:334 [OUT] 25 A5 01 09 31 05 81 FF EB 8E FF 38 23 (13)
                              [N9:P] TPOS 255 235 142 255 (-1339649)
2025-07-08 12:13:38:543 [IN ] C8 24 09 0E 25 A5 09 01 31 06 81 53 FF EB 6B 9F 09 EC 0A (19)
                              [N9:P] TPOS 'S' 255 235 107 159 (-1348705)
2025-07-08 12:13:38:746 [IN ] C8 24 09 0E 25 A5 09 01 31 06 81 45 FF EB 90 EC 6D 3D 0A (19)
                              [N9:P] TPOS 'E' 255 235 144 236 (-1339156)
2025-07-08 12:13:38:968 [OUT] 25 A5 01 09 31 05 81 FF EB B5 38 98 AA (13)
                              [N9:P] TPOS 255 235 181 56 (-1329864)
2025-07-08 12:13:39:157 [IN ] C8 24 09 0E 25 A5 09 01 31 06 81 53 FF EB 90 E5 74 7C 0A (19)
                              [N9:P] TPOS 'S' 255 235 144 229 (-1339163)
2025-07-08 12:13:39:359 [IN ] C8 24 09 0E 25 A5 09 01 31 06 81 45 FF EB B6 E3 8A 80 0A (19)
                              [N9:P] TPOS 'E' 255 235 182 227 (-1329437)
2025-07-08 12:13:39:581 [OUT] 25 A5 01 09 31 05 81 FF EB DB 71 F7 2F (13)
                              [N9:P] TPOS 255 235 219 113 (-1320079)
2025-07-08 12:13:39:768 [IN ] C8 24 09 0E 25 A5 09 01 31 06 81 53 FF EB B6 DE 93 C1 0A (19)
                              [N9:P] TPOS 'S' 255 235 182 222 (-1329442)
2025-07-08 12:13:39:970 [IN ] C8 24 09 0E 25 A5 09 01 31 06 81 45 FF EB DC F2 BF DB 0A (19)
                              [N9:P] TPOS 'E' 255 235 220 242 (-1319694)
2025-07-08 12:13:40:192 [OUT] 25 A5 01 09 31 05 81 FF EC 01 AA 57 B7 (13)
                              [N9:P] TPOS 255 236 1 170 (-1310294)
2025-07-08 12:13:40:380 [IN ] C8 24 09 0E 25 A5 09 01 31 06 81 53 FF EB DC EE C9 1D 0A (19)
                              [N9:P] TPOS 'S' 255 235 220 238 (-1319698)
2025-07-08 12:13:40:582 [IN ] C8 24 09 0E 25 A5 09 01 31 06 81 45 FF EC 03 29 1E 63 0A (19)
                              [N9:P] TPOS 'E' 255 236 3 41 (-1309911)
2025-07-08 12:13:40:805 [OUT] 25 A5 01 09 31 05 81 FF EC 27 E3 B6 3C (13)
                              [N9:P] TPOS 255 236 39 227 (-1300509)
2025-07-08 12:13:40:994 [IN ] C8 24 09 0E 25 A5 09 01 31 06 81 53 FF EC 03 21 24 A1 0A (19)
                              [N9:P] TPOS 'S' 255 236 3 33 (-1309919)
2025-07-08 12:13:41:196 [IN ] C8 24 09 0E 25 A5 09 01 31 06 81 45 FF EC 29 8E A9 14 0A (19)
                              [N9:P] TPOS 'E' 255 236 41 142 (-1300082)
2025-07-08 12:13:41:417 [OUT] 25 A5 01 09 31 05 81 FF EC 4E 1C 16 C3 (13)
                              [N9:P] TPOS 255 236 78 28 (-1290724)
2025-07-08 12:13:41:607 [IN ] C8 24 09 0E 25 A5 09 01 31 06 81 53 FF EC 29 86 AF 52 0A (19)
                              [N9:P] TPOS 'S' 255 236 41 134 (-1300090)
2025-07-08 12:13:41:809 [IN ] C8 24 09 0E 25 A5 09 01 31 06 81 45 FF EC 50 3E 80 12 0A (19)
                              [N9:P] TPOS 'E' 255 236 80 62 (-1290178)
2025-07-08 12:13:42:032 [OUT] 25 A5 01 09 31 05 81 FF EC 74 55 75 48 (13)
                              [N9:P] TPOS 255 236 116 85 (-1280939)
2025-07-08 12:13:42:219 [IN ] C8 24 09 0E 25 A5 09 01 31 06 81 53 FF EC 50 38 88 52 0A (19)
                              [N9:P] TPOS 'S' 255 236 80 56 (-1290184)
2025-07-08 12:13:42:419 [IN ] C8 24 09 0E 25 A5 09 01 31 06 81 45 FF EC 76 C3 2B E3 0A (19)
                              [N9:P] TPOS 'E' 255 236 118 195 (-1280317)
2025-07-08 12:13:42:641 [OUT] 25 A5 01 09 31 05 81 FF EC 9A 8D D3 CC (13)
                              [N9:P] TPOS 255 236 154 141 (-1271155)
2025-07-08 12:13:42:809 [IN ] C8 24 09 0E 25 A5 09 01 31 06 81 53 FF EC 76 BE 34 24 0A (19)
                              [N9:P] TPOS 'S' 255 236 118 190 (-1280322)
2025-07-08 12:13:43:010 [IN ] C8 24 09 0E 25 A5 09 01 31 06 81 45 FF EC 9C F2 80 5E 0A (19)
                              [N9:P] TPOS 'E' 255 236 156 242 (-1270542)
2025-07-08 12:13:43:232 [OUT] 25 A5 01 09 31 05 81 FF EC C0 C6 32 51 (13)
                              [N9:P] TPOS 255 236 192 198 (-1261370)
2025-07-08 12:13:43:420 [IN ] C8 24 09 0E 25 A5 09 01 31 06 81 53 FF EC 9C ED 89 9F 0A (19)
                              [N9:P] TPOS 'S' 255 236 156 237 (-1270547)
2025-07-08 12:13:43:621 [IN ] C8 24 09 0E 25 A5 09 01 31 06 81 45 FF EC C3 40 F5 FA 0A (19)
                              [N9:P] TPOS 'E' 255 236 195 64 (-1260736)
2025-07-08 12:13:43:844 [OUT] 25 A5 01 09 31 05 81 FF EC E6 FF 91 D6 (13)
                              [N9:P] TPOS 255 236 230 255 (-1251585)
2025-07-08 12:13:44:033 [IN ] C8 24 09 0E 25 A5 09 01 31 06 81 53 FF EC C3 3A FD 3A 0A (19)
                              [N9:P] TPOS 'S' 255 236 195 58 (-1260742)
2025-07-08 12:13:44:234 [IN ] C8 24 09 0E 25 A5 09 01 31 06 81 45 FF EC E9 96 71 9C 0A (19)
                              [N9:P] TPOS 'E' 255 236 233 150 (-1250922)
2025-07-08 12:13:44:456 [OUT] 25 A5 01 09 31 05 81 FF ED 0D 38 F2 60 (13)
                              [N9:P] TPOS 255 237 13 56 (-1241800)
2025-07-08 12:13:44:645 [IN ] C8 24 09 0E 25 A5 09 01 31 06 81 53 FF EC E9 92 7B DE 0A (19)
                              [N9:P] TPOS 'S' 255 236 233 146 (-1250926)
2025-07-08 12:13:44:847 [IN ] C8 24 09 0E 25 A5 09 01 31 06 81 45 FF ED 0F A8 AA FD 0A (19)
                              [N9:P] TPOS 'E' 255 237 15 168 (-1241176)
2025-07-08 12:13:45:069 [OUT] 25 A5 01 09 31 05 81 FF ED 33 71 51 E5 (13)
                              [N9:P] TPOS 255 237 51 113 (-1232015)
2025-07-08 12:13:45:237 [IN ] C8 24 09 0E 25 A5 09 01 31 06 81 53 FF ED 0F A3 B3 3E 0A (19)
                              [N9:P] TPOS 'S' 255 237 15 163 (-1241181)
2025-07-08 12:13:45:439 [IN ] C8 24 09 0E 25 A5 09 01 31 06 81 45 FF ED 35 73 9B 14 0A (19)
                              [N9:P] TPOS 'E' 255 237 53 115 (-1231501)
2025-07-08 12:13:45:661 [OUT] 25 A5 01 09 31 05 81 FF ED 59 AA B0 6A (13)
                              [N9:P] TPOS 255 237 89 170 (-1222230)
2025-07-08 12:13:45:831 [IN ] C8 24 09 (3)
2025-07-08 12:13:45:853 [IN ] 0E 25 A5 09 01 31 06 81 53 FF ED 35 6C A2 53 0A (16)
                              [N9:P] TPOS 'S' 255 237 53 108 (-1231508)
2025-07-08 12:13:46:054 [IN ] C8 24 09 0E 25 A5 09 01 31 06 81 45 FF ED 5B 79 C7 66 0A (19)
                              [N9:P] TPOS 'E' 255 237 91 121 (-1221767)
2025-07-08 12:13:46:277 [OUT] 25 A5 01 09 31 05 81 FF ED 7F E3 0F EF (13)
                              [N9:P] TPOS 255 237 127 227 (-1212445)
2025-07-08 12:13:46:464 [IN ] C8 24 09 0E 25 A5 09 01 31 06 81 53 FF ED 5B 74 D0 A7 0A (19)
                              [N9:P] TPOS 'S' 255 237 91 116 (-1221772)
2025-07-08 12:13:46:666 [IN ] C8 24 09 0E 25 A5 09 01 31 06 81 45 FF ED 81 C4 38 FD 0A (19)
                              [N9:P] TPOS 'E' 255 237 129 196 (-1211964)
2025-07-08 12:13:46:888 [OUT] 25 A5 01 09 31 05 81 FF ED A6 1C 6F 76 (13)
                              [N9:P] TPOS 255 237 166 28 (-1202660)
2025-07-08 12:13:47:077 [IN ] C8 24 09 0E 25 A5 09 01 31 06 81 53 FF ED 81 BF 41 3E 0A (19)
                              [N9:P] TPOS 'S' 255 237 129 191 (-1211969)
2025-07-08 12:13:47:279 [IN ] C8 24 09 0E 25 A5 09 01 31 06 81 45 FF ED A7 E0 7A 65 0A (19)
                              [N9:P] TPOS 'E' 255 237 167 224 (-1202208)
2025-07-08 12:13:47:500 [OUT] 25 A5 01 09 31 05 81 FF ED CC 55 CE FB (13)
                              [N9:P] TPOS 255 237 204 85 (-1192875)
2025-07-08 12:13:47:690 [IN ] C8 24 09 0E 25 A5 09 01 31 06 81 53 FF ED A7 DA 82 A5 0A (19)
                              [N9:P] TPOS 'S' 255 237 167 218 (-1202214)
2025-07-08 12:13:47:890 [IN ] C8 24 09 0E 25 A5 09 01 31 06 81 45 FF ED CE 7D 3E 50 0A (19)
                              [N9:P] TPOS 'E' 255 237 206 125 (-1192323)
2025-07-08 12:13:48:112 [OUT] 25 A5 01 09 31 05 81 FF ED F2 8D 2C 7F (13)
                              [N9:P] TPOS 255 237 242 141 (-1183091)
2025-07-08 12:13:48:321 [IN ] C8 24 09 0E 25 A5 09 01 31 06 81 53 FF ED CE 77 46 90 0A (19)
                              [N9:P] TPOS 'S' 255 237 206 119 (-1192329)
2025-07-08 12:13:48:523 [IN ] C8 24 09 0E 25 A5 09 01 31 06 81 45 FF ED F5 37 1F 58 0A (19)
                              [N9:P] TPOS 'E' 255 237 245 55 (-1182409)
2025-07-08 12:13:48:744 [OUT] 25 A5 01 09 31 05 81 FF EE 18 C6 8C 07 (13)
                              [N9:P] TPOS 255 238 24 198 (-1173306)
2025-07-08 12:13:48:933 [IN ] C8 24 09 0E 25 A5 09 01 31 06 81 53 FF ED F5 33 29 9A 0A (19)
                              [N9:P] TPOS 'S' 255 237 245 51 (-1182413)
2025-07-08 12:13:49:135 [IN ] C8 24 09 0E 25 A5 09 01 31 06 81 45 FF EE 1B 8F 9E FF 0A (19)
                              [N9:P] TPOS 'E' 255 238 27 143 (-1172593)
2025-07-08 12:13:49:356 [OUT] 25 A5 01 09 31 05 81 FF EE 3E FF EB 8C (13)
                              [N9:P] TPOS 255 238 62 255 (-1163521)
2025-07-08 12:13:49:525 [IN ] C8 24 09 0E 25 A5 09 01 31 06 81 53 FF EE 1B 89 A6 3F 0A (19)
                              [N9:P] TPOS 'S' 255 238 27 137 (-1172599)
2025-07-08 12:13:49:726 [IN ] C8 24 09 0E 25 A5 09 01 31 06 81 45 FF EE 41 7B B0 37 0A (19)
                              [N9:P] TPOS 'E' 255 238 65 123 (-1162885)
2025-07-08 12:13:49:949 [OUT] 25 A5 01 09 31 05 81 FF EE 65 38 4B 13 (13)
                              [N9:P] TPOS 255 238 101 56 (-1153736)
2025-07-08 12:13:50:137 [IN ] C8 24 09 0E 25 A5 09 01 31 06 81 53 FF EE 41 74 B7 76 0A (19)
                              [N9:P] TPOS 'S' 255 238 65 116 (-1162892)
2025-07-08 12:13:50:338 [IN ] C8 24 09 0E 25 A5 09 01 31 06 81 45 FF EE 67 52 AD 5A 0A (19)
                              [N9:P] TPOS 'E' 255 238 103 82 (-1153198)
2025-07-08 12:13:50:560 [OUT] 25 A5 01 09 31 05 81 FF EE 8B 71 AA 98 (13)
                              [N9:P] TPOS 255 238 139 113 (-1143951)
2025-07-08 12:13:50:770 [IN ] C8 24 09 0E 25 A5 09 01 31 06 81 53 FF EE 67 4C B5 9A 0A (19)
                              [N9:P] TPOS 'S' 255 238 103 76 (-1153204)
2025-07-08 12:13:50:972 [IN ] C8 24 09 0E 25 A5 09 01 31 06 81 45 FF EE 8D 09 8A 5D 0A (19)
                              [N9:P] TPOS 'E' 255 238 141 9 (-1143543)
2025-07-08 12:13:51:194 [OUT] 25 A5 01 09 31 05 81 FF EE B1 AA 09 1D (13)
                              [N9:P] TPOS 255 238 177 170 (-1134166)
2025-07-08 12:13:51:382 [IN ] C8 24 09 0E 25 A5 09 01 31 06 81 53 FF EE 8D 02 91 9C 0A (19)
                              [N9:P] TPOS 'S' 255 238 141 2 (-1143550)
2025-07-08 12:13:51:584 [IN ] C8 24 09 0E 25 A5 09 01 31 06 81 45 FF EE B3 02 A9 A2 0A (19)
                              [N9:P] TPOS 'E' 255 238 179 2 (-1133822)
2025-07-08 12:13:51:806 [OUT] 25 A5 01 09 31 05 81 FF EE D7 E3 68 A2 (13)
                              [N9:P] TPOS 255 238 215 227 (-1124381)
2025-07-08 12:13:51:994 [IN ] C8 24 09 0E 25 A5 09 01 31 06 81 53 FF EE B2 FC B0 E0 0A (19)
                              [N9:P] TPOS 'S' 255 238 178 252 (-1133828)
2025-07-08 12:13:52:195 [IN ] C8 24 09 0E 25 A5 09 01 31 06 81 45 FF EE D9 5D 2A 49 0A (19)
                              [N9:P] TPOS 'E' 255 238 217 93 (-1124003)
2025-07-08 12:13:52:418 [OUT] 25 A5 01 09 31 05 81 FF EE FE 1C C8 29 (13)
                              [N9:P] TPOS 255 238 254 28 (-1114596)
2025-07-08 12:13:52:607 [IN ] C8 24 09 0E 25 A5 09 01 31 06 81 53 FF EE D9 58 33 8A 0A (19)
                              [N9:P] TPOS 'S' 255 238 217 88 (-1124008)
2025-07-08 12:13:52:809 [IN ] C8 24 09 0E 25 A5 09 01 31 06 81 45 FF EF 00 3F 34 7C 0A (19)
                              [N9:P] TPOS 'E' 255 239 0 63 (-1114049)
2025-07-08 12:13:53:031 [OUT] 25 A5 01 09 31 05 81 FF EF 24 55 28 B1 (13)
                              [N9:P] TPOS 255 239 36 85 (-1104811)
2025-07-08 12:13:53:219 [IN ] C8 24 09 0E 25 A5 09 01 31 06 81 53 FF EF 00 38 3B BB 0A (19)
                              [N9:P] TPOS 'S' 255 239 0 56 (-1114056)
2025-07-08 12:13:53:422 [IN ] C8 24 09 0E 25 A5 09 01 31 06 81 45 FF EF 26 FC 17 85 0A (19)
                              [N9:P] TPOS 'E' 255 239 38 252 (-1104132)
2025-07-08 12:13:53:643 [OUT] 25 A5 01 09 31 05 81 FF EF 4A 8D 86 35 (13)
                              [N9:P] TPOS 255 239 74 141 (-1095027)
2025-07-08 12:13:53:832 [IN ] C8 24 09 0E 25 A5 09 01 31 06 81 53 FF EF 26 FA 23 C9 0A (19)
                              [N9:P] TPOS 'S' 255 239 38 250 (-1104134)
2025-07-08 12:13:54:034 [IN ] C8 24 09 0E 25 A5 09 01 31 06 81 45 FF EF 4D 6F B1 46 0A (19)
                              [N9:P] TPOS 'E' 255 239 77 111 (-1094289)
2025-07-08 12:13:54:256 [OUT] 25 A5 01 09 31 05 81 FF EF 70 C6 E5 BA (13)
                              [N9:P] TPOS 255 239 112 198 (-1085242)
2025-07-08 12:13:54:445 [IN ] C8 24 09 0E 25 A5 09 01 31 06 81 53 FF EF 4D 6C BC 89 0A (19)
                              [N9:P] TPOS 'S' 255 239 77 108 (-1094292)
2025-07-08 12:13:54:647 [IN ] C8 24 09 0E 25 A5 09 01 31 06 81 45 FF EF 73 57 BF 7A 0A (19)
                              [N9:P] TPOS 'E' 255 239 115 87 (-1084585)
2025-07-08 12:13:54:869 [OUT] 25 A5 01 09 31 05 81 FF EF 96 FF 44 3F (13)
                              [N9:P] TPOS 255 239 150 255 (-1075457)
2025-07-08 12:13:55:037 [IN ] C8 24 09 0E 25 A5 09 01 31 06 81 53 FF EF 73 52 C8 BB 0A (19)
                              [N9:P] TPOS 'S' 255 239 115 82 (-1084590)
2025-07-08 12:13:55:238 [IN ] C8 24 09 0E 25 A5 09 01 31 06 81 45 FF EF 98 E2 6F 4F 0A (19)
                              [N9:P] TPOS 'E' 255 239 152 226 (-1074974)
2025-07-08 12:13:55:462 [OUT] 25 A5 01 09 31 05 81 FF EF BD 38 A4 C6 (13)
                              [N9:P] TPOS 255 239 189 56 (-1065672)
2025-07-08 12:13:55:651 [IN ] C8 24 09 0E 25 A5 09 01 31 06 81 53 FF EF 98 DC 77 8F 0A (19)
                              [N9:P] TPOS 'S' 255 239 152 220 (-1074980)
2025-07-08 12:13:55:853 [IN ] C8 24 09 0E 25 A5 09 01 31 06 81 45 FF EF BE 97 4A 50 0A (19)
                              [N9:P] TPOS 'E' 255 239 190 151 (-1065321)
2025-07-08 12:13:56:075 [OUT] 25 A5 01 09 31 05 81 FF EF E3 71 03 4B (13)
                              [N9:P] TPOS 255 239 227 113 (-1055887)
2025-07-08 12:13:56:264 [IN ] C8 24 09 0E 25 A5 09 01 31 06 81 53 FF EF BE 90 51 8F 0A (19)
                              [N9:P] TPOS 'S' 255 239 190 144 (-1065328)
2025-07-08 12:13:56:466 [IN ] C8 24 09 0E 25 A5 09 01 31 06 81 45 FF EF E4 87 60 8C 0A (19)
                              [N9:P] TPOS 'E' 255 239 228 135 (-1055609)
2025-07-08 12:13:56:688 [OUT] 25 A5 01 09 31 05 81 FF F0 09 AA 63 D3 (13)
                              [N9:P] TPOS 255 240 9 170 (-1046102)
2025-07-08 12:13:56:856 [IN ] C8 24 09 0E 25 A5 09 01 31 06 81 53 FF EF E4 81 68 CC 0A (19)
                              [N9:P] TPOS 'S' 255 239 228 129 (-1055615)
2025-07-08 12:13:57:058 [IN ] C8 24 09 0E 25 A5 09 01 31 06 81 45 FF F0 0B 30 31 86 0A (19)
                              [N9:P] TPOS 'E' 255 240 11 48 (-1045712)
2025-07-08 12:13:57:280 [OUT] 25 A5 01 09 31 05 81 FF F0 2F E3 C2 58 (13)
                              [N9:P] TPOS 255 240 47 227 (-1036317)
2025-07-08 12:13:57:469 [IN ] C8 24 09 0E 25 A5 09 01 31 06 81 53 FF F0 0B 2A 39 C6 0A (19)
                              [N9:P] TPOS 'S' 255 240 11 42 (-1045718)
2025-07-08 12:13:57:670 [IN ] C8 24 09 0E 25 A5 09 01 31 06 81 45 FF F0 32 0D 35 B1 0A (19)
                              [N9:P] TPOS 'E' 255 240 50 13 (-1035763)
2025-07-08 12:13:57:892 [OUT] 25 A5 01 09 31 05 81 FF F0 56 1C 22 DF (13)
                              [N9:P] TPOS 255 240 86 28 (-1026532)
2025-07-08 12:13:58:081 [IN ] C8 24 09 0E 25 A5 09 01 31 06 81 53 FF F0 32 08 3E F2 0A (19)
                              [N9:P] TPOS 'S' 255 240 50 8 (-1035768)
2025-07-08 12:13:58:282 [IN ] C8 24 09 0E 25 A5 09 01 31 06 81 45 FF F0 58 D2 20 C2 0A (19)
                              [N9:P] TPOS 'E' 255 240 88 210 (-1025838)
2025-07-08 12:13:58:504 [OUT] 25 A5 01 09 31 05 81 FF F0 7C 55 81 64 (13)
                              [N9:P] TPOS 255 240 124 85 (-1016747)
2025-07-08 12:13:58:694 [IN ] C8 24 09 0E 25 A5 09 01 31 06 81 53 FF F0 58 CF 2B 05 0A (19)
                              [N9:P] TPOS 'S' 255 240 88 207 (-1025841)
2025-07-08 12:13:58:895 [IN ] C8 24 09 0E 25 A5 09 01 31 06 81 45 FF F0 7F 5C D1 9A 0A (19)
                              [N9:P] TPOS 'E' 255 240 127 92 (-1015972)
2025-07-08 12:13:59:116 [OUT] 25 A5 01 09 31 05 81 FF F0 A2 8D DF E8 (13)
                              [N9:P] TPOS 255 240 162 141 (-1006963)
2025-07-08 12:13:59:306 [IN ] C8 24 09 0E 25 A5 09 01 31 06 81 53 FF F0 7F 59 DC DD 0A (19)
                              [N9:P] TPOS 'S' 255 240 127 89 (-1015975)
2025-07-08 12:13:59:508 [IN ] C8 24 09 0E 25 A5 09 01 31 06 81 45 FF F0 A5 5C F7 E6 0A (19)
                              [N9:P] TPOS 'E' 255 240 165 92 (-1006244)
2025-07-08 12:13:59:730 [OUT] 25 A5 01 09 31 05 81 FF F0 C8 C6 3E 6D (13)
                              [N9:P] TPOS 255 240 200 198 (-997178)
2025-07-08 12:13:59:919 [IN ] C8 24 09 0E 25 A5 09 01 31 06 81 53 FF F0 A5 59 02 29 0A (19)
                              [N9:P] TPOS 'S' 255 240 165 89 (-1006247)
2025-07-08 12:14:00:120 [IN ] C8 24 09 0E 25 A5 09 01 31 06 81 45 FF F0 CB 4D 0E 23 0A (19)
                              [N9:P] TPOS 'E' 255 240 203 77 (-996531)
2025-07-08 12:14:00:343 [OUT] 25 A5 01 09 31 05 81 FF F0 EE FF 9D F2 (13)
                              [N9:P] TPOS 255 240 238 255 (-987393)
2025-07-08 12:14:00:532 [IN ] C8 24 09 0E 25 A5 09 01 31 06 81 53 FF F0 CB 47 16 63 0A (19)
                              [N9:P] TPOS 'S' 255 240 203 71 (-996537)
2025-07-08 12:14:00:734 [IN ] C8 24 09 0E 25 A5 09 01 31 06 81 45 FF F0 F1 04 EB 26 0A (19)
                              [N9:P] TPOS 'E' 255 240 241 4 (-986876)
2025-07-08 12:14:00:956 [OUT] 25 A5 01 09 31 05 81 FF F1 15 38 FE 7C (13)
                              [N9:P] TPOS 255 241 21 56 (-977608)
2025-07-08 12:14:01:143 [IN ] C8 24 09 0E 25 A5 09 01 31 06 81 53 FF F0 F1 00 F5 68 0A (19)
                              [N9:P] TPOS 'S' 255 240 241 0 (-986880)
2025-07-08 12:14:01:346 [IN ] C8 24 09 0E 25 A5 09 01 31 06 81 45 FF F1 17 17 25 88 0A (19)
                              [N9:P] TPOS 'E' 255 241 23 23 (-977129)
