2025-07-08 19:17:08:137 [OUT] 25 A5 01 0A 31 05 D6 3D FF 00 00 53 ED (13)
                              [N10:HMI] HMILED '=' 255 0 0 (16711680)
2025-07-08 19:17:08:159 [OUT] 25 A5 01 03 31 02 D8 3F 4E CE (10)
                              [N3:X] INTERRUPT '?'
2025-07-08 19:17:08:461 [IN ] C8 24 0A 0D 25 A5 0A 01 31 05 D6 3A FF 00 00 50 EA 32 C8 24 03 0C 25 A5 03 01 31 04 D8 3A 01 01 4D 6A EA (35)
                              [N10:HMI] HMILED ':' 255 0 0 (16711680)
                              [N3:X] INTERRUPT ':' 1 1 (257)
2025-07-08 19:17:08:482 [OUT] 25 A5 01 09 31 03 C9 3D 09 4D 1C (11)
                              [N9:P] LFLAG '=' 9 (9)
2025-07-08 19:17:08:506 [OUT] 25 A5 01 04 31 02 D8 3F 4F D3 (10)
                              [N4:Y] INTERRUPT '?'
2025-07-08 19:17:08:806 [IN ] C8 24 09 0B 25 A5 09 01 31 03 C9 3A 09 4A 1E 6A C8 24 04 0C 25 A5 04 01 31 04 D8 3A 01 01 4E 72 EA (33)
                              [N9:P] LFLAG ':' 9 (9)
                              [N4:Y] INTERRUPT ':' 1 1 (257)
2025-07-08 19:17:08:828 [OUT] 25 A5 01 09 31 03 CA 3D 09 4E 1F (11)
                              [N9:P] RFLAG '=' 9 (9)
2025-07-08 19:17:08:857 [OUT] 25 A5 01 0C 31 02 D8 3F 57 FB (10)
                              [N12:Z] INTERRUPT '?'
2025-07-08 19:17:09:159 [IN ] C8 24 09 0B 25 A5 09 01 31 03 CA 3A 09 4B 21 72 C8 24 0C 0C 25 A5 0C 01 31 04 D8 3A 01 01 56 B2 EA (33)
                              [N9:P] RFLAG ':' 9 (9)
                              [N12:Z] INTERRUPT ':' 1 1 (257)
2025-07-08 19:17:09:181 [OUT] 25 A5 01 08 31 03 C9 3D 09 4C 16 (11)
                              [N8:R] LFLAG '=' 9 (9)
2025-07-08 19:17:09:202 [OUT] 25 A5 01 03 31 03 C9 3D 0B 49 FA (11)
                              [N3:X] LFLAG '=' 11 (11)
2025-07-08 19:17:09:224 [OUT] 25 A5 01 04 31 03 C9 3D 0B 4A 00 (11)
                              [N4:Y] LFLAG '=' 11 (11)
2025-07-08 19:17:09:246 [OUT] 25 A5 01 0C 31 03 C9 3D 0B 52 30 (11)
                              [N12:Z] LFLAG '=' 11 (11)
2025-07-08 19:17:09:353 [IN ] C8 24 08 0B 25 A5 08 01 31 03 C9 3A 09 49 17 B2 (16)
                              [N8:R] LFLAG ':' 9 (9)
2025-07-08 19:17:09:375 [OUT] 25 A5 01 08 31 03 CA 3D 09 4D 19 (11)
                              [N8:R] RFLAG '=' 9 (9)
2025-07-08 19:17:09:460 [IN ] C8 24 03 0B 25 A5 03 01 31 03 C9 3A 0B 46 F6 B2 (16)
                              [N3:X] LFLAG ':' 11 (11)
2025-07-08 19:17:09:482 [OUT] 25 A5 01 03 31 03 88 00 50 10 02 (11)
                              [N3:X] RUN 0 80 (80)
2025-07-08 19:17:09:571 [IN ] C8 24 04 0B 25 A5 04 01 31 03 C9 3A 0B 47 FD B2 (16)
                              [N4:Y] LFLAG ':' 11 (11)
2025-07-08 19:17:09:593 [OUT] 25 A5 01 04 31 03 88 00 50 11 08 (11)
                              [N4:Y] RUN 0 80 (80)
2025-07-08 19:17:09:676 [IN ] C8 24 0C 0B 25 A5 0C 01 31 03 C9 3A 0B 4F 35 B2 (16)
                              [N12:Z] LFLAG ':' 11 (11)
2025-07-08 19:17:09:698 [OUT] 25 A5 01 0C 31 03 88 00 50 19 38 (11)
                              [N12:Z] RUN 0 80 (80)
2025-07-08 19:17:09:800 [IN ] C8 24 08 0B 25 A5 08 01 31 03 CA 3A 09 4A 1A B2 (16)
                              [N8:R] RFLAG ':' 9 (9)
2025-07-08 19:17:09:903 [IN ] C8 24 03 0C 25 A5 03 01 31 04 88 53 00 50 64 C2 EA (17)
                              [N3:X] RUN 'S' 0 80 (80)
2025-07-08 19:17:10:006 [IN ] C8 24 04 0C 25 A5 04 01 31 04 88 53 00 50 65 CA EA (17)
                              [N4:Y] RUN 'S' 0 80 (80)
2025-07-08 19:17:10:109 [IN ] C8 24 0C 0C 25 A5 0C 01 31 04 88 53 00 50 6D 0A EA (17)
                              [N12:Z] RUN 'S' 0 80 (80)
2025-07-08 19:17:16:729 [IN ] C8 24 04 0B 25 A5 04 01 31 03 81 5A 4C 60 A6 0A C8 24 04 0A 25 A5 04 01 31 02 81 49 02 32 A6 (31)
                              [N4:Y] TPOS 'Z' 76 (76)
                              [N4:Y] TPOS 'I'
2025-07-08 19:17:16:956 [OUT] 25 A5 01 09 31 02 D8 3F 54 EC (10)
                              [N9:P] INTERRUPT '?'
2025-07-08 19:17:17:258 [IN ] C8 24 09 0C 25 A5 09 01 31 04 D8 3A 01 01 53 9A EA (17)
                              [N9:P] INTERRUPT ':' 1 1 (257)
2025-07-08 19:17:17:279 [OUT] 25 A5 01 04 31 03 C9 3D 09 48 FE (11)
                              [N4:Y] LFLAG '=' 9 (9)
2025-07-08 19:17:17:302 [OUT] 25 A5 01 07 31 02 D8 3F 52 E2 (10)
                              [N7:N] INTERRUPT '?'
2025-07-08 19:17:17:603 [IN ] C8 24 04 0B 25 A5 04 01 31 03 C9 3A 09 45 FB 9A C8 24 07 0C 25 A5 07 01 31 04 D8 3A 01 01 51 8A EA (33)
                              [N4:Y] LFLAG ':' 9 (9)
                              [N7:N] INTERRUPT ':' 1 1 (257)
2025-07-08 19:17:17:624 [OUT] 25 A5 01 09 31 03 C9 3D 0B 4F 1E (11)
                              [N9:P] LFLAG '=' 11 (11)
2025-07-08 19:17:17:647 [OUT] 25 A5 01 07 31 03 C9 3D 0B 4D 12 (11)
                              [N7:N] LFLAG '=' 11 (11)
2025-07-08 19:17:17:792 [IN ] C8 24 09 0B 25 A5 09 01 31 03 C9 3A 0B 4C 20 8A (16)
                              [N9:P] LFLAG ':' 11 (11)
2025-07-08 19:17:17:815 [OUT] 25 A5 01 09 31 03 88 00 50 16 26 (11)
                              [N9:P] RUN 0 80 (80)
2025-07-08 19:17:17:919 [IN ] C8 24 07 0B 25 A5 07 01 31 03 C9 3A 0B 4A 12 8A (16)
                              [N7:N] LFLAG ':' 11 (11)
2025-07-08 19:17:17:942 [OUT] 25 A5 01 07 31 03 88 00 50 14 1A (11)
                              [N7:N] RUN 0 80 (80)
2025-07-08 19:17:18:005 [IN ] C8 24 09 0C 25 A5 09 01 31 04 88 53 00 50 6A F2 EA (17)
                              [N9:P] RUN 'S' 0 80 (80)
2025-07-08 19:17:18:069 [IN ] C8 24 09 0B 25 A5 09 01 31 03 81 5A 4C 65 C9 F2 (16)
                              [N9:P] TPOS 'Z' 76 (76)
2025-07-08 19:17:18:111 [IN ] C8 24 09 0A 25 A5 09 01 31 02 81 49 07 50 C9 C8 24 07 0C 25 A5 07 01 31 04 88 53 00 50 68 E2 EA (32)
                              [N9:P] TPOS 'I'
                              [N7:N] RUN 'S' 0 80 (80)
2025-07-08 19:17:18:335 [OUT] 25 A5 01 09 31 03 C9 3D 09 4D 1C (11)
                              [N9:P] LFLAG '=' 9 (9)
2025-07-08 19:17:18:356 [OUT] 25 A5 01 04 31 05 81 FF EE 88 01 32 FA (13)
                              [N4:Y] TPOS 255 238 136 1 (-1144831)
2025-07-08 19:17:18:502 [IN ] C8 24 09 0B 25 A5 09 01 31 03 C9 3A 09 4A 1E E2 (16)
                              [N9:P] LFLAG ':' 9 (9)
2025-07-08 19:17:18:626 [IN ] C8 24 04 0E 25 A5 04 01 31 06 81 53 00 00 00 00 10 88 0A (19)
                              [N4:Y] TPOS 'S' 0 0 0 0 (0)
2025-07-08 19:17:19:032 [IN ] C8 24 03 0B 25 A5 03 01 31 03 81 5A 4C 5F 9F 00 C8 24 03 0A 25 A5 03 01 31 02 81 49 01 2C 9F (31)
                              [N3:X] TPOS 'Z' 76 (76)
                              [N3:X] TPOS 'I'
2025-07-08 19:17:19:256 [OUT] 25 A5 01 03 31 03 C9 3D 09 47 F8 (11)
                              [N3:X] LFLAG '=' 9 (9)
2025-07-08 19:17:19:420 [IN ] C8 24 03 0B 25 A5 03 01 31 03 C9 3A 09 44 F4 00 (16)
                              [N3:X] LFLAG ':' 9 (9)
2025-07-08 19:17:22:427 [IN ] C8 24 07 0B 25 A5 07 01 31 03 81 5A 4C 63 BB 00 C8 24 07 0A 25 A5 07 01 31 02 81 49 05 44 BB (31)
                              [N7:N] TPOS 'Z' 76 (76)
                              [N7:N] TPOS 'I'
2025-07-08 19:17:22:650 [OUT] 25 A5 01 07 31 03 C9 3D 09 4B 10 (11)
                              [N7:N] LFLAG '=' 9 (9)
2025-07-08 19:17:22:834 [IN ] C8 24 07 0B 25 A5 07 01 31 03 C9 3A 09 48 10 00 (16)
                              [N7:N] LFLAG ':' 9 (9)
2025-07-08 19:17:24:641 [IN ] C8 24 0C 0B 25 A5 0C 01 31 03 81 5A 4C 68 DE 00 (16)
                              [N12:Z] TPOS 'Z' 76 (76)
2025-07-08 19:17:24:843 [IN ] C8 24 0C 0A 25 A5 0C 01 31 02 81 49 0A 62 DE C8 24 04 0E 25 A5 04 01 31 06 81 45 FF EE 85 48 BC 5A 0A (34)
                              [N12:Z] TPOS 'I'
                              [N4:Y] TPOS 'E' 255 238 133 72 (-1145528)
2025-07-08 19:17:25:074 [OUT] 25 A5 01 0C 31 03 C9 3D 09 50 2E (11)
                              [N12:Z] LFLAG '=' 9 (9)
2025-07-08 19:17:25:097 [OUT] 25 A5 01 09 31 05 81 FF E7 5D 56 5A 0C (13)
                              [N9:P] TPOS 255 231 93 86 (-1614506)
2025-07-08 19:17:25:119 [OUT] 25 A5 01 04 31 05 81 FF FD 50 01 09 B7 (13)
                              [N4:Y] TPOS 255 253 80 1 (-176127)
2025-07-08 19:17:25:145 [OUT] 25 A5 01 07 31 05 81 FF AB 19 75 F7 DF (13)
                              [N7:N] TPOS 255 171 25 117 (-5564043)
2025-07-08 19:17:25:168 [OUT] 25 A5 01 03 31 05 81 FF EC 4A AB 9B 1A (13)
                              [N3:X] TPOS 255 236 74 171 (-1291605)
2025-07-08 19:17:25:189 [OUT] 25 A5 01 06 31 02 D8 3F 51 DD (10)
                              [N6:H] INTERRUPT '?'
2025-07-08 19:17:25:491 [IN ] C8 24 0C 0B 25 A5 0C 01 31 03 C9 3A 09 4D 33 48 C8 24 09 0E 25 A5 09 01 31 06 81 53 FF FF FF F2 04 A3 0A C8 24 04 0E 25 A5 04 01 31 06 81 53 FF EE 85 49 CB A1 0A (54)
                              [N12:Z] LFLAG ':' 9 (9)
                              [N9:P] TPOS 'S' 255 255 255 242 (-14)
                              [N4:Y] TPOS 'S' 255 238 133 73 (-1145527)
2025-07-08 19:17:25:792 [IN ] C8 24 07 0E 25 A5 07 01 31 06 81 53 FF FF FF F8 08 95 0A C8 24 03 0E 25 A5 03 01 31 06 81 53 00 00 00 00 0F 7E 0A (38)
                              [N7:N] TPOS 'S' 255 255 255 248 (-8)
                              [N3:X] TPOS 'S' 0 0 0 0 (0)
2025-07-08 19:17:26:093 [IN ] C8 24 06 0C 25 A5 06 01 31 04 D8 3A 01 01 50 82 0F (17)
                              [N6:H] INTERRUPT ':' 1 1 (257)
2025-07-08 19:17:26:114 [OUT] 25 A5 01 0C 31 05 81 FF BC D0 00 4F 33 (13)
                              [N12:Z] TPOS 255 188 208 0 (-4403200)
2025-07-08 19:17:26:136 [OUT] 25 A5 01 06 31 03 C9 3D 0B 4C 0C (11)
                              [N6:H] LFLAG '=' 11 (11)
2025-07-08 19:17:26:321 [IN ] C8 24 0C 0E 25 A5 0C 01 31 06 81 53 FF FF FF BD D2 8C 0A (19)
                              [N12:Z] TPOS 'S' 255 255 255 189 (-67)
2025-07-08 19:17:26:404 [IN ] C8 24 06 0B 25 A5 06 01 31 03 C9 3A 0B 49 0B BD (16)
                              [N6:H] LFLAG ':' 11 (11)
2025-07-08 19:17:26:429 [OUT] 25 A5 01 06 31 03 88 FF B0 72 72 (11)
                              [N6:H] RUN 255 176 (-80)
2025-07-08 19:17:26:577 [IN ] C8 24 06 0C 25 A5 06 01 31 04 88 53 FF B0 C6 (15)
2025-07-08 19:17:26:598 [IN ] 38 D2 (2)
                              [N6:H] RUN 'S' 255 176 (-80)
2025-07-08 19:17:31:614 [IN ] C8 24 06 0B 25 A5 06 01 31 03 81 5A 4C 62 B4 38 C8 24 06 0A 25 A5 06 01 31 02 81 49 04 3E B4 (31)
                              [N6:H] TPOS 'Z' 76 (76)
                              [N6:H] TPOS 'I'
2025-07-08 19:17:31:837 [OUT] 25 A5 01 06 31 03 C9 3D 09 4A 0A (11)
                              [N6:H] LFLAG '=' 9 (9)
2025-07-08 19:17:32:002 [IN ] C8 24 06 0B 25 A5 06 01 31 03 C9 3A 09 47 09 38 (16)
                              [N6:H] LFLAG ':' 9 (9)
2025-07-08 19:17:32:023 [OUT] 25 A5 01 06 31 03 84 00 50 0F 08 (11)
                              [N6:H] VEL 0 80 (80)
2025-07-08 19:17:32:192 [IN ] C8 24 06 0C 25 A5 06 01 31 04 84 53 00 50 63 CA D2 (17)
                              [N6:H] VEL 'S' 0 80 (80)
2025-07-08 19:17:32:214 [OUT] 25 A5 01 06 31 05 81 00 19 82 3C 95 BE (13)
                              [N6:H] TPOS 0 25 130 60 (1671740)
2025-07-08 19:17:32:401 [IN ] C8 24 06 0E 25 A5 06 01 31 06 81 53 00 00 00 00 12 9C 0A (19)
                              [N6:H] TPOS 'S' 0 0 0 0 (0)
2025-07-08 19:17:32:805 [IN ] C8 24 03 0E 25 A5 03 01 31 06 81 45 FF EC 48 28 5C B0 0A (19)
                              [N3:X] TPOS 'E' 255 236 72 40 (-1292248)
2025-07-08 19:17:33:232 [OUT] 25 A5 01 03 31 05 81 FF FD 50 01 08 AF (13)
                              [N3:X] TPOS 255 253 80 1 (-176127)
2025-07-08 19:17:33:418 [IN ] C8 24 03 0E 25 A5 03 01 31 06 81 53 FF EC 48 28 6A F6 0A (19)
                              [N3:X] TPOS 'S' 255 236 72 40 (-1292248)
2025-07-08 19:17:34:023 [IN ] C8 24 04 0E 25 A5 04 01 31 06 81 45 FF FD 4F B1 FE 84 0A (19)
                              [N4:Y] TPOS 'E' 255 253 79 177 (-176207)
2025-07-08 19:17:34:228 [IN ] C8 24 09 0E 25 A5 09 01 31 06 81 45 FF E7 5A 6D B4 46 0A (19)
                              [N9:P] TPOS 'E' 255 231 90 109 (-1615251)
2025-07-08 19:17:34:653 [OUT] 25 A5 01 09 31 05 81 FF FF D9 C8 60 BE (13)
                              [N9:P] TPOS 255 255 217 200 (-9784)
2025-07-08 19:17:34:842 [IN ] C8 24 09 0E 25 A5 09 01 31 06 81 53 FF E7 5A 6F C4 8E 0A (19)
                              [N9:P] TPOS 'S' 255 231 90 111 (-1615249)
2025-07-08 19:17:41:861 [IN ] C8 24 06 0E 25 A5 06 01 31 06 81 45 00 19 82 AE 4D 53 0A (19)
                              [N6:H] TPOS 'E' 0 25 130 174 (1671854)
2025-07-08 19:17:42:286 [OUT] 25 A5 01 06 31 05 81 00 0C C6 7D 0D 60 (13)
                              [N6:H] TPOS 0 12 198 125 (837245)
2025-07-08 19:17:42:412 [IN ] C8 24 03 0E 25 A5 03 01 31 06 81 45 FF FD 50 6A B7 35 (18)
                              [N3:X] TPOS 'E' 255 253 80 106 (-176022)
2025-07-08 19:17:42:434 [IN ] 0A (1)
2025-07-08 19:17:42:476 [IN ] C8 24 06 0E 25 A5 06 01 31 06 81 53 00 19 82 AE 5B 99 0A (19)
                              [N6:H] TPOS 'S' 0 25 130 174 (1671854)
2025-07-08 19:17:44:081 [IN ] C8 24 09 0E 25 A5 09 01 31 06 81 45 FF FF DB 49 29 6C 0A (19)
                              [N9:P] TPOS 'E' 255 255 219 73 (-9399)
2025-07-08 19:17:44:305 [OUT] 25 A5 01 08 31 02 D8 3F 53 E7 (10)
                              [N8:R] INTERRUPT '?'
2025-07-08 19:17:44:606 [IN ] C8 24 08 0C 25 A5 08 01 31 04 D8 3A 01 01 52 92 29 (17)
                              [N8:R] INTERRUPT ':' 1 1 (257)
2025-07-08 19:17:44:627 [OUT] 25 A5 01 08 31 03 CA 3D 0B 4F 1B (11)
                              [N8:R] RFLAG '=' 11 (11)
2025-07-08 19:17:44:795 [IN ] C8 24 08 0B 25 A5 08 01 31 03 CA 3A 0B 4C 1C 92 (16)
                              [N8:R] RFLAG ':' 11 (11)
2025-07-08 19:17:44:817 [OUT] 25 A5 01 08 31 03 88 00 50 15 20 (11)
                              [N8:R] RUN 0 80 (80)
2025-07-08 19:17:44:980 [IN ] C8 24 08 0C 25 A5 08 01 31 04 88 53 00 50 69 EA 29 (17)
                              [N8:R] RUN 'S' 0 80 (80)
2025-07-08 19:17:46:786 [IN ] C8 24 06 0E 25 A5 06 01 31 06 81 45 00 0C C2 6F 41 6D 0A (19)
                              [N6:H] TPOS 'E' 0 12 194 111 (836207)
2025-07-08 19:17:47:008 [OUT] 25 A5 01 05 31 02 D8 3F 50 D8 (10)
                              [N5:V] INTERRUPT '?'
2025-07-08 19:17:47:310 [IN ] C8 24 05 0C 25 A5 05 01 31 04 D8 3A 01 01 4F 7A 41 (17)
                              [N5:V] INTERRUPT ':' 1 1 (257)
2025-07-08 19:17:47:331 [OUT] 25 A5 01 05 31 03 C9 3D 0B 4B 06 (11)
                              [N5:V] LFLAG '=' 11 (11)
2025-07-08 19:17:47:498 [IN ] C8 24 05 0B 25 A5 05 01 31 03 C9 3A 0B 48 04 7A (16)
                              [N5:V] LFLAG ':' 11 (11)
2025-07-08 19:17:47:521 [OUT] 25 A5 01 05 31 03 88 FF B0 71 6C (11)
                              [N5:V] RUN 255 176 (-80)
2025-07-08 19:17:47:686 [IN ] C8 24 05 0C 25 A5 05 01 31 04 88 53 FF B0 C5 30 41 (17)
                              [N5:V] RUN 'S' 255 176 (-80)
2025-07-08 19:17:48:488 [IN ] C8 24 0C 0E 25 A5 0C 01 31 06 81 45 FF BC CC 11 A2 6B 0A (19)
                              [N12:Z] TPOS 'E' 255 188 204 17 (-4404207)
2025-07-08 19:17:48:918 [OUT] 25 A5 01 0C 31 05 81 FF D3 40 CD A3 25 (13)
                              [N12:Z] TPOS 255 211 64 205 (-2932531)
2025-07-08 19:17:49:082 [IN ] C8 24 0C 0E 25 A5 0C 01 31 06 81 53 (12)
2025-07-08 19:17:49:103 [IN ] FF BC CC 11 B0 B1 0A (7)
                              [N12:Z] TPOS 'S' 255 188 204 17 (-4404207)
2025-07-08 19:17:50:908 [IN ] C8 24 07 0E 25 A5 07 01 31 06 81 45 FF AB 15 4E 12 D5 0A (19)
                              [N7:N] TPOS 'E' 255 171 21 78 (-5565106)
2025-07-08 19:17:51:335 [OUT] 25 A5 01 07 31 05 81 FF F1 FD 05 B1 09 (13)
                              [N7:N] TPOS 255 241 253 5 (-918267)
2025-07-08 19:17:51:520 [IN ] C8 24 07 0E 25 A5 07 01 31 06 81 53 FF AB 15 52 24 1F 0A (19)
                              [N7:N] TPOS 'S' 255 171 21 82 (-5565102)
2025-07-08 19:17:52:725 [IN ] C8 24 05 0B 25 A5 05 01 31 03 81 5A 4C 61 AD 52 (16)
                              [N5:V] TPOS 'Z' 76 (76)
2025-07-08 19:17:52:929 [IN ] C8 24 05 0A 25 A5 05 01 31 02 81 49 03 38 AD (15)
                              [N5:V] TPOS 'I'
2025-07-08 19:17:53:152 [OUT] 25 A5 01 05 31 03 C9 3D 09 49 04 (11)
                              [N5:V] LFLAG '=' 9 (9)
2025-07-08 19:17:53:281 [IN ] C8 24 08 0B 25 A5 08 01 31 03 81 5A 52 6A C8 52 (16)
                              [N8:R] TPOS 'Z' 82 (82)
2025-07-08 19:17:53:325 [IN ] C8 24 05 0B 25 A5 05 01 31 03 C9 3A 09 46 02 52 C8 24 08 0A 25 A5 08 01 31 02 81 49 06 4A 02 (31)
                              [N5:V] LFLAG ':' 9 (9)
                              [N8:R] TPOS 'I'
2025-07-08 19:17:53:345 [OUT] 25 A5 01 05 31 03 84 00 50 0E 02 (11)
                              [N5:V] VEL 0 80 (80)
2025-07-08 19:17:53:368 [OUT] 25 A5 01 08 31 03 CA 3D 09 4D 19 (11)
                              [N8:R] RFLAG '=' 9 (9)
2025-07-08 19:17:53:512 [IN ] C8 24 05 0C 25 A5 05 01 31 04 84 53 00 50 62 C2 24 (17)
                              [N5:V] VEL 'S' 0 80 (80)
2025-07-08 19:17:53:533 [OUT] 25 A5 01 05 31 05 81 00 19 82 3C 94 B6 (13)
                              [N5:V] TPOS 0 25 130 60 (1671740)
2025-07-08 19:17:53:617 [IN ] C8 24 08 0B 25 A5 08 01 31 03 CA 3A 09 4A 1A C2 (16)
                              [N8:R] RFLAG ':' 9 (9)
2025-07-08 19:17:53:639 [OUT] 25 A5 01 08 31 05 81 FF DC 77 1D 2F DE (13)
                              [N8:R] TPOS 255 220 119 29 (-2328803)
2025-07-08 19:17:53:743 [IN ] C8 24 05 0E 25 A5 05 01 31 06 81 53 00 00 00 00 11 92 0A (19)
                              [N5:V] TPOS 'S' 0 0 0 0 (0)
2025-07-08 19:17:53:888 [IN ] C8 24 08 0E 25 A5 08 01 31 06 81 53 FF FF FF FB 0C A2 0A (19)
                              [N8:R] TPOS 'S' 255 255 255 251 (-5)
2025-07-08 19:17:56:093 [IN ] C8 24 0C 0E 25 A5 0C 01 31 06 81 45 FF D3 44 5A 7A E9 0A (19)
                              [N12:Z] TPOS 'E' 255 211 68 90 (-2931622)
2025-07-08 19:18:01:709 [IN ] C8 24 05 0E 25 A5 05 01 31 06 81 45 00 19 86 10 B2 B3 0A (19)
                              [N5:V] TPOS 'E' 0 25 134 16 (1672720)
2025-07-08 19:18:02:136 [OUT] 25 A5 01 05 31 05 81 00 0D 0D 37 0E A3 (13)
                              [N5:V] TPOS 0 13 13 55 (855351)
2025-07-08 19:18:02:342 [IN ] C8 24 05 0E 25 A5 05 01 31 06 81 53 00 19 86 10 C0 F9 0A (19)
                              [N5:V] TPOS 'S' 0 25 134 16 (1672720)
2025-07-08 19:18:07:559 [IN ] C8 24 05 0E 25 A5 05 01 31 06 81 45 00 0D 0B 68 83 F1 0A (19)
                              [N5:V] TPOS 'E' 0 13 11 104 (854888)
2025-07-08 19:18:07:783 [OUT] 25 A5 01 03 31 05 81 FF EE 69 92 A3 45 (13)
                              [N3:X] TPOS 255 238 105 146 (-1152622)
2025-07-08 19:18:07:806 [OUT] 25 A5 01 04 31 05 81 FF F4 2F 0D EB 66 (13)
                              [N4:Y] TPOS 255 244 47 13 (-774387)
2025-07-08 19:18:07:970 [IN ] C8 24 03 0E 25 A5 03 01 31 06 81 53 FF FD 50 6A C5 7B 0A (19)
                              [N3:X] TPOS 'S' 255 253 80 106 (-176022)
2025-07-08 19:18:08:093 [IN ] C8 24 04 0E 25 A5 04 01 31 06 81 53 FF FD 4F B1 0C CA 0A (19)
                              [N4:Y] TPOS 'S' 255 253 79 177 (-176207)
2025-07-08 19:18:08:696 [IN ] C8 24 08 0E 25 A5 08 01 31 06 81 45 FF DC 75 A6 FC 8A 0A (19)
                              [N8:R] TPOS 'E' 255 220 117 166 (-2329178)
2025-07-08 19:18:09:121 [OUT] 25 A5 01 08 31 05 81 FF EE 15 56 18 89 (13)
                              [N8:R] TPOS 255 238 21 86 (-1174186)
2025-07-08 19:18:09:305 [IN ] C8 24 08 0E 25 A5 08 01 31 06 81 53 FF DC 75 A8 0C D2 0A (19)
                              [N8:R] TPOS 'S' 255 220 117 168 (-2329176)
2025-07-08 19:18:11:512 [IN ] C8 24 04 0E 25 A5 04 01 31 06 81 45 FF F4 2C 8F B0 01 0A (19)
                              [N4:Y] TPOS 'E' 255 244 44 143 (-775025)
2025-07-08 19:18:12:516 [IN ] C8 24 07 0E 25 A5 07 01 31 06 81 45 FF F2 02 0F 07 45 0A (19)
                              [N7:N] TPOS 'E' 255 242 2 15 (-916977)
2025-07-08 19:18:13:320 [IN ] C8 24 03 0E 25 A5 03 01 31 06 81 45 FF EE 67 25 7A F1 0A (19)
                              [N3:X] TPOS 'E' 255 238 103 37 (-1153243)
2025-07-08 19:18:17:330 [IN ] C8 24 08 0E 25 A5 08 01 31 06 81 45 FF EE 16 BB C4 17 0A (19)
                              [N8:R] TPOS 'E' 255 238 22 187 (-1173829)
