2025-07-08 14:11:24:032 [OUT] 25 A5 01 0A 31 05 D6 3D FF 00 00 53 ED (13)
                              [N10:HMI] HMILED '=' 255 0 0 (16711680)
2025-07-08 14:11:24:054 [OUT] 25 A5 01 09 31 05 81 FF EB EE 8D 26 71 (13)
                              [N9:P] TPOS 255 235 238 141 (-1315187)
2025-07-08 14:11:24:077 [OUT] 25 A5 01 08 31 05 81 FF E8 23 44 0E 81 (13)
                              [N8:R] TPOS 255 232 35 68 (-1563836)
2025-07-08 14:11:24:224 [IN ] C8 24 0A 0D 25 A5 0A 01 31 05 D6 3A FF 00 00 50 EA 01 (18)
                              [N10:HMI] HMILED ':' 255 0 0 (16711680)
2025-07-08 14:11:24:350 [IN ] C8 24 09 0E 25 A5 09 01 31 06 81 53 FF EE 67 5C C5 AA 31 (19)
                              [N9:P] TPOS 'S' 255 238 103 92 (-1153188)
2025-07-08 14:11:24:392 [IN ] C8 24 0B 0A 25 A5 0B 01 31 02 DE 03 20 D0 67 (15)
                              [N11:NG] NGSWSTATE 3 (3)
2025-07-08 14:11:24:475 [IN ] C8 24 08 0E 25 A5 08 01 31 06 81 53 FF EC F2 CA BB 1E 31 (19)
                              [N8:R] TPOS 'S' 255 236 242 202 (-1248566)
2025-07-08 14:11:25:480 [IN ] C8 24 09 0E 25 A5 09 01 31 06 81 45 FF EB EC DF BC E8 31 C8 24 0B 0A 25 A5 0B 01 31 02 DE 03 20 D0 EC (34)
                              [N9:P] TPOS 'E' 255 235 236 223 (-1315617)
                              [N11:NG] NGSWSTATE 3 (3)
2025-07-08 14:11:26:483 [IN ] C8 24 0B 0A 25 A5 0B 01 31 02 DE 03 20 D0 EC (15)
                              [N11:NG] NGSWSTATE 3 (3)
2025-07-08 14:11:26:685 [IN ] C8 24 08 0E 25 A5 08 01 31 06 81 45 FF E8 22 33 42 95 31 (19)
                              [N8:R] TPOS 'E' 255 232 34 51 (-1564109)
