2025-07-08 14:12:02:397 [OUT] 25 A5 01 0A 31 05 D6 3D FF 00 00 53 ED (13)
                              [N10:HMI] HMILED '=' 255 0 0 (16711680)
2025-07-08 14:12:02:421 [OUT] 25 A5 01 04 31 05 81 FF EE 93 04 40 13 (13)
                              [N4:Y] TPOS 255 238 147 4 (-1142012)
2025-07-08 14:12:02:443 [OUT] 25 A5 01 03 31 05 81 FF F4 DB 63 EC 0C (13)
                              [N3:X] TPOS 255 244 219 99 (-730269)
2025-07-08 14:12:02:465 [OUT] 25 A5 01 09 31 05 81 FF EC 41 C2 AF 4F (13)
                              [N9:P] TPOS 255 236 65 194 (-1293886)
2025-07-08 14:12:02:487 [OUT] 25 A5 01 05 31 05 81 00 0C 95 65 C3 DE (13)
                              [N5:V] TPOS 0 12 149 101 (824677)
2025-07-08 14:12:02:509 [OUT] 25 A5 01 06 31 05 81 00 0C EB F3 A8 20 (13)
                              [N6:H] TPOS 0 12 235 243 (846835)
2025-07-08 14:12:02:531 [OUT] 25 A5 01 07 31 05 81 FF D7 63 12 0A 94 (13)
                              [N7:N] TPOS 255 215 99 18 (-2661614)
2025-07-08 14:12:02:594 [IN ] C8 24 0A 0D 25 A5 0A 01 31 05 D6 3A FF 00 00 50 EA 01 (18)
                              [N10:HMI] HMILED ':' 255 0 0 (16711680)
2025-07-08 14:12:02:699 [IN ] C8 24 0B 0A 25 A5 0B 01 31 02 DE 03 20 D0 00 (15)
                              [N11:NG] NGSWSTATE 3 (3)
2025-07-08 14:12:02:722 [IN ] C8 24 04 0E 25 A5 04 01 31 06 81 53 FF EE 90 85 12 F3 31 (19)
                              [N4:Y] TPOS 'S' 255 238 144 133 (-1142651)
2025-07-08 14:12:02:807 [IN ] C8 24 04 0E 25 A5 04 01 31 06 81 45 FF EE 91 4C CC 76 31 (19)
                              [N4:Y] TPOS 'E' 255 238 145 76 (-1142452)
2025-07-08 14:12:02:849 [IN ] C8 24 03 0E 25 A5 03 01 31 06 81 53 FF F4 D9 74 4F 7C 31 (19)
                              [N3:X] TPOS 'S' 255 244 217 116 (-730764)
2025-07-08 14:12:02:954 [IN ] C8 24 03 0E 25 A5 03 01 31 06 81 45 FF F4 D9 9B 68 5D 31 (19)
                              [N3:X] TPOS 'E' 255 244 217 155 (-730725)
2025-07-08 14:12:02:975 [IN ] C8 24 09 0E 25 A5 09 01 31 06 81 53 FF EC 63 D5 38 15 31 (19)
                              [N9:P] TPOS 'S' 255 236 99 213 (-1285163)
2025-07-08 14:12:03:102 [IN ] C8 24 05 0E 25 A5 05 01 31 06 81 53 00 0C 5C 95 0E 03 31 (19)
                              [N5:V] TPOS 'S' 0 12 92 149 (810133)
2025-07-08 14:12:03:123 [IN ] C8 24 09 0E 25 A5 09 01 31 06 81 45 FF EC 3F 64 95 16 31 (19)
                              [N9:P] TPOS 'E' 255 236 63 100 (-1294492)
2025-07-08 14:12:03:249 [IN ] C8 24 06 0E 25 A5 06 01 31 06 81 53 00 0C C3 0A EB 50 31 (19)
                              [N6:H] TPOS 'S' 0 12 195 10 (836362)
2025-07-08 14:12:03:290 [IN ] C8 24 05 0E 25 A5 05 01 31 06 81 45 00 0C 99 17 BF B9 31 (19)
                              [N5:V] TPOS 'E' 0 12 153 23 (825623)
2025-07-08 14:12:03:354 [IN ] C8 24 07 0E 25 A5 07 01 31 06 81 53 FF D6 5D 0B 50 E9 31 (19)
                              [N7:N] TPOS 'S' 255 214 93 11 (-2728693)
2025-07-08 14:12:03:557 [IN ] C8 24 06 0E 25 A5 06 01 31 06 81 45 00 0C EF 51 50 A9 31 (19)
                              [N6:H] TPOS 'E' 0 12 239 81 (847697)
2025-07-08 14:12:03:758 [IN ] C8 24 0B 0A 25 A5 0B 01 31 02 DE 03 20 D0 EF C8 24 07 0E 25 A5 07 01 31 06 81 45 FF D7 68 01 44 B2 31 (34)
                              [N11:NG] NGSWSTATE 3 (3)
                              [N7:N] TPOS 'E' 255 215 104 1 (-2660351)
