2025-07-08 15:19:30:762 [OUT] 25 A5 01 0A 31 05 D6 3D FF 00 00 53 ED (13)
                              [N10:HMI] HMILED '=' 255 0 0 (16711680)
2025-07-08 15:19:30:786 [OUT] 25 A5 01 04 31 07 E7 3D 65 00 00 00 B4 7A 90 (15)
                              [N4:Y] LONG32VALUE '=' 'e' 0 0 0 180 (180)
2025-07-08 15:19:30:809 [OUT] 25 A5 01 03 31 07 E7 3D 65 00 00 00 68 2D 3A (15)
                              [N3:X] LONG32VALUE '=' 'e' 0 0 0 104 (104)
2025-07-08 15:19:30:812 [IN ] C8 24 0B 0A 25 A5 0B 01 31 02 DE 00 1D CD 80 (15)
                              [N11:NG] NGSWSTATE 0 (0)
2025-07-08 15:19:30:960 [IN ] C8 24 0A 0D 25 A5 0A 01 31 05 D6 3A FF 00 00 50 EA 17 (18)
                              [N10:HMI] HMILED ':' 255 0 0 (16711680)
2025-07-08 15:19:31:108 [IN ] C8 24 04 0F 25 A5 04 01 31 07 E7 3A 65 00 00 00 B4 77 81 A5 (20)
                              [N4:Y] LONG32VALUE ':' 'e' 0 0 0 180 (180)
2025-07-08 15:19:31:130 [OUT] 25 A5 01 04 31 05 81 FF EF A1 18 63 46 (13)
                              [N4:Y] TPOS 255 239 161 24 (-1072872)
2025-07-08 15:19:31:257 [IN ] C8 24 03 0F 25 A5 03 01 31 07 E7 3A 65 00 00 00 68 2A 2A A5 (20)
                              [N3:X] LONG32VALUE ':' 'e' 0 0 0 104 (104)
2025-07-08 15:19:31:279 [OUT] 25 A5 01 03 31 05 81 FF F0 A9 E3 36 1C (13)
                              [N3:X] TPOS 255 240 169 227 (-1005085)
2025-07-08 15:19:31:385 [IN ] C8 24 04 0E 25 A5 04 01 31 06 81 53 FF EE 98 97 2C 15 2A (19)
                              [N4:Y] TPOS 'S' 255 238 152 151 (-1140585)
2025-07-08 15:19:31:406 [OUT] 25 A5 01 04 31 01 DB 12 85 (9)
                              [N4:Y] STARTMOVE
2025-07-08 15:19:31:512 [IN ] C8 24 03 0E 25 A5 03 01 31 06 81 53 FF F0 0F B8 C5 20 2A (19)
                              [N3:X] TPOS 'S' 255 240 15 184 (-1044552)
2025-07-08 15:19:31:534 [OUT] 25 A5 01 03 31 01 DB 11 81 (9)
                              [N3:X] STARTMOVE
2025-07-08 15:19:31:598 [IN ] C8 24 04 0A 25 A5 04 01 31 02 DB 01 14 9E 0F (15)
                              [N4:Y] STARTMOVE ''
2025-07-08 15:19:31:685 [IN ] C8 24 03 0A 25 A5 03 01 31 02 DB 01 13 98 0F (15)
                              [N3:X] STARTMOVE ''
2025-07-08 15:19:31:886 [IN ] C8 24 0B 0A 25 A5 0B 01 31 02 DE 00 1D CD 0F (15)
                              [N11:NG] NGSWSTATE 0 (0)
2025-07-08 15:19:32:087 [IN ] C8 24 03 0E 25 A5 03 01 31 06 81 45 FF F0 AA 45 DF 9D 2A C8 24 04 0E 25 A5 04 01 31 06 81 45 FF EF A3 6C FF BD 2A (38)
                              [N3:X] TPOS 'E' 255 240 170 69 (-1004987)
                              [N4:Y] TPOS 'E' 255 239 163 108 (-1072276)
2025-07-08 15:19:32:511 [OUT] 25 A5 01 04 31 07 E7 3D 65 00 00 00 B4 7A 90 (15)
                              [N4:Y] LONG32VALUE '=' 'e' 0 0 0 180 (180)
2025-07-08 15:19:32:533 [OUT] 25 A5 01 03 31 07 E7 3D 65 00 00 00 83 48 55 (15)
                              [N3:X] LONG32VALUE '=' 'e' 0 0 0 131 (131)
2025-07-08 15:19:32:744 [IN ] C8 24 04 0F 25 A5 04 01 31 07 E7 3A 65 00 00 00 B4 77 81 A5 (20)
                              [N4:Y] LONG32VALUE ':' 'e' 0 0 0 180 (180)
2025-07-08 15:19:32:765 [OUT] 25 A5 01 04 31 05 81 FF F8 89 4F 8B 68 (13)
                              [N4:Y] TPOS 255 248 137 79 (-489137)
2025-07-08 15:19:32:849 [IN ] C8 24 0B 0A 25 A5 0B 01 31 02 DE 00 1D CD 00 (15)
                              [N11:NG] NGSWSTATE 0 (0)
2025-07-08 15:19:32:891 [IN ] C8 24 03 0F 25 A5 03 01 31 07 E7 3A 65 00 00 00 83 45 45 A5 (20)
                              [N3:X] LONG32VALUE ':' 'e' 0 0 0 131 (131)
2025-07-08 15:19:32:912 [OUT] 25 A5 01 03 31 05 81 FF EA 26 86 50 A7 (13)
                              [N3:X] TPOS 255 234 38 134 (-1431930)
2025-07-08 15:19:32:997 [IN ] C8 24 04 0E 25 A5 04 01 31 06 81 53 FF EF A3 6C 0D 03 45 (19)
                              [N4:Y] TPOS 'S' 255 239 163 108 (-1072276)
2025-07-08 15:19:33:019 [OUT] 25 A5 01 04 31 01 DB 12 85 (9)
                              [N4:Y] STARTMOVE
2025-07-08 15:19:33:123 [IN ] C8 24 03 0E 25 A5 03 01 31 06 81 53 FF F0 AA 45 ED E3 45 (19)
                              [N3:X] TPOS 'S' 255 240 170 69 (-1004987)
2025-07-08 15:19:33:144 [OUT] 25 A5 01 03 31 01 DB 11 81 (9)
                              [N3:X] STARTMOVE
2025-07-08 15:19:33:229 [IN ] C8 24 04 0A 25 A5 04 01 31 02 DB 01 14 9E AA (15)
                              [N4:Y] STARTMOVE ''
2025-07-08 15:19:33:292 [IN ] C8 24 03 0A 25 A5 03 01 31 02 DB 01 13 98 AA (15)
                              [N3:X] STARTMOVE ''
2025-07-08 15:19:33:895 [IN ] C8 24 0B 0A 25 A5 0B 01 31 02 DE 00 1D CD AA (15)
                              [N11:NG] NGSWSTATE 0 (0)
2025-07-08 15:19:34:899 [IN ] C8 24 0B 0A 25 A5 0B 01 31 02 DE 00 1D CD AA (15)
                              [N11:NG] NGSWSTATE 0 (0)
2025-07-08 15:19:35:704 [IN ] C8 24 03 0E 25 A5 03 01 31 06 81 45 FF EA 24 39 47 73 45 (19)
                              [N3:X] TPOS 'E' 255 234 36 57 (-1432519)
2025-07-08 15:19:35:905 [IN ] C8 24 0B 0A 25 A5 0B 01 31 02 DE 00 1D CD 24 (15)
                              [N11:NG] NGSWSTATE 0 (0)
2025-07-08 15:19:36:307 [IN ] C8 24 04 0E 25 A5 04 01 31 06 81 45 FF F8 8B 0C 90 48 45 (19)
                              [N4:Y] TPOS 'E' 255 248 139 12 (-488692)
2025-07-08 15:19:36:732 [OUT] 25 A5 01 04 31 03 84 00 50 0D FC (11)
                              [N4:Y] VEL 0 80 (80)
2025-07-08 15:19:36:754 [OUT] 25 A5 01 03 31 03 84 00 50 0C F6 (11)
                              [N3:X] VEL 0 80 (80)
2025-07-08 15:19:36:775 [OUT] 25 A5 01 09 31 05 81 FF ED 40 B5 A2 43 (13)
                              [N9:P] TPOS 255 237 64 181 (-1228619)
2025-07-08 15:19:36:797 [OUT] 25 A5 01 05 31 05 81 00 0C 5F F9 21 06 (13)
                              [N5:V] TPOS 0 12 95 249 (811001)
2025-07-08 15:19:36:819 [OUT] 25 A5 01 06 31 05 81 00 0C B2 CC 48 87 (13)
                              [N6:H] TPOS 0 12 178 204 (832204)
2025-07-08 15:19:36:841 [OUT] 25 A5 01 07 31 05 81 FF E2 29 C2 8B F1 (13)
                              [N7:N] TPOS 255 226 41 194 (-1955390)
2025-07-08 15:19:36:885 [IN ] C8 24 0B 0A 25 A5 0B 01 31 02 DE 00 1D CD 8B C8 24 04 0C 25 A5 04 01 31 04 84 53 00 50 61 BA 90 (32)
                              [N11:NG] NGSWSTATE 0 (0)
                              [N4:Y] VEL 'S' 0 80 (80)
2025-07-08 15:19:36:906 [OUT] 25 A5 01 04 31 05 81 FF F7 BA ED 59 65 (13)
                              [N4:Y] TPOS 255 247 186 237 (-541971)
2025-07-08 15:19:37:013 [IN ] C8 24 03 0C 25 A5 03 01 31 04 84 53 00 50 60 B2 90 (17)
                              [N3:X] VEL 'S' 0 80 (80)
2025-07-08 15:19:37:034 [OUT] 25 A5 01 03 31 05 81 FF E9 46 D8 C1 36 (13)
                              [N3:X] TPOS 255 233 70 216 (-1489192)
2025-07-08 15:19:37:138 [IN ] C8 24 09 0E 25 A5 09 01 31 06 81 53 FF ED 14 5F 74 04 45 (19)
                              [N9:P] TPOS 'S' 255 237 20 95 (-1239969)
2025-07-08 15:19:37:264 [IN ] C8 24 05 0E 25 (5)
2025-07-08 15:19:37:286 [IN ] A5 05 01 31 06 81 53 00 0C 2C 60 A9 6E 45 (14)
                              [N5:V] TPOS 'S' 0 12 44 96 (797792)
2025-07-08 15:19:37:307 [IN ] C8 24 09 0E 25 A5 09 01 31 06 81 45 FF ED 42 C2 F7 7D 45 (19)
                              [N9:P] TPOS 'E' 255 237 66 194 (-1228094)
2025-07-08 15:19:37:392 [IN ] C8 24 06 0E 25 A5 06 01 31 06 81 53 00 0C 9C 3F F9 37 45 (19)
                              [N6:H] TPOS 'S' 0 12 156 63 (826431)
2025-07-08 15:19:37:436 [IN ] C8 24 05 0E 25 A5 05 01 31 06 81 45 00 0C 63 7F F1 B5 45 (19)
                              [N5:V] TPOS 'E' 0 12 99 127 (811903)
2025-07-08 15:19:37:520 [IN ] C8 24 06 0E 25 A5 06 (7)
2025-07-08 15:19:37:543 [IN ] 01 31 06 81 45 00 0C B5 94 59 78 45 C8 24 07 0E 25 A5 07 01 31 06 81 53 FF E3 88 01 7E 5C 45 (31)
                              [N6:H] TPOS 'E' 0 12 181 148 (832916)
                              [N7:N] TPOS 'S' 255 227 136 1 (-1865727)
2025-07-08 15:19:37:670 [IN ] C8 24 04 0E 25 A5 04 01 31 06 81 53 FF F8 8B 0C 9E 8E 45 (19)
                              [N4:Y] TPOS 'S' 255 248 139 12 (-488692)
2025-07-08 15:19:37:797 [IN ] C8 24 03 0E 25 A5 03 01 31 06 81 53 FF EA 24 39 55 B9 45 (19)
                              [N3:X] TPOS 'S' 255 234 36 57 (-1432519)
2025-07-08 15:19:37:998 [IN ] C8 24 0B 0A 25 A5 0B 01 31 02 DE 00 1D CD 24 (15)
                              [N11:NG] NGSWSTATE 0 (0)
2025-07-08 15:19:38:199 [IN ] C8 24 07 0E 25 A5 07 01 31 06 81 45 FF E2 24 BC C6 06 45 C8 24 04 0E 25 A5 04 01 31 06 81 45 FF F7 B8 14 C4 A7 45 (38)
                              [N7:N] TPOS 'E' 255 226 36 188 (-1956676)
                              [N4:Y] TPOS 'E' 255 247 184 20 (-542700)
2025-07-08 15:19:38:400 [IN ] C8 24 03 0E 25 A5 03 01 31 06 81 45 FF E9 44 8A B7 01 45 (19)
                              [N3:X] TPOS 'E' 255 233 68 138 (-1489782)
