2025-07-08 19:39:50:165 [OUT] 25 A5 01 0A 31 05 D6 3D FF 00 00 53 ED (13)
                              [N10:HMI] HMILED '=' 255 0 0 (16711680)
2025-07-08 19:39:50:187 [OUT] 25 A5 01 03 31 02 D8 3F 4E CE (10)
                              [N3:X] INTERRUPT '?'
2025-07-08 19:39:50:489 [IN ] C8 24 0A 0D 25 A5 0A 01 31 05 D6 3A FF 00 00 50 EA 52 C8 24 03 0C 25 A5 03 01 31 04 D8 3A 01 01 4D 6A EA (35)
                              [N10:HMI] HMILED ':' 255 0 0 (16711680)
                              [N3:X] INTERRUPT ':' 1 1 (257)
2025-07-08 19:39:50:511 [OUT] 25 A5 01 09 31 03 C9 3D 09 4D 1C (11)
                              [N9:P] LFLAG '=' 9 (9)
2025-07-08 19:39:50:535 [OUT] 25 A5 01 04 31 02 D8 3F 4F D3 (10)
                              [N4:Y] INTERRUPT '?'
2025-07-08 19:39:50:836 [IN ] C8 24 09 0B 25 A5 09 01 31 03 C9 3A 09 4A 1E 6A C8 24 04 0C 25 A5 04 01 31 04 D8 3A 01 01 4E 72 EA (33)
                              [N9:P] LFLAG ':' 9 (9)
                              [N4:Y] INTERRUPT ':' 1 1 (257)
2025-07-08 19:39:50:857 [OUT] 25 A5 01 09 31 03 CA 3D 09 4E 1F (11)
                              [N9:P] RFLAG '=' 9 (9)
2025-07-08 19:39:50:880 [OUT] 25 A5 01 0C 31 02 D8 3F 57 FB (10)
                              [N12:Z] INTERRUPT '?'
2025-07-08 19:39:51:181 [IN ] C8 24 09 0B 25 A5 09 01 31 03 CA 3A 09 4B 21 72 C8 24 0C 0C 25 A5 0C 01 31 04 D8 3A 01 01 56 B2 EA (33)
                              [N9:P] RFLAG ':' 9 (9)
                              [N12:Z] INTERRUPT ':' 1 1 (257)
2025-07-08 19:39:51:202 [OUT] 25 A5 01 08 31 03 C9 3D 09 4C 16 (11)
                              [N8:R] LFLAG '=' 9 (9)
2025-07-08 19:39:51:224 [OUT] 25 A5 01 03 31 03 C9 3D 0B 49 FA (11)
                              [N3:X] LFLAG '=' 11 (11)
2025-07-08 19:39:51:245 [OUT] 25 A5 01 04 31 03 C9 3D 0B 4A 00 (11)
                              [N4:Y] LFLAG '=' 11 (11)
2025-07-08 19:39:51:267 [OUT] 25 A5 01 0C 31 03 C9 3D 0B 52 30 (11)
                              [N12:Z] LFLAG '=' 11 (11)
2025-07-08 19:39:51:370 [IN ] C8 24 08 0B 25 A5 08 01 31 03 C9 3A 09 49 17 B2 (16)
                              [N8:R] LFLAG ':' 9 (9)
2025-07-08 19:39:51:394 [OUT] 25 A5 01 08 31 03 CA 3D 09 4D 19 (11)
                              [N8:R] RFLAG '=' 9 (9)
2025-07-08 19:39:51:478 [IN ] C8 24 03 0B 25 A5 03 01 31 03 C9 3A 0B 46 F6 B2 (16)
                              [N3:X] LFLAG ':' 11 (11)
2025-07-08 19:39:51:501 [OUT] 25 A5 01 03 31 03 88 00 50 10 02 (11)
                              [N3:X] RUN 0 80 (80)
2025-07-08 19:39:51:595 [IN ] C8 24 04 0B 25 A5 04 01 31 03 C9 3A 0B 47 FD B2 (16)
                              [N4:Y] LFLAG ':' 11 (11)
2025-07-08 19:39:51:619 [OUT] 25 A5 01 04 31 03 88 00 50 11 08 (11)
                              [N4:Y] RUN 0 80 (80)
2025-07-08 19:39:51:702 [IN ] C8 24 0C 0B 25 A5 0C 01 31 03 C9 3A 0B 4F 35 B2 (16)
                              [N12:Z] LFLAG ':' 11 (11)
2025-07-08 19:39:51:724 [OUT] 25 A5 01 0C 31 03 88 00 50 19 38 (11)
                              [N12:Z] RUN 0 80 (80)
2025-07-08 19:39:51:807 [IN ] C8 24 08 0B 25 A5 08 01 31 03 CA 3A 09 4A 1A B2 (16)
                              [N8:R] RFLAG ':' 9 (9)
2025-07-08 19:39:51:930 [IN ] C8 24 03 0C 25 A5 03 01 31 04 88 53 00 50 64 C2 EA (17)
                              [N3:X] RUN 'S' 0 80 (80)
2025-07-08 19:39:52:014 [IN ] C8 24 04 0C 25 A5 04 01 31 04 88 53 00 50 65 CA EA (17)
                              [N4:Y] RUN 'S' 0 80 (80)
2025-07-08 19:39:52:138 [IN ] C8 24 0C 0C 25 A5 0C 01 31 04 88 53 00 50 6D 0A EA (17)
                              [N12:Z] RUN 'S' 0 80 (80)
2025-07-08 19:39:58:757 [IN ] C8 24 04 0B 25 A5 04 01 31 03 81 5A 4C 60 A6 0A C8 24 04 0A 25 A5 04 01 31 02 81 49 02 32 A6 (31)
                              [N4:Y] TPOS 'Z' 76 (76)
                              [N4:Y] TPOS 'I'
2025-07-08 19:39:58:980 [OUT] 25 A5 01 09 31 02 D8 3F 54 EC (10)
                              [N9:P] INTERRUPT '?'
2025-07-08 19:39:59:281 [IN ] C8 24 09 0C 25 A5 09 01 31 04 D8 3A 01 01 53 9A EA (17)
                              [N9:P] INTERRUPT ':' 1 1 (257)
2025-07-08 19:39:59:304 [OUT] 25 A5 01 04 31 03 C9 3D 09 48 FE (11)
                              [N4:Y] LFLAG '=' 9 (9)
2025-07-08 19:39:59:326 [OUT] 25 A5 01 07 31 02 D8 3F 52 E2 (10)
                              [N7:N] INTERRUPT '?'
2025-07-08 19:39:59:627 [IN ] C8 24 04 0B 25 A5 04 01 31 03 C9 3A 09 45 FB 9A C8 24 07 0C 25 A5 07 01 31 04 D8 3A 01 01 51 8A EA (33)
                              [N4:Y] LFLAG ':' 9 (9)
                              [N7:N] INTERRUPT ':' 1 1 (257)
2025-07-08 19:39:59:649 [OUT] 25 A5 01 09 31 03 C9 3D 0B 4F 1E (11)
                              [N9:P] LFLAG '=' 11 (11)
2025-07-08 19:39:59:672 [OUT] 25 A5 01 07 31 03 C9 3D 0B 4D 12 (11)
                              [N7:N] LFLAG '=' 11 (11)
2025-07-08 19:39:59:816 [IN ] C8 24 09 0B 25 A5 09 01 31 03 C9 3A 0B 4C 20 8A (16)
                              [N9:P] LFLAG ':' 11 (11)
2025-07-08 19:39:59:838 [OUT] 25 A5 01 09 31 03 88 00 50 16 26 (11)
                              [N9:P] RUN 0 80 (80)
2025-07-08 19:39:59:922 [IN ] C8 24 07 0B 25 A5 07 01 31 03 C9 3A 0B 4A 12 8A (16)
                              [N7:N] LFLAG ':' 11 (11)
2025-07-08 19:39:59:943 [OUT] 25 A5 01 07 31 03 88 00 50 14 1A (11)
                              [N7:N] RUN 0 80 (80)
2025-07-08 19:40:00:049 [IN ] C8 24 09 0C 25 A5 09 01 31 04 88 53 00 50 6A F2 EA (17)
                              [N9:P] RUN 'S' 0 80 (80)
2025-07-08 19:40:00:113 [IN ] C8 24 09 0B 25 A5 09 01 31 03 81 5A 4C 65 C9 F2 (16)
                              [N9:P] TPOS 'Z' 76 (76)
2025-07-08 19:40:00:135 [IN ] C8 24 07 0C 25 A5 07 01 31 04 88 53 00 50 68 E2 EA C8 24 09 0A 25 A5 09 01 31 02 81 49 07 50 68 (32)
                              [N7:N] RUN 'S' 0 80 (80)
                              [N9:P] TPOS 'I'
2025-07-08 19:40:00:362 [OUT] 25 A5 01 09 31 03 C9 3D 09 4D 1C (11)
                              [N9:P] LFLAG '=' 9 (9)
2025-07-08 19:40:00:383 [OUT] 25 A5 01 04 31 05 81 FF EE 88 01 32 FA (13)
                              [N4:Y] TPOS 255 238 136 1 (-1144831)
2025-07-08 19:40:00:527 [IN ] C8 24 09 0B 25 A5 09 01 31 03 C9 3A 09 4A 1E E2 (16)
                              [N9:P] LFLAG ':' 9 (9)
2025-07-08 19:40:00:672 [IN ] C8 24 04 0E 25 A5 04 01 31 06 81 53 00 00 00 00 10 88 0A (19)
                              [N4:Y] TPOS 'S' 0 0 0 0 (0)
2025-07-08 19:40:01:076 [IN ] C8 24 03 0B 25 A5 03 01 31 03 81 5A 4C 5F 9F 00 C8 24 03 0A 25 A5 03 01 31 02 81 49 01 2C 9F (31)
                              [N3:X] TPOS 'Z' 76 (76)
                              [N3:X] TPOS 'I'
2025-07-08 19:40:01:299 [OUT] 25 A5 01 03 31 03 C9 3D 09 47 F8 (11)
                              [N3:X] LFLAG '=' 9 (9)
2025-07-08 19:40:01:464 [IN ] C8 24 03 0B 25 A5 03 01 31 03 C9 3A 09 44 F4 00 (16)
                              [N3:X] LFLAG ':' 9 (9)
2025-07-08 19:40:04:272 [IN ] C8 24 07 0B 25 A5 07 01 31 03 81 5A 4C 63 BB 00 (16)
                              [N7:N] TPOS 'Z' 76 (76)
2025-07-08 19:40:04:474 [IN ] C8 24 07 0A 25 A5 07 01 31 02 81 49 05 44 BB (15)
                              [N7:N] TPOS 'I'
2025-07-08 19:40:04:696 [OUT] 25 A5 01 07 31 03 C9 3D 09 4B 10 (11)
                              [N7:N] LFLAG '=' 9 (9)
2025-07-08 19:40:04:860 [IN ] C8 24 07 0B 25 A5 07 (7)
2025-07-08 19:40:04:882 [IN ] 01 31 03 C9 3A 09 48 10 00 (9)
                              [N7:N] LFLAG ':' 9 (9)
2025-07-08 19:40:06:688 [IN ] C8 24 0C 0B 25 A5 0C 01 31 03 81 5A 4C 68 DE 00 C8 24 0C 0A 25 A5 0C 01 31 02 81 49 0A 62 DE (31)
                              [N12:Z] TPOS 'Z' 76 (76)
                              [N12:Z] TPOS 'I'
2025-07-08 19:40:06:890 [IN ] C8 24 04 0E 25 A5 04 01 31 06 81 45 FF EE 85 09 7D 1B 0A (19)
                              [N4:Y] TPOS 'E' 255 238 133 9 (-1145591)
2025-07-08 19:40:06:911 [OUT] 25 A5 01 0C 31 03 C9 3D 09 50 2E (11)
                              [N12:Z] LFLAG '=' 9 (9)
2025-07-08 19:40:06:955 [OUT] 25 A5 01 04 31 05 81 FF FD 50 01 09 B7 (13)
                              [N4:Y] TPOS 255 253 80 1 (-176127)
2025-07-08 19:40:06:976 [OUT] 25 A5 01 09 31 05 81 FF E7 5D 56 5A 0C (13)
                              [N9:P] TPOS 255 231 93 86 (-1614506)
2025-07-08 19:40:07:000 [OUT] 25 A5 01 07 31 05 81 FF AB 19 75 F7 DF (13)
                              [N7:N] TPOS 255 171 25 117 (-5564043)
2025-07-08 19:40:07:023 [OUT] 25 A5 01 03 31 05 81 FF EC 4A AB 9B 1A (13)
                              [N3:X] TPOS 255 236 74 171 (-1291605)
2025-07-08 19:40:07:045 [OUT] 25 A5 01 06 31 02 D8 3F 51 DD (10)
                              [N6:H] INTERRUPT '?'
2025-07-08 19:40:07:346 [IN ] C8 24 0C 0B 25 A5 0C 01 31 03 C9 3A 09 4D 33 09 C8 24 04 0E 25 A5 04 01 31 06 81 53 FF EE 85 0A 8C 62 0A C8 24 09 0E 25 A5 09 01 31 06 81 53 FF FF FF F3 05 A4 0A (54)
                              [N12:Z] LFLAG ':' 9 (9)
                              [N4:Y] TPOS 'S' 255 238 133 10 (-1145590)
                              [N9:P] TPOS 'S' 255 255 255 243 (-13)
2025-07-08 19:40:07:648 [IN ] C8 24 07 0E 25 A5 07 01 31 06 81 53 FF FF FF F8 08 95 0A C8 24 03 0E 25 A5 03 01 31 06 81 53 00 00 00 00 0F 7E 0A (38)
                              [N7:N] TPOS 'S' 255 255 255 248 (-8)
                              [N3:X] TPOS 'S' 0 0 0 0 (0)
2025-07-08 19:40:07:949 [IN ] C8 24 06 0C 25 A5 06 01 31 04 D8 3A 01 01 50 82 0F (17)
                              [N6:H] INTERRUPT ':' 1 1 (257)
2025-07-08 19:40:07:970 [OUT] 25 A5 01 0C 31 05 81 FF BC D0 00 4F 33 (13)
                              [N12:Z] TPOS 255 188 208 0 (-4403200)
2025-07-08 19:40:07:991 [OUT] 25 A5 01 06 31 03 C9 3D 0B 4C 0C (11)
                              [N6:H] LFLAG '=' 11 (11)
2025-07-08 19:40:08:159 [IN ] C8 24 0C 0E 25 A5 0C 01 31 06 81 53 FF FF FF AA BF 79 0A (19)
                              [N12:Z] TPOS 'S' 255 255 255 170 (-86)
2025-07-08 19:40:08:273 [IN ] C8 24 06 0B 25 A5 06 01 31 03 C9 3A 0B 49 0B AA (16)
                              [N6:H] LFLAG ':' 11 (11)
2025-07-08 19:40:08:295 [OUT] 25 A5 01 06 31 03 88 FF B0 72 72 (11)
                              [N6:H] RUN 255 176 (-80)
2025-07-08 19:40:08:464 [IN ] C8 24 06 0C 25 A5 06 01 31 04 88 53 FF B0 C6 38 BF (17)
                              [N6:H] RUN 'S' 255 176 (-80)
2025-07-08 19:40:13:480 [IN ] C8 24 06 0B 25 A5 06 01 31 03 81 5A 4C 62 B4 38 C8 24 06 0A 25 A5 06 01 31 02 81 49 04 3E B4 (31)
                              [N6:H] TPOS 'Z' 76 (76)
                              [N6:H] TPOS 'I'
2025-07-08 19:40:13:702 [OUT] 25 A5 01 06 31 03 C9 3D 09 4A 0A (11)
                              [N6:H] LFLAG '=' 9 (9)
2025-07-08 19:40:13:869 [IN ] C8 24 06 0B 25 A5 06 01 31 03 C9 3A 09 47 09 38 (16)
                              [N6:H] LFLAG ':' 9 (9)
2025-07-08 19:40:13:891 [OUT] 25 A5 01 06 31 03 84 00 50 0F 08 (11)
                              [N6:H] VEL 0 80 (80)
2025-07-08 19:40:14:056 [IN ] C8 24 06 0C 25 A5 06 01 31 04 84 53 00 50 63 CA BF (17)
                              [N6:H] VEL 'S' 0 80 (80)
2025-07-08 19:40:14:078 [OUT] 25 A5 01 06 31 05 81 00 19 82 3C 95 BE (13)
                              [N6:H] TPOS 0 25 130 60 (1671740)
2025-07-08 19:40:14:268 [IN ] C8 24 06 0E 25 A5 06 01 31 06 81 53 00 00 00 00 12 9C 0A (19)
                              [N6:H] TPOS 'S' 0 0 0 0 (0)
2025-07-08 19:40:14:671 [IN ] C8 24 03 0E 25 A5 03 01 31 06 81 45 FF EC 48 29 5D B1 0A (19)
                              [N3:X] TPOS 'E' 255 236 72 41 (-1292247)
2025-07-08 19:40:15:099 [OUT] 25 A5 01 03 31 05 81 FF FD 50 01 08 AF (13)
                              [N3:X] TPOS 255 253 80 1 (-176127)
2025-07-08 19:40:15:284 [IN ] C8 24 03 0E 25 A5 03 01 31 06 81 53 FF EC 48 29 6B F7 0A (19)
                              [N3:X] TPOS 'S' 255 236 72 41 (-1292247)
2025-07-08 19:40:15:686 [IN ] C8 24 04 0E 25 A5 04 01 31 06 81 45 FF FD 4F B1 FE 84 0A (19)
                              [N4:Y] TPOS 'E' 255 253 79 177 (-176207)
2025-07-08 19:40:16:291 [IN ] C8 24 09 0E 25 A5 09 01 31 06 81 45 FF E7 59 EA 30 C1 0A (19)
                              [N9:P] TPOS 'E' 255 231 89 234 (-1615382)
2025-07-08 19:40:16:715 [OUT] 25 A5 01 09 31 05 81 FF FF D9 C8 60 BE (13)
                              [N9:P] TPOS 255 255 217 200 (-9784)
2025-07-08 19:40:16:921 [IN ] C8 24 09 0E 25 A5 09 01 31 06 81 53 FF E7 59 EC 40 09 0A (19)
                              [N9:P] TPOS 'S' 255 231 89 236 (-1615380)
2025-07-08 19:40:23:537 [IN ] C8 24 06 0E 25 A5 06 01 31 06 81 45 00 19 82 D3 72 78 0A (19)
                              [N6:H] TPOS 'E' 0 25 130 211 (1671891)
2025-07-08 19:40:23:962 [OUT] 25 A5 01 06 31 05 81 00 0C C6 7D 0D 60 (13)
                              [N6:H] TPOS 0 12 198 125 (837245)
2025-07-08 19:40:24:147 [IN ] C8 24 06 0E 25 A5 06 01 31 06 81 53 00 19 82 D3 80 BE 0A (19)
                              [N6:H] TPOS 'S' 0 25 130 211 (1671891)
2025-07-08 19:40:24:549 [IN ] C8 24 03 0E 25 A5 03 01 31 06 81 45 FF FD 50 60 AD 2B 0A (19)
                              [N3:X] TPOS 'E' 255 253 80 96 (-176032)
2025-07-08 19:40:26:157 [IN ] C8 24 09 0E 25 A5 09 01 31 06 81 45 FF FF DB D2 B2 F5 0A (19)
                              [N9:P] TPOS 'E' 255 255 219 210 (-9262)
2025-07-08 19:40:26:383 [OUT] 25 A5 01 08 31 02 D8 3F 53 E7 (10)
                              [N8:R] INTERRUPT '?'
2025-07-08 19:40:26:684 [IN ] C8 24 08 0C 25 A5 08 01 31 04 D8 3A 01 01 52 92 B2 (17)
                              [N8:R] INTERRUPT ':' 1 1 (257)
2025-07-08 19:40:26:706 [OUT] 25 A5 01 08 31 03 CA 3D 0B 4F 1B (11)
                              [N8:R] RFLAG '=' 11 (11)
2025-07-08 19:40:26:870 [IN ] C8 24 08 0B 25 A5 08 01 31 03 CA 3A 0B 4C 1C 92 (16)
                              [N8:R] RFLAG ':' 11 (11)
2025-07-08 19:40:26:892 [OUT] 25 A5 01 08 31 03 88 00 50 15 20 (11)
                              [N8:R] RUN 0 80 (80)
2025-07-08 19:40:27:057 [IN ] C8 24 08 0C 25 A5 08 01 31 04 88 53 00 50 69 EA B2 (17)
                              [N8:R] RUN 'S' 0 80 (80)
2025-07-08 19:40:28:462 [IN ] C8 24 06 0E 25 A5 06 01 31 06 81 45 00 0C C2 68 3A 66 0A (19)
                              [N6:H] TPOS 'E' 0 12 194 104 (836200)
2025-07-08 19:40:28:687 [OUT] 25 A5 01 05 31 02 D8 3F 50 D8 (10)
                              [N5:V] INTERRUPT '?'
2025-07-08 19:40:28:989 [IN ] C8 24 05 0C 25 A5 05 01 31 04 D8 3A 01 01 4F 7A 3A (17)
                              [N5:V] INTERRUPT ':' 1 1 (257)
2025-07-08 19:40:29:010 [OUT] 25 A5 01 05 31 03 C9 3D 0B 4B 06 (11)
                              [N5:V] LFLAG '=' 11 (11)
2025-07-08 19:40:29:176 [IN ] C8 24 05 0B 25 A5 05 01 31 03 C9 3A 0B 48 04 7A (16)
                              [N5:V] LFLAG ':' 11 (11)
2025-07-08 19:40:29:196 [OUT] 25 A5 01 05 31 03 88 FF B0 71 6C (11)
                              [N5:V] RUN 255 176 (-80)
2025-07-08 19:40:29:361 [IN ] C8 24 05 0C 25 A5 05 01 31 04 88 53 FF B0 C5 30 3A (17)
                              [N5:V] RUN 'S' 255 176 (-80)
2025-07-08 19:40:30:364 [IN ] C8 24 0C 0E 25 A5 0C 01 31 06 81 45 FF BC CC 03 94 5D 0A (19)
                              [N12:Z] TPOS 'E' 255 188 204 3 (-4404221)
2025-07-08 19:40:30:790 [OUT] 25 A5 01 0C 31 05 81 FF D3 40 CD A3 25 (13)
                              [N12:Z] TPOS 255 211 64 205 (-2932531)
2025-07-08 19:40:30:976 [IN ] C8 24 0C 0E 25 A5 0C 01 31 06 81 53 FF BC CC 03 A2 A3 0A (19)
                              [N12:Z] TPOS 'S' 255 188 204 3 (-4404221)
2025-07-08 19:40:32:781 [IN ] C8 24 07 0E 25 A5 07 01 31 06 81 45 FF AB 15 3C 00 C3 0A (19)
                              [N7:N] TPOS 'E' 255 171 21 60 (-5565124)
2025-07-08 19:40:33:205 [OUT] 25 A5 01 07 31 05 81 FF F1 FD 05 B1 09 (13)
                              [N7:N] TPOS 255 241 253 5 (-918267)
2025-07-08 19:40:33:390 [IN ] C8 24 07 0E 25 A5 07 01 31 06 81 53 FF AB 15 3E 10 0B 0A (19)
                              [N7:N] TPOS 'S' 255 171 21 62 (-5565122)
2025-07-08 19:40:34:396 [IN ] C8 24 05 0B 25 A5 05 01 31 03 81 5A 4C 61 AD 3E C8 24 05 0A 25 A5 05 01 31 02 81 49 03 38 AD (31)
                              [N5:V] TPOS 'Z' 76 (76)
                              [N5:V] TPOS 'I'
2025-07-08 19:40:34:619 [OUT] 25 A5 01 05 31 03 C9 3D 09 49 04 (11)
                              [N5:V] LFLAG '=' 9 (9)
2025-07-08 19:40:34:790 [IN ] C8 24 05 0B 25 A5 05 01 31 03 C9 3A 09 46 02 3E (16)
                              [N5:V] LFLAG ':' 9 (9)
2025-07-08 19:40:34:811 [OUT] 25 A5 01 05 31 03 84 00 50 0E 02 (11)
                              [N5:V] VEL 0 80 (80)
2025-07-08 19:40:34:977 [IN ] C8 24 05 0C 25 A5 05 01 31 04 84 53 00 50 62 C2 10 (17)
                              [N5:V] VEL 'S' 0 80 (80)
2025-07-08 19:40:34:998 [OUT] 25 A5 01 05 31 05 81 00 19 82 3C 94 B6 (13)
                              [N5:V] TPOS 0 25 130 60 (1671740)
2025-07-08 19:40:35:183 [IN ] C8 24 05 0E 25 A5 05 01 31 06 81 53 00 00 00 00 11 92 0A (19)
                              [N5:V] TPOS 'S' 0 0 0 0 (0)
2025-07-08 19:40:35:386 [IN ] C8 24 08 0B 25 A5 08 01 31 03 81 5A 52 6A C8 00 C8 24 08 0A 25 A5 08 01 31 02 81 49 06 4A C8 (31)
                              [N8:R] TPOS 'Z' 82 (82)
                              [N8:R] TPOS 'I'
2025-07-08 19:40:35:609 [OUT] 25 A5 01 08 31 03 CA 3D 09 4D 19 (11)
                              [N8:R] RFLAG '=' 9 (9)
2025-07-08 19:40:35:773 [IN ] C8 (1)
2025-07-08 19:40:35:794 [IN ] 24 08 0B 25 A5 08 01 31 03 CA 3A 09 4A 1A 00 (15)
                              [N8:R] RFLAG ':' 9 (9)
2025-07-08 19:40:35:816 [OUT] 25 A5 01 08 31 05 81 FF DC 77 1D 2F DE (13)
                              [N8:R] TPOS 255 220 119 29 (-2328803)
2025-07-08 19:40:36:001 [IN ] C8 24 08 0E 25 A5 08 01 31 06 81 53 FF FF FF F5 06 9C 0A (19)
                              [N8:R] TPOS 'S' 255 255 255 245 (-11)
2025-07-08 19:40:38:007 [IN ] C8 24 0C 0E 25 A5 0C 01 31 06 81 45 FF D3 44 33 53 C2 0A (19)
                              [N12:Z] TPOS 'E' 255 211 68 51 (-2931661)
2025-07-08 19:40:43:222 [IN ] C8 24 05 0E 25 A5 05 01 31 06 81 45 00 19 86 02 A4 A5 0A (19)
                              [N5:V] TPOS 'E' 0 25 134 2 (1672706)
2025-07-08 19:40:43:648 [OUT] 25 A5 01 05 31 05 81 00 0D 0D 37 0E A3 (13)
                              [N5:V] TPOS 0 13 13 55 (855351)
2025-07-08 19:40:43:835 [IN ] C8 24 05 0E 25 A5 05 01 31 06 81 53 00 19 86 02 B2 EB 0A (19)
                              [N5:V] TPOS 'S' 0 25 134 2 (1672706)
2025-07-08 19:40:49:047 [IN ] C8 24 05 0E 25 A5 05 01 31 06 81 45 00 0D 0B 66 81 EF 0A (19)
                              [N5:V] TPOS 'E' 0 13 11 102 (854886)
2025-07-08 19:40:49:272 [OUT] 25 A5 01 03 31 05 81 FF EE 69 92 A3 45 (13)
                              [N3:X] TPOS 255 238 105 146 (-1152622)
2025-07-08 19:40:49:294 [OUT] 25 A5 01 04 31 05 81 FF F4 2F 0D EB 66 (13)
                              [N4:Y] TPOS 255 244 47 13 (-774387)
2025-07-08 19:40:49:459 [IN ] C8 24 03 0E 25 A5 03 01 31 06 81 53 FF FD 50 60 BB 71 0A (19)
                              [N3:X] TPOS 'S' 255 253 80 96 (-176032)
2025-07-08 19:40:49:585 [IN ] C8 24 04 0E 25 A5 04 01 31 06 81 53 FF FD 4F B1 0C CA 0A (19)
                              [N4:Y] TPOS 'S' 255 253 79 177 (-176207)
2025-07-08 19:40:50:788 [IN ] C8 24 08 0E 25 A5 08 01 31 06 81 45 FF DC 75 B3 09 97 0A (19)
                              [N8:R] TPOS 'E' 255 220 117 179 (-2329165)
2025-07-08 19:40:51:217 [OUT] 25 A5 01 08 31 05 81 FF EE 15 56 18 89 (13)
                              [N8:R] TPOS 255 238 21 86 (-1174186)
2025-07-08 19:40:51:407 [IN ] C8 24 08 0E 25 A5 08 01 31 06 81 53 FF DC 75 B7 1B E1 0A (19)
                              [N8:R] TPOS 'S' 255 220 117 183 (-2329161)
2025-07-08 19:40:53:012 [IN ] C8 24 04 0E 25 A5 04 01 31 06 81 45 FF F4 2C A9 CA 1B 0A (19)
                              [N4:Y] TPOS 'E' 255 244 44 169 (-774999)
2025-07-08 19:40:54:416 [IN ] C8 24 07 0E 25 A5 07 01 31 06 81 45 FF F2 02 23 1B 59 0A (19)
                              [N7:N] TPOS 'E' 255 242 2 35 (-916957)
2025-07-08 19:40:54:818 [IN ] C8 24 03 0E 25 A5 03 01 31 06 81 45 FF EE 67 2B 80 F7 0A (19)
                              [N3:X] TPOS 'E' 255 238 103 43 (-1153237)
2025-07-08 19:40:59:431 [IN ] C8 24 08 0E 25 A5 08 01 31 06 81 45 FF EE 16 ED F6 49 0A (19)
                              [N8:R] TPOS 'E' 255 238 22 237 (-1173779)
