2025-07-08 12:52:21:720 [OUT] 25 A5 01 0A 31 05 D6 3D FF 00 00 53 ED (13)
                              [N10:HMI] HMILED '=' 255 0 0 (16711680)
2025-07-08 12:52:21:744 [OUT] 25 A5 01 0C 31 05 81 FF E0 C4 A4 0B 2B (13)
                              [N12:Z] TPOS 255 224 196 164 (-2046812)
2025-07-08 12:52:21:766 [OUT] 25 A5 01 05 31 05 81 00 0C 94 2A 87 A1 (13)
                              [N5:V] TPOS 0 12 148 42 (824362)
2025-07-08 12:52:21:788 [OUT] 25 A5 01 06 31 05 81 00 0C C6 C1 51 A4 (13)
                              [N6:H] TPOS 0 12 198 193 (837313)
2025-07-08 12:52:21:894 [IN ] C8 24 0A 0D 25 A5 0A 01 31 05 D6 3A FF 00 00 50 EA 98 (18)
                              [N10:HMI] HMILED ':' 255 0 0 (16711680)
2025-07-08 12:52:22:042 [IN ] C8 24 0C 0E 25 A5 0C 01 31 06 81 53 FF CC 99 A6 22 10 05 (19)
                              [N12:Z] TPOS 'S' 255 204 153 166 (-3368538)
2025-07-08 12:52:22:169 [IN ] C8 24 05 0E 25 A5 05 01 31 06 81 53 00 0F 2E C3 11 DE 05 (19)
                              [N5:V] TPOS 'S' 0 15 46 195 (995011)
2025-07-08 12:52:22:315 [IN ] C8 24 06 0E 25 A5 06 01 31 06 81 53 00 10 B1 CC 9F FA 05 (19)
                              [N6:H] TPOS 'S' 0 16 177 204 (1094092)
2025-07-08 12:52:23:321 [IN ] C8 24 05 0E 25 A5 05 01 31 06 81 45 00 0C 92 99 3A 2D 05 (19)
                              [N5:V] TPOS 'E' 0 12 146 153 (823961)
2025-07-08 12:52:23:723 [IN ] C8 24 06 0E 25 A5 06 01 31 06 81 45 00 0C C2 85 57 83 05 (19)
                              [N6:H] TPOS 'E' 0 12 194 133 (836229)
2025-07-08 12:52:28:541 [IN ] C8 24 0C 0E 25 A5 0C 01 31 06 81 45 FF E0 C7 D5 85 91 05 (19)
                              [N12:Z] TPOS 'E' 255 224 199 213 (-2045995)
2025-07-08 12:52:28:964 [OUT] 25 A5 01 04 31 05 81 FF F2 54 46 47 E3 (13)
                              [N4:Y] TPOS 255 242 84 70 (-895930)
2025-07-08 12:52:28:986 [OUT] 25 A5 01 03 31 05 81 FF F0 D4 72 F0 01 (13)
                              [N3:X] TPOS 255 240 212 114 (-994190)
2025-07-08 12:52:29:155 [IN ] C8 24 04 0E 25 A5 04 01 31 06 81 53 FF F5 7A 64 E2 BB 05 (19)
                              [N4:Y] TPOS 'S' 255 245 122 100 (-689564)
2025-07-08 12:52:29:280 [IN ] C8 24 03 0E 25 A5 03 01 31 06 81 53 FF EC FA 69 5D 9B 05 (19)
                              [N3:X] TPOS 'S' 255 236 250 105 (-1246615)
2025-07-08 12:52:30:486 [IN ] C8 24 04 0E 25 A5 04 01 31 06 81 45 FF F2 51 92 D6 48 05 (19)
                              [N4:Y] TPOS 'E' 255 242 81 146 (-896622)
2025-07-08 12:52:31:691 [IN ] C8 24 03 0E 25 A5 03 01 31 06 81 45 FF F0 D3 E6 A9 90 05 (19)
                              [N3:X] TPOS 'E' 255 240 211 230 (-994330)
2025-07-08 12:52:32:116 [OUT] 25 A5 01 0C 31 05 81 FF CC 9C A4 CF 9F (13)
                              [N12:Z] TPOS 255 204 156 164 (-3367772)
2025-07-08 12:52:32:324 [IN ] C8 24 0C 0E 25 A5 0C 01 31 06 81 53 FF E0 C7 D4 92 D6 05 (19)
                              [N12:Z] TPOS 'S' 255 224 199 212 (-2045996)
2025-07-08 12:52:38:947 [IN ] C8 24 0C 0E 25 A5 0C 01 31 06 81 45 FF CC 99 A2 10 C6 05 (19)
                              [N12:Z] TPOS 'E' 255 204 153 162 (-3368542)
2025-07-08 12:52:39:371 [OUT] 25 A5 01 09 31 05 81 FF EE 87 3B 70 5A (13)
                              [N9:P] TPOS 255 238 135 59 (-1145029)
2025-07-08 12:52:39:392 [OUT] 25 A5 01 05 31 05 81 00 14 B9 7E 08 57 (13)
                              [N5:V] TPOS 0 20 185 126 (1358206)
2025-07-08 12:52:39:414 [OUT] 25 A5 01 06 31 05 81 00 0B 7B 3F 83 89 (13)
                              [N6:H] TPOS 0 11 123 63 (752447)
2025-07-08 12:52:39:436 [OUT] 25 A5 01 07 31 05 81 FF CA 82 EF F9 88 (13)
                              [N7:N] TPOS 255 202 130 239 (-3505425)
2025-07-08 12:52:39:563 [IN ] C8 24 09 0E 25 A5 09 01 31 06 81 53 FF EE C5 DA A1 E4 05 (19)
                              [N9:P] TPOS 'S' 255 238 197 218 (-1128998)
2025-07-08 12:52:39:689 [IN ] C8 24 05 0E 25 A5 05 01 31 06 81 53 00 0C 92 99 48 73 05 (19)
                              [N5:V] TPOS 'S' 0 12 146 153 (823961)
2025-07-08 12:52:39:752 [IN ] C8 24 09 0E 25 A5 09 01 31 06 81 45 FF EE 85 48 C1 8C 05 (19)
                              [N9:P] TPOS 'E' 255 238 133 72 (-1145528)
2025-07-08 12:52:39:816 [IN ] C8 24 06 0E 25 A5 06 01 31 06 81 53 00 0C C2 8C 6C D0 05 (19)
                              [N6:H] TPOS 'S' 0 12 194 140 (836236)
2025-07-08 12:52:39:942 [IN ] C8 24 07 0E 25 A5 07 01 31 06 81 53 FF C5 B7 54 E2 B3 05 (19)
                              [N7:N] TPOS 'S' 255 197 183 84 (-3819692)
2025-07-08 12:52:40:344 [IN ] C8 24 06 0E 25 A5 06 01 31 06 81 45 00 0B 77 AC 32 11 05 (19)
                              [N6:H] TPOS 'E' 0 11 119 172 (751532)
2025-07-08 12:52:41:548 [IN ] C8 24 07 0E 25 A5 07 01 31 06 81 45 FF CA 87 D4 29 9C 05 (19)
                              [N7:N] TPOS 'E' 255 202 135 212 (-3504172)
2025-07-08 12:52:42:351 [IN ] C8 24 05 0E 25 A5 05 01 31 06 81 45 00 14 BD 92 66 94 05 (19)
                              [N5:V] TPOS 'E' 0 20 189 146 (1359250)
