2025-07-08 11:07:04:998 [OUT] 25 A5 01 0A 31 05 D6 3D FF 00 00 53 ED (13)
                              [N10:HMI] HMILED '=' 255 0 0 (16711680)
2025-07-08 11:07:05:022 [OUT] 25 A5 01 0C 31 05 81 FF E3 18 F1 AF 29 (13)
                              [N12:Z] TPOS 255 227 24 241 (-1894159)
2025-07-08 11:07:05:044 [OUT] 25 A5 01 05 31 05 81 00 0C 94 2A 87 A1 (13)
                              [N5:V] TPOS 0 12 148 42 (824362)
2025-07-08 11:07:05:066 [OUT] 25 A5 01 06 31 05 81 00 0C C6 C1 51 A4 (13)
                              [N6:H] TPOS 0 12 198 193 (837313)
2025-07-08 11:07:05:172 [IN ] C8 24 0A 0D 25 A5 0A 01 31 05 D6 3A FF 00 00 50 EA C9 (18)
                              [N10:HMI] HMILED ':' 255 0 0 (16711680)
2025-07-08 11:07:05:320 [IN ] C8 24 0C 0E 25 A5 0C 01 31 06 81 53 FF CE F0 F1 C6 0F DC (19)
                              [N12:Z] TPOS 'S' 255 206 240 241 (-3215119)
2025-07-08 11:07:05:448 [IN ] C8 24 05 0E 25 A5 05 01 31 06 81 53 00 0C 92 D8 87 B2 DC (19)
                              [N5:V] TPOS 'S' 0 12 146 216 (824024)
2025-07-08 11:07:05:554 [IN ] C8 24 05 0E 25 A5 05 01 31 06 81 45 00 0C 93 06 A8 9C DC C8 24 06 0E 25 A5 06 01 31 06 81 53 00 0C C2 A0 80 E4 DC (38)
                              [N5:V] TPOS 'E' 0 12 147 6 (824070)
                              [N6:H] TPOS 'S' 0 12 194 160 (836256)
2025-07-08 11:07:05:755 [IN ] C8 24 06 0E 25 A5 06 01 31 06 81 45 00 0C C7 1E F5 26 DC (19)
                              [N6:H] TPOS 'E' 0 12 199 30 (837406)
2025-07-08 11:07:11:779 [IN ] C8 24 0C 0E 25 A5 0C 01 31 06 81 45 FF E3 1C 1F 27 8E DC (19)
                              [N12:Z] TPOS 'E' 255 227 28 31 (-1893345)
2025-07-08 11:07:12:203 [OUT] 25 A5 01 04 31 05 81 FF F2 55 B8 BA 57 (13)
                              [N4:Y] TPOS 255 242 85 184 (-895560)
2025-07-08 11:07:12:226 [OUT] 25 A5 01 03 31 05 81 FF F0 D5 6E ED FF (13)
                              [N3:X] TPOS 255 240 213 110 (-993938)
2025-07-08 11:07:12:395 [IN ] C8 24 04 0E 25 A5 04 01 31 06 81 53 FF F3 D4 C9 9F CE DC (19)
                              [N4:Y] TPOS 'S' 255 243 212 201 (-797495)
2025-07-08 11:07:12:522 [IN ] C8 24 03 0E 25 A5 03 01 31 06 81 53 FF EE DA 27 FD 1F DC (19)
                              [N3:X] TPOS 'S' 255 238 218 39 (-1123801)
2025-07-08 11:07:13:125 [IN ] C8 24 04 0E 25 A5 04 01 31 06 81 45 FF F2 52 CF 14 87 DC (19)
                              [N4:Y] TPOS 'E' 255 242 82 207 (-896305)
2025-07-08 11:07:13:727 [IN ] C8 24 03 0E 25 A5 03 01 31 06 81 45 FF F0 D4 F9 BD A5 DC (19)
                              [N3:X] TPOS 'E' 255 240 212 249 (-994055)
2025-07-08 11:07:14:151 [OUT] 25 A5 01 0C 31 05 81 FF CE F0 F1 72 9A (13)
                              [N12:Z] TPOS 255 206 240 241 (-3215119)
2025-07-08 11:07:14:340 [IN ] C8 24 0C 0E 25 A5 0C 01 31 06 81 53 FF E3 1C 1D 33 D2 DC (19)
                              [N12:Z] TPOS 'S' 255 227 28 29 (-1893347)
2025-07-08 11:07:20:961 [IN ] C8 24 0C 0E 25 A5 0C 01 31 06 81 45 FF CE ED D9 9D AB DC (19)
                              [N12:Z] TPOS 'E' 255 206 237 217 (-3215911)
2025-07-08 11:07:21:388 [OUT] 25 A5 01 09 31 05 81 FF EB 6D 48 60 2A (13)
                              [N9:P] TPOS 255 235 109 72 (-1348280)
2025-07-08 11:07:21:410 [OUT] 25 A5 01 05 31 05 81 00 0F E2 5A 08 76 (13)
                              [N5:V] TPOS 0 15 226 90 (1040986)
2025-07-08 11:07:21:431 [OUT] 25 A5 01 06 31 05 81 00 11 28 FD F4 B3 (13)
                              [N6:H] TPOS 0 17 40 253 (1124605)
2025-07-08 11:07:21:453 [OUT] 25 A5 01 07 31 05 81 FF E4 70 5D 6F 20 (13)
                              [N7:N] TPOS 255 228 112 93 (-1806243)
2025-07-08 11:07:21:580 [IN ] C8 24 09 0E 25 A5 09 01 31 06 81 53 FF EC 3E B8 F6 AE DC (19)
                              [N9:P] TPOS 'S' 255 236 62 184 (-1294664)
2025-07-08 11:07:21:706 [IN ] C8 24 05 0E 25 A5 05 01 31 06 81 53 00 0C 93 06 B6 E2 DC (19)
                              [N5:V] TPOS 'S' 0 12 147 6 (824070)
2025-07-08 11:07:21:832 [IN ] C8 24 06 0E 25 A5 06 01 31 06 81 53 00 0C C7 1F 04 6D DC (19)
                              [N6:H] TPOS 'S' 0 12 199 31 (837407)
2025-07-08 11:07:21:957 [IN ] C8 24 07 0E 25 A5 07 (7)
2025-07-08 11:07:21:980 [IN ] 01 31 06 81 53 FF DD A6 C9 5E 4E DC C8 24 09 0E 25 A5 09 01 31 06 81 45 FF EB 6A 4C A7 51 DC (31)
                              [N7:N] TPOS 'S' 255 221 166 201 (-2251063)
                              [N9:P] TPOS 'E' 255 235 106 76 (-1349044)
2025-07-08 11:07:22:984 [IN ] C8 24 05 0E 25 A5 05 01 31 06 81 45 00 0F E6 64 5C A9 DC (19)
                              [N5:V] TPOS 'E' 0 15 230 100 (1042020)
2025-07-08 11:07:23:586 [IN ] C8 24 06 0E 25 A5 06 01 31 06 81 45 00 11 2B DE 1E BD DC (19)
                              [N6:H] TPOS 'E' 0 17 43 222 (1125342)
2025-07-08 11:07:24:190 [IN ] C8 24 07 0E 25 A5 07 01 31 06 81 45 FF E4 75 60 BD 52 DC (19)
                              [N7:N] TPOS 'E' 255 228 117 96 (-1804960)
