2026-03-30 15:24:11:179 [OUT] 25 A5 01 0A 31 05 D6 3D FF 00 00 53 ED (13)
                              [N10:HMI] HMILED '=' 255 0 0 (16711680)
2026-03-30 15:24:11:203 [OUT] 25 A5 01 0C 31 05 81 FF E7 EF DE 77 D0 (13)
                              [N12:Z] TPOS 255 231 239 222 (-1576994)
2026-03-30 15:24:11:227 [OUT] 25 A5 01 05 31 05 81 00 0C 7B 58 9C 9D (13)
                              [N5:V] TPOS 0 12 123 88 (818008)
2026-03-30 15:24:11:249 [OUT] 25 A5 01 06 31 05 81 00 0D 88 ED 40 57 (13)
                              [N6:H] TPOS 0 13 136 237 (887021)
2026-03-30 15:24:11:374 [IN ] C8 24 0A 0D 25 A5 0A 01 31 05 D6 3A FF 00 00 50 EA E2 (18)
                              [N10:HMI] HMILED ':' 255 0 0 (16711680)
2026-03-30 15:24:11:499 [IN ] C8 24 0C 0E 25 A5 0C 01 31 06 81 53 FF D3 C5 47 F6 1E 31 (19)
                              [N12:Z] TPOS 'S' 255 211 197 71 (-2898617)
2026-03-30 15:24:11:626 [IN ] C8 24 05 0E 25 A5 05 01 31 06 81 53 00 0B AB 01 C8 0A 31 (19)
                              [N5:V] TPOS 'S' 0 11 171 1 (764673)
2026-03-30 15:24:11:752 [IN ] C8 24 06 0E 25 A5 06 01 31 06 81 53 00 10 F8 DC F6 98 31 (19)
                              [N6:H] TPOS 'S' 0 16 248 220 (1112284)
2026-03-30 15:24:12:154 [IN ] C8 24 05 0E 25 A5 05 01 31 06 81 45 00 0C 7F 89 17 F7 31 (19)
                              [N5:V] TPOS 'E' 0 12 127 137 (819081)
2026-03-30 15:24:12:956 [IN ] C8 24 06 0E 25 A5 06 01 31 06 81 45 00 0D 83 B2 46 35 31 (19)
                              [N6:H] TPOS 'E' 0 13 131 178 (885682)
2026-03-30 15:24:18:179 [IN ] C8 24 0C 0E 25 A5 0C 01 31 06 81 45 FF E7 F2 59 3B 80 31 (19)
                              [N12:Z] TPOS 'E' 255 231 242 89 (-1576359)
2026-03-30 15:24:18:602 [OUT] 25 A5 01 04 31 05 81 FF F2 84 69 9A 66 (13)
                              [N4:Y] TPOS 255 242 132 105 (-883607)
2026-03-30 15:24:18:624 [OUT] 25 A5 01 03 31 05 81 FF F1 0F B1 6B B9 (13)
                              [N3:X] TPOS 255 241 15 177 (-979023)
2026-03-30 15:24:18:811 [IN ] C8 24 04 0E 25 A5 04 01 31 06 81 53 FF F5 A3 01 A8 AA 31 (19)
                              [N4:Y] TPOS 'S' 255 245 163 1 (-679167)
2026-03-30 15:24:18:918 [IN ] C8 24 03 0E 25 A5 03 01 31 06 81 53 FF ED 3B B0 E6 67 31 (19)
                              [N3:X] TPOS 'S' 255 237 59 176 (-1229904)
2026-03-30 15:24:20:123 [IN ] C8 24 04 0E 25 A5 04 01 31 06 81 45 FF F2 81 BB 2F D1 31 (19)
                              [N4:Y] TPOS 'E' 255 242 129 187 (-884293)
2026-03-30 15:24:21:327 [IN ] C8 24 03 0E 25 A5 03 01 31 06 81 45 FF F1 0F 6F 6F 94 31 (19)
                              [N3:X] TPOS 'E' 255 241 15 111 (-979089)
2026-03-30 15:24:21:751 [OUT] 25 A5 01 0C 31 05 81 FF D3 C7 DE 3B 44 (13)
                              [N12:Z] TPOS 255 211 199 222 (-2897954)
2026-03-30 15:24:21:939 [IN ] C8 24 0C 0E 25 A5 0C 01 31 06 81 53 FF E7 F2 50 40 BD 31 (19)
                              [N12:Z] TPOS 'S' 255 231 242 80 (-1576368)
2026-03-30 15:24:28:764 [IN ] C8 24 0C 0E 25 A5 0C 01 31 06 81 45 FF D3 C5 4A EB DB 31 (19)
                              [N12:Z] TPOS 'E' 255 211 197 74 (-2898614)
2026-03-30 15:24:29:189 [OUT] 25 A5 01 09 31 05 81 FF EC 55 C1 C2 76 (13)
                              [N9:P] TPOS 255 236 85 193 (-1288767)
2026-03-30 15:24:29:211 [OUT] 25 A5 01 05 31 05 81 00 0B 96 74 D2 EC (13)
                              [N5:V] TPOS 0 11 150 116 (759412)
2026-03-30 15:24:29:233 [OUT] 25 A5 01 06 31 05 81 00 0D F9 7E 42 CA (13)
                              [N6:H] TPOS 0 13 249 126 (915838)
2026-03-30 15:24:29:254 [OUT] 25 A5 01 07 31 05 81 FF EA 38 45 25 AA (13)
                              [N7:N] TPOS 255 234 56 69 (-1427387)
2026-03-30 15:24:29:360 [IN ] C8 24 09 0E 25 A5 09 01 31 06 81 53 FF EF 2E AF E0 8E 31 (19)
                              [N9:P] TPOS 'S' 255 239 46 175 (-1102161)
2026-03-30 15:24:29:488 [IN ] C8 24 05 0E 25 A5 05 01 31 06 81 53 00 0C 7F (15)
2026-03-30 15:24:29:510 [IN ] 88 24 3C 31 (4)
                              [N5:V] TPOS 'S' 0 12 127 136 (819080)
2026-03-30 15:24:29:636 [IN ] C8 24 06 0E 25 A5 06 01 31 06 81 53 00 0D 83 B1 53 7A 31 (19)
                              [N6:H] TPOS 'S' 0 13 131 177 (885681)
2026-03-30 15:24:29:762 [IN ] C8 24 07 0E 25 A5 07 01 31 06 81 53 FF D3 81 0D 73 2A 31 (19)
                              [N7:N] TPOS 'S' 255 211 129 13 (-2916083)
2026-03-30 15:24:29:964 [IN ] C8 24 06 0E 25 A5 06 01 31 06 81 45 00 0D FD DA E8 51 31 C8 24 05 0E 25 A5 05 01 31 06 81 45 00 0B 95 28 CB BF 31 (38)
                              [N6:H] TPOS 'E' 0 13 253 218 (916954)
                              [N5:V] TPOS 'E' 0 11 149 40 (759080)
2026-03-30 15:24:30:568 [IN ] C8 24 09 0E 25 A5 09 01 31 06 81 45 FF EC 52 D0 14 A8 31 (19)
                              [N9:P] TPOS 'E' 255 236 82 208 (-1289520)
2026-03-30 15:24:36:591 [IN ] C8 24 07 0E 25 A5 07 01 31 06 81 45 FF EA 3D 03 2E 97 31 (19)
                              [N7:N] TPOS 'E' 255 234 61 3 (-1426173)
