2026-03-30 16:16:06:048 [OUT] 25 A5 01 09 31 04 E4 3D 00 00 60 C8 (12)
                              [N9:P] LOGPOS '=' 0 0 (0)
2026-03-30 16:16:06:070 [OUT] 25 A5 01 0A 31 05 D6 3D FF 00 00 53 ED (13)
                              [N10:HMI] HMILED '=' 255 0 0 (16711680)
2026-03-30 16:16:06:092 [OUT] 25 A5 01 08 31 05 81 FF EE 15 56 18 89 (13)
                              [N8:R] TPOS 255 238 21 86 (-1174186)
2026-03-30 16:16:06:238 [IN ] C8 24 09 0C 25 A5 09 01 31 04 E4 3A 00 00 5D C7 14 (17)
                              [N9:P] LOGPOS ':' 0 0 (0)
2026-03-30 16:16:06:259 [OUT] 25 A5 01 09 31 05 81 FF E9 84 4F 7C 59 (13)
                              [N9:P] TPOS 255 233 132 79 (-1473457)
2026-03-30 16:16:06:364 [IN ] C8 24 0A 0D 25 A5 0A 01 31 05 D6 3A FF 00 00 50 EA C0 (18)
                              [N10:HMI] HMILED ':' 255 0 0 (16711680)
2026-03-30 16:16:06:489 [IN ] C8 24 08 0E 25 A5 08 01 31 06 81 53 FF EE 17 32 4A D6 0A (19)
                              [N8:R] TPOS 'S' 255 238 23 50 (-1173710)
2026-03-30 16:16:06:594 [IN ] C8 24 08 0E 25 A5 08 01 31 06 81 45 FF EE 17 16 20 74 0A (19)
                              [N8:R] TPOS 'E' 255 238 23 22 (-1173738)
2026-03-30 16:16:06:636 [IN ] C8 24 09 0E 25 A5 09 01 31 06 81 53 FF FF 58 7F EA E2 0A (19)
                              [N9:P] TPOS 'S' 255 255 88 127 (-42881)
2026-03-30 16:16:07:038 [IN ] C8 24 0B 0A 25 A5 0B 01 31 02 DE 03 20 D0 58 (15)
                              [N11:NG] NGSWSTATE 3 (3)
2026-03-30 16:16:08:042 [IN ] C8 24 0B 0A 25 A5 0B 01 31 02 DE 03 20 D0 58 (15)
                              [N11:NG] NGSWSTATE 3 (3)
2026-03-30 16:16:09:047 [IN ] C8 24 0B 0A 25 A5 0B 01 31 02 DE 03 20 D0 58 (15)
                              [N11:NG] NGSWSTATE 3 (3)
2026-03-30 16:16:10:051 [IN ] C8 24 0B 0A 25 A5 0B 01 31 02 DE 03 20 D0 58 (15)
                              [N11:NG] NGSWSTATE 3 (3)
2026-03-30 16:16:11:055 [IN ] C8 24 0B 0A 25 A5 0B 01 31 02 DE 03 20 D0 58 (15)
                              [N11:NG] NGSWSTATE 3 (3)
2026-03-30 16:16:12:059 [IN ] C8 24 0B 0A 25 A5 0B 01 31 02 DE 03 20 D0 58 (15)
                              [N11:NG] NGSWSTATE 3 (3)
2026-03-30 16:16:13:063 [IN ] C8 24 0B 0A 25 A5 0B 01 31 02 DE 03 20 D0 58 (15)
                              [N11:NG] NGSWSTATE 3 (3)
2026-03-30 16:16:14:067 [IN ] C8 24 0B 0A 25 A5 0B 01 31 02 DE 03 20 D0 58 (15)
                              [N11:NG] NGSWSTATE 3 (3)
2026-03-30 16:16:14:269 [IN ] C8 24 09 0E 25 A5 09 01 31 06 81 45 FF E9 83 AA 1C DB 0A (19)
                              [N9:P] TPOS 'E' 255 233 131 170 (-1473622)
