2026-03-30 16:36:53:673 [OUT] 25 A5 01 0A 31 05 D6 3D FF 00 00 53 ED (13)
                              [N10:HMI] HMILED '=' 255 0 0 (16711680)
2026-03-30 16:36:53:696 [OUT] 25 A5 01 03 31 02 D8 3F 4E CE (10)
                              [N3:X] INTERRUPT '?'
2026-03-30 16:36:53:997 [IN ] C8 24 0A 0D 25 A5 0A 01 31 05 D6 3A FF 00 00 50 EA 9C C8 24 03 0C 25 A5 03 01 31 04 D8 3A 01 01 4D 6A EA (35)
                              [N10:HMI] HMILED ':' 255 0 0 (16711680)
                              [N3:X] INTERRUPT ':' 1 1 (257)
2026-03-30 16:36:54:018 [OUT] 25 A5 01 09 31 03 C9 3D 09 4D 1C (11)
                              [N9:P] LFLAG '=' 9 (9)
2026-03-30 16:36:54:041 [OUT] 25 A5 01 04 31 02 D8 3F 4F D3 (10)
                              [N4:Y] INTERRUPT '?'
2026-03-30 16:36:54:342 [IN ] C8 24 09 0B 25 A5 09 01 31 03 C9 3A 09 4A 1E 6A C8 24 04 0C 25 A5 04 01 31 04 D8 3A 01 01 4E 72 EA (33)
                              [N9:P] LFLAG ':' 9 (9)
                              [N4:Y] INTERRUPT ':' 1 1 (257)
2026-03-30 16:36:54:363 [OUT] 25 A5 01 09 31 03 CA 3D 09 4E 1F (11)
                              [N9:P] RFLAG '=' 9 (9)
2026-03-30 16:36:54:385 [OUT] 25 A5 01 0C 31 02 D8 3F 57 FB (10)
                              [N12:Z] INTERRUPT '?'
2026-03-30 16:36:54:687 [IN ] C8 24 09 0B 25 A5 09 01 31 03 CA 3A 09 4B 21 72 C8 24 0C 0C 25 A5 0C 01 31 04 D8 3A 01 01 56 B2 EA (33)
                              [N9:P] RFLAG ':' 9 (9)
                              [N12:Z] INTERRUPT ':' 1 1 (257)
2026-03-30 16:36:54:708 [OUT] 25 A5 01 08 31 03 C9 3D 09 4C 16 (11)
                              [N8:R] LFLAG '=' 9 (9)
2026-03-30 16:36:54:730 [OUT] 25 A5 01 03 31 03 C9 3D 0B 49 FA (11)
                              [N3:X] LFLAG '=' 11 (11)
2026-03-30 16:36:54:751 [OUT] 25 A5 01 04 31 03 C9 3D 0B 4A 00 (11)
                              [N4:Y] LFLAG '=' 11 (11)
2026-03-30 16:36:54:773 [OUT] 25 A5 01 0C 31 03 C9 3D 0B 52 30 (11)
                              [N12:Z] LFLAG '=' 11 (11)
2026-03-30 16:36:54:879 [IN ] C8 24 08 0B 25 A5 08 01 31 03 C9 3A 09 49 17 B2 (16)
                              [N8:R] LFLAG ':' 9 (9)
2026-03-30 16:36:54:901 [OUT] 25 A5 01 08 31 03 CA 3D 09 4D 19 (11)
                              [N8:R] RFLAG '=' 9 (9)
2026-03-30 16:36:55:008 [IN ] C8 24 03 0B 25 A5 03 01 31 03 C9 3A 0B 46 F6 B2 (16)
                              [N3:X] LFLAG ':' 11 (11)
2026-03-30 16:36:55:030 [OUT] 25 A5 01 03 31 03 88 00 50 10 02 (11)
                              [N3:X] RUN 0 80 (80)
2026-03-30 16:36:55:093 [IN ] C8 24 04 0B 25 A5 04 01 31 03 C9 3A 0B 47 FD B2 (16)
                              [N4:Y] LFLAG ':' 11 (11)
2026-03-30 16:36:55:115 [OUT] 25 A5 01 04 31 03 88 00 50 11 08 (11)
                              [N4:Y] RUN 0 80 (80)
2026-03-30 16:36:55:201 [IN ] C8 24 0C 0B 25 A5 0C 01 31 03 C9 3A 0B 4F 35 B2 (16)
                              [N12:Z] LFLAG ':' 11 (11)
2026-03-30 16:36:55:223 [OUT] 25 A5 01 0C 31 03 88 00 50 19 38 (11)
                              [N12:Z] RUN 0 80 (80)
2026-03-30 16:36:55:308 [IN ] C8 24 08 0B 25 A5 08 01 31 03 CA 3A 09 4A 1A B2 (16)
                              [N8:R] RFLAG ':' 9 (9)
2026-03-30 16:36:55:433 [IN ] C8 24 03 0C 25 A5 03 01 31 04 88 53 (12)
2026-03-30 16:36:55:454 [IN ] 00 50 64 C2 EA (5)
                              [N3:X] RUN 'S' 0 80 (80)
2026-03-30 16:36:55:538 [IN ] C8 24 04 0C 25 A5 04 01 31 04 88 53 00 50 65 CA EA (17)
                              [N4:Y] RUN 'S' 0 80 (80)
2026-03-30 16:36:55:643 [IN ] C8 24 0C 0C 25 A5 0C 01 31 04 88 53 00 50 6D 0A EA (17)
                              [N12:Z] RUN 'S' 0 80 (80)
2026-03-30 16:37:01:467 [IN ] C8 24 04 0B 25 A5 04 01 31 03 81 5A 4C 60 A6 0A (16)
                              [N4:Y] TPOS 'Z' 76 (76)
2026-03-30 16:37:01:669 [IN ] C8 24 04 0A 25 A5 04 01 31 02 81 49 02 32 A6 (15)
                              [N4:Y] TPOS 'I'
2026-03-30 16:37:01:895 [OUT] 25 A5 01 09 31 02 D8 3F 54 EC (10)
                              [N9:P] INTERRUPT '?'
2026-03-30 16:37:02:196 [IN ] C8 24 09 0C 25 A5 09 01 31 04 D8 3A 01 01 53 9A EA (17)
                              [N9:P] INTERRUPT ':' 1 1 (257)
2026-03-30 16:37:02:217 [OUT] 25 A5 01 04 31 03 C9 3D 09 48 FE (11)
                              [N4:Y] LFLAG '=' 9 (9)
2026-03-30 16:37:02:239 [OUT] 25 A5 01 07 31 02 D8 3F 52 E2 (10)
                              [N7:N] INTERRUPT '?'
2026-03-30 16:37:02:540 [IN ] C8 24 04 0B 25 A5 04 01 31 03 C9 3A 09 45 FB 9A C8 24 07 0C 25 A5 07 01 31 04 D8 3A 01 01 51 8A EA (33)
                              [N4:Y] LFLAG ':' 9 (9)
                              [N7:N] INTERRUPT ':' 1 1 (257)
2026-03-30 16:37:02:561 [OUT] 25 A5 01 09 31 03 C9 3D 0B 4F 1E (11)
                              [N9:P] LFLAG '=' 11 (11)
2026-03-30 16:37:02:583 [OUT] 25 A5 01 07 31 03 C9 3D 0B 4D 12 (11)
                              [N7:N] LFLAG '=' 11 (11)
2026-03-30 16:37:02:730 [IN ] C8 24 09 0B 25 A5 09 01 31 03 C9 3A 0B 4C 20 8A (16)
                              [N9:P] LFLAG ':' 11 (11)
2026-03-30 16:37:02:751 [OUT] 25 A5 01 09 31 03 88 00 50 16 26 (11)
                              [N9:P] RUN 0 80 (80)
2026-03-30 16:37:02:837 [IN ] C8 24 07 0B 25 A5 07 01 31 03 C9 3A 0B 4A 12 8A (16)
                              [N7:N] LFLAG ':' 11 (11)
2026-03-30 16:37:02:858 [OUT] 25 A5 01 07 31 03 88 00 50 14 1A (11)
                              [N7:N] RUN 0 80 (80)
2026-03-30 16:37:02:965 [IN ] C8 24 09 0C 25 A5 09 01 31 04 88 53 00 50 6A F2 EA (17)
                              [N9:P] RUN 'S' 0 80 (80)
2026-03-30 16:37:03:008 [IN ] C8 24 09 0B 25 A5 09 01 31 03 81 5A 4C 65 C9 F2 (16)
                              [N9:P] TPOS 'Z' 76 (76)
2026-03-30 16:37:03:030 [IN ] C8 24 09 0A 25 A5 09 01 31 02 81 (11)
2026-03-30 16:37:03:052 [IN ] 49 07 50 C9 C8 24 07 0C 25 A5 07 01 31 04 88 53 00 50 68 E2 EA (21)
                              [N9:P] TPOS 'I'
                              [N7:N] RUN 'S' 0 80 (80)
2026-03-30 16:37:03:277 [OUT] 25 A5 01 09 31 03 C9 3D 09 4D 1C (11)
                              [N9:P] LFLAG '=' 9 (9)
2026-03-30 16:37:03:299 [OUT] 25 A5 01 04 31 05 81 FF EE 88 01 32 FA (13)
                              [N4:Y] TPOS 255 238 136 1 (-1144831)
2026-03-30 16:37:03:446 [IN ] C8 24 09 0B 25 A5 09 01 31 03 C9 3A 09 4A 1E E2 (16)
                              [N9:P] LFLAG ':' 9 (9)
2026-03-30 16:37:03:571 [IN ] C8 24 04 0E 25 A5 04 01 31 06 81 53 00 00 00 01 11 89 31 (19)
                              [N4:Y] TPOS 'S' 0 0 0 1 (1)
2026-03-30 16:37:03:975 [IN ] C8 24 03 0B 25 A5 03 01 31 03 81 5A 4C 5F 9F 01 (16)
                              [N3:X] TPOS 'Z' 76 (76)
2026-03-30 16:37:04:177 [IN ] C8 24 03 0A 25 A5 03 01 31 02 81 49 01 2C 9F (15)
                              [N3:X] TPOS 'I'
2026-03-30 16:37:04:402 [OUT] 25 A5 01 03 31 03 C9 3D 09 47 F8 (11)
                              [N3:X] LFLAG '=' 9 (9)
2026-03-30 16:37:04:570 [IN ] C8 24 03 0B 25 A5 03 01 31 03 C9 3A 09 44 F4 01 (16)
                              [N3:X] LFLAG ':' 9 (9)
2026-03-30 16:37:07:380 [IN ] C8 24 07 0B 25 A5 07 01 31 03 81 5A 4C 63 BB 01 C8 24 07 0A 25 A5 07 01 31 02 81 49 05 44 BB (31)
                              [N7:N] TPOS 'Z' 76 (76)
                              [N7:N] TPOS 'I'
2026-03-30 16:37:07:604 [OUT] 25 A5 01 07 31 03 C9 3D 09 4B 10 (11)
                              [N7:N] LFLAG '=' 9 (9)
2026-03-30 16:37:07:772 [IN ] C8 24 07 0B 25 A5 07 01 31 03 C9 3A 09 48 10 01 (16)
                              [N7:N] LFLAG ':' 9 (9)
2026-03-30 16:37:09:581 [IN ] C8 24 04 0E 25 A5 04 01 31 06 81 45 FF EE 85 BD 31 CF 31 C8 24 0C 0B 25 A5 0C 01 31 03 81 5A 4C 68 DE BD C8 24 0C 0A 25 A5 0C 01 31 02 81 49 0A 62 DE (50)
                              [N4:Y] TPOS 'E' 255 238 133 189 (-1145411)
                              [N12:Z] TPOS 'Z' 76 (76)
                              [N12:Z] TPOS 'I'
2026-03-30 16:37:09:809 [OUT] 25 A5 01 0C 31 03 C9 3D 09 50 2E (11)
                              [N12:Z] LFLAG '=' 9 (9)
2026-03-30 16:37:09:831 [OUT] 25 A5 01 09 31 05 81 FF E7 5D 56 5A 0C (13)
                              [N9:P] TPOS 255 231 93 86 (-1614506)
2026-03-30 16:37:09:853 [OUT] 25 A5 01 04 31 05 81 FF FD 50 01 09 B7 (13)
                              [N4:Y] TPOS 255 253 80 1 (-176127)
2026-03-30 16:37:09:875 [OUT] 25 A5 01 07 31 05 81 FF AB 19 75 F7 DF (13)
                              [N7:N] TPOS 255 171 25 117 (-5564043)
2026-03-30 16:37:09:897 [OUT] 25 A5 01 03 31 05 81 FF EC 4A AB 9B 1A (13)
                              [N3:X] TPOS 255 236 74 171 (-1291605)
2026-03-30 16:37:09:919 [OUT] 25 A5 01 06 31 02 D8 3F 51 DD (10)
                              [N6:H] INTERRUPT '?'
2026-03-30 16:37:10:220 [IN ] C8 24 0C 0B 25 A5 0C 01 31 03 C9 3A 09 4D 33 BD C8 24 09 0E 25 A5 09 01 31 06 81 53 FF FF FF F9 0B AA 31 C8 24 04 0E 25 A5 04 01 31 06 81 53 FF EE 85 BD 3F 15 31 (54)
                              [N12:Z] LFLAG ':' 9 (9)
                              [N9:P] TPOS 'S' 255 255 255 249 (-7)
                              [N4:Y] TPOS 'S' 255 238 133 189 (-1145411)
2026-03-30 16:37:10:522 [IN ] C8 24 07 0E 25 A5 07 01 31 06 81 53 FF FF FF F1 01 8E 31 C8 24 03 0E 25 A5 03 01 31 06 81 53 00 00 00 00 0F 7E 31 (38)
                              [N7:N] TPOS 'S' 255 255 255 241 (-15)
                              [N3:X] TPOS 'S' 0 0 0 0 (0)
2026-03-30 16:37:10:823 [IN ] C8 24 06 0C 25 A5 06 01 31 04 D8 3A 01 01 50 82 0F (17)
                              [N6:H] INTERRUPT ':' 1 1 (257)
2026-03-30 16:37:10:844 [OUT] 25 A5 01 0C 31 05 81 FF BC D0 00 4F 33 (13)
                              [N12:Z] TPOS 255 188 208 0 (-4403200)
2026-03-30 16:37:10:866 [OUT] 25 A5 01 06 31 03 C9 3D 0B 4C 0C (11)
                              [N6:H] LFLAG '=' 11 (11)
2026-03-30 16:37:11:034 [IN ] C8 24 0C 0E 25 A5 0C 01 31 06 81 53 FF FF FF 9E B3 6D 31 (19)
                              [N12:Z] TPOS 'S' 255 255 255 158 (-98)
2026-03-30 16:37:11:143 [IN ] C8 24 06 0B 25 A5 06 01 31 03 C9 3A 0B 49 0B 9E (16)
                              [N6:H] LFLAG ':' 11 (11)
2026-03-30 16:37:11:165 [OUT] 25 A5 01 06 31 03 88 FF B0 72 72 (11)
                              [N6:H] RUN 255 176 (-80)
2026-03-30 16:37:11:312 [IN ] C8 24 06 0C 25 A5 06 01 31 04 88 (11)
2026-03-30 16:37:11:334 [IN ] 53 FF B0 C6 38 B3 (6)
                              [N6:H] RUN 'S' 255 176 (-80)
2026-03-30 16:37:15:351 [IN ] C8 24 06 0B 25 A5 06 01 31 03 81 5A 4C 62 B4 38 (16)
                              [N6:H] TPOS 'Z' 76 (76)
2026-03-30 16:37:15:555 [IN ] C8 24 06 0A 25 A5 06 01 31 02 81 49 04 3E B4 (15)
                              [N6:H] TPOS 'I'
2026-03-30 16:37:15:777 [OUT] 25 A5 01 06 31 03 C9 3D 09 4A 0A (11)
                              [N6:H] LFLAG '=' 9 (9)
2026-03-30 16:37:15:946 [IN ] C8 24 06 0B 25 A5 06 01 31 03 C9 3A 09 47 09 38 (16)
                              [N6:H] LFLAG ':' 9 (9)
2026-03-30 16:37:15:967 [OUT] 25 A5 01 06 31 03 84 00 50 0F 08 (11)
                              [N6:H] VEL 0 80 (80)
2026-03-30 16:37:16:136 [IN ] C8 24 06 0C 25 A5 06 01 31 04 84 53 00 50 63 CA B3 (17)
                              [N6:H] VEL 'S' 0 80 (80)
2026-03-30 16:37:16:157 [OUT] 25 A5 01 06 31 05 81 00 19 82 3C 95 BE (13)
                              [N6:H] TPOS 0 25 130 60 (1671740)
2026-03-30 16:37:16:346 [IN ] C8 24 06 0E 25 A5 06 01 31 06 81 53 00 00 00 02 14 9E 31 (19)
                              [N6:H] TPOS 'S' 0 0 0 2 (2)
2026-03-30 16:37:17:150 [IN ] C8 24 03 0E 25 A5 03 01 31 06 81 45 FF EC 48 3A 6E C2 31 (19)
                              [N3:X] TPOS 'E' 255 236 72 58 (-1292230)
2026-03-30 16:37:17:574 [OUT] 25 A5 01 03 31 05 81 FF FD 50 01 08 AF (13)
                              [N3:X] TPOS 255 253 80 1 (-176127)
2026-03-30 16:37:17:783 [IN ] C8 24 03 0E 25 A5 03 01 31 06 81 53 FF EC 48 3A 7C 08 31 (19)
                              [N3:X] TPOS 'S' 255 236 72 58 (-1292230)
2026-03-30 16:37:17:985 [IN ] C8 24 09 0E 25 A5 09 01 31 06 81 45 FF E7 59 57 9D 2E 31 (19)
                              [N9:P] TPOS 'E' 255 231 89 87 (-1615529)
2026-03-30 16:37:18:409 [OUT] 25 A5 01 09 31 05 81 FF FF D9 C8 60 BE (13)
                              [N9:P] TPOS 255 255 217 200 (-9784)
2026-03-30 16:37:18:598 [IN ] C8 24 04 0E 25 A5 04 01 31 06 81 45 FF FD 50 19 67 EE 31 C8 24 09 0E 25 A5 09 01 31 06 81 53 FF E7 59 59 AD 76 31 (38)
                              [N4:Y] TPOS 'E' 255 253 80 25 (-176103)
                              [N9:P] TPOS 'S' 255 231 89 89 (-1615527)
2026-03-30 16:37:24:021 [IN ] C8 24 06 0E 25 A5 06 01 31 06 81 45 00 19 86 C7 6A 74 31 (19)
                              [N6:H] TPOS 'E' 0 25 134 199 (1672903)
2026-03-30 16:37:24:445 [OUT] 25 A5 01 06 31 05 81 00 0D 88 EE 41 58 (13)
                              [N6:H] TPOS 0 13 136 238 (887022)
2026-03-30 16:37:24:635 [IN ] C8 24 06 0E 25 A5 06 01 31 06 81 53 00 19 86 C6 77 B9 31 (19)
                              [N6:H] TPOS 'S' 0 25 134 198 (1672902)
2026-03-30 16:37:26:444 [IN ] C8 24 09 0E 25 A5 09 01 31 06 81 45 FF FF DD A8 8A CF 31 (19)
                              [N9:P] TPOS 'E' 255 255 221 168 (-8792)
2026-03-30 16:37:26:667 [OUT] 25 A5 01 08 31 02 D8 3F 53 E7 (10)
                              [N8:R] INTERRUPT '?'
2026-03-30 16:37:26:668 [IN ] C8 24 03 0E 25 A5 03 01 31 06 81 45 FF FD 50 A9 F6 74 31 (19)
                              [N3:X] TPOS 'E' 255 253 80 169 (-175959)
2026-03-30 16:37:26:970 [IN ] C8 24 08 0C 25 A5 08 01 31 04 D8 3A 01 01 52 92 F6 (17)
                              [N8:R] INTERRUPT ':' 1 1 (257)
2026-03-30 16:37:26:991 [OUT] 25 A5 01 08 31 03 CA 3D 0B 4F 1B (11)
                              [N8:R] RFLAG '=' 11 (11)
2026-03-30 16:37:27:159 [IN ] C8 24 08 0B 25 A5 08 01 31 03 CA 3A 0B 4C 1C 92 (16)
                              [N8:R] RFLAG ':' 11 (11)
2026-03-30 16:37:27:181 [OUT] 25 A5 01 08 31 03 88 00 50 15 20 (11)
                              [N8:R] RUN 0 80 (80)
2026-03-30 16:37:27:350 [IN ] C8 24 08 0C 25 A5 08 01 31 04 88 53 00 50 69 EA F6 (17)
                              [N8:R] RUN 'S' 0 80 (80)
2026-03-30 16:37:28:355 [IN ] C8 24 06 0E 25 A5 06 01 31 06 81 45 00 0D 83 BD 51 40 31 (19)
                              [N6:H] TPOS 'E' 0 13 131 189 (885693)
2026-03-30 16:37:28:578 [OUT] 25 A5 01 05 31 02 D8 3F 50 D8 (10)
                              [N5:V] INTERRUPT '?'
2026-03-30 16:37:28:879 [IN ] C8 24 05 0C 25 A5 05 01 31 04 D8 3A 01 01 4F 7A 51 (17)
                              [N5:V] INTERRUPT ':' 1 1 (257)
2026-03-30 16:37:28:900 [OUT] 25 A5 01 05 31 03 C9 3D 0B 4B 06 (11)
                              [N5:V] LFLAG '=' 11 (11)
2026-03-30 16:37:29:068 [IN ] C8 24 05 0B 25 A5 05 01 31 03 C9 3A 0B 48 04 7A (16)
                              [N5:V] LFLAG ':' 11 (11)
2026-03-30 16:37:29:089 [OUT] 25 A5 01 05 31 03 88 FF B0 71 6C (11)
                              [N5:V] RUN 255 176 (-80)
2026-03-30 16:37:29:259 [IN ] C8 24 05 0C 25 A5 05 01 31 04 88 53 FF B0 C5 30 51 (17)
                              [N5:V] RUN 'S' 255 176 (-80)
2026-03-30 16:37:33:875 [IN ] C8 24 0C 0E 25 A5 0C 01 31 06 81 45 FF BC CD 64 F6 C0 31 (19)
                              [N12:Z] TPOS 'E' 255 188 205 100 (-4403868)
2026-03-30 16:37:34:079 [IN ] C8 24 05 0B 25 A5 05 01 31 03 81 5A 4C 61 AD 64 C8 24 05 0A 25 A5 05 01 31 02 81 49 03 38 AD (31)
                              [N5:V] TPOS 'Z' 76 (76)
                              [N5:V] TPOS 'I'
2026-03-30 16:37:34:280 [IN ] C8 24 08 0B 25 A5 08 01 31 03 81 5A 52 6A C8 64 (16)
                              [N8:R] TPOS 'Z' 82 (82)
2026-03-30 16:37:34:301 [OUT] 25 A5 01 0C 31 05 81 FF D6 7A 67 7A 3C (13)
                              [N12:Z] TPOS 255 214 122 103 (-2721177)
2026-03-30 16:37:34:309 [IN ] C8 24 08 0A 25 A5 08 01 31 02 81 49 06 4A C8 (15)
                              [N8:R] TPOS 'I'
2026-03-30 16:37:34:330 [OUT] 25 A5 01 05 31 03 C9 3D 09 49 04 (11)
                              [N5:V] LFLAG '=' 9 (9)
2026-03-30 16:37:34:375 [OUT] 25 A5 01 08 31 03 CA 3D 09 4D 19 (11)
                              [N8:R] RFLAG '=' 9 (9)
2026-03-30 16:37:34:502 [IN ] C8 24 0C 0E 25 A5 0C 01 31 06 81 53 FF BC CD 81 21 23 31 (19)
                              [N12:Z] TPOS 'S' 255 188 205 129 (-4403839)
2026-03-30 16:37:34:587 [IN ] C8 24 05 0B 25 A5 05 01 31 03 C9 3A 09 46 02 81 (16)
                              [N5:V] LFLAG ':' 9 (9)
2026-03-30 16:37:34:609 [OUT] 25 A5 01 05 31 03 84 00 50 0E 02 (11)
                              [N5:V] VEL 0 80 (80)
2026-03-30 16:37:34:714 [IN ] C8 24 08 0B 25 A5 08 01 31 03 CA 3A 09 4A 1A 81 (16)
                              [N8:R] RFLAG ':' 9 (9)
2026-03-30 16:37:34:735 [OUT] 25 A5 01 08 31 05 81 FF DC 77 1D 2F DE (13)
                              [N8:R] TPOS 255 220 119 29 (-2328803)
2026-03-30 16:37:34:821 [IN ] C8 24 05 0C 25 A5 05 01 31 04 84 53 00 50 62 C2 21 (17)
                              [N5:V] VEL 'S' 0 80 (80)
2026-03-30 16:37:34:842 [OUT] 25 A5 01 05 31 05 81 00 19 82 3C 94 B6 (13)
                              [N5:V] TPOS 0 25 130 60 (1671740)
2026-03-30 16:37:34:948 [IN ] C8 24 08 0E (4)
2026-03-30 16:37:34:969 [IN ] 25 A5 08 01 31 06 81 53 FF FF FF D4 E5 7B 31 (15)
                              [N8:R] TPOS 'S' 255 255 255 212 (-44)
2026-03-30 16:37:35:096 [IN ] C8 24 05 0E 25 A5 05 01 31 06 81 53 00 00 00 00 11 92 31 (19)
                              [N5:V] TPOS 'S' 0 0 0 0 (0)
2026-03-30 16:37:35:700 [IN ] C8 24 07 0E 25 A5 07 01 31 06 81 45 FF AB 14 DC 9F 61 31 (19)
                              [N7:N] TPOS 'E' 255 171 20 220 (-5565220)
2026-03-30 16:37:36:127 [OUT] 25 A5 01 07 31 05 81 FF F1 7F EE 1C F6 (13)
                              [N7:N] TPOS 255 241 127 238 (-950290)
2026-03-30 16:37:36:316 [IN ] C8 24 07 0E 25 A5 07 01 31 06 81 53 FF AB 14 DF B0 AA 31 (19)
                              [N7:N] TPOS 'S' 255 171 20 223 (-5565217)
2026-03-30 16:37:42:943 [IN ] C8 24 0C 0E 25 A5 0C 01 31 06 81 45 FF D6 7D 48 A4 52 31 C8 24 05 0E 25 A5 05 01 31 06 81 (30)
                              [N12:Z] TPOS 'E' 255 214 125 72 (-2720440)
2026-03-30 16:37:43:144 [IN ] 45 00 19 86 22 C4 C5 31 (8)
                              [N5:V] TPOS 'E' 0 25 134 34 (1672738)
2026-03-30 16:37:43:568 [OUT] 25 A5 01 05 31 05 81 00 0C 7B 56 9A 9B (13)
                              [N5:V] TPOS 0 12 123 86 (818006)
2026-03-30 16:37:43:756 [IN ] C8 24 05 0E 25 A5 05 01 31 06 81 53 00 19 86 22 D2 0B 31 (19)
                              [N5:V] TPOS 'S' 0 25 134 34 (1672738)
2026-03-30 16:37:47:772 [IN ] C8 24 08 0E 25 A5 08 01 31 06 81 45 FF DC 74 9D F2 7F 31 (19)
                              [N8:R] TPOS 'E' 255 220 116 157 (-2329443)
2026-03-30 16:37:48:197 [OUT] 25 A5 01 08 31 05 81 FF EE 15 56 18 89 (13)
                              [N8:R] TPOS 255 238 21 86 (-1174186)
2026-03-30 16:37:48:386 [IN ] C8 24 08 0E 25 A5 08 01 31 06 81 53 FF DC 74 A5 08 CD 31 (19)
                              [N8:R] TPOS 'S' 255 220 116 165 (-2329435)
2026-03-30 16:37:48:989 [IN ] C8 24 05 0E 25 A5 05 01 31 06 81 45 00 0C 79 61 E9 C3 31 (19)
                              [N5:V] TPOS 'E' 0 12 121 97 (817505)
2026-03-30 16:37:49:214 [OUT] 25 A5 01 03 31 05 81 FF EF 27 75 45 A7 (13)
                              [N3:X] TPOS 255 239 39 117 (-1104011)
2026-03-30 16:37:49:237 [OUT] 25 A5 01 04 31 05 81 FF F4 11 1F DF 3C (13)
                              [N4:Y] TPOS 255 244 17 31 (-782049)
2026-03-30 16:37:49:406 [IN ] C8 24 03 0E 25 A5 03 01 31 06 81 53 FF FD 50 A9 04 BA 31 (19)
                              [N3:X] TPOS 'S' 255 253 80 169 (-175959)
2026-03-30 16:37:49:531 [IN ] C8 24 04 0E 25 A5 04 01 31 06 81 53 FF FD 50 19 75 34 31 (19)
                              [N4:Y] TPOS 'S' 255 253 80 25 (-176103)
2026-03-30 16:37:52:743 [IN ] C8 24 04 0E 25 A5 04 01 31 06 81 45 FF F4 0E 34 37 6A 31 (19)
                              [N4:Y] TPOS 'E' 255 244 14 52 (-782796)
2026-03-30 16:37:54:150 [IN ] C8 24 03 0E 25 A5 03 01 31 06 81 45 FF EF 24 4C 5F 95 31 (19)
                              [N3:X] TPOS 'E' 255 239 36 76 (-1104820)
2026-03-30 16:37:55:155 [IN ] C8 24 08 0E 25 A5 08 01 31 06 81 45 FF EE 17 6D 77 CB 31 (19)
                              [N8:R] TPOS 'E' 255 238 23 109 (-1173651)
2026-03-30 16:37:57:164 [IN ] C8 24 07 0E 25 A5 07 01 31 06 81 45 FF F1 84 5F D8 96 31 (19)
                              [N7:N] TPOS 'E' 255 241 132 95 (-949153)
