2026-03-30 11:38:35:081 [OUT] 25 A5 01 0A 31 05 D6 3D FF 00 00 53 ED (13)
                              [N10:HMI] HMILED '=' 255 0 0 (16711680)
2026-03-30 11:38:35:106 [OUT] 25 A5 01 03 31 02 D8 3F 4E CE (10)
                              [N3:X] INTERRUPT '?'
2026-03-30 11:38:35:407 [IN ] C8 24 0A 0D 25 A5 0A 01 31 05 D6 3A FF 00 00 50 EA 05 C8 24 03 0C 25 A5 03 01 31 04 D8 3A 01 01 4D 6A EA (35)
                              [N10:HMI] HMILED ':' 255 0 0 (16711680)
                              [N3:X] INTERRUPT ':' 1 1 (257)
2026-03-30 11:38:35:428 [OUT] 25 A5 01 09 31 03 C9 3D 09 4D 1C (11)
                              [N9:P] LFLAG '=' 9 (9)
2026-03-30 11:38:35:451 [OUT] 25 A5 01 04 31 02 D8 3F 4F D3 (10)
                              [N4:Y] INTERRUPT '?'
2026-03-30 11:38:35:752 [IN ] C8 24 09 0B 25 A5 09 01 31 03 C9 3A 09 4A 1E 6A C8 24 04 0C 25 A5 04 01 31 04 D8 3A 01 01 4E 72 EA (33)
                              [N9:P] LFLAG ':' 9 (9)
                              [N4:Y] INTERRUPT ':' 1 1 (257)
2026-03-30 11:38:35:774 [OUT] 25 A5 01 09 31 03 CA 3D 09 4E 1F (11)
                              [N9:P] RFLAG '=' 9 (9)
2026-03-30 11:38:35:797 [OUT] 25 A5 01 0C 31 02 D8 3F 57 FB (10)
                              [N12:Z] INTERRUPT '?'
2026-03-30 11:38:36:100 [IN ] C8 24 09 0B 25 A5 09 01 31 03 CA 3A 09 4B 21 72 C8 24 0C 0C 25 A5 0C 01 31 04 D8 3A 01 01 56 B2 EA (33)
                              [N9:P] RFLAG ':' 9 (9)
                              [N12:Z] INTERRUPT ':' 1 1 (257)
2026-03-30 11:38:36:121 [OUT] 25 A5 01 08 31 03 C9 3D 09 4C 16 (11)
                              [N8:R] LFLAG '=' 9 (9)
2026-03-30 11:38:36:142 [OUT] 25 A5 01 03 31 03 C9 3D 0B 49 FA (11)
                              [N3:X] LFLAG '=' 11 (11)
2026-03-30 11:38:36:162 [OUT] 25 A5 01 04 31 03 C9 3D 0B 4A 00 (11)
                              [N4:Y] LFLAG '=' 11 (11)
2026-03-30 11:38:36:183 [OUT] 25 A5 01 0C 31 03 C9 3D 0B 52 30 (11)
                              [N12:Z] LFLAG '=' 11 (11)
2026-03-30 11:38:36:268 [IN ] C8 24 08 0B 25 A5 08 01 31 03 C9 3A 09 49 17 B2 (16)
                              [N8:R] LFLAG ':' 9 (9)
2026-03-30 11:38:36:289 [OUT] 25 A5 01 08 31 03 CA 3D 09 4D 19 (11)
                              [N8:R] RFLAG '=' 9 (9)
2026-03-30 11:38:36:398 [IN ] C8 24 03 0B 25 A5 03 01 31 03 C9 3A 0B 46 F6 B2 (16)
                              [N3:X] LFLAG ':' 11 (11)
2026-03-30 11:38:36:420 [OUT] 25 A5 01 03 31 03 88 00 50 10 02 (11)
                              [N3:X] RUN 0 80 (80)
2026-03-30 11:38:36:508 [IN ] C8 24 04 0B 25 A5 04 01 31 03 C9 3A 0B 47 FD B2 (16)
                              [N4:Y] LFLAG ':' 11 (11)
2026-03-30 11:38:36:529 [OUT] 25 A5 01 04 31 03 88 00 50 11 08 (11)
                              [N4:Y] RUN 0 80 (80)
2026-03-30 11:38:36:613 [IN ] C8 24 0C 0B 25 A5 0C 01 31 03 C9 3A 0B 4F 35 B2 (16)
                              [N12:Z] LFLAG ':' 11 (11)
2026-03-30 11:38:36:635 [OUT] 25 A5 01 0C 31 03 88 00 50 19 38 (11)
                              [N12:Z] RUN 0 80 (80)
2026-03-30 11:38:36:719 [IN ] C8 24 08 0B 25 A5 08 01 31 03 CA 3A 09 4A 1A B2 (16)
                              [N8:R] RFLAG ':' 9 (9)
2026-03-30 11:38:36:845 [IN ] C8 24 03 0C 25 A5 03 01 31 04 88 53 00 50 64 C2 EA (17)
                              [N3:X] RUN 'S' 0 80 (80)
2026-03-30 11:38:36:929 [IN ] C8 24 04 0C 25 A5 (6)
2026-03-30 11:38:36:950 [IN ] 04 01 31 04 88 53 00 50 65 CA EA (11)
                              [N4:Y] RUN 'S' 0 80 (80)
2026-03-30 11:38:37:034 [IN ] C8 24 0C 0C 25 A5 0C 01 31 04 88 53 00 50 6D 0A EA (17)
                              [N12:Z] RUN 'S' 0 80 (80)
2026-03-30 11:38:43:862 [IN ] C8 24 04 0B 25 A5 04 01 31 03 81 5A 4C 60 A6 0A C8 24 04 0A 25 A5 04 01 31 02 81 49 02 32 A6 (31)
                              [N4:Y] TPOS 'Z' 76 (76)
                              [N4:Y] TPOS 'I'
2026-03-30 11:38:44:086 [OUT] 25 A5 01 09 31 02 D8 3F 54 EC (10)
                              [N9:P] INTERRUPT '?'
2026-03-30 11:38:44:387 [IN ] C8 24 09 0C 25 A5 09 01 31 04 D8 3A 01 01 53 9A EA (17)
                              [N9:P] INTERRUPT ':' 1 1 (257)
2026-03-30 11:38:44:409 [OUT] 25 A5 01 04 31 03 C9 3D 09 48 FE (11)
                              [N4:Y] LFLAG '=' 9 (9)
2026-03-30 11:38:44:430 [OUT] 25 A5 01 07 31 02 D8 3F 52 E2 (10)
                              [N7:N] INTERRUPT '?'
2026-03-30 11:38:44:732 [IN ] C8 24 04 0B 25 A5 04 01 31 03 C9 3A 09 45 FB 9A C8 24 07 0C 25 A5 07 01 31 04 D8 3A 01 01 51 8A EA (33)
                              [N4:Y] LFLAG ':' 9 (9)
                              [N7:N] INTERRUPT ':' 1 1 (257)
2026-03-30 11:38:44:753 [OUT] 25 A5 01 09 31 03 C9 3D 0B 4F 1E (11)
                              [N9:P] LFLAG '=' 11 (11)
2026-03-30 11:38:44:775 [OUT] 25 A5 01 07 31 03 C9 3D 0B 4D 12 (11)
                              [N7:N] LFLAG '=' 11 (11)
2026-03-30 11:38:44:905 [IN ] C8 24 03 0B 25 A5 03 01 31 03 81 5A 4C 5F 9F 8A (16)
                              [N3:X] TPOS 'Z' 76 (76)
2026-03-30 11:38:44:928 [IN ] C8 24 09 0B 25 A5 09 01 31 03 C9 3A 0B 4C 20 8A (16)
                              [N9:P] LFLAG ':' 11 (11)
2026-03-30 11:38:44:949 [OUT] 25 A5 01 09 31 03 88 00 50 16 26 (11)
                              [N9:P] RUN 0 80 (80)
2026-03-30 11:38:44:953 [IN ] C8 24 03 0A 25 A5 03 01 31 02 81 49 01 2C 20 (15)
                              [N3:X] TPOS 'I'
2026-03-30 11:38:45:000 [OUT] 25 A5 01 03 31 03 C9 3D 09 47 F8 (11)
                              [N3:X] LFLAG '=' 9 (9)
2026-03-30 11:38:45:042 [IN ] C8 24 07 0B 25 A5 07 01 31 03 C9 3A 0B 4A 12 8A (16)
                              [N7:N] LFLAG ':' 11 (11)
2026-03-30 11:38:45:063 [OUT] 25 A5 01 07 31 03 88 00 50 14 1A (11)
                              [N7:N] RUN 0 80 (80)
2026-03-30 11:38:45:127 [IN ] C8 24 09 0C 25 A5 09 01 31 04 88 53 00 50 6A F2 EA (17)
                              [N9:P] RUN 'S' 0 80 (80)
2026-03-30 11:38:45:192 [IN ] C8 24 09 0B 25 A5 09 01 31 03 81 5A 4C 65 C9 F2 (16)
                              [N9:P] TPOS 'Z' 76 (76)
2026-03-30 11:38:45:235 [IN ] C8 24 09 0A 25 A5 09 01 31 02 81 49 07 50 C9 C8 24 03 0B 25 A5 03 01 31 03 C9 (26)
                              [N9:P] TPOS 'I'
2026-03-30 11:38:45:261 [IN ] 3A 09 44 F4 F2 (5)
                              [N3:X] LFLAG ':' 9 (9)
2026-03-30 11:38:45:282 [OUT] 25 A5 01 09 31 03 C9 3D 09 4D 1C (11)
                              [N9:P] LFLAG '=' 9 (9)
2026-03-30 11:38:45:302 [OUT] 25 A5 01 04 31 05 81 FF EE 88 01 32 FA (13)
                              [N4:Y] TPOS 255 238 136 1 (-1144831)
2026-03-30 11:38:45:345 [IN ] C8 24 07 0C 25 A5 07 01 31 04 88 53 00 50 68 E2 EA (17)
                              [N7:N] RUN 'S' 0 80 (80)
2026-03-30 11:38:45:491 [IN ] C8 24 09 0B 25 A5 09 01 31 03 C9 3A 09 4A 1E E2 (16)
                              [N9:P] LFLAG ':' 9 (9)
2026-03-30 11:38:45:617 [IN ] C8 24 04 0E 25 A5 04 01 31 06 81 53 00 00 00 00 10 88 31 (19)
                              [N4:Y] TPOS 'S' 0 0 0 0 (0)
2026-03-30 11:38:49:235 [IN ] C8 24 07 0B 25 A5 07 01 31 03 81 5A 4C 63 BB 00 C8 24 07 0A 25 A5 07 01 31 02 81 49 05 44 BB (31)
                              [N7:N] TPOS 'Z' 76 (76)
                              [N7:N] TPOS 'I'
2026-03-30 11:38:49:459 [OUT] 25 A5 01 07 31 03 C9 3D 09 4B 10 (11)
                              [N7:N] LFLAG '=' 9 (9)
2026-03-30 11:38:49:647 [IN ] C8 24 07 0B 25 A5 07 01 31 03 C9 3A 09 48 10 00 (16)
                              [N7:N] LFLAG ':' 9 (9)
2026-03-30 11:38:51:858 [IN ] C8 24 04 0E 25 A5 04 01 31 06 81 45 FF EE 85 EF 63 01 31 (19)
                              [N4:Y] TPOS 'E' 255 238 133 239 (-1145361)
2026-03-30 11:38:52:082 [OUT] 25 A5 01 09 31 05 81 FF E7 5D 56 5A 0C (13)
                              [N9:P] TPOS 255 231 93 86 (-1614506)
2026-03-30 11:38:52:105 [OUT] 25 A5 01 04 31 05 81 FF FD 50 01 09 B7 (13)
                              [N4:Y] TPOS 255 253 80 1 (-176127)
2026-03-30 11:38:52:127 [OUT] 25 A5 01 07 31 05 81 FF AB 19 75 F7 DF (13)
                              [N7:N] TPOS 255 171 25 117 (-5564043)
2026-03-30 11:38:52:149 [OUT] 25 A5 01 03 31 05 81 FF EC 4A AB 9B 1A (13)
                              [N3:X] TPOS 255 236 74 171 (-1291605)
2026-03-30 11:38:52:171 [OUT] 25 A5 01 06 31 02 D8 3F 51 DD (10)
                              [N6:H] INTERRUPT '?'
2026-03-30 11:38:52:472 [IN ] C8 24 09 0E 25 A5 09 01 31 06 81 53 FF FF FF F0 02 A1 31 C8 24 04 0E 25 A5 04 01 31 06 81 53 FF EE 85 EF 71 47 31 (38)
                              [N9:P] TPOS 'S' 255 255 255 240 (-16)
                              [N4:Y] TPOS 'S' 255 238 133 239 (-1145361)
2026-03-30 11:38:52:775 [IN ] C8 24 07 0E 25 A5 07 01 31 06 81 53 FF FF FF F6 06 93 31 C8 24 03 0E 25 A5 03 01 31 06 81 53 00 00 00 00 0F 7E 31 C8 24 0C 0B 25 A5 0C 01 31 03 81 5A 4C 68 DE 00 C8 24 0C 0A 25 A5 0C 01 31 02 
81 49 0A 62 DE C8 24 06 0C 25 A5 06 01 31 04 D8 3A 01 01 50 82 0F (86)
                              [N7:N] TPOS 'S' 255 255 255 246 (-10)
                              [N3:X] TPOS 'S' 0 0 0 0 (0)
                              [N12:Z] TPOS 'Z' 76 (76)
                              [N12:Z] TPOS 'I'
                              [N6:H] INTERRUPT ':' 1 1 (257)
2026-03-30 11:38:52:796 [OUT] 25 A5 01 06 31 03 C9 3D 0B 4C 0C (11)
                              [N6:H] LFLAG '=' 11 (11)
2026-03-30 11:38:52:819 [OUT] 25 A5 01 0C 31 03 C9 3D 09 50 2E (11)
                              [N12:Z] LFLAG '=' 9 (9)
2026-03-30 11:38:52:967 [IN ] C8 24 06 0B 25 A5 06 01 31 03 C9 3A 0B 49 0B 82 (16)
                              [N6:H] LFLAG ':' 11 (11)
2026-03-30 11:38:52:988 [OUT] 25 A5 01 06 31 03 88 FF B0 72 72 (11)
                              [N6:H] RUN 255 176 (-80)
2026-03-30 11:38:53:073 [IN ] C8 24 0C 0B 25 A5 0C 01 31 03 C9 3A 09 4D 33 82 (16)
                              [N12:Z] LFLAG ':' 9 (9)
2026-03-30 11:38:53:094 [OUT] 25 A5 01 0C 31 05 81 FF BC D0 00 4F 33 (13)
                              [N12:Z] TPOS 255 188 208 0 (-4403200)
2026-03-30 11:38:53:178 [IN ] C8 24 06 0C 25 A5 06 01 31 04 88 53 FF B0 C6 38 0F (17)
                              [N6:H] RUN 'S' 255 176 (-80)
2026-03-30 11:38:53:304 [IN ] C8 24 0C 0E 25 A5 0C 01 31 06 81 53 FF FF FF 9D B2 6C 31 (19)
                              [N12:Z] TPOS 'S' 255 255 255 157 (-99)
2026-03-30 11:38:57:320 [IN ] C8 24 06 0B 25 A5 06 01 31 03 81 5A 4C 62 B4 9D C8 24 06 0A 25 A5 06 01 31 02 81 49 04 3E B4 (31)
                              [N6:H] TPOS 'Z' 76 (76)
                              [N6:H] TPOS 'I'
2026-03-30 11:38:57:543 [OUT] 25 A5 01 06 31 03 C9 3D 09 4A 0A (11)
                              [N6:H] LFLAG '=' 9 (9)
2026-03-30 11:38:57:730 [IN ] C8 24 06 0B 25 A5 06 01 31 03 C9 3A 09 47 09 9D (16)
                              [N6:H] LFLAG ':' 9 (9)
2026-03-30 11:38:57:752 [OUT] 25 A5 01 06 31 03 84 00 50 0F 08 (11)
                              [N6:H] VEL 0 80 (80)
2026-03-30 11:38:57:918 [IN ] C8 24 06 0C 25 A5 06 01 31 04 84 53 00 50 63 CA B2 (17)
                              [N6:H] VEL 'S' 0 80 (80)
2026-03-30 11:38:57:940 [OUT] 25 A5 01 06 31 05 81 00 19 82 3C 95 BE (13)
                              [N6:H] TPOS 0 25 130 60 (1671740)
2026-03-30 11:38:58:128 [IN ] C8 24 06 0E 25 A5 06 01 31 06 81 53 00 00 00 02 14 9E 31 (19)
                              [N6:H] TPOS 'S' 0 0 0 2 (2)
2026-03-30 11:38:59:133 [IN ] C8 24 03 0E 25 A5 03 01 31 06 81 45 FF EC 48 06 3A 8E 31 (19)
                              [N3:X] TPOS 'E' 255 236 72 6 (-1292282)
2026-03-30 11:38:59:559 [OUT] 25 A5 01 03 31 05 81 FF FD 50 01 08 AF (13)
                              [N3:X] TPOS 255 253 80 1 (-176127)
2026-03-30 11:38:59:746 [IN ] C8 24 03 0E 25 A5 03 01 31 06 81 53 FF EC 48 06 48 D4 31 (19)
                              [N3:X] TPOS 'S' 255 236 72 6 (-1292282)
2026-03-30 11:39:00:149 [IN ] C8 24 09 0E 25 A5 09 01 31 06 81 45 FF E7 59 7B C1 52 31 (19)
                              [N9:P] TPOS 'E' 255 231 89 123 (-1615493)
2026-03-30 11:39:00:573 [OUT] 25 A5 01 09 31 05 81 FF FF D9 C8 60 BE (13)
                              [N9:P] TPOS 255 255 217 200 (-9784)
2026-03-30 11:39:00:740 [IN ] C8 24 09 0E 25 A5 09 01 31 06 81 53 FF E7 (14)
2026-03-30 11:39:00:761 [IN ] 59 7E D2 9B 31 (5)
                              [N9:P] TPOS 'S' 255 231 89 126 (-1615490)
2026-03-30 11:39:01:764 [IN ] C8 24 04 0E 25 A5 04 01 31 06 81 45 FF FD 50 36 84 0B 31 (19)
                              [N4:Y] TPOS 'E' 255 253 80 54 (-176074)
2026-03-30 11:39:05:784 [IN ] C8 24 06 0E 25 A5 06 01 31 06 81 45 00 19 86 CF 72 7C 31 (19)
                              [N6:H] TPOS 'E' 0 25 134 207 (1672911)
2026-03-30 11:39:06:208 [OUT] 25 A5 01 06 31 05 81 00 0D 71 E0 1C 1C (13)
                              [N6:H] TPOS 0 13 113 224 (881120)
2026-03-30 11:39:06:397 [IN ] C8 24 06 0E 25 A5 06 01 31 06 81 53 00 19 86 CF 80 C2 31 (19)
                              [N6:H] TPOS 'S' 0 25 134 207 (1672911)
2026-03-30 11:39:08:603 [IN ] C8 24 09 0E 25 A5 09 01 31 06 81 45 FF FF DD C1 A3 E8 31 C8 24 03 0E 25 A5 03 01 31 06 81 45 FF FD 50 C4 11 8F 31 (38)
                              [N9:P] TPOS 'E' 255 255 221 193 (-8767)
                              [N3:X] TPOS 'E' 255 253 80 196 (-175932)
2026-03-30 11:39:08:827 [OUT] 25 A5 01 08 31 02 D8 3F 53 E7 (10)
                              [N8:R] INTERRUPT '?'
2026-03-30 11:39:09:129 [IN ] C8 24 08 0C 25 A5 08 01 31 04 D8 3A 01 01 52 92 11 (17)
                              [N8:R] INTERRUPT ':' 1 1 (257)
2026-03-30 11:39:09:151 [OUT] 25 A5 01 08 31 03 CA 3D 0B 4F 1B (11)
                              [N8:R] RFLAG '=' 11 (11)
2026-03-30 11:39:09:320 [IN ] C8 24 08 0B 25 A5 08 01 31 03 CA 3A 0B 4C 1C 92 (16)
                              [N8:R] RFLAG ':' 11 (11)
2026-03-30 11:39:09:341 [OUT] 25 A5 01 08 31 03 88 00 50 15 20 (11)
                              [N8:R] RUN 0 80 (80)
2026-03-30 11:39:09:509 [IN ] C8 24 08 0C 25 A5 08 01 31 04 88 53 00 50 69 EA 11 (17)
                              [N8:R] RUN 'S' 0 80 (80)
2026-03-30 11:39:10:112 [IN ] C8 24 06 0E 25 A5 06 01 31 06 81 45 00 0D 6C BF 3C 14 31 (19)
                              [N6:H] TPOS 'E' 0 13 108 191 (879807)
2026-03-30 11:39:10:335 [OUT] 25 A5 01 05 31 02 D8 3F 50 D8 (10)
                              [N5:V] INTERRUPT '?'
2026-03-30 11:39:10:637 [IN ] C8 24 05 0C 25 A5 05 01 31 04 D8 3A 01 01 4F 7A 3C (17)
                              [N5:V] INTERRUPT ':' 1 1 (257)
2026-03-30 11:39:10:658 [OUT] 25 A5 01 05 31 03 C9 3D 0B 4B 06 (11)
                              [N5:V] LFLAG '=' 11 (11)
2026-03-30 11:39:10:827 [IN ] C8 24 05 0B 25 A5 05 01 31 03 C9 3A 0B 48 04 7A (16)
                              [N5:V] LFLAG ':' 11 (11)
2026-03-30 11:39:10:848 [OUT] 25 A5 01 05 31 03 88 FF B0 71 6C (11)
                              [N5:V] RUN 255 176 (-80)
2026-03-30 11:39:11:015 [IN ] C8 24 05 0C 25 A5 05 01 31 04 88 53 FF B0 C5 30 3C (17)
                              [N5:V] RUN 'S' 255 176 (-80)
2026-03-30 11:39:15:835 [IN ] C8 24 05 0B 25 A5 05 01 31 03 81 5A 4C 61 AD 30 C8 24 05 0A 25 A5 05 01 31 02 81 49 03 38 AD (31)
                              [N5:V] TPOS 'Z' 76 (76)
                              [N5:V] TPOS 'I'
2026-03-30 11:39:16:038 [IN ] C8 24 0C 0E 25 A5 0C 01 31 06 81 45 FF BC CD 58 EA B4 31 (19)
                              [N12:Z] TPOS 'E' 255 188 205 88 (-4403880)
2026-03-30 11:39:16:059 [OUT] 25 A5 01 05 31 03 C9 3D 09 49 04 (11)
                              [N5:V] LFLAG '=' 9 (9)
2026-03-30 11:39:16:103 [OUT] 25 A5 01 0C 31 05 81 FF D1 1A 67 15 6D (13)
                              [N12:Z] TPOS 255 209 26 103 (-3073433)
2026-03-30 11:39:16:228 [IN ] C8 24 05 0B 25 A5 05 01 31 03 C9 3A 09 46 02 58 (16)
                              [N5:V] LFLAG ':' 9 (9)
2026-03-30 11:39:16:249 [OUT] 25 A5 01 05 31 03 84 00 50 0E 02 (11)
                              [N5:V] VEL 0 80 (80)
2026-03-30 11:39:16:356 [IN ] C8 24 0C 0E 25 A5 0C 01 31 06 81 53 FF BC CD 5B FB FD 31 (19)
                              [N12:Z] TPOS 'S' 255 188 205 91 (-4403877)
2026-03-30 11:39:16:399 [IN ] C8 24 08 0B 25 A5 08 01 31 03 81 5A 52 6A C8 5B (16)
                              [N8:R] TPOS 'Z' 82 (82)
2026-03-30 11:39:16:442 [IN ] C8 24 08 0A 25 A5 08 01 31 02 81 49 06 4A C8 (15)
                              [N8:R] TPOS 'I'
2026-03-30 11:39:16:465 [IN ] C8 24 05 0C 25 A5 05 01 31 04 84 53 00 50 62 C2 FB (17)
                              [N5:V] VEL 'S' 0 80 (80)
2026-03-30 11:39:16:488 [OUT] 25 A5 01 05 31 05 81 00 19 82 3C 94 B6 (13)
                              [N5:V] TPOS 0 25 130 60 (1671740)
2026-03-30 11:39:16:510 [OUT] 25 A5 01 08 31 03 CA 3D 09 4D 19 (11)
                              [N8:R] RFLAG '=' 9 (9)
2026-03-30 11:39:16:656 [IN ] C8 24 05 0E 25 A5 05 01 31 06 81 53 00 00 00 00 11 92 (18)
                              [N5:V] TPOS 'S' 0 0 0 0 (0)
2026-03-30 11:39:16:678 [IN ] 31 (1)
2026-03-30 11:39:16:782 [IN ] C8 24 08 0B 25 A5 08 01 31 03 CA 3A 09 4A 1A 00 (16)
                              [N8:R] RFLAG ':' 9 (9)
2026-03-30 11:39:16:803 [OUT] 25 A5 01 08 31 05 81 FF DC 77 1D 2F DE (13)
                              [N8:R] TPOS 255 220 119 29 (-2328803)
2026-03-30 11:39:16:992 [IN ] C8 24 08 0E 25 A5 08 01 31 06 81 53 FF FF FF CC DD 73 31 (19)
                              [N8:R] TPOS 'S' 255 255 255 204 (-52)
2026-03-30 11:39:17:794 [IN ] C8 24 07 0E 25 A5 07 01 31 06 81 45 FF AB 14 EE B1 73 31 (19)
                              [N7:N] TPOS 'E' 255 171 20 238 (-5565202)
2026-03-30 11:39:18:218 [OUT] 25 A5 01 07 31 05 81 FF F3 35 BF A5 39 (13)
                              [N7:N] TPOS 255 243 53 191 (-838209)
2026-03-30 11:39:18:407 [IN ] C8 24 07 0E 25 A5 07 01 31 06 81 53 FF AB 14 EF C0 BA 31 (19)
                              [N7:N] TPOS 'S' 255 171 20 239 (-5565201)
2026-03-30 11:39:23:228 [IN ] C8 24 0C 0E 25 A5 0C 01 31 06 81 45 FF D1 1D 65 5C A0 31 (19)
                              [N12:Z] TPOS 'E' 255 209 29 101 (-3072667)
2026-03-30 11:39:24:636 [IN ] C8 24 05 0E 25 A5 05 01 31 06 81 45 00 19 86 30 D2 D3 31 (19)
                              [N5:V] TPOS 'E' 0 25 134 48 (1672752)
2026-03-30 11:39:25:062 [OUT] 25 A5 01 05 31 05 81 00 0C 94 50 AD C7 (13)
                              [N5:V] TPOS 0 12 148 80 (824400)
2026-03-30 11:39:25:251 [IN ] C8 24 05 0E 25 A5 05 01 31 06 81 53 00 19 86 30 E0 19 31 (19)
                              [N5:V] TPOS 'S' 0 25 134 48 (1672752)
2026-03-30 11:39:29:665 [IN ] C8 24 08 0E 25 A5 08 01 31 06 81 45 FF DC 74 99 EE 7B 31 (19)
                              [N8:R] TPOS 'E' 255 220 116 153 (-2329447)
2026-03-30 11:39:30:089 [OUT] 25 A5 01 08 31 05 81 FF EE 15 56 18 89 (13)
                              [N8:R] TPOS 255 238 21 86 (-1174186)
2026-03-30 11:39:30:277 [IN ] C8 24 08 0E 25 A5 08 01 31 06 81 53 FF DC 74 9E 01 C6 31 (19)
                              [N8:R] TPOS 'S' 255 220 116 158 (-2329442)
2026-03-30 11:39:30:478 [IN ] C8 24 05 0E 25 A5 05 01 31 06 81 45 00 0C 92 89 2A 1D 31 (19)
                              [N5:V] TPOS 'E' 0 12 146 137 (823945)
2026-03-30 11:39:30:701 [OUT] 25 A5 01 03 31 05 81 FF EF 5B C5 C9 5F (13)
                              [N3:X] TPOS 255 239 91 197 (-1090619)
2026-03-30 11:39:30:724 [OUT] 25 A5 01 04 31 05 81 FF F3 D7 B2 37 58 (13)
                              [N4:Y] TPOS 255 243 215 178 (-796750)
2026-03-30 11:39:30:891 [IN ] C8 24 03 0E 25 A5 03 01 31 06 81 53 FF FD 50 C4 1F D5 31 (19)
                              [N3:X] TPOS 'S' 255 253 80 196 (-175932)
2026-03-30 11:39:31:037 [IN ] C8 24 04 0E 25 A5 04 01 31 06 81 53 FF FD 50 36 92 51 31 (19)
                              [N4:Y] TPOS 'S' 255 253 80 54 (-176074)
2026-03-30 11:39:34:451 [IN ] C8 24 04 0E 25 A5 04 01 31 06 81 45 FF F3 D5 17 E0 D8 31 (19)
                              [N4:Y] TPOS 'E' 255 243 213 23 (-797417)
2026-03-30 11:39:35:456 [IN ] C8 24 03 0E 25 A5 03 01 31 06 81 45 FF EF 58 AF F6 60 31 (19)
                              [N3:X] TPOS 'E' 255 239 88 175 (-1091409)
2026-03-30 11:39:37:063 [IN ] C8 24 08 0E 25 A5 08 01 31 06 81 45 FF EE 17 53 5D B1 31 (19)
                              [N8:R] TPOS 'E' 255 238 23 83 (-1173677)
2026-03-30 11:39:39:877 [IN ] C8 24 07 0E 25 A5 07 01 31 06 81 45 FF F3 3A 66 97 0F 31 (19)
                              [N7:N] TPOS 'E' 255 243 58 102 (-837018)
