2026-03-04 15:19:57:097 [OUT] 25 A5 01 0A 31 05 D6 3D FF 00 00 53 ED (13)
                              [N10:HMI] HMILED '=' 255 0 0 (16711680)
2026-03-04 15:19:57:120 [OUT] 25 A5 01 03 31 02 D8 3F 4E CE (10)
                              [N3:X] INTERRUPT '?'
2026-03-04 15:19:57:423 [IN ] C8 24 0A 0D 25 A5 0A 01 31 05 D6 3A FF 00 00 50 EA 7B C8 24 03 0C 25 A5 03 01 31 04 D8 3A 01 01 4D 6A EA (35)
                              [N10:HMI] HMILED ':' 255 0 0 (16711680)
                              [N3:X] INTERRUPT ':' 1 1 (257)
2026-03-04 15:19:57:444 [OUT] 25 A5 01 09 31 03 C9 3D 09 4D 1C (11)
                              [N9:P] LFLAG '=' 9 (9)
2026-03-04 15:19:57:467 [OUT] 25 A5 01 04 31 02 D8 3F 4F D3 (10)
                              [N4:Y] INTERRUPT '?'
2026-03-04 15:19:57:768 [IN ] C8 24 09 0B 25 A5 09 01 31 03 C9 3A 09 4A 1E 6A C8 24 04 0C 25 A5 04 01 31 04 D8 3A 01 01 4E 72 EA (33)
                              [N9:P] LFLAG ':' 9 (9)
                              [N4:Y] INTERRUPT ':' 1 1 (257)
2026-03-04 15:19:57:789 [OUT] 25 A5 01 09 31 03 CA 3D 09 4E 1F (11)
                              [N9:P] RFLAG '=' 9 (9)
2026-03-04 15:19:57:813 [OUT] 25 A5 01 0C 31 02 D8 3F 57 FB (10)
                              [N12:Z] INTERRUPT '?'
2026-03-04 15:19:58:117 [IN ] C8 24 09 0B 25 A5 09 01 31 03 CA 3A 09 4B 21 72 C8 24 0C 0C 25 A5 0C 01 31 04 D8 3A 01 01 56 B2 EA (33)
                              [N9:P] RFLAG ':' 9 (9)
                              [N12:Z] INTERRUPT ':' 1 1 (257)
2026-03-04 15:19:58:138 [OUT] 25 A5 01 08 31 03 C9 3D 09 4C 16 (11)
                              [N8:R] LFLAG '=' 9 (9)
2026-03-04 15:19:58:160 [OUT] 25 A5 01 03 31 03 C9 3D 0B 49 FA (11)
                              [N3:X] LFLAG '=' 11 (11)
2026-03-04 15:19:58:182 [OUT] 25 A5 01 04 31 03 C9 3D 0B 4A 00 (11)
                              [N4:Y] LFLAG '=' 11 (11)
2026-03-04 15:19:58:205 [OUT] 25 A5 01 0C 31 03 C9 3D 0B 52 30 (11)
                              [N12:Z] LFLAG '=' 11 (11)
2026-03-04 15:19:58:311 [IN ] C8 24 08 0B 25 A5 08 01 31 03 C9 3A 09 49 17 B2 (16)
                              [N8:R] LFLAG ':' 9 (9)
2026-03-04 15:19:58:333 [OUT] 25 A5 01 08 31 03 CA 3D 09 4D 19 (11)
                              [N8:R] RFLAG '=' 9 (9)
2026-03-04 15:19:58:398 [IN ] C8 24 03 0B 25 A5 03 01 31 03 C9 3A 0B 46 F6 B2 (16)
                              [N3:X] LFLAG ':' 11 (11)
2026-03-04 15:19:58:422 [OUT] 25 A5 01 03 31 03 88 00 50 10 02 (11)
                              [N3:X] RUN 0 80 (80)
2026-03-04 15:19:58:530 [IN ] C8 24 04 0B 25 A5 04 01 31 03 C9 3A 0B 47 FD B2 (16)
                              [N4:Y] LFLAG ':' 11 (11)
2026-03-04 15:19:58:553 [OUT] 25 A5 01 04 31 03 88 00 50 11 08 (11)
                              [N4:Y] RUN 0 80 (80)
2026-03-04 15:19:58:637 [IN ] C8 24 0C 0B 25 A5 0C 01 31 03 C9 3A 0B 4F 35 B2 (16)
                              [N12:Z] LFLAG ':' 11 (11)
2026-03-04 15:19:58:659 [OUT] 25 A5 01 0C 31 03 88 00 50 19 38 (11)
                              [N12:Z] RUN 0 80 (80)
2026-03-04 15:19:58:745 [IN ] C8 24 08 0B 25 A5 08 01 31 03 CA 3A 09 4A 1A B2 (16)
                              [N8:R] RFLAG ':' 9 (9)
2026-03-04 15:19:58:851 [IN ] C8 24 03 0C 25 A5 03 01 31 04 88 53 00 50 64 C2 EA (17)
                              [N3:X] RUN 'S' 0 80 (80)
2026-03-04 15:19:58:978 [IN ] C8 24 04 0C 25 A5 04 01 31 04 88 53 00 50 65 CA EA (17)
                              [N4:Y] RUN 'S' 0 80 (80)
2026-03-04 15:19:59:083 [IN ] C8 24 0C 0C 25 A5 0C 01 31 04 88 53 00 50 6D 0A EA (17)
                              [N12:Z] RUN 'S' 0 80 (80)
2026-03-04 15:20:05:506 [IN ] C8 24 04 0B 25 A5 04 01 31 03 81 5A 4C 60 A6 0A C8 24 04 0A 25 A5 04 01 31 02 81 49 02 32 A6 (31)
                              [N4:Y] TPOS 'Z' 76 (76)
                              [N4:Y] TPOS 'I'
2026-03-04 15:20:05:728 [OUT] 25 A5 01 09 31 02 D8 3F 54 EC (10)
                              [N9:P] INTERRUPT '?'
2026-03-04 15:20:06:031 [IN ] C8 24 09 0C 25 A5 09 01 31 04 D8 3A 01 01 53 9A EA (17)
                              [N9:P] INTERRUPT ':' 1 1 (257)
2026-03-04 15:20:06:052 [OUT] 25 A5 01 04 31 03 C9 3D 09 48 FE (11)
                              [N4:Y] LFLAG '=' 9 (9)
2026-03-04 15:20:06:074 [OUT] 25 A5 01 07 31 02 D8 3F 52 E2 (10)
                              [N7:N] INTERRUPT '?'
2026-03-04 15:20:06:375 [IN ] C8 24 04 0B 25 A5 04 01 31 03 C9 3A 09 45 FB 9A C8 24 07 0C 25 A5 07 01 31 04 D8 3A 01 01 51 8A EA (33)
                              [N4:Y] LFLAG ':' 9 (9)
                              [N7:N] INTERRUPT ':' 1 1 (257)
2026-03-04 15:20:06:396 [OUT] 25 A5 01 09 31 03 C9 3D 0B 4F 1E (11)
                              [N9:P] LFLAG '=' 11 (11)
2026-03-04 15:20:06:419 [OUT] 25 A5 01 07 31 03 C9 3D 0B 4D 12 (11)
                              [N7:N] LFLAG '=' 11 (11)
2026-03-04 15:20:06:566 [IN ] C8 24 09 0B 25 A5 09 01 31 03 C9 3A 0B 4C 20 8A (16)
                              [N9:P] LFLAG ':' 11 (11)
2026-03-04 15:20:06:590 [OUT] 25 A5 01 09 31 03 88 00 50 16 26 (11)
                              [N9:P] RUN 0 80 (80)
2026-03-04 15:20:06:674 [IN ] C8 24 07 0B 25 A5 07 01 31 03 C9 3A 0B 4A 12 8A (16)
                              [N7:N] LFLAG ':' 11 (11)
2026-03-04 15:20:06:696 [OUT] 25 A5 01 07 31 03 88 00 50 14 1A (11)
                              [N7:N] RUN 0 80 (80)
2026-03-04 15:20:06:781 [IN ] C8 24 09 0C 25 A5 09 01 31 04 88 53 00 50 6A F2 EA (17)
                              [N9:P] RUN 'S' 0 80 (80)
2026-03-04 15:20:06:847 [IN ] C8 24 09 0B 25 A5 09 01 31 03 81 5A 4C 65 C9 F2 (16)
                              [N9:P] TPOS 'Z' 76 (76)
2026-03-04 15:20:06:892 [IN ] C8 24 09 0A 25 A5 09 01 31 02 81 49 07 50 C9 C8 24 07 0C 25 A5 07 01 31 04 88 53 00 50 68 E2 EA (32)
                              [N9:P] TPOS 'I'
                              [N7:N] RUN 'S' 0 80 (80)
2026-03-04 15:20:07:117 [OUT] 25 A5 01 09 31 03 C9 3D 09 4D 1C (11)
                              [N9:P] LFLAG '=' 9 (9)
2026-03-04 15:20:07:139 [OUT] 25 A5 01 04 31 05 81 FF EE 88 01 32 FA (13)
                              [N4:Y] TPOS 255 238 136 1 (-1144831)
2026-03-04 15:20:07:305 [IN ] C8 24 09 0B 25 A5 09 01 31 03 C9 3A 09 4A 1E E2 (16)
                              [N9:P] LFLAG ':' 9 (9)
2026-03-04 15:20:07:430 [IN ] C8 24 04 0E 25 A5 04 01 31 06 81 53 00 00 00 00 10 88 0A (19)
                              [N4:Y] TPOS 'S' 0 0 0 0 (0)
2026-03-04 15:20:08:637 [IN ] C8 24 03 0B 25 A5 03 (7)
2026-03-04 15:20:08:840 [IN ] 01 31 03 81 5A 4C 5F 9F 00 C8 24 03 0A 25 A5 03 01 31 02 81 49 01 2C 9F (24)
                              [N3:X] TPOS 'Z' 76 (76)
                              [N3:X] TPOS 'I'
2026-03-04 15:20:09:063 [OUT] 25 A5 01 03 31 03 C9 3D 09 47 F8 (11)
                              [N3:X] LFLAG '=' 9 (9)
2026-03-04 15:20:09:233 [IN ] C8 24 03 0B 25 A5 03 01 31 03 C9 3A 09 44 F4 00 (16)
                              [N3:X] LFLAG ':' 9 (9)
2026-03-04 15:20:10:841 [IN ] C8 24 07 0B 25 A5 07 01 31 03 81 5A 4C 63 BB 00 C8 24 07 0A 25 A5 07 01 31 02 81 49 05 44 BB (31)
                              [N7:N] TPOS 'Z' 76 (76)
                              [N7:N] TPOS 'I'
2026-03-04 15:20:11:065 [OUT] 25 A5 01 07 31 03 C9 3D 09 4B 10 (11)
                              [N7:N] LFLAG '=' 9 (9)
2026-03-04 15:20:11:233 [IN ] C8 24 07 0B 25 A5 07 01 31 03 C9 3A 09 48 10 00 (16)
                              [N7:N] LFLAG ':' 9 (9)
2026-03-04 15:20:13:441 [IN ] C8 24 04 0E 25 A5 04 01 31 06 81 45 FF EE 85 FE 72 10 0A (19)
                              [N4:Y] TPOS 'E' 255 238 133 254 (-1145346)
2026-03-04 15:20:13:665 [OUT] 25 A5 01 09 31 05 81 FF E7 5D 56 5A 0C (13)
                              [N9:P] TPOS 255 231 93 86 (-1614506)
2026-03-04 15:20:13:689 [OUT] 25 A5 01 04 31 05 81 FF FD 50 01 09 B7 (13)
                              [N4:Y] TPOS 255 253 80 1 (-176127)
2026-03-04 15:20:13:712 [OUT] 25 A5 01 07 31 05 81 FF AB 19 75 F7 DF (13)
                              [N7:N] TPOS 255 171 25 117 (-5564043)
2026-03-04 15:20:13:734 [OUT] 25 A5 01 03 31 05 81 FF EC 4A AB 9B 1A (13)
                              [N3:X] TPOS 255 236 74 171 (-1291605)
2026-03-04 15:20:13:762 [OUT] 25 A5 01 06 31 02 D8 3F 51 DD (10)
                              [N6:H] INTERRUPT '?'
2026-03-04 15:20:14:066 [IN ] C8 24 09 0E 25 A5 09 01 31 06 81 53 FF FF FF F4 06 A5 0A C8 24 04 0E 25 A5 04 01 31 06 81 53 FF EE 85 FE 80 56 0A (38)
                              [N9:P] TPOS 'S' 255 255 255 244 (-12)
                              [N4:Y] TPOS 'S' 255 238 133 254 (-1145346)
2026-03-04 15:20:14:368 [IN ] C8 24 07 0E 25 A5 07 01 31 06 81 53 FF FF FF FA 0A 97 0A C8 24 03 0E 25 A5 03 01 31 06 81 53 00 00 00 00 0F 7E 0A C8 24 06 0C 25 A5 06 01 31 04 D8 3A 01 01 50 82 0F (55)
                              [N7:N] TPOS 'S' 255 255 255 250 (-6)
                              [N3:X] TPOS 'S' 0 0 0 0 (0)
                              [N6:H] INTERRUPT ':' 1 1 (257)
2026-03-04 15:20:14:389 [OUT] 25 A5 01 06 31 03 C9 3D 0B 4C 0C (11)
                              [N6:H] LFLAG '=' 11 (11)
2026-03-04 15:20:14:558 [IN ] C8 24 06 0B 25 A5 06 01 31 03 C9 3A 0B 49 0B 82 (16)
                              [N6:H] LFLAG ':' 11 (11)
2026-03-04 15:20:14:579 [OUT] 25 A5 01 06 31 03 88 FF B0 72 72 (11)
                              [N6:H] RUN 255 176 (-80)
2026-03-04 15:20:14:725 [IN ] C8 24 06 0C 25 A5 06 01 31 04 88 (11)
2026-03-04 15:20:14:749 [IN ] 53 FF B0 C6 38 0F (6)
                              [N6:H] RUN 'S' 255 176 (-80)
2026-03-04 15:20:14:952 [IN ] C8 24 0C 0B 25 A5 0C 01 31 03 81 5A 4C 68 DE 38 C8 24 0C 0A 25 A5 0C 01 31 02 81 49 0A 62 DE (31)
                              [N12:Z] TPOS 'Z' 76 (76)
                              [N12:Z] TPOS 'I'
2026-03-04 15:20:15:176 [OUT] 25 A5 01 0C 31 03 C9 3D 09 50 2E (11)
                              [N12:Z] LFLAG '=' 9 (9)
2026-03-04 15:20:15:345 [IN ] C8 24 0C 0B 25 A5 0C 01 31 03 C9 3A 09 4D 33 38 (16)
                              [N12:Z] LFLAG ':' 9 (9)
2026-03-04 15:20:15:366 [OUT] 25 A5 01 0C 31 05 81 FF BC D0 00 4F 33 (13)
                              [N12:Z] TPOS 255 188 208 0 (-4403200)
2026-03-04 15:20:15:555 [IN ] C8 24 0C 0E 25 A5 0C 01 31 06 81 53 FF FF FF 93 A8 62 0A (19)
                              [N12:Z] TPOS 'S' 255 255 255 147 (-109)
2026-03-04 15:20:18:768 [IN ] C8 24 06 0B 25 A5 06 01 31 03 81 5A 4C 62 B4 93 (16)
                              [N6:H] TPOS 'Z' 76 (76)
2026-03-04 15:20:18:973 [IN ] C8 24 06 0A 25 A5 06 01 31 02 81 49 04 3E B4 (15)
                              [N6:H] TPOS 'I'
2026-03-04 15:20:19:197 [OUT] 25 A5 01 06 31 03 C9 3D 09 4A 0A (11)
                              [N6:H] LFLAG '=' 9 (9)
2026-03-04 15:20:19:387 [IN ] C8 24 06 0B 25 A5 06 01 31 03 C9 3A 09 47 09 93 (16)
                              [N6:H] LFLAG ':' 9 (9)
2026-03-04 15:20:19:410 [OUT] 25 A5 01 06 31 03 84 00 50 0F 08 (11)
                              [N6:H] VEL 0 80 (80)
2026-03-04 15:20:19:579 [IN ] C8 24 06 0C 25 A5 06 01 31 04 84 53 00 50 63 CA A8 (17)
                              [N6:H] VEL 'S' 0 80 (80)
2026-03-04 15:20:19:601 [OUT] 25 A5 01 06 31 05 81 00 19 82 3C 95 BE (13)
                              [N6:H] TPOS 0 25 130 60 (1671740)
2026-03-04 15:20:19:772 [IN ] C8 24 06 0E 25 A5 06 01 31 06 81 53 FF FF FF FF 0E 92 0A (19)
                              [N6:H] TPOS 'S' 255 255 255 255 (-1)
2026-03-04 15:20:20:576 [IN ] C8 24 03 0E 25 A5 03 01 31 06 81 45 FF EC 47 29 5C AF 0A (19)
                              [N3:X] TPOS 'E' 255 236 71 41 (-1292503)
2026-03-04 15:20:21:001 [OUT] 25 A5 01 03 31 05 81 FF FD 50 01 08 AF (13)
                              [N3:X] TPOS 255 253 80 1 (-176127)
2026-03-04 15:20:21:169 [IN ] C8 24 03 0E 25 A5 03 01 31 06 81 53 FF (13)
2026-03-04 15:20:21:191 [IN ] EC 47 29 6A F5 0A (6)
                              [N3:X] TPOS 'S' 255 236 71 41 (-1292503)
2026-03-04 15:20:22:194 [IN ] C8 24 04 0E 25 A5 04 01 31 06 81 45 FF FD 4F CA 17 9D 0A (19)
                              [N4:Y] TPOS 'E' 255 253 79 202 (-176182)
2026-03-04 15:20:23:800 [IN ] C8 24 09 0E 25 A5 09 01 31 06 81 45 FF E7 5B C3 0B 9E 0A (19)
                              [N9:P] TPOS 'E' 255 231 91 195 (-1614909)
2026-03-04 15:20:24:226 [OUT] 25 A5 01 09 31 05 81 FF FF D9 C8 60 BE (13)
                              [N9:P] TPOS 255 255 217 200 (-9784)
2026-03-04 15:20:24:394 [IN ] C8 24 09 0E 25 A5 09 01 31 06 81 53 FF E7 5B CD 23 (17)
2026-03-04 15:20:24:419 [IN ] EE 0A (2)
                              [N9:P] TPOS 'S' 255 231 91 205 (-1614899)
2026-03-04 15:20:27:629 [IN ] C8 24 06 0E 25 A5 06 01 31 06 81 45 00 19 85 FA 9C A5 0A (19)
                              [N6:H] TPOS 'E' 0 25 133 250 (1672698)
2026-03-04 15:20:28:056 [OUT] 25 A5 01 06 31 05 81 00 0D 03 C1 8F 21 (13)
                              [N6:H] TPOS 0 13 3 193 (852929)
2026-03-04 15:20:28:244 [IN ] C8 24 06 0E 25 A5 06 01 31 06 81 53 00 19 85 FA AA EB 0A (19)
                              [N6:H] TPOS 'S' 0 25 133 250 (1672698)
2026-03-04 15:20:30:854 [IN ] C8 24 03 0E 25 A5 03 01 31 06 81 45 FF FD 50 4F 9C 1A 0A (19)
                              [N3:X] TPOS 'E' 255 253 80 79 (-176049)
2026-03-04 15:20:32:060 [IN ] C8 24 06 0E 25 A5 06 01 31 06 81 45 00 0C FF 34 43 AC 0A (19)
                              [N6:H] TPOS 'E' 0 12 255 52 (851764)
2026-03-04 15:20:32:285 [OUT] 25 A5 01 05 31 02 D8 3F 50 D8 (10)
                              [N5:V] INTERRUPT '?'
2026-03-04 15:20:32:587 [IN ] C8 24 05 0C 25 A5 05 01 31 04 D8 3A 01 01 4F 7A 43 (17)
                              [N5:V] INTERRUPT ':' 1 1 (257)
2026-03-04 15:20:32:608 [OUT] 25 A5 01 05 31 03 C9 3D 0B 4B 06 (11)
                              [N5:V] LFLAG '=' 11 (11)
2026-03-04 15:20:32:776 [IN ] C8 24 05 0B 25 A5 05 01 31 03 C9 3A 0B 48 04 7A (16)
                              [N5:V] LFLAG ':' 11 (11)
2026-03-04 15:20:32:798 [OUT] 25 A5 01 05 31 03 88 FF B0 71 6C (11)
                              [N5:V] RUN 255 176 (-80)
2026-03-04 15:20:32:965 [IN ] C8 24 05 0C 25 A5 05 01 31 04 88 53 FF B0 C5 30 43 (17)
                              [N5:V] RUN 'S' 255 176 (-80)
2026-03-04 15:20:34:370 [IN ] C8 24 09 0E 25 A5 09 01 31 06 81 45 FF FF DA 54 33 75 0A (19)
                              [N9:P] TPOS 'E' 255 255 218 84 (-9644)
2026-03-04 15:20:34:593 [OUT] 25 A5 01 08 31 02 D8 3F 53 E7 (10)
                              [N8:R] INTERRUPT '?'
2026-03-04 15:20:34:896 [IN ] C8 24 08 0C 25 A5 08 01 31 04 D8 3A 01 01 52 92 33 (17)
                              [N8:R] INTERRUPT ':' 1 1 (257)
2026-03-04 15:20:34:917 [OUT] 25 A5 01 08 31 03 CA 3D 0B 4F 1B (11)
                              [N8:R] RFLAG '=' 11 (11)
2026-03-04 15:20:35:085 [IN ] C8 24 08 0B 25 A5 08 01 31 03 CA 3A 0B 4C 1C 92 (16)
                              [N8:R] RFLAG ':' 11 (11)
2026-03-04 15:20:35:106 [OUT] 25 A5 01 08 31 03 88 00 50 15 20 (11)
                              [N8:R] RUN 0 80 (80)
2026-03-04 15:20:35:275 [IN ] C8 24 08 0C 25 A5 08 01 31 04 88 53 00 50 69 EA 33 (17)
                              [N8:R] RUN 'S' 0 80 (80)
2026-03-04 15:20:38:288 [IN ] C8 24 05 0B 25 A5 05 01 31 03 81 5A 4C 61 AD EA C8 24 05 0A 25 A5 05 01 31 02 81 49 03 38 AD (31)
                              [N5:V] TPOS 'Z' 76 (76)
                              [N5:V] TPOS 'I'
2026-03-04 15:20:38:511 [OUT] 25 A5 01 05 31 03 C9 3D 09 49 04 (11)
                              [N5:V] LFLAG '=' 9 (9)
2026-03-04 15:20:38:680 [IN ] C8 24 05 0B 25 A5 05 01 31 03 C9 3A 09 46 02 EA (16)
                              [N5:V] LFLAG ':' 9 (9)
2026-03-04 15:20:38:702 [OUT] 25 A5 01 05 31 03 84 00 50 0E 02 (11)
                              [N5:V] VEL 0 80 (80)
2026-03-04 15:20:38:888 [IN ] C8 24 05 0C 25 A5 05 01 31 04 84 53 00 50 62 C2 33 C8 24 0C 0E 25 A5 0C 01 31 06 81 45 FF BC CE 19 AC 77 0A (36)
                              [N5:V] VEL 'S' 0 80 (80)
                              [N12:Z] TPOS 'E' 255 188 206 25 (-4403687)
2026-03-04 15:20:38:910 [OUT] 25 A5 01 05 31 05 81 00 19 82 3C 94 B6 (13)
                              [N5:V] TPOS 0 25 130 60 (1671740)
2026-03-04 15:20:38:956 [OUT] 25 A5 01 0C 31 05 81 FF D1 1A 67 15 6D (13)
                              [N12:Z] TPOS 255 209 26 103 (-3073433)
2026-03-04 15:20:39:104 [IN ] C8 24 05 0E 25 A5 05 01 31 06 81 53 00 00 00 00 11 92 0A (19)
                              [N5:V] TPOS 'S' 0 0 0 0 (0)
2026-03-04 15:20:39:252 [IN ] C8 24 0C 0E 25 A5 0C 01 31 06 81 53 FF BC CE 1A BB BE 0A (19)
                              [N12:Z] TPOS 'S' 255 188 206 26 (-4403686)
2026-03-04 15:20:39:453 [IN ] C8 24 07 0E 25 A5 07 01 31 06 81 45 FF AB 14 E6 A9 6B 0A (19)
                              [N7:N] TPOS 'E' 255 171 20 230 (-5565210)
2026-03-04 15:20:39:879 [OUT] 25 A5 01 07 31 05 81 FF F3 35 BF A5 39 (13)
                              [N7:N] TPOS 255 243 53 191 (-838209)
2026-03-04 15:20:40:068 [IN ] C8 24 07 0E 25 A5 07 01 31 06 81 53 FF AB 14 E6 B7 B1 0A (19)
                              [N7:N] TPOS 'S' 255 171 20 230 (-5565210)
2026-03-04 15:20:44:083 [IN ] C8 24 08 0B 25 A5 08 01 31 03 81 5A 52 6A C8 E6 C8 24 08 0A 25 A5 08 01 31 02 81 49 06 4A C8 (31)
                              [N8:R] TPOS 'Z' 82 (82)
                              [N8:R] TPOS 'I'
2026-03-04 15:20:44:309 [OUT] 25 A5 01 08 31 03 CA 3D 09 4D 19 (11)
                              [N8:R] RFLAG '=' 9 (9)
2026-03-04 15:20:44:479 [IN ] C8 24 08 0B 25 A5 08 01 31 03 CA 3A 09 4A 1A E6 (16)
                              [N8:R] RFLAG ':' 9 (9)
2026-03-04 15:20:44:501 [OUT] 25 A5 01 08 31 05 81 FF DC 77 1D 2F DE (13)
                              [N8:R] TPOS 255 220 119 29 (-2328803)
2026-03-04 15:20:44:691 [IN ] C8 24 08 0E 25 A5 08 01 31 06 81 53 FF FF FF DE EF 85 0A (19)
                              [N8:R] TPOS 'S' 255 255 255 222 (-34)
2026-03-04 15:20:46:296 [IN ] C8 24 0C 0E 25 A5 0C 01 31 06 81 45 FF D1 1C E2 D8 1B 0A (19)
                              [N12:Z] TPOS 'E' 255 209 28 226 (-3072798)
2026-03-04 15:20:47:301 [IN ] C8 24 05 0E 25 A5 05 01 31 06 81 45 00 19 85 5D FE FE 0A (19)
                              [N5:V] TPOS 'E' 0 25 133 93 (1672541)
2026-03-04 15:20:47:726 [OUT] 25 A5 01 05 31 05 81 00 0D 03 C1 8E 19 (13)
                              [N5:V] TPOS 0 13 3 193 (852929)
2026-03-04 15:20:47:911 [IN ] C8 24 05 0E 25 A5 05 01 31 06 81 53 00 19 85 5D 0C 44 0A (19)
                              [N5:V] TPOS 'S' 0 25 133 93 (1672541)
2026-03-04 15:20:53:330 [IN ] C8 24 05 0E 25 A5 05 01 31 06 81 45 00 0D 02 AC BE 23 0A (19)
                              [N5:V] TPOS 'E' 0 13 2 172 (852652)
2026-03-04 15:20:53:554 [OUT] 25 A5 01 03 31 05 81 FF ED B1 30 88 70 (13)
                              [N3:X] TPOS 255 237 177 48 (-1199824)
2026-03-04 15:20:53:575 [OUT] 25 A5 01 04 31 05 81 FF F3 BD 0C 77 7E (13)
                              [N4:Y] TPOS 255 243 189 12 (-803572)
2026-03-04 15:20:53:743 [IN ] C8 24 03 0E 25 A5 03 01 31 06 81 53 FF FD 50 4F AA 60 0A (19)
                              [N3:X] TPOS 'S' 255 253 80 79 (-176049)
2026-03-04 15:20:53:871 [IN ] C8 24 04 0E 25 A5 04 01 31 06 81 53 FF FD 4F CA 25 E3 0A (19)
                              [N4:Y] TPOS 'S' 255 253 79 202 (-176182)
2026-03-04 15:20:57:285 [IN ] C8 24 04 0E 25 A5 04 01 31 06 81 45 FF F3 BA D6 84 61 0A (19)
                              [N4:Y] TPOS 'E' 255 243 186 214 (-804138)
2026-03-04 15:20:58:890 [IN ] C8 24 03 0E 25 A5 03 01 31 06 81 45 FF ED AD 68 02 BD 0A (19)
                              [N3:X] TPOS 'E' 255 237 173 104 (-1200792)
2026-03-04 15:20:59:895 [IN ] C8 24 08 0E 25 A5 08 01 31 06 81 45 FF DC 74 82 D7 64 0A (19)
                              [N8:R] TPOS 'E' 255 220 116 130 (-2329470)
2026-03-04 15:21:00:321 [OUT] 25 A5 01 08 31 05 81 FF EE 15 56 18 89 (13)
                              [N8:R] TPOS 255 238 21 86 (-1174186)
2026-03-04 15:21:00:510 [IN ] C8 24 08 0E 25 A5 08 01 31 06 81 53 FF DC 74 8E F1 B6 0A (19)
                              [N8:R] TPOS 'S' 255 220 116 142 (-2329458)
2026-03-04 15:21:01:516 [IN ] C8 24 07 0E 25 A5 07 01 31 06 81 45 FF F3 3A A9 DA 52 0A (19)
                              [N7:N] TPOS 'E' 255 243 58 169 (-836951)
2026-03-04 15:21:08:743 [IN ] C8 24 08 0E 25 A5 08 01 31 06 81 45 FF EE 17 3C 46 9A 0A (19)
                              [N8:R] TPOS 'E' 255 238 23 60 (-1173700)
