2026-03-04 00:36:27:700 [OUT] 25 A5 01 0A 31 05 D6 3D FF 00 00 53 ED (13)
                              [N10:HMI] HMILED '=' 255 0 0 (16711680)
2026-03-04 00:36:27:724 [OUT] 25 A5 01 03 31 02 D8 3F 4E CE (10)
                              [N3:X] INTERRUPT '?'
2026-03-04 00:36:28:025 [IN ] C8 24 0A 0D 25 A5 0A 01 31 05 D6 3A FF 00 00 50 EA 96 C8 24 03 0C 25 A5 03 01 31 04 D8 3A 01 01 4D 6A EA (35)
                              [N10:HMI] HMILED ':' 255 0 0 (16711680)
                              [N3:X] INTERRUPT ':' 1 1 (257)
2026-03-04 00:36:28:046 [OUT] 25 A5 01 09 31 03 C9 3D 09 4D 1C (11)
                              [N9:P] LFLAG '=' 9 (9)
2026-03-04 00:36:28:070 [OUT] 25 A5 01 04 31 02 D8 3F 4F D3 (10)
                              [N4:Y] INTERRUPT '?'
2026-03-04 00:36:28:371 [IN ] C8 24 09 0B 25 A5 09 01 31 03 C9 3A 09 4A 1E 6A C8 24 04 0C 25 A5 04 01 31 04 D8 3A 01 01 4E 72 EA (33)
                              [N9:P] LFLAG ':' 9 (9)
                              [N4:Y] INTERRUPT ':' 1 1 (257)
2026-03-04 00:36:28:392 [OUT] 25 A5 01 09 31 03 CA 3D 09 4E 1F (11)
                              [N9:P] RFLAG '=' 9 (9)
2026-03-04 00:36:28:416 [OUT] 25 A5 01 0C 31 02 D8 3F 57 FB (10)
                              [N12:Z] INTERRUPT '?'
2026-03-04 00:36:28:718 [IN ] C8 24 09 0B 25 A5 09 01 31 03 CA 3A 09 4B 21 72 C8 24 0C 0C 25 A5 0C 01 31 04 D8 3A 01 01 56 B2 EA (33)
                              [N9:P] RFLAG ':' 9 (9)
                              [N12:Z] INTERRUPT ':' 1 1 (257)
2026-03-04 00:36:28:740 [OUT] 25 A5 01 08 31 03 C9 3D 09 4C 16 (11)
                              [N8:R] LFLAG '=' 9 (9)
2026-03-04 00:36:28:762 [OUT] 25 A5 01 03 31 03 C9 3D 0B 49 FA (11)
                              [N3:X] LFLAG '=' 11 (11)
2026-03-04 00:36:28:784 [OUT] 25 A5 01 04 31 03 C9 3D 0B 4A 00 (11)
                              [N4:Y] LFLAG '=' 11 (11)
2026-03-04 00:36:28:806 [OUT] 25 A5 01 0C 31 03 C9 3D 0B 52 30 (11)
                              [N12:Z] LFLAG '=' 11 (11)
2026-03-04 00:36:28:908 [IN ] C8 24 08 0B 25 A5 08 01 31 03 C9 3A 09 49 17 B2 (16)
                              [N8:R] LFLAG ':' 9 (9)
2026-03-04 00:36:28:930 [OUT] 25 A5 01 08 31 03 CA 3D 09 4D 19 (11)
                              [N8:R] RFLAG '=' 9 (9)
2026-03-04 00:36:29:015 [IN ] C8 24 03 0B 25 A5 03 01 31 03 C9 3A 0B 46 F6 B2 (16)
                              [N3:X] LFLAG ':' 11 (11)
2026-03-04 00:36:29:037 [OUT] 25 A5 01 03 31 03 88 00 50 10 02 (11)
                              [N3:X] RUN 0 80 (80)
2026-03-04 00:36:29:142 [IN ] C8 24 04 0B 25 A5 04 01 31 03 C9 3A 0B 47 FD B2 (16)
                              [N4:Y] LFLAG ':' 11 (11)
2026-03-04 00:36:29:164 [OUT] 25 A5 01 04 31 03 88 00 50 11 08 (11)
                              [N4:Y] RUN 0 80 (80)
2026-03-04 00:36:29:248 [IN ] C8 24 0C 0B 25 A5 0C 01 31 03 C9 3A 0B 4F 35 B2 (16)
                              [N12:Z] LFLAG ':' 11 (11)
2026-03-04 00:36:29:270 [OUT] 25 A5 01 0C 31 03 88 00 50 19 38 (11)
                              [N12:Z] RUN 0 80 (80)
2026-03-04 00:36:29:354 [IN ] C8 24 08 0B 25 A5 08 01 31 03 CA 3A 09 4A 1A B2 (16)
                              [N8:R] RFLAG ':' 9 (9)
2026-03-04 00:36:29:457 [IN ] C8 24 03 0C 25 A5 03 01 31 04 88 53 00 50 64 C2 EA (17)
                              [N3:X] RUN 'S' 0 80 (80)
2026-03-04 00:36:29:561 [IN ] C8 24 04 0C 25 A5 04 01 31 04 88 53 00 50 65 CA EA (17)
                              [N4:Y] RUN 'S' 0 80 (80)
2026-03-04 00:36:29:687 [IN ] C8 24 0C 0C 25 A5 0C 01 31 04 88 53 00 50 6D 0A EA (17)
                              [N12:Z] RUN 'S' 0 80 (80)
2026-03-04 00:36:35:910 [IN ] C8 24 04 0B 25 A5 04 01 31 03 81 5A 4C 60 A6 0A C8 24 04 0A 25 A5 04 01 31 02 81 49 02 32 A6 (31)
                              [N4:Y] TPOS 'Z' 76 (76)
                              [N4:Y] TPOS 'I'
2026-03-04 00:36:36:133 [OUT] 25 A5 01 09 31 02 D8 3F 54 EC (10)
                              [N9:P] INTERRUPT '?'
2026-03-04 00:36:36:435 [IN ] C8 24 09 0C 25 A5 09 01 31 04 D8 3A 01 01 53 9A EA (17)
                              [N9:P] INTERRUPT ':' 1 1 (257)
2026-03-04 00:36:36:457 [OUT] 25 A5 01 04 31 03 C9 3D 09 48 FE (11)
                              [N4:Y] LFLAG '=' 9 (9)
2026-03-04 00:36:36:479 [OUT] 25 A5 01 07 31 02 D8 3F 52 E2 (10)
                              [N7:N] INTERRUPT '?'
2026-03-04 00:36:36:780 [IN ] C8 24 04 0B 25 A5 04 01 31 03 C9 3A 09 45 FB 9A C8 24 07 0C 25 A5 07 01 31 04 D8 3A 01 01 51 8A EA (33)
                              [N4:Y] LFLAG ':' 9 (9)
                              [N7:N] INTERRUPT ':' 1 1 (257)
2026-03-04 00:36:36:801 [OUT] 25 A5 01 09 31 03 C9 3D 0B 4F 1E (11)
                              [N9:P] LFLAG '=' 11 (11)
2026-03-04 00:36:36:823 [OUT] 25 A5 01 07 31 03 C9 3D 0B 4D 12 (11)
                              [N7:N] LFLAG '=' 11 (11)
2026-03-04 00:36:36:970 [IN ] C8 24 09 0B 25 A5 09 01 31 03 C9 3A 0B 4C 20 8A (16)
                              [N9:P] LFLAG ':' 11 (11)
2026-03-04 00:36:36:991 [OUT] 25 A5 01 09 31 03 88 00 50 16 26 (11)
                              [N9:P] RUN 0 80 (80)
2026-03-04 00:36:37:076 [IN ] C8 24 07 0B 25 A5 07 01 31 03 C9 3A 0B 4A 12 8A (16)
                              [N7:N] LFLAG ':' 11 (11)
2026-03-04 00:36:37:100 [OUT] 25 A5 01 07 31 03 88 00 50 14 1A (11)
                              [N7:N] RUN 0 80 (80)
2026-03-04 00:36:37:203 [IN ] C8 24 09 0C 25 A5 09 01 31 04 88 53 00 50 6A F2 EA (17)
                              [N9:P] RUN 'S' 0 80 (80)
2026-03-04 00:36:37:264 [IN ] C8 24 09 0B 25 A5 09 01 31 03 81 5A 4C 65 C9 F2 (16)
                              [N9:P] TPOS 'Z' 76 (76)
2026-03-04 00:36:37:287 [IN ] C8 24 09 0A 25 A5 09 01 31 02 81 49 07 50 C9 (15)
                              [N9:P] TPOS 'I'
2026-03-04 00:36:37:309 [IN ] C8 24 07 0C 25 A5 07 01 31 04 88 53 00 50 68 E2 EA (17)
                              [N7:N] RUN 'S' 0 80 (80)
2026-03-04 00:36:37:330 [OUT] 25 A5 01 09 31 03 C9 3D 09 4D 1C (11)
                              [N9:P] LFLAG '=' 9 (9)
2026-03-04 00:36:37:352 [OUT] 25 A5 01 04 31 05 81 FF EE 88 01 32 FA (13)
                              [N4:Y] TPOS 255 238 136 1 (-1144831)
2026-03-04 00:36:37:499 [IN ] C8 24 09 0B 25 A5 09 01 31 03 C9 3A 09 4A 1E E2 (16)
                              [N9:P] LFLAG ':' 9 (9)
2026-03-04 00:36:37:625 [IN ] C8 24 04 0E 25 A5 04 01 31 06 81 53 00 00 00 00 10 88 A5 (19)
                              [N4:Y] TPOS 'S' 0 0 0 0 (0)
2026-03-04 00:36:38:429 [IN ] C8 24 03 0B 25 A5 03 01 31 03 81 5A 4C 5F 9F 00 C8 24 03 0A 25 A5 03 01 31 02 81 49 01 2C 9F (31)
                              [N3:X] TPOS 'Z' 76 (76)
                              [N3:X] TPOS 'I'
2026-03-04 00:36:38:653 [OUT] 25 A5 01 03 31 03 C9 3D 09 47 F8 (11)
                              [N3:X] LFLAG '=' 9 (9)
2026-03-04 00:36:38:821 [IN ] C8 24 03 0B 25 A5 03 01 31 03 C9 3A 09 44 F4 00 (16)
                              [N3:X] LFLAG ':' 9 (9)
2026-03-04 00:36:41:230 [IN ] C8 24 07 0B 25 A5 07 01 31 03 81 5A 4C 63 BB 00 C8 24 07 0A 25 A5 07 01 31 02 81 49 05 44 BB (31)
                              [N7:N] TPOS 'Z' 76 (76)
                              [N7:N] TPOS 'I'
2026-03-04 00:36:41:456 [OUT] 25 A5 01 07 31 03 C9 3D 09 4B 10 (11)
                              [N7:N] LFLAG '=' 9 (9)
2026-03-04 00:36:41:642 [IN ] C8 24 07 0B 25 A5 07 01 31 03 C9 3A 09 48 10 00 (16)
                              [N7:N] LFLAG ':' 9 (9)
2026-03-04 00:36:43:652 [IN ] C8 24 04 0E 25 A5 04 01 31 06 81 45 FF EE 85 C3 37 D5 A5 (19)
                              [N4:Y] TPOS 'E' 255 238 133 195 (-1145405)
2026-03-04 00:36:43:875 [OUT] 25 A5 01 09 31 05 81 FF E7 5D 56 5A 0C (13)
                              [N9:P] TPOS 255 231 93 86 (-1614506)
2026-03-04 00:36:43:899 [OUT] 25 A5 01 04 31 05 81 FF FD 50 01 09 B7 (13)
                              [N4:Y] TPOS 255 253 80 1 (-176127)
2026-03-04 00:36:43:922 [OUT] 25 A5 01 07 31 05 81 FF AB 19 75 F7 DF (13)
                              [N7:N] TPOS 255 171 25 117 (-5564043)
2026-03-04 00:36:43:945 [OUT] 25 A5 01 03 31 05 81 FF EC 4A AB 9B 1A (13)
                              [N3:X] TPOS 255 236 74 171 (-1291605)
2026-03-04 00:36:43:967 [OUT] 25 A5 01 06 31 02 D8 3F 51 DD (10)
                              [N6:H] INTERRUPT '?'
2026-03-04 00:36:44:268 [IN ] C8 24 09 0E 25 A5 09 01 31 06 81 53 FF FF FF F6 08 A7 A5 C8 24 04 0E 25 A5 04 01 31 06 81 53 FF EE 85 C3 45 1B A5 (38)
                              [N9:P] TPOS 'S' 255 255 255 246 (-10)
                              [N4:Y] TPOS 'S' 255 238 133 195 (-1145405)
2026-03-04 00:36:44:570 [IN ] C8 24 07 0E 25 A5 07 01 31 06 81 53 FF FF FF FC 0C 99 A5 C8 24 03 0E 25 A5 03 01 31 06 81 53 00 00 00 00 0F 7E A5 C8 24 06 0C 25 A5 06 01 31 04 D8 3A 01 01 50 82 0F (55)
                              [N7:N] TPOS 'S' 255 255 255 252 (-4)
                              [N3:X] TPOS 'S' 0 0 0 0 (0)
                              [N6:H] INTERRUPT ':' 1 1 (257)
2026-03-04 00:36:44:591 [OUT] 25 A5 01 06 31 03 C9 3D 0B 4C 0C (11)
                              [N6:H] LFLAG '=' 11 (11)
2026-03-04 00:36:44:757 [IN ] C8 24 06 0B 25 A5 06 01 31 03 C9 3A (12)
2026-03-04 00:36:44:779 [IN ] 0B 49 0B 82 (4)
                              [N6:H] LFLAG ':' 11 (11)
2026-03-04 00:36:44:801 [OUT] 25 A5 01 06 31 03 88 FF B0 72 72 (11)
                              [N6:H] RUN 255 176 (-80)
2026-03-04 00:36:44:968 [IN ] C8 24 06 0C 25 A5 06 01 31 04 88 53 FF B0 C6 38 0F (17)
                              [N6:H] RUN 'S' 255 176 (-80)
2026-03-04 00:36:48:583 [IN ] C8 24 0C 0B 25 A5 0C 01 31 03 81 5A 4C 68 DE 38 (16)
                              [N12:Z] TPOS 'Z' 76 (76)
2026-03-04 00:36:48:784 [IN ] C8 24 0C 0A 25 A5 0C 01 31 02 81 49 0A 62 DE (15)
                              [N12:Z] TPOS 'I'
2026-03-04 00:36:48:988 [IN ] C8 24 06 0B 25 A5 06 01 31 03 81 5A 4C 62 B4 38 C8 24 06 0A 25 A5 06 01 31 02 81 49 04 3E B4 (31)
                              [N6:H] TPOS 'Z' 76 (76)
                              [N6:H] TPOS 'I'
2026-03-04 00:36:49:010 [OUT] 25 A5 01 0C 31 03 C9 3D 09 50 2E (11)
                              [N12:Z] LFLAG '=' 9 (9)
2026-03-04 00:36:49:054 [OUT] 25 A5 01 06 31 03 C9 3D 09 4A 0A (11)
                              [N6:H] LFLAG '=' 9 (9)
2026-03-04 00:36:49:181 [IN ] C8 24 0C 0B 25 A5 0C 01 31 03 C9 3A 09 4D 33 38 (16)
                              [N12:Z] LFLAG ':' 9 (9)
2026-03-04 00:36:49:202 [OUT] 25 A5 01 0C 31 05 81 FF BC D0 00 4F 33 (13)
                              [N12:Z] TPOS 255 188 208 0 (-4403200)
2026-03-04 00:36:49:285 [IN ] C8 24 06 0B 25 A5 06 01 31 03 C9 3A 09 47 09 38 (16)
                              [N6:H] LFLAG ':' 9 (9)
2026-03-04 00:36:49:307 [OUT] 25 A5 01 06 31 03 84 00 50 0F 08 (11)
                              [N6:H] VEL 0 80 (80)
2026-03-04 00:36:49:410 [IN ] C8 24 0C 0E 25 A5 0C 01 31 06 81 53 FF FF FF 89 9E 58 A5 (19)
                              [N12:Z] TPOS 'S' 255 255 255 137 (-119)
2026-03-04 00:36:49:536 [IN ] C8 24 06 0C 25 A5 06 01 31 04 84 53 00 50 63 CA 9E (17)
                              [N6:H] VEL 'S' 0 80 (80)
2026-03-04 00:36:49:557 [OUT] 25 A5 01 06 31 05 81 00 19 82 3C 95 BE (13)
                              [N6:H] TPOS 0 25 130 60 (1671740)
2026-03-04 00:36:49:744 [IN ] C8 24 06 0E 25 A5 06 01 31 (9)
2026-03-04 00:36:49:766 [IN ] 06 81 53 00 00 00 00 12 9C A5 (10)
                              [N6:H] TPOS 'S' 0 0 0 0 (0)
2026-03-04 00:36:50:773 [IN ] C8 24 03 0E 25 A5 03 01 31 06 81 45 FF EC 47 11 44 97 A5 (19)
                              [N3:X] TPOS 'E' 255 236 71 17 (-1292527)
2026-03-04 00:36:51:199 [OUT] 25 A5 01 03 31 05 81 FF FD 50 01 08 AF (13)
                              [N3:X] TPOS 255 253 80 1 (-176127)
2026-03-04 00:36:51:387 [IN ] C8 24 03 0E 25 A5 03 01 31 06 81 53 FF EC 47 11 52 DD A5 (19)
                              [N3:X] TPOS 'S' 255 236 71 17 (-1292527)
2026-03-04 00:36:52:391 [IN ] C8 24 04 0E 25 A5 04 01 31 06 81 45 FF FD 4F F9 46 CC A5 (19)
                              [N4:Y] TPOS 'E' 255 253 79 249 (-176135)
2026-03-04 00:36:53:797 [IN ] C8 24 09 0E 25 A5 09 01 31 06 81 45 FF E7 5B 8D D5 68 A5 (19)
                              [N9:P] TPOS 'E' 255 231 91 141 (-1614963)
2026-03-04 00:36:54:223 [OUT] 25 A5 01 09 31 05 81 FF FF D9 C8 60 BE (13)
                              [N9:P] TPOS 255 255 217 200 (-9784)
2026-03-04 00:36:54:412 [IN ] C8 24 09 0E 25 A5 09 01 31 06 81 53 FF E7 5B 99 EF BA A5 (19)
                              [N9:P] TPOS 'S' 255 231 91 153 (-1614951)
2026-03-04 00:36:57:423 [IN ] C8 24 06 0E 25 A5 06 01 31 06 81 45 00 19 86 7A 1D 27 A5 (19)
                              [N6:H] TPOS 'E' 0 25 134 122 (1672826)
2026-03-04 00:36:57:847 [OUT] 25 A5 01 06 31 05 81 00 0D 03 C1 8F 21 (13)
                              [N6:H] TPOS 0 13 3 193 (852929)
2026-03-04 00:36:58:035 [IN ] C8 24 06 0E 25 A5 06 01 31 06 81 53 00 19 86 7A 2B 6D A5 (19)
                              [N6:H] TPOS 'S' 0 25 134 122 (1672826)
2026-03-04 00:37:00:244 [IN ] C8 24 03 0E 25 A5 03 01 31 06 81 45 FF FD 50 F3 40 BE A5 (19)
                              [N3:X] TPOS 'E' 255 253 80 243 (-175885)
2026-03-04 00:37:01:850 [IN ] C8 24 06 0E 25 A5 06 01 31 06 81 45 00 0C FE AA B8 20 A5 (19)
                              [N6:H] TPOS 'E' 0 12 254 170 (851626)
2026-03-04 00:37:02:078 [OUT] 25 A5 01 05 31 02 D8 3F 50 D8 (10)
                              [N5:V] INTERRUPT '?'
2026-03-04 00:37:02:380 [IN ] C8 24 05 0C 25 A5 05 01 31 04 D8 3A 01 01 4F 7A B8 (17)
                              [N5:V] INTERRUPT ':' 1 1 (257)
2026-03-04 00:37:02:401 [OUT] 25 A5 01 05 31 03 C9 3D 0B 4B 06 (11)
                              [N5:V] LFLAG '=' 11 (11)
2026-03-04 00:37:02:548 [IN ] C8 24 05 0B 25 A5 05 01 31 03 C9 3A 0B 48 04 7A (16)
                              [N5:V] LFLAG ':' 11 (11)
2026-03-04 00:37:02:570 [OUT] 25 A5 01 05 31 03 88 FF B0 71 6C (11)
                              [N5:V] RUN 255 176 (-80)
2026-03-04 00:37:02:738 [IN ] C8 24 05 0C 25 A5 05 01 31 04 88 53 FF B0 C5 30 B8 (17)
                              [N5:V] RUN 'S' 255 176 (-80)
2026-03-04 00:37:04:142 [IN ] C8 24 09 0E 25 A5 09 01 31 06 81 45 FF FF DA 90 6F B1 A5 (19)
                              [N9:P] TPOS 'E' 255 255 218 144 (-9584)
2026-03-04 00:37:04:367 [OUT] 25 A5 01 08 31 02 D8 3F 53 E7 (10)
                              [N8:R] INTERRUPT '?'
2026-03-04 00:37:04:668 [IN ] C8 24 08 0C 25 A5 08 01 31 04 D8 3A 01 01 52 92 6F (17)
                              [N8:R] INTERRUPT ':' 1 1 (257)
2026-03-04 00:37:04:689 [OUT] 25 A5 01 08 31 03 CA 3D 0B 4F 1B (11)
                              [N8:R] RFLAG '=' 11 (11)
2026-03-04 00:37:04:857 [IN ] C8 24 08 0B 25 A5 08 01 31 03 CA 3A 0B 4C 1C 92 (16)
                              [N8:R] RFLAG ':' 11 (11)
2026-03-04 00:37:04:878 [OUT] 25 A5 01 08 31 03 88 00 50 15 20 (11)
                              [N8:R] RUN 0 80 (80)
2026-03-04 00:37:05:045 [IN ] C8 24 08 0C 25 A5 08 01 31 04 88 53 00 50 69 EA 6F (17)
                              [N8:R] RUN 'S' 0 80 (80)
2026-03-04 00:37:07:855 [IN ] C8 24 05 0B 25 A5 05 01 31 03 81 5A 4C 61 AD EA C8 24 05 0A 25 A5 05 01 31 02 81 49 03 38 AD (31)
                              [N5:V] TPOS 'Z' 76 (76)
                              [N5:V] TPOS 'I'
2026-03-04 00:37:08:079 [OUT] 25 A5 01 05 31 03 C9 3D 09 49 04 (11)
                              [N5:V] LFLAG '=' 9 (9)
2026-03-04 00:37:08:247 [IN ] C8 24 05 0B 25 A5 05 01 31 03 C9 3A 09 46 02 EA (16)
                              [N5:V] LFLAG ':' 9 (9)
2026-03-04 00:37:08:268 [OUT] 25 A5 01 05 31 03 84 00 50 0E 02 (11)
                              [N5:V] VEL 0 80 (80)
2026-03-04 00:37:08:437 [IN ] C8 24 05 0C 25 A5 05 01 31 04 84 53 00 50 62 C2 6F (17)
                              [N5:V] VEL 'S' 0 80 (80)
2026-03-04 00:37:08:458 [OUT] 25 A5 01 05 31 05 81 00 19 82 3C 94 B6 (13)
                              [N5:V] TPOS 0 25 130 60 (1671740)
2026-03-04 00:37:08:646 [IN ] C8 24 05 0E 25 A5 05 01 31 06 81 53 FF FF FF FF 0D 88 A5 (19)
                              [N5:V] TPOS 'S' 255 255 255 255 (-1)
2026-03-04 00:37:09:450 [IN ] C8 24 07 0E 25 A5 07 01 31 06 81 45 FF AB 14 A7 6A 2C A5 (19)
                              [N7:N] TPOS 'E' 255 171 20 167 (-5565273)
2026-03-04 00:37:09:874 [OUT] 25 A5 01 07 31 05 81 FF F3 35 BF A5 39 (13)
                              [N7:N] TPOS 255 243 53 191 (-838209)
2026-03-04 00:37:10:061 [IN ] C8 24 07 0E 25 A5 07 01 31 06 81 53 FF AB 14 A7 78 72 A5 (19)
                              [N7:N] TPOS 'S' 255 171 20 167 (-5565273)
2026-03-04 00:37:14:077 [IN ] C8 24 08 0B 25 A5 08 01 31 03 81 5A 52 6A C8 A7 C8 24 08 0A 25 A5 08 01 31 02 81 49 06 4A C8 (31)
                              [N8:R] TPOS 'Z' 82 (82)
                              [N8:R] TPOS 'I'
2026-03-04 00:37:14:300 [OUT] 25 A5 01 08 31 03 CA 3D 09 4D 19 (11)
                              [N8:R] RFLAG '=' 9 (9)
2026-03-04 00:37:14:466 [IN ] C8 24 08 0B 25 A5 08 01 31 03 CA 3A 09 4A 1A A7 (16)
                              [N8:R] RFLAG ':' 9 (9)
2026-03-04 00:37:14:487 [OUT] 25 A5 01 08 31 05 81 FF DC 77 1D 2F DE (13)
                              [N8:R] TPOS 255 220 119 29 (-2328803)
2026-03-04 00:37:14:675 [IN ] C8 24 08 0E 25 A5 08 01 31 06 81 53 FF FF FF DA EB 81 A5 (19)
                              [N8:R] TPOS 'S' 255 255 255 218 (-38)
2026-03-04 00:37:16:684 [IN ] C8 24 05 0E 25 A5 05 01 31 06 81 45 00 19 85 E0 81 81 A5 (19)
                              [N5:V] TPOS 'E' 0 25 133 224 (1672672)
2026-03-04 00:37:17:107 [OUT] 25 A5 01 0C 31 01 82 C1 4C (9)
                              [N12:Z] GETPOS
2026-03-04 00:37:17:129 [OUT] 25 A5 01 07 31 01 82 BC 38 (9)
                              [N7:N] GETPOS
2026-03-04 00:37:17:151 [OUT] 25 A5 01 08 31 01 82 BD 3C (9)
                              [N8:R] GETPOS
2026-03-04 00:37:17:172 [OUT] 25 A5 01 05 31 05 81 00 0D 03 C1 8E 19 (13)
                              [N5:V] TPOS 0 13 3 193 (852929)
2026-03-04 00:37:17:257 [IN ] C8 24 0C 0D 25 A5 0C 01 31 05 82 FF BC CE B7 05 F6 81 (18)
                              [N12:Z] GETPOS 255 188 206 183 (-4403529)
2026-03-04 00:37:17:320 [IN ] C8 24 0C 0E 25 A5 0C 01 31 06 81 45 FF BC CF D8 6C 38 A5 (19)
                              [N12:Z] TPOS 'E' 255 188 207 216 (-4403240)
2026-03-04 00:37:17:365 [IN ] C8 24 07 0D 25 A5 07 01 31 05 82 FF C3 E3 9E 03 EF 38 (18)
                              [N7:N] GETPOS 255 195 227 158 (-3939426)
2026-03-04 00:37:17:387 [OUT] 25 A5 01 0C 31 05 81 FF D1 1A 67 15 6D (13)
                              [N12:Z] TPOS 255 209 26 103 (-3073433)
2026-03-04 00:37:17:429 [IN ] C8 24 08 0D 25 A5 08 01 31 05 82 FF F9 8E 74 BB C6 38 (18)
                              [N8:R] GETPOS 255 249 142 116 (-422284)
2026-03-04 00:37:17:576 [IN ] C8 24 05 0E 25 A5 05 01 31 06 81 53 00 19 85 DF 8E C6 A5 (19)
                              [N5:V] TPOS 'S' 0 25 133 223 (1672671)
2026-03-04 00:37:17:598 [OUT] 25 A5 01 05 31 01 82 BA 30 (9)
                              [N5:V] GETPOS
2026-03-04 00:37:17:701 [IN ] C8 24 0C 0E 25 A5 0C 01 31 06 81 53 FF BC CF DB 7D 81 A5 (19)
                              [N12:Z] TPOS 'S' 255 188 207 219 (-4403237)
2026-03-04 00:37:17:805 [IN ] C8 24 05 0D 25 A5 05 01 31 05 82 00 19 02 FA D3 7D 81 (18)
                              [N5:V] GETPOS 0 25 2 250 (1639162)
2026-03-04 00:37:22:822 [IN ] C8 24 05 0E 25 A5 05 01 31 06 81 45 00 0D 02 3D 4F B4 A5 (19)
                              [N5:V] TPOS 'E' 0 13 2 61 (852541)
2026-03-04 00:37:23:045 [OUT] 25 A5 01 03 31 05 81 FF ED B1 30 88 70 (13)
                              [N3:X] TPOS 255 237 177 48 (-1199824)
2026-03-04 00:37:23:067 [OUT] 25 A5 01 04 31 05 81 FF F3 BD 0C 77 7E (13)
                              [N4:Y] TPOS 255 243 189 12 (-803572)
2026-03-04 00:37:23:236 [IN ] C8 24 03 0E 25 A5 03 01 31 06 81 53 FF FD 50 F3 4E 04 A5 (19)
                              [N3:X] TPOS 'S' 255 253 80 243 (-175885)
2026-03-04 00:37:23:362 [IN ] C8 24 04 0E 25 A5 04 01 31 06 81 53 FF FD 4F F9 54 12 A5 (19)
                              [N4:Y] TPOS 'S' 255 253 79 249 (-176135)
2026-03-04 00:37:26:173 [IN ] C8 24 0C 0E 25 A5 0C 01 31 06 81 45 FF D1 1A B6 AA EB A5 (19)
                              [N12:Z] TPOS 'E' 255 209 26 182 (-3073354)
2026-03-04 00:37:26:576 [IN ] C8 24 04 0E 25 A5 04 01 31 06 81 45 FF F3 BA 72 20 FD A5 (19)
                              [N4:Y] TPOS 'E' 255 243 186 114 (-804238)
2026-03-04 00:37:28:183 [IN ] C8 24 03 0E 25 A5 03 01 31 06 81 45 FF ED AD 05 9F 5A A5 (19)
                              [N3:X] TPOS 'E' 255 237 173 5 (-1200891)
2026-03-04 00:37:30:192 [IN ] C8 24 08 0E 25 A5 08 01 31 06 81 45 FF DC 74 73 C8 55 A5 (19)
                              [N8:R] TPOS 'E' 255 220 116 115 (-2329485)
2026-03-04 00:37:30:616 [OUT] 25 A5 01 08 31 05 81 FF EE 15 56 18 89 (13)
                              [N8:R] TPOS 255 238 21 86 (-1174186)
2026-03-04 00:37:30:803 [IN ] C8 24 08 0E 25 A5 08 01 31 06 81 53 FF DC 74 81 E4 A9 A5 (19)
                              [N8:R] TPOS 'S' 255 220 116 129 (-2329471)
2026-03-04 00:37:31:405 [IN ] C8 24 07 0E 25 A5 07 01 31 06 81 45 FF F3 3A ED 1E 96 A5 (19)
                              [N7:N] TPOS 'E' 255 243 58 237 (-836883)
2026-03-04 00:37:39:230 [IN ] C8 24 08 0E 25 A5 08 01 31 06 81 45 FF EE 17 25 2F 83 A5 (19)
                              [N8:R] TPOS 'E' 255 238 23 37 (-1173723)
