2026-03-04 00:21:20:850 [OUT] 25 A5 01 0A 31 05 D6 3D FF 00 00 53 ED (13)
                              [N10:HMI] HMILED '=' 255 0 0 (16711680)
2026-03-04 00:21:20:873 [OUT] 25 A5 01 03 31 02 D8 3F 4E CE (10)
                              [N3:X] INTERRUPT '?'
2026-03-04 00:21:21:174 [IN ] C8 24 0A 0D 25 A5 0A 01 31 05 D6 3A FF 00 00 50 EA A4 C8 24 03 0C 25 A5 03 01 31 04 D8 3A 01 01 4D 6A EA (35)
                              [N10:HMI] HMILED ':' 255 0 0 (16711680)
                              [N3:X] INTERRUPT ':' 1 1 (257)
2026-03-04 00:21:21:196 [OUT] 25 A5 01 09 31 03 C9 3D 09 4D 1C (11)
                              [N9:P] LFLAG '=' 9 (9)
2026-03-04 00:21:21:219 [OUT] 25 A5 01 04 31 02 D8 3F 4F D3 (10)
                              [N4:Y] INTERRUPT '?'
2026-03-04 00:21:21:520 [IN ] C8 24 09 0B 25 A5 09 01 31 03 C9 3A 09 4A 1E 6A C8 24 04 0C 25 A5 04 01 31 04 D8 3A 01 01 4E 72 EA (33)
                              [N9:P] LFLAG ':' 9 (9)
                              [N4:Y] INTERRUPT ':' 1 1 (257)
2026-03-04 00:21:21:541 [OUT] 25 A5 01 09 31 03 CA 3D 09 4E 1F (11)
                              [N9:P] RFLAG '=' 9 (9)
2026-03-04 00:21:21:563 [OUT] 25 A5 01 0C 31 02 D8 3F 57 FB (10)
                              [N12:Z] INTERRUPT '?'
2026-03-04 00:21:21:864 [IN ] C8 24 09 0B 25 A5 09 01 31 03 CA 3A 09 4B 21 72 C8 24 0C 0C 25 A5 0C 01 31 04 D8 3A 01 01 56 B2 EA (33)
                              [N9:P] RFLAG ':' 9 (9)
                              [N12:Z] INTERRUPT ':' 1 1 (257)
2026-03-04 00:21:21:885 [OUT] 25 A5 01 08 31 03 C9 3D 09 4C 16 (11)
                              [N8:R] LFLAG '=' 9 (9)
2026-03-04 00:21:21:907 [OUT] 25 A5 01 03 31 03 C9 3D 0B 49 FA (11)
                              [N3:X] LFLAG '=' 11 (11)
2026-03-04 00:21:21:931 [OUT] 25 A5 01 04 31 03 C9 3D 0B 4A 00 (11)
                              [N4:Y] LFLAG '=' 11 (11)
2026-03-04 00:21:21:953 [OUT] 25 A5 01 0C 31 03 C9 3D 0B 52 30 (11)
                              [N12:Z] LFLAG '=' 11 (11)
2026-03-04 00:21:22:057 [IN ] C8 24 08 0B 25 A5 08 01 31 03 C9 3A 09 49 17 B2 (16)
                              [N8:R] LFLAG ':' 9 (9)
2026-03-04 00:21:22:078 [OUT] 25 A5 01 08 31 03 CA 3D 09 4D 19 (11)
                              [N8:R] RFLAG '=' 9 (9)
2026-03-04 00:21:22:161 [IN ] C8 24 03 0B 25 A5 03 01 31 03 C9 3A 0B 46 F6 B2 (16)
                              [N3:X] LFLAG ':' 11 (11)
2026-03-04 00:21:22:184 [OUT] 25 A5 01 03 31 03 88 00 50 10 02 (11)
                              [N3:X] RUN 0 80 (80)
2026-03-04 00:21:22:289 [IN ] C8 24 04 0B 25 A5 04 01 31 03 C9 3A 0B 47 FD B2 (16)
                              [N4:Y] LFLAG ':' 11 (11)
2026-03-04 00:21:22:311 [OUT] 25 A5 01 04 31 03 88 00 50 11 08 (11)
                              [N4:Y] RUN 0 80 (80)
2026-03-04 00:21:22:374 [IN ] C8 24 0C 0B 25 A5 0C 01 31 03 C9 3A 0B 4F 35 B2 (16)
                              [N12:Z] LFLAG ':' 11 (11)
2026-03-04 00:21:22:398 [OUT] 25 A5 01 0C 31 03 88 00 50 19 38 (11)
                              [N12:Z] RUN 0 80 (80)
2026-03-04 00:21:22:500 [IN ] C8 24 08 0B 25 A5 08 01 31 03 CA 3A 09 4A 1A B2 (16)
                              [N8:R] RFLAG ':' 9 (9)
2026-03-04 00:21:22:606 [IN ] C8 24 03 0C 25 A5 03 01 31 04 88 53 00 50 64 C2 EA (17)
                              [N3:X] RUN 'S' 0 80 (80)
2026-03-04 00:21:22:711 [IN ] C8 24 04 0C 25 A5 04 01 31 04 88 53 00 50 65 CA EA (17)
                              [N4:Y] RUN 'S' 0 80 (80)
2026-03-04 00:21:22:816 [IN ] C8 24 0C 0C 25 A5 0C 01 31 04 88 53 00 50 6D 0A EA (17)
                              [N12:Z] RUN 'S' 0 80 (80)
2026-03-04 00:21:29:040 [IN ] C8 24 04 0B 25 A5 04 01 31 03 81 5A 4C 60 A6 0A C8 24 04 0A 25 A5 04 01 31 02 81 49 02 32 A6 (31)
                              [N4:Y] TPOS 'Z' 76 (76)
                              [N4:Y] TPOS 'I'
2026-03-04 00:21:29:263 [OUT] 25 A5 01 09 31 02 D8 3F 54 EC (10)
                              [N9:P] INTERRUPT '?'
2026-03-04 00:21:29:565 [IN ] C8 24 09 0C 25 A5 09 01 31 04 D8 3A 01 01 53 9A EA (17)
                              [N9:P] INTERRUPT ':' 1 1 (257)
2026-03-04 00:21:29:586 [OUT] 25 A5 01 04 31 03 C9 3D 09 48 FE (11)
                              [N4:Y] LFLAG '=' 9 (9)
2026-03-04 00:21:29:608 [OUT] 25 A5 01 07 31 02 D8 3F 52 E2 (10)
                              [N7:N] INTERRUPT '?'
2026-03-04 00:21:29:909 [IN ] C8 24 04 0B 25 A5 04 01 31 03 C9 3A 09 45 FB 9A C8 24 07 0C 25 A5 07 01 31 04 D8 3A 01 01 51 8A EA (33)
                              [N4:Y] LFLAG ':' 9 (9)
                              [N7:N] INTERRUPT ':' 1 1 (257)
2026-03-04 00:21:29:930 [OUT] 25 A5 01 09 31 03 C9 3D 0B 4F 1E (11)
                              [N9:P] LFLAG '=' 11 (11)
2026-03-04 00:21:29:953 [OUT] 25 A5 01 07 31 03 C9 3D 0B 4D 12 (11)
                              [N7:N] LFLAG '=' 11 (11)
2026-03-04 00:21:30:121 [IN ] C8 24 09 0B 25 A5 09 01 31 03 C9 3A 0B 4C 20 8A (16)
                              [N9:P] LFLAG ':' 11 (11)
2026-03-04 00:21:30:144 [OUT] 25 A5 01 09 31 03 88 00 50 16 26 (11)
                              [N9:P] RUN 0 80 (80)
2026-03-04 00:21:30:208 [IN ] C8 24 07 0B 25 A5 07 01 31 03 C9 3A 0B 4A 12 8A (16)
                              [N7:N] LFLAG ':' 11 (11)
2026-03-04 00:21:30:230 [OUT] 25 A5 01 07 31 03 88 00 50 14 1A (11)
                              [N7:N] RUN 0 80 (80)
2026-03-04 00:21:30:313 [IN ] C8 24 09 0C 25 A5 09 01 31 04 88 53 00 50 6A F2 EA (17)
                              [N9:P] RUN 'S' 0 80 (80)
2026-03-04 00:21:30:377 [IN ] C8 24 09 0B 25 A5 09 01 31 03 81 5A 4C 65 C9 F2 (16)
                              [N9:P] TPOS 'Z' 76 (76)
2026-03-04 00:21:30:420 [IN ] C8 24 09 0A 25 A5 09 01 31 02 81 49 07 50 C9 (15)
                              [N9:P] TPOS 'I'
2026-03-04 00:21:30:443 [IN ] C8 24 07 0C 25 A5 07 01 31 04 88 53 00 50 68 E2 EA (17)
                              [N7:N] RUN 'S' 0 80 (80)
2026-03-04 00:21:30:464 [OUT] 25 A5 01 09 31 03 C9 3D 09 4D 1C (11)
                              [N9:P] LFLAG '=' 9 (9)
2026-03-04 00:21:30:486 [OUT] 25 A5 01 04 31 05 81 FF EE 88 01 32 FA (13)
                              [N4:Y] TPOS 255 238 136 1 (-1144831)
2026-03-04 00:21:30:633 [IN ] C8 24 09 0B 25 A5 09 01 31 03 C9 3A 09 4A 1E E2 (16)
                              [N9:P] LFLAG ':' 9 (9)
2026-03-04 00:21:30:757 [IN ] C8 24 04 0E 25 A5 04 01 31 06 81 53 00 00 00 00 10 88 A5 (19)
                              [N4:Y] TPOS 'S' 0 0 0 0 (0)
2026-03-04 00:21:31:562 [IN ] C8 24 03 0B 25 A5 03 01 31 03 81 5A 4C 5F 9F 00 C8 24 03 0A 25 A5 03 01 31 02 81 49 01 2C 9F (31)
                              [N3:X] TPOS 'Z' 76 (76)
                              [N3:X] TPOS 'I'
2026-03-04 00:21:31:785 [OUT] 25 A5 01 03 31 03 C9 3D 09 47 F8 (11)
                              [N3:X] LFLAG '=' 9 (9)
2026-03-04 00:21:31:953 [IN ] C8 24 03 0B 25 A5 03 01 31 03 C9 3A 09 44 F4 00 (16)
                              [N3:X] LFLAG ':' 9 (9)
2026-03-04 00:21:34:363 [IN ] C8 24 07 0B 25 A5 07 01 31 03 81 5A 4C 63 BB 00 C8 24 07 0A 25 A5 07 01 31 02 81 49 05 44 BB (31)
                              [N7:N] TPOS 'Z' 76 (76)
                              [N7:N] TPOS 'I'
2026-03-04 00:21:34:586 [OUT] 25 A5 01 07 31 03 C9 3D 09 4B 10 (11)
                              [N7:N] LFLAG '=' 9 (9)
2026-03-04 00:21:34:753 [IN ] C8 24 07 0B 25 A5 07 01 31 03 C9 3A 09 48 10 00 (16)
                              [N7:N] LFLAG ':' 9 (9)
2026-03-04 00:21:36:762 [IN ] C8 24 04 0E 25 A5 04 01 31 06 81 45 FF EE 85 C9 3D DB A5 (19)
                              [N4:Y] TPOS 'E' 255 238 133 201 (-1145399)
2026-03-04 00:21:36:987 [OUT] 25 A5 01 09 31 05 81 FF E7 5D 56 5A 0C (13)
                              [N9:P] TPOS 255 231 93 86 (-1614506)
2026-03-04 00:21:37:009 [OUT] 25 A5 01 04 31 05 81 FF FD 50 01 09 B7 (13)
                              [N4:Y] TPOS 255 253 80 1 (-176127)
2026-03-04 00:21:37:032 [OUT] 25 A5 01 07 31 05 81 FF AB 19 75 F7 DF (13)
                              [N7:N] TPOS 255 171 25 117 (-5564043)
2026-03-04 00:21:37:055 [OUT] 25 A5 01 03 31 05 81 FF EC 4A AB 9B 1A (13)
                              [N3:X] TPOS 255 236 74 171 (-1291605)
2026-03-04 00:21:37:077 [OUT] 25 A5 01 06 31 02 D8 3F 51 DD (10)
                              [N6:H] INTERRUPT '?'
2026-03-04 00:21:37:379 [IN ] C8 24 09 0E 25 A5 09 01 31 06 81 53 FF FF FF F0 02 A1 A5 C8 24 04 0E 25 A5 04 01 31 06 81 53 FF EE 85 C9 4B 21 A5 (38)
                              [N9:P] TPOS 'S' 255 255 255 240 (-16)
                              [N4:Y] TPOS 'S' 255 238 133 201 (-1145399)
2026-03-04 00:21:37:681 [IN ] C8 24 07 0E 25 A5 07 01 31 06 81 53 FF FF FF F8 08 95 A5 C8 24 03 0E 25 A5 03 01 31 06 81 53 00 00 00 00 0F 7E A5 C8 24 06 0C 25 A5 06 01 31 04 D8 3A 01 01 50 82 0F (55)
                              [N7:N] TPOS 'S' 255 255 255 248 (-8)
                              [N3:X] TPOS 'S' 0 0 0 0 (0)
                              [N6:H] INTERRUPT ':' 1 1 (257)
2026-03-04 00:21:37:702 [OUT] 25 A5 01 06 31 03 C9 3D 0B 4C 0C (11)
                              [N6:H] LFLAG '=' 11 (11)
2026-03-04 00:21:37:870 [IN ] C8 24 06 0B 25 A5 06 01 31 03 C9 3A 0B 49 0B 82 (16)
                              [N6:H] LFLAG ':' 11 (11)
2026-03-04 00:21:37:892 [OUT] 25 A5 01 06 31 03 88 FF B0 72 72 (11)
                              [N6:H] RUN 255 176 (-80)
2026-03-04 00:21:38:062 [IN ] C8 24 06 0C 25 A5 06 01 31 04 88 53 FF B0 C6 38 0F (17)
                              [N6:H] RUN 'S' 255 176 (-80)
2026-03-04 00:21:41:876 [IN ] C8 24 0C 0B 25 A5 0C 01 31 03 81 5A 4C 68 DE 38 C8 24 0C 0A 25 A5 0C 01 31 02 81 49 0A 62 DE (31)
                              [N12:Z] TPOS 'Z' 76 (76)
                              [N12:Z] TPOS 'I'
2026-03-04 00:21:42:078 [IN ] C8 24 06 0B 25 A5 06 01 31 03 81 5A 4C 62 B4 38 C8 24 06 0A 25 A5 06 01 31 02 81 49 04 3E B4 (31)
                              [N6:H] TPOS 'Z' 76 (76)
                              [N6:H] TPOS 'I'
2026-03-04 00:21:42:100 [OUT] 25 A5 01 0C 31 03 C9 3D 09 50 2E (11)
                              [N12:Z] LFLAG '=' 9 (9)
2026-03-04 00:21:42:143 [OUT] 25 A5 01 06 31 03 C9 3D 09 4A 0A (11)
                              [N6:H] LFLAG '=' 9 (9)
2026-03-04 00:21:42:248 [IN ] C8 24 0C 0B 25 A5 0C 01 31 03 C9 3A 09 4D 33 38 (16)
                              [N12:Z] LFLAG ':' 9 (9)
2026-03-04 00:21:42:269 [OUT] 25 A5 01 0C 31 05 81 FF BC D0 00 4F 33 (13)
                              [N12:Z] TPOS 255 188 208 0 (-4403200)
2026-03-04 00:21:42:374 [IN ] C8 24 06 0B 25 A5 06 01 31 03 C9 3A 09 47 09 38 (16)
                              [N6:H] LFLAG ':' 9 (9)
2026-03-04 00:21:42:396 [OUT] 25 A5 01 06 31 03 84 00 50 0F 08 (11)
                              [N6:H] VEL 0 80 (80)
2026-03-04 00:21:42:501 [IN ] C8 24 0C 0E 25 A5 0C 01 31 06 81 53 FF FF FF 89 9E 58 A5 (19)
                              [N12:Z] TPOS 'S' 255 255 255 137 (-119)
2026-03-04 00:21:42:605 [IN ] C8 24 06 0C 25 A5 06 01 31 04 84 53 00 50 63 CA 9E (17)
                              [N6:H] VEL 'S' 0 80 (80)
2026-03-04 00:21:42:626 [OUT] 25 A5 01 06 31 05 81 00 19 82 3C 95 BE (13)
                              [N6:H] TPOS 0 25 130 60 (1671740)
2026-03-04 00:21:42:815 [IN ] C8 24 06 0E 25 A5 06 01 31 06 81 53 00 00 00 00 12 9C A5 (19)
                              [N6:H] TPOS 'S' 0 0 0 0 (0)
2026-03-04 00:21:43:819 [IN ] C8 24 03 0E 25 A5 03 01 31 06 81 45 FF EC 47 10 43 96 A5 (19)
                              [N3:X] TPOS 'E' 255 236 71 16 (-1292528)
2026-03-04 00:21:44:245 [OUT] 25 A5 01 03 31 05 81 FF FD 50 01 08 AF (13)
                              [N3:X] TPOS 255 253 80 1 (-176127)
2026-03-04 00:21:44:434 [IN ] C8 24 03 0E 25 A5 03 01 31 06 81 53 FF EC 47 11 52 DD A5 (19)
                              [N3:X] TPOS 'S' 255 236 71 17 (-1292527)
2026-03-04 00:21:45:638 [IN ] C8 24 04 0E 25 A5 04 01 31 06 81 45 FF FD 4F DC 29 AF A5 (19)
                              [N4:Y] TPOS 'E' 255 253 79 220 (-176164)
2026-03-04 00:21:47:045 [IN ] C8 24 09 0E 25 A5 09 01 31 06 81 45 FF E7 5B FE 46 D9 A5 (19)
                              [N9:P] TPOS 'E' 255 231 91 254 (-1614850)
2026-03-04 00:21:47:470 [OUT] 25 A5 01 09 31 05 81 FF FF D9 C8 60 BE (13)
                              [N9:P] TPOS 255 255 217 200 (-9784)
2026-03-04 00:21:47:659 [IN ] C8 24 09 0E 25 A5 09 01 31 06 81 53 FF E7 5C 0C 63 2F A5 (19)
                              [N9:P] TPOS 'S' 255 231 92 12 (-1614836)
2026-03-04 00:21:50:467 [IN ] C8 24 06 0E 25 A5 06 01 31 06 81 45 00 19 86 72 15 1F A5 (19)
                              [N6:H] TPOS 'E' 0 25 134 114 (1672818)
2026-03-04 00:21:50:892 [OUT] 25 A5 01 06 31 05 81 00 0D 03 C1 8F 21 (13)
                              [N6:H] TPOS 0 13 3 193 (852929)
2026-03-04 00:21:51:101 [IN ] C8 24 06 0E 25 A5 06 01 31 06 81 53 00 19 86 72 23 65 A5 (19)
                              [N6:H] TPOS 'S' 0 25 134 114 (1672818)
2026-03-04 00:21:53:309 [IN ] C8 24 03 0E 25 A5 03 01 31 06 81 45 FF FD 50 FB 48 C6 A5 (19)
                              [N3:X] TPOS 'E' 255 253 80 251 (-175877)
2026-03-04 00:21:54:917 [IN ] C8 24 06 0E 25 A5 06 01 31 06 81 45 00 0C FE AC BA 22 A5 (19)
                              [N6:H] TPOS 'E' 0 12 254 172 (851628)
2026-03-04 00:21:55:141 [OUT] 25 A5 01 05 31 02 D8 3F 50 D8 (10)
                              [N5:V] INTERRUPT '?'
2026-03-04 00:21:55:443 [IN ] C8 24 05 0C 25 A5 05 01 31 04 D8 3A 01 01 4F 7A BA (17)
                              [N5:V] INTERRUPT ':' 1 1 (257)
2026-03-04 00:21:55:465 [OUT] 25 A5 01 05 31 03 C9 3D 0B 4B 06 (11)
                              [N5:V] LFLAG '=' 11 (11)
2026-03-04 00:21:55:633 [IN ] C8 24 05 0B 25 A5 05 01 31 03 C9 3A 0B 48 04 7A (16)
                              [N5:V] LFLAG ':' 11 (11)
2026-03-04 00:21:55:654 [OUT] 25 A5 01 05 31 03 88 FF B0 71 6C (11)
                              [N5:V] RUN 255 176 (-80)
2026-03-04 00:21:55:821 [IN ] C8 24 05 0C 25 A5 05 01 31 04 88 53 FF B0 C5 30 BA (17)
                              [N5:V] RUN 'S' 255 176 (-80)
2026-03-04 00:21:57:427 [IN ] C8 24 09 0E 25 A5 09 01 31 06 81 45 FF FF DA F0 CF 11 A5 (19)
                              [N9:P] TPOS 'E' 255 255 218 240 (-9488)
2026-03-04 00:21:57:651 [OUT] 25 A5 01 08 31 02 D8 3F 53 E7 (10)
                              [N8:R] INTERRUPT '?'
2026-03-04 00:21:57:952 [IN ] C8 24 08 0C 25 A5 08 01 31 04 D8 3A 01 01 52 92 CF (17)
                              [N8:R] INTERRUPT ':' 1 1 (257)
2026-03-04 00:21:57:973 [OUT] 25 A5 01 08 31 03 CA 3D 0B 4F 1B (11)
                              [N8:R] RFLAG '=' 11 (11)
2026-03-04 00:21:58:141 [IN ] C8 24 08 0B 25 A5 08 01 31 03 CA 3A 0B 4C 1C 92 (16)
                              [N8:R] RFLAG ':' 11 (11)
2026-03-04 00:21:58:162 [OUT] 25 A5 01 08 31 03 88 00 50 15 20 (11)
                              [N8:R] RUN 0 80 (80)
2026-03-04 00:21:58:329 [IN ] C8 24 08 0C 25 A5 08 01 31 04 88 53 00 50 69 EA CF (17)
                              [N8:R] RUN 'S' 0 80 (80)
2026-03-04 00:22:00:937 [IN ] C8 24 05 0B 25 A5 05 01 31 03 81 5A 4C 61 AD EA C8 24 05 0A 25 A5 05 01 31 02 81 49 03 38 AD (31)
                              [N5:V] TPOS 'Z' 76 (76)
                              [N5:V] TPOS 'I'
2026-03-04 00:22:01:161 [OUT] 25 A5 01 05 31 03 C9 3D 09 49 04 (11)
                              [N5:V] LFLAG '=' 9 (9)
2026-03-04 00:22:01:329 [IN ] C8 24 05 0B 25 A5 05 01 31 03 C9 3A 09 46 02 EA (16)
                              [N5:V] LFLAG ':' 9 (9)
2026-03-04 00:22:01:350 [OUT] 25 A5 01 05 31 03 84 00 50 0E 02 (11)
                              [N5:V] VEL 0 80 (80)
2026-03-04 00:22:01:516 [IN ] C8 24 05 0C 25 A5 05 01 31 04 84 53 00 50 62 C2 CF (17)
                              [N5:V] VEL 'S' 0 80 (80)
2026-03-04 00:22:01:537 [OUT] 25 A5 01 05 31 05 81 00 19 82 3C 94 B6 (13)
                              [N5:V] TPOS 0 25 130 60 (1671740)
2026-03-04 00:22:01:727 [IN ] C8 24 05 0E 25 A5 05 01 31 06 81 53 00 00 00 00 11 92 A5 (19)
                              [N5:V] TPOS 'S' 0 0 0 0 (0)
2026-03-04 00:22:02:530 [IN ] C8 24 07 0E 25 A5 07 01 31 06 81 45 FF AB 14 78 3B FD A5 (19)
                              [N7:N] TPOS 'E' 255 171 20 120 (-5565320)
2026-03-04 00:22:02:955 [OUT] 25 A5 01 07 31 05 81 FF F3 35 BF A5 39 (13)
                              [N7:N] TPOS 255 243 53 191 (-838209)
2026-03-04 00:22:03:143 [IN ] C8 24 07 0E 25 A5 07 01 31 06 81 53 FF AB 14 78 49 43 A5 (19)
                              [N7:N] TPOS 'S' 255 171 20 120 (-5565320)
2026-03-04 00:22:07:359 [IN ] C8 24 08 0B 25 A5 08 01 31 03 81 5A 52 6A C8 78 C8 24 08 0A 25 A5 08 01 31 02 81 49 06 4A C8 (31)
                              [N8:R] TPOS 'Z' 82 (82)
                              [N8:R] TPOS 'I'
2026-03-04 00:22:07:586 [OUT] 25 A5 01 08 31 03 CA 3D 09 4D 19 (11)
                              [N8:R] RFLAG '=' 9 (9)
2026-03-04 00:22:07:752 [IN ] C8 24 08 0B 25 A5 08 01 31 03 CA 3A 09 4A 1A 78 (16)
                              [N8:R] RFLAG ':' 9 (9)
2026-03-04 00:22:07:774 [OUT] 25 A5 01 08 31 05 81 FF DC 77 1D 2F DE (13)
                              [N8:R] TPOS 255 220 119 29 (-2328803)
2026-03-04 00:22:07:962 [IN ] C8 24 08 0E 25 A5 08 01 31 06 81 53 FF FF FF E3 F4 8A A5 (19)
                              [N8:R] TPOS 'S' 255 255 255 227 (-29)
2026-03-04 00:22:09:768 [IN ] C8 24 05 0E 25 A5 05 01 31 06 81 45 00 19 85 CD 6E 6E A5 (19)
                              [N5:V] TPOS 'E' 0 25 133 205 (1672653)
2026-03-04 00:22:10:192 [OUT] 25 A5 01 0C 31 01 82 C1 4C (9)
                              [N12:Z] GETPOS
2026-03-04 00:22:10:214 [OUT] 25 A5 01 07 31 01 82 BC 38 (9)
                              [N7:N] GETPOS
2026-03-04 00:22:10:235 [OUT] 25 A5 01 08 31 01 82 BD 3C (9)
                              [N8:R] GETPOS
2026-03-04 00:22:10:258 [OUT] 25 A5 01 05 31 05 81 00 0D 03 C1 8E 19 (13)
                              [N5:V] TPOS 0 13 3 193 (852929)
2026-03-04 00:22:10:321 [IN ] C8 24 0C 0D 25 A5 0C 01 31 05 82 FF BC CF AC FB ED 6E (18)
                              [N12:Z] GETPOS 255 188 207 172 (-4403284)
2026-03-04 00:22:10:364 [IN ] C8 24 0C 0E 25 A5 0C 01 31 06 81 45 FF BC CF E1 75 41 A5 (19)
                              [N12:Z] TPOS 'E' 255 188 207 225 (-4403231)
2026-03-04 00:22:10:409 [IN ] C8 24 07 0D 25 A5 07 01 31 (9)
2026-03-04 00:22:10:431 [OUT] 25 A5 01 0C 31 05 81 FF D1 1A 67 15 6D (13)
                              [N12:Z] TPOS 255 209 26 103 (-3073433)
2026-03-04 00:22:10:432 [IN ] 05 82 FF C3 D6 09 61 40 41 (9)
                              [N7:N] GETPOS 255 195 214 9 (-3942903)
2026-03-04 00:22:10:515 [IN ] C8 24 08 0D 25 A5 08 01 31 05 82 FF FA 42 36 32 F3 41 (18)
                              [N8:R] GETPOS 255 250 66 54 (-376266)
2026-03-04 00:22:10:640 [IN ] C8 24 05 0E 25 A5 05 01 31 06 81 53 00 19 85 CD 7C B4 A5 (19)
                              [N5:V] TPOS 'S' 0 25 133 205 (1672653)
2026-03-04 00:22:10:662 [OUT] 25 A5 01 05 31 01 82 BA 30 (9)
                              [N5:V] GETPOS
2026-03-04 00:22:10:768 [IN ] C8 24 0C 0E 25 A5 0C 01 31 06 81 53 FF BC CF E2 84 88 A5 (19)
                              [N12:Z] TPOS 'S' 255 188 207 226 (-4403230)
2026-03-04 00:22:10:874 [IN ] C8 24 05 0D 25 A5 05 01 31 05 82 00 19 03 8B 65 10 88 (18)
                              [N5:V] GETPOS 0 25 3 139 (1639307)
2026-03-04 00:22:15:892 [IN ] C8 24 05 0E 25 A5 05 01 31 06 81 45 00 0D 02 77 89 EE A5 (19)
                              [N5:V] TPOS 'E' 0 13 2 119 (852599)
2026-03-04 00:22:16:116 [OUT] 25 A5 01 03 31 05 81 FF ED B1 30 88 70 (13)
                              [N3:X] TPOS 255 237 177 48 (-1199824)
2026-03-04 00:22:16:139 [OUT] 25 A5 01 04 31 05 81 FF F3 BD 0C 77 7E (13)
                              [N4:Y] TPOS 255 243 189 12 (-803572)
2026-03-04 00:22:16:305 [IN ] C8 24 03 0E 25 A5 03 01 31 06 81 53 FF FD 50 FB 56 0C A5 (19)
                              [N3:X] TPOS 'S' 255 253 80 251 (-175877)
2026-03-04 00:22:16:432 [IN ] C8 24 04 0E 25 A5 04 01 31 06 81 53 FF FD 4F DC 37 F5 A5 (19)
                              [N4:Y] TPOS 'S' 255 253 79 220 (-176164)
2026-03-04 00:22:19:241 [IN ] C8 24 0C 0E 25 A5 0C 01 31 06 81 45 FF D1 1A AC A0 E1 A5 (19)
                              [N12:Z] TPOS 'E' 255 209 26 172 (-3073364)
2026-03-04 00:22:19:644 [IN ] C8 24 04 0E 25 A5 04 01 31 06 81 45 FF F3 BA 6F 1D FA A5 (19)
                              [N4:Y] TPOS 'E' 255 243 186 111 (-804241)
2026-03-04 00:22:21:252 [IN ] C8 24 03 0E 25 A5 03 01 31 06 81 45 FF ED AC D7 70 2A A5 (19)
                              [N3:X] TPOS 'E' 255 237 172 215 (-1200937)
2026-03-04 00:22:23:459 [IN ] C8 24 08 0E 25 A5 08 01 31 06 81 45 FF DC 74 C0 15 A2 A5 (19)
                              [N8:R] TPOS 'E' 255 220 116 192 (-2329408)
2026-03-04 00:22:23:886 [OUT] 25 A5 01 08 31 05 81 FF EE 15 56 18 89 (13)
                              [N8:R] TPOS 255 238 21 86 (-1174186)
2026-03-04 00:22:24:075 [IN ] C8 24 08 0E 25 A5 08 01 31 06 81 53 FF DC 74 D1 34 F9 A5 (19)
                              [N8:R] TPOS 'S' 255 220 116 209 (-2329391)
2026-03-04 00:22:24:477 [IN ] C8 24 07 0E 25 A5 07 01 31 06 81 45 FF F3 3A E2 13 8B A5 (19)
                              [N7:N] TPOS 'E' 255 243 58 226 (-836894)
2026-03-04 00:22:32:506 [IN ] C8 24 08 0E 25 A5 08 01 31 06 81 45 FF EE 17 0A 14 68 A5 (19)
                              [N8:R] TPOS 'E' 255 238 23 10 (-1173750)
