2025-07-05 07:24:49:814 [OUT] 25 A5 01 0A 31 05 D6 3D FF 00 00 53 ED (13)
                              [N10:HMI] HMILED '=' 255 0 0 (16711680)
2025-07-05 07:24:49:835 [OUT] 25 A5 01 03 31 02 D8 3F 4E CE (10)
                              [N3:X] INTERRUPT '?'
2025-07-05 07:24:50:137 [IN ] C8 24 0A 0D 25 A5 0A 01 31 05 D6 3A FF 00 00 50 EA 92 C8 24 03 0C 25 A5 03 01 31 04 D8 3A 01 01 4D 6A EA (35)
                              [N10:HMI] HMILED ':' 255 0 0 (16711680)
                              [N3:X] INTERRUPT ':' 1 1 (257)
2025-07-05 07:24:50:159 [OUT] 25 A5 01 09 31 03 C9 3D 09 4D 1C (11)
                              [N9:P] LFLAG '=' 9 (9)
2025-07-05 07:24:50:180 [OUT] 25 A5 01 04 31 02 D8 3F 4F D3 (10)
                              [N4:Y] INTERRUPT '?'
2025-07-05 07:24:50:481 [IN ] C8 24 09 0B 25 A5 09 01 31 03 C9 3A 09 4A 1E 6A C8 24 04 0C 25 A5 04 01 31 04 D8 3A 01 01 4E 72 EA (33)
                              [N9:P] LFLAG ':' 9 (9)
                              [N4:Y] INTERRUPT ':' 1 1 (257)
2025-07-05 07:24:50:503 [OUT] 25 A5 01 09 31 03 CA 3D 09 4E 1F (11)
                              [N9:P] RFLAG '=' 9 (9)
2025-07-05 07:24:50:524 [OUT] 25 A5 01 0C 31 02 D8 3F 57 FB (10)
                              [N12:Z] INTERRUPT '?'
2025-07-05 07:24:50:825 [IN ] C8 24 09 0B 25 A5 09 01 31 03 CA 3A 09 4B 21 72 C8 24 0C 0C 25 A5 0C 01 31 04 D8 3A 01 01 56 B2 EA (33)
                              [N9:P] RFLAG ':' 9 (9)
                              [N12:Z] INTERRUPT ':' 1 1 (257)
2025-07-05 07:24:50:847 [OUT] 25 A5 01 08 31 03 C9 3D 09 4C 16 (11)
                              [N8:R] LFLAG '=' 9 (9)
2025-07-05 07:24:50:868 [OUT] 25 A5 01 03 31 03 C9 3D 0B 49 FA (11)
                              [N3:X] LFLAG '=' 11 (11)
2025-07-05 07:24:50:889 [OUT] 25 A5 01 04 31 03 C9 3D 0B 4A 00 (11)
                              [N4:Y] LFLAG '=' 11 (11)
2025-07-05 07:24:50:910 [OUT] 25 A5 01 0C 31 03 C9 3D 0B 52 30 (11)
                              [N12:Z] LFLAG '=' 11 (11)
2025-07-05 07:24:51:013 [IN ] C8 24 08 0B 25 A5 08 01 31 03 C9 3A 09 49 17 B2 (16)
                              [N8:R] LFLAG ':' 9 (9)
2025-07-05 07:24:51:035 [OUT] 25 A5 01 08 31 03 CA 3D 09 4D 19 (11)
                              [N8:R] RFLAG '=' 9 (9)
2025-07-05 07:24:51:138 [IN ] C8 24 03 0B 25 A5 03 01 31 03 C9 3A 0B 46 F6 B2 (16)
                              [N3:X] LFLAG ':' 11 (11)
2025-07-05 07:24:51:159 [OUT] 25 A5 01 03 31 03 88 00 50 10 02 (11)
                              [N3:X] RUN 0 80 (80)
2025-07-05 07:24:51:220 [IN ] C8 24 04 (3)
2025-07-05 07:24:51:241 [IN ] 0B 25 A5 04 01 31 03 C9 3A 0B 47 FD B2 (13)
                              [N4:Y] LFLAG ':' 11 (11)
2025-07-05 07:24:51:262 [OUT] 25 A5 01 04 31 03 88 00 50 11 08 (11)
                              [N4:Y] RUN 0 80 (80)
2025-07-05 07:24:51:343 [IN ] C8 24 0C 0B 25 A5 0C 01 31 03 C9 3A 0B 4F 35 B2 (16)
                              [N12:Z] LFLAG ':' 11 (11)
2025-07-05 07:24:51:365 [OUT] 25 A5 01 0C 31 03 88 00 50 19 38 (11)
                              [N12:Z] RUN 0 80 (80)
2025-07-05 07:24:51:467 [IN ] C8 24 08 0B 25 A5 08 01 31 03 CA 3A 09 4A 1A B2 (16)
                              [N8:R] RFLAG ':' 9 (9)
2025-07-05 07:24:51:569 [IN ] C8 24 03 0C 25 A5 03 01 31 04 88 53 00 50 64 C2 EA (17)
                              [N3:X] RUN 'S' 0 80 (80)
2025-07-05 07:24:51:671 [IN ] C8 24 04 0C 25 A5 04 01 31 04 88 53 00 50 65 CA EA (17)
                              [N4:Y] RUN 'S' 0 80 (80)
2025-07-05 07:24:51:794 [IN ] C8 24 0C 0C 25 A5 0C 01 31 04 88 53 00 50 6D 0A EA (17)
                              [N12:Z] RUN 'S' 0 80 (80)
2025-07-05 07:24:58:605 [IN ] C8 24 04 0B 25 A5 04 01 31 03 81 5A 4C 60 A6 0A C8 24 04 0A 25 A5 04 01 31 02 81 49 02 32 A6 (31)
                              [N4:Y] TPOS 'Z' 76 (76)
                              [N4:Y] TPOS 'I'
2025-07-05 07:24:58:829 [OUT] 25 A5 01 09 31 02 D8 3F 54 EC (10)
                              [N9:P] INTERRUPT '?'
2025-07-05 07:24:59:130 [IN ] C8 24 09 0C 25 A5 09 01 31 04 D8 3A 01 01 53 9A EA (17)
                              [N9:P] INTERRUPT ':' 1 1 (257)
2025-07-05 07:24:59:152 [OUT] 25 A5 01 04 31 03 C9 3D 09 48 FE (11)
                              [N4:Y] LFLAG '=' 9 (9)
2025-07-05 07:24:59:174 [OUT] 25 A5 01 07 31 02 D8 3F 52 E2 (10)
                              [N7:N] INTERRUPT '?'
2025-07-05 07:24:59:475 [IN ] C8 24 04 0B 25 A5 04 01 31 03 C9 3A 09 45 FB 9A C8 24 07 0C 25 A5 07 01 31 04 D8 3A 01 01 51 8A EA (33)
                              [N4:Y] LFLAG ':' 9 (9)
                              [N7:N] INTERRUPT ':' 1 1 (257)
2025-07-05 07:24:59:497 [OUT] 25 A5 01 09 31 03 C9 3D 0B 4F 1E (11)
                              [N9:P] LFLAG '=' 11 (11)
2025-07-05 07:24:59:518 [OUT] 25 A5 01 07 31 03 C9 3D 0B 4D 12 (11)
                              [N7:N] LFLAG '=' 11 (11)
2025-07-05 07:24:59:660 [IN ] C8 24 09 0B 25 A5 09 01 31 03 C9 3A 0B 4C 20 8A (16)
                              [N9:P] LFLAG ':' 11 (11)
2025-07-05 07:24:59:681 [OUT] 25 A5 01 09 31 03 88 00 50 16 26 (11)
                              [N9:P] RUN 0 80 (80)
2025-07-05 07:24:59:783 [IN ] C8 24 07 0B 25 A5 07 01 31 03 C9 3A 0B 4A 12 8A (16)
                              [N7:N] LFLAG ':' 11 (11)
2025-07-05 07:24:59:805 [OUT] 25 A5 01 07 31 03 88 00 50 14 1A (11)
                              [N7:N] RUN 0 80 (80)
2025-07-05 07:24:59:888 [IN ] C8 24 09 0C 25 A5 09 01 31 04 88 53 00 50 6A F2 EA (17)
                              [N9:P] RUN 'S' 0 80 (80)
2025-07-05 07:24:59:970 [IN ] C8 24 09 0B 25 A5 09 01 31 03 81 5A 4C 65 C9 F2 (16)
                              [N9:P] TPOS 'Z' 76 (76)
2025-07-05 07:24:59:991 [IN ] C8 24 07 0C 25 A5 07 01 31 04 88 53 00 50 68 E2 EA C8 24 09 0A 25 A5 09 01 31 02 81 49 07 50 68 (32)
                              [N7:N] RUN 'S' 0 80 (80)
                              [N9:P] TPOS 'I'
2025-07-05 07:25:00:215 [OUT] 25 A5 01 09 31 03 C9 3D 09 4D 1C (11)
                              [N9:P] LFLAG '=' 9 (9)
2025-07-05 07:25:00:236 [OUT] 25 A5 01 04 31 05 81 FF EE 88 01 32 FA (13)
                              [N4:Y] TPOS 255 238 136 1 (-1144831)
2025-07-05 07:25:00:399 [IN ] C8 24 09 0B 25 A5 09 01 31 03 C9 3A 09 4A 1E E2 (16)
                              [N9:P] LFLAG ':' 9 (9)
2025-07-05 07:25:00:523 [IN ] C8 24 04 0E 25 A5 04 01 31 06 81 53 00 00 00 00 10 88 0A (19)
                              [N4:Y] TPOS 'S' 0 0 0 0 (0)
2025-07-05 07:25:01:728 [IN ] C8 24 03 0B 25 A5 03 01 31 03 81 5A 4C 5F 9F 00 C8 24 03 0A 25 A5 03 01 31 02 81 49 01 2C 9F (31)
                              [N3:X] TPOS 'Z' 76 (76)
                              [N3:X] TPOS 'I'
2025-07-05 07:25:01:952 [OUT] 25 A5 01 03 31 03 C9 3D 09 47 F8 (11)
                              [N3:X] LFLAG '=' 9 (9)
2025-07-05 07:25:02:116 [IN ] C8 24 03 0B 25 A5 03 01 31 03 C9 3A 09 44 F4 00 (16)
                              [N3:X] LFLAG ':' 9 (9)
2025-07-05 07:25:03:923 [IN ] C8 24 07 0B 25 A5 07 01 31 03 81 5A 4C 63 BB 00 C8 24 07 0A 25 A5 07 01 31 02 81 49 05 44 BB (31)
                              [N7:N] TPOS 'Z' 76 (76)
                              [N7:N] TPOS 'I'
2025-07-05 07:25:04:146 [OUT] 25 A5 01 07 31 03 C9 3D 09 4B 10 (11)
                              [N7:N] LFLAG '=' 9 (9)
2025-07-05 07:25:04:290 [IN ] C8 24 07 0B 25 A5 07 01 31 03 C9 3A (12)
2025-07-05 07:25:04:312 [IN ] 09 48 10 00 (4)
                              [N7:N] LFLAG ':' 9 (9)
2025-07-05 07:25:06:515 [IN ] C8 24 04 0E 25 A5 04 01 31 06 81 45 FF EE 85 1D 91 2F 0A (19)
                              [N4:Y] TPOS 'E' 255 238 133 29 (-1145571)
2025-07-05 07:25:06:739 [OUT] 25 A5 01 09 31 05 81 FF E7 5D 56 5A 0C (13)
                              [N9:P] TPOS 255 231 93 86 (-1614506)
2025-07-05 07:25:06:761 [OUT] 25 A5 01 04 31 05 81 FF FD 50 01 09 B7 (13)
                              [N4:Y] TPOS 255 253 80 1 (-176127)
2025-07-05 07:25:06:782 [OUT] 25 A5 01 07 31 05 81 FF AB 19 75 F7 DF (13)
                              [N7:N] TPOS 255 171 25 117 (-5564043)
2025-07-05 07:25:06:804 [OUT] 25 A5 01 03 31 05 81 FF EB D8 01 7E 89 (13)
                              [N3:X] TPOS 255 235 216 1 (-1320959)
2025-07-05 07:25:06:825 [OUT] 25 A5 01 06 31 02 D8 3F 51 DD (10)
                              [N6:H] INTERRUPT '?'
2025-07-05 07:25:07:126 [IN ] C8 24 09 0E 25 A5 09 01 31 06 81 53 FF FF FF F3 05 A4 0A C8 24 04 0E 25 A5 04 01 31 06 81 53 FF EE 85 1D 9F 75 0A (38)
                              [N9:P] TPOS 'S' 255 255 255 243 (-13)
                              [N4:Y] TPOS 'S' 255 238 133 29 (-1145571)
2025-07-05 07:25:07:428 [IN ] C8 24 07 0E 25 A5 07 01 31 06 81 53 FF FF FF FB 0B 98 0A C8 24 03 0E 25 A5 03 01 31 06 81 53 FF FF FF FF 0B 74 0A C8 24 06 0C 25 A5 06 01 31 04 D8 3A 01 01 50 82 0B (55)
                              [N7:N] TPOS 'S' 255 255 255 251 (-5)
                              [N3:X] TPOS 'S' 255 255 255 255 (-1)
                              [N6:H] INTERRUPT ':' 1 1 (257)
2025-07-05 07:25:07:450 [OUT] 25 A5 01 06 31 03 C9 3D 0B 4C 0C (11)
                              [N6:H] LFLAG '=' 11 (11)
2025-07-05 07:25:07:613 [IN ] C8 24 06 0B 25 A5 06 01 31 03 C9 3A 0B 49 0B 82 (16)
                              [N6:H] LFLAG ':' 11 (11)
2025-07-05 07:25:07:634 [OUT] 25 A5 01 06 31 03 88 FF B0 72 72 (11)
                              [N6:H] RUN 255 176 (-80)
2025-07-05 07:25:07:817 [IN ] C8 24 06 0C 25 A5 06 01 31 04 88 53 FF B0 C6 38 0B (17)
                              [N6:H] RUN 'S' 255 176 (-80)
2025-07-05 07:25:10:823 [IN ] C8 24 0C 0B 25 A5 0C 01 31 03 81 5A 4C 68 DE 38 (16)
                              [N12:Z] TPOS 'Z' 76 (76)
2025-07-05 07:25:11:025 [IN ] C8 24 0C 0A 25 A5 0C 01 31 02 81 49 0A 62 DE (15)
                              [N12:Z] TPOS 'I'
2025-07-05 07:25:11:249 [OUT] 25 A5 01 0C 31 03 C9 3D 09 50 2E (11)
                              [N12:Z] LFLAG '=' 9 (9)
2025-07-05 07:25:11:432 [IN ] C8 24 0C 0B 25 A5 0C 01 31 03 C9 3A 09 4D 33 38 (16)
                              [N12:Z] LFLAG ':' 9 (9)
2025-07-05 07:25:11:454 [OUT] 25 A5 01 0C 31 05 81 FF BC D0 00 4F 33 (13)
                              [N12:Z] TPOS 255 188 208 0 (-4403200)
2025-07-05 07:25:11:636 [IN ] C8 24 0C 0E 25 A5 0C 01 31 06 81 53 FF FF FF 8C A1 5B 0A (19)
                              [N12:Z] TPOS 'S' 255 255 255 140 (-116)
2025-07-05 07:25:13:241 [IN ] C8 24 06 0B 25 A5 06 01 31 03 81 5A 4C 62 B4 8C C8 24 06 0A 25 A5 06 01 31 02 81 49 04 3E B4 (31)
                              [N6:H] TPOS 'Z' 76 (76)
                              [N6:H] TPOS 'I'
2025-07-05 07:25:13:464 [OUT] 25 A5 01 06 31 03 C9 3D 09 4A 0A (11)
                              [N6:H] LFLAG '=' 9 (9)
2025-07-05 07:25:13:627 [IN ] C8 24 06 0B 25 A5 06 01 31 03 C9 3A 09 47 09 8C (16)
                              [N6:H] LFLAG ':' 9 (9)
2025-07-05 07:25:13:649 [OUT] 25 A5 01 06 31 03 84 00 50 0F 08 (11)
                              [N6:H] VEL 0 80 (80)
2025-07-05 07:25:13:812 [IN ] C8 24 06 0C 25 A5 06 01 31 04 84 53 00 50 63 CA A1 (17)
                              [N6:H] VEL 'S' 0 80 (80)
2025-07-05 07:25:13:833 [OUT] 25 A5 01 06 31 05 81 00 19 82 3C 95 BE (13)
                              [N6:H] TPOS 0 25 130 60 (1671740)
2025-07-05 07:25:14:016 [IN ] C8 24 06 0E 25 A5 06 01 31 06 81 53 00 (13)
2025-07-05 07:25:14:038 [IN ] 00 00 00 12 9C 0A (6)
                              [N6:H] TPOS 'S' 0 0 0 0 (0)
2025-07-05 07:25:14:439 [IN ] C8 24 03 0E 25 A5 03 01 31 06 81 45 FF EB D5 5D 1D FC 0A (19)
                              [N3:X] TPOS 'E' 255 235 213 93 (-1321635)
2025-07-05 07:25:14:864 [OUT] 25 A5 01 03 31 05 81 FF FD 50 01 08 AF (13)
                              [N3:X] TPOS 255 253 80 1 (-176127)
2025-07-05 07:25:15:048 [IN ] C8 24 03 0E 25 A5 03 01 31 06 81 53 FF EB D5 5E 2C 43 0A (19)
                              [N3:X] TPOS 'S' 255 235 213 94 (-1321634)
2025-07-05 07:25:15:851 [IN ] C8 24 04 0E 25 A5 04 01 31 06 81 45 FF FD 4F ED 3A C0 0A (19)
                              [N4:Y] TPOS 'E' 255 253 79 237 (-176147)
2025-07-05 07:25:16:454 [IN ] C8 24 09 0E 25 A5 09 01 31 06 81 45 FF E7 5B 5D A5 38 0A (19)
                              [N9:P] TPOS 'E' 255 231 91 93 (-1615011)
2025-07-05 07:25:16:878 [OUT] 25 A5 01 09 31 05 81 FF FF D9 C8 60 BE (13)
                              [N9:P] TPOS 255 255 217 200 (-9784)
2025-07-05 07:25:17:063 [IN ] C8 24 09 0E 25 A5 09 01 31 06 81 53 FF E7 5B 66 BC 87 0A (19)
                              [N9:P] TPOS 'S' 255 231 91 102 (-1615002)
2025-07-05 07:25:24:078 [IN ] C8 24 06 0E 25 A5 06 01 31 06 81 45 00 19 85 3C DE E7 0A (19)
                              [N6:H] TPOS 'E' 0 25 133 60 (1672508)
2025-07-05 07:25:24:503 [OUT] 25 A5 01 06 31 05 81 00 0D 03 C1 8F 21 (13)
                              [N6:H] TPOS 0 13 3 193 (852929)
2025-07-05 07:25:24:687 [IN ] C8 24 06 0E 25 A5 06 01 31 06 81 53 00 19 85 3C EC 2D 0A (19)
                              [N6:H] TPOS 'S' 0 25 133 60 (1672508)
2025-07-05 07:25:25:489 [IN ] C8 24 03 0E 25 A5 03 01 31 06 81 45 FF FD 50 2B 78 F6 0A (19)
                              [N3:X] TPOS 'E' 255 253 80 43 (-176085)
2025-07-05 07:25:26:694 [IN ] C8 24 09 0E 25 A5 09 01 31 06 81 45 FF FF DA 43 22 64 0A (19)
                              [N9:P] TPOS 'E' 255 255 218 67 (-9661)
2025-07-05 07:25:26:917 [OUT] 25 A5 01 08 31 02 D8 3F 53 E7 (10)
                              [N8:R] INTERRUPT '?'
2025-07-05 07:25:27:218 [IN ] C8 24 08 0C 25 A5 08 01 31 04 D8 3A 01 01 52 92 22 (17)
                              [N8:R] INTERRUPT ':' 1 1 (257)
2025-07-05 07:25:27:241 [OUT] 25 A5 01 08 31 03 CA 3D 0B 4F 1B (11)
                              [N8:R] RFLAG '=' 11 (11)
2025-07-05 07:25:27:423 [IN ] C8 24 08 0B 25 A5 08 01 31 03 CA 3A 0B 4C 1C 92 (16)
                              [N8:R] RFLAG ':' 11 (11)
2025-07-05 07:25:27:444 [OUT] 25 A5 01 08 31 03 88 00 50 15 20 (11)
                              [N8:R] RUN 0 80 (80)
2025-07-05 07:25:27:607 [IN ] C8 24 08 0C 25 A5 08 01 31 04 88 53 00 50 69 EA 22 (17)
                              [N8:R] RUN 'S' 0 80 (80)
2025-07-05 07:25:28:409 [IN ] C8 24 06 0E 25 A5 06 01 31 06 81 45 00 0C FE CC DA 42 0A (19)
                              [N6:H] TPOS 'E' 0 12 254 204 (851660)
2025-07-05 07:25:28:632 [OUT] 25 A5 01 05 31 02 D8 3F 50 D8 (10)
                              [N5:V] INTERRUPT '?'
2025-07-05 07:25:28:934 [IN ] C8 24 05 0C 25 A5 05 01 31 04 D8 3A 01 01 4F 7A DA (17)
                              [N5:V] INTERRUPT ':' 1 1 (257)
2025-07-05 07:25:28:955 [OUT] 25 A5 01 05 31 03 C9 3D 0B 4B 06 (11)
                              [N5:V] LFLAG '=' 11 (11)
2025-07-05 07:25:29:118 [IN ] C8 24 05 0B 25 A5 05 01 31 03 C9 3A 0B 48 04 7A (16)
                              [N5:V] LFLAG ':' 11 (11)
2025-07-05 07:25:29:139 [OUT] 25 A5 01 05 31 03 88 FF B0 71 6C (11)
                              [N5:V] RUN 255 176 (-80)
2025-07-05 07:25:29:322 [IN ] C8 24 05 0C 25 A5 05 01 31 04 88 53 FF B0 C5 30 DA (17)
                              [N5:V] RUN 'S' 255 176 (-80)
2025-07-05 07:25:32:328 [IN ] C8 24 07 0E 25 A5 07 01 31 06 81 45 FF AB 14 66 29 EB 0A (19)
                              [N7:N] TPOS 'E' 255 171 20 102 (-5565338)
2025-07-05 07:25:32:753 [OUT] 25 A5 01 07 31 05 81 FF F3 35 BF A5 39 (13)
                              [N7:N] TPOS 255 243 53 191 (-838209)
2025-07-05 07:25:32:956 [IN ] C8 24 07 0E 25 A5 07 01 31 06 81 53 FF AB 14 66 37 31 0A (19)
                              [N7:N] TPOS 'S' 255 171 20 102 (-5565338)
2025-07-05 07:25:33:961 [IN ] C8 24 08 0B 25 A5 08 01 31 03 81 5A 52 6A C8 66 C8 24 08 0A 25 A5 08 01 31 02 81 49 06 4A C8 (31)
                              [N8:R] TPOS 'Z' 82 (82)
                              [N8:R] TPOS 'I'
2025-07-05 07:25:34:184 [OUT] 25 A5 01 08 31 03 CA 3D 09 4D 19 (11)
                              [N8:R] RFLAG '=' 9 (9)
2025-07-05 07:25:34:287 [IN ] C8 24 05 0B 25 A5 05 01 31 03 81 5A 4C 61 AD 66 (16)
                              [N5:V] TPOS 'Z' 76 (76)
2025-07-05 07:25:34:329 [IN ] C8 24 05 0A 25 A5 05 01 31 02 81 49 03 38 AD (15)
                              [N5:V] TPOS 'I'
2025-07-05 07:25:34:351 [IN ] C8 24 08 0B 25 A5 08 01 31 03 CA 3A 09 4A 1A 66 (16)
                              [N8:R] RFLAG ':' 9 (9)
2025-07-05 07:25:34:372 [OUT] 25 A5 01 08 31 05 81 FF DC 77 1D 2F DE (13)
                              [N8:R] TPOS 255 220 119 29 (-2328803)
2025-07-05 07:25:34:393 [OUT] 25 A5 01 05 31 03 C9 3D 09 49 04 (11)
                              [N5:V] LFLAG '=' 9 (9)
2025-07-05 07:25:34:556 [IN ] C8 24 08 0E 25 A5 08 01 31 06 81 53 FF FF FF F8 09 9F 0A (19)
                              [N8:R] TPOS 'S' 255 255 255 248 (-8)
2025-07-05 07:25:34:679 [IN ] C8 24 05 0B 25 A5 05 01 31 03 C9 3A 09 46 02 F8 (16)
                              [N5:V] LFLAG ':' 9 (9)
2025-07-05 07:25:34:701 [OUT] 25 A5 01 05 31 03 84 00 50 0E 02 (11)
                              [N5:V] VEL 0 80 (80)
2025-07-05 07:25:34:864 [IN ] C8 24 05 0C 25 A5 05 01 31 04 84 53 00 50 62 C2 09 (17)
                              [N5:V] VEL 'S' 0 80 (80)
2025-07-05 07:25:34:885 [OUT] 25 A5 01 05 31 05 81 00 19 82 3C 94 B6 (13)
                              [N5:V] TPOS 0 25 130 60 (1671740)
2025-07-05 07:25:35:089 [IN ] C8 24 05 0E 25 A5 05 01 31 06 81 53 00 00 00 00 11 92 0A (19)
                              [N5:V] TPOS 'S' 0 0 0 0 (0)
2025-07-05 07:25:39:315 [OUT] 25 A5 01 0C 31 01 82 C1 4C (9)
                              [N12:Z] GETPOS
2025-07-05 07:25:39:336 [OUT] 25 A5 01 05 31 01 82 BA 30 (9)
                              [N5:V] GETPOS
2025-07-05 07:25:39:357 [OUT] 25 A5 01 07 31 01 82 BC 38 (9)
                              [N7:N] GETPOS
2025-07-05 07:25:39:378 [OUT] 25 A5 01 08 31 01 82 BD 3C (9)
                              [N8:R] GETPOS
2025-07-05 07:25:39:461 [IN ] C8 24 0C 0D 25 A5 0C 01 31 05 82 FF BE 8F 1A 2B E1 92 (18)
                              [N12:Z] GETPOS 255 190 143 26 (-4288742)
2025-07-05 07:25:39:563 [IN ] C8 24 05 0D 25 A5 05 01 31 05 82 00 0E EE DD 97 17 92 (18)
                              [N5:V] GETPOS 0 14 238 221 (978653)
2025-07-05 07:25:39:645 [IN ] C8 24 07 0D 25 A5 07 01 31 05 82 FF C2 1C F1 8E B1 92 (18)
                              [N7:N] GETPOS 255 194 28 241 (-4055823)
2025-07-05 07:25:39:727 [IN ] C8 24 08 0D 25 A5 08 01 31 05 82 FF F0 (13)
2025-07-05 07:25:39:747 [IN ] 20 14 E4 6F 92 (5)
                              [N8:R] GETPOS 255 240 32 20 (-1040364)
2025-07-05 07:25:40:549 [IN ] C8 24 0C 0E 25 A5 0C 01 31 06 81 45 FF BC D0 B5 4A 17 0A (19)
                              [N12:Z] TPOS 'E' 255 188 208 181 (-4403019)
2025-07-05 07:25:40:973 [OUT] 25 A5 01 0C 31 05 81 FF D1 1A 67 15 6D (13)
                              [N12:Z] TPOS 255 209 26 103 (-3073433)
2025-07-05 07:25:41:156 [IN ] C8 24 0C 0E 25 A5 0C 01 31 06 81 53 FF BC D0 EE 91 96 0A (19)
                              [N12:Z] TPOS 'S' 255 188 208 238 (-4402962)
2025-07-05 07:25:42:960 [IN ] C8 24 05 0E 25 A5 05 01 31 06 81 45 00 19 86 6E 10 11 0A (19)
                              [N5:V] TPOS 'E' 0 25 134 110 (1672814)
2025-07-05 07:25:43:385 [OUT] 25 A5 01 05 31 05 81 00 0D 03 C1 8E 19 (13)
                              [N5:V] TPOS 0 13 3 193 (852929)
2025-07-05 07:25:43:568 [IN ] C8 24 05 0E 25 A5 05 01 31 06 81 53 00 19 86 6E 1E 57 0A (19)
                              [N5:V] TPOS 'S' 0 25 134 110 (1672814)
2025-07-05 07:25:46:575 [IN ] C8 24 08 0E 25 A5 08 01 31 06 81 45 FF DC 73 6A BE 4A 0A (19)
                              [N8:R] TPOS 'E' 255 220 115 106 (-2329750)
2025-07-05 07:25:47:000 [OUT] 25 A5 01 08 31 05 81 FF EE 15 56 18 89 (13)
                              [N8:R] TPOS 255 238 21 86 (-1174186)
2025-07-05 07:25:47:183 [IN ] C8 24 08 0E 25 A5 08 01 31 06 81 53 FF DC 73 6C CE 92 0A (19)
                              [N8:R] TPOS 'S' 255 220 115 108 (-2329748)
2025-07-05 07:25:48:787 [IN ] C8 24 05 0E 25 A5 05 01 31 06 81 45 00 0D 01 E1 F2 56 0A (19)
                              [N5:V] TPOS 'E' 0 13 1 225 (852449)
2025-07-05 07:25:49:011 [OUT] 25 A5 01 03 31 05 81 FF ED B1 30 88 70 (13)
                              [N3:X] TPOS 255 237 177 48 (-1199824)
2025-07-05 07:25:49:032 [OUT] 25 A5 01 04 31 05 81 FF F3 BD 0C 77 7E (13)
                              [N4:Y] TPOS 255 243 189 12 (-803572)
2025-07-05 07:25:49:196 [IN ] C8 24 03 0E 25 A5 03 01 31 06 81 53 FF FD 50 2B 86 3C 0A (19)
                              [N3:X] TPOS 'S' 255 253 80 43 (-176085)
2025-07-05 07:25:49:318 [IN ] C8 24 04 0E 25 A5 04 01 31 06 81 53 FF FD 4F ED 48 06 0A (19)
                              [N4:Y] TPOS 'S' 255 253 79 237 (-176147)
2025-07-05 07:25:49:720 [IN ] C8 24 0C 0E 25 A5 0C 01 31 06 81 45 FF D1 1A E2 D6 17 0A (19)
                              [N12:Z] TPOS 'E' 255 209 26 226 (-3073310)
2025-07-05 07:25:52:726 [IN ] C8 24 04 0E 25 A5 04 01 31 06 81 45 FF F3 BA 19 C7 A4 0A (19)
                              [N4:Y] TPOS 'E' 255 243 186 25 (-804327)
2025-07-05 07:25:53:329 [IN ] C8 24 08 0E 25 A5 08 01 31 06 81 45 FF EE 18 F0 FB 50 0A (19)
                              [N8:R] TPOS 'E' 255 238 24 240 (-1173264)
2025-07-05 07:25:54:133 [IN ] C8 24 07 0E 25 A5 07 01 31 06 81 45 FF F3 3A C5 F6 6E 0A (19)
                              [N7:N] TPOS 'E' 255 243 58 197 (-836923)
2025-07-05 07:25:54:736 [IN ] C8 24 03 0E 25 A5 03 01 31 06 81 45 FF ED AE 70 0B C7 0A (19)
                              [N3:X] TPOS 'E' 255 237 174 112 (-1200528)
