2026-04-21 18:46:08:572 [OUT] 25 A5 01 0A 31 05 D6 3D FF 00 00 53 ED (13)
                              [N10:HMI] HMILED '=' 255 0 0 (16711680)
2026-04-21 18:46:08:596 [OUT] 25 A5 01 03 31 02 D8 3F 4E CE (10)
                              [N3:X] INTERRUPT '?'
2026-04-21 18:46:08:898 [IN ] C8 24 0A 0D 25 A5 0A 01 31 05 D6 3A FF 00 00 50 EA E0 C8 24 03 0C 25 A5 03 01 31 04 D8 3A 01 01 4D 6A EA (35)
                              [N10:HMI] HMILED ':' 255 0 0 (16711680)
                              [N3:X] INTERRUPT ':' 1 1 (257)
2026-04-21 18:46:08:919 [OUT] 25 A5 01 09 31 03 C9 3D 09 4D 1C (11)
                              [N9:P] LFLAG '=' 9 (9)
2026-04-21 18:46:08:941 [OUT] 25 A5 01 04 31 02 D8 3F 4F D3 (10)
                              [N4:Y] INTERRUPT '?'
2026-04-21 18:46:09:243 [IN ] C8 24 09 0B 25 A5 09 01 31 03 C9 3A 09 4A 1E 6A C8 24 04 0C 25 A5 04 01 31 04 D8 3A 01 01 4E 72 EA (33)
                              [N9:P] LFLAG ':' 9 (9)
                              [N4:Y] INTERRUPT ':' 1 1 (257)
2026-04-21 18:46:09:264 [OUT] 25 A5 01 09 31 03 CA 3D 09 4E 1F (11)
                              [N9:P] RFLAG '=' 9 (9)
2026-04-21 18:46:09:288 [OUT] 25 A5 01 0C 31 02 D8 3F 57 FB (10)
                              [N12:Z] INTERRUPT '?'
2026-04-21 18:46:09:590 [IN ] C8 24 09 0B 25 A5 09 01 31 03 CA 3A 09 4B 21 72 C8 24 0C 0C 25 A5 0C 01 31 04 D8 3A 01 01 56 B2 EA (33)
                              [N9:P] RFLAG ':' 9 (9)
                              [N12:Z] INTERRUPT ':' 1 1 (257)
2026-04-21 18:46:09:612 [OUT] 25 A5 01 08 31 03 C9 3D 09 4C 16 (11)
                              [N8:R] LFLAG '=' 9 (9)
2026-04-21 18:46:09:634 [OUT] 25 A5 01 03 31 03 C9 3D 0B 49 FA (11)
                              [N3:X] LFLAG '=' 11 (11)
2026-04-21 18:46:09:655 [OUT] 25 A5 01 04 31 03 C9 3D 0B 4A 00 (11)
                              [N4:Y] LFLAG '=' 11 (11)
2026-04-21 18:46:09:676 [OUT] 25 A5 01 0C 31 03 C9 3D 0B 52 30 (11)
                              [N12:Z] LFLAG '=' 11 (11)
2026-04-21 18:46:09:782 [IN ] C8 24 08 0B 25 A5 08 01 31 03 C9 3A 09 49 17 B2 (16)
                              [N8:R] LFLAG ':' 9 (9)
2026-04-21 18:46:09:804 [OUT] 25 A5 01 08 31 03 CA 3D 09 4D 19 (11)
                              [N8:R] RFLAG '=' 9 (9)
2026-04-21 18:46:09:910 [IN ] C8 24 03 0B 25 A5 03 01 31 03 C9 3A 0B 46 F6 B2 (16)
                              [N3:X] LFLAG ':' 11 (11)
2026-04-21 18:46:09:932 [OUT] 25 A5 01 03 31 03 88 00 50 10 02 (11)
                              [N3:X] RUN 0 80 (80)
2026-04-21 18:46:09:996 [IN ] C8 24 04 0B 25 A5 04 01 31 03 C9 3A 0B 47 FD B2 (16)
                              [N4:Y] LFLAG ':' 11 (11)
2026-04-21 18:46:10:017 [OUT] 25 A5 01 04 31 03 88 00 50 11 08 (11)
                              [N4:Y] RUN 0 80 (80)
2026-04-21 18:46:10:102 [IN ] C8 24 0C 0B 25 A5 0C 01 31 03 C9 3A 0B 4F 35 B2 (16)
                              [N12:Z] LFLAG ':' 11 (11)
2026-04-21 18:46:10:123 [OUT] 25 A5 01 0C 31 03 88 00 50 19 38 (11)
                              [N12:Z] RUN 0 80 (80)
2026-04-21 18:46:10:228 [IN ] C8 24 08 0B 25 A5 08 01 31 03 CA 3A 09 4A 1A B2 (16)
                              [N8:R] RFLAG ':' 9 (9)
2026-04-21 18:46:10:353 [IN ] C8 24 03 0C 25 A5 03 01 31 04 88 53 00 50 64 C2 EA (17)
                              [N3:X] RUN 'S' 0 80 (80)
2026-04-21 18:46:10:437 [IN ] C8 24 04 0C 25 A5 04 01 31 04 88 53 00 50 65 CA EA (17)
                              [N4:Y] RUN 'S' 0 80 (80)
2026-04-21 18:46:10:564 [IN ] C8 24 0C 0C 25 A5 0C 01 31 04 88 53 00 50 6D 0A EA (17)
                              [N12:Z] RUN 'S' 0 80 (80)
2026-04-21 18:46:16:588 [IN ] C8 24 04 0B 25 A5 04 01 31 03 81 5A 4C 60 A6 0A (16)
                              [N4:Y] TPOS 'Z' 76 (76)
2026-04-21 18:46:16:791 [IN ] C8 24 04 0A 25 A5 04 01 31 02 81 49 02 32 A6 (15)
                              [N4:Y] TPOS 'I'
2026-04-21 18:46:17:014 [OUT] 25 A5 01 09 31 02 D8 3F 54 EC (10)
                              [N9:P] INTERRUPT '?'
2026-04-21 18:46:17:316 [IN ] C8 24 09 0C 25 A5 09 01 31 04 D8 3A 01 01 53 9A EA (17)
                              [N9:P] INTERRUPT ':' 1 1 (257)
2026-04-21 18:46:17:338 [OUT] 25 A5 01 04 31 03 C9 3D 09 48 FE (11)
                              [N4:Y] LFLAG '=' 9 (9)
2026-04-21 18:46:17:360 [OUT] 25 A5 01 07 31 02 D8 3F 52 E2 (10)
                              [N7:N] INTERRUPT '?'
2026-04-21 18:46:17:661 [IN ] C8 24 04 0B 25 A5 04 01 31 03 C9 3A 09 45 FB 9A C8 24 07 0C 25 A5 07 01 31 04 D8 3A 01 01 51 8A EA (33)
                              [N4:Y] LFLAG ':' 9 (9)
                              [N7:N] INTERRUPT ':' 1 1 (257)
2026-04-21 18:46:17:682 [OUT] 25 A5 01 09 31 03 C9 3D 0B 4F 1E (11)
                              [N9:P] LFLAG '=' 11 (11)
2026-04-21 18:46:17:703 [OUT] 25 A5 01 07 31 03 C9 3D 0B 4D 12 (11)
                              [N7:N] LFLAG '=' 11 (11)
2026-04-21 18:46:17:832 [IN ] C8 24 09 0B 25 (5)
2026-04-21 18:46:17:854 [IN ] A5 09 01 31 03 C9 3A 0B 4C 20 8A (11)
                              [N9:P] LFLAG ':' 11 (11)
2026-04-21 18:46:17:876 [OUT] 25 A5 01 09 31 03 88 00 50 16 26 (11)
                              [N9:P] RUN 0 80 (80)
2026-04-21 18:46:17:942 [IN ] C8 24 07 0B 25 A5 07 01 31 03 C9 3A 0B 4A 12 8A (16)
                              [N7:N] LFLAG ':' 11 (11)
2026-04-21 18:46:17:965 [OUT] 25 A5 01 07 31 03 88 00 50 14 1A (11)
                              [N7:N] RUN 0 80 (80)
2026-04-21 18:46:18:069 [IN ] C8 24 09 0C 25 A5 09 01 31 04 88 53 00 50 6A F2 EA (17)
                              [N9:P] RUN 'S' 0 80 (80)
2026-04-21 18:46:18:153 [IN ] C8 24 09 0B 25 A5 09 01 31 03 81 5A 4C 65 C9 F2 (16)
                              [N9:P] TPOS 'Z' 76 (76)
2026-04-21 18:46:18:175 [IN ] C8 24 07 0C 25 A5 07 01 31 04 88 53 00 50 68 E2 EA (17)
                              [N7:N] RUN 'S' 0 80 (80)
2026-04-21 18:46:18:377 [IN ] C8 24 09 0A 25 A5 09 01 31 02 81 49 07 50 68 (15)
                              [N9:P] TPOS 'I'
2026-04-21 18:46:18:583 [IN ] C8 24 03 0B 25 A5 03 01 31 03 81 5A 4C 5F 9F E2 C8 24 03 0A 25 A5 03 01 31 02 81 49 01 2C 9F (31)
                              [N3:X] TPOS 'Z' 76 (76)
                              [N3:X] TPOS 'I'
2026-04-21 18:46:18:605 [OUT] 25 A5 01 09 31 03 C9 3D 09 4D 1C (11)
                              [N9:P] LFLAG '=' 9 (9)
2026-04-21 18:46:18:628 [OUT] 25 A5 01 04 31 05 81 FF EE 88 01 32 FA (13)
                              [N4:Y] TPOS 255 238 136 1 (-1144831)
2026-04-21 18:46:18:650 [OUT] 25 A5 01 03 31 03 C9 3D 09 47 F8 (11)
                              [N3:X] LFLAG '=' 9 (9)
2026-04-21 18:46:18:775 [IN ] C8 24 09 0B 25 A5 09 01 31 03 C9 3A 09 4A 1E E2 (16)
                              [N9:P] LFLAG ':' 9 (9)
2026-04-21 18:46:18:900 [IN ] C8 24 04 0E 25 A5 04 01 31 06 81 53 00 00 00 00 10 88 F7 (19)
                              [N4:Y] TPOS 'S' 0 0 0 0 (0)
2026-04-21 18:46:19:006 [IN ] C8 24 03 0B 25 A5 03 01 31 03 C9 3A 09 44 F4 00 (16)
                              [N3:X] LFLAG ':' 9 (9)
2026-04-21 18:46:22:017 [IN ] C8 24 07 0B 25 A5 07 01 31 03 81 5A 4C 63 BB 00 C8 24 07 0A 25 A5 07 01 31 02 81 49 05 44 BB (31)
                              [N7:N] TPOS 'Z' 76 (76)
                              [N7:N] TPOS 'I'
2026-04-21 18:46:22:239 [OUT] 25 A5 01 07 31 03 C9 3D 09 4B 10 (11)
                              [N7:N] LFLAG '=' 9 (9)
2026-04-21 18:46:22:405 [IN ] C8 24 07 0B 25 A5 07 01 31 03 C9 3A 09 48 10 00 (16)
                              [N7:N] LFLAG ':' 9 (9)
2026-04-21 18:46:25:013 [IN ] C8 24 04 0E 25 A5 04 01 31 06 81 45 FF EE 85 6C E0 7E F7 (19)
                              [N4:Y] TPOS 'E' 255 238 133 108 (-1145492)
2026-04-21 18:46:25:237 [OUT] 25 A5 01 09 31 05 81 FF E7 5D 56 5A 0C (13)
                              [N9:P] TPOS 255 231 93 86 (-1614506)
2026-04-21 18:46:25:259 [OUT] 25 A5 01 04 31 05 81 FF FD 50 01 09 B7 (13)
                              [N4:Y] TPOS 255 253 80 1 (-176127)
2026-04-21 18:46:25:283 [OUT] 25 A5 01 07 31 05 81 FF AB 19 75 F7 DF (13)
                              [N7:N] TPOS 255 171 25 117 (-5564043)
2026-04-21 18:46:25:304 [OUT] 25 A5 01 03 31 05 81 FF EC 4A AB 9B 1A (13)
                              [N3:X] TPOS 255 236 74 171 (-1291605)
2026-04-21 18:46:25:326 [OUT] 25 A5 01 06 31 02 D8 3F 51 DD (10)
                              [N6:H] INTERRUPT '?'
2026-04-21 18:46:25:628 [IN ] C8 24 09 0E 25 A5 09 01 31 06 81 53 FF FF FF AD BF 5E F7 C8 24 04 0E 25 A5 04 01 31 06 81 53 FF EE 85 6C EE C4 F7 (38)
                              [N9:P] TPOS 'S' 255 255 255 173 (-83)
                              [N4:Y] TPOS 'S' 255 238 133 108 (-1145492)
2026-04-21 18:46:25:930 [IN ] C8 24 07 0E 25 A5 07 01 31 06 81 53 00 00 00 00 13 A6 F7 C8 24 03 0E 25 A5 03 01 31 06 81 53 FF FF FF FF 0B 74 F7 C8 24 06 0C 25 A5 06 01 31 04 D8 3A 01 01 50 82 0B (55)
                              [N7:N] TPOS 'S' 0 0 0 0 (0)
                              [N3:X] TPOS 'S' 255 255 255 255 (-1)
                              [N6:H] INTERRUPT ':' 1 1 (257)
2026-04-21 18:46:25:951 [OUT] 25 A5 01 06 31 03 C9 3D 0B 4C 0C (11)
                              [N6:H] LFLAG '=' 11 (11)
2026-04-21 18:46:25:952 [IN ] C8 24 0C 0B 25 A5 0C 01 31 03 81 5A 4C 68 DE 82 (16)
                              [N12:Z] TPOS 'Z' 76 (76)
2026-04-21 18:46:25:994 [IN ] C8 24 0C 0A 25 A5 0C 01 31 02 81 49 0A 62 DE (15)
                              [N12:Z] TPOS 'I'
2026-04-21 18:46:26:039 [OUT] 25 A5 01 0C 31 03 C9 3D 09 50 2E (11)
                              [N12:Z] LFLAG '=' 9 (9)
2026-04-21 18:46:26:106 [IN ] C8 24 06 0B 25 A5 06 01 31 03 C9 3A 0B 49 0B 82 (16)
                              [N6:H] LFLAG ':' 11 (11)
2026-04-21 18:46:26:130 [OUT] 25 A5 01 06 31 03 88 FF B0 72 72 (11)
                              [N6:H] RUN 255 176 (-80)
2026-04-21 18:46:26:236 [IN ] C8 24 0C 0B 25 A5 0C 01 31 03 C9 3A 09 4D 33 82 (16)
                              [N12:Z] LFLAG ':' 9 (9)
2026-04-21 18:46:26:258 [OUT] 25 A5 01 0C 31 05 81 FF BC D0 00 4F 33 (13)
                              [N12:Z] TPOS 255 188 208 0 (-4403200)
2026-04-21 18:46:26:341 [IN ] C8 24 06 0C 25 A5 06 01 31 04 88 53 FF B0 C6 38 0B (17)
                              [N6:H] RUN 'S' 255 176 (-80)
2026-04-21 18:46:26:487 [IN ] C8 24 0C 0E 25 A5 0C 01 31 06 81 53 FF FF FF 7E 93 4D F7 (19)
                              [N12:Z] TPOS 'S' 255 255 255 126 (-130)
2026-04-21 18:46:30:303 [IN ] C8 24 06 0B 25 A5 06 01 31 03 81 5A 4C 62 B4 7E C8 24 06 0A 25 A5 06 01 31 02 81 49 04 3E B4 (31)
                              [N6:H] TPOS 'Z' 76 (76)
                              [N6:H] TPOS 'I'
2026-04-21 18:46:30:528 [OUT] 25 A5 01 06 31 03 C9 3D 09 4A 0A (11)
                              [N6:H] LFLAG '=' 9 (9)
2026-04-21 18:46:30:693 [IN ] C8 24 06 0B 25 A5 06 01 31 03 C9 3A 09 47 09 7E (16)
                              [N6:H] LFLAG ':' 9 (9)
2026-04-21 18:46:30:714 [OUT] 25 A5 01 06 31 03 84 00 50 0F 08 (11)
                              [N6:H] VEL 0 80 (80)
2026-04-21 18:46:30:899 [IN ] C8 24 06 0C 25 A5 06 01 31 04 84 53 00 50 63 CA 93 (17)
                              [N6:H] VEL 'S' 0 80 (80)
2026-04-21 18:46:30:920 [OUT] 25 A5 01 06 31 05 81 00 19 82 3C 95 BE (13)
                              [N6:H] TPOS 0 25 130 60 (1671740)
2026-04-21 18:46:31:109 [IN ] C8 24 06 0E 25 A5 06 01 31 06 81 53 00 00 00 00 12 9C F7 (19)
                              [N6:H] TPOS 'S' 0 0 0 0 (0)
2026-04-21 18:46:32:315 [IN ] C8 24 03 0E 25 A5 03 01 31 06 81 45 FF EC 47 E0 13 66 F7 (19)
                              [N3:X] TPOS 'E' 255 236 71 224 (-1292320)
2026-04-21 18:46:32:740 [OUT] 25 A5 01 03 31 05 81 FF FD 50 01 08 AF (13)
                              [N3:X] TPOS 255 253 80 1 (-176127)
2026-04-21 18:46:32:929 [IN ] C8 24 03 0E 25 A5 03 01 31 06 81 53 FF EC 47 E1 22 AD F7 (19)
                              [N3:X] TPOS 'S' 255 236 71 225 (-1292319)
2026-04-21 18:46:33:130 [IN ] C8 24 04 0E 25 A5 04 01 31 06 81 45 FF FD 4F F2 3F C5 F7 (19)
                              [N4:Y] TPOS 'E' 255 253 79 242 (-176142)
2026-04-21 18:46:33:933 [IN ] C8 24 09 0E 25 A5 09 01 31 06 81 45 FF E7 5A B1 F8 8A F7 (19)
                              [N9:P] TPOS 'E' 255 231 90 177 (-1615183)
2026-04-21 18:46:34:356 [OUT] 25 A5 01 09 31 05 81 FF FF D9 C8 60 BE (13)
                              [N9:P] TPOS 255 255 217 200 (-9784)
2026-04-21 18:46:34:526 [IN ] C8 24 09 0E 25 A5 09 01 31 06 81 53 FF E7 5A B2 07 D1 F7 (19)
                              [N9:P] TPOS 'S' 255 231 90 178 (-1615182)
2026-04-21 18:46:38:743 [IN ] C8 24 06 0E 25 A5 06 01 31 06 81 45 00 19 87 02 A6 B1 F7 (19)
                              [N6:H] TPOS 'E' 0 25 135 2 (1672962)
2026-04-21 18:46:39:166 [OUT] 25 A5 01 06 31 05 81 00 0D 03 C1 8F 21 (13)
                              [N6:H] TPOS 0 13 3 193 (852929)
2026-04-21 18:46:39:353 [IN ] C8 24 06 0E 25 A5 06 01 31 06 81 53 00 19 87 02 B4 F7 F7 (19)
                              [N6:H] TPOS 'S' 0 25 135 2 (1672962)
2026-04-21 18:46:40:961 [IN ] C8 24 03 0E 25 A5 03 01 31 06 81 45 FF FD 50 F1 3E BC F7 (19)
                              [N3:X] TPOS 'E' 255 253 80 241 (-175887)
2026-04-21 18:46:42:967 [IN ] C8 24 06 0E 25 A5 06 01 31 06 81 45 00 0C FE D4 E2 4A F7 (19)
                              [N6:H] TPOS 'E' 0 12 254 212 (851668)
2026-04-21 18:46:43:191 [OUT] 25 A5 01 05 31 02 D8 3F 50 D8 (10)
                              [N5:V] INTERRUPT '?'
2026-04-21 18:46:43:492 [IN ] C8 24 09 0E 25 A5 09 01 31 06 81 45 FF FF DA 23 02 44 F7 C8 24 05 0C 25 A5 05 01 31 04 D8 3A 01 01 4F 7A 02 (36)
                              [N9:P] TPOS 'E' 255 255 218 35 (-9693)
                              [N5:V] INTERRUPT ':' 1 1 (257)
2026-04-21 18:46:43:514 [OUT] 25 A5 01 05 31 03 C9 3D 0B 4B 06 (11)
                              [N5:V] LFLAG '=' 11 (11)
2026-04-21 18:46:43:536 [OUT] 25 A5 01 08 31 02 D8 3F 53 E7 (10)
                              [N8:R] INTERRUPT '?'
2026-04-21 18:46:43:837 [IN ] C8 24 05 0B 25 A5 05 01 31 03 C9 3A 0B 48 04 7A C8 24 08 0C 25 A5 08 01 31 04 D8 3A 01 01 52 92 02 (33)
                              [N5:V] LFLAG ':' 11 (11)
                              [N8:R] INTERRUPT ':' 1 1 (257)
2026-04-21 18:46:43:858 [OUT] 25 A5 01 05 31 03 88 FF B0 71 6C (11)
                              [N5:V] RUN 255 176 (-80)
2026-04-21 18:46:43:879 [OUT] 25 A5 01 08 31 03 CA 3D 0B 4F 1B (11)
                              [N8:R] RFLAG '=' 11 (11)
2026-04-21 18:46:44:024 [IN ] C8 24 (2)
2026-04-21 18:46:44:045 [IN ] 05 0C 25 A5 05 01 31 04 88 53 FF B0 C5 30 02 (15)
                              [N5:V] RUN 'S' 255 176 (-80)
2026-04-21 18:46:44:129 [IN ] C8 24 08 0B 25 A5 08 01 31 03 CA 3A 0B 4C 1C 30 (16)
                              [N8:R] RFLAG ':' 11 (11)
2026-04-21 18:46:44:150 [OUT] 25 A5 01 08 31 03 88 00 50 15 20 (11)
                              [N8:R] RUN 0 80 (80)
2026-04-21 18:46:44:319 [IN ] C8 24 08 0C 25 A5 08 01 31 04 88 53 00 50 69 EA 02 (17)
                              [N8:R] RUN 'S' 0 80 (80)
2026-04-21 18:46:48:534 [IN ] C8 24 05 0B 25 A5 05 01 31 03 81 5A 4C 61 AD EA (16)
                              [N5:V] TPOS 'Z' 76 (76)
2026-04-21 18:46:48:735 [IN ] C8 24 05 0A 25 A5 05 01 31 02 81 49 03 38 AD (15)
                              [N5:V] TPOS 'I'
2026-04-21 18:46:48:958 [OUT] 25 A5 01 05 31 03 C9 3D 09 49 04 (11)
                              [N5:V] LFLAG '=' 9 (9)
2026-04-21 18:46:49:125 [IN ] C8 24 0C 0E 25 A5 0C 01 31 06 81 45 FF BC CD 54 E6 B0 F7 C8 24 05 0B 25 A5 05 01 31 03 C9 3A 09 46 02 54 (35)
                              [N12:Z] TPOS 'E' 255 188 205 84 (-4403884)
                              [N5:V] LFLAG ':' 9 (9)
2026-04-21 18:46:49:147 [OUT] 25 A5 01 05 31 03 84 00 50 0E 02 (11)
                              [N5:V] VEL 0 80 (80)
2026-04-21 18:46:49:190 [OUT] 25 A5 01 0C 31 05 81 FF D1 1A 67 15 6D (13)
                              [N12:Z] TPOS 255 209 26 103 (-3073433)
2026-04-21 18:46:49:317 [IN ] C8 24 05 0C 25 A5 05 01 31 04 84 53 00 50 62 C2 E6 (17)
                              [N5:V] VEL 'S' 0 80 (80)
2026-04-21 18:46:49:338 [OUT] 25 A5 01 05 31 05 81 00 19 82 3C 94 B6 (13)
                              [N5:V] TPOS 0 25 130 60 (1671740)
2026-04-21 18:46:49:444 [IN ] C8 24 0C 0E 25 A5 0C 01 31 06 81 53 FF BC CD 57 F7 F9 F7 (19)
                              [N12:Z] TPOS 'S' 255 188 205 87 (-4403881)
2026-04-21 18:46:49:570 [IN ] C8 24 05 0E 25 A5 05 01 31 06 81 53 FF FF FF FF 0D 88 F7 (19)
                              [N5:V] TPOS 'S' 255 255 255 255 (-1)
2026-04-21 18:46:50:576 [IN ] C8 24 07 0E 25 A5 07 01 31 06 81 45 FF (13)
2026-04-21 18:46:50:776 [IN ] AB 14 CD 90 52 F7 (6)
                              [N7:N] TPOS 'E' 255 171 20 205 (-5565235)
2026-04-21 18:46:51:199 [OUT] 25 A5 01 07 31 05 81 FF F3 35 BF A5 39 (13)
                              [N7:N] TPOS 255 243 53 191 (-838209)
2026-04-21 18:46:51:409 [IN ] C8 24 07 0E 25 A5 07 01 31 06 81 53 FF AB 14 CD 9E 98 F7 (19)
                              [N7:N] TPOS 'S' 255 171 20 205 (-5565235)
2026-04-21 18:46:55:629 [IN ] C8 24 08 0B 25 A5 08 01 31 03 81 5A 52 6A C8 CD C8 24 08 0A 25 A5 08 01 31 02 81 49 06 4A C8 (31)
                              [N8:R] TPOS 'Z' 82 (82)
                              [N8:R] TPOS 'I'
2026-04-21 18:46:55:855 [OUT] 25 A5 01 08 31 03 CA 3D 09 4D 19 (11)
                              [N8:R] RFLAG '=' 9 (9)
2026-04-21 18:46:56:023 [IN ] C8 24 08 0B 25 A5 08 01 31 03 CA 3A 09 4A 1A CD (16)
                              [N8:R] RFLAG ':' 9 (9)
2026-04-21 18:46:56:044 [OUT] 25 A5 01 08 31 05 81 FF DC 77 1D 2F DE (13)
                              [N8:R] TPOS 255 220 119 29 (-2328803)
2026-04-21 18:46:56:252 [IN ] C8 24 08 0E 25 A5 08 01 31 06 81 53 FF FF FF BD CE 64 F7 (19)
                              [N8:R] TPOS 'S' 255 255 255 189 (-67)
2026-04-21 18:46:56:453 [IN ] C8 24 0C 0E 25 A5 0C 01 31 06 81 45 FF D1 1D C9 C0 04 F7 (19)
                              [N12:Z] TPOS 'E' 255 209 29 201 (-3072567)
2026-04-21 18:46:57:255 [IN ] C8 24 05 0E 25 A5 05 01 31 06 81 45 00 19 86 49 EB EC F7 (19)
                              [N5:V] TPOS 'E' 0 25 134 73 (1672777)
2026-04-21 18:46:57:680 [OUT] 25 A5 01 05 31 05 81 00 0D 03 C1 8E 19 (13)
                              [N5:V] TPOS 0 13 3 193 (852929)
2026-04-21 18:46:57:866 [IN ] C8 24 05 0E 25 A5 05 01 31 06 81 53 00 19 86 49 F9 32 F7 (19)
                              [N5:V] TPOS 'S' 0 25 134 73 (1672777)
2026-04-21 18:47:02:683 [IN ] C8 24 05 0E 25 A5 05 01 31 06 81 45 00 0D 01 CC DD 41 F7 (19)
                              [N5:V] TPOS 'E' 0 13 1 204 (852428)
2026-04-21 18:47:02:907 [OUT] 25 A5 01 03 31 05 81 FF ED B1 30 88 70 (13)
                              [N3:X] TPOS 255 237 177 48 (-1199824)
2026-04-21 18:47:02:932 [OUT] 25 A5 01 04 31 05 81 FF F3 BD 0C 77 7E (13)
                              [N4:Y] TPOS 255 243 189 12 (-803572)
2026-04-21 18:47:03:100 [IN ] C8 24 03 0E 25 A5 03 01 31 06 81 53 FF FD 50 F1 4C 02 F7 (19)
                              [N3:X] TPOS 'S' 255 253 80 241 (-175887)
2026-04-21 18:47:03:224 [IN ] C8 24 04 0E 25 A5 04 01 31 06 81 53 FF FD 4F F2 4D 0B F7 (19)
                              [N4:Y] TPOS 'S' 255 253 79 242 (-176142)
2026-04-21 18:47:06:638 [IN ] C8 24 04 0E 25 A5 04 01 31 06 81 45 FF F3 BA 2F DD BA F7 (19)
                              [N4:Y] TPOS 'E' 255 243 186 47 (-804305)
2026-04-21 18:47:08:044 [IN ] C8 24 03 0E 25 A5 03 01 31 06 81 45 FF ED AE 23 BE 7A F7 (19)
                              [N3:X] TPOS 'E' 255 237 174 35 (-1200605)
2026-04-21 18:47:12:862 [IN ] C8 24 07 0E 25 A5 07 01 31 06 81 45 FF F3 3A 12 43 BB F7 (19)
                              [N7:N] TPOS 'E' 255 243 58 18 (-837102)
2026-04-21 18:47:15:069 [IN ] C8 24 08 0E 25 A5 08 01 31 06 81 45 FF DC 76 9F F6 85 F7 (19)
                              [N8:R] TPOS 'E' 255 220 118 159 (-2328929)
2026-04-21 18:47:15:493 [OUT] 25 A5 01 08 31 05 81 FF EE 15 56 18 89 (13)
                              [N8:R] TPOS 255 238 21 86 (-1174186)
2026-04-21 18:47:15:659 [IN ] C8 24 08 0E 25 A5 08 01 31 (9)
2026-04-21 18:47:15:681 [IN ] 06 81 53 FF DC 76 A8 0D D4 F7 (10)
                              [N8:R] TPOS 'S' 255 220 118 168 (-2328920)
2026-04-21 18:47:25:925 [IN ] C8 24 08 0E 25 A5 08 01 31 06 81 45 FF EE 14 B1 B8 09 F7 (19)
                              [N8:R] TPOS 'E' 255 238 20 177 (-1174351)
