2026-04-21 19:36:40:715 [OUT] 25 A5 01 0A 31 05 D6 3D FF 00 00 53 ED (13)
                              [N10:HMI] HMILED '=' 255 0 0 (16711680)
2026-04-21 19:36:40:740 [OUT] 25 A5 01 03 31 02 D8 3F 4E CE (10)
                              [N3:X] INTERRUPT '?'
2026-04-21 19:36:41:041 [IN ] C8 24 0A 0D 25 A5 0A 01 31 05 D6 3A FF 00 00 50 EA 3D C8 24 03 0C 25 A5 03 01 31 04 D8 3A 01 01 4D 6A EA (35)
                              [N10:HMI] HMILED ':' 255 0 0 (16711680)
                              [N3:X] INTERRUPT ':' 1 1 (257)
2026-04-21 19:36:41:062 [OUT] 25 A5 01 09 31 03 C9 3D 09 4D 1C (11)
                              [N9:P] LFLAG '=' 9 (9)
2026-04-21 19:36:41:084 [OUT] 25 A5 01 04 31 02 D8 3F 4F D3 (10)
                              [N4:Y] INTERRUPT '?'
2026-04-21 19:36:41:386 [IN ] C8 24 09 0B 25 A5 09 01 31 03 C9 3A 09 4A 1E 6A C8 24 04 0C 25 A5 04 01 31 04 D8 3A 01 01 4E 72 EA (33)
                              [N9:P] LFLAG ':' 9 (9)
                              [N4:Y] INTERRUPT ':' 1 1 (257)
2026-04-21 19:36:41:407 [OUT] 25 A5 01 09 31 03 CA 3D 09 4E 1F (11)
                              [N9:P] RFLAG '=' 9 (9)
2026-04-21 19:36:41:430 [OUT] 25 A5 01 0C 31 02 D8 3F 57 FB (10)
                              [N12:Z] INTERRUPT '?'
2026-04-21 19:36:41:734 [IN ] C8 24 09 0B 25 A5 09 01 31 03 CA 3A 09 4B 21 72 C8 24 0C 0C 25 A5 0C 01 31 04 D8 3A 01 01 56 B2 EA (33)
                              [N9:P] RFLAG ':' 9 (9)
                              [N12:Z] INTERRUPT ':' 1 1 (257)
2026-04-21 19:36:41:756 [OUT] 25 A5 01 08 31 03 C9 3D 09 4C 16 (11)
                              [N8:R] LFLAG '=' 9 (9)
2026-04-21 19:36:41:778 [OUT] 25 A5 01 03 31 03 C9 3D 0B 49 FA (11)
                              [N3:X] LFLAG '=' 11 (11)
2026-04-21 19:36:41:799 [OUT] 25 A5 01 04 31 03 C9 3D 0B 4A 00 (11)
                              [N4:Y] LFLAG '=' 11 (11)
2026-04-21 19:36:41:820 [OUT] 25 A5 01 0C 31 03 C9 3D 0B 52 30 (11)
                              [N12:Z] LFLAG '=' 11 (11)
2026-04-21 19:36:41:926 [IN ] C8 24 08 0B 25 A5 08 01 31 03 C9 3A 09 49 17 B2 (16)
                              [N8:R] LFLAG ':' 9 (9)
2026-04-21 19:36:41:947 [OUT] 25 A5 01 08 31 03 CA 3D 09 4D 19 (11)
                              [N8:R] RFLAG '=' 9 (9)
2026-04-21 19:36:42:032 [IN ] C8 24 03 0B 25 A5 03 01 31 03 C9 3A 0B 46 F6 B2 (16)
                              [N3:X] LFLAG ':' 11 (11)
2026-04-21 19:36:42:053 [OUT] 25 A5 01 03 31 03 88 00 50 10 02 (11)
                              [N3:X] RUN 0 80 (80)
2026-04-21 19:36:42:140 [IN ] C8 24 04 0B 25 A5 04 01 (8)
2026-04-21 19:36:42:161 [IN ] 31 03 C9 3A 0B 47 FD B2 (8)
                              [N4:Y] LFLAG ':' 11 (11)
2026-04-21 19:36:42:183 [OUT] 25 A5 01 04 31 03 88 00 50 11 08 (11)
                              [N4:Y] RUN 0 80 (80)
2026-04-21 19:36:42:247 [IN ] C8 24 0C 0B 25 A5 0C 01 31 03 C9 3A 0B 4F 35 B2 (16)
                              [N12:Z] LFLAG ':' 11 (11)
2026-04-21 19:36:42:269 [OUT] 25 A5 01 0C 31 03 88 00 50 19 38 (11)
                              [N12:Z] RUN 0 80 (80)
2026-04-21 19:36:42:377 [IN ] C8 24 08 0B 25 A5 08 01 31 03 CA 3A 09 4A 1A B2 (16)
                              [N8:R] RFLAG ':' 9 (9)
2026-04-21 19:36:42:482 [IN ] C8 24 03 0C 25 A5 03 01 31 04 88 53 00 50 64 C2 EA (17)
                              [N3:X] RUN 'S' 0 80 (80)
2026-04-21 19:36:42:587 [IN ] C8 24 04 0C 25 A5 04 01 31 04 88 53 00 50 65 CA EA (17)
                              [N4:Y] RUN 'S' 0 80 (80)
2026-04-21 19:36:42:692 [IN ] C8 24 0C 0C 25 A5 0C 01 31 04 88 53 00 50 6D 0A EA (17)
                              [N12:Z] RUN 'S' 0 80 (80)
2026-04-21 19:36:48:714 [IN ] C8 24 04 0B 25 A5 04 01 31 03 81 5A 4C 60 A6 0A (16)
                              [N4:Y] TPOS 'Z' 76 (76)
2026-04-21 19:36:48:915 [IN ] C8 24 04 0A 25 A5 04 01 31 02 81 49 02 32 A6 (15)
                              [N4:Y] TPOS 'I'
2026-04-21 19:36:49:139 [OUT] 25 A5 01 09 31 02 D8 3F 54 EC (10)
                              [N9:P] INTERRUPT '?'
2026-04-21 19:36:49:440 [IN ] C8 24 09 0C 25 A5 09 01 31 04 D8 3A 01 01 53 9A EA (17)
                              [N9:P] INTERRUPT ':' 1 1 (257)
2026-04-21 19:36:49:461 [OUT] 25 A5 01 04 31 03 C9 3D 09 48 FE (11)
                              [N4:Y] LFLAG '=' 9 (9)
2026-04-21 19:36:49:483 [OUT] 25 A5 01 07 31 02 D8 3F 52 E2 (10)
                              [N7:N] INTERRUPT '?'
2026-04-21 19:36:49:784 [IN ] C8 24 04 0B 25 A5 04 01 31 03 C9 3A 09 45 FB 9A C8 24 07 0C 25 A5 07 01 31 04 D8 3A 01 01 51 8A EA (33)
                              [N4:Y] LFLAG ':' 9 (9)
                              [N7:N] INTERRUPT ':' 1 1 (257)
2026-04-21 19:36:49:805 [OUT] 25 A5 01 09 31 03 C9 3D 0B 4F 1E (11)
                              [N9:P] LFLAG '=' 11 (11)
2026-04-21 19:36:49:828 [OUT] 25 A5 01 07 31 03 C9 3D 0B 4D 12 (11)
                              [N7:N] LFLAG '=' 11 (11)
2026-04-21 19:36:49:954 [IN ] C8 24 09 0B 25 A5 09 01 31 03 C9 3A 0B 4C 20 8A (16)
                              [N9:P] LFLAG ':' 11 (11)
2026-04-21 19:36:49:977 [OUT] 25 A5 01 09 31 03 88 00 50 16 26 (11)
                              [N9:P] RUN 0 80 (80)
2026-04-21 19:36:50:081 [IN ] C8 24 07 0B 25 A5 07 01 31 03 C9 3A 0B 4A 12 8A (16)
                              [N7:N] LFLAG ':' 11 (11)
2026-04-21 19:36:50:102 [OUT] 25 A5 01 07 31 03 88 00 50 14 1A (11)
                              [N7:N] RUN 0 80 (80)
2026-04-21 19:36:50:187 [IN ] C8 24 09 0C 25 A5 09 01 31 04 88 53 00 50 6A F2 EA (17)
                              [N9:P] RUN 'S' 0 80 (80)
2026-04-21 19:36:50:252 [IN ] C8 24 09 0B 25 A5 09 01 31 03 81 5A 4C 65 C9 F2 (16)
                              [N9:P] TPOS 'Z' 76 (76)
2026-04-21 19:36:50:297 [IN ] C8 24 07 0C 25 A5 07 01 31 04 88 53 00 50 68 E2 EA C8 24 09 0A 25 A5 09 01 31 02 81 49 07 50 68 (32)
                              [N7:N] RUN 'S' 0 80 (80)
                              [N9:P] TPOS 'I'
2026-04-21 19:36:50:519 [OUT] 25 A5 01 09 31 03 C9 3D 09 4D 1C (11)
                              [N9:P] LFLAG '=' 9 (9)
2026-04-21 19:36:50:540 [OUT] 25 A5 01 04 31 05 81 FF EE 88 01 32 FA (13)
                              [N4:Y] TPOS 255 238 136 1 (-1144831)
2026-04-21 19:36:50:707 [IN ] C8 24 09 0B 25 A5 09 01 31 03 C9 3A 09 4A 1E E2 (16)
                              [N9:P] LFLAG ':' 9 (9)
2026-04-21 19:36:50:770 [IN ] C8 24 03 0B 25 A5 03 01 31 03 81 5A 4C 5F 9F E2 (16)
                              [N3:X] TPOS 'Z' 76 (76)
2026-04-21 19:36:50:815 [IN ] C8 24 03 0A 25 A5 03 01 31 02 81 49 01 2C 9F (15)
                              [N3:X] TPOS 'I'
2026-04-21 19:36:50:838 [IN ] C8 24 04 0E 25 A5 04 01 31 06 81 53 00 00 00 00 10 88 F7 (19)
                              [N4:Y] TPOS 'S' 0 0 0 0 (0)
2026-04-21 19:36:50:859 [OUT] 25 A5 01 03 31 03 C9 3D 09 47 F8 (11)
                              [N3:X] LFLAG '=' 9 (9)
2026-04-21 19:36:51:026 [IN ] C8 24 03 0B 25 A5 03 01 31 03 C9 3A 09 44 F4 00 (16)
                              [N3:X] LFLAG ':' 9 (9)
2026-04-21 19:36:54:036 [IN ] C8 24 07 0B 25 A5 07 01 31 03 81 5A 4C 63 BB 00 (16)
                              [N7:N] TPOS 'Z' 76 (76)
2026-04-21 19:36:54:241 [IN ] C8 24 07 0A 25 A5 07 01 31 02 81 49 05 44 BB (15)
                              [N7:N] TPOS 'I'
2026-04-21 19:36:54:464 [OUT] 25 A5 01 07 31 03 C9 3D 09 4B 10 (11)
                              [N7:N] LFLAG '=' 9 (9)
2026-04-21 19:36:54:653 [IN ] C8 24 07 0B 25 A5 07 01 31 03 C9 3A 09 48 10 00 (16)
                              [N7:N] LFLAG ':' 9 (9)
2026-04-21 19:36:56:863 [IN ] C8 24 04 0E 25 A5 04 01 31 06 81 45 FF EE 85 48 BC 5A F7 (19)
                              [N4:Y] TPOS 'E' 255 238 133 72 (-1145528)
2026-04-21 19:36:57:087 [OUT] 25 A5 01 09 31 05 81 FF E7 5D 56 5A 0C (13)
                              [N9:P] TPOS 255 231 93 86 (-1614506)
2026-04-21 19:36:57:110 [OUT] 25 A5 01 04 31 05 81 FF FD 50 01 09 B7 (13)
                              [N4:Y] TPOS 255 253 80 1 (-176127)
2026-04-21 19:36:57:132 [OUT] 25 A5 01 07 31 05 81 FF AB 19 75 F7 DF (13)
                              [N7:N] TPOS 255 171 25 117 (-5564043)
2026-04-21 19:36:57:154 [OUT] 25 A5 01 03 31 05 81 FF EC 4A AB 9B 1A (13)
                              [N3:X] TPOS 255 236 74 171 (-1291605)
2026-04-21 19:36:57:176 [OUT] 25 A5 01 06 31 02 D8 3F 51 DD (10)
                              [N6:H] INTERRUPT '?'
2026-04-21 19:36:57:477 [IN ] C8 24 09 0E 25 A5 09 01 31 06 81 53 FF FF FF B0 C2 61 F7 C8 24 04 0E 25 A5 04 01 31 06 81 53 FF EE 85 48 CA A0 F7 (38)
                              [N9:P] TPOS 'S' 255 255 255 176 (-80)
                              [N4:Y] TPOS 'S' 255 238 133 72 (-1145528)
2026-04-21 19:36:57:778 [IN ] C8 24 07 0E 25 A5 07 01 31 06 81 53 00 00 00 00 13 A6 F7 C8 24 03 0E 25 A5 03 01 31 06 81 53 00 00 00 00 0F 7E F7 C8 24 06 0C 25 A5 06 01 31 04 D8 3A 01 01 50 82 0F (55)
                              [N7:N] TPOS 'S' 0 0 0 0 (0)
                              [N3:X] TPOS 'S' 0 0 0 0 (0)
                              [N6:H] INTERRUPT ':' 1 1 (257)
2026-04-21 19:36:57:799 [OUT] 25 A5 01 06 31 03 C9 3D 0B 4C 0C (11)
                              [N6:H] LFLAG '=' 11 (11)
2026-04-21 19:36:57:968 [IN ] C8 24 06 0B 25 A5 06 01 31 03 C9 3A 0B 49 0B 82 (16)
                              [N6:H] LFLAG ':' 11 (11)
2026-04-21 19:36:57:990 [OUT] 25 A5 01 06 31 03 88 FF B0 72 72 (11)
                              [N6:H] RUN 255 176 (-80)
2026-04-21 19:36:58:014 [IN ] C8 24 0C 0B 25 A5 0C 01 31 03 81 5A 4C 68 DE 82 (16)
                              [N12:Z] TPOS 'Z' 76 (76)
2026-04-21 19:36:58:060 [IN ] C8 24 0C 0A 25 A5 0C 01 31 02 81 49 0A 62 DE (15)
                              [N12:Z] TPOS 'I'
2026-04-21 19:36:58:103 [OUT] 25 A5 01 0C 31 03 C9 3D 09 50 2E (11)
                              [N12:Z] LFLAG '=' 9 (9)
2026-04-21 19:36:58:167 [IN ] C8 24 06 0C 25 A5 06 01 31 04 88 53 FF B0 C6 38 0F (17)
                              [N6:H] RUN 'S' 255 176 (-80)
2026-04-21 19:36:58:272 [IN ] C8 24 0C 0B 25 A5 0C 01 31 03 C9 3A 09 4D 33 38 (16)
                              [N12:Z] LFLAG ':' 9 (9)
2026-04-21 19:36:58:294 [OUT] 25 A5 01 0C 31 05 81 FF BC D0 00 4F 33 (13)
                              [N12:Z] TPOS 255 188 208 0 (-4403200)
2026-04-21 19:36:58:481 [IN ] C8 24 0C 0E 25 A5 0C 01 31 06 81 53 FF FF FF 79 8E 48 F7 (19)
                              [N12:Z] TPOS 'S' 255 255 255 121 (-135)
2026-04-21 19:37:02:096 [IN ] C8 24 06 0B 25 A5 06 01 31 03 81 5A 4C 62 B4 79 (16)
                              [N6:H] TPOS 'Z' 76 (76)
2026-04-21 19:37:02:297 [IN ] C8 24 06 0A 25 A5 06 01 31 02 81 49 04 3E B4 (15)
                              [N6:H] TPOS 'I'
2026-04-21 19:37:02:520 [OUT] 25 A5 01 06 31 03 C9 3D 09 4A 0A (11)
                              [N6:H] LFLAG '=' 9 (9)
2026-04-21 19:37:02:687 [IN ] C8 24 06 0B 25 A5 06 01 31 03 C9 3A 09 47 09 79 (16)
                              [N6:H] LFLAG ':' 9 (9)
2026-04-21 19:37:02:708 [OUT] 25 A5 01 06 31 03 84 00 50 0F 08 (11)
                              [N6:H] VEL 0 80 (80)
2026-04-21 19:37:02:897 [IN ] C8 24 06 0C 25 A5 06 01 31 04 84 53 00 50 63 CA 8E (17)
                              [N6:H] VEL 'S' 0 80 (80)
2026-04-21 19:37:02:918 [OUT] 25 A5 01 06 31 05 81 00 19 82 3C 95 BE (13)
                              [N6:H] TPOS 0 25 130 60 (1671740)
2026-04-21 19:37:03:106 [IN ] C8 24 06 0E 25 A5 06 01 31 06 81 53 00 00 00 01 13 9D F7 (19)
                              [N6:H] TPOS 'S' 0 0 0 1 (1)
2026-04-21 19:37:04:112 [IN ] C8 24 03 0E 25 A5 03 01 31 06 81 45 FF EC 47 E9 1C 6F F7 (19)
                              [N3:X] TPOS 'E' 255 236 71 233 (-1292311)
2026-04-21 19:37:04:535 [OUT] 25 A5 01 03 31 05 81 FF FD 50 01 08 AF (13)
                              [N3:X] TPOS 255 253 80 1 (-176127)
2026-04-21 19:37:04:723 [IN ] C8 24 03 0E 25 A5 03 01 31 06 81 53 FF EC 47 E9 2A B5 F7 (19)
                              [N3:X] TPOS 'S' 255 236 71 233 (-1292311)
2026-04-21 19:37:04:924 [IN ] C8 24 04 0E 25 A5 04 01 31 06 81 45 FF FD 4F F9 46 CC F7 (19)
                              [N4:Y] TPOS 'E' 255 253 79 249 (-176135)
2026-04-21 19:37:05:930 [IN ] C8 24 09 0E 25 A5 09 01 31 06 81 45 FF E7 5A 8E D5 67 F7 (19)
                              [N9:P] TPOS 'E' 255 231 90 142 (-1615218)
2026-04-21 19:37:06:355 [OUT] 25 A5 01 09 31 05 81 FF FF D9 C8 60 BE (13)
                              [N9:P] TPOS 255 255 217 200 (-9784)
2026-04-21 19:37:06:544 [IN ] C8 24 09 0E 25 A5 09 01 31 06 81 53 FF E7 5A 90 E5 AF F7 (19)
                              [N9:P] TPOS 'S' 255 231 90 144 (-1615216)
2026-04-21 19:37:10:758 [IN ] C8 24 06 0E 25 A5 06 01 31 06 81 45 00 19 87 18 BC C7 F7 (19)
                              [N6:H] TPOS 'E' 0 25 135 24 (1672984)
2026-04-21 19:37:11:182 [OUT] 25 A5 01 06 31 05 81 00 0D 03 C1 8F 21 (13)
                              [N6:H] TPOS 0 13 3 193 (852929)
2026-04-21 19:37:11:370 [IN ] C8 24 06 0E 25 A5 06 01 31 06 81 53 00 19 87 18 CA 0D F7 (19)
                              [N6:H] TPOS 'S' 0 25 135 24 (1672984)
2026-04-21 19:37:12:775 [IN ] C8 24 03 0E 25 A5 03 01 31 06 81 45 FF FD 50 CA 17 95 F7 (19)
                              [N3:X] TPOS 'E' 255 253 80 202 (-175926)
2026-04-21 19:37:14:983 [IN ] C8 24 06 0E 25 A5 06 01 31 06 81 45 00 0C FF 02 11 7A F7 (19)
                              [N6:H] TPOS 'E' 0 12 255 2 (851714)
2026-04-21 19:37:15:207 [OUT] 25 A5 01 05 31 02 D8 3F 50 D8 (10)
                              [N5:V] INTERRUPT '?'
2026-04-21 19:37:15:509 [IN ] C8 24 09 0E 25 A5 09 01 31 06 81 45 FF FF DA 2E 0D 4F F7 C8 24 05 0C 25 A5 05 01 31 04 D8 3A 01 01 4F 7A 0D (36)
                              [N9:P] TPOS 'E' 255 255 218 46 (-9682)
                              [N5:V] INTERRUPT ':' 1 1 (257)
2026-04-21 19:37:15:530 [OUT] 25 A5 01 05 31 03 C9 3D 0B 4B 06 (11)
                              [N5:V] LFLAG '=' 11 (11)
2026-04-21 19:37:15:553 [OUT] 25 A5 01 08 31 02 D8 3F 53 E7 (10)
                              [N8:R] INTERRUPT '?'
2026-04-21 19:37:15:855 [IN ] C8 24 05 0B 25 A5 05 01 31 03 C9 3A 0B 48 04 7A C8 24 08 0C 25 A5 08 01 31 04 D8 3A 01 01 52 92 0D (33)
                              [N5:V] LFLAG ':' 11 (11)
                              [N8:R] INTERRUPT ':' 1 1 (257)
2026-04-21 19:37:15:876 [OUT] 25 A5 01 05 31 03 88 FF B0 71 6C (11)
                              [N5:V] RUN 255 176 (-80)
2026-04-21 19:37:15:898 [OUT] 25 A5 01 08 31 03 CA 3D 0B 4F 1B (11)
                              [N8:R] RFLAG '=' 11 (11)
2026-04-21 19:37:16:027 [IN ] C8 24 05 0C 25 A5 05 01 31 04 88 53 FF B0 C5 30 0D (17)
                              [N5:V] RUN 'S' 255 176 (-80)
2026-04-21 19:37:16:155 [IN ] C8 24 08 0B 25 A5 08 01 31 03 CA 3A 0B 4C 1C 30 (16)
                              [N8:R] RFLAG ':' 11 (11)
2026-04-21 19:37:16:176 [OUT] 25 A5 01 08 31 03 88 00 50 15 20 (11)
                              [N8:R] RUN 0 80 (80)
2026-04-21 19:37:16:365 [IN ] C8 24 08 0C 25 A5 08 01 31 04 88 53 00 50 69 EA 0D (17)
                              [N8:R] RUN 'S' 0 80 (80)
2026-04-21 19:37:20:786 [IN ] C8 24 05 0B 25 A5 05 01 31 03 81 5A 4C 61 AD EA C8 24 05 0A 25 A5 05 01 31 02 81 49 03 38 AD (31)
                              [N5:V] TPOS 'Z' 76 (76)
                              [N5:V] TPOS 'I'
2026-04-21 19:37:21:010 [OUT] 25 A5 01 05 31 03 C9 3D 09 49 04 (11)
                              [N5:V] LFLAG '=' 9 (9)
2026-04-21 19:37:21:053 [IN ] C8 24 0C 0E 25 A5 0C 01 31 06 81 45 FF BC CD 2B BD 87 F7 (19)
                              [N12:Z] TPOS 'E' 255 188 205 43 (-4403925)
2026-04-21 19:37:21:117 [OUT] 25 A5 01 0C 31 05 81 FF D1 1A 67 15 6D (13)
                              [N12:Z] TPOS 255 209 26 103 (-3073433)
2026-04-21 19:37:21:159 [IN ] C8 24 05 0B 25 A5 05 01 31 03 C9 3A 09 46 02 2B (16)
                              [N5:V] LFLAG ':' 9 (9)
2026-04-21 19:37:21:181 [OUT] 25 A5 01 05 31 03 84 00 50 0E 02 (11)
                              [N5:V] VEL 0 80 (80)
2026-04-21 19:37:21:305 [IN ] C8 24 0C 0E 25 A5 0C 01 31 06 81 53 FF BC CD 2D CD CF F7 (19)
                              [N12:Z] TPOS 'S' 255 188 205 45 (-4403923)
2026-04-21 19:37:21:410 [IN ] C8 24 05 0C 25 A5 05 01 31 04 84 53 00 50 62 C2 CD (17)
                              [N5:V] VEL 'S' 0 80 (80)
2026-04-21 19:37:21:431 [OUT] 25 A5 01 05 31 05 81 00 19 82 3C 94 B6 (13)
                              [N5:V] TPOS 0 25 130 60 (1671740)
2026-04-21 19:37:21:619 [IN ] C8 24 05 0E 25 A5 05 01 31 06 81 53 FF FF FF FF 0D 88 F7 (19)
                              [N5:V] TPOS 'S' 255 255 255 255 (-1)
2026-04-21 19:37:22:423 [IN ] C8 24 07 0E 25 A5 07 01 31 06 81 45 FF AB 14 CF 92 54 F7 (19)
                              [N7:N] TPOS 'E' 255 171 20 207 (-5565233)
2026-04-21 19:37:22:849 [OUT] 25 A5 01 07 31 05 81 FF F3 35 BF A5 39 (13)
                              [N7:N] TPOS 255 243 53 191 (-838209)
2026-04-21 19:37:23:038 [IN ] C8 24 07 0E 25 A5 07 01 31 06 81 53 FF AB 14 CF A0 9A F7 (19)
                              [N7:N] TPOS 'S' 255 171 20 207 (-5565233)
2026-04-21 19:37:27:457 [IN ] C8 24 08 0B 25 A5 08 01 31 03 81 5A 52 6A C8 CF C8 24 08 0A 25 A5 08 01 31 02 81 49 06 4A C8 (31)
                              [N8:R] TPOS 'Z' 82 (82)
                              [N8:R] TPOS 'I'
2026-04-21 19:37:27:681 [OUT] 25 A5 01 08 31 03 CA 3D 09 4D 19 (11)
                              [N8:R] RFLAG '=' 9 (9)
2026-04-21 19:37:27:848 [IN ] C8 24 08 0B 25 A5 08 01 31 03 CA 3A 09 4A 1A CF (16)
                              [N8:R] RFLAG ':' 9 (9)
2026-04-21 19:37:27:870 [OUT] 25 A5 01 08 31 05 81 FF DC 77 1D 2F DE (13)
                              [N8:R] TPOS 255 220 119 29 (-2328803)
2026-04-21 19:37:28:058 [IN ] C8 24 08 0E 25 A5 08 01 31 06 81 53 FF FF FF C2 D3 69 F7 (19)
                              [N8:R] TPOS 'S' 255 255 255 194 (-62)
2026-04-21 19:37:28:259 [IN ] C8 24 0C 0E 25 A5 0C 01 31 06 81 45 FF D1 1D E1 D8 1C F7 (19)
                              [N12:Z] TPOS 'E' 255 209 29 225 (-3072543)
2026-04-21 19:37:29:264 [IN ] C8 24 05 0E 25 A5 05 01 31 06 81 45 00 19 86 1E C0 C1 F7 (19)
                              [N5:V] TPOS 'E' 0 25 134 30 (1672734)
2026-04-21 19:37:29:689 [OUT] 25 A5 01 05 31 05 81 00 0D 03 C1 8E 19 (13)
                              [N5:V] TPOS 0 13 3 193 (852929)
2026-04-21 19:37:29:878 [IN ] C8 24 05 0E 25 A5 05 01 31 06 81 53 00 19 86 1F CF 08 F7 (19)
                              [N5:V] TPOS 'S' 0 25 134 31 (1672735)
2026-04-21 19:37:34:697 [IN ] C8 24 05 0E 25 A5 05 01 31 06 81 45 00 0D 01 F1 02 66 F7 (19)
                              [N5:V] TPOS 'E' 0 13 1 241 (852465)
2026-04-21 19:37:34:920 [OUT] 25 A5 01 03 31 05 81 FF ED B1 30 88 70 (13)
                              [N3:X] TPOS 255 237 177 48 (-1199824)
2026-04-21 19:37:34:943 [OUT] 25 A5 01 04 31 05 81 FF F3 BD 0C 77 7E (13)
                              [N4:Y] TPOS 255 243 189 12 (-803572)
2026-04-21 19:37:35:112 [IN ] C8 24 03 0E 25 A5 03 01 31 06 81 53 FF FD 50 C9 24 DA F7 (19)
                              [N3:X] TPOS 'S' 255 253 80 201 (-175927)
2026-04-21 19:37:35:217 [IN ] C8 24 04 0E 25 A5 04 01 31 06 81 53 FF FD 4F F9 54 12 F7 (19)
                              [N4:Y] TPOS 'S' 255 253 79 249 (-176135)
2026-04-21 19:37:38:630 [IN ] C8 24 04 0E 25 A5 04 01 31 06 81 45 FF F3 BA 34 E2 BF F7 (19)
                              [N4:Y] TPOS 'E' 255 243 186 52 (-804300)
2026-04-21 19:37:40:238 [IN ] C8 24 03 0E 25 A5 03 01 31 06 81 45 FF ED AE 27 C2 7E F7 (19)
                              [N3:X] TPOS 'E' 255 237 174 39 (-1200601)
2026-04-21 19:37:44:255 [IN ] C8 24 07 0E 25 A5 07 01 31 06 81 45 FF F3 3A 12 43 BB F7 (19)
                              [N7:N] TPOS 'E' 255 243 58 18 (-837102)
2026-04-21 19:37:46:061 [IN ] C8 24 08 0E 25 A5 08 01 31 06 81 45 FF DC 76 4B A2 31 F7 (19)
                              [N8:R] TPOS 'E' 255 220 118 75 (-2329013)
2026-04-21 19:37:46:485 [OUT] 25 A5 01 08 31 05 81 FF EE 15 56 18 89 (13)
                              [N8:R] TPOS 255 238 21 86 (-1174186)
2026-04-21 19:37:46:674 [IN ] C8 24 08 0E 25 A5 08 01 31 06 81 53 FF DC 76 56 BB 82 F7 (19)
                              [N8:R] TPOS 'S' 255 220 118 86 (-2329002)
2026-04-21 19:37:56:713 [IN ] C8 24 08 0E 25 A5 08 01 31 06 81 45 FF EE 14 D8 DF 30 F7 (19)
                              [N8:R] TPOS 'E' 255 238 20 216 (-1174312)
