2026-04-21 18:40:13:933 [OUT] 25 A5 01 0A 31 05 D6 3D FF 00 00 53 ED (13)
                              [N10:HMI] HMILED '=' 255 0 0 (16711680)
2026-04-21 18:40:13:955 [OUT] 25 A5 01 03 31 02 D8 3F 4E CE (10)
                              [N3:X] INTERRUPT '?'
2026-04-21 18:40:14:256 [IN ] C8 24 0A 0D 25 A5 0A 01 31 05 D6 3A FF 00 00 50 EA C6 C8 24 03 0C 25 A5 03 01 31 04 D8 3A 01 01 4D 6A EA (35)
                              [N10:HMI] HMILED ':' 255 0 0 (16711680)
                              [N3:X] INTERRUPT ':' 1 1 (257)
2026-04-21 18:40:14:277 [OUT] 25 A5 01 09 31 03 C9 3D 09 4D 1C (11)
                              [N9:P] LFLAG '=' 9 (9)
2026-04-21 18:40:14:300 [OUT] 25 A5 01 04 31 02 D8 3F 4F D3 (10)
                              [N4:Y] INTERRUPT '?'
2026-04-21 18:40:14:602 [IN ] C8 24 09 0B 25 A5 09 01 31 03 C9 3A 09 4A 1E 6A C8 24 04 0C 25 A5 04 01 31 04 D8 3A 01 01 4E 72 EA (33)
                              [N9:P] LFLAG ':' 9 (9)
                              [N4:Y] INTERRUPT ':' 1 1 (257)
2026-04-21 18:40:14:623 [OUT] 25 A5 01 09 31 03 CA 3D 09 4E 1F (11)
                              [N9:P] RFLAG '=' 9 (9)
2026-04-21 18:40:14:645 [OUT] 25 A5 01 0C 31 02 D8 3F 57 FB (10)
                              [N12:Z] INTERRUPT '?'
2026-04-21 18:40:14:948 [IN ] C8 24 09 0B 25 A5 09 01 31 03 CA 3A 09 4B 21 72 C8 24 0C 0C 25 A5 0C 01 31 04 D8 3A 01 01 56 B2 EA (33)
                              [N9:P] RFLAG ':' 9 (9)
                              [N12:Z] INTERRUPT ':' 1 1 (257)
2026-04-21 18:40:14:969 [OUT] 25 A5 01 08 31 03 C9 3D 09 4C 16 (11)
                              [N8:R] LFLAG '=' 9 (9)
2026-04-21 18:40:14:991 [OUT] 25 A5 01 03 31 03 C9 3D 0B 49 FA (11)
                              [N3:X] LFLAG '=' 11 (11)
2026-04-21 18:40:15:013 [OUT] 25 A5 01 04 31 03 C9 3D 0B 4A 00 (11)
                              [N4:Y] LFLAG '=' 11 (11)
2026-04-21 18:40:15:039 [OUT] 25 A5 01 0C 31 03 C9 3D 0B 52 30 (11)
                              [N12:Z] LFLAG '=' 11 (11)
2026-04-21 18:40:15:124 [IN ] C8 24 08 0B 25 A5 08 01 31 03 C9 3A 09 49 17 B2 (16)
                              [N8:R] LFLAG ':' 9 (9)
2026-04-21 18:40:15:148 [OUT] 25 A5 01 08 31 03 CA 3D 09 4D 19 (11)
                              [N8:R] RFLAG '=' 9 (9)
2026-04-21 18:40:15:253 [IN ] C8 24 03 0B 25 A5 03 01 31 03 C9 3A 0B 46 F6 B2 (16)
                              [N3:X] LFLAG ':' 11 (11)
2026-04-21 18:40:15:275 [OUT] 25 A5 01 03 31 03 88 00 50 10 02 (11)
                              [N3:X] RUN 0 80 (80)
2026-04-21 18:40:15:360 [IN ] C8 24 04 0B 25 A5 04 01 31 03 C9 3A 0B 47 FD B2 (16)
                              [N4:Y] LFLAG ':' 11 (11)
2026-04-21 18:40:15:382 [OUT] 25 A5 01 04 31 03 88 00 50 11 08 (11)
                              [N4:Y] RUN 0 80 (80)
2026-04-21 18:40:15:467 [IN ] C8 24 0C 0B 25 A5 0C 01 31 03 C9 3A 0B 4F 35 B2 (16)
                              [N12:Z] LFLAG ':' 11 (11)
2026-04-21 18:40:15:488 [OUT] 25 A5 01 0C 31 03 88 00 50 19 38 (11)
                              [N12:Z] RUN 0 80 (80)
2026-04-21 18:40:15:572 [IN ] C8 24 08 0B 25 A5 08 01 31 03 CA 3A 09 4A 1A B2 (16)
                              [N8:R] RFLAG ':' 9 (9)
2026-04-21 18:40:15:699 [IN ] C8 24 03 0C 25 A5 03 01 31 04 88 53 00 50 64 C2 EA (17)
                              [N3:X] RUN 'S' 0 80 (80)
2026-04-21 18:40:15:783 [IN ] C8 24 04 0C 25 A5 04 01 31 04 88 53 00 50 65 CA EA (17)
                              [N4:Y] RUN 'S' 0 80 (80)
2026-04-21 18:40:15:909 [IN ] C8 24 0C 0C 25 A5 0C 01 31 04 88 53 00 50 6D 0A EA (17)
                              [N12:Z] RUN 'S' 0 80 (80)
2026-04-21 18:40:22:134 [IN ] C8 24 04 0B 25 A5 04 01 31 03 81 5A 4C 60 A6 0A C8 24 04 0A 25 A5 04 01 31 02 81 49 02 32 A6 (31)
                              [N4:Y] TPOS 'Z' 76 (76)
                              [N4:Y] TPOS 'I'
2026-04-21 18:40:22:358 [OUT] 25 A5 01 09 31 02 D8 3F 54 EC (10)
                              [N9:P] INTERRUPT '?'
2026-04-21 18:40:22:660 [IN ] C8 24 09 0C 25 A5 09 01 31 04 D8 3A 01 01 53 9A EA (17)
                              [N9:P] INTERRUPT ':' 1 1 (257)
2026-04-21 18:40:22:682 [OUT] 25 A5 01 04 31 03 C9 3D 09 48 FE (11)
                              [N4:Y] LFLAG '=' 9 (9)
2026-04-21 18:40:22:704 [OUT] 25 A5 01 07 31 02 D8 3F 52 E2 (10)
                              [N7:N] INTERRUPT '?'
2026-04-21 18:40:23:006 [IN ] C8 24 04 0B 25 A5 04 01 31 03 C9 3A 09 45 FB 9A C8 24 07 0C 25 A5 07 01 31 04 D8 3A 01 01 51 8A EA (33)
                              [N4:Y] LFLAG ':' 9 (9)
                              [N7:N] INTERRUPT ':' 1 1 (257)
2026-04-21 18:40:23:028 [OUT] 25 A5 01 09 31 03 C9 3D 0B 4F 1E (11)
                              [N9:P] LFLAG '=' 11 (11)
2026-04-21 18:40:23:050 [OUT] 25 A5 01 07 31 03 C9 3D 0B 4D 12 (11)
                              [N7:N] LFLAG '=' 11 (11)
2026-04-21 18:40:23:200 [IN ] C8 24 09 0B 25 A5 09 01 31 03 C9 3A 0B 4C 20 8A (16)
                              [N9:P] LFLAG ':' 11 (11)
2026-04-21 18:40:23:222 [OUT] 25 A5 01 09 31 03 88 00 50 16 26 (11)
                              [N9:P] RUN 0 80 (80)
2026-04-21 18:40:23:307 [IN ] C8 24 07 0B 25 A5 07 01 31 03 C9 3A 0B 4A 12 8A (16)
                              [N7:N] LFLAG ':' 11 (11)
2026-04-21 18:40:23:328 [OUT] 25 A5 01 07 31 03 88 00 50 14 1A (11)
                              [N7:N] RUN 0 80 (80)
2026-04-21 18:40:23:413 [IN ] C8 24 09 0C 25 A5 09 01 31 04 88 53 00 50 6A F2 EA (17)
                              [N9:P] RUN 'S' 0 80 (80)
2026-04-21 18:40:23:476 [IN ] C8 24 09 0B 25 A5 09 01 31 03 81 5A 4C 65 C9 F2 (16)
                              [N9:P] TPOS 'Z' 76 (76)
2026-04-21 18:40:23:518 [IN ] C8 24 09 0A 25 A5 09 01 31 02 81 49 07 50 C9 (15)
                              [N9:P] TPOS 'I'
2026-04-21 18:40:23:542 [IN ] C8 24 07 0C 25 A5 07 01 31 04 88 53 00 50 68 E2 EA (17)
                              [N7:N] RUN 'S' 0 80 (80)
2026-04-21 18:40:23:563 [OUT] 25 A5 01 09 31 03 C9 3D 09 4D 1C (11)
                              [N9:P] LFLAG '=' 9 (9)
2026-04-21 18:40:23:584 [OUT] 25 A5 01 04 31 05 81 FF EE 88 01 32 FA (13)
                              [N4:Y] TPOS 255 238 136 1 (-1144831)
2026-04-21 18:40:23:732 [IN ] C8 24 09 0B 25 A5 09 01 31 03 C9 3A 09 4A 1E E2 (16)
                              [N9:P] LFLAG ':' 9 (9)
2026-04-21 18:40:23:857 [IN ] C8 24 04 0E 25 A5 04 01 31 06 81 53 00 00 00 00 10 88 F7 (19)
                              [N4:Y] TPOS 'S' 0 0 0 0 (0)
2026-04-21 18:40:24:059 [IN ] C8 24 03 0B 25 A5 03 01 31 03 81 5A 4C 5F 9F 00 (16)
                              [N3:X] TPOS 'Z' 76 (76)
2026-04-21 18:40:24:261 [IN ] C8 24 03 0A 25 A5 03 01 31 02 81 49 01 2C 9F (15)
                              [N3:X] TPOS 'I'
2026-04-21 18:40:24:485 [OUT] 25 A5 01 03 31 03 C9 3D 09 47 F8 (11)
                              [N3:X] LFLAG '=' 9 (9)
2026-04-21 18:40:24:652 [IN ] C8 24 03 0B 25 A5 03 01 31 03 C9 3A 09 44 F4 00 (16)
                              [N3:X] LFLAG ':' 9 (9)
2026-04-21 18:40:27:466 [IN ] C8 24 07 0B 25 A5 07 01 31 03 81 5A 4C 63 BB 00 C8 24 07 0A 25 A5 07 01 31 02 81 49 05 44 BB (31)
                              [N7:N] TPOS 'Z' 76 (76)
                              [N7:N] TPOS 'I'
2026-04-21 18:40:27:691 [OUT] 25 A5 01 07 31 03 C9 3D 09 4B 10 (11)
                              [N7:N] LFLAG '=' 9 (9)
2026-04-21 18:40:27:857 [IN ] C8 24 07 0B 25 A5 07 01 31 03 C9 3A 09 48 10 00 (16)
                              [N7:N] LFLAG ':' 9 (9)
2026-04-21 18:40:29:864 [IN ] C8 24 04 0E 25 A5 04 01 31 06 81 45 FF EE 85 87 FB 99 F7 (19)
                              [N4:Y] TPOS 'E' 255 238 133 135 (-1145465)
2026-04-21 18:40:30:087 [OUT] 25 A5 01 09 31 05 81 FF E7 5D 56 5A 0C (13)
                              [N9:P] TPOS 255 231 93 86 (-1614506)
2026-04-21 18:40:30:110 [OUT] 25 A5 01 04 31 05 81 FF FD 50 01 09 B7 (13)
                              [N4:Y] TPOS 255 253 80 1 (-176127)
2026-04-21 18:40:30:133 [OUT] 25 A5 01 07 31 05 81 FF AB 19 75 F7 DF (13)
                              [N7:N] TPOS 255 171 25 117 (-5564043)
2026-04-21 18:40:30:155 [OUT] 25 A5 01 03 31 05 81 FF EC 4A AB 9B 1A (13)
                              [N3:X] TPOS 255 236 74 171 (-1291605)
2026-04-21 18:40:30:177 [OUT] 25 A5 01 06 31 02 D8 3F 51 DD (10)
                              [N6:H] INTERRUPT '?'
2026-04-21 18:40:30:478 [IN ] C8 24 09 0E 25 A5 09 01 31 06 81 53 FF FF FF AF C1 60 F7 C8 24 04 0E 25 A5 04 01 31 06 81 53 FF EE 85 87 09 DF F7 (38)
                              [N9:P] TPOS 'S' 255 255 255 175 (-81)
                              [N4:Y] TPOS 'S' 255 238 133 135 (-1145465)
2026-04-21 18:40:30:779 [IN ] C8 24 07 0E 25 A5 07 01 31 06 81 53 FF FF FF FE 0E 9B F7 C8 24 03 0E 25 A5 03 01 31 06 81 53 FF FF FF FF 0B 74 F7 C8 24 06 0C 25 A5 06 01 31 04 D8 3A 01 01 50 82 0B (55)
                              [N7:N] TPOS 'S' 255 255 255 254 (-2)
                              [N3:X] TPOS 'S' 255 255 255 255 (-1)
                              [N6:H] INTERRUPT ':' 1 1 (257)
2026-04-21 18:40:30:800 [OUT] 25 A5 01 06 31 03 C9 3D 0B 4C 0C (11)
                              [N6:H] LFLAG '=' 11 (11)
2026-04-21 18:40:30:968 [IN ] C8 24 06 0B 25 A5 06 01 31 03 C9 3A 0B 49 0B 82 (16)
                              [N6:H] LFLAG ':' 11 (11)
2026-04-21 18:40:30:990 [OUT] 25 A5 01 06 31 03 88 FF B0 72 72 (11)
                              [N6:H] RUN 255 176 (-80)
2026-04-21 18:40:31:178 [IN ] C8 24 06 0C 25 A5 06 01 31 04 88 53 FF B0 C6 38 0B (17)
                              [N6:H] RUN 'S' 255 176 (-80)
2026-04-21 18:40:31:379 [IN ] C8 24 0C 0B 25 A5 0C 01 31 03 81 5A 4C 68 DE 38 (16)
                              [N12:Z] TPOS 'Z' 76 (76)
2026-04-21 18:40:31:581 [IN ] C8 24 0C 0A 25 A5 0C 01 31 02 81 49 0A 62 DE (15)
                              [N12:Z] TPOS 'I'
2026-04-21 18:40:31:805 [OUT] 25 A5 01 0C 31 03 C9 3D 09 50 2E (11)
                              [N12:Z] LFLAG '=' 9 (9)
2026-04-21 18:40:31:974 [IN ] C8 24 0C 0B 25 A5 0C 01 31 03 C9 3A 09 4D 33 38 (16)
                              [N12:Z] LFLAG ':' 9 (9)
2026-04-21 18:40:31:996 [OUT] 25 A5 01 0C 31 05 81 FF BC D0 00 4F 33 (13)
                              [N12:Z] TPOS 255 188 208 0 (-4403200)
2026-04-21 18:40:32:185 [IN ] C8 24 0C 0E 25 A5 0C 01 31 06 81 53 FF FF FF 7F 94 4E F7 (19)
                              [N12:Z] TPOS 'S' 255 255 255 127 (-129)
2026-04-21 18:40:35:199 [IN ] C8 24 06 0B 25 A5 06 01 31 03 81 5A 4C 62 B4 7F C8 24 06 0A 25 A5 06 01 31 02 81 49 04 3E B4 (31)
                              [N6:H] TPOS 'Z' 76 (76)
                              [N6:H] TPOS 'I'
2026-04-21 18:40:35:422 [OUT] 25 A5 01 06 31 03 C9 3D 09 4A 0A (11)
                              [N6:H] LFLAG '=' 9 (9)
2026-04-21 18:40:35:569 [IN ] C8 (1)
2026-04-21 18:40:35:590 [IN ] 24 06 0B 25 A5 06 01 31 03 C9 3A 09 47 09 7F (15)
                              [N6:H] LFLAG ':' 9 (9)
2026-04-21 18:40:35:612 [OUT] 25 A5 01 06 31 03 84 00 50 0F 08 (11)
                              [N6:H] VEL 0 80 (80)
2026-04-21 18:40:35:779 [IN ] C8 24 06 0C 25 A5 06 01 31 04 84 53 00 50 63 CA 94 (17)
                              [N6:H] VEL 'S' 0 80 (80)
2026-04-21 18:40:35:801 [OUT] 25 A5 01 06 31 05 81 00 19 82 3C 95 BE (13)
                              [N6:H] TPOS 0 25 130 60 (1671740)
2026-04-21 18:40:35:969 [IN ] C8 24 06 0E 25 A5 06 01 31 06 81 53 00 00 00 01 13 9D F7 (19)
                              [N6:H] TPOS 'S' 0 0 0 1 (1)
2026-04-21 18:40:37:175 [IN ] C8 24 03 0E 25 A5 03 01 31 06 81 45 FF EC 47 F9 2C 7F F7 (19)
                              [N3:X] TPOS 'E' 255 236 71 249 (-1292295)
2026-04-21 18:40:37:599 [OUT] 25 A5 01 03 31 05 81 FF FD 50 01 08 AF (13)
                              [N3:X] TPOS 255 253 80 1 (-176127)
2026-04-21 18:40:37:785 [IN ] C8 24 03 0E 25 A5 03 01 31 06 81 53 FF EC 47 F9 3A C5 F7 (19)
                              [N3:X] TPOS 'S' 255 236 71 249 (-1292295)
2026-04-21 18:40:38:188 [IN ] C8 24 04 0E 25 A5 04 01 31 06 81 45 FF FD 4F E7 34 BA F7 (19)
                              [N4:Y] TPOS 'E' 255 253 79 231 (-176153)
2026-04-21 18:40:38:793 [IN ] C8 24 09 0E 25 A5 09 01 31 06 81 45 FF E7 5A A9 F0 82 F7 (19)
                              [N9:P] TPOS 'E' 255 231 90 169 (-1615191)
2026-04-21 18:40:39:218 [OUT] 25 A5 01 09 31 05 81 FF FF D9 C8 60 BE (13)
                              [N9:P] TPOS 255 255 217 200 (-9784)
2026-04-21 18:40:39:407 [IN ] C8 24 09 0E 25 A5 09 01 31 06 81 53 FF E7 5A AB 00 CA F7 (19)
                              [N9:P] TPOS 'S' 255 231 90 171 (-1615189)
2026-04-21 18:40:43:622 [IN ] C8 24 06 0E 25 A5 06 01 31 06 81 45 00 19 87 09 AD B8 F7 (19)
                              [N6:H] TPOS 'E' 0 25 135 9 (1672969)
2026-04-21 18:40:44:046 [OUT] 25 A5 01 06 31 05 81 00 0D 03 C1 8F 21 (13)
                              [N6:H] TPOS 0 13 3 193 (852929)
2026-04-21 18:40:44:235 [IN ] C8 24 06 0E 25 A5 06 01 31 06 81 53 00 19 87 09 BB FE F7 (19)
                              [N6:H] TPOS 'S' 0 25 135 9 (1672969)
2026-04-21 18:40:45:841 [IN ] C8 24 03 0E 25 A5 03 01 31 06 81 45 FF FD 50 C4 11 8F F7 (19)
                              [N3:X] TPOS 'E' 255 253 80 196 (-175932)
2026-04-21 18:40:47:850 [IN ] C8 24 06 0E 25 A5 06 01 31 06 81 45 00 0C FE D4 E2 4A F7 (19)
                              [N6:H] TPOS 'E' 0 12 254 212 (851668)
2026-04-21 18:40:48:076 [OUT] 25 A5 01 05 31 02 D8 3F 50 D8 (10)
                              [N5:V] INTERRUPT '?'
2026-04-21 18:40:48:377 [IN ] C8 24 09 0E 25 A5 09 01 31 06 81 45 FF FF DA 15 F4 36 F7 C8 24 05 0C 25 A5 05 01 31 04 D8 3A 01 01 4F 7A F4 (36)
                              [N9:P] TPOS 'E' 255 255 218 21 (-9707)
                              [N5:V] INTERRUPT ':' 1 1 (257)
2026-04-21 18:40:48:398 [OUT] 25 A5 01 05 31 03 C9 3D 0B 4B 06 (11)
                              [N5:V] LFLAG '=' 11 (11)
2026-04-21 18:40:48:421 [OUT] 25 A5 01 08 31 02 D8 3F 53 E7 (10)
                              [N8:R] INTERRUPT '?'
2026-04-21 18:40:48:722 [IN ] C8 24 05 0B 25 A5 05 01 31 03 C9 3A 0B 48 04 7A C8 24 08 0C 25 A5 08 01 31 04 D8 3A 01 01 52 92 F4 (33)
                              [N5:V] LFLAG ':' 11 (11)
                              [N8:R] INTERRUPT ':' 1 1 (257)
2026-04-21 18:40:48:743 [OUT] 25 A5 01 05 31 03 88 FF B0 71 6C (11)
                              [N5:V] RUN 255 176 (-80)
2026-04-21 18:40:48:765 [OUT] 25 A5 01 08 31 03 CA 3D 0B 4F 1B (11)
                              [N8:R] RFLAG '=' 11 (11)
2026-04-21 18:40:48:914 [IN ] C8 24 05 0C 25 A5 05 01 31 04 88 53 FF B0 C5 30 F4 (17)
                              [N5:V] RUN 'S' 255 176 (-80)
2026-04-21 18:40:49:020 [IN ] C8 24 08 0B 25 A5 08 01 31 03 CA 3A 0B 4C 1C 30 (16)
                              [N8:R] RFLAG ':' 11 (11)
2026-04-21 18:40:49:040 [OUT] 25 A5 01 08 31 03 88 00 50 15 20 (11)
                              [N8:R] RUN 0 80 (80)
2026-04-21 18:40:49:208 [IN ] C8 24 08 0C 25 A5 08 01 31 04 (10)
2026-04-21 18:40:49:230 [IN ] 88 53 00 50 69 EA F4 (7)
                              [N8:R] RUN 'S' 0 80 (80)
2026-04-21 18:40:53:645 [IN ] C8 24 05 0B 25 A5 05 01 31 03 81 5A 4C 61 AD EA C8 24 05 0A 25 A5 05 01 31 02 81 49 03 38 AD (31)
                              [N5:V] TPOS 'Z' 76 (76)
                              [N5:V] TPOS 'I'
2026-04-21 18:40:53:869 [OUT] 25 A5 01 05 31 03 C9 3D 09 49 04 (11)
                              [N5:V] LFLAG '=' 9 (9)
2026-04-21 18:40:54:037 [IN ] C8 24 05 0B 25 A5 05 01 31 03 C9 3A 09 46 02 EA (16)
                              [N5:V] LFLAG ':' 9 (9)
2026-04-21 18:40:54:059 [OUT] 25 A5 01 05 31 03 84 00 50 0E 02 (11)
                              [N5:V] VEL 0 80 (80)
2026-04-21 18:40:54:226 [IN ] C8 24 05 0C 25 A5 05 01 31 04 84 53 00 50 62 C2 F4 (17)
                              [N5:V] VEL 'S' 0 80 (80)
2026-04-21 18:40:54:247 [OUT] 25 A5 01 05 31 05 81 00 19 82 3C 94 B6 (13)
                              [N5:V] TPOS 0 25 130 60 (1671740)
2026-04-21 18:40:54:437 [IN ] C8 24 05 0E 25 A5 05 01 31 06 81 53 00 00 00 00 11 92 F7 (19)
                              [N5:V] TPOS 'S' 0 0 0 0 (0)
2026-04-21 18:40:55:039 [IN ] C8 24 0C 0E 25 A5 0C 01 31 06 81 45 FF BC CD 73 05 CF F7 (19)
                              [N12:Z] TPOS 'E' 255 188 205 115 (-4403853)
2026-04-21 18:40:55:442 [IN ] C8 24 07 0E 25 A5 07 01 31 06 81 45 FF AB 14 EC AF 71 F7 (19)
                              [N7:N] TPOS 'E' 255 171 20 236 (-5565204)
2026-04-21 18:40:55:464 [OUT] 25 A5 01 0C 31 05 81 FF D1 1A 67 15 6D (13)
                              [N12:Z] TPOS 255 209 26 103 (-3073433)
2026-04-21 18:40:55:508 [OUT] 25 A5 01 07 31 05 81 FF F3 35 BF A5 39 (13)
                              [N7:N] TPOS 255 243 53 191 (-838209)
2026-04-21 18:40:55:655 [IN ] C8 24 0C 0E 25 A5 0C 01 31 06 81 53 FF BC CD 77 17 19 F7 (19)
                              [N12:Z] TPOS 'S' 255 188 205 119 (-4403849)
2026-04-21 18:40:55:779 [IN ] C8 24 07 0E 25 A5 07 01 31 06 81 53 FF AB 14 EC BD B7 F7 (19)
                              [N7:N] TPOS 'S' 255 171 20 236 (-5565204)
2026-04-21 18:41:01:002 [IN ] C8 24 08 0B 25 A5 08 01 31 03 81 5A 52 6A C8 EC C8 24 08 0A 25 A5 08 01 31 02 81 49 06 4A C8 (31)
                              [N8:R] TPOS 'Z' 82 (82)
                              [N8:R] TPOS 'I'
2026-04-21 18:41:01:225 [OUT] 25 A5 01 08 31 03 CA 3D 09 4D 19 (11)
                              [N8:R] RFLAG '=' 9 (9)
2026-04-21 18:41:01:394 [IN ] C8 24 08 0B 25 A5 08 01 31 03 CA 3A 09 4A 1A EC (16)
                              [N8:R] RFLAG ':' 9 (9)
2026-04-21 18:41:01:416 [OUT] 25 A5 01 08 31 05 81 FF DC 77 1D 2F DE (13)
                              [N8:R] TPOS 255 220 119 29 (-2328803)
2026-04-21 18:41:01:607 [IN ] C8 24 08 0E 25 A5 08 01 31 06 81 53 FF FF FF 90 A1 37 F7 (19)
                              [N8:R] TPOS 'S' 255 255 255 144 (-112)
2026-04-21 18:41:02:210 [IN ] C8 24 05 0E 25 A5 05 01 31 06 81 45 00 19 86 53 F5 F6 F7 (19)
                              [N5:V] TPOS 'E' 0 25 134 83 (1672787)
2026-04-21 18:41:02:613 [IN ] C8 24 0C 0E 25 A5 0C 01 31 06 81 45 FF D1 1D B9 B0 F4 F7 (19)
                              [N12:Z] TPOS 'E' 255 209 29 185 (-3072583)
2026-04-21 18:41:02:635 [OUT] 25 A5 01 05 31 05 81 00 0D 03 C1 8E 19 (13)
                              [N5:V] TPOS 0 13 3 193 (852929)
2026-04-21 18:41:02:824 [IN ] C8 24 05 0E 25 A5 05 01 31 06 81 53 00 19 86 53 03 3C F7 (19)
                              [N5:V] TPOS 'S' 0 25 134 83 (1672787)
2026-04-21 18:41:07:642 [IN ] C8 24 05 0E 25 A5 05 01 31 06 81 45 00 0D 01 D5 E6 4A F7 (19)
                              [N5:V] TPOS 'E' 0 13 1 213 (852437)
2026-04-21 18:41:07:866 [OUT] 25 A5 01 03 31 05 81 FF ED B1 30 88 70 (13)
                              [N3:X] TPOS 255 237 177 48 (-1199824)
2026-04-21 18:41:07:888 [OUT] 25 A5 01 04 31 05 81 FF F3 BD 0C 77 7E (13)
                              [N4:Y] TPOS 255 243 189 12 (-803572)
2026-04-21 18:41:08:057 [IN ] C8 24 03 0E 25 A5 03 01 31 06 81 53 FF FD 50 C3 1E D4 F7 (19)
                              [N3:X] TPOS 'S' 255 253 80 195 (-175933)
2026-04-21 18:41:08:183 [IN ] C8 24 04 0E 25 A5 04 01 31 06 81 53 FF FD 4F E7 42 00 F7 (19)
                              [N4:Y] TPOS 'S' 255 253 79 231 (-176153)
2026-04-21 18:41:11:596 [IN ] C8 24 04 0E 25 A5 04 01 31 06 81 45 FF F3 BA 48 F6 D3 F7 (19)
                              [N4:Y] TPOS 'E' 255 243 186 72 (-804280)
2026-04-21 18:41:13:204 [IN ] C8 24 03 0E 25 A5 03 01 31 06 81 45 FF ED AE 72 0D C9 F7 (19)
                              [N3:X] TPOS 'E' 255 237 174 114 (-1200526)
2026-04-21 18:41:17:221 [IN ] C8 24 07 0E 25 A5 07 01 31 06 81 45 FF F3 39 F7 27 9E F7 (19)
                              [N7:N] TPOS 'E' 255 243 57 247 (-837129)
2026-04-21 18:41:20:836 [IN ] C8 24 08 0E 25 A5 08 01 31 06 81 45 FF DC 76 C8 1F AE F7 (19)
                              [N8:R] TPOS 'E' 255 220 118 200 (-2328888)
2026-04-21 18:41:21:261 [OUT] 25 A5 01 08 31 05 81 FF EE 15 56 18 89 (13)
                              [N8:R] TPOS 255 238 21 86 (-1174186)
2026-04-21 18:41:21:451 [IN ] C8 24 08 0E 25 A5 08 01 31 06 81 53 FF DC 76 D9 3E 05 F7 (19)
                              [N8:R] TPOS 'S' 255 220 118 217 (-2328871)
2026-04-21 18:41:32:096 [IN ] C8 24 08 0E 25 A5 08 01 31 06 81 45 FF EE 14 7D 84 D5 F7 (19)
                              [N8:R] TPOS 'E' 255 238 20 125 (-1174403)
