2026-04-21 20:07:00:710 [OUT] 25 A5 01 0A 31 05 D6 3D FF 00 00 53 ED (13)
                              [N10:HMI] HMILED '=' 255 0 0 (16711680)
2026-04-21 20:07:00:733 [OUT] 25 A5 01 03 31 02 D8 3F 4E CE (10)
                              [N3:X] INTERRUPT '?'
2026-04-21 20:07:01:035 [IN ] C8 24 0A 0D 25 A5 0A 01 31 05 D6 3A FF 00 00 50 EA 35 C8 24 03 0C 25 A5 03 01 31 04 D8 3A 01 01 4D 6A EA (35)
                              [N10:HMI] HMILED ':' 255 0 0 (16711680)
                              [N3:X] INTERRUPT ':' 1 1 (257)
2026-04-21 20:07:01:056 [OUT] 25 A5 01 09 31 03 C9 3D 09 4D 1C (11)
                              [N9:P] LFLAG '=' 9 (9)
2026-04-21 20:07:01:078 [OUT] 25 A5 01 04 31 02 D8 3F 4F D3 (10)
                              [N4:Y] INTERRUPT '?'
2026-04-21 20:07:01:379 [IN ] C8 24 09 0B 25 A5 09 01 31 03 C9 3A 09 4A 1E 6A C8 24 04 0C 25 A5 04 01 31 04 D8 3A 01 01 4E 72 EA (33)
                              [N9:P] LFLAG ':' 9 (9)
                              [N4:Y] INTERRUPT ':' 1 1 (257)
2026-04-21 20:07:01:400 [OUT] 25 A5 01 09 31 03 CA 3D 09 4E 1F (11)
                              [N9:P] RFLAG '=' 9 (9)
2026-04-21 20:07:01:422 [OUT] 25 A5 01 0C 31 02 D8 3F 57 FB (10)
                              [N12:Z] INTERRUPT '?'
2026-04-21 20:07:01:725 [IN ] C8 24 09 0B 25 A5 09 01 31 03 CA 3A 09 4B 21 72 C8 24 0C 0C 25 A5 0C 01 31 04 D8 3A 01 01 56 B2 EA (33)
                              [N9:P] RFLAG ':' 9 (9)
                              [N12:Z] INTERRUPT ':' 1 1 (257)
2026-04-21 20:07:01:747 [OUT] 25 A5 01 08 31 03 C9 3D 09 4C 16 (11)
                              [N8:R] LFLAG '=' 9 (9)
2026-04-21 20:07:01:769 [OUT] 25 A5 01 03 31 03 C9 3D 0B 49 FA (11)
                              [N3:X] LFLAG '=' 11 (11)
2026-04-21 20:07:01:791 [OUT] 25 A5 01 04 31 03 C9 3D 0B 4A 00 (11)
                              [N4:Y] LFLAG '=' 11 (11)
2026-04-21 20:07:01:812 [OUT] 25 A5 01 0C 31 03 C9 3D 0B 52 30 (11)
                              [N12:Z] LFLAG '=' 11 (11)
2026-04-21 20:07:01:918 [IN ] C8 24 08 0B 25 A5 08 01 31 03 C9 3A 09 49 17 B2 (16)
                              [N8:R] LFLAG ':' 9 (9)
2026-04-21 20:07:01:941 [OUT] 25 A5 01 08 31 03 CA 3D 09 4D 19 (11)
                              [N8:R] RFLAG '=' 9 (9)
2026-04-21 20:07:02:026 [IN ] C8 24 03 0B 25 A5 03 01 31 03 C9 3A 0B 46 F6 B2 (16)
                              [N3:X] LFLAG ':' 11 (11)
2026-04-21 20:07:02:048 [OUT] 25 A5 01 03 31 03 88 00 50 10 02 (11)
                              [N3:X] RUN 0 80 (80)
2026-04-21 20:07:02:114 [IN ] C8 24 04 0B 25 A5 04 01 31 03 C9 3A 0B (13)
2026-04-21 20:07:02:136 [IN ] 47 FD B2 (3)
                              [N4:Y] LFLAG ':' 11 (11)
2026-04-21 20:07:02:158 [OUT] 25 A5 01 04 31 03 88 00 50 11 08 (11)
                              [N4:Y] RUN 0 80 (80)
2026-04-21 20:07:02:242 [IN ] C8 24 0C 0B 25 A5 0C 01 31 03 C9 3A 0B 4F 35 B2 (16)
                              [N12:Z] LFLAG ':' 11 (11)
2026-04-21 20:07:02:263 [OUT] 25 A5 01 0C 31 03 88 00 50 19 38 (11)
                              [N12:Z] RUN 0 80 (80)
2026-04-21 20:07:02:369 [IN ] C8 24 08 0B 25 A5 08 01 31 03 CA 3A 09 4A 1A B2 (16)
                              [N8:R] RFLAG ':' 9 (9)
2026-04-21 20:07:02:473 [IN ] C8 24 03 0C 25 A5 03 01 31 04 88 53 00 50 64 C2 EA (17)
                              [N3:X] RUN 'S' 0 80 (80)
2026-04-21 20:07:02:578 [IN ] C8 24 04 0C 25 A5 04 01 31 04 88 53 00 50 65 CA EA (17)
                              [N4:Y] RUN 'S' 0 80 (80)
2026-04-21 20:07:02:682 [IN ] C8 24 0C 0C 25 A5 0C 01 31 04 88 53 00 50 6D 0A EA (17)
                              [N12:Z] RUN 'S' 0 80 (80)
2026-04-21 20:07:08:706 [IN ] C8 24 04 0B 25 A5 04 01 31 03 81 5A 4C 60 A6 0A C8 24 04 0A 25 A5 04 01 31 02 81 49 02 32 A6 (31)
                              [N4:Y] TPOS 'Z' 76 (76)
                              [N4:Y] TPOS 'I'
2026-04-21 20:07:08:930 [OUT] 25 A5 01 09 31 02 D8 3F 54 EC (10)
                              [N9:P] INTERRUPT '?'
2026-04-21 20:07:09:231 [IN ] C8 24 09 0C 25 A5 09 01 31 04 D8 3A 01 01 53 9A EA (17)
                              [N9:P] INTERRUPT ':' 1 1 (257)
2026-04-21 20:07:09:252 [OUT] 25 A5 01 04 31 03 C9 3D 09 48 FE (11)
                              [N4:Y] LFLAG '=' 9 (9)
2026-04-21 20:07:09:273 [OUT] 25 A5 01 07 31 02 D8 3F 52 E2 (10)
                              [N7:N] INTERRUPT '?'
2026-04-21 20:07:09:575 [IN ] C8 24 04 0B 25 A5 04 01 31 03 C9 3A 09 45 FB 9A C8 24 07 0C 25 A5 07 01 31 04 D8 3A 01 01 51 8A EA (33)
                              [N4:Y] LFLAG ':' 9 (9)
                              [N7:N] INTERRUPT ':' 1 1 (257)
2026-04-21 20:07:09:596 [OUT] 25 A5 01 09 31 03 C9 3D 0B 4F 1E (11)
                              [N9:P] LFLAG '=' 11 (11)
2026-04-21 20:07:09:618 [OUT] 25 A5 01 07 31 03 C9 3D 0B 4D 12 (11)
                              [N7:N] LFLAG '=' 11 (11)
2026-04-21 20:07:09:769 [IN ] C8 24 09 0B 25 A5 09 01 31 03 C9 3A 0B 4C 20 8A (16)
                              [N9:P] LFLAG ':' 11 (11)
2026-04-21 20:07:09:790 [OUT] 25 A5 01 09 31 03 88 00 50 16 26 (11)
                              [N9:P] RUN 0 80 (80)
2026-04-21 20:07:09:875 [IN ] C8 24 07 0B 25 A5 07 01 31 03 C9 3A 0B 4A 12 8A (16)
                              [N7:N] LFLAG ':' 11 (11)
2026-04-21 20:07:09:897 [OUT] 25 A5 01 07 31 03 88 00 50 14 1A (11)
                              [N7:N] RUN 0 80 (80)
2026-04-21 20:07:09:982 [IN ] C8 24 09 0C 25 A5 09 01 31 04 88 53 00 50 6A F2 EA (17)
                              [N9:P] RUN 'S' 0 80 (80)
2026-04-21 20:07:10:048 [IN ] C8 24 09 0B 25 A5 09 01 31 03 81 5A 4C 65 C9 F2 (16)
                              [N9:P] TPOS 'Z' 76 (76)
2026-04-21 20:07:10:091 [IN ] C8 24 07 0C 25 A5 07 01 31 04 88 53 00 50 68 E2 EA C8 24 09 0A 25 A5 09 01 31 02 81 49 07 50 68 (32)
                              [N7:N] RUN 'S' 0 80 (80)
                              [N9:P] TPOS 'I'
2026-04-21 20:07:10:315 [OUT] 25 A5 01 09 31 03 C9 3D 09 4D 1C (11)
                              [N9:P] LFLAG '=' 9 (9)
2026-04-21 20:07:10:336 [OUT] 25 A5 01 04 31 05 81 FF EE 88 01 32 FA (13)
                              [N4:Y] TPOS 255 238 136 1 (-1144831)
2026-04-21 20:07:10:484 [IN ] C8 24 09 0B 25 A5 09 01 31 03 C9 3A 09 4A 1E E2 (16)
                              [N9:P] LFLAG ':' 9 (9)
2026-04-21 20:07:10:613 [IN ] C8 24 04 0E 25 A5 04 01 31 06 81 53 00 00 00 00 10 88 F7 (19)
                              [N4:Y] TPOS 'S' 0 0 0 0 (0)
2026-04-21 20:07:11:016 [IN ] C8 24 03 0B 25 A5 03 01 31 03 81 5A 4C 5F 9F 00 C8 24 03 0A 25 A5 03 01 31 02 81 49 01 2C 9F (31)
                              [N3:X] TPOS 'Z' 76 (76)
                              [N3:X] TPOS 'I'
2026-04-21 20:07:11:239 [OUT] 25 A5 01 03 31 03 C9 3D 09 47 F8 (11)
                              [N3:X] LFLAG '=' 9 (9)
2026-04-21 20:07:11:406 [IN ] C8 24 03 0B 25 A5 03 01 31 03 C9 3A 09 44 F4 00 (16)
                              [N3:X] LFLAG ':' 9 (9)
2026-04-21 20:07:14:016 [IN ] C8 24 07 0B 25 A5 07 01 31 03 81 5A 4C 63 BB 00 C8 24 07 0A 25 A5 07 01 31 02 81 49 05 44 BB (31)
                              [N7:N] TPOS 'Z' 76 (76)
                              [N7:N] TPOS 'I'
2026-04-21 20:07:14:239 [OUT] 25 A5 01 07 31 03 C9 3D 09 4B 10 (11)
                              [N7:N] LFLAG '=' 9 (9)
2026-04-21 20:07:14:406 [IN ] C8 24 07 0B 25 A5 07 01 31 03 C9 3A 09 48 10 00 (16)
                              [N7:N] LFLAG ':' 9 (9)
2026-04-21 20:07:16:614 [IN ] C8 24 04 0E 25 A5 04 01 31 06 81 45 FF EE 85 43 B7 55 F7 (19)
                              [N4:Y] TPOS 'E' 255 238 133 67 (-1145533)
2026-04-21 20:07:16:838 [OUT] 25 A5 01 09 31 05 81 FF E7 5D 56 5A 0C (13)
                              [N9:P] TPOS 255 231 93 86 (-1614506)
2026-04-21 20:07:16:860 [OUT] 25 A5 01 04 31 05 81 FF FD 50 01 09 B7 (13)
                              [N4:Y] TPOS 255 253 80 1 (-176127)
2026-04-21 20:07:16:882 [OUT] 25 A5 01 07 31 05 81 FF AB 19 75 F7 DF (13)
                              [N7:N] TPOS 255 171 25 117 (-5564043)
2026-04-21 20:07:16:903 [OUT] 25 A5 01 03 31 05 81 FF EC 4A AB 9B 1A (13)
                              [N3:X] TPOS 255 236 74 171 (-1291605)
2026-04-21 20:07:16:925 [OUT] 25 A5 01 06 31 02 D8 3F 51 DD (10)
                              [N6:H] INTERRUPT '?'
2026-04-21 20:07:17:227 [IN ] C8 24 09 0E 25 A5 09 01 31 06 81 53 FF FF FF A3 B5 54 F7 C8 24 04 0E 25 A5 04 01 31 06 81 53 FF EE 85 43 C5 9B F7 (38)
                              [N9:P] TPOS 'S' 255 255 255 163 (-93)
                              [N4:Y] TPOS 'S' 255 238 133 67 (-1145533)
2026-04-21 20:07:17:528 [IN ] C8 24 07 0E 25 A5 07 01 31 06 81 53 00 00 00 00 13 A6 F7 C8 24 03 0E 25 A5 03 01 31 06 81 53 FF FF FF FF 0B 74 F7 C8 24 06 0C 25 A5 06 01 31 04 D8 3A 01 01 50 82 0B (55)
                              [N7:N] TPOS 'S' 0 0 0 0 (0)
                              [N3:X] TPOS 'S' 255 255 255 255 (-1)
                              [N6:H] INTERRUPT ':' 1 1 (257)
2026-04-21 20:07:17:550 [OUT] 25 A5 01 06 31 03 C9 3D 0B 4C 0C (11)
                              [N6:H] LFLAG '=' 11 (11)
2026-04-21 20:07:17:717 [IN ] C8 24 06 0B 25 A5 06 01 31 03 C9 3A 0B 49 0B (15)
                              [N6:H] LFLAG ':' 11 (11)
2026-04-21 20:07:17:739 [OUT] 25 A5 01 06 31 03 88 FF B0 72 72 (11)
                              [N6:H] RUN 255 176 (-80)
2026-04-21 20:07:17:740 [IN ] 82 (1)
2026-04-21 20:07:17:909 [IN ] C8 24 06 0C 25 A5 06 01 31 04 88 53 FF B0 C6 38 0B (17)
                              [N6:H] RUN 'S' 255 176 (-80)
2026-04-21 20:07:18:111 [IN ] C8 24 0C 0B 25 A5 0C 01 31 03 81 5A 4C 68 DE 38 (16)
                              [N12:Z] TPOS 'Z' 76 (76)
2026-04-21 20:07:18:313 [IN ] C8 24 0C 0A 25 A5 0C 01 31 02 81 49 0A 62 DE (15)
                              [N12:Z] TPOS 'I'
2026-04-21 20:07:18:535 [OUT] 25 A5 01 0C 31 03 C9 3D 09 50 2E (11)
                              [N12:Z] LFLAG '=' 9 (9)
2026-04-21 20:07:18:704 [IN ] C8 24 0C 0B 25 A5 0C 01 31 03 C9 3A 09 4D 33 38 (16)
                              [N12:Z] LFLAG ':' 9 (9)
2026-04-21 20:07:18:725 [OUT] 25 A5 01 0C 31 05 81 FF BC D0 00 4F 33 (13)
                              [N12:Z] TPOS 255 188 208 0 (-4403200)
2026-04-21 20:07:18:913 [IN ] C8 24 0C 0E 25 A5 0C 01 31 06 81 53 FF FF FF AF C4 7E F7 (19)
                              [N12:Z] TPOS 'S' 255 255 255 175 (-81)
2026-04-21 20:07:21:927 [IN ] C8 24 06 0B 25 A5 06 01 31 03 81 5A 4C 62 B4 AF C8 24 06 0A 25 A5 06 01 31 02 81 49 04 3E B4 (31)
                              [N6:H] TPOS 'Z' 76 (76)
                              [N6:H] TPOS 'I'
2026-04-21 20:07:22:150 [OUT] 25 A5 01 06 31 03 C9 3D 09 4A 0A (11)
                              [N6:H] LFLAG '=' 9 (9)
2026-04-21 20:07:22:318 [IN ] C8 24 06 0B 25 A5 06 01 31 03 C9 3A 09 47 09 AF (16)
                              [N6:H] LFLAG ':' 9 (9)
2026-04-21 20:07:22:340 [OUT] 25 A5 01 06 31 03 84 00 50 0F 08 (11)
                              [N6:H] VEL 0 80 (80)
2026-04-21 20:07:22:508 [IN ] C8 24 06 0C 25 A5 06 01 31 04 84 53 00 50 63 CA C4 (17)
                              [N6:H] VEL 'S' 0 80 (80)
2026-04-21 20:07:22:529 [OUT] 25 A5 01 06 31 05 81 00 19 82 3C 95 BE (13)
                              [N6:H] TPOS 0 25 130 60 (1671740)
2026-04-21 20:07:22:717 [IN ] C8 24 06 0E 25 A5 06 01 31 06 81 53 00 00 00 02 14 9E F7 (19)
                              [N6:H] TPOS 'S' 0 0 0 2 (2)
2026-04-21 20:07:23:920 [IN ] C8 24 03 0E 25 A5 03 01 31 06 81 45 FF EC 47 F4 27 7A F7 (19)
                              [N3:X] TPOS 'E' 255 236 71 244 (-1292300)
2026-04-21 20:07:24:348 [OUT] 25 A5 01 03 31 05 81 FF FD 50 01 08 AF (13)
                              [N3:X] TPOS 255 253 80 1 (-176127)
2026-04-21 20:07:24:536 [IN ] C8 24 03 0E 25 A5 03 01 31 06 (10)
2026-04-21 20:07:24:557 [IN ] 81 53 FF EC 47 F4 35 C0 F7 (9)
                              [N3:X] TPOS 'S' 255 236 71 244 (-1292300)
2026-04-21 20:07:24:758 [IN ] C8 24 04 0E 25 A5 04 01 31 06 81 45 FF FD 50 0E 5C E3 F7 (19)
                              [N4:Y] TPOS 'E' 255 253 80 14 (-176114)
2026-04-21 20:07:25:562 [IN ] C8 24 09 0E 25 A5 09 01 31 06 81 45 FF E7 5A BD 04 96 F7 (19)
                              [N9:P] TPOS 'E' 255 231 90 189 (-1615171)
2026-04-21 20:07:25:989 [OUT] 25 A5 01 09 31 05 81 FF FF D9 C8 60 BE (13)
                              [N9:P] TPOS 255 255 217 200 (-9784)
2026-04-21 20:07:26:178 [IN ] C8 24 09 0E 25 A5 09 01 31 06 81 53 FF E7 5A BE 13 DD F7 (19)
                              [N9:P] TPOS 'S' 255 231 90 190 (-1615170)
2026-04-21 20:07:30:391 [IN ] C8 24 06 0E 25 A5 06 01 31 06 81 45 00 19 87 23 C7 D2 F7 (19)
                              [N6:H] TPOS 'E' 0 25 135 35 (1672995)
2026-04-21 20:07:30:817 [OUT] 25 A5 01 06 31 05 81 00 0D 03 C1 8F 21 (13)
                              [N6:H] TPOS 0 13 3 193 (852929)
2026-04-21 20:07:30:983 [IN ] C8 24 06 0E 25 A5 06 01 31 06 81 (11)
2026-04-21 20:07:31:004 [IN ] 53 00 19 87 24 D6 19 F7 (8)
                              [N6:H] TPOS 'S' 0 25 135 36 (1672996)
2026-04-21 20:07:32:810 [IN ] C8 24 03 0E 25 A5 03 01 31 06 81 45 FF FD 50 AC F9 77 F7 (19)
                              [N3:X] TPOS 'E' 255 253 80 172 (-175956)
2026-04-21 20:07:34:616 [IN ] C8 24 06 0E 25 A5 06 01 31 06 81 45 00 0C FE F9 07 6F F7 (19)
                              [N6:H] TPOS 'E' 0 12 254 249 (851705)
2026-04-21 20:07:34:842 [OUT] 25 A5 01 05 31 02 D8 3F 50 D8 (10)
                              [N5:V] INTERRUPT '?'
2026-04-21 20:07:35:143 [IN ] C8 24 09 0E 25 A5 09 01 31 06 81 45 FF FF DA 28 07 49 F7 C8 24 05 0C 25 A5 05 01 31 04 D8 3A 01 01 4F 7A 07 (36)
                              [N9:P] TPOS 'E' 255 255 218 40 (-9688)
                              [N5:V] INTERRUPT ':' 1 1 (257)
2026-04-21 20:07:35:165 [OUT] 25 A5 01 05 31 03 C9 3D 0B 4B 06 (11)
                              [N5:V] LFLAG '=' 11 (11)
2026-04-21 20:07:35:187 [OUT] 25 A5 01 08 31 02 D8 3F 53 E7 (10)
                              [N8:R] INTERRUPT '?'
2026-04-21 20:07:35:488 [IN ] C8 24 05 0B 25 A5 05 01 31 03 C9 3A 0B 48 04 7A C8 24 08 0C 25 A5 08 01 31 04 D8 3A 01 01 52 92 07 (33)
                              [N5:V] LFLAG ':' 11 (11)
                              [N8:R] INTERRUPT ':' 1 1 (257)
2026-04-21 20:07:35:509 [OUT] 25 A5 01 05 31 03 88 FF B0 71 6C (11)
                              [N5:V] RUN 255 176 (-80)
2026-04-21 20:07:35:532 [OUT] 25 A5 01 08 31 03 CA 3D 0B 4F 1B (11)
                              [N8:R] RFLAG '=' 11 (11)
2026-04-21 20:07:35:680 [IN ] C8 24 05 0C 25 A5 05 01 31 04 88 53 FF B0 C5 30 07 (17)
                              [N5:V] RUN 'S' 255 176 (-80)
2026-04-21 20:07:35:787 [IN ] C8 24 08 0B 25 A5 08 01 31 03 CA 3A 0B 4C 1C 30 (16)
                              [N8:R] RFLAG ':' 11 (11)
2026-04-21 20:07:35:809 [OUT] 25 A5 01 08 31 03 88 00 50 15 20 (11)
                              [N8:R] RUN 0 80 (80)
2026-04-21 20:07:35:977 [IN ] C8 24 08 0C 25 A5 08 01 31 04 88 53 00 50 69 EA 07 (17)
                              [N8:R] RUN 'S' 0 80 (80)
2026-04-21 20:07:40:394 [IN ] C8 24 05 0B 25 A5 05 01 31 03 81 5A 4C 61 AD EA C8 24 05 0A 25 A5 05 01 31 02 81 49 03 38 AD (31)
                              [N5:V] TPOS 'Z' 76 (76)
                              [N5:V] TPOS 'I'
2026-04-21 20:07:40:618 [OUT] 25 A5 01 05 31 03 C9 3D 09 49 04 (11)
                              [N5:V] LFLAG '=' 9 (9)
2026-04-21 20:07:40:786 [IN ] C8 24 05 0B 25 A5 05 01 31 03 C9 3A 09 46 02 EA (16)
                              [N5:V] LFLAG ':' 9 (9)
2026-04-21 20:07:40:808 [OUT] 25 A5 01 05 31 03 84 00 50 0E 02 (11)
                              [N5:V] VEL 0 80 (80)
2026-04-21 20:07:40:975 [IN ] C8 24 05 0C 25 A5 05 01 31 04 84 53 00 50 62 C2 07 (17)
                              [N5:V] VEL 'S' 0 80 (80)
2026-04-21 20:07:40:996 [OUT] 25 A5 01 05 31 05 81 00 19 82 3C 94 B6 (13)
                              [N5:V] TPOS 0 25 130 60 (1671740)
2026-04-21 20:07:41:206 [IN ] C8 24 05 0E 25 A5 05 01 31 06 81 53 00 00 00 00 11 92 F7 (19)
                              [N5:V] TPOS 'S' 0 0 0 0 (0)
2026-04-21 20:07:41:407 [IN ] C8 24 0C 0E 25 A5 0C 01 31 06 81 45 FF BC CD 43 D5 9F F7 (19)
                              [N12:Z] TPOS 'E' 255 188 205 67 (-4403901)
2026-04-21 20:07:41:831 [OUT] 25 A5 01 0C 31 05 81 FF D1 1A 67 15 6D (13)
                              [N12:Z] TPOS 255 209 26 103 (-3073433)
2026-04-21 20:07:42:019 [IN ] C8 24 0C 0E 25 A5 0C 01 31 06 81 53 FF BC CD 47 E7 E9 F7 (19)
                              [N12:Z] TPOS 'S' 255 188 205 71 (-4403897)
2026-04-21 20:07:42:221 [IN ] C8 24 07 0E 25 A5 07 01 31 06 81 45 FF AB 14 CE 91 53 F7 (19)
                              [N7:N] TPOS 'E' 255 171 20 206 (-5565234)
2026-04-21 20:07:42:648 [OUT] 25 A5 01 07 31 05 81 FF F3 35 BF A5 39 (13)
                              [N7:N] TPOS 255 243 53 191 (-838209)
2026-04-21 20:07:42:836 [IN ] C8 24 07 0E 25 A5 07 01 31 06 81 53 FF AB 14 CE 9F 99 F7 (19)
                              [N7:N] TPOS 'S' 255 171 20 206 (-5565234)
2026-04-21 20:07:46:648 [IN ] C8 24 08 0B 25 A5 08 01 31 03 81 5A 52 6A C8 CE (16)
                              [N8:R] TPOS 'Z' 82 (82)
2026-04-21 20:07:46:850 [IN ] C8 24 08 0A 25 A5 08 01 31 02 81 49 06 4A C8 (15)
                              [N8:R] TPOS 'I'
2026-04-21 20:07:47:075 [OUT] 25 A5 01 08 31 03 CA 3D 09 4D 19 (11)
                              [N8:R] RFLAG '=' 9 (9)
2026-04-21 20:07:47:243 [IN ] C8 24 08 0B 25 A5 08 01 31 03 CA 3A 09 4A 1A CE (16)
                              [N8:R] RFLAG ':' 9 (9)
2026-04-21 20:07:47:265 [OUT] 25 A5 01 08 31 05 81 FF DC 77 1D 2F DE (13)
                              [N8:R] TPOS 255 220 119 29 (-2328803)
2026-04-21 20:07:47:453 [IN ] C8 24 08 0E 25 A5 08 01 31 06 81 53 FF FF FF C8 D9 6F F7 (19)
                              [N8:R] TPOS 'S' 255 255 255 200 (-56)
2026-04-21 20:07:48:859 [IN ] C8 24 0C 0E 25 A5 0C 01 31 06 81 45 FF D1 1D E5 DC 20 F7 C8 24 05 0E 25 A5 05 01 31 06 81 45 00 19 86 37 D9 DA F7 (38)
                              [N12:Z] TPOS 'E' 255 209 29 229 (-3072539)
                              [N5:V] TPOS 'E' 0 25 134 55 (1672759)
2026-04-21 20:07:49:288 [OUT] 25 A5 01 05 31 05 81 00 0D 03 C1 8E 19 (13)
                              [N5:V] TPOS 0 13 3 193 (852929)
2026-04-21 20:07:49:476 [IN ] C8 24 05 0E 25 A5 05 01 31 06 81 53 00 19 86 37 E7 20 F7 (19)
                              [N5:V] TPOS 'S' 0 25 134 55 (1672759)
2026-04-21 20:07:54:296 [IN ] C8 24 05 0E 25 A5 05 01 31 06 81 45 00 0D 02 06 18 7D F7 (19)
                              [N5:V] TPOS 'E' 0 13 2 6 (852486)
2026-04-21 20:07:54:518 [OUT] 25 A5 01 03 31 05 81 FF ED B1 30 88 70 (13)
                              [N3:X] TPOS 255 237 177 48 (-1199824)
2026-04-21 20:07:54:541 [OUT] 25 A5 01 04 31 05 81 FF F3 BD 0C 77 7E (13)
                              [N4:Y] TPOS 255 243 189 12 (-803572)
2026-04-21 20:07:54:707 [IN ] C8 24 03 0E 25 A5 03 01 31 06 81 53 FF FD 50 AC 07 BD F7 (19)
                              [N3:X] TPOS 'S' 255 253 80 172 (-175956)
2026-04-21 20:07:54:833 [IN ] C8 24 04 0E 25 A5 04 01 31 06 81 53 FF FD 50 0E 6A 29 F7 (19)
                              [N4:Y] TPOS 'S' 255 253 80 14 (-176114)
2026-04-21 20:07:58:246 [IN ] C8 24 04 0E 25 A5 04 01 31 06 81 45 FF F3 BA 1F CD AA F7 (19)
                              [N4:Y] TPOS 'E' 255 243 186 31 (-804321)
2026-04-21 20:07:59:653 [IN ] C8 24 03 0E 25 A5 03 01 31 06 81 45 FF ED AE 53 EE AA F7 (19)
                              [N3:X] TPOS 'E' 255 237 174 83 (-1200557)
2026-04-21 20:08:04:071 [IN ] C8 24 07 0E 25 A5 07 01 31 06 81 45 FF F3 3A 3C 6D E5 F7 (19)
                              [N7:N] TPOS 'E' 255 243 58 60 (-837060)
2026-04-21 20:08:05:879 [IN ] C8 24 08 0E 25 A5 08 01 31 06 81 45 FF DC 76 EA 41 D0 F7 (19)
                              [N8:R] TPOS 'E' 255 220 118 234 (-2328854)
2026-04-21 20:08:06:305 [OUT] 25 A5 01 08 31 05 81 FF EE 15 56 18 89 (13)
                              [N8:R] TPOS 255 238 21 86 (-1174186)
2026-04-21 20:08:06:513 [IN ] C8 24 08 0E 25 A5 08 01 31 06 81 53 FF DC 76 F4 59 20 F7 (19)
                              [N8:R] TPOS 'S' 255 220 118 244 (-2328844)
2026-04-21 20:08:16:544 [IN ] C8 24 08 0E 25 A5 08 01 31 06 81 45 FF EE 14 CF D6 27 F7 (19)
                              [N8:R] TPOS 'E' 255 238 20 207 (-1174321)
