2026-04-21 20:11:21:918 [OUT] 25 A5 01 0A 31 05 D6 3D FF 00 00 53 ED (13)
                              [N10:HMI] HMILED '=' 255 0 0 (16711680)
2026-04-21 20:11:21:940 [OUT] 25 A5 01 03 31 02 D8 3F 4E CE (10)
                              [N3:X] INTERRUPT '?'
2026-04-21 20:11:22:242 [IN ] C8 24 0A 0D 25 A5 0A 01 31 05 D6 3A FF 00 00 50 EA 4A C8 24 03 0C 25 A5 03 01 31 04 D8 3A 01 01 4D 6A EA (35)
                              [N10:HMI] HMILED ':' 255 0 0 (16711680)
                              [N3:X] INTERRUPT ':' 1 1 (257)
2026-04-21 20:11:22:263 [OUT] 25 A5 01 09 31 03 C9 3D 09 4D 1C (11)
                              [N9:P] LFLAG '=' 9 (9)
2026-04-21 20:11:22:286 [OUT] 25 A5 01 04 31 02 D8 3F 4F D3 (10)
                              [N4:Y] INTERRUPT '?'
2026-04-21 20:11:22:587 [IN ] C8 24 09 0B 25 A5 09 01 31 03 C9 3A 09 4A 1E 6A C8 24 04 0C 25 A5 04 01 31 04 D8 3A 01 01 4E 72 EA (33)
                              [N9:P] LFLAG ':' 9 (9)
                              [N4:Y] INTERRUPT ':' 1 1 (257)
2026-04-21 20:11:22:609 [OUT] 25 A5 01 09 31 03 CA 3D 09 4E 1F (11)
                              [N9:P] RFLAG '=' 9 (9)
2026-04-21 20:11:22:632 [OUT] 25 A5 01 0C 31 02 D8 3F 57 FB (10)
                              [N12:Z] INTERRUPT '?'
2026-04-21 20:11:22:934 [IN ] C8 24 09 0B 25 A5 09 01 31 03 CA 3A 09 4B 21 72 C8 24 0C 0C 25 A5 0C 01 31 04 D8 3A 01 01 56 B2 EA (33)
                              [N9:P] RFLAG ':' 9 (9)
                              [N12:Z] INTERRUPT ':' 1 1 (257)
2026-04-21 20:11:22:955 [OUT] 25 A5 01 08 31 03 C9 3D 09 4C 16 (11)
                              [N8:R] LFLAG '=' 9 (9)
2026-04-21 20:11:22:977 [OUT] 25 A5 01 03 31 03 C9 3D 0B 49 FA (11)
                              [N3:X] LFLAG '=' 11 (11)
2026-04-21 20:11:22:998 [OUT] 25 A5 01 04 31 03 C9 3D 0B 4A 00 (11)
                              [N4:Y] LFLAG '=' 11 (11)
2026-04-21 20:11:23:020 [OUT] 25 A5 01 0C 31 03 C9 3D 0B 52 30 (11)
                              [N12:Z] LFLAG '=' 11 (11)
2026-04-21 20:11:23:125 [IN ] C8 24 08 0B 25 A5 08 01 31 03 C9 3A 09 49 17 B2 (16)
                              [N8:R] LFLAG ':' 9 (9)
2026-04-21 20:11:23:148 [OUT] 25 A5 01 08 31 03 CA 3D 09 4D 19 (11)
                              [N8:R] RFLAG '=' 9 (9)
2026-04-21 20:11:23:233 [IN ] C8 24 03 0B 25 A5 03 01 31 03 C9 3A 0B 46 F6 B2 (16)
                              [N3:X] LFLAG ':' 11 (11)
2026-04-21 20:11:23:255 [OUT] 25 A5 01 03 31 03 88 00 50 10 02 (11)
                              [N3:X] RUN 0 80 (80)
2026-04-21 20:11:23:361 [IN ] C8 24 04 0B 25 A5 04 01 31 03 C9 3A 0B 47 FD B2 (16)
                              [N4:Y] LFLAG ':' 11 (11)
2026-04-21 20:11:23:383 [OUT] 25 A5 01 04 31 03 88 00 50 11 08 (11)
                              [N4:Y] RUN 0 80 (80)
2026-04-21 20:11:23:466 [IN ] C8 24 0C 0B 25 A5 0C 01 31 03 C9 3A 0B 4F 35 B2 (16)
                              [N12:Z] LFLAG ':' 11 (11)
2026-04-21 20:11:23:487 [OUT] 25 A5 01 0C 31 03 88 00 50 19 38 (11)
                              [N12:Z] RUN 0 80 (80)
2026-04-21 20:11:23:571 [IN ] C8 24 08 0B 25 A5 08 01 31 03 CA 3A 09 4A 1A B2 (16)
                              [N8:R] RFLAG ':' 9 (9)
2026-04-21 20:11:23:677 [IN ] C8 24 03 0C 25 A5 03 01 31 04 88 53 00 50 64 C2 EA (17)
                              [N3:X] RUN 'S' 0 80 (80)
2026-04-21 20:11:23:781 [IN ] C8 24 04 0C 25 A5 04 01 31 04 88 53 00 50 65 CA EA (17)
                              [N4:Y] RUN 'S' 0 80 (80)
2026-04-21 20:11:23:886 [IN ] C8 24 0C 0C 25 A5 0C 01 31 04 88 53 00 50 6D 0A EA (17)
                              [N12:Z] RUN 'S' 0 80 (80)
2026-04-21 20:11:29:911 [IN ] C8 24 04 0B 25 A5 04 01 31 03 81 5A 4C 60 A6 0A C8 24 04 0A 25 A5 04 01 31 02 81 49 02 32 A6 (31)
                              [N4:Y] TPOS 'Z' 76 (76)
                              [N4:Y] TPOS 'I'
2026-04-21 20:11:30:139 [OUT] 25 A5 01 09 31 02 D8 3F 54 EC (10)
                              [N9:P] INTERRUPT '?'
2026-04-21 20:11:30:440 [IN ] C8 24 09 0C 25 A5 09 01 31 04 D8 3A 01 01 53 9A EA (17)
                              [N9:P] INTERRUPT ':' 1 1 (257)
2026-04-21 20:11:30:461 [OUT] 25 A5 01 04 31 03 C9 3D 09 48 FE (11)
                              [N4:Y] LFLAG '=' 9 (9)
2026-04-21 20:11:30:483 [OUT] 25 A5 01 07 31 02 D8 3F 52 E2 (10)
                              [N7:N] INTERRUPT '?'
2026-04-21 20:11:30:785 [IN ] C8 24 04 0B 25 A5 04 01 31 03 C9 3A 09 45 FB 9A C8 24 07 0C 25 A5 07 01 31 04 D8 3A 01 01 51 8A EA (33)
                              [N4:Y] LFLAG ':' 9 (9)
                              [N7:N] INTERRUPT ':' 1 1 (257)
2026-04-21 20:11:30:806 [OUT] 25 A5 01 09 31 03 C9 3D 0B 4F 1E (11)
                              [N9:P] LFLAG '=' 11 (11)
2026-04-21 20:11:30:828 [OUT] 25 A5 01 07 31 03 C9 3D 0B 4D 12 (11)
                              [N7:N] LFLAG '=' 11 (11)
2026-04-21 20:11:30:976 [IN ] C8 24 09 0B 25 A5 09 01 31 03 C9 3A 0B 4C 20 8A (16)
                              [N9:P] LFLAG ':' 11 (11)
2026-04-21 20:11:30:997 [OUT] 25 A5 01 09 31 03 88 00 50 16 26 (11)
                              [N9:P] RUN 0 80 (80)
2026-04-21 20:11:31:080 [IN ] C8 24 07 0B 25 A5 07 01 31 03 C9 3A 0B 4A 12 8A (16)
                              [N7:N] LFLAG ':' 11 (11)
2026-04-21 20:11:31:102 [OUT] 25 A5 01 07 31 03 88 00 50 14 1A (11)
                              [N7:N] RUN 0 80 (80)
2026-04-21 20:11:31:187 [IN ] C8 24 09 0C 25 A5 09 01 31 04 88 53 00 50 6A F2 EA (17)
                              [N9:P] RUN 'S' 0 80 (80)
2026-04-21 20:11:31:249 [IN ] C8 24 09 0B 25 A5 09 01 31 03 81 5A 4C 65 C9 F2 (16)
                              [N9:P] TPOS 'Z' 76 (76)
2026-04-21 20:11:31:293 [IN ] C8 24 07 0C 25 A5 07 01 31 04 88 53 00 50 68 E2 EA (17)
                              [N7:N] RUN 'S' 0 80 (80)
2026-04-21 20:11:31:493 [IN ] C8 24 09 0A 25 A5 09 01 31 02 81 49 07 50 68 (15)
                              [N9:P] TPOS 'I'
2026-04-21 20:11:31:717 [OUT] 25 A5 01 09 31 03 C9 3D 09 4D 1C (11)
                              [N9:P] LFLAG '=' 9 (9)
2026-04-21 20:11:31:739 [OUT] 25 A5 01 04 31 05 81 FF EE 88 01 32 FA (13)
                              [N4:Y] TPOS 255 238 136 1 (-1144831)
2026-04-21 20:11:31:885 [IN ] C8 24 09 0B 25 A5 09 01 31 03 C9 3A 09 4A 1E E2 (16)
                              [N9:P] LFLAG ':' 9 (9)
2026-04-21 20:11:32:011 [IN ] C8 24 04 0E 25 A5 04 01 31 06 81 53 00 00 00 00 10 88 F7 (19)
                              [N4:Y] TPOS 'S' 0 0 0 0 (0)
2026-04-21 20:11:32:215 [IN ] C8 24 03 0B 25 A5 03 01 31 03 81 5A 4C 5F 9F 00 C8 24 03 0A 25 A5 03 01 31 02 81 49 01 2C 9F (31)
                              [N3:X] TPOS 'Z' 76 (76)
                              [N3:X] TPOS 'I'
2026-04-21 20:11:32:437 [OUT] 25 A5 01 03 31 03 C9 3D 09 47 F8 (11)
                              [N3:X] LFLAG '=' 9 (9)
2026-04-21 20:11:32:605 [IN ] C8 24 03 0B 25 A5 03 01 31 03 C9 3A 09 44 F4 00 (16)
                              [N3:X] LFLAG ':' 9 (9)
2026-04-21 20:11:35:219 [IN ] C8 24 07 0B 25 A5 07 01 31 03 81 5A 4C 63 BB 00 C8 24 07 0A 25 A5 07 01 31 02 81 49 05 44 BB (31)
                              [N7:N] TPOS 'Z' 76 (76)
                              [N7:N] TPOS 'I'
2026-04-21 20:11:35:442 [OUT] 25 A5 01 07 31 03 C9 3D 09 4B 10 (11)
                              [N7:N] LFLAG '=' 9 (9)
2026-04-21 20:11:35:607 [IN ] C8 24 07 0B 25 A5 07 01 31 03 C9 3A 09 48 10 00 (16)
                              [N7:N] LFLAG ':' 9 (9)
2026-04-21 20:11:38:018 [IN ] C8 24 04 0E 25 A5 04 01 31 06 81 45 FF EE 85 4B BF 5D F7 (19)
                              [N4:Y] TPOS 'E' 255 238 133 75 (-1145525)
2026-04-21 20:11:38:241 [OUT] 25 A5 01 09 31 05 81 FF E7 5D 56 5A 0C (13)
                              [N9:P] TPOS 255 231 93 86 (-1614506)
2026-04-21 20:11:38:264 [OUT] 25 A5 01 04 31 05 81 FF FD 50 01 09 B7 (13)
                              [N4:Y] TPOS 255 253 80 1 (-176127)
2026-04-21 20:11:38:286 [OUT] 25 A5 01 07 31 05 81 FF AB 19 75 F7 DF (13)
                              [N7:N] TPOS 255 171 25 117 (-5564043)
2026-04-21 20:11:38:308 [OUT] 25 A5 01 03 31 05 81 FF EC 4A AB 9B 1A (13)
                              [N3:X] TPOS 255 236 74 171 (-1291605)
2026-04-21 20:11:38:330 [OUT] 25 A5 01 06 31 02 D8 3F 51 DD (10)
                              [N6:H] INTERRUPT '?'
2026-04-21 20:11:38:631 [IN ] C8 24 09 0E 25 A5 09 01 31 06 81 53 FF FF FF B0 C2 61 F7 C8 24 04 0E 25 A5 04 01 31 06 81 53 FF EE 85 4B CD A3 F7 (38)
                              [N9:P] TPOS 'S' 255 255 255 176 (-80)
                              [N4:Y] TPOS 'S' 255 238 133 75 (-1145525)
2026-04-21 20:11:38:933 [IN ] C8 24 07 0E 25 A5 07 01 31 06 81 53 00 00 00 00 13 A6 F7 C8 24 03 0E 25 A5 03 01 31 06 81 53 FF FF FF FF 0B 74 F7 C8 24 06 0C 25 A5 06 01 31 04 D8 3A 01 01 50 82 0B (55)
                              [N7:N] TPOS 'S' 0 0 0 0 (0)
                              [N3:X] TPOS 'S' 255 255 255 255 (-1)
                              [N6:H] INTERRUPT ':' 1 1 (257)
2026-04-21 20:11:38:954 [OUT] 25 A5 01 06 31 03 C9 3D 0B 4C 0C (11)
                              [N6:H] LFLAG '=' 11 (11)
2026-04-21 20:11:39:123 [IN ] C8 24 06 0B 25 A5 06 01 31 03 C9 3A 0B 49 0B 82 (16)
                              [N6:H] LFLAG ':' 11 (11)
2026-04-21 20:11:39:145 [OUT] 25 A5 01 06 31 03 88 FF B0 72 72 (11)
                              [N6:H] RUN 255 176 (-80)
2026-04-21 20:11:39:254 [IN ] C8 24 0C 0B 25 A5 0C 01 31 03 81 5A 4C 68 DE 82 (16)
                              [N12:Z] TPOS 'Z' 76 (76)
2026-04-21 20:11:39:297 [IN ] C8 24 0C 0A 25 A5 0C 01 31 02 81 49 0A 62 DE (15)
                              [N12:Z] TPOS 'I'
2026-04-21 20:11:39:319 [IN ] C8 24 06 0C 25 A5 06 01 31 04 88 53 FF B0 C6 38 0B (17)
                              [N6:H] RUN 'S' 255 176 (-80)
2026-04-21 20:11:39:340 [OUT] 25 A5 01 0C 31 03 C9 3D 09 50 2E (11)
                              [N12:Z] LFLAG '=' 9 (9)
2026-04-21 20:11:39:507 [IN ] C8 24 0C 0B 25 A5 0C 01 31 03 C9 3A 09 4D 33 38 (16)
                              [N12:Z] LFLAG ':' 9 (9)
2026-04-21 20:11:39:528 [OUT] 25 A5 01 0C 31 05 81 FF BC D0 00 4F 33 (13)
                              [N12:Z] TPOS 255 188 208 0 (-4403200)
2026-04-21 20:11:39:717 [IN ] C8 24 0C 0E 25 A5 0C 01 31 06 81 53 FF FF FF 46 5B 15 F7 (19)
                              [N12:Z] TPOS 'S' 255 255 255 70 (-186)
2026-04-21 20:11:43:329 [IN ] C8 24 06 0B 25 A5 06 01 31 03 81 5A 4C 62 B4 46 C8 24 06 0A 25 A5 06 01 31 02 81 49 04 3E B4 (31)
                              [N6:H] TPOS 'Z' 76 (76)
                              [N6:H] TPOS 'I'
2026-04-21 20:11:43:551 [OUT] 25 A5 01 06 31 03 C9 3D 09 4A 0A (11)
                              [N6:H] LFLAG '=' 9 (9)
2026-04-21 20:11:43:720 [IN ] C8 24 06 0B 25 A5 06 01 31 03 C9 3A 09 47 09 46 (16)
                              [N6:H] LFLAG ':' 9 (9)
2026-04-21 20:11:43:742 [OUT] 25 A5 01 06 31 03 84 00 50 0F 08 (11)
                              [N6:H] VEL 0 80 (80)
2026-04-21 20:11:43:908 [IN ] C8 24 06 0C 25 A5 06 01 31 04 84 53 00 50 63 CA 5B (17)
                              [N6:H] VEL 'S' 0 80 (80)
2026-04-21 20:11:43:929 [OUT] 25 A5 01 06 31 05 81 00 19 82 3C 95 BE (13)
                              [N6:H] TPOS 0 25 130 60 (1671740)
2026-04-21 20:11:44:097 [IN ] C8 24 06 0E 25 A5 06 01 31 06 81 53 00 00 00 01 13 9D F7 (19)
                              [N6:H] TPOS 'S' 0 0 0 1 (1)
2026-04-21 20:11:45:302 [IN ] C8 24 03 0E 25 A5 03 01 31 06 81 45 FF EC 47 E8 1B 6E F7 (19)
                              [N3:X] TPOS 'E' 255 236 71 232 (-1292312)
2026-04-21 20:11:45:727 [OUT] 25 A5 01 03 31 05 81 FF FD 50 01 08 AF (13)
                              [N3:X] TPOS 255 253 80 1 (-176127)
2026-04-21 20:11:45:913 [IN ] C8 24 03 0E 25 A5 03 01 31 06 81 53 FF EC 47 E9 2A B5 F7 (19)
                              [N3:X] TPOS 'S' 255 236 71 233 (-1292311)
2026-04-21 20:11:46:115 [IN ] C8 24 04 0E 25 A5 04 01 31 06 81 45 FF FD 50 04 52 D9 F7 (19)
                              [N4:Y] TPOS 'E' 255 253 80 4 (-176124)
2026-04-21 20:11:47:119 [IN ] C8 24 09 0E 25 A5 09 01 31 06 81 45 FF E7 5A C1 08 9A F7 (19)
                              [N9:P] TPOS 'E' 255 231 90 193 (-1615167)
2026-04-21 20:11:47:543 [OUT] 25 A5 01 09 31 05 81 FF FF D9 C8 60 BE (13)
                              [N9:P] TPOS 255 255 217 200 (-9784)
2026-04-21 20:11:47:733 [IN ] C8 24 09 0E 25 A5 (6)
2026-04-21 20:11:47:755 [IN ] 09 01 31 06 81 53 FF E7 5A C3 18 E2 F7 (13)
                              [N9:P] TPOS 'S' 255 231 90 195 (-1615165)
2026-04-21 20:11:51:768 [IN ] C8 24 06 0E 25 A5 06 01 31 06 81 45 00 19 87 0F B3 BE F7 (19)
                              [N6:H] TPOS 'E' 0 25 135 15 (1672975)
2026-04-21 20:11:52:192 [OUT] 25 A5 01 06 31 05 81 00 0D 03 C1 8F 21 (13)
                              [N6:H] TPOS 0 13 3 193 (852929)
2026-04-21 20:11:52:382 [IN ] C8 24 06 0E 25 A5 06 01 31 06 81 53 00 19 87 10 C2 05 F7 (19)
                              [N6:H] TPOS 'S' 0 25 135 16 (1672976)
2026-04-21 20:11:53:987 [IN ] C8 24 03 0E 25 A5 03 01 31 06 81 45 FF FD 50 C4 11 8F F7 (19)
                              [N3:X] TPOS 'E' 255 253 80 196 (-175932)
2026-04-21 20:11:55:993 [IN ] C8 24 06 0E 25 A5 06 01 31 06 81 45 00 0C FE F6 04 6C F7 (19)
                              [N6:H] TPOS 'E' 0 12 254 246 (851702)
2026-04-21 20:11:56:216 [OUT] 25 A5 01 05 31 02 D8 3F 50 D8 (10)
                              [N5:V] INTERRUPT '?'
2026-04-21 20:11:56:518 [IN ] C8 24 05 0C 25 A5 05 01 31 04 D8 3A 01 01 4F 7A 04 C8 24 09 0E 25 A5 09 01 31 06 81 45 FF FF DA 1C FB 3D F7 (36)
                              [N5:V] INTERRUPT ':' 1 1 (257)
                              [N9:P] TPOS 'E' 255 255 218 28 (-9700)
2026-04-21 20:11:56:539 [OUT] 25 A5 01 05 31 03 C9 3D 0B 4B 06 (11)
                              [N5:V] LFLAG '=' 11 (11)
2026-04-21 20:11:56:561 [OUT] 25 A5 01 08 31 02 D8 3F 53 E7 (10)
                              [N8:R] INTERRUPT '?'
2026-04-21 20:11:56:862 [IN ] C8 24 05 0B 25 A5 05 01 31 03 C9 3A 0B 48 04 1C C8 24 08 0C 25 A5 08 01 31 04 D8 3A 01 01 52 92 FB (33)
                              [N5:V] LFLAG ':' 11 (11)
                              [N8:R] INTERRUPT ':' 1 1 (257)
2026-04-21 20:11:56:883 [OUT] 25 A5 01 05 31 03 88 FF B0 71 6C (11)
                              [N5:V] RUN 255 176 (-80)
2026-04-21 20:11:56:905 [OUT] 25 A5 01 08 31 03 CA 3D 0B 4F 1B (11)
                              [N8:R] RFLAG '=' 11 (11)
2026-04-21 20:11:57:034 [IN ] C8 24 05 0C 25 A5 05 01 31 04 88 53 FF B0 C5 30 FB (17)
                              [N5:V] RUN 'S' 255 176 (-80)
2026-04-21 20:11:57:162 [IN ] C8 24 08 0B 25 A5 08 01 31 03 CA 3A 0B 4C 1C 30 (16)
                              [N8:R] RFLAG ':' 11 (11)
2026-04-21 20:11:57:184 [OUT] 25 A5 01 08 31 03 88 00 50 15 20 (11)
                              [N8:R] RUN 0 80 (80)
2026-04-21 20:11:57:350 [IN ] C8 24 08 0C 25 A5 08 01 31 04 88 53 00 50 69 EA FB (17)
                              [N8:R] RUN 'S' 0 80 (80)
2026-04-21 20:12:01:768 [IN ] C8 24 05 0B 25 A5 05 01 31 03 81 5A 4C 61 AD EA C8 24 05 0A 25 A5 05 01 31 02 81 49 03 38 AD (31)
                              [N5:V] TPOS 'Z' 76 (76)
                              [N5:V] TPOS 'I'
2026-04-21 20:12:01:991 [OUT] 25 A5 01 05 31 03 C9 3D 09 49 04 (11)
                              [N5:V] LFLAG '=' 9 (9)
2026-04-21 20:12:02:158 [IN ] C8 24 05 0B 25 A5 05 01 31 03 C9 3A 09 46 02 EA (16)
                              [N5:V] LFLAG ':' 9 (9)
2026-04-21 20:12:02:179 [OUT] 25 A5 01 05 31 03 84 00 50 0E 02 (11)
                              [N5:V] VEL 0 80 (80)
2026-04-21 20:12:02:200 [IN ] C8 24 0C 0E 25 A5 0C 01 31 06 81 45 FF BC CD 38 CA 94 F7 (19)
                              [N12:Z] TPOS 'E' 255 188 205 56 (-4403912)
2026-04-21 20:12:02:267 [OUT] 25 A5 01 0C 31 05 81 FF D1 1A 67 15 6D (13)
                              [N12:Z] TPOS 255 209 26 103 (-3073433)
2026-04-21 20:12:02:352 [IN ] C8 24 05 0C 25 A5 05 01 31 04 84 53 00 50 62 C2 CA (17)
                              [N5:V] VEL 'S' 0 80 (80)
2026-04-21 20:12:02:373 [OUT] 25 A5 01 05 31 05 81 00 19 82 3C 94 B6 (13)
                              [N5:V] TPOS 0 25 130 60 (1671740)
2026-04-21 20:12:02:479 [IN ] C8 24 0C 0E 25 A5 0C 01 31 06 81 53 FF BC CD 39 D9 DB F7 (19)
                              [N12:Z] TPOS 'S' 255 188 205 57 (-4403911)
2026-04-21 20:12:02:603 [IN ] C8 24 05 0E 25 A5 05 01 31 06 81 53 00 00 00 00 11 92 F7 (19)
                              [N5:V] TPOS 'S' 0 0 0 0 (0)
2026-04-21 20:12:03:608 [IN ] C8 24 07 0E 25 A5 07 01 31 06 81 45 FF AB 14 CF 92 54 F7 (19)
                              [N7:N] TPOS 'E' 255 171 20 207 (-5565233)
2026-04-21 20:12:04:032 [OUT] 25 A5 01 07 31 05 81 FF F3 35 BF A5 39 (13)
                              [N7:N] TPOS 255 243 53 191 (-838209)
2026-04-21 20:12:04:241 [IN ] C8 24 07 0E 25 A5 07 01 31 06 81 53 FF AB 14 CF A0 9A F7 (19)
                              [N7:N] TPOS 'S' 255 171 20 207 (-5565233)
2026-04-21 20:12:08:055 [IN ] C8 24 08 0B 25 A5 08 01 31 03 81 5A 52 6A C8 CF C8 24 08 0A 25 A5 08 01 31 02 81 49 06 4A C8 (31)
                              [N8:R] TPOS 'Z' 82 (82)
                              [N8:R] TPOS 'I'
2026-04-21 20:12:08:278 [OUT] 25 A5 01 08 31 03 CA 3D 09 4D 19 (11)
                              [N8:R] RFLAG '=' 9 (9)
2026-04-21 20:12:08:446 [IN ] C8 24 08 0B 25 A5 08 01 31 03 CA 3A 09 4A 1A CF (16)
                              [N8:R] RFLAG ':' 9 (9)
2026-04-21 20:12:08:468 [OUT] 25 A5 01 08 31 05 81 FF DC 77 1D 2F DE (13)
                              [N8:R] TPOS 255 220 119 29 (-2328803)
2026-04-21 20:12:08:657 [IN ] C8 24 08 0E 25 A5 08 01 31 06 81 53 FF FF FF B3 C4 5A F7 (19)
                              [N8:R] TPOS 'S' 255 255 255 179 (-77)
2026-04-21 20:12:09:258 [IN ] C8 24 0C 0E 25 A5 0C 01 31 06 81 45 FF D1 1D E2 D9 1D F7 (19)
                              [N12:Z] TPOS 'E' 255 209 29 226 (-3072542)
2026-04-21 20:12:10:263 [IN ] C8 24 05 0E 25 A5 05 01 31 06 81 45 00 19 86 25 C7 C8 F7 (19)
                              [N5:V] TPOS 'E' 0 25 134 37 (1672741)
2026-04-21 20:12:10:688 [OUT] 25 A5 01 05 31 05 81 00 0D 03 C1 8E 19 (13)
                              [N5:V] TPOS 0 13 3 193 (852929)
2026-04-21 20:12:10:877 [IN ] C8 24 05 0E 25 A5 05 01 31 06 81 53 00 19 86 25 D5 0E F7 (19)
                              [N5:V] TPOS 'S' 0 25 134 37 (1672741)
2026-04-21 20:12:15:692 [IN ] C8 24 05 0E 25 A5 05 01 31 06 81 45 00 0D 01 ED FE 62 F7 (19)
                              [N5:V] TPOS 'E' 0 13 1 237 (852461)
2026-04-21 20:12:15:916 [OUT] 25 A5 01 03 31 05 81 FF ED B1 30 88 70 (13)
                              [N3:X] TPOS 255 237 177 48 (-1199824)
2026-04-21 20:12:15:938 [OUT] 25 A5 01 04 31 05 81 FF F3 BD 0C 77 7E (13)
                              [N4:Y] TPOS 255 243 189 12 (-803572)
2026-04-21 20:12:16:107 [IN ] C8 24 03 0E 25 A5 03 01 31 06 81 53 FF FD 50 C3 1E D4 F7 (19)
                              [N3:X] TPOS 'S' 255 253 80 195 (-175933)
2026-04-21 20:12:16:253 [IN ] C8 24 04 0E 25 A5 04 01 31 06 81 53 FF FD 50 04 60 1F F7 (19)
                              [N4:Y] TPOS 'S' 255 253 80 4 (-176124)
2026-04-21 20:12:19:669 [IN ] C8 24 04 0E 25 A5 04 01 31 06 81 45 FF F3 BA 24 D2 AF F7 (19)
                              [N4:Y] TPOS 'E' 255 243 186 36 (-804316)
2026-04-21 20:12:21:074 [IN ] C8 24 03 0E 25 A5 03 01 31 06 81 45 FF ED AE 80 1B D7 F7 (19)
                              [N3:X] TPOS 'E' 255 237 174 128 (-1200512)
2026-04-21 20:12:25:491 [IN ] C8 24 07 0E 25 A5 07 01 31 06 81 45 FF F3 3A 36 67 DF F7 (19)
                              [N7:N] TPOS 'E' 255 243 58 54 (-837066)
2026-04-21 20:12:27:100 [IN ] C8 24 08 0E 25 A5 08 01 31 06 81 45 FF DC 76 8E E5 74 F7 (19)
                              [N8:R] TPOS 'E' 255 220 118 142 (-2328946)
2026-04-21 20:12:27:525 [OUT] 25 A5 01 08 31 05 81 FF EE 15 56 18 89 (13)
                              [N8:R] TPOS 255 238 21 86 (-1174186)
2026-04-21 20:12:27:712 [IN ] C8 24 08 0E 25 A5 08 01 31 06 81 53 FF DC 76 9B 00 C7 F7 (19)
                              [N8:R] TPOS 'S' 255 220 118 155 (-2328933)
2026-04-21 20:12:37:749 [IN ] C8 24 08 0E 25 A5 08 01 31 06 81 45 FF EE 14 D6 DD 2E F7 (19)
                              [N8:R] TPOS 'E' 255 238 20 214 (-1174314)
