2025-09-02 19:35:48:406 [OUT] 25 A5 01 0A 31 05 D6 3D FF 00 00 53 ED (13)
                              [N10:HMI] HMILED '=' 255 0 0 (16711680)
2025-09-02 19:35:48:429 [OUT] 25 A5 01 03 31 02 D8 3F 4E CE (10)
                              [N3:X] INTERRUPT '?'
2025-09-02 19:35:48:730 [IN ] C8 24 0A 0D 25 A5 0A 01 31 05 D6 3A FF 00 00 50 EA AC C8 24 03 0C 25 A5 03 01 31 04 D8 3A 01 01 4D 6A EA (35)
                              [N10:HMI] HMILED ':' 255 0 0 (16711680)
                              [N3:X] INTERRUPT ':' 1 1 (257)
2025-09-02 19:35:48:751 [OUT] 25 A5 01 09 31 03 C9 3D 09 4D 1C (11)
                              [N9:P] LFLAG '=' 9 (9)
2025-09-02 19:35:48:774 [OUT] 25 A5 01 04 31 02 D8 3F 4F D3 (10)
                              [N4:Y] INTERRUPT '?'
2025-09-02 19:35:49:075 [IN ] C8 24 09 0B 25 A5 09 01 31 03 C9 3A 09 4A 1E 6A C8 24 04 0C 25 A5 04 01 31 04 D8 3A 01 01 4E 72 EA (33)
                              [N9:P] LFLAG ':' 9 (9)
                              [N4:Y] INTERRUPT ':' 1 1 (257)
2025-09-02 19:35:49:097 [OUT] 25 A5 01 09 31 03 CA 3D 09 4E 1F (11)
                              [N9:P] RFLAG '=' 9 (9)
2025-09-02 19:35:49:121 [OUT] 25 A5 01 0C 31 02 D8 3F 57 FB (10)
                              [N12:Z] INTERRUPT '?'
2025-09-02 19:35:49:424 [IN ] C8 24 09 0B 25 A5 09 01 31 03 CA 3A 09 4B 21 72 C8 24 0C 0C 25 A5 0C 01 31 04 D8 3A 01 01 56 B2 EA (33)
                              [N9:P] RFLAG ':' 9 (9)
                              [N12:Z] INTERRUPT ':' 1 1 (257)
2025-09-02 19:35:49:445 [OUT] 25 A5 01 08 31 03 C9 3D 09 4C 16 (11)
                              [N8:R] LFLAG '=' 9 (9)
2025-09-02 19:35:49:467 [OUT] 25 A5 01 03 31 03 C9 3D 0B 49 FA (11)
                              [N3:X] LFLAG '=' 11 (11)
2025-09-02 19:35:49:488 [OUT] 25 A5 01 04 31 03 C9 3D 0B 4A 00 (11)
                              [N4:Y] LFLAG '=' 11 (11)
2025-09-02 19:35:49:509 [OUT] 25 A5 01 0C 31 03 C9 3D 0B 52 30 (11)
                              [N12:Z] LFLAG '=' 11 (11)
2025-09-02 19:35:49:613 [IN ] C8 24 08 0B 25 A5 08 01 31 03 C9 3A 09 49 17 B2 (16)
                              [N8:R] LFLAG ':' 9 (9)
2025-09-02 19:35:49:635 [OUT] 25 A5 01 08 31 03 CA 3D 09 4D 19 (11)
                              [N8:R] RFLAG '=' 9 (9)
2025-09-02 19:35:49:742 [IN ] C8 24 03 0B 25 A5 03 01 31 03 C9 3A 0B 46 F6 B2 (16)
                              [N3:X] LFLAG ':' 11 (11)
2025-09-02 19:35:49:764 [OUT] 25 A5 01 03 31 03 88 00 50 10 02 (11)
                              [N3:X] RUN 0 80 (80)
2025-09-02 19:35:49:828 [IN ] C8 24 04 0B 25 A5 04 01 31 03 C9 3A 0B 47 FD B2 (16)
                              [N4:Y] LFLAG ':' 11 (11)
2025-09-02 19:35:49:849 [OUT] 25 A5 01 04 31 03 88 00 50 11 08 (11)
                              [N4:Y] RUN 0 80 (80)
2025-09-02 19:35:49:932 [IN ] C8 24 0C 0B 25 A5 0C 01 31 03 C9 3A 0B 4F 35 B2 (16)
                              [N12:Z] LFLAG ':' 11 (11)
2025-09-02 19:35:49:954 [OUT] 25 A5 01 0C 31 03 88 00 50 19 38 (11)
                              [N12:Z] RUN 0 80 (80)
2025-09-02 19:35:50:057 [IN ] C8 24 08 0B 25 A5 08 01 31 03 CA 3A 09 4A 1A B2 (16)
                              [N8:R] RFLAG ':' 9 (9)
2025-09-02 19:35:50:159 [IN ] C8 24 03 0C 25 A5 03 01 31 04 88 53 00 50 64 C2 EA (17)
                              [N3:X] RUN 'S' 0 80 (80)
2025-09-02 19:35:50:285 [IN ] C8 24 04 0C 25 A5 04 01 31 04 88 53 00 50 65 CA EA (17)
                              [N4:Y] RUN 'S' 0 80 (80)
2025-09-02 19:35:50:369 [IN ] C8 24 0C 0C 25 A5 0C 01 (8)
2025-09-02 19:35:50:390 [IN ] 31 04 88 53 00 50 6D 0A EA (9)
                              [N12:Z] RUN 'S' 0 80 (80)
2025-09-02 19:35:57:608 [IN ] C8 24 04 0B 25 A5 04 01 31 03 81 5A 4C 60 A6 0A (16)
                              [N4:Y] TPOS 'Z' 76 (76)
2025-09-02 19:35:57:810 [IN ] C8 24 04 0A 25 A5 04 01 31 02 81 49 02 32 A6 (15)
                              [N4:Y] TPOS 'I'
2025-09-02 19:35:58:032 [OUT] 25 A5 01 09 31 02 D8 3F 54 EC (10)
                              [N9:P] INTERRUPT '?'
2025-09-02 19:35:58:334 [IN ] C8 24 09 0C 25 A5 09 01 31 04 D8 3A 01 01 53 9A EA (17)
                              [N9:P] INTERRUPT ':' 1 1 (257)
2025-09-02 19:35:58:355 [OUT] 25 A5 01 04 31 03 C9 3D 09 48 FE (11)
                              [N4:Y] LFLAG '=' 9 (9)
2025-09-02 19:35:58:377 [OUT] 25 A5 01 07 31 02 D8 3F 52 E2 (10)
                              [N7:N] INTERRUPT '?'
2025-09-02 19:35:58:678 [IN ] C8 24 04 0B 25 A5 04 01 31 03 C9 3A 09 45 FB 9A C8 24 07 0C 25 A5 07 01 31 04 D8 3A 01 01 51 8A EA (33)
                              [N4:Y] LFLAG ':' 9 (9)
                              [N7:N] INTERRUPT ':' 1 1 (257)
2025-09-02 19:35:58:699 [OUT] 25 A5 01 09 31 03 C9 3D 0B 4F 1E (11)
                              [N9:P] LFLAG '=' 11 (11)
2025-09-02 19:35:58:722 [OUT] 25 A5 01 07 31 03 C9 3D 0B 4D 12 (11)
                              [N7:N] LFLAG '=' 11 (11)
2025-09-02 19:35:58:867 [IN ] C8 24 09 0B 25 A5 09 01 31 03 C9 3A 0B 4C 20 8A (16)
                              [N9:P] LFLAG ':' 11 (11)
2025-09-02 19:35:58:891 [OUT] 25 A5 01 09 31 03 88 00 50 16 26 (11)
                              [N9:P] RUN 0 80 (80)
2025-09-02 19:35:58:993 [IN ] C8 24 07 0B 25 A5 07 01 31 03 C9 3A 0B 4A 12 8A (16)
                              [N7:N] LFLAG ':' 11 (11)
2025-09-02 19:35:59:014 [OUT] 25 A5 01 07 31 03 88 00 50 14 1A (11)
                              [N7:N] RUN 0 80 (80)
2025-09-02 19:35:59:076 [IN ] C8 24 09 0C 25 A5 09 01 31 04 88 53 00 50 6A F2 EA (17)
                              [N9:P] RUN 'S' 0 80 (80)
2025-09-02 19:35:59:139 [IN ] C8 24 09 0B 25 A5 09 01 31 03 81 5A 4C 65 C9 F2 (16)
                              [N9:P] TPOS 'Z' 76 (76)
2025-09-02 19:35:59:182 [IN ] C8 24 09 0A 25 A5 09 01 31 02 81 49 07 50 C9 (15)
                              [N9:P] TPOS 'I'
2025-09-02 19:35:59:205 [IN ] C8 24 07 0C 25 A5 07 01 31 04 88 53 00 50 68 E2 EA (17)
                              [N7:N] RUN 'S' 0 80 (80)
2025-09-02 19:35:59:226 [OUT] 25 A5 01 09 31 03 C9 3D 09 4D 1C (11)
                              [N9:P] LFLAG '=' 9 (9)
2025-09-02 19:35:59:247 [OUT] 25 A5 01 04 31 05 81 FF EE 88 01 32 FA (13)
                              [N4:Y] TPOS 255 238 136 1 (-1144831)
2025-09-02 19:35:59:391 [IN ] C8 24 09 0B 25 A5 09 01 31 03 C9 3A 09 4A 1E E2 (16)
                              [N9:P] LFLAG ':' 9 (9)
2025-09-02 19:35:59:514 [IN ] C8 24 04 0E 25 A5 04 01 31 06 81 53 00 00 00 00 10 88 0A (19)
                              [N4:Y] TPOS 'S' 0 0 0 0 (0)
2025-09-02 19:36:02:524 [IN ] C8 24 03 0B 25 A5 03 01 31 03 81 5A 4C 5F 9F 00 C8 24 03 0A 25 A5 03 01 31 02 81 49 01 2C 9F (31)
                              [N3:X] TPOS 'Z' 76 (76)
                              [N3:X] TPOS 'I'
2025-09-02 19:36:02:747 [OUT] 25 A5 01 03 31 03 C9 3D 09 47 F8 (11)
                              [N3:X] LFLAG '=' 9 (9)
2025-09-02 19:36:02:911 [IN ] C8 24 03 0B 25 A5 03 01 31 03 C9 3A 09 44 F4 00 (16)
                              [N3:X] LFLAG ':' 9 (9)
2025-09-02 19:36:04:516 [IN ] C8 24 07 0B 25 A5 07 01 31 03 81 5A 4C 63 BB 00 C8 24 07 0A 25 A5 07 01 31 02 81 49 05 44 BB (31)
                              [N7:N] TPOS 'Z' 76 (76)
                              [N7:N] TPOS 'I'
2025-09-02 19:36:04:738 [OUT] 25 A5 01 07 31 03 C9 3D 09 4B 10 (11)
                              [N7:N] LFLAG '=' 9 (9)
2025-09-02 19:36:04:923 [IN ] C8 24 07 0B 25 A5 07 01 31 03 C9 3A 09 48 10 00 (16)
                              [N7:N] LFLAG ':' 9 (9)
2025-09-02 19:36:05:726 [IN ] C8 24 0C 0B 25 A5 0C 01 31 03 81 5A 4C 68 DE 00 C8 24 0C 0A 25 A5 0C 01 31 02 81 49 0A 62 DE (31)
                              [N12:Z] TPOS 'Z' 76 (76)
                              [N12:Z] TPOS 'I'
2025-09-02 19:36:05:948 [OUT] 25 A5 01 0C 31 03 C9 3D 09 50 2E (11)
                              [N12:Z] LFLAG '=' 9 (9)
2025-09-02 19:36:05:989 [IN ] C8 24 04 0E 25 A5 04 01 31 06 81 45 FF EE 85 97 0B A9 0A (19)
                              [N4:Y] TPOS 'E' 255 238 133 151 (-1145449)
2025-09-02 19:36:06:054 [OUT] 25 A5 01 04 31 05 81 FF FD 50 01 09 B7 (13)
                              [N4:Y] TPOS 255 253 80 1 (-176127)
2025-09-02 19:36:06:077 [OUT] 25 A5 01 09 31 05 81 FF E7 5D 56 5A 0C (13)
                              [N9:P] TPOS 255 231 93 86 (-1614506)
2025-09-02 19:36:06:102 [OUT] 25 A5 01 07 31 05 81 FF AB 19 75 F7 DF (13)
                              [N7:N] TPOS 255 171 25 117 (-5564043)
2025-09-02 19:36:06:104 [IN ] C8 24 0C 0B 25 A5 0C 01 31 03 C9 3A 09 4D 33 97 (16)
                              [N12:Z] LFLAG ':' 9 (9)
2025-09-02 19:36:06:125 [OUT] 25 A5 01 0C 31 05 81 FF BC D0 00 4F 33 (13)
                              [N12:Z] TPOS 255 188 208 0 (-4403200)
2025-09-02 19:36:06:147 [OUT] 25 A5 01 06 31 02 D8 3F 51 DD (10)
                              [N6:H] INTERRUPT '?'
2025-09-02 19:36:06:449 [IN ] C8 24 04 0E 25 A5 04 01 31 06 81 53 FF EE 85 98 1A F0 0A C8 24 09 0E 25 A5 09 01 31 06 81 53 FF FF FF FE 10 AF 0A (38)
                              [N4:Y] TPOS 'S' 255 238 133 152 (-1145448)
                              [N9:P] TPOS 'S' 255 255 255 254 (-2)
2025-09-02 19:36:06:750 [IN ] C8 24 07 0E 25 A5 07 01 31 06 81 53 FF FF FF FE 0E 9B 0A C8 24 0C 0E 25 A5 0C 01 31 06 81 53 FF FF FF F2 07 C1 0A C8 24 06 0C 25 A5 06 01 31 04 D8 3A 01 01 50 82 07 (55)
                              [N7:N] TPOS 'S' 255 255 255 254 (-2)
                              [N12:Z] TPOS 'S' 255 255 255 242 (-14)
                              [N6:H] INTERRUPT ':' 1 1 (257)
2025-09-02 19:36:06:772 [OUT] 25 A5 01 03 31 05 81 FF EC 4A AB 9B 1A (13)
                              [N3:X] TPOS 255 236 74 171 (-1291605)
2025-09-02 19:36:06:793 [OUT] 25 A5 01 06 31 03 C9 3D 0B 4C 0C (11)
                              [N6:H] LFLAG '=' 11 (11)
2025-09-02 19:36:06:937 [IN ] C8 24 03 0E 25 A5 03 01 31 06 81 53 00 00 00 00 0F 7E 0A (19)
                              [N3:X] TPOS 'S' 0 0 0 0 (0)
2025-09-02 19:36:07:064 [IN ] C8 24 06 0B 25 A5 06 01 31 03 C9 3A 0B 49 0B 00 (16)
                              [N6:H] LFLAG ':' 11 (11)
2025-09-02 19:36:07:086 [OUT] 25 A5 01 06 31 03 88 FF B0 72 72 (11)
                              [N6:H] RUN 255 176 (-80)
2025-09-02 19:36:07:273 [IN ] C8 24 06 0C 25 A5 06 01 31 04 88 53 FF B0 C6 38 0F (17)
                              [N6:H] RUN 'S' 255 176 (-80)
2025-09-02 19:36:12:287 [IN ] C8 24 06 0B 25 A5 06 01 31 03 81 5A 4C 62 B4 38 C8 24 06 0A 25 A5 06 01 31 02 81 49 04 3E B4 (31)
                              [N6:H] TPOS 'Z' 76 (76)
                              [N6:H] TPOS 'I'
2025-09-02 19:36:12:509 [OUT] 25 A5 01 06 31 03 C9 3D 09 4A 0A (11)
                              [N6:H] LFLAG '=' 9 (9)
2025-09-02 19:36:12:654 [IN ] C8 24 06 0B 25 A5 06 01 31 03 C9 3A 09 47 09 38 (16)
                              [N6:H] LFLAG ':' 9 (9)
2025-09-02 19:36:12:675 [OUT] 25 A5 01 06 31 03 84 00 50 0F 08 (11)
                              [N6:H] VEL 0 80 (80)
2025-09-02 19:36:12:839 [IN ] C8 24 06 0C 25 A5 06 01 31 04 84 53 00 50 63 CA 0F (17)
                              [N6:H] VEL 'S' 0 80 (80)
2025-09-02 19:36:12:861 [OUT] 25 A5 01 06 31 05 81 00 19 82 3C 95 BE (13)
                              [N6:H] TPOS 0 25 130 60 (1671740)
2025-09-02 19:36:13:045 [IN ] C8 24 06 0E 25 A5 06 01 31 06 81 53 00 00 00 01 13 9D 0A (19)
                              [N6:H] TPOS 'S' 0 0 0 1 (1)
2025-09-02 19:36:15:250 [IN ] C8 24 03 0E 25 A5 03 01 31 06 81 45 FF EC 49 2C 61 B6 0A (19)
                              [N3:X] TPOS 'E' 255 236 73 44 (-1291988)
2025-09-02 19:36:15:453 [IN ] C8 24 04 0E 25 A5 04 01 31 06 81 45 FF FD 4F 52 9F 25 0A (19)
                              [N4:Y] TPOS 'E' 255 253 79 82 (-176302)
2025-09-02 19:36:15:675 [OUT] 25 A5 01 03 31 05 81 FF FD 50 01 08 AF (13)
                              [N3:X] TPOS 255 253 80 1 (-176127)
2025-09-02 19:36:15:859 [IN ] C8 24 03 0E 25 A5 03 01 31 06 81 53 FF EC 49 2C 6F FC 0A (19)
                              [N3:X] TPOS 'S' 255 236 73 44 (-1291988)
2025-09-02 19:36:16:259 [IN ] C8 24 09 0E 25 A5 09 01 31 06 81 45 FF E7 5B 7C C4 57 0A (19)
                              [N9:P] TPOS 'E' 255 231 91 124 (-1614980)
2025-09-02 19:36:16:684 [OUT] 25 A5 01 09 31 05 81 FF FF D9 C8 60 BE (13)
                              [N9:P] TPOS 255 255 217 200 (-9784)
2025-09-02 19:36:16:868 [IN ] C8 24 09 0E 25 A5 09 01 31 06 81 53 FF E7 5B 80 D6 A1 0A (19)
                              [N9:P] TPOS 'S' 255 231 91 128 (-1614976)
2025-09-02 19:36:23:082 [IN ] C8 24 06 0E 25 A5 06 01 31 06 81 45 00 19 83 1E BE C5 0A (19)
                              [N6:H] TPOS 'E' 0 25 131 30 (1671966)
2025-09-02 19:36:23:505 [OUT] 25 A5 01 06 31 05 81 00 0C 8F FB 54 70 (13)
                              [N6:H] TPOS 0 12 143 251 (823291)
2025-09-02 19:36:23:711 [IN ] C8 24 06 0E 25 A5 06 01 31 06 81 53 00 19 83 1E CC 0B 0A (19)
                              [N6:H] TPOS 'S' 0 25 131 30 (1671966)
2025-09-02 19:36:26:918 [IN ] C8 24 09 0E 25 A5 09 01 31 06 81 45 FF FF DB 54 34 77 0A (19)
                              [N9:P] TPOS 'E' 255 255 219 84 (-9388)
2025-09-02 19:36:27:141 [OUT] 25 A5 01 08 31 02 D8 3F 53 E7 (10)
                              [N8:R] INTERRUPT '?'
2025-09-02 19:36:27:443 [IN ] C8 24 08 0C 25 A5 08 01 31 04 D8 3A 01 01 52 92 34 (17)
                              [N8:R] INTERRUPT ':' 1 1 (257)
2025-09-02 19:36:27:464 [OUT] 25 A5 01 08 31 03 CA 3D 0B 4F 1B (11)
                              [N8:R] RFLAG '=' 11 (11)
2025-09-02 19:36:27:630 [IN ] C8 24 08 0B 25 A5 08 01 31 03 CA 3A 0B 4C 1C 92 (16)
                              [N8:R] RFLAG ':' 11 (11)
2025-09-02 19:36:27:650 [OUT] 25 A5 01 08 31 03 88 00 50 15 20 (11)
                              [N8:R] RUN 0 80 (80)
2025-09-02 19:36:27:835 [IN ] C8 24 08 0C 25 A5 08 01 31 04 88 53 00 50 69 EA 34 (17)
                              [N8:R] RUN 'S' 0 80 (80)
2025-09-02 19:36:28:839 [IN ] C8 24 06 0E 25 A5 06 01 31 06 81 45 00 0C 8D 6A 07 FE 0A (19)
                              [N6:H] TPOS 'E' 0 12 141 106 (822634)
2025-09-02 19:36:29:064 [OUT] 25 A5 01 05 31 02 D8 3F 50 D8 (10)
                              [N5:V] INTERRUPT '?'
2025-09-02 19:36:29:365 [IN ] C8 24 03 0E 25 A5 03 01 31 06 81 45 FF FD 4F 8B D7 54 0A C8 24 05 0C 25 A5 05 01 31 04 D8 3A 01 01 4F 7A D7 (36)
                              [N3:X] TPOS 'E' 255 253 79 139 (-176245)
                              [N5:V] INTERRUPT ':' 1 1 (257)
2025-09-02 19:36:29:386 [OUT] 25 A5 01 05 31 03 C9 3D 0B 4B 06 (11)
                              [N5:V] LFLAG '=' 11 (11)
2025-09-02 19:36:29:551 [IN ] C8 24 05 0B 25 A5 05 01 31 03 C9 3A 0B 48 04 7A (16)
                              [N5:V] LFLAG ':' 11 (11)
2025-09-02 19:36:29:572 [OUT] 25 A5 01 05 31 03 88 FF B0 71 6C (11)
                              [N5:V] RUN 255 176 (-80)
2025-09-02 19:36:29:720 [IN ] C8 (1)
2025-09-02 19:36:29:741 [IN ] 24 05 0C 25 A5 05 01 31 04 88 53 FF B0 C5 30 D7 (16)
                              [N5:V] RUN 'S' 255 176 (-80)
2025-09-02 19:36:31:545 [IN ] C8 24 0C 0E 25 A5 0C 01 31 06 81 45 FF BC CD F4 86 50 0A (19)
                              [N12:Z] TPOS 'E' 255 188 205 244 (-4403724)
2025-09-02 19:36:31:970 [OUT] 25 A5 01 0C 31 05 81 FF D4 54 00 EB 83 (13)
                              [N12:Z] TPOS 255 212 84 0 (-2862080)
2025-09-02 19:36:32:154 [IN ] C8 24 0C 0E 25 A5 0C 01 31 06 81 53 FF BC CD F4 94 96 0A (19)
                              [N12:Z] TPOS 'S' 255 188 205 244 (-4403724)
2025-09-02 19:36:33:559 [IN ] C8 24 07 0E 25 A5 07 01 31 06 81 45 FF AB 15 6D 31 F4 0A (19)
                              [N7:N] TPOS 'E' 255 171 21 109 (-5565075)
2025-09-02 19:36:33:983 [OUT] 25 A5 01 07 31 05 81 FF EF 4D 05 FF A3 (13)
                              [N7:N] TPOS 255 239 77 5 (-1094395)
2025-09-02 19:36:34:167 [IN ] C8 24 07 0E 25 A5 07 01 31 06 81 53 FF AB 15 6D 3F 3A 0A (19)
                              [N7:N] TPOS 'S' 255 171 21 109 (-5565075)
2025-09-02 19:36:35:371 [IN ] C8 24 05 0B 25 A5 05 01 31 03 81 5A 4C 61 AD 6D C8 24 05 0A 25 A5 05 01 31 02 81 49 03 38 AD (31)
                              [N5:V] TPOS 'Z' 76 (76)
                              [N5:V] TPOS 'I'
2025-09-02 19:36:35:593 [OUT] 25 A5 01 05 31 03 C9 3D 09 49 04 (11)
                              [N5:V] LFLAG '=' 9 (9)
2025-09-02 19:36:35:757 [IN ] C8 24 05 0B 25 (5)
2025-09-02 19:36:35:780 [IN ] A5 05 01 31 03 C9 3A 09 46 02 6D (11)
                              [N5:V] LFLAG ':' 9 (9)
2025-09-02 19:36:35:801 [OUT] 25 A5 01 05 31 03 84 00 50 0E 02 (11)
                              [N5:V] VEL 0 80 (80)
2025-09-02 19:36:35:965 [IN ] C8 24 05 0C 25 A5 05 01 31 04 84 53 00 50 62 C2 3F (17)
                              [N5:V] VEL 'S' 0 80 (80)
2025-09-02 19:36:35:986 [OUT] 25 A5 01 05 31 05 81 00 19 82 3C 94 B6 (13)
                              [N5:V] TPOS 0 25 130 60 (1671740)
2025-09-02 19:36:36:069 [IN ] C8 24 08 0B 25 A5 08 01 31 03 81 5A 52 6A C8 C2 (16)
                              [N8:R] TPOS 'Z' 82 (82)
2025-09-02 19:36:36:132 [IN ] C8 24 08 0A 25 A5 08 01 31 02 81 49 06 4A C8 (15)
                              [N8:R] TPOS 'I'
2025-09-02 19:36:36:174 [OUT] 25 A5 01 08 31 03 CA 3D 09 4D 19 (11)
                              [N8:R] RFLAG '=' 9 (9)
2025-09-02 19:36:36:175 [IN ] C8 24 05 0E 25 A5 05 01 31 06 81 53 00 00 00 00 11 92 0A (19)
                              [N5:V] TPOS 'S' 0 0 0 0 (0)
2025-09-02 19:36:36:339 [IN ] C8 24 08 0B 25 A5 08 01 31 03 CA 3A 09 4A 1A 00 (16)
                              [N8:R] RFLAG ':' 9 (9)
2025-09-02 19:36:36:361 [OUT] 25 A5 01 08 31 05 81 FF DC 77 1D 2F DE (13)
                              [N8:R] TPOS 255 220 119 29 (-2328803)
2025-09-02 19:36:36:545 [IN ] C8 24 08 0E 25 A5 08 01 31 06 81 53 FF FF FF F8 09 9F 0A (19)
                              [N8:R] TPOS 'S' 255 255 255 248 (-8)
2025-09-02 19:36:40:553 [IN ] C8 24 0C 0E 25 A5 0C 01 31 06 81 45 FF D4 57 50 84 08 0A (19)
                              [N12:Z] TPOS 'E' 255 212 87 80 (-2861232)
2025-09-02 19:36:44:764 [IN ] C8 24 05 0E 25 A5 05 01 31 06 81 45 00 19 85 65 06 06 0A (19)
                              [N5:V] TPOS 'E' 0 25 133 101 (1672549)
2025-09-02 19:36:45:189 [OUT] 25 A5 01 05 31 05 81 00 0C CC 38 CD 1F (13)
                              [N5:V] TPOS 0 12 204 56 (838712)
2025-09-02 19:36:45:374 [IN ] C8 24 05 0E 25 A5 05 01 31 06 81 53 00 19 85 65 14 4C 0A (19)
                              [N5:V] TPOS 'S' 0 25 133 101 (1672549)
2025-09-02 19:36:51:386 [IN ] C8 24 05 0E 25 A5 05 01 31 06 81 45 00 0C CA F4 CD F8 0A (19)
                              [N5:V] TPOS 'E' 0 12 202 244 (838388)
2025-09-02 19:36:51:589 [IN ] C8 24 08 0E 25 A5 08 01 31 06 81 45 FF DC 75 84 DA 68 0A (19)
                              [N8:R] TPOS 'E' 255 220 117 132 (-2329212)
2025-09-02 19:36:51:609 [OUT] 25 A5 01 03 31 05 81 FF EE 9E 16 5C 33 (13)
                              [N3:X] TPOS 255 238 158 22 (-1139178)
2025-09-02 19:36:51:632 [OUT] 25 A5 01 04 31 05 81 FF F3 B4 EE 50 4E (13)
                              [N4:Y] TPOS 255 243 180 238 (-805650)
2025-09-02 19:36:51:654 [OUT] 25 A5 01 08 31 05 81 FF ED AA 50 A6 AA (13)
                              [N8:R] TPOS 255 237 170 80 (-1201584)
2025-09-02 19:36:51:799 [IN ] C8 24 03 0E 25 A5 03 01 31 06 81 53 FF FD 4F 8B E5 9A 0A (19)
                              [N3:X] TPOS 'S' 255 253 79 139 (-176245)
2025-09-02 19:36:51:903 [IN ] C8 24 04 0E 25 A5 04 01 31 06 81 53 FF FD 4F 52 AD 6B 0A (19)
                              [N4:Y] TPOS 'S' 255 253 79 82 (-176302)
2025-09-02 19:36:52:046 [IN ] C8 24 08 0E 25 A5 08 01 31 06 81 53 FF DC 75 87 EB B1 0A (19)
                              [N8:R] TPOS 'S' 255 220 117 135 (-2329209)
2025-09-02 19:36:55:655 [IN ] C8 24 07 0E 25 A5 07 01 31 06 81 45 FF EF 51 8B CF 56 0A C8 24 04 0E 25 A5 04 01 31 06 81 45 FF F3 B2 AC 52 27 0A (38)
                              [N7:N] TPOS 'E' 255 239 81 139 (-1093237)
                              [N4:Y] TPOS 'E' 255 243 178 172 (-806228)
2025-09-02 19:36:57:860 [IN ] C8 24 03 0E 25 A5 03 01 31 06 81 45 FF EE 9C 4D D7 83 0A (19)
                              [N3:X] TPOS 'E' 255 238 156 77 (-1139635)
2025-09-02 19:36:59:667 [IN ] C8 24 08 0E 25 A5 08 01 31 06 81 45 FF ED AB 46 E3 C9 0A (19)
                              [N8:R] TPOS 'E' 255 237 171 70 (-1201338)
