2025-09-02 18:46:10:875 [OUT] 25 A5 01 0A 31 05 D6 3D FF 00 00 53 ED (13)
                              [N10:HMI] HMILED '=' 255 0 0 (16711680)
2025-09-02 18:46:10:898 [OUT] 25 A5 01 03 31 02 D8 3F 4E CE (10)
                              [N3:X] INTERRUPT '?'
2025-09-02 18:46:11:198 [IN ] C8 24 0A 0D 25 A5 0A 01 31 05 D6 3A FF 00 00 50 EA 00 C8 24 03 0C 25 A5 03 01 31 04 D8 3A 01 01 4D 6A EA (35)
                              [N10:HMI] HMILED ':' 255 0 0 (16711680)
                              [N3:X] INTERRUPT ':' 1 1 (257)
2025-09-02 18:46:11:219 [OUT] 25 A5 01 09 31 03 C9 3D 09 4D 1C (11)
                              [N9:P] LFLAG '=' 9 (9)
2025-09-02 18:46:11:242 [OUT] 25 A5 01 04 31 02 D8 3F 4F D3 (10)
                              [N4:Y] INTERRUPT '?'
2025-09-02 18:46:11:543 [IN ] C8 24 09 0B 25 A5 09 01 31 03 C9 3A 09 4A 1E 6A C8 24 04 0C 25 A5 04 01 31 04 D8 3A 01 01 4E 72 EA (33)
                              [N9:P] LFLAG ':' 9 (9)
                              [N4:Y] INTERRUPT ':' 1 1 (257)
2025-09-02 18:46:11:564 [OUT] 25 A5 01 09 31 03 CA 3D 09 4E 1F (11)
                              [N9:P] RFLAG '=' 9 (9)
2025-09-02 18:46:11:588 [OUT] 25 A5 01 0C 31 02 D8 3F 57 FB (10)
                              [N12:Z] INTERRUPT '?'
2025-09-02 18:46:11:891 [IN ] C8 24 09 0B 25 A5 09 01 31 03 CA 3A 09 4B 21 72 C8 24 0C 0C 25 A5 0C 01 31 04 D8 3A 01 01 56 B2 EA (33)
                              [N9:P] RFLAG ':' 9 (9)
                              [N12:Z] INTERRUPT ':' 1 1 (257)
2025-09-02 18:46:11:912 [OUT] 25 A5 01 08 31 03 C9 3D 09 4C 16 (11)
                              [N8:R] LFLAG '=' 9 (9)
2025-09-02 18:46:11:934 [OUT] 25 A5 01 03 31 03 C9 3D 0B 49 FA (11)
                              [N3:X] LFLAG '=' 11 (11)
2025-09-02 18:46:11:955 [OUT] 25 A5 01 04 31 03 C9 3D 0B 4A 00 (11)
                              [N4:Y] LFLAG '=' 11 (11)
2025-09-02 18:46:11:978 [OUT] 25 A5 01 0C 31 03 C9 3D 0B 52 30 (11)
                              [N12:Z] LFLAG '=' 11 (11)
2025-09-02 18:46:12:083 [IN ] C8 24 08 0B 25 A5 08 01 31 03 C9 3A 09 49 17 B2 (16)
                              [N8:R] LFLAG ':' 9 (9)
2025-09-02 18:46:12:106 [OUT] 25 A5 01 08 31 03 CA 3D 09 4D 19 (11)
                              [N8:R] RFLAG '=' 9 (9)
2025-09-02 18:46:12:189 [IN ] C8 24 03 0B 25 A5 03 01 31 03 C9 3A 0B 46 F6 B2 (16)
                              [N3:X] LFLAG ':' 11 (11)
2025-09-02 18:46:12:210 [OUT] 25 A5 01 03 31 03 88 00 50 10 02 (11)
                              [N3:X] RUN 0 80 (80)
2025-09-02 18:46:12:293 [IN ] C8 24 04 0B 25 A5 04 01 31 03 C9 3A 0B 47 FD B2 (16)
                              [N4:Y] LFLAG ':' 11 (11)
2025-09-02 18:46:12:314 [OUT] 25 A5 01 04 31 03 88 00 50 11 08 (11)
                              [N4:Y] RUN 0 80 (80)
2025-09-02 18:46:12:417 [IN ] C8 24 0C 0B 25 A5 0C 01 31 03 C9 3A 0B 4F 35 B2 (16)
                              [N12:Z] LFLAG ':' 11 (11)
2025-09-02 18:46:12:439 [OUT] 25 A5 01 0C 31 03 88 00 50 19 38 (11)
                              [N12:Z] RUN 0 80 (80)
2025-09-02 18:46:12:501 [IN ] C8 24 08 0B 25 A5 08 01 31 03 CA 3A 09 4A 1A B2 (16)
                              [N8:R] RFLAG ':' 9 (9)
2025-09-02 18:46:12:625 [IN ] C8 24 03 0C 25 A5 03 01 31 04 88 53 00 50 64 C2 EA (17)
                              [N3:X] RUN 'S' 0 80 (80)
2025-09-02 18:46:12:748 [IN ] C8 24 04 0C 25 A5 04 01 31 04 88 53 00 50 65 CA EA (17)
                              [N4:Y] RUN 'S' 0 80 (80)
2025-09-02 18:46:12:851 [IN ] C8 24 0C 0C 25 A5 0C 01 31 04 88 53 00 50 6D 0A EA (17)
                              [N12:Z] RUN 'S' 0 80 (80)
2025-09-02 18:46:20:068 [IN ] C8 24 04 0B 25 A5 04 01 31 03 81 5A 4C 60 A6 0A (16)
                              [N4:Y] TPOS 'Z' 76 (76)
2025-09-02 18:46:20:269 [IN ] C8 24 04 0A 25 A5 04 01 31 02 81 49 02 32 A6 (15)
                              [N4:Y] TPOS 'I'
2025-09-02 18:46:20:492 [OUT] 25 A5 01 09 31 02 D8 3F 54 EC (10)
                              [N9:P] INTERRUPT '?'
2025-09-02 18:46:20:792 [IN ] C8 24 09 0C 25 A5 09 01 31 04 D8 3A 01 01 53 9A EA (17)
                              [N9:P] INTERRUPT ':' 1 1 (257)
2025-09-02 18:46:20:814 [OUT] 25 A5 01 04 31 03 C9 3D 09 48 FE (11)
                              [N4:Y] LFLAG '=' 9 (9)
2025-09-02 18:46:20:836 [OUT] 25 A5 01 07 31 02 D8 3F 52 E2 (10)
                              [N7:N] INTERRUPT '?'
2025-09-02 18:46:21:138 [IN ] C8 24 04 0B 25 A5 04 01 31 03 C9 3A 09 45 FB 9A C8 24 07 0C 25 A5 07 01 31 04 D8 3A 01 01 51 8A EA (33)
                              [N4:Y] LFLAG ':' 9 (9)
                              [N7:N] INTERRUPT ':' 1 1 (257)
2025-09-02 18:46:21:159 [OUT] 25 A5 01 09 31 03 C9 3D 0B 4F 1E (11)
                              [N9:P] LFLAG '=' 11 (11)
2025-09-02 18:46:21:182 [OUT] 25 A5 01 07 31 03 C9 3D 0B 4D 12 (11)
                              [N7:N] LFLAG '=' 11 (11)
2025-09-02 18:46:21:328 [IN ] C8 24 09 0B 25 A5 09 01 31 03 C9 3A 0B 4C 20 8A (16)
                              [N9:P] LFLAG ':' 11 (11)
2025-09-02 18:46:21:350 [OUT] 25 A5 01 09 31 03 88 00 50 16 26 (11)
                              [N9:P] RUN 0 80 (80)
2025-09-02 18:46:21:433 [IN ] C8 24 07 0B 25 A5 07 01 31 03 C9 3A 0B 4A 12 8A (16)
                              [N7:N] LFLAG ':' 11 (11)
2025-09-02 18:46:21:454 [OUT] 25 A5 01 07 31 03 88 00 50 14 1A (11)
                              [N7:N] RUN 0 80 (80)
2025-09-02 18:46:21:537 [IN ] C8 24 09 0C 25 A5 09 01 31 04 88 53 00 50 6A F2 EA (17)
                              [N9:P] RUN 'S' 0 80 (80)
2025-09-02 18:46:21:622 [IN ] C8 24 09 0B 25 A5 09 01 31 03 81 5A 4C 65 C9 F2 (16)
                              [N9:P] TPOS 'Z' 76 (76)
2025-09-02 18:46:21:667 [IN ] C8 24 07 0C 25 A5 07 01 31 04 88 53 00 50 68 E2 EA C8 24 09 0A 25 A5 09 01 31 02 81 49 07 50 68 (32)
                              [N7:N] RUN 'S' 0 80 (80)
                              [N9:P] TPOS 'I'
2025-09-02 18:46:21:891 [OUT] 25 A5 01 09 31 03 C9 3D 09 4D 1C (11)
                              [N9:P] LFLAG '=' 9 (9)
2025-09-02 18:46:21:912 [OUT] 25 A5 01 04 31 05 81 FF EE 88 01 32 FA (13)
                              [N4:Y] TPOS 255 238 136 1 (-1144831)
2025-09-02 18:46:22:057 [IN ] C8 24 09 0B 25 A5 09 01 31 03 C9 3A 09 4A 1E E2 (16)
                              [N9:P] LFLAG ':' 9 (9)
2025-09-02 18:46:22:181 [IN ] C8 24 04 0E 25 A5 04 01 31 06 (10)
2025-09-02 18:46:22:202 [IN ] 81 53 00 00 00 00 10 88 0A (9)
                              [N4:Y] TPOS 'S' 0 0 0 0 (0)
2025-09-02 18:46:25:411 [IN ] C8 24 03 0B 25 A5 03 01 31 03 81 5A 4C 5F 9F 00 (16)
                              [N3:X] TPOS 'Z' 76 (76)
2025-09-02 18:46:25:612 [IN ] C8 24 03 0A 25 A5 03 01 31 02 81 49 01 2C 9F (15)
                              [N3:X] TPOS 'I'
2025-09-02 18:46:25:835 [OUT] 25 A5 01 03 31 03 C9 3D 09 47 F8 (11)
                              [N3:X] LFLAG '=' 9 (9)
2025-09-02 18:46:25:999 [IN ] C8 24 03 0B 25 A5 03 01 31 03 C9 3A 09 44 F4 00 (16)
                              [N3:X] LFLAG ':' 9 (9)
2025-09-02 18:46:27:005 [IN ] C8 24 07 0B 25 A5 07 01 31 03 81 5A 4C 63 BB 00 C8 24 07 0A 25 A5 07 01 31 02 81 49 05 44 BB (31)
                              [N7:N] TPOS 'Z' 76 (76)
                              [N7:N] TPOS 'I'
2025-09-02 18:46:27:228 [OUT] 25 A5 01 07 31 03 C9 3D 09 4B 10 (11)
                              [N7:N] LFLAG '=' 9 (9)
2025-09-02 18:46:27:393 [IN ] C8 24 07 0B 25 A5 07 01 31 03 C9 3A 09 48 10 00 (16)
                              [N7:N] LFLAG ':' 9 (9)
2025-09-02 18:46:28:196 [IN ] C8 24 0C 0B 25 A5 0C 01 31 03 81 5A 4C 68 DE 00 C8 24 0C 0A 25 A5 0C 01 31 02 81 49 0A 62 DE (31)
                              [N12:Z] TPOS 'Z' 76 (76)
                              [N12:Z] TPOS 'I'
2025-09-02 18:46:28:419 [OUT] 25 A5 01 0C 31 03 C9 3D 09 50 2E (11)
                              [N12:Z] LFLAG '=' 9 (9)
2025-09-02 18:46:28:582 [IN ] C8 24 0C 0B 25 A5 0C 01 31 03 C9 3A 09 4D 33 00 (16)
                              [N12:Z] LFLAG ':' 9 (9)
2025-09-02 18:46:28:785 [IN ] C8 24 04 0E 25 A5 04 01 31 06 81 45 FF EE 85 97 0B A9 0A (19)
                              [N4:Y] TPOS 'E' 255 238 133 151 (-1145449)
2025-09-02 18:46:29:008 [OUT] 25 A5 01 0C 31 05 81 FF BC D0 00 4F 33 (13)
                              [N12:Z] TPOS 255 188 208 0 (-4403200)
2025-09-02 18:46:29:029 [OUT] 25 A5 01 04 31 05 81 FF FD 50 01 09 B7 (13)
                              [N4:Y] TPOS 255 253 80 1 (-176127)
2025-09-02 18:46:29:051 [OUT] 25 A5 01 09 31 05 81 FF E7 5D 56 5A 0C (13)
                              [N9:P] TPOS 255 231 93 86 (-1614506)
2025-09-02 18:46:29:073 [OUT] 25 A5 01 07 31 05 81 FF AB 19 75 F7 DF (13)
                              [N7:N] TPOS 255 171 25 117 (-5564043)
2025-09-02 18:46:29:098 [OUT] 25 A5 01 03 31 05 81 FF EC 4A AB 9B 1A (13)
                              [N3:X] TPOS 255 236 74 171 (-1291605)
2025-09-02 18:46:29:119 [OUT] 25 A5 01 06 31 02 D8 3F 51 DD (10)
                              [N6:H] INTERRUPT '?'
2025-09-02 18:46:29:420 [IN ] C8 24 0C 0E 25 A5 0C 01 31 06 81 53 FF FF FF ED 02 BC 0A C8 24 04 0E 25 A5 04 01 31 06 81 53 FF EE 85 97 19 EF 0A (38)
                              [N12:Z] TPOS 'S' 255 255 255 237 (-19)
                              [N4:Y] TPOS 'S' 255 238 133 151 (-1145449)
2025-09-02 18:46:29:721 [IN ] C8 24 09 0E 25 A5 09 01 31 06 81 53 FF FF FF FE 10 AF 0A C8 24 07 0E 25 A5 07 01 31 06 81 53 FF FF FF FF 0F 9C 0A C8 24 03 0E 25 A5 03 01 31 06 81 53 00 00 00 00 0F 7E 0A (57)
                              [N9:P] TPOS 'S' 255 255 255 254 (-2)
                              [N7:N] TPOS 'S' 255 255 255 255 (-1)
                              [N3:X] TPOS 'S' 0 0 0 0 (0)
2025-09-02 18:46:30:023 [IN ] C8 24 06 0C 25 A5 06 01 31 04 D8 3A 01 01 50 82 0F (17)
                              [N6:H] INTERRUPT ':' 1 1 (257)
2025-09-02 18:46:30:044 [OUT] 25 A5 01 06 31 03 C9 3D 0B 4C 0C (11)
                              [N6:H] LFLAG '=' 11 (11)
2025-09-02 18:46:30:208 [IN ] C8 24 06 0B 25 A5 06 01 31 03 C9 3A 0B 49 0B 82 (16)
                              [N6:H] LFLAG ':' 11 (11)
2025-09-02 18:46:30:230 [OUT] 25 A5 01 06 31 03 88 FF B0 72 72 (11)
                              [N6:H] RUN 255 176 (-80)
2025-09-02 18:46:30:394 [IN ] C8 24 06 0C 25 A5 06 01 31 04 88 53 FF B0 C6 38 0F (17)
                              [N6:H] RUN 'S' 255 176 (-80)
2025-09-02 18:46:35:408 [IN ] C8 24 06 0B 25 A5 06 01 31 03 81 5A 4C 62 B4 38 C8 24 06 0A 25 A5 06 01 31 02 81 49 04 3E B4 (31)
                              [N6:H] TPOS 'Z' 76 (76)
                              [N6:H] TPOS 'I'
2025-09-02 18:46:35:630 [OUT] 25 A5 01 06 31 03 C9 3D 09 4A 0A (11)
                              [N6:H] LFLAG '=' 9 (9)
2025-09-02 18:46:35:795 [IN ] C8 24 06 0B 25 A5 06 01 31 03 C9 3A 09 47 09 38 (16)
                              [N6:H] LFLAG ':' 9 (9)
2025-09-02 18:46:35:816 [OUT] 25 A5 01 06 31 03 84 00 50 0F 08 (11)
                              [N6:H] VEL 0 80 (80)
2025-09-02 18:46:35:982 [IN ] C8 24 06 0C 25 A5 06 01 31 04 84 53 00 50 63 CA 0F (17)
                              [N6:H] VEL 'S' 0 80 (80)
2025-09-02 18:46:36:004 [OUT] 25 A5 01 06 31 05 81 00 19 82 3C 95 BE (13)
                              [N6:H] TPOS 0 25 130 60 (1671740)
2025-09-02 18:46:36:209 [IN ] C8 24 06 0E 25 A5 06 01 31 06 81 53 00 00 00 01 13 9D 0A (19)
                              [N6:H] TPOS 'S' 0 0 0 1 (1)
2025-09-02 18:46:38:015 [IN ] C8 24 03 0E 25 A5 03 01 31 06 81 45 FF EC 49 B3 E8 3D 0A (19)
                              [N3:X] TPOS 'E' 255 236 73 179 (-1291853)
2025-09-02 18:46:38:440 [OUT] 25 A5 01 03 31 05 81 FF FD 50 01 08 AF (13)
                              [N3:X] TPOS 255 253 80 1 (-176127)
2025-09-02 18:46:38:483 [IN ] C8 24 04 0E 25 A5 04 01 31 06 81 45 FF FD 4F 61 AE 34 0A (19)
                              [N4:Y] TPOS 'E' 255 253 79 97 (-176287)
2025-09-02 18:46:38:627 [IN ] C8 24 03 0E 25 A5 03 01 31 06 (10)
2025-09-02 18:46:38:647 [IN ] 81 53 FF EC 49 B3 F6 83 0A (9)
                              [N3:X] TPOS 'S' 255 236 73 179 (-1291853)
2025-09-02 18:46:39:450 [IN ] C8 24 09 0E 25 A5 09 01 31 06 81 45 FF E7 5B 50 98 2B 0A (19)
                              [N9:P] TPOS 'E' 255 231 91 80 (-1615024)
2025-09-02 18:46:39:873 [OUT] 25 A5 01 09 31 05 81 FF FF D9 C8 60 BE (13)
                              [N9:P] TPOS 255 255 217 200 (-9784)
2025-09-02 18:46:40:057 [IN ] C8 24 09 0E 25 A5 09 01 31 06 81 53 FF E7 5B 52 A8 73 0A (19)
                              [N9:P] TPOS 'S' 255 231 91 82 (-1615022)
2025-09-02 18:46:46:270 [IN ] C8 24 06 0E 25 A5 06 01 31 06 81 45 00 19 83 55 F5 FC 0A (19)
                              [N6:H] TPOS 'E' 0 25 131 85 (1672021)
2025-09-02 18:46:46:694 [OUT] 25 A5 01 06 31 05 81 00 0C 8F FB 54 70 (13)
                              [N6:H] TPOS 0 12 143 251 (823291)
2025-09-02 18:46:46:879 [IN ] C8 24 06 0E 25 A5 06 01 31 06 81 53 00 19 83 55 03 42 0A (19)
                              [N6:H] TPOS 'S' 0 25 131 85 (1672021)
2025-09-02 18:46:50:285 [IN ] C8 24 09 0E 25 A5 09 01 31 06 81 45 FF FF DA 97 76 B8 0A (19)
                              [N9:P] TPOS 'E' 255 255 218 151 (-9577)
2025-09-02 18:46:50:511 [OUT] 25 A5 01 08 31 02 D8 3F 53 E7 (10)
                              [N8:R] INTERRUPT '?'
2025-09-02 18:46:50:812 [IN ] C8 24 08 0C 25 A5 08 01 31 04 D8 3A 01 01 52 92 76 (17)
                              [N8:R] INTERRUPT ':' 1 1 (257)
2025-09-02 18:46:50:833 [OUT] 25 A5 01 08 31 03 CA 3D 0B 4F 1B (11)
                              [N8:R] RFLAG '=' 11 (11)
2025-09-02 18:46:50:998 [IN ] C8 24 08 0B 25 A5 08 01 31 03 CA 3A 0B 4C 1C 92 (16)
                              [N8:R] RFLAG ':' 11 (11)
2025-09-02 18:46:51:019 [OUT] 25 A5 01 08 31 03 88 00 50 15 20 (11)
                              [N8:R] RUN 0 80 (80)
2025-09-02 18:46:51:184 [IN ] C8 24 08 0C 25 A5 08 01 31 04 88 53 00 50 69 EA 76 (17)
                              [N8:R] RUN 'S' 0 80 (80)
2025-09-02 18:46:51:986 [IN ] C8 24 06 0E 25 A5 06 01 31 06 81 45 00 0C 8D 7C 19 10 0A (19)
                              [N6:H] TPOS 'E' 0 12 141 124 (822652)
2025-09-02 18:46:52:209 [OUT] 25 A5 01 05 31 02 D8 3F 50 D8 (10)
                              [N5:V] INTERRUPT '?'
2025-09-02 18:46:52:510 [IN ] C8 24 05 0C 25 A5 05 01 31 04 D8 3A 01 01 4F 7A 19 C8 24 03 0E 25 A5 03 01 31 06 81 45 FF FD 4F A4 F0 6D 0A (36)
                              [N5:V] INTERRUPT ':' 1 1 (257)
                              [N3:X] TPOS 'E' 255 253 79 164 (-176220)
2025-09-02 18:46:52:531 [OUT] 25 A5 01 05 31 03 C9 3D 0B 4B 06 (11)
                              [N5:V] LFLAG '=' 11 (11)
2025-09-02 18:46:52:696 [IN ] C8 24 05 0B 25 A5 05 01 31 03 C9 3A 0B 48 04 A4 (16)
                              [N5:V] LFLAG ':' 11 (11)
2025-09-02 18:46:52:717 [OUT] 25 A5 01 05 31 03 88 FF B0 71 6C (11)
                              [N5:V] RUN 255 176 (-80)
2025-09-02 18:46:52:882 [IN ] C8 24 05 0C 25 A5 05 01 31 04 88 53 FF B0 C5 30 F0 (17)
                              [N5:V] RUN 'S' 255 176 (-80)
2025-09-02 18:46:54:286 [IN ] C8 24 0C 0E 25 A5 0C 01 31 06 81 45 FF BC CE 27 BA 85 0A (19)
                              [N12:Z] TPOS 'E' 255 188 206 39 (-4403673)
2025-09-02 18:46:54:710 [OUT] 25 A5 01 0C 31 05 81 FF D4 54 00 EB 83 (13)
                              [N12:Z] TPOS 255 212 84 0 (-2862080)
2025-09-02 18:46:54:874 [IN ] C8 24 0C 0E 25 A5 0C 01 31 06 81 53 FF BC CE 27 C8 CB 0A (19)
                              [N12:Z] TPOS 'S' 255 188 206 39 (-4403673)
2025-09-02 18:46:56:678 [IN ] C8 24 07 0E 25 A5 07 01 31 06 81 45 FF AB 15 79 3D 00 0A (19)
                              [N7:N] TPOS 'E' 255 171 21 121 (-5565063)
2025-09-02 18:46:57:101 [OUT] 25 A5 01 07 31 05 81 FF EF 4D 05 FF A3 (13)
                              [N7:N] TPOS 255 239 77 5 (-1094395)
2025-09-02 18:46:57:285 [IN ] C8 24 07 0E 25 A5 07 01 31 06 81 53 FF AB 15 79 4B 46 0A (19)
                              [N7:N] TPOS 'S' 255 171 21 121 (-5565063)
2025-09-02 18:46:58:489 [IN ] C8 24 05 0B 25 A5 05 01 31 03 81 5A 4C 61 AD 79 C8 24 05 0A 25 A5 05 01 31 02 81 49 03 38 AD (31)
                              [N5:V] TPOS 'Z' 76 (76)
                              [N5:V] TPOS 'I'
2025-09-02 18:46:58:712 [OUT] 25 A5 01 05 31 03 C9 3D 09 49 04 (11)
                              [N5:V] LFLAG '=' 9 (9)
2025-09-02 18:46:58:856 [IN ] C8 24 05 0B 25 A5 05 (7)
2025-09-02 18:46:58:877 [IN ] 01 31 03 C9 3A 09 46 02 79 (9)
                              [N5:V] LFLAG ':' 9 (9)
2025-09-02 18:46:58:900 [OUT] 25 A5 01 05 31 03 84 00 50 0E 02 (11)
                              [N5:V] VEL 0 80 (80)
2025-09-02 18:46:59:064 [IN ] C8 24 05 0C 25 A5 05 01 31 04 84 53 00 50 62 C2 4B (17)
                              [N5:V] VEL 'S' 0 80 (80)
2025-09-02 18:46:59:085 [OUT] 25 A5 01 05 31 05 81 00 19 82 3C 94 B6 (13)
                              [N5:V] TPOS 0 25 130 60 (1671740)
2025-09-02 18:46:59:269 [IN ] C8 24 05 0E 25 A5 05 01 31 06 81 53 00 00 00 00 11 92 0A (19)
                              [N5:V] TPOS 'S' 0 0 0 0 (0)
2025-09-02 18:46:59:471 [IN ] C8 24 08 0B 25 A5 08 01 31 03 81 5A 52 6A C8 00 (16)
                              [N8:R] TPOS 'Z' 82 (82)
2025-09-02 18:46:59:674 [IN ] C8 24 08 0A 25 A5 08 01 31 02 81 49 06 4A C8 (15)
                              [N8:R] TPOS 'I'
2025-09-02 18:46:59:899 [OUT] 25 A5 01 08 31 03 CA 3D 09 4D 19 (11)
                              [N8:R] RFLAG '=' 9 (9)
2025-09-02 18:47:00:064 [IN ] C8 24 08 0B 25 A5 08 01 31 03 CA 3A 09 4A 1A 00 (16)
                              [N8:R] RFLAG ':' 9 (9)
2025-09-02 18:47:00:086 [OUT] 25 A5 01 08 31 05 81 FF DC 77 1D 2F DE (13)
                              [N8:R] TPOS 255 220 119 29 (-2328803)
2025-09-02 18:47:00:290 [IN ] C8 24 08 0E 25 A5 08 01 31 06 81 53 FF FF FF F9 0A A0 0A (19)
                              [N8:R] TPOS 'S' 255 255 255 249 (-7)
2025-09-02 18:47:03:297 [IN ] C8 24 0C 0E 25 A5 0C 01 31 06 81 45 FF D4 57 60 94 18 0A (19)
                              [N12:Z] TPOS 'E' 255 212 87 96 (-2861216)
2025-09-02 18:47:07:909 [IN ] C8 24 05 0E 25 A5 05 01 31 06 81 45 00 19 85 60 01 01 0A (19)
                              [N5:V] TPOS 'E' 0 25 133 96 (1672544)
2025-09-02 18:47:08:334 [OUT] 25 A5 01 05 31 05 81 00 0C CC 38 CD 1F (13)
                              [N5:V] TPOS 0 12 204 56 (838712)
2025-09-02 18:47:08:519 [IN ] C8 24 05 0E 25 A5 05 01 31 06 81 53 00 19 85 60 0F 47 0A (19)
                              [N5:V] TPOS 'S' 0 25 133 96 (1672544)
2025-09-02 18:47:14:532 [IN ] C8 24 05 0E 25 A5 05 01 31 06 81 45 00 0C CA EE C7 F2 0A (19)
                              [N5:V] TPOS 'E' 0 12 202 238 (838382)
2025-09-02 18:47:14:755 [OUT] 25 A5 01 03 31 05 81 FF EE 9E 16 5C 33 (13)
                              [N3:X] TPOS 255 238 158 22 (-1139178)
2025-09-02 18:47:14:777 [OUT] 25 A5 01 04 31 05 81 FF F3 B4 EE 50 4E (13)
                              [N4:Y] TPOS 255 243 180 238 (-805650)
2025-09-02 18:47:14:942 [IN ] C8 24 03 0E 25 A5 03 01 31 06 81 53 FF FD 4F A4 FE B3 0A (19)
                              [N3:X] TPOS 'S' 255 253 79 164 (-176220)
2025-09-02 18:47:15:085 [IN ] C8 24 04 0E 25 A5 04 01 31 06 81 53 FF FD 4F 60 BB 79 0A (19)
                              [N4:Y] TPOS 'S' 255 253 79 96 (-176288)
2025-09-02 18:47:15:287 [IN ] C8 24 08 0E 25 A5 08 01 31 06 81 45 FF DC 75 A7 FD 8B 0A (19)
                              [N8:R] TPOS 'E' 255 220 117 167 (-2329177)
2025-09-02 18:47:15:711 [OUT] 25 A5 01 08 31 05 81 FF ED AA 50 A6 AA (13)
                              [N8:R] TPOS 255 237 170 80 (-1201584)
2025-09-02 18:47:15:896 [IN ] C8 24 08 0E 25 A5 08 01 31 06 81 53 FF DC 75 AA 0E D4 0A (19)
                              [N8:R] TPOS 'S' 255 220 117 170 (-2329174)
2025-09-02 18:47:18:704 [IN ] C8 24 07 0E 25 A5 07 01 31 06 81 45 FF EF 51 69 AD 34 0A (19)
                              [N7:N] TPOS 'E' 255 239 81 105 (-1093271)
2025-09-02 18:47:18:906 [IN ] C8 24 04 0E 25 A5 04 01 31 06 81 45 FF F3 B2 D0 76 4B 0A (19)
                              [N4:Y] TPOS 'E' 255 243 178 208 (-806192)
2025-09-02 18:47:21:111 [IN ] C8 24 03 0E 25 A5 03 01 31 06 81 45 FF EE 9C CD 57 03 0A (19)
                              [N3:X] TPOS 'E' 255 238 156 205 (-1139507)
2025-09-02 18:47:23:315 [IN ] C8 24 08 0E 25 A5 08 01 31 06 81 45 FF ED AB 7E 1B 01 0A (19)
                              [N8:R] TPOS 'E' 255 237 171 126 (-1201282)
