2025-09-02 18:26:50:816 [OUT] 25 A5 01 0A 31 05 D6 3D FF 00 00 53 ED (13)
                              [N10:HMI] HMILED '=' 255 0 0 (16711680)
2025-09-02 18:26:50:838 [OUT] 25 A5 01 03 31 02 D8 3F 4E CE (10)
                              [N3:X] INTERRUPT '?'
2025-09-02 18:26:51:140 [IN ] C8 24 0A 0D 25 A5 0A 01 31 05 D6 3A FF 00 00 50 EA E8 C8 24 03 0C 25 A5 03 01 31 04 D8 3A 01 01 4D 6A EA (35)
                              [N10:HMI] HMILED ':' 255 0 0 (16711680)
                              [N3:X] INTERRUPT ':' 1 1 (257)
2025-09-02 18:26:51:161 [OUT] 25 A5 01 09 31 03 C9 3D 09 4D 1C (11)
                              [N9:P] LFLAG '=' 9 (9)
2025-09-02 18:26:51:183 [OUT] 25 A5 01 04 31 02 D8 3F 4F D3 (10)
                              [N4:Y] INTERRUPT '?'
2025-09-02 18:26:51:484 [IN ] C8 24 09 0B 25 A5 09 01 31 03 C9 3A 09 4A 1E 6A C8 24 04 0C 25 A5 04 01 31 04 D8 3A 01 01 4E 72 EA (33)
                              [N9:P] LFLAG ':' 9 (9)
                              [N4:Y] INTERRUPT ':' 1 1 (257)
2025-09-02 18:26:51:506 [OUT] 25 A5 01 09 31 03 CA 3D 09 4E 1F (11)
                              [N9:P] RFLAG '=' 9 (9)
2025-09-02 18:26:51:530 [OUT] 25 A5 01 0C 31 02 D8 3F 57 FB (10)
                              [N12:Z] INTERRUPT '?'
2025-09-02 18:26:51:834 [IN ] C8 24 09 0B 25 A5 09 01 31 03 CA 3A 09 4B 21 72 C8 24 0C 0C 25 A5 0C 01 31 04 D8 3A 01 01 56 B2 EA (33)
                              [N9:P] RFLAG ':' 9 (9)
                              [N12:Z] INTERRUPT ':' 1 1 (257)
2025-09-02 18:26:51:855 [OUT] 25 A5 01 08 31 03 C9 3D 09 4C 16 (11)
                              [N8:R] LFLAG '=' 9 (9)
2025-09-02 18:26:51:876 [OUT] 25 A5 01 03 31 03 C9 3D 0B 49 FA (11)
                              [N3:X] LFLAG '=' 11 (11)
2025-09-02 18:26:51:898 [OUT] 25 A5 01 04 31 03 C9 3D 0B 4A 00 (11)
                              [N4:Y] LFLAG '=' 11 (11)
2025-09-02 18:26:51:919 [OUT] 25 A5 01 0C 31 03 C9 3D 0B 52 30 (11)
                              [N12:Z] LFLAG '=' 11 (11)
2025-09-02 18:26:52:024 [IN ] C8 24 08 0B 25 A5 08 01 31 03 C9 3A 09 49 17 B2 (16)
                              [N8:R] LFLAG ':' 9 (9)
2025-09-02 18:26:52:045 [OUT] 25 A5 01 08 31 03 CA 3D 09 4D 19 (11)
                              [N8:R] RFLAG '=' 9 (9)
2025-09-02 18:26:52:128 [IN ] C8 24 03 0B 25 A5 03 01 31 03 C9 3A 0B 46 F6 B2 (16)
                              [N3:X] LFLAG ':' 11 (11)
2025-09-02 18:26:52:150 [OUT] 25 A5 01 03 31 03 88 00 50 10 02 (11)
                              [N3:X] RUN 0 80 (80)
2025-09-02 18:26:52:234 [IN ] C8 24 04 0B 25 A5 04 01 31 03 C9 3A 0B 47 FD B2 (16)
                              [N4:Y] LFLAG ':' 11 (11)
2025-09-02 18:26:52:256 [OUT] 25 A5 01 04 31 03 88 00 50 11 08 (11)
                              [N4:Y] RUN 0 80 (80)
2025-09-02 18:26:52:338 [IN ] C8 24 0C 0B (4)
2025-09-02 18:26:52:360 [IN ] 25 A5 0C 01 31 03 C9 3A 0B 4F 35 B2 (12)
                              [N12:Z] LFLAG ':' 11 (11)
2025-09-02 18:26:52:381 [OUT] 25 A5 01 0C 31 03 88 00 50 19 38 (11)
                              [N12:Z] RUN 0 80 (80)
2025-09-02 18:26:52:463 [IN ] C8 24 08 0B 25 A5 08 01 31 03 CA 3A 09 4A 1A B2 (16)
                              [N8:R] RFLAG ':' 9 (9)
2025-09-02 18:26:52:566 [IN ] C8 24 03 0C 25 A5 03 01 31 04 88 53 00 50 64 C2 EA (17)
                              [N3:X] RUN 'S' 0 80 (80)
2025-09-02 18:26:52:669 [IN ] C8 24 04 0C 25 A5 04 01 31 04 88 53 00 50 65 CA EA (17)
                              [N4:Y] RUN 'S' 0 80 (80)
2025-09-02 18:26:52:791 [IN ] C8 24 0C 0C 25 A5 0C 01 31 04 88 53 00 50 6D 0A EA (17)
                              [N12:Z] RUN 'S' 0 80 (80)
2025-09-02 18:27:00:007 [IN ] C8 24 04 0B 25 A5 04 01 31 03 81 5A 4C 60 A6 0A (16)
                              [N4:Y] TPOS 'Z' 76 (76)
2025-09-02 18:27:00:208 [IN ] C8 24 04 0A 25 A5 04 01 31 02 81 49 02 32 A6 (15)
                              [N4:Y] TPOS 'I'
2025-09-02 18:27:00:431 [OUT] 25 A5 01 09 31 02 D8 3F 54 EC (10)
                              [N9:P] INTERRUPT '?'
2025-09-02 18:27:00:732 [IN ] C8 24 09 0C 25 A5 09 01 31 04 D8 3A 01 01 53 9A EA (17)
                              [N9:P] INTERRUPT ':' 1 1 (257)
2025-09-02 18:27:00:753 [OUT] 25 A5 01 04 31 03 C9 3D 09 48 FE (11)
                              [N4:Y] LFLAG '=' 9 (9)
2025-09-02 18:27:00:775 [OUT] 25 A5 01 07 31 02 D8 3F 52 E2 (10)
                              [N7:N] INTERRUPT '?'
2025-09-02 18:27:01:076 [IN ] C8 24 04 0B 25 A5 04 01 31 03 C9 3A 09 45 FB 9A C8 24 07 0C 25 A5 07 01 31 04 D8 3A 01 01 51 8A EA (33)
                              [N4:Y] LFLAG ':' 9 (9)
                              [N7:N] INTERRUPT ':' 1 1 (257)
2025-09-02 18:27:01:098 [OUT] 25 A5 01 09 31 03 C9 3D 0B 4F 1E (11)
                              [N9:P] LFLAG '=' 11 (11)
2025-09-02 18:27:01:120 [OUT] 25 A5 01 07 31 03 C9 3D 0B 4D 12 (11)
                              [N7:N] LFLAG '=' 11 (11)
2025-09-02 18:27:01:268 [IN ] C8 24 09 0B 25 A5 09 01 31 03 C9 3A 0B 4C 20 8A (16)
                              [N9:P] LFLAG ':' 11 (11)
2025-09-02 18:27:01:291 [OUT] 25 A5 01 09 31 03 88 00 50 16 26 (11)
                              [N9:P] RUN 0 80 (80)
2025-09-02 18:27:01:355 [IN ] C8 24 07 0B 25 A5 07 01 31 03 C9 3A 0B 4A 12 8A (16)
                              [N7:N] LFLAG ':' 11 (11)
2025-09-02 18:27:01:377 [OUT] 25 A5 01 07 31 03 88 00 50 14 1A (11)
                              [N7:N] RUN 0 80 (80)
2025-09-02 18:27:01:500 [IN ] C8 24 09 0C 25 A5 09 01 31 04 88 53 00 50 6A F2 EA (17)
                              [N9:P] RUN 'S' 0 80 (80)
2025-09-02 18:27:01:563 [IN ] C8 24 09 0B 25 A5 09 01 31 03 81 5A 4C 65 C9 F2 (16)
                              [N9:P] TPOS 'Z' 76 (76)
2025-09-02 18:27:01:584 [IN ] C8 24 07 0C 25 A5 07 01 31 04 88 53 00 50 68 E2 EA (17)
                              [N7:N] RUN 'S' 0 80 (80)
2025-09-02 18:27:01:786 [IN ] C8 24 09 0A 25 A5 09 01 31 02 81 49 07 50 68 (15)
                              [N9:P] TPOS 'I'
2025-09-02 18:27:02:009 [OUT] 25 A5 01 09 31 03 C9 3D 09 4D 1C (11)
                              [N9:P] LFLAG '=' 9 (9)
2025-09-02 18:27:02:030 [OUT] 25 A5 01 04 31 05 81 FF EE 88 01 32 FA (13)
                              [N4:Y] TPOS 255 238 136 1 (-1144831)
2025-09-02 18:27:02:155 [IN ] C8 24 09 0B 25 A5 09 01 31 03 C9 3A 09 4A 1E E2 (16)
                              [N9:P] LFLAG ':' 9 (9)
2025-09-02 18:27:02:299 [IN ] C8 24 04 0E 25 A5 04 01 31 06 81 53 FF FF FF FF 0C 7E 0A (19)
                              [N4:Y] TPOS 'S' 255 255 255 255 (-1)
2025-09-02 18:27:06:908 [IN ] C8 24 07 0B 25 A5 07 01 31 03 81 5A 4C 63 BB FF C8 24 07 0A 25 A5 07 01 31 02 81 49 05 44 BB (31)
                              [N7:N] TPOS 'Z' 76 (76)
                              [N7:N] TPOS 'I'
2025-09-02 18:27:07:131 [OUT] 25 A5 01 07 31 03 C9 3D 09 4B 10 (11)
                              [N7:N] LFLAG '=' 9 (9)
2025-09-02 18:27:07:296 [IN ] C8 24 07 0B 25 A5 07 01 31 03 C9 3A 09 48 10 FF (16)
                              [N7:N] LFLAG ':' 9 (9)
2025-09-02 18:27:07:699 [IN ] C8 24 03 0B 25 A5 03 01 31 03 81 5A 4C 5F 9F FF C8 24 03 0A 25 A5 03 01 31 02 81 49 01 2C 9F (31)
                              [N3:X] TPOS 'Z' 76 (76)
                              [N3:X] TPOS 'I'
2025-09-02 18:27:07:922 [OUT] 25 A5 01 03 31 03 C9 3D 09 47 F8 (11)
                              [N3:X] LFLAG '=' 9 (9)
2025-09-02 18:27:08:085 [IN ] C8 24 03 0B 25 A5 03 01 31 03 C9 3A 09 44 F4 FF (16)
                              [N3:X] LFLAG ':' 9 (9)
2025-09-02 18:27:08:288 [IN ] C8 24 0C 0B 25 A5 0C 01 31 03 81 5A 4C 68 DE FF (16)
                              [N12:Z] TPOS 'Z' 76 (76)
2025-09-02 18:27:08:491 [IN ] C8 24 0C 0A 25 A5 0C 01 31 02 81 49 0A 62 DE (15)
                              [N12:Z] TPOS 'I'
2025-09-02 18:27:08:714 [OUT] 25 A5 01 0C 31 03 C9 3D 09 50 2E (11)
                              [N12:Z] LFLAG '=' 9 (9)
2025-09-02 18:27:08:898 [IN ] C8 24 0C 0B 25 A5 0C 01 31 03 C9 3A 09 4D 33 FF (16)
                              [N12:Z] LFLAG ':' 9 (9)
2025-09-02 18:27:09:099 [IN ] C8 24 04 0E 25 A5 04 01 31 06 81 45 FF EE 85 BC 30 CE 0A (19)
                              [N4:Y] TPOS 'E' 255 238 133 188 (-1145412)
2025-09-02 18:27:09:323 [OUT] 25 A5 01 0C 31 05 81 FF BC D0 00 4F 33 (13)
                              [N12:Z] TPOS 255 188 208 0 (-4403200)
2025-09-02 18:27:09:345 [OUT] 25 A5 01 04 31 05 81 FF FD 50 01 09 B7 (13)
                              [N4:Y] TPOS 255 253 80 1 (-176127)
2025-09-02 18:27:09:366 [OUT] 25 A5 01 09 31 05 81 FF E7 5D 56 5A 0C (13)
                              [N9:P] TPOS 255 231 93 86 (-1614506)
2025-09-02 18:27:09:389 [OUT] 25 A5 01 07 31 05 81 FF AB 19 75 F7 DF (13)
                              [N7:N] TPOS 255 171 25 117 (-5564043)
2025-09-02 18:27:09:414 [OUT] 25 A5 01 03 31 05 81 FF EC 4A AB 9B 1A (13)
                              [N3:X] TPOS 255 236 74 171 (-1291605)
2025-09-02 18:27:09:435 [OUT] 25 A5 01 06 31 02 D8 3F 51 DD (10)
                              [N6:H] INTERRUPT '?'
2025-09-02 18:27:09:737 [IN ] C8 24 0C 0E 25 A5 0C 01 31 06 81 53 FF FF FF F4 09 C3 0A C8 24 04 0E 25 A5 04 01 31 06 81 53 FF EE 85 BC 3E 14 0A (38)
                              [N12:Z] TPOS 'S' 255 255 255 244 (-12)
                              [N4:Y] TPOS 'S' 255 238 133 188 (-1145412)
2025-09-02 18:27:10:037 [IN ] C8 24 09 0E 25 A5 09 01 31 06 81 53 FF FF FF FF 11 B0 0A C8 24 07 0E 25 A5 07 01 31 06 81 53 00 00 00 00 13 A6 0A C8 24 03 0E 25 A5 03 01 31 06 81 53 00 00 00 00 0F 7E 0A (57)
                              [N9:P] TPOS 'S' 255 255 255 255 (-1)
                              [N7:N] TPOS 'S' 0 0 0 0 (0)
                              [N3:X] TPOS 'S' 0 0 0 0 (0)
2025-09-02 18:27:10:338 [IN ] C8 24 06 0C 25 A5 06 01 31 04 D8 3A 01 01 50 82 0F (17)
                              [N6:H] INTERRUPT ':' 1 1 (257)
2025-09-02 18:27:10:359 [OUT] 25 A5 01 06 31 03 C9 3D 0B 4C 0C (11)
                              [N6:H] LFLAG '=' 11 (11)
2025-09-02 18:27:10:523 [IN ] C8 24 06 0B 25 A5 06 01 31 03 C9 3A 0B 49 0B 82 (16)
                              [N6:H] LFLAG ':' 11 (11)
2025-09-02 18:27:10:545 [OUT] 25 A5 01 06 31 03 88 FF B0 72 72 (11)
                              [N6:H] RUN 255 176 (-80)
2025-09-02 18:27:10:712 [IN ] C8 24 06 0C 25 (5)
2025-09-02 18:27:10:733 [IN ] A5 06 01 31 04 88 53 FF B0 C6 38 0F (12)
                              [N6:H] RUN 'S' 255 176 (-80)
2025-09-02 18:27:15:746 [IN ] C8 24 06 0B 25 A5 06 01 31 03 81 5A 4C 62 B4 38 C8 24 06 0A 25 A5 06 01 31 02 81 49 04 3E B4 (31)
                              [N6:H] TPOS 'Z' 76 (76)
                              [N6:H] TPOS 'I'
2025-09-02 18:27:15:969 [OUT] 25 A5 01 06 31 03 C9 3D 09 4A 0A (11)
                              [N6:H] LFLAG '=' 9 (9)
2025-09-02 18:27:16:133 [IN ] C8 24 06 0B 25 A5 06 01 31 03 C9 3A 09 47 09 38 (16)
                              [N6:H] LFLAG ':' 9 (9)
2025-09-02 18:27:16:155 [OUT] 25 A5 01 06 31 03 84 00 50 0F 08 (11)
                              [N6:H] VEL 0 80 (80)
2025-09-02 18:27:16:319 [IN ] C8 24 06 0C 25 A5 06 01 31 04 84 53 00 50 63 CA 0F (17)
                              [N6:H] VEL 'S' 0 80 (80)
2025-09-02 18:27:16:340 [OUT] 25 A5 01 06 31 05 81 00 19 82 3C 95 BE (13)
                              [N6:H] TPOS 0 25 130 60 (1671740)
2025-09-02 18:27:16:525 [IN ] C8 24 06 0E 25 A5 06 01 31 06 81 53 00 00 00 00 12 9C 0A (19)
                              [N6:H] TPOS 'S' 0 0 0 0 (0)
2025-09-02 18:27:18:731 [IN ] C8 24 04 0E 25 A5 04 01 31 06 81 45 FF FD 4F 66 B3 39 0A (19)
                              [N4:Y] TPOS 'E' 255 253 79 102 (-176282)
2025-09-02 18:27:19:133 [IN ] C8 24 03 0E 25 A5 03 01 31 06 81 45 FF EC 49 E9 1E 73 0A (19)
                              [N3:X] TPOS 'E' 255 236 73 233 (-1291799)
2025-09-02 18:27:19:557 [OUT] 25 A5 01 03 31 05 81 FF FD 50 01 08 AF (13)
                              [N3:X] TPOS 255 253 80 1 (-176127)
2025-09-02 18:27:19:640 [IN ] C8 24 09 0E 25 A5 09 01 31 06 81 45 FF E7 5B 85 CD (17)
2025-09-02 18:27:19:661 [IN ] 60 0A (2)
                              [N9:P] TPOS 'E' 255 231 91 133 (-1614971)
2025-09-02 18:27:19:724 [OUT] 25 A5 01 09 31 05 81 FF FF D9 C8 60 BE (13)
                              [N9:P] TPOS 255 255 217 200 (-9784)
2025-09-02 18:27:19:746 [IN ] C8 24 03 0E 25 A5 03 01 31 06 81 53 FF EC 49 E9 2C B9 0A (19)
                              [N3:X] TPOS 'S' 255 236 73 233 (-1291799)
2025-09-02 18:27:19:890 [IN ] C8 24 09 0E 25 A5 09 01 31 06 81 53 FF E7 5B 86 DC A7 0A (19)
                              [N9:P] TPOS 'S' 255 231 91 134 (-1614970)
2025-09-02 18:27:26:705 [IN ] C8 24 06 0E 25 A5 06 01 31 06 81 45 00 19 83 3B DB E2 0A (19)
                              [N6:H] TPOS 'E' 0 25 131 59 (1671995)
2025-09-02 18:27:27:129 [OUT] 25 A5 01 06 31 05 81 00 0C 8F FB 54 70 (13)
                              [N6:H] TPOS 0 12 143 251 (823291)
2025-09-02 18:27:27:314 [IN ] C8 24 06 0E 25 A5 06 01 31 06 81 53 00 19 83 3C EA 29 0A (19)
                              [N6:H] TPOS 'S' 0 25 131 60 (1671996)
2025-09-02 18:27:30:120 [IN ] C8 24 09 0E 25 A5 09 01 31 06 81 45 FF FF DA D2 B1 F3 0A (19)
                              [N9:P] TPOS 'E' 255 255 218 210 (-9518)
2025-09-02 18:27:30:343 [OUT] 25 A5 01 08 31 02 D8 3F 53 E7 (10)
                              [N8:R] INTERRUPT '?'
2025-09-02 18:27:30:644 [IN ] C8 24 08 0C 25 A5 08 01 31 04 D8 3A 01 01 52 92 B1 (17)
                              [N8:R] INTERRUPT ':' 1 1 (257)
2025-09-02 18:27:30:666 [OUT] 25 A5 01 08 31 03 CA 3D 0B 4F 1B (11)
                              [N8:R] RFLAG '=' 11 (11)
2025-09-02 18:27:30:829 [IN ] C8 24 08 0B 25 A5 08 01 31 03 CA 3A 0B 4C 1C 92 (16)
                              [N8:R] RFLAG ':' 11 (11)
2025-09-02 18:27:30:850 [OUT] 25 A5 01 08 31 03 88 00 50 15 20 (11)
                              [N8:R] RUN 0 80 (80)
2025-09-02 18:27:31:015 [IN ] C8 24 08 0C 25 A5 08 01 31 04 88 53 00 50 69 EA B1 (17)
                              [N8:R] RUN 'S' 0 80 (80)
2025-09-02 18:27:32:419 [IN ] C8 24 06 0E 25 A5 06 01 31 06 81 45 00 0C 8D 8E 2B 22 0A (19)
                              [N6:H] TPOS 'E' 0 12 141 142 (822670)
2025-09-02 18:27:32:642 [OUT] 25 A5 01 05 31 02 D8 3F 50 D8 (10)
                              [N5:V] INTERRUPT '?'
2025-09-02 18:27:32:943 [IN ] C8 24 05 0C 25 A5 05 01 31 04 D8 3A 01 01 4F 7A 2B (17)
                              [N5:V] INTERRUPT ':' 1 1 (257)
2025-09-02 18:27:32:964 [OUT] 25 A5 01 05 31 03 C9 3D 0B 4B 06 (11)
                              [N5:V] LFLAG '=' 11 (11)
2025-09-02 18:27:33:129 [IN ] C8 24 05 0B 25 A5 05 01 31 03 C9 3A 0B 48 04 7A (16)
                              [N5:V] LFLAG ':' 11 (11)
2025-09-02 18:27:33:150 [OUT] 25 A5 01 05 31 03 88 FF B0 71 6C (11)
                              [N5:V] RUN 255 176 (-80)
2025-09-02 18:27:33:315 [IN ] C8 24 05 0C 25 A5 05 01 31 04 88 53 FF B0 C5 30 2B (17)
                              [N5:V] RUN 'S' 255 176 (-80)
2025-09-02 18:27:34:718 [IN ] C8 24 0C 0E 25 A5 0C 01 31 06 81 45 FF BC CE 34 C7 92 0A (19)
                              [N12:Z] TPOS 'E' 255 188 206 52 (-4403660)
2025-09-02 18:27:35:146 [OUT] 25 A5 01 0C 31 05 81 FF D4 54 00 EB 83 (13)
                              [N12:Z] TPOS 255 212 84 0 (-2862080)
2025-09-02 18:27:35:330 [IN ] C8 24 0C 0E 25 A5 0C 01 31 06 81 53 FF BC CE 35 D6 D9 0A (19)
                              [N12:Z] TPOS 'S' 255 188 206 53 (-4403659)
2025-09-02 18:27:35:531 [IN ] C8 24 03 0E 25 A5 03 01 31 06 81 45 FF FD 4F 17 63 E0 0A (19)
                              [N3:X] TPOS 'E' 255 253 79 23 (-176361)
2025-09-02 18:27:37:136 [IN ] C8 24 07 0E 25 A5 07 01 31 06 81 45 FF AB 15 7A 3E 01 0A (19)
                              [N7:N] TPOS 'E' 255 171 21 122 (-5565062)
2025-09-02 18:27:37:562 [OUT] 25 A5 01 07 31 05 81 FF EF 4D 05 FF A3 (13)
                              [N7:N] TPOS 255 239 77 5 (-1094395)
2025-09-02 18:27:37:746 [IN ] C8 24 07 0E 25 A5 07 01 31 06 81 53 FF AB 15 7A 4C 47 0A (19)
                              [N7:N] TPOS 'S' 255 171 21 122 (-5565062)
2025-09-02 18:27:38:952 [IN ] C8 24 05 0B 25 A5 05 01 31 03 81 5A 4C 61 AD 7A C8 24 05 0A 25 A5 05 01 31 02 81 49 03 38 AD (31)
                              [N5:V] TPOS 'Z' 76 (76)
                              [N5:V] TPOS 'I'
2025-09-02 18:27:39:175 [OUT] 25 A5 01 05 31 03 C9 3D 09 49 04 (11)
                              [N5:V] LFLAG '=' 9 (9)
2025-09-02 18:27:39:321 [IN ] C8 24 05 0B 25 A5 05 01 31 03 C9 3A 09 46 02 7A (16)
                              [N5:V] LFLAG ':' 9 (9)
2025-09-02 18:27:39:343 [OUT] 25 A5 01 05 31 03 84 00 50 0E 02 (11)
                              [N5:V] VEL 0 80 (80)
2025-09-02 18:27:39:345 [IN ] C8 24 08 0B 25 A5 08 01 31 03 81 5A 52 6A C8 7A (16)
                              [N8:R] TPOS 'Z' 82 (82)
2025-09-02 18:27:39:387 [IN ] C8 24 08 0A 25 A5 08 01 31 02 81 49 06 4A C8 (15)
                              [N8:R] TPOS 'I'
2025-09-02 18:27:39:429 [OUT] 25 A5 01 08 31 03 CA 3D 09 4D 19 (11)
                              [N8:R] RFLAG '=' 9 (9)
2025-09-02 18:27:39:511 [IN ] C8 24 05 0C 25 A5 05 01 31 04 84 53 00 50 62 C2 4C (17)
                              [N5:V] VEL 'S' 0 80 (80)
2025-09-02 18:27:39:533 [OUT] 25 A5 01 05 31 05 81 00 19 82 3C 94 B6 (13)
                              [N5:V] TPOS 0 25 130 60 (1671740)
2025-09-02 18:27:39:615 [IN ] C8 24 08 0B 25 A5 08 01 31 03 CA 3A 09 4A 1A C2 (16)
                              [N8:R] RFLAG ':' 9 (9)
2025-09-02 18:27:39:636 [OUT] 25 A5 01 08 31 05 81 FF DC 77 1D 2F DE (13)
                              [N8:R] TPOS 255 220 119 29 (-2328803)
2025-09-02 18:27:39:739 [IN ] C8 24 05 0E 25 A5 05 01 31 06 81 53 00 00 00 01 12 93 0A (19)
                              [N5:V] TPOS 'S' 0 0 0 1 (1)
2025-09-02 18:27:39:883 [IN ] C8 24 08 0E 25 A5 08 01 31 06 81 53 FF FF FF F7 08 9E 0A (19)
                              [N8:R] TPOS 'S' 255 255 255 247 (-9)
2025-09-02 18:27:43:891 [IN ] C8 24 0C 0E 25 A5 0C 01 31 06 81 45 FF D4 57 5B 8F 13 0A (19)
                              [N12:Z] TPOS 'E' 255 212 87 91 (-2861221)
2025-09-02 18:27:48:299 [IN ] C8 24 05 0E 25 A5 05 01 31 06 81 45 00 19 85 64 05 05 0A (19)
                              [N5:V] TPOS 'E' 0 25 133 100 (1672548)
2025-09-02 18:27:48:725 [OUT] 25 A5 01 05 31 05 81 00 0C CC 38 CD 1F (13)
                              [N5:V] TPOS 0 12 204 56 (838712)
2025-09-02 18:27:48:909 [IN ] C8 24 05 0E 25 A5 05 01 31 06 81 53 00 19 85 64 13 4B 0A (19)
                              [N5:V] TPOS 'S' 0 25 133 100 (1672548)
2025-09-02 18:27:54:721 [IN ] C8 24 08 0E 25 A5 08 01 31 06 81 45 FF DC 75 B6 0C 9A 0A (19)
                              [N8:R] TPOS 'E' 255 220 117 182 (-2329162)
2025-09-02 18:27:54:925 [IN ] C8 24 05 0E 25 A5 05 01 31 06 81 45 00 0C CA EF C8 F3 0A (19)
                              [N5:V] TPOS 'E' 0 12 202 239 (838383)
2025-09-02 18:27:55:148 [OUT] 25 A5 01 08 31 05 81 FF ED AA 50 A6 AA (13)
                              [N8:R] TPOS 255 237 170 80 (-1201584)
2025-09-02 18:27:55:170 [OUT] 25 A5 01 03 31 05 81 FF EE 9E 16 5C 33 (13)
                              [N3:X] TPOS 255 238 158 22 (-1139178)
2025-09-02 18:27:55:191 [OUT] 25 A5 01 04 31 05 81 FF F3 B4 EE 50 4E (13)
                              [N4:Y] TPOS 255 243 180 238 (-805650)
2025-09-02 18:27:55:315 [IN ] C8 24 08 0E 25 A5 08 01 31 06 81 53 FF DC 75 BB 1F E5 0A (19)
                              [N8:R] TPOS 'S' 255 220 117 187 (-2329157)
2025-09-02 18:27:55:459 [IN ] C8 24 03 0E 25 A5 03 01 31 06 81 53 FF FD 4F 17 71 26 0A (19)
                              [N3:X] TPOS 'S' 255 253 79 23 (-176361)
2025-09-02 18:27:55:602 [IN ] C8 24 04 0E 25 A5 04 01 31 06 81 53 FF FD 4F 66 C1 7F 0A (19)
                              [N4:Y] TPOS 'S' 255 253 79 102 (-176282)
2025-09-02 18:27:59:210 [IN ] C8 24 07 0E 25 A5 07 01 31 06 81 45 FF EF 51 61 A5 2C 0A (19)
                              [N7:N] TPOS 'E' 255 239 81 97 (-1093279)
2025-09-02 18:27:59:412 [IN ] C8 24 04 0E 25 A5 04 01 31 06 81 45 FF F3 B2 C9 6F 44 0A (19)
                              [N4:Y] TPOS 'E' 255 243 178 201 (-806199)
2025-09-02 18:28:01:818 [IN ] C8 24 03 0E 25 A5 03 01 31 06 81 45 FF EE 9D 8C 17 C4 0A (19)
                              [N3:X] TPOS 'E' 255 238 157 140 (-1139316)
2025-09-02 18:28:02:822 [IN ] C8 24 08 0E 25 A5 08 01 31 06 81 45 FF ED AB 6B 08 EE 0A (19)
                              [N8:R] TPOS 'E' 255 237 171 107 (-1201301)
