2025-09-02 19:53:43:060 [OUT] 25 A5 01 0A 31 05 D6 3D FF 00 00 53 ED (13)
                              [N10:HMI] HMILED '=' 255 0 0 (16711680)
2025-09-02 19:53:43:083 [OUT] 25 A5 01 03 31 02 D8 3F 4E CE (10)
                              [N3:X] INTERRUPT '?'
2025-09-02 19:53:43:384 [IN ] C8 24 0A 0D 25 A5 0A 01 31 05 D6 3A FF 00 00 50 EA EC C8 24 03 0C 25 A5 03 01 31 04 D8 3A 01 01 4D 6A EA (35)
                              [N10:HMI] HMILED ':' 255 0 0 (16711680)
                              [N3:X] INTERRUPT ':' 1 1 (257)
2025-09-02 19:53:43:405 [OUT] 25 A5 01 09 31 03 C9 3D 09 4D 1C (11)
                              [N9:P] LFLAG '=' 9 (9)
2025-09-02 19:53:43:428 [OUT] 25 A5 01 04 31 02 D8 3F 4F D3 (10)
                              [N4:Y] INTERRUPT '?'
2025-09-02 19:53:43:729 [IN ] C8 24 09 0B 25 A5 09 01 31 03 C9 3A 09 4A 1E 6A C8 24 04 0C 25 A5 04 01 31 04 D8 3A 01 01 4E 72 EA (33)
                              [N9:P] LFLAG ':' 9 (9)
                              [N4:Y] INTERRUPT ':' 1 1 (257)
2025-09-02 19:53:43:751 [OUT] 25 A5 01 09 31 03 CA 3D 09 4E 1F (11)
                              [N9:P] RFLAG '=' 9 (9)
2025-09-02 19:53:43:775 [OUT] 25 A5 01 0C 31 02 D8 3F 57 FB (10)
                              [N12:Z] INTERRUPT '?'
2025-09-02 19:53:44:076 [IN ] C8 24 09 0B 25 A5 09 01 31 03 CA 3A 09 4B 21 72 C8 24 0C 0C 25 A5 0C 01 31 04 D8 3A 01 01 56 B2 EA (33)
                              [N9:P] RFLAG ':' 9 (9)
                              [N12:Z] INTERRUPT ':' 1 1 (257)
2025-09-02 19:53:44:097 [OUT] 25 A5 01 08 31 03 C9 3D 09 4C 16 (11)
                              [N8:R] LFLAG '=' 9 (9)
2025-09-02 19:53:44:118 [OUT] 25 A5 01 03 31 03 C9 3D 0B 49 FA (11)
                              [N3:X] LFLAG '=' 11 (11)
2025-09-02 19:53:44:140 [OUT] 25 A5 01 04 31 03 C9 3D 0B 4A 00 (11)
                              [N4:Y] LFLAG '=' 11 (11)
2025-09-02 19:53:44:162 [OUT] 25 A5 01 0C 31 03 C9 3D 0B 52 30 (11)
                              [N12:Z] LFLAG '=' 11 (11)
2025-09-02 19:53:44:287 [IN ] C8 24 08 0B 25 A5 08 01 31 03 C9 3A 09 49 17 B2 (16)
                              [N8:R] LFLAG ':' 9 (9)
2025-09-02 19:53:44:309 [OUT] 25 A5 01 08 31 03 CA 3D 09 4D 19 (11)
                              [N8:R] RFLAG '=' 9 (9)
2025-09-02 19:53:44:373 [IN ] C8 24 03 0B 25 A5 03 01 31 03 C9 3A 0B 46 F6 B2 (16)
                              [N3:X] LFLAG ':' 11 (11)
2025-09-02 19:53:44:395 [OUT] 25 A5 01 03 31 03 88 00 50 10 02 (11)
                              [N3:X] RUN 0 80 (80)
2025-09-02 19:53:44:477 [IN ] C8 24 04 0B 25 A5 04 01 31 03 C9 3A 0B 47 FD B2 (16)
                              [N4:Y] LFLAG ':' 11 (11)
2025-09-02 19:53:44:498 [OUT] 25 A5 01 04 31 03 88 00 50 11 08 (11)
                              [N4:Y] RUN 0 80 (80)
2025-09-02 19:53:44:602 [IN ] C8 24 0C 0B 25 A5 0C 01 31 03 C9 3A 0B 4F 35 B2 (16)
                              [N12:Z] LFLAG ':' 11 (11)
2025-09-02 19:53:44:623 [OUT] 25 A5 01 0C 31 03 88 00 50 19 38 (11)
                              [N12:Z] RUN 0 80 (80)
2025-09-02 19:53:44:685 [IN ] C8 24 08 0B 25 A5 08 01 31 03 CA 3A 09 4A 1A B2 (16)
                              [N8:R] RFLAG ':' 9 (9)
2025-09-02 19:53:44:809 [IN ] C8 24 03 0C 25 A5 03 01 31 04 88 53 00 50 64 C2 EA (17)
                              [N3:X] RUN 'S' 0 80 (80)
2025-09-02 19:53:44:933 [IN ] C8 24 04 0C 25 A5 04 01 31 04 88 53 00 50 65 CA EA (17)
                              [N4:Y] RUN 'S' 0 80 (80)
2025-09-02 19:53:45:036 [IN ] C8 24 0C 0C 25 A5 0C 01 31 04 88 53 00 50 6D 0A EA (17)
                              [N12:Z] RUN 'S' 0 80 (80)
2025-09-02 19:53:52:455 [IN ] C8 24 04 0B 25 A5 04 01 31 03 81 5A 4C 60 A6 0A C8 24 04 0A 25 A5 04 01 31 02 81 49 02 32 A6 (31)
                              [N4:Y] TPOS 'Z' 76 (76)
                              [N4:Y] TPOS 'I'
2025-09-02 19:53:52:678 [OUT] 25 A5 01 09 31 02 D8 3F 54 EC (10)
                              [N9:P] INTERRUPT '?'
2025-09-02 19:53:52:979 [IN ] C8 24 09 0C 25 A5 09 01 31 04 D8 3A 01 01 53 9A EA (17)
                              [N9:P] INTERRUPT ':' 1 1 (257)
2025-09-02 19:53:53:000 [OUT] 25 A5 01 04 31 03 C9 3D 09 48 FE (11)
                              [N4:Y] LFLAG '=' 9 (9)
2025-09-02 19:53:53:023 [OUT] 25 A5 01 07 31 02 D8 3F 52 E2 (10)
                              [N7:N] INTERRUPT '?'
2025-09-02 19:53:53:325 [IN ] C8 24 04 0B 25 A5 04 01 31 03 C9 3A 09 45 FB 9A C8 24 07 0C 25 A5 07 01 31 04 D8 3A 01 01 51 8A EA (33)
                              [N4:Y] LFLAG ':' 9 (9)
                              [N7:N] INTERRUPT ':' 1 1 (257)
2025-09-02 19:53:53:346 [OUT] 25 A5 01 09 31 03 C9 3D 0B 4F 1E (11)
                              [N9:P] LFLAG '=' 11 (11)
2025-09-02 19:53:53:367 [OUT] 25 A5 01 07 31 03 C9 3D 0B 4D 12 (11)
                              [N7:N] LFLAG '=' 11 (11)
2025-09-02 19:53:53:512 [IN ] C8 24 09 0B 25 A5 09 01 31 (9)
2025-09-02 19:53:53:533 [IN ] 03 C9 3A 0B 4C 20 8A (7)
                              [N9:P] LFLAG ':' 11 (11)
2025-09-02 19:53:53:555 [OUT] 25 A5 01 09 31 03 88 00 50 16 26 (11)
                              [N9:P] RUN 0 80 (80)
2025-09-02 19:53:53:617 [IN ] C8 24 07 0B 25 A5 07 01 31 03 C9 3A 0B 4A 12 8A (16)
                              [N7:N] LFLAG ':' 11 (11)
2025-09-02 19:53:53:637 [OUT] 25 A5 01 07 31 03 88 00 50 14 1A (11)
                              [N7:N] RUN 0 80 (80)
2025-09-02 19:53:53:740 [IN ] C8 24 09 0C 25 A5 09 01 31 04 88 53 00 50 6A F2 EA (17)
                              [N9:P] RUN 'S' 0 80 (80)
2025-09-02 19:53:53:824 [IN ] C8 24 09 0B 25 A5 09 01 31 03 81 5A 4C 65 C9 F2 (16)
                              [N9:P] TPOS 'Z' 76 (76)
2025-09-02 19:53:53:846 [IN ] C8 24 07 0C 25 A5 07 01 31 04 88 53 00 50 68 E2 EA C8 24 09 0A 25 A5 09 01 31 02 81 49 07 50 68 (32)
                              [N7:N] RUN 'S' 0 80 (80)
                              [N9:P] TPOS 'I'
2025-09-02 19:53:54:069 [OUT] 25 A5 01 09 31 03 C9 3D 09 4D 1C (11)
                              [N9:P] LFLAG '=' 9 (9)
2025-09-02 19:53:54:090 [OUT] 25 A5 01 04 31 05 81 FF EE 88 01 32 FA (13)
                              [N4:Y] TPOS 255 238 136 1 (-1144831)
2025-09-02 19:53:54:234 [IN ] C8 24 09 0B 25 A5 09 01 31 03 C9 3A 09 4A 1E E2 (16)
                              [N9:P] LFLAG ':' 9 (9)
2025-09-02 19:53:54:357 [IN ] C8 24 04 0E 25 A5 04 01 31 06 81 53 00 00 00 00 10 88 0A (19)
                              [N4:Y] TPOS 'S' 0 0 0 0 (0)
2025-09-02 19:53:57:565 [IN ] C8 24 03 0B 25 A5 03 01 31 03 81 5A 4C 5F 9F 00 C8 24 03 0A 25 A5 03 01 31 02 81 49 01 2C 9F (31)
                              [N3:X] TPOS 'Z' 76 (76)
                              [N3:X] TPOS 'I'
2025-09-02 19:53:57:788 [OUT] 25 A5 01 03 31 03 C9 3D 09 47 F8 (11)
                              [N3:X] LFLAG '=' 9 (9)
2025-09-02 19:53:57:951 [IN ] C8 24 03 0B 25 A5 03 01 31 03 C9 3A 09 44 F4 00 (16)
                              [N3:X] LFLAG ':' 9 (9)
2025-09-02 19:53:59:155 [IN ] C8 24 07 0B 25 A5 07 01 31 03 81 5A 4C 63 BB 00 C8 24 07 0A 25 A5 07 01 31 02 81 49 05 44 BB (31)
                              [N7:N] TPOS 'Z' 76 (76)
                              [N7:N] TPOS 'I'
2025-09-02 19:53:59:379 [OUT] 25 A5 01 07 31 03 C9 3D 09 4B 10 (11)
                              [N7:N] LFLAG '=' 9 (9)
2025-09-02 19:53:59:543 [IN ] C8 24 07 0B 25 A5 07 01 31 03 C9 3A 09 48 10 00 (16)
                              [N7:N] LFLAG ':' 9 (9)
2025-09-02 19:54:00:349 [IN ] C8 24 0C 0B 25 A5 0C 01 31 03 81 5A 4C 68 DE 00 C8 24 0C 0A 25 A5 0C 01 31 02 81 49 0A 62 DE (31)
                              [N12:Z] TPOS 'Z' 76 (76)
                              [N12:Z] TPOS 'I'
2025-09-02 19:54:00:571 [OUT] 25 A5 01 0C 31 03 C9 3D 09 50 2E (11)
                              [N12:Z] LFLAG '=' 9 (9)
2025-09-02 19:54:00:736 [IN ] C8 24 0C 0B 25 A5 0C 01 31 03 C9 3A 09 4D 33 00 (16)
                              [N12:Z] LFLAG ':' 9 (9)
2025-09-02 19:54:00:937 [IN ] C8 24 04 0E 25 A5 04 01 31 06 81 45 FF EE 85 B0 24 C2 0A (19)
                              [N4:Y] TPOS 'E' 255 238 133 176 (-1145424)
2025-09-02 19:54:01:164 [OUT] 25 A5 01 0C 31 05 81 FF BC D0 00 4F 33 (13)
                              [N12:Z] TPOS 255 188 208 0 (-4403200)
2025-09-02 19:54:01:186 [OUT] 25 A5 01 04 31 05 81 FF FD 50 01 09 B7 (13)
                              [N4:Y] TPOS 255 253 80 1 (-176127)
2025-09-02 19:54:01:208 [OUT] 25 A5 01 09 31 05 81 FF E7 5D 56 5A 0C (13)
                              [N9:P] TPOS 255 231 93 86 (-1614506)
2025-09-02 19:54:01:231 [OUT] 25 A5 01 07 31 05 81 FF AB 19 75 F7 DF (13)
                              [N7:N] TPOS 255 171 25 117 (-5564043)
2025-09-02 19:54:01:253 [OUT] 25 A5 01 03 31 05 81 FF EC 4A AB 9B 1A (13)
                              [N3:X] TPOS 255 236 74 171 (-1291605)
2025-09-02 19:54:01:275 [OUT] 25 A5 01 06 31 02 D8 3F 51 DD (10)
                              [N6:H] INTERRUPT '?'
2025-09-02 19:54:01:576 [IN ] C8 24 0C 0E 25 A5 0C 01 31 06 81 53 FF FF FF F6 0B C5 0A C8 24 04 0E 25 A5 04 01 31 06 81 53 FF EE 85 B0 32 08 0A (38)
                              [N12:Z] TPOS 'S' 255 255 255 246 (-10)
                              [N4:Y] TPOS 'S' 255 238 133 176 (-1145424)
2025-09-02 19:54:01:877 [IN ] C8 24 09 0E 25 A5 09 01 31 06 81 53 FF FF FF FF 11 B0 0A C8 24 07 0E 25 A5 07 01 31 06 81 53 FF FF FF FF 0F 9C 0A C8 24 03 0E 25 A5 03 01 31 06 81 53 00 00 00 00 0F 7E 0A (57)
                              [N9:P] TPOS 'S' 255 255 255 255 (-1)
                              [N7:N] TPOS 'S' 255 255 255 255 (-1)
                              [N3:X] TPOS 'S' 0 0 0 0 (0)
2025-09-02 19:54:02:179 [IN ] C8 24 06 0C 25 A5 06 01 31 04 D8 3A 01 01 50 82 0F (17)
                              [N6:H] INTERRUPT ':' 1 1 (257)
2025-09-02 19:54:02:200 [OUT] 25 A5 01 06 31 03 C9 3D 0B 4C 0C (11)
                              [N6:H] LFLAG '=' 11 (11)
2025-09-02 19:54:02:385 [IN ] C8 24 06 0B 25 A5 06 01 31 03 C9 3A 0B 49 0B 82 (16)
                              [N6:H] LFLAG ':' 11 (11)
2025-09-02 19:54:02:407 [OUT] 25 A5 01 06 31 03 88 FF B0 72 72 (11)
                              [N6:H] RUN 255 176 (-80)
2025-09-02 19:54:02:552 [IN ] C8 24 06 0C 25 A5 06 01 31 04 88 53 FF B0 C6 38 0F (17)
                              [N6:H] RUN 'S' 255 176 (-80)
2025-09-02 19:54:07:568 [IN ] C8 24 06 0B 25 A5 06 01 31 03 81 5A 4C 62 B4 38 C8 24 06 0A 25 A5 06 01 31 02 81 49 04 3E B4 (31)
                              [N6:H] TPOS 'Z' 76 (76)
                              [N6:H] TPOS 'I'
2025-09-02 19:54:07:792 [OUT] 25 A5 01 06 31 03 C9 3D 09 4A 0A (11)
                              [N6:H] LFLAG '=' 9 (9)
2025-09-02 19:54:07:957 [IN ] C8 24 06 0B 25 A5 06 01 31 03 C9 3A 09 47 09 38 (16)
                              [N6:H] LFLAG ':' 9 (9)
2025-09-02 19:54:07:978 [OUT] 25 A5 01 06 31 03 84 00 50 0F 08 (11)
                              [N6:H] VEL 0 80 (80)
2025-09-02 19:54:08:143 [IN ] C8 24 06 0C 25 A5 06 01 31 04 84 53 00 50 63 CA 0F (17)
                              [N6:H] VEL 'S' 0 80 (80)
2025-09-02 19:54:08:164 [OUT] 25 A5 01 06 31 05 81 00 19 82 3C 95 BE (13)
                              [N6:H] TPOS 0 25 130 60 (1671740)
2025-09-02 19:54:08:348 [IN ] C8 24 06 0E 25 A5 06 01 31 06 81 53 00 00 00 01 13 9D 0A (19)
                              [N6:H] TPOS 'S' 0 0 0 1 (1)
2025-09-02 19:54:10:152 [IN ] C8 24 03 0E 25 A5 03 01 31 06 81 45 FF EC 49 53 88 DD 0A (19)
                              [N3:X] TPOS 'E' 255 236 73 83 (-1291949)
2025-09-02 19:54:10:556 [IN ] C8 24 04 0E 25 A5 04 01 31 06 81 45 FF FD 4F 6B B8 3E (18)
                              [N4:Y] TPOS 'E' 255 253 79 107 (-176277)
2025-09-02 19:54:10:578 [OUT] 25 A5 01 03 31 05 81 FF FD 50 01 08 AF (13)
                              [N3:X] TPOS 255 253 80 1 (-176127)
2025-09-02 19:54:10:580 [IN ] 0A (1)
2025-09-02 19:54:10:763 [IN ] C8 24 03 0E 25 A5 03 01 31 06 81 53 FF EC 49 53 96 23 0A (19)
                              [N3:X] TPOS 'S' 255 236 73 83 (-1291949)
2025-09-02 19:54:11:565 [IN ] C8 24 09 0E 25 A5 09 01 31 06 81 45 FF E7 5B D3 1B AE 0A (19)
                              [N9:P] TPOS 'E' 255 231 91 211 (-1614893)
2025-09-02 19:54:11:989 [OUT] 25 A5 01 09 31 05 81 FF FF D9 C8 60 BE (13)
                              [N9:P] TPOS 255 255 217 200 (-9784)
2025-09-02 19:54:12:175 [IN ] C8 24 09 0E 25 A5 09 01 31 06 81 53 FF E7 5B D5 2B F6 0A (19)
                              [N9:P] TPOS 'S' 255 231 91 213 (-1614891)
2025-09-02 19:54:18:387 [IN ] C8 24 06 0E 25 A5 06 01 31 06 81 45 00 19 83 68 08 0F 0A (19)
                              [N6:H] TPOS 'E' 0 25 131 104 (1672040)
2025-09-02 19:54:18:811 [OUT] 25 A5 01 06 31 05 81 00 0C 8F FB 54 70 (13)
                              [N6:H] TPOS 0 12 143 251 (823291)
2025-09-02 19:54:18:995 [IN ] C8 24 06 0E 25 A5 06 01 31 06 81 53 00 19 83 69 17 56 0A (19)
                              [N6:H] TPOS 'S' 0 25 131 105 (1672041)
2025-09-02 19:54:22:201 [IN ] C8 24 09 0E 25 A5 09 01 31 06 81 45 FF FF DB 89 69 AC 0A (19)
                              [N9:P] TPOS 'E' 255 255 219 137 (-9335)
2025-09-02 19:54:22:425 [OUT] 25 A5 01 08 31 02 D8 3F 53 E7 (10)
                              [N8:R] INTERRUPT '?'
2025-09-02 19:54:22:726 [IN ] C8 24 08 0C 25 A5 08 01 31 04 D8 3A 01 01 52 92 69 (17)
                              [N8:R] INTERRUPT ':' 1 1 (257)
2025-09-02 19:54:22:747 [OUT] 25 A5 01 08 31 03 CA 3D 0B 4F 1B (11)
                              [N8:R] RFLAG '=' 11 (11)
2025-09-02 19:54:22:911 [IN ] C8 24 08 0B 25 A5 08 01 31 03 CA 3A 0B 4C 1C 92 (16)
                              [N8:R] RFLAG ':' 11 (11)
2025-09-02 19:54:22:932 [OUT] 25 A5 01 08 31 03 88 00 50 15 20 (11)
                              [N8:R] RUN 0 80 (80)
2025-09-02 19:54:23:097 [IN ] C8 24 08 0C 25 A5 08 01 31 04 88 53 00 50 69 EA 69 (17)
                              [N8:R] RUN 'S' 0 80 (80)
2025-09-02 19:54:24:099 [IN ] C8 24 06 0E 25 A5 06 01 31 06 81 45 00 0C 8D 5F FC F3 0A C8 24 03 0E 25 A5 03 01 31 06 81 45 FF FD 4F A0 EC 69 0A (38)
                              [N6:H] TPOS 'E' 0 12 141 95 (822623)
                              [N3:X] TPOS 'E' 255 253 79 160 (-176224)
2025-09-02 19:54:24:324 [OUT] 25 A5 01 05 31 02 D8 3F 50 D8 (10)
                              [N5:V] INTERRUPT '?'
2025-09-02 19:54:24:626 [IN ] C8 24 05 0C 25 A5 05 01 31 04 D8 3A 01 01 4F 7A EC (17)
                              [N5:V] INTERRUPT ':' 1 1 (257)
2025-09-02 19:54:24:647 [OUT] 25 A5 01 05 31 03 C9 3D 0B 4B 06 (11)
                              [N5:V] LFLAG '=' 11 (11)
2025-09-02 19:54:24:791 [IN ] C8 24 05 0B 25 A5 05 01 31 03 C9 3A 0B 48 04 7A (16)
                              [N5:V] LFLAG ':' 11 (11)
2025-09-02 19:54:24:813 [OUT] 25 A5 01 05 31 03 88 FF B0 71 6C (11)
                              [N5:V] RUN 255 176 (-80)
2025-09-02 19:54:24:978 [IN ] C8 24 05 0C 25 A5 05 01 31 04 88 53 FF B0 C5 30 EC (17)
                              [N5:V] RUN 'S' 255 176 (-80)
2025-09-02 19:54:26:180 [IN ] C8 24 0C 0E 25 A5 0C 01 31 06 81 45 FF BC CD F5 87 51 0A (19)
                              [N12:Z] TPOS 'E' 255 188 205 245 (-4403723)
2025-09-02 19:54:26:604 [OUT] 25 A5 01 0C 31 05 81 FF D4 54 00 EB 83 (13)
                              [N12:Z] TPOS 255 212 84 0 (-2862080)
2025-09-02 19:54:26:789 [IN ] C8 24 0C 0E 25 A5 0C 01 31 06 81 53 FF BC CD F6 96 98 0A (19)
                              [N12:Z] TPOS 'S' 255 188 205 246 (-4403722)
2025-09-02 19:54:28:794 [IN ] C8 24 07 0E 25 A5 07 01 31 06 81 45 FF AB 15 77 3B FE 0A (19)
                              [N7:N] TPOS 'E' 255 171 21 119 (-5565065)
2025-09-02 19:54:29:219 [OUT] 25 A5 01 07 31 05 81 FF EF 4D 05 FF A3 (13)
                              [N7:N] TPOS 255 239 77 5 (-1094395)
2025-09-02 19:54:29:403 [IN ] C8 24 07 0E 25 A5 07 01 31 06 81 53 FF AB 15 77 49 44 0A (19)
                              [N7:N] TPOS 'S' 255 171 21 119 (-5565065)
2025-09-02 19:54:30:607 [IN ] C8 24 05 0B 25 A5 05 01 31 03 81 5A 4C 61 AD 77 C8 24 05 0A 25 A5 05 01 31 02 81 49 03 38 AD (31)
                              [N5:V] TPOS 'Z' 76 (76)
                              [N5:V] TPOS 'I'
2025-09-02 19:54:30:832 [OUT] 25 A5 01 05 31 03 C9 3D 09 49 04 (11)
                              [N5:V] LFLAG '=' 9 (9)
2025-09-02 19:54:30:996 [IN ] C8 24 05 0B 25 A5 05 01 31 03 C9 3A 09 46 02 77 (16)
                              [N5:V] LFLAG ':' 9 (9)
2025-09-02 19:54:31:017 [OUT] 25 A5 01 05 31 03 84 00 50 0E 02 (11)
                              [N5:V] VEL 0 80 (80)
2025-09-02 19:54:31:201 [IN ] C8 24 05 0C 25 A5 05 01 31 04 84 53 00 50 62 C2 49 (17)
                              [N5:V] VEL 'S' 0 80 (80)
2025-09-02 19:54:31:223 [OUT] 25 A5 01 05 31 05 81 00 19 82 3C 94 B6 (13)
                              [N5:V] TPOS 0 25 130 60 (1671740)
2025-09-02 19:54:31:306 [IN ] C8 24 08 0B 25 A5 08 01 31 03 81 5A 52 6A C8 C2 (16)
                              [N8:R] TPOS 'Z' 82 (82)
2025-09-02 19:54:31:347 [IN ] C8 24 08 (3)
2025-09-02 19:54:31:370 [IN ] 0A 25 A5 08 01 31 02 81 49 06 4A C8 (12)
                              [N8:R] TPOS 'I'
2025-09-02 19:54:31:392 [IN ] C8 24 05 (3)
2025-09-02 19:54:31:412 [OUT] 25 A5 01 08 31 03 CA 3D 09 4D 19 (11)
                              [N8:R] RFLAG '=' 9 (9)
2025-09-02 19:54:31:414 [IN ] 0E 25 A5 05 01 31 06 81 53 00 00 00 00 11 92 0A (16)
                              [N5:V] TPOS 'S' 0 0 0 0 (0)
2025-09-02 19:54:31:577 [IN ] C8 24 08 0B 25 A5 08 01 31 03 CA 3A 09 4A 1A 00 (16)
                              [N8:R] RFLAG ':' 9 (9)
2025-09-02 19:54:31:599 [OUT] 25 A5 01 08 31 05 81 FF DC 77 1D 2F DE (13)
                              [N8:R] TPOS 255 220 119 29 (-2328803)
2025-09-02 19:54:31:783 [IN ] C8 24 08 0E 25 A5 08 01 31 06 81 53 FF FF FF F9 0A A0 0A (19)
                              [N8:R] TPOS 'S' 255 255 255 249 (-7)
2025-09-02 19:54:35:191 [IN ] C8 24 0C 0E 25 A5 0C 01 31 06 81 45 FF D4 57 5B 8F 13 0A (19)
                              [N12:Z] TPOS 'E' 255 212 87 91 (-2861221)
2025-09-02 19:54:40:004 [IN ] C8 24 05 0E 25 A5 05 01 31 06 81 45 00 19 85 61 02 02 0A (19)
                              [N5:V] TPOS 'E' 0 25 133 97 (1672545)
2025-09-02 19:54:40:429 [OUT] 25 A5 01 05 31 05 81 00 0C CC 38 CD 1F (13)
                              [N5:V] TPOS 0 12 204 56 (838712)
2025-09-02 19:54:40:612 [IN ] C8 24 05 0E 25 A5 05 01 31 06 81 53 00 19 85 61 10 48 0A (19)
                              [N5:V] TPOS 'S' 0 25 133 97 (1672545)
2025-09-02 19:54:46:628 [IN ] C8 24 05 0E 25 A5 05 01 31 06 81 45 00 0C CA F8 D1 FC 0A (19)
                              [N5:V] TPOS 'E' 0 12 202 248 (838392)
2025-09-02 19:54:46:830 [IN ] C8 24 08 0E 25 A5 08 01 31 06 81 45 FF DC 75 7F D5 63 0A (19)
                              [N8:R] TPOS 'E' 255 220 117 127 (-2329217)
2025-09-02 19:54:46:851 [OUT] 25 A5 01 03 31 05 81 FF EE 9E 16 5C 33 (13)
                              [N3:X] TPOS 255 238 158 22 (-1139178)
2025-09-02 19:54:46:873 [OUT] 25 A5 01 04 31 05 81 FF F3 B4 EE 50 4E (13)
                              [N4:Y] TPOS 255 243 180 238 (-805650)
2025-09-02 19:54:46:894 [OUT] 25 A5 01 08 31 05 81 FF ED AA 50 A6 AA (13)
                              [N8:R] TPOS 255 237 170 80 (-1201584)
2025-09-02 19:54:47:038 [IN ] C8 24 03 0E 25 A5 03 01 31 06 81 53 FF FD 4F 9F F9 AE 0A (19)
                              [N3:X] TPOS 'S' 255 253 79 159 (-176225)
2025-09-02 19:54:47:181 [IN ] C8 24 04 0E 25 A5 04 01 31 06 81 53 FF FD 4F 6A C5 83 0A (19)
                              [N4:Y] TPOS 'S' 255 253 79 106 (-176278)
2025-09-02 19:54:47:304 [IN ] C8 24 08 0E 25 A5 08 01 31 06 81 53 FF DC 75 84 E8 AE 0A (19)
                              [N8:R] TPOS 'S' 255 220 117 132 (-2329212)
2025-09-02 19:54:50:909 [IN ] C8 24 07 0E 25 A5 07 01 31 06 81 45 FF EF 51 86 CA 51 0A C8 24 04 0E 25 A5 04 01 31 06 81 45 FF F3 B2 AB 51 26 0A (38)
                              [N7:N] TPOS 'E' 255 239 81 134 (-1093242)
                              [N4:Y] TPOS 'E' 255 243 178 171 (-806229)
2025-09-02 19:54:53:116 [IN ] C8 24 03 0E 25 A5 03 01 31 06 81 45 FF EE 9C 63 ED 99 0A (19)
                              [N3:X] TPOS 'E' 255 238 156 99 (-1139613)
2025-09-02 19:54:54:922 [IN ] C8 24 08 0E 25 A5 08 01 31 06 81 45 FF ED AB 3F DC C2 0A (19)
                              [N8:R] TPOS 'E' 255 237 171 63 (-1201345)
