2025-09-02 11:22:51:498 [OUT] 25 A5 01 0A 31 05 D6 3D FF 00 00 53 ED (13)
                              [N10:HMI] HMILED '=' 255 0 0 (16711680)
2025-09-02 11:22:51:519 [OUT] 25 A5 01 03 31 02 D8 3F 4E CE (10)
                              [N3:X] INTERRUPT '?'
2025-09-02 11:22:51:820 [IN ] C8 24 0A 0D 25 A5 0A 01 31 05 D6 3A FF 00 00 50 EA 4C C8 24 03 0C 25 A5 03 01 31 04 D8 3A 01 01 4D 6A EA (35)
                              [N10:HMI] HMILED ':' 255 0 0 (16711680)
                              [N3:X] INTERRUPT ':' 1 1 (257)
2025-09-02 11:22:51:841 [OUT] 25 A5 01 09 31 03 C9 3D 09 4D 1C (11)
                              [N9:P] LFLAG '=' 9 (9)
2025-09-02 11:22:51:863 [OUT] 25 A5 01 04 31 02 D8 3F 4F D3 (10)
                              [N4:Y] INTERRUPT '?'
2025-09-02 11:22:52:165 [IN ] C8 24 09 0B 25 A5 09 01 31 03 C9 3A 09 4A 1E 6A C8 24 04 0C 25 A5 04 01 31 04 D8 3A 01 01 4E 72 EA (33)
                              [N9:P] LFLAG ':' 9 (9)
                              [N4:Y] INTERRUPT ':' 1 1 (257)
2025-09-02 11:22:52:186 [OUT] 25 A5 01 09 31 03 CA 3D 09 4E 1F (11)
                              [N9:P] RFLAG '=' 9 (9)
2025-09-02 11:22:52:209 [OUT] 25 A5 01 0C 31 02 D8 3F 57 FB (10)
                              [N12:Z] INTERRUPT '?'
2025-09-02 11:22:52:513 [IN ] C8 24 09 0B 25 A5 09 01 31 03 CA 3A 09 4B 21 72 C8 24 0C 0C 25 A5 0C 01 31 04 D8 3A 01 01 56 B2 EA (33)
                              [N9:P] RFLAG ':' 9 (9)
                              [N12:Z] INTERRUPT ':' 1 1 (257)
2025-09-02 11:22:52:535 [OUT] 25 A5 01 08 31 03 C9 3D 09 4C 16 (11)
                              [N8:R] LFLAG '=' 9 (9)
2025-09-02 11:22:52:555 [OUT] 25 A5 01 03 31 03 C9 3D 0B 49 FA (11)
                              [N3:X] LFLAG '=' 11 (11)
2025-09-02 11:22:52:577 [OUT] 25 A5 01 04 31 03 C9 3D 0B 4A 00 (11)
                              [N4:Y] LFLAG '=' 11 (11)
2025-09-02 11:22:52:599 [OUT] 25 A5 01 0C 31 03 C9 3D 0B 52 30 (11)
                              [N12:Z] LFLAG '=' 11 (11)
2025-09-02 11:22:52:704 [IN ] C8 24 08 0B 25 A5 (6)
2025-09-02 11:22:52:728 [IN ] 08 01 31 03 C9 3A 09 49 17 B2 (10)
                              [N8:R] LFLAG ':' 9 (9)
2025-09-02 11:22:52:749 [OUT] 25 A5 01 08 31 03 CA 3D 09 4D 19 (11)
                              [N8:R] RFLAG '=' 9 (9)
2025-09-02 11:22:52:813 [IN ] C8 24 03 0B 25 A5 03 01 31 03 C9 3A 0B 46 F6 B2 (16)
                              [N3:X] LFLAG ':' 11 (11)
2025-09-02 11:22:52:835 [OUT] 25 A5 01 03 31 03 88 00 50 10 02 (11)
                              [N3:X] RUN 0 80 (80)
2025-09-02 11:22:52:921 [IN ] C8 24 04 0B 25 A5 04 01 31 03 C9 3A 0B 47 FD B2 (16)
                              [N4:Y] LFLAG ':' 11 (11)
2025-09-02 11:22:52:943 [OUT] 25 A5 01 04 31 03 88 00 50 11 08 (11)
                              [N4:Y] RUN 0 80 (80)
2025-09-02 11:22:53:028 [IN ] C8 24 0C 0B 25 A5 0C 01 31 03 C9 3A 0B 4F 35 B2 (16)
                              [N12:Z] LFLAG ':' 11 (11)
2025-09-02 11:22:53:052 [OUT] 25 A5 01 0C 31 03 88 00 50 19 38 (11)
                              [N12:Z] RUN 0 80 (80)
2025-09-02 11:22:53:137 [IN ] C8 24 08 0B 25 A5 08 01 31 03 CA 3A 09 4A 1A B2 (16)
                              [N8:R] RFLAG ':' 9 (9)
2025-09-02 11:22:53:239 [IN ] C8 24 03 0C 25 A5 03 01 31 04 88 53 00 50 64 C2 EA (17)
                              [N3:X] RUN 'S' 0 80 (80)
2025-09-02 11:22:53:364 [IN ] C8 24 04 0C 25 A5 04 01 31 04 88 53 00 50 65 CA EA (17)
                              [N4:Y] RUN 'S' 0 80 (80)
2025-09-02 11:22:53:487 [IN ] C8 24 0C 0C 25 A5 0C 01 31 04 88 53 00 50 6D 0A EA (17)
                              [N12:Z] RUN 'S' 0 80 (80)
2025-09-02 11:23:01:109 [IN ] C8 24 04 0B 25 A5 04 01 31 03 81 5A 4C 60 A6 0A C8 24 04 0A 25 A5 04 01 31 02 81 49 02 32 A6 (31)
                              [N4:Y] TPOS 'Z' 76 (76)
                              [N4:Y] TPOS 'I'
2025-09-02 11:23:01:332 [OUT] 25 A5 01 09 31 02 D8 3F 54 EC (10)
                              [N9:P] INTERRUPT '?'
2025-09-02 11:23:01:633 [IN ] C8 24 09 0C 25 A5 09 01 31 04 D8 3A 01 01 53 9A EA (17)
                              [N9:P] INTERRUPT ':' 1 1 (257)
2025-09-02 11:23:01:654 [OUT] 25 A5 01 04 31 03 C9 3D 09 48 FE (11)
                              [N4:Y] LFLAG '=' 9 (9)
2025-09-02 11:23:01:675 [OUT] 25 A5 01 07 31 02 D8 3F 52 E2 (10)
                              [N7:N] INTERRUPT '?'
2025-09-02 11:23:01:977 [IN ] C8 24 04 0B 25 A5 04 01 31 03 C9 3A 09 45 FB 9A C8 24 07 0C 25 A5 07 01 31 04 D8 3A 01 01 51 8A EA (33)
                              [N4:Y] LFLAG ':' 9 (9)
                              [N7:N] INTERRUPT ':' 1 1 (257)
2025-09-02 11:23:01:998 [OUT] 25 A5 01 09 31 03 C9 3D 0B 4F 1E (11)
                              [N9:P] LFLAG '=' 11 (11)
2025-09-02 11:23:02:021 [OUT] 25 A5 01 07 31 03 C9 3D 0B 4D 12 (11)
                              [N7:N] LFLAG '=' 11 (11)
2025-09-02 11:23:02:169 [IN ] C8 24 09 0B 25 A5 09 01 31 03 C9 3A 0B 4C 20 8A (16)
                              [N9:P] LFLAG ':' 11 (11)
2025-09-02 11:23:02:192 [OUT] 25 A5 01 09 31 03 88 00 50 16 26 (11)
                              [N9:P] RUN 0 80 (80)
2025-09-02 11:23:02:278 [IN ] C8 24 07 0B 25 A5 07 01 31 03 C9 3A 0B 4A 12 (15)
                              [N7:N] LFLAG ':' 11 (11)
2025-09-02 11:23:02:299 [OUT] 25 A5 01 07 31 03 88 00 50 14 1A (11)
                              [N7:N] RUN 0 80 (80)
2025-09-02 11:23:02:299 [IN ] 8A (1)
2025-09-02 11:23:02:382 [IN ] C8 24 09 0C 25 A5 09 01 31 04 88 53 00 50 6A F2 EA (17)
                              [N9:P] RUN 'S' 0 80 (80)
2025-09-02 11:23:02:448 [IN ] C8 24 09 0B 25 A5 09 01 31 03 81 5A 4C 65 C9 F2 (16)
                              [N9:P] TPOS 'Z' 76 (76)
2025-09-02 11:23:02:493 [IN ] C8 24 09 0A 25 A5 09 01 31 02 81 49 07 50 C9 C8 24 07 0C 25 A5 07 01 31 04 88 53 00 50 68 E2 EA (32)
                              [N9:P] TPOS 'I'
                              [N7:N] RUN 'S' 0 80 (80)
2025-09-02 11:23:02:715 [OUT] 25 A5 01 09 31 03 C9 3D 09 4D 1C (11)
                              [N9:P] LFLAG '=' 9 (9)
2025-09-02 11:23:02:737 [OUT] 25 A5 01 04 31 05 81 FF EE 88 01 32 FA (13)
                              [N4:Y] TPOS 255 238 136 1 (-1144831)
2025-09-02 11:23:02:901 [IN ] C8 24 09 0B 25 A5 09 01 31 03 C9 3A 09 4A 1E E2 (16)
                              [N9:P] LFLAG ':' 9 (9)
2025-09-02 11:23:03:006 [IN ] C8 24 04 0E 25 A5 04 01 31 06 81 53 00 00 00 00 10 88 0A (19)
                              [N4:Y] TPOS 'S' 0 0 0 0 (0)
2025-09-02 11:23:05:414 [IN ] C8 24 03 0B 25 A5 03 01 31 03 81 5A 4C 5F 9F 00 C8 24 03 0A 25 A5 03 01 31 02 81 49 01 2C 9F (31)
                              [N3:X] TPOS 'Z' 76 (76)
                              [N3:X] TPOS 'I'
2025-09-02 11:23:05:636 [OUT] 25 A5 01 03 31 03 C9 3D 09 47 F8 (11)
                              [N3:X] LFLAG '=' 9 (9)
2025-09-02 11:23:05:801 [IN ] C8 24 03 0B 25 A5 03 01 31 03 C9 3A 09 44 F4 00 (16)
                              [N3:X] LFLAG ':' 9 (9)
2025-09-02 11:23:07:807 [IN ] C8 24 07 0B 25 A5 07 01 31 03 81 5A 4C 63 BB 00 C8 24 07 0A 25 A5 07 01 31 02 81 49 05 44 BB (31)
                              [N7:N] TPOS 'Z' 76 (76)
                              [N7:N] TPOS 'I'
2025-09-02 11:23:08:032 [OUT] 25 A5 01 07 31 03 C9 3D 09 4B 10 (11)
                              [N7:N] LFLAG '=' 9 (9)
2025-09-02 11:23:08:197 [IN ] C8 24 07 0B 25 A5 07 01 31 03 C9 3A 09 48 10 00 (16)
                              [N7:N] LFLAG ':' 9 (9)
2025-09-02 11:23:09:602 [IN ] C8 24 0C 0B 25 A5 0C 01 31 03 81 5A 4C 68 DE 00 C8 24 0C 0A 25 A5 0C 01 31 02 81 49 0A 62 DE (31)
                              [N12:Z] TPOS 'Z' 76 (76)
                              [N12:Z] TPOS 'I'
2025-09-02 11:23:09:804 [IN ] C8 24 04 0E 25 A5 04 01 31 06 81 45 FF EE 85 CE 42 E0 0A (19)
                              [N4:Y] TPOS 'E' 255 238 133 206 (-1145394)
2025-09-02 11:23:09:825 [OUT] 25 A5 01 0C 31 03 C9 3D 09 50 2E (11)
                              [N12:Z] LFLAG '=' 9 (9)
2025-09-02 11:23:09:868 [OUT] 25 A5 01 04 31 05 81 FF FD 50 01 09 B7 (13)
                              [N4:Y] TPOS 255 253 80 1 (-176127)
2025-09-02 11:23:09:891 [OUT] 25 A5 01 09 31 05 81 FF E7 5D 56 5A 0C (13)
                              [N9:P] TPOS 255 231 93 86 (-1614506)
2025-09-02 11:23:09:914 [OUT] 25 A5 01 07 31 05 81 FF AB 19 75 F7 DF (13)
                              [N7:N] TPOS 255 171 25 117 (-5564043)
2025-09-02 11:23:09:938 [OUT] 25 A5 01 03 31 05 81 FF EC 4A AB 9B 1A (13)
                              [N3:X] TPOS 255 236 74 171 (-1291605)
2025-09-02 11:23:09:960 [OUT] 25 A5 01 06 31 02 D8 3F 51 DD (10)
                              [N6:H] INTERRUPT '?'
2025-09-02 11:23:10:261 [IN ] C8 24 0C 0B 25 A5 0C 01 31 03 C9 3A 09 4D 33 CE C8 24 04 0E 25 A5 04 01 31 06 81 53 FF EE 85 CE 50 26 0A C8 24 09 0E 25 A5 09 01 31 06 81 53 FF FF FF FE 10 AF 0A (54)
                              [N12:Z] LFLAG ':' 9 (9)
                              [N4:Y] TPOS 'S' 255 238 133 206 (-1145394)
                              [N9:P] TPOS 'S' 255 255 255 254 (-2)
2025-09-02 11:23:10:562 [IN ] C8 24 07 0E 25 A5 07 01 31 06 81 53 FF FF FF FF 0F 9C 0A C8 24 03 0E 25 A5 03 01 31 06 81 53 00 00 00 00 0F 7E 0A (38)
                              [N7:N] TPOS 'S' 255 255 255 255 (-1)
                              [N3:X] TPOS 'S' 0 0 0 0 (0)
2025-09-02 11:23:10:863 [IN ] C8 24 06 0C 25 A5 06 01 31 04 D8 3A 01 01 50 82 0F (17)
                              [N6:H] INTERRUPT ':' 1 1 (257)
2025-09-02 11:23:10:884 [OUT] 25 A5 01 0C 31 05 81 FF BC D0 00 4F 33 (13)
                              [N12:Z] TPOS 255 188 208 0 (-4403200)
2025-09-02 11:23:10:907 [OUT] 25 A5 01 06 31 03 C9 3D 0B 4C 0C (11)
                              [N6:H] LFLAG '=' 11 (11)
2025-09-02 11:23:11:071 [IN ] C8 24 0C 0E 25 A5 0C 01 31 06 81 53 FF FF FF F0 05 BF 0A (19)
                              [N12:Z] TPOS 'S' 255 255 255 240 (-16)
2025-09-02 11:23:11:197 [IN ] C8 24 06 0B 25 A5 06 01 31 03 C9 3A 0B 49 0B F0 (16)
                              [N6:H] LFLAG ':' 11 (11)
2025-09-02 11:23:11:219 [OUT] 25 A5 01 06 31 03 88 FF B0 72 72 (11)
                              [N6:H] RUN 255 176 (-80)
2025-09-02 11:23:11:388 [IN ] C8 24 06 0C 25 A5 06 01 31 04 88 53 FF B0 C6 38 05 (17)
                              [N6:H] RUN 'S' 255 176 (-80)
2025-09-02 11:23:16:399 [IN ] C8 24 06 0B 25 A5 06 01 31 03 81 5A 4C 62 B4 38 C8 24 06 0A 25 A5 06 01 31 02 81 49 04 3E B4 (31)
                              [N6:H] TPOS 'Z' 76 (76)
                              [N6:H] TPOS 'I'
2025-09-02 11:23:16:622 [OUT] 25 A5 01 06 31 03 C9 3D 09 4A 0A (11)
                              [N6:H] LFLAG '=' 9 (9)
2025-09-02 11:23:16:788 [IN ] C8 24 06 0B 25 A5 06 01 31 03 C9 3A 09 47 09 38 (16)
                              [N6:H] LFLAG ':' 9 (9)
2025-09-02 11:23:16:810 [OUT] 25 A5 01 06 31 03 84 00 50 0F 08 (11)
                              [N6:H] VEL 0 80 (80)
2025-09-02 11:23:16:976 [IN ] C8 24 06 0C 25 A5 06 01 31 04 84 53 00 50 63 CA 05 (17)
                              [N6:H] VEL 'S' 0 80 (80)
2025-09-02 11:23:16:997 [OUT] 25 A5 01 06 31 05 81 00 19 82 3C 95 BE (13)
                              [N6:H] TPOS 0 25 130 60 (1671740)
2025-09-02 11:23:17:182 [IN ] C8 24 06 0E 25 A5 06 01 31 06 81 53 00 00 00 01 13 9D 0A (19)
                              [N6:H] TPOS 'S' 0 0 0 1 (1)
2025-09-02 11:23:18:586 [IN ] C8 24 03 0E 25 A5 03 01 31 06 81 45 FF EC 49 44 79 CE 0A (19)
                              [N3:X] TPOS 'E' 255 236 73 68 (-1291964)
2025-09-02 11:23:19:010 [OUT] 25 A5 01 03 31 05 81 FF FD 50 01 08 AF (13)
                              [N3:X] TPOS 255 253 80 1 (-176127)
2025-09-02 11:23:19:194 [IN ] C8 24 03 0E 25 A5 03 01 31 06 81 53 FF EC 49 44 87 14 0A (19)
                              [N3:X] TPOS 'S' 255 236 73 68 (-1291964)
2025-09-02 11:23:19:598 [IN ] C8 24 04 0E 25 A5 04 01 31 06 81 45 FF FD 4F 42 8F 15 0A (19)
                              [N4:Y] TPOS 'E' 255 253 79 66 (-176318)
2025-09-02 11:23:20:401 [IN ] C8 24 09 0E 25 A5 09 01 31 06 81 45 FF E7 5B C1 09 9C 0A (19)
                              [N9:P] TPOS 'E' 255 231 91 193 (-1614911)
2025-09-02 11:23:20:825 [OUT] 25 A5 01 09 31 05 81 FF FF D9 C8 60 BE (13)
                              [N9:P] TPOS 255 255 217 200 (-9784)
2025-09-02 11:23:21:010 [IN ] C8 24 09 0E 25 A5 09 01 31 06 81 53 FF E7 5B C4 1A E5 0A (19)
                              [N9:P] TPOS 'S' 255 231 91 196 (-1614908)
2025-09-02 11:23:27:427 [IN ] C8 24 06 0E 25 A5 06 01 31 06 81 45 00 19 81 E8 86 8B 0A (19)
                              [N6:H] TPOS 'E' 0 25 129 232 (1671656)
2025-09-02 11:23:27:851 [OUT] 25 A5 01 06 31 05 81 00 0C 8F FB 54 70 (13)
                              [N6:H] TPOS 0 12 143 251 (823291)
2025-09-02 11:23:28:037 [IN ] C8 24 06 0E 25 A5 06 01 31 06 81 53 00 19 81 E8 (16)
2025-09-02 11:23:28:059 [IN ] 94 D1 0A (3)
                              [N6:H] TPOS 'S' 0 25 129 232 (1671656)
2025-09-02 11:23:31:269 [IN ] C8 24 09 0E 25 A5 09 01 31 06 81 45 FF FF DB 50 30 73 0A (19)
                              [N9:P] TPOS 'E' 255 255 219 80 (-9392)
2025-09-02 11:23:31:492 [OUT] 25 A5 01 08 31 02 D8 3F 53 E7 (10)
                              [N8:R] INTERRUPT '?'
2025-09-02 11:23:31:793 [IN ] C8 24 08 0C 25 A5 08 01 31 04 D8 3A 01 01 52 92 30 (17)
                              [N8:R] INTERRUPT ':' 1 1 (257)
2025-09-02 11:23:31:814 [OUT] 25 A5 01 08 31 03 CA 3D 0B 4F 1B (11)
                              [N8:R] RFLAG '=' 11 (11)
2025-09-02 11:23:31:836 [IN ] C8 24 03 0E 25 A5 03 01 31 06 81 45 FF FD 4F 7B C7 44 0A (19)
                              [N3:X] TPOS 'E' 255 253 79 123 (-176261)
2025-09-02 11:23:31:983 [IN ] C8 24 08 0B 25 A5 08 01 31 03 CA 3A 0B 4C 1C 7B (16)
                              [N8:R] RFLAG ':' 11 (11)
2025-09-02 11:23:32:005 [OUT] 25 A5 01 08 31 03 88 00 50 15 20 (11)
                              [N8:R] RUN 0 80 (80)
2025-09-02 11:23:32:171 [IN ] C8 24 08 0C 25 A5 08 01 31 04 88 53 00 50 69 EA C7 (17)
                              [N8:R] RUN 'S' 0 80 (80)
2025-09-02 11:23:33:174 [IN ] C8 24 06 0E 25 A5 06 01 31 06 81 45 00 0C 8D 09 A6 9D 0A (19)
                              [N6:H] TPOS 'E' 0 12 141 9 (822537)
2025-09-02 11:23:33:397 [OUT] 25 A5 01 05 31 02 D8 3F 50 D8 (10)
                              [N5:V] INTERRUPT '?'
2025-09-02 11:23:33:698 [IN ] C8 24 05 0C 25 A5 05 01 31 04 D8 3A 01 01 4F 7A A6 (17)
                              [N5:V] INTERRUPT ':' 1 1 (257)
2025-09-02 11:23:33:720 [OUT] 25 A5 01 05 31 03 C9 3D 0B 4B 06 (11)
                              [N5:V] LFLAG '=' 11 (11)
2025-09-02 11:23:33:905 [IN ] C8 24 05 0B 25 A5 05 01 31 03 C9 3A 0B 48 04 7A (16)
                              [N5:V] LFLAG ':' 11 (11)
2025-09-02 11:23:33:929 [OUT] 25 A5 01 05 31 03 88 FF B0 71 6C (11)
                              [N5:V] RUN 255 176 (-80)
2025-09-02 11:23:34:093 [IN ] C8 24 05 0C 25 A5 05 01 31 (9)
2025-09-02 11:23:34:116 [IN ] 04 88 53 FF B0 C5 30 A6 (8)
                              [N5:V] RUN 'S' 255 176 (-80)
2025-09-02 11:23:36:923 [IN ] C8 24 0C 0E 25 A5 0C 01 31 06 81 45 FF BC CE D7 6A 35 0A (19)
                              [N12:Z] TPOS 'E' 255 188 206 215 (-4403497)
2025-09-02 11:23:37:348 [OUT] 25 A5 01 0C 31 05 81 FF D4 54 00 EB 83 (13)
                              [N12:Z] TPOS 255 212 84 0 (-2862080)
2025-09-02 11:23:37:533 [IN ] C8 24 07 0E 25 A5 07 01 31 06 81 45 FF AB 15 61 25 E8 0A C8 24 0C 0E 25 A5 0C 01 31 06 81 53 FF BC CE D8 79 7C 0A (38)
                              [N7:N] TPOS 'E' 255 171 21 97 (-5565087)
                              [N12:Z] TPOS 'S' 255 188 206 216 (-4403496)
2025-09-02 11:23:37:957 [OUT] 25 A5 01 07 31 05 81 FF EF 4D 05 FF A3 (13)
                              [N7:N] TPOS 255 239 77 5 (-1094395)
2025-09-02 11:23:38:141 [IN ] C8 24 07 0E 25 A5 07 01 31 06 81 53 FF AB 15 61 33 2E 0A (19)
                              [N7:N] TPOS 'S' 255 171 21 97 (-5565087)
2025-09-02 11:23:38:945 [IN ] C8 24 08 0B 25 A5 08 01 31 03 81 5A 52 6A C8 61 C8 24 08 0A 25 A5 08 01 31 02 81 49 06 4A C8 (31)
                              [N8:R] TPOS 'Z' 82 (82)
                              [N8:R] TPOS 'I'
2025-09-02 11:23:39:167 [OUT] 25 A5 01 08 31 03 CA 3D 09 4D 19 (11)
                              [N8:R] RFLAG '=' 9 (9)
2025-09-02 11:23:39:332 [IN ] C8 24 08 0B 25 A5 08 01 31 03 CA 3A 09 4A 1A 61 (16)
                              [N8:R] RFLAG ':' 9 (9)
2025-09-02 11:23:39:354 [OUT] 25 A5 01 08 31 05 81 FF DC 77 1D 2F DE (13)
                              [N8:R] TPOS 255 220 119 29 (-2328803)
2025-09-02 11:23:39:559 [IN ] C8 24 08 0E 25 A5 08 01 31 06 81 53 FF FF FF F9 0A A0 0A (19)
                              [N8:R] TPOS 'S' 255 255 255 249 (-7)
2025-09-02 11:23:39:761 [IN ] C8 24 05 0B 25 A5 05 01 31 03 81 5A 4C 61 AD F9 C8 24 05 0A 25 A5 05 01 31 02 81 49 03 38 AD (31)
                              [N5:V] TPOS 'Z' 76 (76)
                              [N5:V] TPOS 'I'
2025-09-02 11:23:39:984 [OUT] 25 A5 01 05 31 03 C9 3D 09 49 04 (11)
                              [N5:V] LFLAG '=' 9 (9)
2025-09-02 11:23:40:150 [IN ] C8 24 05 0B 25 A5 05 01 31 03 C9 3A 09 46 02 F9 (16)
                              [N5:V] LFLAG ':' 9 (9)
2025-09-02 11:23:40:171 [OUT] 25 A5 01 05 31 03 84 00 50 0E 02 (11)
                              [N5:V] VEL 0 80 (80)
2025-09-02 11:23:40:338 [IN ] C8 24 05 0C 25 A5 05 01 31 04 84 53 00 50 62 C2 0A (17)
                              [N5:V] VEL 'S' 0 80 (80)
2025-09-02 11:23:40:360 [OUT] 25 A5 01 05 31 05 81 00 19 82 3C 94 B6 (13)
                              [N5:V] TPOS 0 25 130 60 (1671740)
2025-09-02 11:23:40:546 [IN ] C8 24 05 0E 25 A5 05 01 31 06 81 53 00 00 00 01 12 93 0A (19)
                              [N5:V] TPOS 'S' 0 0 0 1 (1)
2025-09-02 11:23:46:357 [IN ] C8 24 0C 0E 25 A5 0C 01 31 06 81 45 FF D4 57 17 4B CF 0A (19)
                              [N12:Z] TPOS 'E' 255 212 87 23 (-2861289)
2025-09-02 11:23:49:163 [IN ] C8 24 05 0E 25 A5 05 01 31 06 81 45 00 19 85 57 F8 F8 0A (19)
                              [N5:V] TPOS 'E' 0 25 133 87 (1672535)
2025-09-02 11:23:49:588 [OUT] 25 A5 01 05 31 05 81 00 0C CC 38 CD 1F (13)
                              [N5:V] TPOS 0 12 204 56 (838712)
2025-09-02 11:23:49:773 [IN ] C8 24 05 0E 25 A5 05 01 31 06 81 53 00 19 85 57 06 3E 0A (19)
                              [N5:V] TPOS 'S' 0 25 133 87 (1672535)
2025-09-02 11:23:52:178 [IN ] C8 24 08 0E 25 A5 08 01 31 06 81 45 FF DC 74 E2 37 C4 0A (19)
                              [N8:R] TPOS 'E' 255 220 116 226 (-2329374)
2025-09-02 11:23:52:603 [OUT] 25 A5 01 08 31 05 81 FF ED AA 50 A6 AA (13)
                              [N8:R] TPOS 255 237 170 80 (-1201584)
2025-09-02 11:23:52:809 [IN ] C8 24 08 0E 25 A5 08 01 31 06 81 53 FF DC 74 E5 48 0D 0A (19)
                              [N8:R] TPOS 'S' 255 220 116 229 (-2329371)
2025-09-02 11:23:55:818 [IN ] C8 24 05 0E 25 A5 05 01 31 06 81 45 00 0C CB 0A E4 10 0A (19)
                              [N5:V] TPOS 'E' 0 12 203 10 (838410)
2025-09-02 11:23:56:042 [OUT] 25 A5 01 03 31 05 81 FF EE 9E 16 5C 33 (13)
                              [N3:X] TPOS 255 238 158 22 (-1139178)
2025-09-02 11:23:56:064 [OUT] 25 A5 01 04 31 05 81 FF F3 B4 EE 50 4E (13)
                              [N4:Y] TPOS 255 243 180 238 (-805650)
2025-09-02 11:23:56:228 [IN ] C8 24 03 0E 25 A5 03 01 31 06 81 53 FF FD 4F 7B D5 8A 0A (19)
                              [N3:X] TPOS 'S' 255 253 79 123 (-176261)
2025-09-02 11:23:56:372 [IN ] C8 24 04 0E 25 A5 04 01 31 06 81 53 FF FD 4F 42 9D 5B 0A (19)
                              [N4:Y] TPOS 'S' 255 253 79 66 (-176318)
2025-09-02 11:23:58:977 [IN ] C8 24 08 0E 25 A5 08 01 31 06 81 45 FF ED AD B3 52 3A 0A (19)
                              [N8:R] TPOS 'E' 255 237 173 179 (-1200717)
2025-09-02 11:23:59:581 [IN ] C8 24 07 0E 25 A5 07 01 31 06 81 45 FF EF 51 9E E2 69 0A (19)
                              [N7:N] TPOS 'E' 255 239 81 158 (-1093218)
2025-09-02 11:24:00:185 [IN ] C8 24 04 0E 25 A5 04 01 31 06 81 45 FF F3 B2 B6 5C 31 0A (19)
                              [N4:Y] TPOS 'E' 255 243 178 182 (-806218)
2025-09-02 11:24:01:991 [IN ] C8 24 03 0E 25 A5 03 01 31 06 81 45 FF EE 9C 1D A7 53 0A (19)
                              [N3:X] TPOS 'E' 255 238 156 29 (-1139683)
