2025-09-02 18:04:54:580 [OUT] 25 A5 01 0A 31 05 D6 3D FF 00 00 53 ED (13)
                              [N10:HMI] HMILED '=' 255 0 0 (16711680)
2025-09-02 18:04:54:602 [OUT] 25 A5 01 03 31 02 D8 3F 4E CE (10)
                              [N3:X] INTERRUPT '?'
2025-09-02 18:04:54:903 [IN ] C8 24 0A 0D 25 A5 0A 01 31 05 D6 3A FF 00 00 50 EA DF C8 24 03 0C 25 A5 03 01 31 04 D8 3A 01 01 4D 6A EA (35)
                              [N10:HMI] HMILED ':' 255 0 0 (16711680)
                              [N3:X] INTERRUPT ':' 1 1 (257)
2025-09-02 18:04:54:924 [OUT] 25 A5 01 09 31 03 C9 3D 09 4D 1C (11)
                              [N9:P] LFLAG '=' 9 (9)
2025-09-02 18:04:54:945 [OUT] 25 A5 01 04 31 02 D8 3F 4F D3 (10)
                              [N4:Y] INTERRUPT '?'
2025-09-02 18:04:55:247 [IN ] C8 24 09 0B 25 A5 09 01 31 03 C9 3A 09 4A 1E 6A C8 24 04 0C 25 A5 04 01 31 04 D8 3A 01 01 4E 72 EA (33)
                              [N9:P] LFLAG ':' 9 (9)
                              [N4:Y] INTERRUPT ':' 1 1 (257)
2025-09-02 18:04:55:268 [OUT] 25 A5 01 09 31 03 CA 3D 09 4E 1F (11)
                              [N9:P] RFLAG '=' 9 (9)
2025-09-02 18:04:55:290 [OUT] 25 A5 01 0C 31 02 D8 3F 57 FB (10)
                              [N12:Z] INTERRUPT '?'
2025-09-02 18:04:55:592 [IN ] C8 24 09 0B 25 A5 09 01 31 03 CA 3A 09 4B 21 72 C8 24 0C 0C 25 A5 0C 01 31 04 D8 3A 01 01 56 B2 EA (33)
                              [N9:P] RFLAG ':' 9 (9)
                              [N12:Z] INTERRUPT ':' 1 1 (257)
2025-09-02 18:04:55:614 [OUT] 25 A5 01 08 31 03 C9 3D 09 4C 16 (11)
                              [N8:R] LFLAG '=' 9 (9)
2025-09-02 18:04:55:635 [OUT] 25 A5 01 03 31 03 C9 3D 0B 49 FA (11)
                              [N3:X] LFLAG '=' 11 (11)
2025-09-02 18:04:55:657 [OUT] 25 A5 01 04 31 03 C9 3D 0B 4A 00 (11)
                              [N4:Y] LFLAG '=' 11 (11)
2025-09-02 18:04:55:678 [OUT] 25 A5 01 0C 31 03 C9 3D 0B 52 30 (11)
                              [N12:Z] LFLAG '=' 11 (11)
2025-09-02 18:04:55:783 [IN ] C8 24 08 0B 25 A5 08 01 31 03 C9 3A 09 49 17 B2 (16)
                              [N8:R] LFLAG ':' 9 (9)
2025-09-02 18:04:55:804 [OUT] 25 A5 01 08 31 03 CA 3D 09 4D 19 (11)
                              [N8:R] RFLAG '=' 9 (9)
2025-09-02 18:04:55:888 [IN ] C8 24 03 0B 25 A5 03 01 31 03 C9 3A 0B 46 F6 B2 (16)
                              [N3:X] LFLAG ':' 11 (11)
2025-09-02 18:04:55:910 [OUT] 25 A5 01 03 31 03 88 00 50 10 02 (11)
                              [N3:X] RUN 0 80 (80)
2025-09-02 18:04:55:998 [IN ] C8 24 04 0B 25 A5 04 01 31 03 C9 3A 0B 47 FD B2 (16)
                              [N4:Y] LFLAG ':' 11 (11)
2025-09-02 18:04:56:019 [OUT] 25 A5 01 04 31 03 88 00 50 11 08 (11)
                              [N4:Y] RUN 0 80 (80)
2025-09-02 18:04:56:101 [IN ] C8 24 0C 0B 25 A5 0C 01 31 03 C9 3A 0B 4F 35 B2 (16)
                              [N12:Z] LFLAG ':' 11 (11)
2025-09-02 18:04:56:123 [OUT] 25 A5 01 0C 31 03 88 00 50 19 38 (11)
                              [N12:Z] RUN 0 80 (80)
2025-09-02 18:04:56:205 [IN ] C8 24 08 0B 25 A5 08 01 31 03 CA 3A 09 4A 1A B2 (16)
                              [N8:R] RFLAG ':' 9 (9)
2025-09-02 18:04:56:308 [IN ] C8 24 03 0C 25 A5 03 01 31 04 88 53 00 50 64 C2 EA (17)
                              [N3:X] RUN 'S' 0 80 (80)
2025-09-02 18:04:56:451 [IN ] C8 24 04 0C 25 A5 04 01 31 04 88 53 00 50 65 CA EA (17)
                              [N4:Y] RUN 'S' 0 80 (80)
2025-09-02 18:04:56:554 [IN ] C8 24 0C 0C 25 A5 0C 01 31 04 88 53 00 50 6D 0A EA (17)
                              [N12:Z] RUN 'S' 0 80 (80)
2025-09-02 18:05:03:771 [IN ] C8 24 04 0B 25 A5 04 01 31 03 81 5A 4C 60 A6 0A C8 24 04 0A 25 A5 04 01 31 02 81 49 02 32 A6 (31)
                              [N4:Y] TPOS 'Z' 76 (76)
                              [N4:Y] TPOS 'I'
2025-09-02 18:05:03:993 [OUT] 25 A5 01 09 31 02 D8 3F 54 EC (10)
                              [N9:P] INTERRUPT '?'
2025-09-02 18:05:04:295 [IN ] C8 24 09 0C 25 A5 09 01 31 04 D8 3A 01 01 53 9A EA (17)
                              [N9:P] INTERRUPT ':' 1 1 (257)
2025-09-02 18:05:04:316 [OUT] 25 A5 01 04 31 03 C9 3D 09 48 FE (11)
                              [N4:Y] LFLAG '=' 9 (9)
2025-09-02 18:05:04:338 [OUT] 25 A5 01 07 31 02 D8 3F 52 E2 (10)
                              [N7:N] INTERRUPT '?'
2025-09-02 18:05:04:639 [IN ] C8 24 04 0B 25 A5 04 01 31 03 C9 3A 09 45 FB 9A C8 24 07 0C 25 A5 07 01 31 04 D8 3A 01 01 51 8A EA (33)
                              [N4:Y] LFLAG ':' 9 (9)
                              [N7:N] INTERRUPT ':' 1 1 (257)
2025-09-02 18:05:04:660 [OUT] 25 A5 01 09 31 03 C9 3D 0B 4F 1E (11)
                              [N9:P] LFLAG '=' 11 (11)
2025-09-02 18:05:04:681 [OUT] 25 A5 01 07 31 03 C9 3D 0B 4D 12 (11)
                              [N7:N] LFLAG '=' 11 (11)
2025-09-02 18:05:04:826 [IN ] C8 24 09 0B 25 A5 09 01 31 03 C9 3A 0B 4C 20 8A (16)
                              [N9:P] LFLAG ':' 11 (11)
2025-09-02 18:05:04:847 [OUT] 25 A5 01 09 31 03 88 00 50 16 26 (11)
                              [N9:P] RUN 0 80 (80)
2025-09-02 18:05:04:930 [IN ] C8 24 07 0B 25 A5 07 01 31 03 C9 3A 0B 4A 12 8A (16)
                              [N7:N] LFLAG ':' 11 (11)
2025-09-02 18:05:04:952 [OUT] 25 A5 01 07 31 03 88 00 50 14 1A (11)
                              [N7:N] RUN 0 80 (80)
2025-09-02 18:05:05:036 [IN ] C8 24 09 0C 25 A5 09 01 31 04 88 53 00 50 6A F2 EA (17)
                              [N9:P] RUN 'S' 0 80 (80)
2025-09-02 18:05:05:099 [IN ] C8 24 09 0B 25 A5 09 01 31 03 81 5A 4C 65 C9 F2 (16)
                              [N9:P] TPOS 'Z' 76 (76)
2025-09-02 18:05:05:164 [IN ] C8 24 07 0C 25 A5 07 01 31 04 88 53 00 50 68 E2 EA C8 24 09 0A 25 A5 09 01 31 02 81 49 07 50 68 (32)
                              [N7:N] RUN 'S' 0 80 (80)
                              [N9:P] TPOS 'I'
2025-09-02 18:05:05:387 [OUT] 25 A5 01 09 31 03 C9 3D 09 4D 1C (11)
                              [N9:P] LFLAG '=' 9 (9)
2025-09-02 18:05:05:409 [OUT] 25 A5 01 04 31 05 81 FF EE 88 01 32 FA (13)
                              [N4:Y] TPOS 255 238 136 1 (-1144831)
2025-09-02 18:05:05:553 [IN ] C8 24 09 0B 25 A5 09 01 31 03 C9 3A 09 4A 1E E2 (16)
                              [N9:P] LFLAG ':' 9 (9)
2025-09-02 18:05:05:676 [IN ] C8 24 04 0E 25 A5 04 01 31 06 81 53 00 00 00 00 10 88 0A (19)
                              [N4:Y] TPOS 'S' 0 0 0 0 (0)
2025-09-02 18:05:07:683 [IN ] C8 24 03 0B 25 A5 03 01 31 03 81 5A 4C 5F 9F 00 C8 24 03 0A 25 A5 03 01 31 02 81 49 01 2C 9F (31)
                              [N3:X] TPOS 'Z' 76 (76)
                              [N3:X] TPOS 'I'
2025-09-02 18:05:07:905 [OUT] 25 A5 01 03 31 03 C9 3D 09 47 F8 (11)
                              [N3:X] LFLAG '=' 9 (9)
2025-09-02 18:05:08:070 [IN ] C8 24 03 0B 25 A5 03 01 31 03 C9 3A 09 44 F4 00 (16)
                              [N3:X] LFLAG ':' 9 (9)
2025-09-02 18:05:10:477 [IN ] C8 24 07 0B 25 A5 07 01 31 03 81 5A 4C 63 BB 00 C8 24 07 0A 25 A5 07 01 31 02 81 49 05 44 BB (31)
                              [N7:N] TPOS 'Z' 76 (76)
                              [N7:N] TPOS 'I'
2025-09-02 18:05:10:700 [OUT] 25 A5 01 07 31 03 C9 3D 09 4B 10 (11)
                              [N7:N] LFLAG '=' 9 (9)
2025-09-02 18:05:10:866 [IN ] C8 24 07 0B 25 A5 07 01 31 03 C9 3A 09 48 10 00 (16)
                              [N7:N] LFLAG ':' 9 (9)
2025-09-02 18:05:12:070 [IN ] C8 24 0C 0B 25 A5 0C 01 31 03 81 5A 4C 68 DE 00 C8 24 0C 0A 25 A5 0C 01 31 02 81 49 0A 62 DE (31)
                              [N12:Z] TPOS 'Z' 76 (76)
                              [N12:Z] TPOS 'I'
2025-09-02 18:05:12:272 [IN ] C8 24 04 0E 25 A5 04 01 31 06 81 45 FF EE 85 D9 4D EB 0A (19)
                              [N4:Y] TPOS 'E' 255 238 133 217 (-1145383)
2025-09-02 18:05:12:293 [OUT] 25 A5 01 0C 31 03 C9 3D 09 50 2E (11)
                              [N12:Z] LFLAG '=' 9 (9)
2025-09-02 18:05:12:337 [OUT] 25 A5 01 04 31 05 81 FF FD 50 01 09 B7 (13)
                              [N4:Y] TPOS 255 253 80 1 (-176127)
2025-09-02 18:05:12:359 [OUT] 25 A5 01 09 31 05 81 FF E7 5D 56 5A 0C (13)
                              [N9:P] TPOS 255 231 93 86 (-1614506)
2025-09-02 18:05:12:380 [OUT] 25 A5 01 07 31 05 81 FF AB 19 75 F7 DF (13)
                              [N7:N] TPOS 255 171 25 117 (-5564043)
2025-09-02 18:05:12:403 [OUT] 25 A5 01 03 31 05 81 FF EC 4A AB 9B 1A (13)
                              [N3:X] TPOS 255 236 74 171 (-1291605)
2025-09-02 18:05:12:424 [OUT] 25 A5 01 06 31 02 D8 3F 51 DD (10)
                              [N6:H] INTERRUPT '?'
2025-09-02 18:05:12:725 [IN ] C8 24 0C 0B 25 A5 0C 01 31 03 C9 3A 09 4D 33 D9 C8 24 04 0E 25 A5 04 01 31 06 81 53 FF EE 85 D9 5B 31 0A C8 24 09 0E 25 A5 09 01 31 06 81 53 FF FF FF FE 10 AF 0A (54)
                              [N12:Z] LFLAG ':' 9 (9)
                              [N4:Y] TPOS 'S' 255 238 133 217 (-1145383)
                              [N9:P] TPOS 'S' 255 255 255 254 (-2)
2025-09-02 18:05:13:027 [IN ] C8 24 07 0E 25 A5 07 01 31 06 81 53 FF FF FF FE 0E 9B 0A C8 24 03 0E 25 A5 03 01 31 06 81 53 00 00 00 00 0F 7E 0A (38)
                              [N7:N] TPOS 'S' 255 255 255 254 (-2)
                              [N3:X] TPOS 'S' 0 0 0 0 (0)
2025-09-02 18:05:13:328 [IN ] C8 24 06 0C 25 A5 06 01 31 04 D8 3A 01 01 50 82 0F (17)
                              [N6:H] INTERRUPT ':' 1 1 (257)
2025-09-02 18:05:13:349 [OUT] 25 A5 01 0C 31 05 81 FF BC D0 00 4F 33 (13)
                              [N12:Z] TPOS 255 188 208 0 (-4403200)
2025-09-02 18:05:13:370 [OUT] 25 A5 01 06 31 03 C9 3D 0B 4C 0C (11)
                              [N6:H] LFLAG '=' 11 (11)
2025-09-02 18:05:13:535 [IN ] C8 24 0C 0E 25 A5 0C 01 31 06 81 53 FF FF FF EB 00 BA 0A (19)
                              [N12:Z] TPOS 'S' 255 255 255 235 (-21)
2025-09-02 18:05:13:638 [IN ] C8 24 06 0B 25 A5 06 01 31 03 C9 3A 0B 49 0B EB (16)
                              [N6:H] LFLAG ':' 11 (11)
2025-09-02 18:05:13:662 [OUT] 25 A5 01 06 31 03 88 FF B0 72 72 (11)
                              [N6:H] RUN 255 176 (-80)
2025-09-02 18:05:13:827 [IN ] C8 24 06 0C 25 A5 06 01 31 04 88 53 FF B0 C6 38 00 (17)
                              [N6:H] RUN 'S' 255 176 (-80)
2025-09-02 18:05:18:838 [IN ] C8 24 06 0B 25 A5 06 01 31 03 81 5A 4C 62 B4 38 C8 24 06 0A 25 A5 06 01 31 02 81 49 04 3E B4 (31)
                              [N6:H] TPOS 'Z' 76 (76)
                              [N6:H] TPOS 'I'
2025-09-02 18:05:19:059 [OUT] 25 A5 01 06 31 03 C9 3D 09 4A 0A (11)
                              [N6:H] LFLAG '=' 9 (9)
2025-09-02 18:05:19:224 [IN ] C8 24 06 0B 25 A5 06 01 31 03 C9 3A 09 47 09 38 (16)
                              [N6:H] LFLAG ':' 9 (9)
2025-09-02 18:05:19:247 [OUT] 25 A5 01 06 31 03 84 00 50 0F 08 (11)
                              [N6:H] VEL 0 80 (80)
2025-09-02 18:05:19:431 [IN ] C8 24 06 0C 25 A5 06 01 31 04 84 53 00 50 63 CA 00 (17)
                              [N6:H] VEL 'S' 0 80 (80)
2025-09-02 18:05:19:453 [OUT] 25 A5 01 06 31 05 81 00 19 82 3C 95 BE (13)
                              [N6:H] TPOS 0 25 130 60 (1671740)
2025-09-02 18:05:19:638 [IN ] C8 24 06 0E 25 A5 06 01 31 06 81 53 00 00 00 01 13 9D 0A (19)
                              [N6:H] TPOS 'S' 0 0 0 1 (1)
2025-09-02 18:05:21:041 [IN ] C8 24 03 0E 25 A5 03 01 31 06 81 45 FF EC 49 6A 9F F4 0A (19)
                              [N3:X] TPOS 'E' 255 236 73 106 (-1291926)
2025-09-02 18:05:21:447 [IN ] C8 24 04 0E 25 A5 04 01 31 06 81 45 FF FD 4F 89 D6 5C 0A (19)
                              [N4:Y] TPOS 'E' 255 253 79 137 (-176247)
2025-09-02 18:05:21:468 [OUT] 25 A5 01 03 31 05 81 FF FD 50 01 08 AF (13)
                              [N3:X] TPOS 255 253 80 1 (-176127)
2025-09-02 18:05:21:655 [IN ] C8 24 03 0E 25 A5 03 01 31 06 81 53 FF EC 49 6A AD 3A 0A (19)
                              [N3:X] TPOS 'S' 255 236 73 106 (-1291926)
2025-09-02 18:05:22:658 [IN ] C8 24 09 0E 25 A5 09 01 31 06 81 45 FF E7 5C 01 4A DE 0A (19)
                              [N9:P] TPOS 'E' 255 231 92 1 (-1614847)
2025-09-02 18:05:23:082 [OUT] 25 A5 01 09 31 05 81 FF FF D9 C8 60 BE (13)
                              [N9:P] TPOS 255 255 217 200 (-9784)
2025-09-02 18:05:23:267 [IN ] C8 24 09 0E 25 A5 09 01 31 06 81 53 FF E7 5C 05 5C 28 0A (19)
                              [N9:P] TPOS 'S' 255 231 92 5 (-1614843)
2025-09-02 18:05:29:680 [IN ] C8 24 06 0E 25 A5 06 01 31 06 81 45 00 19 83 67 07 0E 0A (19)
                              [N6:H] TPOS 'E' 0 25 131 103 (1672039)
2025-09-02 18:05:30:104 [OUT] 25 A5 01 06 31 05 81 00 0C 8F FB 54 70 (13)
                              [N6:H] TPOS 0 12 143 251 (823291)
2025-09-02 18:05:30:310 [IN ] C8 24 06 0E 25 A5 06 01 31 06 81 53 00 19 83 67 15 54 0A (19)
                              [N6:H] TPOS 'S' 0 25 131 103 (1672039)
2025-09-02 18:05:33:317 [IN ] C8 24 09 0E 25 A5 09 01 31 06 81 45 FF FF DB 44 24 67 0A (19)
                              [N9:P] TPOS 'E' 255 255 219 68 (-9404)
2025-09-02 18:05:33:539 [OUT] 25 A5 01 08 31 02 D8 3F 53 E7 (10)
                              [N8:R] INTERRUPT '?'
2025-09-02 18:05:33:841 [IN ] C8 24 08 0C 25 A5 08 01 31 04 D8 3A 01 01 52 92 24 (17)
                              [N8:R] INTERRUPT ':' 1 1 (257)
2025-09-02 18:05:33:862 [OUT] 25 A5 01 08 31 03 CA 3D 0B 4F 1B (11)
                              [N8:R] RFLAG '=' 11 (11)
2025-09-02 18:05:33:903 [IN ] C8 24 03 0E 25 A5 03 01 31 06 81 45 FF FD 4F C7 13 90 0A (19)
                              [N3:X] TPOS 'E' 255 253 79 199 (-176185)
2025-09-02 18:05:34:031 [IN ] C8 24 08 0B 25 A5 08 01 31 03 CA 3A 0B 4C 1C C7 (16)
                              [N8:R] RFLAG ':' 11 (11)
2025-09-02 18:05:34:052 [OUT] 25 A5 01 08 31 03 88 00 50 15 20 (11)
                              [N8:R] RUN 0 80 (80)
2025-09-02 18:05:34:217 [IN ] C8 24 08 0C 25 A5 08 01 31 04 88 53 00 50 69 EA 13 (17)
                              [N8:R] RUN 'S' 0 80 (80)
2025-09-02 18:05:35:420 [IN ] C8 24 06 0E 25 A5 06 01 31 06 81 45 00 0C 8D 6E 0B 02 0A (19)
                              [N6:H] TPOS 'E' 0 12 141 110 (822638)
2025-09-02 18:05:35:643 [OUT] 25 A5 01 05 31 02 D8 3F 50 D8 (10)
                              [N5:V] INTERRUPT '?'
2025-09-02 18:05:35:944 [IN ] C8 24 05 0C 25 A5 05 01 31 04 D8 3A 01 01 4F 7A 0B (17)
                              [N5:V] INTERRUPT ':' 1 1 (257)
2025-09-02 18:05:35:965 [OUT] 25 A5 01 05 31 03 C9 3D 0B 4B 06 (11)
                              [N5:V] LFLAG '=' 11 (11)
2025-09-02 18:05:36:130 [IN ] C8 24 05 0B 25 A5 05 01 31 03 C9 3A 0B 48 04 7A (16)
                              [N5:V] LFLAG ':' 11 (11)
2025-09-02 18:05:36:150 [OUT] 25 A5 01 05 31 03 88 FF B0 71 6C (11)
                              [N5:V] RUN 255 176 (-80)
2025-09-02 18:05:36:314 [IN ] C8 24 05 0C 25 A5 05 01 31 04 88 53 FF B0 C5 30 0B (17)
                              [N5:V] RUN 'S' 255 176 (-80)
2025-09-02 18:05:38:519 [IN ] C8 24 0C 0E 25 A5 0C 01 31 06 81 45 FF BC CE 21 B4 7F 0A (19)
                              [N12:Z] TPOS 'E' 255 188 206 33 (-4403679)
2025-09-02 18:05:38:942 [OUT] 25 A5 01 0C 31 05 81 FF D4 54 00 EB 83 (13)
                              [N12:Z] TPOS 255 212 84 0 (-2862080)
2025-09-02 18:05:39:147 [IN ] C8 24 0C 0E 25 A5 0C 01 31 06 81 53 FF BC CE 22 C3 C6 0A (19)
                              [N12:Z] TPOS 'S' 255 188 206 34 (-4403678)
2025-09-02 18:05:39:949 [IN ] C8 24 07 0E 25 A5 07 01 31 06 81 45 FF AB (14)
2025-09-02 18:05:40:150 [IN ] 15 8D 51 14 0A (5)
                              [N7:N] TPOS 'E' 255 171 21 141 (-5565043)
2025-09-02 18:05:40:575 [OUT] 25 A5 01 07 31 05 81 FF EF 4D 05 FF A3 (13)
                              [N7:N] TPOS 255 239 77 5 (-1094395)
2025-09-02 18:05:40:760 [IN ] C8 24 07 0E 25 A5 07 01 31 06 81 53 FF AB 15 8D 5F 5A 0A (19)
                              [N7:N] TPOS 'S' 255 171 21 141 (-5565043)
2025-09-02 18:05:41:965 [IN ] C8 24 05 0B 25 A5 05 01 31 03 81 5A 4C 61 AD 8D C8 24 05 0A 25 A5 05 01 31 02 81 49 03 38 AD (31)
                              [N5:V] TPOS 'Z' 76 (76)
                              [N5:V] TPOS 'I'
2025-09-02 18:05:42:187 [OUT] 25 A5 01 05 31 03 C9 3D 09 49 04 (11)
                              [N5:V] LFLAG '=' 9 (9)
2025-09-02 18:05:42:352 [IN ] C8 24 05 0B 25 A5 05 01 31 03 C9 3A 09 46 02 8D (16)
                              [N5:V] LFLAG ':' 9 (9)
2025-09-02 18:05:42:373 [OUT] 25 A5 01 05 31 03 84 00 50 0E 02 (11)
                              [N5:V] VEL 0 80 (80)
2025-09-02 18:05:42:456 [IN ] C8 24 08 0B 25 A5 08 01 31 03 81 5A 52 6A C8 8D (16)
                              [N8:R] TPOS 'Z' 82 (82)
2025-09-02 18:05:42:497 [IN ] C8 24 08 0A 25 A5 08 01 31 02 81 49 06 4A C8 (15)
                              [N8:R] TPOS 'I'
2025-09-02 18:05:42:540 [OUT] 25 A5 01 08 31 03 CA 3D 09 4D 19 (11)
                              [N8:R] RFLAG '=' 9 (9)
2025-09-02 18:05:42:542 [IN ] C8 24 05 0C 25 A5 05 01 31 04 84 53 00 50 62 C2 5F (17)
                              [N5:V] VEL 'S' 0 80 (80)
2025-09-02 18:05:42:562 [OUT] 25 A5 01 05 31 05 81 00 19 82 3C 94 B6 (13)
                              [N5:V] TPOS 0 25 130 60 (1671740)
2025-09-02 18:05:42:726 [IN ] C8 24 08 0B 25 A5 08 01 31 03 CA 3A 09 4A 1A C2 (16)
                              [N8:R] RFLAG ':' 9 (9)
2025-09-02 18:05:42:747 [OUT] 25 A5 01 08 31 05 81 FF DC 77 1D 2F DE (13)
                              [N8:R] TPOS 255 220 119 29 (-2328803)
2025-09-02 18:05:42:830 [IN ] C8 24 05 0E 25 A5 05 01 31 06 81 53 00 00 00 00 11 92 0A (19)
                              [N5:V] TPOS 'S' 0 0 0 0 (0)
2025-09-02 18:05:42:974 [IN ] C8 24 08 0E 25 A5 08 01 31 06 81 53 FF FF FF F6 07 9D 0A (19)
                              [N8:R] TPOS 'S' 255 255 255 246 (-10)
2025-09-02 18:05:47:584 [IN ] C8 24 0C 0E 25 A5 0C 01 31 06 81 45 FF D4 57 4C 80 04 0A (19)
                              [N12:Z] TPOS 'E' 255 212 87 76 (-2861236)
2025-09-02 18:05:51:392 [IN ] C8 24 05 0E 25 A5 05 01 31 06 81 45 00 19 85 60 01 01 0A (19)
                              [N5:V] TPOS 'E' 0 25 133 96 (1672544)
2025-09-02 18:05:51:816 [OUT] 25 A5 01 05 31 05 81 00 0C CC 38 CD 1F (13)
                              [N5:V] TPOS 0 12 204 56 (838712)
2025-09-02 18:05:52:000 [IN ] C8 24 05 0E 25 A5 05 01 31 06 81 53 00 19 85 60 0F 47 0A (19)
                              [N5:V] TPOS 'S' 0 25 133 96 (1672544)
2025-09-02 18:05:58:014 [IN ] C8 24 08 0E 25 A5 08 01 31 06 81 45 FF DC 75 5E B4 42 0A C8 24 05 0E 25 A5 05 01 31 06 81 45 00 0C CA E7 C0 EB 0A (38)
                              [N8:R] TPOS 'E' 255 220 117 94 (-2329250)
                              [N5:V] TPOS 'E' 0 12 202 231 (838375)
2025-09-02 18:05:58:237 [OUT] 25 A5 01 03 31 05 81 FF EE 9E 16 5C 33 (13)
                              [N3:X] TPOS 255 238 158 22 (-1139178)
2025-09-02 18:05:58:260 [OUT] 25 A5 01 08 31 05 81 FF ED AA 50 A6 AA (13)
                              [N8:R] TPOS 255 237 170 80 (-1201584)
2025-09-02 18:05:58:283 [OUT] 25 A5 01 04 31 05 81 FF F3 B4 EE 50 4E (13)
                              [N4:Y] TPOS 255 243 180 238 (-805650)
2025-09-02 18:05:58:427 [IN ] C8 24 03 0E 25 A5 03 01 31 06 81 53 FF FD 4F C7 21 D6 0A (19)
                              [N3:X] TPOS 'S' 255 253 79 199 (-176185)
2025-09-02 18:05:58:550 [IN ] C8 24 08 0E 25 A5 08 01 31 06 81 53 FF DC 75 61 C5 8B 0A (19)
                              [N8:R] TPOS 'S' 255 220 117 97 (-2329247)
2025-09-02 18:05:58:674 [IN ] C8 24 04 0E 25 A5 04 01 31 06 81 53 FF FD 4F 89 E4 A2 0A (19)
                              [N4:Y] TPOS 'S' 255 253 79 137 (-176247)
2025-09-02 18:06:02:282 [IN ] C8 24 07 0E 25 A5 07 01 31 06 81 45 FF EF 51 58 9C 23 0A (19)
                              [N7:N] TPOS 'E' 255 239 81 88 (-1093288)
2025-09-02 18:06:02:485 [IN ] C8 24 04 0E 25 A5 04 01 31 06 81 45 FF F3 B2 ED 93 68 0A (19)
                              [N4:Y] TPOS 'E' 255 243 178 237 (-806163)
2025-09-02 18:06:04:289 [IN ] C8 24 03 0E 25 A5 03 01 31 06 81 45 FF EE 9C 7B 05 B1 0A (19)
                              [N3:X] TPOS 'E' 255 238 156 123 (-1139589)
2025-09-02 18:06:06:094 [IN ] C8 24 08 0E 25 A5 08 01 31 06 81 45 FF ED AB 49 E6 CC 0A (19)
                              [N8:R] TPOS 'E' 255 237 171 73 (-1201335)
