2025-09-02 18:47:34:257 [OUT] 25 A5 01 0A 31 05 D6 3D FF 00 00 53 ED (13)
                              [N10:HMI] HMILED '=' 255 0 0 (16711680)
2025-09-02 18:47:34:279 [OUT] 25 A5 01 03 31 02 D8 3F 4E CE (10)
                              [N3:X] INTERRUPT '?'
2025-09-02 18:47:34:581 [IN ] C8 24 0A 0D 25 A5 0A 01 31 05 D6 3A FF 00 00 50 EA 01 C8 24 03 0C 25 A5 03 01 31 04 D8 3A 01 01 4D 6A EA (35)
                              [N10:HMI] HMILED ':' 255 0 0 (16711680)
                              [N3:X] INTERRUPT ':' 1 1 (257)
2025-09-02 18:47:34:602 [OUT] 25 A5 01 09 31 03 C9 3D 09 4D 1C (11)
                              [N9:P] LFLAG '=' 9 (9)
2025-09-02 18:47:34:625 [OUT] 25 A5 01 04 31 02 D8 3F 4F D3 (10)
                              [N4:Y] INTERRUPT '?'
2025-09-02 18:47:34:927 [IN ] C8 24 09 0B 25 A5 09 01 31 03 C9 3A 09 4A 1E 6A C8 24 04 0C 25 A5 04 01 31 04 D8 3A 01 01 4E 72 EA (33)
                              [N9:P] LFLAG ':' 9 (9)
                              [N4:Y] INTERRUPT ':' 1 1 (257)
2025-09-02 18:47:34:948 [OUT] 25 A5 01 09 31 03 CA 3D 09 4E 1F (11)
                              [N9:P] RFLAG '=' 9 (9)
2025-09-02 18:47:34:970 [OUT] 25 A5 01 0C 31 02 D8 3F 57 FB (10)
                              [N12:Z] INTERRUPT '?'
2025-09-02 18:47:35:274 [IN ] C8 24 09 0B 25 A5 09 01 31 03 CA 3A 09 4B 21 72 C8 24 0C 0C 25 A5 0C 01 31 04 D8 3A 01 01 56 B2 EA (33)
                              [N9:P] RFLAG ':' 9 (9)
                              [N12:Z] INTERRUPT ':' 1 1 (257)
2025-09-02 18:47:35:295 [OUT] 25 A5 01 08 31 03 C9 3D 09 4C 16 (11)
                              [N8:R] LFLAG '=' 9 (9)
2025-09-02 18:47:35:316 [OUT] 25 A5 01 03 31 03 C9 3D 0B 49 FA (11)
                              [N3:X] LFLAG '=' 11 (11)
2025-09-02 18:47:35:338 [OUT] 25 A5 01 04 31 03 C9 3D 0B 4A 00 (11)
                              [N4:Y] LFLAG '=' 11 (11)
2025-09-02 18:47:35:360 [OUT] 25 A5 01 0C 31 03 C9 3D 0B 52 30 (11)
                              [N12:Z] LFLAG '=' 11 (11)
2025-09-02 18:47:35:445 [IN ] C8 24 08 0B 25 A5 08 01 31 03 C9 3A 09 49 17 B2 (16)
                              [N8:R] LFLAG ':' 9 (9)
2025-09-02 18:47:35:467 [OUT] 25 A5 01 08 31 03 CA 3D 09 4D 19 (11)
                              [N8:R] RFLAG '=' 9 (9)
2025-09-02 18:47:35:574 [IN ] C8 24 03 0B 25 A5 03 01 31 03 C9 3A 0B 46 F6 B2 (16)
                              [N3:X] LFLAG ':' 11 (11)
2025-09-02 18:47:35:596 [OUT] 25 A5 01 03 31 03 88 00 50 10 02 (11)
                              [N3:X] RUN 0 80 (80)
2025-09-02 18:47:35:679 [IN ] C8 24 04 0B 25 A5 04 01 31 03 C9 3A 0B 47 FD B2 (16)
                              [N4:Y] LFLAG ':' 11 (11)
2025-09-02 18:47:35:700 [OUT] 25 A5 01 04 31 03 88 00 50 11 08 (11)
                              [N4:Y] RUN 0 80 (80)
2025-09-02 18:47:35:782 [IN ] C8 24 0C 0B 25 A5 0C 01 31 03 C9 3A 0B 4F 35 B2 (16)
                              [N12:Z] LFLAG ':' 11 (11)
2025-09-02 18:47:35:803 [OUT] 25 A5 01 0C 31 03 88 00 50 19 38 (11)
                              [N12:Z] RUN 0 80 (80)
2025-09-02 18:47:35:907 [IN ] C8 24 08 0B 25 A5 08 01 31 03 CA 3A 09 4A 1A B2 (16)
                              [N8:R] RFLAG ':' 9 (9)
2025-09-02 18:47:36:009 [IN ] C8 24 03 0C 25 A5 03 01 31 04 88 53 00 50 64 C2 EA (17)
                              [N3:X] RUN 'S' 0 80 (80)
2025-09-02 18:47:36:112 [IN ] C8 24 04 0C 25 A5 04 01 31 04 88 53 00 50 65 CA EA (17)
                              [N4:Y] RUN 'S' 0 80 (80)
2025-09-02 18:47:36:214 [IN ] C8 24 0C 0C 25 A5 0C 01 31 04 88 53 00 50 6D 0A EA (17)
                              [N12:Z] RUN 'S' 0 80 (80)
2025-09-02 18:47:43:628 [IN ] C8 24 04 0B 25 A5 04 01 31 03 81 5A 4C 60 A6 0A C8 24 04 0A 25 A5 04 01 31 02 81 49 02 32 A6 (31)
                              [N4:Y] TPOS 'Z' 76 (76)
                              [N4:Y] TPOS 'I'
2025-09-02 18:47:43:852 [OUT] 25 A5 01 09 31 02 D8 3F 54 EC (10)
                              [N9:P] INTERRUPT '?'
2025-09-02 18:47:44:153 [IN ] C8 24 09 0C 25 A5 09 01 31 04 D8 3A 01 01 53 9A EA (17)
                              [N9:P] INTERRUPT ':' 1 1 (257)
2025-09-02 18:47:44:173 [OUT] 25 A5 01 04 31 03 C9 3D 09 48 FE (11)
                              [N4:Y] LFLAG '=' 9 (9)
2025-09-02 18:47:44:195 [OUT] 25 A5 01 07 31 02 D8 3F 52 E2 (10)
                              [N7:N] INTERRUPT '?'
2025-09-02 18:47:44:497 [IN ] C8 24 04 0B 25 A5 04 01 31 03 C9 3A 09 45 FB 9A C8 24 07 0C 25 A5 07 01 31 04 D8 3A 01 01 51 8A EA (33)
                              [N4:Y] LFLAG ':' 9 (9)
                              [N7:N] INTERRUPT ':' 1 1 (257)
2025-09-02 18:47:44:517 [OUT] 25 A5 01 09 31 03 C9 3D 0B 4F 1E (11)
                              [N9:P] LFLAG '=' 11 (11)
2025-09-02 18:47:44:539 [OUT] 25 A5 01 07 31 03 C9 3D 0B 4D 12 (11)
                              [N7:N] LFLAG '=' 11 (11)
2025-09-02 18:47:44:684 [IN ] C8 24 09 0B 25 A5 09 01 31 03 C9 3A 0B 4C 20 8A (16)
                              [N9:P] LFLAG ':' 11 (11)
2025-09-02 18:47:44:706 [OUT] 25 A5 01 09 31 03 88 00 50 16 26 (11)
                              [N9:P] RUN 0 80 (80)
2025-09-02 18:47:44:789 [IN ] C8 24 07 0B 25 A5 07 01 31 03 C9 3A 0B 4A 12 8A (16)
                              [N7:N] LFLAG ':' 11 (11)
2025-09-02 18:47:44:810 [OUT] 25 A5 01 07 31 03 88 00 50 14 1A (11)
                              [N7:N] RUN 0 80 (80)
2025-09-02 18:47:44:892 [IN ] C8 24 09 0C 25 A5 09 01 31 04 88 53 00 50 6A F2 EA (17)
                              [N9:P] RUN 'S' 0 80 (80)
2025-09-02 18:47:44:976 [IN ] C8 24 09 0B 25 A5 09 01 31 03 81 5A 4C 65 C9 F2 (16)
                              [N9:P] TPOS 'Z' 76 (76)
2025-09-02 18:47:45:018 [IN ] C8 24 07 0C 25 A5 07 01 31 04 88 53 00 50 68 E2 EA C8 24 09 0A 25 A5 09 01 31 02 81 49 07 50 68 (32)
                              [N7:N] RUN 'S' 0 80 (80)
                              [N9:P] TPOS 'I'
2025-09-02 18:47:45:240 [OUT] 25 A5 01 09 31 03 C9 3D 09 4D 1C (11)
                              [N9:P] LFLAG '=' 9 (9)
2025-09-02 18:47:45:262 [OUT] 25 A5 01 04 31 05 81 FF EE 88 01 32 FA (13)
                              [N4:Y] TPOS 255 238 136 1 (-1144831)
2025-09-02 18:47:45:406 [IN ] C8 24 09 0B 25 A5 09 01 31 03 C9 3A 09 4A 1E E2 (16)
                              [N9:P] LFLAG ':' 9 (9)
2025-09-02 18:47:45:529 [IN ] C8 24 04 0E 25 A5 04 01 31 06 81 53 00 00 00 00 10 88 0A (19)
                              [N4:Y] TPOS 'S' 0 0 0 0 (0)
2025-09-02 18:47:48:937 [IN ] C8 24 03 0B 25 A5 03 01 31 03 81 5A 4C 5F 9F 00 C8 24 03 0A 25 A5 03 01 31 02 81 49 01 2C 9F (31)
                              [N3:X] TPOS 'Z' 76 (76)
                              [N3:X] TPOS 'I'
2025-09-02 18:47:49:160 [OUT] 25 A5 01 03 31 03 C9 3D 09 47 F8 (11)
                              [N3:X] LFLAG '=' 9 (9)
2025-09-02 18:47:49:324 [IN ] C8 24 03 0B 25 A5 03 01 31 03 C9 3A 09 44 F4 00 (16)
                              [N3:X] LFLAG ':' 9 (9)
2025-09-02 18:47:50:328 [IN ] C8 24 07 0B 25 A5 07 01 31 03 81 5A 4C 63 BB 00 C8 24 07 0A 25 A5 07 01 31 02 81 49 05 44 BB (31)
                              [N7:N] TPOS 'Z' 76 (76)
                              [N7:N] TPOS 'I'
2025-09-02 18:47:50:550 [OUT] 25 A5 01 07 31 03 C9 3D 09 4B 10 (11)
                              [N7:N] LFLAG '=' 9 (9)
2025-09-02 18:47:50:735 [IN ] C8 24 07 0B 25 A5 07 01 31 03 C9 3A 09 48 10 00 (16)
                              [N7:N] LFLAG ':' 9 (9)
2025-09-02 18:47:51:739 [IN ] C8 24 0C 0B 25 A5 0C 01 31 03 81 5A 4C 68 DE 00 C8 24 0C 0A 25 A5 0C 01 31 02 81 49 0A 62 DE (31)
                              [N12:Z] TPOS 'Z' 76 (76)
                              [N12:Z] TPOS 'I'
2025-09-02 18:47:51:961 [OUT] 25 A5 01 0C 31 03 C9 3D 09 50 2E (11)
                              [N12:Z] LFLAG '=' 9 (9)
2025-09-02 18:47:52:105 [IN ] C8 24 04 0E 25 A5 04 01 31 06 81 45 FF EE 85 97 0B A9 0A (19)
                              [N4:Y] TPOS 'E' 255 238 133 151 (-1145449)
2025-09-02 18:47:52:127 [IN ] C8 24 0C 0B 25 A5 0C 01 31 03 C9 3A 09 4D 33 97 (16)
                              [N12:Z] LFLAG ':' 9 (9)
2025-09-02 18:47:52:148 [OUT] 25 A5 01 0C 31 05 81 FF BC D0 00 4F 33 (13)
                              [N12:Z] TPOS 255 188 208 0 (-4403200)
2025-09-02 18:47:52:170 [OUT] 25 A5 01 04 31 05 81 FF FD 50 01 09 B7 (13)
                              [N4:Y] TPOS 255 253 80 1 (-176127)
2025-09-02 18:47:52:192 [OUT] 25 A5 01 09 31 05 81 FF E7 5D 56 5A 0C (13)
                              [N9:P] TPOS 255 231 93 86 (-1614506)
2025-09-02 18:47:52:215 [OUT] 25 A5 01 07 31 05 81 FF AB 19 75 F7 DF (13)
                              [N7:N] TPOS 255 171 25 117 (-5564043)
2025-09-02 18:47:52:237 [OUT] 25 A5 01 03 31 05 81 FF EC 4A AB 9B 1A (13)
                              [N3:X] TPOS 255 236 74 171 (-1291605)
2025-09-02 18:47:52:259 [OUT] 25 A5 01 06 31 02 D8 3F 51 DD (10)
                              [N6:H] INTERRUPT '?'
2025-09-02 18:47:52:560 [IN ] C8 24 0C 0E 25 A5 0C 01 31 06 81 53 FF FF FF F3 08 C2 0A C8 24 04 0E 25 A5 04 01 31 06 81 53 FF EE 85 97 19 EF 0A (38)
                              [N12:Z] TPOS 'S' 255 255 255 243 (-13)
                              [N4:Y] TPOS 'S' 255 238 133 151 (-1145449)
2025-09-02 18:47:52:861 [IN ] C8 24 09 0E 25 A5 09 01 31 06 81 53 FF FF FF FE 10 AF 0A C8 24 07 0E 25 A5 07 01 31 06 81 53 FF FF FF FF 0F 9C 0A C8 24 03 0E 25 A5 03 01 31 06 81 53 00 00 00 00 0F 7E 0A (57)
                              [N9:P] TPOS 'S' 255 255 255 254 (-2)
                              [N7:N] TPOS 'S' 255 255 255 255 (-1)
                              [N3:X] TPOS 'S' 0 0 0 0 (0)
2025-09-02 18:47:53:163 [IN ] C8 24 06 0C 25 A5 06 01 31 04 D8 3A 01 01 50 82 0F (17)
                              [N6:H] INTERRUPT ':' 1 1 (257)
2025-09-02 18:47:53:183 [OUT] 25 A5 01 06 31 03 C9 3D 0B 4C 0C (11)
                              [N6:H] LFLAG '=' 11 (11)
2025-09-02 18:47:53:327 [IN ] C8 24 06 0B 25 A5 06 01 31 03 C9 3A 0B 49 0B (15)
                              [N6:H] LFLAG ':' 11 (11)
2025-09-02 18:47:53:348 [OUT] 25 A5 01 06 31 03 88 FF B0 72 72 (11)
                              [N6:H] RUN 255 176 (-80)
2025-09-02 18:47:53:349 [IN ] 82 (1)
2025-09-02 18:47:53:514 [IN ] C8 24 06 0C 25 A5 06 01 31 04 88 53 FF B0 C6 38 0F (17)
                              [N6:H] RUN 'S' 255 176 (-80)
2025-09-02 18:47:58:531 [IN ] C8 24 06 0B 25 A5 06 01 31 03 81 5A 4C 62 B4 38 C8 24 06 0A 25 A5 06 01 31 02 81 49 04 3E B4 (31)
                              [N6:H] TPOS 'Z' 76 (76)
                              [N6:H] TPOS 'I'
2025-09-02 18:47:58:754 [OUT] 25 A5 01 06 31 03 C9 3D 09 4A 0A (11)
                              [N6:H] LFLAG '=' 9 (9)
2025-09-02 18:47:58:918 [IN ] C8 24 06 0B 25 A5 06 01 31 03 C9 3A 09 47 09 38 (16)
                              [N6:H] LFLAG ':' 9 (9)
2025-09-02 18:47:58:940 [OUT] 25 A5 01 06 31 03 84 00 50 0F 08 (11)
                              [N6:H] VEL 0 80 (80)
2025-09-02 18:47:59:104 [IN ] C8 24 06 0C (4)
2025-09-02 18:47:59:125 [IN ] 25 A5 06 01 31 04 84 53 00 50 63 CA 0F (13)
                              [N6:H] VEL 'S' 0 80 (80)
2025-09-02 18:47:59:146 [OUT] 25 A5 01 06 31 05 81 00 19 82 3C 95 BE (13)
                              [N6:H] TPOS 0 25 130 60 (1671740)
2025-09-02 18:47:59:331 [IN ] C8 24 06 0E 25 A5 06 01 31 06 81 53 00 00 00 01 13 9D 0A (19)
                              [N6:H] TPOS 'S' 0 0 0 1 (1)
2025-09-02 18:48:01:337 [IN ] C8 24 03 0E 25 A5 03 01 31 06 81 45 FF EC 49 96 CB 20 0A (19)
                              [N3:X] TPOS 'E' 255 236 73 150 (-1291882)
2025-09-02 18:48:01:743 [IN ] C8 24 04 0E 25 A5 04 01 31 06 81 45 FF FD 4F 88 D5 5B 0A (19)
                              [N4:Y] TPOS 'E' 255 253 79 136 (-176248)
2025-09-02 18:48:01:764 [OUT] 25 A5 01 03 31 05 81 FF FD 50 01 08 AF (13)
                              [N3:X] TPOS 255 253 80 1 (-176127)
2025-09-02 18:48:01:970 [IN ] C8 24 03 0E 25 A5 03 01 31 06 81 53 FF EC 49 96 D9 66 0A (19)
                              [N3:X] TPOS 'S' 255 236 73 150 (-1291882)
2025-09-02 18:48:02:571 [IN ] C8 24 09 0E 25 A5 09 01 31 06 81 45 FF E7 5B 4E 96 29 0A (19)
                              [N9:P] TPOS 'E' 255 231 91 78 (-1615026)
2025-09-02 18:48:02:996 [OUT] 25 A5 01 09 31 05 81 FF FF D9 C8 60 BE (13)
                              [N9:P] TPOS 255 255 217 200 (-9784)
2025-09-02 18:48:03:201 [IN ] C8 24 09 0E 25 A5 09 01 31 06 81 53 FF E7 5B 50 A6 71 0A (19)
                              [N9:P] TPOS 'S' 255 231 91 80 (-1615024)
2025-09-02 18:48:09:415 [IN ] C8 24 06 0E 25 A5 06 01 31 06 81 45 00 19 83 54 F4 FB 0A (19)
                              [N6:H] TPOS 'E' 0 25 131 84 (1672020)
2025-09-02 18:48:09:839 [OUT] 25 A5 01 06 31 05 81 00 0C 8F FB 54 70 (13)
                              [N6:H] TPOS 0 12 143 251 (823291)
2025-09-02 18:48:10:022 [IN ] C8 24 06 0E 25 A5 06 01 31 06 81 53 00 19 83 55 03 42 0A (19)
                              [N6:H] TPOS 'S' 0 25 131 85 (1672021)
2025-09-02 18:48:13:430 [IN ] C8 24 09 0E 25 A5 09 01 31 06 81 45 FF FF DA 94 73 B5 0A (19)
                              [N9:P] TPOS 'E' 255 255 218 148 (-9580)
2025-09-02 18:48:13:652 [OUT] 25 A5 01 08 31 02 D8 3F 53 E7 (10)
                              [N8:R] INTERRUPT '?'
2025-09-02 18:48:13:953 [IN ] C8 24 08 0C 25 A5 08 01 31 04 D8 3A 01 01 52 92 73 (17)
                              [N8:R] INTERRUPT ':' 1 1 (257)
2025-09-02 18:48:13:974 [OUT] 25 A5 01 08 31 03 CA 3D 0B 4F 1B (11)
                              [N8:R] RFLAG '=' 11 (11)
2025-09-02 18:48:14:119 [IN ] C8 24 08 0B 25 A5 08 01 31 03 CA 3A 0B 4C 1C 92 (16)
                              [N8:R] RFLAG ':' 11 (11)
2025-09-02 18:48:14:140 [OUT] 25 A5 01 08 31 03 88 00 50 15 20 (11)
                              [N8:R] RUN 0 80 (80)
2025-09-02 18:48:14:304 [IN ] C8 24 08 0C 25 A5 08 01 31 04 88 53 00 50 69 EA 73 (17)
                              [N8:R] RUN 'S' 0 80 (80)
2025-09-02 18:48:15:106 [IN ] C8 24 06 0E 25 A5 06 01 31 06 81 45 00 0C 8D 8A 27 1E 0A (19)
                              [N6:H] TPOS 'E' 0 12 141 138 (822666)
2025-09-02 18:48:15:329 [OUT] 25 A5 01 05 31 02 D8 3F 50 D8 (10)
                              [N5:V] INTERRUPT '?'
2025-09-02 18:48:15:630 [IN ] C8 24 05 0C 25 A5 05 01 31 04 D8 3A 01 01 4F 7A 27 (17)
                              [N5:V] INTERRUPT ':' 1 1 (257)
2025-09-02 18:48:15:652 [OUT] 25 A5 01 05 31 03 C9 3D 0B 4B 06 (11)
                              [N5:V] LFLAG '=' 11 (11)
2025-09-02 18:48:15:796 [IN ] C8 24 05 0B 25 A5 05 01 31 03 C9 3A 0B 48 04 7A (16)
                              [N5:V] LFLAG ':' 11 (11)
2025-09-02 18:48:15:817 [OUT] 25 A5 01 05 31 03 88 FF B0 71 6C (11)
                              [N5:V] RUN 255 176 (-80)
2025-09-02 18:48:15:961 [IN ] C8 24 03 0E 25 A5 03 01 31 06 81 45 FF FD 4F 99 E5 62 0A (19)
                              [N3:X] TPOS 'E' 255 253 79 153 (-176231)
2025-09-02 18:48:15:983 [IN ] C8 24 05 0C 25 A5 05 01 31 04 88 53 FF B0 C5 30 E5 (17)
                              [N5:V] RUN 'S' 255 176 (-80)
2025-09-02 18:48:17:386 [IN ] C8 24 0C 0E 25 A5 0C 01 31 06 81 45 FF BC CE 21 B4 7F 0A (19)
                              [N12:Z] TPOS 'E' 255 188 206 33 (-4403679)
2025-09-02 18:48:17:813 [OUT] 25 A5 01 0C 31 05 81 FF D4 54 00 EB 83 (13)
                              [N12:Z] TPOS 255 212 84 0 (-2862080)
2025-09-02 18:48:17:997 [IN ] C8 24 0C 0E 25 A5 0C 01 31 06 81 53 FF BC CE 22 C3 C6 0A (19)
                              [N12:Z] TPOS 'S' 255 188 206 34 (-4403678)
2025-09-02 18:48:19:802 [IN ] C8 24 07 0E 25 A5 07 01 31 06 81 45 FF AB 15 82 46 09 0A (19)
                              [N7:N] TPOS 'E' 255 171 21 130 (-5565054)
2025-09-02 18:48:20:226 [OUT] 25 A5 01 07 31 05 81 FF EF 4D 05 FF A3 (13)
                              [N7:N] TPOS 255 239 77 5 (-1094395)
2025-09-02 18:48:20:409 [IN ] C8 24 07 0E 25 A5 07 01 31 06 81 53 FF AB 15 82 54 4F 0A (19)
                              [N7:N] TPOS 'S' 255 171 21 130 (-5565054)
2025-09-02 18:48:21:614 [IN ] C8 24 05 0B 25 A5 05 01 31 03 81 5A 4C 61 AD 82 C8 24 05 0A 25 A5 05 01 31 02 81 49 03 38 AD (31)
                              [N5:V] TPOS 'Z' 76 (76)
                              [N5:V] TPOS 'I'
2025-09-02 18:48:21:836 [OUT] 25 A5 01 05 31 03 C9 3D 09 49 04 (11)
                              [N5:V] LFLAG '=' 9 (9)
2025-09-02 18:48:22:000 [IN ] C8 24 05 0B 25 A5 05 01 31 03 C9 3A 09 46 02 82 (16)
                              [N5:V] LFLAG ':' 9 (9)
2025-09-02 18:48:22:022 [OUT] 25 A5 01 05 31 03 84 00 50 0E 02 (11)
                              [N5:V] VEL 0 80 (80)
2025-09-02 18:48:22:185 [IN ] C8 24 05 0C 25 A5 05 01 31 04 84 53 00 50 62 C2 54 (17)
                              [N5:V] VEL 'S' 0 80 (80)
2025-09-02 18:48:22:207 [OUT] 25 A5 01 05 31 05 81 00 19 82 3C 94 B6 (13)
                              [N5:V] TPOS 0 25 130 60 (1671740)
2025-09-02 18:48:22:391 [IN ] C8 24 05 0E 25 A5 05 01 31 06 81 53 00 00 00 00 11 92 0A (19)
                              [N5:V] TPOS 'S' 0 0 0 0 (0)
2025-09-02 18:48:22:593 [IN ] C8 24 08 0B 25 A5 08 01 31 03 81 5A 52 6A C8 00 C8 24 08 0A 25 A5 08 01 31 02 81 49 06 4A C8 (31)
                              [N8:R] TPOS 'Z' 82 (82)
                              [N8:R] TPOS 'I'
2025-09-02 18:48:22:816 [OUT] 25 A5 01 08 31 03 CA 3D 09 4D 19 (11)
                              [N8:R] RFLAG '=' 9 (9)
2025-09-02 18:48:23:000 [IN ] C8 24 08 0B 25 A5 08 01 31 03 CA 3A 09 4A 1A 00 (16)
                              [N8:R] RFLAG ':' 9 (9)
2025-09-02 18:48:23:021 [OUT] 25 A5 01 08 31 05 81 FF DC 77 1D 2F DE (13)
                              [N8:R] TPOS 255 220 119 29 (-2328803)
2025-09-02 18:48:23:206 [IN ] C8 24 08 0E 25 A5 08 01 31 06 81 53 FF FF FF F9 0A A0 0A (19)
                              [N8:R] TPOS 'S' 255 255 255 249 (-7)
2025-09-02 18:48:26:412 [IN ] C8 24 0C 0E 25 A5 0C 01 31 06 81 45 FF D4 57 51 85 09 0A (19)
                              [N12:Z] TPOS 'E' 255 212 87 81 (-2861231)
2025-09-02 18:48:31:025 [IN ] C8 24 05 0E 25 A5 05 01 31 06 81 45 00 19 85 72 13 13 0A (19)
                              [N5:V] TPOS 'E' 0 25 133 114 (1672562)
2025-09-02 18:48:31:448 [OUT] 25 A5 01 05 31 05 81 00 0C CC 38 CD 1F (13)
                              [N5:V] TPOS 0 12 204 56 (838712)
2025-09-02 18:48:31:632 [IN ] C8 24 05 0E 25 A5 05 01 31 06 81 53 00 19 85 72 21 59 0A (19)
                              [N5:V] TPOS 'S' 0 25 133 114 (1672562)
2025-09-02 18:48:37:645 [IN ] C8 24 05 0E 25 A5 05 01 31 06 81 45 00 0C CA F7 D0 FB 0A (19)
                              [N5:V] TPOS 'E' 0 12 202 247 (838391)
2025-09-02 18:48:37:871 [OUT] 25 A5 01 03 31 05 81 FF EE 9E 16 5C 33 (13)
                              [N3:X] TPOS 255 238 158 22 (-1139178)
2025-09-02 18:48:37:892 [OUT] 25 A5 01 04 31 05 81 FF F3 B4 EE 50 4E (13)
                              [N4:Y] TPOS 255 243 180 238 (-805650)
2025-09-02 18:48:38:036 [IN ] C8 24 03 0E 25 A5 03 01 (8)
2025-09-02 18:48:38:057 [IN ] 31 06 81 53 FF FD 4F 99 F3 A8 0A (11)
                              [N3:X] TPOS 'S' 255 253 79 153 (-176231)
2025-09-02 18:48:38:079 [IN ] C8 24 08 0E 25 A5 08 01 31 06 81 45 FF DC 75 B1 07 95 0A (19)
                              [N8:R] TPOS 'E' 255 220 117 177 (-2329167)
2025-09-02 18:48:38:142 [OUT] 25 A5 01 08 31 05 81 FF ED AA 50 A6 AA (13)
                              [N8:R] TPOS 255 237 170 80 (-1201584)
2025-09-02 18:48:38:186 [IN ] C8 24 04 0E 25 A5 04 01 31 06 81 53 FF FD 4F 88 E3 A1 0A (19)
                              [N4:Y] TPOS 'S' 255 253 79 136 (-176248)
2025-09-02 18:48:38:329 [IN ] C8 24 08 0E 25 A5 08 01 31 06 81 53 FF DC 75 B5 19 DF 0A (19)
                              [N8:R] TPOS 'S' 255 220 117 181 (-2329163)
2025-09-02 18:48:41:936 [IN ] C8 24 07 0E 25 A5 07 01 31 06 81 45 FF EF 51 7A BE 45 0A C8 24 04 0E 25 A5 04 01 31 06 81 45 FF F3 B2 C2 68 3D 0A (38)
                              [N7:N] TPOS 'E' 255 239 81 122 (-1093254)
                              [N4:Y] TPOS 'E' 255 243 178 194 (-806206)
2025-09-02 18:48:44:142 [IN ] C8 24 03 0E 25 A5 03 01 31 06 81 45 FF EE 9C CF 59 05 0A (19)
                              [N3:X] TPOS 'E' 255 238 156 207 (-1139505)
2025-09-02 18:48:45:947 [IN ] C8 24 08 0E 25 A5 08 01 31 06 81 45 FF ED AB 88 25 0B 0A (19)
                              [N8:R] TPOS 'E' 255 237 171 136 (-1201272)
