2026-03-20 07:21:09:602 [OUT] 25 A5 01 0A 31 05 D6 3D FF 00 00 53 ED (13)
                              [N10:HMI] HMILED '=' 255 0 0 (16711680)
2026-03-20 07:21:09:624 [OUT] 25 A5 01 03 31 02 D8 3F 4E CE (10)
                              [N3:X] INTERRUPT '?'
2026-03-20 07:21:09:926 [IN ] C8 24 0A 0D 25 A5 0A 01 31 05 D6 3A FF 00 00 50 EA 68 C8 24 03 0C 25 A5 03 01 31 04 D8 3A 01 01 4D 6A EA (35)
                              [N10:HMI] HMILED ':' 255 0 0 (16711680)
                              [N3:X] INTERRUPT ':' 1 1 (257)
2026-03-20 07:21:09:947 [OUT] 25 A5 01 09 31 03 C9 3D 09 4D 1C (11)
                              [N9:P] LFLAG '=' 9 (9)
2026-03-20 07:21:09:969 [OUT] 25 A5 01 04 31 02 D8 3F 4F D3 (10)
                              [N4:Y] INTERRUPT '?'
2026-03-20 07:21:10:270 [IN ] C8 24 09 0B 25 A5 09 01 31 03 C9 3A 09 4A 1E 6A C8 24 04 0C 25 A5 04 01 31 04 D8 3A 01 01 4E 72 EA (33)
                              [N9:P] LFLAG ':' 9 (9)
                              [N4:Y] INTERRUPT ':' 1 1 (257)
2026-03-20 07:21:10:291 [OUT] 25 A5 01 09 31 03 CA 3D 09 4E 1F (11)
                              [N9:P] RFLAG '=' 9 (9)
2026-03-20 07:21:10:313 [OUT] 25 A5 01 0C 31 02 D8 3F 57 FB (10)
                              [N12:Z] INTERRUPT '?'
2026-03-20 07:21:10:614 [IN ] C8 24 09 0B 25 A5 09 01 31 03 CA 3A 09 4B 21 72 C8 24 0C 0C 25 A5 0C 01 31 04 D8 3A 01 01 56 B2 EA (33)
                              [N9:P] RFLAG ':' 9 (9)
                              [N12:Z] INTERRUPT ':' 1 1 (257)
2026-03-20 07:21:10:635 [OUT] 25 A5 01 08 31 03 C9 3D 09 4C 16 (11)
                              [N8:R] LFLAG '=' 9 (9)
2026-03-20 07:21:10:658 [OUT] 25 A5 01 03 31 03 C9 3D 0B 49 FA (11)
                              [N3:X] LFLAG '=' 11 (11)
2026-03-20 07:21:10:683 [OUT] 25 A5 01 04 31 03 C9 3D 0B 4A 00 (11)
                              [N4:Y] LFLAG '=' 11 (11)
2026-03-20 07:21:10:705 [OUT] 25 A5 01 0C 31 03 C9 3D 0B 52 30 (11)
                              [N12:Z] LFLAG '=' 11 (11)
2026-03-20 07:21:10:809 [IN ] C8 24 08 0B 25 A5 08 01 31 03 C9 3A 09 49 17 B2 (16)
                              [N8:R] LFLAG ':' 9 (9)
2026-03-20 07:21:10:831 [OUT] 25 A5 01 08 31 03 CA 3D 09 4D 19 (11)
                              [N8:R] RFLAG '=' 9 (9)
2026-03-20 07:21:10:914 [IN ] C8 24 03 0B 25 A5 03 01 31 03 C9 3A 0B 46 F6 B2 (16)
                              [N3:X] LFLAG ':' 11 (11)
2026-03-20 07:21:10:935 [OUT] 25 A5 01 03 31 03 88 00 50 10 02 (11)
                              [N3:X] RUN 0 80 (80)
2026-03-20 07:21:11:018 [IN ] C8 24 04 0B 25 A5 04 01 31 03 C9 3A 0B 47 FD (15)
                              [N4:Y] LFLAG ':' 11 (11)
2026-03-20 07:21:11:041 [OUT] 25 A5 01 04 31 03 88 00 50 11 08 (11)
                              [N4:Y] RUN 0 80 (80)
2026-03-20 07:21:11:042 [IN ] B2 (1)
2026-03-20 07:21:11:124 [IN ] C8 24 0C 0B 25 A5 0C 01 31 03 C9 3A 0B 4F 35 B2 (16)
                              [N12:Z] LFLAG ':' 11 (11)
2026-03-20 07:21:11:146 [OUT] 25 A5 01 0C 31 03 88 00 50 19 38 (11)
                              [N12:Z] RUN 0 80 (80)
2026-03-20 07:21:11:249 [IN ] C8 24 08 0B 25 A5 08 01 31 03 CA 3A 09 4A 1A B2 (16)
                              [N8:R] RFLAG ':' 9 (9)
2026-03-20 07:21:11:372 [IN ] C8 24 03 0C 25 A5 03 01 31 04 88 53 00 50 64 C2 EA (17)
                              [N3:X] RUN 'S' 0 80 (80)
2026-03-20 07:21:11:475 [IN ] C8 24 04 0C 25 A5 04 01 31 04 88 53 00 50 65 CA EA (17)
                              [N4:Y] RUN 'S' 0 80 (80)
2026-03-20 07:21:11:579 [IN ] C8 24 0C 0C 25 A5 0C 01 31 04 88 53 00 50 6D 0A EA (17)
                              [N12:Z] RUN 'S' 0 80 (80)
2026-03-20 07:21:19:599 [IN ] C8 24 04 0B 25 A5 04 01 31 03 81 5A 4C 60 A6 0A C8 24 04 0A 25 A5 04 01 31 02 81 49 02 32 A6 (31)
                              [N4:Y] TPOS 'Z' 76 (76)
                              [N4:Y] TPOS 'I'
2026-03-20 07:21:19:822 [OUT] 25 A5 01 09 31 02 D8 3F 54 EC (10)
                              [N9:P] INTERRUPT '?'
2026-03-20 07:21:20:123 [IN ] C8 24 09 0C 25 A5 09 01 31 04 D8 3A 01 01 53 9A EA (17)
                              [N9:P] INTERRUPT ':' 1 1 (257)
2026-03-20 07:21:20:144 [OUT] 25 A5 01 04 31 03 C9 3D 09 48 FE (11)
                              [N4:Y] LFLAG '=' 9 (9)
2026-03-20 07:21:20:166 [OUT] 25 A5 01 07 31 02 D8 3F 52 E2 (10)
                              [N7:N] INTERRUPT '?'
2026-03-20 07:21:20:467 [IN ] C8 24 04 0B 25 A5 04 01 31 03 C9 3A 09 45 FB 9A C8 24 07 0C 25 A5 07 01 31 04 D8 3A 01 01 51 8A EA (33)
                              [N4:Y] LFLAG ':' 9 (9)
                              [N7:N] INTERRUPT ':' 1 1 (257)
2026-03-20 07:21:20:488 [OUT] 25 A5 01 09 31 03 C9 3D 0B 4F 1E (11)
                              [N9:P] LFLAG '=' 11 (11)
2026-03-20 07:21:20:510 [OUT] 25 A5 01 07 31 03 C9 3D 0B 4D 12 (11)
                              [N7:N] LFLAG '=' 11 (11)
2026-03-20 07:21:20:615 [IN ] C8 24 03 0B 25 A5 03 01 31 03 81 5A 4C 5F 9F 8A (16)
                              [N3:X] TPOS 'Z' 76 (76)
2026-03-20 07:21:20:637 [IN ] C8 24 03 0A 25 A5 03 01 31 02 81 49 01 2C 9F (15)
                              [N3:X] TPOS 'I'
2026-03-20 07:21:20:660 [IN ] C8 24 09 0B 25 A5 09 01 31 03 C9 3A 0B 4C 20 8A (16)
                              [N9:P] LFLAG ':' 11 (11)
2026-03-20 07:21:20:681 [OUT] 25 A5 01 09 31 03 88 00 50 16 26 (11)
                              [N9:P] RUN 0 80 (80)
2026-03-20 07:21:20:703 [OUT] 25 A5 01 03 31 03 C9 3D 09 47 F8 (11)
                              [N3:X] LFLAG '=' 9 (9)
2026-03-20 07:21:20:748 [IN ] C8 24 07 0B 25 A5 (6)
2026-03-20 07:21:20:771 [IN ] 07 01 31 03 C9 3A 0B 4A 12 8A (10)
                              [N7:N] LFLAG ':' 11 (11)
2026-03-20 07:21:20:793 [OUT] 25 A5 01 07 31 03 88 00 50 14 1A (11)
                              [N7:N] RUN 0 80 (80)
2026-03-20 07:21:20:876 [IN ] C8 24 09 0C 25 A5 09 01 31 04 88 53 00 50 6A F2 EA (17)
                              [N9:P] RUN 'S' 0 80 (80)
2026-03-20 07:21:20:918 [IN ] C8 24 09 0B 25 A5 09 01 31 03 81 5A 4C 65 C9 F2 (16)
                              [N9:P] TPOS 'Z' 76 (76)
2026-03-20 07:21:20:961 [IN ] C8 24 09 0A 25 A5 09 01 31 02 81 49 07 50 C9 (15)
                              [N9:P] TPOS 'I'
2026-03-20 07:21:20:984 [IN ] C8 24 03 0B 25 A5 03 01 31 03 C9 3A 09 44 F4 F2 (16)
                              [N3:X] LFLAG ':' 9 (9)
2026-03-20 07:21:21:005 [OUT] 25 A5 01 09 31 03 C9 3D 09 4D 1C (11)
                              [N9:P] LFLAG '=' 9 (9)
2026-03-20 07:21:21:025 [OUT] 25 A5 01 04 31 05 81 FF EE 88 01 32 FA (13)
                              [N4:Y] TPOS 255 238 136 1 (-1144831)
2026-03-20 07:21:21:108 [IN ] C8 24 07 0C 25 A5 07 01 31 04 88 53 00 50 68 E2 EA (17)
                              [N7:N] RUN 'S' 0 80 (80)
2026-03-20 07:21:21:190 [IN ] C8 24 09 0B 25 A5 09 01 31 03 C9 3A 09 4A 1E E2 (16)
                              [N9:P] LFLAG ':' 9 (9)
2026-03-20 07:21:21:334 [IN ] C8 24 04 0E 25 A5 04 01 31 06 81 53 00 00 00 00 10 88 0A (19)
                              [N4:Y] TPOS 'S' 0 0 0 0 (0)
2026-03-20 07:21:24:943 [IN ] C8 24 07 0B 25 A5 07 01 31 03 81 5A 4C 63 BB 00 C8 24 07 0A 25 A5 07 01 31 02 81 49 05 44 BB (31)
                              [N7:N] TPOS 'Z' 76 (76)
                              [N7:N] TPOS 'I'
2026-03-20 07:21:25:166 [OUT] 25 A5 01 07 31 03 C9 3D 09 4B 10 (11)
                              [N7:N] LFLAG '=' 9 (9)
2026-03-20 07:21:25:330 [IN ] C8 24 07 0B 25 A5 07 01 31 03 C9 3A 09 48 10 00 (16)
                              [N7:N] LFLAG ':' 9 (9)
2026-03-20 07:21:27:337 [IN ] C8 24 0C 0B 25 A5 0C 01 31 03 81 5A 4C 68 DE 00 C8 24 0C 0A 25 A5 0C 01 31 02 81 49 0A 62 DE (31)
                              [N12:Z] TPOS 'Z' 76 (76)
                              [N12:Z] TPOS 'I'
2026-03-20 07:21:27:559 [OUT] 25 A5 01 0C 31 03 C9 3D 09 50 2E (11)
                              [N12:Z] LFLAG '=' 9 (9)
2026-03-20 07:21:27:723 [IN ] C8 24 0C 0B 25 A5 0C 01 31 03 C9 3A 09 4D 33 00 (16)
                              [N12:Z] LFLAG ':' 9 (9)
2026-03-20 07:21:27:925 [IN ] C8 24 04 0E 25 A5 04 01 31 06 81 45 FF EE 85 BD 31 CF 0A (19)
                              [N4:Y] TPOS 'E' 255 238 133 189 (-1145411)
2026-03-20 07:21:28:148 [OUT] 25 A5 01 0C 31 05 81 FF BC D0 00 4F 33 (13)
                              [N12:Z] TPOS 255 188 208 0 (-4403200)
2026-03-20 07:21:28:173 [OUT] 25 A5 01 04 31 05 81 FF FD 50 01 09 B7 (13)
                              [N4:Y] TPOS 255 253 80 1 (-176127)
2026-03-20 07:21:28:195 [OUT] 25 A5 01 09 31 05 81 FF E7 5D 56 5A 0C (13)
                              [N9:P] TPOS 255 231 93 86 (-1614506)
2026-03-20 07:21:28:217 [OUT] 25 A5 01 07 31 05 81 FF AB 19 75 F7 DF (13)
                              [N7:N] TPOS 255 171 25 117 (-5564043)
2026-03-20 07:21:28:239 [OUT] 25 A5 01 03 31 05 81 FF EC 4A AB 9B 1A (13)
                              [N3:X] TPOS 255 236 74 171 (-1291605)
2026-03-20 07:21:28:262 [OUT] 25 A5 01 06 31 02 D8 3F 51 DD (10)
                              [N6:H] INTERRUPT '?'
2026-03-20 07:21:28:563 [IN ] C8 24 0C 0E 25 A5 0C 01 31 06 81 53 FF FF FF 7B 90 4A 0A C8 24 04 0E 25 A5 04 01 31 06 81 53 FF EE 85 BD 3F 15 0A (38)
                              [N12:Z] TPOS 'S' 255 255 255 123 (-133)
                              [N4:Y] TPOS 'S' 255 238 133 189 (-1145411)
2026-03-20 07:21:28:864 [IN ] C8 24 09 0E 25 A5 09 01 31 06 81 53 FF FF FF FB 0D AC 0A C8 24 07 0E 25 A5 07 01 31 06 81 53 FF FF FF EA FA 87 0A C8 24 03 0E 25 A5 03 01 31 06 81 53 FF FF FF FF 0B 74 0A (57)
                              [N9:P] TPOS 'S' 255 255 255 251 (-5)
                              [N7:N] TPOS 'S' 255 255 255 234 (-22)
                              [N3:X] TPOS 'S' 255 255 255 255 (-1)
2026-03-20 07:21:29:166 [IN ] C8 24 06 0C 25 A5 06 01 31 04 D8 3A 01 01 50 82 0B (17)
                              [N6:H] INTERRUPT ':' 1 1 (257)
2026-03-20 07:21:29:187 [OUT] 25 A5 01 06 31 03 C9 3D 0B 4C 0C (11)
                              [N6:H] LFLAG '=' 11 (11)
2026-03-20 07:21:29:350 [IN ] C8 24 06 0B 25 A5 06 01 31 03 C9 3A 0B 49 0B 82 (16)
                              [N6:H] LFLAG ':' 11 (11)
2026-03-20 07:21:29:372 [OUT] 25 A5 01 06 31 03 88 FF B0 72 72 (11)
                              [N6:H] RUN 255 176 (-80)
2026-03-20 07:21:29:539 [IN ] C8 24 06 0C 25 A5 06 01 31 04 88 53 FF B0 C6 38 0B (17)
                              [N6:H] RUN 'S' 255 176 (-80)
2026-03-20 07:21:33:351 [IN ] C8 24 06 0B 25 A5 06 01 31 03 81 5A 4C 62 B4 38 C8 24 06 0A 25 A5 06 01 31 02 81 49 04 3E B4 (31)
                              [N6:H] TPOS 'Z' 76 (76)
                              [N6:H] TPOS 'I'
2026-03-20 07:21:33:574 [OUT] 25 A5 01 06 31 03 C9 3D 09 4A 0A (11)
                              [N6:H] LFLAG '=' 9 (9)
2026-03-20 07:21:33:740 [IN ] C8 24 06 0B 25 A5 06 01 31 03 C9 3A 09 47 09 38 (16)
                              [N6:H] LFLAG ':' 9 (9)
2026-03-20 07:21:33:762 [OUT] 25 A5 01 06 31 03 84 00 50 0F 08 (11)
                              [N6:H] VEL 0 80 (80)
2026-03-20 07:21:33:928 [IN ] C8 24 06 0C 25 A5 06 01 31 04 84 53 00 50 63 CA 0B (17)
                              [N6:H] VEL 'S' 0 80 (80)
2026-03-20 07:21:33:949 [OUT] 25 A5 01 06 31 05 81 00 19 82 3C 95 BE (13)
                              [N6:H] TPOS 0 25 130 60 (1671740)
2026-03-20 07:21:34:133 [IN ] C8 24 06 0E 25 A5 06 01 31 06 81 53 00 00 00 00 12 9C 0A (19)
                              [N6:H] TPOS 'S' 0 0 0 0 (0)
2026-03-20 07:21:35:537 [IN ] C8 24 03 0E 25 A5 03 01 31 06 81 45 FF EC 47 E9 1C 6F 0A (19)
                              [N3:X] TPOS 'E' 255 236 71 233 (-1292311)
2026-03-20 07:21:35:960 [OUT] 25 A5 01 03 31 05 81 FF FD 50 01 08 AF (13)
                              [N3:X] TPOS 255 253 80 1 (-176127)
2026-03-20 07:21:36:165 [IN ] C8 24 03 0E 25 A5 03 01 31 06 81 53 FF EC 47 E9 2A B5 0A (19)
                              [N3:X] TPOS 'S' 255 236 71 233 (-1292311)
2026-03-20 07:21:36:567 [IN ] C8 24 09 0E 25 A5 09 01 31 06 81 45 FF E7 59 75 BB 4C 0A (19)
                              [N9:P] TPOS 'E' 255 231 89 117 (-1615499)
2026-03-20 07:21:36:992 [OUT] 25 A5 01 09 31 05 81 FF FF D9 C8 60 BE (13)
                              [N9:P] TPOS 255 255 217 200 (-9784)
2026-03-20 07:21:37:176 [IN ] C8 24 09 0E 25 A5 09 01 31 06 81 53 FF E7 59 77 CB 94 0A (19)
                              [N9:P] TPOS 'S' 255 231 89 119 (-1615497)
2026-03-20 07:21:39:382 [IN ] C8 24 04 0E 25 A5 04 01 31 06 81 45 FF FD 50 0C 5A E1 0A (19)
                              [N4:Y] TPOS 'E' 255 253 80 12 (-176116)
2026-03-20 07:21:41:788 [IN ] C8 24 06 0E 25 A5 06 01 31 06 81 45 00 19 86 69 0C 16 0A (19)
                              [N6:H] TPOS 'E' 0 25 134 105 (1672809)
2026-03-20 07:21:42:211 [OUT] 25 A5 01 06 31 05 81 00 0D 03 C1 8F 21 (13)
                              [N6:H] TPOS 0 13 3 193 (852929)
2026-03-20 07:21:42:396 [IN ] C8 24 06 0E 25 A5 06 01 31 06 81 53 00 19 86 69 1A 5C 0A (19)
                              [N6:H] TPOS 'S' 0 25 134 105 (1672809)
2026-03-20 07:21:45:003 [IN ] C8 24 09 0E 25 A5 09 01 31 06 81 45 FF FF DD EA CC 11 0A (19)
                              [N9:P] TPOS 'E' 255 255 221 234 (-8726)
2026-03-20 07:21:45:227 [OUT] 25 A5 01 08 31 02 D8 3F 53 E7 (10)
                              [N8:R] INTERRUPT '?'
2026-03-20 07:21:45:228 [IN ] C8 24 03 0E 25 A5 03 01 31 06 81 45 FF FD 50 C2 0F 8D 0A (19)
                              [N3:X] TPOS 'E' 255 253 80 194 (-175934)
2026-03-20 07:21:45:529 [IN ] C8 24 08 0C 25 A5 08 01 31 04 D8 3A 01 01 52 92 0F (17)
                              [N8:R] INTERRUPT ':' 1 1 (257)
2026-03-20 07:21:45:550 [OUT] 25 A5 01 08 31 03 CA 3D 0B 4F 1B (11)
                              [N8:R] RFLAG '=' 11 (11)
2026-03-20 07:21:45:715 [IN ] C8 24 08 0B 25 A5 08 01 31 03 CA 3A 0B 4C 1C 92 (16)
                              [N8:R] RFLAG ':' 11 (11)
2026-03-20 07:21:45:737 [OUT] 25 A5 01 08 31 03 88 00 50 15 20 (11)
                              [N8:R] RUN 0 80 (80)
2026-03-20 07:21:45:901 [IN ] C8 24 08 0C 25 A5 08 01 31 04 88 53 00 50 69 EA 0F (17)
                              [N8:R] RUN 'S' 0 80 (80)
2026-03-20 07:21:46:102 [IN ] C8 24 06 0E 25 A5 06 01 31 06 81 45 00 0C FE 47 55 BD 0A (19)
                              [N6:H] TPOS 'E' 0 12 254 71 (851527)
2026-03-20 07:21:46:325 [OUT] 25 A5 01 05 31 02 D8 3F 50 D8 (10)
                              [N5:V] INTERRUPT '?'
2026-03-20 07:21:46:626 [IN ] C8 24 05 0C 25 A5 05 01 31 04 D8 3A 01 01 4F 7A 55 (17)
                              [N5:V] INTERRUPT ':' 1 1 (257)
2026-03-20 07:21:46:647 [OUT] 25 A5 01 05 31 03 C9 3D 0B 4B 06 (11)
                              [N5:V] LFLAG '=' 11 (11)
2026-03-20 07:21:46:812 [IN ] C8 24 05 0B 25 A5 05 01 31 03 C9 3A 0B 48 04 7A (16)
                              [N5:V] LFLAG ':' 11 (11)
2026-03-20 07:21:46:833 [OUT] 25 A5 01 05 31 03 88 FF B0 71 6C (11)
                              [N5:V] RUN 255 176 (-80)
2026-03-20 07:21:47:019 [IN ] C8 24 05 0C 25 A5 05 01 31 04 88 53 FF B0 C5 30 55 (17)
                              [N5:V] RUN 'S' 255 176 (-80)
2026-03-20 07:21:51:028 [IN ] C8 24 0C 0E 25 A5 0C 01 31 06 81 45 FF BC CD C2 54 1E 0A (19)
                              [N12:Z] TPOS 'E' 255 188 205 194 (-4403774)
2026-03-20 07:21:51:452 [OUT] 25 A5 01 0C 31 05 81 FF D1 1A 67 15 6D (13)
                              [N12:Z] TPOS 255 209 26 103 (-3073433)
2026-03-20 07:21:51:638 [IN ] C8 24 0C 0E 25 A5 0C 01 31 06 81 53 FF BC CD CE 6E 70 0A (19)
                              [N12:Z] TPOS 'S' 255 188 205 206 (-4403762)
2026-03-20 07:21:52:043 [IN ] C8 24 05 0B 25 A5 05 01 31 03 81 5A 4C 61 AD CE C8 24 05 0A 25 A5 05 01 31 02 81 49 03 38 AD (31)
                              [N5:V] TPOS 'Z' 76 (76)
                              [N5:V] TPOS 'I'
2026-03-20 07:21:52:265 [OUT] 25 A5 01 05 31 03 C9 3D 09 49 04 (11)
                              [N5:V] LFLAG '=' 9 (9)
2026-03-20 07:21:52:431 [IN ] C8 24 05 0B 25 A5 05 01 31 03 C9 3A 09 46 02 CE (16)
                              [N5:V] LFLAG ':' 9 (9)
2026-03-20 07:21:52:452 [OUT] 25 A5 01 05 31 03 84 00 50 0E 02 (11)
                              [N5:V] VEL 0 80 (80)
2026-03-20 07:21:52:616 [IN ] C8 24 05 0C 25 A5 05 01 31 04 84 53 00 50 62 C2 6E (17)
                              [N5:V] VEL 'S' 0 80 (80)
2026-03-20 07:21:52:638 [OUT] 25 A5 01 05 31 05 81 00 19 82 3C 94 B6 (13)
                              [N5:V] TPOS 0 25 130 60 (1671740)
2026-03-20 07:21:52:823 [IN ] C8 24 05 0E 25 A5 05 01 31 06 81 53 00 00 00 00 11 92 0A C8 24 08 0B 25 A5 08 01 31 03 81 5A 52 6A C8 00 (35)
                              [N5:V] TPOS 'S' 0 0 0 0 (0)
                              [N8:R] TPOS 'Z' 82 (82)
2026-03-20 07:21:53:025 [IN ] C8 24 08 0A 25 A5 08 01 31 02 81 49 06 4A C8 (15)
                              [N8:R] TPOS 'I'
2026-03-20 07:21:53:247 [OUT] 25 A5 01 08 31 03 CA 3D 09 4D 19 (11)
                              [N8:R] RFLAG '=' 9 (9)
2026-03-20 07:21:53:413 [IN ] C8 24 08 0B 25 A5 08 01 31 03 CA 3A 09 4A 1A 00 (16)
                              [N8:R] RFLAG ':' 9 (9)
2026-03-20 07:21:53:434 [OUT] 25 A5 01 08 31 05 81 FF DC 77 1D 2F DE (13)
                              [N8:R] TPOS 255 220 119 29 (-2328803)
2026-03-20 07:21:53:619 [IN ] C8 24 08 0E 25 A5 08 01 31 06 81 53 FF FF FF C2 D3 69 0A C8 24 07 0E 25 A5 07 01 31 06 81 45 FF AB 14 9A 5D 1F 0A (38)
                              [N8:R] TPOS 'S' 255 255 255 194 (-62)
                              [N7:N] TPOS 'E' 255 171 20 154 (-5565286)
2026-03-20 07:21:54:043 [OUT] 25 A5 01 07 31 05 81 FF F3 35 BF A5 39 (13)
                              [N7:N] TPOS 255 243 53 191 (-838209)
2026-03-20 07:21:54:228 [IN ] C8 24 07 0E 25 A5 07 01 31 06 81 53 FF AB 14 9B 6C 66 0A (19)
                              [N7:N] TPOS 'S' 255 171 20 155 (-5565285)
2026-03-20 07:21:58:440 [IN ] C8 24 0C 0E 25 A5 0C 01 31 06 81 45 FF D1 1D 59 50 94 0A (19)
                              [N12:Z] TPOS 'E' 255 209 29 89 (-3072679)
2026-03-20 07:22:00:847 [IN ] C8 24 05 0E 25 A5 05 01 31 06 81 45 00 19 85 BF 60 60 0A (19)
                              [N5:V] TPOS 'E' 0 25 133 191 (1672639)
2026-03-20 07:22:01:271 [OUT] 25 A5 01 05 31 05 81 00 0D 03 C1 8E 19 (13)
                              [N5:V] TPOS 0 13 3 193 (852929)
2026-03-20 07:22:01:455 [IN ] C8 24 05 0E 25 A5 05 01 31 06 81 53 00 19 85 BF 6E A6 0A (19)
                              [N5:V] TPOS 'S' 0 25 133 191 (1672639)
2026-03-20 07:22:06:267 [IN ] C8 24 08 0E 25 A5 08 01 31 06 81 45 FF DC 74 7E D3 60 0A (19)
                              [N8:R] TPOS 'E' 255 220 116 126 (-2329474)
2026-03-20 07:22:06:470 [IN ] C8 24 05 0E 25 A5 05 01 31 06 81 45 00 0D 01 A7 B8 1C 0A (19)
                              [N5:V] TPOS 'E' 0 13 1 167 (852391)
2026-03-20 07:22:06:692 [OUT] 25 A5 01 08 31 05 81 FF EE 15 56 18 89 (13)
                              [N8:R] TPOS 255 238 21 86 (-1174186)
2026-03-20 07:22:06:715 [OUT] 25 A5 01 03 31 05 81 FF ED B1 30 88 70 (13)
                              [N3:X] TPOS 255 237 177 48 (-1199824)
2026-03-20 07:22:06:737 [OUT] 25 A5 01 04 31 05 81 FF F3 BD 0C 77 7E (13)
                              [N4:Y] TPOS 255 243 189 12 (-803572)
2026-03-20 07:22:06:881 [IN ] C8 24 08 0E 25 A5 08 01 31 06 81 53 FF DC 74 86 E9 AE 0A (19)
                              [N8:R] TPOS 'S' 255 220 116 134 (-2329466)
2026-03-20 07:22:07:026 [IN ] C8 24 03 0E 25 A5 03 01 31 06 81 53 FF FD 50 C2 1D D3 0A (19)
                              [N3:X] TPOS 'S' 255 253 80 194 (-175934)
2026-03-20 07:22:07:129 [IN ] C8 24 04 0E 25 A5 04 01 31 06 81 53 FF FD 50 0C 68 27 0A (19)
                              [N4:Y] TPOS 'S' 255 253 80 12 (-176116)
2026-03-20 07:22:10:738 [IN ] C8 24 04 0E 25 A5 04 01 31 06 81 45 FF F3 BA 92 40 1D 0A (19)
                              [N4:Y] TPOS 'E' 255 243 186 146 (-804206)
2026-03-20 07:22:12:142 [IN ] C8 24 03 0E 25 A5 03 01 31 06 81 45 FF ED AE 51 EC A8 0A (19)
                              [N3:X] TPOS 'E' 255 237 174 81 (-1200559)
2026-03-20 07:22:13:546 [IN ] C8 24 08 0E 25 A5 08 01 31 06 81 45 FF EE 17 2F 39 8D 0A (19)
                              [N8:R] TPOS 'E' 255 238 23 47 (-1173713)
2026-03-20 07:22:15:552 [IN ] C8 24 07 0E 25 A5 07 01 31 06 81 45 FF F3 3A A9 DA 52 0A (19)
                              [N7:N] TPOS 'E' 255 243 58 169 (-836951)
