2026-03-20 08:21:48:793 [OUT] 25 A5 01 0A 31 05 D6 3D FF 00 00 53 ED (13)
                              [N10:HMI] HMILED '=' 255 0 0 (16711680)
2026-03-20 08:21:48:815 [OUT] 25 A5 01 03 31 02 D8 3F 4E CE (10)
                              [N3:X] INTERRUPT '?'
2026-03-20 08:21:49:116 [IN ] C8 24 0A 0D 25 A5 0A 01 31 05 D6 3A FF 00 00 50 EA FF C8 24 03 0C 25 A5 03 01 31 04 D8 3A 01 01 4D 6A EA (35)
                              [N10:HMI] HMILED ':' 255 0 0 (16711680)
                              [N3:X] INTERRUPT ':' 1 1 (257)
2026-03-20 08:21:49:137 [OUT] 25 A5 01 09 31 03 C9 3D 09 4D 1C (11)
                              [N9:P] LFLAG '=' 9 (9)
2026-03-20 08:21:49:160 [OUT] 25 A5 01 04 31 02 D8 3F 4F D3 (10)
                              [N4:Y] INTERRUPT '?'
2026-03-20 08:21:49:461 [IN ] C8 24 09 0B 25 A5 09 01 31 03 C9 3A 09 4A 1E 6A C8 24 04 0C 25 A5 04 01 31 04 D8 3A 01 01 4E 72 EA (33)
                              [N9:P] LFLAG ':' 9 (9)
                              [N4:Y] INTERRUPT ':' 1 1 (257)
2026-03-20 08:21:49:482 [OUT] 25 A5 01 09 31 03 CA 3D 09 4E 1F (11)
                              [N9:P] RFLAG '=' 9 (9)
2026-03-20 08:21:49:505 [OUT] 25 A5 01 0C 31 02 D8 3F 57 FB (10)
                              [N12:Z] INTERRUPT '?'
2026-03-20 08:21:49:806 [IN ] C8 24 09 0B 25 A5 09 01 31 03 CA 3A 09 4B 21 72 C8 24 0C 0C 25 A5 0C 01 31 04 D8 3A 01 01 56 B2 EA (33)
                              [N9:P] RFLAG ':' 9 (9)
                              [N12:Z] INTERRUPT ':' 1 1 (257)
2026-03-20 08:21:49:827 [OUT] 25 A5 01 08 31 03 C9 3D 09 4C 16 (11)
                              [N8:R] LFLAG '=' 9 (9)
2026-03-20 08:21:49:850 [OUT] 25 A5 01 03 31 03 C9 3D 0B 49 FA (11)
                              [N3:X] LFLAG '=' 11 (11)
2026-03-20 08:21:49:872 [OUT] 25 A5 01 04 31 03 C9 3D 0B 4A 00 (11)
                              [N4:Y] LFLAG '=' 11 (11)
2026-03-20 08:21:49:894 [OUT] 25 A5 01 0C 31 03 C9 3D 0B 52 30 (11)
                              [N12:Z] LFLAG '=' 11 (11)
2026-03-20 08:21:49:999 [IN ] C8 24 08 0B 25 A5 08 01 31 03 C9 3A 09 49 17 B2 (16)
                              [N8:R] LFLAG ':' 9 (9)
2026-03-20 08:21:50:020 [OUT] 25 A5 01 08 31 03 CA 3D 09 4D 19 (11)
                              [N8:R] RFLAG '=' 9 (9)
2026-03-20 08:21:50:103 [IN ] C8 24 03 0B 25 A5 03 01 31 03 C9 3A 0B 46 F6 B2 (16)
                              [N3:X] LFLAG ':' 11 (11)
2026-03-20 08:21:50:126 [OUT] 25 A5 01 03 31 03 88 00 50 10 02 (11)
                              [N3:X] RUN 0 80 (80)
2026-03-20 08:21:50:209 [IN ] C8 24 04 0B 25 A5 04 01 31 03 C9 3A 0B 47 FD B2 (16)
                              [N4:Y] LFLAG ':' 11 (11)
2026-03-20 08:21:50:231 [OUT] 25 A5 01 04 31 03 88 00 50 11 08 (11)
                              [N4:Y] RUN 0 80 (80)
2026-03-20 08:21:50:334 [IN ] C8 24 0C 0B 25 A5 0C 01 31 03 C9 3A 0B 4F 35 B2 (16)
                              [N12:Z] LFLAG ':' 11 (11)
2026-03-20 08:21:50:357 [OUT] 25 A5 01 0C 31 03 88 00 50 19 38 (11)
                              [N12:Z] RUN 0 80 (80)
2026-03-20 08:21:50:419 [IN ] C8 24 08 0B 25 A5 08 01 31 03 CA 3A 09 4A 1A B2 (16)
                              [N8:R] RFLAG ':' 9 (9)
2026-03-20 08:21:50:544 [IN ] C8 24 03 0C 25 A5 03 01 31 04 88 53 00 50 64 C2 EA (17)
                              [N3:X] RUN 'S' 0 80 (80)
2026-03-20 08:21:50:646 [IN ] C8 24 04 0C 25 A5 04 01 31 04 88 53 00 50 65 CA EA (17)
                              [N4:Y] RUN 'S' 0 80 (80)
2026-03-20 08:21:50:750 [IN ] C8 24 0C 0C 25 A5 0C 01 31 04 88 53 00 50 6D 0A EA (17)
                              [N12:Z] RUN 'S' 0 80 (80)
2026-03-20 08:21:57:567 [IN ] C8 24 04 0B 25 A5 04 01 31 03 81 5A 4C 60 A6 0A C8 24 04 0A 25 A5 04 01 31 02 81 49 02 32 A6 (31)
                              [N4:Y] TPOS 'Z' 76 (76)
                              [N4:Y] TPOS 'I'
2026-03-20 08:21:57:790 [OUT] 25 A5 01 09 31 02 D8 3F 54 EC (10)
                              [N9:P] INTERRUPT '?'
2026-03-20 08:21:58:091 [IN ] C8 24 09 0C 25 A5 09 01 31 04 D8 3A 01 01 53 9A EA (17)
                              [N9:P] INTERRUPT ':' 1 1 (257)
2026-03-20 08:21:58:112 [OUT] 25 A5 01 04 31 03 C9 3D 09 48 FE (11)
                              [N4:Y] LFLAG '=' 9 (9)
2026-03-20 08:21:58:134 [OUT] 25 A5 01 07 31 02 D8 3F 52 E2 (10)
                              [N7:N] INTERRUPT '?'
2026-03-20 08:21:58:435 [IN ] C8 24 04 0B 25 A5 04 01 31 03 C9 3A 09 45 FB 9A C8 24 07 0C 25 A5 07 01 31 04 D8 3A 01 01 51 8A EA (33)
                              [N4:Y] LFLAG ':' 9 (9)
                              [N7:N] INTERRUPT ':' 1 1 (257)
2026-03-20 08:21:58:456 [OUT] 25 A5 01 09 31 03 C9 3D 0B 4F 1E (11)
                              [N9:P] LFLAG '=' 11 (11)
2026-03-20 08:21:58:478 [OUT] 25 A5 01 07 31 03 C9 3D 0B 4D 12 (11)
                              [N7:N] LFLAG '=' 11 (11)
2026-03-20 08:21:58:602 [IN ] C8 24 09 0B (4)
2026-03-20 08:21:58:623 [IN ] 25 A5 09 01 31 03 C9 3A 0B 4C 20 8A (12)
                              [N9:P] LFLAG ':' 11 (11)
2026-03-20 08:21:58:645 [OUT] 25 A5 01 09 31 03 88 00 50 16 26 (11)
                              [N9:P] RUN 0 80 (80)
2026-03-20 08:21:58:728 [IN ] C8 24 07 0B 25 A5 07 01 31 03 C9 3A 0B 4A 12 8A (16)
                              [N7:N] LFLAG ':' 11 (11)
2026-03-20 08:21:58:749 [OUT] 25 A5 01 07 31 03 88 00 50 14 1A (11)
                              [N7:N] RUN 0 80 (80)
2026-03-20 08:21:58:832 [IN ] C8 24 09 0C 25 A5 09 01 31 04 88 53 00 50 6A F2 EA (17)
                              [N9:P] RUN 'S' 0 80 (80)
2026-03-20 08:21:58:895 [IN ] C8 24 09 0B 25 A5 09 01 31 03 81 5A 4C 65 C9 F2 (16)
                              [N9:P] TPOS 'Z' 76 (76)
2026-03-20 08:21:58:917 [IN ] C8 24 09 0A 25 A5 09 01 31 02 81 49 07 50 C9 (15)
                              [N9:P] TPOS 'I'
2026-03-20 08:21:58:963 [OUT] 25 A5 01 09 31 03 C9 3D 09 4D 1C (11)
                              [N9:P] LFLAG '=' 9 (9)
2026-03-20 08:21:58:965 [IN ] C8 24 07 0C 25 A5 07 01 31 04 88 53 00 50 68 E2 EA (17)
                              [N7:N] RUN 'S' 0 80 (80)
2026-03-20 08:21:58:986 [OUT] 25 A5 01 04 31 05 81 FF EE 88 01 32 FA (13)
                              [N4:Y] TPOS 255 238 136 1 (-1144831)
2026-03-20 08:21:59:110 [IN ] C8 24 09 0B 25 A5 09 01 31 03 C9 3A 09 4A 1E E2 (16)
                              [N9:P] LFLAG ':' 9 (9)
2026-03-20 08:21:59:254 [IN ] C8 24 04 0E 25 A5 04 01 31 06 81 53 00 00 00 00 10 88 0A (19)
                              [N4:Y] TPOS 'S' 0 0 0 0 (0)
2026-03-20 08:21:59:657 [IN ] C8 24 03 0B 25 A5 03 01 31 03 81 5A 4C 5F 9F 00 C8 24 03 0A 25 A5 03 01 31 02 81 49 01 2C 9F (31)
                              [N3:X] TPOS 'Z' 76 (76)
                              [N3:X] TPOS 'I'
2026-03-20 08:21:59:879 [OUT] 25 A5 01 03 31 03 C9 3D 09 47 F8 (11)
                              [N3:X] LFLAG '=' 9 (9)
2026-03-20 08:22:00:064 [IN ] C8 24 03 0B 25 A5 03 01 31 03 C9 3A 09 44 F4 00 (16)
                              [N3:X] LFLAG ':' 9 (9)
2026-03-20 08:22:02:872 [IN ] C8 24 07 0B 25 A5 07 01 31 03 81 5A 4C 63 BB 00 C8 24 07 0A 25 A5 07 01 31 02 81 49 05 44 BB (31)
                              [N7:N] TPOS 'Z' 76 (76)
                              [N7:N] TPOS 'I'
2026-03-20 08:22:03:094 [OUT] 25 A5 01 07 31 03 C9 3D 09 4B 10 (11)
                              [N7:N] LFLAG '=' 9 (9)
2026-03-20 08:22:03:258 [IN ] C8 24 07 0B 25 A5 07 01 31 03 C9 3A 09 48 10 00 (16)
                              [N7:N] LFLAG ':' 9 (9)
2026-03-20 08:22:05:464 [IN ] C8 24 04 0E 25 A5 04 01 31 06 81 45 FF EE 85 A5 19 B7 0A (19)
                              [N4:Y] TPOS 'E' 255 238 133 165 (-1145435)
2026-03-20 08:22:05:688 [OUT] 25 A5 01 09 31 05 81 FF E7 5D 56 5A 0C (13)
                              [N9:P] TPOS 255 231 93 86 (-1614506)
2026-03-20 08:22:05:710 [OUT] 25 A5 01 04 31 05 81 FF FD 50 01 09 B7 (13)
                              [N4:Y] TPOS 255 253 80 1 (-176127)
2026-03-20 08:22:05:733 [OUT] 25 A5 01 07 31 05 81 FF AB 19 75 F7 DF (13)
                              [N7:N] TPOS 255 171 25 117 (-5564043)
2026-03-20 08:22:05:755 [OUT] 25 A5 01 03 31 05 81 FF EC 4A AB 9B 1A (13)
                              [N3:X] TPOS 255 236 74 171 (-1291605)
2026-03-20 08:22:05:777 [OUT] 25 A5 01 06 31 02 D8 3F 51 DD (10)
                              [N6:H] INTERRUPT '?'
2026-03-20 08:22:06:079 [IN ] C8 24 09 0E 25 A5 09 01 31 06 81 53 FF FF FF FA 0C AB 0A C8 24 04 0E 25 A5 04 01 31 06 81 53 FF EE 85 A5 27 FD 0A (38)
                              [N9:P] TPOS 'S' 255 255 255 250 (-6)
                              [N4:Y] TPOS 'S' 255 238 133 165 (-1145435)
2026-03-20 08:22:06:380 [IN ] C8 24 07 0E 25 A5 07 01 31 06 81 53 FF FF FF EF FF 8C 0A C8 24 03 0E 25 A5 03 01 31 06 81 53 00 00 00 00 0F 7E 0A C8 24 06 0C 25 A5 06 01 31 04 D8 3A 01 01 50 82 0F (55)
                              [N7:N] TPOS 'S' 255 255 255 239 (-17)
                              [N3:X] TPOS 'S' 0 0 0 0 (0)
                              [N6:H] INTERRUPT ':' 1 1 (257)
2026-03-20 08:22:06:401 [OUT] 25 A5 01 06 31 03 C9 3D 0B 4C 0C (11)
                              [N6:H] LFLAG '=' 11 (11)
2026-03-20 08:22:06:403 [IN ] C8 24 0C 0B 25 A5 0C 01 31 03 81 5A 4C 68 DE 82 (16)
                              [N12:Z] TPOS 'Z' 76 (76)
2026-03-20 08:22:06:445 [IN ] C8 24 0C 0A 25 A5 0C 01 31 02 81 49 0A 62 DE (15)
                              [N12:Z] TPOS 'I'
2026-03-20 08:22:06:487 [OUT] 25 A5 01 0C 31 03 C9 3D 09 50 2E (11)
                              [N12:Z] LFLAG '=' 9 (9)
2026-03-20 08:22:06:569 [IN ] C8 24 06 0B 25 (5)
2026-03-20 08:22:06:591 [IN ] A5 06 01 31 03 C9 3A 0B 49 0B 82 (11)
                              [N6:H] LFLAG ':' 11 (11)
2026-03-20 08:22:06:612 [OUT] 25 A5 01 06 31 03 88 FF B0 72 72 (11)
                              [N6:H] RUN 255 176 (-80)
2026-03-20 08:22:06:674 [IN ] C8 24 0C 0B 25 A5 0C 01 31 03 C9 3A 09 4D 33 82 (16)
                              [N12:Z] LFLAG ':' 9 (9)
2026-03-20 08:22:06:697 [OUT] 25 A5 01 0C 31 05 81 FF BC D0 00 4F 33 (13)
                              [N12:Z] TPOS 255 188 208 0 (-4403200)
2026-03-20 08:22:06:780 [IN ] C8 24 06 0C 25 A5 06 01 31 04 88 53 FF B0 C6 38 0F (17)
                              [N6:H] RUN 'S' 255 176 (-80)
2026-03-20 08:22:06:925 [IN ] C8 24 0C 0E 25 A5 0C 01 31 06 81 53 FF FF FF 88 9D 57 0A (19)
                              [N12:Z] TPOS 'S' 255 255 255 136 (-120)
2026-03-20 08:22:10:738 [IN ] C8 24 06 0B 25 A5 06 01 31 03 81 5A 4C 62 B4 88 C8 24 06 0A 25 A5 06 01 31 02 81 49 04 3E B4 (31)
                              [N6:H] TPOS 'Z' 76 (76)
                              [N6:H] TPOS 'I'
2026-03-20 08:22:10:961 [OUT] 25 A5 01 06 31 03 C9 3D 09 4A 0A (11)
                              [N6:H] LFLAG '=' 9 (9)
2026-03-20 08:22:11:146 [IN ] C8 24 06 0B 25 A5 06 01 31 03 C9 3A 09 47 09 88 (16)
                              [N6:H] LFLAG ':' 9 (9)
2026-03-20 08:22:11:168 [OUT] 25 A5 01 06 31 03 84 00 50 0F 08 (11)
                              [N6:H] VEL 0 80 (80)
2026-03-20 08:22:11:353 [IN ] C8 24 06 0C 25 A5 06 01 31 04 84 53 00 50 63 CA 9D (17)
                              [N6:H] VEL 'S' 0 80 (80)
2026-03-20 08:22:11:374 [OUT] 25 A5 01 06 31 05 81 00 19 82 3C 95 BE (13)
                              [N6:H] TPOS 0 25 130 60 (1671740)
2026-03-20 08:22:11:558 [IN ] C8 24 06 0E 25 A5 06 01 31 06 81 53 00 00 00 00 12 9C 0A (19)
                              [N6:H] TPOS 'S' 0 0 0 0 (0)
2026-03-20 08:22:12:963 [IN ] C8 24 03 0E 25 A5 03 01 31 06 81 45 FF EC 47 E2 15 68 0A (19)
                              [N3:X] TPOS 'E' 255 236 71 226 (-1292318)
2026-03-20 08:22:13:387 [OUT] 25 A5 01 03 31 05 81 FF FD 50 01 08 AF (13)
                              [N3:X] TPOS 255 253 80 1 (-176127)
2026-03-20 08:22:13:572 [IN ] C8 24 03 0E 25 A5 03 01 31 06 81 53 FF EC 47 E2 23 AE 0A (19)
                              [N3:X] TPOS 'S' 255 236 71 226 (-1292318)
2026-03-20 08:22:13:774 [IN ] C8 24 09 0E 25 A5 09 01 31 06 81 45 FF E7 59 75 BB 4C 0A (19)
                              [N9:P] TPOS 'E' 255 231 89 117 (-1615499)
2026-03-20 08:22:14:198 [OUT] 25 A5 01 09 31 05 81 FF FF D9 C8 60 BE (13)
                              [N9:P] TPOS 255 255 217 200 (-9784)
2026-03-20 08:22:14:383 [IN ] C8 24 09 0E 25 A5 09 01 31 06 81 53 FF E7 59 77 CB 94 0A (19)
                              [N9:P] TPOS 'S' 255 231 89 119 (-1615497)
2026-03-20 08:22:15:186 [IN ] C8 24 04 0E 25 A5 04 01 31 06 81 45 FF FD 50 61 AF 36 0A (19)
                              [N4:Y] TPOS 'E' 255 253 80 97 (-176031)
2026-03-20 08:22:19:197 [IN ] C8 24 06 0E 25 A5 06 01 31 06 81 45 00 19 86 21 C4 CE 0A (19)
                              [N6:H] TPOS 'E' 0 25 134 33 (1672737)
2026-03-20 08:22:19:623 [OUT] 25 A5 01 06 31 05 81 00 0D 03 C1 8F 21 (13)
                              [N6:H] TPOS 0 13 3 193 (852929)
2026-03-20 08:22:19:809 [IN ] C8 24 06 0E 25 A5 06 01 31 06 81 53 00 19 86 21 D2 14 0A (19)
                              [N6:H] TPOS 'S' 0 25 134 33 (1672737)
2026-03-20 08:22:22:014 [IN ] C8 24 09 0E 25 A5 09 01 31 06 81 45 FF FF DD D3 B5 FA 0A (19)
                              [N9:P] TPOS 'E' 255 255 221 211 (-8749)
2026-03-20 08:22:22:237 [OUT] 25 A5 01 08 31 02 D8 3F 53 E7 (10)
                              [N8:R] INTERRUPT '?'
2026-03-20 08:22:22:538 [IN ] C8 24 03 0E 25 A5 03 01 31 06 81 45 FF FD 50 F3 40 BE 0A C8 24 08 0C 25 A5 08 01 31 04 D8 3A 01 01 52 92 40 (36)
                              [N3:X] TPOS 'E' 255 253 80 243 (-175885)
                              [N8:R] INTERRUPT ':' 1 1 (257)
2026-03-20 08:22:22:559 [OUT] 25 A5 01 08 31 03 CA 3D 0B 4F 1B (11)
                              [N8:R] RFLAG '=' 11 (11)
2026-03-20 08:22:22:725 [IN ] C8 24 08 0B 25 A5 08 01 31 03 CA 3A 0B 4C 1C 92 (16)
                              [N8:R] RFLAG ':' 11 (11)
2026-03-20 08:22:22:748 [OUT] 25 A5 01 08 31 03 88 00 50 15 20 (11)
                              [N8:R] RUN 0 80 (80)
2026-03-20 08:22:22:934 [IN ] C8 24 08 0C 25 A5 08 01 31 04 88 53 00 50 69 EA 40 (17)
                              [N8:R] RUN 'S' 0 80 (80)
2026-03-20 08:22:23:538 [IN ] C8 24 06 0E 25 A5 06 01 31 06 81 45 00 0C FE 93 A1 09 0A (19)
                              [N6:H] TPOS 'E' 0 12 254 147 (851603)
2026-03-20 08:22:23:761 [OUT] 25 A5 01 05 31 02 D8 3F 50 D8 (10)
                              [N5:V] INTERRUPT '?'
2026-03-20 08:22:24:062 [IN ] C8 24 05 0C 25 A5 05 01 31 04 D8 3A 01 01 4F 7A A1 (17)
                              [N5:V] INTERRUPT ':' 1 1 (257)
2026-03-20 08:22:24:083 [OUT] 25 A5 01 05 31 03 C9 3D 0B 4B 06 (11)
                              [N5:V] LFLAG '=' 11 (11)
2026-03-20 08:22:24:248 [IN ] C8 24 05 0B 25 A5 05 01 31 03 C9 3A 0B 48 04 7A (16)
                              [N5:V] LFLAG ':' 11 (11)
2026-03-20 08:22:24:270 [OUT] 25 A5 01 05 31 03 88 FF B0 71 6C (11)
                              [N5:V] RUN 255 176 (-80)
2026-03-20 08:22:24:434 [IN ] C8 24 05 0C 25 A5 05 01 31 04 88 53 FF B0 C5 30 A1 (17)
                              [N5:V] RUN 'S' 255 176 (-80)
2026-03-20 08:22:29:447 [IN ] C8 24 05 0B 25 A5 05 01 31 03 81 5A 4C 61 AD 30 C8 24 05 0A 25 A5 05 01 31 02 81 49 03 38 AD C8 24 0C 0E 25 A5 0C 01 31 06 81 45 FF BC CD 89 1B E5 0A (50)
                              [N5:V] TPOS 'Z' 76 (76)
                              [N5:V] TPOS 'I'
                              [N12:Z] TPOS 'E' 255 188 205 137 (-4403831)
2026-03-20 08:22:29:670 [OUT] 25 A5 01 05 31 03 C9 3D 09 49 04 (11)
                              [N5:V] LFLAG '=' 9 (9)
2026-03-20 08:22:29:692 [OUT] 25 A5 01 0C 31 05 81 FF D1 1A 67 15 6D (13)
                              [N12:Z] TPOS 255 209 26 103 (-3073433)
2026-03-20 08:22:29:760 [IN ] C8 24 08 0B 25 A5 08 01 31 03 81 5A 52 6A C8 89 (16)
                              [N8:R] TPOS 'Z' 82 (82)
2026-03-20 08:22:29:782 [IN ] C8 24 08 0A 25 A5 08 01 31 02 81 49 06 4A C8 (15)
                              [N8:R] TPOS 'I'
2026-03-20 08:22:29:825 [OUT] 25 A5 01 08 31 03 CA 3D 09 4D 19 (11)
                              [N8:R] RFLAG '=' 9 (9)
2026-03-20 08:22:29:826 [IN ] C8 24 05 0B 25 A5 05 01 31 03 C9 3A 09 46 02 89 (16)
                              [N5:V] LFLAG ':' 9 (9)
2026-03-20 08:22:29:847 [OUT] 25 A5 01 05 31 03 84 00 50 0E 02 (11)
                              [N5:V] VEL 0 80 (80)
2026-03-20 08:22:29:971 [IN ] C8 24 0C 0E 25 A5 0C 01 31 06 81 53 FF BC CD B4 54 56 0A (19)
                              [N12:Z] TPOS 'S' 255 188 205 180 (-4403788)
2026-03-20 08:22:30:075 [IN ] C8 24 08 0B 25 A5 08 01 31 03 CA 3A 09 4A 1A B4 (16)
                              [N8:R] RFLAG ':' 9 (9)
2026-03-20 08:22:30:096 [OUT] 25 A5 01 08 31 05 81 FF DC 77 1D 2F DE (13)
                              [N8:R] TPOS 255 220 119 29 (-2328803)
2026-03-20 08:22:30:179 [IN ] C8 24 05 0C 25 A5 05 01 31 04 84 53 00 50 62 C2 54 (17)
                              [N5:V] VEL 'S' 0 80 (80)
2026-03-20 08:22:30:199 [OUT] 25 A5 01 05 31 05 81 00 19 82 3C 94 B6 (13)
                              [N5:V] TPOS 0 25 130 60 (1671740)
2026-03-20 08:22:30:323 [IN ] C8 24 08 0E 25 A5 08 01 31 06 81 53 FF FF FF C9 DA 70 0A (19)
                              [N8:R] TPOS 'S' 255 255 255 201 (-55)
2026-03-20 08:22:30:447 [IN ] C8 24 05 0E 25 A5 05 01 31 06 81 53 00 00 00 00 11 92 0A (19)
                              [N5:V] TPOS 'S' 0 0 0 0 (0)
2026-03-20 08:22:31:249 [IN ] C8 24 07 0E 25 A5 07 01 31 06 81 45 FF AB 14 CD 90 52 0A (19)
                              [N7:N] TPOS 'E' 255 171 20 205 (-5565235)
2026-03-20 08:22:31:674 [OUT] 25 A5 01 07 31 05 81 FF F3 35 BF A5 39 (13)
                              [N7:N] TPOS 255 243 53 191 (-838209)
2026-03-20 08:22:31:839 [IN ] C8 24 07 0E (4)
2026-03-20 08:22:31:860 [IN ] 25 A5 07 01 31 06 81 53 FF AB 14 CE 9F 99 0A (15)
                              [N7:N] TPOS 'S' 255 171 20 206 (-5565234)
2026-03-20 08:22:36:872 [IN ] C8 24 0C 0E 25 A5 0C 01 31 06 81 45 FF D1 1D 56 4D 91 0A (19)
                              [N12:Z] TPOS 'E' 255 209 29 86 (-3072682)
2026-03-20 08:22:38:475 [IN ] C8 24 05 0E 25 A5 05 01 31 06 81 45 00 19 85 B7 58 58 0A (19)
                              [N5:V] TPOS 'E' 0 25 133 183 (1672631)
2026-03-20 08:22:38:898 [OUT] 25 A5 01 05 31 05 81 00 0D 03 C1 8E 19 (13)
                              [N5:V] TPOS 0 13 3 193 (852929)
2026-03-20 08:22:39:083 [IN ] C8 24 05 0E 25 A5 05 01 31 06 81 53 00 19 85 B8 67 9F 0A (19)
                              [N5:V] TPOS 'S' 0 25 133 184 (1672632)
2026-03-20 08:22:42:891 [IN ] C8 24 08 0E 25 A5 08 01 31 06 81 45 FF DC 74 99 EE 7B 0A (19)
                              [N8:R] TPOS 'E' 255 220 116 153 (-2329447)
2026-03-20 08:22:43:315 [OUT] 25 A5 01 08 31 05 81 FF EE 15 56 18 89 (13)
                              [N8:R] TPOS 255 238 21 86 (-1174186)
2026-03-20 08:22:43:520 [IN ] C8 24 08 0E 25 A5 08 01 31 06 81 53 FF DC 74 A3 06 CB 0A (19)
                              [N8:R] TPOS 'S' 255 220 116 163 (-2329437)
2026-03-20 08:22:43:921 [IN ] C8 24 05 0E 25 A5 05 01 31 06 81 45 00 0D 01 A7 B8 1C 0A (19)
                              [N5:V] TPOS 'E' 0 13 1 167 (852391)
2026-03-20 08:22:44:145 [OUT] 25 A5 01 03 31 05 81 FF ED B1 30 88 70 (13)
                              [N3:X] TPOS 255 237 177 48 (-1199824)
2026-03-20 08:22:44:167 [OUT] 25 A5 01 04 31 05 81 FF F3 BD 0C 77 7E (13)
                              [N4:Y] TPOS 255 243 189 12 (-803572)
2026-03-20 08:22:44:330 [IN ] C8 24 03 0E 25 A5 03 01 31 06 81 53 FF FD 50 F3 4E 04 0A (19)
                              [N3:X] TPOS 'S' 255 253 80 243 (-175885)
2026-03-20 08:22:44:453 [IN ] C8 24 04 0E 25 A5 04 01 31 06 81 53 FF FD 50 61 BD 7C 0A (19)
                              [N4:Y] TPOS 'S' 255 253 80 97 (-176031)
2026-03-20 08:22:48:061 [IN ] C8 24 04 0E 25 A5 04 01 31 06 81 45 FF F3 BA 5F 0D EA 0A (19)
                              [N4:Y] TPOS 'E' 255 243 186 95 (-804257)
2026-03-20 08:22:49:466 [IN ] C8 24 03 0E 25 A5 03 01 31 06 81 45 FF ED AE 4A E5 A1 0A (19)
                              [N3:X] TPOS 'E' 255 237 174 74 (-1200566)
2026-03-20 08:22:50:270 [IN ] C8 24 08 0E 25 A5 08 01 31 06 81 45 FF EE 17 53 5D B1 0A (19)
                              [N8:R] TPOS 'E' 255 238 23 83 (-1173677)
2026-03-20 08:22:53:277 [IN ] C8 24 07 0E 25 A5 07 01 31 06 81 45 FF F3 3A 4D 7E F6 0A (19)
                              [N7:N] TPOS 'E' 255 243 58 77 (-837043)
