2026-03-20 07:19:52:768 [OUT] 25 A5 01 0A 31 05 D6 3D FF 00 00 53 ED (13)
                              [N10:HMI] HMILED '=' 255 0 0 (16711680)
2026-03-20 07:19:52:790 [OUT] 25 A5 01 03 31 02 D8 3F 4E CE (10)
                              [N3:X] INTERRUPT '?'
2026-03-20 07:19:53:092 [IN ] C8 24 0A 0D 25 A5 0A 01 31 05 D6 3A FF 00 00 50 EA 78 C8 24 03 0C 25 A5 03 01 31 04 D8 3A 01 01 4D 6A EA (35)
                              [N10:HMI] HMILED ':' 255 0 0 (16711680)
                              [N3:X] INTERRUPT ':' 1 1 (257)
2026-03-20 07:19:53:113 [OUT] 25 A5 01 09 31 03 C9 3D 09 4D 1C (11)
                              [N9:P] LFLAG '=' 9 (9)
2026-03-20 07:19:53:137 [OUT] 25 A5 01 04 31 02 D8 3F 4F D3 (10)
                              [N4:Y] INTERRUPT '?'
2026-03-20 07:19:53:438 [IN ] C8 24 09 0B 25 A5 09 01 31 03 C9 3A 09 4A 1E 6A C8 24 04 0C 25 A5 04 01 31 04 D8 3A 01 01 4E 72 EA (33)
                              [N9:P] LFLAG ':' 9 (9)
                              [N4:Y] INTERRUPT ':' 1 1 (257)
2026-03-20 07:19:53:460 [OUT] 25 A5 01 09 31 03 CA 3D 09 4E 1F (11)
                              [N9:P] RFLAG '=' 9 (9)
2026-03-20 07:19:53:484 [OUT] 25 A5 01 0C 31 02 D8 3F 57 FB (10)
                              [N12:Z] INTERRUPT '?'
2026-03-20 07:19:53:787 [IN ] C8 24 09 0B 25 A5 09 01 31 03 CA 3A 09 4B 21 72 C8 24 0C 0C 25 A5 0C 01 31 04 D8 3A 01 01 56 B2 EA (33)
                              [N9:P] RFLAG ':' 9 (9)
                              [N12:Z] INTERRUPT ':' 1 1 (257)
2026-03-20 07:19:53:808 [OUT] 25 A5 01 08 31 03 C9 3D 09 4C 16 (11)
                              [N8:R] LFLAG '=' 9 (9)
2026-03-20 07:19:53:829 [OUT] 25 A5 01 03 31 03 C9 3D 0B 49 FA (11)
                              [N3:X] LFLAG '=' 11 (11)
2026-03-20 07:19:53:850 [OUT] 25 A5 01 04 31 03 C9 3D 0B 4A 00 (11)
                              [N4:Y] LFLAG '=' 11 (11)
2026-03-20 07:19:53:872 [OUT] 25 A5 01 0C 31 03 C9 3D 0B 52 30 (11)
                              [N12:Z] LFLAG '=' 11 (11)
2026-03-20 07:19:53:975 [IN ] C8 24 08 0B 25 A5 08 01 31 03 C9 3A 09 49 17 B2 (16)
                              [N8:R] LFLAG ':' 9 (9)
2026-03-20 07:19:53:996 [OUT] 25 A5 01 08 31 03 CA 3D 09 4D 19 (11)
                              [N8:R] RFLAG '=' 9 (9)
2026-03-20 07:19:54:080 [IN ] C8 24 03 0B 25 A5 03 01 31 03 C9 3A 0B 46 F6 B2 (16)
                              [N3:X] LFLAG ':' 11 (11)
2026-03-20 07:19:54:102 [OUT] 25 A5 01 03 31 03 88 00 50 10 02 (11)
                              [N3:X] RUN 0 80 (80)
2026-03-20 07:19:54:188 [IN ] C8 24 04 0B 25 A5 04 01 31 03 C9 3A 0B 47 FD B2 (16)
                              [N4:Y] LFLAG ':' 11 (11)
2026-03-20 07:19:54:210 [OUT] 25 A5 01 04 31 03 88 00 50 11 08 (11)
                              [N4:Y] RUN 0 80 (80)
2026-03-20 07:19:54:312 [IN ] C8 24 0C 0B 25 A5 0C 01 31 03 C9 3A 0B 4F 35 B2 (16)
                              [N12:Z] LFLAG ':' 11 (11)
2026-03-20 07:19:54:333 [OUT] 25 A5 01 0C 31 03 88 00 50 19 38 (11)
                              [N12:Z] RUN 0 80 (80)
2026-03-20 07:19:54:395 [IN ] C8 24 08 0B 25 A5 08 01 31 03 CA 3A 09 4A 1A (15)
                              [N8:R] RFLAG ':' 9 (9)
2026-03-20 07:19:54:416 [IN ] B2 (1)
2026-03-20 07:19:54:519 [IN ] C8 24 03 0C 25 A5 03 01 31 04 88 53 00 50 64 C2 EA (17)
                              [N3:X] RUN 'S' 0 80 (80)
2026-03-20 07:19:54:642 [IN ] C8 24 04 0C 25 A5 04 01 31 04 88 53 00 50 65 CA EA (17)
                              [N4:Y] RUN 'S' 0 80 (80)
2026-03-20 07:19:54:744 [IN ] C8 24 0C 0C 25 A5 0C 01 31 04 88 53 00 50 6D 0A EA (17)
                              [N12:Z] RUN 'S' 0 80 (80)
2026-03-20 07:20:02:761 [IN ] C8 24 04 0B 25 A5 04 01 31 03 81 5A 4C 60 A6 0A (16)
                              [N4:Y] TPOS 'Z' 76 (76)
2026-03-20 07:20:02:962 [IN ] C8 24 04 0A 25 A5 04 01 31 02 81 49 02 32 A6 (15)
                              [N4:Y] TPOS 'I'
2026-03-20 07:20:03:185 [OUT] 25 A5 01 09 31 02 D8 3F 54 EC (10)
                              [N9:P] INTERRUPT '?'
2026-03-20 07:20:03:486 [IN ] C8 24 09 0C 25 A5 09 01 31 04 D8 3A 01 01 53 9A EA (17)
                              [N9:P] INTERRUPT ':' 1 1 (257)
2026-03-20 07:20:03:507 [OUT] 25 A5 01 04 31 03 C9 3D 09 48 FE (11)
                              [N4:Y] LFLAG '=' 9 (9)
2026-03-20 07:20:03:529 [OUT] 25 A5 01 07 31 02 D8 3F 52 E2 (10)
                              [N7:N] INTERRUPT '?'
2026-03-20 07:20:03:832 [IN ] C8 24 04 0B 25 A5 04 01 31 03 C9 3A 09 45 FB 9A C8 24 03 0B 25 A5 03 01 31 03 81 5A 4C 5F 9F 9A C8 24 03 0A 25 A5 03 01 31 02 81 49 01 2C 9F C8 24 07 0C 25 A5 07 01 31 04 D8 3A 01 01 51 8A EA (64)
                              [N4:Y] LFLAG ':' 9 (9)
                              [N3:X] TPOS 'Z' 76 (76)
                              [N3:X] TPOS 'I'
                              [N7:N] INTERRUPT ':' 1 1 (257)
2026-03-20 07:20:03:853 [OUT] 25 A5 01 09 31 03 C9 3D 0B 4F 1E (11)
                              [N9:P] LFLAG '=' 11 (11)
2026-03-20 07:20:03:875 [OUT] 25 A5 01 07 31 03 C9 3D 0B 4D 12 (11)
                              [N7:N] LFLAG '=' 11 (11)
2026-03-20 07:20:03:898 [OUT] 25 A5 01 03 31 03 C9 3D 09 47 F8 (11)
                              [N3:X] LFLAG '=' 9 (9)
2026-03-20 07:20:04:023 [IN ] C8 24 09 0B 25 A5 09 01 31 03 C9 3A 0B 4C 20 8A (16)
                              [N9:P] LFLAG ':' 11 (11)
2026-03-20 07:20:04:044 [OUT] 25 A5 01 09 31 03 88 00 50 16 26 (11)
                              [N9:P] RUN 0 80 (80)
2026-03-20 07:20:04:127 [IN ] C8 24 07 0B 25 A5 07 01 31 03 C9 3A 0B 4A 12 8A (16)
                              [N7:N] LFLAG ':' 11 (11)
2026-03-20 07:20:04:149 [OUT] 25 A5 01 07 31 03 88 00 50 14 1A (11)
                              [N7:N] RUN 0 80 (80)
2026-03-20 07:20:04:233 [IN ] C8 24 03 0B 25 A5 03 01 31 03 C9 3A 09 44 F4 8A (16)
                              [N3:X] LFLAG ':' 9 (9)
2026-03-20 07:20:04:335 [IN ] C8 24 09 0C 25 A5 09 01 31 04 88 53 00 50 6A F2 EA (17)
                              [N9:P] RUN 'S' 0 80 (80)
2026-03-20 07:20:04:398 [IN ] C8 24 09 0B 25 A5 09 01 31 03 81 5A 4C 65 C9 F2 (16)
                              [N9:P] TPOS 'Z' 76 (76)
2026-03-20 07:20:04:421 [IN ] C8 24 09 0A 25 A5 09 01 31 02 81 49 07 50 C9 (15)
                              [N9:P] TPOS 'I'
2026-03-20 07:20:04:443 [IN ] C8 24 07 0C 25 A5 07 01 31 04 88 53 00 50 68 (15)
2026-03-20 07:20:04:464 [OUT] 25 A5 01 09 31 03 C9 3D 09 4D 1C (11)
                              [N9:P] LFLAG '=' 9 (9)
2026-03-20 07:20:04:466 [IN ] E2 EA (2)
                              [N7:N] RUN 'S' 0 80 (80)
2026-03-20 07:20:04:487 [OUT] 25 A5 01 04 31 05 81 FF EE 88 01 32 FA (13)
                              [N4:Y] TPOS 255 238 136 1 (-1144831)
2026-03-20 07:20:04:631 [IN ] C8 24 09 0B 25 A5 09 01 31 03 C9 3A 09 4A 1E E2 (16)
                              [N9:P] LFLAG ':' 9 (9)
2026-03-20 07:20:04:754 [IN ] C8 24 04 0E 25 A5 04 01 31 06 81 53 00 00 00 01 11 89 0A (19)
                              [N4:Y] TPOS 'S' 0 0 0 1 (1)
2026-03-20 07:20:08:365 [IN ] C8 24 07 0B 25 A5 07 01 31 03 81 5A 4C 63 BB 01 C8 24 07 0A 25 A5 07 01 31 02 81 49 05 44 BB (31)
                              [N7:N] TPOS 'Z' 76 (76)
                              [N7:N] TPOS 'I'
2026-03-20 07:20:08:588 [OUT] 25 A5 01 07 31 03 C9 3D 09 4B 10 (11)
                              [N7:N] LFLAG '=' 9 (9)
2026-03-20 07:20:08:752 [IN ] C8 24 07 0B 25 A5 07 01 31 03 C9 3A 09 48 10 01 (16)
                              [N7:N] LFLAG ':' 9 (9)
2026-03-20 07:20:10:356 [IN ] C8 24 0C 0B 25 A5 0C 01 31 03 81 5A 4C 68 DE 01 C8 24 0C 0A 25 A5 0C 01 31 02 81 49 0A 62 DE (31)
                              [N12:Z] TPOS 'Z' 76 (76)
                              [N12:Z] TPOS 'I'
2026-03-20 07:20:10:579 [OUT] 25 A5 01 0C 31 03 C9 3D 09 50 2E (11)
                              [N12:Z] LFLAG '=' 9 (9)
2026-03-20 07:20:10:743 [IN ] C8 24 0C 0B 25 A5 0C 01 31 03 C9 3A 09 4D 33 01 (16)
                              [N12:Z] LFLAG ':' 9 (9)
2026-03-20 07:20:11:145 [IN ] C8 24 04 0E 25 A5 04 01 31 06 81 45 FF EE 85 BE 32 D0 0A (19)
                              [N4:Y] TPOS 'E' 255 238 133 190 (-1145410)
2026-03-20 07:20:11:369 [OUT] 25 A5 01 0C 31 05 81 FF BC D0 00 4F 33 (13)
                              [N12:Z] TPOS 255 188 208 0 (-4403200)
2026-03-20 07:20:11:391 [OUT] 25 A5 01 04 31 05 81 FF FD 50 01 09 B7 (13)
                              [N4:Y] TPOS 255 253 80 1 (-176127)
2026-03-20 07:20:11:413 [OUT] 25 A5 01 09 31 05 81 FF E7 5D 56 5A 0C (13)
                              [N9:P] TPOS 255 231 93 86 (-1614506)
2026-03-20 07:20:11:437 [OUT] 25 A5 01 07 31 05 81 FF AB 19 75 F7 DF (13)
                              [N7:N] TPOS 255 171 25 117 (-5564043)
2026-03-20 07:20:11:459 [OUT] 25 A5 01 03 31 05 81 FF EC 4A AB 9B 1A (13)
                              [N3:X] TPOS 255 236 74 171 (-1291605)
2026-03-20 07:20:11:481 [OUT] 25 A5 01 06 31 02 D8 3F 51 DD (10)
                              [N6:H] INTERRUPT '?'
2026-03-20 07:20:11:783 [IN ] C8 24 0C 0E 25 A5 0C 01 31 06 81 53 FF FF FF 65 7A 34 0A C8 24 04 0E 25 A5 04 01 31 06 81 53 FF EE 85 BF 41 17 0A (38)
                              [N12:Z] TPOS 'S' 255 255 255 101 (-155)
                              [N4:Y] TPOS 'S' 255 238 133 191 (-1145409)
2026-03-20 07:20:12:084 [IN ] C8 24 09 0E 25 A5 09 01 31 06 81 53 FF FF FF FB 0D AC 0A C8 24 07 0E 25 A5 07 01 31 06 81 53 FF FF FF E6 F6 83 0A C8 24 03 0E 25 A5 03 01 31 06 81 53 FF FF FF FF 0B 74 0A (57)
                              [N9:P] TPOS 'S' 255 255 255 251 (-5)
                              [N7:N] TPOS 'S' 255 255 255 230 (-26)
                              [N3:X] TPOS 'S' 255 255 255 255 (-1)
2026-03-20 07:20:12:385 [IN ] C8 24 06 0C 25 A5 06 01 31 04 D8 3A 01 01 50 82 0B (17)
                              [N6:H] INTERRUPT ':' 1 1 (257)
2026-03-20 07:20:12:406 [OUT] 25 A5 01 06 31 03 C9 3D 0B 4C 0C (11)
                              [N6:H] LFLAG '=' 11 (11)
2026-03-20 07:20:12:570 [IN ] C8 24 06 0B 25 A5 06 01 31 03 C9 3A 0B 49 0B 82 (16)
                              [N6:H] LFLAG ':' 11 (11)
2026-03-20 07:20:12:592 [OUT] 25 A5 01 06 31 03 88 FF B0 72 72 (11)
                              [N6:H] RUN 255 176 (-80)
2026-03-20 07:20:12:758 [IN ] C8 24 06 0C 25 A5 06 01 31 04 88 53 FF B0 C6 38 0B (17)
                              [N6:H] RUN 'S' 255 176 (-80)
2026-03-20 07:20:16:567 [IN ] C8 24 06 0B 25 A5 06 01 31 03 81 5A 4C 62 B4 38 C8 24 06 0A 25 A5 06 01 31 02 81 49 04 3E B4 (31)
                              [N6:H] TPOS 'Z' 76 (76)
                              [N6:H] TPOS 'I'
2026-03-20 07:20:16:790 [OUT] 25 A5 01 06 31 03 C9 3D 09 4A 0A (11)
                              [N6:H] LFLAG '=' 9 (9)
2026-03-20 07:20:16:975 [IN ] C8 24 06 0B 25 A5 06 01 31 03 C9 3A 09 47 09 38 (16)
                              [N6:H] LFLAG ':' 9 (9)
2026-03-20 07:20:16:996 [OUT] 25 A5 01 06 31 03 84 00 50 0F 08 (11)
                              [N6:H] VEL 0 80 (80)
2026-03-20 07:20:17:160 [IN ] C8 24 06 0C 25 (5)
2026-03-20 07:20:17:184 [IN ] A5 06 01 31 04 84 53 00 50 63 CA 0B (12)
                              [N6:H] VEL 'S' 0 80 (80)
2026-03-20 07:20:17:205 [OUT] 25 A5 01 06 31 05 81 00 19 82 3C 95 BE (13)
                              [N6:H] TPOS 0 25 130 60 (1671740)
2026-03-20 07:20:17:390 [IN ] C8 24 06 0E 25 A5 06 01 31 06 81 53 00 00 00 00 12 9C 0A (19)
                              [N6:H] TPOS 'S' 0 0 0 0 (0)
2026-03-20 07:20:18:793 [IN ] C8 24 03 0E 25 A5 03 01 31 06 81 45 FF EC 47 E8 1B 6E 0A (19)
                              [N3:X] TPOS 'E' 255 236 71 232 (-1292312)
2026-03-20 07:20:19:218 [OUT] 25 A5 01 03 31 05 81 FF FD 50 01 08 AF (13)
                              [N3:X] TPOS 255 253 80 1 (-176127)
2026-03-20 07:20:19:403 [IN ] C8 24 03 0E 25 A5 03 01 31 06 81 53 FF EC 47 E8 29 B4 0A (19)
                              [N3:X] TPOS 'S' 255 236 71 232 (-1292312)
2026-03-20 07:20:19:604 [IN ] C8 24 09 0E 25 A5 09 01 31 06 81 45 FF E7 59 6F B5 46 0A (19)
                              [N9:P] TPOS 'E' 255 231 89 111 (-1615505)
2026-03-20 07:20:20:027 [OUT] 25 A5 01 09 31 05 81 FF FF D9 C8 60 BE (13)
                              [N9:P] TPOS 255 255 217 200 (-9784)
2026-03-20 07:20:20:212 [IN ] C8 24 09 0E 25 A5 09 01 31 06 81 53 FF E7 59 71 C5 8E 0A (19)
                              [N9:P] TPOS 'S' 255 231 89 113 (-1615503)
2026-03-20 07:20:23:419 [IN ] C8 24 04 0E 25 A5 04 01 31 06 81 45 FF FD 4F E7 34 BA 0A (19)
                              [N4:Y] TPOS 'E' 255 253 79 231 (-176153)
2026-03-20 07:20:25:024 [IN ] C8 24 06 0E 25 A5 06 01 31 06 81 45 00 19 86 59 FC 06 0A (19)
                              [N6:H] TPOS 'E' 0 25 134 89 (1672793)
2026-03-20 07:20:25:448 [OUT] 25 A5 01 06 31 05 81 00 0D 03 C1 8F 21 (13)
                              [N6:H] TPOS 0 13 3 193 (852929)
2026-03-20 07:20:25:653 [IN ] C8 24 06 0E 25 A5 06 01 31 06 81 53 00 19 86 59 0A 4C 0A (19)
                              [N6:H] TPOS 'S' 0 25 134 89 (1672793)
2026-03-20 07:20:27:857 [IN ] C8 24 09 0E 25 A5 09 01 31 06 81 45 FF FF DD F6 D8 1D 0A (19)
                              [N9:P] TPOS 'E' 255 255 221 246 (-8714)
2026-03-20 07:20:28:080 [OUT] 25 A5 01 08 31 02 D8 3F 53 E7 (10)
                              [N8:R] INTERRUPT '?'
2026-03-20 07:20:28:382 [IN ] C8 24 08 0C 25 A5 08 01 31 04 D8 3A 01 01 52 92 D8 (17)
                              [N8:R] INTERRUPT ':' 1 1 (257)
2026-03-20 07:20:28:403 [OUT] 25 A5 01 08 31 03 CA 3D 0B 4F 1B (11)
                              [N8:R] RFLAG '=' 11 (11)
2026-03-20 07:20:28:424 [IN ] C8 24 03 0E 25 A5 03 01 31 06 81 45 FF FD 50 C2 0F 8D 0A (19)
                              [N3:X] TPOS 'E' 255 253 80 194 (-175934)
2026-03-20 07:20:28:571 [IN ] C8 24 08 0B 25 A5 08 01 31 03 CA 3A 0B 4C 1C C2 (16)
                              [N8:R] RFLAG ':' 11 (11)
2026-03-20 07:20:28:591 [OUT] 25 A5 01 08 31 03 88 00 50 15 20 (11)
                              [N8:R] RUN 0 80 (80)
2026-03-20 07:20:28:735 [IN ] C8 24 08 0C 25 A5 08 01 31 04 88 53 00 50 69 (15)
2026-03-20 07:20:28:756 [IN ] EA 0F (2)
                              [N8:R] RUN 'S' 0 80 (80)
2026-03-20 07:20:29:358 [IN ] C8 24 06 0E 25 A5 06 01 31 06 81 45 00 0C FE 2E 3C A4 0A (19)
                              [N6:H] TPOS 'E' 0 12 254 46 (851502)
2026-03-20 07:20:29:581 [OUT] 25 A5 01 05 31 02 D8 3F 50 D8 (10)
                              [N5:V] INTERRUPT '?'
2026-03-20 07:20:29:883 [IN ] C8 24 05 0C 25 A5 05 01 31 04 D8 3A 01 01 4F 7A 3C (17)
                              [N5:V] INTERRUPT ':' 1 1 (257)
2026-03-20 07:20:29:903 [OUT] 25 A5 01 05 31 03 C9 3D 0B 4B 06 (11)
                              [N5:V] LFLAG '=' 11 (11)
2026-03-20 07:20:30:048 [IN ] C8 24 05 0B 25 A5 05 01 31 03 C9 3A 0B 48 04 7A (16)
                              [N5:V] LFLAG ':' 11 (11)
2026-03-20 07:20:30:070 [OUT] 25 A5 01 05 31 03 88 FF B0 71 6C (11)
                              [N5:V] RUN 255 176 (-80)
2026-03-20 07:20:30:235 [IN ] C8 24 05 0C 25 A5 05 01 31 04 88 53 FF B0 C5 30 3C (17)
                              [N5:V] RUN 'S' 255 176 (-80)
2026-03-20 07:20:34:043 [IN ] C8 24 0C 0E 25 A5 0C 01 31 06 81 45 FF BC CD A7 39 03 0A (19)
                              [N12:Z] TPOS 'E' 255 188 205 167 (-4403801)
2026-03-20 07:20:34:469 [OUT] 25 A5 01 0C 31 05 81 FF D1 1A 67 15 6D (13)
                              [N12:Z] TPOS 255 209 26 103 (-3073433)
2026-03-20 07:20:34:654 [IN ] C8 24 0C 0E 25 A5 0C 01 31 06 81 53 FF BC CD B5 55 57 0A (19)
                              [N12:Z] TPOS 'S' 255 188 205 181 (-4403787)
2026-03-20 07:20:35:258 [IN ] C8 24 05 0B 25 A5 05 01 31 03 81 5A 4C 61 AD B5 C8 24 05 0A 25 A5 05 01 31 02 81 49 03 38 AD (31)
                              [N5:V] TPOS 'Z' 76 (76)
                              [N5:V] TPOS 'I'
2026-03-20 07:20:35:480 [OUT] 25 A5 01 05 31 03 C9 3D 09 49 04 (11)
                              [N5:V] LFLAG '=' 9 (9)
2026-03-20 07:20:35:645 [IN ] C8 24 05 0B 25 A5 05 01 31 03 C9 3A 09 46 02 B5 (16)
                              [N5:V] LFLAG ':' 9 (9)
2026-03-20 07:20:35:667 [OUT] 25 A5 01 05 31 03 84 00 50 0E 02 (11)
                              [N5:V] VEL 0 80 (80)
2026-03-20 07:20:35:691 [IN ] C8 24 08 0B 25 A5 08 01 31 03 81 5A 52 6A C8 B5 (16)
                              [N8:R] TPOS 'Z' 82 (82)
2026-03-20 07:20:35:734 [IN ] C8 24 08 0A 25 A5 08 01 31 02 81 49 06 4A C8 (15)
                              [N8:R] TPOS 'I'
2026-03-20 07:20:35:777 [OUT] 25 A5 01 08 31 03 CA 3D 09 4D 19 (11)
                              [N8:R] RFLAG '=' 9 (9)
2026-03-20 07:20:35:820 [IN ] C8 24 05 0C 25 A5 05 01 31 04 84 53 00 50 62 C2 55 (17)
                              [N5:V] VEL 'S' 0 80 (80)
2026-03-20 07:20:35:844 [OUT] 25 A5 01 05 31 05 81 00 19 82 3C 94 B6 (13)
                              [N5:V] TPOS 0 25 130 60 (1671740)
2026-03-20 07:20:35:947 [IN ] C8 24 08 0B 25 A5 08 01 31 03 CA 3A 09 4A 1A C2 (16)
                              [N8:R] RFLAG ':' 9 (9)
2026-03-20 07:20:35:969 [OUT] 25 A5 01 08 31 05 81 FF DC 77 1D 2F DE (13)
                              [N8:R] TPOS 255 220 119 29 (-2328803)
2026-03-20 07:20:36:072 [IN ] C8 24 05 0E 25 A5 05 01 31 06 81 53 00 00 00 00 11 92 0A (19)
                              [N5:V] TPOS 'S' 0 0 0 0 (0)
2026-03-20 07:20:36:216 [IN ] C8 24 08 0E 25 A5 08 01 31 06 81 53 FF FF FF BA CB 61 0A (19)
                              [N8:R] TPOS 'S' 255 255 255 186 (-70)
2026-03-20 07:20:36:819 [IN ] C8 24 07 0E 25 A5 07 01 31 06 81 45 FF AB 14 AB 6E 30 0A (19)
                              [N7:N] TPOS 'E' 255 171 20 171 (-5565269)
2026-03-20 07:20:37:243 [OUT] 25 A5 01 07 31 05 81 FF F3 35 BF A5 39 (13)
                              [N7:N] TPOS 255 243 53 191 (-838209)
2026-03-20 07:20:37:428 [IN ] C8 24 07 0E 25 A5 07 01 31 06 81 53 FF AB 14 AC 7D 77 0A (19)
                              [N7:N] TPOS 'S' 255 171 20 172 (-5565268)
2026-03-20 07:20:41:439 [IN ] C8 24 0C 0E 25 A5 0C 01 31 06 81 45 FF D1 1D 4C 43 87 0A (19)
                              [N12:Z] TPOS 'E' 255 209 29 76 (-3072692)
2026-03-20 07:20:44:046 [IN ] C8 24 05 0E 25 A5 05 01 31 06 81 45 00 19 85 9D 3E 3E 0A (19)
                              [N5:V] TPOS 'E' 0 25 133 157 (1672605)
2026-03-20 07:20:44:472 [OUT] 25 A5 01 05 31 05 81 00 0D 03 C1 8E 19 (13)
                              [N5:V] TPOS 0 13 3 193 (852929)
2026-03-20 07:20:44:656 [IN ] C8 24 05 0E 25 A5 05 01 31 06 81 53 00 19 85 9D 4C 84 0A (19)
                              [N5:V] TPOS 'S' 0 25 133 157 (1672605)
2026-03-20 07:20:48:867 [IN ] C8 24 08 0E 25 A5 08 01 31 06 81 45 FF DC 74 8A DF 6C 0A (19)
                              [N8:R] TPOS 'E' 255 220 116 138 (-2329462)
2026-03-20 07:20:49:291 [OUT] 25 A5 01 08 31 05 81 FF EE 15 56 18 89 (13)
                              [N8:R] TPOS 255 238 21 86 (-1174186)
2026-03-20 07:20:49:475 [IN ] C8 24 08 0E 25 A5 08 01 31 06 81 53 FF DC 74 91 F4 B9 0A (19)
                              [N8:R] TPOS 'S' 255 220 116 145 (-2329455)
2026-03-20 07:20:49:678 [IN ] C8 24 05 0E 25 A5 05 01 31 06 81 45 00 0D 01 63 74 D8 0A (19)
                              [N5:V] TPOS 'E' 0 13 1 99 (852323)
2026-03-20 07:20:49:903 [OUT] 25 A5 01 03 31 05 81 FF ED B1 30 88 70 (13)
                              [N3:X] TPOS 255 237 177 48 (-1199824)
2026-03-20 07:20:49:925 [OUT] 25 A5 01 04 31 05 81 FF F3 BD 0C 77 7E (13)
                              [N4:Y] TPOS 255 243 189 12 (-803572)
2026-03-20 07:20:50:090 [IN ] C8 24 03 0E 25 A5 03 01 31 06 81 53 FF FD 50 C2 1D D3 0A (19)
                              [N3:X] TPOS 'S' 255 253 80 194 (-175934)
2026-03-20 07:20:50:233 [IN ] C8 24 04 0E 25 A5 04 01 31 06 81 53 FF FD 4F E7 42 00 0A (19)
                              [N4:Y] TPOS 'S' 255 253 79 231 (-176153)
2026-03-20 07:20:53:843 [IN ] C8 24 04 0E 25 A5 04 01 31 06 81 45 FF F3 BA 90 3E 1B 0A (19)
                              [N4:Y] TPOS 'E' 255 243 186 144 (-804208)
2026-03-20 07:20:55:449 [IN ] C8 24 03 0E 25 A5 03 01 31 06 81 45 FF ED AE 56 F1 AD 0A (19)
                              [N3:X] TPOS 'E' 255 237 174 86 (-1200554)
2026-03-20 07:20:56:252 [IN ] C8 24 08 0E 25 A5 08 01 31 06 81 45 FF EE 17 59 63 B7 0A (19)
                              [N8:R] TPOS 'E' 255 238 23 89 (-1173671)
2026-03-20 07:20:58:660 [IN ] C8 24 07 0E 25 A5 07 01 31 06 81 45 FF F3 3A BF F0 68 0A (19)
                              [N7:N] TPOS 'E' 255 243 58 191 (-836929)
