2026-03-20 07:41:23:152 [OUT] 25 A5 01 0A 31 05 D6 3D FF 00 00 53 ED (13)
                              [N10:HMI] HMILED '=' 255 0 0 (16711680)
2026-03-20 07:41:23:174 [OUT] 25 A5 01 03 31 02 D8 3F 4E CE (10)
                              [N3:X] INTERRUPT '?'
2026-03-20 07:41:23:476 [IN ] C8 24 0A 0D 25 A5 0A 01 31 05 D6 3A FF 00 00 50 EA 3B C8 24 03 0C 25 A5 03 01 31 04 D8 3A 01 01 4D 6A EA (35)
                              [N10:HMI] HMILED ':' 255 0 0 (16711680)
                              [N3:X] INTERRUPT ':' 1 1 (257)
2026-03-20 07:41:23:497 [OUT] 25 A5 01 09 31 03 C9 3D 09 4D 1C (11)
                              [N9:P] LFLAG '=' 9 (9)
2026-03-20 07:41:23:520 [OUT] 25 A5 01 04 31 02 D8 3F 4F D3 (10)
                              [N4:Y] INTERRUPT '?'
2026-03-20 07:41:23:821 [IN ] C8 24 09 0B 25 A5 09 01 31 03 C9 3A 09 4A 1E 6A C8 24 04 0C 25 A5 04 01 31 04 D8 3A 01 01 4E 72 EA (33)
                              [N9:P] LFLAG ':' 9 (9)
                              [N4:Y] INTERRUPT ':' 1 1 (257)
2026-03-20 07:41:23:843 [OUT] 25 A5 01 09 31 03 CA 3D 09 4E 1F (11)
                              [N9:P] RFLAG '=' 9 (9)
2026-03-20 07:41:23:865 [OUT] 25 A5 01 0C 31 02 D8 3F 57 FB (10)
                              [N12:Z] INTERRUPT '?'
2026-03-20 07:41:24:166 [IN ] C8 24 09 0B 25 A5 09 01 31 03 CA 3A 09 4B 21 72 C8 24 0C 0C 25 A5 0C 01 31 04 D8 3A 01 01 56 B2 EA (33)
                              [N9:P] RFLAG ':' 9 (9)
                              [N12:Z] INTERRUPT ':' 1 1 (257)
2026-03-20 07:41:24:187 [OUT] 25 A5 01 08 31 03 C9 3D 09 4C 16 (11)
                              [N8:R] LFLAG '=' 9 (9)
2026-03-20 07:41:24:209 [OUT] 25 A5 01 03 31 03 C9 3D 0B 49 FA (11)
                              [N3:X] LFLAG '=' 11 (11)
2026-03-20 07:41:24:230 [OUT] 25 A5 01 04 31 03 C9 3D 0B 4A 00 (11)
                              [N4:Y] LFLAG '=' 11 (11)
2026-03-20 07:41:24:251 [OUT] 25 A5 01 0C 31 03 C9 3D 0B 52 30 (11)
                              [N12:Z] LFLAG '=' 11 (11)
2026-03-20 07:41:24:354 [IN ] C8 24 08 0B 25 A5 08 01 31 03 C9 3A 09 49 17 B2 (16)
                              [N8:R] LFLAG ':' 9 (9)
2026-03-20 07:41:24:375 [OUT] 25 A5 01 08 31 03 CA 3D 09 4D 19 (11)
                              [N8:R] RFLAG '=' 9 (9)
2026-03-20 07:41:24:479 [IN ] C8 24 03 0B 25 A5 03 01 31 03 C9 3A 0B 46 F6 B2 (16)
                              [N3:X] LFLAG ':' 11 (11)
2026-03-20 07:41:24:501 [OUT] 25 A5 01 03 31 03 88 00 50 10 02 (11)
                              [N3:X] RUN 0 80 (80)
2026-03-20 07:41:24:564 [IN ] C8 24 04 0B 25 A5 04 01 31 03 C9 3A 0B 47 FD B2 (16)
                              [N4:Y] LFLAG ':' 11 (11)
2026-03-20 07:41:24:586 [OUT] 25 A5 01 04 31 03 88 00 50 11 08 (11)
                              [N4:Y] RUN 0 80 (80)
2026-03-20 07:41:24:688 [IN ] C8 24 0C 0B 25 A5 0C 01 31 03 C9 3A 0B 4F 35 B2 (16)
                              [N12:Z] LFLAG ':' 11 (11)
2026-03-20 07:41:24:709 [OUT] 25 A5 01 0C 31 03 88 00 50 19 38 (11)
                              [N12:Z] RUN 0 80 (80)
2026-03-20 07:41:24:791 [IN ] C8 24 08 0B 25 A5 08 01 31 03 CA 3A 09 4A 1A B2 (16)
                              [N8:R] RFLAG ':' 9 (9)
2026-03-20 07:41:24:915 [IN ] C8 24 03 0C 25 A5 03 01 31 04 88 53 00 50 64 C2 EA (17)
                              [N3:X] RUN 'S' 0 80 (80)
2026-03-20 07:41:25:018 [IN ] C8 24 04 0C 25 A5 04 01 31 04 88 53 00 50 65 CA EA (17)
                              [N4:Y] RUN 'S' 0 80 (80)
2026-03-20 07:41:25:141 [IN ] C8 24 0C 0C 25 A5 0C 01 31 04 88 53 00 50 6D 0A EA (17)
                              [N12:Z] RUN 'S' 0 80 (80)
2026-03-20 07:41:32:157 [IN ] C8 24 04 0B 25 A5 04 01 31 03 81 5A 4C 60 A6 0A C8 24 04 0A 25 A5 04 01 31 02 81 49 02 32 A6 (31)
                              [N4:Y] TPOS 'Z' 76 (76)
                              [N4:Y] TPOS 'I'
2026-03-20 07:41:32:380 [OUT] 25 A5 01 09 31 02 D8 3F 54 EC (10)
                              [N9:P] INTERRUPT '?'
2026-03-20 07:41:32:681 [IN ] C8 24 09 0C 25 A5 09 01 31 04 D8 3A 01 01 53 9A EA (17)
                              [N9:P] INTERRUPT ':' 1 1 (257)
2026-03-20 07:41:32:702 [OUT] 25 A5 01 04 31 03 C9 3D 09 48 FE (11)
                              [N4:Y] LFLAG '=' 9 (9)
2026-03-20 07:41:32:725 [OUT] 25 A5 01 07 31 02 D8 3F 52 E2 (10)
                              [N7:N] INTERRUPT '?'
2026-03-20 07:41:33:027 [IN ] C8 24 04 0B 25 A5 04 01 31 03 C9 3A 09 45 FB 9A C8 24 07 0C 25 A5 07 01 31 04 D8 3A 01 01 51 8A EA (33)
                              [N4:Y] LFLAG ':' 9 (9)
                              [N7:N] INTERRUPT ':' 1 1 (257)
2026-03-20 07:41:33:048 [OUT] 25 A5 01 09 31 03 C9 3D 0B 4F 1E (11)
                              [N9:P] LFLAG '=' 11 (11)
2026-03-20 07:41:33:069 [OUT] 25 A5 01 07 31 03 C9 3D 0B 4D 12 (11)
                              [N7:N] LFLAG '=' 11 (11)
2026-03-20 07:41:33:215 [IN ] C8 24 09 0B 25 A5 09 01 31 03 C9 3A 0B 4C 20 8A (16)
                              [N9:P] LFLAG ':' 11 (11)
2026-03-20 07:41:33:238 [OUT] 25 A5 01 09 31 03 88 00 50 16 26 (11)
                              [N9:P] RUN 0 80 (80)
2026-03-20 07:41:33:322 [IN ] C8 24 07 0B 25 A5 07 01 31 03 C9 3A 0B 4A 12 8A (16)
                              [N7:N] LFLAG ':' 11 (11)
2026-03-20 07:41:33:345 [OUT] 25 A5 01 07 31 03 88 00 50 14 1A (11)
                              [N7:N] RUN 0 80 (80)
2026-03-20 07:41:33:427 [IN ] C8 24 09 0C 25 A5 09 01 31 04 88 53 00 50 6A F2 EA (17)
                              [N9:P] RUN 'S' 0 80 (80)
2026-03-20 07:41:33:470 [IN ] C8 24 09 0B 25 A5 09 01 31 03 81 5A 4C 65 C9 F2 (16)
                              [N9:P] TPOS 'Z' 76 (76)
2026-03-20 07:41:33:513 [IN ] C8 24 09 0A 25 A5 09 01 31 02 81 49 07 50 C9 (15)
                              [N9:P] TPOS 'I'
2026-03-20 07:41:33:535 [IN ] C8 24 07 0C 25 A5 07 01 31 04 88 53 00 50 68 E2 EA (17)
                              [N7:N] RUN 'S' 0 80 (80)
2026-03-20 07:41:33:556 [OUT] 25 A5 01 09 31 03 C9 3D 09 4D 1C (11)
                              [N9:P] LFLAG '=' 9 (9)
2026-03-20 07:41:33:577 [OUT] 25 A5 01 04 31 05 81 FF EE 88 01 32 FA (13)
                              [N4:Y] TPOS 255 238 136 1 (-1144831)
2026-03-20 07:41:33:722 [IN ] C8 24 09 0B 25 A5 09 01 31 03 C9 3A 09 4A 1E E2 (16)
                              [N9:P] LFLAG ':' 9 (9)
2026-03-20 07:41:33:846 [IN ] C8 24 04 0E 25 A5 04 01 31 06 81 53 00 00 00 00 10 88 0A (19)
                              [N4:Y] TPOS 'S' 0 0 0 0 (0)
2026-03-20 07:41:34:049 [IN ] C8 24 03 0B 25 A5 03 01 31 03 81 5A 4C 5F 9F 00 C8 24 03 0A 25 A5 03 01 31 02 81 49 01 2C 9F (31)
                              [N3:X] TPOS 'Z' 76 (76)
                              [N3:X] TPOS 'I'
2026-03-20 07:41:34:271 [OUT] 25 A5 01 03 31 03 C9 3D 09 47 F8 (11)
                              [N3:X] LFLAG '=' 9 (9)
2026-03-20 07:41:34:435 [IN ] C8 24 03 0B 25 A5 03 01 31 03 C9 3A 09 44 F4 00 (16)
                              [N3:X] LFLAG ':' 9 (9)
2026-03-20 07:41:37:444 [IN ] C8 24 07 0B 25 A5 07 01 31 03 81 5A 4C 63 BB 00 C8 24 07 0A 25 A5 07 01 31 02 81 49 05 44 BB (31)
                              [N7:N] TPOS 'Z' 76 (76)
                              [N7:N] TPOS 'I'
2026-03-20 07:41:37:667 [OUT] 25 A5 01 07 31 03 C9 3D 09 4B 10 (11)
                              [N7:N] LFLAG '=' 9 (9)
2026-03-20 07:41:37:811 [IN ] C8 24 07 0B 25 A5 07 01 31 03 C9 3A 09 48 10 (15)
                              [N7:N] LFLAG ':' 9 (9)
2026-03-20 07:41:38:012 [IN ] 00 (1)
2026-03-20 07:41:40:017 [IN ] C8 24 04 0E 25 A5 04 01 31 06 81 45 FF EE 85 78 EC 8A 0A (19)
                              [N4:Y] TPOS 'E' 255 238 133 120 (-1145480)
2026-03-20 07:41:40:241 [OUT] 25 A5 01 09 31 05 81 FF E7 5D 56 5A 0C (13)
                              [N9:P] TPOS 255 231 93 86 (-1614506)
2026-03-20 07:41:40:264 [OUT] 25 A5 01 04 31 05 81 FF FD 50 01 09 B7 (13)
                              [N4:Y] TPOS 255 253 80 1 (-176127)
2026-03-20 07:41:40:287 [OUT] 25 A5 01 07 31 05 81 FF AB 19 75 F7 DF (13)
                              [N7:N] TPOS 255 171 25 117 (-5564043)
2026-03-20 07:41:40:309 [OUT] 25 A5 01 03 31 05 81 FF EC 4A AB 9B 1A (13)
                              [N3:X] TPOS 255 236 74 171 (-1291605)
2026-03-20 07:41:40:331 [OUT] 25 A5 01 06 31 02 D8 3F 51 DD (10)
                              [N6:H] INTERRUPT '?'
2026-03-20 07:41:40:633 [IN ] C8 24 09 0E 25 A5 09 01 31 06 81 53 FF FF FF FB 0D AC 0A C8 24 04 0E 25 A5 04 01 31 06 81 53 FF EE 85 78 FA D0 0A (38)
                              [N9:P] TPOS 'S' 255 255 255 251 (-5)
                              [N4:Y] TPOS 'S' 255 238 133 120 (-1145480)
2026-03-20 07:41:40:936 [IN ] C8 24 07 0E 25 A5 07 01 31 06 81 53 FF FF FF E9 F9 86 0A C8 24 0C 0B 25 A5 0C 01 31 03 81 5A 4C 68 DE E9 C8 24 0C 0A 25 A5 0C 01 31 02 81 49 0A 62 DE C8 24 03 0E 25 A5 03 01 31 06 81 53 00 00 
00 00 0F 7E 0A C8 24 06 0C 25 A5 06 01 31 04 D8 3A 01 01 50 82 0F (86)
                              [N7:N] TPOS 'S' 255 255 255 233 (-23)
                              [N12:Z] TPOS 'Z' 76 (76)
                              [N12:Z] TPOS 'I'
                              [N3:X] TPOS 'S' 0 0 0 0 (0)
                              [N6:H] INTERRUPT ':' 1 1 (257)
2026-03-20 07:41:40:956 [OUT] 25 A5 01 06 31 03 C9 3D 0B 4C 0C (11)
                              [N6:H] LFLAG '=' 11 (11)
2026-03-20 07:41:40:979 [OUT] 25 A5 01 0C 31 03 C9 3D 09 50 2E (11)
                              [N12:Z] LFLAG '=' 9 (9)
2026-03-20 07:41:41:124 [IN ] C8 24 06 0B 25 A5 06 01 31 03 C9 3A 0B 49 0B 82 (16)
                              [N6:H] LFLAG ':' 11 (11)
2026-03-20 07:41:41:146 [OUT] 25 A5 01 06 31 03 88 FF B0 72 72 (11)
                              [N6:H] RUN 255 176 (-80)
2026-03-20 07:41:41:249 [IN ] C8 24 0C 0B 25 A5 0C 01 31 03 C9 3A 09 4D 33 82 (16)
                              [N12:Z] LFLAG ':' 9 (9)
2026-03-20 07:41:41:272 [OUT] 25 A5 01 0C 31 05 81 FF BC D0 00 4F 33 (13)
                              [N12:Z] TPOS 255 188 208 0 (-4403200)
2026-03-20 07:41:41:357 [IN ] C8 24 06 0C 25 A5 06 01 31 04 88 53 FF B0 C6 38 0F (17)
                              [N6:H] RUN 'S' 255 176 (-80)
2026-03-20 07:41:41:459 [IN ] C8 24 0C 0E 25 A5 (6)
2026-03-20 07:41:41:481 [IN ] 0C 01 31 06 81 53 FF FF FF 7E 93 4D 0A (13)
                              [N12:Z] TPOS 'S' 255 255 255 126 (-130)
2026-03-20 07:41:45:291 [IN ] C8 24 06 0B 25 A5 06 01 31 03 81 5A 4C 62 B4 7E C8 24 06 0A 25 A5 06 01 31 02 81 49 04 3E B4 (31)
                              [N6:H] TPOS 'Z' 76 (76)
                              [N6:H] TPOS 'I'
2026-03-20 07:41:45:514 [OUT] 25 A5 01 06 31 03 C9 3D 09 4A 0A (11)
                              [N6:H] LFLAG '=' 9 (9)
2026-03-20 07:41:45:679 [IN ] C8 24 06 0B 25 A5 06 01 31 03 C9 3A 09 47 09 7E (16)
                              [N6:H] LFLAG ':' 9 (9)
2026-03-20 07:41:45:700 [OUT] 25 A5 01 06 31 03 84 00 50 0F 08 (11)
                              [N6:H] VEL 0 80 (80)
2026-03-20 07:41:45:884 [IN ] C8 24 06 0C 25 A5 06 01 31 04 84 53 00 50 63 CA 93 (17)
                              [N6:H] VEL 'S' 0 80 (80)
2026-03-20 07:41:45:906 [OUT] 25 A5 01 06 31 05 81 00 19 82 3C 95 BE (13)
                              [N6:H] TPOS 0 25 130 60 (1671740)
2026-03-20 07:41:46:090 [IN ] C8 24 06 0E 25 A5 06 01 31 06 81 53 00 00 00 00 12 9C 0A (19)
                              [N6:H] TPOS 'S' 0 0 0 0 (0)
2026-03-20 07:41:47:293 [IN ] C8 24 03 0E 25 A5 03 01 31 06 81 45 FF EC 47 BF F2 45 0A (19)
                              [N3:X] TPOS 'E' 255 236 71 191 (-1292353)
2026-03-20 07:41:47:718 [OUT] 25 A5 01 03 31 05 81 FF FD 50 01 08 AF (13)
                              [N3:X] TPOS 255 253 80 1 (-176127)
2026-03-20 07:41:47:904 [IN ] C8 24 03 0E 25 A5 03 01 31 06 81 53 FF EC 47 BF 00 8B 0A (19)
                              [N3:X] TPOS 'S' 255 236 71 191 (-1292353)
2026-03-20 07:41:48:305 [IN ] C8 24 09 0E 25 A5 09 01 31 06 81 45 FF E7 59 6C B2 43 0A (19)
                              [N9:P] TPOS 'E' 255 231 89 108 (-1615508)
2026-03-20 07:41:48:729 [OUT] 25 A5 01 09 31 05 81 FF FF D9 C8 60 BE (13)
                              [N9:P] TPOS 255 255 217 200 (-9784)
2026-03-20 07:41:48:914 [IN ] C8 24 09 0E 25 A5 09 01 31 06 81 53 FF E7 59 6E C2 8B 0A (19)
                              [N9:P] TPOS 'S' 255 231 89 110 (-1615506)
2026-03-20 07:41:50:118 [IN ] C8 24 04 0E 25 A5 04 01 31 06 81 45 FF FD 50 2F 7D 04 0A (19)
                              [N4:Y] TPOS 'E' 255 253 80 47 (-176081)
2026-03-20 07:41:53:727 [IN ] C8 24 06 0E 25 A5 06 01 31 06 81 45 00 19 86 71 14 1E 0A (19)
                              [N6:H] TPOS 'E' 0 25 134 113 (1672817)
2026-03-20 07:41:54:151 [OUT] 25 A5 01 06 31 05 81 00 0D 03 C1 8F 21 (13)
                              [N6:H] TPOS 0 13 3 193 (852929)
2026-03-20 07:41:54:336 [IN ] C8 24 06 0E 25 A5 06 01 31 06 81 53 00 19 86 71 22 64 0A (19)
                              [N6:H] TPOS 'S' 0 25 134 113 (1672817)
2026-03-20 07:41:56:541 [IN ] C8 24 09 0E 25 A5 09 01 31 06 81 45 FF FF DD F6 D8 1D 0A (19)
                              [N9:P] TPOS 'E' 255 255 221 246 (-8714)
2026-03-20 07:41:56:764 [OUT] 25 A5 01 08 31 02 D8 3F 53 E7 (10)
                              [N8:R] INTERRUPT '?'
2026-03-20 07:41:56:766 [IN ] C8 24 03 0E 25 A5 03 01 31 06 81 45 FF FD 50 DB 28 A6 0A (19)
                              [N3:X] TPOS 'E' 255 253 80 219 (-175909)
2026-03-20 07:41:57:066 [IN ] C8 24 08 0C 25 A5 08 01 31 04 D8 3A 01 01 52 92 28 (17)
                              [N8:R] INTERRUPT ':' 1 1 (257)
2026-03-20 07:41:57:088 [OUT] 25 A5 01 08 31 03 CA 3D 0B 4F 1B (11)
                              [N8:R] RFLAG '=' 11 (11)
2026-03-20 07:41:57:254 [IN ] C8 24 08 0B 25 A5 08 01 31 03 CA 3A 0B 4C 1C 92 (16)
                              [N8:R] RFLAG ':' 11 (11)
2026-03-20 07:41:57:275 [OUT] 25 A5 01 08 31 03 88 00 50 15 20 (11)
                              [N8:R] RUN 0 80 (80)
2026-03-20 07:41:57:440 [IN ] C8 24 08 0C 25 A5 08 01 31 04 88 53 00 50 69 EA 28 (17)
                              [N8:R] RUN 'S' 0 80 (80)
2026-03-20 07:41:58:042 [IN ] C8 24 06 0E 25 A5 06 01 31 06 81 45 00 0C FE 4B 59 C1 0A (19)
                              [N6:H] TPOS 'E' 0 12 254 75 (851531)
2026-03-20 07:41:58:265 [OUT] 25 A5 01 05 31 02 D8 3F 50 D8 (10)
                              [N5:V] INTERRUPT '?'
2026-03-20 07:41:58:567 [IN ] C8 24 05 0C 25 A5 05 01 31 04 D8 3A 01 01 4F 7A 59 (17)
                              [N5:V] INTERRUPT ':' 1 1 (257)
2026-03-20 07:41:58:588 [OUT] 25 A5 01 05 31 03 C9 3D 0B 4B 06 (11)
                              [N5:V] LFLAG '=' 11 (11)
2026-03-20 07:41:58:754 [IN ] C8 24 05 0B 25 A5 05 01 31 03 C9 3A 0B 48 04 7A (16)
                              [N5:V] LFLAG ':' 11 (11)
2026-03-20 07:41:58:776 [OUT] 25 A5 01 05 31 03 88 FF B0 71 6C (11)
                              [N5:V] RUN 255 176 (-80)
2026-03-20 07:41:58:941 [IN ] C8 24 05 0C 25 A5 05 01 31 04 88 53 FF B0 C5 30 59 (17)
                              [N5:V] RUN 'S' 255 176 (-80)
2026-03-20 07:42:03:954 [IN ] C8 24 0C 0E 25 A5 0C 01 31 06 81 45 FF BC CD 77 09 D3 0A C8 24 05 0B 25 A5 05 01 31 03 81 5A 4C 61 AD 77 C8 24 05 0A 25 A5 05 01 31 02 81 49 03 38 AD (50)
                              [N12:Z] TPOS 'E' 255 188 205 119 (-4403849)
                              [N5:V] TPOS 'Z' 76 (76)
                              [N5:V] TPOS 'I'
2026-03-20 07:42:04:179 [OUT] 25 A5 01 05 31 03 C9 3D 09 49 04 (11)
                              [N5:V] LFLAG '=' 9 (9)
2026-03-20 07:42:04:200 [OUT] 25 A5 01 0C 31 05 81 FF D1 1A 67 15 6D (13)
                              [N12:Z] TPOS 255 209 26 103 (-3073433)
2026-03-20 07:42:04:326 [IN ] C8 24 08 0B 25 A5 08 01 31 03 81 5A 52 6A C8 77 C8 24 05 0B 25 A5 05 01 31 03 C9 3A 09 46 02 77 (32)
                              [N8:R] TPOS 'Z' 82 (82)
                              [N5:V] LFLAG ':' 9 (9)
2026-03-20 07:42:04:347 [OUT] 25 A5 01 05 31 03 84 00 50 0E 02 (11)
                              [N5:V] VEL 0 80 (80)
2026-03-20 07:42:04:369 [IN ] C8 24 08 0A 25 A5 08 01 31 02 81 49 06 4A 02 (15)
                              [N8:R] TPOS 'I'
2026-03-20 07:42:04:411 [OUT] 25 A5 01 08 31 03 CA 3D 09 4D 19 (11)
                              [N8:R] RFLAG '=' 9 (9)
2026-03-20 07:42:04:475 [IN ] C8 24 0C 0E 25 A5 0C 01 31 06 81 53 FF BC CD 81 21 23 0A (19)
                              [N12:Z] TPOS 'S' 255 188 205 129 (-4403839)
2026-03-20 07:42:04:578 [IN ] C8 24 05 0C 25 A5 05 01 31 04 84 53 00 50 62 C2 21 (17)
                              [N5:V] VEL 'S' 0 80 (80)
2026-03-20 07:42:04:599 [OUT] 25 A5 01 05 31 05 81 00 19 82 3C 94 B6 (13)
                              [N5:V] TPOS 0 25 130 60 (1671740)
2026-03-20 07:42:04:702 [IN ] C8 24 08 0B 25 A5 08 01 31 03 CA 3A 09 4A 1A C2 (16)
                              [N8:R] RFLAG ':' 9 (9)
2026-03-20 07:42:04:723 [OUT] 25 A5 01 08 31 05 81 FF DC 77 1D 2F DE (13)
                              [N8:R] TPOS 255 220 119 29 (-2328803)
2026-03-20 07:42:04:826 [IN ] C8 24 05 0E 25 A5 05 01 31 06 81 53 00 00 00 00 11 92 0A (19)
                              [N5:V] TPOS 'S' 0 0 0 0 (0)
2026-03-20 07:42:04:950 [IN ] C8 24 08 0E 25 A5 08 01 31 06 81 53 FF FF FF C5 D6 6C 0A (19)
                              [N8:R] TPOS 'S' 255 255 255 197 (-59)
2026-03-20 07:42:05:754 [IN ] C8 24 07 0E 25 A5 07 01 31 06 81 45 FF AB 14 A0 63 25 0A (19)
                              [N7:N] TPOS 'E' 255 171 20 160 (-5565280)
2026-03-20 07:42:06:178 [OUT] 25 A5 01 07 31 05 81 FF F3 35 BF A5 39 (13)
                              [N7:N] TPOS 255 243 53 191 (-838209)
2026-03-20 07:42:06:362 [IN ] C8 24 07 0E 25 A5 07 01 31 06 81 53 FF AB 14 A0 71 6B 0A (19)
                              [N7:N] TPOS 'S' 255 171 20 160 (-5565280)
2026-03-20 07:42:11:373 [IN ] C8 24 0C 0E 25 A5 0C 01 31 06 81 45 FF D1 1D 7C 73 B7 0A (19)
                              [N12:Z] TPOS 'E' 255 209 29 124 (-3072644)
2026-03-20 07:42:12:779 [IN ] C8 24 05 0E 25 A5 05 01 31 06 81 45 00 19 85 B9 5A 5A 0A (19)
                              [N5:V] TPOS 'E' 0 25 133 185 (1672633)
2026-03-20 07:42:13:204 [OUT] 25 A5 01 05 31 05 81 00 0D 03 C1 8E 19 (13)
                              [N5:V] TPOS 0 13 3 193 (852929)
2026-03-20 07:42:13:388 [IN ] C8 24 05 0E 25 A5 05 01 31 06 81 53 00 19 85 B9 68 A0 0A (19)
                              [N5:V] TPOS 'S' 0 25 133 185 (1672633)
2026-03-20 07:42:17:596 [IN ] C8 24 08 0E 25 A5 08 01 31 06 81 45 FF DC 74 67 BC 49 0A (19)
                              [N8:R] TPOS 'E' 255 220 116 103 (-2329497)
2026-03-20 07:42:18:022 [OUT] 25 A5 01 08 31 05 81 FF EE 15 56 18 89 (13)
                              [N8:R] TPOS 255 238 21 86 (-1174186)
2026-03-20 07:42:18:206 [IN ] C8 24 05 0E 25 A5 05 01 31 06 81 45 00 0D 01 75 86 EA 0A C8 24 08 0E 25 A5 08 01 31 06 81 53 FF DC 74 6F D2 97 0A (38)
                              [N5:V] TPOS 'E' 0 13 1 117 (852341)
                              [N8:R] TPOS 'S' 255 220 116 111 (-2329489)
2026-03-20 07:42:18:430 [OUT] 25 A5 01 03 31 05 81 FF ED B1 30 88 70 (13)
                              [N3:X] TPOS 255 237 177 48 (-1199824)
2026-03-20 07:42:18:452 [OUT] 25 A5 01 04 31 05 81 FF F3 BD 0C 77 7E (13)
                              [N4:Y] TPOS 255 243 189 12 (-803572)
2026-03-20 07:42:18:617 [IN ] C8 24 03 0E 25 A5 03 01 31 06 81 53 FF FD 50 DB 36 EC 0A (19)
                              [N3:X] TPOS 'S' 255 253 80 219 (-175909)
2026-03-20 07:42:18:760 [IN ] C8 24 04 0E 25 A5 04 01 31 06 81 53 FF FD 50 2F 8B 4A 0A (19)
                              [N4:Y] TPOS 'S' 255 253 80 47 (-176081)
2026-03-20 07:42:22:167 [IN ] C8 24 04 0E 25 A5 04 01 31 06 81 45 FF F3 BA 51 FF DC 0A (19)
                              [N4:Y] TPOS 'E' 255 243 186 81 (-804271)
2026-03-20 07:42:23:772 [IN ] C8 24 03 0E 25 A5 03 01 31 06 81 45 FF ED AE 2F CA 86 0A (19)
                              [N3:X] TPOS 'E' 255 237 174 47 (-1200593)
2026-03-20 07:42:24:777 [IN ] C8 24 08 0E 25 A5 08 01 31 06 81 45 FF EE 17 5A 64 B8 0A (19)
                              [N8:R] TPOS 'E' 255 238 23 90 (-1173670)
2026-03-20 07:42:27:586 [IN ] C8 24 07 0E 25 A5 07 01 31 06 81 45 FF F3 3A 97 C8 40 0A (19)
                              [N7:N] TPOS 'E' 255 243 58 151 (-836969)
