2026-03-20 07:33:49:526 [OUT] 25 A5 01 0A 31 05 D6 3D FF 00 00 53 ED (13)
                              [N10:HMI] HMILED '=' 255 0 0 (16711680)
2026-03-20 07:33:49:548 [OUT] 25 A5 01 03 31 02 D8 3F 4E CE (10)
                              [N3:X] INTERRUPT '?'
2026-03-20 07:33:49:849 [IN ] C8 24 0A 0D 25 A5 0A 01 31 05 D6 3A FF 00 00 50 EA 5A C8 24 03 0C 25 A5 03 01 31 04 D8 3A 01 01 4D 6A EA (35)
                              [N10:HMI] HMILED ':' 255 0 0 (16711680)
                              [N3:X] INTERRUPT ':' 1 1 (257)
2026-03-20 07:33:49:871 [OUT] 25 A5 01 09 31 03 C9 3D 09 4D 1C (11)
                              [N9:P] LFLAG '=' 9 (9)
2026-03-20 07:33:49:894 [OUT] 25 A5 01 04 31 02 D8 3F 4F D3 (10)
                              [N4:Y] INTERRUPT '?'
2026-03-20 07:33:50:195 [IN ] C8 24 09 0B 25 A5 09 01 31 03 C9 3A 09 4A 1E 6A C8 24 04 0C 25 A5 04 01 31 04 D8 3A 01 01 4E 72 EA (33)
                              [N9:P] LFLAG ':' 9 (9)
                              [N4:Y] INTERRUPT ':' 1 1 (257)
2026-03-20 07:33:50:217 [OUT] 25 A5 01 09 31 03 CA 3D 09 4E 1F (11)
                              [N9:P] RFLAG '=' 9 (9)
2026-03-20 07:33:50:239 [OUT] 25 A5 01 0C 31 02 D8 3F 57 FB (10)
                              [N12:Z] INTERRUPT '?'
2026-03-20 07:33:50:540 [IN ] C8 24 09 0B 25 A5 09 01 31 03 CA 3A 09 4B 21 72 C8 24 0C 0C 25 A5 0C 01 31 04 D8 3A 01 01 56 B2 EA (33)
                              [N9:P] RFLAG ':' 9 (9)
                              [N12:Z] INTERRUPT ':' 1 1 (257)
2026-03-20 07:33:50:561 [OUT] 25 A5 01 08 31 03 C9 3D 09 4C 16 (11)
                              [N8:R] LFLAG '=' 9 (9)
2026-03-20 07:33:50:584 [OUT] 25 A5 01 03 31 03 C9 3D 0B 49 FA (11)
                              [N3:X] LFLAG '=' 11 (11)
2026-03-20 07:33:50:607 [OUT] 25 A5 01 04 31 03 C9 3D 0B 4A 00 (11)
                              [N4:Y] LFLAG '=' 11 (11)
2026-03-20 07:33:50:630 [OUT] 25 A5 01 0C 31 03 C9 3D 0B 52 30 (11)
                              [N12:Z] LFLAG '=' 11 (11)
2026-03-20 07:33:50:732 [IN ] C8 24 08 0B 25 A5 08 01 31 03 C9 3A 09 49 17 B2 (16)
                              [N8:R] LFLAG ':' 9 (9)
2026-03-20 07:33:50:754 [OUT] 25 A5 01 08 31 03 CA 3D 09 4D 19 (11)
                              [N8:R] RFLAG '=' 9 (9)
2026-03-20 07:33:50:857 [IN ] C8 24 03 0B 25 A5 03 01 31 03 C9 3A 0B 46 F6 B2 (16)
                              [N3:X] LFLAG ':' 11 (11)
2026-03-20 07:33:50:879 [OUT] 25 A5 01 03 31 03 88 00 50 10 02 (11)
                              [N3:X] RUN 0 80 (80)
2026-03-20 07:33:50:942 [IN ] C8 24 04 0B 25 A5 04 01 31 03 C9 3A 0B 47 FD B2 (16)
                              [N4:Y] LFLAG ':' 11 (11)
2026-03-20 07:33:50:963 [OUT] 25 A5 01 04 31 03 88 00 50 11 08 (11)
                              [N4:Y] RUN 0 80 (80)
2026-03-20 07:33:51:071 [IN ] C8 24 0C 0B 25 A5 0C 01 31 03 C9 3A 0B 4F 35 B2 (16)
                              [N12:Z] LFLAG ':' 11 (11)
2026-03-20 07:33:51:093 [OUT] 25 A5 01 0C 31 03 88 00 50 19 38 (11)
                              [N12:Z] RUN 0 80 (80)
2026-03-20 07:33:51:175 [IN ] C8 24 08 0B 25 A5 08 01 31 03 CA 3A 09 4A 1A B2 (16)
                              [N8:R] RFLAG ':' 9 (9)
2026-03-20 07:33:51:279 [IN ] C8 24 03 0C 25 A5 03 01 31 04 88 53 00 50 64 C2 EA (17)
                              [N3:X] RUN 'S' 0 80 (80)
2026-03-20 07:33:51:401 [IN ] C8 24 04 0C 25 A5 04 01 31 04 88 53 00 50 65 CA EA (17)
                              [N4:Y] RUN 'S' 0 80 (80)
2026-03-20 07:33:51:504 [IN ] C8 24 0C 0C 25 A5 0C 01 31 04 88 53 00 50 6D 0A EA (17)
                              [N12:Z] RUN 'S' 0 80 (80)
2026-03-20 07:33:58:720 [IN ] C8 24 04 0B 25 A5 04 01 31 03 81 5A 4C 60 A6 0A C8 24 04 0A 25 A5 04 01 31 02 81 49 02 32 A6 (31)
                              [N4:Y] TPOS 'Z' 76 (76)
                              [N4:Y] TPOS 'I'
2026-03-20 07:33:58:944 [OUT] 25 A5 01 09 31 02 D8 3F 54 EC (10)
                              [N9:P] INTERRUPT '?'
2026-03-20 07:33:59:245 [IN ] C8 24 09 0C 25 A5 09 01 31 04 D8 3A 01 01 53 9A EA (17)
                              [N9:P] INTERRUPT ':' 1 1 (257)
2026-03-20 07:33:59:266 [OUT] 25 A5 01 04 31 03 C9 3D 09 48 FE (11)
                              [N4:Y] LFLAG '=' 9 (9)
2026-03-20 07:33:59:289 [OUT] 25 A5 01 07 31 02 D8 3F 52 E2 (10)
                              [N7:N] INTERRUPT '?'
2026-03-20 07:33:59:590 [IN ] C8 24 04 0B 25 A5 04 01 31 03 C9 3A 09 45 FB 9A C8 24 07 0C 25 A5 07 01 31 04 D8 3A 01 01 51 8A EA (33)
                              [N4:Y] LFLAG ':' 9 (9)
                              [N7:N] INTERRUPT ':' 1 1 (257)
2026-03-20 07:33:59:612 [OUT] 25 A5 01 09 31 03 C9 3D 0B 4F 1E (11)
                              [N9:P] LFLAG '=' 11 (11)
2026-03-20 07:33:59:634 [OUT] 25 A5 01 07 31 03 C9 3D 0B 4D 12 (11)
                              [N7:N] LFLAG '=' 11 (11)
2026-03-20 07:33:59:780 [IN ] C8 24 09 0B 25 A5 09 01 31 03 C9 3A 0B 4C 20 8A (16)
                              [N9:P] LFLAG ':' 11 (11)
2026-03-20 07:33:59:802 [OUT] 25 A5 01 09 31 03 88 00 50 16 26 (11)
                              [N9:P] RUN 0 80 (80)
2026-03-20 07:33:59:885 [IN ] C8 24 07 0B 25 A5 07 01 31 03 C9 3A 0B 4A 12 8A (16)
                              [N7:N] LFLAG ':' 11 (11)
2026-03-20 07:33:59:908 [OUT] 25 A5 01 07 31 03 88 00 50 14 1A (11)
                              [N7:N] RUN 0 80 (80)
2026-03-20 07:33:59:990 [IN ] C8 24 09 0C 25 A5 09 01 31 04 88 53 00 50 6A F2 EA (17)
                              [N9:P] RUN 'S' 0 80 (80)
2026-03-20 07:34:00:054 [IN ] C8 24 09 0B 25 A5 09 01 31 03 81 5A 4C 65 C9 F2 (16)
                              [N9:P] TPOS 'Z' 76 (76)
2026-03-20 07:34:00:075 [IN ] C8 24 09 0A 25 A5 09 01 31 02 81 49 07 50 C9 (15)
                              [N9:P] TPOS 'I'
2026-03-20 07:34:00:100 [IN ] C8 24 07 0C 25 A5 07 01 31 04 88 53 00 50 68 E2 EA (17)
                              [N7:N] RUN 'S' 0 80 (80)
2026-03-20 07:34:00:122 [OUT] 25 A5 01 09 31 03 C9 3D 09 4D 1C (11)
                              [N9:P] LFLAG '=' 9 (9)
2026-03-20 07:34:00:143 [OUT] 25 A5 01 04 31 05 81 FF EE 88 01 32 FA (13)
                              [N4:Y] TPOS 255 238 136 1 (-1144831)
2026-03-20 07:34:00:307 [IN ] C8 24 09 0B 25 A5 09 01 31 03 C9 3A 09 4A 1E E2 (16)
                              [N9:P] LFLAG ':' 9 (9)
2026-03-20 07:34:00:329 [IN ] C8 24 03 0B 25 A5 03 01 31 03 81 5A 4C 5F 9F E2 (16)
                              [N3:X] TPOS 'Z' 76 (76)
2026-03-20 07:34:00:373 [IN ] C8 24 03 0A 25 A5 03 01 31 02 81 49 01 2C 9F (15)
                              [N3:X] TPOS 'I'
2026-03-20 07:34:00:415 [OUT] 25 A5 01 03 31 03 C9 3D 09 47 F8 (11)
                              [N3:X] LFLAG '=' 9 (9)
2026-03-20 07:34:00:416 [IN ] C8 24 04 0E 25 A5 04 01 31 06 81 53 00 00 00 00 10 88 0A (19)
                              [N4:Y] TPOS 'S' 0 0 0 0 (0)
2026-03-20 07:34:00:579 [IN ] C8 24 03 0B 25 A5 03 01 31 03 C9 3A 09 44 F4 00 (16)
                              [N3:X] LFLAG ':' 9 (9)
2026-03-20 07:34:03:988 [IN ] C8 24 07 0B 25 A5 07 01 31 03 81 5A 4C 63 BB 00 C8 24 07 0A 25 A5 07 01 31 02 81 49 05 44 BB (31)
                              [N7:N] TPOS 'Z' 76 (76)
                              [N7:N] TPOS 'I'
2026-03-20 07:34:04:210 [OUT] 25 A5 01 07 31 03 C9 3D 09 4B 10 (11)
                              [N7:N] LFLAG '=' 9 (9)
2026-03-20 07:34:04:375 [IN ] C8 24 07 0B 25 A5 07 01 31 03 C9 3A 09 48 10 00 (16)
                              [N7:N] LFLAG ':' 9 (9)
2026-03-20 07:34:06:781 [IN ] C8 24 04 0E 25 A5 04 01 31 06 81 45 FF EE 85 7B EF 8D 0A (19)
                              [N4:Y] TPOS 'E' 255 238 133 123 (-1145477)
2026-03-20 07:34:07:005 [OUT] 25 A5 01 09 31 05 81 FF E7 5D 56 5A 0C (13)
                              [N9:P] TPOS 255 231 93 86 (-1614506)
2026-03-20 07:34:07:027 [OUT] 25 A5 01 04 31 05 81 FF FD 50 01 09 B7 (13)
                              [N4:Y] TPOS 255 253 80 1 (-176127)
2026-03-20 07:34:07:049 [OUT] 25 A5 01 07 31 05 81 FF AB 19 75 F7 DF (13)
                              [N7:N] TPOS 255 171 25 117 (-5564043)
2026-03-20 07:34:07:071 [OUT] 25 A5 01 03 31 05 81 FF EC 4A AB 9B 1A (13)
                              [N3:X] TPOS 255 236 74 171 (-1291605)
2026-03-20 07:34:07:093 [OUT] 25 A5 01 06 31 02 D8 3F 51 DD (10)
                              [N6:H] INTERRUPT '?'
2026-03-20 07:34:07:396 [IN ] C8 24 0C 0B 25 A5 0C 01 31 03 81 5A 4C 68 DE 7B C8 24 0C 0A 25 A5 0C 01 31 02 81 49 0A 62 DE C8 24 09 0E 25 A5 09 01 31 06 81 53 FF FF FF FA 0C AB 0A C8 24 04 0E 25 A5 04 01 31 06 81 53 FF EE 
85 7B FD D3 0A (69)
                              [N12:Z] TPOS 'Z' 76 (76)
                              [N12:Z] TPOS 'I'
                              [N9:P] TPOS 'S' 255 255 255 250 (-6)
                              [N4:Y] TPOS 'S' 255 238 133 123 (-1145477)
2026-03-20 07:34:07:697 [IN ] C8 24 07 0E 25 A5 07 01 31 06 81 53 FF FF FF EB FB 88 0A C8 24 03 0E 25 A5 03 01 31 06 81 53 00 00 00 00 0F 7E 0A C8 24 06 0C 25 A5 06 01 31 04 D8 3A 01 01 50 82 0F (55)
                              [N7:N] TPOS 'S' 255 255 255 235 (-21)
                              [N3:X] TPOS 'S' 0 0 0 0 (0)
                              [N6:H] INTERRUPT ':' 1 1 (257)
2026-03-20 07:34:07:718 [OUT] 25 A5 01 06 31 03 C9 3D 0B 4C 0C (11)
                              [N6:H] LFLAG '=' 11 (11)
2026-03-20 07:34:07:741 [OUT] 25 A5 01 0C 31 03 C9 3D 09 50 2E (11)
                              [N12:Z] LFLAG '=' 9 (9)
2026-03-20 07:34:07:884 [IN ] C8 24 06 0B 25 A5 06 01 31 03 C9 3A 0B 49 0B 82 (16)
                              [N6:H] LFLAG ':' 11 (11)
2026-03-20 07:34:07:906 [OUT] 25 A5 01 06 31 03 88 FF B0 72 72 (11)
                              [N6:H] RUN 255 176 (-80)
2026-03-20 07:34:07:990 [IN ] C8 24 0C 0B 25 A5 0C 01 31 03 C9 3A 09 4D 33 82 (16)
                              [N12:Z] LFLAG ':' 9 (9)
2026-03-20 07:34:08:012 [OUT] 25 A5 01 0C 31 05 81 FF BC D0 00 4F 33 (13)
                              [N12:Z] TPOS 255 188 208 0 (-4403200)
2026-03-20 07:34:08:096 [IN ] C8 24 06 0C 25 A5 06 01 31 04 88 53 FF B0 C6 38 0F (17)
                              [N6:H] RUN 'S' 255 176 (-80)
2026-03-20 07:34:08:222 [IN ] C8 24 0C 0E 25 A5 0C 01 31 06 81 53 FF FF FF 67 7C 36 0A (19)
                              [N12:Z] TPOS 'S' 255 255 255 103 (-153)
2026-03-20 07:34:12:031 [IN ] C8 24 06 0B 25 A5 06 01 31 03 81 5A 4C 62 B4 67 C8 24 06 0A 25 A5 06 01 31 02 81 49 04 3E B4 (31)
                              [N6:H] TPOS 'Z' 76 (76)
                              [N6:H] TPOS 'I'
2026-03-20 07:34:12:255 [OUT] 25 A5 01 06 31 03 C9 3D 09 4A 0A (11)
                              [N6:H] LFLAG '=' 9 (9)
2026-03-20 07:34:12:422 [IN ] C8 24 06 0B 25 A5 06 01 31 03 C9 3A 09 47 09 67 (16)
                              [N6:H] LFLAG ':' 9 (9)
2026-03-20 07:34:12:443 [OUT] 25 A5 01 06 31 03 84 00 50 0F 08 (11)
                              [N6:H] VEL 0 80 (80)
2026-03-20 07:34:12:606 [IN ] C8 24 06 0C 25 A5 06 01 31 04 84 53 00 50 63 CA 7C (17)
                              [N6:H] VEL 'S' 0 80 (80)
2026-03-20 07:34:12:628 [OUT] 25 A5 01 06 31 05 81 00 19 82 3C 95 BE (13)
                              [N6:H] TPOS 0 25 130 60 (1671740)
2026-03-20 07:34:12:812 [IN ] C8 24 06 0E 25 A5 06 01 31 06 81 53 00 00 00 00 12 9C 0A (19)
                              [N6:H] TPOS 'S' 0 0 0 0 (0)
2026-03-20 07:34:14:215 [IN ] C8 24 03 0E 25 A5 03 01 31 06 81 45 FF EC 47 CB FE 51 0A (19)
                              [N3:X] TPOS 'E' 255 236 71 203 (-1292341)
2026-03-20 07:34:14:642 [OUT] 25 A5 01 03 31 05 81 FF FD 50 01 08 AF (13)
                              [N3:X] TPOS 255 253 80 1 (-176127)
2026-03-20 07:34:14:827 [IN ] C8 24 03 0E 25 A5 03 01 31 06 81 53 FF EC 47 CB 0C 97 0A (19)
                              [N3:X] TPOS 'S' 255 236 71 203 (-1292341)
2026-03-20 07:34:15:028 [IN ] C8 24 09 0E 25 A5 09 01 31 06 81 45 FF E7 59 50 96 27 0A (19)
                              [N9:P] TPOS 'E' 255 231 89 80 (-1615536)
2026-03-20 07:34:15:453 [OUT] 25 A5 01 09 31 05 81 FF FF D9 C8 60 BE (13)
                              [N9:P] TPOS 255 255 217 200 (-9784)
2026-03-20 07:34:15:637 [IN ] C8 24 09 0E 25 A5 09 01 31 06 81 53 FF E7 59 52 A6 6F 0A (19)
                              [N9:P] TPOS 'S' 255 231 89 82 (-1615534)
2026-03-20 07:34:17:040 [IN ] C8 24 04 0E 25 A5 04 01 31 06 81 45 FF FD 50 27 75 FC 0A (19)
                              [N4:Y] TPOS 'E' 255 253 80 39 (-176089)
2026-03-20 07:34:20:449 [IN ] C8 24 06 0E 25 A5 06 01 31 06 81 45 00 19 86 7B 1E 28 0A (19)
                              [N6:H] TPOS 'E' 0 25 134 123 (1672827)
2026-03-20 07:34:20:875 [OUT] 25 A5 01 06 31 05 81 00 0D 03 C1 8F 21 (13)
                              [N6:H] TPOS 0 13 3 193 (852929)
2026-03-20 07:34:21:061 [IN ] C8 24 06 0E 25 A5 06 01 31 06 81 53 00 19 86 7B 2C 6E 0A (19)
                              [N6:H] TPOS 'S' 0 25 134 123 (1672827)
2026-03-20 07:34:23:266 [IN ] C8 24 09 0E 25 A5 09 01 31 06 81 45 FF FF DD E7 C9 0E 0A (19)
                              [N9:P] TPOS 'E' 255 255 221 231 (-8729)
2026-03-20 07:34:23:488 [OUT] 25 A5 01 08 31 02 D8 3F 53 E7 (10)
                              [N8:R] INTERRUPT '?'
2026-03-20 07:34:23:790 [IN ] C8 24 08 0C 25 A5 08 01 31 04 D8 3A 01 01 52 92 C9 C8 24 03 0E 25 A5 03 01 31 06 81 45 FF FD 50 D7 24 A2 0A (36)
                              [N8:R] INTERRUPT ':' 1 1 (257)
                              [N3:X] TPOS 'E' 255 253 80 215 (-175913)
2026-03-20 07:34:23:811 [OUT] 25 A5 01 08 31 03 CA 3D 0B 4F 1B (11)
                              [N8:R] RFLAG '=' 11 (11)
2026-03-20 07:34:23:977 [IN ] C8 24 08 0B 25 A5 08 01 31 03 CA 3A 0B 4C 1C D7 (16)
                              [N8:R] RFLAG ':' 11 (11)
2026-03-20 07:34:23:999 [OUT] 25 A5 01 08 31 03 88 00 50 15 20 (11)
                              [N8:R] RUN 0 80 (80)
2026-03-20 07:34:24:183 [IN ] C8 24 08 0C 25 A5 08 01 31 04 88 53 00 50 69 EA 24 (17)
                              [N8:R] RUN 'S' 0 80 (80)
2026-03-20 07:34:24:786 [IN ] C8 24 06 0E 25 A5 06 01 31 06 81 45 00 0C FE 55 63 CB 0A (19)
                              [N6:H] TPOS 'E' 0 12 254 85 (851541)
2026-03-20 07:34:25:009 [OUT] 25 A5 01 05 31 02 D8 3F 50 D8 (10)
                              [N5:V] INTERRUPT '?'
2026-03-20 07:34:25:310 [IN ] C8 24 05 0C 25 A5 05 01 31 04 D8 3A 01 01 4F 7A 63 (17)
                              [N5:V] INTERRUPT ':' 1 1 (257)
2026-03-20 07:34:25:331 [OUT] 25 A5 01 05 31 03 C9 3D 0B 4B 06 (11)
                              [N5:V] LFLAG '=' 11 (11)
2026-03-20 07:34:25:496 [IN ] C8 24 05 0B 25 A5 05 01 31 03 C9 3A 0B 48 04 7A (16)
                              [N5:V] LFLAG ':' 11 (11)
2026-03-20 07:34:25:517 [OUT] 25 A5 01 05 31 03 88 FF B0 71 6C (11)
                              [N5:V] RUN 255 176 (-80)
2026-03-20 07:34:25:682 [IN ] C8 24 05 0C 25 A5 05 01 (8)
2026-03-20 07:34:25:703 [IN ] 31 04 88 53 FF B0 C5 30 63 (9)
                              [N5:V] RUN 'S' 255 176 (-80)
2026-03-20 07:34:30:717 [IN ] C8 24 0C 0E 25 A5 0C 01 31 06 81 45 FF BC CD 9E 30 FA 0A C8 24 05 0B 25 A5 05 01 31 03 81 5A 4C 61 AD 9E C8 24 05 0A 25 A5 05 01 31 02 81 49 03 38 AD (50)
                              [N12:Z] TPOS 'E' 255 188 205 158 (-4403810)
                              [N5:V] TPOS 'Z' 76 (76)
                              [N5:V] TPOS 'I'
2026-03-20 07:34:30:941 [OUT] 25 A5 01 05 31 03 C9 3D 09 49 04 (11)
                              [N5:V] LFLAG '=' 9 (9)
2026-03-20 07:34:30:964 [OUT] 25 A5 01 0C 31 05 81 FF D1 1A 67 15 6D (13)
                              [N12:Z] TPOS 255 209 26 103 (-3073433)
2026-03-20 07:34:31:028 [IN ] C8 24 08 0B 25 A5 08 01 31 03 81 5A 52 6A C8 9E (16)
                              [N8:R] TPOS 'Z' 82 (82)
2026-03-20 07:34:31:072 [IN ] C8 24 08 0A 25 A5 08 01 31 02 81 49 06 4A C8 (15)
                              [N8:R] TPOS 'I'
2026-03-20 07:34:31:115 [OUT] 25 A5 01 08 31 03 CA 3D 09 4D 19 (11)
                              [N8:R] RFLAG '=' 9 (9)
2026-03-20 07:34:31:117 [IN ] C8 24 05 0B 25 A5 05 01 31 03 C9 3A 09 46 02 9E (16)
                              [N5:V] LFLAG ':' 9 (9)
2026-03-20 07:34:31:138 [OUT] 25 A5 01 05 31 03 84 00 50 0E 02 (11)
                              [N5:V] VEL 0 80 (80)
2026-03-20 07:34:31:241 [IN ] C8 24 0C 0E 25 A5 0C 01 31 06 81 53 FF BC CD C0 60 62 0A (19)
                              [N12:Z] TPOS 'S' 255 188 205 192 (-4403776)
2026-03-20 07:34:31:345 [IN ] C8 24 08 0B 25 A5 08 01 31 03 CA 3A 09 4A 1A C0 (16)
                              [N8:R] RFLAG ':' 9 (9)
2026-03-20 07:34:31:366 [OUT] 25 A5 01 08 31 05 81 FF DC 77 1D 2F DE (13)
                              [N8:R] TPOS 255 220 119 29 (-2328803)
2026-03-20 07:34:31:449 [IN ] C8 24 05 0C 25 A5 05 01 31 04 84 53 00 50 62 C2 60 (17)
                              [N5:V] VEL 'S' 0 80 (80)
2026-03-20 07:34:31:470 [OUT] 25 A5 01 05 31 05 81 00 19 82 3C 94 B6 (13)
                              [N5:V] TPOS 0 25 130 60 (1671740)
2026-03-20 07:34:31:593 [IN ] C8 24 08 0E 25 A5 08 01 31 06 81 53 FF FF FF CB DC 72 0A (19)
                              [N8:R] TPOS 'S' 255 255 255 203 (-53)
2026-03-20 07:34:31:698 [IN ] C8 24 05 0E 25 A5 05 01 31 06 81 53 FF FF FF FF 0D 88 0A (19)
                              [N5:V] TPOS 'S' 255 255 255 255 (-1)
2026-03-20 07:34:32:300 [IN ] C8 24 07 0E 25 A5 07 01 31 06 81 45 FF AB 14 83 46 08 0A (19)
                              [N7:N] TPOS 'E' 255 171 20 131 (-5565309)
2026-03-20 07:34:32:724 [OUT] 25 A5 01 07 31 05 81 FF F3 35 BF A5 39 (13)
                              [N7:N] TPOS 255 243 53 191 (-838209)
2026-03-20 07:34:32:929 [IN ] C8 24 07 0E 25 A5 07 01 31 06 81 53 FF AB 14 84 55 4F 0A (19)
                              [N7:N] TPOS 'S' 255 171 20 132 (-5565308)
2026-03-20 07:34:37:941 [IN ] C8 24 0C 0E 25 A5 0C 01 31 06 81 45 FF D1 1D 62 59 9D 0A (19)
                              [N12:Z] TPOS 'E' 255 209 29 98 (-3072670)
2026-03-20 07:34:39:747 [IN ] C8 24 05 0E 25 A5 05 01 31 06 81 45 00 19 85 9C 3D 3D 0A (19)
                              [N5:V] TPOS 'E' 0 25 133 156 (1672604)
2026-03-20 07:34:40:171 [OUT] 25 A5 01 05 31 05 81 00 0D 03 C1 8E 19 (13)
                              [N5:V] TPOS 0 13 3 193 (852929)
2026-03-20 07:34:40:376 [IN ] C8 24 05 0E 25 A5 05 01 31 06 81 53 00 19 85 9C 4B 83 0A (19)
                              [N5:V] TPOS 'S' 0 25 133 156 (1672604)
2026-03-20 07:34:44:185 [IN ] C8 24 08 0E 25 A5 08 01 31 06 81 45 FF DC 74 62 B7 44 0A (19)
                              [N8:R] TPOS 'E' 255 220 116 98 (-2329502)
2026-03-20 07:34:44:614 [OUT] 25 A5 01 08 31 05 81 FF EE 15 56 18 89 (13)
                              [N8:R] TPOS 255 238 21 86 (-1174186)
2026-03-20 07:34:44:818 [IN ] C8 24 08 0E 25 A5 08 01 31 06 81 53 FF DC 74 69 CC 91 0A (19)
                              [N8:R] TPOS 'S' 255 220 116 105 (-2329495)
2026-03-20 07:34:45:219 [IN ] C8 24 05 0E 25 A5 05 01 31 06 81 45 00 0D 01 6F 80 E4 0A (19)
                              [N5:V] TPOS 'E' 0 13 1 111 (852335)
2026-03-20 07:34:45:442 [OUT] 25 A5 01 03 31 05 81 FF ED B1 30 88 70 (13)
                              [N3:X] TPOS 255 237 177 48 (-1199824)
2026-03-20 07:34:45:464 [OUT] 25 A5 01 04 31 05 81 FF F3 BD 0C 77 7E (13)
                              [N4:Y] TPOS 255 243 189 12 (-803572)
2026-03-20 07:34:45:649 [IN ] C8 24 03 0E 25 A5 03 01 31 06 81 53 FF FD 50 D7 32 E8 0A (19)
                              [N3:X] TPOS 'S' 255 253 80 215 (-175913)
2026-03-20 07:34:45:752 [IN ] C8 24 04 0E 25 A5 04 01 31 06 81 53 FF FD 50 27 83 42 0A (19)
                              [N4:Y] TPOS 'S' 255 253 80 39 (-176089)
2026-03-20 07:34:49:359 [IN ] C8 24 04 0E 25 A5 04 01 31 06 81 45 FF F3 BA 3C EA C7 0A (19)
                              [N4:Y] TPOS 'E' 255 243 186 60 (-804292)
2026-03-20 07:34:50:764 [IN ] C8 24 03 0E 25 A5 03 01 31 06 81 45 FF ED AE 3C D7 93 0A (19)
                              [N3:X] TPOS 'E' 255 237 174 60 (-1200580)
2026-03-20 07:34:51:567 [IN ] C8 24 08 0E 25 A5 08 01 31 06 81 45 FF EE 17 33 3D 91 0A (19)
                              [N8:R] TPOS 'E' 255 238 23 51 (-1173709)
2026-03-20 07:34:54:175 [IN ] C8 24 07 0E 25 A5 07 01 31 06 81 45 FF F3 3A BF F0 68 0A (19)
                              [N7:N] TPOS 'E' 255 243 58 191 (-836929)
