2026-03-20 07:56:31:849 [OUT] 25 A5 01 0A 31 05 D6 3D FF 00 00 53 ED (13)
                              [N10:HMI] HMILED '=' 255 0 0 (16711680)
2026-03-20 07:56:31:874 [OUT] 25 A5 01 03 31 02 D8 3F 4E CE (10)
                              [N3:X] INTERRUPT '?'
2026-03-20 07:56:32:176 [IN ] C8 24 0A 0D 25 A5 0A 01 31 05 D6 3A FF 00 00 50 EA 18 C8 24 03 0C 25 A5 03 01 31 04 D8 3A 01 01 4D 6A EA (35)
                              [N10:HMI] HMILED ':' 255 0 0 (16711680)
                              [N3:X] INTERRUPT ':' 1 1 (257)
2026-03-20 07:56:32:197 [OUT] 25 A5 01 09 31 03 C9 3D 09 4D 1C (11)
                              [N9:P] LFLAG '=' 9 (9)
2026-03-20 07:56:32:220 [OUT] 25 A5 01 04 31 02 D8 3F 4F D3 (10)
                              [N4:Y] INTERRUPT '?'
2026-03-20 07:56:32:521 [IN ] C8 24 09 0B 25 A5 09 01 31 03 C9 3A 09 4A 1E 6A C8 24 04 0C 25 A5 04 01 31 04 D8 3A 01 01 4E 72 EA (33)
                              [N9:P] LFLAG ':' 9 (9)
                              [N4:Y] INTERRUPT ':' 1 1 (257)
2026-03-20 07:56:32:542 [OUT] 25 A5 01 09 31 03 CA 3D 09 4E 1F (11)
                              [N9:P] RFLAG '=' 9 (9)
2026-03-20 07:56:32:564 [OUT] 25 A5 01 0C 31 02 D8 3F 57 FB (10)
                              [N12:Z] INTERRUPT '?'
2026-03-20 07:56:32:868 [IN ] C8 24 09 0B 25 A5 09 01 31 03 CA 3A 09 4B 21 72 C8 24 0C 0C 25 A5 0C 01 31 04 D8 3A 01 01 56 B2 EA (33)
                              [N9:P] RFLAG ':' 9 (9)
                              [N12:Z] INTERRUPT ':' 1 1 (257)
2026-03-20 07:56:32:889 [OUT] 25 A5 01 08 31 03 C9 3D 09 4C 16 (11)
                              [N8:R] LFLAG '=' 9 (9)
2026-03-20 07:56:32:911 [OUT] 25 A5 01 03 31 03 C9 3D 0B 49 FA (11)
                              [N3:X] LFLAG '=' 11 (11)
2026-03-20 07:56:32:932 [OUT] 25 A5 01 04 31 03 C9 3D 0B 4A 00 (11)
                              [N4:Y] LFLAG '=' 11 (11)
2026-03-20 07:56:32:953 [OUT] 25 A5 01 0C 31 03 C9 3D 0B 52 30 (11)
                              [N12:Z] LFLAG '=' 11 (11)
2026-03-20 07:56:33:056 [IN ] C8 24 08 0B 25 A5 08 01 31 03 C9 3A 09 49 17 B2 (16)
                              [N8:R] LFLAG ':' 9 (9)
2026-03-20 07:56:33:077 [OUT] 25 A5 01 08 31 03 CA 3D 09 4D 19 (11)
                              [N8:R] RFLAG '=' 9 (9)
2026-03-20 07:56:33:183 [IN ] C8 24 03 0B 25 A5 03 01 31 03 C9 3A 0B 46 F6 B2 (16)
                              [N3:X] LFLAG ':' 11 (11)
2026-03-20 07:56:33:205 [OUT] 25 A5 01 03 31 03 88 00 50 10 02 (11)
                              [N3:X] RUN 0 80 (80)
2026-03-20 07:56:33:268 [IN ] C8 24 04 0B 25 A5 04 01 31 03 C9 3A 0B 47 FD B2 (16)
                              [N4:Y] LFLAG ':' 11 (11)
2026-03-20 07:56:33:291 [OUT] 25 A5 01 04 31 03 88 00 50 11 08 (11)
                              [N4:Y] RUN 0 80 (80)
2026-03-20 07:56:33:374 [IN ] C8 24 0C 0B 25 A5 0C 01 31 03 C9 3A 0B 4F 35 B2 (16)
                              [N12:Z] LFLAG ':' 11 (11)
2026-03-20 07:56:33:398 [OUT] 25 A5 01 0C 31 03 88 00 50 19 38 (11)
                              [N12:Z] RUN 0 80 (80)
2026-03-20 07:56:33:502 [IN ] C8 24 08 0B 25 A5 08 01 31 03 CA 3A 09 4A 1A B2 (16)
                              [N8:R] RFLAG ':' 9 (9)
2026-03-20 07:56:33:586 [IN ] C8 24 03 0C 25 A5 03 01 31 04 88 53 00 50 64 C2 EA (17)
                              [N3:X] RUN 'S' 0 80 (80)
2026-03-20 07:56:33:710 [IN ] C8 24 04 0C 25 A5 04 01 31 04 88 53 00 50 65 CA EA (17)
                              [N4:Y] RUN 'S' 0 80 (80)
2026-03-20 07:56:33:834 [IN ] C8 24 0C 0C 25 A5 0C 01 31 04 88 53 00 50 6D 0A EA (17)
                              [N12:Z] RUN 'S' 0 80 (80)
2026-03-20 07:56:40:650 [IN ] C8 24 04 0B 25 A5 04 01 31 03 81 5A 4C 60 A6 0A (16)
                              [N4:Y] TPOS 'Z' 76 (76)
2026-03-20 07:56:40:852 [IN ] C8 24 04 0A 25 A5 04 01 31 02 81 49 02 32 A6 (15)
                              [N4:Y] TPOS 'I'
2026-03-20 07:56:41:074 [OUT] 25 A5 01 09 31 02 D8 3F 54 EC (10)
                              [N9:P] INTERRUPT '?'
2026-03-20 07:56:41:376 [IN ] C8 24 09 0C 25 A5 09 01 31 04 D8 3A 01 01 53 9A EA (17)
                              [N9:P] INTERRUPT ':' 1 1 (257)
2026-03-20 07:56:41:397 [OUT] 25 A5 01 04 31 03 C9 3D 09 48 FE (11)
                              [N4:Y] LFLAG '=' 9 (9)
2026-03-20 07:56:41:420 [OUT] 25 A5 01 07 31 02 D8 3F 52 E2 (10)
                              [N7:N] INTERRUPT '?'
2026-03-20 07:56:41:721 [IN ] C8 24 04 0B 25 A5 04 01 31 03 C9 3A 09 45 FB 9A C8 24 07 0C 25 A5 07 01 31 04 D8 3A 01 01 51 8A EA (33)
                              [N4:Y] LFLAG ':' 9 (9)
                              [N7:N] INTERRUPT ':' 1 1 (257)
2026-03-20 07:56:41:742 [OUT] 25 A5 01 09 31 03 C9 3D 0B 4F 1E (11)
                              [N9:P] LFLAG '=' 11 (11)
2026-03-20 07:56:41:763 [OUT] 25 A5 01 07 31 03 C9 3D 0B 4D 12 (11)
                              [N7:N] LFLAG '=' 11 (11)
2026-03-20 07:56:41:908 [IN ] C8 24 09 0B 25 A5 09 01 31 03 C9 3A 0B 4C 20 8A (16)
                              [N9:P] LFLAG ':' 11 (11)
2026-03-20 07:56:41:930 [OUT] 25 A5 01 09 31 03 88 00 50 16 26 (11)
                              [N9:P] RUN 0 80 (80)
2026-03-20 07:56:42:013 [IN ] C8 24 07 0B 25 A5 07 01 31 03 C9 3A (12)
2026-03-20 07:56:42:036 [IN ] 0B 4A 12 8A (4)
                              [N7:N] LFLAG ':' 11 (11)
2026-03-20 07:56:42:058 [OUT] 25 A5 01 07 31 03 88 00 50 14 1A (11)
                              [N7:N] RUN 0 80 (80)
2026-03-20 07:56:42:120 [IN ] C8 24 09 0C 25 A5 09 01 31 04 88 53 00 50 6A F2 EA (17)
                              [N9:P] RUN 'S' 0 80 (80)
2026-03-20 07:56:42:182 [IN ] C8 24 09 0B 25 A5 09 01 31 03 81 5A 4C 65 C9 F2 (16)
                              [N9:P] TPOS 'Z' 76 (76)
2026-03-20 07:56:42:204 [IN ] C8 24 09 0A 25 A5 09 01 31 02 81 49 07 50 C9 (15)
                              [N9:P] TPOS 'I'
2026-03-20 07:56:42:226 [IN ] C8 24 07 0C 25 A5 07 01 31 04 88 53 00 50 68 E2 EA (17)
                              [N7:N] RUN 'S' 0 80 (80)
2026-03-20 07:56:42:248 [OUT] 25 A5 01 09 31 03 C9 3D 09 4D 1C (11)
                              [N9:P] LFLAG '=' 9 (9)
2026-03-20 07:56:42:269 [OUT] 25 A5 01 04 31 05 81 FF EE 88 01 32 FA (13)
                              [N4:Y] TPOS 255 238 136 1 (-1144831)
2026-03-20 07:56:42:412 [IN ] C8 24 09 0B 25 A5 09 01 31 03 C9 3A 09 4A 1E E2 (16)
                              [N9:P] LFLAG ':' 9 (9)
2026-03-20 07:56:42:535 [IN ] C8 24 04 0E 25 A5 04 01 31 06 81 53 00 00 00 00 10 88 0A (19)
                              [N4:Y] TPOS 'S' 0 0 0 0 (0)
2026-03-20 07:56:42:738 [IN ] C8 24 03 0B 25 A5 03 01 31 03 81 5A 4C 5F 9F 00 C8 24 03 0A 25 A5 03 01 31 02 81 49 01 2C 9F (31)
                              [N3:X] TPOS 'Z' 76 (76)
                              [N3:X] TPOS 'I'
2026-03-20 07:56:42:960 [OUT] 25 A5 01 03 31 03 C9 3D 09 47 F8 (11)
                              [N3:X] LFLAG '=' 9 (9)
2026-03-20 07:56:43:124 [IN ] C8 24 03 0B 25 A5 03 01 31 03 C9 3A 09 44 F4 00 (16)
                              [N3:X] LFLAG ':' 9 (9)
2026-03-20 07:56:46:133 [IN ] C8 24 07 0B 25 A5 07 01 31 03 81 5A 4C 63 BB 00 C8 24 07 0A 25 A5 07 01 31 02 81 49 05 44 BB (31)
                              [N7:N] TPOS 'Z' 76 (76)
                              [N7:N] TPOS 'I'
2026-03-20 07:56:46:355 [OUT] 25 A5 01 07 31 03 C9 3D 09 4B 10 (11)
                              [N7:N] LFLAG '=' 9 (9)
2026-03-20 07:56:46:520 [IN ] C8 24 07 0B 25 A5 07 01 31 03 (10)
2026-03-20 07:56:46:541 [IN ] C9 3A 09 48 10 00 (6)
                              [N7:N] LFLAG ':' 9 (9)
2026-03-20 07:56:48:947 [IN ] C8 24 04 0E 25 A5 04 01 31 06 81 45 FF EE 85 8E 02 A0 0A (19)
                              [N4:Y] TPOS 'E' 255 238 133 142 (-1145458)
2026-03-20 07:56:49:171 [OUT] 25 A5 01 09 31 05 81 FF E7 5D 56 5A 0C (13)
                              [N9:P] TPOS 255 231 93 86 (-1614506)
2026-03-20 07:56:49:194 [OUT] 25 A5 01 04 31 05 81 FF FD 50 01 09 B7 (13)
                              [N4:Y] TPOS 255 253 80 1 (-176127)
2026-03-20 07:56:49:216 [OUT] 25 A5 01 07 31 05 81 FF AB 19 75 F7 DF (13)
                              [N7:N] TPOS 255 171 25 117 (-5564043)
2026-03-20 07:56:49:238 [OUT] 25 A5 01 03 31 05 81 FF EC 4A AB 9B 1A (13)
                              [N3:X] TPOS 255 236 74 171 (-1291605)
2026-03-20 07:56:49:260 [OUT] 25 A5 01 06 31 02 D8 3F 51 DD (10)
                              [N6:H] INTERRUPT '?'
2026-03-20 07:56:49:563 [IN ] C8 24 09 0E 25 A5 09 01 31 06 81 53 FF FF FF F8 0A A9 0A C8 24 0C 0B 25 A5 0C 01 31 03 81 5A 4C 68 DE F8 C8 24 0C 0A 25 A5 0C 01 31 02 81 49 0A 62 DE C8 24 04 0E 25 A5 04 01 31 06 81 53 FF EE 
85 8E 10 E6 0A (69)
                              [N9:P] TPOS 'S' 255 255 255 248 (-8)
                              [N12:Z] TPOS 'Z' 76 (76)
                              [N12:Z] TPOS 'I'
                              [N4:Y] TPOS 'S' 255 238 133 142 (-1145458)
2026-03-20 07:56:49:863 [IN ] C8 24 07 0E 25 A5 07 01 31 06 81 53 FF FF FF E9 F9 86 0A C8 24 03 0E 25 A5 03 01 31 06 81 53 FF FF FF FF 0B 74 0A C8 24 06 0C 25 A5 06 01 31 04 D8 3A 01 01 50 82 0B (55)
                              [N7:N] TPOS 'S' 255 255 255 233 (-23)
                              [N3:X] TPOS 'S' 255 255 255 255 (-1)
                              [N6:H] INTERRUPT ':' 1 1 (257)
2026-03-20 07:56:49:884 [OUT] 25 A5 01 06 31 03 C9 3D 0B 4C 0C (11)
                              [N6:H] LFLAG '=' 11 (11)
2026-03-20 07:56:49:907 [OUT] 25 A5 01 0C 31 03 C9 3D 09 50 2E (11)
                              [N12:Z] LFLAG '=' 9 (9)
2026-03-20 07:56:50:052 [IN ] C8 24 06 0B 25 A5 06 01 31 03 C9 3A 0B 49 0B 82 (16)
                              [N6:H] LFLAG ':' 11 (11)
2026-03-20 07:56:50:074 [OUT] 25 A5 01 06 31 03 88 FF B0 72 72 (11)
                              [N6:H] RUN 255 176 (-80)
2026-03-20 07:56:50:157 [IN ] C8 24 0C 0B 25 A5 0C 01 31 03 C9 3A 09 4D 33 82 (16)
                              [N12:Z] LFLAG ':' 9 (9)
2026-03-20 07:56:50:178 [OUT] 25 A5 01 0C 31 05 81 FF BC D0 00 4F 33 (13)
                              [N12:Z] TPOS 255 188 208 0 (-4403200)
2026-03-20 07:56:50:267 [IN ] C8 24 06 0C 25 A5 06 01 31 04 88 53 FF B0 C6 38 0B (17)
                              [N6:H] RUN 'S' 255 176 (-80)
2026-03-20 07:56:50:393 [IN ] C8 24 0C 0E 25 A5 0C 01 31 06 81 53 FF FF FF 97 (16)
2026-03-20 07:56:50:415 [IN ] AC 66 0A (3)
                              [N12:Z] TPOS 'S' 255 255 255 151 (-105)
2026-03-20 07:56:54:225 [IN ] C8 24 06 0B 25 A5 06 01 31 03 81 5A 4C 62 B4 97 C8 24 06 0A 25 A5 06 01 31 02 81 49 04 3E B4 (31)
                              [N6:H] TPOS 'Z' 76 (76)
                              [N6:H] TPOS 'I'
2026-03-20 07:56:54:449 [OUT] 25 A5 01 06 31 03 C9 3D 09 4A 0A (11)
                              [N6:H] LFLAG '=' 9 (9)
2026-03-20 07:56:54:614 [IN ] C8 24 06 0B 25 A5 06 01 31 03 C9 3A 09 47 09 97 (16)
                              [N6:H] LFLAG ':' 9 (9)
2026-03-20 07:56:54:635 [OUT] 25 A5 01 06 31 03 84 00 50 0F 08 (11)
                              [N6:H] VEL 0 80 (80)
2026-03-20 07:56:54:819 [IN ] C8 24 06 0C 25 A5 06 01 31 04 84 53 00 50 63 CA AC (17)
                              [N6:H] VEL 'S' 0 80 (80)
2026-03-20 07:56:54:841 [OUT] 25 A5 01 06 31 05 81 00 19 82 3C 95 BE (13)
                              [N6:H] TPOS 0 25 130 60 (1671740)
2026-03-20 07:56:55:045 [IN ] C8 24 06 0E 25 A5 06 01 31 06 81 53 00 00 00 00 12 9C 0A (19)
                              [N6:H] TPOS 'S' 0 0 0 0 (0)
2026-03-20 07:56:56:248 [IN ] C8 24 03 0E 25 A5 03 01 31 06 81 45 FF EC 47 C7 FA 4D 0A (19)
                              [N3:X] TPOS 'E' 255 236 71 199 (-1292345)
2026-03-20 07:56:56:672 [OUT] 25 A5 01 03 31 05 81 FF FD 50 01 08 AF (13)
                              [N3:X] TPOS 255 253 80 1 (-176127)
2026-03-20 07:56:56:856 [IN ] C8 24 03 0E 25 A5 03 01 31 06 81 53 FF EC 47 C7 08 93 0A (19)
                              [N3:X] TPOS 'S' 255 236 71 199 (-1292345)
2026-03-20 07:56:57:258 [IN ] C8 24 09 0E 25 A5 09 01 31 06 81 45 FF E7 59 71 B7 48 0A (19)
                              [N9:P] TPOS 'E' 255 231 89 113 (-1615503)
2026-03-20 07:56:57:683 [OUT] 25 A5 01 09 31 05 81 FF FF D9 C8 60 BE (13)
                              [N9:P] TPOS 255 255 217 200 (-9784)
2026-03-20 07:56:57:868 [IN ] C8 24 09 0E 25 A5 09 01 31 06 81 53 FF E7 (14)
2026-03-20 07:56:57:888 [IN ] 59 73 C7 90 0A (5)
                              [N9:P] TPOS 'S' 255 231 89 115 (-1615501)
2026-03-20 07:56:59:693 [IN ] C8 24 04 0E 25 A5 04 01 31 06 81 45 FF FD 50 2E 7C 03 0A (19)
                              [N4:Y] TPOS 'E' 255 253 80 46 (-176082)
2026-03-20 07:57:02:701 [IN ] C8 24 06 0E 25 A5 06 01 31 06 81 45 00 19 86 3E E1 EB 0A (19)
                              [N6:H] TPOS 'E' 0 25 134 62 (1672766)
2026-03-20 07:57:03:125 [OUT] 25 A5 01 06 31 05 81 00 0D 03 C1 8F 21 (13)
                              [N6:H] TPOS 0 13 3 193 (852929)
2026-03-20 07:57:03:310 [IN ] C8 24 06 0E 25 A5 06 01 31 06 81 53 00 19 86 3E EF 31 0A (19)
                              [N6:H] TPOS 'S' 0 25 134 62 (1672766)
2026-03-20 07:57:05:517 [IN ] C8 24 09 0E 25 A5 09 01 31 06 81 45 FF FF DD DC BE 03 0A (19)
                              [N9:P] TPOS 'E' 255 255 221 220 (-8740)
2026-03-20 07:57:05:740 [OUT] 25 A5 01 08 31 02 D8 3F 53 E7 (10)
                              [N8:R] INTERRUPT '?'
2026-03-20 07:57:05:741 [IN ] C8 24 03 0E 25 A5 03 01 31 06 81 45 FF FD 50 F0 3D BB 0A (19)
                              [N3:X] TPOS 'E' 255 253 80 240 (-175888)
2026-03-20 07:57:06:042 [IN ] C8 24 08 0C 25 A5 08 01 31 04 D8 3A 01 01 52 92 3D (17)
                              [N8:R] INTERRUPT ':' 1 1 (257)
2026-03-20 07:57:06:064 [OUT] 25 A5 01 08 31 03 CA 3D 0B 4F 1B (11)
                              [N8:R] RFLAG '=' 11 (11)
2026-03-20 07:57:06:230 [IN ] C8 24 08 0B 25 A5 08 01 31 03 CA 3A 0B 4C 1C 92 (16)
                              [N8:R] RFLAG ':' 11 (11)
2026-03-20 07:57:06:251 [OUT] 25 A5 01 08 31 03 88 00 50 15 20 (11)
                              [N8:R] RUN 0 80 (80)
2026-03-20 07:57:06:436 [IN ] C8 24 08 0C 25 A5 08 01 31 04 88 53 00 50 69 EA 3D (17)
                              [N8:R] RUN 'S' 0 80 (80)
2026-03-20 07:57:07:038 [IN ] C8 24 06 0E 25 A5 06 01 31 06 81 45 00 0C FE 8B 99 01 0A (19)
                              [N6:H] TPOS 'E' 0 12 254 139 (851595)
2026-03-20 07:57:07:263 [OUT] 25 A5 01 05 31 02 D8 3F 50 D8 (10)
                              [N5:V] INTERRUPT '?'
2026-03-20 07:57:07:565 [IN ] C8 24 05 0C 25 A5 05 01 31 04 D8 3A 01 01 4F 7A 99 (17)
                              [N5:V] INTERRUPT ':' 1 1 (257)
2026-03-20 07:57:07:587 [OUT] 25 A5 01 05 31 03 C9 3D 0B 4B 06 (11)
                              [N5:V] LFLAG '=' 11 (11)
2026-03-20 07:57:07:752 [IN ] C8 24 05 0B 25 A5 05 01 31 03 C9 3A 0B 48 04 7A (16)
                              [N5:V] LFLAG ':' 11 (11)
2026-03-20 07:57:07:774 [OUT] 25 A5 01 05 31 03 88 FF B0 71 6C (11)
                              [N5:V] RUN 255 176 (-80)
2026-03-20 07:57:07:938 [IN ] C8 24 05 0C 25 A5 05 01 31 04 88 53 FF B0 C5 30 99 (17)
                              [N5:V] RUN 'S' 255 176 (-80)
2026-03-20 07:57:12:950 [IN ] C8 24 05 0B 25 A5 05 01 31 03 81 5A 4C 61 AD 30 C8 24 05 0A 25 A5 05 01 31 02 81 49 03 38 AD C8 24 0C 0E 25 A5 0C 01 31 06 81 45 FF BC CD 89 1B E5 0A (50)
                              [N5:V] TPOS 'Z' 76 (76)
                              [N5:V] TPOS 'I'
                              [N12:Z] TPOS 'E' 255 188 205 137 (-4403831)
2026-03-20 07:57:13:173 [OUT] 25 A5 01 05 31 03 C9 3D 09 49 04 (11)
                              [N5:V] LFLAG '=' 9 (9)
2026-03-20 07:57:13:195 [OUT] 25 A5 01 0C 31 05 81 FF D1 1A 67 15 6D (13)
                              [N12:Z] TPOS 255 209 26 103 (-3073433)
2026-03-20 07:57:13:301 [IN ] C8 24 08 0B 25 A5 08 01 31 03 81 5A 52 6A C8 89 (16)
                              [N8:R] TPOS 'Z' 82 (82)
2026-03-20 07:57:13:343 [IN ] C8 24 08 0A 25 A5 08 01 31 02 81 49 06 4A C8 C8 24 05 0B 25 A5 05 01 31 03 C9 3A 09 46 02 89 (31)
                              [N8:R] TPOS 'I'
                              [N5:V] LFLAG ':' 9 (9)
2026-03-20 07:57:13:364 [OUT] 25 A5 01 05 31 03 84 00 50 0E 02 (11)
                              [N5:V] VEL 0 80 (80)
2026-03-20 07:57:13:385 [OUT] 25 A5 01 08 31 03 CA 3D 09 4D 19 (11)
                              [N8:R] RFLAG '=' 9 (9)
2026-03-20 07:57:13:489 [IN ] C8 24 0C 0E 25 A5 0C 01 31 06 81 53 FF BC CD BB 5B 5D 0A (19)
                              [N12:Z] TPOS 'S' 255 188 205 187 (-4403781)
2026-03-20 07:57:13:592 [IN ] C8 24 05 0C 25 A5 05 01 31 04 84 53 00 50 62 C2 5B (17)
                              [N5:V] VEL 'S' 0 80 (80)
2026-03-20 07:57:13:613 [OUT] 25 A5 01 05 31 05 81 00 19 82 3C 94 B6 (13)
                              [N5:V] TPOS 0 25 130 60 (1671740)
2026-03-20 07:57:13:696 [IN ] C8 24 08 0B 25 A5 08 01 31 03 CA 3A 09 4A 1A C2 (16)
                              [N8:R] RFLAG ':' 9 (9)
2026-03-20 07:57:13:717 [OUT] 25 A5 01 08 31 05 81 FF DC 77 1D 2F DE (13)
                              [N8:R] TPOS 255 220 119 29 (-2328803)
2026-03-20 07:57:13:820 [IN ] C8 24 05 0E 25 A5 05 01 31 06 81 53 00 00 00 00 (16)
2026-03-20 07:57:13:841 [IN ] 11 92 0A (3)
                              [N5:V] TPOS 'S' 0 0 0 0 (0)
2026-03-20 07:57:13:966 [IN ] C8 24 08 0E 25 A5 08 01 31 06 81 53 FF FF FF C6 D7 6D 0A (19)
                              [N8:R] TPOS 'S' 255 255 255 198 (-58)
2026-03-20 07:57:14:769 [IN ] C8 24 07 0E 25 A5 07 01 31 06 81 45 FF AB 14 BD 80 42 0A (19)
                              [N7:N] TPOS 'E' 255 171 20 189 (-5565251)
2026-03-20 07:57:15:195 [OUT] 25 A5 01 07 31 05 81 FF F3 35 BF A5 39 (13)
                              [N7:N] TPOS 255 243 53 191 (-838209)
2026-03-20 07:57:15:379 [IN ] C8 24 07 0E 25 A5 07 01 31 06 (10)
2026-03-20 07:57:15:400 [IN ] 81 53 FF AB 14 BD 8E 88 0A (9)
                              [N7:N] TPOS 'S' 255 171 20 189 (-5565251)
2026-03-20 07:57:20:211 [IN ] C8 24 0C 0E 25 A5 0C 01 31 06 81 45 FF D1 1D 58 4F 93 0A (19)
                              [N12:Z] TPOS 'E' 255 209 29 88 (-3072680)
2026-03-20 07:57:21:816 [IN ] C8 24 05 0E 25 A5 05 01 31 06 81 45 00 19 85 CC 6D 6D 0A (19)
                              [N5:V] TPOS 'E' 0 25 133 204 (1672652)
2026-03-20 07:57:22:241 [OUT] 25 A5 01 05 31 05 81 00 0D 03 C1 8E 19 (13)
                              [N5:V] TPOS 0 13 3 193 (852929)
2026-03-20 07:57:22:425 [IN ] C8 24 05 0E 25 A5 05 01 31 06 81 53 00 19 85 CC 7B B3 0A (19)
                              [N5:V] TPOS 'S' 0 25 133 204 (1672652)
2026-03-20 07:57:26:634 [IN ] C8 24 08 0E 25 A5 08 01 31 06 81 45 FF DC 74 7C D1 5E 0A (19)
                              [N8:R] TPOS 'E' 255 220 116 124 (-2329476)
2026-03-20 07:57:27:058 [OUT] 25 A5 01 08 31 05 81 FF EE 15 56 18 89 (13)
                              [N8:R] TPOS 255 238 21 86 (-1174186)
2026-03-20 07:57:27:243 [IN ] C8 24 05 0E 25 A5 05 01 31 06 81 45 00 0D 01 8E 9F 03 0A C8 24 08 0E 25 A5 08 01 31 06 81 53 FF DC 74 85 E8 AD 0A (38)
                              [N5:V] TPOS 'E' 0 13 1 142 (852366)
                              [N8:R] TPOS 'S' 255 220 116 133 (-2329467)
2026-03-20 07:57:27:466 [OUT] 25 A5 01 03 31 05 81 FF ED B1 30 88 70 (13)
                              [N3:X] TPOS 255 237 177 48 (-1199824)
2026-03-20 07:57:27:489 [OUT] 25 A5 01 04 31 05 81 FF F3 BD 0C 77 7E (13)
                              [N4:Y] TPOS 255 243 189 12 (-803572)
2026-03-20 07:57:27:633 [IN ] C8 24 (2)
2026-03-20 07:57:27:653 [IN ] 03 0E 25 A5 03 01 31 06 81 53 FF FD 50 F0 4B 01 0A (17)
                              [N3:X] TPOS 'S' 255 253 80 240 (-175888)
2026-03-20 07:57:27:777 [IN ] C8 24 04 0E 25 A5 04 01 31 06 81 53 FF FD 50 2E 8A 49 0A (19)
                              [N4:Y] TPOS 'S' 255 253 80 46 (-176082)
2026-03-20 07:57:31:383 [IN ] C8 24 04 0E 25 A5 04 01 31 06 81 45 FF F3 BA 7C 2A 07 0A (19)
                              [N4:Y] TPOS 'E' 255 243 186 124 (-804228)
2026-03-20 07:57:32:787 [IN ] C8 24 03 0E 25 A5 03 01 31 06 81 45 FF ED AE 36 D1 8D 0A (19)
                              [N3:X] TPOS 'E' 255 237 174 54 (-1200586)
2026-03-20 07:57:33:992 [IN ] C8 24 08 0E 25 A5 08 01 31 06 81 45 FF EE 17 38 42 96 0A (19)
                              [N8:R] TPOS 'E' 255 238 23 56 (-1173704)
2026-03-20 07:57:36:800 [IN ] C8 24 07 0E 25 A5 07 01 31 06 81 45 FF F3 3A 7F B0 28 0A (19)
                              [N7:N] TPOS 'E' 255 243 58 127 (-836993)
