2026-03-20 08:15:31:082 [OUT] 25 A5 01 0A 31 05 D6 3D FF 00 00 53 ED (13)
                              [N10:HMI] HMILED '=' 255 0 0 (16711680)
2026-03-20 08:15:31:104 [OUT] 25 A5 01 03 31 02 D8 3F 4E CE (10)
                              [N3:X] INTERRUPT '?'
2026-03-20 08:15:31:406 [IN ] C8 24 0A 0D 25 A5 0A 01 31 05 D6 3A FF 00 00 50 EA F2 C8 24 03 0C 25 A5 03 01 31 04 D8 3A 01 01 4D 6A EA (35)
                              [N10:HMI] HMILED ':' 255 0 0 (16711680)
                              [N3:X] INTERRUPT ':' 1 1 (257)
2026-03-20 08:15:31:427 [OUT] 25 A5 01 09 31 03 C9 3D 09 4D 1C (11)
                              [N9:P] LFLAG '=' 9 (9)
2026-03-20 08:15:31:451 [OUT] 25 A5 01 04 31 02 D8 3F 4F D3 (10)
                              [N4:Y] INTERRUPT '?'
2026-03-20 08:15:31:753 [IN ] C8 24 09 0B 25 A5 09 01 31 03 C9 3A 09 4A 1E 6A C8 24 04 0C 25 A5 04 01 31 04 D8 3A 01 01 4E 72 EA (33)
                              [N9:P] LFLAG ':' 9 (9)
                              [N4:Y] INTERRUPT ':' 1 1 (257)
2026-03-20 08:15:31:774 [OUT] 25 A5 01 09 31 03 CA 3D 09 4E 1F (11)
                              [N9:P] RFLAG '=' 9 (9)
2026-03-20 08:15:31:796 [OUT] 25 A5 01 0C 31 02 D8 3F 57 FB (10)
                              [N12:Z] INTERRUPT '?'
2026-03-20 08:15:32:098 [IN ] C8 24 09 0B 25 A5 09 01 31 03 CA 3A 09 4B 21 72 C8 24 0C 0C 25 A5 0C 01 31 04 D8 3A 01 01 56 B2 EA (33)
                              [N9:P] RFLAG ':' 9 (9)
                              [N12:Z] INTERRUPT ':' 1 1 (257)
2026-03-20 08:15:32:119 [OUT] 25 A5 01 08 31 03 C9 3D 09 4C 16 (11)
                              [N8:R] LFLAG '=' 9 (9)
2026-03-20 08:15:32:141 [OUT] 25 A5 01 03 31 03 C9 3D 0B 49 FA (11)
                              [N3:X] LFLAG '=' 11 (11)
2026-03-20 08:15:32:163 [OUT] 25 A5 01 04 31 03 C9 3D 0B 4A 00 (11)
                              [N4:Y] LFLAG '=' 11 (11)
2026-03-20 08:15:32:184 [OUT] 25 A5 01 0C 31 03 C9 3D 0B 52 30 (11)
                              [N12:Z] LFLAG '=' 11 (11)
2026-03-20 08:15:32:289 [IN ] C8 24 (2)
2026-03-20 08:15:32:310 [IN ] 08 0B 25 A5 08 01 31 03 C9 3A 09 49 17 B2 (14)
                              [N8:R] LFLAG ':' 9 (9)
2026-03-20 08:15:32:333 [OUT] 25 A5 01 08 31 03 CA 3D 09 4D 19 (11)
                              [N8:R] RFLAG '=' 9 (9)
2026-03-20 08:15:32:395 [IN ] C8 24 03 0B 25 A5 03 01 31 03 C9 3A 0B 46 F6 B2 (16)
                              [N3:X] LFLAG ':' 11 (11)
2026-03-20 08:15:32:417 [OUT] 25 A5 01 03 31 03 88 00 50 10 02 (11)
                              [N3:X] RUN 0 80 (80)
2026-03-20 08:15:32:502 [IN ] C8 24 04 0B 25 A5 04 01 31 03 C9 3A 0B 47 FD B2 (16)
                              [N4:Y] LFLAG ':' 11 (11)
2026-03-20 08:15:32:525 [OUT] 25 A5 01 04 31 03 88 00 50 11 08 (11)
                              [N4:Y] RUN 0 80 (80)
2026-03-20 08:15:32:629 [IN ] C8 24 0C 0B 25 A5 0C 01 31 03 C9 3A 0B 4F 35 B2 (16)
                              [N12:Z] LFLAG ':' 11 (11)
2026-03-20 08:15:32:651 [OUT] 25 A5 01 0C 31 03 88 00 50 19 38 (11)
                              [N12:Z] RUN 0 80 (80)
2026-03-20 08:15:32:713 [IN ] C8 24 08 0B 25 A5 08 01 31 03 CA 3A 09 4A 1A B2 (16)
                              [N8:R] RFLAG ':' 9 (9)
2026-03-20 08:15:32:837 [IN ] C8 24 03 0C 25 A5 03 01 31 04 88 53 00 50 64 C2 EA (17)
                              [N3:X] RUN 'S' 0 80 (80)
2026-03-20 08:15:32:960 [IN ] C8 24 04 0C 25 A5 04 01 31 04 88 53 00 50 65 CA EA (17)
                              [N4:Y] RUN 'S' 0 80 (80)
2026-03-20 08:15:33:063 [IN ] C8 24 0C 0C 25 A5 0C 01 31 04 88 53 00 50 6D 0A EA (17)
                              [N12:Z] RUN 'S' 0 80 (80)
2026-03-20 08:15:39:879 [IN ] C8 24 04 0B 25 A5 04 01 31 03 81 5A 4C 60 A6 0A C8 24 04 0A 25 A5 04 01 31 02 81 49 02 32 A6 (31)
                              [N4:Y] TPOS 'Z' 76 (76)
                              [N4:Y] TPOS 'I'
2026-03-20 08:15:40:102 [OUT] 25 A5 01 09 31 02 D8 3F 54 EC (10)
                              [N9:P] INTERRUPT '?'
2026-03-20 08:15:40:404 [IN ] C8 24 09 0C 25 A5 09 01 31 04 D8 3A 01 01 53 9A EA (17)
                              [N9:P] INTERRUPT ':' 1 1 (257)
2026-03-20 08:15:40:425 [OUT] 25 A5 01 04 31 03 C9 3D 09 48 FE (11)
                              [N4:Y] LFLAG '=' 9 (9)
2026-03-20 08:15:40:447 [OUT] 25 A5 01 07 31 02 D8 3F 52 E2 (10)
                              [N7:N] INTERRUPT '?'
2026-03-20 08:15:40:748 [IN ] C8 24 04 0B 25 A5 04 01 31 03 C9 3A 09 45 FB 9A C8 24 07 0C 25 A5 07 01 31 04 D8 3A 01 01 51 8A EA (33)
                              [N4:Y] LFLAG ':' 9 (9)
                              [N7:N] INTERRUPT ':' 1 1 (257)
2026-03-20 08:15:40:769 [OUT] 25 A5 01 09 31 03 C9 3D 0B 4F 1E (11)
                              [N9:P] LFLAG '=' 11 (11)
2026-03-20 08:15:40:792 [OUT] 25 A5 01 07 31 03 C9 3D 0B 4D 12 (11)
                              [N7:N] LFLAG '=' 11 (11)
2026-03-20 08:15:40:937 [IN ] C8 24 09 0B 25 A5 09 01 31 03 C9 3A 0B 4C 20 8A (16)
                              [N9:P] LFLAG ':' 11 (11)
2026-03-20 08:15:40:960 [OUT] 25 A5 01 09 31 03 88 00 50 16 26 (11)
                              [N9:P] RUN 0 80 (80)
2026-03-20 08:15:41:045 [IN ] C8 24 07 0B 25 A5 07 01 31 03 C9 3A 0B 4A 12 8A (16)
                              [N7:N] LFLAG ':' 11 (11)
2026-03-20 08:15:41:068 [OUT] 25 A5 01 07 31 03 88 00 50 14 1A (11)
                              [N7:N] RUN 0 80 (80)
2026-03-20 08:15:41:151 [IN ] C8 24 09 0C 25 A5 09 01 31 04 88 53 00 50 6A F2 EA (17)
                              [N9:P] RUN 'S' 0 80 (80)
2026-03-20 08:15:41:195 [IN ] C8 24 09 0B 25 A5 09 01 31 03 81 5A 4C 65 C9 F2 (16)
                              [N9:P] TPOS 'Z' 76 (76)
2026-03-20 08:15:41:257 [IN ] C8 24 09 0A 25 A5 09 01 31 02 81 49 07 50 C9 C8 24 07 0C 25 A5 07 01 31 04 88 (26)
                              [N9:P] TPOS 'I'
2026-03-20 08:15:41:280 [IN ] 53 00 50 68 E2 EA (6)
                              [N7:N] RUN 'S' 0 80 (80)
2026-03-20 08:15:41:301 [OUT] 25 A5 01 09 31 03 C9 3D 09 4D 1C (11)
                              [N9:P] LFLAG '=' 9 (9)
2026-03-20 08:15:41:323 [OUT] 25 A5 01 04 31 05 81 FF EE 88 01 32 FA (13)
                              [N4:Y] TPOS 255 238 136 1 (-1144831)
2026-03-20 08:15:41:467 [IN ] C8 24 09 0B 25 A5 09 01 31 03 C9 3A 09 4A 1E E2 (16)
                              [N9:P] LFLAG ':' 9 (9)
2026-03-20 08:15:41:611 [IN ] C8 24 04 0E 25 A5 04 01 31 06 81 53 00 00 00 00 10 88 0A (19)
                              [N4:Y] TPOS 'S' 0 0 0 0 (0)
2026-03-20 08:15:41:813 [IN ] C8 24 03 0B 25 A5 03 01 31 03 81 5A 4C 5F 9F 00 (16)
                              [N3:X] TPOS 'Z' 76 (76)
2026-03-20 08:15:42:015 [IN ] C8 24 03 0A 25 A5 03 01 31 02 81 49 01 2C 9F (15)
                              [N3:X] TPOS 'I'
2026-03-20 08:15:42:238 [OUT] 25 A5 01 03 31 03 C9 3D 09 47 F8 (11)
                              [N3:X] LFLAG '=' 9 (9)
2026-03-20 08:15:42:422 [IN ] C8 24 03 0B 25 A5 03 01 31 03 C9 3A 09 44 F4 00 (16)
                              [N3:X] LFLAG ':' 9 (9)
2026-03-20 08:15:45:228 [IN ] C8 24 07 0B 25 A5 07 01 31 03 81 5A 4C 63 BB 00 C8 24 07 0A 25 A5 07 01 31 02 81 49 05 44 BB (31)
                              [N7:N] TPOS 'Z' 76 (76)
                              [N7:N] TPOS 'I'
2026-03-20 08:15:45:450 [OUT] 25 A5 01 07 31 03 C9 3D 09 4B 10 (11)
                              [N7:N] LFLAG '=' 9 (9)
2026-03-20 08:15:45:615 [IN ] C8 24 07 0B 25 A5 07 01 31 03 C9 3A 09 48 10 00 (16)
                              [N7:N] LFLAG ':' 9 (9)
2026-03-20 08:15:47:820 [IN ] C8 24 04 0E 25 A5 04 01 31 06 81 45 FF EE 85 7D F1 8F 0A (19)
                              [N4:Y] TPOS 'E' 255 238 133 125 (-1145475)
2026-03-20 08:15:48:045 [OUT] 25 A5 01 09 31 05 81 FF E7 5D 56 5A 0C (13)
                              [N9:P] TPOS 255 231 93 86 (-1614506)
2026-03-20 08:15:48:069 [OUT] 25 A5 01 04 31 05 81 FF FD 50 01 09 B7 (13)
                              [N4:Y] TPOS 255 253 80 1 (-176127)
2026-03-20 08:15:48:091 [OUT] 25 A5 01 07 31 05 81 FF AB 19 75 F7 DF (13)
                              [N7:N] TPOS 255 171 25 117 (-5564043)
2026-03-20 08:15:48:114 [OUT] 25 A5 01 03 31 05 81 FF EC 4A AB 9B 1A (13)
                              [N3:X] TPOS 255 236 74 171 (-1291605)
2026-03-20 08:15:48:136 [OUT] 25 A5 01 06 31 02 D8 3F 51 DD (10)
                              [N6:H] INTERRUPT '?'
2026-03-20 08:15:48:437 [IN ] C8 24 09 0E 25 A5 09 01 31 06 81 53 FF FF FF F9 0B AA 0A C8 24 04 0E 25 A5 04 01 31 06 81 53 FF EE 85 7D FF D5 0A (38)
                              [N9:P] TPOS 'S' 255 255 255 249 (-7)
                              [N4:Y] TPOS 'S' 255 238 133 125 (-1145475)
2026-03-20 08:15:48:740 [IN ] C8 24 07 0E 25 A5 07 01 31 06 81 53 FF FF FF EB FB 88 0A C8 24 03 0E 25 A5 03 01 31 06 81 53 00 00 00 00 0F 7E 0A C8 24 0C 0B 25 A5 0C 01 31 03 81 5A 4C 68 DE 00 C8 24 0C 0A 25 A5 0C 01 31 02 
81 49 0A 62 DE C8 24 06 0C 25 A5 06 01 31 04 D8 3A 01 01 50 82 0F (86)
                              [N7:N] TPOS 'S' 255 255 255 235 (-21)
                              [N3:X] TPOS 'S' 0 0 0 0 (0)
                              [N12:Z] TPOS 'Z' 76 (76)
                              [N12:Z] TPOS 'I'
                              [N6:H] INTERRUPT ':' 1 1 (257)
2026-03-20 08:15:48:760 [OUT] 25 A5 01 06 31 03 C9 3D 0B 4C 0C (11)
                              [N6:H] LFLAG '=' 11 (11)
2026-03-20 08:15:48:782 [OUT] 25 A5 01 0C 31 03 C9 3D 09 50 2E (11)
                              [N12:Z] LFLAG '=' 9 (9)
2026-03-20 08:15:48:947 [IN ] C8 24 06 0B 25 A5 06 01 31 03 C9 3A 0B 49 0B 82 (16)
                              [N6:H] LFLAG ':' 11 (11)
2026-03-20 08:15:48:968 [OUT] 25 A5 01 06 31 03 88 FF B0 72 72 (11)
                              [N6:H] RUN 255 176 (-80)
2026-03-20 08:15:49:031 [IN ] C8 24 0C 0B 25 A5 0C 01 31 03 C9 3A 09 4D 33 82 (16)
                              [N12:Z] LFLAG ':' 9 (9)
2026-03-20 08:15:49:053 [OUT] 25 A5 01 0C 31 05 81 FF BC D0 00 4F 33 (13)
                              [N12:Z] TPOS 255 188 208 0 (-4403200)
2026-03-20 08:15:49:156 [IN ] C8 24 06 0C 25 A5 06 01 31 04 88 53 FF B0 C6 38 0F (17)
                              [N6:H] RUN 'S' 255 176 (-80)
2026-03-20 08:15:49:280 [IN ] C8 24 0C 0E 25 A5 0C 01 31 06 81 53 FF FF FF 7A 8F 49 0A (19)
                              [N12:Z] TPOS 'S' 255 255 255 122 (-134)
2026-03-20 08:15:53:092 [IN ] C8 24 06 0B 25 A5 06 01 31 03 81 5A 4C 62 B4 7A C8 24 06 0A 25 A5 06 01 31 02 81 49 04 3E B4 (31)
                              [N6:H] TPOS 'Z' 76 (76)
                              [N6:H] TPOS 'I'
2026-03-20 08:15:53:315 [OUT] 25 A5 01 06 31 03 C9 3D 09 4A 0A (11)
                              [N6:H] LFLAG '=' 9 (9)
2026-03-20 08:15:53:500 [IN ] C8 24 06 0B 25 A5 06 01 31 03 C9 3A 09 47 09 7A (16)
                              [N6:H] LFLAG ':' 9 (9)
2026-03-20 08:15:53:521 [OUT] 25 A5 01 06 31 03 84 00 50 0F 08 (11)
                              [N6:H] VEL 0 80 (80)
2026-03-20 08:15:53:685 [IN ] C8 24 06 0C 25 A5 06 01 31 04 84 53 00 50 63 CA 8F (17)
                              [N6:H] VEL 'S' 0 80 (80)
2026-03-20 08:15:53:707 [OUT] 25 A5 01 06 31 05 81 00 19 82 3C 95 BE (13)
                              [N6:H] TPOS 0 25 130 60 (1671740)
2026-03-20 08:15:53:891 [IN ] C8 24 06 0E 25 A5 06 01 31 06 81 53 FF FF FF FF 0E 92 0A (19)
                              [N6:H] TPOS 'S' 255 255 255 255 (-1)
2026-03-20 08:15:55:295 [IN ] C8 24 03 0E 25 A5 03 01 31 06 81 45 FF EC 47 E9 1C 6F 0A (19)
                              [N3:X] TPOS 'E' 255 236 71 233 (-1292311)
2026-03-20 08:15:55:719 [OUT] 25 A5 01 03 31 05 81 FF FD 50 01 08 AF (13)
                              [N3:X] TPOS 255 253 80 1 (-176127)
2026-03-20 08:15:55:905 [IN ] C8 24 03 0E 25 A5 03 01 31 06 81 53 FF EC 47 E9 2A B5 0A (19)
                              [N3:X] TPOS 'S' 255 236 71 233 (-1292311)
2026-03-20 08:15:56:106 [IN ] C8 24 09 0E 25 A5 09 01 31 06 81 45 FF E7 59 71 B7 48 0A (19)
                              [N9:P] TPOS 'E' 255 231 89 113 (-1615503)
2026-03-20 08:15:56:530 [OUT] 25 A5 01 09 31 05 81 FF FF D9 C8 60 BE (13)
                              [N9:P] TPOS 255 255 217 200 (-9784)
2026-03-20 08:15:56:715 [IN ] C8 24 09 0E 25 A5 09 01 31 06 81 53 FF E7 59 73 C7 90 0A (19)
                              [N9:P] TPOS 'S' 255 231 89 115 (-1615501)
2026-03-20 08:15:57:717 [IN ] C8 24 04 0E 25 A5 04 01 31 06 81 45 FF FD 50 57 A5 2C 0A (19)
                              [N4:Y] TPOS 'E' 255 253 80 87 (-176041)
2026-03-20 08:16:01:524 [IN ] C8 24 06 0E 25 A5 06 01 31 06 81 45 00 19 86 23 C6 D0 0A (19)
                              [N6:H] TPOS 'E' 0 25 134 35 (1672739)
2026-03-20 08:16:01:948 [OUT] 25 A5 01 06 31 05 81 00 0D 03 C1 8F 21 (13)
                              [N6:H] TPOS 0 13 3 193 (852929)
2026-03-20 08:16:02:134 [IN ] C8 24 06 0E 25 A5 06 01 31 06 81 53 00 19 86 23 D4 16 0A (19)
                              [N6:H] TPOS 'S' 0 25 134 35 (1672739)
2026-03-20 08:16:04:339 [IN ] C8 24 09 0E 25 A5 09 01 31 06 81 45 FF FF DD CD AF F4 0A (19)
                              [N9:P] TPOS 'E' 255 255 221 205 (-8755)
2026-03-20 08:16:04:563 [OUT] 25 A5 01 08 31 02 D8 3F 53 E7 (10)
                              [N8:R] INTERRUPT '?'
2026-03-20 08:16:04:864 [IN ] C8 24 03 0E 25 A5 03 01 31 06 81 45 FF FD 50 DF 2C AA 0A C8 24 08 0C 25 A5 08 01 31 04 D8 3A 01 01 52 92 2C (36)
                              [N3:X] TPOS 'E' 255 253 80 223 (-175905)
                              [N8:R] INTERRUPT ':' 1 1 (257)
2026-03-20 08:16:04:886 [OUT] 25 A5 01 08 31 03 CA 3D 0B 4F 1B (11)
                              [N8:R] RFLAG '=' 11 (11)
2026-03-20 08:16:05:051 [IN ] C8 24 08 0B 25 A5 08 01 31 03 CA 3A 0B 4C 1C 92 (16)
                              [N8:R] RFLAG ':' 11 (11)
2026-03-20 08:16:05:073 [OUT] 25 A5 01 08 31 03 88 00 50 15 20 (11)
                              [N8:R] RUN 0 80 (80)
2026-03-20 08:16:05:238 [IN ] C8 24 08 0C 25 A5 08 01 31 04 88 53 00 50 69 EA 2C (17)
                              [N8:R] RUN 'S' 0 80 (80)
2026-03-20 08:16:05:840 [IN ] C8 24 06 0E 25 A5 06 01 31 06 81 45 00 0C FE 92 A0 08 0A (19)
                              [N6:H] TPOS 'E' 0 12 254 146 (851602)
2026-03-20 08:16:06:065 [OUT] 25 A5 01 05 31 02 D8 3F 50 D8 (10)
                              [N5:V] INTERRUPT '?'
2026-03-20 08:16:06:366 [IN ] C8 24 05 0C 25 A5 05 01 31 04 D8 3A 01 01 4F 7A A0 (17)
                              [N5:V] INTERRUPT ':' 1 1 (257)
2026-03-20 08:16:06:388 [OUT] 25 A5 01 05 31 03 C9 3D 0B 4B 06 (11)
                              [N5:V] LFLAG '=' 11 (11)
2026-03-20 08:16:06:552 [IN ] C8 24 05 0B 25 A5 05 01 31 03 C9 3A 0B 48 04 7A (16)
                              [N5:V] LFLAG ':' 11 (11)
2026-03-20 08:16:06:573 [OUT] 25 A5 01 05 31 03 88 FF B0 71 6C (11)
                              [N5:V] RUN 255 176 (-80)
2026-03-20 08:16:06:737 [IN ] C8 24 05 0C 25 A5 05 01 31 04 88 53 FF B0 C5 30 A0 (17)
                              [N5:V] RUN 'S' 255 176 (-80)
2026-03-20 08:16:11:748 [IN ] C8 24 05 0B 25 A5 05 01 31 03 81 5A 4C 61 AD 30 C8 24 05 0A 25 A5 05 01 31 02 81 49 03 38 AD (31)
                              [N5:V] TPOS 'Z' 76 (76)
                              [N5:V] TPOS 'I'
2026-03-20 08:16:11:950 [IN ] C8 24 0C 0E 25 A5 0C 01 31 06 81 45 FF BC CD 93 25 EF 0A (19)
                              [N12:Z] TPOS 'E' 255 188 205 147 (-4403821)
2026-03-20 08:16:11:971 [OUT] 25 A5 01 05 31 03 C9 3D 09 49 04 (11)
                              [N5:V] LFLAG '=' 9 (9)
2026-03-20 08:16:12:015 [OUT] 25 A5 01 0C 31 05 81 FF D1 1A 67 15 6D (13)
                              [N12:Z] TPOS 255 209 26 103 (-3073433)
2026-03-20 08:16:12:079 [IN ] C8 24 08 0B 25 A5 08 01 31 03 81 5A 52 6A C8 93 (16)
                              [N8:R] TPOS 'Z' 82 (82)
2026-03-20 08:16:12:121 [IN ] C8 24 08 0A 25 A5 08 01 31 02 81 49 06 4A C8 C8 24 05 0B 25 A5 05 01 31 03 C9 3A 09 46 02 93 (31)
                              [N8:R] TPOS 'I'
                              [N5:V] LFLAG ':' 9 (9)
2026-03-20 08:16:12:143 [OUT] 25 A5 01 05 31 03 84 00 50 0E 02 (11)
                              [N5:V] VEL 0 80 (80)
2026-03-20 08:16:12:165 [OUT] 25 A5 01 08 31 03 CA 3D 09 4D 19 (11)
                              [N8:R] RFLAG '=' 9 (9)
2026-03-20 08:16:12:248 [IN ] C8 24 0C 0E 25 A5 0C 01 31 06 81 53 FF BC CD AA 4A 4C 0A (19)
                              [N12:Z] TPOS 'S' 255 188 205 170 (-4403798)
2026-03-20 08:16:12:371 [IN ] C8 24 05 0C 25 A5 05 01 31 04 84 53 00 50 62 C2 4A (17)
                              [N5:V] VEL 'S' 0 80 (80)
2026-03-20 08:16:12:393 [OUT] 25 A5 01 05 31 05 81 00 19 82 3C 94 B6 (13)
                              [N5:V] TPOS 0 25 130 60 (1671740)
2026-03-20 08:16:12:497 [IN ] C8 24 08 0B 25 A5 08 01 31 03 CA 3A 09 4A 1A C2 (16)
                              [N8:R] RFLAG ':' 9 (9)
2026-03-20 08:16:12:518 [OUT] 25 A5 01 08 31 05 81 FF DC 77 1D 2F DE (13)
                              [N8:R] TPOS 255 220 119 29 (-2328803)
2026-03-20 08:16:12:600 [IN ] C8 24 05 0E 25 A5 05 01 31 06 81 53 00 00 00 00 11 92 0A (19)
                              [N5:V] TPOS 'S' 0 0 0 0 (0)
2026-03-20 08:16:12:744 [IN ] C8 24 08 0E 25 A5 08 01 31 06 81 53 FF FF FF C1 D2 68 0A (19)
                              [N8:R] TPOS 'S' 255 255 255 193 (-63)
2026-03-20 08:16:13:747 [IN ] C8 24 07 0E 25 A5 07 01 31 06 81 45 FF AB 14 B1 74 36 0A (19)
                              [N7:N] TPOS 'E' 255 171 20 177 (-5565263)
2026-03-20 08:16:14:172 [OUT] 25 A5 01 07 31 05 81 FF F3 35 BF A5 39 (13)
                              [N7:N] TPOS 255 243 53 191 (-838209)
2026-03-20 08:16:14:357 [IN ] C8 24 07 0E 25 A5 07 01 31 06 81 53 FF AB 14 B2 83 7D 0A (19)
                              [N7:N] TPOS 'S' 255 171 20 178 (-5565262)
2026-03-20 08:16:19:169 [IN ] C8 24 0C 0E 25 A5 0C 01 31 06 81 45 FF D1 1D 60 57 9B 0A (19)
                              [N12:Z] TPOS 'E' 255 209 29 96 (-3072672)
2026-03-20 08:16:20:576 [IN ] C8 24 05 0E 25 A5 05 01 31 06 81 45 00 19 85 F5 96 96 0A (19)
                              [N5:V] TPOS 'E' 0 25 133 245 (1672693)
2026-03-20 08:16:21:000 [OUT] 25 A5 01 05 31 05 81 00 0D 03 C1 8E 19 (13)
                              [N5:V] TPOS 0 13 3 193 (852929)
2026-03-20 08:16:21:185 [IN ] C8 24 05 0E 25 A5 05 01 31 06 81 53 00 19 85 F5 A4 DC 0A (19)
                              [N5:V] TPOS 'S' 0 25 133 245 (1672693)
2026-03-20 08:16:25:394 [IN ] C8 24 08 0E 25 A5 08 01 31 06 81 45 FF DC 74 9B F0 7D 0A (19)
                              [N8:R] TPOS 'E' 255 220 116 155 (-2329445)
2026-03-20 08:16:25:818 [OUT] 25 A5 01 08 31 05 81 FF EE 15 56 18 89 (13)
                              [N8:R] TPOS 255 238 21 86 (-1174186)
2026-03-20 08:16:26:002 [IN ] C8 24 08 0E 25 A5 08 01 31 06 81 53 FF DC 74 A4 07 CC 0A (19)
                              [N8:R] TPOS 'S' 255 220 116 164 (-2329436)
2026-03-20 08:16:26:203 [IN ] C8 24 05 0E 25 A5 05 01 31 06 81 45 00 0D 01 B1 C2 26 0A (19)
                              [N5:V] TPOS 'E' 0 13 1 177 (852401)
2026-03-20 08:16:26:426 [OUT] 25 A5 01 03 31 05 81 FF ED B1 30 88 70 (13)
                              [N3:X] TPOS 255 237 177 48 (-1199824)
2026-03-20 08:16:26:447 [OUT] 25 A5 01 04 31 05 81 FF F3 BD 0C 77 7E (13)
                              [N4:Y] TPOS 255 243 189 12 (-803572)
2026-03-20 08:16:26:613 [IN ] C8 24 03 0E 25 A5 03 01 31 06 81 53 FF FD 50 DF 3A F0 0A (19)
                              [N3:X] TPOS 'S' 255 253 80 223 (-175905)
2026-03-20 08:16:26:738 [IN ] C8 24 04 0E 25 A5 04 01 31 06 81 53 FF FD 50 57 B3 72 0A (19)
                              [N4:Y] TPOS 'S' 255 253 80 87 (-176041)
2026-03-20 08:16:30:346 [IN ] C8 24 04 0E 25 A5 04 01 31 06 81 45 FF F3 BA 61 0F EC 0A (19)
                              [N4:Y] TPOS 'E' 255 243 186 97 (-804255)
2026-03-20 08:16:31:751 [IN ] C8 24 03 0E 25 A5 03 01 31 06 81 45 FF ED AE 57 F2 AE 0A (19)
                              [N3:X] TPOS 'E' 255 237 174 87 (-1200553)
2026-03-20 08:16:32:754 [IN ] C8 24 08 0E 25 A5 08 01 31 06 81 45 FF EE 17 46 50 A4 0A (19)
                              [N8:R] TPOS 'E' 255 238 23 70 (-1173690)
2026-03-20 08:16:35:763 [IN ] C8 24 07 0E 25 A5 07 01 31 06 81 45 FF F3 3A 57 88 00 0A (19)
                              [N7:N] TPOS 'E' 255 243 58 87 (-837033)
