2026-02-24 01:03:16:634 [OUT] 25 A5 01 0A 31 05 D6 3D FF 00 00 53 ED (13)
                              [N10:HMI] HMILED '=' 255 0 0 (16711680)
2026-02-24 01:03:16:656 [OUT] 25 A5 01 03 31 02 D8 3F 4E CE (10)
                              [N3:X] INTERRUPT '?'
2026-02-24 01:03:16:957 [IN ] C8 24 0A 0D 25 A5 0A 01 31 05 D6 3A FF 00 00 50 EA C1 C8 24 03 0C 25 A5 03 01 31 04 D8 3A 01 01 4D 6A EA (35)
                              [N10:HMI] HMILED ':' 255 0 0 (16711680)
                              [N3:X] INTERRUPT ':' 1 1 (257)
2026-02-24 01:03:16:978 [OUT] 25 A5 01 09 31 03 C9 3D 09 4D 1C (11)
                              [N9:P] LFLAG '=' 9 (9)
2026-02-24 01:03:17:000 [OUT] 25 A5 01 04 31 02 D8 3F 4F D3 (10)
                              [N4:Y] INTERRUPT '?'
2026-02-24 01:03:17:301 [IN ] C8 24 09 0B 25 A5 09 01 31 03 C9 3A 09 4A 1E 6A C8 24 04 0C 25 A5 04 01 31 04 D8 3A 01 01 4E 72 EA (33)
                              [N9:P] LFLAG ':' 9 (9)
                              [N4:Y] INTERRUPT ':' 1 1 (257)
2026-02-24 01:03:17:322 [OUT] 25 A5 01 09 31 03 CA 3D 09 4E 1F (11)
                              [N9:P] RFLAG '=' 9 (9)
2026-02-24 01:03:17:347 [OUT] 25 A5 01 0C 31 02 D8 3F 57 FB (10)
                              [N12:Z] INTERRUPT '?'
2026-02-24 01:03:17:649 [IN ] C8 24 09 0B 25 A5 09 01 31 03 CA 3A 09 4B 21 72 C8 24 0C 0C 25 A5 0C 01 31 04 D8 3A 01 01 56 B2 EA (33)
                              [N9:P] RFLAG ':' 9 (9)
                              [N12:Z] INTERRUPT ':' 1 1 (257)
2026-02-24 01:03:17:670 [OUT] 25 A5 01 08 31 03 C9 3D 09 4C 16 (11)
                              [N8:R] LFLAG '=' 9 (9)
2026-02-24 01:03:17:691 [OUT] 25 A5 01 03 31 03 C9 3D 0B 49 FA (11)
                              [N3:X] LFLAG '=' 11 (11)
2026-02-24 01:03:17:712 [OUT] 25 A5 01 04 31 03 C9 3D 0B 4A 00 (11)
                              [N4:Y] LFLAG '=' 11 (11)
2026-02-24 01:03:17:734 [OUT] 25 A5 01 0C 31 03 C9 3D 0B 52 30 (11)
                              [N12:Z] LFLAG '=' 11 (11)
2026-02-24 01:03:17:842 [IN ] C8 24 08 0B 25 A5 08 01 31 03 C9 3A 09 49 17 B2 (16)
                              [N8:R] LFLAG ':' 9 (9)
2026-02-24 01:03:17:864 [OUT] 25 A5 01 08 31 03 CA 3D 09 4D 19 (11)
                              [N8:R] RFLAG '=' 9 (9)
2026-02-24 01:03:17:949 [IN ] C8 24 03 0B 25 A5 03 01 31 03 C9 3A 0B 46 F6 B2 (16)
                              [N3:X] LFLAG ':' 11 (11)
2026-02-24 01:03:17:970 [OUT] 25 A5 01 03 31 03 88 00 50 10 02 (11)
                              [N3:X] RUN 0 80 (80)
2026-02-24 01:03:18:054 [IN ] C8 24 04 0B 25 A5 04 01 31 03 C9 3A 0B 47 FD B2 (16)
                              [N4:Y] LFLAG ':' 11 (11)
2026-02-24 01:03:18:075 [OUT] 25 A5 01 04 31 03 88 00 50 11 08 (11)
                              [N4:Y] RUN 0 80 (80)
2026-02-24 01:03:18:158 [IN ] C8 24 0C 0B 25 A5 0C 01 31 03 C9 3A 0B 4F 35 B2 (16)
                              [N12:Z] LFLAG ':' 11 (11)
2026-02-24 01:03:18:179 [OUT] 25 A5 01 0C 31 03 88 00 50 19 38 (11)
                              [N12:Z] RUN 0 80 (80)
2026-02-24 01:03:18:265 [IN ] C8 24 08 0B 25 A5 08 01 31 03 CA 3A 09 4A 1A B2 (16)
                              [N8:R] RFLAG ':' 9 (9)
2026-02-24 01:03:18:390 [IN ] C8 24 03 0C 25 A5 03 01 31 04 88 53 00 50 64 C2 EA (17)
                              [N3:X] RUN 'S' 0 80 (80)
2026-02-24 01:03:18:493 [IN ] C8 24 04 0C 25 A5 04 01 31 04 88 53 00 50 65 CA EA (17)
                              [N4:Y] RUN 'S' 0 80 (80)
2026-02-24 01:03:18:597 [IN ] C8 24 0C 0C 25 A5 0C 01 31 04 88 53 00 50 6D 0A EA (17)
                              [N12:Z] RUN 'S' 0 80 (80)
2026-02-24 01:03:25:825 [IN ] C8 24 04 0B 25 A5 04 01 31 03 81 5A 4C 60 A6 0A C8 24 04 0A 25 A5 04 01 31 02 81 49 02 32 A6 (31)
                              [N4:Y] TPOS 'Z' 76 (76)
                              [N4:Y] TPOS 'I'
2026-02-24 01:03:26:048 [OUT] 25 A5 01 09 31 02 D8 3F 54 EC (10)
                              [N9:P] INTERRUPT '?'
2026-02-24 01:03:26:349 [IN ] C8 24 09 0C 25 A5 09 01 31 04 D8 3A 01 01 53 9A EA (17)
                              [N9:P] INTERRUPT ':' 1 1 (257)
2026-02-24 01:03:26:371 [OUT] 25 A5 01 04 31 03 C9 3D 09 48 FE (11)
                              [N4:Y] LFLAG '=' 9 (9)
2026-02-24 01:03:26:394 [OUT] 25 A5 01 07 31 02 D8 3F 52 E2 (10)
                              [N7:N] INTERRUPT '?'
2026-02-24 01:03:26:695 [IN ] C8 24 04 0B 25 A5 04 01 31 03 C9 3A 09 45 FB 9A C8 24 07 0C 25 A5 07 01 31 04 D8 3A 01 01 51 8A EA (33)
                              [N4:Y] LFLAG ':' 9 (9)
                              [N7:N] INTERRUPT ':' 1 1 (257)
2026-02-24 01:03:26:715 [OUT] 25 A5 01 09 31 03 C9 3D 0B 4F 1E (11)
                              [N9:P] LFLAG '=' 11 (11)
2026-02-24 01:03:26:738 [OUT] 25 A5 01 07 31 03 C9 3D 0B 4D 12 (11)
                              [N7:N] LFLAG '=' 11 (11)
2026-02-24 01:03:26:886 [IN ] C8 24 09 0B 25 A5 09 01 31 03 C9 3A 0B 4C 20 8A (16)
                              [N9:P] LFLAG ':' 11 (11)
2026-02-24 01:03:26:907 [OUT] 25 A5 01 09 31 03 88 00 50 16 26 (11)
                              [N9:P] RUN 0 80 (80)
2026-02-24 01:03:26:992 [IN ] C8 24 07 0B 25 A5 07 01 31 03 C9 3A 0B 4A 12 8A (16)
                              [N7:N] LFLAG ':' 11 (11)
2026-02-24 01:03:27:014 [OUT] 25 A5 01 07 31 03 88 00 50 14 1A (11)
                              [N7:N] RUN 0 80 (80)
2026-02-24 01:03:27:097 [IN ] C8 24 09 0C 25 A5 09 01 31 04 88 53 00 50 6A F2 EA (17)
                              [N9:P] RUN 'S' 0 80 (80)
2026-02-24 01:03:27:161 [IN ] C8 24 09 0B 25 A5 09 01 31 03 81 5A 4C 65 C9 F2 (16)
                              [N9:P] TPOS 'Z' 76 (76)
2026-02-24 01:03:27:204 [IN ] C8 24 09 0A 25 A5 09 01 31 02 81 49 07 50 C9 (15)
                              [N9:P] TPOS 'I'
2026-02-24 01:03:27:226 [IN ] C8 24 07 0C 25 A5 07 01 31 04 88 53 00 50 68 E2 EA (17)
                              [N7:N] RUN 'S' 0 80 (80)
2026-02-24 01:03:27:247 [OUT] 25 A5 01 09 31 03 C9 3D 09 4D 1C (11)
                              [N9:P] LFLAG '=' 9 (9)
2026-02-24 01:03:27:268 [OUT] 25 A5 01 04 31 05 81 FF EE 88 01 32 FA (13)
                              [N4:Y] TPOS 255 238 136 1 (-1144831)
2026-02-24 01:03:27:413 [IN ] C8 24 09 0B 25 A5 09 01 31 03 C9 3A 09 4A 1E E2 (16)
                              [N9:P] LFLAG ':' 9 (9)
2026-02-24 01:03:27:538 [IN ] C8 24 04 0E 25 A5 04 01 31 06 81 53 00 00 00 00 10 88 53 (19)
                              [N4:Y] TPOS 'S' 0 0 0 0 (0)
2026-02-24 01:03:30:754 [IN ] C8 24 03 0B 25 A5 03 01 31 03 81 5A 4C 5F 9F 00 (16)
                              [N3:X] TPOS 'Z' 76 (76)
2026-02-24 01:03:30:956 [IN ] C8 24 03 0A 25 A5 03 01 31 02 81 49 01 2C 9F C8 24 07 0B 25 A5 07 01 31 03 81 5A 4C 63 BB 00 (31)
                              [N3:X] TPOS 'I'
                              [N7:N] TPOS 'Z' 76 (76)
2026-02-24 01:03:31:158 [IN ] C8 24 07 0A 25 A5 07 01 31 02 81 49 05 44 BB (15)
                              [N7:N] TPOS 'I'
2026-02-24 01:03:31:179 [OUT] 25 A5 01 03 31 03 C9 3D 09 47 F8 (11)
                              [N3:X] LFLAG '=' 9 (9)
2026-02-24 01:03:31:201 [OUT] 25 A5 01 07 31 03 C9 3D 09 4B 10 (11)
                              [N7:N] LFLAG '=' 9 (9)
2026-02-24 01:03:31:349 [IN ] C8 24 03 0B 25 A5 03 01 31 03 C9 3A 09 44 F4 00 (16)
                              [N3:X] LFLAG ':' 9 (9)
2026-02-24 01:03:31:452 [IN ] C8 24 07 0B 25 A5 07 01 31 03 C9 3A 09 48 10 00 (16)
                              [N7:N] LFLAG ':' 9 (9)
2026-02-24 01:03:33:861 [IN ] C8 24 04 0E 25 A5 04 01 31 06 81 45 FF EE 85 59 CD 6B 53 (19)
                              [N4:Y] TPOS 'E' 255 238 133 89 (-1145511)
2026-02-24 01:03:34:085 [OUT] 25 A5 01 09 31 05 81 FF E7 5D 56 5A 0C (13)
                              [N9:P] TPOS 255 231 93 86 (-1614506)
2026-02-24 01:03:34:107 [OUT] 25 A5 01 04 31 05 81 FF FD 50 01 09 B7 (13)
                              [N4:Y] TPOS 255 253 80 1 (-176127)
2026-02-24 01:03:34:128 [OUT] 25 A5 01 07 31 05 81 FF AB 19 75 F7 DF (13)
                              [N7:N] TPOS 255 171 25 117 (-5564043)
2026-02-24 01:03:34:150 [OUT] 25 A5 01 03 31 05 81 FF EC 4A AB 9B 1A (13)
                              [N3:X] TPOS 255 236 74 171 (-1291605)
2026-02-24 01:03:34:172 [OUT] 25 A5 01 06 31 02 D8 3F 51 DD (10)
                              [N6:H] INTERRUPT '?'
2026-02-24 01:03:34:472 [IN ] C8 24 09 0E 25 A5 09 01 31 06 81 53 FF FF FF EF 01 A0 53 C8 24 04 0E 25 A5 04 01 31 06 81 53 FF EE 85 5A DC B2 53 (38)
                              [N9:P] TPOS 'S' 255 255 255 239 (-17)
                              [N4:Y] TPOS 'S' 255 238 133 90 (-1145510)
2026-02-24 01:03:34:773 [IN ] C8 24 07 0E 25 A5 07 01 31 06 81 53 FF FF FF F8 08 95 53 C8 24 03 0E 25 A5 03 01 31 06 81 53 00 00 00 00 0F 7E 53 C8 24 06 0C 25 A5 06 01 31 04 D8 3A 01 01 50 82 0F (55)
                              [N7:N] TPOS 'S' 255 255 255 248 (-8)
                              [N3:X] TPOS 'S' 0 0 0 0 (0)
                              [N6:H] INTERRUPT ':' 1 1 (257)
2026-02-24 01:03:34:795 [OUT] 25 A5 01 06 31 03 C9 3D 0B 4C 0C (11)
                              [N6:H] LFLAG '=' 11 (11)
2026-02-24 01:03:34:964 [IN ] C8 24 06 0B 25 A5 06 01 31 03 C9 3A 0B 49 0B 82 (16)
                              [N6:H] LFLAG ':' 11 (11)
2026-02-24 01:03:34:986 [OUT] 25 A5 01 06 31 03 88 FF B0 72 72 (11)
                              [N6:H] RUN 255 176 (-80)
2026-02-24 01:03:35:154 [IN ] C8 24 06 0C 25 A5 06 01 31 04 88 53 FF B0 C6 38 0F (17)
                              [N6:H] RUN 'S' 255 176 (-80)
2026-02-24 01:03:37:563 [IN ] C8 24 0C 0B 25 A5 0C 01 31 03 81 5A 4C 68 DE 38 C8 24 0C 0A 25 A5 0C 01 31 02 81 49 0A 62 DE (31)
                              [N12:Z] TPOS 'Z' 76 (76)
                              [N12:Z] TPOS 'I'
2026-02-24 01:03:37:786 [OUT] 25 A5 01 0C 31 03 C9 3D 09 50 2E (11)
                              [N12:Z] LFLAG '=' 9 (9)
2026-02-24 01:03:37:933 [IN ] C8 24 0C 0B 25 A5 0C 01 31 03 C9 3A 09 4D 33 38 (16)
                              [N12:Z] LFLAG ':' 9 (9)
2026-02-24 01:03:37:955 [OUT] 25 A5 01 0C 31 05 81 FF BC D0 00 4F 33 (13)
                              [N12:Z] TPOS 255 188 208 0 (-4403200)
2026-02-24 01:03:38:143 [IN ] C8 24 0C 0E 25 A5 0C 01 31 06 81 53 FF FF FF 63 78 32 53 (19)
                              [N12:Z] TPOS 'S' 255 255 255 99 (-157)
2026-02-24 01:03:39:550 [IN ] C8 24 06 0B 25 A5 06 01 31 03 81 5A 4C 62 B4 63 (16)
                              [N6:H] TPOS 'Z' 76 (76)
2026-02-24 01:03:39:752 [IN ] C8 24 06 0A 25 A5 06 01 31 02 81 49 04 3E B4 (15)
                              [N6:H] TPOS 'I'
2026-02-24 01:03:39:975 [OUT] 25 A5 01 06 31 03 C9 3D 09 4A 0A (11)
                              [N6:H] LFLAG '=' 9 (9)
2026-02-24 01:03:40:143 [IN ] C8 24 06 0B 25 A5 06 01 31 03 C9 3A 09 47 09 63 (16)
                              [N6:H] LFLAG ':' 9 (9)
2026-02-24 01:03:40:165 [OUT] 25 A5 01 06 31 03 84 00 50 0F 08 (11)
                              [N6:H] VEL 0 80 (80)
2026-02-24 01:03:40:332 [IN ] C8 24 06 0C 25 A5 06 01 31 04 84 53 00 50 63 CA 78 (17)
                              [N6:H] VEL 'S' 0 80 (80)
2026-02-24 01:03:40:353 [OUT] 25 A5 01 06 31 05 81 00 19 82 3C 95 BE (13)
                              [N6:H] TPOS 0 25 130 60 (1671740)
2026-02-24 01:03:40:542 [IN ] C8 24 06 0E 25 A5 06 01 31 06 81 53 FF FF FF FF 0E 92 53 (19)
                              [N6:H] TPOS 'S' 255 255 255 255 (-1)
2026-02-24 01:03:41:346 [IN ] C8 24 03 0E 25 A5 03 01 31 06 81 45 FF EC 47 A7 DA 2D 53 (19)
                              [N3:X] TPOS 'E' 255 236 71 167 (-1292377)
2026-02-24 01:03:41:769 [OUT] 25 A5 01 03 31 05 81 FF FD 50 01 08 AF (13)
                              [N3:X] TPOS 255 253 80 1 (-176127)
2026-02-24 01:03:41:957 [IN ] C8 24 03 0E 25 A5 03 01 31 06 81 53 FF EC 47 A7 E8 73 53 (19)
                              [N3:X] TPOS 'S' 255 236 71 167 (-1292377)
2026-02-24 01:03:43:562 [IN ] C8 24 04 0E 25 A5 04 01 31 06 81 45 FF FD 4F 8E DB 61 53 (19)
                              [N4:Y] TPOS 'E' 255 253 79 142 (-176242)
2026-02-24 01:03:44:566 [IN ] C8 24 09 0E 25 A5 09 01 31 06 81 45 FF E7 5C 2A 73 07 53 (19)
                              [N9:P] TPOS 'E' 255 231 92 42 (-1614806)
2026-02-24 01:03:44:991 [OUT] 25 A5 01 09 31 05 81 FF FF D9 C8 60 BE (13)
                              [N9:P] TPOS 255 255 217 200 (-9784)
2026-02-24 01:03:45:179 [IN ] C8 24 09 0E 25 A5 09 01 31 06 81 53 FF E7 5C 35 8C 58 53 (19)
                              [N9:P] TPOS 'S' 255 231 92 53 (-1614795)
2026-02-24 01:03:48:991 [IN ] C8 24 06 0E 25 A5 06 01 31 06 81 45 00 19 85 9A 3C 45 53 (19)
                              [N6:H] TPOS 'E' 0 25 133 154 (1672602)
2026-02-24 01:03:49:415 [OUT] 25 A5 01 06 31 05 81 00 0D 03 C1 8F 21 (13)
                              [N6:H] TPOS 0 13 3 193 (852929)
2026-02-24 01:03:49:602 [IN ] C8 24 06 0E 25 A5 06 01 31 06 81 53 00 19 85 99 49 8A 53 (19)
                              [N6:H] TPOS 'S' 0 25 133 153 (1672601)
2026-02-24 01:03:53:417 [IN ] C8 24 06 0E 25 A5 06 01 31 06 81 45 00 0C FE CD DB 43 53 (19)
                              [N6:H] TPOS 'E' 0 12 254 205 (851661)
2026-02-24 01:03:53:639 [OUT] 25 A5 01 05 31 02 D8 3F 50 D8 (10)
                              [N5:V] INTERRUPT '?'
2026-02-24 01:03:53:940 [IN ] C8 24 05 0C 25 A5 05 01 31 04 D8 3A 01 01 4F 7A DB (17)
                              [N5:V] INTERRUPT ':' 1 1 (257)
2026-02-24 01:03:53:961 [OUT] 25 A5 01 05 31 03 C9 3D 0B 4B 06 (11)
                              [N5:V] LFLAG '=' 11 (11)
2026-02-24 01:03:54:109 [IN ] C8 24 05 (3)
2026-02-24 01:03:54:132 [IN ] 0B 25 A5 05 01 31 03 C9 3A 0B 48 04 7A (13)
                              [N5:V] LFLAG ':' 11 (11)
2026-02-24 01:03:54:153 [OUT] 25 A5 01 05 31 03 88 FF B0 71 6C (11)
                              [N5:V] RUN 255 176 (-80)
2026-02-24 01:03:54:319 [IN ] C8 24 05 0C 25 A5 05 01 31 04 88 53 FF B0 C5 30 DB (17)
                              [N5:V] RUN 'S' 255 176 (-80)
2026-02-24 01:03:54:520 [IN ] C8 24 03 0E 25 A5 03 01 31 06 81 45 FF FD 4F 57 A3 20 53 (19)
                              [N3:X] TPOS 'E' 255 253 79 87 (-176297)
2026-02-24 01:03:55:324 [IN ] C8 24 09 0E 25 A5 09 01 31 06 81 45 FF FF DA A1 80 C2 53 (19)
                              [N9:P] TPOS 'E' 255 255 218 161 (-9567)
2026-02-24 01:03:55:547 [OUT] 25 A5 01 08 31 02 D8 3F 53 E7 (10)
                              [N8:R] INTERRUPT '?'
2026-02-24 01:03:55:849 [IN ] C8 24 08 0C 25 A5 08 01 31 04 D8 3A 01 01 52 92 80 (17)
                              [N8:R] INTERRUPT ':' 1 1 (257)
2026-02-24 01:03:55:870 [OUT] 25 A5 01 08 31 03 CA 3D 0B 4F 1B (11)
                              [N8:R] RFLAG '=' 11 (11)
2026-02-24 01:03:56:059 [IN ] C8 24 08 0B 25 A5 08 01 31 03 CA 3A 0B 4C 1C 92 (16)
                              [N8:R] RFLAG ':' 11 (11)
2026-02-24 01:03:56:079 [OUT] 25 A5 01 08 31 03 88 00 50 15 20 (11)
                              [N8:R] RUN 0 80 (80)
2026-02-24 01:03:56:245 [IN ] C8 24 08 0C 25 A5 08 01 31 04 88 53 00 50 69 EA 80 (17)
                              [N8:R] RUN 'S' 0 80 (80)
2026-02-24 01:03:59:254 [IN ] C8 24 05 0B 25 A5 05 01 31 03 81 5A 4C 61 AD EA (16)
                              [N5:V] TPOS 'Z' 76 (76)
2026-02-24 01:03:59:456 [IN ] C8 24 07 0E 25 A5 07 01 31 06 81 45 FF AB 14 41 04 C6 53 C8 24 05 0A 25 A5 05 01 31 02 81 49 03 38 14 (34)
                              [N7:N] TPOS 'E' 255 171 20 65 (-5565375)
                              [N5:V] TPOS 'I'
2026-02-24 01:03:59:680 [OUT] 25 A5 01 05 31 03 C9 3D 09 49 04 (11)
                              [N5:V] LFLAG '=' 9 (9)
2026-02-24 01:03:59:702 [OUT] 25 A5 01 07 31 05 81 FF F3 35 BF A5 39 (13)
                              [N7:N] TPOS 255 243 53 191 (-838209)
2026-02-24 01:03:59:828 [IN ] C8 24 05 0B 25 A5 05 01 31 03 C9 3A 09 46 02 41 (16)
                              [N5:V] LFLAG ':' 9 (9)
2026-02-24 01:03:59:849 [OUT] 25 A5 01 05 31 03 84 00 50 0E 02 (11)
                              [N5:V] VEL 0 80 (80)
2026-02-24 01:03:59:973 [IN ] C8 24 07 0E 25 A5 07 01 31 06 81 53 FF AB 14 41 12 0C 53 (19)
                              [N7:N] TPOS 'S' 255 171 20 65 (-5565375)
2026-02-24 01:04:00:078 [IN ] C8 24 05 0C 25 A5 05 01 31 04 84 53 00 50 62 C2 12 (17)
                              [N5:V] VEL 'S' 0 80 (80)
2026-02-24 01:04:00:100 [OUT] 25 A5 01 05 31 05 81 00 19 82 3C 94 B6 (13)
                              [N5:V] TPOS 0 25 130 60 (1671740)
2026-02-24 01:04:00:288 [IN ] C8 24 05 0E 25 A5 05 01 31 06 81 53 00 00 00 00 11 92 53 (19)
                              [N5:V] TPOS 'S' 0 0 0 0 (0)
2026-02-24 01:04:04:700 [IN ] C8 24 08 0B 25 A5 08 01 31 03 81 5A 52 6A C8 00 (16)
                              [N8:R] TPOS 'Z' 82 (82)
2026-02-24 01:04:04:902 [IN ] C8 24 08 0A 25 A5 08 01 31 02 81 49 06 4A C8 (15)
                              [N8:R] TPOS 'I'
2026-02-24 01:04:05:126 [OUT] 25 A5 01 08 31 03 CA 3D 09 4D 19 (11)
                              [N8:R] RFLAG '=' 9 (9)
2026-02-24 01:04:05:294 [IN ] C8 24 08 0B 25 A5 08 01 31 03 CA 3A 09 4A 1A 00 (16)
                              [N8:R] RFLAG ':' 9 (9)
2026-02-24 01:04:05:315 [OUT] 25 A5 01 08 31 05 81 FF DC 77 1D 2F DE (13)
                              [N8:R] TPOS 255 220 119 29 (-2328803)
2026-02-24 01:04:05:502 [IN ] C8 24 08 0E 25 A5 08 01 31 06 81 53 FF FF FF F1 02 98 53 (19)
                              [N8:R] TPOS 'S' 255 255 255 241 (-15)
2026-02-24 01:04:05:703 [IN ] C8 24 0C 0E 25 A5 0C 01 31 06 81 45 FF BC CF 3C D0 9C 53 (19)
                              [N12:Z] TPOS 'E' 255 188 207 60 (-4403396)
2026-02-24 01:04:06:129 [OUT] 25 A5 01 0C 31 05 81 FF D1 1A 67 15 6D (13)
                              [N12:Z] TPOS 255 209 26 103 (-3073433)
2026-02-24 01:04:06:318 [IN ] C8 24 0C 0E 25 A5 0C 01 31 06 81 53 FF BC CF 3D DF E3 53 (19)
                              [N12:Z] TPOS 'S' 255 188 207 61 (-4403395)
2026-02-24 01:04:08:124 [IN ] C8 24 05 0E 25 A5 05 01 31 06 81 45 00 19 86 16 B8 B9 53 (19)
                              [N5:V] TPOS 'E' 0 25 134 22 (1672726)
2026-02-24 01:04:08:549 [OUT] 25 A5 01 05 31 05 81 00 0D 03 C1 8E 19 (13)
                              [N5:V] TPOS 0 13 3 193 (852929)
2026-02-24 01:04:08:737 [IN ] C8 24 05 0E 25 A5 05 01 31 06 81 53 00 19 86 16 C6 FF 53 (19)
                              [N5:V] TPOS 'S' 0 25 134 22 (1672726)
2026-02-24 01:04:13:955 [IN ] C8 24 05 0E 25 A5 05 01 31 06 81 45 00 0D 02 10 22 87 53 (19)
                              [N5:V] TPOS 'E' 0 13 2 16 (852496)
2026-02-24 01:04:14:158 [IN ] C8 24 0C 0E 25 A5 0C 01 31 06 81 45 FF D1 1B 77 6C AE 53 (19)
                              [N12:Z] TPOS 'E' 255 209 27 119 (-3073161)
2026-02-24 01:04:14:179 [OUT] 25 A5 01 03 31 05 81 FF ED B1 30 88 70 (13)
                              [N3:X] TPOS 255 237 177 48 (-1199824)
2026-02-24 01:04:14:201 [OUT] 25 A5 01 04 31 05 81 FF F3 BD 0C 77 7E (13)
                              [N4:Y] TPOS 255 243 189 12 (-803572)
2026-02-24 01:04:14:367 [IN ] C8 24 03 0E 25 A5 03 01 31 06 81 (11)
2026-02-24 01:04:14:388 [IN ] 53 FF FD 4F 57 B1 66 53 (8)
                              [N3:X] TPOS 'S' 255 253 79 87 (-176297)
2026-02-24 01:04:14:512 [IN ] C8 24 04 0E 25 A5 04 01 31 06 81 53 FF FD 4F 8E E9 A7 53 (19)
                              [N4:Y] TPOS 'S' 255 253 79 142 (-176242)
2026-02-24 01:04:17:925 [IN ] C8 24 04 0E 25 A5 04 01 31 06 81 45 FF F3 BA 1B C9 A6 53 (19)
                              [N4:Y] TPOS 'E' 255 243 186 27 (-804325)
2026-02-24 01:04:19:533 [IN ] C8 24 03 0E 25 A5 03 01 31 06 81 45 FF ED AE 1C B7 73 53 (19)
                              [N3:X] TPOS 'E' 255 237 174 28 (-1200612)
2026-02-24 01:04:20:740 [IN ] C8 24 08 0E 25 A5 08 01 31 06 81 45 FF DC 74 7D D2 5F 53 (19)
                              [N8:R] TPOS 'E' 255 220 116 125 (-2329475)
2026-02-24 01:04:20:944 [IN ] C8 24 07 0E 25 A5 07 01 31 06 81 45 FF F3 3B 1C 4E C7 53 (19)
                              [N7:N] TPOS 'E' 255 243 59 28 (-836836)
2026-02-24 01:04:21:167 [OUT] 25 A5 01 08 31 05 81 FF EE 15 56 18 89 (13)
                              [N8:R] TPOS 255 238 21 86 (-1174186)
2026-02-24 01:04:21:355 [IN ] C8 24 08 0E 25 A5 08 01 31 06 81 53 FF DC 74 8A ED B2 53 (19)
                              [N8:R] TPOS 'S' 255 220 116 138 (-2329462)
2026-02-24 01:04:29:582 [IN ] C8 24 08 0E 25 A5 08 01 31 06 81 45 FF EE 17 4D 57 AB 53 (19)
                              [N8:R] TPOS 'E' 255 238 23 77 (-1173683)
