2026-02-24 01:52:09:448 [OUT] 25 A5 01 0A 31 05 D6 3D FF 00 00 53 ED (13)
                              [N10:HMI] HMILED '=' 255 0 0 (16711680)
2026-02-24 01:52:09:471 [OUT] 25 A5 01 03 31 02 D8 3F 4E CE (10)
                              [N3:X] INTERRUPT '?'
2026-02-24 01:52:09:772 [IN ] C8 24 0A 0D 25 A5 0A 01 31 05 D6 3A FF 00 00 50 EA C6 C8 24 03 0C 25 A5 03 01 31 04 D8 3A 01 01 4D 6A EA (35)
                              [N10:HMI] HMILED ':' 255 0 0 (16711680)
                              [N3:X] INTERRUPT ':' 1 1 (257)
2026-02-24 01:52:09:794 [OUT] 25 A5 01 09 31 03 C9 3D 09 4D 1C (11)
                              [N9:P] LFLAG '=' 9 (9)
2026-02-24 01:52:09:815 [OUT] 25 A5 01 04 31 02 D8 3F 4F D3 (10)
                              [N4:Y] INTERRUPT '?'
2026-02-24 01:52:10:116 [IN ] C8 24 09 0B 25 A5 09 01 31 03 C9 3A 09 4A 1E 6A C8 24 04 0C 25 A5 04 01 31 04 D8 3A 01 01 4E 72 EA (33)
                              [N9:P] LFLAG ':' 9 (9)
                              [N4:Y] INTERRUPT ':' 1 1 (257)
2026-02-24 01:52:10:137 [OUT] 25 A5 01 09 31 03 CA 3D 09 4E 1F (11)
                              [N9:P] RFLAG '=' 9 (9)
2026-02-24 01:52:10:159 [OUT] 25 A5 01 0C 31 02 D8 3F 57 FB (10)
                              [N12:Z] INTERRUPT '?'
2026-02-24 01:52:10:460 [IN ] C8 24 09 0B 25 A5 09 01 31 03 CA 3A 09 4B 21 72 C8 24 0C 0C 25 A5 0C 01 31 04 D8 3A 01 01 56 B2 EA (33)
                              [N9:P] RFLAG ':' 9 (9)
                              [N12:Z] INTERRUPT ':' 1 1 (257)
2026-02-24 01:52:10:482 [OUT] 25 A5 01 08 31 03 C9 3D 09 4C 16 (11)
                              [N8:R] LFLAG '=' 9 (9)
2026-02-24 01:52:10:503 [OUT] 25 A5 01 03 31 03 C9 3D 0B 49 FA (11)
                              [N3:X] LFLAG '=' 11 (11)
2026-02-24 01:52:10:525 [OUT] 25 A5 01 04 31 03 C9 3D 0B 4A 00 (11)
                              [N4:Y] LFLAG '=' 11 (11)
2026-02-24 01:52:10:549 [OUT] 25 A5 01 0C 31 03 C9 3D 0B 52 30 (11)
                              [N12:Z] LFLAG '=' 11 (11)
2026-02-24 01:52:10:655 [IN ] C8 24 08 0B 25 A5 08 01 31 03 C9 3A 09 49 17 B2 (16)
                              [N8:R] LFLAG ':' 9 (9)
2026-02-24 01:52:10:678 [OUT] 25 A5 01 08 31 03 CA 3D 09 4D 19 (11)
                              [N8:R] RFLAG '=' 9 (9)
2026-02-24 01:52:10:761 [IN ] C8 24 03 0B 25 A5 03 01 31 03 C9 (11)
2026-02-24 01:52:10:782 [IN ] 3A 0B 46 F6 B2 (5)
                              [N3:X] LFLAG ':' 11 (11)
2026-02-24 01:52:10:804 [OUT] 25 A5 01 03 31 03 88 00 50 10 02 (11)
                              [N3:X] RUN 0 80 (80)
2026-02-24 01:52:10:867 [IN ] C8 24 04 0B 25 A5 04 01 31 03 C9 3A 0B 47 FD B2 (16)
                              [N4:Y] LFLAG ':' 11 (11)
2026-02-24 01:52:10:890 [OUT] 25 A5 01 04 31 03 88 00 50 11 08 (11)
                              [N4:Y] RUN 0 80 (80)
2026-02-24 01:52:10:995 [IN ] C8 24 0C 0B 25 A5 0C 01 31 03 C9 3A 0B 4F 35 B2 (16)
                              [N12:Z] LFLAG ':' 11 (11)
2026-02-24 01:52:11:016 [OUT] 25 A5 01 0C 31 03 88 00 50 19 38 (11)
                              [N12:Z] RUN 0 80 (80)
2026-02-24 01:52:11:100 [IN ] C8 24 08 0B 25 A5 08 01 31 03 CA 3A 09 4A 1A B2 (16)
                              [N8:R] RFLAG ':' 9 (9)
2026-02-24 01:52:11:205 [IN ] C8 24 03 0C 25 A5 03 01 31 04 88 53 00 50 64 C2 EA (17)
                              [N3:X] RUN 'S' 0 80 (80)
2026-02-24 01:52:11:330 [IN ] C8 24 04 0C 25 A5 04 01 31 04 88 53 00 50 65 CA EA (17)
                              [N4:Y] RUN 'S' 0 80 (80)
2026-02-24 01:52:11:412 [IN ] C8 24 0C 0C 25 A5 0C (7)
2026-02-24 01:52:11:434 [IN ] 01 31 04 88 53 00 50 6D 0A EA (10)
                              [N12:Z] RUN 'S' 0 80 (80)
2026-02-24 01:52:18:266 [IN ] C8 24 04 0B 25 A5 04 01 31 03 81 5A 4C 60 A6 0A (16)
                              [N4:Y] TPOS 'Z' 76 (76)
2026-02-24 01:52:18:467 [IN ] C8 24 04 0A 25 A5 04 01 31 02 81 49 02 32 A6 (15)
                              [N4:Y] TPOS 'I'
2026-02-24 01:52:18:691 [OUT] 25 A5 01 09 31 02 D8 3F 54 EC (10)
                              [N9:P] INTERRUPT '?'
2026-02-24 01:52:18:992 [IN ] C8 24 09 0C 25 A5 09 01 31 04 D8 3A 01 01 53 9A EA (17)
                              [N9:P] INTERRUPT ':' 1 1 (257)
2026-02-24 01:52:19:014 [OUT] 25 A5 01 04 31 03 C9 3D 09 48 FE (11)
                              [N4:Y] LFLAG '=' 9 (9)
2026-02-24 01:52:19:036 [OUT] 25 A5 01 07 31 02 D8 3F 52 E2 (10)
                              [N7:N] INTERRUPT '?'
2026-02-24 01:52:19:337 [IN ] C8 24 04 0B 25 A5 04 01 31 03 C9 3A 09 45 FB 9A C8 24 07 0C 25 A5 07 01 31 04 D8 3A 01 01 51 8A EA (33)
                              [N4:Y] LFLAG ':' 9 (9)
                              [N7:N] INTERRUPT ':' 1 1 (257)
2026-02-24 01:52:19:358 [OUT] 25 A5 01 09 31 03 C9 3D 0B 4F 1E (11)
                              [N9:P] LFLAG '=' 11 (11)
2026-02-24 01:52:19:382 [OUT] 25 A5 01 07 31 03 C9 3D 0B 4D 12 (11)
                              [N7:N] LFLAG '=' 11 (11)
2026-02-24 01:52:19:530 [IN ] C8 24 09 0B 25 A5 09 01 31 03 C9 3A 0B 4C 20 8A (16)
                              [N9:P] LFLAG ':' 11 (11)
2026-02-24 01:52:19:551 [OUT] 25 A5 01 09 31 03 88 00 50 16 26 (11)
                              [N9:P] RUN 0 80 (80)
2026-02-24 01:52:19:635 [IN ] C8 24 07 0B 25 A5 07 01 31 03 C9 3A 0B 4A 12 8A (16)
                              [N7:N] LFLAG ':' 11 (11)
2026-02-24 01:52:19:656 [OUT] 25 A5 01 07 31 03 88 00 50 14 1A (11)
                              [N7:N] RUN 0 80 (80)
2026-02-24 01:52:19:761 [IN ] C8 24 09 0C 25 A5 09 01 31 04 88 53 00 50 6A F2 EA (17)
                              [N9:P] RUN 'S' 0 80 (80)
2026-02-24 01:52:19:823 [IN ] C8 24 09 0B 25 A5 09 01 31 03 81 5A 4C 65 C9 F2 (16)
                              [N9:P] TPOS 'Z' 76 (76)
2026-02-24 01:52:19:845 [IN ] C8 24 07 0C 25 A5 07 01 31 04 88 53 00 50 68 E2 EA (17)
                              [N7:N] RUN 'S' 0 80 (80)
2026-02-24 01:52:20:046 [IN ] C8 24 09 0A 25 A5 09 01 31 02 81 49 07 50 68 (15)
                              [N9:P] TPOS 'I'
2026-02-24 01:52:20:270 [OUT] 25 A5 01 09 31 03 C9 3D 09 4D 1C (11)
                              [N9:P] LFLAG '=' 9 (9)
2026-02-24 01:52:20:291 [OUT] 25 A5 01 04 31 05 81 FF EE 88 01 32 FA (13)
                              [N4:Y] TPOS 255 238 136 1 (-1144831)
2026-02-24 01:52:20:439 [IN ] C8 24 09 0B 25 A5 09 01 31 03 C9 3A 09 4A 1E E2 (16)
                              [N9:P] LFLAG ':' 9 (9)
2026-02-24 01:52:20:563 [IN ] C8 24 04 0E 25 A5 04 01 31 06 81 53 00 00 00 00 10 88 01 (19)
                              [N4:Y] TPOS 'S' 0 0 0 0 (0)
2026-02-24 01:52:23:574 [IN ] C8 24 03 0B 25 A5 03 01 31 03 81 5A 4C 5F 9F 00 C8 24 03 0A 25 A5 03 01 31 02 81 49 01 2C 9F C8 24 07 0B 25 A5 07 01 31 03 81 5A 4C 63 BB 00 (47)
                              [N3:X] TPOS 'Z' 76 (76)
                              [N3:X] TPOS 'I'
                              [N7:N] TPOS 'Z' 76 (76)
2026-02-24 01:52:23:777 [IN ] C8 24 07 0A 25 A5 07 01 31 02 81 49 05 44 BB (15)
                              [N7:N] TPOS 'I'
2026-02-24 01:52:23:799 [OUT] 25 A5 01 03 31 03 C9 3D 09 47 F8 (11)
                              [N3:X] LFLAG '=' 9 (9)
2026-02-24 01:52:23:821 [OUT] 25 A5 01 07 31 03 C9 3D 09 4B 10 (11)
                              [N7:N] LFLAG '=' 9 (9)
2026-02-24 01:52:23:968 [IN ] C8 24 03 0B 25 A5 03 01 31 03 C9 3A 09 44 F4 00 (16)
                              [N3:X] LFLAG ':' 9 (9)
2026-02-24 01:52:24:073 [IN ] C8 24 07 0B 25 A5 07 01 31 03 C9 3A 09 48 10 00 (16)
                              [N7:N] LFLAG ':' 9 (9)
2026-02-24 01:52:26:684 [IN ] C8 24 04 0E 25 A5 04 01 31 06 81 45 FF EE 85 67 DB 79 01 (19)
                              [N4:Y] TPOS 'E' 255 238 133 103 (-1145497)
2026-02-24 01:52:26:908 [OUT] 25 A5 01 09 31 05 81 FF E7 5D 56 5A 0C (13)
                              [N9:P] TPOS 255 231 93 86 (-1614506)
2026-02-24 01:52:26:930 [OUT] 25 A5 01 04 31 05 81 FF FD 50 01 09 B7 (13)
                              [N4:Y] TPOS 255 253 80 1 (-176127)
2026-02-24 01:52:26:953 [OUT] 25 A5 01 07 31 05 81 FF AB 19 75 F7 DF (13)
                              [N7:N] TPOS 255 171 25 117 (-5564043)
2026-02-24 01:52:26:975 [OUT] 25 A5 01 03 31 05 81 FF EC 4A AB 9B 1A (13)
                              [N3:X] TPOS 255 236 74 171 (-1291605)
2026-02-24 01:52:26:996 [OUT] 25 A5 01 06 31 02 D8 3F 51 DD (10)
                              [N6:H] INTERRUPT '?'
2026-02-24 01:52:27:298 [IN ] C8 24 09 0E 25 A5 09 01 31 06 81 53 FF FF FF F0 02 A1 01 C8 24 04 0E 25 A5 04 01 31 06 81 53 FF EE 85 67 E9 BF 01 (38)
                              [N9:P] TPOS 'S' 255 255 255 240 (-16)
                              [N4:Y] TPOS 'S' 255 238 133 103 (-1145497)
2026-02-24 01:52:27:599 [IN ] C8 24 07 0E 25 A5 07 01 31 06 81 53 FF FF FF F7 07 94 01 C8 24 03 0E 25 A5 03 01 31 06 81 53 00 00 00 00 0F 7E 01 C8 24 06 0C 25 A5 06 01 31 04 D8 3A 01 01 50 82 0F (55)
                              [N7:N] TPOS 'S' 255 255 255 247 (-9)
                              [N3:X] TPOS 'S' 0 0 0 0 (0)
                              [N6:H] INTERRUPT ':' 1 1 (257)
2026-02-24 01:52:27:620 [OUT] 25 A5 01 06 31 03 C9 3D 0B 4C 0C (11)
                              [N6:H] LFLAG '=' 11 (11)
2026-02-24 01:52:27:787 [IN ] C8 24 06 0B 25 A5 06 01 31 03 C9 3A 0B 49 0B 82 (16)
                              [N6:H] LFLAG ':' 11 (11)
2026-02-24 01:52:27:809 [OUT] 25 A5 01 06 31 03 88 FF B0 72 72 (11)
                              [N6:H] RUN 255 176 (-80)
2026-02-24 01:52:27:979 [IN ] C8 24 06 0C 25 A5 06 01 31 04 88 53 FF B0 C6 38 0F (17)
                              [N6:H] RUN 'S' 255 176 (-80)
2026-02-24 01:52:30:391 [IN ] C8 24 0C 0B 25 A5 0C 01 31 03 81 5A 4C 68 DE 38 C8 24 0C 0A 25 A5 0C 01 31 02 81 49 0A 62 DE (31)
                              [N12:Z] TPOS 'Z' 76 (76)
                              [N12:Z] TPOS 'I'
2026-02-24 01:52:30:613 [OUT] 25 A5 01 0C 31 03 C9 3D 09 50 2E (11)
                              [N12:Z] LFLAG '=' 9 (9)
2026-02-24 01:52:30:780 [IN ] C8 24 0C 0B 25 A5 0C 01 31 03 C9 3A 09 4D 33 38 (16)
                              [N12:Z] LFLAG ':' 9 (9)
2026-02-24 01:52:30:801 [OUT] 25 A5 01 0C 31 05 81 FF BC D0 00 4F 33 (13)
                              [N12:Z] TPOS 255 188 208 0 (-4403200)
2026-02-24 01:52:30:989 [IN ] C8 24 0C 0E 25 A5 0C 01 31 06 81 53 FF FF FF 8A 9F 59 01 (19)
                              [N12:Z] TPOS 'S' 255 255 255 138 (-118)
2026-02-24 01:52:32:395 [IN ] C8 24 06 0B 25 A5 06 01 31 03 81 5A 4C 62 B4 8A C8 24 06 0A 25 A5 06 01 31 02 81 49 04 3E B4 (31)
                              [N6:H] TPOS 'Z' 76 (76)
                              [N6:H] TPOS 'I'
2026-02-24 01:52:32:618 [OUT] 25 A5 01 06 31 03 C9 3D 09 4A 0A (11)
                              [N6:H] LFLAG '=' 9 (9)
2026-02-24 01:52:32:784 [IN ] C8 24 06 0B 25 A5 06 01 31 03 C9 3A 09 47 09 8A (16)
                              [N6:H] LFLAG ':' 9 (9)
2026-02-24 01:52:32:805 [OUT] 25 A5 01 06 31 03 84 00 50 0F 08 (11)
                              [N6:H] VEL 0 80 (80)
2026-02-24 01:52:32:973 [IN ] C8 24 06 0C 25 A5 06 01 31 04 84 53 00 50 63 CA 9F (17)
                              [N6:H] VEL 'S' 0 80 (80)
2026-02-24 01:52:32:994 [OUT] 25 A5 01 06 31 05 81 00 19 82 3C 95 BE (13)
                              [N6:H] TPOS 0 25 130 60 (1671740)
2026-02-24 01:52:33:181 [IN ] C8 24 06 0E 25 A5 06 01 31 06 81 53 00 00 00 00 12 9C 01 (19)
                              [N6:H] TPOS 'S' 0 0 0 0 (0)
2026-02-24 01:52:34:184 [IN ] C8 24 03 0E 25 A5 03 01 31 06 81 45 FF EC 47 8F C2 15 01 (19)
                              [N3:X] TPOS 'E' 255 236 71 143 (-1292401)
2026-02-24 01:52:34:609 [OUT] 25 A5 01 03 31 05 81 FF FD 50 01 08 AF (13)
                              [N3:X] TPOS 255 253 80 1 (-176127)
2026-02-24 01:52:34:796 [IN ] C8 24 03 0E 25 A5 03 01 31 06 81 53 FF EC 47 8F D0 5B 01 (19)
                              [N3:X] TPOS 'S' 255 236 71 143 (-1292401)
2026-02-24 01:52:36:201 [IN ] C8 24 04 0E 25 A5 04 01 31 06 81 45 FF FD 4F 72 BF 45 01 (19)
                              [N4:Y] TPOS 'E' 255 253 79 114 (-176270)
2026-02-24 01:52:37:406 [IN ] C8 24 09 0E 25 A5 09 01 31 06 81 45 FF E7 5B C9 11 A4 01 (19)
                              [N9:P] TPOS 'E' 255 231 91 201 (-1614903)
2026-02-24 01:52:37:831 [OUT] 25 A5 01 09 31 05 81 FF FF D9 C8 60 BE (13)
                              [N9:P] TPOS 255 255 217 200 (-9784)
2026-02-24 01:52:37:999 [IN ] C8 24 09 0E 25 A5 09 01 31 06 81 53 FF E7 5B D3 29 F4 01 (19)
                              [N9:P] TPOS 'S' 255 231 91 211 (-1614893)
2026-02-24 01:52:41:617 [IN ] C8 24 06 0E 25 A5 06 01 31 06 81 45 00 19 85 8F 31 3A 01 (19)
                              [N6:H] TPOS 'E' 0 25 133 143 (1672591)
2026-02-24 01:52:42:042 [OUT] 25 A5 01 06 31 05 81 00 0D 03 C1 8F 21 (13)
                              [N6:H] TPOS 0 13 3 193 (852929)
2026-02-24 01:52:42:229 [IN ] C8 24 06 0E 25 A5 06 01 31 06 81 53 00 19 85 8F 3F 80 01 (19)
                              [N6:H] TPOS 'S' 0 25 133 143 (1672591)
2026-02-24 01:52:46:044 [IN ] C8 24 06 0E 25 A5 06 01 31 06 81 45 00 0C FE BB C9 31 01 (19)
                              [N6:H] TPOS 'E' 0 12 254 187 (851643)
2026-02-24 01:52:46:267 [OUT] 25 A5 01 05 31 02 D8 3F 50 D8 (10)
                              [N5:V] INTERRUPT '?'
2026-02-24 01:52:46:568 [IN ] C8 24 05 0C 25 A5 05 01 31 04 D8 3A 01 01 4F 7A C9 (17)
                              [N5:V] INTERRUPT ':' 1 1 (257)
2026-02-24 01:52:46:589 [OUT] 25 A5 01 05 31 03 C9 3D 0B 4B 06 (11)
                              [N5:V] LFLAG '=' 11 (11)
2026-02-24 01:52:46:757 [IN ] C8 24 05 0B 25 A5 05 01 31 03 C9 3A 0B 48 04 7A (16)
                              [N5:V] LFLAG ':' 11 (11)
2026-02-24 01:52:46:780 [OUT] 25 A5 01 05 31 03 88 FF B0 71 6C (11)
                              [N5:V] RUN 255 176 (-80)
2026-02-24 01:52:46:948 [IN ] C8 24 05 0C 25 A5 05 01 31 04 88 53 FF B0 C5 30 C9 (17)
                              [N5:V] RUN 'S' 255 176 (-80)
2026-02-24 01:52:47:350 [IN ] C8 24 03 0E 25 A5 03 01 31 06 81 45 FF FD 4F 91 DD 5A 01 (19)
                              [N3:X] TPOS 'E' 255 253 79 145 (-176239)
2026-02-24 01:52:48:154 [IN ] C8 24 09 0E 25 A5 09 01 31 06 81 45 FF FF DA 5D 3C 7E 01 (19)
                              [N9:P] TPOS 'E' 255 255 218 93 (-9635)
2026-02-24 01:52:48:377 [OUT] 25 A5 01 08 31 02 D8 3F 53 E7 (10)
                              [N8:R] INTERRUPT '?'
2026-02-24 01:52:48:678 [IN ] C8 24 08 0C 25 A5 08 01 31 04 D8 3A 01 01 52 92 3C (17)
                              [N8:R] INTERRUPT ':' 1 1 (257)
2026-02-24 01:52:48:699 [OUT] 25 A5 01 08 31 03 CA 3D 0B 4F 1B (11)
                              [N8:R] RFLAG '=' 11 (11)
2026-02-24 01:52:48:867 [IN ] C8 24 08 0B 25 A5 08 01 31 03 CA 3A 0B 4C 1C 92 (16)
                              [N8:R] RFLAG ':' 11 (11)
2026-02-24 01:52:48:889 [OUT] 25 A5 01 08 31 03 88 00 50 15 20 (11)
                              [N8:R] RUN 0 80 (80)
2026-02-24 01:52:49:057 [IN ] C8 24 08 0C 25 A5 08 01 31 04 88 53 00 50 69 EA 3C (17)
                              [N8:R] RUN 'S' 0 80 (80)
2026-02-24 01:52:52:066 [IN ] C8 24 05 0B 25 A5 05 01 31 03 81 5A 4C 61 AD EA C8 24 05 0A 25 A5 05 01 31 02 81 49 03 38 AD (31)
                              [N5:V] TPOS 'Z' 76 (76)
                              [N5:V] TPOS 'I'
2026-02-24 01:52:52:269 [IN ] C8 24 07 0E 25 A5 07 01 31 06 81 45 FF AB 14 48 0B CD 01 (19)
                              [N7:N] TPOS 'E' 255 171 20 72 (-5565368)
2026-02-24 01:52:52:290 [OUT] 25 A5 01 05 31 03 C9 3D 09 49 04 (11)
                              [N5:V] LFLAG '=' 9 (9)
2026-02-24 01:52:52:333 [OUT] 25 A5 01 07 31 05 81 FF F3 35 BF A5 39 (13)
                              [N7:N] TPOS 255 243 53 191 (-838209)
2026-02-24 01:52:52:459 [IN ] C8 24 05 0B 25 A5 05 01 31 03 C9 3A 09 46 02 48 (16)
                              [N5:V] LFLAG ':' 9 (9)
2026-02-24 01:52:52:480 [OUT] 25 A5 01 05 31 03 84 00 50 0E 02 (11)
                              [N5:V] VEL 0 80 (80)
2026-02-24 01:52:52:605 [IN ] C8 24 07 0E 25 A5 07 01 31 06 81 53 FF AB 14 48 19 13 01 (19)
                              [N7:N] TPOS 'S' 255 171 20 72 (-5565368)
2026-02-24 01:52:52:690 [IN ] C8 24 05 0C 25 A5 05 01 31 04 84 53 00 50 62 C2 19 (17)
                              [N5:V] VEL 'S' 0 80 (80)
2026-02-24 01:52:52:712 [OUT] 25 A5 01 05 31 05 81 00 19 82 3C 94 B6 (13)
                              [N5:V] TPOS 0 25 130 60 (1671740)
2026-02-24 01:52:52:899 [IN ] C8 24 05 0E 25 A5 05 01 31 06 81 53 FF FF FF FF 0D 88 01 (19)
                              [N5:V] TPOS 'S' 255 255 255 255 (-1)
2026-02-24 01:52:57:720 [IN ] C8 24 08 0B 25 A5 08 01 31 03 81 5A 52 6A C8 FF C8 24 08 0A 25 A5 08 01 31 02 81 49 06 4A C8 (31)
                              [N8:R] TPOS 'Z' 82 (82)
                              [N8:R] TPOS 'I'
2026-02-24 01:52:57:943 [OUT] 25 A5 01 08 31 03 CA 3D 09 4D 19 (11)
                              [N8:R] RFLAG '=' 9 (9)
2026-02-24 01:52:58:110 [IN ] C8 24 08 0B 25 A5 08 01 31 03 CA 3A 09 4A 1A FF (16)
                              [N8:R] RFLAG ':' 9 (9)
2026-02-24 01:52:58:132 [OUT] 25 A5 01 08 31 05 81 FF DC 77 1D 2F DE (13)
                              [N8:R] TPOS 255 220 119 29 (-2328803)
2026-02-24 01:52:58:297 [IN ] C8 24 08 0E (4)
2026-02-24 01:52:58:318 [IN ] 25 A5 08 01 31 06 81 53 FF FF FF E5 F6 8C 01 (15)
                              [N8:R] TPOS 'S' 255 255 255 229 (-27)
2026-02-24 01:52:58:721 [IN ] C8 24 0C 0E 25 A5 0C 01 31 06 81 45 FF BC CF 3E D2 9E 01 (19)
                              [N12:Z] TPOS 'E' 255 188 207 62 (-4403394)
2026-02-24 01:52:58:742 [OUT] 25 A5 01 0C 31 01 82 C1 4C (9)
                              [N12:Z] GETPOS
2026-02-24 01:52:58:764 [OUT] 25 A5 01 05 31 01 82 BA 30 (9)
                              [N5:V] GETPOS
2026-02-24 01:52:58:786 [OUT] 25 A5 01 07 31 01 82 BC 38 (9)
                              [N7:N] GETPOS
2026-02-24 01:52:58:808 [OUT] 25 A5 01 08 31 01 82 BD 3C (9)
                              [N8:R] GETPOS
2026-02-24 01:52:58:891 [IN ] C8 24 0C 0D 25 A5 0C 01 31 05 82 FF BC CF 43 92 84 9E (18)
                              [N12:Z] GETPOS 255 188 207 67 (-4403389)
2026-02-24 01:52:58:912 [OUT] 25 A5 01 0C 31 05 81 FF D1 1A 67 15 6D (13)
                              [N12:Z] TPOS 255 209 26 103 (-3073433)
2026-02-24 01:52:58:975 [IN ] C8 24 05 0D 25 A5 05 01 31 05 82 00 14 0C DF BD 67 9E (18)
                              [N5:V] GETPOS 0 20 12 223 (1314015)
2026-02-24 01:52:59:059 [IN ] C8 24 07 0D 25 A5 07 01 31 05 82 FF C1 59 49 22 80 9E (18)
                              [N7:N] GETPOS 255 193 89 73 (-4105911)
2026-02-24 01:52:59:163 [IN ] C8 24 08 0D 25 A5 08 01 31 05 82 FF FE 04 66 28 B3 9E (18)
                              [N8:R] GETPOS 255 254 4 102 (-129946)
2026-02-24 01:52:59:286 [IN ] C8 24 0C 0E 25 A5 0C 01 31 06 81 53 FF BC CF 43 E5 E9 01 (19)
                              [N12:Z] TPOS 'S' 255 188 207 67 (-4403389)
2026-02-24 01:53:00:890 [IN ] C8 24 05 0E 25 A5 05 01 31 06 81 45 00 19 86 30 D2 D3 01 (19)
                              [N5:V] TPOS 'E' 0 25 134 48 (1672752)
2026-02-24 01:53:01:315 [OUT] 25 A5 01 05 31 05 81 00 0D 03 C1 8E 19 (13)
                              [N5:V] TPOS 0 13 3 193 (852929)
2026-02-24 01:53:01:502 [IN ] C8 24 05 0E 25 A5 05 01 31 06 (10)
2026-02-24 01:53:01:524 [IN ] 81 53 00 19 86 30 E0 19 01 (9)
                              [N5:V] TPOS 'S' 0 25 134 48 (1672752)
2026-02-24 01:53:06:742 [IN ] C8 24 05 0E 25 A5 05 01 31 06 81 45 00 0D 02 1E 30 95 01 (19)
                              [N5:V] TPOS 'E' 0 13 2 30 (852510)
2026-02-24 01:53:06:965 [OUT] 25 A5 01 03 31 05 81 FF ED B1 30 88 70 (13)
                              [N3:X] TPOS 255 237 177 48 (-1199824)
2026-02-24 01:53:06:988 [OUT] 25 A5 01 04 31 05 81 FF F3 BD 0C 77 7E (13)
                              [N4:Y] TPOS 255 243 189 12 (-803572)
2026-02-24 01:53:07:113 [IN ] C8 24 0C 0E 25 A5 0C 01 31 06 81 45 FF D1 1B 6F 64 A6 01 (19)
                              [N12:Z] TPOS 'E' 255 209 27 111 (-3073169)
2026-02-24 01:53:07:156 [IN ] C8 24 03 0E 25 A5 03 01 31 06 81 53 FF FD 4F 91 EB A0 01 (19)
                              [N3:X] TPOS 'S' 255 253 79 145 (-176239)
2026-02-24 01:53:07:281 [IN ] C8 24 04 0E 25 A5 04 01 31 06 81 53 FF FD 4F 72 CD 8B 01 (19)
                              [N4:Y] TPOS 'S' 255 253 79 114 (-176270)
2026-02-24 01:53:10:692 [IN ] C8 24 04 0E 25 A5 04 01 31 06 81 45 FF F3 BA 3A E8 C5 01 (19)
                              [N4:Y] TPOS 'E' 255 243 186 58 (-804294)
2026-02-24 01:53:12:300 [IN ] C8 24 03 0E 25 A5 03 01 31 06 81 45 FF ED AD B1 4B 06 01 (19)
                              [N3:X] TPOS 'E' 255 237 173 177 (-1200719)
2026-02-24 01:53:13:707 [IN ] C8 24 08 0E 25 A5 08 01 31 06 81 45 FF DC 74 2A 7F 0C 01 C8 24 07 0E 25 A5 07 01 31 06 81 45 FF F3 3B 1A 4C C5 01 (38)
                              [N8:R] TPOS 'E' 255 220 116 42 (-2329558)
                              [N7:N] TPOS 'E' 255 243 59 26 (-836838)
2026-02-24 01:53:14:131 [OUT] 25 A5 01 08 31 05 81 FF EE 15 56 18 89 (13)
                              [N8:R] TPOS 255 238 21 86 (-1174186)
2026-02-24 01:53:14:321 [IN ] C8 24 08 0E 25 A5 08 01 31 06 81 53 FF DC 74 38 9B 60 01 (19)
                              [N8:R] TPOS 'S' 255 220 116 56 (-2329544)
2026-02-24 01:53:22:555 [IN ] C8 24 08 0E 25 A5 08 01 31 06 81 45 FF EE 17 50 5A AE 01 (19)
                              [N8:R] TPOS 'E' 255 238 23 80 (-1173680)
