2026-02-24 00:39:29:134 [OUT] 25 A5 01 0A 31 05 D6 3D FF 00 00 53 ED (13)
                              [N10:HMI] HMILED '=' 255 0 0 (16711680)
2026-02-24 00:39:29:156 [OUT] 25 A5 01 03 31 02 D8 3F 4E CE (10)
                              [N3:X] INTERRUPT '?'
2026-02-24 00:39:29:458 [IN ] C8 24 0A 0D 25 A5 0A 01 31 05 D6 3A FF 00 00 50 EA D0 C8 24 03 0C 25 A5 03 01 31 04 D8 3A 01 01 4D 6A EA (35)
                              [N10:HMI] HMILED ':' 255 0 0 (16711680)
                              [N3:X] INTERRUPT ':' 1 1 (257)
2026-02-24 00:39:29:478 [OUT] 25 A5 01 09 31 03 C9 3D 09 4D 1C (11)
                              [N9:P] LFLAG '=' 9 (9)
2026-02-24 00:39:29:500 [OUT] 25 A5 01 04 31 02 D8 3F 4F D3 (10)
                              [N4:Y] INTERRUPT '?'
2026-02-24 00:39:29:802 [IN ] C8 24 09 0B 25 A5 09 01 31 03 C9 3A 09 4A 1E 6A C8 24 04 0C 25 A5 04 01 31 04 D8 3A 01 01 4E 72 EA (33)
                              [N9:P] LFLAG ':' 9 (9)
                              [N4:Y] INTERRUPT ':' 1 1 (257)
2026-02-24 00:39:29:823 [OUT] 25 A5 01 09 31 03 CA 3D 09 4E 1F (11)
                              [N9:P] RFLAG '=' 9 (9)
2026-02-24 00:39:29:846 [OUT] 25 A5 01 0C 31 02 D8 3F 57 FB (10)
                              [N12:Z] INTERRUPT '?'
2026-02-24 00:39:30:148 [IN ] C8 24 09 0B 25 A5 09 01 31 03 CA 3A 09 4B 21 72 C8 24 0C 0C 25 A5 0C 01 31 04 D8 3A 01 01 56 B2 EA (33)
                              [N9:P] RFLAG ':' 9 (9)
                              [N12:Z] INTERRUPT ':' 1 1 (257)
2026-02-24 00:39:30:169 [OUT] 25 A5 01 08 31 03 C9 3D 09 4C 16 (11)
                              [N8:R] LFLAG '=' 9 (9)
2026-02-24 00:39:30:191 [OUT] 25 A5 01 03 31 03 C9 3D 0B 49 FA (11)
                              [N3:X] LFLAG '=' 11 (11)
2026-02-24 00:39:30:213 [OUT] 25 A5 01 04 31 03 C9 3D 0B 4A 00 (11)
                              [N4:Y] LFLAG '=' 11 (11)
2026-02-24 00:39:30:235 [OUT] 25 A5 01 0C 31 03 C9 3D 0B 52 30 (11)
                              [N12:Z] LFLAG '=' 11 (11)
2026-02-24 00:39:30:339 [IN ] C8 24 08 0B 25 A5 08 01 31 03 C9 3A 09 49 17 B2 (16)
                              [N8:R] LFLAG ':' 9 (9)
2026-02-24 00:39:30:361 [OUT] 25 A5 01 08 31 03 CA 3D 09 4D 19 (11)
                              [N8:R] RFLAG '=' 9 (9)
2026-02-24 00:39:30:444 [IN ] C8 24 03 0B 25 A5 03 01 31 03 C9 3A 0B 46 F6 B2 (16)
                              [N3:X] LFLAG ':' 11 (11)
2026-02-24 00:39:30:466 [OUT] 25 A5 01 03 31 03 88 00 50 10 02 (11)
                              [N3:X] RUN 0 80 (80)
2026-02-24 00:39:30:571 [IN ] C8 24 04 0B 25 A5 04 01 31 03 C9 3A 0B 47 FD B2 (16)
                              [N4:Y] LFLAG ':' 11 (11)
2026-02-24 00:39:30:591 [OUT] 25 A5 01 04 31 03 88 00 50 11 08 (11)
                              [N4:Y] RUN 0 80 (80)
2026-02-24 00:39:30:675 [IN ] C8 24 0C 0B 25 A5 0C 01 31 03 C9 3A 0B 4F 35 B2 (16)
                              [N12:Z] LFLAG ':' 11 (11)
2026-02-24 00:39:30:696 [OUT] 25 A5 01 0C 31 03 88 00 50 19 38 (11)
                              [N12:Z] RUN 0 80 (80)
2026-02-24 00:39:30:780 [IN ] C8 24 08 0B 25 A5 08 01 31 03 CA 3A 09 4A 1A B2 (16)
                              [N8:R] RFLAG ':' 9 (9)
2026-02-24 00:39:30:883 [IN ] C8 24 03 0C 25 A5 03 01 31 04 88 53 00 50 64 C2 EA (17)
                              [N3:X] RUN 'S' 0 80 (80)
2026-02-24 00:39:31:009 [IN ] C8 24 04 0C 25 A5 04 01 31 04 88 53 00 50 65 CA EA (17)
                              [N4:Y] RUN 'S' 0 80 (80)
2026-02-24 00:39:31:112 [IN ] C8 24 0C 0C 25 A5 0C 01 31 04 88 53 00 50 6D 0A EA (17)
                              [N12:Z] RUN 'S' 0 80 (80)
2026-02-24 00:39:38:140 [IN ] C8 24 04 0B 25 A5 04 01 31 03 81 5A 4C 60 A6 0A C8 24 04 0A 25 A5 04 01 31 02 81 49 02 32 A6 (31)
                              [N4:Y] TPOS 'Z' 76 (76)
                              [N4:Y] TPOS 'I'
2026-02-24 00:39:38:364 [OUT] 25 A5 01 09 31 02 D8 3F 54 EC (10)
                              [N9:P] INTERRUPT '?'
2026-02-24 00:39:38:666 [IN ] C8 24 09 0C 25 A5 09 01 31 04 D8 3A 01 01 53 9A EA (17)
                              [N9:P] INTERRUPT ':' 1 1 (257)
2026-02-24 00:39:38:687 [OUT] 25 A5 01 04 31 03 C9 3D 09 48 FE (11)
                              [N4:Y] LFLAG '=' 9 (9)
2026-02-24 00:39:38:708 [OUT] 25 A5 01 07 31 02 D8 3F 52 E2 (10)
                              [N7:N] INTERRUPT '?'
2026-02-24 00:39:39:010 [IN ] C8 24 04 0B 25 A5 04 01 31 03 C9 3A 09 45 FB 9A C8 24 07 0C 25 A5 07 01 31 04 D8 3A 01 01 51 8A EA (33)
                              [N4:Y] LFLAG ':' 9 (9)
                              [N7:N] INTERRUPT ':' 1 1 (257)
2026-02-24 00:39:39:031 [OUT] 25 A5 01 09 31 03 C9 3D 0B 4F 1E (11)
                              [N9:P] LFLAG '=' 11 (11)
2026-02-24 00:39:39:054 [OUT] 25 A5 01 07 31 03 C9 3D 0B 4D 12 (11)
                              [N7:N] LFLAG '=' 11 (11)
2026-02-24 00:39:39:201 [IN ] C8 24 09 0B 25 A5 09 01 31 03 C9 3A 0B 4C 20 8A (16)
                              [N9:P] LFLAG ':' 11 (11)
2026-02-24 00:39:39:223 [OUT] 25 A5 01 09 31 03 88 00 50 16 26 (11)
                              [N9:P] RUN 0 80 (80)
2026-02-24 00:39:39:307 [IN ] C8 24 07 0B 25 A5 07 01 31 03 C9 3A 0B 4A 12 8A (16)
                              [N7:N] LFLAG ':' 11 (11)
2026-02-24 00:39:39:330 [OUT] 25 A5 01 07 31 03 88 00 50 14 1A (11)
                              [N7:N] RUN 0 80 (80)
2026-02-24 00:39:39:434 [IN ] C8 24 09 0C 25 A5 09 01 31 04 88 53 00 50 6A F2 EA (17)
                              [N9:P] RUN 'S' 0 80 (80)
2026-02-24 00:39:39:497 [IN ] C8 24 09 0B 25 A5 09 01 31 03 81 5A 4C 65 C9 F2 (16)
                              [N9:P] TPOS 'Z' 76 (76)
2026-02-24 00:39:39:540 [IN ] C8 24 07 0C 25 A5 07 01 31 04 88 53 00 50 68 E2 EA C8 24 09 0A 25 A5 09 01 31 02 81 49 07 50 68 (32)
                              [N7:N] RUN 'S' 0 80 (80)
                              [N9:P] TPOS 'I'
2026-02-24 00:39:39:765 [OUT] 25 A5 01 09 31 03 C9 3D 09 4D 1C (11)
                              [N9:P] LFLAG '=' 9 (9)
2026-02-24 00:39:39:786 [OUT] 25 A5 01 04 31 05 81 FF EE 88 01 32 FA (13)
                              [N4:Y] TPOS 255 238 136 1 (-1144831)
2026-02-24 00:39:39:954 [IN ] C8 24 09 0B 25 A5 09 01 31 03 C9 3A 09 4A 1E E2 (16)
                              [N9:P] LFLAG ':' 9 (9)
2026-02-24 00:39:40:059 [IN ] C8 24 04 0E 25 A5 04 01 31 06 81 53 00 00 00 01 11 89 53 (19)
                              [N4:Y] TPOS 'S' 0 0 0 1 (1)
2026-02-24 00:39:43:272 [IN ] C8 24 07 0B 25 A5 07 01 31 03 81 5A 4C 63 BB 01 (16)
                              [N7:N] TPOS 'Z' 76 (76)
2026-02-24 00:39:43:474 [IN ] C8 24 07 0A 25 A5 07 01 31 02 81 49 05 44 BB (15)
                              [N7:N] TPOS 'I'
2026-02-24 00:39:43:696 [OUT] 25 A5 01 07 31 03 C9 3D 09 4B 10 (11)
                              [N7:N] LFLAG '=' 9 (9)
2026-02-24 00:39:43:841 [IN ] C8 24 07 0B 25 A5 07 01 31 03 C9 3A 09 48 10 01 (16)
                              [N7:N] LFLAG ':' 9 (9)
2026-02-24 00:39:44:646 [IN ] C8 24 03 0B 25 A5 03 01 31 03 81 5A 4C 5F 9F 01 C8 24 03 0A 25 A5 03 01 31 02 81 49 01 2C 9F (31)
                              [N3:X] TPOS 'Z' 76 (76)
                              [N3:X] TPOS 'I'
2026-02-24 00:39:44:870 [OUT] 25 A5 01 03 31 03 C9 3D 09 47 F8 (11)
                              [N3:X] LFLAG '=' 9 (9)
2026-02-24 00:39:45:057 [IN ] C8 24 03 0B 25 A5 03 01 31 03 C9 3A 09 44 F4 01 (16)
                              [N3:X] LFLAG ':' 9 (9)
2026-02-24 00:39:46:262 [IN ] C8 24 04 0E 25 A5 04 01 31 06 81 45 FF EE 85 11 85 23 53 (19)
                              [N4:Y] TPOS 'E' 255 238 133 17 (-1145583)
2026-02-24 00:39:46:489 [OUT] 25 A5 01 09 31 05 81 FF E7 5D 56 5A 0C (13)
                              [N9:P] TPOS 255 231 93 86 (-1614506)
2026-02-24 00:39:46:511 [OUT] 25 A5 01 04 31 05 81 FF FD 50 01 09 B7 (13)
                              [N4:Y] TPOS 255 253 80 1 (-176127)
2026-02-24 00:39:46:533 [OUT] 25 A5 01 07 31 05 81 FF AB 19 75 F7 DF (13)
                              [N7:N] TPOS 255 171 25 117 (-5564043)
2026-02-24 00:39:46:555 [OUT] 25 A5 01 03 31 05 81 FF EC 4A AB 9B 1A (13)
                              [N3:X] TPOS 255 236 74 171 (-1291605)
2026-02-24 00:39:46:578 [OUT] 25 A5 01 06 31 02 D8 3F 51 DD (10)
                              [N6:H] INTERRUPT '?'
2026-02-24 00:39:46:878 [IN ] C8 24 09 0E 25 A5 09 01 31 06 81 53 FF FF FF F7 09 A8 53 C8 24 04 0E 25 A5 04 01 31 06 81 53 FF EE 85 11 93 69 53 (38)
                              [N9:P] TPOS 'S' 255 255 255 247 (-9)
                              [N4:Y] TPOS 'S' 255 238 133 17 (-1145583)
2026-02-24 00:39:47:179 [IN ] C8 24 07 0E 25 A5 07 01 31 06 81 53 FF FF FF FE 0E 9B 53 C8 24 03 0E 25 A5 03 01 31 06 81 53 00 00 00 00 0F 7E 53 C8 24 06 0C 25 A5 06 01 31 04 D8 3A 01 01 50 82 0F (55)
                              [N7:N] TPOS 'S' 255 255 255 254 (-2)
                              [N3:X] TPOS 'S' 0 0 0 0 (0)
                              [N6:H] INTERRUPT ':' 1 1 (257)
2026-02-24 00:39:47:200 [OUT] 25 A5 01 06 31 03 C9 3D 0B 4C 0C (11)
                              [N6:H] LFLAG '=' 11 (11)
2026-02-24 00:39:47:389 [IN ] C8 24 06 0B 25 A5 06 01 31 03 C9 3A 0B 49 0B 82 (16)
                              [N6:H] LFLAG ':' 11 (11)
2026-02-24 00:39:47:411 [OUT] 25 A5 01 06 31 03 88 FF B0 72 72 (11)
                              [N6:H] RUN 255 176 (-80)
2026-02-24 00:39:47:578 [IN ] C8 24 06 0C 25 A5 06 01 31 04 88 53 FF B0 C6 38 0F (17)
                              [N6:H] RUN 'S' 255 176 (-80)
2026-02-24 00:39:50:191 [IN ] C8 24 0C 0B 25 A5 0C 01 31 03 81 5A 4C 68 DE 38 C8 24 0C 0A 25 A5 0C 01 31 02 81 49 0A 62 DE (31)
                              [N12:Z] TPOS 'Z' 76 (76)
                              [N12:Z] TPOS 'I'
2026-02-24 00:39:50:414 [OUT] 25 A5 01 0C 31 03 C9 3D 09 50 2E (11)
                              [N12:Z] LFLAG '=' 9 (9)
2026-02-24 00:39:50:581 [IN ] C8 24 0C 0B 25 A5 0C 01 31 03 C9 3A 09 4D 33 38 (16)
                              [N12:Z] LFLAG ':' 9 (9)
2026-02-24 00:39:50:604 [OUT] 25 A5 01 0C 31 05 81 FF BC D0 00 4F 33 (13)
                              [N12:Z] TPOS 255 188 208 0 (-4403200)
2026-02-24 00:39:50:813 [IN ] C8 24 0C 0E 25 A5 0C 01 31 06 81 53 FF FF FF 6C 81 3B 53 (19)
                              [N12:Z] TPOS 'S' 255 255 255 108 (-148)
2026-02-24 00:39:52:018 [IN ] C8 24 06 0B 25 A5 06 01 31 03 81 5A 4C 62 B4 6C (16)
                              [N6:H] TPOS 'Z' 76 (76)
2026-02-24 00:39:52:220 [IN ] C8 24 06 0A 25 A5 06 01 31 02 81 49 04 3E B4 (15)
                              [N6:H] TPOS 'I'
2026-02-24 00:39:52:443 [OUT] 25 A5 01 06 31 03 C9 3D 09 4A 0A (11)
                              [N6:H] LFLAG '=' 9 (9)
2026-02-24 00:39:52:590 [IN ] C8 24 06 0B 25 (5)
2026-02-24 00:39:52:612 [IN ] A5 06 01 31 03 C9 3A 09 47 09 6C (11)
                              [N6:H] LFLAG ':' 9 (9)
2026-02-24 00:39:52:633 [OUT] 25 A5 01 06 31 03 84 00 50 0F 08 (11)
                              [N6:H] VEL 0 80 (80)
2026-02-24 00:39:52:799 [IN ] C8 24 06 0C 25 A5 06 01 31 04 84 53 00 50 63 CA 81 (17)
                              [N6:H] VEL 'S' 0 80 (80)
2026-02-24 00:39:52:821 [OUT] 25 A5 01 06 31 05 81 00 19 82 3C 95 BE (13)
                              [N6:H] TPOS 0 25 130 60 (1671740)
2026-02-24 00:39:53:008 [IN ] C8 24 06 0E 25 A5 06 01 31 06 81 53 00 00 00 00 12 9C 53 (19)
                              [N6:H] TPOS 'S' 0 0 0 0 (0)
2026-02-24 00:39:53:811 [IN ] C8 24 03 0E 25 A5 03 01 31 06 81 45 FF EC 47 B2 E5 38 53 (19)
                              [N3:X] TPOS 'E' 255 236 71 178 (-1292366)
2026-02-24 00:39:54:236 [OUT] 25 A5 01 03 31 05 81 FF FD 50 01 08 AF (13)
                              [N3:X] TPOS 255 253 80 1 (-176127)
2026-02-24 00:39:54:425 [IN ] C8 24 03 0E 25 A5 03 01 31 06 81 53 FF EC 47 B3 F4 7F 53 (19)
                              [N3:X] TPOS 'S' 255 236 71 179 (-1292365)
2026-02-24 00:39:56:031 [IN ] C8 24 04 0E 25 A5 04 01 31 06 81 45 FF FD 4F 83 D0 56 53 (19)
                              [N4:Y] TPOS 'E' 255 253 79 131 (-176253)
2026-02-24 00:39:56:834 [IN ] C8 24 09 0E 25 A5 09 01 31 06 81 45 FF E7 5C 1F 68 FC 53 (19)
                              [N9:P] TPOS 'E' 255 231 92 31 (-1614817)
2026-02-24 00:39:57:258 [OUT] 25 A5 01 09 31 05 81 FF FF D9 C8 60 BE (13)
                              [N9:P] TPOS 255 255 217 200 (-9784)
2026-02-24 00:39:57:443 [IN ] C8 24 09 0E 25 A5 09 01 31 06 81 53 FF E7 5C 29 80 4C 53 (19)
                              [N9:P] TPOS 'S' 255 231 92 41 (-1614807)
2026-02-24 00:40:01:458 [IN ] C8 24 06 0E 25 A5 06 01 31 06 81 45 00 19 85 90 32 3B 53 (19)
                              [N6:H] TPOS 'E' 0 25 133 144 (1672592)
2026-02-24 00:40:01:881 [OUT] 25 A5 01 06 31 05 81 00 0D 03 C1 8F 21 (13)
                              [N6:H] TPOS 0 13 3 193 (852929)
2026-02-24 00:40:02:048 [IN ] C8 24 06 0E 25 A5 06 01 31 (9)
2026-02-24 00:40:02:069 [IN ] 06 81 53 00 19 85 8F 3F 80 53 (10)
                              [N6:H] TPOS 'S' 0 25 133 143 (1672591)
2026-02-24 00:40:05:883 [IN ] C8 24 06 0E 25 A5 06 01 31 06 81 45 00 0C FE F2 00 68 53 (19)
                              [N6:H] TPOS 'E' 0 12 254 242 (851698)
2026-02-24 00:40:06:106 [OUT] 25 A5 01 05 31 02 D8 3F 50 D8 (10)
                              [N5:V] INTERRUPT '?'
2026-02-24 00:40:06:408 [IN ] C8 24 05 0C 25 A5 05 01 31 04 D8 3A 01 01 4F 7A 00 (17)
                              [N5:V] INTERRUPT ':' 1 1 (257)
2026-02-24 00:40:06:429 [OUT] 25 A5 01 05 31 03 C9 3D 0B 4B 06 (11)
                              [N5:V] LFLAG '=' 11 (11)
2026-02-24 00:40:06:615 [IN ] C8 24 05 0B 25 A5 05 01 31 03 C9 3A 0B 48 04 7A (16)
                              [N5:V] LFLAG ':' 11 (11)
2026-02-24 00:40:06:636 [OUT] 25 A5 01 05 31 03 88 FF B0 71 6C (11)
                              [N5:V] RUN 255 176 (-80)
2026-02-24 00:40:06:804 [IN ] C8 24 05 0C 25 A5 05 01 31 04 88 (11)
2026-02-24 00:40:06:825 [IN ] 53 FF B0 C5 30 00 (6)
                              [N5:V] RUN 'S' 255 176 (-80)
2026-02-24 00:40:07:829 [IN ] C8 24 09 0E 25 A5 09 01 31 06 81 45 FF FF DA 3A 19 5B 53 (19)
                              [N9:P] TPOS 'E' 255 255 218 58 (-9670)
2026-02-24 00:40:08:051 [OUT] 25 A5 01 08 31 02 D8 3F 53 E7 (10)
                              [N8:R] INTERRUPT '?'
2026-02-24 00:40:08:052 [IN ] C8 24 03 0E 25 A5 03 01 31 06 81 45 FF FD 4F 40 8C 09 53 (19)
                              [N3:X] TPOS 'E' 255 253 79 64 (-176320)
2026-02-24 00:40:08:353 [IN ] C8 24 08 0C 25 A5 08 01 31 04 D8 3A 01 01 52 92 8C (17)
                              [N8:R] INTERRUPT ':' 1 1 (257)
2026-02-24 00:40:08:374 [OUT] 25 A5 01 08 31 03 CA 3D 0B 4F 1B (11)
                              [N8:R] RFLAG '=' 11 (11)
2026-02-24 00:40:08:542 [IN ] C8 24 08 0B 25 A5 08 01 31 03 CA 3A 0B 4C 1C 92 (16)
                              [N8:R] RFLAG ':' 11 (11)
2026-02-24 00:40:08:563 [OUT] 25 A5 01 08 31 03 88 00 50 15 20 (11)
                              [N8:R] RUN 0 80 (80)
2026-02-24 00:40:08:728 [IN ] C8 24 08 0C 25 A5 08 01 31 04 88 53 00 50 69 EA 8C (17)
                              [N8:R] RUN 'S' 0 80 (80)
2026-02-24 00:40:11:741 [IN ] C8 24 07 0E 25 A5 07 01 31 06 81 45 FF AB 14 44 07 C9 53 (19)
                              [N7:N] TPOS 'E' 255 171 20 68 (-5565372)
2026-02-24 00:40:11:942 [IN ] C8 24 05 0B 25 A5 05 01 31 03 81 5A 4C 61 AD 44 C8 24 05 0A 25 A5 05 01 31 02 81 49 03 38 AD (31)
                              [N5:V] TPOS 'Z' 76 (76)
                              [N5:V] TPOS 'I'
2026-02-24 00:40:12:165 [OUT] 25 A5 01 07 31 05 81 FF F3 35 BF A5 39 (13)
                              [N7:N] TPOS 255 243 53 191 (-838209)
2026-02-24 00:40:12:189 [OUT] 25 A5 01 05 31 03 C9 3D 09 49 04 (11)
                              [N5:V] LFLAG '=' 9 (9)
2026-02-24 00:40:12:357 [IN ] C8 24 07 0E 25 A5 07 01 31 06 81 53 FF AB 14 44 15 0F 53 (19)
                              [N7:N] TPOS 'S' 255 171 20 68 (-5565372)
2026-02-24 00:40:12:483 [IN ] C8 24 05 0B 25 A5 05 01 31 03 C9 3A 09 46 02 44 (16)
                              [N5:V] LFLAG ':' 9 (9)
2026-02-24 00:40:12:504 [OUT] 25 A5 01 05 31 03 84 00 50 0E 02 (11)
                              [N5:V] VEL 0 80 (80)
2026-02-24 00:40:12:692 [IN ] C8 24 05 0C 25 A5 05 01 31 04 84 53 00 50 62 C2 15 (17)
                              [N5:V] VEL 'S' 0 80 (80)
2026-02-24 00:40:12:713 [OUT] 25 A5 01 05 31 05 81 00 19 82 3C 94 B6 (13)
                              [N5:V] TPOS 0 25 130 60 (1671740)
2026-02-24 00:40:12:901 [IN ] C8 24 05 0E 25 A5 05 01 31 06 81 53 FF FF FF FF 0D 88 53 (19)
                              [N5:V] TPOS 'S' 255 255 255 255 (-1)
2026-02-24 00:40:17:314 [IN ] C8 24 08 0B 25 A5 08 01 31 03 81 5A 52 6A C8 FF (16)
                              [N8:R] TPOS 'Z' 82 (82)
2026-02-24 00:40:17:515 [IN ] C8 24 08 0A 25 A5 08 01 31 02 81 49 06 4A C8 (15)
                              [N8:R] TPOS 'I'
2026-02-24 00:40:17:738 [OUT] 25 A5 01 08 31 03 CA 3D 09 4D 19 (11)
                              [N8:R] RFLAG '=' 9 (9)
2026-02-24 00:40:17:906 [IN ] C8 24 08 0B 25 A5 08 01 31 03 CA 3A 09 4A 1A FF (16)
                              [N8:R] RFLAG ':' 9 (9)
2026-02-24 00:40:17:926 [OUT] 25 A5 01 08 31 05 81 FF DC 77 1D 2F DE (13)
                              [N8:R] TPOS 255 220 119 29 (-2328803)
2026-02-24 00:40:18:115 [IN ] C8 24 08 0E 25 A5 08 01 31 06 81 53 FF FF FF E6 F7 8D 53 (19)
                              [N8:R] TPOS 'S' 255 255 255 230 (-26)
2026-02-24 00:40:18:538 [OUT] 25 A5 01 0C 31 01 82 C1 4C (9)
                              [N12:Z] GETPOS
2026-02-24 00:40:18:539 [IN ] C8 24 0C 0E 25 A5 0C 01 31 06 81 45 FF BC CF 41 D5 A1 53 (19)
                              [N12:Z] TPOS 'E' 255 188 207 65 (-4403391)
2026-02-24 00:40:18:559 [OUT] 25 A5 01 05 31 01 82 BA 30 (9)
                              [N5:V] GETPOS
2026-02-24 00:40:18:582 [OUT] 25 A5 01 07 31 01 82 BC 38 (9)
                              [N7:N] GETPOS
2026-02-24 00:40:18:604 [OUT] 25 A5 01 08 31 01 82 BD 3C (9)
                              [N8:R] GETPOS
2026-02-24 00:40:18:667 [IN ] C8 24 0C 0D 25 A5 0C 01 31 05 82 FF BC CF 43 92 84 A1 (18)
                              [N12:Z] GETPOS 255 188 207 67 (-4403389)
2026-02-24 00:40:18:688 [OUT] 25 A5 01 0C 31 05 81 FF D1 1A 67 15 6D (13)
                              [N12:Z] TPOS 255 209 26 103 (-3073433)
2026-02-24 00:40:18:771 [IN ] C8 24 05 0D 25 A5 05 01 31 05 82 00 13 57 65 8D 80 A1 (18)
                              [N5:V] GETPOS 0 19 87 101 (1267557)
2026-02-24 00:40:18:855 [IN ] C8 24 07 0D 25 A5 07 01 31 05 82 FF C1 73 5C 4F C7 A1 (18)
                              [N7:N] GETPOS 255 193 115 92 (-4099236)
2026-02-24 00:40:18:959 [IN ] C8 24 08 0D 25 A5 08 01 31 05 82 FF FD F6 AA 5D D8 A1 (18)
                              [N8:R] GETPOS 255 253 246 170 (-133462)
2026-02-24 00:40:19:086 [IN ] C8 24 0C 0E 25 A5 0C 01 31 06 81 53 FF BC CF 43 E5 E9 53 (19)
                              [N12:Z] TPOS 'S' 255 188 207 67 (-4403389)
2026-02-24 00:40:20:891 [IN ] C8 24 05 0E 25 A5 05 01 31 06 81 45 00 19 86 10 B2 B3 53 (19)
                              [N5:V] TPOS 'E' 0 25 134 16 (1672720)
2026-02-24 00:40:21:317 [OUT] 25 A5 01 05 31 05 81 00 0D 03 C1 8E 19 (13)
                              [N5:V] TPOS 0 13 3 193 (852929)
2026-02-24 00:40:21:505 [IN ] C8 24 05 0E 25 A5 05 01 31 06 81 53 00 19 86 10 C0 F9 53 (19)
                              [N5:V] TPOS 'S' 0 25 134 16 (1672720)
2026-02-24 00:40:26:728 [IN ] C8 24 05 0E 25 A5 05 01 31 06 81 45 00 0D 02 1C 2E 93 53 (19)
                              [N5:V] TPOS 'E' 0 13 2 28 (852508)
2026-02-24 00:40:26:929 [IN ] C8 24 0C 0E 25 A5 0C 01 31 06 81 45 FF D1 1B 6B 60 A2 53 (19)
                              [N12:Z] TPOS 'E' 255 209 27 107 (-3073173)
2026-02-24 00:40:26:951 [OUT] 25 A5 01 03 31 05 81 FF ED B1 30 88 70 (13)
                              [N3:X] TPOS 255 237 177 48 (-1199824)
2026-02-24 00:40:26:973 [OUT] 25 A5 01 04 31 05 81 FF F3 BD 0C 77 7E (13)
                              [N4:Y] TPOS 255 243 189 12 (-803572)
2026-02-24 00:40:27:142 [IN ] C8 24 03 0E 25 A5 03 01 31 06 81 53 FF FD 4F 40 9A 4F 53 (19)
                              [N3:X] TPOS 'S' 255 253 79 64 (-176320)
2026-02-24 00:40:27:266 [IN ] C8 24 04 0E 25 A5 04 01 31 06 81 53 FF FD 4F 83 DE 9C 53 (19)
                              [N4:Y] TPOS 'S' 255 253 79 131 (-176253)
2026-02-24 00:40:30:680 [IN ] C8 24 04 0E 25 A5 04 01 31 06 81 45 FF F3 BA 0B B9 96 53 (19)
                              [N4:Y] TPOS 'E' 255 243 186 11 (-804341)
2026-02-24 00:40:32:489 [IN ] C8 24 03 0E 25 A5 03 01 31 06 81 45 FF ED AD F7 91 4C 53 (19)
                              [N3:X] TPOS 'E' 255 237 173 247 (-1200649)
2026-02-24 00:40:33:493 [IN ] C8 24 07 0E 25 A5 07 01 31 06 81 45 FF F3 3A FE 2F A7 53 C8 24 08 0E 25 A5 08 01 31 06 81 45 FF DC 74 67 BC 49 53 (38)
                              [N7:N] TPOS 'E' 255 243 58 254 (-836866)
                              [N8:R] TPOS 'E' 255 220 116 103 (-2329497)
2026-02-24 00:40:33:918 [OUT] 25 A5 01 08 31 05 81 FF EE 15 56 18 89 (13)
                              [N8:R] TPOS 255 238 21 86 (-1174186)
2026-02-24 00:40:34:105 [IN ] C8 24 08 0E 25 A5 08 01 31 06 81 53 FF DC 74 71 D4 99 53 (19)
                              [N8:R] TPOS 'S' 255 220 116 113 (-2329487)
2026-02-24 00:40:42:335 [IN ] C8 24 08 0E 25 A5 08 01 31 06 81 45 FF EE 17 54 5E B2 53 (19)
                              [N8:R] TPOS 'E' 255 238 23 84 (-1173676)
