2026-02-24 01:38:10:522 [OUT] 25 A5 01 0A 31 05 D6 3D FF 00 00 53 ED (13)
                              [N10:HMI] HMILED '=' 255 0 0 (16711680)
2026-02-24 01:38:10:544 [OUT] 25 A5 01 03 31 02 D8 3F 4E CE (10)
                              [N3:X] INTERRUPT '?'
2026-02-24 01:38:10:846 [IN ] C8 24 0A 0D 25 A5 0A 01 31 05 D6 3A FF 00 00 50 EA AC C8 24 03 0C 25 A5 03 01 31 04 D8 3A 01 01 4D 6A EA (35)
                              [N10:HMI] HMILED ':' 255 0 0 (16711680)
                              [N3:X] INTERRUPT ':' 1 1 (257)
2026-02-24 01:38:10:867 [OUT] 25 A5 01 09 31 03 C9 3D 09 4D 1C (11)
                              [N9:P] LFLAG '=' 9 (9)
2026-02-24 01:38:10:890 [OUT] 25 A5 01 04 31 02 D8 3F 4F D3 (10)
                              [N4:Y] INTERRUPT '?'
2026-02-24 01:38:11:191 [IN ] C8 24 09 0B 25 A5 09 01 31 03 C9 3A 09 4A 1E 6A C8 24 04 0C 25 A5 04 01 31 04 D8 3A 01 01 4E 72 EA (33)
                              [N9:P] LFLAG ':' 9 (9)
                              [N4:Y] INTERRUPT ':' 1 1 (257)
2026-02-24 01:38:11:212 [OUT] 25 A5 01 09 31 03 CA 3D 09 4E 1F (11)
                              [N9:P] RFLAG '=' 9 (9)
2026-02-24 01:38:11:237 [OUT] 25 A5 01 0C 31 02 D8 3F 57 FB (10)
                              [N12:Z] INTERRUPT '?'
2026-02-24 01:38:11:539 [IN ] C8 24 09 0B 25 A5 09 01 31 03 CA 3A 09 4B 21 72 C8 24 0C 0C 25 A5 0C 01 31 04 D8 3A 01 01 56 B2 EA (33)
                              [N9:P] RFLAG ':' 9 (9)
                              [N12:Z] INTERRUPT ':' 1 1 (257)
2026-02-24 01:38:11:560 [OUT] 25 A5 01 08 31 03 C9 3D 09 4C 16 (11)
                              [N8:R] LFLAG '=' 9 (9)
2026-02-24 01:38:11:582 [OUT] 25 A5 01 03 31 03 C9 3D 0B 49 FA (11)
                              [N3:X] LFLAG '=' 11 (11)
2026-02-24 01:38:11:603 [OUT] 25 A5 01 04 31 03 C9 3D 0B 4A 00 (11)
                              [N4:Y] LFLAG '=' 11 (11)
2026-02-24 01:38:11:625 [OUT] 25 A5 01 0C 31 03 C9 3D 0B 52 30 (11)
                              [N12:Z] LFLAG '=' 11 (11)
2026-02-24 01:38:11:730 [IN ] C8 24 08 0B 25 A5 08 01 31 03 C9 3A 09 49 17 B2 (16)
                              [N8:R] LFLAG ':' 9 (9)
2026-02-24 01:38:11:753 [OUT] 25 A5 01 08 31 03 CA 3D 09 4D 19 (11)
                              [N8:R] RFLAG '=' 9 (9)
2026-02-24 01:38:11:838 [IN ] C8 24 03 0B 25 A5 03 01 31 03 C9 3A 0B 46 F6 B2 (16)
                              [N3:X] LFLAG ':' 11 (11)
2026-02-24 01:38:11:860 [OUT] 25 A5 01 03 31 03 88 00 50 10 02 (11)
                              [N3:X] RUN 0 80 (80)
2026-02-24 01:38:11:963 [IN ] C8 24 04 0B 25 A5 04 01 31 03 C9 3A 0B 47 FD B2 (16)
                              [N4:Y] LFLAG ':' 11 (11)
2026-02-24 01:38:11:983 [OUT] 25 A5 01 04 31 03 88 00 50 11 08 (11)
                              [N4:Y] RUN 0 80 (80)
2026-02-24 01:38:12:067 [IN ] C8 24 0C 0B 25 A5 0C 01 31 03 C9 3A 0B 4F 35 B2 (16)
                              [N12:Z] LFLAG ':' 11 (11)
2026-02-24 01:38:12:088 [OUT] 25 A5 01 0C 31 03 88 00 50 19 38 (11)
                              [N12:Z] RUN 0 80 (80)
2026-02-24 01:38:12:173 [IN ] C8 24 08 0B 25 A5 08 01 31 03 CA 3A 09 4A 1A B2 (16)
                              [N8:R] RFLAG ':' 9 (9)
2026-02-24 01:38:12:278 [IN ] C8 24 03 0C 25 A5 03 01 31 04 88 53 00 50 64 C2 EA (17)
                              [N3:X] RUN 'S' 0 80 (80)
2026-02-24 01:38:12:382 [IN ] C8 24 04 0C 25 A5 04 01 31 04 88 53 00 50 65 CA EA (17)
                              [N4:Y] RUN 'S' 0 80 (80)
2026-02-24 01:38:12:486 [IN ] C8 24 0C 0C 25 A5 0C 01 31 04 88 53 00 50 6D 0A EA (17)
                              [N12:Z] RUN 'S' 0 80 (80)
2026-02-24 01:38:19:714 [IN ] C8 24 04 0B 25 A5 04 01 31 03 81 5A 4C 60 A6 0A C8 24 04 0A 25 A5 04 01 31 02 81 49 02 32 A6 (31)
                              [N4:Y] TPOS 'Z' 76 (76)
                              [N4:Y] TPOS 'I'
2026-02-24 01:38:19:938 [OUT] 25 A5 01 09 31 02 D8 3F 54 EC (10)
                              [N9:P] INTERRUPT '?'
2026-02-24 01:38:20:239 [IN ] C8 24 09 0C 25 A5 09 01 31 04 D8 3A 01 01 53 9A EA (17)
                              [N9:P] INTERRUPT ':' 1 1 (257)
2026-02-24 01:38:20:260 [OUT] 25 A5 01 04 31 03 C9 3D 09 48 FE (11)
                              [N4:Y] LFLAG '=' 9 (9)
2026-02-24 01:38:20:281 [OUT] 25 A5 01 07 31 02 D8 3F 52 E2 (10)
                              [N7:N] INTERRUPT '?'
2026-02-24 01:38:20:582 [IN ] C8 24 04 0B 25 A5 04 01 31 03 C9 3A 09 45 FB 9A C8 24 07 0C 25 A5 07 01 31 04 D8 3A 01 01 51 8A EA (33)
                              [N4:Y] LFLAG ':' 9 (9)
                              [N7:N] INTERRUPT ':' 1 1 (257)
2026-02-24 01:38:20:603 [OUT] 25 A5 01 09 31 03 C9 3D 0B 4F 1E (11)
                              [N9:P] LFLAG '=' 11 (11)
2026-02-24 01:38:20:625 [OUT] 25 A5 01 07 31 03 C9 3D 0B 4D 12 (11)
                              [N7:N] LFLAG '=' 11 (11)
2026-02-24 01:38:20:770 [IN ] C8 24 09 0B 25 A5 09 01 31 03 C9 3A 0B 4C 20 8A (16)
                              [N9:P] LFLAG ':' 11 (11)
2026-02-24 01:38:20:791 [OUT] 25 A5 01 09 31 03 88 00 50 16 26 (11)
                              [N9:P] RUN 0 80 (80)
2026-02-24 01:38:20:896 [IN ] C8 24 07 0B 25 A5 07 01 31 03 C9 3A 0B 4A 12 8A (16)
                              [N7:N] LFLAG ':' 11 (11)
2026-02-24 01:38:20:920 [OUT] 25 A5 01 07 31 03 88 00 50 14 1A (11)
                              [N7:N] RUN 0 80 (80)
2026-02-24 01:38:20:983 [IN ] C8 24 09 0C 25 A5 09 01 31 04 88 53 00 50 6A F2 EA (17)
                              [N9:P] RUN 'S' 0 80 (80)
2026-02-24 01:38:21:046 [IN ] C8 24 09 (3)
2026-02-24 01:38:21:069 [IN ] 0B 25 A5 09 01 31 03 81 5A 4C 65 C9 F2 (13)
                              [N9:P] TPOS 'Z' 76 (76)
2026-02-24 01:38:21:112 [IN ] C8 24 07 0C 25 A5 07 01 31 04 88 53 00 50 68 E2 EA C8 24 09 0A 25 A5 09 01 31 02 81 49 07 50 68 (32)
                              [N7:N] RUN 'S' 0 80 (80)
                              [N9:P] TPOS 'I'
2026-02-24 01:38:21:336 [OUT] 25 A5 01 09 31 03 C9 3D 09 4D 1C (11)
                              [N9:P] LFLAG '=' 9 (9)
2026-02-24 01:38:21:359 [OUT] 25 A5 01 04 31 05 81 FF EE 88 01 32 FA (13)
                              [N4:Y] TPOS 255 238 136 1 (-1144831)
2026-02-24 01:38:21:504 [IN ] C8 24 09 0B 25 A5 09 01 31 03 C9 3A 09 4A 1E E2 (16)
                              [N9:P] LFLAG ':' 9 (9)
2026-02-24 01:38:21:629 [IN ] C8 24 04 0E 25 A5 04 01 31 06 81 53 00 00 00 00 10 88 31 (19)
                              [N4:Y] TPOS 'S' 0 0 0 0 (0)
2026-02-24 01:38:24:240 [IN ] C8 24 03 0B 25 A5 03 01 31 03 81 5A 4C 5F 9F 00 C8 24 03 0A 25 A5 03 01 31 02 81 49 01 2C 9F (31)
                              [N3:X] TPOS 'Z' 76 (76)
                              [N3:X] TPOS 'I'
2026-02-24 01:38:24:463 [OUT] 25 A5 01 03 31 03 C9 3D 09 47 F8 (11)
                              [N3:X] LFLAG '=' 9 (9)
2026-02-24 01:38:24:630 [IN ] C8 24 03 0B 25 A5 03 01 31 03 C9 3A 09 44 F4 00 (16)
                              [N3:X] LFLAG ':' 9 (9)
2026-02-24 01:38:25:032 [IN ] C8 24 07 0B 25 A5 07 01 31 03 81 5A 4C 63 BB 00 C8 24 07 0A 25 A5 07 01 31 02 81 49 05 44 BB (31)
                              [N7:N] TPOS 'Z' 76 (76)
                              [N7:N] TPOS 'I'
2026-02-24 01:38:25:255 [OUT] 25 A5 01 07 31 03 C9 3D 09 4B 10 (11)
                              [N7:N] LFLAG '=' 9 (9)
2026-02-24 01:38:25:421 [IN ] C8 24 07 0B 25 A5 07 01 31 03 C9 3A 09 48 10 00 (16)
                              [N7:N] LFLAG ':' 9 (9)
2026-02-24 01:38:27:828 [IN ] C8 24 04 0E 25 A5 04 01 31 06 81 45 FF EE 85 66 DA 78 31 (19)
                              [N4:Y] TPOS 'E' 255 238 133 102 (-1145498)
2026-02-24 01:38:28:051 [OUT] 25 A5 01 09 31 05 81 FF E7 5D 56 5A 0C (13)
                              [N9:P] TPOS 255 231 93 86 (-1614506)
2026-02-24 01:38:28:072 [OUT] 25 A5 01 04 31 05 81 FF FD 50 01 09 B7 (13)
                              [N4:Y] TPOS 255 253 80 1 (-176127)
2026-02-24 01:38:28:094 [OUT] 25 A5 01 07 31 05 81 FF AB 19 75 F7 DF (13)
                              [N7:N] TPOS 255 171 25 117 (-5564043)
2026-02-24 01:38:28:116 [OUT] 25 A5 01 03 31 05 81 FF EC 4A AB 9B 1A (13)
                              [N3:X] TPOS 255 236 74 171 (-1291605)
2026-02-24 01:38:28:139 [OUT] 25 A5 01 06 31 02 D8 3F 51 DD (10)
                              [N6:H] INTERRUPT '?'
2026-02-24 01:38:28:440 [IN ] C8 24 09 0E 25 A5 09 01 31 06 81 53 FF FF FF F3 05 A4 31 C8 24 04 0E 25 A5 04 01 31 06 81 53 FF EE 85 66 E8 BE 31 (38)
                              [N9:P] TPOS 'S' 255 255 255 243 (-13)
                              [N4:Y] TPOS 'S' 255 238 133 102 (-1145498)
2026-02-24 01:38:28:741 [IN ] C8 24 07 0E 25 A5 07 01 31 06 81 53 FF FF FF FB 0B 98 31 C8 24 03 0E 25 A5 03 01 31 06 81 53 00 00 00 00 0F 7E 31 C8 24 06 0C 25 A5 06 01 31 04 D8 3A 01 01 50 82 0F (55)
                              [N7:N] TPOS 'S' 255 255 255 251 (-5)
                              [N3:X] TPOS 'S' 0 0 0 0 (0)
                              [N6:H] INTERRUPT ':' 1 1 (257)
2026-02-24 01:38:28:763 [OUT] 25 A5 01 06 31 03 C9 3D 0B 4C 0C (11)
                              [N6:H] LFLAG '=' 11 (11)
2026-02-24 01:38:28:930 [IN ] C8 24 06 0B 25 A5 06 01 31 03 C9 3A 0B 49 0B 82 (16)
                              [N6:H] LFLAG ':' 11 (11)
2026-02-24 01:38:28:953 [OUT] 25 A5 01 06 31 03 88 FF B0 72 72 (11)
                              [N6:H] RUN 255 176 (-80)
2026-02-24 01:38:29:120 [IN ] C8 24 06 0C 25 A5 06 01 31 04 88 53 FF B0 C6 38 0F (17)
                              [N6:H] RUN 'S' 255 176 (-80)
2026-02-24 01:38:31:532 [IN ] C8 24 0C 0B 25 A5 0C 01 31 03 81 5A 4C 68 DE 38 C8 24 0C 0A 25 A5 0C 01 31 02 81 49 0A 62 DE (31)
                              [N12:Z] TPOS 'Z' 76 (76)
                              [N12:Z] TPOS 'I'
2026-02-24 01:38:31:757 [OUT] 25 A5 01 0C 31 03 C9 3D 09 50 2E (11)
                              [N12:Z] LFLAG '=' 9 (9)
2026-02-24 01:38:31:926 [IN ] C8 24 0C 0B 25 A5 0C 01 31 03 C9 3A 09 4D 33 38 (16)
                              [N12:Z] LFLAG ':' 9 (9)
2026-02-24 01:38:31:947 [OUT] 25 A5 01 0C 31 05 81 FF BC D0 00 4F 33 (13)
                              [N12:Z] TPOS 255 188 208 0 (-4403200)
2026-02-24 01:38:32:156 [IN ] C8 24 0C 0E 25 A5 0C 01 31 06 81 53 FF FF FF 5F 74 2E 31 (19)
                              [N12:Z] TPOS 'S' 255 255 255 95 (-161)
2026-02-24 01:38:33:561 [IN ] C8 24 06 0B 25 A5 06 01 31 03 81 5A 4C 62 B4 5F C8 24 06 0A 25 A5 06 01 31 02 81 49 04 3E B4 (31)
                              [N6:H] TPOS 'Z' 76 (76)
                              [N6:H] TPOS 'I'
2026-02-24 01:38:33:784 [OUT] 25 A5 01 06 31 03 C9 3D 09 4A 0A (11)
                              [N6:H] LFLAG '=' 9 (9)
2026-02-24 01:38:33:930 [IN ] C8 24 06 0B 25 A5 06 01 31 03 C9 3A 09 47 09 5F (16)
                              [N6:H] LFLAG ':' 9 (9)
2026-02-24 01:38:33:951 [OUT] 25 A5 01 06 31 03 84 00 50 0F 08 (11)
                              [N6:H] VEL 0 80 (80)
2026-02-24 01:38:34:117 [IN ] C8 24 06 0C 25 A5 06 01 31 04 84 53 00 50 63 CA 74 (17)
                              [N6:H] VEL 'S' 0 80 (80)
2026-02-24 01:38:34:138 [OUT] 25 A5 01 06 31 05 81 00 19 82 3C 95 BE (13)
                              [N6:H] TPOS 0 25 130 60 (1671740)
2026-02-24 01:38:34:346 [IN ] C8 24 06 0E 25 A5 06 01 31 06 81 53 00 00 00 01 13 9D 31 (19)
                              [N6:H] TPOS 'S' 0 0 0 1 (1)
2026-02-24 01:38:35:349 [IN ] C8 24 03 0E 25 A5 03 01 31 06 81 45 FF EC 47 81 B4 07 31 (19)
                              [N3:X] TPOS 'E' 255 236 71 129 (-1292415)
2026-02-24 01:38:35:774 [OUT] 25 A5 01 03 31 05 81 FF FD 50 01 08 AF (13)
                              [N3:X] TPOS 255 253 80 1 (-176127)
2026-02-24 01:38:35:961 [IN ] C8 24 03 0E 25 A5 03 01 31 06 81 53 FF EC 47 81 C2 4D 31 (19)
                              [N3:X] TPOS 'S' 255 236 71 129 (-1292415)
2026-02-24 01:38:37:566 [IN ] C8 24 04 0E 25 A5 04 01 31 06 81 45 FF FD 4F 8A D7 5D 31 (19)
                              [N4:Y] TPOS 'E' 255 253 79 138 (-176246)
2026-02-24 01:38:38:370 [IN ] C8 24 09 0E 25 A5 09 01 31 06 81 45 FF E7 5B CC 14 (17)
2026-02-24 01:38:38:571 [IN ] A7 31 (2)
                              [N9:P] TPOS 'E' 255 231 91 204 (-1614900)
2026-02-24 01:38:38:995 [OUT] 25 A5 01 09 31 05 81 FF FF D9 C8 60 BE (13)
                              [N9:P] TPOS 255 255 217 200 (-9784)
2026-02-24 01:38:39:181 [IN ] C8 24 09 0E 25 A5 09 01 31 (9)
2026-02-24 01:38:39:203 [IN ] 06 81 53 FF E7 5B D6 2C F7 31 (10)
                              [N9:P] TPOS 'S' 255 231 91 214 (-1614890)
2026-02-24 01:38:42:818 [IN ] C8 24 06 0E 25 A5 06 01 31 06 81 45 00 19 85 78 1A 23 31 (19)
                              [N6:H] TPOS 'E' 0 25 133 120 (1672568)
2026-02-24 01:38:43:241 [OUT] 25 A5 01 06 31 05 81 00 0D 03 C1 8F 21 (13)
                              [N6:H] TPOS 0 13 3 193 (852929)
2026-02-24 01:38:43:407 [IN ] C8 24 06 0E 25 A5 06 01 31 06 81 53 00 19 85 78 28 69 31 (19)
                              [N6:H] TPOS 'S' 0 25 133 120 (1672568)
2026-02-24 01:38:47:223 [IN ] C8 24 06 0E 25 A5 06 01 31 06 81 45 00 0C FE CA D8 40 31 (19)
                              [N6:H] TPOS 'E' 0 12 254 202 (851658)
2026-02-24 01:38:47:446 [OUT] 25 A5 01 05 31 02 D8 3F 50 D8 (10)
                              [N5:V] INTERRUPT '?'
2026-02-24 01:38:47:747 [IN ] C8 24 05 0C 25 A5 05 01 31 04 D8 3A 01 01 4F 7A D8 (17)
                              [N5:V] INTERRUPT ':' 1 1 (257)
2026-02-24 01:38:47:768 [OUT] 25 A5 01 05 31 03 C9 3D 0B 4B 06 (11)
                              [N5:V] LFLAG '=' 11 (11)
2026-02-24 01:38:47:937 [IN ] C8 24 05 0B 25 A5 05 01 31 03 C9 3A 0B 48 04 7A (16)
                              [N5:V] LFLAG ':' 11 (11)
2026-02-24 01:38:47:958 [OUT] 25 A5 01 05 31 03 88 FF B0 71 6C (11)
                              [N5:V] RUN 255 176 (-80)
2026-02-24 01:38:48:041 [IN ] C8 24 03 0E 25 A5 03 01 31 06 81 45 FF FD 4F 7A C6 43 31 (19)
                              [N3:X] TPOS 'E' 255 253 79 122 (-176262)
2026-02-24 01:38:48:104 [IN ] C8 24 05 0C 25 A5 05 01 31 04 88 53 FF B0 C5 30 C6 (17)
                              [N5:V] RUN 'S' 255 176 (-80)
2026-02-24 01:38:49:311 [IN ] C8 24 09 0E 25 A5 09 01 31 06 81 45 FF FF DA 79 58 9A 31 (19)
                              [N9:P] TPOS 'E' 255 255 218 121 (-9607)
2026-02-24 01:38:49:533 [OUT] 25 A5 01 08 31 02 D8 3F 53 E7 (10)
                              [N8:R] INTERRUPT '?'
2026-02-24 01:38:49:834 [IN ] C8 24 08 0C 25 A5 08 01 31 04 D8 3A 01 01 52 92 58 (17)
                              [N8:R] INTERRUPT ':' 1 1 (257)
2026-02-24 01:38:49:855 [OUT] 25 A5 01 08 31 03 CA 3D 0B 4F 1B (11)
                              [N8:R] RFLAG '=' 11 (11)
2026-02-24 01:38:50:022 [IN ] C8 24 08 0B 25 A5 08 01 31 03 CA 3A 0B 4C 1C 92 (16)
                              [N8:R] RFLAG ':' 11 (11)
2026-02-24 01:38:50:043 [OUT] 25 A5 01 08 31 03 88 00 50 15 20 (11)
                              [N8:R] RUN 0 80 (80)
2026-02-24 01:38:50:208 [IN ] C8 24 08 0C 25 A5 08 01 31 04 88 53 00 50 69 EA 58 (17)
                              [N8:R] RUN 'S' 0 80 (80)
2026-02-24 01:38:53:219 [IN ] C8 24 05 0B 25 A5 05 01 31 03 81 5A 4C 61 AD EA C8 24 05 0A 25 A5 05 01 31 02 81 49 03 38 AD (31)
                              [N5:V] TPOS 'Z' 76 (76)
                              [N5:V] TPOS 'I'
2026-02-24 01:38:53:421 [IN ] C8 24 07 0E 25 A5 07 01 31 06 81 45 FF AB 14 4E 11 D3 31 (19)
                              [N7:N] TPOS 'E' 255 171 20 78 (-5565362)
2026-02-24 01:38:53:443 [OUT] 25 A5 01 05 31 03 C9 3D 09 49 04 (11)
                              [N5:V] LFLAG '=' 9 (9)
2026-02-24 01:38:53:488 [OUT] 25 A5 01 07 31 05 81 FF F3 35 BF A5 39 (13)
                              [N7:N] TPOS 255 243 53 191 (-838209)
2026-02-24 01:38:53:612 [IN ] C8 24 05 0B 25 A5 05 01 31 03 C9 3A 09 46 02 4E (16)
                              [N5:V] LFLAG ':' 9 (9)
2026-02-24 01:38:53:633 [OUT] 25 A5 01 05 31 03 84 00 50 0E 02 (11)
                              [N5:V] VEL 0 80 (80)
2026-02-24 01:38:53:739 [IN ] C8 24 07 0E 25 A5 07 01 31 06 81 53 FF AB 14 4E 1F 19 31 (19)
                              [N7:N] TPOS 'S' 255 171 20 78 (-5565362)
2026-02-24 01:38:53:844 [IN ] C8 24 05 0C 25 A5 05 01 31 04 84 53 00 50 62 C2 1F (17)
                              [N5:V] VEL 'S' 0 80 (80)
2026-02-24 01:38:53:866 [OUT] 25 A5 01 05 31 05 81 00 19 82 3C 94 B6 (13)
                              [N5:V] TPOS 0 25 130 60 (1671740)
2026-02-24 01:38:54:056 [IN ] C8 24 05 0E 25 A5 05 01 31 06 81 53 00 00 00 00 11 92 31 (19)
                              [N5:V] TPOS 'S' 0 0 0 0 (0)
2026-02-24 01:38:58:672 [IN ] C8 24 08 0B 25 A5 08 01 31 03 81 5A 52 6A C8 00 (16)
                              [N8:R] TPOS 'Z' 82 (82)
2026-02-24 01:38:58:875 [IN ] C8 24 08 0A 25 A5 08 01 31 02 81 49 06 4A C8 (15)
                              [N8:R] TPOS 'I'
2026-02-24 01:38:59:098 [OUT] 25 A5 01 08 31 03 CA 3D 09 4D 19 (11)
                              [N8:R] RFLAG '=' 9 (9)
2026-02-24 01:38:59:266 [IN ] C8 24 08 0B 25 A5 08 01 31 03 CA 3A 09 4A 1A 00 (16)
                              [N8:R] RFLAG ':' 9 (9)
2026-02-24 01:38:59:289 [OUT] 25 A5 01 08 31 05 81 FF DC 77 1D 2F DE (13)
                              [N8:R] TPOS 255 220 119 29 (-2328803)
2026-02-24 01:38:59:476 [IN ] C8 24 08 0E 25 A5 08 01 31 06 81 53 FF FF FF EF 00 96 31 (19)
                              [N8:R] TPOS 'S' 255 255 255 239 (-17)
2026-02-24 01:38:59:879 [IN ] C8 24 0C 0E 25 A5 0C 01 31 06 81 45 FF BC CF 66 FA C6 31 (19)
                              [N12:Z] TPOS 'E' 255 188 207 102 (-4403354)
2026-02-24 01:38:59:900 [OUT] 25 A5 01 0C 31 01 82 C1 4C (9)
                              [N12:Z] GETPOS
2026-02-24 01:38:59:924 [OUT] 25 A5 01 05 31 01 82 BA 30 (9)
                              [N5:V] GETPOS
2026-02-24 01:38:59:946 [OUT] 25 A5 01 07 31 01 82 BC 38 (9)
                              [N7:N] GETPOS
2026-02-24 01:38:59:967 [OUT] 25 A5 01 08 31 01 82 BD 3C (9)
                              [N8:R] GETPOS
2026-02-24 01:39:00:050 [IN ] C8 24 0C 0D 25 A5 0C 01 31 05 82 FF BC CF 99 E8 DA C6 (18)
                              [N12:Z] GETPOS 255 188 207 153 (-4403303)
2026-02-24 01:39:00:072 [OUT] 25 A5 01 0C 31 05 81 FF D1 1A 67 15 6D (13)
                              [N12:Z] TPOS 255 209 26 103 (-3073433)
2026-02-24 01:39:00:135 [IN ] C8 24 05 0D 25 A5 05 01 31 05 82 00 14 09 65 40 E7 C6 (18)
                              [N5:V] GETPOS 0 20 9 101 (1313125)
2026-02-24 01:39:00:219 [IN ] C8 24 07 0D 25 A5 07 01 31 05 82 FF C1 67 67 4E BA C6 (18)
                              [N7:N] GETPOS 255 193 103 103 (-4102297)
2026-02-24 01:39:00:322 [IN ] C8 24 08 0D 25 A5 08 01 31 05 82 FF FD F8 50 05 82 C6 (18)
                              [N8:R] GETPOS 255 253 248 80 (-133040)
2026-02-24 01:39:00:449 [IN ] C8 24 0C 0E 25 A5 0C 01 31 06 81 53 FF BC CF 99 3B 3F 31 (19)
                              [N12:Z] TPOS 'S' 255 188 207 153 (-4403303)
2026-02-24 01:39:02:056 [IN ] C8 24 05 0E 25 A5 05 01 31 06 81 45 00 19 86 2A CC CD 31 (19)
                              [N5:V] TPOS 'E' 0 25 134 42 (1672746)
2026-02-24 01:39:02:479 [OUT] 25 A5 01 05 31 05 81 00 0D 03 C1 8E 19 (13)
                              [N5:V] TPOS 0 13 3 193 (852929)
2026-02-24 01:39:02:666 [IN ] C8 24 05 0E 25 A5 05 01 31 06 81 53 00 19 86 2A DA 13 31 (19)
                              [N5:V] TPOS 'S' 0 25 134 42 (1672746)
2026-02-24 01:39:07:887 [IN ] C8 24 05 0E 25 A5 05 01 31 06 81 45 00 0D 02 26 38 9D 31 (19)
                              [N5:V] TPOS 'E' 0 13 2 38 (852518)
2026-02-24 01:39:08:109 [OUT] 25 A5 01 03 31 05 81 FF ED B1 30 88 70 (13)
                              [N3:X] TPOS 255 237 177 48 (-1199824)
2026-02-24 01:39:08:132 [OUT] 25 A5 01 04 31 05 81 FF F3 BD 0C 77 7E (13)
                              [N4:Y] TPOS 255 243 189 12 (-803572)
2026-02-24 01:39:08:257 [IN ] C8 24 0C 0E 25 A5 0C 01 31 06 81 45 FF D1 1B 5B 50 92 31 (19)
                              [N12:Z] TPOS 'E' 255 209 27 91 (-3073189)
2026-02-24 01:39:08:300 [IN ] C8 24 03 0E 25 A5 03 01 31 06 81 53 FF FD 4F 7B D5 8A 31 (19)
                              [N3:X] TPOS 'S' 255 253 79 123 (-176261)
2026-02-24 01:39:08:426 [IN ] C8 24 04 0E 25 A5 (6)
2026-02-24 01:39:08:447 [IN ] 04 01 31 06 81 53 FF FD 4F 8A E5 A3 31 (13)
                              [N4:Y] TPOS 'S' 255 253 79 138 (-176246)
2026-02-24 01:39:11:859 [IN ] C8 24 04 0E 25 A5 04 01 31 06 81 45 FF F3 BA 32 E0 BD 31 (19)
                              [N4:Y] TPOS 'E' 255 243 186 50 (-804302)
2026-02-24 01:39:13:465 [IN ] C8 24 03 0E 25 A5 03 01 31 06 81 45 FF ED AE 21 BC 78 31 (19)
                              [N3:X] TPOS 'E' 255 237 174 33 (-1200607)
2026-02-24 01:39:14:872 [IN ] C8 24 08 0E 25 A5 08 01 31 06 81 45 FF DC 74 3C 91 1E 31 C8 24 07 0E 25 A5 07 01 31 06 81 45 FF F3 3B 10 42 BB 31 (38)
                              [N8:R] TPOS 'E' 255 220 116 60 (-2329540)
                              [N7:N] TPOS 'E' 255 243 59 16 (-836848)
2026-02-24 01:39:15:297 [OUT] 25 A5 01 08 31 05 81 FF EE 15 56 18 89 (13)
                              [N8:R] TPOS 255 238 21 86 (-1174186)
2026-02-24 01:39:15:483 [IN ] C8 24 08 0E 25 A5 08 01 31 06 81 53 FF DC 74 4E B1 76 31 (19)
                              [N8:R] TPOS 'S' 255 220 116 78 (-2329522)
2026-02-24 01:39:23:715 [IN ] C8 24 08 0E 25 A5 08 01 31 06 81 45 FF EE 17 51 5B AF 31 (19)
                              [N8:R] TPOS 'E' 255 238 23 81 (-1173679)
