2026-02-24 01:47:58:136 [OUT] 25 A5 01 0A 31 05 D6 3D FF 00 00 53 ED (13)
                              [N10:HMI] HMILED '=' 255 0 0 (16711680)
2026-02-24 01:47:58:159 [OUT] 25 A5 01 03 31 02 D8 3F 4E CE (10)
                              [N3:X] INTERRUPT '?'
2026-02-24 01:47:58:459 [IN ] C8 24 0A 0D 25 A5 0A 01 31 05 D6 3A FF 00 00 50 EA C2 C8 24 03 0C 25 A5 03 01 31 04 D8 3A 01 01 4D 6A EA (35)
                              [N10:HMI] HMILED ':' 255 0 0 (16711680)
                              [N3:X] INTERRUPT ':' 1 1 (257)
2026-02-24 01:47:58:480 [OUT] 25 A5 01 09 31 03 C9 3D 09 4D 1C (11)
                              [N9:P] LFLAG '=' 9 (9)
2026-02-24 01:47:58:503 [OUT] 25 A5 01 04 31 02 D8 3F 4F D3 (10)
                              [N4:Y] INTERRUPT '?'
2026-02-24 01:47:58:805 [IN ] C8 24 09 0B 25 A5 09 01 31 03 C9 3A 09 4A 1E 6A C8 24 04 0C 25 A5 04 01 31 04 D8 3A 01 01 4E 72 EA (33)
                              [N9:P] LFLAG ':' 9 (9)
                              [N4:Y] INTERRUPT ':' 1 1 (257)
2026-02-24 01:47:58:826 [OUT] 25 A5 01 09 31 03 CA 3D 09 4E 1F (11)
                              [N9:P] RFLAG '=' 9 (9)
2026-02-24 01:47:58:848 [OUT] 25 A5 01 0C 31 02 D8 3F 57 FB (10)
                              [N12:Z] INTERRUPT '?'
2026-02-24 01:47:59:149 [IN ] C8 24 09 0B 25 A5 09 01 31 03 CA 3A 09 4B 21 72 C8 24 0C 0C 25 A5 0C 01 31 04 D8 3A 01 01 56 B2 EA (33)
                              [N9:P] RFLAG ':' 9 (9)
                              [N12:Z] INTERRUPT ':' 1 1 (257)
2026-02-24 01:47:59:171 [OUT] 25 A5 01 08 31 03 C9 3D 09 4C 16 (11)
                              [N8:R] LFLAG '=' 9 (9)
2026-02-24 01:47:59:192 [OUT] 25 A5 01 03 31 03 C9 3D 0B 49 FA (11)
                              [N3:X] LFLAG '=' 11 (11)
2026-02-24 01:47:59:213 [OUT] 25 A5 01 04 31 03 C9 3D 0B 4A 00 (11)
                              [N4:Y] LFLAG '=' 11 (11)
2026-02-24 01:47:59:235 [OUT] 25 A5 01 0C 31 03 C9 3D 0B 52 30 (11)
                              [N12:Z] LFLAG '=' 11 (11)
2026-02-24 01:47:59:341 [IN ] C8 24 08 0B 25 A5 08 01 31 03 C9 3A 09 49 17 B2 (16)
                              [N8:R] LFLAG ':' 9 (9)
2026-02-24 01:47:59:363 [OUT] 25 A5 01 08 31 03 CA 3D 09 4D 19 (11)
                              [N8:R] RFLAG '=' 9 (9)
2026-02-24 01:47:59:449 [IN ] C8 24 03 0B 25 A5 03 01 31 03 C9 3A 0B 46 F6 B2 (16)
                              [N3:X] LFLAG ':' 11 (11)
2026-02-24 01:47:59:470 [OUT] 25 A5 01 03 31 03 88 00 50 10 02 (11)
                              [N3:X] RUN 0 80 (80)
2026-02-24 01:47:59:554 [IN ] C8 24 04 0B 25 A5 04 01 31 03 C9 3A 0B 47 FD B2 (16)
                              [N4:Y] LFLAG ':' 11 (11)
2026-02-24 01:47:59:575 [OUT] 25 A5 01 04 31 03 88 00 50 11 08 (11)
                              [N4:Y] RUN 0 80 (80)
2026-02-24 01:47:59:659 [IN ] C8 24 0C 0B 25 A5 0C 01 31 03 C9 3A 0B 4F 35 B2 (16)
                              [N12:Z] LFLAG ':' 11 (11)
2026-02-24 01:47:59:680 [OUT] 25 A5 01 0C 31 03 88 00 50 19 38 (11)
                              [N12:Z] RUN 0 80 (80)
2026-02-24 01:47:59:764 [IN ] C8 24 08 0B 25 A5 08 01 31 03 CA 3A 09 4A 1A B2 (16)
                              [N8:R] RFLAG ':' 9 (9)
2026-02-24 01:47:59:911 [IN ] C8 24 03 0C 25 A5 03 01 31 04 88 53 00 50 64 C2 EA (17)
                              [N3:X] RUN 'S' 0 80 (80)
2026-02-24 01:47:59:995 [IN ] C8 24 04 0C 25 A5 04 01 31 04 88 53 00 50 65 CA EA (17)
                              [N4:Y] RUN 'S' 0 80 (80)
2026-02-24 01:48:00:098 [IN ] C8 24 0C 0C 25 A5 0C 01 31 04 88 53 00 50 6D 0A EA (17)
                              [N12:Z] RUN 'S' 0 80 (80)
2026-02-24 01:48:07:125 [IN ] C8 24 04 0B 25 A5 04 01 31 03 81 5A 4C 60 A6 0A (16)
                              [N4:Y] TPOS 'Z' 76 (76)
2026-02-24 01:48:07:327 [IN ] C8 24 04 0A 25 A5 04 01 31 02 81 49 02 32 A6 (15)
                              [N4:Y] TPOS 'I'
2026-02-24 01:48:07:551 [OUT] 25 A5 01 09 31 02 D8 3F 54 EC (10)
                              [N9:P] INTERRUPT '?'
2026-02-24 01:48:07:852 [IN ] C8 24 09 0C 25 A5 09 01 31 04 D8 3A 01 01 53 9A EA (17)
                              [N9:P] INTERRUPT ':' 1 1 (257)
2026-02-24 01:48:07:874 [OUT] 25 A5 01 04 31 03 C9 3D 09 48 FE (11)
                              [N4:Y] LFLAG '=' 9 (9)
2026-02-24 01:48:07:895 [OUT] 25 A5 01 07 31 02 D8 3F 52 E2 (10)
                              [N7:N] INTERRUPT '?'
2026-02-24 01:48:08:197 [IN ] C8 24 04 0B 25 A5 04 01 31 03 C9 3A 09 45 FB 9A C8 24 07 0C 25 A5 07 01 31 04 D8 3A 01 01 51 8A EA (33)
                              [N4:Y] LFLAG ':' 9 (9)
                              [N7:N] INTERRUPT ':' 1 1 (257)
2026-02-24 01:48:08:218 [OUT] 25 A5 01 09 31 03 C9 3D 0B 4F 1E (11)
                              [N9:P] LFLAG '=' 11 (11)
2026-02-24 01:48:08:242 [OUT] 25 A5 01 07 31 03 C9 3D 0B 4D 12 (11)
                              [N7:N] LFLAG '=' 11 (11)
2026-02-24 01:48:08:389 [IN ] C8 24 09 0B 25 A5 09 01 31 03 C9 3A 0B 4C 20 8A (16)
                              [N9:P] LFLAG ':' 11 (11)
2026-02-24 01:48:08:411 [OUT] 25 A5 01 09 31 03 88 00 50 16 26 (11)
                              [N9:P] RUN 0 80 (80)
2026-02-24 01:48:08:474 [IN ] C8 24 07 0B 25 A5 07 01 31 (9)
2026-02-24 01:48:08:495 [IN ] 03 C9 3A 0B 4A 12 8A (7)
                              [N7:N] LFLAG ':' 11 (11)
2026-02-24 01:48:08:516 [OUT] 25 A5 01 07 31 03 88 00 50 14 1A (11)
                              [N7:N] RUN 0 80 (80)
2026-02-24 01:48:08:621 [IN ] C8 24 09 0C 25 A5 09 01 31 04 88 53 00 50 6A F2 EA (17)
                              [N9:P] RUN 'S' 0 80 (80)
2026-02-24 01:48:08:684 [IN ] C8 24 09 0B 25 A5 09 01 31 03 81 5A 4C 65 C9 F2 (16)
                              [N9:P] TPOS 'Z' 76 (76)
2026-02-24 01:48:08:706 [IN ] C8 24 07 0C 25 A5 07 01 31 04 88 53 00 50 68 E2 EA (17)
                              [N7:N] RUN 'S' 0 80 (80)
2026-02-24 01:48:08:907 [IN ] C8 24 09 0A 25 A5 09 01 31 02 81 49 07 50 68 (15)
                              [N9:P] TPOS 'I'
2026-02-24 01:48:09:131 [OUT] 25 A5 01 09 31 03 C9 3D 09 4D 1C (11)
                              [N9:P] LFLAG '=' 9 (9)
2026-02-24 01:48:09:153 [OUT] 25 A5 01 04 31 05 81 FF EE 88 01 32 FA (13)
                              [N4:Y] TPOS 255 238 136 1 (-1144831)
2026-02-24 01:48:09:299 [IN ] C8 24 09 0B 25 A5 09 01 31 03 C9 3A 09 4A 1E E2 (16)
                              [N9:P] LFLAG ':' 9 (9)
2026-02-24 01:48:09:425 [IN ] C8 24 04 0E 25 A5 04 01 31 06 81 53 00 00 00 00 10 88 31 (19)
                              [N4:Y] TPOS 'S' 0 0 0 0 (0)
2026-02-24 01:48:10:429 [IN ] C8 24 03 15 25 A5 03 01 31 03 81 5A 4C 5F 9F 25 A5 03 01 31 02 81 52 0A 35 00 C8 24 03 0A 25 A5 03 01 31 02 81 49 01 2C 9F (41)
                              [N3:X] TPOS 'Z' 76 (76)
                              [N3:X] TPOS 'R'
                              [N3:X] TPOS 'I'
2026-02-24 01:48:10:654 [OUT] 25 A5 01 03 31 03 C9 3D 09 47 F8 (11)
                              [N3:X] LFLAG '=' 9 (9)
2026-02-24 01:48:10:820 [IN ] C8 24 03 0B 25 A5 03 01 31 03 C9 3A 09 44 F4 25 (16)
                              [N3:X] LFLAG ':' 9 (9)
2026-02-24 01:48:12:428 [IN ] C8 24 07 0B 25 A5 07 01 31 03 81 5A 4C 63 BB 25 (16)
                              [N7:N] TPOS 'Z' 76 (76)
2026-02-24 01:48:12:630 [IN ] C8 24 07 0A 25 A5 07 01 31 02 81 49 05 44 BB (15)
                              [N7:N] TPOS 'I'
2026-02-24 01:48:12:854 [OUT] 25 A5 01 07 31 03 C9 3D 09 4B 10 (11)
                              [N7:N] LFLAG '=' 9 (9)
2026-02-24 01:48:13:021 [IN ] C8 24 07 0B 25 A5 07 01 31 03 C9 3A 09 48 10 25 (16)
                              [N7:N] LFLAG ':' 9 (9)
2026-02-24 01:48:15:630 [IN ] C8 24 04 0E 25 A5 04 01 31 06 81 45 FF EE 85 4E C2 60 01 (19)
                              [N4:Y] TPOS 'E' 255 238 133 78 (-1145522)
2026-02-24 01:48:15:854 [OUT] 25 A5 01 09 31 05 81 FF E7 5D 56 5A 0C (13)
                              [N9:P] TPOS 255 231 93 86 (-1614506)
2026-02-24 01:48:15:876 [OUT] 25 A5 01 04 31 05 81 FF FD 50 01 09 B7 (13)
                              [N4:Y] TPOS 255 253 80 1 (-176127)
2026-02-24 01:48:15:898 [OUT] 25 A5 01 07 31 05 81 FF AB 19 75 F7 DF (13)
                              [N7:N] TPOS 255 171 25 117 (-5564043)
2026-02-24 01:48:15:919 [OUT] 25 A5 01 03 31 05 81 FF EC 4A AB 9B 1A (13)
                              [N3:X] TPOS 255 236 74 171 (-1291605)
2026-02-24 01:48:15:941 [OUT] 25 A5 01 06 31 02 D8 3F 51 DD (10)
                              [N6:H] INTERRUPT '?'
2026-02-24 01:48:16:242 [IN ] C8 24 09 0E 25 A5 09 01 31 06 81 53 FF FF FF F2 04 A3 01 C8 24 04 0E 25 A5 04 01 31 06 81 53 FF EE 85 4F D1 A7 01 (38)
                              [N9:P] TPOS 'S' 255 255 255 242 (-14)
                              [N4:Y] TPOS 'S' 255 238 133 79 (-1145521)
2026-02-24 01:48:16:543 [IN ] C8 24 07 0E 25 A5 07 01 31 06 81 53 FF FF FF FD 0D 9A 01 C8 24 03 0E 25 A5 03 01 31 06 81 53 00 00 00 00 0F 7E 01 C8 24 06 0C 25 A5 06 01 31 04 D8 3A 01 01 50 82 0F (55)
                              [N7:N] TPOS 'S' 255 255 255 253 (-3)
                              [N3:X] TPOS 'S' 0 0 0 0 (0)
                              [N6:H] INTERRUPT ':' 1 1 (257)
2026-02-24 01:48:16:564 [OUT] 25 A5 01 06 31 03 C9 3D 0B 4C 0C (11)
                              [N6:H] LFLAG '=' 11 (11)
2026-02-24 01:48:16:732 [IN ] C8 24 06 0B 25 A5 06 01 31 03 C9 3A 0B 49 0B 82 (16)
                              [N6:H] LFLAG ':' 11 (11)
2026-02-24 01:48:16:755 [OUT] 25 A5 01 06 31 03 88 FF B0 72 72 (11)
                              [N6:H] RUN 255 176 (-80)
2026-02-24 01:48:16:925 [IN ] C8 24 06 0C 25 A5 06 (7)
2026-02-24 01:48:16:946 [IN ] 01 31 04 88 53 FF B0 C6 38 0F (10)
                              [N6:H] RUN 'S' 255 176 (-80)
2026-02-24 01:48:19:154 [IN ] C8 24 0C 0B 25 A5 0C 01 31 03 81 5A 4C 68 DE 38 C8 24 0C 0A 25 A5 0C 01 31 02 81 49 0A 62 DE (31)
                              [N12:Z] TPOS 'Z' 76 (76)
                              [N12:Z] TPOS 'I'
2026-02-24 01:48:19:378 [OUT] 25 A5 01 0C 31 03 C9 3D 09 50 2E (11)
                              [N12:Z] LFLAG '=' 9 (9)
2026-02-24 01:48:19:546 [IN ] C8 24 0C 0B 25 A5 0C 01 31 03 C9 3A 09 4D 33 38 (16)
                              [N12:Z] LFLAG ':' 9 (9)
2026-02-24 01:48:19:567 [OUT] 25 A5 01 0C 31 05 81 FF BC D0 00 4F 33 (13)
                              [N12:Z] TPOS 255 188 208 0 (-4403200)
2026-02-24 01:48:19:774 [IN ] C8 24 0C 0E 25 A5 0C 01 31 06 81 53 FF FF FF 41 56 10 01 (19)
                              [N12:Z] TPOS 'S' 255 255 255 65 (-191)
2026-02-24 01:48:21:382 [IN ] C8 24 06 0B 25 A5 06 01 31 03 81 5A 4C 62 B4 41 C8 24 06 0A 25 A5 06 01 31 02 81 49 04 3E B4 (31)
                              [N6:H] TPOS 'Z' 76 (76)
                              [N6:H] TPOS 'I'
2026-02-24 01:48:21:604 [OUT] 25 A5 01 06 31 03 C9 3D 09 4A 0A (11)
                              [N6:H] LFLAG '=' 9 (9)
2026-02-24 01:48:21:772 [IN ] C8 24 06 0B 25 A5 06 01 31 03 C9 3A 09 47 09 41 (16)
                              [N6:H] LFLAG ':' 9 (9)
2026-02-24 01:48:21:794 [OUT] 25 A5 01 06 31 03 84 00 50 0F 08 (11)
                              [N6:H] VEL 0 80 (80)
2026-02-24 01:48:21:980 [IN ] C8 24 06 0C 25 A5 06 01 31 04 84 53 00 50 63 CA 56 (17)
                              [N6:H] VEL 'S' 0 80 (80)
2026-02-24 01:48:22:001 [OUT] 25 A5 01 06 31 05 81 00 19 82 3C 95 BE (13)
                              [N6:H] TPOS 0 25 130 60 (1671740)
2026-02-24 01:48:22:169 [IN ] C8 24 06 0E 25 A5 06 01 31 06 (10)
2026-02-24 01:48:22:190 [IN ] 81 53 00 00 00 01 13 9D 01 (9)
                              [N6:H] TPOS 'S' 0 0 0 1 (1)
2026-02-24 01:48:23:197 [IN ] C8 24 03 0E 25 A5 03 01 31 06 81 45 FF EC 47 44 77 CA 01 (19)
                              [N3:X] TPOS 'E' 255 236 71 68 (-1292476)
2026-02-24 01:48:23:622 [OUT] 25 A5 01 03 31 05 81 FF FD 50 01 08 AF (13)
                              [N3:X] TPOS 255 253 80 1 (-176127)
2026-02-24 01:48:23:790 [IN ] C8 24 03 0E 25 A5 03 01 31 06 81 53 FF EC 47 44 85 10 (18)
                              [N3:X] TPOS 'S' 255 236 71 68 (-1292476)
2026-02-24 01:48:23:991 [IN ] 01 (1)
2026-02-24 01:48:25:197 [IN ] C8 24 04 0E 25 A5 04 01 31 06 81 45 FF FD 4F 8B D8 5E 01 (19)
                              [N4:Y] TPOS 'E' 255 253 79 139 (-176245)
2026-02-24 01:48:26:404 [IN ] C8 24 09 0E 25 A5 09 01 31 06 81 45 FF E7 5B DC 24 B7 01 (19)
                              [N9:P] TPOS 'E' 255 231 91 220 (-1614884)
2026-02-24 01:48:26:828 [OUT] 25 A5 01 09 31 05 81 FF FF D9 C8 60 BE (13)
                              [N9:P] TPOS 255 255 217 200 (-9784)
2026-02-24 01:48:27:015 [IN ] C8 24 09 0E 25 A5 09 01 31 06 81 53 FF E7 5B E5 3B 06 01 (19)
                              [N9:P] TPOS 'S' 255 231 91 229 (-1614875)
2026-02-24 01:48:30:629 [IN ] C8 24 06 0E 25 A5 06 01 31 06 81 45 00 19 85 9A 3C 45 01 (19)
                              [N6:H] TPOS 'E' 0 25 133 154 (1672602)
2026-02-24 01:48:31:053 [OUT] 25 A5 01 06 31 05 81 00 0D 03 C1 8F 21 (13)
                              [N6:H] TPOS 0 13 3 193 (852929)
2026-02-24 01:48:31:240 [IN ] C8 24 06 0E 25 A5 06 01 31 06 81 53 00 19 85 9A 4A 8B 01 (19)
                              [N6:H] TPOS 'S' 0 25 133 154 (1672602)
2026-02-24 01:48:35:055 [IN ] C8 24 06 0E 25 A5 06 01 31 06 81 45 00 0C FE C2 D0 38 01 (19)
                              [N6:H] TPOS 'E' 0 12 254 194 (851650)
2026-02-24 01:48:35:280 [OUT] 25 A5 01 05 31 02 D8 3F 50 D8 (10)
                              [N5:V] INTERRUPT '?'
2026-02-24 01:48:35:581 [IN ] C8 24 05 0C 25 A5 05 01 31 04 D8 3A 01 01 4F 7A D0 (17)
                              [N5:V] INTERRUPT ':' 1 1 (257)
2026-02-24 01:48:35:603 [OUT] 25 A5 01 05 31 03 C9 3D 0B 4B 06 (11)
                              [N5:V] LFLAG '=' 11 (11)
2026-02-24 01:48:35:771 [IN ] C8 24 05 0B 25 A5 05 01 31 03 C9 3A 0B 48 04 7A (16)
                              [N5:V] LFLAG ':' 11 (11)
2026-02-24 01:48:35:792 [OUT] 25 A5 01 05 31 03 88 FF B0 71 6C (11)
                              [N5:V] RUN 255 176 (-80)
2026-02-24 01:48:35:960 [IN ] C8 24 05 0C 25 A5 05 01 31 04 88 53 FF B0 C5 30 D0 (17)
                              [N5:V] RUN 'S' 255 176 (-80)
2026-02-24 01:48:37:166 [IN ] C8 24 09 0E 25 A5 09 01 31 06 81 45 FF FF DA 63 42 84 01 (19)
                              [N9:P] TPOS 'E' 255 255 218 99 (-9629)
2026-02-24 01:48:37:389 [OUT] 25 A5 01 08 31 02 D8 3F 53 E7 (10)
                              [N8:R] INTERRUPT '?'
2026-02-24 01:48:37:691 [IN ] C8 24 08 0C 25 A5 08 01 31 04 D8 3A 01 01 52 92 42 (17)
                              [N8:R] INTERRUPT ':' 1 1 (257)
2026-02-24 01:48:37:712 [OUT] 25 A5 01 08 31 03 CA 3D 0B 4F 1B (11)
                              [N8:R] RFLAG '=' 11 (11)
2026-02-24 01:48:37:881 [IN ] C8 24 08 0B 25 A5 08 01 31 03 CA 3A 0B 4C 1C 92 (16)
                              [N8:R] RFLAG ':' 11 (11)
2026-02-24 01:48:37:902 [OUT] 25 A5 01 08 31 03 88 00 50 15 20 (11)
                              [N8:R] RUN 0 80 (80)
2026-02-24 01:48:38:067 [IN ] C8 24 08 0C 25 A5 08 01 31 04 88 53 00 50 69 EA 42 (17)
                              [N8:R] RUN 'S' 0 80 (80)
2026-02-24 01:48:40:273 [IN ] C8 24 03 0E 25 A5 03 01 31 06 81 45 FF FD 4F 08 54 D1 01 (19)
                              [N3:X] TPOS 'E' 255 253 79 8 (-176376)
2026-02-24 01:48:41:078 [IN ] C8 24 05 0B 25 A5 05 01 31 03 81 5A 4C 61 AD 08 C8 24 05 0A 25 A5 05 01 31 02 81 49 03 38 AD (31)
                              [N5:V] TPOS 'Z' 76 (76)
                              [N5:V] TPOS 'I'
2026-02-24 01:48:41:280 [IN ] C8 24 07 0E 25 A5 07 01 31 06 81 45 FF AB 14 27 EA AC 01 (19)
                              [N7:N] TPOS 'E' 255 171 20 39 (-5565401)
2026-02-24 01:48:41:302 [OUT] 25 A5 01 05 31 03 C9 3D 09 49 04 (11)
                              [N5:V] LFLAG '=' 9 (9)
2026-02-24 01:48:41:345 [OUT] 25 A5 01 07 31 05 81 FF F3 35 BF A5 39 (13)
                              [N7:N] TPOS 255 243 53 191 (-838209)
2026-02-24 01:48:41:491 [IN ] C8 24 05 0B 25 A5 05 01 31 03 C9 3A 09 46 02 27 (16)
                              [N5:V] LFLAG ':' 9 (9)
2026-02-24 01:48:41:513 [OUT] 25 A5 01 05 31 03 84 00 50 0E 02 (11)
                              [N5:V] VEL 0 80 (80)
2026-02-24 01:48:41:597 [IN ] C8 24 07 0E 25 A5 07 01 31 06 81 53 FF AB 14 27 F8 F2 01 (19)
                              [N7:N] TPOS 'S' 255 171 20 39 (-5565401)
2026-02-24 01:48:41:723 [IN ] C8 24 05 0C 25 A5 05 01 31 04 84 53 00 50 62 C2 F8 (17)
                              [N5:V] VEL 'S' 0 80 (80)
2026-02-24 01:48:41:744 [OUT] 25 A5 01 05 31 05 81 00 19 82 3C 94 B6 (13)
                              [N5:V] TPOS 0 25 130 60 (1671740)
2026-02-24 01:48:41:932 [IN ] C8 24 05 0E (4)
2026-02-24 01:48:41:953 [IN ] 25 A5 05 01 31 06 81 53 00 00 00 00 11 92 01 (15)
                              [N5:V] TPOS 'S' 0 0 0 0 (0)
2026-02-24 01:48:46:573 [IN ] C8 24 08 0B 25 A5 08 01 31 03 81 5A 52 6A C8 00 C8 24 08 0A 25 A5 08 01 31 02 81 49 06 4A C8 (31)
                              [N8:R] TPOS 'Z' 82 (82)
                              [N8:R] TPOS 'I'
2026-02-24 01:48:46:795 [OUT] 25 A5 01 08 31 03 CA 3D 09 4D 19 (11)
                              [N8:R] RFLAG '=' 9 (9)
2026-02-24 01:48:46:963 [IN ] C8 24 08 0B 25 A5 08 01 31 03 CA 3A 09 4A 1A 00 (16)
                              [N8:R] RFLAG ':' 9 (9)
2026-02-24 01:48:46:984 [OUT] 25 A5 01 08 31 05 81 FF DC 77 1D 2F DE (13)
                              [N8:R] TPOS 255 220 119 29 (-2328803)
2026-02-24 01:48:47:173 [IN ] C8 24 08 0E 25 A5 08 01 31 06 81 53 FF FF FF EE FF 95 01 (19)
                              [N8:R] TPOS 'S' 255 255 255 238 (-18)
2026-02-24 01:48:47:595 [OUT] 25 A5 01 0C 31 01 82 C1 4C (9)
                              [N12:Z] GETPOS
2026-02-24 01:48:47:616 [OUT] 25 A5 01 05 31 01 82 BA 30 (9)
                              [N5:V] GETPOS
2026-02-24 01:48:47:638 [OUT] 25 A5 01 07 31 01 82 BC 38 (9)
                              [N7:N] GETPOS
2026-02-24 01:48:47:660 [OUT] 25 A5 01 08 31 01 82 BD 3C (9)
                              [N8:R] GETPOS
2026-02-24 01:48:47:660 [IN ] C8 24 0C 0E 25 A5 0C 01 31 06 81 45 FF BC CF 60 F4 C0 01 (19)
                              [N12:Z] TPOS 'E' 255 188 207 96 (-4403360)
2026-02-24 01:48:47:726 [IN ] C8 24 0C 0D 25 A5 0C 01 31 05 82 FF BC CF 66 B5 A7 C0 (18)
                              [N12:Z] GETPOS 255 188 207 102 (-4403354)
2026-02-24 01:48:47:747 [OUT] 25 A5 01 0C 31 05 81 FF D1 1A 67 15 6D (13)
                              [N12:Z] TPOS 255 209 26 103 (-3073433)
2026-02-24 01:48:47:831 [IN ] C8 24 05 0D 25 A5 05 01 31 05 82 00 13 6D C7 05 0E C0 (18)
                              [N5:V] GETPOS 0 19 109 199 (1273287)
2026-02-24 01:48:47:915 [IN ] C8 24 07 0D 25 A5 07 01 31 05 82 FF C0 D6 99 EE C7 C0 (18)
                              [N7:N] GETPOS 255 192 214 153 (-4139367)
2026-02-24 01:48:47:999 [IN ] C8 24 08 0D 25 A5 08 01 31 05 82 FF FE 02 73 33 BC C0 (18)
                              [N8:R] GETPOS 255 254 2 115 (-130445)
2026-02-24 01:48:48:125 [IN ] C8 24 0C 0E 25 A5 0C 01 (8)
2026-02-24 01:48:48:146 [IN ] 31 06 81 53 FF BC CF 66 08 0C 01 (11)
                              [N12:Z] TPOS 'S' 255 188 207 102 (-4403354)
2026-02-24 01:48:49:955 [IN ] C8 24 05 0E 25 A5 05 01 31 06 81 45 00 19 86 38 DA DB 01 (19)
                              [N5:V] TPOS 'E' 0 25 134 56 (1672760)
2026-02-24 01:48:50:378 [OUT] 25 A5 01 05 31 05 81 00 0D 03 C1 8E 19 (13)
                              [N5:V] TPOS 0 13 3 193 (852929)
2026-02-24 01:48:50:564 [IN ] C8 24 05 0E 25 A5 05 01 31 06 81 53 00 19 86 37 E7 20 01 (19)
                              [N5:V] TPOS 'S' 0 25 134 55 (1672759)
2026-02-24 01:48:55:781 [IN ] C8 24 05 0E 25 A5 05 01 31 06 81 45 00 0D 02 28 3A 9F 01 (19)
                              [N5:V] TPOS 'E' 0 13 2 40 (852520)
2026-02-24 01:48:55:984 [IN ] C8 24 0C 0E 25 A5 0C 01 31 06 81 45 FF D1 1B 72 67 A9 01 (19)
                              [N12:Z] TPOS 'E' 255 209 27 114 (-3073166)
2026-02-24 01:48:56:005 [OUT] 25 A5 01 03 31 05 81 FF ED B1 30 88 70 (13)
                              [N3:X] TPOS 255 237 177 48 (-1199824)
2026-02-24 01:48:56:027 [OUT] 25 A5 01 04 31 05 81 FF F3 BD 0C 77 7E (13)
                              [N4:Y] TPOS 255 243 189 12 (-803572)
2026-02-24 01:48:56:195 [IN ] C8 24 03 0E 25 A5 03 01 31 06 81 53 FF FD 4F 08 62 17 01 (19)
                              [N3:X] TPOS 'S' 255 253 79 8 (-176376)
2026-02-24 01:48:56:340 [IN ] C8 24 04 0E 25 A5 04 01 31 06 81 53 FF FD 4F 8B E6 A4 01 (19)
                              [N4:Y] TPOS 'S' 255 253 79 139 (-176245)
2026-02-24 01:48:59:752 [IN ] C8 24 04 0E 25 A5 04 01 31 06 81 45 FF F3 BA 14 C2 9F 01 (19)
                              [N4:Y] TPOS 'E' 255 243 186 20 (-804332)
2026-02-24 01:49:01:561 [IN ] C8 24 03 0E 25 A5 03 01 31 06 81 45 FF ED AD A9 43 FE 01 (19)
                              [N3:X] TPOS 'E' 255 237 173 169 (-1200727)
2026-02-24 01:49:02:366 [IN ] C8 24 08 0E 25 A5 08 01 31 06 81 45 FF DC 74 26 7B 08 01 (19)
                              [N8:R] TPOS 'E' 255 220 116 38 (-2329562)
2026-02-24 01:49:02:569 [IN ] C8 24 07 0E 25 A5 07 01 31 06 81 45 FF F3 3A EE 1F 97 01 (19)
                              [N7:N] TPOS 'E' 255 243 58 238 (-836882)
2026-02-24 01:49:02:792 [OUT] 25 A5 01 08 31 05 81 FF EE 15 56 18 89 (13)
                              [N8:R] TPOS 255 238 21 86 (-1174186)
2026-02-24 01:49:02:979 [IN ] C8 24 08 0E 25 A5 08 01 31 06 81 53 FF DC 74 31 94 59 01 (19)
                              [N8:R] TPOS 'S' 255 220 116 49 (-2329551)
2026-02-24 01:49:11:208 [IN ] C8 24 08 0E 25 A5 08 01 31 06 81 45 FF EE 17 6E 78 CC 01 (19)
                              [N8:R] TPOS 'E' 255 238 23 110 (-1173650)
