2025-08-28 10:36:27:627 [OUT] 25 A5 01 0A 31 05 D6 3D FF 00 00 53 ED (13)
                              [N10:HMI] HMILED '=' 255 0 0 (16711680)
2025-08-28 10:36:27:650 [OUT] 25 A5 01 03 31 02 D8 3F 4E CE (10)
                              [N3:X] INTERRUPT '?'
2025-08-28 10:36:27:951 [IN ] C8 24 0A 0D 25 A5 0A 01 31 05 D6 3A FF 00 00 50 EA 03 C8 24 03 0C 25 A5 03 01 31 04 D8 3A 01 01 4D 6A EA (35)
                              [N10:HMI] HMILED ':' 255 0 0 (16711680)
                              [N3:X] INTERRUPT ':' 1 1 (257)
2025-08-28 10:36:27:972 [OUT] 25 A5 01 09 31 03 C9 3D 09 4D 1C (11)
                              [N9:P] LFLAG '=' 9 (9)
2025-08-28 10:36:27:995 [OUT] 25 A5 01 04 31 02 D8 3F 4F D3 (10)
                              [N4:Y] INTERRUPT '?'
2025-08-28 10:36:28:296 [IN ] C8 24 09 0B 25 A5 09 01 31 03 C9 3A 09 4A 1E 6A C8 24 04 0C 25 A5 04 01 31 04 D8 3A 01 01 4E 72 EA (33)
                              [N9:P] LFLAG ':' 9 (9)
                              [N4:Y] INTERRUPT ':' 1 1 (257)
2025-08-28 10:36:28:318 [OUT] 25 A5 01 09 31 03 CA 3D 09 4E 1F (11)
                              [N9:P] RFLAG '=' 9 (9)
2025-08-28 10:36:28:341 [OUT] 25 A5 01 0C 31 02 D8 3F 57 FB (10)
                              [N12:Z] INTERRUPT '?'
2025-08-28 10:36:28:643 [IN ] C8 24 09 0B 25 A5 09 01 31 03 CA 3A 09 4B 21 72 C8 24 0C 0C 25 A5 0C 01 31 04 D8 3A 01 01 56 B2 EA (33)
                              [N9:P] RFLAG ':' 9 (9)
                              [N12:Z] INTERRUPT ':' 1 1 (257)
2025-08-28 10:36:28:663 [OUT] 25 A5 01 08 31 03 C9 3D 09 4C 16 (11)
                              [N8:R] LFLAG '=' 9 (9)
2025-08-28 10:36:28:685 [OUT] 25 A5 01 03 31 03 C9 3D 0B 49 FA (11)
                              [N3:X] LFLAG '=' 11 (11)
2025-08-28 10:36:28:707 [OUT] 25 A5 01 04 31 03 C9 3D 0B 4A 00 (11)
                              [N4:Y] LFLAG '=' 11 (11)
2025-08-28 10:36:28:732 [OUT] 25 A5 01 0C 31 03 C9 3D 0B 52 30 (11)
                              [N12:Z] LFLAG '=' 11 (11)
2025-08-28 10:36:28:816 [IN ] C8 24 08 0B 25 A5 08 01 31 03 C9 3A 09 49 17 B2 (16)
                              [N8:R] LFLAG ':' 9 (9)
2025-08-28 10:36:28:838 [OUT] 25 A5 01 08 31 03 CA 3D 09 4D 19 (11)
                              [N8:R] RFLAG '=' 9 (9)
2025-08-28 10:36:28:943 [IN ] C8 24 03 0B 25 A5 03 01 31 03 C9 3A 0B 46 F6 B2 (16)
                              [N3:X] LFLAG ':' 11 (11)
2025-08-28 10:36:28:964 [OUT] 25 A5 01 03 31 03 88 00 50 10 02 (11)
                              [N3:X] RUN 0 80 (80)
2025-08-28 10:36:29:047 [IN ] C8 24 04 0B 25 A5 04 01 31 03 C9 3A 0B 47 FD B2 (16)
                              [N4:Y] LFLAG ':' 11 (11)
2025-08-28 10:36:29:069 [OUT] 25 A5 01 04 31 03 88 00 50 11 08 (11)
                              [N4:Y] RUN 0 80 (80)
2025-08-28 10:36:29:154 [IN ] C8 24 0C 0B 25 A5 0C 01 31 03 C9 3A 0B 4F 35 B2 (16)
                              [N12:Z] LFLAG ':' 11 (11)
2025-08-28 10:36:29:176 [OUT] 25 A5 01 0C 31 03 88 00 50 19 38 (11)
                              [N12:Z] RUN 0 80 (80)
2025-08-28 10:36:29:279 [IN ] C8 24 08 0B 25 A5 08 01 31 03 CA 3A 09 4A 1A B2 (16)
                              [N8:R] RFLAG ':' 9 (9)
2025-08-28 10:36:29:382 [IN ] C8 24 03 0C 25 A5 03 01 31 04 88 53 00 50 64 C2 EA (17)
                              [N3:X] RUN 'S' 0 80 (80)
2025-08-28 10:36:29:485 [IN ] C8 24 04 0C 25 A5 04 01 31 04 88 53 00 50 65 CA EA (17)
                              [N4:Y] RUN 'S' 0 80 (80)
2025-08-28 10:36:29:587 [IN ] C8 24 0C 0C 25 A5 0C 01 31 04 88 53 00 50 6D 0A EA (17)
                              [N12:Z] RUN 'S' 0 80 (80)
2025-08-28 10:36:37:005 [IN ] C8 24 04 0B 25 A5 04 01 31 03 81 5A 4C 60 A6 0A C8 24 04 0A 25 A5 04 01 31 02 81 49 02 32 A6 (31)
                              [N4:Y] TPOS 'Z' 76 (76)
                              [N4:Y] TPOS 'I'
2025-08-28 10:36:37:228 [OUT] 25 A5 01 09 31 02 D8 3F 54 EC (10)
                              [N9:P] INTERRUPT '?'
2025-08-28 10:36:37:529 [IN ] C8 24 09 0C 25 A5 09 01 31 04 D8 3A 01 01 53 9A EA (17)
                              [N9:P] INTERRUPT ':' 1 1 (257)
2025-08-28 10:36:37:550 [OUT] 25 A5 01 04 31 03 C9 3D 09 48 FE (11)
                              [N4:Y] LFLAG '=' 9 (9)
2025-08-28 10:36:37:571 [OUT] 25 A5 01 07 31 02 D8 3F 52 E2 (10)
                              [N7:N] INTERRUPT '?'
2025-08-28 10:36:37:872 [IN ] C8 24 04 0B 25 A5 04 01 31 03 C9 3A 09 45 FB 9A C8 24 07 0C 25 A5 07 01 31 04 D8 3A 01 01 51 8A EA (33)
                              [N4:Y] LFLAG ':' 9 (9)
                              [N7:N] INTERRUPT ':' 1 1 (257)
2025-08-28 10:36:37:894 [OUT] 25 A5 01 09 31 03 C9 3D 0B 4F 1E (11)
                              [N9:P] LFLAG '=' 11 (11)
2025-08-28 10:36:37:916 [OUT] 25 A5 01 07 31 03 C9 3D 0B 4D 12 (11)
                              [N7:N] LFLAG '=' 11 (11)
2025-08-28 10:36:38:060 [IN ] C8 24 09 0B 25 A5 09 01 31 03 C9 3A 0B 4C 20 8A (16)
                              [N9:P] LFLAG ':' 11 (11)
2025-08-28 10:36:38:082 [OUT] 25 A5 01 09 31 03 88 00 50 16 26 (11)
                              [N9:P] RUN 0 80 (80)
2025-08-28 10:36:38:164 [IN ] C8 24 07 0B 25 A5 07 01 31 03 C9 3A 0B 4A 12 8A (16)
                              [N7:N] LFLAG ':' 11 (11)
2025-08-28 10:36:38:185 [OUT] 25 A5 01 07 31 03 88 00 50 14 1A (11)
                              [N7:N] RUN 0 80 (80)
2025-08-28 10:36:38:287 [IN ] C8 24 09 0C 25 A5 09 01 31 04 88 53 00 50 6A F2 EA (17)
                              [N9:P] RUN 'S' 0 80 (80)
2025-08-28 10:36:38:352 [IN ] C8 24 09 0B 25 A5 09 01 31 03 81 5A 4C 65 C9 F2 (16)
                              [N9:P] TPOS 'Z' 76 (76)
2025-08-28 10:36:38:395 [IN ] C8 24 07 0C 25 A5 07 01 31 04 88 53 00 50 68 E2 EA C8 24 09 0A 25 A5 09 01 31 02 81 49 07 50 68 (32)
                              [N7:N] RUN 'S' 0 80 (80)
                              [N9:P] TPOS 'I'
2025-08-28 10:36:38:618 [OUT] 25 A5 01 09 31 03 C9 3D 09 4D 1C (11)
                              [N9:P] LFLAG '=' 9 (9)
2025-08-28 10:36:38:639 [OUT] 25 A5 01 04 31 05 81 FF EE 88 01 32 FA (13)
                              [N4:Y] TPOS 255 238 136 1 (-1144831)
2025-08-28 10:36:38:803 [IN ] C8 24 09 0B 25 A5 09 01 31 03 C9 3A 09 4A 1E E2 (16)
                              [N9:P] LFLAG ':' 9 (9)
2025-08-28 10:36:38:926 [IN ] C8 24 04 0E 25 A5 04 01 31 06 81 53 FF FF FF FF 0C 7E 31 (19)
                              [N4:Y] TPOS 'S' 255 255 255 255 (-1)
2025-08-28 10:36:41:134 [IN ] C8 24 03 0B 25 A5 03 01 31 03 81 5A 4C 5F 9F FF (16)
                              [N3:X] TPOS 'Z' 76 (76)
2025-08-28 10:36:41:335 [IN ] C8 24 03 0A 25 A5 03 01 31 02 81 49 01 2C 9F (15)
                              [N3:X] TPOS 'I'
2025-08-28 10:36:41:558 [OUT] 25 A5 01 03 31 03 C9 3D 09 47 F8 (11)
                              [N3:X] LFLAG '=' 9 (9)
2025-08-28 10:36:41:722 [IN ] C8 24 03 0B 25 A5 03 01 31 03 C9 3A 09 44 F4 FF (16)
                              [N3:X] LFLAG ':' 9 (9)
2025-08-28 10:36:43:732 [IN ] C8 24 07 0B 25 A5 07 01 31 03 81 5A 4C 63 BB FF C8 24 07 0A 25 A5 07 01 31 02 81 49 05 44 BB (31)
                              [N7:N] TPOS 'Z' 76 (76)
                              [N7:N] TPOS 'I'
2025-08-28 10:36:43:955 [OUT] 25 A5 01 07 31 03 C9 3D 09 4B 10 (11)
                              [N7:N] LFLAG '=' 9 (9)
2025-08-28 10:36:44:120 [IN ] C8 24 07 0B 25 A5 07 01 31 03 C9 3A 09 48 10 FF (16)
                              [N7:N] LFLAG ':' 9 (9)
2025-08-28 10:36:45:324 [IN ] C8 24 0C 0B 25 A5 0C 01 31 03 81 5A 4C 68 DE FF C8 24 0C 0A 25 A5 0C 01 31 02 81 49 0A 62 DE (31)
                              [N12:Z] TPOS 'Z' 76 (76)
                              [N12:Z] TPOS 'I'
2025-08-28 10:36:45:547 [OUT] 25 A5 01 0C 31 03 C9 3D 09 50 2E (11)
                              [N12:Z] LFLAG '=' 9 (9)
2025-08-28 10:36:45:569 [IN ] C8 24 04 0E 25 A5 04 01 31 06 81 45 FF EE 85 FD 71 0F 31 (19)
                              [N4:Y] TPOS 'E' 255 238 133 253 (-1145347)
2025-08-28 10:36:45:633 [OUT] 25 A5 01 04 31 05 81 FF FD 50 01 09 B7 (13)
                              [N4:Y] TPOS 255 253 80 1 (-176127)
2025-08-28 10:36:45:655 [OUT] 25 A5 01 09 31 05 81 FF E7 5D 56 5A 0C (13)
                              [N9:P] TPOS 255 231 93 86 (-1614506)
2025-08-28 10:36:45:678 [OUT] 25 A5 01 07 31 05 81 FF AB 19 75 F7 DF (13)
                              [N7:N] TPOS 255 171 25 117 (-5564043)
2025-08-28 10:36:45:700 [OUT] 25 A5 01 03 31 05 81 FF EC 4A AB 9B 1A (13)
                              [N3:X] TPOS 255 236 74 171 (-1291605)
2025-08-28 10:36:45:722 [OUT] 25 A5 01 06 31 02 D8 3F 51 DD (10)
                              [N6:H] INTERRUPT '?'
2025-08-28 10:36:45:723 [IN ] C8 24 0C 0B 25 A5 0C 01 31 03 C9 3A 09 4D 33 FD (16)
                              [N12:Z] LFLAG ':' 9 (9)
2025-08-28 10:36:46:023 [IN ] C8 24 04 0E 25 A5 04 01 31 06 81 53 FF EE 85 FD 7F 55 31 C8 24 09 0E 25 A5 09 01 31 06 81 53 FF FF FF FF 11 B0 31 (38)
                              [N4:Y] TPOS 'S' 255 238 133 253 (-1145347)
                              [N9:P] TPOS 'S' 255 255 255 255 (-1)
2025-08-28 10:36:46:324 [IN ] C8 24 07 0E 25 A5 07 01 31 06 81 53 FF FF FF FD 0D 9A 31 C8 24 03 0E 25 A5 03 01 31 06 81 53 00 00 00 00 0F 7E 31 (38)
                              [N7:N] TPOS 'S' 255 255 255 253 (-3)
                              [N3:X] TPOS 'S' 0 0 0 0 (0)
2025-08-28 10:36:46:625 [IN ] C8 24 06 0C 25 A5 06 01 31 04 D8 3A 01 01 50 82 0F (17)
                              [N6:H] INTERRUPT ':' 1 1 (257)
2025-08-28 10:36:46:647 [OUT] 25 A5 01 0C 31 05 81 FF BC D0 00 4F 33 (13)
                              [N12:Z] TPOS 255 188 208 0 (-4403200)
2025-08-28 10:36:46:668 [OUT] 25 A5 01 06 31 03 C9 3D 0B 4C 0C (11)
                              [N6:H] LFLAG '=' 11 (11)
2025-08-28 10:36:46:833 [IN ] C8 24 0C 0E 25 A5 0C 01 31 06 81 53 FF FF FF FF 14 CE 31 (19)
                              [N12:Z] TPOS 'S' 255 255 255 255 (-1)
2025-08-28 10:36:46:938 [IN ] C8 24 06 0B 25 A5 06 01 31 03 C9 3A 0B 49 0B FF (16)
                              [N6:H] LFLAG ':' 11 (11)
2025-08-28 10:36:46:960 [OUT] 25 A5 01 06 31 03 88 FF B0 72 72 (11)
                              [N6:H] RUN 255 176 (-80)
2025-08-28 10:36:47:144 [IN ] C8 24 06 0C 25 A5 06 01 31 04 88 53 FF B0 C6 38 14 (17)
                              [N6:H] RUN 'S' 255 176 (-80)
2025-08-28 10:36:54:162 [IN ] C8 24 06 0B 25 A5 06 01 31 03 81 5A 4C 62 B4 38 C8 24 06 0A 25 A5 06 01 31 02 81 49 04 3E B4 (31)
                              [N6:H] TPOS 'Z' 76 (76)
                              [N6:H] TPOS 'I'
2025-08-28 10:36:54:364 [IN ] C8 24 03 0E 25 A5 03 01 31 06 81 45 FF EC 49 1B 50 A5 31 (19)
                              [N3:X] TPOS 'E' 255 236 73 27 (-1292005)
2025-08-28 10:36:54:385 [OUT] 25 A5 01 06 31 03 C9 3D 09 4A 0A (11)
                              [N6:H] LFLAG '=' 9 (9)
2025-08-28 10:36:54:430 [OUT] 25 A5 01 03 31 05 81 FF FD 50 01 08 AF (13)
                              [N3:X] TPOS 255 253 80 1 (-176127)
2025-08-28 10:36:54:575 [IN ] C8 24 06 0B 25 A5 06 01 31 03 C9 3A 09 47 09 1B (16)
                              [N6:H] LFLAG ':' 9 (9)
2025-08-28 10:36:54:596 [OUT] 25 A5 01 06 31 03 84 00 50 0F 08 (11)
                              [N6:H] VEL 0 80 (80)
2025-08-28 10:36:54:679 [IN ] C8 24 03 0E 25 A5 03 01 31 06 81 53 FF EC 49 1B 5E EB 31 (19)
                              [N3:X] TPOS 'S' 255 236 73 27 (-1292005)
2025-08-28 10:36:54:802 [IN ] C8 24 06 0C 25 A5 06 01 31 04 84 53 00 50 63 CA 5E (17)
                              [N6:H] VEL 'S' 0 80 (80)
2025-08-28 10:36:54:824 [OUT] 25 A5 01 06 31 05 81 00 19 82 3C 95 BE (13)
                              [N6:H] TPOS 0 25 130 60 (1671740)
2025-08-28 10:36:55:008 [IN ] C8 24 06 0E 25 A5 06 01 31 06 81 53 00 00 00 00 12 9C 31 (19)
                              [N6:H] TPOS 'S' 0 0 0 0 (0)
2025-08-28 10:36:55:410 [IN ] C8 24 04 0E 25 A5 04 01 31 06 81 45 FF FD 4F 27 74 FA 31 (19)
                              [N4:Y] TPOS 'E' 255 253 79 39 (-176345)
2025-08-28 10:36:56:213 [IN ] C8 24 09 0E 25 A5 09 01 31 06 81 45 FF E7 5B B8 00 93 31 (19)
                              [N9:P] TPOS 'E' 255 231 91 184 (-1614920)
2025-08-28 10:36:56:636 [OUT] 25 A5 01 09 31 05 81 FF FF D9 C8 60 BE (13)
                              [N9:P] TPOS 255 255 217 200 (-9784)
2025-08-28 10:36:56:821 [IN ] C8 24 09 0E 25 A5 09 01 31 06 81 53 FF E7 5B BD 13 DE 31 (19)
                              [N9:P] TPOS 'S' 255 231 91 189 (-1614915)
2025-08-28 10:37:04:840 [IN ] C8 24 06 0E 25 A5 06 01 31 06 81 45 00 19 83 99 39 40 31 (19)
                              [N6:H] TPOS 'E' 0 25 131 153 (1672089)
2025-08-28 10:37:05:264 [OUT] 25 A5 01 06 31 05 81 00 0C 8F FA 53 6F (13)
                              [N6:H] TPOS 0 12 143 250 (823290)
2025-08-28 10:37:05:447 [IN ] C8 24 06 0E 25 A5 06 01 31 06 81 53 00 19 83 99 47 86 31 (19)
                              [N6:H] TPOS 'S' 0 25 131 153 (1672089)
2025-08-28 10:37:06:851 [IN ] C8 24 03 0E 25 A5 03 01 31 06 81 45 FF FD 4F 64 B0 2D 31 (19)
                              [N3:X] TPOS 'E' 255 253 79 100 (-176284)
2025-08-28 10:37:07:056 [IN ] C8 24 09 0E 25 A5 09 01 31 06 81 45 FF FF DB 59 39 7C 31 (19)
                              [N9:P] TPOS 'E' 255 255 219 89 (-9383)
2025-08-28 10:37:07:278 [OUT] 25 A5 01 08 31 02 D8 3F 53 E7 (10)
                              [N8:R] INTERRUPT '?'
2025-08-28 10:37:07:579 [IN ] C8 24 08 0C 25 A5 08 01 31 04 D8 3A 01 01 52 92 39 (17)
                              [N8:R] INTERRUPT ':' 1 1 (257)
2025-08-28 10:37:07:600 [OUT] 25 A5 01 08 31 03 CA 3D 0B 4F 1B (11)
                              [N8:R] RFLAG '=' 11 (11)
2025-08-28 10:37:07:764 [IN ] C8 24 08 0B 25 A5 08 01 31 03 CA 3A 0B 4C 1C 92 (16)
                              [N8:R] RFLAG ':' 11 (11)
2025-08-28 10:37:07:786 [OUT] 25 A5 01 08 31 03 88 00 50 15 20 (11)
                              [N8:R] RUN 0 80 (80)
2025-08-28 10:37:07:950 [IN ] C8 24 08 0C 25 A5 08 01 31 04 88 53 00 50 69 EA 39 (17)
                              [N8:R] RUN 'S' 0 80 (80)
2025-08-28 10:37:10:355 [IN ] C8 24 06 0E 25 A5 06 01 31 06 81 45 00 0C 8D 35 D2 C9 31 (19)
                              [N6:H] TPOS 'E' 0 12 141 53 (822581)
2025-08-28 10:37:10:579 [OUT] 25 A5 01 05 31 02 D8 3F 50 D8 (10)
                              [N5:V] INTERRUPT '?'
2025-08-28 10:37:10:880 [IN ] C8 24 05 0C 25 A5 05 01 31 04 D8 3A 01 01 4F 7A D2 (17)
                              [N5:V] INTERRUPT ':' 1 1 (257)
2025-08-28 10:37:10:901 [OUT] 25 A5 01 05 31 03 C9 3D 0B 4B 06 (11)
                              [N5:V] LFLAG '=' 11 (11)
2025-08-28 10:37:11:066 [IN ] C8 24 05 0B 25 A5 05 01 31 03 C9 3A 0B 48 04 7A (16)
                              [N5:V] LFLAG ':' 11 (11)
2025-08-28 10:37:11:087 [OUT] 25 A5 01 05 31 03 88 FF B0 71 6C (11)
                              [N5:V] RUN 255 176 (-80)
2025-08-28 10:37:11:251 [IN ] C8 24 05 0C 25 A5 05 01 31 04 88 53 FF B0 C5 30 D2 (17)
                              [N5:V] RUN 'S' 255 176 (-80)
2025-08-28 10:37:12:255 [IN ] C8 24 0C 0E 25 A5 0C 01 31 06 81 45 FF BC CD 92 24 EE 31 (19)
                              [N12:Z] TPOS 'E' 255 188 205 146 (-4403822)
2025-08-28 10:37:12:680 [OUT] 25 A5 01 0C 31 05 81 FF D4 54 00 EB 83 (13)
                              [N12:Z] TPOS 255 212 84 0 (-2862080)
2025-08-28 10:37:12:863 [IN ] C8 24 0C 0E 25 A5 0C 01 31 06 81 53 FF BC CD 92 32 34 31 (19)
                              [N12:Z] TPOS 'S' 255 188 205 146 (-4403822)
2025-08-28 10:37:13:064 [IN ] C8 24 07 0E 25 A5 07 01 31 06 81 45 FF AB 15 67 2B EE 31 (19)
                              [N7:N] TPOS 'E' 255 171 21 103 (-5565081)
2025-08-28 10:37:13:489 [OUT] 25 A5 01 07 31 05 81 FF EF 4D 05 FF A3 (13)
                              [N7:N] TPOS 255 239 77 5 (-1094395)
2025-08-28 10:37:13:674 [IN ] C8 24 07 0E 25 A5 07 01 31 06 81 53 FF AB 15 67 39 34 31 (19)
                              [N7:N] TPOS 'S' 255 171 21 103 (-5565081)
2025-08-28 10:37:14:076 [IN ] C8 24 05 0B 25 A5 05 01 31 03 81 5A 4C 61 AD 67 C8 24 05 0A 25 A5 05 01 31 02 81 49 03 38 AD (31)
                              [N5:V] TPOS 'Z' 76 (76)
                              [N5:V] TPOS 'I'
2025-08-28 10:37:14:298 [OUT] 25 A5 01 05 31 03 C9 3D 09 49 04 (11)
                              [N5:V] LFLAG '=' 9 (9)
2025-08-28 10:37:14:342 [IN ] C8 24 08 0B 25 A5 08 01 31 03 81 5A 52 6A C8 (15)
                              [N8:R] TPOS 'Z' 82 (82)
2025-08-28 10:37:14:364 [IN ] 67 (1)
2025-08-28 10:37:14:385 [IN ] C8 24 08 0A 25 A5 08 01 31 02 81 49 06 4A C8 (15)
                              [N8:R] TPOS 'I'
2025-08-28 10:37:14:427 [OUT] 25 A5 01 08 31 03 CA 3D 09 4D 19 (11)
                              [N8:R] RFLAG '=' 9 (9)
2025-08-28 10:37:14:470 [IN ] C8 24 05 0B 25 A5 05 01 31 03 C9 3A 09 46 02 67 (16)
                              [N5:V] LFLAG ':' 9 (9)
2025-08-28 10:37:14:492 [OUT] 25 A5 01 05 31 03 84 00 50 0E 02 (11)
                              [N5:V] VEL 0 80 (80)
2025-08-28 10:37:14:595 [IN ] C8 24 08 0B 25 A5 08 01 31 03 CA 3A 09 4A 1A 67 (16)
                              [N8:R] RFLAG ':' 9 (9)
2025-08-28 10:37:14:616 [OUT] 25 A5 01 08 31 05 81 FF DC 77 1D 2F DE (13)
                              [N8:R] TPOS 255 220 119 29 (-2328803)
2025-08-28 10:37:14:699 [IN ] C8 24 05 0C 25 A5 05 01 31 04 84 53 00 50 62 C2 39 (17)
                              [N5:V] VEL 'S' 0 80 (80)
2025-08-28 10:37:14:721 [OUT] 25 A5 01 05 31 05 81 00 19 82 3C 94 B6 (13)
                              [N5:V] TPOS 0 25 130 60 (1671740)
2025-08-28 10:37:14:825 [IN ] C8 24 08 0E 25 A5 08 01 31 06 81 53 FF FF FF FD 0E A4 31 (19)
                              [N8:R] TPOS 'S' 255 255 255 253 (-3)
2025-08-28 10:37:14:968 [IN ] C8 24 05 0E 25 A5 05 01 31 06 81 53 00 00 00 00 11 92 31 (19)
                              [N5:V] TPOS 'S' 0 0 0 0 (0)
2025-08-28 10:37:21:383 [IN ] C8 24 0C 0E 25 A5 0C 01 31 06 81 45 FF D4 57 3E 72 F6 31 (19)
                              [N12:Z] TPOS 'E' 255 212 87 62 (-2861250)
2025-08-28 10:37:23:590 [IN ] C8 24 05 0E 25 A5 05 01 31 06 81 45 00 19 85 83 24 24 31 (19)
                              [N5:V] TPOS 'E' 0 25 133 131 (1672579)
2025-08-28 10:37:24:013 [OUT] 25 A5 01 05 31 05 81 00 0C CC 3A CF 21 (13)
                              [N5:V] TPOS 0 12 204 58 (838714)
2025-08-28 10:37:24:198 [IN ] C8 24 05 0E 25 A5 05 01 31 06 81 53 00 19 85 82 31 69 31 (19)
                              [N5:V] TPOS 'S' 0 25 133 130 (1672578)
2025-08-28 10:37:27:408 [IN ] C8 24 08 0E 25 A5 08 01 31 06 81 45 FF DC 74 A3 F8 85 31 (19)
                              [N8:R] TPOS 'E' 255 220 116 163 (-2329437)
2025-08-28 10:37:27:835 [OUT] 25 A5 01 08 31 05 81 FF EE 15 56 18 89 (13)
                              [N8:R] TPOS 255 238 21 86 (-1174186)
2025-08-28 10:37:28:020 [IN ] C8 24 08 0E 25 A5 08 01 31 06 81 53 FF DC 74 A6 09 CE 31 (19)
                              [N8:R] TPOS 'S' 255 220 116 166 (-2329434)
2025-08-28 10:37:30:225 [IN ] C8 24 05 0E 25 A5 05 01 31 06 81 45 00 0C CB 26 00 2C 31 (19)
                              [N5:V] TPOS 'E' 0 12 203 38 (838438)
2025-08-28 10:37:30:448 [OUT] 25 A5 01 03 31 05 81 FF EE 9E 17 5D 34 (13)
                              [N3:X] TPOS 255 238 158 23 (-1139177)
2025-08-28 10:37:30:470 [OUT] 25 A5 01 04 31 05 81 FF F3 B4 F0 52 50 (13)
                              [N4:Y] TPOS 255 243 180 240 (-805648)
2025-08-28 10:37:30:634 [IN ] C8 24 03 0E 25 A5 03 01 31 06 81 53 FF FD 4F 64 BE 73 31 (19)
                              [N3:X] TPOS 'S' 255 253 79 100 (-176284)
2025-08-28 10:37:30:778 [IN ] C8 24 04 0E 25 A5 04 01 31 06 81 53 FF FD 4F 27 82 40 31 (19)
                              [N4:Y] TPOS 'S' 255 253 79 39 (-176345)
2025-08-28 10:37:34:387 [IN ] C8 24 08 0E 25 A5 08 01 31 06 81 45 FF EE 17 FB 05 59 31 (19)
                              [N8:R] TPOS 'E' 255 238 23 251 (-1173509)
2025-08-28 10:37:34:589 [IN ] C8 24 04 0E 25 A5 04 01 31 06 81 45 FF F3 B2 C1 67 3C 31 (19)
                              [N4:Y] TPOS 'E' 255 243 178 193 (-806207)
2025-08-28 10:37:34:992 [IN ] C8 24 07 0E 25 A5 07 01 31 06 81 45 FF EF 51 9B DF 66 31 (19)
                              [N7:N] TPOS 'E' 255 239 81 155 (-1093221)
2025-08-28 10:37:36:395 [IN ] C8 24 03 0E 25 A5 03 01 31 06 81 45 FF EE 9B E7 70 1B 31 (19)
                              [N3:X] TPOS 'E' 255 238 155 231 (-1139737)
