2025-08-28 15:01:41:470 [OUT] 25 A5 01 0A 31 05 D6 3D FF 00 00 53 ED (13)
                              [N10:HMI] HMILED '=' 255 0 0 (16711680)
2025-08-28 15:01:41:494 [OUT] 25 A5 01 09 31 05 81 FF EE 27 89 5E E8 (13)
                              [N9:P] TPOS 255 238 39 137 (-1169527)
2025-08-28 15:01:41:516 [OUT] 25 A5 01 05 31 05 81 00 0B FE D8 9E 20 (13)
                              [N5:V] TPOS 0 11 254 216 (786136)
2025-08-28 15:01:41:538 [OUT] 25 A5 01 06 31 05 81 00 0C 90 A2 FC 19 (13)
                              [N6:H] TPOS 0 12 144 162 (823458)
2025-08-28 15:01:41:560 [OUT] 25 A5 01 07 31 05 81 FF CB FF 7D 05 13 (13)
                              [N7:N] TPOS 255 203 255 125 (-3408003)
2025-08-28 15:01:41:663 [IN ] C8 24 0A 0D 25 A5 0A 01 31 05 D6 3A FF 00 00 50 EA F6 (18)
                              [N10:HMI] HMILED ':' 255 0 0 (16711680)
2025-08-28 15:01:41:787 [IN ] C8 24 09 0E 25 A5 09 01 31 06 81 53 FF EE 74 5C D2 C4 31 (19)
                              [N9:P] TPOS 'S' 255 238 116 92 (-1149860)
2025-08-28 15:01:41:930 [IN ] C8 24 05 0E 25 A5 05 01 31 06 81 53 00 13 74 4B E3 FE 31 (19)
                              [N5:V] TPOS 'S' 0 19 116 75 (1274955)
2025-08-28 15:01:42:014 [IN ] C8 24 09 0E 25 A5 09 01 31 06 81 45 FF EE 24 FB 13 7D 31 (19)
                              [N9:P] TPOS 'E' 255 238 36 251 (-1170181)
2025-08-28 15:01:42:056 [IN ] C8 24 06 0E 25 A5 06 01 31 06 81 53 00 0F D4 CB C0 3C 31 (19)
                              [N6:H] TPOS 'S' 0 15 212 203 (1037515)
2025-08-28 15:01:42:179 [IN ] C8 24 07 0E 25 A5 07 01 31 06 81 53 FF CC 4F E0 0D 84 31 (19)
                              [N7:N] TPOS 'S' 255 204 79 224 (-3387424)
2025-08-28 15:01:42:381 [IN ] C8 24 07 0E 25 A5 07 01 31 06 81 45 FF CB FB 1B E5 CE 31 (19)
                              [N7:N] TPOS 'E' 255 203 251 27 (-3409125)
2025-08-28 15:01:43:384 [IN ] C8 24 06 0E 25 A5 06 01 31 06 81 45 00 0C 8D D5 72 69 31 (19)
                              [N6:H] TPOS 'E' 0 12 141 213 (822741)
2025-08-28 15:01:45:388 [IN ] C8 24 05 0E 25 A5 05 01 31 06 81 45 00 0B FE 27 33 90 31 (19)
                              [N5:V] TPOS 'E' 0 11 254 39 (785959)
