2025-08-28 17:01:35:348 [OUT] 25 A5 01 0A 31 05 D6 3D FF 00 00 53 ED (13)
                              [N10:HMI] HMILED '=' 255 0 0 (16711680)
2025-08-28 17:01:35:371 [OUT] 25 A5 01 09 31 05 81 FF EC E5 98 29 6D (13)
                              [N9:P] TPOS 255 236 229 152 (-1251944)
2025-08-28 17:01:35:393 [OUT] 25 A5 01 05 31 05 81 00 0E 27 E0 D2 83 (13)
                              [N5:V] TPOS 0 14 39 224 (927712)
2025-08-28 17:01:35:415 [OUT] 25 A5 01 06 31 05 81 00 14 5B 3F 6C 64 (13)
                              [N6:H] TPOS 0 20 91 63 (1334079)
2025-08-28 17:01:35:437 [OUT] 25 A5 01 07 31 05 81 FF D8 AE B9 FD D4 (13)
                              [N7:N] TPOS 255 216 174 185 (-2576711)
2025-08-28 17:01:35:540 [IN ] C8 24 0A 0D 25 A5 0A 01 31 05 D6 3A FF 00 00 50 EA F2 (18)
                              [N10:HMI] HMILED ':' 255 0 0 (16711680)
2025-08-28 17:01:35:663 [IN ] C8 24 09 0E 25 A5 09 01 31 06 81 53 FF EC D4 CD A1 EF 0A (19)
                              [N9:P] TPOS 'S' 255 236 212 205 (-1256243)
2025-08-28 17:01:35:786 [IN ] C8 24 05 0E 25 A5 05 01 31 06 81 53 00 06 BE 18 ED 38 0A (19)
                              [N5:V] TPOS 'S' 0 6 190 24 (441880)
2025-08-28 17:01:35:807 [IN ] C8 24 09 0E 25 A5 09 01 31 06 81 45 FF EC E7 44 1D 46 0A (19)
                              [N9:P] TPOS 'E' 255 236 231 68 (-1251516)
2025-08-28 17:01:35:931 [IN ] C8 24 06 0E 25 A5 06 01 31 06 81 53 00 0E 34 A3 F7 D1 0A (19)
                              [N6:H] TPOS 'S' 0 14 52 163 (930979)
2025-08-28 17:01:36:054 [IN ] C8 24 07 0E 25 A5 07 (7)
2025-08-28 17:01:36:075 [IN ] 01 31 06 81 53 FF D7 3A 98 BB 33 0A (12)
                              [N7:N] TPOS 'S' 255 215 58 152 (-2671976)
2025-08-28 17:01:36:677 [IN ] C8 24 07 0E 25 A5 07 01 31 06 81 45 FF D8 B3 3A C9 84 0A (19)
                              [N7:N] TPOS 'E' 255 216 179 58 (-2575558)
2025-08-28 17:01:38:281 [IN ] C8 24 06 0E 25 A5 06 01 31 06 81 45 00 14 5E 9E 14 EC 0A (19)
                              [N6:H] TPOS 'E' 0 20 94 158 (1334942)
2025-08-28 17:01:38:482 [IN ] C8 24 05 0E 25 A5 05 01 31 06 81 45 00 0E 2B C6 02 92 0A (19)
                              [N5:V] TPOS 'E' 0 14 43 198 (928710)
