2025-08-28 16:47:35:367 [OUT] 25 A5 01 0A 31 05 D6 3D FF 00 00 53 ED (13)
                              [N10:HMI] HMILED '=' 255 0 0 (16711680)
2025-08-28 16:47:35:392 [OUT] 25 A5 01 09 31 05 81 FF ED 5F 48 54 14 (13)
                              [N9:P] TPOS 255 237 95 72 (-1220792)
2025-08-28 16:47:35:415 [OUT] 25 A5 01 05 31 05 81 00 0D AF C9 42 79 (13)
                              [N5:V] TPOS 0 13 175 201 (896969)
2025-08-28 16:47:35:437 [OUT] 25 A5 01 06 31 05 81 00 0A B4 DC 58 95 (13)
                              [N6:H] TPOS 0 10 180 220 (701660)
2025-08-28 16:47:35:459 [OUT] 25 A5 01 07 31 05 81 FF D2 57 E7 CE 42 (13)
                              [N7:N] TPOS 255 210 87 231 (-2992153)
2025-08-28 16:47:35:545 [IN ] C8 24 0A 0D 25 A5 0A 01 31 05 D6 3A FF 00 00 50 EA 8D (18)
                              [N10:HMI] HMILED ':' 255 0 0 (16711680)
2025-08-28 16:47:35:690 [IN ] C8 24 09 0E 25 A5 09 01 31 06 81 53 FF ED EB 9B 87 EE 0A (19)
                              [N9:P] TPOS 'S' 255 237 235 155 (-1184869)
2025-08-28 16:47:35:833 [IN ] C8 24 05 0E 25 A5 05 01 31 06 81 53 00 07 1C 24 58 03 0A (19)
                              [N5:V] TPOS 'S' 0 7 28 36 (465956)
2025-08-28 16:47:35:937 [IN ] C8 24 06 0E 25 A5 06 01 31 06 81 53 00 0C AD B9 84 D3 0A (19)
                              [N6:H] TPOS 'S' 0 12 173 185 (830905)
2025-08-28 16:47:36:000 [IN ] C8 24 09 0E 25 A5 09 (7)
2025-08-28 16:47:36:021 [IN ] 01 31 06 81 45 FF ED 5D 91 E1 82 0A (12)
                              [N9:P] TPOS 'E' 255 237 93 145 (-1221231)
2025-08-28 16:47:36:083 [IN ] C8 24 07 0E 25 A5 07 01 31 06 81 53 FF CF AF 7B 0B E8 0A (19)
                              [N7:N] TPOS 'S' 255 207 175 123 (-3166341)
2025-08-28 16:47:36:886 [IN ] C8 24 06 0E 25 A5 06 01 31 06 81 45 00 0A B0 B8 76 8C 0A (19)
                              [N6:H] TPOS 'E' 0 10 176 184 (700600)
2025-08-28 16:47:37:087 [IN ] C8 24 07 0E 25 A5 07 01 31 06 81 45 FF D2 5C 89 BB 13 0A (19)
                              [N7:N] TPOS 'E' 255 210 92 137 (-2990967)
2025-08-28 16:47:38:089 [IN ] C8 24 05 0E 25 A5 05 01 31 06 81 45 00 0D B3 B8 7B 91 0A (19)
                              [N5:V] TPOS 'E' 0 13 179 184 (897976)
