2025-08-28 13:50:03:659 [OUT] 25 A5 01 0A 31 05 D6 3D FF 00 00 53 ED (13)
                              [N10:HMI] HMILED '=' 255 0 0 (16711680)
2025-08-28 13:50:03:683 [OUT] 25 A5 01 09 31 05 81 FF ED BF 84 F0 10 (13)
                              [N9:P] TPOS 255 237 191 132 (-1196156)
2025-08-28 13:50:03:705 [OUT] 25 A5 01 05 31 05 81 00 09 0B 91 62 ED (13)
                              [N5:V] TPOS 0 9 11 145 (592785)
2025-08-28 13:50:03:727 [OUT] 25 A5 01 06 31 05 81 00 0D 5C 32 59 44 (13)
                              [N6:H] TPOS 0 13 92 50 (875570)
2025-08-28 13:50:03:749 [OUT] 25 A5 01 07 31 05 81 FF CE 07 58 EB 07 (13)
                              [N7:N] TPOS 255 206 7 88 (-3274920)
2025-08-28 13:50:03:831 [IN ] C8 24 0A 0D 25 A5 0A 01 31 05 D6 3A FF 00 00 50 EA AF (18)
                              [N10:HMI] HMILED ':' 255 0 0 (16711680)
2025-08-28 13:50:03:976 [IN ] C8 24 09 0E 25 A5 09 01 31 06 81 53 FF EC 85 FF 84 83 A5 (19)
                              [N9:P] TPOS 'S' 255 236 133 255 (-1276417)
2025-08-28 13:50:04:100 [IN ] C8 24 05 0E 25 A5 05 01 31 06 81 53 00 0F BD 57 34 90 A5 (19)
                              [N5:V] TPOS 'S' 0 15 189 87 (1031511)
2025-08-28 13:50:04:243 [IN ] C8 24 06 0E 25 A5 06 01 31 06 81 53 00 0B 59 86 FC F5 A5 (19)
                              [N6:H] TPOS 'S' 0 11 89 134 (743814)
2025-08-28 13:50:04:366 [IN ] C8 24 07 0E 25 A5 07 01 31 06 81 53 FF D7 01 8F 79 B8 A5 (19)
                              [N7:N] TPOS 'S' 255 215 1 143 (-2686577)
2025-08-28 13:50:04:568 [IN ] C8 24 09 0E 25 A5 09 01 31 06 81 45 FF ED C1 7E 32 37 A5 (19)
                              [N9:P] TPOS 'E' 255 237 193 126 (-1195650)
2025-08-28 13:50:05:171 [IN ] C8 24 06 0E 25 A5 06 01 31 06 81 45 00 0D 60 33 A4 70 A5 (19)
                              [N6:H] TPOS 'E' 0 13 96 51 (876595)
2025-08-28 13:50:07:176 [IN ] C8 24 05 0E 25 A5 05 01 31 06 81 45 00 09 0A 4E 64 C9 A5 (19)
                              [N5:V] TPOS 'E' 0 9 10 78 (592462)
2025-08-28 13:50:07:377 [IN ] C8 24 07 0E 25 A5 07 01 31 06 81 45 FF CE 02 F0 C4 BA A5 (19)
                              [N7:N] TPOS 'E' 255 206 2 240 (-3276048)
