2025-08-28 13:53:04:226 [OUT] 25 A5 01 0A 31 05 D6 3D FF 00 00 53 ED (13)
                              [N10:HMI] HMILED '=' 255 0 0 (16711680)
2025-08-28 13:53:04:248 [OUT] 25 A5 01 03 31 02 D8 3F 4E CE (10)
                              [N3:X] INTERRUPT '?'
2025-08-28 13:53:04:550 [IN ] C8 24 0A 0D 25 A5 0A 01 31 05 D6 3A FF 00 00 50 EA 0D C8 24 03 0C 25 A5 03 01 31 04 D8 3A 01 01 4D 6A EA (35)
                              [N10:HMI] HMILED ':' 255 0 0 (16711680)
                              [N3:X] INTERRUPT ':' 1 1 (257)
2025-08-28 13:53:04:571 [OUT] 25 A5 01 09 31 03 C9 3D 09 4D 1C (11)
                              [N9:P] LFLAG '=' 9 (9)
2025-08-28 13:53:04:594 [OUT] 25 A5 01 04 31 02 D8 3F 4F D3 (10)
                              [N4:Y] INTERRUPT '?'
2025-08-28 13:53:04:895 [IN ] C8 24 09 0B 25 A5 09 01 31 03 C9 3A 09 4A 1E 6A C8 24 0B 0A 25 A5 0B 01 31 02 DE 00 1D CD 1E C8 24 04 0C 25 A5 04 01 31 04 D8 3A 01 01 4E 72 EA (48)
                              [N9:P] LFLAG ':' 9 (9)
                              [N11:NG] NGSWSTATE 0 (0)
                              [N4:Y] INTERRUPT ':' 1 1 (257)
2025-08-28 13:53:04:917 [OUT] 25 A5 01 09 31 03 CA 3D 09 4E 1F (11)
                              [N9:P] RFLAG '=' 9 (9)
2025-08-28 13:53:04:939 [OUT] 25 A5 01 0C 31 02 D8 3F 57 FB (10)
                              [N12:Z] INTERRUPT '?'
2025-08-28 13:53:05:241 [IN ] C8 24 09 0B 25 A5 09 01 31 03 CA 3A 09 4B 21 72 C8 24 0C 0C 25 A5 0C 01 31 04 D8 3A 01 01 56 B2 EA (33)
                              [N9:P] RFLAG ':' 9 (9)
                              [N12:Z] INTERRUPT ':' 1 1 (257)
2025-08-28 13:53:05:262 [OUT] 25 A5 01 08 31 03 C9 3D 09 4C 16 (11)
                              [N8:R] LFLAG '=' 9 (9)
2025-08-28 13:53:05:283 [OUT] 25 A5 01 03 31 03 C9 3D 0B 49 FA (11)
                              [N3:X] LFLAG '=' 11 (11)
2025-08-28 13:53:05:304 [OUT] 25 A5 01 04 31 03 C9 3D 0B 4A 00 (11)
                              [N4:Y] LFLAG '=' 11 (11)
2025-08-28 13:53:05:327 [OUT] 25 A5 01 0C 31 03 C9 3D 0B 52 30 (11)
                              [N12:Z] LFLAG '=' 11 (11)
2025-08-28 13:53:05:430 [IN ] C8 24 08 0B 25 A5 08 01 31 03 C9 3A 09 49 17 B2 (16)
                              [N8:R] LFLAG ':' 9 (9)
2025-08-28 13:53:05:452 [OUT] 25 A5 01 08 31 03 CA 3D 09 4D 19 (11)
                              [N8:R] RFLAG '=' 9 (9)
2025-08-28 13:53:05:516 [IN ] C8 24 03 0B 25 A5 03 01 31 03 C9 3A 0B 46 F6 B2 (16)
                              [N3:X] LFLAG ':' 11 (11)
2025-08-28 13:53:05:537 [OUT] 25 A5 01 03 31 03 88 00 50 10 02 (11)
                              [N3:X] RUN 0 80 (80)
2025-08-28 13:53:05:660 [IN ] C8 24 04 0B 25 A5 04 01 31 03 C9 3A 0B 47 FD B2 (16)
                              [N4:Y] LFLAG ':' 11 (11)
2025-08-28 13:53:05:684 [OUT] 25 A5 01 04 31 03 88 00 50 11 08 (11)
                              [N4:Y] RUN 0 80 (80)
2025-08-28 13:53:05:746 [IN ] C8 (1)
2025-08-28 13:53:05:767 [IN ] 24 0C 0B 25 A5 0C 01 31 03 C9 3A 0B 4F 35 B2 (15)
                              [N12:Z] LFLAG ':' 11 (11)
2025-08-28 13:53:05:788 [OUT] 25 A5 01 0C 31 03 88 00 50 19 38 (11)
                              [N12:Z] RUN 0 80 (80)
2025-08-28 13:53:05:790 [IN ] C8 24 0B 0A 25 A5 0B 01 31 02 DE 00 1D CD 35 (15)
                              [N11:NG] NGSWSTATE 0 (0)
2025-08-28 13:53:05:873 [IN ] C8 24 08 0B 25 A5 08 01 31 03 CA 3A 09 4A 1A B2 (16)
                              [N8:R] RFLAG ':' 9 (9)
2025-08-28 13:53:05:975 [IN ] C8 24 03 0C 25 A5 03 01 31 04 88 53 00 50 64 C2 EA (17)
                              [N3:X] RUN 'S' 0 80 (80)
2025-08-28 13:53:06:078 [IN ] C8 24 04 0C 25 A5 04 01 31 04 88 53 00 50 65 CA EA (17)
                              [N4:Y] RUN 'S' 0 80 (80)
2025-08-28 13:53:06:203 [IN ] C8 24 0C 0C 25 A5 0C 01 31 04 88 53 00 50 6D 0A EA (17)
                              [N12:Z] RUN 'S' 0 80 (80)
2025-08-28 13:53:06:804 [IN ] C8 24 0B 0A 25 A5 0B 01 31 02 DE 00 1D CD 6D (15)
                              [N11:NG] NGSWSTATE 0 (0)
2025-08-28 13:53:07:807 [IN ] C8 24 0B 0A 25 A5 0B 01 31 02 DE 00 1D CD 6D (15)
                              [N11:NG] NGSWSTATE 0 (0)
2025-08-28 13:53:09:011 [IN ] C8 24 0B 0A 25 A5 0B 01 31 02 DE 00 1D CD 6D (15)
                              [N11:NG] NGSWSTATE 0 (0)
2025-08-28 13:53:09:813 [IN ] C8 24 0B 0A 25 A5 0B 01 31 02 DE 00 1D CD 6D (15)
                              [N11:NG] NGSWSTATE 0 (0)
2025-08-28 13:53:11:016 [IN ] C8 24 0B 0A 25 A5 0B 01 31 02 DE 00 1D CD 6D (15)
                              [N11:NG] NGSWSTATE 0 (0)
2025-08-28 13:53:12:019 [IN ] C8 24 0B 0A 25 A5 0B 01 31 02 DE 00 1D CD 6D (15)
                              [N11:NG] NGSWSTATE 0 (0)
2025-08-28 13:53:13:023 [IN ] C8 24 0B 0A 25 A5 0B 01 31 02 DE 00 1D CD 6D (15)
                              [N11:NG] NGSWSTATE 0 (0)
2025-08-28 13:53:14:026 [IN ] C8 24 0B 0A 25 A5 0B 01 31 02 DE 00 1D CD 6D (15)
                              [N11:NG] NGSWSTATE 0 (0)
2025-08-28 13:53:14:630 [IN ] C8 24 04 0B 25 A5 04 01 31 03 81 5A 4C 60 A6 0A C8 24 04 0A 25 A5 04 01 31 02 81 49 02 32 A6 (31)
                              [N4:Y] TPOS 'Z' 76 (76)
                              [N4:Y] TPOS 'I'
2025-08-28 13:53:14:852 [OUT] 25 A5 01 09 31 02 D8 3F 54 EC (10)
                              [N9:P] INTERRUPT '?'
2025-08-28 13:53:14:852 [IN ] C8 24 0B 0A 25 A5 0B 01 31 02 DE 00 1D CD A6 (15)
                              [N11:NG] NGSWSTATE 0 (0)
2025-08-28 13:53:15:153 [IN ] C8 24 09 0C 25 A5 09 01 31 04 D8 3A 01 01 53 9A EA (17)
                              [N9:P] INTERRUPT ':' 1 1 (257)
2025-08-28 13:53:15:174 [OUT] 25 A5 01 04 31 03 C9 3D 09 48 FE (11)
                              [N4:Y] LFLAG '=' 9 (9)
2025-08-28 13:53:15:195 [OUT] 25 A5 01 07 31 02 D8 3F 52 E2 (10)
                              [N7:N] INTERRUPT '?'
2025-08-28 13:53:15:497 [IN ] C8 24 04 0B 25 A5 04 01 31 03 C9 3A 09 45 FB 9A C8 24 07 0C 25 A5 07 01 31 04 D8 3A 01 01 51 8A EA (33)
                              [N4:Y] LFLAG ':' 9 (9)
                              [N7:N] INTERRUPT ':' 1 1 (257)
2025-08-28 13:53:15:519 [OUT] 25 A5 01 09 31 03 C9 3D 0B 4F 1E (11)
                              [N9:P] LFLAG '=' 11 (11)
2025-08-28 13:53:15:540 [OUT] 25 A5 01 07 31 03 C9 3D 0B 4D 12 (11)
                              [N7:N] LFLAG '=' 11 (11)
2025-08-28 13:53:15:664 [IN ] C8 24 09 0B 25 A5 09 01 31 03 C9 3A 0B 4C 20 8A (16)
                              [N9:P] LFLAG ':' 11 (11)
2025-08-28 13:53:15:686 [OUT] 25 A5 01 09 31 03 88 00 50 16 26 (11)
                              [N9:P] RUN 0 80 (80)
2025-08-28 13:53:15:790 [IN ] C8 24 07 0B 25 A5 07 01 31 03 C9 3A 0B 4A 12 8A (16)
                              [N7:N] LFLAG ':' 11 (11)
2025-08-28 13:53:15:812 [OUT] 25 A5 01 07 31 03 88 00 50 14 1A (11)
                              [N7:N] RUN 0 80 (80)
2025-08-28 13:53:15:875 [IN ] C8 24 0B 0A 25 A5 0B 01 31 02 DE 00 1D CD 12 (15)
                              [N11:NG] NGSWSTATE 0 (0)
2025-08-28 13:53:15:897 [IN ] C8 24 09 0C 25 A5 09 01 31 04 88 53 00 50 6A F2 EA (17)
                              [N9:P] RUN 'S' 0 80 (80)
2025-08-28 13:53:15:999 [IN ] C8 24 07 0C 25 A5 07 01 31 04 88 53 00 50 68 E2 EA (17)
                              [N7:N] RUN 'S' 0 80 (80)
2025-08-28 13:53:16:404 [IN ] C8 24 03 0B 25 A5 03 01 31 03 81 5A 4C 5F 9F E2 C8 24 03 0A 25 A5 03 01 31 02 81 49 01 2C 9F (31)
                              [N3:X] TPOS 'Z' 76 (76)
                              [N3:X] TPOS 'I'
2025-08-28 13:53:16:626 [OUT] 25 A5 01 03 31 03 C9 3D 09 47 F8 (11)
                              [N3:X] LFLAG '=' 9 (9)
2025-08-28 13:53:16:791 [IN ] C8 24 03 0B 25 A5 03 01 31 03 C9 3A 09 44 F4 E2 (16)
                              [N3:X] LFLAG ':' 9 (9)
2025-08-28 13:53:16:992 [IN ] C8 24 0B 0A 25 A5 0B 01 31 02 DE 00 1D CD F4 (15)
                              [N11:NG] NGSWSTATE 0 (0)
2025-08-28 13:53:17:995 [IN ] C8 24 0B 0A 25 A5 0B 01 31 02 DE 00 1D CD F4 (15)
                              [N11:NG] NGSWSTATE 0 (0)
2025-08-28 13:53:18:998 [IN ] C8 24 0B 0A 25 A5 0B 01 31 02 DE 00 1D CD F4 (15)
                              [N11:NG] NGSWSTATE 0 (0)
2025-08-28 13:53:20:001 [IN ] C8 24 0B 0A 25 A5 0B 01 31 02 DE 00 1D CD F4 (15)
                              [N11:NG] NGSWSTATE 0 (0)
2025-08-28 13:53:21:003 [IN ] C8 24 0B 0A 25 A5 0B 01 31 02 DE 00 1D CD F4 (15)
                              [N11:NG] NGSWSTATE 0 (0)
2025-08-28 13:53:22:006 [IN ] C8 24 0B 0A 25 A5 0B 01 31 02 DE 00 1D CD F4 (15)
                              [N11:NG] NGSWSTATE 0 (0)
2025-08-28 13:53:23:008 [IN ] C8 24 0B 0A 25 A5 0B 01 31 02 DE 00 1D CD F4 (15)
                              [N11:NG] NGSWSTATE 0 (0)
2025-08-28 13:53:23:411 [IN ] C8 24 0C 0B 25 A5 0C 01 31 03 81 5A 4C 68 DE E2 C8 24 0C 0A 25 A5 0C 01 31 02 81 49 0A 62 DE C8 24 09 0B 25 A5 09 01 31 03 81 5A 4C 65 C9 E2 C8 24 09 0A 25 A5 09 01 31 02 81 49 07 50 C9 (62)
                              [N12:Z] TPOS 'Z' 76 (76)
                              [N12:Z] TPOS 'I'
                              [N9:P] TPOS 'Z' 76 (76)
                              [N9:P] TPOS 'I'
2025-08-28 13:53:23:635 [OUT] 25 A5 01 0C 31 03 C9 3D 09 50 2E (11)
                              [N12:Z] LFLAG '=' 9 (9)
2025-08-28 13:53:23:656 [OUT] 25 A5 01 09 31 03 C9 3D 09 4D 1C (11)
                              [N9:P] LFLAG '=' 9 (9)
2025-08-28 13:53:23:678 [OUT] 25 A5 01 04 31 05 81 FF EE 88 01 32 FA (13)
                              [N4:Y] TPOS 255 238 136 1 (-1144831)
2025-08-28 13:53:23:801 [IN ] C8 24 0C 0B 25 A5 0C 01 31 03 C9 3A 09 4D 33 E2 (16)
                              [N12:Z] LFLAG ':' 9 (9)
2025-08-28 13:53:23:924 [IN ] C8 24 09 0B 25 A5 09 01 31 03 C9 3A 09 4A 1E E2 (16)
                              [N9:P] LFLAG ':' 9 (9)
2025-08-28 13:53:23:946 [IN ] C8 24 0B 0A 25 A5 0B 01 31 02 DE 00 1D CD 1E (15)
                              [N11:NG] NGSWSTATE 0 (0)
2025-08-28 13:53:24:048 [IN ] C8 24 04 0E 25 A5 04 01 31 06 81 53 00 00 00 00 10 88 0A (19)
                              [N4:Y] TPOS 'S' 0 0 0 0 (0)
2025-08-28 13:53:25:052 [IN ] C8 24 0B 0A 25 A5 0B 01 31 02 DE 00 1D CD 00 (15)
                              [N11:NG] NGSWSTATE 0 (0)
2025-08-28 13:53:26:056 [IN ] C8 24 0B 0A 25 A5 0B 01 31 02 DE 00 1D CD 00 (15)
                              [N11:NG] NGSWSTATE 0 (0)
2025-08-28 13:53:27:059 [IN ] C8 24 0B 0A 25 A5 0B 01 31 02 DE 00 1D CD 00 (15)
                              [N11:NG] NGSWSTATE 0 (0)
2025-08-28 13:53:28:061 [IN ] C8 24 0B 0A 25 A5 0B 01 31 02 DE 00 1D CD 00 (15)
                              [N11:NG] NGSWSTATE 0 (0)
2025-08-28 13:53:29:064 [IN ] C8 24 0B 0A 25 A5 0B 01 31 02 DE 00 1D CD 00 (15)
                              [N11:NG] NGSWSTATE 0 (0)
2025-08-28 13:53:30:067 [IN ] C8 24 0B 0A 25 A5 0B 01 31 02 DE 00 1D CD 00 (15)
                              [N11:NG] NGSWSTATE 0 (0)
2025-08-28 13:53:30:269 [IN ] C8 24 07 0B 25 A5 07 01 31 03 81 5A 4C 63 BB 00 C8 24 07 0A 25 A5 07 01 31 02 81 49 05 44 BB (31)
                              [N7:N] TPOS 'Z' 76 (76)
                              [N7:N] TPOS 'I'
2025-08-28 13:53:30:471 [IN ] C8 24 04 0E 25 A5 04 01 31 06 81 45 FF EE 85 B7 2B C9 0A (19)
                              [N4:Y] TPOS 'E' 255 238 133 183 (-1145417)
2025-08-28 13:53:30:492 [OUT] 25 A5 01 07 31 03 C9 3D 09 4B 10 (11)
                              [N7:N] LFLAG '=' 9 (9)
2025-08-28 13:53:30:515 [OUT] 25 A5 01 0C 31 05 81 FF BC D0 00 4F 33 (13)
                              [N12:Z] TPOS 255 188 208 0 (-4403200)
2025-08-28 13:53:30:537 [OUT] 25 A5 01 04 31 05 81 FF FD 50 01 09 B7 (13)
                              [N4:Y] TPOS 255 253 80 1 (-176127)
2025-08-28 13:53:30:560 [OUT] 25 A5 01 09 31 05 81 FF E7 5D 56 5A 0C (13)
                              [N9:P] TPOS 255 231 93 86 (-1614506)
2025-08-28 13:53:30:605 [OUT] 25 A5 01 03 31 05 81 FF EC 4A AB 9B 1A (13)
                              [N3:X] TPOS 255 236 74 171 (-1291605)
2025-08-28 13:53:30:627 [OUT] 25 A5 01 06 31 02 D8 3F 51 DD (10)
                              [N6:H] INTERRUPT '?'
2025-08-28 13:53:30:928 [IN ] C8 24 07 0B 25 A5 07 01 31 03 C9 3A 09 48 10 B7 C8 24 0C 0E 25 A5 0C 01 31 06 81 53 FF FF FF FC 11 CB 0A C8 24 04 0E 25 A5 04 01 31 06 81 53 FF EE 85 B7 39 0F 0A (54)
                              [N7:N] LFLAG ':' 9 (9)
                              [N12:Z] TPOS 'S' 255 255 255 252 (-4)
                              [N4:Y] TPOS 'S' 255 238 133 183 (-1145417)
2025-08-28 13:53:31:229 [IN ] C8 24 0B 0A 25 A5 0B 01 31 02 DE 00 1D CD 85 C8 24 09 0E 25 A5 09 01 31 06 81 53 FF FF FF FC 0E AD 0A C8 24 03 0E 25 A5 03 01 31 06 81 53 00 00 00 00 0F 7E 0A (53)
                              [N11:NG] NGSWSTATE 0 (0)
                              [N9:P] TPOS 'S' 255 255 255 252 (-4)
                              [N3:X] TPOS 'S' 0 0 0 0 (0)
2025-08-28 13:53:31:530 [IN ] C8 24 06 0C 25 A5 06 01 31 04 D8 3A 01 01 50 82 0F (17)
                              [N6:H] INTERRUPT ':' 1 1 (257)
2025-08-28 13:53:31:551 [OUT] 25 A5 01 07 31 05 81 FF AB 19 75 F7 DF (13)
                              [N7:N] TPOS 255 171 25 117 (-5564043)
2025-08-28 13:53:31:573 [OUT] 25 A5 01 06 31 03 C9 3D 0B 4C 0C (11)
                              [N6:H] LFLAG '=' 11 (11)
2025-08-28 13:53:31:737 [IN ] C8 24 07 0E 25 A5 07 01 31 06 81 53 FF FF FF DB EB 78 0A (19)
                              [N7:N] TPOS 'S' 255 255 255 219 (-37)
2025-08-28 13:53:31:821 [IN ] C8 24 06 0B 25 A5 06 01 31 03 C9 (11)
2025-08-28 13:53:31:842 [IN ] 3A 0B 49 0B DB (5)
                              [N6:H] LFLAG ':' 11 (11)
2025-08-28 13:53:31:866 [OUT] 25 A5 01 06 31 03 88 FF B0 72 72 (11)
                              [N6:H] RUN 255 176 (-80)
2025-08-28 13:53:31:989 [IN ] C8 24 0B 0A 25 A5 0B 01 31 02 DE 00 1D CD 0B (15)
                              [N11:NG] NGSWSTATE 0 (0)
2025-08-28 13:53:32:030 [IN ] C8 24 06 0C 25 A5 06 01 31 04 88 53 FF B0 C6 38 EB (17)
                              [N6:H] RUN 'S' 255 176 (-80)
2025-08-28 13:53:33:033 [IN ] C8 24 0B 0A 25 A5 0B 01 31 02 DE 00 1D CD C6 (15)
                              [N11:NG] NGSWSTATE 0 (0)
2025-08-28 13:53:34:036 [IN ] C8 24 0B 0A 25 A5 0B 01 31 02 DE 00 1D CD C6 (15)
                              [N11:NG] NGSWSTATE 0 (0)
2025-08-28 13:53:35:039 [IN ] C8 24 0B 0A 25 A5 0B 01 31 02 DE 00 1D CD C6 (15)
                              [N11:NG] NGSWSTATE 0 (0)
2025-08-28 13:53:36:042 [IN ] C8 24 0B 0A 25 A5 0B 01 31 02 DE 00 1D CD C6 (15)
                              [N11:NG] NGSWSTATE 0 (0)
2025-08-28 13:53:37:246 [IN ] C8 24 0B 0A 25 A5 0B 01 31 02 DE 00 1D CD C6 (15)
                              [N11:NG] NGSWSTATE 0 (0)
2025-08-28 13:53:37:448 [IN ] C8 24 06 0B 25 A5 06 01 31 03 81 5A 4C 62 B4 38 C8 24 06 0A 25 A5 06 01 31 02 81 49 04 3E B4 (31)
                              [N6:H] TPOS 'Z' 76 (76)
                              [N6:H] TPOS 'I'
2025-08-28 13:53:37:671 [OUT] 25 A5 01 06 31 03 C9 3D 09 4A 0A (11)
                              [N6:H] LFLAG '=' 9 (9)
2025-08-28 13:53:37:836 [IN ] C8 24 06 0B 25 A5 06 01 31 03 C9 3A 09 47 09 38 (16)
                              [N6:H] LFLAG ':' 9 (9)
2025-08-28 13:53:37:858 [OUT] 25 A5 01 06 31 03 84 00 50 0F 08 (11)
                              [N6:H] VEL 0 80 (80)
2025-08-28 13:53:38:021 [IN ] C8 24 06 0C 25 A5 06 01 31 04 84 53 00 50 63 CA EB (17)
                              [N6:H] VEL 'S' 0 80 (80)
2025-08-28 13:53:38:045 [OUT] 25 A5 01 06 31 05 81 00 19 82 3C 95 BE (13)
                              [N6:H] TPOS 0 25 130 60 (1671740)
2025-08-28 13:53:38:046 [IN ] C8 24 0B 0A 25 A5 0B 01 31 02 DE 00 1D CD 63 (15)
                              [N11:NG] NGSWSTATE 0 (0)
2025-08-28 13:53:38:230 [IN ] C8 24 06 0E 25 A5 06 01 31 06 81 53 00 00 00 01 13 9D 0A (19)
                              [N6:H] TPOS 'S' 0 0 0 1 (1)
2025-08-28 13:53:39:233 [IN ] C8 24 0B 0A 25 A5 0B 01 31 02 DE 00 1D CD 00 C8 24 03 0E 25 A5 03 01 31 06 81 45 FF EC 49 32 67 BC 0A (34)
                              [N11:NG] NGSWSTATE 0 (0)
                              [N3:X] TPOS 'E' 255 236 73 50 (-1291982)
2025-08-28 13:53:39:657 [OUT] 25 A5 01 03 31 05 81 FF FD 50 01 08 AF (13)
                              [N3:X] TPOS 255 253 80 1 (-176127)
2025-08-28 13:53:39:842 [IN ] C8 24 03 0E 25 A5 03 01 31 06 81 53 FF EC 49 32 75 02 0A (19)
                              [N3:X] TPOS 'S' 255 236 73 50 (-1291982)
2025-08-28 13:53:40:243 [IN ] C8 24 0B 0A 25 A5 0B 01 31 02 DE 00 1D CD 49 (15)
                              [N11:NG] NGSWSTATE 0 (0)
2025-08-28 13:53:40:444 [IN ] C8 24 04 0E 25 A5 04 01 31 06 81 45 FF FD 4F 43 90 16 0A (19)
                              [N4:Y] TPOS 'E' 255 253 79 67 (-176317)
2025-08-28 13:53:41:247 [IN ] C8 24 09 0E 25 A5 09 01 31 06 81 45 FF E7 5B F6 3E D1 0A C8 24 0B 0A 25 A5 0B 01 31 02 DE 00 1D CD 5B (34)
                              [N9:P] TPOS 'E' 255 231 91 246 (-1614858)
                              [N11:NG] NGSWSTATE 0 (0)
2025-08-28 13:53:41:671 [OUT] 25 A5 01 09 31 05 81 FF FF D9 C8 60 BE (13)
                              [N9:P] TPOS 255 255 217 200 (-9784)
2025-08-28 13:53:41:856 [IN ] C8 24 09 0E 25 A5 09 01 31 06 81 53 FF E7 5B FD 53 1E 0A (19)
                              [N9:P] TPOS 'S' 255 231 91 253 (-1614851)
2025-08-28 13:53:42:258 [IN ] C8 24 0B 0A 25 A5 0B 01 31 02 DE 00 1D CD 5B (15)
                              [N11:NG] NGSWSTATE 0 (0)
2025-08-28 13:53:43:260 [IN ] C8 24 0B 0A 25 A5 0B 01 31 02 DE 00 1D CD 5B (15)
                              [N11:NG] NGSWSTATE 0 (0)
2025-08-28 13:53:44:263 [IN ] C8 24 0B 0A 25 A5 0B 01 31 02 DE 00 1D CD 5B (15)
                              [N11:NG] NGSWSTATE 0 (0)
2025-08-28 13:53:45:266 [IN ] C8 24 0B 0A 25 A5 0B 01 31 02 DE 00 1D CD 5B (15)
                              [N11:NG] NGSWSTATE 0 (0)
2025-08-28 13:53:46:269 [IN ] C8 24 0B 0A 25 A5 0B 01 31 02 DE 00 1D CD 5B (15)
                              [N11:NG] NGSWSTATE 0 (0)
2025-08-28 13:53:47:272 [IN ] C8 24 0B 0A 25 A5 0B 01 31 02 DE 00 1D CD 5B (15)
                              [N11:NG] NGSWSTATE 0 (0)
2025-08-28 13:53:48:275 [IN ] C8 24 0B 0A 25 A5 0B 01 31 02 DE 00 1D CD 5B (15)
                              [N11:NG] NGSWSTATE 0 (0)
2025-08-28 13:53:48:677 [IN ] C8 24 06 0E 25 A5 06 01 31 06 81 45 00 19 83 21 C1 C8 0A (19)
                              [N6:H] TPOS 'E' 0 25 131 33 (1671969)
2025-08-28 13:53:49:100 [OUT] 25 A5 01 06 31 05 81 00 0C 8F FB 54 70 (13)
                              [N6:H] TPOS 0 12 143 251 (823291)
2025-08-28 13:53:49:142 [IN ] C8 24 0B 0A 25 A5 0B 01 31 02 DE 00 1D CD 83 (15)
                              [N11:NG] NGSWSTATE 0 (0)
2025-08-28 13:53:49:305 [IN ] C8 24 06 0E 25 A5 06 01 31 06 81 53 00 19 83 21 CF 0E 0A (19)
                              [N6:H] TPOS 'S' 0 25 131 33 (1671969)
2025-08-28 13:53:50:309 [IN ] C8 24 0B 0A 25 A5 0B 01 31 02 DE 00 1D CD 83 (15)
                              [N11:NG] NGSWSTATE 0 (0)
2025-08-28 13:53:51:312 [IN ] C8 24 0B 0A 25 A5 0B 01 31 02 DE 00 1D CD 83 (15)
                              [N11:NG] NGSWSTATE 0 (0)
2025-08-28 13:53:52:114 [IN ] C8 24 09 0E 25 A5 09 01 31 06 81 45 FF FF DB 89 69 AC 0A (19)
                              [N9:P] TPOS 'E' 255 255 219 137 (-9335)
2025-08-28 13:53:52:337 [OUT] 25 A5 01 08 31 02 D8 3F 53 E7 (10)
                              [N8:R] INTERRUPT '?'
2025-08-28 13:53:52:338 [IN ] C8 24 0B 0A 25 A5 0B 01 31 02 DE 00 1D CD DB C8 24 03 0E 25 A5 03 01 31 06 81 45 FF FD 4F A3 EF 6C 0A (34)
                              [N11:NG] NGSWSTATE 0 (0)
                              [N3:X] TPOS 'E' 255 253 79 163 (-176221)
2025-08-28 13:53:52:639 [IN ] C8 24 08 0C 25 A5 08 01 31 04 D8 3A 01 01 52 92 EF (17)
                              [N8:R] INTERRUPT ':' 1 1 (257)
2025-08-28 13:53:52:660 [OUT] 25 A5 01 08 31 03 CA 3D 0B 4F 1B (11)
                              [N8:R] RFLAG '=' 11 (11)
2025-08-28 13:53:52:824 [IN ] C8 24 08 0B 25 A5 08 01 31 03 CA 3A 0B 4C 1C 92 (16)
                              [N8:R] RFLAG ':' 11 (11)
2025-08-28 13:53:52:845 [OUT] 25 A5 01 08 31 03 88 00 50 15 20 (11)
                              [N8:R] RUN 0 80 (80)
2025-08-28 13:53:53:009 [IN ] C8 24 08 0C 25 A5 08 01 31 04 88 53 00 50 69 EA EF (17)
                              [N8:R] RUN 'S' 0 80 (80)
2025-08-28 13:53:53:210 [IN ] C8 24 0B 0A 25 A5 0B 01 31 02 DE 00 1D CD 69 (15)
                              [N11:NG] NGSWSTATE 0 (0)
2025-08-28 13:53:54:212 [IN ] C8 24 0B 0A 25 A5 0B 01 31 02 DE 00 1D CD 69 (15)
                              [N11:NG] NGSWSTATE 0 (0)
2025-08-28 13:53:54:413 [IN ] C8 24 06 0E 25 A5 06 01 31 06 81 45 00 0C 8D E1 7E 75 0A (19)
                              [N6:H] TPOS 'E' 0 12 141 225 (822753)
2025-08-28 13:53:54:636 [OUT] 25 A5 01 05 31 02 D8 3F 50 D8 (10)
                              [N5:V] INTERRUPT '?'
2025-08-28 13:53:54:937 [IN ] C8 24 05 0C 25 A5 05 01 31 04 D8 3A 01 01 4F 7A 7E (17)
                              [N5:V] INTERRUPT ':' 1 1 (257)
2025-08-28 13:53:54:958 [OUT] 25 A5 01 05 31 03 C9 3D 0B 4B 06 (11)
                              [N5:V] LFLAG '=' 11 (11)
2025-08-28 13:53:55:123 [IN ] C8 24 05 0B 25 A5 05 01 31 03 C9 3A 0B 48 04 7A (16)
                              [N5:V] LFLAG ':' 11 (11)
2025-08-28 13:53:55:144 [OUT] 25 A5 01 05 31 03 88 FF B0 71 6C (11)
                              [N5:V] RUN 255 176 (-80)
2025-08-28 13:53:55:186 [IN ] C8 24 0B 0A 25 A5 0B 01 31 02 DE 00 1D CD 04 (15)
                              [N11:NG] NGSWSTATE 0 (0)
2025-08-28 13:53:55:309 [IN ] C8 24 05 0C 25 A5 05 01 31 04 88 53 FF B0 C5 30 7E (17)
                              [N5:V] RUN 'S' 255 176 (-80)
2025-08-28 13:53:56:113 [IN ] C8 24 0C 0E 25 A5 0C 01 31 06 81 45 FF BC CD A1 33 FD 0A (19)
                              [N12:Z] TPOS 'E' 255 188 205 161 (-4403807)
2025-08-28 13:53:56:315 [IN ] C8 24 0B 0A 25 A5 0B 01 31 02 DE 00 1D CD CD (15)
                              [N11:NG] NGSWSTATE 0 (0)
2025-08-28 13:53:56:537 [OUT] 25 A5 01 0C 31 05 81 FF D4 54 00 EB 83 (13)
                              [N12:Z] TPOS 255 212 84 0 (-2862080)
2025-08-28 13:53:56:722 [IN ] C8 24 0C 0E 25 A5 0C 01 31 06 81 53 FF BC CD A1 41 43 0A (19)
                              [N12:Z] TPOS 'S' 255 188 205 161 (-4403807)
2025-08-28 13:53:57:324 [IN ] C8 24 0B 0A 25 A5 0B 01 31 02 DE 00 1D CD CD (15)
                              [N11:NG] NGSWSTATE 0 (0)
2025-08-28 13:53:58:327 [IN ] C8 24 0B 0A 25 A5 0B 01 31 02 DE 00 1D CD CD (15)
                              [N11:NG] NGSWSTATE 0 (0)
2025-08-28 13:53:58:749 [OUT] 25 A5 01 0C 31 01 82 C1 4C (9)
                              [N12:Z] GETPOS
2025-08-28 13:53:58:770 [OUT] 25 A5 01 05 31 01 82 BA 30 (9)
                              [N5:V] GETPOS
2025-08-28 13:53:58:771 [IN ] C8 24 07 0E 25 A5 07 01 31 06 81 45 FF AB 15 63 27 EA 0A (19)
                              [N7:N] TPOS 'E' 255 171 21 99 (-5565085)
2025-08-28 13:53:58:792 [OUT] 25 A5 01 07 31 01 82 BC 38 (9)
                              [N7:N] GETPOS
2025-08-28 13:53:58:814 [OUT] 25 A5 01 08 31 01 82 BD 3C (9)
                              [N8:R] GETPOS
2025-08-28 13:53:58:898 [IN ] C8 24 0C 0D 25 A5 0C 01 31 05 82 FF C2 E8 03 71 88 EA (18)
                              [N12:Z] GETPOS 255 194 232 3 (-4003837)
2025-08-28 13:53:59:001 [IN ] C8 24 05 0D 25 A5 05 01 31 05 82 00 04 73 DC 11 02 EA (18)
                              [N5:V] GETPOS 0 4 115 220 (291804)
2025-08-28 13:53:59:083 [IN ] C8 24 07 0D 25 A5 07 01 31 05 82 FF AB 15 63 E2 D0 EA (18)
                              [N7:N] GETPOS 255 171 21 99 (-5565085)
2025-08-28 13:53:59:105 [OUT] 25 A5 01 07 31 05 81 FF EF 4D 05 FF A3 (13)
                              [N7:N] TPOS 255 239 77 5 (-1094395)
2025-08-28 13:53:59:167 [IN ] C8 24 08 0D 25 A5 08 01 31 05 82 FF FF 02 0B CC 57 EA (18)
                              [N8:R] GETPOS 255 255 2 11 (-65013)
2025-08-28 13:53:59:230 [IN ] C8 24 0B 0A 25 A5 0B 01 31 02 DE 00 1D CD 0B (15)
                              [N11:NG] NGSWSTATE 0 (0)
2025-08-28 13:53:59:313 [IN ] C8 24 07 0E 25 A5 07 01 31 06 81 53 FF AB 15 63 35 30 0A (19)
                              [N7:N] TPOS 'S' 255 171 21 99 (-5565085)
2025-08-28 13:53:59:516 [IN ] C8 24 08 0B 25 A5 08 01 31 03 81 5A 52 6A C8 63 (16)
                              [N8:R] TPOS 'Z' 82 (82)
2025-08-28 13:53:59:717 [IN ] C8 24 08 0A 25 A5 08 01 31 02 81 49 06 4A C8 (15)
                              [N8:R] TPOS 'I'
2025-08-28 13:53:59:939 [OUT] 25 A5 01 08 31 03 CA 3D 09 4D 19 (11)
                              [N8:R] RFLAG '=' 9 (9)
2025-08-28 13:54:00:103 [IN ] C8 24 08 0B 25 A5 08 01 31 03 CA 3A 09 4A 1A 63 (16)
                              [N8:R] RFLAG ':' 9 (9)
2025-08-28 13:54:00:124 [OUT] 25 A5 01 08 31 05 81 FF DC 77 1D 2F DE (13)
                              [N8:R] TPOS 255 220 119 29 (-2328803)
2025-08-28 13:54:00:207 [IN ] C8 24 0B 0A 25 A5 0B 01 31 02 DE 00 1D CD 1A (15)
                              [N11:NG] NGSWSTATE 0 (0)
2025-08-28 13:54:00:330 [IN ] C8 24 08 0E 25 A5 08 01 31 06 81 53 FF FF FF FB 0C A2 0A (19)
                              [N8:R] TPOS 'S' 255 255 255 251 (-5)
2025-08-28 13:54:00:933 [IN ] C8 24 05 0B 25 A5 05 01 31 03 81 5A 4C 61 AD FB C8 24 05 0A 25 A5 05 01 31 02 81 49 03 38 AD (31)
                              [N5:V] TPOS 'Z' 76 (76)
                              [N5:V] TPOS 'I'
2025-08-28 13:54:01:156 [OUT] 25 A5 01 05 31 03 C9 3D 09 49 04 (11)
                              [N5:V] LFLAG '=' 9 (9)
2025-08-28 13:54:01:238 [IN ] C8 24 0B 0A 25 A5 0B 01 31 02 DE 00 1D CD AD (15)
                              [N11:NG] NGSWSTATE 0 (0)
2025-08-28 13:54:01:320 [IN ] C8 24 05 0B 25 A5 05 01 31 03 C9 3A 09 46 02 FB (16)
                              [N5:V] LFLAG ':' 9 (9)
2025-08-28 13:54:01:342 [OUT] 25 A5 01 05 31 03 84 00 50 0E 02 (11)
                              [N5:V] VEL 0 80 (80)
2025-08-28 13:54:01:506 [IN ] C8 24 05 0C 25 A5 05 01 31 04 84 53 00 50 62 C2 0C (17)
                              [N5:V] VEL 'S' 0 80 (80)
2025-08-28 13:54:01:527 [OUT] 25 A5 01 05 31 05 81 00 19 82 3C 94 B6 (13)
                              [N5:V] TPOS 0 25 130 60 (1671740)
2025-08-28 13:54:01:712 [IN ] C8 24 05 0E 25 A5 05 01 31 06 81 53 00 00 00 (15)
2025-08-28 13:54:01:733 [IN ] 00 11 92 0A (4)
                              [N5:V] TPOS 'S' 0 0 0 0 (0)
2025-08-28 13:54:02:335 [IN ] C8 24 0B 0A 25 A5 0B 01 31 02 DE 00 1D CD 00 (15)
                              [N11:NG] NGSWSTATE 0 (0)
2025-08-28 13:54:03:340 [IN ] C8 24 0B 0A 25 A5 0B 01 31 02 DE 00 1D CD 00 (15)
                              [N11:NG] NGSWSTATE 0 (0)
2025-08-28 13:54:04:343 [IN ] C8 24 0B 0A 25 A5 0B 01 31 02 DE 00 1D CD 00 (15)
                              [N11:NG] NGSWSTATE 0 (0)
2025-08-28 13:54:05:146 [IN ] C8 24 0C 0E 25 A5 0C 01 31 06 81 45 FF D4 56 E8 1B 9E 0A (19)
                              [N12:Z] TPOS 'E' 255 212 86 232 (-2861336)
2025-08-28 13:54:05:348 [IN ] C8 24 0B 0A 25 A5 0B 01 31 02 DE 00 1D CD 56 (15)
                              [N11:NG] NGSWSTATE 0 (0)
2025-08-28 13:54:06:351 [IN ] C8 24 0B 0A 25 A5 0B 01 31 02 DE 00 1D CD 56 (15)
                              [N11:NG] NGSWSTATE 0 (0)
2025-08-28 13:54:07:353 [IN ] C8 24 0B 0A 25 A5 0B 01 31 02 DE 00 1D CD 56 (15)
                              [N11:NG] NGSWSTATE 0 (0)
2025-08-28 13:54:08:356 [IN ] C8 24 0B 0A 25 A5 0B 01 31 02 DE 00 1D CD 56 (15)
                              [N11:NG] NGSWSTATE 0 (0)
2025-08-28 13:54:09:359 [IN ] C8 24 0B 0A 25 A5 0B 01 31 02 DE 00 1D CD 56 (15)
                              [N11:NG] NGSWSTATE 0 (0)
2025-08-28 13:54:10:161 [IN ] C8 24 05 0E 25 A5 05 01 31 06 81 45 00 19 85 87 28 28 0A (19)
                              [N5:V] TPOS 'E' 0 25 133 135 (1672583)
2025-08-28 13:54:10:363 [IN ] C8 24 0B 0A 25 A5 0B 01 31 02 DE 00 1D CD 85 (15)
                              [N11:NG] NGSWSTATE 0 (0)
2025-08-28 13:54:10:586 [OUT] 25 A5 01 05 31 05 81 00 0C CC 38 CD 1F (13)
                              [N5:V] TPOS 0 12 204 56 (838712)
2025-08-28 13:54:10:770 [IN ] C8 24 05 0E 25 A5 05 01 31 06 81 53 00 19 85 87 36 6E 0A (19)
                              [N5:V] TPOS 'S' 0 25 133 135 (1672583)
2025-08-28 13:54:11:372 [IN ] C8 24 0B 0A 25 A5 0B 01 31 02 DE 00 1D CD 85 (15)
                              [N11:NG] NGSWSTATE 0 (0)
2025-08-28 13:54:12:374 [IN ] C8 24 0B 0A 25 A5 0B 01 31 02 DE 00 1D CD 85 (15)
                              [N11:NG] NGSWSTATE 0 (0)
2025-08-28 13:54:12:976 [IN ] C8 24 08 0E 25 A5 08 01 31 06 81 45 FF DC 74 71 C6 53 0A (19)
                              [N8:R] TPOS 'E' 255 220 116 113 (-2329487)
2025-08-28 13:54:13:380 [IN ] C8 24 0B 0A 25 A5 0B 01 31 02 DE 00 1D CD 74 (15)
                              [N11:NG] NGSWSTATE 0 (0)
2025-08-28 13:54:13:401 [OUT] 25 A5 01 08 31 05 81 FF ED AA 50 A6 AA (13)
                              [N8:R] TPOS 255 237 170 80 (-1201584)
2025-08-28 13:54:13:586 [IN ] C8 24 08 0E 25 A5 08 01 31 06 81 53 FF DC 74 74 D7 9C 0A (19)
                              [N8:R] TPOS 'S' 255 220 116 116 (-2329484)
2025-08-28 13:54:14:388 [IN ] C8 24 0B 0A 25 A5 0B 01 31 02 DE 00 1D CD 74 (15)
                              [N11:NG] NGSWSTATE 0 (0)
2025-08-28 13:54:15:392 [IN ] C8 24 0B 0A 25 A5 0B 01 31 02 DE 00 1D CD 74 (15)
                              [N11:NG] NGSWSTATE 0 (0)
2025-08-28 13:54:16:394 [IN ] C8 24 0B 0A 25 A5 0B 01 31 02 DE 00 1D CD 74 (15)
                              [N11:NG] NGSWSTATE 0 (0)
2025-08-28 13:54:16:796 [IN ] C8 24 05 0E 25 A5 05 01 31 06 81 45 00 0C CB 19 F3 1F 0A (19)
                              [N5:V] TPOS 'E' 0 12 203 25 (838425)
2025-08-28 13:54:17:018 [OUT] 25 A5 01 03 31 05 81 FF EE 9E 16 5C 33 (13)
                              [N3:X] TPOS 255 238 158 22 (-1139178)
2025-08-28 13:54:17:040 [OUT] 25 A5 01 04 31 05 81 FF F3 B4 EE 50 4E (13)
                              [N4:Y] TPOS 255 243 180 238 (-805650)
2025-08-28 13:54:17:204 [IN ] C8 24 03 0E 25 A5 03 01 31 06 81 53 FF FD 4F A3 FD B2 0A (19)
                              [N3:X] TPOS 'S' 255 253 79 163 (-176221)
2025-08-28 13:54:17:327 [IN ] C8 24 04 0E 25 A5 04 01 31 06 81 53 FF FD 4F 42 9D 5B 0A (19)
                              [N4:Y] TPOS 'S' 255 253 79 66 (-176318)
2025-08-28 13:54:17:528 [IN ] C8 24 0B 0A 25 A5 0B 01 31 02 DE 00 1D CD 4F (15)
                              [N11:NG] NGSWSTATE 0 (0)
2025-08-28 13:54:18:530 [IN ] C8 24 0B 0A 25 A5 0B 01 31 02 DE 00 1D CD 4F (15)
                              [N11:NG] NGSWSTATE 0 (0)
2025-08-28 13:54:19:533 [IN ] C8 24 0B 0A 25 A5 0B 01 31 02 DE 00 1D CD 4F (15)
                              [N11:NG] NGSWSTATE 0 (0)
2025-08-28 13:54:19:734 [IN ] C8 24 08 0E 25 A5 08 01 31 06 81 45 FF ED AD 5B FA E2 0A (19)
                              [N8:R] TPOS 'E' 255 237 173 91 (-1200805)
2025-08-28 13:54:20:538 [IN ] C8 24 0B 0A 25 A5 0B 01 31 02 DE 00 1D CD AD C8 24 07 0E 25 A5 07 01 31 06 81 45 FF EF 51 60 A4 2B 0A (34)
                              [N11:NG] NGSWSTATE 0 (0)
                              [N7:N] TPOS 'E' 255 239 81 96 (-1093280)
2025-08-28 13:54:21:140 [IN ] C8 24 04 0E 25 A5 04 01 31 06 81 45 FF F3 B2 C1 67 3C 0A (19)
                              [N4:Y] TPOS 'E' 255 243 178 193 (-806207)
2025-08-28 13:54:21:543 [IN ] C8 24 0B 0A 25 A5 0B 01 31 02 DE 00 1D CD B2 (15)
                              [N11:NG] NGSWSTATE 0 (0)
2025-08-28 13:54:22:546 [IN ] C8 24 0B 0A 25 A5 0B 01 31 02 DE 00 1D CD B2 (15)
                              [N11:NG] NGSWSTATE 0 (0)
2025-08-28 13:54:22:948 [IN ] C8 24 03 0E 25 A5 03 01 31 06 81 45 FF EE 9B FC 85 30 0A (19)
                              [N3:X] TPOS 'E' 255 238 155 252 (-1139716)
