2025-08-28 17:01:17:347 [OUT] 25 A5 01 0A 31 05 D6 3D FF 00 00 53 ED (13)
                              [N10:HMI] HMILED '=' 255 0 0 (16711680)
2025-08-28 17:01:17:371 [OUT] 25 A5 01 09 31 05 81 FF EE CD 61 DC 0C (13)
                              [N9:P] TPOS 255 238 205 97 (-1127071)
2025-08-28 17:01:17:393 [OUT] 25 A5 01 05 31 05 81 00 08 00 17 DC 5A (13)
                              [N5:V] TPOS 0 8 0 23 (524311)
2025-08-28 17:01:17:414 [OUT] 25 A5 01 06 31 05 81 00 13 4B A6 C2 A8 (13)
                              [N6:H] TPOS 0 19 75 166 (1264550)
2025-08-28 17:01:17:437 [OUT] 25 A5 01 07 31 05 81 FF C8 AF 39 6E 26 (13)
                              [N7:N] TPOS 255 200 175 57 (-3625159)
2025-08-28 17:01:17:540 [IN ] C8 24 0A 0D 25 A5 0A 01 31 05 D6 3A FF 00 00 50 EA B1 (18)
                              [N10:HMI] HMILED ':' 255 0 0 (16711680)
2025-08-28 17:01:17:663 [IN ] C8 24 09 0E 25 A5 09 01 31 06 81 53 FF EE 9C D0 6E 88 0A (19)
                              [N9:P] TPOS 'S' 255 238 156 208 (-1139504)
2025-08-28 17:01:17:786 [IN ] C8 24 05 0E 25 A5 05 01 31 06 81 53 00 07 E8 21 21 98 0A (19)
                              [N5:V] TPOS 'S' 0 7 232 33 (518177)
2025-08-28 17:01:17:848 [IN ] C8 24 09 0E 25 A5 09 01 31 06 81 45 FF EE CF FD C0 D5 0A (19)
                              [N9:P] TPOS 'E' 255 238 207 253 (-1126403)
2025-08-28 17:01:17:931 [IN ] C8 24 05 0E 25 A5 05 01 31 06 81 45 00 08 02 C1 CE 29 0A C8 24 06 0E 25 A5 06 01 31 06 81 53 00 15 68 4D DC F8 0A (38)
                              [N5:V] TPOS 'E' 0 8 2 193 (524993)
                              [N6:H] TPOS 'S' 0 21 104 77 (1402957)
2025-08-28 17:01:18:034 [IN ] C8 24 07 0E 25 A5 07 01 31 06 81 53 FF CC 0F E7 D4 0B (18)
                              [N7:N] TPOS 'S' 255 204 15 231 (-3403801)
2025-08-28 17:01:18:235 [IN ] 0A (1)
2025-08-28 17:01:18:837 [IN ] C8 24 06 0E 25 A5 06 01 31 06 81 45 00 13 49 BB 1B DC 0A (19)
                              [N6:H] TPOS 'E' 0 19 73 187 (1264059)
2025-08-28 17:01:19:240 [IN ] C8 24 07 0E 25 A5 07 01 31 06 81 45 FF C8 AA 9F 15 A7 0A (19)
                              [N7:N] TPOS 'E' 255 200 170 159 (-3626337)
