2025-08-28 17:00:11:596 [OUT] 25 A5 01 0A 31 05 D6 3D FF 00 00 53 ED (13)
                              [N10:HMI] HMILED '=' 255 0 0 (16711680)
2025-08-28 17:00:11:621 [OUT] 25 A5 01 09 31 05 81 FF EC 5D 66 6F 2B (13)
                              [N9:P] TPOS 255 236 93 102 (-1286810)
2025-08-28 17:00:11:643 [OUT] 25 A5 01 05 31 05 81 00 06 DC 94 33 89 (13)
                              [N5:V] TPOS 0 6 220 148 (449684)
2025-08-28 17:00:11:666 [OUT] 25 A5 01 06 31 05 81 00 0F 7D D3 1D 2D (13)
                              [N6:H] TPOS 0 15 125 211 (1015251)
2025-08-28 17:00:11:690 [OUT] 25 A5 01 07 31 05 81 FF DB F9 5E F0 18 (13)
                              [N7:N] TPOS 255 219 249 94 (-2360994)
2025-08-28 17:00:11:772 [IN ] C8 24 0A 0D 25 A5 0A 01 31 05 D6 3A FF 00 00 50 EA 25 (18)
                              [N10:HMI] HMILED ':' 255 0 0 (16711680)
2025-08-28 17:00:11:916 [IN ] C8 24 09 0E 25 A5 09 01 31 06 81 53 FF EE D6 B4 8C E0 0A (19)
                              [N9:P] TPOS 'S' 255 238 214 180 (-1124684)
2025-08-28 17:00:12:041 [IN ] C8 24 05 (3)
2025-08-28 17:00:12:062 [IN ] 0E 25 A5 05 01 31 06 81 53 00 07 7B 49 DC E6 0A (16)
                              [N5:V] TPOS 'S' 0 7 123 73 (490313)
2025-08-28 17:00:12:166 [IN ] C8 24 06 0E 25 A5 06 01 31 06 81 53 00 12 DF 58 5B E8 0A (19)
                              [N6:H] TPOS 'S' 0 18 223 88 (1236824)
2025-08-28 17:00:12:309 [IN ] C8 24 07 0E 25 A5 07 01 31 06 81 53 FF C8 6E 95 DD 6B 0A (19)
                              [N7:N] TPOS 'S' 255 200 110 149 (-3641707)
2025-08-28 17:00:12:512 [IN ] C8 24 05 0E 25 A5 05 01 31 06 81 45 00 06 DB 5F 43 73 0A (19)
                              [N5:V] TPOS 'E' 0 6 219 95 (449375)
2025-08-28 17:00:13:114 [IN ] C8 24 09 0E 25 A5 09 01 31 06 81 45 FF EC 5B 97 E4 81 0A (19)
                              [N9:P] TPOS 'E' 255 236 91 151 (-1287273)
2025-08-28 17:00:13:516 [IN ] C8 24 06 0E 25 A5 06 01 31 06 81 45 00 0F 7A D1 5E 48 0A (19)
                              [N6:H] TPOS 'E' 0 15 122 209 (1014481)
2025-08-28 17:00:18:528 [IN ] C8 24 07 0E 25 A5 07 01 31 06 81 45 FF DB FE 14 F1 FD 0A (19)
                              [N7:N] TPOS 'E' 255 219 254 20 (-2359788)
