2025-08-28 15:48:18:255 [OUT] 25 A5 01 0A 31 05 D6 3D FF 00 00 53 ED (13)
                              [N10:HMI] HMILED '=' 255 0 0 (16711680)
2025-08-28 15:48:18:277 [OUT] 25 A5 01 03 31 02 D8 3F 4E CE (10)
                              [N3:X] INTERRUPT '?'
2025-08-28 15:48:18:578 [IN ] C8 24 0A 0D 25 A5 0A 01 31 05 D6 3A FF 00 00 50 EA 03 C8 24 03 0C 25 A5 03 01 31 04 D8 3A 01 01 4D 6A EA (35)
                              [N10:HMI] HMILED ':' 255 0 0 (16711680)
                              [N3:X] INTERRUPT ':' 1 1 (257)
2025-08-28 15:48:18:599 [OUT] 25 A5 01 09 31 03 C9 3D 09 4D 1C (11)
                              [N9:P] LFLAG '=' 9 (9)
2025-08-28 15:48:18:623 [OUT] 25 A5 01 04 31 02 D8 3F 4F D3 (10)
                              [N4:Y] INTERRUPT '?'
2025-08-28 15:48:18:923 [IN ] C8 24 09 0B 25 A5 09 01 31 03 C9 3A 09 4A 1E 6A C8 24 04 0C 25 A5 04 01 31 04 D8 3A 01 01 4E 72 EA (33)
                              [N9:P] LFLAG ':' 9 (9)
                              [N4:Y] INTERRUPT ':' 1 1 (257)
2025-08-28 15:48:18:944 [OUT] 25 A5 01 09 31 03 CA 3D 09 4E 1F (11)
                              [N9:P] RFLAG '=' 9 (9)
2025-08-28 15:48:18:968 [OUT] 25 A5 01 0C 31 02 D8 3F 57 FB (10)
                              [N12:Z] INTERRUPT '?'
2025-08-28 15:48:19:269 [IN ] C8 24 09 0B 25 A5 09 01 31 03 CA 3A 09 4B 21 72 C8 24 0C 0C 25 A5 0C 01 31 04 D8 3A 01 01 56 B2 EA (33)
                              [N9:P] RFLAG ':' 9 (9)
                              [N12:Z] INTERRUPT ':' 1 1 (257)
2025-08-28 15:48:19:290 [OUT] 25 A5 01 08 31 03 C9 3D 09 4C 16 (11)
                              [N8:R] LFLAG '=' 9 (9)
2025-08-28 15:48:19:311 [OUT] 25 A5 01 03 31 03 C9 3D 0B 49 FA (11)
                              [N3:X] LFLAG '=' 11 (11)
2025-08-28 15:48:19:333 [OUT] 25 A5 01 04 31 03 C9 3D 0B 4A 00 (11)
                              [N4:Y] LFLAG '=' 11 (11)
2025-08-28 15:48:19:358 [OUT] 25 A5 01 0C 31 03 C9 3D 0B 52 30 (11)
                              [N12:Z] LFLAG '=' 11 (11)
2025-08-28 15:48:19:461 [IN ] C8 24 08 0B 25 A5 08 01 31 03 C9 3A 09 49 17 B2 (16)
                              [N8:R] LFLAG ':' 9 (9)
2025-08-28 15:48:19:483 [OUT] 25 A5 01 08 31 03 CA 3D 09 4D 19 (11)
                              [N8:R] RFLAG '=' 9 (9)
2025-08-28 15:48:19:566 [IN ] C8 24 03 0B 25 A5 03 01 31 03 C9 3A 0B 46 F6 B2 (16)
                              [N3:X] LFLAG ':' 11 (11)
2025-08-28 15:48:19:589 [OUT] 25 A5 01 03 31 03 88 00 50 10 02 (11)
                              [N3:X] RUN 0 80 (80)
2025-08-28 15:48:19:694 [IN ] C8 24 04 0B 25 A5 04 01 31 03 C9 3A 0B 47 FD B2 (16)
                              [N4:Y] LFLAG ':' 11 (11)
2025-08-28 15:48:19:714 [OUT] 25 A5 01 04 31 03 88 00 50 11 08 (11)
                              [N4:Y] RUN 0 80 (80)
2025-08-28 15:48:19:778 [IN ] C8 24 0C 0B 25 A5 (6)
2025-08-28 15:48:19:799 [IN ] 0C 01 31 03 C9 3A 0B 4F 35 B2 (10)
                              [N12:Z] LFLAG ':' 11 (11)
2025-08-28 15:48:19:821 [OUT] 25 A5 01 0C 31 03 88 00 50 19 38 (11)
                              [N12:Z] RUN 0 80 (80)
2025-08-28 15:48:19:904 [IN ] C8 24 08 0B 25 A5 08 01 31 03 CA 3A 09 4A 1A B2 (16)
                              [N8:R] RFLAG ':' 9 (9)
2025-08-28 15:48:20:006 [IN ] C8 24 03 0C 25 A5 03 01 31 04 88 53 00 50 64 C2 EA (17)
                              [N3:X] RUN 'S' 0 80 (80)
2025-08-28 15:48:20:129 [IN ] C8 24 04 0C 25 A5 04 01 31 04 88 53 00 50 65 CA EA (17)
                              [N4:Y] RUN 'S' 0 80 (80)
2025-08-28 15:48:20:233 [IN ] C8 24 0C 0C 25 A5 0C 01 31 04 88 53 00 50 6D 0A EA (17)
                              [N12:Z] RUN 'S' 0 80 (80)
2025-08-28 15:48:27:649 [IN ] C8 24 04 (3)
2025-08-28 15:48:27:851 [IN ] 0B 25 A5 04 01 31 03 81 5A 4C 60 A6 0A C8 24 04 0A 25 A5 04 01 31 02 81 49 02 32 A6 (28)
                              [N4:Y] TPOS 'Z' 76 (76)
                              [N4:Y] TPOS 'I'
2025-08-28 15:48:28:074 [OUT] 25 A5 01 09 31 02 D8 3F 54 EC (10)
                              [N9:P] INTERRUPT '?'
2025-08-28 15:48:28:375 [IN ] C8 24 09 0C 25 A5 09 01 31 04 D8 3A 01 01 53 9A EA (17)
                              [N9:P] INTERRUPT ':' 1 1 (257)
2025-08-28 15:48:28:396 [OUT] 25 A5 01 04 31 03 C9 3D 09 48 FE (11)
                              [N4:Y] LFLAG '=' 9 (9)
2025-08-28 15:48:28:418 [OUT] 25 A5 01 07 31 02 D8 3F 52 E2 (10)
                              [N7:N] INTERRUPT '?'
2025-08-28 15:48:28:719 [IN ] C8 24 04 0B 25 A5 04 01 31 03 C9 3A 09 45 FB 9A C8 24 07 0C 25 A5 07 01 31 04 D8 3A 01 01 51 8A EA (33)
                              [N4:Y] LFLAG ':' 9 (9)
                              [N7:N] INTERRUPT ':' 1 1 (257)
2025-08-28 15:48:28:740 [OUT] 25 A5 01 09 31 03 C9 3D 0B 4F 1E (11)
                              [N9:P] LFLAG '=' 11 (11)
2025-08-28 15:48:28:762 [OUT] 25 A5 01 07 31 03 C9 3D 0B 4D 12 (11)
                              [N7:N] LFLAG '=' 11 (11)
2025-08-28 15:48:28:909 [IN ] C8 24 09 0B 25 A5 09 01 31 03 C9 3A 0B 4C 20 8A (16)
                              [N9:P] LFLAG ':' 11 (11)
2025-08-28 15:48:28:933 [OUT] 25 A5 01 09 31 03 88 00 50 16 26 (11)
                              [N9:P] RUN 0 80 (80)
2025-08-28 15:48:29:016 [IN ] C8 24 07 0B 25 A5 07 01 31 03 C9 3A 0B 4A 12 8A (16)
                              [N7:N] LFLAG ':' 11 (11)
2025-08-28 15:48:29:038 [OUT] 25 A5 01 07 31 03 88 00 50 14 1A (11)
                              [N7:N] RUN 0 80 (80)
2025-08-28 15:48:29:120 [IN ] C8 24 09 0C 25 A5 09 01 31 04 88 53 00 50 6A F2 EA (17)
                              [N9:P] RUN 'S' 0 80 (80)
2025-08-28 15:48:29:182 [IN ] C8 24 09 0B 25 A5 09 01 31 03 81 5A 4C 65 C9 F2 (16)
                              [N9:P] TPOS 'Z' 76 (76)
2025-08-28 15:48:29:224 [IN ] C8 24 07 0C 25 A5 07 01 31 04 88 53 00 50 68 E2 EA (17)
                              [N7:N] RUN 'S' 0 80 (80)
2025-08-28 15:48:29:425 [IN ] C8 24 09 0A 25 A5 09 01 31 02 81 49 07 50 68 (15)
                              [N9:P] TPOS 'I'
2025-08-28 15:48:29:648 [OUT] 25 A5 01 09 31 03 C9 3D 09 4D 1C (11)
                              [N9:P] LFLAG '=' 9 (9)
2025-08-28 15:48:29:669 [OUT] 25 A5 01 04 31 05 81 FF EE 88 01 32 FA (13)
                              [N4:Y] TPOS 255 238 136 1 (-1144831)
2025-08-28 15:48:29:813 [IN ] C8 24 09 0B 25 A5 09 01 31 03 C9 3A 09 4A 1E E2 (16)
                              [N9:P] LFLAG ':' 9 (9)
2025-08-28 15:48:29:956 [IN ] C8 24 04 0E 25 A5 04 01 31 06 81 53 00 00 00 00 10 88 B1 (19)
                              [N4:Y] TPOS 'S' 0 0 0 0 (0)
2025-08-28 15:48:31:964 [IN ] C8 24 03 0B 25 A5 03 01 31 03 81 5A 4C 5F 9F 00 C8 24 03 0A 25 A5 03 01 31 02 81 49 01 2C 9F (31)
                              [N3:X] TPOS 'Z' 76 (76)
                              [N3:X] TPOS 'I'
2025-08-28 15:48:32:186 [OUT] 25 A5 01 03 31 03 C9 3D 09 47 F8 (11)
                              [N3:X] LFLAG '=' 9 (9)
2025-08-28 15:48:32:350 [IN ] C8 24 03 0B 25 A5 03 01 31 03 (10)
2025-08-28 15:48:32:371 [IN ] C9 3A 09 44 F4 00 (6)
                              [N3:X] LFLAG ':' 9 (9)
2025-08-28 15:48:34:979 [IN ] C8 24 07 0B 25 A5 07 01 31 03 81 5A 4C 63 BB 00 (16)
                              [N7:N] TPOS 'Z' 76 (76)
2025-08-28 15:48:35:180 [IN ] C8 24 07 0A 25 A5 07 01 31 02 81 49 05 44 BB (15)
                              [N7:N] TPOS 'I'
2025-08-28 15:48:35:402 [OUT] 25 A5 01 07 31 03 C9 3D 09 4B 10 (11)
                              [N7:N] LFLAG '=' 9 (9)
2025-08-28 15:48:35:566 [IN ] C8 24 07 0B 25 A5 07 01 31 03 C9 3A 09 48 10 00 (16)
                              [N7:N] LFLAG ':' 9 (9)
2025-08-28 15:48:35:769 [IN ] C8 24 0C 0B 25 A5 0C 01 31 03 81 5A 4C 68 DE 00 (16)
                              [N12:Z] TPOS 'Z' 76 (76)
2025-08-28 15:48:35:971 [IN ] C8 24 0C 0A 25 A5 0C 01 31 02 81 49 0A 62 DE (15)
                              [N12:Z] TPOS 'I'
2025-08-28 15:48:36:193 [OUT] 25 A5 01 0C 31 03 C9 3D 09 50 2E (11)
                              [N12:Z] LFLAG '=' 9 (9)
2025-08-28 15:48:36:337 [IN ] C8 24 0C 0B (4)
2025-08-28 15:48:36:358 [IN ] 25 A5 0C 01 31 03 C9 3A 09 4D 33 00 (12)
                              [N12:Z] LFLAG ':' 9 (9)
2025-08-28 15:48:36:560 [IN ] C8 24 04 0E 25 A5 04 01 31 06 81 45 FF EE 85 F3 67 05 B1 (19)
                              [N4:Y] TPOS 'E' 255 238 133 243 (-1145357)
2025-08-28 15:48:36:783 [OUT] 25 A5 01 0C 31 05 81 FF BC D0 00 4F 33 (13)
                              [N12:Z] TPOS 255 188 208 0 (-4403200)
2025-08-28 15:48:36:805 [OUT] 25 A5 01 04 31 05 81 FF FD 50 01 09 B7 (13)
                              [N4:Y] TPOS 255 253 80 1 (-176127)
2025-08-28 15:48:36:827 [OUT] 25 A5 01 09 31 05 81 FF E7 5D 56 5A 0C (13)
                              [N9:P] TPOS 255 231 93 86 (-1614506)
2025-08-28 15:48:36:849 [OUT] 25 A5 01 07 31 05 81 FF AB 19 75 F7 DF (13)
                              [N7:N] TPOS 255 171 25 117 (-5564043)
2025-08-28 15:48:36:874 [OUT] 25 A5 01 03 31 05 81 FF EC 4A AB 9B 1A (13)
                              [N3:X] TPOS 255 236 74 171 (-1291605)
2025-08-28 15:48:36:897 [OUT] 25 A5 01 06 31 02 D8 3F 51 DD (10)
                              [N6:H] INTERRUPT '?'
2025-08-28 15:48:37:198 [IN ] C8 24 0C 0E 25 A5 0C 01 31 06 81 53 FF FF FF F8 0D C7 B1 C8 24 04 0E 25 A5 04 01 31 06 81 53 FF EE 85 F3 75 4B B1 (38)
                              [N12:Z] TPOS 'S' 255 255 255 248 (-8)
                              [N4:Y] TPOS 'S' 255 238 133 243 (-1145357)
2025-08-28 15:48:37:499 [IN ] C8 24 09 0E 25 A5 09 01 31 06 81 53 FF FF FF FF 11 B0 B1 C8 24 07 0E 25 A5 07 01 31 06 81 53 FF FF FF C4 D4 61 B1 C8 24 03 0E 25 A5 03 01 31 06 81 53 00 00 00 00 0F 7E B1 (57)
                              [N9:P] TPOS 'S' 255 255 255 255 (-1)
                              [N7:N] TPOS 'S' 255 255 255 196 (-60)
                              [N3:X] TPOS 'S' 0 0 0 0 (0)
2025-08-28 15:48:37:800 [IN ] C8 24 06 0C 25 A5 06 01 31 04 D8 3A 01 01 50 82 0F (17)
                              [N6:H] INTERRUPT ':' 1 1 (257)
2025-08-28 15:48:37:821 [OUT] 25 A5 01 06 31 03 C9 3D 0B 4C 0C (11)
                              [N6:H] LFLAG '=' 11 (11)
2025-08-28 15:48:37:985 [IN ] C8 24 06 0B 25 A5 06 01 31 03 C9 3A 0B 49 0B 82 (16)
                              [N6:H] LFLAG ':' 11 (11)
2025-08-28 15:48:38:007 [OUT] 25 A5 01 06 31 03 88 FF B0 72 72 (11)
                              [N6:H] RUN 255 176 (-80)
2025-08-28 15:48:38:174 [IN ] C8 24 06 0C 25 A5 06 01 31 04 88 53 FF B0 C6 38 0F (17)
                              [N6:H] RUN 'S' 255 176 (-80)
2025-08-28 15:48:43:387 [IN ] C8 24 06 0B 25 A5 06 01 31 03 81 5A 4C 62 B4 38 C8 24 06 0A 25 A5 06 01 31 02 81 49 04 3E B4 (31)
                              [N6:H] TPOS 'Z' 76 (76)
                              [N6:H] TPOS 'I'
2025-08-28 15:48:43:611 [OUT] 25 A5 01 06 31 03 C9 3D 09 4A 0A (11)
                              [N6:H] LFLAG '=' 9 (9)
2025-08-28 15:48:43:775 [IN ] C8 24 06 0B 25 A5 06 01 31 03 C9 3A 09 47 09 38 (16)
                              [N6:H] LFLAG ':' 9 (9)
2025-08-28 15:48:43:797 [OUT] 25 A5 01 06 31 03 84 00 50 0F 08 (11)
                              [N6:H] VEL 0 80 (80)
2025-08-28 15:48:43:961 [IN ] C8 24 06 0C 25 A5 06 01 31 04 84 53 00 50 63 CA 0F (17)
                              [N6:H] VEL 'S' 0 80 (80)
2025-08-28 15:48:43:982 [OUT] 25 A5 01 06 31 05 81 00 19 82 3C 95 BE (13)
                              [N6:H] TPOS 0 25 130 60 (1671740)
2025-08-28 15:48:44:167 [IN ] C8 24 06 0E 25 A5 06 01 31 06 81 53 00 00 00 01 13 9D B1 (19)
                              [N6:H] TPOS 'S' 0 0 0 1 (1)
2025-08-28 15:48:45:572 [IN ] C8 24 03 0E 25 A5 03 01 31 06 81 45 FF EC 49 2D 62 B7 B1 (19)
                              [N3:X] TPOS 'E' 255 236 73 45 (-1291987)
2025-08-28 15:48:45:996 [OUT] 25 A5 01 03 31 05 81 FF FD 50 01 08 AF (13)
                              [N3:X] TPOS 255 253 80 1 (-176127)
2025-08-28 15:48:46:181 [IN ] C8 24 03 0E 25 A5 03 01 31 06 81 53 FF EC 49 2D 70 FD B1 (19)
                              [N3:X] TPOS 'S' 255 236 73 45 (-1291987)
2025-08-28 15:48:46:783 [IN ] C8 24 04 0E 25 A5 04 01 31 06 81 45 FF FD 4F 46 93 19 B1 (19)
                              [N4:Y] TPOS 'E' 255 253 79 70 (-176314)
2025-08-28 15:48:47:386 [IN ] C8 24 09 0E 25 A5 09 01 31 06 81 45 FF E7 5C 07 50 E4 B1 (19)
                              [N9:P] TPOS 'E' 255 231 92 7 (-1614841)
2025-08-28 15:48:47:810 [OUT] 25 A5 01 09 31 05 81 FF FF D9 C8 60 BE (13)
                              [N9:P] TPOS 255 255 217 200 (-9784)
2025-08-28 15:48:48:015 [IN ] C8 24 09 0E 25 A5 09 01 31 06 81 53 FF E7 5C 0A 61 2D B1 (19)
                              [N9:P] TPOS 'S' 255 231 92 10 (-1614838)
2025-08-28 15:48:54:629 [IN ] C8 24 06 0E 25 A5 06 01 31 06 81 45 00 19 83 2E CE D5 B1 (19)
                              [N6:H] TPOS 'E' 0 25 131 46 (1671982)
2025-08-28 15:48:55:052 [OUT] 25 A5 01 06 31 05 81 00 0C 8F FB 54 70 (13)
                              [N6:H] TPOS 0 12 143 251 (823291)
2025-08-28 15:48:55:237 [IN ] C8 24 06 0E 25 A5 06 01 31 06 81 53 00 19 83 2E DC 1B B1 (19)
                              [N6:H] TPOS 'S' 0 25 131 46 (1671982)
2025-08-28 15:48:58:246 [IN ] C8 24 09 0E 25 A5 09 01 31 06 81 45 FF FF DB 49 29 6C B1 (19)
                              [N9:P] TPOS 'E' 255 255 219 73 (-9399)
2025-08-28 15:48:58:469 [OUT] 25 A5 01 08 31 02 D8 3F 53 E7 (10)
                              [N8:R] INTERRUPT '?'
2025-08-28 15:48:58:770 [IN ] C8 24 03 0E 25 A5 03 01 31 06 81 45 FF FD 4F 8B D7 54 B1 C8 24 08 0C 25 A5 08 01 31 04 D8 3A 01 01 52 92 D7 (36)
                              [N3:X] TPOS 'E' 255 253 79 139 (-176245)
                              [N8:R] INTERRUPT ':' 1 1 (257)
2025-08-28 15:48:58:792 [OUT] 25 A5 01 08 31 03 CA 3D 0B 4F 1B (11)
                              [N8:R] RFLAG '=' 11 (11)
2025-08-28 15:48:58:957 [IN ] C8 24 08 0B 25 A5 08 01 31 03 CA 3A 0B 4C 1C 92 (16)
                              [N8:R] RFLAG ':' 11 (11)
2025-08-28 15:48:58:979 [OUT] 25 A5 01 08 31 03 88 00 50 15 20 (11)
                              [N8:R] RUN 0 80 (80)
2025-08-28 15:48:59:143 [IN ] C8 24 08 0C 25 A5 08 01 31 04 88 53 00 50 69 EA D7 (17)
                              [N8:R] RUN 'S' 0 80 (80)
2025-08-28 15:49:00:346 [IN ] C8 24 06 0E 25 A5 06 01 31 06 81 45 00 0C 8D DC 79 70 B1 (19)
                              [N6:H] TPOS 'E' 0 12 141 220 (822748)
2025-08-28 15:49:00:569 [OUT] 25 A5 01 05 31 02 D8 3F 50 D8 (10)
                              [N5:V] INTERRUPT '?'
2025-08-28 15:49:00:869 [IN ] C8 24 05 0C 25 A5 05 01 31 04 D8 3A 01 01 4F 7A 79 (17)
                              [N5:V] INTERRUPT ':' 1 1 (257)
2025-08-28 15:49:00:891 [OUT] 25 A5 01 05 31 03 C9 3D 0B 4B 06 (11)
                              [N5:V] LFLAG '=' 11 (11)
2025-08-28 15:49:01:055 [IN ] C8 24 05 0B 25 A5 05 01 31 03 C9 3A 0B 48 04 7A (16)
                              [N5:V] LFLAG ':' 11 (11)
2025-08-28 15:49:01:076 [OUT] 25 A5 01 05 31 03 88 FF B0 71 6C (11)
                              [N5:V] RUN 255 176 (-80)
2025-08-28 15:49:01:240 [IN ] C8 24 05 0C 25 A5 05 01 31 04 88 53 FF B0 C5 30 79 (17)
                              [N5:V] RUN 'S' 255 176 (-80)
2025-08-28 15:49:02:243 [IN ] C8 24 0C 0E 25 A5 0C 01 31 06 81 45 FF BC CD 8D 1F E9 B1 (19)
                              [N12:Z] TPOS 'E' 255 188 205 141 (-4403827)
2025-08-28 15:49:02:669 [OUT] 25 A5 01 0C 31 05 81 FF D4 54 00 EB 83 (13)
                              [N12:Z] TPOS 255 212 84 0 (-2862080)
2025-08-28 15:49:02:855 [IN ] C8 24 0C 0E 25 A5 0C 01 31 06 81 53 FF BC CD 8D 2D 2F B1 (19)
                              [N12:Z] TPOS 'S' 255 188 205 141 (-4403827)
2025-08-28 15:49:04:459 [IN ] C8 24 07 0E 25 A5 07 01 31 06 81 45 FF AB 15 47 0B CE B1 (19)
                              [N7:N] TPOS 'E' 255 171 21 71 (-5565113)
2025-08-28 15:49:04:883 [OUT] 25 A5 01 07 31 05 81 FF EF 4D 05 FF A3 (13)
                              [N7:N] TPOS 255 239 77 5 (-1094395)
2025-08-28 15:49:05:068 [IN ] C8 24 07 0E 25 A5 07 01 31 06 81 53 FF AB 15 47 19 14 B1 (19)
                              [N7:N] TPOS 'S' 255 171 21 71 (-5565113)
2025-08-28 15:49:05:670 [IN ] C8 24 08 0B 25 A5 08 01 31 03 81 5A 52 6A C8 47 (16)
                              [N8:R] TPOS 'Z' 82 (82)
2025-08-28 15:49:05:872 [IN ] C8 24 08 0A 25 A5 08 01 31 02 81 49 06 4A C8 (15)
                              [N8:R] TPOS 'I'
2025-08-28 15:49:06:095 [OUT] 25 A5 01 08 31 03 CA 3D 09 4D 19 (11)
                              [N8:R] RFLAG '=' 9 (9)
2025-08-28 15:49:06:260 [IN ] C8 24 08 0B 25 A5 08 01 31 03 CA 3A 09 4A 1A 47 (16)
                              [N8:R] RFLAG ':' 9 (9)
2025-08-28 15:49:06:282 [OUT] 25 A5 01 08 31 05 81 FF DC 77 1D 2F DE (13)
                              [N8:R] TPOS 255 220 119 29 (-2328803)
2025-08-28 15:49:06:466 [IN ] C8 24 08 0E 25 A5 08 01 (8)
2025-08-28 15:49:06:488 [IN ] 31 06 81 53 FF FF FF FD 0E A4 B1 (11)
                              [N8:R] TPOS 'S' 255 255 255 253 (-3)
2025-08-28 15:49:06:890 [IN ] C8 24 05 0B 25 A5 05 01 31 03 81 5A 4C 61 AD FD C8 24 05 0A 25 A5 05 01 31 02 81 49 03 38 AD (31)
                              [N5:V] TPOS 'Z' 76 (76)
                              [N5:V] TPOS 'I'
2025-08-28 15:49:07:114 [OUT] 25 A5 01 05 31 03 C9 3D 09 49 04 (11)
                              [N5:V] LFLAG '=' 9 (9)
2025-08-28 15:49:07:278 [IN ] C8 24 05 0B 25 A5 05 01 31 03 C9 3A 09 46 02 FD (16)
                              [N5:V] LFLAG ':' 9 (9)
2025-08-28 15:49:07:300 [OUT] 25 A5 01 05 31 03 84 00 50 0E 02 (11)
                              [N5:V] VEL 0 80 (80)
2025-08-28 15:49:07:485 [IN ] C8 24 05 0C 25 A5 05 01 31 04 84 53 00 50 62 C2 0E (17)
                              [N5:V] VEL 'S' 0 80 (80)
2025-08-28 15:49:07:506 [OUT] 25 A5 01 05 31 05 81 00 19 82 3C 94 B6 (13)
                              [N5:V] TPOS 0 25 130 60 (1671740)
2025-08-28 15:49:07:691 [IN ] C8 24 05 0E 25 A5 05 01 31 06 81 53 00 00 00 00 11 92 B1 (19)
                              [N5:V] TPOS 'S' 0 0 0 0 (0)
2025-08-28 15:49:11:300 [IN ] C8 24 0C 0E 25 A5 0C 01 31 06 81 45 FF D4 57 3F 73 F7 B1 (19)
                              [N12:Z] TPOS 'E' 255 212 87 63 (-2861249)
2025-08-28 15:49:16:313 [IN ] C8 24 05 0E 25 A5 05 01 31 06 81 45 00 19 85 8F 30 30 B1 (19)
                              [N5:V] TPOS 'E' 0 25 133 143 (1672591)
2025-08-28 15:49:16:737 [OUT] 25 A5 01 05 31 05 81 00 0C CC 38 CD 1F (13)
                              [N5:V] TPOS 0 12 204 56 (838712)
2025-08-28 15:49:16:924 [IN ] C8 24 05 0E 25 A5 05 01 31 06 81 53 00 19 85 8F 3E 76 B1 (19)
                              [N5:V] TPOS 'S' 0 25 133 143 (1672591)
2025-08-28 15:49:18:928 [IN ] C8 24 08 0E 25 A5 08 01 31 06 81 45 FF DC 74 6D C2 4F B1 (19)
                              [N8:R] TPOS 'E' 255 220 116 109 (-2329491)
2025-08-28 15:49:19:353 [OUT] 25 A5 01 08 31 05 81 FF ED AA 50 A6 AA (13)
                              [N8:R] TPOS 255 237 170 80 (-1201584)
2025-08-28 15:49:19:537 [IN ] C8 24 08 0E 25 A5 08 01 31 06 81 53 FF DC 74 6F D2 97 B1 (19)
                              [N8:R] TPOS 'S' 255 220 116 111 (-2329489)
2025-08-28 15:49:22:944 [IN ] C8 24 05 0E 25 A5 05 01 31 06 81 45 00 0C CB 02 DC 08 B1 (19)
                              [N5:V] TPOS 'E' 0 12 203 2 (838402)
2025-08-28 15:49:23:167 [OUT] 25 A5 01 03 31 05 81 FF EE 9E 16 5C 33 (13)
                              [N3:X] TPOS 255 238 158 22 (-1139178)
2025-08-28 15:49:23:189 [OUT] 25 A5 01 04 31 05 81 FF F3 B4 EE 50 4E (13)
                              [N4:Y] TPOS 255 243 180 238 (-805650)
2025-08-28 15:49:23:353 [IN ] C8 24 03 0E 25 A5 03 01 31 06 81 53 FF FD 4F 8B E5 9A B1 (19)
                              [N3:X] TPOS 'S' 255 253 79 139 (-176245)
2025-08-28 15:49:23:497 [IN ] C8 24 04 0E 25 A5 04 01 31 06 81 53 FF FD 4F 46 A1 5F B1 (19)
                              [N4:Y] TPOS 'S' 255 253 79 70 (-176314)
2025-08-28 15:49:25:704 [IN ] C8 24 08 0E 25 A5 08 01 31 06 81 45 FF ED AD 82 21 09 B1 (19)
                              [N8:R] TPOS 'E' 255 237 173 130 (-1200766)
2025-08-28 15:49:26:508 [IN ] C8 24 07 0E 25 A5 07 01 31 06 81 45 FF EF 51 75 B9 40 B1 (19)
                              [N7:N] TPOS 'E' 255 239 81 117 (-1093259)
2025-08-28 15:49:27:311 [IN ] C8 24 04 0E 25 A5 04 01 31 06 81 45 FF F3 B2 C7 6D 42 B1 (19)
                              [N4:Y] TPOS 'E' 255 243 178 199 (-806201)
2025-08-28 15:49:29:117 [IN ] C8 24 03 0E 25 A5 03 01 31 06 81 45 FF EE 9B D3 5C 07 B1 (19)
                              [N3:X] TPOS 'E' 255 238 155 211 (-1139757)
