2025-08-28 14:28:03:578 [OUT] 25 A5 01 0A 31 05 D6 3D FF 00 00 53 ED (13)
                              [N10:HMI] HMILED '=' 255 0 0 (16711680)
2025-08-28 14:28:03:600 [OUT] 25 A5 01 09 31 05 81 FF E9 86 46 75 54 (13)
                              [N9:P] TPOS 255 233 134 70 (-1472954)
2025-08-28 14:28:03:622 [OUT] 25 A5 01 08 31 05 81 FF ED AA 50 A6 AA (13)
                              [N8:R] TPOS 255 237 170 80 (-1201584)
2025-08-28 14:28:03:747 [IN ] C8 24 0A 0D 25 A5 0A 01 31 05 D6 3A (12)
2025-08-28 14:28:03:768 [IN ] FF 00 00 50 EA 31 (6)
                              [N10:HMI] HMILED ':' 255 0 0 (16711680)
2025-08-28 14:28:03:892 [IN ] C8 24 09 0E 25 A5 09 01 31 06 81 53 FF FF DB 84 72 ED 0A (19)
                              [N9:P] TPOS 'S' 255 255 219 132 (-9340)
2025-08-28 14:28:04:015 [IN ] C8 24 08 0E 25 A5 08 01 31 06 81 53 FF ED AD B1 5E 7E 0A (19)
                              [N8:R] TPOS 'S' 255 237 173 177 (-1200719)
2025-08-28 14:28:04:216 [IN ] C8 24 08 0E 25 A5 08 01 31 06 81 45 FF ED AA 34 D0 B5 0A (19)
                              [N8:R] TPOS 'E' 255 237 170 52 (-1201612)
2025-08-28 14:28:04:618 [IN ] C8 24 0B 0A 25 A5 0B 01 31 02 DE 03 20 D0 AA (15)
                              [N11:NG] NGSWSTATE 3 (3)
2025-08-28 14:28:05:620 [IN ] C8 24 0B 0A 25 A5 0B 01 31 02 DE 03 20 D0 AA (15)
                              [N11:NG] NGSWSTATE 3 (3)
2025-08-28 14:28:06:623 [IN ] C8 24 0B 0A 25 A5 0B 01 31 02 DE 03 20 D0 AA (15)
                              [N11:NG] NGSWSTATE 3 (3)
2025-08-28 14:28:07:626 [IN ] C8 24 0B 0A 25 A5 0B 01 31 02 DE 03 20 D0 AA (15)
                              [N11:NG] NGSWSTATE 3 (3)
2025-08-28 14:28:08:628 [IN ] C8 24 0B 0A 25 A5 0B 01 31 02 DE 03 20 D0 AA (15)
                              [N11:NG] NGSWSTATE 3 (3)
2025-08-28 14:28:09:631 [IN ] C8 24 0B 0A 25 A5 0B 01 31 02 DE 03 20 D0 AA (15)
                              [N11:NG] NGSWSTATE 3 (3)
2025-08-28 14:28:10:635 [IN ] C8 24 0B 0A 25 A5 0B 01 31 02 DE 03 20 D0 AA (15)
                              [N11:NG] NGSWSTATE 3 (3)
2025-08-28 14:28:11:638 [IN ] C8 24 0B 0A 25 A5 0B 01 31 02 DE 03 20 D0 AA (15)
                              [N11:NG] NGSWSTATE 3 (3)
2025-08-28 14:28:12:641 [IN ] C8 24 0B 0A 25 A5 0B 01 31 02 DE 03 20 D0 AA C8 24 09 0E 25 A5 09 01 31 06 81 45 FF E9 84 5F D2 92 0A (34)
                              [N11:NG] NGSWSTATE 3 (3)
                              [N9:P] TPOS 'E' 255 233 132 95 (-1473441)
