2025-08-28 17:13:39:355 [OUT] 25 A5 01 0A 31 05 D6 3D FF 00 00 53 ED (13)
                              [N10:HMI] HMILED '=' 255 0 0 (16711680)
2025-08-28 17:13:39:378 [OUT] 25 A5 01 0C 31 05 81 FF E5 CA A7 19 49 (13)
                              [N12:Z] TPOS 255 229 202 167 (-1717593)
2025-08-28 17:13:39:401 [OUT] 25 A5 01 05 31 05 81 00 0C CC 38 CD 1F (13)
                              [N5:V] TPOS 0 12 204 56 (838712)
2025-08-28 17:13:39:424 [OUT] 25 A5 01 06 31 05 81 00 0C 8F FB 54 70 (13)
                              [N6:H] TPOS 0 12 143 251 (823291)
2025-08-28 17:13:39:548 [IN ] C8 24 0A 0D 25 A5 0A 01 31 05 D6 3A FF 00 00 50 EA EB (18)
                              [N10:HMI] HMILED ':' 255 0 0 (16711680)
2025-08-28 17:13:39:671 [IN ] C8 24 0C 0E 25 A5 0C 01 31 06 81 53 FF D1 A2 A7 31 32 4C (19)
                              [N12:Z] TPOS 'S' 255 209 162 167 (-3038553)
2025-08-28 17:13:39:795 [IN ] C8 24 05 0E 25 A5 05 01 31 06 81 53 00 0C CB 0E F6 5A 4C (19)
                              [N5:V] TPOS 'S' 0 12 203 14 (838414)
2025-08-28 17:13:39:898 [IN ] C8 24 05 0E 25 A5 05 01 31 06 81 45 00 0C CB 31 0B 37 4C (19)
                              [N5:V] TPOS 'E' 0 12 203 49 (838449)
2025-08-28 17:13:39:920 [IN ] C8 24 06 0E 25 A5 06 01 31 (9)
2025-08-28 17:13:39:941 [IN ] 06 81 53 00 0C 8D C4 6F 9E 4C (10)
                              [N6:H] TPOS 'S' 0 12 141 196 (822724)
2025-08-28 17:13:40:142 [IN ] C8 24 06 0E 25 A5 06 01 31 06 81 45 00 0C 8E CE 6C 64 4C (19)
                              [N6:H] TPOS 'E' 0 12 142 206 (822990)
2025-08-28 17:13:46:758 [IN ] C8 24 0C 0E 25 A5 0C 01 31 06 81 45 FF E5 CE 08 C4 E1 4C (19)
                              [N12:Z] TPOS 'E' 255 229 206 8 (-1716728)
2025-08-28 17:13:47:181 [OUT] 25 A5 01 04 31 05 81 FF F5 50 7A 7A 18 (13)
                              [N4:Y] TPOS 255 245 80 122 (-700294)
2025-08-28 17:13:47:204 [OUT] 25 A5 01 03 31 05 81 FF EC AF 03 58 3C (13)
                              [N3:X] TPOS 255 236 175 3 (-1265917)
2025-08-28 17:13:47:348 [IN ] C8 24 04 0E 25 A5 04 01 31 06 81 53 FF F3 B2 CB 7F 8C 4C (19)
                              [N4:Y] TPOS 'S' 255 243 178 203 (-806197)
2025-08-28 17:13:47:511 [IN ] C8 24 03 0E 25 A5 03 01 31 06 81 53 FF EE 9C 07 9F 83 4C (19)
                              [N3:X] TPOS 'S' 255 238 156 7 (-1139705)
2025-08-28 17:13:48:514 [IN ] C8 24 03 0E 25 A5 03 01 31 06 81 45 FF EC AD 46 DF 98 4C C8 24 04 0E 25 A5 04 01 31 06 81 45 FF F5 50 08 4E C5 4C (38)
                              [N3:X] TPOS 'E' 255 236 173 70 (-1266362)
                              [N4:Y] TPOS 'E' 255 245 80 8 (-700408)
2025-08-28 17:13:48:938 [OUT] 25 A5 01 0C 31 05 81 FF D1 A2 A7 DD BD (13)
                              [N12:Z] TPOS 255 209 162 167 (-3038553)
2025-08-28 17:13:49:122 [IN ] C8 24 0C 0E 25 A5 0C 01 31 06 81 53 FF E5 CE 08 D2 27 4C (19)
                              [N12:Z] TPOS 'S' 255 229 206 8 (-1716728)
2025-08-28 17:13:56:536 [IN ] C8 24 0C 0E 25 A5 0C 01 31 06 81 45 FF D1 A0 16 90 57 4C (19)
                              [N12:Z] TPOS 'E' 255 209 160 22 (-3039210)
2025-08-28 17:13:56:961 [OUT] 25 A5 01 09 31 05 81 FF ED D7 6E F2 2A (13)
                              [N9:P] TPOS 255 237 215 110 (-1190034)
2025-08-28 17:13:56:983 [OUT] 25 A5 01 05 31 05 81 00 09 88 F8 46 4E (13)
                              [N5:V] TPOS 0 9 136 248 (624888)
2025-08-28 17:13:57:005 [OUT] 25 A5 01 06 31 05 81 00 07 20 20 05 A8 (13)
                              [N6:H] TPOS 0 7 32 32 (466976)
2025-08-28 17:13:57:028 [OUT] 25 A5 01 07 31 05 81 FF CF 72 E5 E4 6D (13)
                              [N7:N] TPOS 255 207 114 229 (-3181851)
2025-08-28 17:13:57:152 [IN ] C8 24 09 0E 25 A5 09 01 31 06 81 53 FF F1 39 6D AB 68 4C (19)
                              [N9:P] TPOS 'S' 255 241 57 109 (-968339)
2025-08-28 17:13:57:275 [IN ] C8 24 05 0E 25 A5 05 01 31 06 81 53 00 0C CB 31 19 7D 4C (19)
                              [N5:V] TPOS 'S' 0 12 203 49 (838449)
2025-08-28 17:13:57:398 [IN ] C8 24 06 0E 25 A5 06 01 31 06 81 53 00 (13)
2025-08-28 17:13:57:419 [IN ] 0C 8E CE 7A AA 4C (6)
                              [N6:H] TPOS 'S' 0 12 142 206 (822990)
2025-08-28 17:13:57:543 [IN ] C8 24 07 0E 25 A5 07 01 31 06 81 53 FF EF 51 AF 01 C0 4C (19)
                              [N7:N] TPOS 'S' 255 239 81 175 (-1093201)
2025-08-28 17:13:58:746 [IN ] C8 24 09 0E 25 A5 09 01 31 06 81 45 FF ED D4 55 1C 34 4C (19)
                              [N9:P] TPOS 'E' 255 237 212 85 (-1190827)
2025-08-28 17:13:58:947 [IN ] C8 24 05 0E 25 A5 05 01 31 06 81 45 00 09 87 B0 43 25 4C (19)
                              [N5:V] TPOS 'E' 0 9 135 176 (624560)
2025-08-28 17:13:59:349 [IN ] C8 24 06 0E 25 A5 06 01 31 06 81 45 00 07 1D 45 6D EA 4C (19)
                              [N6:H] TPOS 'E' 0 7 29 69 (466245)
2025-08-28 17:14:07:567 [IN ] C8 24 07 0E 25 A5 07 01 31 06 81 45 FF CF 6E 33 74 D8 4C (19)
                              [N7:N] TPOS 'E' 255 207 110 51 (-3183053)
