2026-04-21 18:38:33:896 [OUT] 25 A5 01 09 31 03 C9 3D 09 4D 1C (11)
                              [N9:P] LFLAG '=' 9 (9)
2026-04-21 18:38:33:918 [OUT] 25 A5 01 03 31 02 D8 3F 4E CE (10)
                              [N3:X] INTERRUPT '?'
2026-04-21 18:38:34:219 [IN ] C8 24 09 0B 25 A5 09 01 31 03 C9 3A 09 4A 1E E5 C8 24 03 0C 25 A5 03 01 31 04 D8 3A 01 01 4D 6A 7A (33)
                              [N9:P] LFLAG ':' 9 (9)
                              [N3:X] INTERRUPT ':' 1 1 (257)
2026-04-21 18:38:34:240 [OUT] 25 A5 01 09 31 03 CA 3D 09 4E 1F (11)
                              [N9:P] RFLAG '=' 9 (9)
2026-04-21 18:38:34:263 [OUT] 25 A5 01 04 31 02 D8 3F 4F D3 (10)
                              [N4:Y] INTERRUPT '?'
2026-04-21 18:38:34:564 [IN ] C8 24 09 0B 25 A5 09 01 31 03 CA 3A 09 4B 21 6A C8 24 04 0C 25 A5 04 01 31 04 D8 3A 01 01 4E 72 7A (33)
                              [N9:P] RFLAG ':' 9 (9)
                              [N4:Y] INTERRUPT ':' 1 1 (257)
2026-04-21 18:38:34:585 [OUT] 25 A5 01 08 31 03 C9 3D 09 4C 16 (11)
                              [N8:R] LFLAG '=' 9 (9)
2026-04-21 18:38:34:609 [OUT] 25 A5 01 0C 31 02 D8 3F 57 FB (10)
                              [N12:Z] INTERRUPT '?'
2026-04-21 18:38:34:910 [IN ] C8 24 08 0B 25 A5 08 01 31 03 C9 3A 09 49 17 72 C8 24 0C 0C 25 A5 0C 01 31 04 D8 3A 01 01 56 B2 7A (33)
                              [N8:R] LFLAG ':' 9 (9)
                              [N12:Z] INTERRUPT ':' 1 1 (257)
2026-04-21 18:38:34:932 [OUT] 25 A5 01 08 31 03 CA 3D 09 4D 19 (11)
                              [N8:R] RFLAG '=' 9 (9)
2026-04-21 18:38:34:953 [OUT] 25 A5 01 03 31 03 C9 3D 0B 49 FA (11)
                              [N3:X] LFLAG '=' 11 (11)
2026-04-21 18:38:34:975 [OUT] 25 A5 01 04 31 03 C9 3D 0B 4A 00 (11)
                              [N4:Y] LFLAG '=' 11 (11)
2026-04-21 18:38:34:997 [OUT] 25 A5 01 0C 31 03 C9 3D 0B 52 30 (11)
                              [N12:Z] LFLAG '=' 11 (11)
2026-04-21 18:38:35:082 [IN ] C8 24 08 0B 25 A5 08 01 31 03 CA 3A 09 4A 1A B2 (16)
                              [N8:R] RFLAG ':' 9 (9)
2026-04-21 18:38:35:206 [IN ] C8 24 03 0B 25 A5 03 01 31 03 C9 3A 0B 46 F6 B2 (16)
                              [N3:X] LFLAG ':' 11 (11)
2026-04-21 18:38:35:229 [OUT] 25 A5 01 03 31 03 88 00 50 10 02 (11)
                              [N3:X] RUN 0 80 (80)
2026-04-21 18:38:35:332 [IN ] C8 24 04 0B 25 A5 04 01 31 03 C9 3A 0B 47 FD B2 (16)
                              [N4:Y] LFLAG ':' 11 (11)
2026-04-21 18:38:35:353 [OUT] 25 A5 01 04 31 03 88 00 50 11 08 (11)
                              [N4:Y] RUN 0 80 (80)
2026-04-21 18:38:35:437 [IN ] C8 24 0C 0B 25 A5 0C 01 31 03 C9 3A 0B 4F 35 B2 (16)
                              [N12:Z] LFLAG ':' 11 (11)
2026-04-21 18:38:35:460 [OUT] 25 A5 01 0C 31 03 88 00 50 19 38 (11)
                              [N12:Z] RUN 0 80 (80)
2026-04-21 18:38:35:543 [IN ] C8 24 03 0C 25 A5 03 01 31 04 88 53 00 50 64 C2 7A (17)
                              [N3:X] RUN 'S' 0 80 (80)
2026-04-21 18:38:35:649 [IN ] C8 24 04 0C 25 A5 04 01 31 04 88 53 00 50 65 CA 7A (17)
                              [N4:Y] RUN 'S' 0 80 (80)
2026-04-21 18:38:35:753 [IN ] C8 24 0C 0C 25 A5 0C 01 31 04 88 53 00 50 6D 0A 7A (17)
                              [N12:Z] RUN 'S' 0 80 (80)
2026-04-21 18:38:38:570 [IN ] C8 24 03 0B 25 A5 03 01 31 03 81 5A 4C 5F 9F 0A C8 24 03 0A 25 A5 03 01 31 02 81 49 01 2C 9F (31)
                              [N3:X] TPOS 'Z' 76 (76)
                              [N3:X] TPOS 'I'
2026-04-21 18:38:38:793 [OUT] 25 A5 01 03 31 03 C9 3D 09 47 F8 (11)
                              [N3:X] LFLAG '=' 9 (9)
2026-04-21 18:38:38:919 [IN ] C8 24 04 0B 25 A5 04 01 31 03 81 5A 4C 60 A6 0A (16)
                              [N4:Y] TPOS 'Z' 76 (76)
2026-04-21 18:38:38:982 [IN ] C8 24 03 0B 25 A5 03 01 31 03 C9 3A 09 44 F4 0A C8 24 04 0A 25 A5 04 01 31 02 81 49 02 32 F4 (31)
                              [N3:X] LFLAG ':' 9 (9)
                              [N4:Y] TPOS 'I'
2026-04-21 18:38:39:209 [OUT] 25 A5 01 09 31 02 D8 3F 54 EC (10)
                              [N9:P] INTERRUPT '?'
2026-04-21 18:38:39:510 [IN ] C8 24 09 0C 25 A5 09 01 31 04 D8 3A 01 01 53 9A 7A (17)
                              [N9:P] INTERRUPT ':' 1 1 (257)
2026-04-21 18:38:39:531 [OUT] 25 A5 01 04 31 03 C9 3D 09 48 FE (11)
                              [N4:Y] LFLAG '=' 9 (9)
2026-04-21 18:38:39:553 [OUT] 25 A5 01 07 31 02 D8 3F 52 E2 (10)
                              [N7:N] INTERRUPT '?'
2026-04-21 18:38:39:854 [IN ] C8 24 04 0B 25 A5 04 01 31 03 C9 3A 09 45 FB 9A C8 24 07 0C 25 A5 07 01 31 04 D8 3A 01 01 51 8A 7A (33)
                              [N4:Y] LFLAG ':' 9 (9)
                              [N7:N] INTERRUPT ':' 1 1 (257)
2026-04-21 18:38:39:876 [OUT] 25 A5 01 09 31 03 C9 3D 0B 4F 1E (11)
                              [N9:P] LFLAG '=' 11 (11)
2026-04-21 18:38:39:898 [OUT] 25 A5 01 07 31 03 C9 3D 0B 4D 12 (11)
                              [N7:N] LFLAG '=' 11 (11)
2026-04-21 18:38:40:045 [IN ] C8 24 09 0B 25 A5 09 01 31 03 C9 3A 0B 4C 20 8A (16)
                              [N9:P] LFLAG ':' 11 (11)
2026-04-21 18:38:40:066 [OUT] 25 A5 01 09 31 03 88 00 50 16 26 (11)
                              [N9:P] RUN 0 80 (80)
2026-04-21 18:38:40:151 [IN ] C8 24 07 0B 25 A5 07 01 31 03 C9 3A 0B 4A 12 8A (16)
                              [N7:N] LFLAG ':' 11 (11)
2026-04-21 18:38:40:172 [OUT] 25 A5 01 07 31 03 88 00 50 14 1A (11)
                              [N7:N] RUN 0 80 (80)
2026-04-21 18:38:40:277 [IN ] C8 24 09 0C 25 A5 09 01 31 04 88 53 00 50 6A F2 7A (17)
                              [N9:P] RUN 'S' 0 80 (80)
2026-04-21 18:38:40:324 [IN ] C8 24 09 0B 25 A5 09 01 31 03 81 5A 4C 65 C9 F2 (16)
                              [N9:P] TPOS 'Z' 76 (76)
2026-04-21 18:38:40:367 [IN ] C8 24 07 0C 25 A5 07 01 31 04 88 53 00 50 68 E2 7A C8 24 09 0A 25 A5 09 01 31 02 81 49 07 50 68 (32)
                              [N7:N] RUN 'S' 0 80 (80)
                              [N9:P] TPOS 'I'
2026-04-21 18:38:40:591 [OUT] 25 A5 01 09 31 03 C9 3D 09 4D 1C (11)
                              [N9:P] LFLAG '=' 9 (9)
2026-04-21 18:38:40:612 [OUT] 25 A5 01 04 31 05 81 FF EE 88 01 32 FA (13)
                              [N4:Y] TPOS 255 238 136 1 (-1144831)
2026-04-21 18:38:40:760 [IN ] C8 24 09 0B 25 A5 09 01 31 03 C9 3A 09 4A 1E E2 (16)
                              [N9:P] LFLAG ':' 9 (9)
2026-04-21 18:38:40:886 [IN ] C8 24 04 0E 25 A5 04 01 31 06 81 53 00 00 00 00 10 88 A5 (19)
                              [N4:Y] TPOS 'S' 0 0 0 0 (0)
2026-04-21 18:38:46:910 [IN ] C8 24 04 0E 25 A5 04 01 31 06 81 45 FF EE 85 9C 10 AE A5 (19)
                              [N4:Y] TPOS 'E' 255 238 133 156 (-1145444)
2026-04-21 18:38:47:137 [OUT] 25 A5 01 09 31 05 81 FF E7 5D 56 5A 0C (13)
                              [N9:P] TPOS 255 231 93 86 (-1614506)
2026-04-21 18:38:47:159 [OUT] 25 A5 01 04 31 05 81 FF FD 50 01 09 B7 (13)
                              [N4:Y] TPOS 255 253 80 1 (-176127)
2026-04-21 18:38:47:182 [OUT] 25 A5 01 03 31 05 81 FF EC 4A AB 9B 1A (13)
                              [N3:X] TPOS 255 236 74 171 (-1291605)
2026-04-21 18:38:47:203 [OUT] 25 A5 01 06 31 02 D8 3F 51 DD (10)
                              [N6:H] INTERRUPT '?'
2026-04-21 18:38:47:504 [IN ] C8 24 09 0E 25 A5 09 01 31 06 81 53 FF FF FF F5 07 A6 A5 C8 24 04 0E 25 A5 04 01 31 06 81 53 FF EE 85 9C 1E F4 A5 (38)
                              [N9:P] TPOS 'S' 255 255 255 245 (-11)
                              [N4:Y] TPOS 'S' 255 238 133 156 (-1145444)
2026-04-21 18:38:47:806 [IN ] C8 24 03 0E 25 A5 03 01 31 06 81 53 FF FF FF FF 0B 74 A5 C8 24 06 0C 25 A5 06 01 31 04 D8 3A 01 01 50 82 0B (36)
                              [N3:X] TPOS 'S' 255 255 255 255 (-1)
                              [N6:H] INTERRUPT ':' 1 1 (257)
2026-04-21 18:38:47:827 [OUT] 25 A5 01 06 31 03 C9 3D 0B 4C 0C (11)
                              [N6:H] LFLAG '=' 11 (11)
2026-04-21 18:38:47:992 [IN ] C8 24 06 0B 25 A5 06 01 31 03 C9 3A 0B 49 0B 82 (16)
                              [N6:H] LFLAG ':' 11 (11)
2026-04-21 18:38:48:014 [OUT] 25 A5 01 06 31 03 88 FF B0 72 72 (11)
                              [N6:H] RUN 255 176 (-80)
2026-04-21 18:38:48:182 [IN ] C8 24 06 0C 25 A5 06 01 31 04 88 53 FF B0 C6 38 0B (17)
                              [N6:H] RUN 'S' 255 176 (-80)
2026-04-21 18:38:52:196 [IN ] C8 24 06 0B 25 A5 06 01 31 03 81 5A 4C 62 B4 38 C8 24 06 0A 25 A5 06 01 31 02 81 49 04 3E B4 (31)
                              [N6:H] TPOS 'Z' 76 (76)
                              [N6:H] TPOS 'I'
2026-04-21 18:38:52:419 [OUT] 25 A5 01 06 31 03 C9 3D 09 4A 0A (11)
                              [N6:H] LFLAG '=' 9 (9)
2026-04-21 18:38:52:587 [IN ] C8 24 06 0B 25 A5 06 01 31 03 C9 3A 09 47 09 38 (16)
                              [N6:H] LFLAG ':' 9 (9)
2026-04-21 18:38:52:608 [OUT] 25 A5 01 06 31 03 84 00 50 0F 08 (11)
                              [N6:H] VEL 0 80 (80)
2026-04-21 18:38:52:776 [IN ] C8 24 06 0C 25 A5 06 01 31 04 84 53 00 50 63 CA 0B (17)
                              [N6:H] VEL 'S' 0 80 (80)
2026-04-21 18:38:52:798 [OUT] 25 A5 01 06 31 05 81 00 19 82 3C 95 BE (13)
                              [N6:H] TPOS 0 25 130 60 (1671740)
2026-04-21 18:38:52:966 [IN ] C8 24 06 0E 25 A5 06 01 31 06 81 53 00 00 00 08 1A A4 A5 (19)
                              [N6:H] TPOS 'S' 0 0 0 8 (8)
2026-04-21 18:38:53:770 [IN ] C8 24 03 0E 25 A5 03 01 31 06 81 45 FF EC 46 89 BB 0D A5 (19)
                              [N3:X] TPOS 'E' 255 236 70 137 (-1292663)
2026-04-21 18:38:54:199 [OUT] 25 A5 01 03 31 05 81 FF FD 50 01 08 AF (13)
                              [N3:X] TPOS 255 253 80 1 (-176127)
2026-04-21 18:38:54:387 [IN ] C8 24 03 0E 25 A5 03 01 31 06 81 53 FF EC 46 89 C9 53 A5 (19)
                              [N3:X] TPOS 'S' 255 236 70 137 (-1292663)
2026-04-21 18:38:55:991 [IN ] C8 24 04 0E 25 A5 04 01 31 06 81 45 FF FD 4F D2 1F A5 A5 (19)
                              [N4:Y] TPOS 'E' 255 253 79 210 (-176174)
2026-04-21 18:38:56:798 [IN ] C8 24 09 0E 25 A5 09 01 31 06 81 45 FF E7 5C 16 5F F3 A5 (19)
                              [N9:P] TPOS 'E' 255 231 92 22 (-1614826)
2026-04-21 18:38:57:223 [OUT] 25 A5 01 09 31 05 81 FF FF D9 C8 60 BE (13)
                              [N9:P] TPOS 255 255 217 200 (-9784)
2026-04-21 18:38:57:390 [IN ] C8 24 09 0E 25 A5 09 01 31 (9)
2026-04-21 18:38:57:412 [IN ] 06 81 53 FF E7 5C 1F 76 42 A5 (10)
                              [N9:P] TPOS 'S' 255 231 92 31 (-1614817)
2026-04-21 18:38:59:824 [IN ] C8 24 0C 0B 25 A5 0C 01 31 03 81 5A 4C 68 DE 1F (16)
                              [N12:Z] TPOS 'Z' 76 (76)
2026-04-21 18:39:00:027 [IN ] C8 24 0C 0A 25 A5 0C 01 31 02 81 49 0A 62 DE (15)
                              [N12:Z] TPOS 'I'
2026-04-21 18:39:00:250 [OUT] 25 A5 01 0C 31 03 C9 3D 09 50 2E (11)
                              [N12:Z] LFLAG '=' 9 (9)
2026-04-21 18:39:00:417 [IN ] C8 24 0C 0B 25 A5 0C 01 31 03 C9 3A 09 4D 33 1F (16)
                              [N12:Z] LFLAG ':' 9 (9)
2026-04-21 18:39:00:439 [OUT] 25 A5 01 0C 31 05 81 FF BC D0 00 4F 33 (13)
                              [N12:Z] TPOS 255 188 208 0 (-4403200)
2026-04-21 18:39:00:626 [IN ] C8 24 0C 0E 25 A5 0C 01 31 06 81 53 FF FF FF C3 D8 92 A5 (19)
                              [N12:Z] TPOS 'S' 255 255 255 195 (-61)
2026-04-21 18:39:00:827 [IN ] C8 24 06 0E 25 A5 06 01 31 06 81 45 00 19 86 82 25 2F A5 (19)
                              [N6:H] TPOS 'E' 0 25 134 130 (1672834)
2026-04-21 18:39:01:254 [OUT] 25 A5 01 06 31 05 81 00 0D 03 C1 8F 21 (13)
                              [N6:H] TPOS 0 13 3 193 (852929)
2026-04-21 18:39:01:442 [IN ] C8 24 06 0E 25 A5 06 01 31 06 81 53 00 19 86 82 33 75 A5 (19)
                              [N6:H] TPOS 'S' 0 25 134 130 (1672834)
2026-04-21 18:39:02:048 [IN ] C8 24 07 0B 25 A5 07 01 31 03 81 5A 4C 63 BB 82 C8 24 07 0A 25 A5 07 01 31 02 81 49 05 44 BB (31)
                              [N7:N] TPOS 'Z' 76 (76)
                              [N7:N] TPOS 'I'
2026-04-21 18:39:02:272 [OUT] 25 A5 01 07 31 03 C9 3D 09 4B 10 (11)
                              [N7:N] LFLAG '=' 9 (9)
2026-04-21 18:39:02:357 [IN ] C8 24 03 0E 25 A5 03 01 31 06 81 45 FF FD 50 8C D9 57 A5 (19)
                              [N3:X] TPOS 'E' 255 253 80 140 (-175988)
2026-04-21 18:39:02:441 [IN ] C8 24 07 0B 25 A5 07 01 31 03 C9 3A 09 48 10 8C (16)
                              [N7:N] LFLAG ':' 9 (9)
2026-04-21 18:39:02:464 [OUT] 25 A5 01 07 31 05 81 FF AB 19 75 F7 DF (13)
                              [N7:N] TPOS 255 171 25 117 (-5564043)
2026-04-21 18:39:02:651 [IN ] C8 24 07 0E 25 A5 07 01 31 06 81 53 FF FF FF FE 0E 9B A5 (19)
                              [N7:N] TPOS 'S' 255 255 255 254 (-2)
2026-04-21 18:39:05:457 [IN ] C8 24 06 0E 25 A5 06 01 31 06 81 45 00 0C FF 82 91 FA A5 (19)
                              [N6:H] TPOS 'E' 0 12 255 130 (851842)
2026-04-21 18:39:05:683 [OUT] 25 A5 01 05 31 02 D8 3F 50 D8 (10)
                              [N5:V] INTERRUPT '?'
2026-04-21 18:39:05:984 [IN ] C8 24 05 0C 25 A5 05 01 31 04 D8 3A 01 01 4F 7A 91 (17)
                              [N5:V] INTERRUPT ':' 1 1 (257)
2026-04-21 18:39:06:006 [OUT] 25 A5 01 05 31 03 C9 3D 0B 4B 06 (11)
                              [N5:V] LFLAG '=' 11 (11)
2026-04-21 18:39:06:173 [IN ] C8 24 05 0B 25 A5 05 01 31 03 C9 3A 0B 48 04 7A (16)
                              [N5:V] LFLAG ':' 11 (11)
2026-04-21 18:39:06:194 [OUT] 25 A5 01 05 31 03 88 FF B0 71 6C (11)
                              [N5:V] RUN 255 176 (-80)
2026-04-21 18:39:06:340 [IN ] C8 24 05 0C 25 A5 05 01 31 (9)
2026-04-21 18:39:06:362 [IN ] 04 88 53 FF B0 C5 30 91 (8)
                              [N5:V] RUN 'S' 255 176 (-80)
2026-04-21 18:39:06:764 [IN ] C8 24 09 0E 25 A5 09 01 31 06 81 45 FF FF DA E0 BF 01 A5 (19)
                              [N9:P] TPOS 'E' 255 255 218 224 (-9504)
2026-04-21 18:39:06:989 [OUT] 25 A5 01 08 31 02 D8 3F 53 E7 (10)
                              [N8:R] INTERRUPT '?'
2026-04-21 18:39:07:290 [IN ] C8 24 08 0C 25 A5 08 01 31 04 D8 3A 01 01 52 92 BF (17)
                              [N8:R] INTERRUPT ':' 1 1 (257)
2026-04-21 18:39:07:311 [OUT] 25 A5 01 08 31 03 CA 3D 0B 4F 1B (11)
                              [N8:R] RFLAG '=' 11 (11)
2026-04-21 18:39:07:479 [IN ] C8 24 08 0B 25 A5 08 01 31 03 CA 3A 0B 4C 1C 92 (16)
                              [N8:R] RFLAG ':' 11 (11)
2026-04-21 18:39:07:501 [OUT] 25 A5 01 08 31 03 88 00 50 15 20 (11)
                              [N8:R] RUN 0 80 (80)
2026-04-21 18:39:07:671 [IN ] C8 24 08 0C 25 A5 08 01 31 04 88 53 00 50 69 EA BF (17)
                              [N8:R] RUN 'S' 0 80 (80)
2026-04-21 18:39:11:087 [IN ] C8 24 05 0B 25 A5 05 01 31 03 81 5A 4C 61 AD EA C8 24 05 0A 25 A5 05 01 31 02 81 49 03 38 AD (31)
                              [N5:V] TPOS 'Z' 76 (76)
                              [N5:V] TPOS 'I'
2026-04-21 18:39:11:311 [OUT] 25 A5 01 05 31 03 C9 3D 09 49 04 (11)
                              [N5:V] LFLAG '=' 9 (9)
2026-04-21 18:39:11:480 [IN ] C8 24 05 0B 25 A5 05 01 31 03 C9 3A 09 46 02 EA (16)
                              [N5:V] LFLAG ':' 9 (9)
2026-04-21 18:39:11:501 [OUT] 25 A5 01 05 31 03 84 00 50 0E 02 (11)
                              [N5:V] VEL 0 80 (80)
2026-04-21 18:39:11:668 [IN ] C8 24 05 0C 25 A5 05 01 31 04 84 53 00 50 62 C2 BF (17)
                              [N5:V] VEL 'S' 0 80 (80)
2026-04-21 18:39:11:689 [OUT] 25 A5 01 05 31 05 81 00 19 82 3C 94 B6 (13)
                              [N5:V] TPOS 0 25 130 60 (1671740)
2026-04-21 18:39:11:876 [IN ] C8 24 05 0E 25 A5 05 01 31 06 81 53 00 00 00 00 11 92 A5 (19)
                              [N5:V] TPOS 'S' 0 0 0 0 (0)
2026-04-21 18:39:18:301 [IN ] C8 24 08 0B 25 A5 08 01 31 03 81 5A 52 6A C8 00 C8 24 08 0A 25 A5 08 01 31 02 81 49 06 4A C8 (31)
                              [N8:R] TPOS 'Z' 82 (82)
                              [N8:R] TPOS 'I'
2026-04-21 18:39:18:523 [OUT] 25 A5 01 08 31 03 CA 3D 09 4D 19 (11)
                              [N8:R] RFLAG '=' 9 (9)
2026-04-21 18:39:18:711 [IN ] C8 24 08 0B 25 A5 08 01 31 03 CA 3A 09 4A 1A 00 (16)
                              [N8:R] RFLAG ':' 9 (9)
2026-04-21 18:39:18:733 [OUT] 25 A5 01 08 31 05 81 FF DC 77 1D 2F DE (13)
                              [N8:R] TPOS 255 220 119 29 (-2328803)
2026-04-21 18:39:18:920 [IN ] C8 24 08 0E 25 A5 08 01 31 06 81 53 FF FF FF EC FD 93 A5 (19)
                              [N8:R] TPOS 'S' 255 255 255 236 (-20)
2026-04-21 18:39:19:922 [IN ] C8 24 05 0E 25 A5 05 01 31 06 81 45 00 19 86 0E B0 B1 A5 (19)
                              [N5:V] TPOS 'E' 0 25 134 14 (1672718)
2026-04-21 18:39:20:350 [OUT] 25 A5 01 05 31 05 81 00 0D 03 C1 8E 19 (13)
                              [N5:V] TPOS 0 13 3 193 (852929)
2026-04-21 18:39:20:537 [IN ] C8 24 05 0E 25 A5 05 01 31 06 81 53 00 19 86 0E BE F7 A5 (19)
                              [N5:V] TPOS 'S' 0 25 134 14 (1672718)
2026-04-21 18:39:25:552 [IN ] C8 24 05 0E 25 A5 05 01 31 06 81 45 00 0D 01 86 97 FB A5 (19)
                              [N5:V] TPOS 'E' 0 13 1 134 (852358)
2026-04-21 18:39:25:779 [OUT] 25 A5 01 03 31 05 81 FF ED B1 30 88 70 (13)
                              [N3:X] TPOS 255 237 177 48 (-1199824)
2026-04-21 18:39:25:801 [OUT] 25 A5 01 04 31 05 81 FF F3 BD 0C 77 7E (13)
                              [N4:Y] TPOS 255 243 189 12 (-803572)
2026-04-21 18:39:25:968 [IN ] C8 24 03 0E 25 A5 03 01 31 06 81 53 FF FD 50 8B E6 9C A5 (19)
                              [N3:X] TPOS 'S' 255 253 80 139 (-175989)
2026-04-21 18:39:26:095 [IN ] C8 24 04 0E 25 A5 04 01 31 06 81 53 FF FD 4F D2 2D EB A5 (19)
                              [N4:Y] TPOS 'S' 255 253 79 210 (-176174)
2026-04-21 18:39:27:902 [IN ] C8 24 07 0E 25 A5 07 01 31 06 81 45 FF AB 15 3B FF C2 A5 (19)
                              [N7:N] TPOS 'E' 255 171 21 59 (-5565125)
2026-04-21 18:39:28:329 [OUT] 25 A5 01 0C 31 01 82 C1 4C (9)
                              [N12:Z] GETPOS
2026-04-21 18:39:28:352 [OUT] 25 A5 01 03 31 01 82 B8 28 (9)
                              [N3:X] GETPOS
2026-04-21 18:39:28:372 [OUT] 25 A5 01 04 31 01 82 B9 2C (9)
                              [N4:Y] GETPOS
2026-04-21 18:39:28:394 [OUT] 25 A5 01 08 31 01 82 BD 3C (9)
                              [N8:R] GETPOS
2026-04-21 18:39:28:416 [OUT] 25 A5 01 07 31 05 81 FF F3 35 BF A5 39 (13)
                              [N7:N] TPOS 255 243 53 191 (-838209)
2026-04-21 18:39:28:459 [IN ] C8 24 0C 0D 25 A5 0C 01 31 (9)
2026-04-21 18:39:28:480 [IN ] 05 82 FF C5 9E 9D C4 97 C2 (9)
                              [N12:Z] GETPOS 255 197 158 157 (-3826019)
2026-04-21 18:39:28:564 [IN ] C8 24 03 0D 25 A5 03 01 31 05 82 FF F4 E8 B6 4D 80 C2 (18)
                              [N3:X] GETPOS 255 244 232 182 (-726858)
2026-04-21 18:39:28:670 [IN ] C8 24 04 0D 25 A5 04 01 31 05 82 FF F5 F2 47 EA 31 C2 (18)
                              [N4:Y] GETPOS 255 245 242 71 (-658873)
2026-04-21 18:39:28:733 [IN ] C8 24 08 0D 25 A5 08 01 31 05 82 FF E3 69 A0 AC 66 C2 (18)
                              [N8:R] GETPOS 255 227 105 160 (-1873504)
2026-04-21 18:39:28:882 [IN ] C8 24 07 0E 25 A5 07 01 31 06 81 53 FF AB 15 3B 0D 08 A5 (19)
                              [N7:N] TPOS 'S' 255 171 21 59 (-5565125)
2026-04-21 18:39:28:904 [OUT] 25 A5 01 07 31 01 82 BC 38 (9)
                              [N7:N] GETPOS
2026-04-21 18:39:29:049 [IN ] C8 24 07 0D 25 A5 07 01 31 05 82 FF AB 94 CF CD 3A 08 (18)
                              [N7:N] GETPOS 255 171 148 207 (-5532465)
2026-04-21 18:39:29:652 [IN ] C8 24 04 0E 25 A5 04 01 31 06 81 45 FF F3 BA 79 27 04 A5 (19)
                              [N4:Y] TPOS 'E' 255 243 186 121 (-804231)
