2026-04-21 18:04:57:256 [OUT] 25 A5 01 0A 31 05 D6 3D FF 00 00 53 ED (13)
                              [N10:HMI] HMILED '=' 255 0 0 (16711680)
2026-04-21 18:04:57:279 [OUT] 25 A5 01 03 31 02 D8 3F 4E CE (10)
                              [N3:X] INTERRUPT '?'
2026-04-21 18:04:57:581 [IN ] C8 24 0A 0D 25 A5 0A 01 31 05 D6 3A FF 00 00 50 EA F0 C8 24 03 0C 25 A5 03 01 31 04 D8 3A 01 01 4D 6A EA (35)
                              [N10:HMI] HMILED ':' 255 0 0 (16711680)
                              [N3:X] INTERRUPT ':' 1 1 (257)
2026-04-21 18:04:57:602 [OUT] 25 A5 01 09 31 03 C9 3D 09 4D 1C (11)
                              [N9:P] LFLAG '=' 9 (9)
2026-04-21 18:04:57:625 [OUT] 25 A5 01 04 31 02 D8 3F 4F D3 (10)
                              [N4:Y] INTERRUPT '?'
2026-04-21 18:04:57:926 [IN ] C8 24 09 0B 25 A5 09 01 31 03 C9 3A 09 4A 1E 6A C8 24 04 0C 25 A5 04 01 31 04 D8 3A 01 01 4E 72 EA (33)
                              [N9:P] LFLAG ':' 9 (9)
                              [N4:Y] INTERRUPT ':' 1 1 (257)
2026-04-21 18:04:57:947 [OUT] 25 A5 01 09 31 03 CA 3D 09 4E 1F (11)
                              [N9:P] RFLAG '=' 9 (9)
2026-04-21 18:04:57:970 [OUT] 25 A5 01 0C 31 02 D8 3F 57 FB (10)
                              [N12:Z] INTERRUPT '?'
2026-04-21 18:04:58:273 [IN ] C8 24 09 0B 25 A5 09 01 31 03 CA 3A 09 4B 21 72 C8 24 0C 0C 25 A5 0C 01 31 04 D8 3A 01 01 56 B2 EA (33)
                              [N9:P] RFLAG ':' 9 (9)
                              [N12:Z] INTERRUPT ':' 1 1 (257)
2026-04-21 18:04:58:294 [OUT] 25 A5 01 08 31 03 C9 3D 09 4C 16 (11)
                              [N8:R] LFLAG '=' 9 (9)
2026-04-21 18:04:58:316 [OUT] 25 A5 01 03 31 03 C9 3D 0B 49 FA (11)
                              [N3:X] LFLAG '=' 11 (11)
2026-04-21 18:04:58:337 [OUT] 25 A5 01 04 31 03 C9 3D 0B 4A 00 (11)
                              [N4:Y] LFLAG '=' 11 (11)
2026-04-21 18:04:58:362 [OUT] 25 A5 01 0C 31 03 C9 3D 0B 52 30 (11)
                              [N12:Z] LFLAG '=' 11 (11)
2026-04-21 18:04:58:468 [IN ] C8 24 08 0B 25 A5 08 01 31 03 C9 3A 09 49 17 B2 (16)
                              [N8:R] LFLAG ':' 9 (9)
2026-04-21 18:04:58:490 [OUT] 25 A5 01 08 31 03 CA 3D 09 4D 19 (11)
                              [N8:R] RFLAG '=' 9 (9)
2026-04-21 18:04:58:576 [IN ] C8 24 03 0B 25 A5 03 01 31 03 C9 3A 0B 46 F6 B2 (16)
                              [N3:X] LFLAG ':' 11 (11)
2026-04-21 18:04:58:596 [OUT] 25 A5 01 03 31 03 88 00 50 10 02 (11)
                              [N3:X] RUN 0 80 (80)
2026-04-21 18:04:58:681 [IN ] C8 24 04 0B 25 A5 04 01 31 03 C9 3A 0B 47 FD B2 (16)
                              [N4:Y] LFLAG ':' 11 (11)
2026-04-21 18:04:58:703 [OUT] 25 A5 01 04 31 03 88 00 50 11 08 (11)
                              [N4:Y] RUN 0 80 (80)
2026-04-21 18:04:58:789 [IN ] C8 24 0C 0B 25 A5 0C 01 31 03 C9 3A 0B 4F 35 B2 (16)
                              [N12:Z] LFLAG ':' 11 (11)
2026-04-21 18:04:58:812 [OUT] 25 A5 01 0C 31 03 88 00 50 19 38 (11)
                              [N12:Z] RUN 0 80 (80)
2026-04-21 18:04:58:896 [IN ] C8 24 08 0B 25 A5 08 01 31 03 CA 3A 09 4A 1A B2 (16)
                              [N8:R] RFLAG ':' 9 (9)
2026-04-21 18:04:59:022 [IN ] C8 24 03 0C 25 A5 03 01 31 04 88 53 00 50 64 C2 EA (17)
                              [N3:X] RUN 'S' 0 80 (80)
2026-04-21 18:04:59:129 [IN ] C8 24 04 0C 25 A5 04 01 31 04 88 53 00 50 65 CA EA (17)
                              [N4:Y] RUN 'S' 0 80 (80)
2026-04-21 18:04:59:234 [IN ] C8 24 0C 0C 25 A5 0C 01 31 04 88 53 00 50 6D 0A EA (17)
                              [N12:Z] RUN 'S' 0 80 (80)
2026-04-21 18:05:05:863 [IN ] C8 24 04 0B 25 A5 04 01 31 03 81 5A 4C 60 A6 0A C8 24 04 0A 25 A5 04 01 31 02 81 49 02 32 A6 (31)
                              [N4:Y] TPOS 'Z' 76 (76)
                              [N4:Y] TPOS 'I'
2026-04-21 18:05:06:086 [OUT] 25 A5 01 09 31 02 D8 3F 54 EC (10)
                              [N9:P] INTERRUPT '?'
2026-04-21 18:05:06:388 [IN ] C8 24 09 0C 25 A5 09 01 31 04 D8 3A 01 01 53 9A EA (17)
                              [N9:P] INTERRUPT ':' 1 1 (257)
2026-04-21 18:05:06:409 [OUT] 25 A5 01 04 31 03 C9 3D 09 48 FE (11)
                              [N4:Y] LFLAG '=' 9 (9)
2026-04-21 18:05:06:431 [OUT] 25 A5 01 07 31 02 D8 3F 52 E2 (10)
                              [N7:N] INTERRUPT '?'
2026-04-21 18:05:06:733 [IN ] C8 24 04 0B 25 A5 04 01 31 03 C9 3A 09 45 FB 9A C8 24 07 0C 25 A5 07 01 31 04 D8 3A 01 01 51 8A EA (33)
                              [N4:Y] LFLAG ':' 9 (9)
                              [N7:N] INTERRUPT ':' 1 1 (257)
2026-04-21 18:05:06:754 [OUT] 25 A5 01 09 31 03 C9 3D 0B 4F 1E (11)
                              [N9:P] LFLAG '=' 11 (11)
2026-04-21 18:05:06:776 [OUT] 25 A5 01 07 31 03 C9 3D 0B 4D 12 (11)
                              [N7:N] LFLAG '=' 11 (11)
2026-04-21 18:05:06:923 [IN ] C8 24 09 0B 25 A5 09 01 31 03 C9 3A 0B 4C 20 8A (16)
                              [N9:P] LFLAG ':' 11 (11)
2026-04-21 18:05:06:947 [OUT] 25 A5 01 09 31 03 88 00 50 16 26 (11)
                              [N9:P] RUN 0 80 (80)
2026-04-21 18:05:07:033 [IN ] C8 24 07 0B 25 A5 07 01 31 03 C9 3A 0B 4A 12 8A (16)
                              [N7:N] LFLAG ':' 11 (11)
2026-04-21 18:05:07:055 [OUT] 25 A5 01 07 31 03 88 00 50 14 1A (11)
                              [N7:N] RUN 0 80 (80)
2026-04-21 18:05:07:162 [IN ] C8 24 09 0C 25 A5 09 01 31 04 88 53 00 50 6A F2 EA (17)
                              [N9:P] RUN 'S' 0 80 (80)
2026-04-21 18:05:07:214 [IN ] C8 24 09 0B 25 A5 09 01 31 03 81 5A 4C 65 C9 F2 (16)
                              [N9:P] TPOS 'Z' 76 (76)
2026-04-21 18:05:07:258 [IN ] C8 24 09 0A 25 A5 09 01 31 02 81 49 07 50 C9 C8 24 07 0C 25 A5 07 01 31 04 88 53 00 50 68 E2 EA (32)
                              [N9:P] TPOS 'I'
                              [N7:N] RUN 'S' 0 80 (80)
2026-04-21 18:05:07:463 [IN ] C8 24 03 0B 25 A5 03 01 (8)
2026-04-21 18:05:07:486 [OUT] 25 A5 01 09 31 03 C9 3D 09 4D 1C (11)
                              [N9:P] LFLAG '=' 9 (9)
2026-04-21 18:05:07:487 [IN ] 31 03 81 5A 4C 5F 9F E2 (8)
                              [N3:X] TPOS 'Z' 76 (76)
2026-04-21 18:05:07:509 [OUT] 25 A5 01 04 31 05 81 FF EE 88 01 32 FA (13)
                              [N4:Y] TPOS 255 238 136 1 (-1144831)
2026-04-21 18:05:07:534 [IN ] C8 24 03 0A 25 A5 03 01 31 02 81 49 01 2C 9F (15)
                              [N3:X] TPOS 'I'
2026-04-21 18:05:07:579 [OUT] 25 A5 01 03 31 03 C9 3D 09 47 F8 (11)
                              [N3:X] LFLAG '=' 9 (9)
2026-04-21 18:05:07:643 [IN ] C8 24 09 (3)
2026-04-21 18:05:07:663 [IN ] 0B 25 A5 09 01 31 03 C9 3A 09 4A 1E E2 (13)
                              [N9:P] LFLAG ':' 9 (9)
2026-04-21 18:05:07:790 [IN ] C8 24 04 0E 25 A5 04 01 31 06 81 53 00 00 00 00 10 88 0A (19)
                              [N4:Y] TPOS 'S' 0 0 0 0 (0)
2026-04-21 18:05:07:896 [IN ] C8 24 03 0B 25 A5 03 01 31 03 C9 3A 09 44 F4 00 (16)
                              [N3:X] LFLAG ':' 9 (9)
2026-04-21 18:05:11:121 [IN ] C8 24 07 0B 25 A5 07 01 31 03 81 5A 4C 63 BB 00 (16)
                              [N7:N] TPOS 'Z' 76 (76)
2026-04-21 18:05:11:322 [IN ] C8 24 07 0A 25 A5 07 01 31 02 81 49 05 44 BB (15)
                              [N7:N] TPOS 'I'
2026-04-21 18:05:11:547 [OUT] 25 A5 01 07 31 03 C9 3D 09 4B 10 (11)
                              [N7:N] LFLAG '=' 9 (9)
2026-04-21 18:05:11:701 [IN ] C8 24 07 0B 25 A5 07 01 31 03 C9 3A 09 48 10 00 (16)
                              [N7:N] LFLAG ':' 9 (9)
2026-04-21 18:05:13:909 [IN ] C8 24 04 0E 25 A5 04 01 31 06 81 45 FF EE 85 AB 1F BD 0A (19)
                              [N4:Y] TPOS 'E' 255 238 133 171 (-1145429)
2026-04-21 18:05:14:143 [OUT] 25 A5 01 09 31 05 81 FF E7 5D 56 5A 0C (13)
                              [N9:P] TPOS 255 231 93 86 (-1614506)
2026-04-21 18:05:14:165 [OUT] 25 A5 01 04 31 05 81 FF FD 50 01 09 B7 (13)
                              [N4:Y] TPOS 255 253 80 1 (-176127)
2026-04-21 18:05:14:189 [OUT] 25 A5 01 07 31 05 81 FF AB 19 75 F7 DF (13)
                              [N7:N] TPOS 255 171 25 117 (-5564043)
2026-04-21 18:05:14:211 [OUT] 25 A5 01 03 31 05 81 FF EC 4A AB 9B 1A (13)
                              [N3:X] TPOS 255 236 74 171 (-1291605)
2026-04-21 18:05:14:237 [OUT] 25 A5 01 06 31 02 D8 3F 51 DD (10)
                              [N6:H] INTERRUPT '?'
2026-04-21 18:05:14:538 [IN ] C8 24 09 0E 25 A5 09 01 31 06 81 53 FF FF FF F7 09 A8 0A C8 24 04 0E 25 A5 04 01 31 06 81 53 FF EE 85 AB 2D 03 0A (38)
                              [N9:P] TPOS 'S' 255 255 255 247 (-9)
                              [N4:Y] TPOS 'S' 255 238 133 171 (-1145429)
2026-04-21 18:05:14:840 [IN ] C8 24 07 0E 25 A5 07 01 31 06 81 53 FF FF FF FA 0A 97 0A C8 24 03 0E 25 A5 03 01 31 06 81 53 FF FF FF FF 0B 74 0A C8 24 06 0C 25 A5 06 01 31 04 D8 3A 01 01 50 82 0B (55)
                              [N7:N] TPOS 'S' 255 255 255 250 (-6)
                              [N3:X] TPOS 'S' 255 255 255 255 (-1)
                              [N6:H] INTERRUPT ':' 1 1 (257)
2026-04-21 18:05:14:861 [OUT] 25 A5 01 06 31 03 C9 3D 0B 4C 0C (11)
                              [N6:H] LFLAG '=' 11 (11)
2026-04-21 18:05:15:029 [IN ] C8 24 06 0B 25 A5 06 01 31 03 C9 3A 0B 49 0B 82 (16)
                              [N6:H] LFLAG ':' 11 (11)
2026-04-21 18:05:15:051 [OUT] 25 A5 01 06 31 03 88 FF B0 72 72 (11)
                              [N6:H] RUN 255 176 (-80)
2026-04-21 18:05:15:201 [IN ] C8 24 06 0C 25 A5 06 01 31 04 88 53 FF B0 C6 38 0B (17)
                              [N6:H] RUN 'S' 255 176 (-80)
2026-04-21 18:05:16:015 [IN ] C8 24 0C 0B 25 A5 0C 01 31 03 81 5A 4C 68 DE 38 C8 24 0C 0A 25 A5 0C 01 31 02 81 49 0A 62 DE (31)
                              [N12:Z] TPOS 'Z' 76 (76)
                              [N12:Z] TPOS 'I'
2026-04-21 18:05:16:239 [OUT] 25 A5 01 0C 31 03 C9 3D 09 50 2E (11)
                              [N12:Z] LFLAG '=' 9 (9)
2026-04-21 18:05:16:409 [IN ] C8 24 0C 0B 25 A5 0C 01 31 03 C9 3A 09 4D 33 38 (16)
                              [N12:Z] LFLAG ':' 9 (9)
2026-04-21 18:05:16:431 [OUT] 25 A5 01 0C 31 05 81 FF BC D0 00 4F 33 (13)
                              [N12:Z] TPOS 255 188 208 0 (-4403200)
2026-04-21 18:05:16:620 [IN ] C8 24 0C 0E 25 A5 0C 01 31 06 81 53 FF FF FF D4 E9 A3 0A (19)
                              [N12:Z] TPOS 'S' 255 255 255 212 (-44)
2026-04-21 18:05:19:236 [IN ] C8 24 06 0B 25 A5 06 01 31 03 81 5A 4C 62 B4 D4 C8 24 06 0A 25 A5 06 01 31 02 81 49 04 3E B4 (31)
                              [N6:H] TPOS 'Z' 76 (76)
                              [N6:H] TPOS 'I'
2026-04-21 18:05:19:463 [OUT] 25 A5 01 06 31 03 C9 3D 09 4A 0A (11)
                              [N6:H] LFLAG '=' 9 (9)
2026-04-21 18:05:19:632 [IN ] C8 24 06 0B 25 A5 06 01 31 03 C9 3A 09 47 09 D4 (16)
                              [N6:H] LFLAG ':' 9 (9)
2026-04-21 18:05:19:654 [OUT] 25 A5 01 06 31 03 84 00 50 0F 08 (11)
                              [N6:H] VEL 0 80 (80)
2026-04-21 18:05:19:823 [IN ] C8 24 06 0C 25 A5 06 01 31 04 84 53 00 50 63 CA E9 (17)
                              [N6:H] VEL 'S' 0 80 (80)
2026-04-21 18:05:19:846 [OUT] 25 A5 01 06 31 05 81 00 19 82 3C 95 BE (13)
                              [N6:H] TPOS 0 25 130 60 (1671740)
2026-04-21 18:05:20:036 [IN ] C8 24 06 0E 25 A5 06 01 31 06 81 53 00 00 00 05 17 A1 0A (19)
                              [N6:H] TPOS 'S' 0 0 0 5 (5)
2026-04-21 18:05:21:039 [IN ] C8 24 03 0E 25 A5 03 01 31 06 81 45 FF EC 46 DA 0C 5E 0A (19)
                              [N3:X] TPOS 'E' 255 236 70 218 (-1292582)
2026-04-21 18:05:21:467 [OUT] 25 A5 01 03 31 05 81 FF FD 50 01 08 AF (13)
                              [N3:X] TPOS 255 253 80 1 (-176127)
2026-04-21 18:05:21:656 [IN ] C8 24 03 0E 25 A5 03 01 31 06 81 53 FF EC 46 DA 1A A4 0A (19)
                              [N3:X] TPOS 'S' 255 236 70 218 (-1292582)
2026-04-21 18:05:23:064 [IN ] C8 24 04 0E 25 A5 04 01 31 06 81 45 FF FD 4F D4 21 A7 0A (19)
                              [N4:Y] TPOS 'E' 255 253 79 212 (-176172)
2026-04-21 18:05:23:674 [IN ] C8 24 09 0E 25 A5 09 01 31 06 81 45 FF E7 5B FD 45 D8 0A (19)
                              [N9:P] TPOS 'E' 255 231 91 253 (-1614851)
2026-04-21 18:05:24:100 [OUT] 25 A5 01 09 31 05 81 FF FF D9 C8 60 BE (13)
                              [N9:P] TPOS 255 255 217 200 (-9784)
2026-04-21 18:05:24:289 [IN ] C8 24 09 0E 25 A5 09 01 31 06 81 53 FF E7 5C 04 5B 27 0A (19)
                              [N9:P] TPOS 'S' 255 231 92 4 (-1614844)
2026-04-21 18:05:27:903 [IN ] C8 24 06 0E 25 A5 06 01 31 06 81 45 00 19 86 95 38 42 0A (19)
                              [N6:H] TPOS 'E' 0 25 134 149 (1672853)
2026-04-21 18:05:28:336 [OUT] 25 A5 01 06 31 05 81 00 0D 03 C1 8F 21 (13)
                              [N6:H] TPOS 0 13 3 193 (852929)
2026-04-21 18:05:28:526 [IN ] C8 24 06 0E 25 A5 06 01 31 06 81 53 00 19 86 95 46 88 0A (19)
                              [N6:H] TPOS 'S' 0 25 134 149 (1672853)
2026-04-21 18:05:29:932 [IN ] C8 24 03 0E 25 A5 03 01 31 06 81 45 FF FD 50 92 DF 5D 0A (19)
                              [N3:X] TPOS 'E' 255 253 80 146 (-175982)
2026-04-21 18:05:32:361 [IN ] C8 24 06 0E 25 A5 06 01 31 06 81 45 00 0C FF 5F 6E D7 0A (19)
                              [N6:H] TPOS 'E' 0 12 255 95 (851807)
2026-04-21 18:05:32:594 [OUT] 25 A5 01 05 31 02 D8 3F 50 D8 (10)
                              [N5:V] INTERRUPT '?'
2026-04-21 18:05:32:896 [IN ] C8 24 05 0C 25 A5 05 01 31 04 D8 3A 01 01 4F 7A 6E (17)
                              [N5:V] INTERRUPT ':' 1 1 (257)
2026-04-21 18:05:32:917 [OUT] 25 A5 01 05 31 03 C9 3D 0B 4B 06 (11)
                              [N5:V] LFLAG '=' 11 (11)
2026-04-21 18:05:33:085 [IN ] C8 24 05 0B 25 A5 05 01 31 03 C9 3A 0B 48 04 7A (16)
                              [N5:V] LFLAG ':' 11 (11)
2026-04-21 18:05:33:108 [OUT] 25 A5 01 05 31 03 88 FF B0 71 6C (11)
                              [N5:V] RUN 255 176 (-80)
2026-04-21 18:05:33:256 [IN ] C8 24 05 0C 25 A5 05 01 31 04 88 53 FF B0 C5 30 6E (17)
                              [N5:V] RUN 'S' 255 176 (-80)
2026-04-21 18:05:33:660 [IN ] C8 24 09 0E 25 A5 09 01 31 06 81 45 FF FF DA E9 C8 0A 0A (19)
                              [N9:P] TPOS 'E' 255 255 218 233 (-9495)
2026-04-21 18:05:33:888 [OUT] 25 A5 01 08 31 02 D8 3F 53 E7 (10)
                              [N8:R] INTERRUPT '?'
2026-04-21 18:05:34:190 [IN ] C8 24 08 0C 25 A5 08 01 31 04 D8 3A 01 01 52 92 C8 (17)
                              [N8:R] INTERRUPT ':' 1 1 (257)
2026-04-21 18:05:34:212 [OUT] 25 A5 01 08 31 03 CA 3D 0B 4F 1B (11)
                              [N8:R] RFLAG '=' 11 (11)
2026-04-21 18:05:34:379 [IN ] C8 24 08 0B 25 A5 08 01 31 03 CA 3A 0B 4C 1C 92 (16)
                              [N8:R] RFLAG ':' 11 (11)
2026-04-21 18:05:34:402 [OUT] 25 A5 01 08 31 03 88 00 50 15 20 (11)
                              [N8:R] RUN 0 80 (80)
2026-04-21 18:05:34:571 [IN ] C8 24 08 0C 25 A5 08 01 31 04 88 53 00 50 69 EA C8 (17)
                              [N8:R] RUN 'S' 0 80 (80)
2026-04-21 18:05:37:992 [IN ] C8 24 05 0B 25 A5 05 01 31 03 81 5A 4C 61 AD EA (16)
                              [N5:V] TPOS 'Z' 76 (76)
2026-04-21 18:05:38:194 [IN ] C8 24 05 0A 25 A5 05 01 31 02 81 49 03 38 AD (15)
                              [N5:V] TPOS 'I'
2026-04-21 18:05:38:418 [OUT] 25 A5 01 05 31 03 C9 3D 09 49 04 (11)
                              [N5:V] LFLAG '=' 9 (9)
2026-04-21 18:05:38:588 [IN ] C8 24 05 0B 25 A5 05 01 31 03 C9 3A 09 46 02 EA (16)
                              [N5:V] LFLAG ':' 9 (9)
2026-04-21 18:05:38:611 [OUT] 25 A5 01 05 31 03 84 00 50 0E 02 (11)
                              [N5:V] VEL 0 80 (80)
2026-04-21 18:05:38:782 [IN ] C8 24 05 0C 25 A5 05 01 31 04 84 53 00 50 62 C2 C8 (17)
                              [N5:V] VEL 'S' 0 80 (80)
2026-04-21 18:05:38:804 [OUT] 25 A5 01 05 31 05 81 00 19 82 3C 94 B6 (13)
                              [N5:V] TPOS 0 25 130 60 (1671740)
2026-04-21 18:05:38:993 [IN ] C8 24 05 0E 25 A5 05 01 31 06 81 53 00 00 00 01 12 93 0A (19)
                              [N5:V] TPOS 'S' 0 0 0 1 (1)
2026-04-21 18:05:40:197 [IN ] C8 24 07 0E 25 A5 07 01 31 06 81 45 FF AB 15 3C 00 C3 0A (19)
                              [N7:N] TPOS 'E' 255 171 21 60 (-5565124)
2026-04-21 18:05:40:624 [OUT] 25 A5 01 07 31 05 81 FF F3 35 BF A5 39 (13)
                              [N7:N] TPOS 255 243 53 191 (-838209)
2026-04-21 18:05:40:815 [IN ] C8 24 07 0E 25 A5 07 01 31 06 81 53 FF AB 15 3D 0F 0A 0A (19)
                              [N7:N] TPOS 'S' 255 171 21 61 (-5565123)
2026-04-21 18:05:42:020 [IN ] C8 24 0C 0E 25 A5 0C 01 31 06 81 45 FF BC CE C5 58 23 0A (19)
                              [N12:Z] TPOS 'E' 255 188 206 197 (-4403515)
2026-04-21 18:05:42:451 [OUT] 25 A5 01 0C 31 05 81 FF D1 1A 67 15 6D (13)
                              [N12:Z] TPOS 255 209 26 103 (-3073433)
2026-04-21 18:05:42:497 [IN ] C8 24 08 0B 25 A5 08 01 31 03 81 5A 52 6A C8 C5 (16)
                              [N8:R] TPOS 'Z' 82 (82)
2026-04-21 18:05:42:520 [IN ] C8 24 08 0A 25 A5 08 01 31 02 81 49 06 4A C8 (15)
                              [N8:R] TPOS 'I'
2026-04-21 18:05:42:563 [OUT] 25 A5 01 08 31 03 CA 3D 09 4D 19 (11)
                              [N8:R] RFLAG '=' 9 (9)
2026-04-21 18:05:42:648 [IN ] C8 24 0C 0E 25 A5 0C 01 31 06 81 53 FF BC CE E9 8A 8D 0A (19)
                              [N12:Z] TPOS 'S' 255 188 206 233 (-4403479)
2026-04-21 18:05:42:755 [IN ] C8 24 08 0B 25 A5 08 01 31 03 CA 3A 09 4A 1A E9 (16)
                              [N8:R] RFLAG ':' 9 (9)
2026-04-21 18:05:42:776 [OUT] 25 A5 01 08 31 05 81 FF DC 77 1D 2F DE (13)
                              [N8:R] TPOS 255 220 119 29 (-2328803)
2026-04-21 18:05:42:967 [IN ] C8 24 08 0E 25 A5 08 01 31 06 81 53 FF FF FF F0 01 97 0A (19)
                              [N8:R] TPOS 'S' 255 255 255 240 (-16)
2026-04-21 18:05:46:978 [IN ] C8 24 05 0E 25 A5 05 01 31 06 81 45 00 19 85 E6 87 87 0A (19)
                              [N5:V] TPOS 'E' 0 25 133 230 (1672678)
2026-04-21 18:05:47:412 [OUT] 25 A5 01 05 31 05 81 00 0D 03 C1 8E 19 (13)
                              [N5:V] TPOS 0 13 3 193 (852929)
2026-04-21 18:05:47:602 [IN ] C8 24 05 0E 25 A5 05 01 31 06 81 53 00 19 85 E5 94 CC 0A (19)
                              [N5:V] TPOS 'S' 0 25 133 229 (1672677)
2026-04-21 18:05:50:211 [IN ] C8 24 0C 0E 25 A5 0C 01 31 06 81 45 FF D1 1C 64 5A 9D 0A (19)
                              [N12:Z] TPOS 'E' 255 209 28 100 (-3072924)
2026-04-21 18:05:52:626 [IN ] C8 24 05 0E 25 A5 05 01 31 06 81 45 00 0D 01 82 93 F7 0A (19)
                              [N5:V] TPOS 'E' 0 13 1 130 (852354)
2026-04-21 18:05:52:856 [OUT] 25 A5 01 03 31 05 81 FF ED B1 30 88 70 (13)
                              [N3:X] TPOS 255 237 177 48 (-1199824)
2026-04-21 18:05:52:878 [OUT] 25 A5 01 04 31 05 81 FF F3 BD 0C 77 7E (13)
                              [N4:Y] TPOS 255 243 189 12 (-803572)
2026-04-21 18:05:53:049 [IN ] C8 24 03 0E 25 A5 03 01 31 06 81 53 FF FD 50 92 ED A3 0A (19)
                              [N3:X] TPOS 'S' 255 253 80 146 (-175982)
2026-04-21 18:05:53:155 [IN ] C8 24 04 0E 25 A5 04 01 31 06 81 53 FF FD 4F D4 2F ED 0A (19)
                              [N4:Y] TPOS 'S' 255 253 79 212 (-176172)
2026-04-21 18:05:55:162 [IN ] C8 24 08 0E 25 A5 08 01 31 06 81 45 FF DC 73 E3 37 C3 0A (19)
                              [N8:R] TPOS 'E' 255 220 115 227 (-2329629)
2026-04-21 18:05:55:595 [OUT] 25 A5 01 08 31 05 81 FF EE 15 56 18 89 (13)
                              [N8:R] TPOS 255 238 21 86 (-1174186)
2026-04-21 18:05:55:786 [IN ] C8 24 08 0E 25 A5 08 01 31 06 81 53 FF DC 73 E9 4B 0F 0A (19)
                              [N8:R] TPOS 'S' 255 220 115 233 (-2329623)
2026-04-21 18:05:56:592 [IN ] C8 24 04 0E 25 A5 04 01 31 06 81 45 FF F3 BA AE 5C 39 0A (19)
                              [N4:Y] TPOS 'E' 255 243 186 174 (-804178)
2026-04-21 18:05:58:003 [IN ] C8 24 03 0E 25 A5 03 01 31 06 81 45 FF ED AC EB 84 3E 0A (19)
                              [N3:X] TPOS 'E' 255 237 172 235 (-1200917)
2026-04-21 18:06:02:825 [IN ] C8 24 07 0E 25 A5 07 01 31 06 81 45 FF F3 3A 29 5A D2 0A (19)
                              [N7:N] TPOS 'E' 255 243 58 41 (-837079)
2026-04-21 18:06:03:436 [IN ] C8 24 08 0E 25 A5 08 01 31 06 81 45 FF EE 15 CB D3 25 0A (19)
                              [N8:R] TPOS 'E' 255 238 21 203 (-1174069)
